2022-04-08T09:00:42.9235580Z Requested labels: ubuntu-20.04
2022-04-08T09:00:42.9235648Z Job defined at: exedio/persistence/.github/workflows/ant.yml@refs/heads/master
2022-04-08T09:00:42.9235672Z Waiting for a runner to pick up this job...
2022-04-08T09:00:43.4327347Z Job is waiting for a hosted runner to come online.
2022-04-08T09:00:46.3341907Z Job is about to start running on the hosted runner: Hosted Agent (hosted)
2022-04-08T09:00:49.8463626Z Current runner version: '2.289.2'
2022-04-08T09:00:49.8503656Z ##[group]Operating System
2022-04-08T09:00:49.8504245Z Ubuntu
2022-04-08T09:00:49.8504504Z 20.04.4
2022-04-08T09:00:49.8504787Z LTS
2022-04-08T09:00:49.8505084Z ##[endgroup]
2022-04-08T09:00:49.8505440Z ##[group]Virtual Environment
2022-04-08T09:00:49.8505825Z Environment: ubuntu-20.04
2022-04-08T09:00:49.8506169Z Version: 20220405.4
2022-04-08T09:00:49.8506665Z Included Software: https://github.com/actions/virtual-environments/blob/ubuntu20/20220405.4/images/linux/Ubuntu2004-Readme.md
2022-04-08T09:00:49.8507362Z Image Release: https://github.com/actions/virtual-environments/releases/tag/ubuntu20%2F20220405.4
2022-04-08T09:00:49.8507879Z ##[endgroup]
2022-04-08T09:00:49.8508206Z ##[group]Virtual Environment Provisioner
2022-04-08T09:00:49.8508592Z 1.0.0.0-main-20220325-1
2022-04-08T09:00:49.8508939Z ##[endgroup]
2022-04-08T09:00:49.8509912Z ##[group]GITHUB_TOKEN Permissions
2022-04-08T09:00:49.8510604Z Actions: write
2022-04-08T09:00:49.8511057Z Checks: write
2022-04-08T09:00:49.8511454Z Contents: write
2022-04-08T09:00:49.8511743Z Deployments: write
2022-04-08T09:00:49.8512082Z Discussions: write
2022-04-08T09:00:49.8512405Z Issues: write
2022-04-08T09:00:49.8512685Z Metadata: read
2022-04-08T09:00:49.8513027Z Packages: write
2022-04-08T09:00:49.8513347Z Pages: write
2022-04-08T09:00:49.8513633Z PullRequests: write
2022-04-08T09:00:49.8513994Z RepositoryProjects: write
2022-04-08T09:00:49.8514378Z SecurityEvents: write
2022-04-08T09:00:49.8514693Z Statuses: write
2022-04-08T09:00:49.8515005Z ##[endgroup]
2022-04-08T09:00:49.8518714Z Secret source: Actions
2022-04-08T09:00:49.8519182Z Prepare workflow directory
2022-04-08T09:00:49.9389250Z Prepare all required actions
2022-04-08T09:00:49.9578114Z Getting action download info
2022-04-08T09:00:50.3669862Z Download action repository 'actions/checkout@v2' (SHA:ec3a7ce113134d7a93b817d10a8272cb61118579)
2022-04-08T09:00:51.2860734Z Download action repository 'actions/setup-java@v2' (SHA:f0bb91606209742fe3ea40199be2f3ef195ecabf)
2022-04-08T09:00:52.6320848Z ##[group]Run actions/checkout@v2
2022-04-08T09:00:52.6321140Z with:
2022-04-08T09:00:52.6321364Z   repository: exedio/persistence
2022-04-08T09:00:52.6321828Z   token: ***
2022-04-08T09:00:52.6322028Z   ssh-strict: true
2022-04-08T09:00:52.6322253Z   persist-credentials: true
2022-04-08T09:00:52.6322462Z   clean: true
2022-04-08T09:00:52.6322656Z   fetch-depth: 1
2022-04-08T09:00:52.6322849Z   lfs: false
2022-04-08T09:00:52.6323041Z   submodules: false
2022-04-08T09:00:52.6323243Z ##[endgroup]
2022-04-08T09:00:52.8583041Z Syncing repository: exedio/persistence
2022-04-08T09:00:52.8584774Z ##[group]Getting Git version info
2022-04-08T09:00:52.8585322Z Working directory is '/home/runner/work/persistence/persistence'
2022-04-08T09:00:52.8585820Z [command]/usr/bin/git version
2022-04-08T09:00:52.8677199Z git version 2.35.1
2022-04-08T09:00:52.8699732Z ##[endgroup]
2022-04-08T09:00:52.8704378Z Deleting the contents of '/home/runner/work/persistence/persistence'
2022-04-08T09:00:52.8709620Z ##[group]Initializing the repository
2022-04-08T09:00:52.8712412Z [command]/usr/bin/git init /home/runner/work/persistence/persistence
2022-04-08T09:00:52.8788016Z hint: Using 'master' as the name for the initial branch. This default branch name
2022-04-08T09:00:52.8788965Z hint: is subject to change. To configure the initial branch name to use in all
2022-04-08T09:00:52.8789396Z hint: of your new repositories, which will suppress this warning, call:
2022-04-08T09:00:52.8789654Z hint: 
2022-04-08T09:00:52.8790133Z hint: 	git config --global init.defaultBranch <name>
2022-04-08T09:00:52.8790380Z hint: 
2022-04-08T09:00:52.8790723Z hint: Names commonly chosen instead of 'master' are 'main', 'trunk' and
2022-04-08T09:00:52.8791190Z hint: 'development'. The just-created branch can be renamed via this command:
2022-04-08T09:00:52.8791539Z hint: 
2022-04-08T09:00:52.8791778Z hint: 	git branch -m <name>
2022-04-08T09:00:52.8799726Z Initialized empty Git repository in /home/runner/work/persistence/persistence/.git/
2022-04-08T09:00:52.8811479Z [command]/usr/bin/git remote add origin https://github.com/exedio/persistence
2022-04-08T09:00:52.8852360Z ##[endgroup]
2022-04-08T09:00:52.8852803Z ##[group]Disabling automatic garbage collection
2022-04-08T09:00:52.8859712Z [command]/usr/bin/git config --local gc.auto 0
2022-04-08T09:00:52.8924434Z ##[endgroup]
2022-04-08T09:00:52.8946604Z ##[group]Setting up auth
2022-04-08T09:00:52.8947555Z [command]/usr/bin/git config --local --name-only --get-regexp core\.sshCommand
2022-04-08T09:00:52.8979082Z [command]/usr/bin/git submodule foreach --recursive git config --local --name-only --get-regexp 'core\.sshCommand' && git config --local --unset-all 'core.sshCommand' || :
2022-04-08T09:00:52.9378287Z [command]/usr/bin/git config --local --name-only --get-regexp http\.https\:\/\/github\.com\/\.extraheader
2022-04-08T09:00:52.9401113Z [command]/usr/bin/git submodule foreach --recursive git config --local --name-only --get-regexp 'http\.https\:\/\/github\.com\/\.extraheader' && git config --local --unset-all 'http.https://github.com/.extraheader' || :
2022-04-08T09:00:52.9611735Z [command]/usr/bin/git config --local http.https://github.com/.extraheader AUTHORIZATION: basic ***
2022-04-08T09:00:52.9650656Z ##[endgroup]
2022-04-08T09:00:52.9651422Z ##[group]Fetching the repository
2022-04-08T09:00:52.9659213Z [command]/usr/bin/git -c protocol.version=2 fetch --no-tags --prune --progress --no-recurse-submodules --depth=1 origin +ea2126bf4ff2565b95b3e319a37e34e5c0d81b7f:refs/remotes/origin/master
2022-04-08T09:00:53.4396463Z remote: Enumerating objects: 2176, done.        
2022-04-08T09:00:53.4397070Z remote: Counting objects:   0% (1/2176)        
2022-04-08T09:00:53.4397418Z remote: Counting objects:   1% (22/2176)        
2022-04-08T09:00:53.4397766Z remote: Counting objects:   2% (44/2176)        
2022-04-08T09:00:53.4398085Z remote: Counting objects:   3% (66/2176)        
2022-04-08T09:00:53.4398397Z remote: Counting objects:   4% (88/2176)        
2022-04-08T09:00:53.4398969Z remote: Counting objects:   5% (109/2176)        
2022-04-08T09:00:53.4399309Z remote: Counting objects:   6% (131/2176)        
2022-04-08T09:00:53.4399633Z remote: Counting objects:   7% (153/2176)        
2022-04-08T09:00:53.4399943Z remote: Counting objects:   8% (175/2176)        
2022-04-08T09:00:53.4400266Z remote: Counting objects:   9% (196/2176)        
2022-04-08T09:00:53.4400567Z remote: Counting objects:  10% (218/2176)        
2022-04-08T09:00:53.4400932Z remote: Counting objects:  11% (240/2176)        
2022-04-08T09:00:53.4401238Z remote: Counting objects:  12% (262/2176)        
2022-04-08T09:00:53.4401539Z remote: Counting objects:  13% (283/2176)        
2022-04-08T09:00:53.4401835Z remote: Counting objects:  14% (305/2176)        
2022-04-08T09:00:53.4402138Z remote: Counting objects:  15% (327/2176)        
2022-04-08T09:00:53.4402442Z remote: Counting objects:  16% (349/2176)        
2022-04-08T09:00:53.4402747Z remote: Counting objects:  17% (370/2176)        
2022-04-08T09:00:53.4403057Z remote: Counting objects:  18% (392/2176)        
2022-04-08T09:00:53.4403366Z remote: Counting objects:  19% (414/2176)        
2022-04-08T09:00:53.4403666Z remote: Counting objects:  20% (436/2176)        
2022-04-08T09:00:53.4403964Z remote: Counting objects:  21% (457/2176)        
2022-04-08T09:00:53.4404266Z remote: Counting objects:  22% (479/2176)        
2022-04-08T09:00:53.4404568Z remote: Counting objects:  23% (501/2176)        
2022-04-08T09:00:53.4404869Z remote: Counting objects:  24% (523/2176)        
2022-04-08T09:00:53.4405163Z remote: Counting objects:  25% (544/2176)        
2022-04-08T09:00:53.4405462Z remote: Counting objects:  26% (566/2176)        
2022-04-08T09:00:53.4405768Z remote: Counting objects:  27% (588/2176)        
2022-04-08T09:00:53.4406150Z remote: Counting objects:  28% (610/2176)        
2022-04-08T09:00:53.4406450Z remote: Counting objects:  29% (632/2176)        
2022-04-08T09:00:53.4406746Z remote: Counting objects:  30% (653/2176)        
2022-04-08T09:00:53.4407259Z remote: Counting objects:  31% (675/2176)        
2022-04-08T09:00:53.4407569Z remote: Counting objects:  32% (697/2176)        
2022-04-08T09:00:53.4407871Z remote: Counting objects:  33% (719/2176)        
2022-04-08T09:00:53.4408175Z remote: Counting objects:  34% (740/2176)        
2022-04-08T09:00:53.4408480Z remote: Counting objects:  35% (762/2176)        
2022-04-08T09:00:53.4408772Z remote: Counting objects:  36% (784/2176)        
2022-04-08T09:00:53.4409074Z remote: Counting objects:  37% (806/2176)        
2022-04-08T09:00:53.4409370Z remote: Counting objects:  38% (827/2176)        
2022-04-08T09:00:53.4409666Z remote: Counting objects:  39% (849/2176)        
2022-04-08T09:00:53.4409957Z remote: Counting objects:  40% (871/2176)        
2022-04-08T09:00:53.4410255Z remote: Counting objects:  41% (893/2176)        
2022-04-08T09:00:53.4410566Z remote: Counting objects:  42% (914/2176)        
2022-04-08T09:00:53.4410866Z remote: Counting objects:  43% (936/2176)        
2022-04-08T09:00:53.4411162Z remote: Counting objects:  44% (958/2176)        
2022-04-08T09:00:53.4411460Z remote: Counting objects:  45% (980/2176)        
2022-04-08T09:00:53.4411765Z remote: Counting objects:  46% (1001/2176)        
2022-04-08T09:00:53.4412090Z remote: Counting objects:  47% (1023/2176)        
2022-04-08T09:00:53.4412407Z remote: Counting objects:  48% (1045/2176)        
2022-04-08T09:00:53.4412727Z remote: Counting objects:  49% (1067/2176)        
2022-04-08T09:00:53.4414555Z remote: Counting objects:  50% (1088/2176)        
2022-04-08T09:00:53.4414879Z remote: Counting objects:  51% (1110/2176)        
2022-04-08T09:00:53.4415197Z remote: Counting objects:  52% (1132/2176)        
2022-04-08T09:00:53.4415521Z remote: Counting objects:  53% (1154/2176)        
2022-04-08T09:00:53.4416045Z remote: Counting objects:  54% (1176/2176)        
2022-04-08T09:00:53.4416372Z remote: Counting objects:  55% (1197/2176)        
2022-04-08T09:00:53.4416691Z remote: Counting objects:  56% (1219/2176)        
2022-04-08T09:00:53.4417110Z remote: Counting objects:  57% (1241/2176)        
2022-04-08T09:00:53.4417430Z remote: Counting objects:  58% (1263/2176)        
2022-04-08T09:00:53.4417730Z remote: Counting objects:  59% (1284/2176)        
2022-04-08T09:00:53.4418056Z remote: Counting objects:  60% (1306/2176)        
2022-04-08T09:00:53.4418367Z remote: Counting objects:  61% (1328/2176)        
2022-04-08T09:00:53.4419909Z remote: Counting objects:  62% (1350/2176)        
2022-04-08T09:00:53.4420221Z remote: Counting objects:  63% (1371/2176)        
2022-04-08T09:00:53.4420557Z remote: Counting objects:  64% (1393/2176)        
2022-04-08T09:00:53.4420864Z remote: Counting objects:  65% (1415/2176)        
2022-04-08T09:00:53.4421195Z remote: Counting objects:  66% (1437/2176)        
2022-04-08T09:00:53.4421500Z remote: Counting objects:  67% (1458/2176)        
2022-04-08T09:00:53.4421804Z remote: Counting objects:  68% (1480/2176)        
2022-04-08T09:00:53.4422118Z remote: Counting objects:  69% (1502/2176)        
2022-04-08T09:00:53.4422434Z remote: Counting objects:  70% (1524/2176)        
2022-04-08T09:00:53.4422732Z remote: Counting objects:  71% (1545/2176)        
2022-04-08T09:00:53.4424283Z remote: Counting objects:  72% (1567/2176)        
2022-04-08T09:00:53.4424602Z remote: Counting objects:  73% (1589/2176)        
2022-04-08T09:00:53.4424910Z remote: Counting objects:  74% (1611/2176)        
2022-04-08T09:00:53.4425213Z remote: Counting objects:  75% (1632/2176)        
2022-04-08T09:00:53.4425542Z remote: Counting objects:  76% (1654/2176)        
2022-04-08T09:00:53.4426216Z remote: Counting objects:  77% (1676/2176)        
2022-04-08T09:00:53.4426478Z remote: Counting objects:  78% (1698/2176)        
2022-04-08T09:00:53.4426698Z remote: Counting objects:  79% (1720/2176)        
2022-04-08T09:00:53.4427018Z remote: Counting objects:  80% (1741/2176)        
2022-04-08T09:00:53.4427319Z remote: Counting objects:  81% (1763/2176)        
2022-04-08T09:00:53.4427632Z remote: Counting objects:  82% (1785/2176)        
2022-04-08T09:00:53.4430330Z remote: Counting objects:  83% (1807/2176)        
2022-04-08T09:00:53.4430566Z remote: Counting objects:  84% (1828/2176)        
2022-04-08T09:00:53.4430798Z remote: Counting objects:  85% (1850/2176)        
2022-04-08T09:00:53.4431019Z remote: Counting objects:  86% (1872/2176)        
2022-04-08T09:00:53.4431253Z remote: Counting objects:  87% (1894/2176)        
2022-04-08T09:00:53.4431481Z remote: Counting objects:  88% (1915/2176)        
2022-04-08T09:00:53.4431705Z remote: Counting objects:  89% (1937/2176)        
2022-04-08T09:00:53.4432049Z remote: Counting objects:  90% (1959/2176)        
2022-04-08T09:00:53.4432360Z remote: Counting objects:  91% (1981/2176)        
2022-04-08T09:00:53.4432614Z remote: Counting objects:  92% (2002/2176)        
2022-04-08T09:00:53.4432832Z remote: Counting objects:  93% (2024/2176)        
2022-04-08T09:00:53.4433143Z remote: Counting objects:  94% (2046/2176)        
2022-04-08T09:00:53.4433467Z remote: Counting objects:  95% (2068/2176)        
2022-04-08T09:00:53.4433777Z remote: Counting objects:  96% (2089/2176)        
2022-04-08T09:00:53.4434027Z remote: Counting objects:  97% (2111/2176)        
2022-04-08T09:00:53.4434255Z remote: Counting objects:  98% (2133/2176)        
2022-04-08T09:00:53.4434570Z remote: Counting objects:  99% (2155/2176)        
2022-04-08T09:00:53.4434885Z remote: Counting objects: 100% (2176/2176)        
2022-04-08T09:00:53.4435151Z remote: Counting objects: 100% (2176/2176), done.        
2022-04-08T09:00:53.4435504Z remote: Compressing objects:   0% (1/1873)        
2022-04-08T09:00:53.4435836Z remote: Compressing objects:   1% (19/1873)        
2022-04-08T09:00:53.4925195Z remote: Compressing objects:   2% (38/1873)        
2022-04-08T09:00:53.6302780Z remote: Compressing objects:   3% (57/1873)        
2022-04-08T09:00:53.6337401Z remote: Compressing objects:   4% (75/1873)        
2022-04-08T09:00:53.6359187Z remote: Compressing objects:   5% (94/1873)        
2022-04-08T09:00:53.6374351Z remote: Compressing objects:   6% (113/1873)        
2022-04-08T09:00:53.6411486Z remote: Compressing objects:   7% (132/1873)        
2022-04-08T09:00:53.6455046Z remote: Compressing objects:   8% (150/1873)        
2022-04-08T09:00:53.6503012Z remote: Compressing objects:   9% (169/1873)        
2022-04-08T09:00:53.6877406Z remote: Compressing objects:  10% (188/1873)        
2022-04-08T09:00:53.6877860Z remote: Compressing objects:  11% (207/1873)        
2022-04-08T09:00:53.6878199Z remote: Compressing objects:  12% (225/1873)        
2022-04-08T09:00:53.6878530Z remote: Compressing objects:  13% (244/1873)        
2022-04-08T09:00:53.6911440Z remote: Compressing objects:  14% (263/1873)        
2022-04-08T09:00:53.7004408Z remote: Compressing objects:  15% (281/1873)        
2022-04-08T09:00:53.7062259Z remote: Compressing objects:  16% (300/1873)        
2022-04-08T09:00:53.7121880Z remote: Compressing objects:  17% (319/1873)        
2022-04-08T09:00:53.7455193Z remote: Compressing objects:  18% (338/1873)        
2022-04-08T09:00:53.7455659Z remote: Compressing objects:  19% (356/1873)        
2022-04-08T09:00:53.7456142Z remote: Compressing objects:  20% (375/1873)        
2022-04-08T09:00:53.7456486Z remote: Compressing objects:  21% (394/1873)        
2022-04-08T09:00:53.7563458Z remote: Compressing objects:  22% (413/1873)        
2022-04-08T09:00:53.7634676Z remote: Compressing objects:  23% (431/1873)        
2022-04-08T09:00:53.7794640Z remote: Compressing objects:  24% (450/1873)        
2022-04-08T09:00:53.7809405Z remote: Compressing objects:  25% (469/1873)        
2022-04-08T09:00:53.8029096Z remote: Compressing objects:  26% (487/1873)        
2022-04-08T09:00:53.8029852Z remote: Compressing objects:  27% (506/1873)        
2022-04-08T09:00:53.8094871Z remote: Compressing objects:  28% (525/1873)        
2022-04-08T09:00:53.8147070Z remote: Compressing objects:  29% (544/1873)        
2022-04-08T09:00:53.8264799Z remote: Compressing objects:  30% (562/1873)        
2022-04-08T09:00:53.8366218Z remote: Compressing objects:  31% (581/1873)        
2022-04-08T09:00:53.8426466Z remote: Compressing objects:  32% (600/1873)        
2022-04-08T09:00:53.8533115Z remote: Compressing objects:  33% (619/1873)        
2022-04-08T09:00:53.8612536Z remote: Compressing objects:  34% (637/1873)        
2022-04-08T09:00:53.8687355Z remote: Compressing objects:  35% (656/1873)        
2022-04-08T09:00:53.8782236Z remote: Compressing objects:  36% (675/1873)        
2022-04-08T09:00:53.8857405Z remote: Compressing objects:  37% (694/1873)        
2022-04-08T09:00:53.8947791Z remote: Compressing objects:  38% (712/1873)        
2022-04-08T09:00:53.9046176Z remote: Compressing objects:  39% (731/1873)        
2022-04-08T09:00:53.9159245Z remote: Compressing objects:  40% (750/1873)        
2022-04-08T09:00:53.9299808Z remote: Compressing objects:  41% (768/1873)        
2022-04-08T09:00:53.9374831Z remote: Compressing objects:  42% (787/1873)        
2022-04-08T09:00:53.9470454Z remote: Compressing objects:  43% (806/1873)        
2022-04-08T09:00:53.9521318Z remote: Compressing objects:  44% (825/1873)        
2022-04-08T09:00:53.9620359Z remote: Compressing objects:  45% (843/1873)        
2022-04-08T09:00:53.9733847Z remote: Compressing objects:  46% (862/1873)        
2022-04-08T09:00:53.9734730Z remote: Compressing objects:  47% (881/1873)        
2022-04-08T09:00:53.9869722Z remote: Compressing objects:  48% (900/1873)        
2022-04-08T09:00:53.9869964Z remote: Compressing objects:  49% (918/1873)        
2022-04-08T09:00:53.9870175Z remote: Compressing objects:  50% (937/1873)        
2022-04-08T09:00:53.9908431Z remote: Compressing objects:  51% (956/1873)        
2022-04-08T09:00:54.0026697Z remote: Compressing objects:  52% (974/1873)        
2022-04-08T09:00:54.0029916Z remote: Compressing objects:  53% (993/1873)        
2022-04-08T09:00:54.0106517Z remote: Compressing objects:  54% (1012/1873)        
2022-04-08T09:00:54.0134654Z remote: Compressing objects:  55% (1031/1873)        
2022-04-08T09:00:54.0171843Z remote: Compressing objects:  56% (1049/1873)        
2022-04-08T09:00:54.0231731Z remote: Compressing objects:  57% (1068/1873)        
2022-04-08T09:00:54.0306828Z remote: Compressing objects:  58% (1087/1873)        
2022-04-08T09:00:54.0447734Z remote: Compressing objects:  59% (1106/1873)        
2022-04-08T09:00:54.0448272Z remote: Compressing objects:  60% (1124/1873)        
2022-04-08T09:00:54.0449001Z remote: Compressing objects:  61% (1143/1873)        
2022-04-08T09:00:54.0482393Z remote: Compressing objects:  62% (1162/1873)        
2022-04-08T09:00:54.0611246Z remote: Compressing objects:  63% (1180/1873)        
2022-04-08T09:00:54.0611534Z remote: Compressing objects:  64% (1199/1873)        
2022-04-08T09:00:54.0611803Z remote: Compressing objects:  65% (1218/1873)        
2022-04-08T09:00:54.0645443Z remote: Compressing objects:  66% (1237/1873)        
2022-04-08T09:00:54.0680529Z remote: Compressing objects:  67% (1255/1873)        
2022-04-08T09:00:54.0709578Z remote: Compressing objects:  68% (1274/1873)        
2022-04-08T09:00:54.0761714Z remote: Compressing objects:  69% (1293/1873)        
2022-04-08T09:00:54.0880650Z remote: Compressing objects:  70% (1312/1873)        
2022-04-08T09:00:54.1024271Z remote: Compressing objects:  71% (1330/1873)        
2022-04-08T09:00:54.1024744Z remote: Compressing objects:  72% (1349/1873)        
2022-04-08T09:00:54.1185281Z remote: Compressing objects:  73% (1368/1873)        
2022-04-08T09:00:54.1185972Z remote: Compressing objects:  74% (1387/1873)        
2022-04-08T09:00:54.1275170Z remote: Compressing objects:  75% (1405/1873)        
2022-04-08T09:00:54.1339575Z remote: Compressing objects:  76% (1424/1873)        
2022-04-08T09:00:54.1427624Z remote: Compressing objects:  77% (1443/1873)        
2022-04-08T09:00:54.1470785Z remote: Compressing objects:  78% (1461/1873)        
2022-04-08T09:00:54.1522339Z remote: Compressing objects:  79% (1480/1873)        
2022-04-08T09:00:54.1554026Z remote: Compressing objects:  80% (1499/1873)        
2022-04-08T09:00:54.1637194Z remote: Compressing objects:  81% (1518/1873)        
2022-04-08T09:00:54.1637446Z remote: Compressing objects:  82% (1536/1873)        
2022-04-08T09:00:54.1759757Z remote: Compressing objects:  83% (1555/1873)        
2022-04-08T09:00:54.1760362Z remote: Compressing objects:  84% (1574/1873)        
2022-04-08T09:00:54.1843084Z remote: Compressing objects:  85% (1593/1873)        
2022-04-08T09:00:54.1844348Z remote: Compressing objects:  86% (1611/1873)        
2022-04-08T09:00:54.1937969Z remote: Compressing objects:  87% (1630/1873)        
2022-04-08T09:00:54.2021090Z remote: Compressing objects:  88% (1649/1873)        
2022-04-08T09:00:54.2061445Z remote: Compressing objects:  89% (1667/1873)        
2022-04-08T09:00:54.2133492Z remote: Compressing objects:  90% (1686/1873)        
2022-04-08T09:00:54.2154060Z remote: Compressing objects:  91% (1705/1873)        
2022-04-08T09:00:54.2246913Z remote: Compressing objects:  92% (1724/1873)        
2022-04-08T09:00:54.2251780Z remote: Compressing objects:  93% (1742/1873)        
2022-04-08T09:00:54.2334006Z remote: Compressing objects:  94% (1761/1873)        
2022-04-08T09:00:54.2334610Z remote: Compressing objects:  95% (1780/1873)        
2022-04-08T09:00:54.2334869Z remote: Compressing objects:  96% (1799/1873)        
2022-04-08T09:00:54.2335104Z remote: Compressing objects:  97% (1817/1873)        
2022-04-08T09:00:54.2335339Z remote: Compressing objects:  98% (1836/1873)        
2022-04-08T09:00:54.2336754Z remote: Compressing objects:  99% (1855/1873)        
2022-04-08T09:00:54.2337145Z remote: Compressing objects: 100% (1873/1873)        
2022-04-08T09:00:54.2337402Z remote: Compressing objects: 100% (1873/1873), done.        
2022-04-08T09:00:54.2999777Z Receiving objects:   0% (1/2176)
2022-04-08T09:00:54.6178266Z Receiving objects:   1% (22/2176)
2022-04-08T09:00:55.2948095Z Receiving objects:   2% (44/2176)
2022-04-08T09:00:56.3327988Z Receiving objects:   2% (58/2176), 380.00 KiB | 368.00 KiB/s
2022-04-08T09:00:57.3695807Z Receiving objects:   2% (58/2176), 996.00 KiB | 482.00 KiB/s
2022-04-08T09:00:57.4933261Z Receiving objects:   2% (58/2176), 1.79 MiB | 592.00 KiB/s  
2022-04-08T09:00:57.4936214Z Receiving objects:   3% (66/2176), 1.79 MiB | 592.00 KiB/s
2022-04-08T09:00:57.6909308Z Receiving objects:   4% (88/2176), 1.79 MiB | 592.00 KiB/s
2022-04-08T09:00:57.7354779Z Receiving objects:   5% (109/2176), 1.79 MiB | 592.00 KiB/s
2022-04-08T09:00:57.7736873Z Receiving objects:   6% (131/2176), 1.79 MiB | 592.00 KiB/s
2022-04-08T09:00:57.7808517Z Receiving objects:   7% (153/2176), 1.79 MiB | 592.00 KiB/s
2022-04-08T09:00:57.7811392Z Receiving objects:   8% (175/2176), 1.79 MiB | 592.00 KiB/s
2022-04-08T09:00:57.8309454Z Receiving objects:   9% (196/2176), 1.79 MiB | 592.00 KiB/s
2022-04-08T09:00:57.8497729Z Receiving objects:  10% (218/2176), 1.79 MiB | 592.00 KiB/s
2022-04-08T09:00:57.8883577Z Receiving objects:  11% (240/2176), 1.79 MiB | 592.00 KiB/s
2022-04-08T09:00:57.8959918Z Receiving objects:  12% (262/2176), 2.29 MiB | 646.00 KiB/s
2022-04-08T09:00:57.8965374Z Receiving objects:  13% (283/2176), 2.29 MiB | 646.00 KiB/s
2022-04-08T09:00:57.9076932Z Receiving objects:  14% (305/2176), 2.29 MiB | 646.00 KiB/s
2022-04-08T09:00:57.9464606Z Receiving objects:  15% (327/2176), 2.29 MiB | 646.00 KiB/s
2022-04-08T09:00:57.9539162Z Receiving objects:  16% (349/2176), 2.29 MiB | 646.00 KiB/s
2022-04-08T09:00:57.9644517Z Receiving objects:  17% (370/2176), 2.29 MiB | 646.00 KiB/s
2022-04-08T09:00:57.9781271Z Receiving objects:  18% (392/2176), 2.29 MiB | 646.00 KiB/s
2022-04-08T09:00:58.0111663Z Receiving objects:  19% (414/2176), 2.29 MiB | 646.00 KiB/s
2022-04-08T09:00:58.0117048Z Receiving objects:  20% (436/2176), 2.29 MiB | 646.00 KiB/s
2022-04-08T09:00:58.0688716Z Receiving objects:  21% (457/2176), 2.29 MiB | 646.00 KiB/s
2022-04-08T09:00:58.2920200Z Receiving objects:  22% (479/2176), 2.29 MiB | 646.00 KiB/s
2022-04-08T09:00:59.4443489Z Receiving objects:  22% (481/2176), 2.29 MiB | 646.00 KiB/s
2022-04-08T09:01:00.4274365Z Receiving objects:  22% (491/2176), 4.11 MiB | 868.00 KiB/s
2022-04-08T09:01:00.5111393Z Receiving objects:  22% (500/2176), 4.84 MiB | 980.00 KiB/s
2022-04-08T09:01:01.2949497Z Receiving objects:  23% (501/2176), 5.62 MiB | 1.07 MiB/s  
2022-04-08T09:01:02.4254952Z Receiving objects:  23% (505/2176), 6.46 MiB | 1.17 MiB/s
2022-04-08T09:01:03.5972817Z Receiving objects:  23% (508/2176), 8.51 MiB | 1.44 MiB/s
2022-04-08T09:01:04.6131245Z Receiving objects:  23% (515/2176), 13.86 MiB | 2.23 MiB/s
2022-04-08T09:01:04.8076236Z Receiving objects:  23% (516/2176), 16.46 MiB | 2.65 MiB/s
2022-04-08T09:01:04.8083033Z Receiving objects:  24% (523/2176), 19.59 MiB | 3.16 MiB/s
2022-04-08T09:01:04.8088859Z Receiving objects:  25% (544/2176), 19.59 MiB | 3.16 MiB/s
2022-04-08T09:01:04.8098014Z Receiving objects:  26% (566/2176), 19.59 MiB | 3.16 MiB/s
2022-04-08T09:01:04.8105622Z Receiving objects:  27% (588/2176), 19.59 MiB | 3.16 MiB/s
2022-04-08T09:01:04.8116211Z Receiving objects:  28% (610/2176), 19.59 MiB | 3.16 MiB/s
2022-04-08T09:01:04.8124743Z Receiving objects:  29% (632/2176), 19.59 MiB | 3.16 MiB/s
2022-04-08T09:01:04.8132538Z Receiving objects:  30% (653/2176), 19.59 MiB | 3.16 MiB/s
2022-04-08T09:01:04.8138927Z Receiving objects:  31% (675/2176), 19.59 MiB | 3.16 MiB/s
2022-04-08T09:01:04.8143556Z Receiving objects:  32% (697/2176), 19.59 MiB | 3.16 MiB/s
2022-04-08T09:01:04.8153796Z Receiving objects:  33% (719/2176), 19.59 MiB | 3.16 MiB/s
2022-04-08T09:01:04.8167675Z Receiving objects:  34% (740/2176), 19.59 MiB | 3.16 MiB/s
2022-04-08T09:01:04.8186737Z Receiving objects:  35% (762/2176), 19.59 MiB | 3.16 MiB/s
2022-04-08T09:01:04.8651610Z Receiving objects:  36% (784/2176), 19.59 MiB | 3.16 MiB/s
2022-04-08T09:01:04.8657837Z Receiving objects:  37% (806/2176), 19.59 MiB | 3.16 MiB/s
2022-04-08T09:01:04.8665272Z Receiving objects:  38% (827/2176), 19.59 MiB | 3.16 MiB/s
2022-04-08T09:01:04.8676901Z Receiving objects:  39% (849/2176), 19.59 MiB | 3.16 MiB/s
2022-04-08T09:01:04.8691997Z Receiving objects:  40% (871/2176), 19.59 MiB | 3.16 MiB/s
2022-04-08T09:01:04.8702728Z Receiving objects:  41% (893/2176), 19.59 MiB | 3.16 MiB/s
2022-04-08T09:01:04.8713262Z Receiving objects:  42% (914/2176), 19.59 MiB | 3.16 MiB/s
2022-04-08T09:01:04.8724409Z Receiving objects:  43% (936/2176), 19.59 MiB | 3.16 MiB/s
2022-04-08T09:01:04.8732510Z Receiving objects:  44% (958/2176), 19.59 MiB | 3.16 MiB/s
2022-04-08T09:01:04.8745889Z Receiving objects:  45% (980/2176), 19.59 MiB | 3.16 MiB/s
2022-04-08T09:01:04.8755981Z Receiving objects:  46% (1001/2176), 19.59 MiB | 3.16 MiB/s
2022-04-08T09:01:04.8766009Z Receiving objects:  47% (1023/2176), 19.59 MiB | 3.16 MiB/s
2022-04-08T09:01:04.8771798Z Receiving objects:  48% (1045/2176), 19.59 MiB | 3.16 MiB/s
2022-04-08T09:01:04.8777360Z Receiving objects:  49% (1067/2176), 19.59 MiB | 3.16 MiB/s
2022-04-08T09:01:04.8781885Z Receiving objects:  50% (1088/2176), 19.59 MiB | 3.16 MiB/s
2022-04-08T09:01:04.8795314Z Receiving objects:  51% (1110/2176), 19.59 MiB | 3.16 MiB/s
2022-04-08T09:01:04.9006504Z Receiving objects:  52% (1132/2176), 19.59 MiB | 3.16 MiB/s
2022-04-08T09:01:04.9224062Z Receiving objects:  53% (1154/2176), 19.59 MiB | 3.16 MiB/s
2022-04-08T09:01:04.9236141Z Receiving objects:  54% (1176/2176), 19.59 MiB | 3.16 MiB/s
2022-04-08T09:01:04.9278550Z Receiving objects:  55% (1197/2176), 19.59 MiB | 3.16 MiB/s
2022-04-08T09:01:04.9279072Z Receiving objects:  56% (1219/2176), 19.59 MiB | 3.16 MiB/s
2022-04-08T09:01:04.9334613Z Receiving objects:  57% (1241/2176), 19.59 MiB | 3.16 MiB/s
2022-04-08T09:01:04.9334881Z Receiving objects:  58% (1263/2176), 19.59 MiB | 3.16 MiB/s
2022-04-08T09:01:04.9335145Z Receiving objects:  59% (1284/2176), 19.59 MiB | 3.16 MiB/s
2022-04-08T09:01:04.9335398Z Receiving objects:  60% (1306/2176), 19.59 MiB | 3.16 MiB/s
2022-04-08T09:01:04.9335634Z Receiving objects:  61% (1328/2176), 19.59 MiB | 3.16 MiB/s
2022-04-08T09:01:04.9336038Z Receiving objects:  62% (1350/2176), 19.59 MiB | 3.16 MiB/s
2022-04-08T09:01:04.9336517Z Receiving objects:  63% (1371/2176), 19.59 MiB | 3.16 MiB/s
2022-04-08T09:01:04.9345603Z Receiving objects:  64% (1393/2176), 19.59 MiB | 3.16 MiB/s
2022-04-08T09:01:04.9353280Z Receiving objects:  65% (1415/2176), 19.59 MiB | 3.16 MiB/s
2022-04-08T09:01:04.9361212Z Receiving objects:  66% (1437/2176), 19.59 MiB | 3.16 MiB/s
2022-04-08T09:01:04.9368207Z Receiving objects:  67% (1458/2176), 19.59 MiB | 3.16 MiB/s
2022-04-08T09:01:04.9379067Z Receiving objects:  68% (1480/2176), 19.59 MiB | 3.16 MiB/s
2022-04-08T09:01:04.9385844Z Receiving objects:  69% (1502/2176), 19.59 MiB | 3.16 MiB/s
2022-04-08T09:01:04.9577031Z Receiving objects:  70% (1524/2176), 19.59 MiB | 3.16 MiB/s
2022-04-08T09:01:04.9587259Z Receiving objects:  71% (1545/2176), 19.59 MiB | 3.16 MiB/s
2022-04-08T09:01:04.9799311Z Receiving objects:  72% (1567/2176), 19.59 MiB | 3.16 MiB/s
2022-04-08T09:01:04.9809322Z Receiving objects:  73% (1589/2176), 19.59 MiB | 3.16 MiB/s
2022-04-08T09:01:04.9820368Z Receiving objects:  74% (1611/2176), 19.59 MiB | 3.16 MiB/s
2022-04-08T09:01:04.9830955Z Receiving objects:  75% (1632/2176), 19.59 MiB | 3.16 MiB/s
2022-04-08T09:01:04.9842077Z Receiving objects:  76% (1654/2176), 19.59 MiB | 3.16 MiB/s
2022-04-08T09:01:04.9851687Z Receiving objects:  77% (1676/2176), 19.59 MiB | 3.16 MiB/s
2022-04-08T09:01:04.9862824Z Receiving objects:  78% (1698/2176), 19.59 MiB | 3.16 MiB/s
2022-04-08T09:01:04.9866581Z Receiving objects:  79% (1720/2176), 19.59 MiB | 3.16 MiB/s
2022-04-08T09:01:04.9875161Z Receiving objects:  80% (1741/2176), 19.59 MiB | 3.16 MiB/s
2022-04-08T09:01:04.9882530Z Receiving objects:  81% (1763/2176), 19.59 MiB | 3.16 MiB/s
2022-04-08T09:01:04.9899396Z Receiving objects:  82% (1785/2176), 19.59 MiB | 3.16 MiB/s
2022-04-08T09:01:04.9907549Z Receiving objects:  83% (1807/2176), 19.59 MiB | 3.16 MiB/s
2022-04-08T09:01:04.9921300Z Receiving objects:  84% (1828/2176), 19.59 MiB | 3.16 MiB/s
2022-04-08T09:01:04.9930162Z Receiving objects:  85% (1850/2176), 19.59 MiB | 3.16 MiB/s
2022-04-08T09:01:04.9940587Z Receiving objects:  86% (1872/2176), 19.59 MiB | 3.16 MiB/s
2022-04-08T09:01:04.9946210Z Receiving objects:  87% (1894/2176), 19.59 MiB | 3.16 MiB/s
2022-04-08T09:01:04.9956911Z Receiving objects:  88% (1915/2176), 19.59 MiB | 3.16 MiB/s
2022-04-08T09:01:05.0153586Z Receiving objects:  89% (1937/2176), 19.59 MiB | 3.16 MiB/s
2022-04-08T09:01:05.0371758Z Receiving objects:  90% (1959/2176), 19.59 MiB | 3.16 MiB/s
2022-04-08T09:01:05.0372036Z Receiving objects:  91% (1981/2176), 19.59 MiB | 3.16 MiB/s
2022-04-08T09:01:05.0383507Z Receiving objects:  92% (2002/2176), 19.59 MiB | 3.16 MiB/s
2022-04-08T09:01:05.0418965Z Receiving objects:  93% (2024/2176), 19.59 MiB | 3.16 MiB/s
2022-04-08T09:01:05.0419301Z Receiving objects:  94% (2046/2176), 19.59 MiB | 3.16 MiB/s
2022-04-08T09:01:05.0419709Z Receiving objects:  95% (2068/2176), 19.59 MiB | 3.16 MiB/s
2022-04-08T09:01:05.0419995Z Receiving objects:  96% (2089/2176), 19.59 MiB | 3.16 MiB/s
2022-04-08T09:01:05.0420278Z Receiving objects:  97% (2111/2176), 19.59 MiB | 3.16 MiB/s
2022-04-08T09:01:05.0421110Z remote: Total 2176 (delta 984), reused 581 (delta 208), pack-reused 0        
2022-04-08T09:01:05.0436497Z Receiving objects:  98% (2133/2176), 19.59 MiB | 3.16 MiB/s
2022-04-08T09:01:05.0445201Z Receiving objects:  99% (2155/2176), 19.59 MiB | 3.16 MiB/s
2022-04-08T09:01:05.0445474Z Receiving objects: 100% (2176/2176), 19.59 MiB | 3.16 MiB/s
2022-04-08T09:01:05.0445743Z Receiving objects: 100% (2176/2176), 22.59 MiB | 2.10 MiB/s, done.
2022-04-08T09:01:05.0451935Z Resolving deltas:   0% (0/984)
2022-04-08T09:01:05.0452194Z Resolving deltas:   1% (10/984)
2022-04-08T09:01:05.0454665Z Resolving deltas:   2% (20/984)
2022-04-08T09:01:05.0460360Z Resolving deltas:   3% (30/984)
2022-04-08T09:01:05.0460593Z Resolving deltas:   4% (40/984)
2022-04-08T09:01:05.0460819Z Resolving deltas:   5% (50/984)
2022-04-08T09:01:05.0464912Z Resolving deltas:   6% (60/984)
2022-04-08T09:01:05.0467759Z Resolving deltas:   7% (69/984)
2022-04-08T09:01:05.0471365Z Resolving deltas:   8% (79/984)
2022-04-08T09:01:05.0474335Z Resolving deltas:   9% (89/984)
2022-04-08T09:01:05.0478160Z Resolving deltas:  10% (99/984)
2022-04-08T09:01:05.0481586Z Resolving deltas:  11% (109/984)
2022-04-08T09:01:05.0483775Z Resolving deltas:  12% (119/984)
2022-04-08T09:01:05.0485723Z Resolving deltas:  13% (128/984)
2022-04-08T09:01:05.0488242Z Resolving deltas:  14% (138/984)
2022-04-08T09:01:05.0491986Z Resolving deltas:  15% (148/984)
2022-04-08T09:01:05.0492968Z Resolving deltas:  16% (158/984)
2022-04-08T09:01:05.0495374Z Resolving deltas:  17% (168/984)
2022-04-08T09:01:05.0499669Z Resolving deltas:  18% (178/984)
2022-04-08T09:01:05.0502135Z Resolving deltas:  19% (187/984)
2022-04-08T09:01:05.0505619Z Resolving deltas:  20% (197/984)
2022-04-08T09:01:05.0511895Z Resolving deltas:  21% (207/984)
2022-04-08T09:01:05.0516790Z Resolving deltas:  22% (217/984)
2022-04-08T09:01:05.0519847Z Resolving deltas:  23% (227/984)
2022-04-08T09:01:05.0524113Z Resolving deltas:  24% (237/984)
2022-04-08T09:01:05.0528173Z Resolving deltas:  25% (246/984)
2022-04-08T09:01:05.0532421Z Resolving deltas:  26% (256/984)
2022-04-08T09:01:05.0537278Z Resolving deltas:  27% (266/984)
2022-04-08T09:01:05.0544035Z Resolving deltas:  28% (276/984)
2022-04-08T09:01:05.0549375Z Resolving deltas:  29% (286/984)
2022-04-08T09:01:05.0553987Z Resolving deltas:  30% (296/984)
2022-04-08T09:01:05.0560964Z Resolving deltas:  31% (306/984)
2022-04-08T09:01:05.0564999Z Resolving deltas:  32% (315/984)
2022-04-08T09:01:05.0570275Z Resolving deltas:  33% (325/984)
2022-04-08T09:01:05.0576341Z Resolving deltas:  34% (335/984)
2022-04-08T09:01:05.0579432Z Resolving deltas:  35% (345/984)
2022-04-08T09:01:05.0583027Z Resolving deltas:  36% (355/984)
2022-04-08T09:01:05.0585644Z Resolving deltas:  37% (365/984)
2022-04-08T09:01:05.0589992Z Resolving deltas:  38% (374/984)
2022-04-08T09:01:05.0592112Z Resolving deltas:  39% (384/984)
2022-04-08T09:01:05.0597614Z Resolving deltas:  40% (394/984)
2022-04-08T09:01:05.0597831Z Resolving deltas:  41% (404/984)
2022-04-08T09:01:05.0601386Z Resolving deltas:  42% (414/984)
2022-04-08T09:01:05.0604869Z Resolving deltas:  43% (424/984)
2022-04-08T09:01:05.0607092Z Resolving deltas:  44% (433/984)
2022-04-08T09:01:05.0609987Z Resolving deltas:  45% (443/984)
2022-04-08T09:01:05.0613562Z Resolving deltas:  46% (453/984)
2022-04-08T09:01:05.0617340Z Resolving deltas:  47% (463/984)
2022-04-08T09:01:05.0624799Z Resolving deltas:  48% (473/984)
2022-04-08T09:01:05.0625015Z Resolving deltas:  49% (483/984)
2022-04-08T09:01:05.0625214Z Resolving deltas:  50% (492/984)
2022-04-08T09:01:05.0628402Z Resolving deltas:  51% (502/984)
2022-04-08T09:01:05.0634236Z Resolving deltas:  52% (512/984)
2022-04-08T09:01:05.0636287Z Resolving deltas:  53% (522/984)
2022-04-08T09:01:05.0642643Z Resolving deltas:  54% (532/984)
2022-04-08T09:01:05.0647865Z Resolving deltas:  55% (542/984)
2022-04-08T09:01:05.0648095Z Resolving deltas:  56% (552/984)
2022-04-08T09:01:05.0648293Z Resolving deltas:  57% (561/984)
2022-04-08T09:01:05.0650422Z Resolving deltas:  58% (571/984)
2022-04-08T09:01:05.0656458Z Resolving deltas:  59% (581/984)
2022-04-08T09:01:05.0660482Z Resolving deltas:  60% (591/984)
2022-04-08T09:01:05.0663879Z Resolving deltas:  61% (601/984)
2022-04-08T09:01:05.0667698Z Resolving deltas:  62% (611/984)
2022-04-08T09:01:05.0670642Z Resolving deltas:  63% (620/984)
2022-04-08T09:01:05.0674317Z Resolving deltas:  64% (630/984)
2022-04-08T09:01:05.0677829Z Resolving deltas:  65% (640/984)
2022-04-08T09:01:05.0681280Z Resolving deltas:  66% (650/984)
2022-04-08T09:01:05.0684944Z Resolving deltas:  67% (660/984)
2022-04-08T09:01:05.0690505Z Resolving deltas:  68% (670/984)
2022-04-08T09:01:05.0693600Z Resolving deltas:  69% (679/984)
2022-04-08T09:01:05.0698427Z Resolving deltas:  70% (689/984)
2022-04-08T09:01:05.0702895Z Resolving deltas:  71% (699/984)
2022-04-08T09:01:05.0709531Z Resolving deltas:  72% (709/984)
2022-04-08T09:01:05.0713914Z Resolving deltas:  73% (719/984)
2022-04-08T09:01:05.0717329Z Resolving deltas:  74% (729/984)
2022-04-08T09:01:05.0722085Z Resolving deltas:  75% (738/984)
2022-04-08T09:01:05.0727566Z Resolving deltas:  76% (748/984)
2022-04-08T09:01:05.0731649Z Resolving deltas:  77% (758/984)
2022-04-08T09:01:05.0736567Z Resolving deltas:  78% (768/984)
2022-04-08T09:01:05.0741730Z Resolving deltas:  79% (778/984)
2022-04-08T09:01:05.0745220Z Resolving deltas:  80% (788/984)
2022-04-08T09:01:05.0749905Z Resolving deltas:  81% (798/984)
2022-04-08T09:01:05.0754227Z Resolving deltas:  82% (807/984)
2022-04-08T09:01:05.0758502Z Resolving deltas:  83% (817/984)
2022-04-08T09:01:05.0763075Z Resolving deltas:  84% (827/984)
2022-04-08T09:01:05.0768510Z Resolving deltas:  85% (837/984)
2022-04-08T09:01:05.0772669Z Resolving deltas:  86% (847/984)
2022-04-08T09:01:05.0784774Z Resolving deltas:  87% (857/984)
2022-04-08T09:01:05.0785076Z Resolving deltas:  88% (866/984)
2022-04-08T09:01:05.0785460Z Resolving deltas:  89% (876/984)
2022-04-08T09:01:05.0785683Z Resolving deltas:  90% (886/984)
2022-04-08T09:01:05.0792094Z Resolving deltas:  91% (896/984)
2022-04-08T09:01:05.0798062Z Resolving deltas:  92% (906/984)
2022-04-08T09:01:05.0801765Z Resolving deltas:  93% (916/984)
2022-04-08T09:01:05.0806078Z Resolving deltas:  94% (925/984)
2022-04-08T09:01:05.0811262Z Resolving deltas:  95% (935/984)
2022-04-08T09:01:05.0816755Z Resolving deltas:  96% (945/984)
2022-04-08T09:01:05.0821342Z Resolving deltas:  97% (955/984)
2022-04-08T09:01:05.0825459Z Resolving deltas:  98% (965/984)
2022-04-08T09:01:05.0829105Z Resolving deltas:  99% (975/984)
2022-04-08T09:01:05.0838281Z Resolving deltas: 100% (984/984)
2022-04-08T09:01:05.0838715Z Resolving deltas: 100% (984/984), done.
2022-04-08T09:01:05.1232129Z From https://github.com/exedio/persistence
2022-04-08T09:01:05.1233056Z  * [new ref]         ea2126bf4ff2565b95b3e319a37e34e5c0d81b7f -> origin/master
2022-04-08T09:01:05.1258068Z ##[endgroup]
2022-04-08T09:01:05.1258738Z ##[group]Determining the checkout info
2022-04-08T09:01:05.1260039Z ##[endgroup]
2022-04-08T09:01:05.1260697Z ##[group]Checking out the ref
2022-04-08T09:01:05.1265027Z [command]/usr/bin/git checkout --progress --force -B master refs/remotes/origin/master
2022-04-08T09:01:05.3394811Z Reset branch 'master'
2022-04-08T09:01:05.3395844Z branch 'master' set up to track 'origin/master'.
2022-04-08T09:01:05.3412003Z ##[endgroup]
2022-04-08T09:01:05.3453748Z [command]/usr/bin/git log -1 --format='%H'
2022-04-08T09:01:05.3479260Z 'ea2126bf4ff2565b95b3e319a37e34e5c0d81b7f'
2022-04-08T09:01:05.3742569Z ##[group]Run actions/setup-java@v2
2022-04-08T09:01:05.3742797Z with:
2022-04-08T09:01:05.3742983Z   java-version: 8
2022-04-08T09:01:05.3743180Z   distribution: adopt
2022-04-08T09:01:05.3743388Z   java-package: jdk
2022-04-08T09:01:05.3743594Z   architecture: x64
2022-04-08T09:01:05.3743784Z   check-latest: false
2022-04-08T09:01:05.3743987Z   server-id: github
2022-04-08T09:01:05.3744208Z   server-username: GITHUB_ACTOR
2022-04-08T09:01:05.3744452Z   server-password: GITHUB_TOKEN
2022-04-08T09:01:05.3744674Z   overwrite-settings: true
2022-04-08T09:01:05.3744904Z   job-status: success
2022-04-08T09:01:05.3745080Z ##[endgroup]
2022-04-08T09:01:05.5712039Z Resolved Java 8.0.292+1 from tool-cache
2022-04-08T09:01:05.5712445Z Setting Java 8.0.292+1 as the default
2022-04-08T09:01:05.5724452Z 
2022-04-08T09:01:05.5724831Z Java configuration:
2022-04-08T09:01:05.5725236Z   Distribution: adopt
2022-04-08T09:01:05.5725673Z   Version: 8.0.292+1
2022-04-08T09:01:05.5726649Z   Path: /opt/hostedtoolcache/Java_Adopt_jdk/8.0.292-1/x64
2022-04-08T09:01:05.5726873Z 
2022-04-08T09:01:05.5748196Z Creating settings.xml with server-id: github
2022-04-08T09:01:05.5832602Z Writing to /home/runner/.m2/settings.xml
2022-04-08T09:01:05.5995732Z ##[group]Run ant/bin/ant -noinput clean jenkins
2022-04-08T09:01:05.5996088Z [36;1mant/bin/ant -noinput clean jenkins[0m
2022-04-08T09:01:05.6050891Z shell: /usr/bin/bash -e {0}
2022-04-08T09:01:05.6051108Z env:
2022-04-08T09:01:05.6051355Z   JAVA_HOME: /opt/hostedtoolcache/Java_Adopt_jdk/8.0.292-1/x64
2022-04-08T09:01:05.6051747Z ##[endgroup]
2022-04-08T09:01:07.1391799Z Buildfile: /home/runner/work/persistence/persistence/build.xml
2022-04-08T09:01:07.7164470Z [which ant] Apache Ant(TM) version 1.10.7 compiled on October 24 2019
2022-04-08T09:01:07.7168034Z [which java] OpenJDK 64-Bit Server VM 1.8.0_292
2022-04-08T09:01:07.7185222Z [which java] JDK ==1.8
2022-04-08T09:01:07.8619145Z 
2022-04-08T09:01:07.8619455Z dsmf.clean:
2022-04-08T09:01:07.8678563Z 
2022-04-08T09:01:07.8678848Z runtime.clean:
2022-04-08T09:01:07.8844109Z 
2022-04-08T09:01:07.8844899Z instrument.clean:
2022-04-08T09:01:07.8845931Z 
2022-04-08T09:01:07.8846242Z clean:
2022-04-08T09:01:07.8930159Z 
2022-04-08T09:01:07.8930714Z dsmf.compile:
2022-04-08T09:01:07.8986257Z     [mkdir] Created dir: /home/runner/work/persistence/persistence/build/classes/dsmf/src
2022-04-08T09:01:07.9467318Z     [javac] Compiling 17 source files to /home/runner/work/persistence/persistence/build/classes/dsmf/src
2022-04-08T09:01:09.3640554Z 
2022-04-08T09:01:09.3643198Z instrument.anno.compile:
2022-04-08T09:01:09.3652133Z     [mkdir] Created dir: /home/runner/work/persistence/persistence/build/classes/instrument/annosrc
2022-04-08T09:01:09.3705931Z     [javac] Compiling 28 source files to /home/runner/work/persistence/persistence/build/classes/instrument/annosrc
2022-04-08T09:01:09.4562802Z 
2022-04-08T09:01:09.4586430Z runtime.core.compile:
2022-04-08T09:01:09.4624519Z     [mkdir] Created dir: /home/runner/work/persistence/persistence/build/classes/runtime/src
2022-04-08T09:01:09.5196319Z     [javac] Compiling 286 source files to /home/runner/work/persistence/persistence/build/classes/runtime/src
2022-04-08T09:01:09.9630095Z     [javac] /home/runner/work/persistence/persistence/lib/exedio-cope-util.jar(com/exedio/cope/util/Pool.class): warning: Cannot find annotation method 'value()' in type 'SuppressFBWarnings': class file for edu.umd.cs.findbugs.annotations.SuppressFBWarnings not found
2022-04-08T09:01:09.9804223Z     [javac] /home/runner/work/persistence/persistence/lib/exedio-cope-util.jar(com/exedio/cope/util/Hex.class): warning: Cannot find annotation method 'value()' in type 'SuppressFBWarnings'
2022-04-08T09:01:11.8361896Z     [javac] 2 warnings
2022-04-08T09:01:11.8460915Z 
2022-04-08T09:01:11.8461562Z runtime.pattern.compile:
2022-04-08T09:01:11.8470866Z     [mkdir] Created dir: /home/runner/work/persistence/persistence/build/classes/runtime/patternsrc
2022-04-08T09:01:11.8679545Z     [javac] Compiling 123 source files to /home/runner/work/persistence/persistence/build/classes/runtime/patternsrc
2022-04-08T09:01:11.9904766Z     [javac] /home/runner/work/persistence/persistence/lib/exedio-cope-util.jar(com/exedio/cope/util/Hex.class): warning: Cannot find annotation method 'value()' in type 'SuppressFBWarnings': class file for edu.umd.cs.findbugs.annotations.SuppressFBWarnings not found
2022-04-08T09:01:12.5633010Z     [javac] 1 warning
2022-04-08T09:01:12.5662644Z 
2022-04-08T09:01:12.5665058Z runtime.servlet.compile:
2022-04-08T09:01:12.5673326Z     [mkdir] Created dir: /home/runner/work/persistence/persistence/build/classes/runtime/servletsrc
2022-04-08T09:01:12.5722639Z     [javac] Compiling 63 source files to /home/runner/work/persistence/persistence/build/classes/runtime/servletsrc
2022-04-08T09:01:12.6515936Z     [javac] /home/runner/work/persistence/persistence/lib/exedio-cope-util.jar(com/exedio/cope/util/Hex.class): warning: Cannot find annotation method 'value()' in type 'SuppressFBWarnings': class file for edu.umd.cs.findbugs.annotations.SuppressFBWarnings not found
2022-04-08T09:01:12.6553643Z     [javac] /home/runner/work/persistence/persistence/lib/exedio-cope-util.jar(com/exedio/cope/util/Pool.class): warning: Cannot find annotation method 'value()' in type 'SuppressFBWarnings'
2022-04-08T09:01:12.9536647Z     [javac] 2 warnings
2022-04-08T09:01:12.9563225Z 
2022-04-08T09:01:12.9565744Z runtime.compile:
2022-04-08T09:01:12.9568233Z 
2022-04-08T09:01:12.9570470Z instrument.core.compile:
2022-04-08T09:01:12.9577438Z [JAVA_HOME] /opt/hostedtoolcache/Java_Adopt_jdk/8.0.292-1/x64
2022-04-08T09:01:12.9586573Z     [mkdir] Created dir: /home/runner/work/persistence/persistence/build/classes/instrument/src
2022-04-08T09:01:12.9659363Z     [javac] Compiling 44 source files to /home/runner/work/persistence/persistence/build/classes/instrument/src
2022-04-08T09:01:13.3264542Z 
2022-04-08T09:01:13.3265374Z instrument.ant.compile:
2022-04-08T09:01:13.3271731Z     [mkdir] Created dir: /home/runner/work/persistence/persistence/build/classes/instrument/antsrc
2022-04-08T09:01:13.3309140Z     [javac] Compiling 1 source file to /home/runner/work/persistence/persistence/build/classes/instrument/antsrc
2022-04-08T09:01:13.3738345Z      [copy] Copying 1 file to /home/runner/work/persistence/persistence/build/classes/instrument/antsrc
2022-04-08T09:01:13.3805000Z 
2022-04-08T09:01:13.3805550Z instrument.completion.compile:
2022-04-08T09:01:13.3809383Z     [mkdir] Created dir: /home/runner/work/persistence/persistence/build/classes/instrument/completionsrc
2022-04-08T09:01:13.3835331Z     [javac] Compiling 1 source file to /home/runner/work/persistence/persistence/build/classes/instrument/completionsrc
2022-04-08T09:01:13.4124123Z      [copy] Copying 1 file to /home/runner/work/persistence/persistence/build/classes/instrument/completionsrc
2022-04-08T09:01:13.4129749Z 
2022-04-08T09:01:13.4130219Z instrument.compile:
2022-04-08T09:01:13.4130533Z 
2022-04-08T09:01:13.4130813Z instrument.taskdef:
2022-04-08T09:01:13.4198340Z     [mkdir] Created dir: /home/runner/work/persistence/persistence/build/timestamps
2022-04-08T09:01:13.4198798Z 
2022-04-08T09:01:13.4200555Z runtime.servlet.test.instrument:
2022-04-08T09:01:13.4538772Z [instrument] Instrumenting in JavacTool mode (1.8.0_292).
2022-04-08T09:01:13.8549925Z [instrument] SLF4J: Failed to load class "org.slf4j.impl.StaticLoggerBinder".
2022-04-08T09:01:13.8554492Z [instrument] SLF4J: Defaulting to no-operation (NOP) logger implementation
2022-04-08T09:01:13.8558251Z [instrument] SLF4J: See http://www.slf4j.org/codes.html#StaticLoggerBinder for further details.
2022-04-08T09:01:14.3098229Z 
2022-04-08T09:01:14.3100822Z runtime.dialect.compile:
2022-04-08T09:01:14.3146217Z      [echo] Compiling dialect hsqldb with deliberately-does-notexist.jar.
2022-04-08T09:01:14.3158046Z     [mkdir] Created dir: /home/runner/work/persistence/persistence/build/classes/runtime/hsqldbsrc
2022-04-08T09:01:14.3182883Z     [javac] Compiling 3 source files to /home/runner/work/persistence/persistence/build/classes/runtime/hsqldbsrc
2022-04-08T09:01:14.3430221Z     [javac] /home/runner/work/persistence/persistence/lib/exedio-cope-util.jar(com/exedio/cope/util/Hex.class): warning: Cannot find annotation method 'value()' in type 'SuppressFBWarnings': class file for edu.umd.cs.findbugs.annotations.SuppressFBWarnings not found
2022-04-08T09:01:14.3750292Z     [javac] 1 warning
2022-04-08T09:01:14.3767006Z      [copy] Copying 1 file to /home/runner/work/persistence/persistence/build/classes/runtime/hsqldbsrc
2022-04-08T09:01:14.3806728Z      [copy] Copying 7 files to /home/runner/work/persistence/persistence/build/classes/runtime/dialects
2022-04-08T09:01:14.3875194Z      [copy] Copied 6 empty directories to 2 empty directories under /home/runner/work/persistence/persistence/build/classes/runtime/dialects
2022-04-08T09:01:14.3939315Z      [echo] Compiling dialect mysql with deliberately-does-notexist.jar.
2022-04-08T09:01:14.3945859Z     [mkdir] Created dir: /home/runner/work/persistence/persistence/build/classes/runtime/mysqlsrc
2022-04-08T09:01:14.3992642Z     [javac] Compiling 6 source files to /home/runner/work/persistence/persistence/build/classes/runtime/mysqlsrc
2022-04-08T09:01:14.4241173Z     [javac] /home/runner/work/persistence/persistence/lib/exedio-cope-util.jar(com/exedio/cope/util/Hex.class): warning: Cannot find annotation method 'value()' in type 'SuppressFBWarnings': class file for edu.umd.cs.findbugs.annotations.SuppressFBWarnings not found
2022-04-08T09:01:14.4725457Z     [javac] 1 warning
2022-04-08T09:01:14.4762226Z      [copy] Copying 1 file to /home/runner/work/persistence/persistence/build/classes/runtime/mysqlsrc
2022-04-08T09:01:14.4792584Z      [copy] Copying 6 files to /home/runner/work/persistence/persistence/build/classes/runtime/dialects
2022-04-08T09:01:14.4828564Z      [echo] Compiling dialect postgresql with deliberately-does-notexist.jar.
2022-04-08T09:01:14.4841931Z     [mkdir] Created dir: /home/runner/work/persistence/persistence/build/classes/runtime/postgresqlsrc
2022-04-08T09:01:14.4880361Z     [javac] Compiling 5 source files to /home/runner/work/persistence/persistence/build/classes/runtime/postgresqlsrc
2022-04-08T09:01:14.5260337Z     [javac] /home/runner/work/persistence/persistence/lib/exedio-cope-util.jar(com/exedio/cope/util/Hex.class): warning: Cannot find annotation method 'value()' in type 'SuppressFBWarnings': class file for edu.umd.cs.findbugs.annotations.SuppressFBWarnings not found
2022-04-08T09:01:14.5580695Z     [javac] 1 warning
2022-04-08T09:01:14.5600982Z      [copy] Copying 1 file to /home/runner/work/persistence/persistence/build/classes/runtime/postgresqlsrc
2022-04-08T09:01:14.5630662Z      [copy] Copying 6 files to /home/runner/work/persistence/persistence/build/classes/runtime/dialects
2022-04-08T09:01:14.5670149Z      [echo] Concatenating DialectUrlMapper for hsqldb.
2022-04-08T09:01:14.5805676Z      [echo] Concatenating DialectUrlMapper for mysql.
2022-04-08T09:01:14.5829744Z      [echo] Concatenating DialectUrlMapper for postgresql.
2022-04-08T09:01:14.5838647Z 
2022-04-08T09:01:14.5840924Z runtime.servlet.test.web:
2022-04-08T09:01:14.5859444Z     [mkdir] Created dir: /home/runner/work/persistence/persistence/build/classes/runtime/servlettestsrc
2022-04-08T09:01:14.5889576Z     [javac] Compiling 7 source files to /home/runner/work/persistence/persistence/build/classes/runtime/servlettestsrc
2022-04-08T09:01:14.6674166Z      [copy] Copying 8 files to /home/runner/work/persistence/persistence/build/classes/runtime/servlettestsrc
2022-04-08T09:01:14.7115374Z      [copy] Copying 770 files to /home/runner/work/persistence/persistence/runtime/servlettestweb/WEB-INF/classes
2022-04-08T09:01:14.8754684Z      [copy] Copying 1 file to /home/runner/work/persistence/persistence/runtime/servlettestweb/WEB-INF/classes
2022-04-08T09:01:14.8795854Z      [copy] Copying 12 files to /home/runner/work/persistence/persistence/runtime/servlettestweb/WEB-INF/lib
2022-04-08T09:01:14.8927271Z 
2022-04-08T09:01:14.8930129Z runtime.test.feature.compile:
2022-04-08T09:01:14.8936909Z     [mkdir] Created dir: /home/runner/work/persistence/persistence/build/classes/runtime/testfeaturesrc
2022-04-08T09:01:14.8975420Z     [javac] Compiling 14 source files to /home/runner/work/persistence/persistence/build/classes/runtime/testfeaturesrc
2022-04-08T09:01:14.9770236Z 
2022-04-08T09:01:14.9772840Z runtime.test.instrument:
2022-04-08T09:01:15.0013279Z [instrument] Instrumenting in JavacTool mode (1.8.0_292).
2022-04-08T09:01:26.5095816Z 
2022-04-08T09:01:26.5096442Z runtime.test.compile:
2022-04-08T09:01:26.5107803Z     [mkdir] Created dir: /home/runner/work/persistence/persistence/build/classes/runtime/testsrc
2022-04-08T09:01:26.5605510Z     [javac] Compiling 1070 source files to /home/runner/work/persistence/persistence/build/classes/runtime/testsrc
2022-04-08T09:01:27.0533390Z     [javac] /home/runner/work/persistence/persistence/lib/exedio-cope-util.jar(com/exedio/cope/util/Hex.class): warning: Cannot find annotation method 'value()' in type 'SuppressFBWarnings': class file for edu.umd.cs.findbugs.annotations.SuppressFBWarnings not found
2022-04-08T09:01:27.0543797Z     [javac] /home/runner/work/persistence/persistence/lib/exedio-cope-util.jar(com/exedio/cope/util/Properties$Field.class): warning: Cannot find annotation method 'value()' in type 'SuppressFBWarnings'
2022-04-08T09:01:30.5213917Z     [javac] /home/runner/work/persistence/persistence/lib/exedio-cope-util.jar(com/exedio/cope/util/Pool.class): warning: Cannot find annotation method 'value()' in type 'SuppressFBWarnings'
2022-04-08T09:01:33.7514812Z     [javac] 3 warnings
2022-04-08T09:01:33.7662053Z      [copy] Copying 20 files to /home/runner/work/persistence/persistence/build/classes/runtime/testsrc
2022-04-08T09:01:33.7690610Z 
2022-04-08T09:01:33.7691968Z runtime.servlet.webtest.compile:
2022-04-08T09:01:33.7706052Z     [mkdir] Created dir: /home/runner/work/persistence/persistence/build/classes/runtime/servlettestwebsrc
2022-04-08T09:01:33.7753503Z     [javac] Compiling 1 source file to /home/runner/work/persistence/persistence/build/classes/runtime/servlettestwebsrc
2022-04-08T09:01:33.8285264Z 
2022-04-08T09:01:33.8286716Z instrument.testfeature.compile:
2022-04-08T09:01:33.8291805Z     [mkdir] Created dir: /home/runner/work/persistence/persistence/build/classes/instrument/testfeaturesrc
2022-04-08T09:01:33.8343799Z     [javac] Compiling 39 source files to /home/runner/work/persistence/persistence/build/classes/instrument/testfeaturesrc
2022-04-08T09:01:33.8917674Z 
2022-04-08T09:01:33.8924007Z instrument.test.libinstrument:
2022-04-08T09:01:33.9004675Z [instrument] Instrumenting in JavacTool mode (1.8.0_292).
2022-04-08T09:01:33.9932064Z 
2022-04-08T09:01:33.9933490Z instrument.test.libcompile:
2022-04-08T09:01:33.9971066Z     [mkdir] Created dir: /home/runner/work/persistence/persistence/build/classes/instrument/testlibsrc
2022-04-08T09:01:34.0005248Z     [javac] Compiling 7 source files to /home/runner/work/persistence/persistence/build/classes/instrument/testlibsrc
2022-04-08T09:01:34.0873100Z 
2022-04-08T09:01:34.0875652Z instrument.test.srcinstrument:
2022-04-08T09:01:34.0881184Z instrument parameter timestampFile is deprecated - no longer required
2022-04-08T09:01:34.0969300Z [instrument] Instrumenting in JavacTool mode (1.8.0_292).
2022-04-08T09:01:34.9643962Z 
2022-04-08T09:01:34.9644695Z instrument.test.compile:
2022-04-08T09:01:34.9648450Z     [mkdir] Created dir: /home/runner/work/persistence/persistence/build/classes/instrument/testsrc
2022-04-08T09:01:34.9719787Z     [javac] Compiling 106 source files to /home/runner/work/persistence/persistence/build/classes/instrument/testsrc
2022-04-08T09:01:35.1838865Z 
2022-04-08T09:01:35.1839276Z instrument.test.paramssrcinstrument:
2022-04-08T09:01:35.1900204Z [instrument] Instrumenting in JavacTool mode (1.8.0_292).
2022-04-08T09:01:35.2345440Z 
2022-04-08T09:01:35.2345816Z instrument.testparams.compile:
2022-04-08T09:01:35.2349420Z     [mkdir] Created dir: /home/runner/work/persistence/persistence/build/classes/instrument/testparamssrc
2022-04-08T09:01:35.2361398Z     [javac] Compiling 2 source files to /home/runner/work/persistence/persistence/build/classes/instrument/testparamssrc
2022-04-08T09:01:35.2502199Z 
2022-04-08T09:01:35.2502516Z compile:
2022-04-08T09:01:35.2617234Z 
2022-04-08T09:01:35.2619636Z runtime.test.readyToRun:
2022-04-08T09:01:35.2619826Z 
2022-04-08T09:01:35.2619929Z runtime.test.withoutEnv:
2022-04-08T09:01:35.2620262Z     [mkdir] Created dir: /home/runner/work/persistence/persistence/build/testresults
2022-04-08T09:01:35.2778228Z     [mkdir] Created dir: /home/runner/work/persistence/persistence/build/testtmpdir
2022-04-08T09:01:43.3306301Z     [junit] com.exedio.cope.JavaVersion ==1.8
2022-04-08T09:01:44.0321439Z     [junit] com.exedio.cope.ClusterNetworkTest 224.0.0.42 {A=14446, B=14447, C=14448}
2022-04-08T09:01:54.8455235Z     [junit] default TimeZone GMT Locale en_US
2022-04-08T09:01:55.0136839Z     [junit] 
2022-04-08T09:01:55.0141077Z     [junit] Failures (14):
2022-04-08T09:01:55.0141755Z     [junit]   JUnit Jupiter:VaultFileServicePropertiesProbeTest:probeGroups()
2022-04-08T09:01:55.0142792Z     [junit]     MethodSource [className = 'com.exedio.cope.vault.VaultFileServicePropertiesProbeTest', methodName = 'probeGroups', methodParameterTypes = '']
2022-04-08T09:01:55.0143845Z     [junit]     => java.lang.RuntimeException: copevaultfilesv2
2022-04-08T09:01:55.0146445Z     [junit]        com.exedio.cope.vault.VaultFileService.lookupGroup(VaultFileService.java:515)
2022-04-08T09:01:55.0147051Z     [junit]        com.exedio.cope.vault.VaultFileService$Props.probeGroup(VaultFileService.java:408)
2022-04-08T09:01:55.0147763Z     [junit]        com.exedio.cope.vault.VaultFileService$Props.probeDirectoryGroup(VaultFileService.java:398)
2022-04-08T09:01:55.0148339Z     [junit]        sun.reflect.NativeMethodAccessorImpl.invoke0(Native Method)
2022-04-08T09:01:55.0280598Z     [junit]        sun.reflect.NativeMethodAccessorImpl.invoke(NativeMethodAccessorImpl.java:62)
2022-04-08T09:01:55.0281172Z     [junit]        sun.reflect.DelegatingMethodAccessorImpl.invoke(DelegatingMethodAccessorImpl.java:43)
2022-04-08T09:01:55.0281625Z     [junit]        java.lang.reflect.Method.invoke(Method.java:498)
2022-04-08T09:01:55.0282020Z     [junit]        com.exedio.cope.util.Properties$Prober.call(Properties.java:1183)
2022-04-08T09:01:55.0282581Z     [junit]        com.exedio.cope.vault.VaultFileServicePropertiesProbeTest.probeGroups(VaultFileServicePropertiesProbeTest.java:555)
2022-04-08T09:01:55.0283137Z     [junit]        sun.reflect.NativeMethodAccessorImpl.invoke0(Native Method)
2022-04-08T09:01:55.0283445Z     [junit]        [...]
2022-04-08T09:01:55.0283741Z     [junit]   JUnit Jupiter:VaultFileServicePosixGroupTest:putStreamInfo()
2022-04-08T09:01:55.0284558Z     [junit]     MethodSource [className = 'com.exedio.cope.vault.VaultFileServicePosixGroupTest', methodName = 'putStreamInfo', methodParameterTypes = '']
2022-04-08T09:01:55.0285039Z     [junit]     => java.lang.RuntimeException: copevaultfilesv1
2022-04-08T09:01:55.0285456Z     [junit]        com.exedio.cope.vault.VaultFileService.lookupGroup(VaultFileService.java:515)
2022-04-08T09:01:55.0285943Z     [junit]        com.exedio.cope.vault.VaultFileService.setPermissions(VaultFileService.java:244)
2022-04-08T09:01:55.0286419Z     [junit]        com.exedio.cope.vault.VaultFileService.put(VaultFileService.java:209)
2022-04-08T09:01:55.0286855Z     [junit]        com.exedio.cope.vault.VaultFileService.put(VaultFileService.java:165)
2022-04-08T09:01:55.0287319Z     [junit]        com.exedio.cope.vaulttest.VaultServiceTest.putStreamInfo(VaultServiceTest.java:216)
2022-04-08T09:01:55.0287788Z     [junit]        sun.reflect.NativeMethodAccessorImpl.invoke0(Native Method)
2022-04-08T09:01:55.0288236Z     [junit]        sun.reflect.NativeMethodAccessorImpl.invoke(NativeMethodAccessorImpl.java:62)
2022-04-08T09:01:55.0288739Z     [junit]        sun.reflect.DelegatingMethodAccessorImpl.invoke(DelegatingMethodAccessorImpl.java:43)
2022-04-08T09:01:55.0289154Z     [junit]        java.lang.reflect.Method.invoke(Method.java:498)
2022-04-08T09:01:55.0289601Z     [junit]        org.junit.platform.commons.util.ReflectionUtils.invokeMethod(ReflectionUtils.java:515)
2022-04-08T09:01:55.0289972Z     [junit]        [...]
2022-04-08T09:01:55.0290268Z     [junit]   JUnit Jupiter:VaultFileServicePosixGroupTest:foundGetBytes()
2022-04-08T09:01:55.0290913Z     [junit]     MethodSource [className = 'com.exedio.cope.vault.VaultFileServicePosixGroupTest', methodName = 'foundGetBytes', methodParameterTypes = '']
2022-04-08T09:01:55.0291382Z     [junit]     => java.lang.RuntimeException: copevaultfilesv1
2022-04-08T09:01:55.0291797Z     [junit]        com.exedio.cope.vault.VaultFileService.lookupGroup(VaultFileService.java:515)
2022-04-08T09:01:55.0292261Z     [junit]        com.exedio.cope.vault.VaultFileService.setPermissions(VaultFileService.java:244)
2022-04-08T09:01:55.0292720Z     [junit]        com.exedio.cope.vault.VaultFileService.put(VaultFileService.java:209)
2022-04-08T09:01:55.0293144Z     [junit]        com.exedio.cope.vault.VaultFileService.put(VaultFileService.java:154)
2022-04-08T09:01:55.0293592Z     [junit]        com.exedio.cope.vaulttest.VaultServiceTest.putHash(VaultServiceTest.java:288)
2022-04-08T09:01:55.0294314Z     [junit]        com.exedio.cope.vaulttest.VaultServiceTest.foundGetBytes(VaultServiceTest.java:172)
2022-04-08T09:01:55.0294774Z     [junit]        sun.reflect.NativeMethodAccessorImpl.invoke0(Native Method)
2022-04-08T09:01:55.0295224Z     [junit]        sun.reflect.NativeMethodAccessorImpl.invoke(NativeMethodAccessorImpl.java:62)
2022-04-08T09:01:55.0295719Z     [junit]        sun.reflect.DelegatingMethodAccessorImpl.invoke(DelegatingMethodAccessorImpl.java:43)
2022-04-08T09:01:55.0297267Z     [junit]        java.lang.reflect.Method.invoke(Method.java:498)
2022-04-08T09:01:55.0297539Z     [junit]        [...]
2022-04-08T09:01:55.0297835Z     [junit]   JUnit Jupiter:VaultFileServicePosixGroupTest:putStream()
2022-04-08T09:01:55.0298463Z     [junit]     MethodSource [className = 'com.exedio.cope.vault.VaultFileServicePosixGroupTest', methodName = 'putStream', methodParameterTypes = '']
2022-04-08T09:01:55.0298942Z     [junit]     => java.lang.RuntimeException: copevaultfilesv1
2022-04-08T09:01:55.0299356Z     [junit]        com.exedio.cope.vault.VaultFileService.lookupGroup(VaultFileService.java:515)
2022-04-08T09:01:55.0299849Z     [junit]        com.exedio.cope.vault.VaultFileService.setPermissions(VaultFileService.java:244)
2022-04-08T09:01:55.0300299Z     [junit]        com.exedio.cope.vault.VaultFileService.put(VaultFileService.java:209)
2022-04-08T09:01:55.0300732Z     [junit]        com.exedio.cope.vault.VaultFileService.put(VaultFileService.java:165)
2022-04-08T09:01:55.0301195Z     [junit]        com.exedio.cope.vaulttest.VaultServiceTest.putStream(VaultServiceTest.java:206)
2022-04-08T09:01:55.0301633Z     [junit]        sun.reflect.NativeMethodAccessorImpl.invoke0(Native Method)
2022-04-08T09:01:55.0302071Z     [junit]        sun.reflect.NativeMethodAccessorImpl.invoke(NativeMethodAccessorImpl.java:62)
2022-04-08T09:01:55.0302566Z     [junit]        sun.reflect.DelegatingMethodAccessorImpl.invoke(DelegatingMethodAccessorImpl.java:43)
2022-04-08T09:01:55.0302993Z     [junit]        java.lang.reflect.Method.invoke(Method.java:498)
2022-04-08T09:01:55.0303427Z     [junit]        org.junit.platform.commons.util.ReflectionUtils.invokeMethod(ReflectionUtils.java:515)
2022-04-08T09:01:55.0303788Z     [junit]        [...]
2022-04-08T09:01:55.0304089Z     [junit]   JUnit Jupiter:VaultFileServicePosixGroupTest:foundGetLength()
2022-04-08T09:01:55.0304717Z     [junit]     MethodSource [className = 'com.exedio.cope.vault.VaultFileServicePosixGroupTest', methodName = 'foundGetLength', methodParameterTypes = '']
2022-04-08T09:01:55.0305186Z     [junit]     => java.lang.RuntimeException: copevaultfilesv1
2022-04-08T09:01:55.0305594Z     [junit]        com.exedio.cope.vault.VaultFileService.lookupGroup(VaultFileService.java:515)
2022-04-08T09:01:55.0306076Z     [junit]        com.exedio.cope.vault.VaultFileService.setPermissions(VaultFileService.java:244)
2022-04-08T09:01:55.0306516Z     [junit]        com.exedio.cope.vault.VaultFileService.put(VaultFileService.java:209)
2022-04-08T09:01:55.0306939Z     [junit]        com.exedio.cope.vault.VaultFileService.put(VaultFileService.java:154)
2022-04-08T09:01:55.0307394Z     [junit]        com.exedio.cope.vaulttest.VaultServiceTest.putHash(VaultServiceTest.java:288)
2022-04-08T09:01:55.0307887Z     [junit]        com.exedio.cope.vaulttest.VaultServiceTest.foundGetLength(VaultServiceTest.java:166)
2022-04-08T09:01:55.0308349Z     [junit]        sun.reflect.NativeMethodAccessorImpl.invoke0(Native Method)
2022-04-08T09:01:55.0308784Z     [junit]        sun.reflect.NativeMethodAccessorImpl.invoke(NativeMethodAccessorImpl.java:62)
2022-04-08T09:01:55.0309277Z     [junit]        sun.reflect.DelegatingMethodAccessorImpl.invoke(DelegatingMethodAccessorImpl.java:43)
2022-04-08T09:01:55.0309695Z     [junit]        java.lang.reflect.Method.invoke(Method.java:498)
2022-04-08T09:01:55.0309960Z     [junit]        [...]
2022-04-08T09:01:55.0310253Z     [junit]   JUnit Jupiter:VaultFileServicePosixGroupTest:putMany()
2022-04-08T09:01:55.0310966Z     [junit]     MethodSource [className = 'com.exedio.cope.vault.VaultFileServicePosixGroupTest', methodName = 'putMany', methodParameterTypes = '']
2022-04-08T09:01:55.0311425Z     [junit]     => java.lang.RuntimeException: copevaultfilesv1
2022-04-08T09:01:55.0311832Z     [junit]        com.exedio.cope.vault.VaultFileService.lookupGroup(VaultFileService.java:515)
2022-04-08T09:01:55.0312310Z     [junit]        com.exedio.cope.vault.VaultFileService.setPermissions(VaultFileService.java:244)
2022-04-08T09:01:55.0312834Z     [junit]        com.exedio.cope.vault.VaultFileService.put(VaultFileService.java:209)
2022-04-08T09:01:55.0313257Z     [junit]        com.exedio.cope.vault.VaultFileService.put(VaultFileService.java:154)
2022-04-08T09:01:55.0313701Z     [junit]        com.exedio.cope.vaulttest.VaultServiceTest.putMany(VaultServiceTest.java:255)
2022-04-08T09:01:55.0314133Z     [junit]        sun.reflect.NativeMethodAccessorImpl.invoke0(Native Method)
2022-04-08T09:01:55.0314561Z     [junit]        sun.reflect.NativeMethodAccessorImpl.invoke(NativeMethodAccessorImpl.java:62)
2022-04-08T09:01:55.0315067Z     [junit]        sun.reflect.DelegatingMethodAccessorImpl.invoke(DelegatingMethodAccessorImpl.java:43)
2022-04-08T09:01:55.0315498Z     [junit]        java.lang.reflect.Method.invoke(Method.java:498)
2022-04-08T09:01:55.0315945Z     [junit]        org.junit.platform.commons.util.ReflectionUtils.invokeMethod(ReflectionUtils.java:515)
2022-04-08T09:01:55.0316305Z     [junit]        [...]
2022-04-08T09:01:55.0316594Z     [junit]   JUnit Jupiter:VaultFileServicePosixGroupTest:putPath()
2022-04-08T09:01:55.0317218Z     [junit]     MethodSource [className = 'com.exedio.cope.vault.VaultFileServicePosixGroupTest', methodName = 'putPath', methodParameterTypes = '']
2022-04-08T09:01:55.0317675Z     [junit]     => java.lang.RuntimeException: copevaultfilesv1
2022-04-08T09:01:55.0318073Z     [junit]        com.exedio.cope.vault.VaultFileService.lookupGroup(VaultFileService.java:515)
2022-04-08T09:01:55.0318560Z     [junit]        com.exedio.cope.vault.VaultFileService.setPermissions(VaultFileService.java:244)
2022-04-08T09:01:55.0319017Z     [junit]        com.exedio.cope.vault.VaultFileService.put(VaultFileService.java:209)
2022-04-08T09:01:55.0319426Z     [junit]        com.exedio.cope.vault.VaultFileService.put(VaultFileService.java:187)
2022-04-08T09:01:55.0319879Z     [junit]        com.exedio.cope.vaulttest.VaultServiceTest.putPath(VaultServiceTest.java:230)
2022-04-08T09:01:55.0320317Z     [junit]        sun.reflect.NativeMethodAccessorImpl.invoke0(Native Method)
2022-04-08T09:01:55.0320746Z     [junit]        sun.reflect.NativeMethodAccessorImpl.invoke(NativeMethodAccessorImpl.java:62)
2022-04-08T09:01:55.0321229Z     [junit]        sun.reflect.DelegatingMethodAccessorImpl.invoke(DelegatingMethodAccessorImpl.java:43)
2022-04-08T09:01:55.0321657Z     [junit]        java.lang.reflect.Method.invoke(Method.java:498)
2022-04-08T09:01:55.0322094Z     [junit]        org.junit.platform.commons.util.ReflectionUtils.invokeMethod(ReflectionUtils.java:515)
2022-04-08T09:01:55.0322442Z     [junit]        [...]
2022-04-08T09:01:55.0322744Z     [junit]   JUnit Jupiter:VaultFileServicePosixGroupTest:foundGetStream()
2022-04-08T09:01:55.0323385Z     [junit]     MethodSource [className = 'com.exedio.cope.vault.VaultFileServicePosixGroupTest', methodName = 'foundGetStream', methodParameterTypes = '']
2022-04-08T09:01:55.0323850Z     [junit]     => java.lang.RuntimeException: copevaultfilesv1
2022-04-08T09:01:55.0324251Z     [junit]        com.exedio.cope.vault.VaultFileService.lookupGroup(VaultFileService.java:515)
2022-04-08T09:01:55.0324779Z     [junit]        com.exedio.cope.vault.VaultFileService.setPermissions(VaultFileService.java:244)
2022-04-08T09:01:55.0325244Z     [junit]        com.exedio.cope.vault.VaultFileService.put(VaultFileService.java:209)
2022-04-08T09:01:55.0325668Z     [junit]        com.exedio.cope.vault.VaultFileService.put(VaultFileService.java:154)
2022-04-08T09:01:55.0326113Z     [junit]        com.exedio.cope.vaulttest.VaultServiceTest.putHash(VaultServiceTest.java:288)
2022-04-08T09:01:55.0326669Z     [junit]        com.exedio.cope.vaulttest.VaultServiceTest.foundGetStream(VaultServiceTest.java:178)
2022-04-08T09:01:55.0327135Z     [junit]        sun.reflect.NativeMethodAccessorImpl.invoke0(Native Method)
2022-04-08T09:01:55.0327566Z     [junit]        sun.reflect.NativeMethodAccessorImpl.invoke(NativeMethodAccessorImpl.java:62)
2022-04-08T09:01:55.0328112Z     [junit]        sun.reflect.DelegatingMethodAccessorImpl.invoke(DelegatingMethodAccessorImpl.java:43)
2022-04-08T09:01:55.0328539Z     [junit]        java.lang.reflect.Method.invoke(Method.java:498)
2022-04-08T09:01:55.0328799Z     [junit]        [...]
2022-04-08T09:01:55.0329088Z     [junit]   JUnit Jupiter:VaultFileServicePosixGroupTest:putBytesInfo()
2022-04-08T09:01:55.0329735Z     [junit]     MethodSource [className = 'com.exedio.cope.vault.VaultFileServicePosixGroupTest', methodName = 'putBytesInfo', methodParameterTypes = '']
2022-04-08T09:01:55.0330218Z     [junit]     => java.lang.RuntimeException: copevaultfilesv1
2022-04-08T09:01:55.0330618Z     [junit]        com.exedio.cope.vault.VaultFileService.lookupGroup(VaultFileService.java:515)
2022-04-08T09:01:55.0374483Z     [junit]        com.exedio.cope.vault.VaultFileService.setPermissions(VaultFileService.java:244)
2022-04-08T09:01:55.0375124Z     [junit]        com.exedio.cope.vault.VaultFileService.put(VaultFileService.java:209)
2022-04-08T09:01:55.0375596Z     [junit]        com.exedio.cope.vault.VaultFileService.put(VaultFileService.java:154)
2022-04-08T09:01:55.0376921Z     [junit]        com.exedio.cope.vaulttest.VaultServiceTest.putBytesInfo(VaultServiceTest.java:196)
2022-04-08T09:01:55.0377385Z     [junit]        sun.reflect.NativeMethodAccessorImpl.invoke0(Native Method)
2022-04-08T09:01:55.0377837Z     [junit]        sun.reflect.NativeMethodAccessorImpl.invoke(NativeMethodAccessorImpl.java:62)
2022-04-08T09:01:55.0378336Z     [junit]        sun.reflect.DelegatingMethodAccessorImpl.invoke(DelegatingMethodAccessorImpl.java:43)
2022-04-08T09:01:55.0378757Z     [junit]        java.lang.reflect.Method.invoke(Method.java:498)
2022-04-08T09:01:55.0379206Z     [junit]        org.junit.platform.commons.util.ReflectionUtils.invokeMethod(ReflectionUtils.java:515)
2022-04-08T09:01:55.0379560Z     [junit]        [...]
2022-04-08T09:01:55.0379852Z     [junit]   JUnit Jupiter:VaultFileServicePosixGroupTest:putPathInfo()
2022-04-08T09:01:55.0380652Z     [junit]     MethodSource [className = 'com.exedio.cope.vault.VaultFileServicePosixGroupTest', methodName = 'putPathInfo', methodParameterTypes = '']
2022-04-08T09:01:55.0381139Z     [junit]     => java.lang.RuntimeException: copevaultfilesv1
2022-04-08T09:01:55.0381552Z     [junit]        com.exedio.cope.vault.VaultFileService.lookupGroup(VaultFileService.java:515)
2022-04-08T09:01:55.0382039Z     [junit]        com.exedio.cope.vault.VaultFileService.setPermissions(VaultFileService.java:244)
2022-04-08T09:01:55.0382505Z     [junit]        com.exedio.cope.vault.VaultFileService.put(VaultFileService.java:209)
2022-04-08T09:01:55.0382926Z     [junit]        com.exedio.cope.vault.VaultFileService.put(VaultFileService.java:187)
2022-04-08T09:01:55.0383385Z     [junit]        com.exedio.cope.vaulttest.VaultServiceTest.putPathInfo(VaultServiceTest.java:244)
2022-04-08T09:01:55.0383840Z     [junit]        sun.reflect.NativeMethodAccessorImpl.invoke0(Native Method)
2022-04-08T09:01:55.0384285Z     [junit]        sun.reflect.NativeMethodAccessorImpl.invoke(NativeMethodAccessorImpl.java:62)
2022-04-08T09:01:55.0384781Z     [junit]        sun.reflect.DelegatingMethodAccessorImpl.invoke(DelegatingMethodAccessorImpl.java:43)
2022-04-08T09:01:55.0385201Z     [junit]        java.lang.reflect.Method.invoke(Method.java:498)
2022-04-08T09:01:55.0385643Z     [junit]        org.junit.platform.commons.util.ReflectionUtils.invokeMethod(ReflectionUtils.java:515)
2022-04-08T09:01:55.0386019Z     [junit]        [...]
2022-04-08T09:01:55.0386301Z     [junit]   JUnit Jupiter:VaultFileServicePosixGroupTest:putBytes()
2022-04-08T09:01:55.0387189Z     [junit]     MethodSource [className = 'com.exedio.cope.vault.VaultFileServicePosixGroupTest', methodName = 'putBytes', methodParameterTypes = '']
2022-04-08T09:01:55.0387679Z     [junit]     => java.lang.RuntimeException: copevaultfilesv1
2022-04-08T09:01:55.0388095Z     [junit]        com.exedio.cope.vault.VaultFileService.lookupGroup(VaultFileService.java:515)
2022-04-08T09:01:55.0388658Z     [junit]        com.exedio.cope.vault.VaultFileService.setPermissions(VaultFileService.java:244)
2022-04-08T09:01:55.0389116Z     [junit]        com.exedio.cope.vault.VaultFileService.put(VaultFileService.java:209)
2022-04-08T09:01:55.0389551Z     [junit]        com.exedio.cope.vault.VaultFileService.put(VaultFileService.java:154)
2022-04-08T09:01:55.0390000Z     [junit]        com.exedio.cope.vaulttest.VaultServiceTest.putBytes(VaultServiceTest.java:187)
2022-04-08T09:01:55.0390437Z     [junit]        sun.reflect.NativeMethodAccessorImpl.invoke0(Native Method)
2022-04-08T09:01:55.0390882Z     [junit]        sun.reflect.NativeMethodAccessorImpl.invoke(NativeMethodAccessorImpl.java:62)
2022-04-08T09:01:55.0391371Z     [junit]        sun.reflect.DelegatingMethodAccessorImpl.invoke(DelegatingMethodAccessorImpl.java:43)
2022-04-08T09:01:55.0391789Z     [junit]        java.lang.reflect.Method.invoke(Method.java:498)
2022-04-08T09:01:55.0392224Z     [junit]        org.junit.platform.commons.util.ReflectionUtils.invokeMethod(ReflectionUtils.java:515)
2022-04-08T09:01:55.0392583Z     [junit]        [...]
2022-04-08T09:01:55.0392889Z     [junit]   JUnit Jupiter:VaultFileServicePosixGroupTest:putByPath()
2022-04-08T09:01:55.0393517Z     [junit]     MethodSource [className = 'com.exedio.cope.vault.VaultFileServicePosixGroupTest', methodName = 'putByPath', methodParameterTypes = '']
2022-04-08T09:01:55.0394001Z     [junit]     => java.lang.RuntimeException: copevaultfilesv1
2022-04-08T09:01:55.0394408Z     [junit]        com.exedio.cope.vault.VaultFileService.lookupGroup(VaultFileService.java:515)
2022-04-08T09:01:55.0394897Z     [junit]        com.exedio.cope.vault.VaultFileService.setPermissions(VaultFileService.java:244)
2022-04-08T09:01:55.0395342Z     [junit]        com.exedio.cope.vault.VaultFileService.put(VaultFileService.java:209)
2022-04-08T09:01:55.0395771Z     [junit]        com.exedio.cope.vault.VaultFileService.put(VaultFileService.java:187)
2022-04-08T09:01:55.0396292Z     [junit]        com.exedio.cope.vault.VaultFileServicePosixGroupTest.putByPath(VaultFileServicePosixGroupTest.java:162)
2022-04-08T09:01:55.0396801Z     [junit]        sun.reflect.NativeMethodAccessorImpl.invoke0(Native Method)
2022-04-08T09:01:55.0397240Z     [junit]        sun.reflect.NativeMethodAccessorImpl.invoke(NativeMethodAccessorImpl.java:62)
2022-04-08T09:01:55.0397737Z     [junit]        sun.reflect.DelegatingMethodAccessorImpl.invoke(DelegatingMethodAccessorImpl.java:43)
2022-04-08T09:01:55.0398158Z     [junit]        java.lang.reflect.Method.invoke(Method.java:498)
2022-04-08T09:01:55.0398588Z     [junit]        org.junit.platform.commons.util.ReflectionUtils.invokeMethod(ReflectionUtils.java:515)
2022-04-08T09:01:55.0398945Z     [junit]        [...]
2022-04-08T09:01:55.0399253Z     [junit]   JUnit Jupiter:VaultFileServicePosixGroupTest:directoryStructure()
2022-04-08T09:01:55.0399902Z     [junit]     MethodSource [className = 'com.exedio.cope.vault.VaultFileServicePosixGroupTest', methodName = 'directoryStructure', methodParameterTypes = '']
2022-04-08T09:01:55.0400391Z     [junit]     => java.lang.RuntimeException: copevaultfilesv1
2022-04-08T09:01:55.0400799Z     [junit]        com.exedio.cope.vault.VaultFileService.lookupGroup(VaultFileService.java:515)
2022-04-08T09:01:55.0401279Z     [junit]        com.exedio.cope.vault.VaultFileService.setPermissions(VaultFileService.java:244)
2022-04-08T09:01:55.0401726Z     [junit]        com.exedio.cope.vault.VaultFileService.put(VaultFileService.java:209)
2022-04-08T09:01:55.0402148Z     [junit]        com.exedio.cope.vault.VaultFileService.put(VaultFileService.java:154)
2022-04-08T09:01:55.0402764Z     [junit]        com.exedio.cope.vault.VaultFileServicePosixGroupTest.directoryStructure(VaultFileServicePosixGroupTest.java:105)
2022-04-08T09:01:55.0403307Z     [junit]        sun.reflect.NativeMethodAccessorImpl.invoke0(Native Method)
2022-04-08T09:01:55.0403731Z     [junit]        sun.reflect.NativeMethodAccessorImpl.invoke(NativeMethodAccessorImpl.java:62)
2022-04-08T09:01:55.0404272Z     [junit]        sun.reflect.DelegatingMethodAccessorImpl.invoke(DelegatingMethodAccessorImpl.java:43)
2022-04-08T09:01:55.0404697Z     [junit]        java.lang.reflect.Method.invoke(Method.java:498)
2022-04-08T09:01:55.0405118Z     [junit]        org.junit.platform.commons.util.ReflectionUtils.invokeMethod(ReflectionUtils.java:515)
2022-04-08T09:01:55.0405476Z     [junit]        [...]
2022-04-08T09:01:55.0405772Z     [junit]   JUnit Jupiter:VaultFileServicePosixGroupTest:putByStream()
2022-04-08T09:01:55.0406405Z     [junit]     MethodSource [className = 'com.exedio.cope.vault.VaultFileServicePosixGroupTest', methodName = 'putByStream', methodParameterTypes = '']
2022-04-08T09:01:55.0406866Z     [junit]     => java.lang.RuntimeException: copevaultfilesv1
2022-04-08T09:01:55.0407270Z     [junit]        com.exedio.cope.vault.VaultFileService.lookupGroup(VaultFileService.java:515)
2022-04-08T09:01:55.0407760Z     [junit]        com.exedio.cope.vault.VaultFileService.setPermissions(VaultFileService.java:244)
2022-04-08T09:01:55.0408217Z     [junit]        com.exedio.cope.vault.VaultFileService.put(VaultFileService.java:209)
2022-04-08T09:01:55.0408632Z     [junit]        com.exedio.cope.vault.VaultFileService.put(VaultFileService.java:165)
2022-04-08T09:01:55.0409167Z     [junit]        com.exedio.cope.vault.VaultFileServicePosixGroupTest.putByStream(VaultFileServicePosixGroupTest.java:142)
2022-04-08T09:01:55.0409690Z     [junit]        sun.reflect.NativeMethodAccessorImpl.invoke0(Native Method)
2022-04-08T09:01:55.0410123Z     [junit]        sun.reflect.NativeMethodAccessorImpl.invoke(NativeMethodAccessorImpl.java:62)
2022-04-08T09:01:55.0410626Z     [junit]        sun.reflect.DelegatingMethodAccessorImpl.invoke(DelegatingMethodAccessorImpl.java:43)
2022-04-08T09:01:55.0411102Z     [junit]        java.lang.reflect.Method.invoke(Method.java:498)
2022-04-08T09:01:55.0411549Z     [junit]        org.junit.platform.commons.util.ReflectionUtils.invokeMethod(ReflectionUtils.java:515)
2022-04-08T09:01:55.0411904Z     [junit]        [...]
2022-04-08T09:01:55.0412092Z     [junit] 
2022-04-08T09:01:55.0412324Z     [junit] Test run finished after 14714 ms
2022-04-08T09:01:55.0412579Z     [junit] [       375 containers found      ]
2022-04-08T09:01:55.0412840Z     [junit] [         2 containers skipped    ]
2022-04-08T09:01:55.0413090Z     [junit] [       373 containers started    ]
2022-04-08T09:01:55.0413325Z     [junit] [         0 containers aborted    ]
2022-04-08T09:01:55.0413574Z     [junit] [       373 containers successful ]
2022-04-08T09:01:55.0413816Z     [junit] [         0 containers failed     ]
2022-04-08T09:01:55.0414058Z     [junit] [      2339 tests found           ]
2022-04-08T09:01:55.0414281Z     [junit] [         3 tests skipped         ]
2022-04-08T09:01:55.0414507Z     [junit] [      2336 tests started         ]
2022-04-08T09:01:55.0414743Z     [junit] [         0 tests aborted         ]
2022-04-08T09:01:55.0414960Z     [junit] [      2322 tests successful      ]
2022-04-08T09:01:55.0415185Z     [junit] [        14 tests failed          ]
2022-04-08T09:01:55.0415386Z     [junit] 
2022-04-08T09:01:55.0415558Z 
2022-04-08T09:01:55.0415626Z BUILD FAILED
2022-04-08T09:01:55.0416065Z /home/runner/work/persistence/persistence/build.xml:457: The following error occurred while executing this line:
2022-04-08T09:01:55.0416475Z /home/runner/work/persistence/persistence/build.xml:91: Java returned: 1
2022-04-08T09:01:55.0416678Z 
2022-04-08T09:01:55.0416764Z Total time: 47 seconds
2022-04-08T09:01:55.0581219Z ##[error]Process completed with exit code 1.
2022-04-08T09:01:55.0637153Z Post job cleanup.
2022-04-08T09:01:55.2190927Z Post job cleanup.
2022-04-08T09:01:55.3445112Z [command]/usr/bin/git version
2022-04-08T09:01:55.3493189Z git version 2.35.1
2022-04-08T09:01:55.3530540Z [command]/usr/bin/git config --local --name-only --get-regexp core\.sshCommand
2022-04-08T09:01:55.3568788Z [command]/usr/bin/git submodule foreach --recursive git config --local --name-only --get-regexp 'core\.sshCommand' && git config --local --unset-all 'core.sshCommand' || :
2022-04-08T09:01:55.3802403Z [command]/usr/bin/git config --local --name-only --get-regexp http\.https\:\/\/github\.com\/\.extraheader
2022-04-08T09:01:55.3829413Z http.https://github.com/.extraheader
2022-04-08T09:01:55.3838943Z [command]/usr/bin/git config --local --unset-all http.https://github.com/.extraheader
2022-04-08T09:01:55.3916885Z [command]/usr/bin/git submodule foreach --recursive git config --local --name-only --get-regexp 'http\.https\:\/\/github\.com\/\.extraheader' && git config --local --unset-all 'http.https://github.com/.extraheader' || :
2022-04-08T09:01:55.4315987Z Cleaning up orphan processes