2022-06-01T10:03:16.1106441Z Requested labels: ubuntu-latest
2022-06-01T10:03:16.1106492Z Job defined at: CACAO2022/CACAO2022/.github/workflows/ant.yml@refs/pull/72/merge
2022-06-01T10:03:16.1106520Z Waiting for a runner to pick up this job...
2022-06-01T10:03:16.5466000Z Job is waiting for a hosted runner to come online.
2022-06-01T10:03:19.8041011Z Job is about to start running on the hosted runner: GitHub Actions 2 (hosted)
2022-06-01T10:03:22.1474544Z Current runner version: '2.291.1'
2022-06-01T10:03:22.1506598Z ##[group]Operating System
2022-06-01T10:03:22.1507256Z Ubuntu
2022-06-01T10:03:22.1507648Z 20.04.4
2022-06-01T10:03:22.1507994Z LTS
2022-06-01T10:03:22.1508325Z ##[endgroup]
2022-06-01T10:03:22.1509546Z ##[group]Virtual Environment
2022-06-01T10:03:22.1510526Z Environment: ubuntu-20.04
2022-06-01T10:03:22.1511021Z Version: 20220515.1
2022-06-01T10:03:22.1511633Z Included Software: https://github.com/actions/virtual-environments/blob/ubuntu20/20220515.1/images/linux/Ubuntu2004-Readme.md
2022-06-01T10:03:22.1512329Z Image Release: https://github.com/actions/virtual-environments/releases/tag/ubuntu20%2F20220515.1
2022-06-01T10:03:22.1512838Z ##[endgroup]
2022-06-01T10:03:22.1513282Z ##[group]Virtual Environment Provisioner
2022-06-01T10:03:22.1513670Z 1.0.0.0-main-20220516-1
2022-06-01T10:03:22.1514014Z ##[endgroup]
2022-06-01T10:03:22.1515101Z ##[group]GITHUB_TOKEN Permissions
2022-06-01T10:03:22.1515863Z Actions: read
2022-06-01T10:03:22.1516403Z Checks: read
2022-06-01T10:03:22.1516785Z Contents: read
2022-06-01T10:03:22.1517143Z Deployments: read
2022-06-01T10:03:22.1517553Z Discussions: read
2022-06-01T10:03:22.1517920Z Issues: read
2022-06-01T10:03:22.1518257Z Metadata: read
2022-06-01T10:03:22.1518555Z Packages: read
2022-06-01T10:03:22.1518892Z Pages: read
2022-06-01T10:03:22.1519300Z PullRequests: read
2022-06-01T10:03:22.1519641Z RepositoryProjects: read
2022-06-01T10:03:22.1520032Z SecurityEvents: read
2022-06-01T10:03:22.1520389Z Statuses: read
2022-06-01T10:03:22.1520705Z ##[endgroup]
2022-06-01T10:03:22.1525297Z Secret source: None
2022-06-01T10:03:22.1529178Z Prepare workflow directory
2022-06-01T10:03:22.2881872Z Prepare all required actions
2022-06-01T10:03:22.3133084Z Getting action download info
2022-06-01T10:03:22.5682764Z Download action repository 'actions/checkout@v2' (SHA:7884fcad6b5d53d10323aee724dc68d8b9096a2e)
2022-06-01T10:03:23.2491825Z Download action repository 'actions/setup-java@v1' (SHA:d202f5dbf7256730fb690ec59f6381650114feb2)
2022-06-01T10:03:23.7289338Z Download action repository 'GabrielBB/xvfb-action@v1.0' (SHA:fe2609f8182a9ed5aee7d53ff3ed04098a904df2)
2022-06-01T10:03:24.3670899Z ##[group]Run actions/checkout@v2
2022-06-01T10:03:24.3671192Z with:
2022-06-01T10:03:24.3671414Z   repository: CACAO2022/CACAO2022
2022-06-01T10:03:24.3671834Z   token: ***
2022-06-01T10:03:24.3672034Z   ssh-strict: true
2022-06-01T10:03:24.3672261Z   persist-credentials: true
2022-06-01T10:03:24.3672484Z   clean: true
2022-06-01T10:03:24.3672665Z   fetch-depth: 1
2022-06-01T10:03:24.3672863Z   lfs: false
2022-06-01T10:03:24.3673055Z   submodules: false
2022-06-01T10:03:24.3673261Z   set-safe-directory: true
2022-06-01T10:03:24.3673624Z ##[endgroup]
2022-06-01T10:03:24.6869777Z Syncing repository: CACAO2022/CACAO2022
2022-06-01T10:03:24.6872818Z ##[group]Getting Git version info
2022-06-01T10:03:24.6873481Z Working directory is '/home/runner/work/CACAO2022/CACAO2022'
2022-06-01T10:03:24.6874064Z [command]/usr/bin/git version
2022-06-01T10:03:24.6985623Z git version 2.36.1
2022-06-01T10:03:24.7002842Z ##[endgroup]
2022-06-01T10:03:24.7023623Z Temporarily overriding HOME='/home/runner/work/_temp/bcea9885-2aef-4f88-901a-d3570b1d9e8d' before making global git config changes
2022-06-01T10:03:24.7024302Z Adding repository directory to the temporary git global config as a safe directory
2022-06-01T10:03:24.7026678Z [command]/usr/bin/git config --global --add safe.directory /home/runner/work/CACAO2022/CACAO2022
2022-06-01T10:03:24.7065960Z Deleting the contents of '/home/runner/work/CACAO2022/CACAO2022'
2022-06-01T10:03:24.7070001Z ##[group]Initializing the repository
2022-06-01T10:03:24.7112880Z [command]/usr/bin/git init /home/runner/work/CACAO2022/CACAO2022
2022-06-01T10:03:24.7191667Z hint: Using 'master' as the name for the initial branch. This default branch name
2022-06-01T10:03:24.7192456Z hint: is subject to change. To configure the initial branch name to use in all
2022-06-01T10:03:24.7193035Z hint: of your new repositories, which will suppress this warning, call:
2022-06-01T10:03:24.7193835Z hint: 
2022-06-01T10:03:24.7194386Z hint: 	git config --global init.defaultBranch <name>
2022-06-01T10:03:24.7194705Z hint: 
2022-06-01T10:03:24.7195200Z hint: Names commonly chosen instead of 'master' are 'main', 'trunk' and
2022-06-01T10:03:24.7195692Z hint: 'development'. The just-created branch can be renamed via this command:
2022-06-01T10:03:24.7195985Z hint: 
2022-06-01T10:03:24.7196260Z hint: 	git branch -m <name>
2022-06-01T10:03:24.7204901Z Initialized empty Git repository in /home/runner/work/CACAO2022/CACAO2022/.git/
2022-06-01T10:03:24.7215873Z [command]/usr/bin/git remote add origin https://github.com/CACAO2022/CACAO2022
2022-06-01T10:03:24.7259206Z ##[endgroup]
2022-06-01T10:03:24.7260250Z ##[group]Disabling automatic garbage collection
2022-06-01T10:03:24.7264573Z [command]/usr/bin/git config --local gc.auto 0
2022-06-01T10:03:24.7312160Z ##[endgroup]
2022-06-01T10:03:24.7313144Z ##[group]Setting up auth
2022-06-01T10:03:24.7322212Z [command]/usr/bin/git config --local --name-only --get-regexp core\.sshCommand
2022-06-01T10:03:24.7354857Z [command]/usr/bin/git submodule foreach --recursive git config --local --name-only --get-regexp 'core\.sshCommand' && git config --local --unset-all 'core.sshCommand' || :
2022-06-01T10:03:24.7761222Z [command]/usr/bin/git config --local --name-only --get-regexp http\.https\:\/\/github\.com\/\.extraheader
2022-06-01T10:03:24.7788266Z [command]/usr/bin/git submodule foreach --recursive git config --local --name-only --get-regexp 'http\.https\:\/\/github\.com\/\.extraheader' && git config --local --unset-all 'http.https://github.com/.extraheader' || :
2022-06-01T10:03:24.8025884Z [command]/usr/bin/git config --local http.https://github.com/.extraheader AUTHORIZATION: basic ***
2022-06-01T10:03:24.8066345Z ##[endgroup]
2022-06-01T10:03:24.8067376Z ##[group]Fetching the repository
2022-06-01T10:03:24.8076451Z [command]/usr/bin/git -c protocol.version=2 fetch --no-tags --prune --progress --no-recurse-submodules --depth=1 origin +b0085ecf083f070d2812ef5f933a2431870d061b:refs/remotes/pull/72/merge
2022-06-01T10:03:25.2129181Z remote: Enumerating objects: 204, done.        
2022-06-01T10:03:25.2129967Z remote: Counting objects:   0% (1/204)        
2022-06-01T10:03:25.2130379Z remote: Counting objects:   1% (3/204)        
2022-06-01T10:03:25.2130758Z remote: Counting objects:   2% (5/204)        
2022-06-01T10:03:25.2131133Z remote: Counting objects:   3% (7/204)        
2022-06-01T10:03:25.2131507Z remote: Counting objects:   4% (9/204)        
2022-06-01T10:03:25.2131882Z remote: Counting objects:   5% (11/204)        
2022-06-01T10:03:25.2132259Z remote: Counting objects:   6% (13/204)        
2022-06-01T10:03:25.2132751Z remote: Counting objects:   7% (15/204)        
2022-06-01T10:03:25.2133143Z remote: Counting objects:   8% (17/204)        
2022-06-01T10:03:25.2133610Z remote: Counting objects:   9% (19/204)        
2022-06-01T10:03:25.2134014Z remote: Counting objects:  10% (21/204)        
2022-06-01T10:03:25.2134417Z remote: Counting objects:  11% (23/204)        
2022-06-01T10:03:25.2134799Z remote: Counting objects:  12% (25/204)        
2022-06-01T10:03:25.2135183Z remote: Counting objects:  13% (27/204)        
2022-06-01T10:03:25.2135567Z remote: Counting objects:  14% (29/204)        
2022-06-01T10:03:25.2136495Z remote: Counting objects:  15% (31/204)        
2022-06-01T10:03:25.2136943Z remote: Counting objects:  16% (33/204)        
2022-06-01T10:03:25.2137430Z remote: Counting objects:  17% (35/204)        
2022-06-01T10:03:25.2137922Z remote: Counting objects:  18% (37/204)        
2022-06-01T10:03:25.2138402Z remote: Counting objects:  19% (39/204)        
2022-06-01T10:03:25.2138883Z remote: Counting objects:  20% (41/204)        
2022-06-01T10:03:25.2139515Z remote: Counting objects:  21% (43/204)        
2022-06-01T10:03:25.2140129Z remote: Counting objects:  22% (45/204)        
2022-06-01T10:03:25.2140553Z remote: Counting objects:  23% (47/204)        
2022-06-01T10:03:25.2141076Z remote: Counting objects:  24% (49/204)        
2022-06-01T10:03:25.2141941Z remote: Counting objects:  25% (51/204)        
2022-06-01T10:03:25.2142430Z remote: Counting objects:  26% (54/204)        
2022-06-01T10:03:25.2142852Z remote: Counting objects:  27% (56/204)        
2022-06-01T10:03:25.2143304Z remote: Counting objects:  28% (58/204)        
2022-06-01T10:03:25.2143795Z remote: Counting objects:  29% (60/204)        
2022-06-01T10:03:25.2144911Z remote: Counting objects:  30% (62/204)        
2022-06-01T10:03:25.2145359Z remote: Counting objects:  31% (64/204)        
2022-06-01T10:03:25.2145838Z remote: Counting objects:  32% (66/204)        
2022-06-01T10:03:25.2146306Z remote: Counting objects:  33% (68/204)        
2022-06-01T10:03:25.2146852Z remote: Counting objects:  34% (70/204)        
2022-06-01T10:03:25.2147298Z remote: Counting objects:  35% (72/204)        
2022-06-01T10:03:25.2147770Z remote: Counting objects:  36% (74/204)        
2022-06-01T10:03:25.2148237Z remote: Counting objects:  37% (76/204)        
2022-06-01T10:03:25.2148780Z remote: Counting objects:  38% (78/204)        
2022-06-01T10:03:25.2149481Z remote: Counting objects:  39% (80/204)        
2022-06-01T10:03:25.2150070Z remote: Counting objects:  40% (82/204)        
2022-06-01T10:03:25.2150527Z remote: Counting objects:  41% (84/204)        
2022-06-01T10:03:25.2150925Z remote: Counting objects:  42% (86/204)        
2022-06-01T10:03:25.2151430Z remote: Counting objects:  43% (88/204)        
2022-06-01T10:03:25.2151915Z remote: Counting objects:  44% (90/204)        
2022-06-01T10:03:25.2152382Z remote: Counting objects:  45% (92/204)        
2022-06-01T10:03:25.2152887Z remote: Counting objects:  46% (94/204)        
2022-06-01T10:03:25.2153330Z remote: Counting objects:  47% (96/204)        
2022-06-01T10:03:25.2153862Z remote: Counting objects:  48% (98/204)        
2022-06-01T10:03:25.2154762Z remote: Counting objects:  49% (100/204)        
2022-06-01T10:03:25.2155202Z remote: Counting objects:  50% (102/204)        
2022-06-01T10:03:25.2155587Z remote: Counting objects:  51% (105/204)        
2022-06-01T10:03:25.2156189Z remote: Counting objects:  52% (107/204)        
2022-06-01T10:03:25.2156793Z remote: Counting objects:  53% (109/204)        
2022-06-01T10:03:25.2157389Z remote: Counting objects:  54% (111/204)        
2022-06-01T10:03:25.2157872Z remote: Counting objects:  55% (113/204)        
2022-06-01T10:03:25.2158438Z remote: Counting objects:  56% (115/204)        
2022-06-01T10:03:25.2158879Z remote: Counting objects:  57% (117/204)        
2022-06-01T10:03:25.2159365Z remote: Counting objects:  58% (119/204)        
2022-06-01T10:03:25.2159834Z remote: Counting objects:  59% (121/204)        
2022-06-01T10:03:25.2160325Z remote: Counting objects:  60% (123/204)        
2022-06-01T10:03:25.2160801Z remote: Counting objects:  61% (125/204)        
2022-06-01T10:03:25.2161327Z remote: Counting objects:  62% (127/204)        
2022-06-01T10:03:25.2161685Z remote: Counting objects:  63% (129/204)        
2022-06-01T10:03:25.2162178Z remote: Counting objects:  64% (131/204)        
2022-06-01T10:03:25.2162485Z remote: Counting objects:  65% (133/204)        
2022-06-01T10:03:25.2163601Z remote: Counting objects:  66% (135/204)        
2022-06-01T10:03:25.2163967Z remote: Counting objects:  67% (137/204)        
2022-06-01T10:03:25.2164325Z remote: Counting objects:  68% (139/204)        
2022-06-01T10:03:25.2164657Z remote: Counting objects:  69% (141/204)        
2022-06-01T10:03:25.2165087Z remote: Counting objects:  70% (143/204)        
2022-06-01T10:03:25.2165456Z remote: Counting objects:  71% (145/204)        
2022-06-01T10:03:25.2165765Z remote: Counting objects:  72% (147/204)        
2022-06-01T10:03:25.2166363Z remote: Counting objects:  73% (149/204)        
2022-06-01T10:03:25.2166704Z remote: Counting objects:  74% (151/204)        
2022-06-01T10:03:25.2167033Z remote: Counting objects:  75% (153/204)        
2022-06-01T10:03:25.2167375Z remote: Counting objects:  76% (156/204)        
2022-06-01T10:03:25.2167715Z remote: Counting objects:  77% (158/204)        
2022-06-01T10:03:25.2168871Z remote: Counting objects:  78% (160/204)        
2022-06-01T10:03:25.2169249Z remote: Counting objects:  79% (162/204)        
2022-06-01T10:03:25.2169714Z remote: Counting objects:  80% (164/204)        
2022-06-01T10:03:25.2171379Z remote: Counting objects:  81% (166/204)        
2022-06-01T10:03:25.2171794Z remote: Counting objects:  82% (168/204)        
2022-06-01T10:03:25.2172131Z remote: Counting objects:  83% (170/204)        
2022-06-01T10:03:25.2172573Z remote: Counting objects:  84% (172/204)        
2022-06-01T10:03:25.2172951Z remote: Counting objects:  85% (174/204)        
2022-06-01T10:03:25.2173262Z remote: Counting objects:  86% (176/204)        
2022-06-01T10:03:25.2173632Z remote: Counting objects:  87% (178/204)        
2022-06-01T10:03:25.2174041Z remote: Counting objects:  88% (180/204)        
2022-06-01T10:03:25.2174358Z remote: Counting objects:  89% (182/204)        
2022-06-01T10:03:25.2174732Z remote: Counting objects:  90% (184/204)        
2022-06-01T10:03:25.2175103Z remote: Counting objects:  91% (186/204)        
2022-06-01T10:03:25.2175417Z remote: Counting objects:  92% (188/204)        
2022-06-01T10:03:25.2175943Z remote: Counting objects:  93% (190/204)        
2022-06-01T10:03:25.2176414Z remote: Counting objects:  94% (192/204)        
2022-06-01T10:03:25.2176749Z remote: Counting objects:  95% (194/204)        
2022-06-01T10:03:25.2177039Z remote: Counting objects:  96% (196/204)        
2022-06-01T10:03:25.2177378Z remote: Counting objects:  97% (198/204)        
2022-06-01T10:03:25.2177767Z remote: Counting objects:  98% (200/204)        
2022-06-01T10:03:25.2178058Z remote: Counting objects:  99% (202/204)        
2022-06-01T10:03:25.2178395Z remote: Counting objects: 100% (204/204)        
2022-06-01T10:03:25.2178758Z remote: Counting objects: 100% (204/204), done.        
2022-06-01T10:03:25.2179090Z remote: Compressing objects:   0% (1/180)        
2022-06-01T10:03:25.2179499Z remote: Compressing objects:   1% (2/180)        
2022-06-01T10:03:25.2179856Z remote: Compressing objects:   2% (4/180)        
2022-06-01T10:03:25.2180332Z remote: Compressing objects:   3% (6/180)        
2022-06-01T10:03:25.2180669Z remote: Compressing objects:   4% (8/180)        
2022-06-01T10:03:25.2181080Z remote: Compressing objects:   5% (9/180)        
2022-06-01T10:03:25.2181439Z remote: Compressing objects:   6% (11/180)        
2022-06-01T10:03:25.2181751Z remote: Compressing objects:   7% (13/180)        
2022-06-01T10:03:25.2182105Z remote: Compressing objects:   8% (15/180)        
2022-06-01T10:03:25.2182478Z remote: Compressing objects:   9% (17/180)        
2022-06-01T10:03:25.2182886Z remote: Compressing objects:  10% (18/180)        
2022-06-01T10:03:25.2183247Z remote: Compressing objects:  11% (20/180)        
2022-06-01T10:03:25.2183601Z remote: Compressing objects:  12% (22/180)        
2022-06-01T10:03:25.2184044Z remote: Compressing objects:  13% (24/180)        
2022-06-01T10:03:25.2184426Z remote: Compressing objects:  14% (26/180)        
2022-06-01T10:03:25.2185291Z remote: Compressing objects:  15% (27/180)        
2022-06-01T10:03:25.2185771Z remote: Compressing objects:  16% (29/180)        
2022-06-01T10:03:25.2219334Z remote: Compressing objects:  17% (31/180)        
2022-06-01T10:03:25.2219818Z remote: Compressing objects:  18% (33/180)        
2022-06-01T10:03:25.2220319Z remote: Compressing objects:  19% (35/180)        
2022-06-01T10:03:25.2220707Z remote: Compressing objects:  20% (36/180)        
2022-06-01T10:03:25.2221163Z remote: Compressing objects:  21% (38/180)        
2022-06-01T10:03:25.2221678Z remote: Compressing objects:  22% (40/180)        
2022-06-01T10:03:25.2222100Z remote: Compressing objects:  23% (42/180)        
2022-06-01T10:03:25.2223280Z remote: Compressing objects:  24% (44/180)        
2022-06-01T10:03:25.2223702Z remote: Compressing objects:  25% (45/180)        
2022-06-01T10:03:25.2224295Z remote: Compressing objects:  26% (47/180)        
2022-06-01T10:03:25.2224839Z remote: Compressing objects:  27% (49/180)        
2022-06-01T10:03:25.2225310Z remote: Compressing objects:  28% (51/180)        
2022-06-01T10:03:25.2225700Z remote: Compressing objects:  29% (53/180)        
2022-06-01T10:03:25.2226032Z remote: Compressing objects:  30% (54/180)        
2022-06-01T10:03:25.2226423Z remote: Compressing objects:  31% (56/180)        
2022-06-01T10:03:25.2226799Z remote: Compressing objects:  32% (58/180)        
2022-06-01T10:03:25.2227687Z remote: Compressing objects:  33% (60/180)        
2022-06-01T10:03:25.2228055Z remote: Compressing objects:  34% (62/180)        
2022-06-01T10:03:25.2228456Z remote: Compressing objects:  35% (63/180)        
2022-06-01T10:03:25.2228823Z remote: Compressing objects:  36% (65/180)        
2022-06-01T10:03:25.2312924Z remote: Compressing objects:  37% (67/180)        
2022-06-01T10:03:25.2313980Z remote: Compressing objects:  38% (69/180)        
2022-06-01T10:03:25.2315138Z remote: Compressing objects:  39% (71/180)        
2022-06-01T10:03:25.2316629Z remote: Compressing objects:  40% (72/180)        
2022-06-01T10:03:25.2317448Z remote: Compressing objects:  41% (74/180)        
2022-06-01T10:03:25.2317959Z remote: Compressing objects:  42% (76/180)        
2022-06-01T10:03:25.2318353Z remote: Compressing objects:  43% (78/180)        
2022-06-01T10:03:25.2318693Z remote: Compressing objects:  44% (80/180)        
2022-06-01T10:03:25.2321945Z remote: Compressing objects:  45% (81/180)        
2022-06-01T10:03:25.2322528Z remote: Compressing objects:  46% (83/180)        
2022-06-01T10:03:25.2325199Z remote: Compressing objects:  47% (85/180)        
2022-06-01T10:03:25.2325645Z remote: Compressing objects:  48% (87/180)        
2022-06-01T10:03:25.2326031Z remote: Compressing objects:  49% (89/180)        
2022-06-01T10:03:25.2327154Z remote: Compressing objects:  50% (90/180)        
2022-06-01T10:03:25.2329398Z remote: Compressing objects:  51% (92/180)        
2022-06-01T10:03:25.2329807Z remote: Compressing objects:  52% (94/180)        
2022-06-01T10:03:25.2330800Z remote: Compressing objects:  53% (96/180)        
2022-06-01T10:03:25.2331333Z remote: Compressing objects:  54% (98/180)        
2022-06-01T10:03:25.2331744Z remote: Compressing objects:  55% (99/180)        
2022-06-01T10:03:25.2332293Z remote: Compressing objects:  56% (101/180)        
2022-06-01T10:03:25.2332686Z remote: Compressing objects:  57% (103/180)        
2022-06-01T10:03:25.2333779Z remote: Compressing objects:  58% (105/180)        
2022-06-01T10:03:25.2334178Z remote: Compressing objects:  59% (107/180)        
2022-06-01T10:03:25.2335102Z remote: Compressing objects:  60% (108/180)        
2022-06-01T10:03:25.2335431Z remote: Compressing objects:  61% (110/180)        
2022-06-01T10:03:25.2335803Z remote: Compressing objects:  62% (112/180)        
2022-06-01T10:03:25.2336187Z remote: Compressing objects:  63% (114/180)        
2022-06-01T10:03:25.2336553Z remote: Compressing objects:  64% (116/180)        
2022-06-01T10:03:25.2336908Z remote: Compressing objects:  65% (117/180)        
2022-06-01T10:03:25.2337306Z remote: Compressing objects:  66% (119/180)        
2022-06-01T10:03:25.2337690Z remote: Compressing objects:  67% (121/180)        
2022-06-01T10:03:25.2339949Z remote: Compressing objects:  68% (123/180)        
2022-06-01T10:03:25.2340531Z remote: Compressing objects:  69% (125/180)        
2022-06-01T10:03:25.2341007Z remote: Compressing objects:  70% (126/180)        
2022-06-01T10:03:25.2341345Z remote: Compressing objects:  71% (128/180)        
2022-06-01T10:03:25.2341741Z remote: Compressing objects:  72% (130/180)        
2022-06-01T10:03:25.2342122Z remote: Compressing objects:  73% (132/180)        
2022-06-01T10:03:25.2342540Z remote: Compressing objects:  74% (134/180)        
2022-06-01T10:03:25.2343659Z remote: Compressing objects:  75% (135/180)        
2022-06-01T10:03:25.2344604Z remote: Compressing objects:  76% (137/180)        
2022-06-01T10:03:25.2344991Z remote: Compressing objects:  77% (139/180)        
2022-06-01T10:03:25.2345504Z remote: Compressing objects:  78% (141/180)        
2022-06-01T10:03:25.2345963Z remote: Compressing objects:  79% (143/180)        
2022-06-01T10:03:25.2346368Z remote: Compressing objects:  80% (144/180)        
2022-06-01T10:03:25.2347815Z remote: Compressing objects:  81% (146/180)        
2022-06-01T10:03:25.2348498Z remote: Compressing objects:  82% (148/180)        
2022-06-01T10:03:25.2348945Z remote: Compressing objects:  83% (150/180)        
2022-06-01T10:03:25.2349612Z remote: Compressing objects:  84% (152/180)        
2022-06-01T10:03:25.2350076Z remote: Compressing objects:  85% (153/180)        
2022-06-01T10:03:25.2350582Z remote: Compressing objects:  86% (155/180)        
2022-06-01T10:03:25.2351071Z remote: Compressing objects:  87% (157/180)        
2022-06-01T10:03:25.2351626Z remote: Compressing objects:  88% (159/180)        
2022-06-01T10:03:25.2352078Z remote: Compressing objects:  89% (161/180)        
2022-06-01T10:03:25.2352655Z remote: Compressing objects:  90% (162/180)        
2022-06-01T10:03:25.2353101Z remote: Compressing objects:  91% (164/180)        
2022-06-01T10:03:25.2353730Z remote: Compressing objects:  92% (166/180)        
2022-06-01T10:03:25.2354264Z remote: Compressing objects:  93% (168/180)        
2022-06-01T10:03:25.2354752Z remote: Compressing objects:  94% (170/180)        
2022-06-01T10:03:25.2355184Z remote: Compressing objects:  95% (171/180)        
2022-06-01T10:03:25.2355737Z remote: Compressing objects:  96% (173/180)        
2022-06-01T10:03:25.2357462Z remote: Compressing objects:  97% (175/180)        
2022-06-01T10:03:25.2357918Z remote: Compressing objects:  98% (177/180)        
2022-06-01T10:03:25.2358246Z remote: Compressing objects:  99% (179/180)        
2022-06-01T10:03:25.2358688Z remote: Compressing objects: 100% (180/180)        
2022-06-01T10:03:25.2359172Z remote: Compressing objects: 100% (180/180), done.        
2022-06-01T10:03:25.2450726Z Receiving objects:   0% (1/204)
2022-06-01T10:03:25.2451180Z Receiving objects:   1% (3/204)
2022-06-01T10:03:25.2451629Z Receiving objects:   2% (5/204)
2022-06-01T10:03:25.2452376Z Receiving objects:   3% (7/204)
2022-06-01T10:03:25.2452930Z Receiving objects:   4% (9/204)
2022-06-01T10:03:25.2453287Z Receiving objects:   5% (11/204)
2022-06-01T10:03:25.2453607Z Receiving objects:   6% (13/204)
2022-06-01T10:03:25.2454759Z Receiving objects:   7% (15/204)
2022-06-01T10:03:25.2455097Z Receiving objects:   8% (17/204)
2022-06-01T10:03:25.2455887Z Receiving objects:   9% (19/204)
2022-06-01T10:03:25.2529795Z Receiving objects:  10% (21/204)
2022-06-01T10:03:25.2977168Z Receiving objects:  11% (23/204)
2022-06-01T10:03:25.2977570Z Receiving objects:  12% (25/204)
2022-06-01T10:03:25.2977871Z Receiving objects:  13% (27/204)
2022-06-01T10:03:25.2981948Z Receiving objects:  14% (29/204)
2022-06-01T10:03:25.2982396Z Receiving objects:  15% (31/204)
2022-06-01T10:03:25.2987575Z Receiving objects:  16% (33/204)
2022-06-01T10:03:25.2988001Z Receiving objects:  17% (35/204)
2022-06-01T10:03:25.2993332Z Receiving objects:  18% (37/204)
2022-06-01T10:03:25.2993807Z Receiving objects:  19% (39/204)
2022-06-01T10:03:25.3002400Z Receiving objects:  20% (41/204)
2022-06-01T10:03:25.3003023Z Receiving objects:  21% (43/204)
2022-06-01T10:03:25.3003304Z Receiving objects:  22% (45/204)
2022-06-01T10:03:25.3003624Z Receiving objects:  23% (47/204)
2022-06-01T10:03:25.3003940Z Receiving objects:  24% (49/204)
2022-06-01T10:03:25.3004209Z Receiving objects:  25% (51/204)
2022-06-01T10:03:25.3004585Z Receiving objects:  26% (54/204)
2022-06-01T10:03:25.3004912Z Receiving objects:  27% (56/204)
2022-06-01T10:03:25.3005168Z Receiving objects:  28% (58/204)
2022-06-01T10:03:25.3005474Z Receiving objects:  29% (60/204)
2022-06-01T10:03:25.3005821Z Receiving objects:  30% (62/204)
2022-06-01T10:03:25.3069337Z Receiving objects:  31% (64/204)
2022-06-01T10:03:25.3069652Z Receiving objects:  32% (66/204)
2022-06-01T10:03:25.3069988Z Receiving objects:  33% (68/204)
2022-06-01T10:03:25.3070306Z Receiving objects:  34% (70/204)
2022-06-01T10:03:25.3070890Z Receiving objects:  35% (72/204)
2022-06-01T10:03:25.3249893Z Receiving objects:  36% (74/204)
2022-06-01T10:03:25.3250315Z Receiving objects:  37% (76/204)
2022-06-01T10:03:25.3250580Z Receiving objects:  38% (78/204)
2022-06-01T10:03:25.3250821Z Receiving objects:  39% (80/204)
2022-06-01T10:03:25.3251065Z Receiving objects:  40% (82/204)
2022-06-01T10:03:25.3261577Z Receiving objects:  41% (84/204)
2022-06-01T10:03:25.3262141Z Receiving objects:  42% (86/204)
2022-06-01T10:03:25.3275307Z Receiving objects:  43% (88/204)
2022-06-01T10:03:25.3276217Z Receiving objects:  44% (90/204)
2022-06-01T10:03:25.3276760Z Receiving objects:  45% (92/204)
2022-06-01T10:03:25.3277132Z Receiving objects:  46% (94/204)
2022-06-01T10:03:25.3277400Z Receiving objects:  47% (96/204)
2022-06-01T10:03:25.3277663Z Receiving objects:  48% (98/204)
2022-06-01T10:03:25.3278122Z Receiving objects:  49% (100/204)
2022-06-01T10:03:25.3278691Z Receiving objects:  50% (102/204)
2022-06-01T10:03:25.3278927Z Receiving objects:  51% (105/204)
2022-06-01T10:03:25.3279154Z Receiving objects:  52% (107/204)
2022-06-01T10:03:25.3279640Z Receiving objects:  53% (109/204)
2022-06-01T10:03:25.3279965Z Receiving objects:  54% (111/204)
2022-06-01T10:03:25.3280582Z Receiving objects:  55% (113/204)
2022-06-01T10:03:25.3280998Z Receiving objects:  56% (115/204)
2022-06-01T10:03:25.3281356Z Receiving objects:  57% (117/204)
2022-06-01T10:03:25.3281686Z Receiving objects:  58% (119/204)
2022-06-01T10:03:25.3282028Z Receiving objects:  59% (121/204)
2022-06-01T10:03:25.3282362Z Receiving objects:  60% (123/204)
2022-06-01T10:03:25.3282839Z Receiving objects:  61% (125/204)
2022-06-01T10:03:25.3283308Z Receiving objects:  62% (127/204)
2022-06-01T10:03:25.3283656Z Receiving objects:  63% (129/204)
2022-06-01T10:03:25.3283998Z Receiving objects:  64% (131/204)
2022-06-01T10:03:25.3284332Z Receiving objects:  65% (133/204)
2022-06-01T10:03:25.3284682Z Receiving objects:  66% (135/204)
2022-06-01T10:03:25.3285019Z Receiving objects:  67% (137/204)
2022-06-01T10:03:25.3285363Z Receiving objects:  68% (139/204)
2022-06-01T10:03:25.3286409Z remote: Total 204 (delta 26), reused 129 (delta 19), pack-reused 0        
2022-06-01T10:03:25.3286899Z Receiving objects:  69% (141/204)
2022-06-01T10:03:25.3287222Z Receiving objects:  70% (143/204)
2022-06-01T10:03:25.3287552Z Receiving objects:  71% (145/204)
2022-06-01T10:03:25.3287933Z Receiving objects:  72% (147/204)
2022-06-01T10:03:25.3288664Z Receiving objects:  73% (149/204)
2022-06-01T10:03:25.3289395Z Receiving objects:  74% (151/204)
2022-06-01T10:03:25.3289644Z Receiving objects:  75% (153/204)
2022-06-01T10:03:25.3289884Z Receiving objects:  76% (156/204)
2022-06-01T10:03:25.3290512Z Receiving objects:  77% (158/204)
2022-06-01T10:03:25.3290803Z Receiving objects:  78% (160/204)
2022-06-01T10:03:25.3291050Z Receiving objects:  79% (162/204)
2022-06-01T10:03:25.3291533Z Receiving objects:  80% (164/204)
2022-06-01T10:03:25.3291804Z Receiving objects:  81% (166/204)
2022-06-01T10:03:25.3292164Z Receiving objects:  82% (168/204)
2022-06-01T10:03:25.3292530Z Receiving objects:  83% (170/204)
2022-06-01T10:03:25.3292894Z Receiving objects:  84% (172/204)
2022-06-01T10:03:25.3293260Z Receiving objects:  85% (174/204)
2022-06-01T10:03:25.3293610Z Receiving objects:  86% (176/204)
2022-06-01T10:03:25.3293976Z Receiving objects:  87% (178/204)
2022-06-01T10:03:25.3294322Z Receiving objects:  88% (180/204)
2022-06-01T10:03:25.3294585Z Receiving objects:  89% (182/204)
2022-06-01T10:03:25.3294831Z Receiving objects:  90% (184/204)
2022-06-01T10:03:25.3295086Z Receiving objects:  91% (186/204)
2022-06-01T10:03:25.3295451Z Receiving objects:  92% (188/204)
2022-06-01T10:03:25.3295859Z Receiving objects:  93% (190/204)
2022-06-01T10:03:25.3296092Z Receiving objects:  94% (192/204)
2022-06-01T10:03:25.3296322Z Receiving objects:  95% (194/204)
2022-06-01T10:03:25.3296551Z Receiving objects:  96% (196/204)
2022-06-01T10:03:25.3296789Z Receiving objects:  97% (198/204)
2022-06-01T10:03:25.3297031Z Receiving objects:  98% (200/204)
2022-06-01T10:03:25.3297466Z Receiving objects:  99% (202/204)
2022-06-01T10:03:25.3297862Z Receiving objects: 100% (204/204)
2022-06-01T10:03:25.3298173Z Receiving objects: 100% (204/204), 425.59 KiB | 5.75 MiB/s, done.
2022-06-01T10:03:25.3298445Z Resolving deltas:   0% (0/26)
2022-06-01T10:03:25.3298783Z Resolving deltas:   3% (1/26)
2022-06-01T10:03:25.3299058Z Resolving deltas:   7% (2/26)
2022-06-01T10:03:25.3299294Z Resolving deltas:  11% (3/26)
2022-06-01T10:03:25.3299624Z Resolving deltas:  15% (4/26)
2022-06-01T10:03:25.3299886Z Resolving deltas:  19% (5/26)
2022-06-01T10:03:25.3300121Z Resolving deltas:  23% (6/26)
2022-06-01T10:03:25.3302026Z Resolving deltas:  26% (7/26)
2022-06-01T10:03:25.3302423Z Resolving deltas:  30% (8/26)
2022-06-01T10:03:25.3302781Z Resolving deltas:  34% (9/26)
2022-06-01T10:03:25.3303130Z Resolving deltas:  38% (10/26)
2022-06-01T10:03:25.3303478Z Resolving deltas:  42% (11/26)
2022-06-01T10:03:25.3304020Z Resolving deltas:  46% (12/26)
2022-06-01T10:03:25.3304524Z Resolving deltas:  50% (13/26)
2022-06-01T10:03:25.3304882Z Resolving deltas:  53% (14/26)
2022-06-01T10:03:25.3305231Z Resolving deltas:  57% (15/26)
2022-06-01T10:03:25.3305604Z Resolving deltas:  61% (16/26)
2022-06-01T10:03:25.3305955Z Resolving deltas:  65% (17/26)
2022-06-01T10:03:25.3306310Z Resolving deltas:  69% (18/26)
2022-06-01T10:03:25.3306768Z Resolving deltas:  73% (19/26)
2022-06-01T10:03:25.3307113Z Resolving deltas:  76% (20/26)
2022-06-01T10:03:25.3307457Z Resolving deltas:  80% (21/26)
2022-06-01T10:03:25.3307786Z Resolving deltas:  84% (22/26)
2022-06-01T10:03:25.3308213Z Resolving deltas:  88% (23/26)
2022-06-01T10:03:25.3308567Z Resolving deltas:  92% (24/26)
2022-06-01T10:03:25.3308962Z Resolving deltas:  96% (25/26)
2022-06-01T10:03:25.3309290Z Resolving deltas: 100% (26/26)
2022-06-01T10:03:25.3309825Z Resolving deltas: 100% (26/26), done.
2022-06-01T10:03:25.3338379Z From https://github.com/CACAO2022/CACAO2022
2022-06-01T10:03:25.3339020Z  * [new ref]         b0085ecf083f070d2812ef5f933a2431870d061b -> pull/72/merge
2022-06-01T10:03:25.3382178Z ##[endgroup]
2022-06-01T10:03:25.3383104Z ##[group]Determining the checkout info
2022-06-01T10:03:25.3383754Z ##[endgroup]
2022-06-01T10:03:25.3384531Z ##[group]Checking out the ref
2022-06-01T10:03:25.3385270Z [command]/usr/bin/git checkout --progress --force refs/remotes/pull/72/merge
2022-06-01T10:03:25.3531457Z Note: switching to 'refs/remotes/pull/72/merge'.
2022-06-01T10:03:25.3531689Z 
2022-06-01T10:03:25.3532185Z You are in 'detached HEAD' state. You can look around, make experimental
2022-06-01T10:03:25.3532751Z changes and commit them, and you can discard any commits you make in this
2022-06-01T10:03:25.3533397Z state without impacting any branches by switching back to a branch.
2022-06-01T10:03:25.3533722Z 
2022-06-01T10:03:25.3533963Z If you want to create a new branch to retain commits you create, you may
2022-06-01T10:03:25.3534457Z do so (now or later) by using -c with the switch command. Example:
2022-06-01T10:03:25.3534674Z 
2022-06-01T10:03:25.3535015Z   git switch -c <new-branch-name>
2022-06-01T10:03:25.3535294Z 
2022-06-01T10:03:25.3535479Z Or undo this operation with:
2022-06-01T10:03:25.3535642Z 
2022-06-01T10:03:25.3535721Z   git switch -
2022-06-01T10:03:25.3535853Z 
2022-06-01T10:03:25.3536170Z Turn off this advice by setting config variable advice.detachedHead to false
2022-06-01T10:03:25.3536500Z 
2022-06-01T10:03:25.3536805Z HEAD is now at b0085ec Merge 596bf900dc791d77e13fb0aa49a5d73c73e69386 into 8a7dbeab3ecb24855a406e25eb82039480fa4791
2022-06-01T10:03:25.3544780Z ##[endgroup]
2022-06-01T10:03:25.3589861Z [command]/usr/bin/git log -1 --format='%H'
2022-06-01T10:03:25.3619869Z 'b0085ecf083f070d2812ef5f933a2431870d061b'
2022-06-01T10:03:25.3979904Z ##[group]Run actions/setup-java@v1
2022-06-01T10:03:25.3980167Z with:
2022-06-01T10:03:25.3980346Z   java-version: 1.8
2022-06-01T10:03:25.3980561Z   java-package: jdk
2022-06-01T10:03:25.3980820Z   architecture: x64
2022-06-01T10:03:25.3981010Z   server-id: github
2022-06-01T10:03:25.3981384Z   server-username: GITHUB_ACTOR
2022-06-01T10:03:25.3981642Z   server-password: GITHUB_TOKEN
2022-06-01T10:03:25.3981857Z ##[endgroup]
2022-06-01T10:03:26.6968342Z [command]/usr/bin/tar --version
2022-06-01T10:03:26.7037605Z tar (GNU tar) 1.30
2022-06-01T10:03:26.7038253Z Copyright (C) 2017 Free Software Foundation, Inc.
2022-06-01T10:03:26.7038911Z License GPLv3+: GNU GPL version 3 or later <https://gnu.org/licenses/gpl.html>.
2022-06-01T10:03:26.7149263Z This is free software: you are free to change and redistribute it.
2022-06-01T10:03:26.7149671Z There is NO WARRANTY, to the extent permitted by law.
2022-06-01T10:03:26.7149875Z 
2022-06-01T10:03:26.7150085Z Written by John Gilmore and Jay Fenlason.
2022-06-01T10:03:26.7150958Z [command]/usr/bin/tar xz --warning=no-unknown-keyword -C /home/runner/work/_temp/temp_935976939 -f /home/runner/work/_temp/5db9fe5f-e8f3-42d4-8c1c-2227226d8f7c
2022-06-01T10:03:29.2766656Z creating settings.xml with server-id: github; environment variables: username=$GITHUB_ACTOR, *** and gpg-passphrase=null
2022-06-01T10:03:29.2867499Z writing /home/runner/.m2/settings.xml
2022-06-01T10:03:29.3017313Z ##[group]Run GabrielBB/xvfb-action@v1.0
2022-06-01T10:03:29.3017598Z with:
2022-06-01T10:03:29.3017849Z   run: ant -noinput -buildfile build.xml
2022-06-01T10:03:29.3018115Z env:
2022-06-01T10:03:29.3018372Z   JAVA_HOME_8.0.332_x64: /opt/hostedtoolcache/jdk/8.0.332/x64
2022-06-01T10:03:29.3018701Z   JAVA_HOME: /opt/hostedtoolcache/jdk/8.0.332/x64
2022-06-01T10:03:29.3019032Z   JAVA_HOME_8_0_332_X64: /opt/hostedtoolcache/jdk/8.0.332/x64
2022-06-01T10:03:29.3019292Z ##[endgroup]
2022-06-01T10:03:29.3570340Z [command]/usr/bin/sudo apt-get install xvfb
2022-06-01T10:03:31.8580205Z Reading package lists...
2022-06-01T10:03:32.0656604Z Building dependency tree...
2022-06-01T10:03:32.0681344Z Reading state information...
2022-06-01T10:03:32.2345110Z xvfb is already the newest version (2:1.20.13-1ubuntu1~20.04.2).
2022-06-01T10:03:32.3281647Z 0 upgraded, 0 newly installed, 0 to remove and 13 not upgraded.
2022-06-01T10:03:32.4171665Z [command]/usr/bin/xvfb-run --auto-servernum ant -noinput -buildfile build.xml
2022-06-01T10:03:35.7373412Z Buildfile: /home/runner/work/CACAO2022/CACAO2022/build.xml
2022-06-01T10:03:36.1067902Z 
2022-06-01T10:03:36.1068844Z build-subprojects:
2022-06-01T10:03:36.1069278Z 
2022-06-01T10:03:36.1069507Z init:
2022-06-01T10:03:36.1101202Z     [mkdir] Created dir: /home/runner/work/CACAO2022/CACAO2022/bin
2022-06-01T10:03:36.1789116Z      [copy] Copying 7 files to /home/runner/work/CACAO2022/CACAO2022/bin
2022-06-01T10:03:36.1869567Z 
2022-06-01T10:03:36.1870417Z build-project:
2022-06-01T10:03:36.1899807Z      [echo] CACAO2020: /home/runner/work/CACAO2022/CACAO2022/build.xml
2022-06-01T10:03:36.2894640Z     [javac] Compiling 149 source files to /home/runner/work/CACAO2022/CACAO2022/bin
2022-06-01T10:03:38.7554418Z     [javac] Note: Some input files use unchecked or unsafe operations.
2022-06-01T10:03:38.7558248Z     [javac] Note: Recompile with -Xlint:unchecked for details.
2022-06-01T10:03:38.7566427Z 
2022-06-01T10:03:38.7567556Z build:
2022-06-01T10:03:38.7569057Z 
2022-06-01T10:03:38.7570191Z FiliereParDefaultTest:
2022-06-01T10:03:39.1383152Z     [junit] Testsuite: abstraction.FiliereParDefaultTest
2022-06-01T10:03:40.5412375Z     [junit] Tests run: 1, Failures: 0, Errors: 1, Skipped: 0, Time elapsed: 1.442 sec
2022-06-01T10:03:40.5415274Z     [junit] ------------- Standard Output ---------------
2022-06-01T10:03:40.5417521Z     [junit] Liste des chocolats en vente sur le marché : [MQ_cote d'or, MQ_BE_cote d'or, MQ_O_cote d'or, BQ_O'ptella, MQ_O'max, HQ_BE_O_BIO'riginal, HQ_BE_BIO'riginal, MQ_BE_O_BIO'riginal, MQ_BE_BIO'riginal, HQ_O_CHOCO'riginal, HQ_CHOCO'riginal, MQ_O_CHOCO'riginal, MQ_CHOCO'riginal, BQ_FourAll Choc, BQ_O_FourAll Choc, HQ_BE_O_Villors, HQ_BE_Villors, HQ_O_Villors, HQ_Villors, MQ_BE_O_Villors, MQ_BE_Villors, MQ_O_Villors, MQ_Villors, BQ_O_Villors, BQ_Villors]
2022-06-01T10:03:40.5418818Z     [junit] ------------- ---------------- ---------------
2022-06-01T10:03:40.5420802Z     [junit] 
2022-06-01T10:03:40.5421224Z     [junit] Testcase: testNext took 1.429 sec
2022-06-01T10:03:40.5421603Z     [junit] 	Caused an ERROR
2022-06-01T10:03:40.5421966Z     [junit] Index: 0, Size: 0
2022-06-01T10:03:40.5422449Z     [junit] java.lang.IndexOutOfBoundsException: Index: 0, Size: 0
2022-06-01T10:03:40.5505685Z     [junit] 	at java.util.ArrayList.rangeCheck(ArrayList.java:659)
2022-06-01T10:03:40.5506052Z     [junit] 	at java.util.ArrayList.get(ArrayList.java:435)
2022-06-01T10:03:40.5506492Z     [junit] 	at abstraction.eq1Producteur1.Producteur1Stock.retirerQuantite(Producteur1Stock.java:148)
2022-06-01T10:03:40.5507129Z     [junit] 	at abstraction.eq1Producteur1.ProducteurActeur1VenteBourse.notificationVente(ProducteurActeur1VenteBourse.java:78)
2022-06-01T10:03:40.5507714Z     [junit] 	at abstraction.eq8Romu.bourseCacao.BourseCacao.next(BourseCacao.java:201)
2022-06-01T10:03:40.5508129Z     [junit] 	at abstraction.eq8Romu.filiere.Filiere.next(Filiere.java:426)
2022-06-01T10:03:40.5508800Z     [junit] 	at abstraction.FiliereParDefaultTest.testNext(FiliereParDefaultTest.java:16)
2022-06-01T10:03:40.5509159Z     [junit] 
2022-06-01T10:03:40.6805215Z 
2022-06-01T10:03:40.6805500Z BUILD FAILED
2022-06-01T10:03:40.6806451Z /home/runner/work/CACAO2022/CACAO2022/build.xml:86: Test abstraction.FiliereParDefaultTest failed
2022-06-01T10:03:40.6806823Z 
2022-06-01T10:03:40.6806920Z Total time: 4 seconds
2022-06-01T10:03:40.7030087Z [command]/usr/bin/bash /home/runner/work/_actions/GabrielBB/xvfb-action/v1.0/cleanup.sh
2022-06-01T10:03:40.7184369Z Killing the following xvfb processes: 1790
2022-06-01T10:03:40.7298790Z ##[error]The process '/usr/bin/xvfb-run' failed with exit code 1
2022-06-01T10:03:40.7363494Z Post job cleanup.
2022-06-01T10:03:40.7848576Z Post job cleanup.
2022-06-01T10:03:40.9201600Z [command]/usr/bin/git version
2022-06-01T10:03:40.9251315Z git version 2.36.1
2022-06-01T10:03:40.9298337Z Temporarily overriding HOME='/home/runner/work/_temp/c3ca3dfe-374c-452e-90f7-ae7a0f4b7b82' before making global git config changes
2022-06-01T10:03:40.9299035Z Adding repository directory to the temporary git global config as a safe directory
2022-06-01T10:03:40.9303663Z [command]/usr/bin/git config --global --add safe.directory /home/runner/work/CACAO2022/CACAO2022
2022-06-01T10:03:40.9346908Z [command]/usr/bin/git config --local --name-only --get-regexp core\.sshCommand
2022-06-01T10:03:40.9393370Z [command]/usr/bin/git submodule foreach --recursive git config --local --name-only --get-regexp 'core\.sshCommand' && git config --local --unset-all 'core.sshCommand' || :
2022-06-01T10:03:40.9678632Z [command]/usr/bin/git config --local --name-only --get-regexp http\.https\:\/\/github\.com\/\.extraheader
2022-06-01T10:03:40.9706337Z http.https://github.com/.extraheader
2022-06-01T10:03:40.9716842Z [command]/usr/bin/git config --local --unset-all http.https://github.com/.extraheader
2022-06-01T10:03:40.9752590Z [command]/usr/bin/git submodule foreach --recursive git config --local --name-only --get-regexp 'http\.https\:\/\/github\.com\/\.extraheader' && git config --local --unset-all 'http.https://github.com/.extraheader' || :
2022-06-01T10:03:41.0336315Z Cleaning up orphan processes