2022-06-08T22:03:48.2975022Z Requested labels: ubuntu-latest
2022-06-08T22:03:48.2975070Z Job defined at: java-native-access/jna/.github/workflows/ci.yaml@refs/heads/master
2022-06-08T22:03:48.2975097Z Waiting for a runner to pick up this job...
2022-06-08T22:03:50.8658296Z Job is waiting for a hosted runner to come online.
2022-06-08T22:03:52.6180425Z Job is about to start running on the hosted runner: GitHub Actions 8 (hosted)
2022-06-08T22:03:55.5792228Z Current runner version: '2.292.0'
2022-06-08T22:03:55.5815611Z ##[group]Operating System
2022-06-08T22:03:55.5816099Z Ubuntu
2022-06-08T22:03:55.5816328Z 20.04.4
2022-06-08T22:03:55.5816601Z LTS
2022-06-08T22:03:55.5816936Z ##[endgroup]
2022-06-08T22:03:55.5817203Z ##[group]Virtual Environment
2022-06-08T22:03:55.5817552Z Environment: ubuntu-20.04
2022-06-08T22:03:55.5817873Z Version: 20220529.1
2022-06-08T22:03:55.5818387Z Included Software: https://github.com/actions/virtual-environments/blob/ubuntu20/20220529.1/images/linux/Ubuntu2004-Readme.md
2022-06-08T22:03:55.5819002Z Image Release: https://github.com/actions/virtual-environments/releases/tag/ubuntu20%2F20220529.1
2022-06-08T22:03:55.5819433Z ##[endgroup]
2022-06-08T22:03:55.5819762Z ##[group]Virtual Environment Provisioner
2022-06-08T22:03:55.5820079Z 1.0.0.0-main-20220531-1
2022-06-08T22:03:55.5820368Z ##[endgroup]
2022-06-08T22:03:55.5821262Z ##[group]GITHUB_TOKEN Permissions
2022-06-08T22:03:55.5821820Z Actions: write
2022-06-08T22:03:55.5822211Z Checks: write
2022-06-08T22:03:55.5822565Z Contents: write
2022-06-08T22:03:55.5822862Z Deployments: write
2022-06-08T22:03:55.5823134Z Discussions: write
2022-06-08T22:03:55.5823428Z Issues: write
2022-06-08T22:03:55.5823745Z Metadata: read
2022-06-08T22:03:55.5823991Z Packages: write
2022-06-08T22:03:55.5824289Z Pages: write
2022-06-08T22:03:55.5824580Z PullRequests: write
2022-06-08T22:03:55.5824877Z RepositoryProjects: write
2022-06-08T22:03:55.5825231Z SecurityEvents: write
2022-06-08T22:03:55.5825540Z Statuses: write
2022-06-08T22:03:55.5825796Z ##[endgroup]
2022-06-08T22:03:55.5829280Z Secret source: Actions
2022-06-08T22:03:55.5829716Z Prepare workflow directory
2022-06-08T22:03:55.6684130Z Prepare all required actions
2022-06-08T22:03:55.6866856Z Getting action download info
2022-06-08T22:03:55.9027563Z Download action repository 'actions/checkout@v3' (SHA:2541b1294d2704b0964813337f33b291d3f8596b)
2022-06-08T22:03:56.1767513Z Download action repository 'actions/setup-java@v2' (SHA:f0bb91606209742fe3ea40199be2f3ef195ecabf)
2022-06-08T22:03:56.6539589Z ##[group]Run actions/checkout@v3
2022-06-08T22:03:56.6539966Z with:
2022-06-08T22:03:56.6540276Z   repository: java-native-access/jna
2022-06-08T22:03:56.6540809Z   token: ***
2022-06-08T22:03:56.6541130Z   ssh-strict: true
2022-06-08T22:03:56.6541430Z   persist-credentials: true
2022-06-08T22:03:56.6541721Z   clean: true
2022-06-08T22:03:56.6541944Z   fetch-depth: 1
2022-06-08T22:03:56.6542202Z   lfs: false
2022-06-08T22:03:56.6542504Z   submodules: false
2022-06-08T22:03:56.6542753Z   set-safe-directory: true
2022-06-08T22:03:56.6543032Z ##[endgroup]
2022-06-08T22:03:56.8905490Z Syncing repository: java-native-access/jna
2022-06-08T22:03:56.8936393Z ##[group]Getting Git version info
2022-06-08T22:03:56.8937004Z Working directory is '/home/runner/work/jna/jna'
2022-06-08T22:03:56.8937702Z [command]/usr/bin/git version
2022-06-08T22:03:56.8989154Z git version 2.36.1
2022-06-08T22:03:56.8990237Z ##[endgroup]
2022-06-08T22:03:56.9007069Z Temporarily overriding HOME='/home/runner/work/_temp/3763486d-783c-4b1f-99b1-aced89826dea' before making global git config changes
2022-06-08T22:03:56.9007635Z Adding repository directory to the temporary git global config as a safe directory
2022-06-08T22:03:56.9008212Z [command]/usr/bin/git config --global --add safe.directory /home/runner/work/jna/jna
2022-06-08T22:03:56.9041112Z Deleting the contents of '/home/runner/work/jna/jna'
2022-06-08T22:03:56.9044162Z ##[group]Initializing the repository
2022-06-08T22:03:56.9047596Z [command]/usr/bin/git init /home/runner/work/jna/jna
2022-06-08T22:03:56.9116409Z hint: Using 'master' as the name for the initial branch. This default branch name
2022-06-08T22:03:56.9117230Z hint: is subject to change. To configure the initial branch name to use in all
2022-06-08T22:03:56.9122054Z hint: of your new repositories, which will suppress this warning, call:
2022-06-08T22:03:56.9122471Z hint: 
2022-06-08T22:03:56.9123083Z hint: 	git config --global init.defaultBranch <name>
2022-06-08T22:03:56.9123763Z hint: 
2022-06-08T22:03:56.9124216Z hint: Names commonly chosen instead of 'master' are 'main', 'trunk' and
2022-06-08T22:03:56.9124740Z hint: 'development'. The just-created branch can be renamed via this command:
2022-06-08T22:03:56.9125076Z hint: 
2022-06-08T22:03:56.9167640Z hint: 	git branch -m <name>
2022-06-08T22:03:56.9172955Z Initialized empty Git repository in /home/runner/work/jna/jna/.git/
2022-06-08T22:03:56.9190001Z [command]/usr/bin/git remote add origin https://github.com/java-native-access/jna
2022-06-08T22:03:56.9421565Z ##[endgroup]
2022-06-08T22:03:56.9422226Z ##[group]Disabling automatic garbage collection
2022-06-08T22:03:56.9470161Z [command]/usr/bin/git config --local gc.auto 0
2022-06-08T22:03:56.9471048Z ##[endgroup]
2022-06-08T22:03:56.9472113Z ##[group]Setting up auth
2022-06-08T22:03:56.9472787Z [command]/usr/bin/git config --local --name-only --get-regexp core\.sshCommand
2022-06-08T22:03:56.9473503Z [command]/usr/bin/git submodule foreach --recursive git config --local --name-only --get-regexp 'core\.sshCommand' && git config --local --unset-all 'core.sshCommand' || :
2022-06-08T22:03:56.9677063Z [command]/usr/bin/git config --local --name-only --get-regexp http\.https\:\/\/github\.com\/\.extraheader
2022-06-08T22:03:56.9700160Z [command]/usr/bin/git submodule foreach --recursive git config --local --name-only --get-regexp 'http\.https\:\/\/github\.com\/\.extraheader' && git config --local --unset-all 'http.https://github.com/.extraheader' || :
2022-06-08T22:03:56.9912336Z [command]/usr/bin/git config --local http.https://github.com/.extraheader AUTHORIZATION: basic ***
2022-06-08T22:03:56.9947201Z ##[endgroup]
2022-06-08T22:03:56.9947973Z ##[group]Fetching the repository
2022-06-08T22:03:56.9956054Z [command]/usr/bin/git -c protocol.version=2 fetch --no-tags --prune --progress --no-recurse-submodules --depth=1 origin +c1565fb89469cbcba67b1cc305e16d520779b270:refs/remotes/origin/master
2022-06-08T22:03:57.2181343Z remote: Enumerating objects: 1472, done.        
2022-06-08T22:03:57.2182125Z remote: Counting objects:   0% (1/1472)        
2022-06-08T22:03:57.2182563Z remote: Counting objects:   1% (15/1472)        
2022-06-08T22:03:57.2184359Z remote: Counting objects:   2% (30/1472)        
2022-06-08T22:03:57.2185026Z remote: Counting objects:   3% (45/1472)        
2022-06-08T22:03:57.2185504Z remote: Counting objects:   4% (59/1472)        
2022-06-08T22:03:57.2185989Z remote: Counting objects:   5% (74/1472)        
2022-06-08T22:03:57.2186454Z remote: Counting objects:   6% (89/1472)        
2022-06-08T22:03:57.2186985Z remote: Counting objects:   7% (104/1472)        
2022-06-08T22:03:57.2188276Z remote: Counting objects:   8% (118/1472)        
2022-06-08T22:03:57.2189032Z remote: Counting objects:   9% (133/1472)        
2022-06-08T22:03:57.2190178Z remote: Counting objects:  10% (148/1472)        
2022-06-08T22:03:57.2190717Z remote: Counting objects:  11% (162/1472)        
2022-06-08T22:03:57.2192093Z remote: Counting objects:  12% (177/1472)        
2022-06-08T22:03:57.2192627Z remote: Counting objects:  13% (192/1472)        
2022-06-08T22:03:57.2193168Z remote: Counting objects:  14% (207/1472)        
2022-06-08T22:03:57.2193679Z remote: Counting objects:  15% (221/1472)        
2022-06-08T22:03:57.2194102Z remote: Counting objects:  16% (236/1472)        
2022-06-08T22:03:57.2194529Z remote: Counting objects:  17% (251/1472)        
2022-06-08T22:03:57.2197586Z remote: Counting objects:  18% (265/1472)        
2022-06-08T22:03:57.2197988Z remote: Counting objects:  19% (280/1472)        
2022-06-08T22:03:57.2200291Z remote: Counting objects:  20% (295/1472)        
2022-06-08T22:03:57.2200645Z remote: Counting objects:  21% (310/1472)        
2022-06-08T22:03:57.2201045Z remote: Counting objects:  22% (324/1472)        
2022-06-08T22:03:57.2201484Z remote: Counting objects:  23% (339/1472)        
2022-06-08T22:03:57.2201935Z remote: Counting objects:  24% (354/1472)        
2022-06-08T22:03:57.2202360Z remote: Counting objects:  25% (368/1472)        
2022-06-08T22:03:57.2203024Z remote: Counting objects:  26% (383/1472)        
2022-06-08T22:03:57.2203614Z remote: Counting objects:  27% (398/1472)        
2022-06-08T22:03:57.2204275Z remote: Counting objects:  28% (413/1472)        
2022-06-08T22:03:57.2205079Z remote: Counting objects:  29% (427/1472)        
2022-06-08T22:03:57.2205543Z remote: Counting objects:  30% (442/1472)        
2022-06-08T22:03:57.2205925Z remote: Counting objects:  31% (457/1472)        
2022-06-08T22:03:57.2206289Z remote: Counting objects:  32% (472/1472)        
2022-06-08T22:03:57.2230643Z remote: Counting objects:  33% (486/1472)        
2022-06-08T22:03:57.2231527Z remote: Counting objects:  34% (501/1472)        
2022-06-08T22:03:57.2231855Z remote: Counting objects:  35% (516/1472)        
2022-06-08T22:03:57.2232115Z remote: Counting objects:  36% (530/1472)        
2022-06-08T22:03:57.2232365Z remote: Counting objects:  37% (545/1472)        
2022-06-08T22:03:57.2232604Z remote: Counting objects:  38% (560/1472)        
2022-06-08T22:03:57.2232870Z remote: Counting objects:  39% (575/1472)        
2022-06-08T22:03:57.2233110Z remote: Counting objects:  40% (589/1472)        
2022-06-08T22:03:57.2233345Z remote: Counting objects:  41% (604/1472)        
2022-06-08T22:03:57.2233585Z remote: Counting objects:  42% (619/1472)        
2022-06-08T22:03:57.2233822Z remote: Counting objects:  43% (633/1472)        
2022-06-08T22:03:57.2234049Z remote: Counting objects:  44% (648/1472)        
2022-06-08T22:03:57.2234294Z remote: Counting objects:  45% (663/1472)        
2022-06-08T22:03:57.2234533Z remote: Counting objects:  46% (678/1472)        
2022-06-08T22:03:57.2234769Z remote: Counting objects:  47% (692/1472)        
2022-06-08T22:03:57.2234999Z remote: Counting objects:  48% (707/1472)        
2022-06-08T22:03:57.2235272Z remote: Counting objects:  49% (722/1472)        
2022-06-08T22:03:57.2235509Z remote: Counting objects:  50% (736/1472)        
2022-06-08T22:03:57.2235737Z remote: Counting objects:  51% (751/1472)        
2022-06-08T22:03:57.2236131Z remote: Counting objects:  52% (766/1472)        
2022-06-08T22:03:57.2236380Z remote: Counting objects:  53% (781/1472)        
2022-06-08T22:03:57.2236618Z remote: Counting objects:  54% (795/1472)        
2022-06-08T22:03:57.2236847Z remote: Counting objects:  55% (810/1472)        
2022-06-08T22:03:57.2237083Z remote: Counting objects:  56% (825/1472)        
2022-06-08T22:03:57.2237319Z remote: Counting objects:  57% (840/1472)        
2022-06-08T22:03:57.2237549Z remote: Counting objects:  58% (854/1472)        
2022-06-08T22:03:57.2237784Z remote: Counting objects:  59% (869/1472)        
2022-06-08T22:03:57.2238020Z remote: Counting objects:  60% (884/1472)        
2022-06-08T22:03:57.2238246Z remote: Counting objects:  61% (898/1472)        
2022-06-08T22:03:57.2238484Z remote: Counting objects:  62% (913/1472)        
2022-06-08T22:03:57.2238721Z remote: Counting objects:  63% (928/1472)        
2022-06-08T22:03:57.2238975Z remote: Counting objects:  64% (943/1472)        
2022-06-08T22:03:57.2239226Z remote: Counting objects:  65% (957/1472)        
2022-06-08T22:03:57.2239463Z remote: Counting objects:  66% (972/1472)        
2022-06-08T22:03:57.2239701Z remote: Counting objects:  67% (987/1472)        
2022-06-08T22:03:57.2239948Z remote: Counting objects:  68% (1001/1472)        
2022-06-08T22:03:57.2240201Z remote: Counting objects:  69% (1016/1472)        
2022-06-08T22:03:57.2240458Z remote: Counting objects:  70% (1031/1472)        
2022-06-08T22:03:57.2240716Z remote: Counting objects:  71% (1046/1472)        
2022-06-08T22:03:57.2240956Z remote: Counting objects:  72% (1060/1472)        
2022-06-08T22:03:57.2241204Z remote: Counting objects:  73% (1075/1472)        
2022-06-08T22:03:57.2241451Z remote: Counting objects:  74% (1090/1472)        
2022-06-08T22:03:57.2241689Z remote: Counting objects:  75% (1104/1472)        
2022-06-08T22:03:57.2241931Z remote: Counting objects:  76% (1119/1472)        
2022-06-08T22:03:57.2242188Z remote: Counting objects:  77% (1134/1472)        
2022-06-08T22:03:57.2242516Z remote: Counting objects:  78% (1149/1472)        
2022-06-08T22:03:57.2242970Z remote: Counting objects:  79% (1163/1472)        
2022-06-08T22:03:57.2243223Z remote: Counting objects:  80% (1178/1472)        
2022-06-08T22:03:57.2243468Z remote: Counting objects:  81% (1193/1472)        
2022-06-08T22:03:57.2243702Z remote: Counting objects:  82% (1208/1472)        
2022-06-08T22:03:57.2243998Z remote: Counting objects:  83% (1222/1472)        
2022-06-08T22:03:57.2244251Z remote: Counting objects:  84% (1237/1472)        
2022-06-08T22:03:57.2244488Z remote: Counting objects:  85% (1252/1472)        
2022-06-08T22:03:57.2244732Z remote: Counting objects:  86% (1266/1472)        
2022-06-08T22:03:57.2244979Z remote: Counting objects:  87% (1281/1472)        
2022-06-08T22:03:57.2245227Z remote: Counting objects:  88% (1296/1472)        
2022-06-08T22:03:57.2245462Z remote: Counting objects:  89% (1311/1472)        
2022-06-08T22:03:57.2245712Z remote: Counting objects:  90% (1325/1472)        
2022-06-08T22:03:57.2245963Z remote: Counting objects:  91% (1340/1472)        
2022-06-08T22:03:57.2246194Z remote: Counting objects:  92% (1355/1472)        
2022-06-08T22:03:57.2246431Z remote: Counting objects:  93% (1369/1472)        
2022-06-08T22:03:57.2246676Z remote: Counting objects:  94% (1384/1472)        
2022-06-08T22:03:57.2246905Z remote: Counting objects:  95% (1399/1472)        
2022-06-08T22:03:57.2247149Z remote: Counting objects:  96% (1414/1472)        
2022-06-08T22:03:57.2247393Z remote: Counting objects:  97% (1428/1472)        
2022-06-08T22:03:57.2247627Z remote: Counting objects:  98% (1443/1472)        
2022-06-08T22:03:57.2247877Z remote: Counting objects:  99% (1458/1472)        
2022-06-08T22:03:57.2248121Z remote: Counting objects: 100% (1472/1472)        
2022-06-08T22:03:57.2248387Z remote: Counting objects: 100% (1472/1472), done.        
2022-06-08T22:03:57.2248671Z remote: Compressing objects:   0% (1/1193)        
2022-06-08T22:03:57.2259626Z remote: Compressing objects:   1% (12/1193)        
2022-06-08T22:03:57.2305517Z remote: Compressing objects:   2% (24/1193)        
2022-06-08T22:03:57.7859800Z remote: Compressing objects:   3% (36/1193)        
2022-06-08T22:03:57.8121010Z remote: Compressing objects:   4% (48/1193)        
2022-06-08T22:03:57.8417202Z remote: Compressing objects:   5% (60/1193)        
2022-06-08T22:03:57.8802592Z remote: Compressing objects:   6% (72/1193)        
2022-06-08T22:03:57.9182211Z remote: Compressing objects:   7% (84/1193)        
2022-06-08T22:03:57.9530840Z remote: Compressing objects:   8% (96/1193)        
2022-06-08T22:03:57.9626394Z remote: Compressing objects:   9% (108/1193)        
2022-06-08T22:03:57.9760073Z remote: Compressing objects:  10% (120/1193)        
2022-06-08T22:03:57.9794902Z remote: Compressing objects:  11% (132/1193)        
2022-06-08T22:03:57.9847173Z remote: Compressing objects:  12% (144/1193)        
2022-06-08T22:03:57.9847454Z remote: Compressing objects:  13% (156/1193)        
2022-06-08T22:03:57.9851616Z remote: Compressing objects:  14% (168/1193)        
2022-06-08T22:03:57.9855560Z remote: Compressing objects:  15% (179/1193)        
2022-06-08T22:03:57.9867863Z remote: Compressing objects:  16% (191/1193)        
2022-06-08T22:03:57.9988899Z remote: Compressing objects:  17% (203/1193)        
2022-06-08T22:03:58.0058577Z remote: Compressing objects:  18% (215/1193)        
2022-06-08T22:03:58.0058882Z remote: Compressing objects:  19% (227/1193)        
2022-06-08T22:03:58.0136935Z remote: Compressing objects:  20% (239/1193)        
2022-06-08T22:03:58.0182952Z remote: Compressing objects:  21% (251/1193)        
2022-06-08T22:03:58.0259778Z remote: Compressing objects:  22% (263/1193)        
2022-06-08T22:03:58.0321399Z remote: Compressing objects:  23% (275/1193)        
2022-06-08T22:03:58.0360722Z remote: Compressing objects:  24% (287/1193)        
2022-06-08T22:03:58.0408675Z remote: Compressing objects:  25% (299/1193)        
2022-06-08T22:03:58.0465990Z remote: Compressing objects:  26% (311/1193)        
2022-06-08T22:03:58.0551175Z remote: Compressing objects:  27% (323/1193)        
2022-06-08T22:03:58.0635772Z remote: Compressing objects:  28% (335/1193)        
2022-06-08T22:03:58.0732007Z remote: Compressing objects:  29% (346/1193)        
2022-06-08T22:03:58.0786133Z remote: Compressing objects:  30% (358/1193)        
2022-06-08T22:03:58.0853002Z remote: Compressing objects:  31% (370/1193)        
2022-06-08T22:03:58.0927032Z remote: Compressing objects:  32% (382/1193)        
2022-06-08T22:03:58.0965324Z remote: Compressing objects:  33% (394/1193)        
2022-06-08T22:03:58.0985885Z remote: Compressing objects:  34% (406/1193)        
2022-06-08T22:03:58.1111095Z remote: Compressing objects:  35% (418/1193)        
2022-06-08T22:03:58.1166927Z remote: Compressing objects:  36% (430/1193)        
2022-06-08T22:03:58.1190054Z remote: Compressing objects:  37% (442/1193)        
2022-06-08T22:03:58.1230530Z remote: Compressing objects:  38% (454/1193)        
2022-06-08T22:03:58.1283543Z remote: Compressing objects:  39% (466/1193)        
2022-06-08T22:03:58.1339612Z remote: Compressing objects:  40% (478/1193)        
2022-06-08T22:03:58.1390290Z remote: Compressing objects:  41% (490/1193)        
2022-06-08T22:03:58.1414490Z remote: Compressing objects:  42% (502/1193)        
2022-06-08T22:03:58.1444709Z remote: Compressing objects:  43% (513/1193)        
2022-06-08T22:03:58.1553545Z remote: Compressing objects:  44% (525/1193)        
2022-06-08T22:03:58.1634745Z remote: Compressing objects:  45% (537/1193)        
2022-06-08T22:03:58.1686730Z remote: Compressing objects:  46% (549/1193)        
2022-06-08T22:03:58.1768851Z remote: Compressing objects:  47% (561/1193)        
2022-06-08T22:03:58.1841448Z remote: Compressing objects:  48% (573/1193)        
2022-06-08T22:03:58.1877532Z remote: Compressing objects:  49% (585/1193)        
2022-06-08T22:03:58.1908701Z remote: Compressing objects:  50% (597/1193)        
2022-06-08T22:03:58.2028404Z remote: Compressing objects:  51% (609/1193)        
2022-06-08T22:03:58.2080208Z remote: Compressing objects:  52% (621/1193)        
2022-06-08T22:03:58.2108320Z remote: Compressing objects:  53% (633/1193)        
2022-06-08T22:03:58.2138261Z remote: Compressing objects:  54% (645/1193)        
2022-06-08T22:03:58.2191548Z remote: Compressing objects:  55% (657/1193)        
2022-06-08T22:03:58.2244149Z remote: Compressing objects:  56% (669/1193)        
2022-06-08T22:03:58.2251386Z remote: Compressing objects:  56% (677/1193)        
2022-06-08T22:03:58.2374851Z remote: Compressing objects:  57% (681/1193)        
2022-06-08T22:03:58.2436071Z remote: Compressing objects:  58% (692/1193)        
2022-06-08T22:03:58.2788749Z remote: Compressing objects:  59% (704/1193)        
2022-06-08T22:03:58.2845254Z remote: Compressing objects:  60% (716/1193)        
2022-06-08T22:03:58.2872759Z remote: Compressing objects:  61% (728/1193)        
2022-06-08T22:03:58.2882749Z remote: Compressing objects:  62% (740/1193)        
2022-06-08T22:03:58.2907948Z remote: Compressing objects:  63% (752/1193)        
2022-06-08T22:03:58.2924704Z remote: Compressing objects:  64% (764/1193)        
2022-06-08T22:03:58.2957553Z remote: Compressing objects:  65% (776/1193)        
2022-06-08T22:03:58.2958524Z remote: Compressing objects:  66% (788/1193)        
2022-06-08T22:03:58.2978958Z remote: Compressing objects:  67% (800/1193)        
2022-06-08T22:03:58.3024263Z remote: Compressing objects:  68% (812/1193)        
2022-06-08T22:03:58.3024635Z remote: Compressing objects:  69% (824/1193)        
2022-06-08T22:03:58.3038499Z remote: Compressing objects:  70% (836/1193)        
2022-06-08T22:03:58.3057785Z remote: Compressing objects:  71% (848/1193)        
2022-06-08T22:03:58.3098245Z remote: Compressing objects:  72% (859/1193)        
2022-06-08T22:03:58.3147226Z remote: Compressing objects:  73% (871/1193)        
2022-06-08T22:03:58.3243749Z remote: Compressing objects:  74% (883/1193)        
2022-06-08T22:03:58.3392003Z remote: Compressing objects:  75% (895/1193)        
2022-06-08T22:03:58.3436501Z remote: Compressing objects:  76% (907/1193)        
2022-06-08T22:03:58.3471121Z remote: Compressing objects:  77% (919/1193)        
2022-06-08T22:03:58.3506142Z remote: Compressing objects:  78% (931/1193)        
2022-06-08T22:03:58.3519499Z remote: Compressing objects:  79% (943/1193)        
2022-06-08T22:03:58.3520324Z remote: Compressing objects:  80% (955/1193)        
2022-06-08T22:03:58.3530405Z remote: Compressing objects:  81% (967/1193)        
2022-06-08T22:03:58.3571964Z remote: Compressing objects:  82% (979/1193)        
2022-06-08T22:03:58.3604219Z remote: Compressing objects:  83% (991/1193)        
2022-06-08T22:03:58.3653629Z remote: Compressing objects:  84% (1003/1193)        
2022-06-08T22:03:58.3736630Z remote: Compressing objects:  85% (1015/1193)        
2022-06-08T22:03:58.3809989Z remote: Compressing objects:  86% (1026/1193)        
2022-06-08T22:03:58.3841282Z remote: Compressing objects:  87% (1038/1193)        
2022-06-08T22:03:58.3913767Z remote: Compressing objects:  88% (1050/1193)        
2022-06-08T22:03:58.3914244Z remote: Compressing objects:  89% (1062/1193)        
2022-06-08T22:03:58.3914871Z remote: Compressing objects:  90% (1074/1193)        
2022-06-08T22:03:58.3915278Z remote: Compressing objects:  91% (1086/1193)        
2022-06-08T22:03:58.3915884Z remote: Compressing objects:  92% (1098/1193)        
2022-06-08T22:03:58.3916302Z remote: Compressing objects:  93% (1110/1193)        
2022-06-08T22:03:58.3916909Z remote: Compressing objects:  94% (1122/1193)        
2022-06-08T22:03:58.3917311Z remote: Compressing objects:  95% (1134/1193)        
2022-06-08T22:03:58.3918066Z remote: Compressing objects:  96% (1146/1193)        
2022-06-08T22:03:58.3918486Z remote: Compressing objects:  97% (1158/1193)        
2022-06-08T22:03:58.3919093Z remote: Compressing objects:  98% (1170/1193)        
2022-06-08T22:03:58.3919496Z remote: Compressing objects:  99% (1182/1193)        
2022-06-08T22:03:58.3920259Z remote: Compressing objects: 100% (1193/1193)        
2022-06-08T22:03:58.3920725Z remote: Compressing objects: 100% (1193/1193), done.        
2022-06-08T22:03:58.3966890Z Receiving objects:   0% (1/1472)
2022-06-08T22:03:58.4007379Z Receiving objects:   1% (15/1472)
2022-06-08T22:03:58.4024750Z Receiving objects:   2% (30/1472)
2022-06-08T22:03:58.4032740Z Receiving objects:   3% (45/1472)
2022-06-08T22:03:58.4045394Z Receiving objects:   4% (59/1472)
2022-06-08T22:03:58.4052838Z Receiving objects:   5% (74/1472)
2022-06-08T22:03:58.4063326Z Receiving objects:   6% (89/1472)
2022-06-08T22:03:58.4067942Z Receiving objects:   7% (104/1472)
2022-06-08T22:03:58.4080249Z Receiving objects:   8% (118/1472)
2022-06-08T22:03:58.4087911Z Receiving objects:   9% (133/1472)
2022-06-08T22:03:58.4092541Z Receiving objects:  10% (148/1472)
2022-06-08T22:03:58.4108235Z Receiving objects:  11% (162/1472)
2022-06-08T22:03:58.4119324Z Receiving objects:  12% (177/1472)
2022-06-08T22:03:58.4131009Z Receiving objects:  13% (192/1472)
2022-06-08T22:03:58.4148762Z Receiving objects:  14% (207/1472)
2022-06-08T22:03:58.4163971Z Receiving objects:  15% (221/1472)
2022-06-08T22:03:58.4199153Z Receiving objects:  16% (236/1472)
2022-06-08T22:03:58.4232960Z Receiving objects:  17% (251/1472)
2022-06-08T22:03:58.4310313Z Receiving objects:  18% (265/1472)
2022-06-08T22:03:58.4332567Z Receiving objects:  19% (280/1472)
2022-06-08T22:03:58.4435441Z Receiving objects:  20% (295/1472)
2022-06-08T22:03:58.4455271Z Receiving objects:  21% (310/1472)
2022-06-08T22:03:58.4475154Z Receiving objects:  22% (324/1472)
2022-06-08T22:03:58.4489805Z Receiving objects:  23% (339/1472)
2022-06-08T22:03:58.4498925Z Receiving objects:  24% (354/1472)
2022-06-08T22:03:58.4502961Z Receiving objects:  25% (368/1472)
2022-06-08T22:03:58.4512781Z Receiving objects:  26% (383/1472)
2022-06-08T22:03:58.4612851Z Receiving objects:  27% (398/1472)
2022-06-08T22:03:58.4737201Z Receiving objects:  28% (413/1472)
2022-06-08T22:03:58.4790078Z Receiving objects:  29% (427/1472)
2022-06-08T22:03:58.4829878Z Receiving objects:  30% (442/1472)
2022-06-08T22:03:58.4946604Z Receiving objects:  31% (457/1472)
2022-06-08T22:03:58.5002055Z Receiving objects:  32% (472/1472)
2022-06-08T22:03:58.5436528Z Receiving objects:  33% (486/1472)
2022-06-08T22:03:58.5455865Z Receiving objects:  34% (501/1472)
2022-06-08T22:03:58.5473417Z Receiving objects:  35% (516/1472)
2022-06-08T22:03:58.5514549Z Receiving objects:  36% (530/1472)
2022-06-08T22:03:58.5548047Z Receiving objects:  37% (545/1472)
2022-06-08T22:03:58.5603351Z Receiving objects:  38% (560/1472)
2022-06-08T22:03:58.5620901Z Receiving objects:  39% (575/1472)
2022-06-08T22:03:58.5651473Z Receiving objects:  40% (589/1472)
2022-06-08T22:03:58.5687944Z Receiving objects:  41% (604/1472)
2022-06-08T22:03:58.5706055Z Receiving objects:  42% (619/1472)
2022-06-08T22:03:58.5729538Z Receiving objects:  43% (633/1472)
2022-06-08T22:03:58.5734353Z Receiving objects:  44% (648/1472)
2022-06-08T22:03:58.5739147Z Receiving objects:  45% (663/1472)
2022-06-08T22:03:58.5789605Z Receiving objects:  46% (678/1472)
2022-06-08T22:03:58.5958952Z Receiving objects:  47% (692/1472)
2022-06-08T22:03:58.8398790Z Receiving objects:  48% (707/1472)
2022-06-08T22:03:58.9476795Z Receiving objects:  49% (722/1472)
2022-06-08T22:03:59.3958253Z Receiving objects:  50% (736/1472), 17.30 MiB | 34.58 MiB/s
2022-06-08T22:03:59.4243840Z Receiving objects:  50% (741/1472), 33.79 MiB | 33.78 MiB/s
2022-06-08T22:04:00.1146558Z Receiving objects:  51% (751/1472), 33.79 MiB | 33.78 MiB/s
2022-06-08T22:04:00.1260028Z Receiving objects:  52% (766/1472), 50.59 MiB | 33.72 MiB/s
2022-06-08T22:04:00.1364865Z Receiving objects:  53% (781/1472), 50.59 MiB | 33.72 MiB/s
2022-06-08T22:04:00.2895385Z Receiving objects:  54% (795/1472), 50.59 MiB | 33.72 MiB/s
2022-06-08T22:04:00.2913313Z Receiving objects:  55% (810/1472), 50.59 MiB | 33.72 MiB/s
2022-06-08T22:04:00.2920170Z Receiving objects:  56% (825/1472), 50.59 MiB | 33.72 MiB/s
2022-06-08T22:04:00.2967317Z Receiving objects:  57% (840/1472), 50.59 MiB | 33.72 MiB/s
2022-06-08T22:04:00.2976793Z Receiving objects:  58% (854/1472), 50.59 MiB | 33.72 MiB/s
2022-06-08T22:04:00.2987728Z Receiving objects:  59% (869/1472), 50.59 MiB | 33.72 MiB/s
2022-06-08T22:04:00.2991353Z Receiving objects:  60% (884/1472), 50.59 MiB | 33.72 MiB/s
2022-06-08T22:04:00.3004131Z Receiving objects:  61% (898/1472), 50.59 MiB | 33.72 MiB/s
2022-06-08T22:04:00.3012308Z Receiving objects:  62% (913/1472), 50.59 MiB | 33.72 MiB/s
2022-06-08T22:04:00.3022915Z Receiving objects:  63% (928/1472), 50.59 MiB | 33.72 MiB/s
2022-06-08T22:04:00.3050028Z Receiving objects:  64% (943/1472), 50.59 MiB | 33.72 MiB/s
2022-06-08T22:04:00.3057422Z Receiving objects:  65% (957/1472), 50.59 MiB | 33.72 MiB/s
2022-06-08T22:04:00.3063891Z Receiving objects:  66% (972/1472), 50.59 MiB | 33.72 MiB/s
2022-06-08T22:04:00.3074365Z Receiving objects:  67% (987/1472), 50.59 MiB | 33.72 MiB/s
2022-06-08T22:04:00.3094105Z Receiving objects:  68% (1001/1472), 50.59 MiB | 33.72 MiB/s
2022-06-08T22:04:00.3107246Z Receiving objects:  69% (1016/1472), 50.59 MiB | 33.72 MiB/s
2022-06-08T22:04:00.3118765Z Receiving objects:  70% (1031/1472), 50.59 MiB | 33.72 MiB/s
2022-06-08T22:04:00.3131696Z Receiving objects:  71% (1046/1472), 50.59 MiB | 33.72 MiB/s
2022-06-08T22:04:00.3144532Z Receiving objects:  72% (1060/1472), 50.59 MiB | 33.72 MiB/s
2022-06-08T22:04:00.3162651Z Receiving objects:  73% (1075/1472), 50.59 MiB | 33.72 MiB/s
2022-06-08T22:04:00.3166347Z Receiving objects:  74% (1090/1472), 50.59 MiB | 33.72 MiB/s
2022-06-08T22:04:00.3168363Z Receiving objects:  75% (1104/1472), 50.59 MiB | 33.72 MiB/s
2022-06-08T22:04:00.3170573Z Receiving objects:  76% (1119/1472), 50.59 MiB | 33.72 MiB/s
2022-06-08T22:04:00.3174292Z Receiving objects:  77% (1134/1472), 50.59 MiB | 33.72 MiB/s
2022-06-08T22:04:00.3177713Z Receiving objects:  78% (1149/1472), 50.59 MiB | 33.72 MiB/s
2022-06-08T22:04:00.3179975Z Receiving objects:  79% (1163/1472), 50.59 MiB | 33.72 MiB/s
2022-06-08T22:04:00.3183407Z Receiving objects:  80% (1178/1472), 50.59 MiB | 33.72 MiB/s
2022-06-08T22:04:00.3185571Z Receiving objects:  81% (1193/1472), 50.59 MiB | 33.72 MiB/s
2022-06-08T22:04:00.3188065Z Receiving objects:  82% (1208/1472), 50.59 MiB | 33.72 MiB/s
2022-06-08T22:04:00.3193656Z Receiving objects:  83% (1222/1472), 50.59 MiB | 33.72 MiB/s
2022-06-08T22:04:00.3196249Z Receiving objects:  84% (1237/1472), 50.59 MiB | 33.72 MiB/s
2022-06-08T22:04:00.3197391Z Receiving objects:  85% (1252/1472), 50.59 MiB | 33.72 MiB/s
2022-06-08T22:04:00.3198769Z Receiving objects:  86% (1266/1472), 50.59 MiB | 33.72 MiB/s
2022-06-08T22:04:00.3199741Z Receiving objects:  87% (1281/1472), 50.59 MiB | 33.72 MiB/s
2022-06-08T22:04:00.3204881Z Receiving objects:  88% (1296/1472), 50.59 MiB | 33.72 MiB/s
2022-06-08T22:04:00.3213602Z Receiving objects:  89% (1311/1472), 50.59 MiB | 33.72 MiB/s
2022-06-08T22:04:00.3237780Z Receiving objects:  90% (1325/1472), 50.59 MiB | 33.72 MiB/s
2022-06-08T22:04:00.3255493Z Receiving objects:  91% (1340/1472), 50.59 MiB | 33.72 MiB/s
2022-06-08T22:04:00.3262727Z Receiving objects:  92% (1355/1472), 50.59 MiB | 33.72 MiB/s
2022-06-08T22:04:00.3265314Z Receiving objects:  93% (1369/1472), 50.59 MiB | 33.72 MiB/s
2022-06-08T22:04:00.3278622Z Receiving objects:  94% (1384/1472), 50.59 MiB | 33.72 MiB/s
2022-06-08T22:04:00.3295033Z Receiving objects:  95% (1399/1472), 50.59 MiB | 33.72 MiB/s
2022-06-08T22:04:00.3306311Z Receiving objects:  96% (1414/1472), 50.59 MiB | 33.72 MiB/s
2022-06-08T22:04:00.3360720Z Receiving objects:  97% (1428/1472), 50.59 MiB | 33.72 MiB/s
2022-06-08T22:04:00.3361516Z remote: Total 1472 (delta 418), reused 650 (delta 192), pack-reused 0        
2022-06-08T22:04:00.3395378Z Receiving objects:  98% (1443/1472), 50.59 MiB | 33.72 MiB/s
2022-06-08T22:04:00.3400298Z Receiving objects:  99% (1458/1472), 50.59 MiB | 33.72 MiB/s
2022-06-08T22:04:00.3400812Z Receiving objects: 100% (1472/1472), 50.59 MiB | 33.72 MiB/s
2022-06-08T22:04:00.3401483Z Receiving objects: 100% (1472/1472), 72.59 MiB | 37.33 MiB/s, done.
2022-06-08T22:04:00.3406211Z Resolving deltas:   0% (0/418)
2022-06-08T22:04:00.3406670Z Resolving deltas:   1% (5/418)
2022-06-08T22:04:00.3407092Z Resolving deltas:   2% (9/418)
2022-06-08T22:04:00.3407544Z Resolving deltas:   3% (13/418)
2022-06-08T22:04:00.3407793Z Resolving deltas:   4% (17/418)
2022-06-08T22:04:00.3410919Z Resolving deltas:   5% (21/418)
2022-06-08T22:04:00.3413517Z Resolving deltas:   6% (26/418)
2022-06-08T22:04:00.3414021Z Resolving deltas:   7% (30/418)
2022-06-08T22:04:00.3414391Z Resolving deltas:   8% (34/418)
2022-06-08T22:04:00.3417729Z Resolving deltas:   9% (38/418)
2022-06-08T22:04:00.3418079Z Resolving deltas:  10% (42/418)
2022-06-08T22:04:00.3418432Z Resolving deltas:  11% (46/418)
2022-06-08T22:04:00.3421089Z Resolving deltas:  12% (51/418)
2022-06-08T22:04:00.3421612Z Resolving deltas:  13% (55/418)
2022-06-08T22:04:00.3424206Z Resolving deltas:  14% (59/418)
2022-06-08T22:04:00.3425237Z Resolving deltas:  15% (63/418)
2022-06-08T22:04:00.3426488Z Resolving deltas:  16% (67/418)
2022-06-08T22:04:00.3427474Z Resolving deltas:  17% (72/418)
2022-06-08T22:04:00.3429102Z Resolving deltas:  18% (76/418)
2022-06-08T22:04:00.3429523Z Resolving deltas:  19% (80/418)
2022-06-08T22:04:00.3431451Z Resolving deltas:  20% (84/418)
2022-06-08T22:04:00.3432831Z Resolving deltas:  21% (88/418)
2022-06-08T22:04:00.3434938Z Resolving deltas:  22% (92/418)
2022-06-08T22:04:00.3440456Z Resolving deltas:  23% (97/418)
2022-06-08T22:04:00.3445242Z Resolving deltas:  24% (101/418)
2022-06-08T22:04:00.3446191Z Resolving deltas:  25% (105/418)
2022-06-08T22:04:00.3448060Z Resolving deltas:  26% (109/418)
2022-06-08T22:04:00.3456863Z Resolving deltas:  27% (113/418)
2022-06-08T22:04:00.3464691Z Resolving deltas:  28% (118/418)
2022-06-08T22:04:00.3468663Z Resolving deltas:  29% (122/418)
2022-06-08T22:04:00.3472937Z Resolving deltas:  30% (126/418)
2022-06-08T22:04:00.3474774Z Resolving deltas:  31% (130/418)
2022-06-08T22:04:00.3476942Z Resolving deltas:  32% (134/418)
2022-06-08T22:04:00.3478022Z Resolving deltas:  33% (138/418)
2022-06-08T22:04:00.3479980Z Resolving deltas:  34% (143/418)
2022-06-08T22:04:00.3483351Z Resolving deltas:  35% (147/418)
2022-06-08T22:04:00.3484852Z Resolving deltas:  36% (151/418)
2022-06-08T22:04:00.3485715Z Resolving deltas:  37% (155/418)
2022-06-08T22:04:00.3487456Z Resolving deltas:  38% (159/418)
2022-06-08T22:04:00.3489313Z Resolving deltas:  39% (164/418)
2022-06-08T22:04:00.3490123Z Resolving deltas:  40% (168/418)
2022-06-08T22:04:00.3493800Z Resolving deltas:  41% (172/418)
2022-06-08T22:04:00.3497261Z Resolving deltas:  42% (176/418)
2022-06-08T22:04:00.3503412Z Resolving deltas:  43% (180/418)
2022-06-08T22:04:00.3511451Z Resolving deltas:  44% (184/418)
2022-06-08T22:04:00.3515195Z Resolving deltas:  45% (189/418)
2022-06-08T22:04:00.3525703Z Resolving deltas:  46% (193/418)
2022-06-08T22:04:00.3529877Z Resolving deltas:  47% (197/418)
2022-06-08T22:04:00.3533086Z Resolving deltas:  48% (201/418)
2022-06-08T22:04:00.3538752Z Resolving deltas:  49% (205/418)
2022-06-08T22:04:00.3539808Z Resolving deltas:  50% (209/418)
2022-06-08T22:04:00.3575493Z Resolving deltas:  51% (214/418)
2022-06-08T22:04:00.4114613Z Resolving deltas:  52% (218/418)
2022-06-08T22:04:00.4334702Z Resolving deltas:  53% (222/418)
2022-06-08T22:04:00.5049641Z Resolving deltas:  54% (226/418)
2022-06-08T22:04:00.5127721Z Resolving deltas:  55% (230/418)
2022-06-08T22:04:00.5132840Z Resolving deltas:  56% (235/418)
2022-06-08T22:04:00.5137191Z Resolving deltas:  57% (239/418)
2022-06-08T22:04:00.5142749Z Resolving deltas:  58% (243/418)
2022-06-08T22:04:00.5146166Z Resolving deltas:  59% (247/418)
2022-06-08T22:04:00.5149691Z Resolving deltas:  60% (251/418)
2022-06-08T22:04:00.5155069Z Resolving deltas:  61% (255/418)
2022-06-08T22:04:00.5161911Z Resolving deltas:  62% (260/418)
2022-06-08T22:04:00.5166342Z Resolving deltas:  63% (264/418)
2022-06-08T22:04:00.5170037Z Resolving deltas:  64% (268/418)
2022-06-08T22:04:00.5176918Z Resolving deltas:  65% (272/418)
2022-06-08T22:04:00.5184853Z Resolving deltas:  66% (276/418)
2022-06-08T22:04:00.5188867Z Resolving deltas:  67% (281/418)
2022-06-08T22:04:00.5192437Z Resolving deltas:  68% (285/418)
2022-06-08T22:04:00.5196265Z Resolving deltas:  69% (289/418)
2022-06-08T22:04:00.5200254Z Resolving deltas:  70% (293/418)
2022-06-08T22:04:00.5204905Z Resolving deltas:  71% (297/418)
2022-06-08T22:04:00.5210313Z Resolving deltas:  72% (301/418)
2022-06-08T22:04:00.5215350Z Resolving deltas:  73% (306/418)
2022-06-08T22:04:00.5219371Z Resolving deltas:  74% (310/418)
2022-06-08T22:04:00.5223149Z Resolving deltas:  75% (314/418)
2022-06-08T22:04:00.5226846Z Resolving deltas:  76% (318/418)
2022-06-08T22:04:00.5231731Z Resolving deltas:  77% (322/418)
2022-06-08T22:04:00.5235244Z Resolving deltas:  78% (327/418)
2022-06-08T22:04:00.5240425Z Resolving deltas:  79% (331/418)
2022-06-08T22:04:00.5244885Z Resolving deltas:  80% (335/418)
2022-06-08T22:04:00.5249004Z Resolving deltas:  81% (339/418)
2022-06-08T22:04:00.5253074Z Resolving deltas:  82% (343/418)
2022-06-08T22:04:00.5257162Z Resolving deltas:  83% (347/418)
2022-06-08T22:04:00.5260812Z Resolving deltas:  84% (352/418)
2022-06-08T22:04:00.5265298Z Resolving deltas:  85% (356/418)
2022-06-08T22:04:00.5268471Z Resolving deltas:  86% (360/418)
2022-06-08T22:04:00.5271519Z Resolving deltas:  87% (364/418)
2022-06-08T22:04:00.5274556Z Resolving deltas:  88% (368/418)
2022-06-08T22:04:00.5277716Z Resolving deltas:  89% (373/418)
2022-06-08T22:04:00.5280751Z Resolving deltas:  90% (377/418)
2022-06-08T22:04:00.5284706Z Resolving deltas:  91% (381/418)
2022-06-08T22:04:00.5288735Z Resolving deltas:  92% (385/418)
2022-06-08T22:04:00.5293216Z Resolving deltas:  93% (389/418)
2022-06-08T22:04:00.5298126Z Resolving deltas:  94% (393/418)
2022-06-08T22:04:00.5301572Z Resolving deltas:  95% (398/418)
2022-06-08T22:04:00.5309124Z Resolving deltas:  96% (402/418)
2022-06-08T22:04:00.5314184Z Resolving deltas:  97% (406/418)
2022-06-08T22:04:00.5325675Z Resolving deltas:  98% (410/418)
2022-06-08T22:04:00.6418705Z Resolving deltas:  99% (414/418)
2022-06-08T22:04:00.6419239Z Resolving deltas: 100% (418/418)
2022-06-08T22:04:00.6419689Z Resolving deltas: 100% (418/418), done.
2022-06-08T22:04:00.7435688Z From https://github.com/java-native-access/jna
2022-06-08T22:04:00.7436661Z  * [new ref]         c1565fb89469cbcba67b1cc305e16d520779b270 -> origin/master
2022-06-08T22:04:00.7456796Z ##[endgroup]
2022-06-08T22:04:00.7457471Z ##[group]Determining the checkout info
2022-06-08T22:04:00.7458276Z ##[endgroup]
2022-06-08T22:04:00.7458766Z ##[group]Checking out the ref
2022-06-08T22:04:00.7462944Z [command]/usr/bin/git checkout --progress --force -B master refs/remotes/origin/master
2022-06-08T22:04:01.3619361Z Reset branch 'master'
2022-06-08T22:04:01.3619971Z branch 'master' set up to track 'origin/master'.
2022-06-08T22:04:01.3649493Z ##[endgroup]
2022-06-08T22:04:01.3690302Z [command]/usr/bin/git log -1 --format='%H'
2022-06-08T22:04:01.3717762Z 'c1565fb89469cbcba67b1cc305e16d520779b270'
2022-06-08T22:04:01.4023086Z ##[group]Run actions/setup-java@v2
2022-06-08T22:04:01.4023302Z with:
2022-06-08T22:04:01.4023496Z   java-version: 19-ea
2022-06-08T22:04:01.4023703Z   distribution: zulu
2022-06-08T22:04:01.4023898Z   java-package: jdk
2022-06-08T22:04:01.4024096Z   architecture: x64
2022-06-08T22:04:01.4024298Z   check-latest: false
2022-06-08T22:04:01.4024483Z   server-id: github
2022-06-08T22:04:01.4024705Z   server-username: GITHUB_ACTOR
2022-06-08T22:04:01.4024953Z   server-password: GITHUB_TOKEN
2022-06-08T22:04:01.4025174Z   overwrite-settings: true
2022-06-08T22:04:01.4025392Z   job-status: success
2022-06-08T22:04:01.4025578Z ##[endgroup]
2022-06-08T22:04:01.6744061Z Trying to resolve the latest version from remote
2022-06-08T22:04:01.7688302Z Resolved latest version as 19.0.0+25
2022-06-08T22:04:01.7688564Z Trying to download...
2022-06-08T22:04:01.7689323Z Downloading Java 19.0.0+25 (Zulu) from https://cdn.azul.com/zulu/bin/zulu19.0.59-ea-jdk19.0.0-ea.25-linux_x64.tar.gz ...
2022-06-08T22:04:03.7275812Z Extracting Java archive...
2022-06-08T22:04:03.7390150Z [command]/usr/bin/tar xz --warning=no-unknown-keyword -C /home/runner/work/_temp/f8ff9536-4594-45cb-84c9-e2c2d91440d9 -f /home/runner/work/_temp/d8d40aee-3a42-40d0-bc0e-6d9383e1c157
2022-06-08T22:04:08.7523978Z Java 19.0.0+25 was downloaded
2022-06-08T22:04:08.7524895Z Setting Java 19.0.0+25 as the default
2022-06-08T22:04:08.7536846Z 
2022-06-08T22:04:08.7537065Z Java configuration:
2022-06-08T22:04:08.7537315Z   Distribution: zulu
2022-06-08T22:04:08.7537513Z   Version: 19.0.0+25
2022-06-08T22:04:08.7538006Z   Path: /opt/hostedtoolcache/Java_Zulu_jdk/19.0.0-ea.25/x64
2022-06-08T22:04:08.7538752Z 
2022-06-08T22:04:08.7564401Z Creating settings.xml with server-id: github
2022-06-08T22:04:08.7650268Z Writing to /home/runner/.m2/settings.xml
2022-06-08T22:04:08.7848200Z ##[group]Run sudo apt-get -y install texinfo
2022-06-08T22:04:08.7848534Z [36;1msudo apt-get -y install texinfo[0m
2022-06-08T22:04:08.7907257Z shell: /usr/bin/bash -e {0}
2022-06-08T22:04:08.7907492Z env:
2022-06-08T22:04:08.7907749Z   JAVA_HOME: /opt/hostedtoolcache/Java_Zulu_jdk/19.0.0-ea.25/x64
2022-06-08T22:04:08.7908009Z ##[endgroup]
2022-06-08T22:04:10.0475225Z Reading package lists...
2022-06-08T22:04:10.2077680Z Building dependency tree...
2022-06-08T22:04:10.2097353Z Reading state information...
2022-06-08T22:04:10.3452213Z texinfo is already the newest version (6.7.0.dfsg.2-5).
2022-06-08T22:04:10.4176428Z 0 upgraded, 0 newly installed, 0 to remove and 14 not upgraded.
2022-06-08T22:04:10.4817335Z ##[group]Run ant test
2022-06-08T22:04:10.4817572Z [36;1mant test[0m
2022-06-08T22:04:10.4817772Z [36;1mant test-platform[0m
2022-06-08T22:04:10.4870318Z shell: /usr/bin/bash -e {0}
2022-06-08T22:04:10.4870536Z env:
2022-06-08T22:04:10.4870786Z   JAVA_HOME: /opt/hostedtoolcache/Java_Zulu_jdk/19.0.0-ea.25/x64
2022-06-08T22:04:10.4871041Z ##[endgroup]
2022-06-08T22:04:10.9921781Z Buildfile: /home/runner/work/jna/jna/build.xml
2022-06-08T22:04:11.5530020Z 
2022-06-08T22:04:11.5530585Z -enable-native:
2022-06-08T22:04:11.5531049Z 
2022-06-08T22:04:11.5531294Z -prepare-anttools:
2022-06-08T22:04:11.5613442Z 
2022-06-08T22:04:11.5613624Z default:
2022-06-08T22:04:11.5641731Z     [mkdir] Created dir: /home/runner/work/jna/jna/build/ant-tools
2022-06-08T22:04:11.6079044Z     [javac] Compiling 8 source files to /home/runner/work/jna/jna/build/ant-tools
2022-06-08T22:04:12.4416581Z     [javac] Note: /home/runner/work/jna/jna/src/com/sun/jna/ELFAnalyser.java uses unchecked or unsafe operations.
2022-06-08T22:04:12.4421279Z     [javac] Note: Recompile with -Xlint:unchecked for details.
2022-06-08T22:04:12.4491727Z 
2022-06-08T22:04:12.4492158Z -dynamic-properties:
2022-06-08T22:04:12.4591710Z      [copy] Copying 1 file to /home/runner/work/jna/jna/build
2022-06-08T22:04:12.4605166Z      [copy] Copying 1 file to /home/runner/work/jna/jna/build
2022-06-08T22:04:12.4610889Z      [copy] Copying 1 file to /home/runner/work/jna/jna/build
2022-06-08T22:04:12.4616638Z      [copy] Copying 1 file to /home/runner/work/jna/jna/build
2022-06-08T22:04:12.4928744Z     [mkdir] Created dir: /home/runner/work/jna/jna/build/native-linux-x86-64
2022-06-08T22:04:12.4930364Z     [mkdir] Created dir: /home/runner/work/jna/jna/build/headers
2022-06-08T22:04:12.4932820Z     [mkdir] Created dir: /home/runner/work/jna/jna/build/classes
2022-06-08T22:04:12.4935724Z     [mkdir] Created dir: /home/runner/work/jna/jna/build/test-classes
2022-06-08T22:04:12.4938018Z     [mkdir] Created dir: /home/runner/work/jna/jna/build/reports
2022-06-08T22:04:12.4940352Z     [mkdir] Created dir: /home/runner/work/jna/jna/doc
2022-06-08T22:04:12.4942727Z     [mkdir] Created dir: /home/runner/work/jna/jna/build/aar
2022-06-08T22:04:12.4965661Z      [echo] Java version 19-ea, compatibility: 9, ant: 19
2022-06-08T22:04:12.4968886Z      [echo] JNA version 5.12.0-SNAPSHOT, native 6.1.4, android 5120000
2022-06-08T22:04:12.4971851Z      [echo] OpenJDK 64-Bit Server VM (Azul Systems, Inc., 19-ea+25)
2022-06-08T22:04:12.4974868Z      [echo] java.home=/opt/hostedtoolcache/Java_Zulu_jdk/19.0.0-ea.25/x64
2022-06-08T22:04:12.4977656Z      [echo] java.library.path=/usr/java/packages/lib:/usr/lib64:/lib64:/lib:/usr/lib
2022-06-08T22:04:12.4980238Z      [echo] os.prefix=linux-x86-64
2022-06-08T22:04:12.4982767Z      [echo] os.name=Linux
2022-06-08T22:04:12.4985398Z      [echo] os.arch=amd64 (little)
2022-06-08T22:04:12.4987969Z      [echo] build=build
2022-06-08T22:04:12.4990879Z      [echo] build.native=/home/runner/work/jna/jna/build/native-linux-x86-64
2022-06-08T22:04:12.4993448Z      [echo] build.headers=/home/runner/work/jna/jna/build/headers
2022-06-08T22:04:12.5009066Z      [echo] build.aar=/home/runner/work/jna/jna/build/aar
2022-06-08T22:04:12.5011394Z 
2022-06-08T22:04:12.5011645Z -setup:
2022-06-08T22:04:12.5047982Z 
2022-06-08T22:04:12.5048202Z compile:
2022-06-08T22:04:12.5101341Z     [mkdir] Created dir: /home/runner/work/jna/jna/build/jna-src/com/sun/jna
2022-06-08T22:04:12.5107702Z      [copy] Copying 1 file to /home/runner/work/jna/jna/build/jna-src/com/sun/jna
2022-06-08T22:04:12.5147569Z     [javac] Compiling 1 source file to /home/runner/work/jna/jna/build/classes
2022-06-08T22:04:12.5171994Z     [javac] warning: [options] system modules path not set in conjunction with -source 9
2022-06-08T22:04:12.5582703Z     [javac] 1 warning
2022-06-08T22:04:12.5698418Z     [javac] Compiling 63 source files to /home/runner/work/jna/jna/build/classes
2022-06-08T22:04:12.5730678Z     [javac] warning: [options] system modules path not set in conjunction with -source 9
2022-06-08T22:04:13.2612638Z     [javac] /home/runner/work/jna/jna/src/com/sun/jna/CallbackReference.java:550: warning: [deprecation] isAccessible() in AccessibleObject has been deprecated
2022-06-08T22:04:13.2616710Z     [javac]             if (!callbackMethod.isAccessible()) {
2022-06-08T22:04:13.2619837Z     [javac]                                ^
2022-06-08T22:04:13.6785249Z     [javac] /home/runner/work/jna/jna/src/com/sun/jna/Native.java:264: warning: [removal] finalize() in Object has been deprecated and marked for removal
2022-06-08T22:04:13.6797604Z     [javac]         protected void finalize() throws Throwable {
2022-06-08T22:04:13.6804335Z     [javac]                        ^
2022-06-08T22:04:13.6813098Z     [javac] /home/runner/work/jna/jna/src/com/sun/jna/Native.java:266: warning: [removal] finalize() in Object has been deprecated and marked for removal
2022-06-08T22:04:13.6821965Z     [javac]             super.finalize();
2022-06-08T22:04:13.6825147Z     [javac]                  ^
2022-06-08T22:04:13.7258214Z     [javac] /home/runner/work/jna/jna/src/com/sun/jna/Native.java:1282: warning: [removal] AccessController in java.security has been deprecated and marked for removal
2022-06-08T22:04:13.7261921Z     [javac]             Method m = AccessController.doPrivileged(new PrivilegedAction<Method>() {
2022-06-08T22:04:13.7265060Z     [javac]                        ^
2022-06-08T22:04:13.7360122Z     [javac] /home/runner/work/jna/jna/src/com/sun/jna/Native.java:1530: warning: [removal] SecurityManager in java.lang has been deprecated and marked for removal
2022-06-08T22:04:13.7363632Z     [javac]         Class<?>[] context = new SecurityManager() {
2022-06-08T22:04:13.7366660Z     [javac]                                  ^
2022-06-08T22:04:13.8511786Z     [javac] /home/runner/work/jna/jna/src/com/sun/jna/NativeLibrary.java:1003: warning: [deprecation] exec(String) in Runtime has been deprecated
2022-06-08T22:04:13.8515651Z     [javac]             process = Runtime.getRuntime().exec("/sbin/ldconfig -p");
2022-06-08T22:04:13.8518831Z     [javac]                                           ^
2022-06-08T22:04:14.1289222Z     [javac] Note: Some input files use unchecked or unsafe operations.
2022-06-08T22:04:14.1293761Z     [javac] Note: Recompile with -Xlint:unchecked for details.
2022-06-08T22:04:14.1297599Z     [javac] 7 warnings
2022-06-08T22:04:14.1301558Z 
2022-06-08T22:04:14.1301846Z javah:
2022-06-08T22:04:14.2330476Z [propertyfile] Creating new property file: /home/runner/work/jna/jna/build/headers/jni.properties
2022-06-08T22:04:14.2568057Z 
2022-06-08T22:04:14.2568700Z -native-api-check:
2022-06-08T22:04:14.2575352Z 
2022-06-08T22:04:14.2575648Z :rsrc:
2022-06-08T22:04:14.2589140Z 
2022-06-08T22:04:14.2589484Z rsrc:
2022-06-08T22:04:14.2592303Z 
2022-06-08T22:04:14.2592728Z -prepare-native:
2022-06-08T22:04:14.2848586Z 
2022-06-08T22:04:14.2848963Z native:
2022-06-08T22:04:14.3965892Z      [exec] Generating configure
2022-06-08T22:04:14.6975212Z      [exec] autoreconf: Entering directory `.'
2022-06-08T22:04:14.6975864Z      [exec] autoreconf: configure.ac: not using Gettext
2022-06-08T22:04:15.6990098Z      [exec] autoreconf: running: aclocal -I m4
2022-06-08T22:04:17.3999729Z      [exec] autoreconf: configure.ac: tracing
2022-06-08T22:04:17.9005126Z      [exec] autoreconf: running: libtoolize --copy
2022-06-08T22:04:18.1017051Z      [exec] libtoolize: putting auxiliary files in '.'.
2022-06-08T22:04:18.1017581Z      [exec] libtoolize: copying file './ltmain.sh'
2022-06-08T22:04:18.1018074Z      [exec] libtoolize: putting macros in AC_CONFIG_MACRO_DIRS, 'm4'.
2022-06-08T22:04:18.1018534Z      [exec] libtoolize: copying file 'm4/libtool.m4'
2022-06-08T22:04:18.2013698Z      [exec] libtoolize: copying file 'm4/ltoptions.m4'
2022-06-08T22:04:18.2014836Z      [exec] libtoolize: copying file 'm4/ltsugar.m4'
2022-06-08T22:04:18.3024627Z      [exec] libtoolize: copying file 'm4/ltversion.m4'
2022-06-08T22:04:18.3032074Z      [exec] libtoolize: copying file 'm4/lt~obsolete.m4'
2022-06-08T22:04:19.6046967Z      [exec] autoreconf: running: /usr/bin/autoconf
2022-06-08T22:04:20.1051941Z      [exec] autoreconf: running: /usr/bin/autoheader
2022-06-08T22:04:20.2044697Z      [exec] autoreconf: running: automake --add-missing --copy --no-force
2022-06-08T22:04:20.8050559Z      [exec] configure.ac:31: installing './compile'
2022-06-08T22:04:20.8051115Z      [exec] configure.ac:19: installing './install-sh'
2022-06-08T22:04:20.8051548Z      [exec] configure.ac:19: installing './missing'
2022-06-08T22:04:20.9056352Z      [exec] Makefile.am: installing './depcomp'
2022-06-08T22:04:20.9058924Z      [exec] doc/Makefile.am:3: installing 'doc/mdate-sh'
2022-06-08T22:04:21.1059978Z      [exec] doc/Makefile.am:3: installing 'doc/texinfo.tex'
2022-06-08T22:04:21.2042470Z      [exec] Configuring libffi (amd64)
2022-06-08T22:04:21.2061956Z      [exec] autoreconf: Leaving directory `.'
2022-06-08T22:04:21.4046402Z      [exec] checking build system type... x86_64-pc-linux-gnu
2022-06-08T22:04:21.4047157Z      [exec] checking host system type... x86_64-pc-linux-gnu
2022-06-08T22:04:21.4047755Z      [exec] checking target system type... x86_64-pc-linux-gnu
2022-06-08T22:04:21.4048232Z      [exec] checking for gsed... sed
2022-06-08T22:04:21.4048844Z      [exec] checking for a BSD-compatible install... /usr/bin/install -c
2022-06-08T22:04:21.4049337Z      [exec] checking whether build environment is sane... yes
2022-06-08T22:04:21.4049851Z      [exec] checking for a thread-safe mkdir -p... /usr/bin/mkdir -p
2022-06-08T22:04:21.4056337Z      [exec] checking for gawk... gawk
2022-06-08T22:04:21.4058217Z      [exec] checking whether make sets $(MAKE)... yes
2022-06-08T22:04:21.4058592Z      [exec] checking whether make supports nested variables... yes
2022-06-08T22:04:21.4059054Z      [exec] checking for gcc... gcc -m64
2022-06-08T22:04:21.5058788Z      [exec] checking whether the C compiler works... yes
2022-06-08T22:04:21.5059516Z      [exec] checking for C compiler default output file name... a.out
2022-06-08T22:04:21.5060303Z      [exec] checking for suffix of executables... 
2022-06-08T22:04:21.6063273Z      [exec] checking whether we are cross compiling... no
2022-06-08T22:04:21.6063855Z      [exec] checking for suffix of object files... o
2022-06-08T22:04:21.6064829Z      [exec] checking whether we are using the GNU C compiler... yes
2022-06-08T22:04:21.6065826Z      [exec] checking whether gcc -m64 accepts -g... yes
2022-06-08T22:04:21.7064596Z      [exec] checking for gcc -m64 option to accept ISO C89... none needed
2022-06-08T22:04:21.7078326Z      [exec] checking whether gcc -m64 understands -c and -o together... yes
2022-06-08T22:04:21.7078985Z      [exec] checking whether make supports the include directive... yes (GNU style)
2022-06-08T22:04:21.7079628Z      [exec] checking dependency style of gcc -m64... gcc3
2022-06-08T22:04:21.7080049Z      [exec] checking for g++... g++
2022-06-08T22:04:21.8065976Z      [exec] checking whether we are using the GNU C++ compiler... yes
2022-06-08T22:04:21.9069850Z      [exec] checking whether g++ accepts -g... yes
2022-06-08T22:04:21.9070182Z      [exec] checking dependency style of g++... gcc3
2022-06-08T22:04:21.9070569Z      [exec] checking dependency style of gcc -m64... gcc3
2022-06-08T22:04:22.0078659Z      [exec] checking how to print strings... printf
2022-06-08T22:04:22.0084716Z      [exec] checking for a sed that does not truncate output... /usr/bin/sed
2022-06-08T22:04:22.0085491Z      [exec] checking for grep that handles long lines and -e... /usr/bin/grep
2022-06-08T22:04:22.0086057Z      [exec] checking for egrep... /usr/bin/grep -E
2022-06-08T22:04:22.0086532Z      [exec] checking for fgrep... /usr/bin/grep -F
2022-06-08T22:04:22.0087041Z      [exec] checking for ld used by gcc -m64... /usr/bin/ld
2022-06-08T22:04:22.0087546Z      [exec] checking if the linker (/usr/bin/ld) is GNU ld... yes
2022-06-08T22:04:22.0088590Z      [exec] checking for BSD- or MS-compatible name lister (nm)... /usr/bin/nm -B
2022-06-08T22:04:22.0089345Z      [exec] checking the name lister (/usr/bin/nm -B) interface... BSD nm
2022-06-08T22:04:22.0089904Z      [exec] checking whether ln -s works... yes
2022-06-08T22:04:22.0090487Z      [exec] checking the maximum length of command line arguments... 3145728
2022-06-08T22:04:22.0091198Z      [exec] checking how to convert x86_64-pc-linux-gnu file names to x86_64-pc-linux-gnu format... func_convert_file_noop
2022-06-08T22:04:22.0091882Z      [exec] checking how to convert x86_64-pc-linux-gnu file names to toolchain format... func_convert_file_noop
2022-06-08T22:04:22.0092533Z      [exec] checking for /usr/bin/ld option to reload object files... -r
2022-06-08T22:04:22.0137467Z      [exec] checking for objdump... objdump
2022-06-08T22:04:22.0137788Z      [exec] checking how to recognize dependent libraries... pass_all
2022-06-08T22:04:22.0138081Z      [exec] checking for dlltool... no
2022-06-08T22:04:22.0138389Z      [exec] checking how to associate runtime and link libraries... printf %s\n
2022-06-08T22:04:22.0138673Z      [exec] checking for ar... ar
2022-06-08T22:04:22.0138939Z      [exec] checking for archiver @FILE support... @
2022-06-08T22:04:22.0139209Z      [exec] checking for strip... strip
2022-06-08T22:04:22.0139458Z      [exec] checking for ranlib... ranlib
2022-06-08T22:04:22.1107915Z      [exec] checking command to parse /usr/bin/nm -B output from gcc -m64 object... ok
2022-06-08T22:04:22.1108494Z      [exec] checking for sysroot... no
2022-06-08T22:04:22.1108940Z      [exec] checking for a working dd... /usr/bin/dd
2022-06-08T22:04:22.1109479Z      [exec] checking how to truncate binary pipes... /usr/bin/dd bs=4096 count=1
2022-06-08T22:04:22.1109892Z      [exec] checking for mt... mt
2022-06-08T22:04:22.1110310Z      [exec] checking if mt is a manifest tool... no
2022-06-08T22:04:22.2111045Z      [exec] checking how to run the C preprocessor... gcc -m64 -E
2022-06-08T22:04:22.3110634Z      [exec] checking for ANSI C header files... yes
2022-06-08T22:04:22.3111287Z      [exec] checking for sys/types.h... yes
2022-06-08T22:04:22.3112428Z      [exec] checking for sys/stat.h... yes
2022-06-08T22:04:22.4116437Z      [exec] checking for stdlib.h... yes
2022-06-08T22:04:22.4117151Z      [exec] checking for string.h... yes
2022-06-08T22:04:22.4117446Z      [exec] checking for memory.h... yes
2022-06-08T22:04:22.4117710Z      [exec] checking for strings.h... yes
2022-06-08T22:04:22.5116209Z      [exec] checking for inttypes.h... yes
2022-06-08T22:04:22.5116829Z      [exec] checking for stdint.h... yes
2022-06-08T22:04:22.5117304Z      [exec] checking for unistd.h... yes
2022-06-08T22:04:22.6119274Z      [exec] checking for dlfcn.h... yes
2022-06-08T22:04:22.6120031Z      [exec] checking for objdir... .libs
2022-06-08T22:04:22.7123146Z      [exec] checking if gcc -m64 supports -fno-rtti -fno-exceptions... no
2022-06-08T22:04:22.7123882Z      [exec] checking for gcc -m64 option to produce PIC... -fPIC -DPIC
2022-06-08T22:04:22.7124492Z      [exec] checking if gcc -m64 PIC flag -fPIC -DPIC works... yes
2022-06-08T22:04:23.2128590Z      [exec] checking if gcc -m64 static flag -static works... yes
2022-06-08T22:04:23.2129332Z      [exec] checking if gcc -m64 supports -c -o file.o... yes
2022-06-08T22:04:23.2129862Z      [exec] checking if gcc -m64 supports -c -o file.o... (cached) yes
2022-06-08T22:04:23.3136336Z      [exec] checking whether the gcc -m64 linker (/usr/bin/ld -m elf_x86_64) supports shared libraries... yes
2022-06-08T22:04:23.3136787Z      [exec] checking dynamic linker characteristics... GNU/Linux ld.so
2022-06-08T22:04:23.3137157Z      [exec] checking how to hardcode library paths into programs... immediate
2022-06-08T22:04:23.3137521Z      [exec] checking whether stripping libraries is possible... yes
2022-06-08T22:04:23.3137859Z      [exec] checking if libtool supports shared libraries... yes
2022-06-08T22:04:23.3138176Z      [exec] checking whether to build shared libraries... no
2022-06-08T22:04:23.3138475Z      [exec] checking whether to build static libraries... yes
2022-06-08T22:04:23.3138986Z      [exec] checking how to run the C++ preprocessor... g++ -E
2022-06-08T22:04:23.4140054Z      [exec] checking for ld used by g++... /usr/bin/ld -m elf_x86_64
2022-06-08T22:04:23.4140812Z      [exec] checking if the linker (/usr/bin/ld -m elf_x86_64) is GNU ld... yes
2022-06-08T22:04:23.4141502Z      [exec] checking whether the g++ linker (/usr/bin/ld -m elf_x86_64) supports shared libraries... yes
2022-06-08T22:04:23.5142703Z      [exec] checking for g++ option to produce PIC... -fPIC -DPIC
2022-06-08T22:04:23.5166159Z      [exec] checking if g++ PIC flag -fPIC -DPIC works... yes
2022-06-08T22:04:23.6145680Z      [exec] checking if g++ static flag -static works... yes
2022-06-08T22:04:23.7147874Z      [exec] checking if g++ supports -c -o file.o... yes
2022-06-08T22:04:23.7148630Z      [exec] checking if g++ supports -c -o file.o... (cached) yes
2022-06-08T22:04:23.7149353Z      [exec] checking whether the g++ linker (/usr/bin/ld -m elf_x86_64) supports shared libraries... yes
2022-06-08T22:04:23.7149990Z      [exec] checking dynamic linker characteristics... (cached) GNU/Linux ld.so
2022-06-08T22:04:23.7150714Z      [exec] checking how to hardcode library paths into programs... immediate
2022-06-08T22:04:23.7151290Z      [exec] checking for readelf... readelf
2022-06-08T22:04:23.7151670Z      [exec] checking size of size_t... 8
2022-06-08T22:04:23.9158981Z      [exec] checking for C compiler vendor... gnu
2022-06-08T22:04:23.9159883Z      [exec] checking CFLAGS for maximum warnings... -Wall
2022-06-08T22:04:23.9160575Z      [exec] checking whether to enable maintainer-specific portions of Makefiles... no
2022-06-08T22:04:23.9161136Z      [exec] checking sys/memfd.h usability... no
2022-06-08T22:04:24.0157211Z      [exec] checking sys/memfd.h presence... no
2022-06-08T22:04:24.0162896Z      [exec] checking for sys/memfd.h... no
2022-06-08T22:04:24.0163583Z      [exec] checking for memfd_create... yes
2022-06-08T22:04:24.0163909Z      [exec] checking sys/mman.h usability... yes
2022-06-08T22:04:24.0164186Z      [exec] checking sys/mman.h presence... yes
2022-06-08T22:04:24.0164472Z      [exec] checking for sys/mman.h... yes
2022-06-08T22:04:24.1161231Z      [exec] checking for mmap... yes
2022-06-08T22:04:24.1161985Z      [exec] checking for mkostemp... yes
2022-06-08T22:04:24.2174803Z      [exec] checking for mkstemp... yes
2022-06-08T22:04:24.2175460Z      [exec] checking for sys/mman.h... (cached) yes
2022-06-08T22:04:24.2175937Z      [exec] checking for mmap... (cached) yes
2022-06-08T22:04:24.2176743Z      [exec] checking whether read-only mmap of a plain file works... yes
2022-06-08T22:04:24.2177229Z      [exec] checking whether mmap from /dev/zero works... yes
2022-06-08T22:04:24.2177659Z      [exec] checking for MAP_ANON(YMOUS)... yes
2022-06-08T22:04:24.2178162Z      [exec] checking whether mmap with MAP_ANON(YMOUS) works... yes
2022-06-08T22:04:24.2178904Z      [exec] checking for ANSI C header files... (cached) yes
2022-06-08T22:04:24.2179317Z      [exec] checking for memcpy... yes
2022-06-08T22:04:24.3179204Z      [exec] checking for size_t... yes
2022-06-08T22:04:24.3179753Z      [exec] checking for working alloca.h... yes
2022-06-08T22:04:24.4170515Z      [exec] checking for alloca... yes
2022-06-08T22:04:24.4171051Z      [exec] checking size of double... 8
2022-06-08T22:04:24.5172784Z      [exec] checking size of long double... 16
2022-06-08T22:04:24.5173351Z      [exec] checking whether byte ordering is bigendian... no
2022-06-08T22:04:24.6175527Z      [exec] checking assembler .cfi pseudo-op support... yes
2022-06-08T22:04:24.6176130Z      [exec] checking assembler supports pc related relocs... yes
2022-06-08T22:04:24.6176511Z      [exec] checking whether compiler supports pointer authentication... no
2022-06-08T22:04:24.6176864Z      [exec] checking for _ prefix in compiled symbols... no
2022-06-08T22:04:24.6177516Z      [exec] checking toolchain supports unwind section type... yes
2022-06-08T22:04:24.7179376Z      [exec] checking whether C compiler accepts -fno-lto... yes
2022-06-08T22:04:24.7182099Z      [exec] checking whether .eh_frame section should be read-only... yes
2022-06-08T22:04:24.7182643Z      [exec] checking for __attribute__((visibility("hidden")))... yes
2022-06-08T22:04:24.8182022Z      [exec] checking for ld used by gcc -m64... (cached) /usr/bin/ld
2022-06-08T22:04:24.8182593Z      [exec] checking if the linker (/usr/bin/ld) is GNU ld... (cached) yes
2022-06-08T22:04:24.8183295Z      [exec] configure: versioning on shared library symbols is no
2022-06-08T22:04:24.8183669Z      [exec] checking that generated files are newer than configure... done
2022-06-08T22:04:24.8184162Z      [exec] configure: creating ./config.status
2022-06-08T22:04:25.4188805Z      [exec] config.status: creating include/Makefile
2022-06-08T22:04:25.4189284Z      [exec] config.status: creating include/ffi.h
2022-06-08T22:04:25.4189645Z      [exec] config.status: creating Makefile
2022-06-08T22:04:25.4190016Z      [exec] config.status: creating testsuite/Makefile
2022-06-08T22:04:25.5191111Z      [exec] config.status: creating man/Makefile
2022-06-08T22:04:25.5191632Z      [exec] config.status: creating doc/Makefile
2022-06-08T22:04:25.5191999Z      [exec] config.status: creating libffi.pc
2022-06-08T22:04:25.5192363Z      [exec] config.status: creating fficonfig.h
2022-06-08T22:04:25.5192712Z      [exec] config.status: executing buildir commands
2022-06-08T22:04:25.5193375Z      [exec] config.status: skipping top_srcdir/Makefile - not created
2022-06-08T22:04:25.5193776Z      [exec] config.status: executing depfiles commands
2022-06-08T22:04:25.8199221Z      [exec] config.status: executing libtool commands
2022-06-08T22:04:25.9205376Z      [exec] config.status: executing include commands
2022-06-08T22:04:25.9205814Z      [exec] config.status: executing src commands
2022-06-08T22:04:25.9206481Z      [exec] make -C /home/runner/work/jna/jna/build/native-linux-x86-64/libffi
2022-06-08T22:04:25.9207056Z      [exec] make[1]: Entering directory '/home/runner/work/jna/jna/build/native-linux-x86-64/libffi'
2022-06-08T22:04:25.9207490Z      [exec] make  all-recursive
2022-06-08T22:04:25.9208010Z      [exec] make[2]: Entering directory '/home/runner/work/jna/jna/build/native-linux-x86-64/libffi'
2022-06-08T22:04:25.9208378Z      [exec] Making all in include
2022-06-08T22:04:25.9208890Z      [exec] make[3]: Entering directory '/home/runner/work/jna/jna/build/native-linux-x86-64/libffi/include'
2022-06-08T22:04:25.9209365Z      [exec] make[3]: Nothing to be done for 'all'.
2022-06-08T22:04:25.9209894Z      [exec] make[3]: Leaving directory '/home/runner/work/jna/jna/build/native-linux-x86-64/libffi/include'
2022-06-08T22:04:25.9210297Z      [exec] Making all in testsuite
2022-06-08T22:04:25.9210805Z      [exec] make[3]: Entering directory '/home/runner/work/jna/jna/build/native-linux-x86-64/libffi/testsuite'
2022-06-08T22:04:25.9211272Z      [exec] make[3]: Nothing to be done for 'all'.
2022-06-08T22:04:25.9211799Z      [exec] make[3]: Leaving directory '/home/runner/work/jna/jna/build/native-linux-x86-64/libffi/testsuite'
2022-06-08T22:04:25.9212189Z      [exec] Making all in man
2022-06-08T22:04:25.9212692Z      [exec] make[3]: Entering directory '/home/runner/work/jna/jna/build/native-linux-x86-64/libffi/man'
2022-06-08T22:04:25.9213153Z      [exec] make[3]: Nothing to be done for 'all'.
2022-06-08T22:04:25.9213669Z      [exec] make[3]: Leaving directory '/home/runner/work/jna/jna/build/native-linux-x86-64/libffi/man'
2022-06-08T22:04:25.9214252Z      [exec] Making all in doc
2022-06-08T22:04:25.9214750Z      [exec] make[3]: Entering directory '/home/runner/work/jna/jna/build/native-linux-x86-64/libffi/doc'
2022-06-08T22:04:25.9215180Z      [exec] restore=: && backupdir=".am$$" && \
2022-06-08T22:04:25.9215609Z      [exec] am__cwd=`pwd` && CDPATH="${ZSH_VERSION+.}:" && cd /home/runner/work/jna/jna/native/libffi/doc && \
2022-06-08T22:04:25.9216096Z      [exec] rm -rf $backupdir && mkdir $backupdir && \
2022-06-08T22:04:25.9216646Z      [exec] if (/bin/bash /home/runner/work/jna/jna/native/libffi/missing makeinfo --version) >/dev/null 2>&1; then \
2022-06-08T22:04:25.9217798Z      [exec]   for f in /home/runner/work/jna/jna/native/libffi/doc/libffi.info /home/runner/work/jna/jna/native/libffi/doc/libffi.info-[0-9] /home/runner/work/jna/jna/native/libffi/doc/libffi.info-[0-9][0-9] /home/runner/work/jna/jna/native/libffi/doc/libffi.i[0-9] /home/runner/work/jna/jna/native/libffi/doc/libffi.i[0-9][0-9]; do \
2022-06-08T22:04:25.9218658Z      [exec]     if test -f $f; then mv $f $backupdir; restore=mv; else :; fi; \
2022-06-08T22:04:25.9218985Z      [exec]   done; \
2022-06-08T22:04:25.9219217Z      [exec] else :; fi && \
2022-06-08T22:04:25.9219583Z      [exec] cd "$am__cwd"; \
2022-06-08T22:04:25.9220126Z      [exec] if /bin/bash /home/runner/work/jna/jna/native/libffi/missing makeinfo   -I /home/runner/work/jna/jna/native/libffi/doc \
2022-06-08T22:04:25.9220758Z      [exec]  -o /home/runner/work/jna/jna/native/libffi/doc/libffi.info /home/runner/work/jna/jna/native/libffi/doc/libffi.texi; \
2022-06-08T22:04:25.9221145Z      [exec] then \
2022-06-08T22:04:25.9221358Z      [exec]   rc=0; \
2022-06-08T22:04:25.9221722Z      [exec]   CDPATH="${ZSH_VERSION+.}:" && cd /home/runner/work/jna/jna/native/libffi/doc; \
2022-06-08T22:04:25.9222054Z      [exec] else \
2022-06-08T22:04:25.9222264Z      [exec]   rc=$?; \
2022-06-08T22:04:25.9222626Z      [exec]   CDPATH="${ZSH_VERSION+.}:" && cd /home/runner/work/jna/jna/native/libffi/doc && \
2022-06-08T22:04:25.9223206Z      [exec]   $restore $backupdir/* `echo ".//home/runner/work/jna/jna/native/libffi/doc/libffi.info" | sed 's|[^/]*$||'`; \
2022-06-08T22:04:25.9223572Z      [exec] fi; \
2022-06-08T22:04:25.9223977Z      [exec] rm -rf $backupdir; exit $rc
2022-06-08T22:04:26.9217554Z      [exec] make[3]: Leaving directory '/home/runner/work/jna/jna/build/native-linux-x86-64/libffi/doc'
2022-06-08T22:04:26.9218139Z      [exec] make[3]: Entering directory '/home/runner/work/jna/jna/build/native-linux-x86-64/libffi'
2022-06-08T22:04:26.9218622Z      [exec] depbase=`echo src/prep_cif.lo | sed 's|[^/]*$|.deps/&|;s|\.lo$||'`;\
2022-06-08T22:04:26.9219819Z      [exec] /bin/bash ./libtool  --tag=CC   --mode=compile gcc -m64 -DHAVE_CONFIG_H -I. -I/home/runner/work/jna/jna/native/libffi  -I. -I/home/runner/work/jna/jna/native/libffi/include -Iinclude -I/home/runner/work/jna/jna/native/libffi/src -D_REENTRANT -DHAVE_PROTECTION  -O2 -fno-omit-frame-pointer -fno-strict-aliasing  -Wall -fexceptions -MT src/prep_cif.lo -MD -MP -MF $depbase.Tpo -c -o src/prep_cif.lo /home/runner/work/jna/jna/native/libffi/src/prep_cif.c &&\
2022-06-08T22:04:26.9220640Z      [exec] mv -f $depbase.Tpo $depbase.Plo
2022-06-08T22:04:27.0220173Z      [exec] libtool: compile:  gcc -m64 -DHAVE_CONFIG_H -I. -I/home/runner/work/jna/jna/native/libffi -I. -I/home/runner/work/jna/jna/native/libffi/include -Iinclude -I/home/runner/work/jna/jna/native/libffi/src -D_REENTRANT -DHAVE_PROTECTION -O2 -fno-omit-frame-pointer -fno-strict-aliasing -Wall -fexceptions -MT src/prep_cif.lo -MD -MP -MF src/.deps/prep_cif.Tpo -c /home/runner/work/jna/jna/native/libffi/src/prep_cif.c  -fPIC -DPIC -o src/prep_cif.o
2022-06-08T22:04:27.0221410Z      [exec] depbase=`echo src/types.lo | sed 's|[^/]*$|.deps/&|;s|\.lo$||'`;\
2022-06-08T22:04:27.0222823Z      [exec] /bin/bash ./libtool  --tag=CC   --mode=compile gcc -m64 -DHAVE_CONFIG_H -I. -I/home/runner/work/jna/jna/native/libffi  -I. -I/home/runner/work/jna/jna/native/libffi/include -Iinclude -I/home/runner/work/jna/jna/native/libffi/src -D_REENTRANT -DHAVE_PROTECTION  -O2 -fno-omit-frame-pointer -fno-strict-aliasing  -Wall -fexceptions -MT src/types.lo -MD -MP -MF $depbase.Tpo -c -o src/types.lo /home/runner/work/jna/jna/native/libffi/src/types.c &&\
2022-06-08T22:04:27.0223886Z      [exec] mv -f $depbase.Tpo $depbase.Plo
2022-06-08T22:04:27.1226805Z      [exec] libtool: compile:  gcc -m64 -DHAVE_CONFIG_H -I. -I/home/runner/work/jna/jna/native/libffi -I. -I/home/runner/work/jna/jna/native/libffi/include -Iinclude -I/home/runner/work/jna/jna/native/libffi/src -D_REENTRANT -DHAVE_PROTECTION -O2 -fno-omit-frame-pointer -fno-strict-aliasing -Wall -fexceptions -MT src/types.lo -MD -MP -MF src/.deps/types.Tpo -c /home/runner/work/jna/jna/native/libffi/src/types.c  -fPIC -DPIC -o src/types.o
2022-06-08T22:04:27.1227982Z      [exec] depbase=`echo src/raw_api.lo | sed 's|[^/]*$|.deps/&|;s|\.lo$||'`;\
2022-06-08T22:04:27.1229349Z      [exec] /bin/bash ./libtool  --tag=CC   --mode=compile gcc -m64 -DHAVE_CONFIG_H -I. -I/home/runner/work/jna/jna/native/libffi  -I. -I/home/runner/work/jna/jna/native/libffi/include -Iinclude -I/home/runner/work/jna/jna/native/libffi/src -D_REENTRANT -DHAVE_PROTECTION  -O2 -fno-omit-frame-pointer -fno-strict-aliasing  -Wall -fexceptions -MT src/raw_api.lo -MD -MP -MF $depbase.Tpo -c -o src/raw_api.lo /home/runner/work/jna/jna/native/libffi/src/raw_api.c &&\
2022-06-08T22:04:27.1230483Z      [exec] mv -f $depbase.Tpo $depbase.Plo
2022-06-08T22:04:27.1231826Z      [exec] libtool: compile:  gcc -m64 -DHAVE_CONFIG_H -I. -I/home/runner/work/jna/jna/native/libffi -I. -I/home/runner/work/jna/jna/native/libffi/include -Iinclude -I/home/runner/work/jna/jna/native/libffi/src -D_REENTRANT -DHAVE_PROTECTION -O2 -fno-omit-frame-pointer -fno-strict-aliasing -Wall -fexceptions -MT src/raw_api.lo -MD -MP -MF src/.deps/raw_api.Tpo -c /home/runner/work/jna/jna/native/libffi/src/raw_api.c  -fPIC -DPIC -o src/raw_api.o
2022-06-08T22:04:27.2135589Z      [exec] /home/runner/work/jna/jna/native/libffi/src/java_raw_api.c: In function ‘ffi_java_raw_call’:
2022-06-08T22:04:27.2148068Z      [exec] /home/runner/work/jna/jna/native/libffi/src/java_raw_api.c:317:3: warning: ‘ffi_java_raw_to_ptrarray’ is deprecated [-Wdeprecated-declarations]
2022-06-08T22:04:27.2148725Z      [exec]   317 |   ffi_java_raw_to_ptrarray (cif, raw, avalue);
2022-06-08T22:04:27.2149196Z      [exec]       |   ^~~~~~~~~~~~~~~~~~~~~~~~
2022-06-08T22:04:27.2149974Z      [exec] /home/runner/work/jna/jna/native/libffi/src/java_raw_api.c:76:1: note: declared here
2022-06-08T22:04:27.2150391Z      [exec]    76 | ffi_java_raw_to_ptrarray (ffi_cif *cif, ffi_java_raw *raw, void **args)
2022-06-08T22:04:27.2150710Z      [exec]       | ^~~~~~~~~~~~~~~~~~~~~~~~
2022-06-08T22:04:27.2151296Z      [exec] /home/runner/work/jna/jna/native/libffi/src/java_raw_api.c: In function ‘ffi_java_translate_args’:
2022-06-08T22:04:27.2151975Z      [exec] /home/runner/work/jna/jna/native/libffi/src/java_raw_api.c:328:3: warning: ‘ffi_java_raw_size’ is deprecated [-Wdeprecated-declarations]
2022-06-08T22:04:27.2152431Z      [exec]   328 |   ffi_java_raw *raw = (ffi_java_raw*)alloca (ffi_java_raw_size (cif));
2022-06-08T22:04:27.2152709Z      [exec]       |   ^~~~~~~~~~~~
2022-06-08T22:04:27.2153026Z      [exec] /home/runner/work/jna/jna/native/libffi/src/java_raw_api.c:45:1: note: declared here
2022-06-08T22:04:27.2153332Z      [exec]    45 | ffi_java_raw_size (ffi_cif *cif)
2022-06-08T22:04:27.2153572Z      [exec]       | ^~~~~~~~~~~~~~~~~
2022-06-08T22:04:27.2154123Z      [exec] /home/runner/work/jna/jna/native/libffi/src/java_raw_api.c:331:3: warning: ‘ffi_java_ptrarray_to_raw’ is deprecated [-Wdeprecated-declarations]
2022-06-08T22:04:27.2154548Z      [exec]   331 |   ffi_java_ptrarray_to_raw (cif, avalue, raw);
2022-06-08T22:04:27.2154809Z      [exec]       |   ^~~~~~~~~~~~~~~~~~~~~~~~
2022-06-08T22:04:27.2155118Z      [exec] /home/runner/work/jna/jna/native/libffi/src/java_raw_api.c:157:1: note: declared here
2022-06-08T22:04:27.2155486Z      [exec]   157 | ffi_java_ptrarray_to_raw (ffi_cif *cif, void **args, ffi_java_raw *raw)
2022-06-08T22:04:27.2155765Z      [exec]       | ^~~~~~~~~~~~~~~~~~~~~~~~
2022-06-08T22:04:27.2156206Z      [exec] /home/runner/work/jna/jna/native/libffi/src/java_raw_api.c: In function ‘ffi_prep_java_raw_closure’:
2022-06-08T22:04:27.2156844Z      [exec] /home/runner/work/jna/jna/native/libffi/src/java_raw_api.c:369:3: warning: ‘ffi_prep_java_raw_closure_loc’ is deprecated [-Wdeprecated-declarations]
2022-06-08T22:04:27.2157289Z      [exec]   369 |   return ffi_prep_java_raw_closure_loc (cl, cif, fun, user_data, cl);
2022-06-08T22:04:27.2157554Z      [exec]       |   ^~~~~~
2022-06-08T22:04:27.2158064Z      [exec] /home/runner/work/jna/jna/native/libffi/src/java_raw_api.c:337:1: note: declared here
2022-06-08T22:04:27.2158425Z      [exec]   337 | ffi_prep_java_raw_closure_loc (ffi_java_raw_closure* cl,
2022-06-08T22:04:27.2158699Z      [exec]       | ^~~~~~~~~~~~~~~~~~~~~~~~~~~~~
2022-06-08T22:04:27.2227124Z      [exec] depbase=`echo src/java_raw_api.lo | sed 's|[^/]*$|.deps/&|;s|\.lo$||'`;\
2022-06-08T22:04:27.2228592Z      [exec] /bin/bash ./libtool  --tag=CC   --mode=compile gcc -m64 -DHAVE_CONFIG_H -I. -I/home/runner/work/jna/jna/native/libffi  -I. -I/home/runner/work/jna/jna/native/libffi/include -Iinclude -I/home/runner/work/jna/jna/native/libffi/src -D_REENTRANT -DHAVE_PROTECTION  -O2 -fno-omit-frame-pointer -fno-strict-aliasing  -Wall -fexceptions -MT src/java_raw_api.lo -MD -MP -MF $depbase.Tpo -c -o src/java_raw_api.lo /home/runner/work/jna/jna/native/libffi/src/java_raw_api.c &&\
2022-06-08T22:04:27.2229786Z      [exec] mv -f $depbase.Tpo $depbase.Plo
2022-06-08T22:04:27.2231292Z      [exec] libtool: compile:  gcc -m64 -DHAVE_CONFIG_H -I. -I/home/runner/work/jna/jna/native/libffi -I. -I/home/runner/work/jna/jna/native/libffi/include -Iinclude -I/home/runner/work/jna/jna/native/libffi/src -D_REENTRANT -DHAVE_PROTECTION -O2 -fno-omit-frame-pointer -fno-strict-aliasing -Wall -fexceptions -MT src/java_raw_api.lo -MD -MP -MF src/.deps/java_raw_api.Tpo -c /home/runner/work/jna/jna/native/libffi/src/java_raw_api.c  -fPIC -DPIC -o src/java_raw_api.o
2022-06-08T22:04:27.3231084Z      [exec] depbase=`echo src/closures.lo | sed 's|[^/]*$|.deps/&|;s|\.lo$||'`;\
2022-06-08T22:04:27.3232599Z      [exec] /bin/bash ./libtool  --tag=CC   --mode=compile gcc -m64 -DHAVE_CONFIG_H -I. -I/home/runner/work/jna/jna/native/libffi  -I. -I/home/runner/work/jna/jna/native/libffi/include -Iinclude -I/home/runner/work/jna/jna/native/libffi/src -D_REENTRANT -DHAVE_PROTECTION  -O2 -fno-omit-frame-pointer -fno-strict-aliasing  -Wall -fexceptions -MT src/closures.lo -MD -MP -MF $depbase.Tpo -c -o src/closures.lo /home/runner/work/jna/jna/native/libffi/src/closures.c &&\
2022-06-08T22:04:27.3233655Z      [exec] mv -f $depbase.Tpo $depbase.Plo
2022-06-08T22:04:27.3235653Z      [exec] libtool: compile:  gcc -m64 -DHAVE_CONFIG_H -I. -I/home/runner/work/jna/jna/native/libffi -I. -I/home/runner/work/jna/jna/native/libffi/include -Iinclude -I/home/runner/work/jna/jna/native/libffi/src -D_REENTRANT -DHAVE_PROTECTION -O2 -fno-omit-frame-pointer -fno-strict-aliasing -Wall -fexceptions -MT src/closures.lo -MD -MP -MF src/.deps/closures.Tpo -c /home/runner/work/jna/jna/native/libffi/src/closures.c  -fPIC -DPIC -o src/closures.o
2022-06-08T22:04:28.0238754Z      [exec] depbase=`echo src/tramp.lo | sed 's|[^/]*$|.deps/&|;s|\.lo$||'`;\
2022-06-08T22:04:28.0240220Z      [exec] /bin/bash ./libtool  --tag=CC   --mode=compile gcc -m64 -DHAVE_CONFIG_H -I. -I/home/runner/work/jna/jna/native/libffi  -I. -I/home/runner/work/jna/jna/native/libffi/include -Iinclude -I/home/runner/work/jna/jna/native/libffi/src -D_REENTRANT -DHAVE_PROTECTION  -O2 -fno-omit-frame-pointer -fno-strict-aliasing  -Wall -fexceptions -MT src/tramp.lo -MD -MP -MF $depbase.Tpo -c -o src/tramp.lo /home/runner/work/jna/jna/native/libffi/src/tramp.c &&\
2022-06-08T22:04:28.0241223Z      [exec] mv -f $depbase.Tpo $depbase.Plo
2022-06-08T22:04:28.0242875Z      [exec] libtool: compile:  gcc -m64 -DHAVE_CONFIG_H -I. -I/home/runner/work/jna/jna/native/libffi -I. -I/home/runner/work/jna/jna/native/libffi/include -Iinclude -I/home/runner/work/jna/jna/native/libffi/src -D_REENTRANT -DHAVE_PROTECTION -O2 -fno-omit-frame-pointer -fno-strict-aliasing -Wall -fexceptions -MT src/tramp.lo -MD -MP -MF src/.deps/tramp.Tpo -c /home/runner/work/jna/jna/native/libffi/src/tramp.c  -fPIC -DPIC -o src/tramp.o
2022-06-08T22:04:28.1241910Z      [exec] depbase=`echo src/x86/ffi64.lo | sed 's|[^/]*$|.deps/&|;s|\.lo$||'`;\
2022-06-08T22:04:28.1243328Z      [exec] /bin/bash ./libtool  --tag=CC   --mode=compile gcc -m64 -DHAVE_CONFIG_H -I. -I/home/runner/work/jna/jna/native/libffi  -I. -I/home/runner/work/jna/jna/native/libffi/include -Iinclude -I/home/runner/work/jna/jna/native/libffi/src -D_REENTRANT -DHAVE_PROTECTION  -O2 -fno-omit-frame-pointer -fno-strict-aliasing  -Wall -fexceptions -MT src/x86/ffi64.lo -MD -MP -MF $depbase.Tpo -c -o src/x86/ffi64.lo /home/runner/work/jna/jna/native/libffi/src/x86/ffi64.c &&\
2022-06-08T22:04:28.1244205Z      [exec] mv -f $depbase.Tpo $depbase.Plo
2022-06-08T22:04:28.1245308Z      [exec] libtool: compile:  gcc -m64 -DHAVE_CONFIG_H -I. -I/home/runner/work/jna/jna/native/libffi -I. -I/home/runner/work/jna/jna/native/libffi/include -Iinclude -I/home/runner/work/jna/jna/native/libffi/src -D_REENTRANT -DHAVE_PROTECTION -O2 -fno-omit-frame-pointer -fno-strict-aliasing -Wall -fexceptions -MT src/x86/ffi64.lo -MD -MP -MF src/x86/.deps/ffi64.Tpo -c /home/runner/work/jna/jna/native/libffi/src/x86/ffi64.c  -fPIC -DPIC -o src/x86/ffi64.o
2022-06-08T22:04:28.3245616Z      [exec] depbase=`echo src/x86/unix64.lo | sed 's|[^/]*$|.deps/&|;s|\.lo$||'`;\
2022-06-08T22:04:28.3249292Z      [exec] /bin/bash ./libtool  --tag=CC   --mode=compile gcc -m64 -DHAVE_CONFIG_H -I. -I/home/runner/work/jna/jna/native/libffi  -I. -I/home/runner/work/jna/jna/native/libffi/include -Iinclude -I/home/runner/work/jna/jna/native/libffi/src -D_REENTRANT -DHAVE_PROTECTION -I. -I/home/runner/work/jna/jna/native/libffi/include -Iinclude -I/home/runner/work/jna/jna/native/libffi/src -O2 -fno-omit-frame-pointer -fno-strict-aliasing  -MT src/x86/unix64.lo -MD -MP -MF $depbase.Tpo -c -o src/x86/unix64.lo /home/runner/work/jna/jna/native/libffi/src/x86/unix64.S &&\
2022-06-08T22:04:28.3250446Z      [exec] mv -f $depbase.Tpo $depbase.Plo
2022-06-08T22:04:28.3251983Z      [exec] libtool: compile:  gcc -m64 -DHAVE_CONFIG_H -I. -I/home/runner/work/jna/jna/native/libffi -I. -I/home/runner/work/jna/jna/native/libffi/include -Iinclude -I/home/runner/work/jna/jna/native/libffi/src -D_REENTRANT -DHAVE_PROTECTION -I. -I/home/runner/work/jna/jna/native/libffi/include -Iinclude -I/home/runner/work/jna/jna/native/libffi/src -O2 -fno-omit-frame-pointer -fno-strict-aliasing -MT src/x86/unix64.lo -MD -MP -MF src/x86/.deps/unix64.Tpo -c /home/runner/work/jna/jna/native/libffi/src/x86/unix64.S  -fPIC -DPIC -o src/x86/unix64.o
2022-06-08T22:04:28.4248773Z      [exec] depbase=`echo src/x86/ffiw64.lo | sed 's|[^/]*$|.deps/&|;s|\.lo$||'`;\
2022-06-08T22:04:28.4250327Z      [exec] /bin/bash ./libtool  --tag=CC   --mode=compile gcc -m64 -DHAVE_CONFIG_H -I. -I/home/runner/work/jna/jna/native/libffi  -I. -I/home/runner/work/jna/jna/native/libffi/include -Iinclude -I/home/runner/work/jna/jna/native/libffi/src -D_REENTRANT -DHAVE_PROTECTION  -O2 -fno-omit-frame-pointer -fno-strict-aliasing  -Wall -fexceptions -MT src/x86/ffiw64.lo -MD -MP -MF $depbase.Tpo -c -o src/x86/ffiw64.lo /home/runner/work/jna/jna/native/libffi/src/x86/ffiw64.c &&\
2022-06-08T22:04:28.4251397Z      [exec] mv -f $depbase.Tpo $depbase.Plo
2022-06-08T22:04:28.4252693Z      [exec] libtool: compile:  gcc -m64 -DHAVE_CONFIG_H -I. -I/home/runner/work/jna/jna/native/libffi -I. -I/home/runner/work/jna/jna/native/libffi/include -Iinclude -I/home/runner/work/jna/jna/native/libffi/src -D_REENTRANT -DHAVE_PROTECTION -O2 -fno-omit-frame-pointer -fno-strict-aliasing -Wall -fexceptions -MT src/x86/ffiw64.lo -MD -MP -MF src/x86/.deps/ffiw64.Tpo -c /home/runner/work/jna/jna/native/libffi/src/x86/ffiw64.c  -fPIC -DPIC -o src/x86/ffiw64.o
2022-06-08T22:04:28.5255600Z      [exec] depbase=`echo src/x86/win64.lo | sed 's|[^/]*$|.deps/&|;s|\.lo$||'`;\
2022-06-08T22:04:28.5257290Z      [exec] /bin/bash ./libtool  --tag=CC   --mode=compile gcc -m64 -DHAVE_CONFIG_H -I. -I/home/runner/work/jna/jna/native/libffi  -I. -I/home/runner/work/jna/jna/native/libffi/include -Iinclude -I/home/runner/work/jna/jna/native/libffi/src -D_REENTRANT -DHAVE_PROTECTION -I. -I/home/runner/work/jna/jna/native/libffi/include -Iinclude -I/home/runner/work/jna/jna/native/libffi/src -O2 -fno-omit-frame-pointer -fno-strict-aliasing  -MT src/x86/win64.lo -MD -MP -MF $depbase.Tpo -c -o src/x86/win64.lo /home/runner/work/jna/jna/native/libffi/src/x86/win64.S &&\
2022-06-08T22:04:28.5258610Z      [exec] mv -f $depbase.Tpo $depbase.Plo
2022-06-08T22:04:28.5260076Z      [exec] libtool: compile:  gcc -m64 -DHAVE_CONFIG_H -I. -I/home/runner/work/jna/jna/native/libffi -I. -I/home/runner/work/jna/jna/native/libffi/include -Iinclude -I/home/runner/work/jna/jna/native/libffi/src -D_REENTRANT -DHAVE_PROTECTION -I. -I/home/runner/work/jna/jna/native/libffi/include -Iinclude -I/home/runner/work/jna/jna/native/libffi/src -O2 -fno-omit-frame-pointer -fno-strict-aliasing -MT src/x86/win64.lo -MD -MP -MF src/x86/.deps/win64.Tpo -c /home/runner/work/jna/jna/native/libffi/src/x86/win64.S  -fPIC -DPIC -o src/x86/win64.o
2022-06-08T22:04:28.5261797Z      [exec] /bin/bash ./libtool  --tag=CC   --mode=link gcc -m64  -O2 -fno-omit-frame-pointer -fno-strict-aliasing  -Wall -fexceptions   -o libffi_convenience.la  src/prep_cif.lo src/types.lo src/raw_api.lo src/java_raw_api.lo src/closures.lo src/tramp.lo   src/x86/ffi64.lo src/x86/unix64.lo src/x86/ffiw64.lo src/x86/win64.lo 
2022-06-08T22:04:28.6258921Z      [exec] libtool: link: ar cr .libs/libffi_convenience.a  src/prep_cif.o src/types.o src/raw_api.o src/java_raw_api.o src/closures.o src/tramp.o src/x86/ffi64.o src/x86/unix64.o src/x86/ffiw64.o src/x86/win64.o
2022-06-08T22:04:28.6263480Z      [exec] libtool: link: ranlib .libs/libffi_convenience.a
2022-06-08T22:04:28.6264356Z      [exec] libtool: link: ( cd ".libs" && rm -f "libffi_convenience.la" && ln -s "../libffi_convenience.la" "libffi_convenience.la" )
2022-06-08T22:04:28.6265731Z      [exec] /bin/bash ./libtool  --tag=CC   --mode=link gcc -m64  -O2 -fno-omit-frame-pointer -fno-strict-aliasing  -Wall -fexceptions -no-undefined -version-info `grep -v '^#' /home/runner/work/jna/jna/native/libffi/libtool-version`     -o libffi.la -rpath /usr/local/lib/../lib src/prep_cif.lo src/types.lo src/raw_api.lo src/java_raw_api.lo src/closures.lo src/tramp.lo  src/x86/ffi64.lo src/x86/unix64.lo src/x86/ffiw64.lo src/x86/win64.lo 
2022-06-08T22:04:28.7267842Z      [exec] libtool: link: ar cr .libs/libffi.a  src/prep_cif.o src/types.o src/raw_api.o src/java_raw_api.o src/closures.o src/tramp.o src/x86/ffi64.o src/x86/unix64.o src/x86/ffiw64.o src/x86/win64.o
2022-06-08T22:04:28.7268612Z      [exec] libtool: link: ranlib .libs/libffi.a
2022-06-08T22:04:28.7269569Z      [exec] libtool: link: ( cd ".libs" && rm -f "libffi.la" && ln -s "../libffi.la" "libffi.la" )
2022-06-08T22:04:28.7270114Z      [exec] make[3]: Leaving directory '/home/runner/work/jna/jna/build/native-linux-x86-64/libffi'
2022-06-08T22:04:28.7270621Z      [exec] make[2]: Leaving directory '/home/runner/work/jna/jna/build/native-linux-x86-64/libffi'
2022-06-08T22:04:28.7271132Z      [exec] make[1]: Leaving directory '/home/runner/work/jna/jna/build/native-linux-x86-64/libffi'
2022-06-08T22:04:28.7272755Z      [exec] gcc -m64 -W -Wall -Wno-unused -Wno-parentheses -fPIC  -O2 -fno-omit-frame-pointer -fno-strict-aliasing  -D_REENTRANT -DHAVE_PROTECTION -I"/opt/hostedtoolcache/Java_Zulu_jdk/19.0.0-ea.25/x64/include" -I"/opt/hostedtoolcache/Java_Zulu_jdk/19.0.0-ea.25/x64/include/linux" -I"/home/runner/work/jna/jna/build/headers" -I/home/runner/work/jna/jna/build/native-linux-x86-64/libffi/include -DJNA_JNI_VERSION='"6.1.4"' -DCHECKSUM='"147a998f0cbc89681a1ae6c0dd121629"' -Wno-unknown-warning-option -Werror -Wno-clobbered -Wno-unused-variable -Wno-alloca-larger-than -c dispatch.c -o /home/runner/work/jna/jna/build/native-linux-x86-64/dispatch.o
2022-06-08T22:04:29.8278947Z      [exec] gcc -m64 -W -Wall -Wno-unused -Wno-parentheses -fPIC  -O2 -fno-omit-frame-pointer -fno-strict-aliasing  -D_REENTRANT -DHAVE_PROTECTION -I"/opt/hostedtoolcache/Java_Zulu_jdk/19.0.0-ea.25/x64/include" -I"/opt/hostedtoolcache/Java_Zulu_jdk/19.0.0-ea.25/x64/include/linux" -I"/home/runner/work/jna/jna/build/headers" -I/home/runner/work/jna/jna/build/native-linux-x86-64/libffi/include -DJNA_JNI_VERSION='"6.1.4"' -DCHECKSUM='"147a998f0cbc89681a1ae6c0dd121629"' -Wno-unknown-warning-option -Werror -Wno-clobbered -Wno-unused-variable -Wno-alloca-larger-than -c callback.c -o /home/runner/work/jna/jna/build/native-linux-x86-64/callback.o
2022-06-08T22:04:30.0296162Z      [exec] gcc -m64 -m64 -o /home/runner/work/jna/jna/build/native-linux-x86-64/libjnidispatch.so -shared -static-libgcc -Wl,-soname,/home/runner/work/jna/jna/build/native-linux-x86-64/libjnidispatch.so,-Bsymbolic /home/runner/work/jna/jna/build/native-linux-x86-64/dispatch.o /home/runner/work/jna/jna/build/native-linux-x86-64/callback.o  /home/runner/work/jna/jna/build/native-linux-x86-64/libffi/.libs/libffi.a 
2022-06-08T22:04:30.0297449Z      [exec] strip -x /home/runner/work/jna/jna/build/native-linux-x86-64/libjnidispatch.so
2022-06-08T22:04:30.0299436Z      [exec] gcc -m64 -W -Wall -Wno-unused -Wno-parentheses -fPIC  -O2 -fno-omit-frame-pointer -fno-strict-aliasing  -D_REENTRANT -DHAVE_PROTECTION -I"/opt/hostedtoolcache/Java_Zulu_jdk/19.0.0-ea.25/x64/include" -I"/opt/hostedtoolcache/Java_Zulu_jdk/19.0.0-ea.25/x64/include/linux" -I"/home/runner/work/jna/jna/build/headers" -I/home/runner/work/jna/jna/build/native-linux-x86-64/libffi/include -DJNA_JNI_VERSION='"6.1.4"' -DCHECKSUM='"147a998f0cbc89681a1ae6c0dd121629"' -Wno-unknown-warning-option -Werror -Wno-clobbered -Wno-unused-variable -Wno-alloca-larger-than -c testlib.c -o /home/runner/work/jna/jna/build/native-linux-x86-64/testlib.o
2022-06-08T22:04:30.2288258Z      [exec] gcc -m64 -m64 -o /home/runner/work/jna/jna/build/native-linux-x86-64/libtestlib.so -shared -static-libgcc -Wl,-soname,/home/runner/work/jna/jna/build/native-linux-x86-64/libtestlib.so,-Bsymbolic /home/runner/work/jna/jna/build/native-linux-x86-64/testlib.o 
2022-06-08T22:04:30.2642821Z      [exec] gcc -m64 -W -Wall -Wno-unused -Wno-parentheses -fPIC  -O2 -fno-omit-frame-pointer -fno-strict-aliasing  -D_REENTRANT -DHAVE_PROTECTION -I"/opt/hostedtoolcache/Java_Zulu_jdk/19.0.0-ea.25/x64/include" -I"/opt/hostedtoolcache/Java_Zulu_jdk/19.0.0-ea.25/x64/include/linux" -I"/home/runner/work/jna/jna/build/headers" -I/home/runner/work/jna/jna/build/native-linux-x86-64/libffi/include -DJNA_JNI_VERSION='"6.1.4"' -DCHECKSUM='"147a998f0cbc89681a1ae6c0dd121629"' -Wno-unknown-warning-option -Werror -Wno-clobbered -Wno-unused-variable -Wno-alloca-larger-than -c testlib2.c -o /home/runner/work/jna/jna/build/native-linux-x86-64/testlib2.o
2022-06-08T22:04:30.2644920Z      [exec] gcc -m64 -m64 -o /home/runner/work/jna/jna/build/native-linux-x86-64/libtestlib2.so -shared -static-libgcc -Wl,-soname,/home/runner/work/jna/jna/build/native-linux-x86-64/libtestlib2.so,-Bsymbolic /home/runner/work/jna/jna/build/native-linux-x86-64/testlib2.o /home/runner/work/jna/jna/build/native-linux-x86-64/libtestlib.so 
2022-06-08T22:04:30.2654756Z     [mkdir] Created dir: /home/runner/work/jna/jna/build/classes/com/sun/jna/linux-x86-64
2022-06-08T22:04:30.2695402Z      [copy] Copying 1 file to /home/runner/work/jna/jna/build/classes/com/sun/jna/linux-x86-64
2022-06-08T22:04:30.2696395Z     [mkdir] Created dir: /home/runner/work/jna/jna/build.eclipse/classes/com/sun/jna/linux-x86-64
2022-06-08T22:04:30.2696954Z      [copy] Copying 1 file to /home/runner/work/jna/jna/build.eclipse/classes/com/sun/jna/linux-x86-64
2022-06-08T22:04:30.2954181Z       [jar] Building jar: /home/runner/work/jna/jna/build/linux-x86-64.jar
2022-06-08T22:04:30.3149123Z      [copy] Copying 1 file to /home/runner/work/jna/jna/lib/native
2022-06-08T22:04:30.3166271Z 
2022-06-08T22:04:30.3166804Z :jar:
2022-06-08T22:04:30.3182670Z 
2022-06-08T22:04:30.3183116Z jar:
2022-06-08T22:04:30.3228409Z     [mkdir] Created dir: /home/runner/work/jna/jna/build/manifest
2022-06-08T22:04:30.3638833Z [ModuleGenerator] ModuleGenerator{name=com.sun.jna, version=5.12.0, open=false, mainClass=null, targetFile=/home/runner/work/jna/jna/build/manifest/module-info.class, exports=[Export{package=com.sun.jna, to=null}, Export{package=com.sun.jna.ptr, to=null}, Export{package=com.sun.jna.win32, to=null}, Export{package=com.sun.jna.internal, to=com.sun.jna.platform}], opens=[], requires=[Requires{module=java.logging, transitive=false}, Requires{module=java.desktop, transitive=false}], packages=[]}
2022-06-08T22:04:30.3944732Z       [jar] Building jar: /home/runner/work/jna/jna/build/jna.jar
2022-06-08T22:04:30.5339102Z       [jar] com/sun/jna/linux-x86-64/libjnidispatch.so already added, skipping
2022-06-08T22:04:30.7509309Z       [zip] Building zip: /home/runner/work/jna/jna/build/jna-min.jar
2022-06-08T22:04:30.8100600Z       [jar] Building jar: /home/runner/work/jna/jna/build/jna-jpms.jar
2022-06-08T22:04:31.1340106Z 
2022-06-08T22:04:31.1340839Z compile-tests:
2022-06-08T22:04:31.1408882Z     [javac] Compiling 52 source files to /home/runner/work/jna/jna/build/test-classes
2022-06-08T22:04:31.1637508Z     [javac] warning: [options] system modules path not set in conjunction with -source 9
2022-06-08T22:04:32.1099021Z     [javac] /home/runner/work/jna/jna/test/com/sun/jna/GCWaits.java:37: warning: [removal] runFinalization() in System has been deprecated and marked for removal
2022-06-08T22:04:32.1099771Z     [javac]         System.runFinalization();
2022-06-08T22:04:32.1100269Z     [javac]               ^
2022-06-08T22:04:32.4548230Z     [javac] /home/runner/work/jna/jna/test/com/sun/jna/StructureFieldOrderInspector.java:169: warning: [deprecation] isAccessible() in AccessibleObject has been deprecated
2022-06-08T22:04:32.4550282Z     [javac]         if (!structConstructor.isAccessible()) {
2022-06-08T22:04:32.4551738Z     [javac]                               ^
2022-06-08T22:04:32.6873810Z     [javac] Note: Some input files use unchecked or unsafe operations.
2022-06-08T22:04:32.6874575Z     [javac] Note: Recompile with -Xlint:unchecked for details.
2022-06-08T22:04:32.6874926Z     [javac] 3 warnings
2022-06-08T22:04:32.6875421Z     [mkdir] Created dir: /home/runner/work/jna/jna/build/test-classes/linux-x86-64
2022-06-08T22:04:32.6883683Z      [copy] Copying 1 file to /home/runner/work/jna/jna/build/test-classes
2022-06-08T22:04:32.6893351Z      [copy] Copying 1 file to /home/runner/work/jna/jna/build/test-classes/linux-x86-64
2022-06-08T22:04:32.6914975Z      [copy] Copying 5 files to /home/runner/work/jna/jna/build/test-classes
2022-06-08T22:04:32.7103884Z       [jar] Building jar: /home/runner/work/jna/jna/build/jna-test.jar
2022-06-08T22:04:32.8200986Z       [jar] Building jar: /home/runner/work/jna/jna/build/jna-test2.jar
2022-06-08T22:04:32.8254819Z      [move] Moving 1 file to /home/runner/work/jna/jna/build/test-classes
2022-06-08T22:04:32.8274401Z       [jar] Building jar: /home/runner/work/jna/jna/build/jna-test3.jar
2022-06-08T22:04:32.8388342Z     [mkdir] Created dir: /home/runner/work/jna/jna/build/jws
2022-06-08T22:04:32.8388981Z      [copy] Copying 1 file to /home/runner/work/jna/jna/build/jws
2022-06-08T22:04:32.8407350Z      [copy] Copying 1 file to /home/runner/work/jna/jna/build/jws
2022-06-08T22:04:32.8415678Z      [copy] Copying 1 file to /home/runner/work/jna/jna/build/jws
2022-06-08T22:04:32.8419647Z      [copy] Copying 1 file to /home/runner/work/jna/jna/build/jws
2022-06-08T22:04:32.8536054Z       [jar] Building jar: /home/runner/work/jna/jna/build/jws/jnidispatch.jar
2022-06-08T22:04:32.8628786Z 
2022-06-08T22:04:32.8629257Z -check-java6-compatibility:
2022-06-08T22:04:32.8629558Z 
2022-06-08T22:04:32.8629810Z -warn-java6-compatiblity:
2022-06-08T22:04:32.8634802Z      [echo] Build is not Java 6 compatible and NOT A PRODUCTION BUILD
2022-06-08T22:04:32.8635133Z 
2022-06-08T22:04:32.8635267Z test:
2022-06-08T22:04:32.8637141Z     [mkdir] Created dir: /home/runner/work/jna/jna/build/junit-results/linux-x86-64
2022-06-08T22:04:32.8637966Z      [echo] Saving test results in /home/runner/work/jna/jna/build/junit-results/linux-x86-64
2022-06-08T22:04:33.1865629Z     [junit] Testsuite: com.sun.jna.AnnotatedLibraryTest
2022-06-08T22:04:33.2867812Z     [junit] Tests run: 2, Failures: 0, Errors: 0, Skipped: 0, Time elapsed: 0.158 sec
2022-06-08T22:04:33.2868549Z     [junit] 
2022-06-08T22:04:33.5191447Z     [junit] Testsuite: com.sun.jna.ArgumentsMarshalNullableTest
2022-06-08T22:04:33.6542216Z     [junit] Tests run: 3, Failures: 0, Errors: 0, Skipped: 0, Time elapsed: 0.152 sec
2022-06-08T22:04:33.6543115Z     [junit] 
2022-06-08T22:04:33.8646818Z     [junit] Testsuite: com.sun.jna.ArgumentsMarshalTest
2022-06-08T22:04:34.1153058Z     [junit] Tests run: 41, Failures: 0, Errors: 0, Skipped: 0, Time elapsed: 0.234 sec
2022-06-08T22:04:34.1153752Z     [junit] 
2022-06-08T22:04:34.3300232Z     [junit] Testsuite: com.sun.jna.ArgumentsWrappersMarshalTest
2022-06-08T22:04:34.4302047Z     [junit] Tests run: 10, Failures: 0, Errors: 0, Skipped: 0, Time elapsed: 0.162 sec
2022-06-08T22:04:34.4302543Z     [junit] 
2022-06-08T22:04:34.6571997Z     [junit] Testsuite: com.sun.jna.BufferArgumentsMarshalTest
2022-06-08T22:04:34.8011770Z     [junit] Tests run: 14, Failures: 0, Errors: 0, Skipped: 0, Time elapsed: 0.183 sec
2022-06-08T22:04:34.8012490Z     [junit] 
2022-06-08T22:04:35.0173148Z     [junit] Testsuite: com.sun.jna.ByReferenceArgumentsTest
2022-06-08T22:04:35.1099798Z     [junit] Tests run: 8, Failures: 0, Errors: 0, Skipped: 0, Time elapsed: 0.151 sec
2022-06-08T22:04:35.1100535Z     [junit] 
2022-06-08T22:04:35.3195085Z     [junit] Testsuite: com.sun.jna.ByReferenceToStringTest
2022-06-08T22:04:35.3956883Z     [junit] Tests run: 1, Failures: 0, Errors: 0, Skipped: 0, Time elapsed: 0.117 sec
2022-06-08T22:04:35.3957568Z     [junit] 
2022-06-08T22:04:35.6051335Z     [junit] Testsuite: com.sun.jna.CallbacksTest
2022-06-08T22:04:35.8073432Z     [junit] JNA: Can't attach native thread to VM for callback: -1 (check stacksize for callbacks)
2022-06-08T22:04:40.1029240Z     [junit] Tests run: 53, Failures: 0, Errors: 0, Skipped: 0, Time elapsed: 4.523 sec
2022-06-08T22:04:40.1030266Z     [junit] 
2022-06-08T22:04:40.3125433Z     [junit] Testsuite: com.sun.jna.DefaultMethodInvocationTest
2022-06-08T22:04:40.4560805Z     [junit] Tests run: 5, Failures: 0, Errors: 0, Skipped: 0, Time elapsed: 0.185 sec
2022-06-08T22:04:40.4561236Z     [junit] 
2022-06-08T22:04:40.6653242Z     [junit] Testsuite: com.sun.jna.DirectArgumentsMarshalNullableTest
2022-06-08T22:04:40.7967581Z     [junit] Tests run: 3, Failures: 0, Errors: 0, Skipped: 0, Time elapsed: 0.17 sec
2022-06-08T22:04:40.7968107Z     [junit] 
2022-06-08T22:04:41.0094974Z     [junit] Testsuite: com.sun.jna.DirectArgumentsMarshalTest
2022-06-08T22:04:41.2057809Z     [junit] Tests run: 41, Failures: 0, Errors: 0, Skipped: 0, Time elapsed: 0.236 sec
2022-06-08T22:04:41.2058175Z     [junit] 
2022-06-08T22:04:41.4249366Z     [junit] Testsuite: com.sun.jna.DirectArgumentsWrappersMarshalTest
2022-06-08T22:04:41.5582303Z     [junit] Tests run: 10, Failures: 0, Errors: 0, Skipped: 0, Time elapsed: 0.175 sec
2022-06-08T22:04:41.5583091Z     [junit] 
2022-06-08T22:04:41.7649789Z     [junit] Testsuite: com.sun.jna.DirectBufferArgumentsMarshalTest
2022-06-08T22:04:41.9181336Z     [junit] Tests run: 14, Failures: 0, Errors: 0, Skipped: 0, Time elapsed: 0.195 sec
2022-06-08T22:04:41.9182049Z     [junit] 
2022-06-08T22:04:42.1267029Z     [junit] Testsuite: com.sun.jna.DirectByReferenceArgumentsTest
2022-06-08T22:04:42.2615221Z     [junit] Tests run: 8, Failures: 0, Errors: 0, Skipped: 0, Time elapsed: 0.178 sec
2022-06-08T22:04:42.2615714Z     [junit] 
2022-06-08T22:04:42.4705634Z     [junit] Testsuite: com.sun.jna.DirectCallbacksTest
2022-06-08T22:04:42.6727289Z     [junit] JNA: Can't attach native thread to VM for callback: -1 (check stacksize for callbacks)
2022-06-08T22:04:46.8746365Z     [junit] Tests run: 53, Failures: 1, Errors: 0, Skipped: 0, Time elapsed: 4.469 sec
2022-06-08T22:04:46.8747075Z     [junit] 
2022-06-08T22:04:46.8747793Z     [junit] Testcase: testInvokeCallback(com.sun.jna.DirectCallbacksTest):	FAILED
2022-06-08T22:04:46.8748697Z     [junit] Existing native function wrapper should be reused expected same:<Proxy interface to native function@0x7fcca4eae350 (com.sun.jna.CallbacksTest$TestLibrary$Int32CallbackX)> was not:<Proxy interface to native function@0x7fcca4eae350 (com.sun.jna.CallbacksTest$TestLibrary$Int32CallbackX)>
2022-06-08T22:04:46.8749923Z     [junit] junit.framework.AssertionFailedError: Existing native function wrapper should be reused expected same:<Proxy interface to native function@0x7fcca4eae350 (com.sun.jna.CallbacksTest$TestLibrary$Int32CallbackX)> was not:<Proxy interface to native function@0x7fcca4eae350 (com.sun.jna.CallbacksTest$TestLibrary$Int32CallbackX)>
2022-06-08T22:04:46.8750739Z     [junit] 	at com.sun.jna.CallbacksTest.testInvokeCallback(CallbacksTest.java:969)
2022-06-08T22:04:46.8751426Z     [junit] 	at java.base/jdk.internal.reflect.DirectMethodHandleAccessor.invoke(DirectMethodHandleAccessor.java:104)
2022-06-08T22:04:46.8751825Z     [junit] 
2022-06-08T22:04:46.8752149Z     [junit] 
2022-06-08T22:04:46.9076723Z     [junit] Test com.sun.jna.DirectCallbacksTest FAILED
2022-06-08T22:04:47.1158816Z     [junit] Testsuite: com.sun.jna.DirectReturnTypesTest
2022-06-08T22:04:47.2776999Z     [junit] Tests run: 19, Failures: 0, Errors: 0, Skipped: 0, Time elapsed: 0.201 sec
2022-06-08T22:04:47.2782528Z     [junit] 
2022-06-08T22:04:47.4864196Z     [junit] Testsuite: com.sun.jna.DirectStructureByValueTest
2022-06-08T22:04:47.6208518Z     [junit] Tests run: 7, Failures: 0, Errors: 0, Skipped: 0, Time elapsed: 0.178 sec
2022-06-08T22:04:47.6209080Z     [junit] 
2022-06-08T22:04:47.8294559Z     [junit] Testsuite: com.sun.jna.DirectTest
2022-06-08T22:04:47.9823191Z     [junit] Tests run: 7, Failures: 0, Errors: 0, Skipped: 0, Time elapsed: 0.192 sec
2022-06-08T22:04:47.9823584Z     [junit] 
2022-06-08T22:04:48.1887359Z     [junit] Testsuite: com.sun.jna.DirectTypeMapperTest
2022-06-08T22:04:48.3457108Z     [junit] Tests run: 8, Failures: 0, Errors: 0, Skipped: 0, Time elapsed: 0.196 sec
2022-06-08T22:04:48.3459906Z     [junit] 
2022-06-08T22:04:48.5598178Z     [junit] Testsuite: com.sun.jna.ELFAnalyserTest
2022-06-08T22:04:48.6290589Z     [junit] Tests run: 6, Failures: 0, Errors: 0, Skipped: 0, Time elapsed: 0.093 sec
2022-06-08T22:04:48.6291386Z     [junit] 
2022-06-08T22:04:48.8372696Z     [junit] Testsuite: com.sun.jna.FunctionTest
2022-06-08T22:04:48.9362542Z     [junit] Tests run: 2, Failures: 0, Errors: 0, Skipped: 0, Time elapsed: 0.153 sec
2022-06-08T22:04:48.9363066Z     [junit] 
2022-06-08T22:04:49.1549801Z     [junit] Testsuite: com.sun.jna.HeadlessLoadLibraryTest
2022-06-08T22:04:49.2215054Z     [junit] Tests run: 1, Failures: 0, Errors: 0, Skipped: 0, Time elapsed: 0.109 sec
2022-06-08T22:04:49.2251993Z     [junit] 
2022-06-08T22:04:49.4294209Z     [junit] Testsuite: com.sun.jna.IntegerTypeTest
2022-06-08T22:04:49.5127867Z     [junit] Tests run: 7, Failures: 0, Errors: 0, Skipped: 0, Time elapsed: 0.128 sec
2022-06-08T22:04:49.5129588Z     [junit] 
2022-06-08T22:04:49.7212129Z     [junit] Testsuite: com.sun.jna.JNALoadTest
2022-06-08T22:04:49.9690927Z     [junit] Tests run: 5, Failures: 0, Errors: 0, Skipped: 0, Time elapsed: 0.289 sec
2022-06-08T22:04:49.9691913Z     [junit] 
2022-06-08T22:04:50.1774280Z     [junit] Testsuite: com.sun.jna.LastErrorTest
2022-06-08T22:04:50.3356688Z     [junit] Tests run: 3, Failures: 0, Errors: 0, Skipped: 0, Time elapsed: 0.202 sec
2022-06-08T22:04:50.3358090Z     [junit] 
2022-06-08T22:04:50.5441444Z     [junit] Testsuite: com.sun.jna.LibraryLoadTest
2022-06-08T22:04:50.6987703Z     [junit] Tests run: 23, Failures: 0, Errors: 0, Skipped: 0, Time elapsed: 0.198 sec
2022-06-08T22:04:50.6988512Z     [junit] 
2022-06-08T22:04:50.9068730Z     [junit] Testsuite: com.sun.jna.MemoryTest
2022-06-08T22:04:58.5896553Z     [junit] Tests run: 10, Failures: 0, Errors: 0, Skipped: 0, Time elapsed: 7.724 sec
2022-06-08T22:04:58.5897244Z     [junit] 
2022-06-08T22:04:58.7985882Z     [junit] Testsuite: com.sun.jna.NativeLibraryTest
2022-06-08T22:05:00.9834142Z     [junit] Tests run: 22, Failures: 0, Errors: 0, Skipped: 0, Time elapsed: 2.225 sec
2022-06-08T22:05:00.9834548Z     [junit] 
2022-06-08T22:05:01.1917525Z     [junit] Testsuite: com.sun.jna.NativeTest
2022-06-08T22:05:01.4366127Z     [junit] Tests run: 33, Failures: 0, Errors: 0, Skipped: 0, Time elapsed: 0.274 sec
2022-06-08T22:05:01.4402145Z     [junit] 
2022-06-08T22:05:01.4402886Z     [junit] ------------- Standard Error -----------------
2022-06-08T22:05:01.4404457Z     [junit] Jun 08, 2022 10:05:01 PM com.sun.jna.Native getCharset
2022-06-08T22:05:01.4454450Z     [junit] WARNING: JNA Warning: Encoding 'unsupported' is unsupported (unsupported)
2022-06-08T22:05:01.4455087Z     [junit] Jun 08, 2022 10:05:01 PM com.sun.jna.Native getCharset
2022-06-08T22:05:01.4455521Z     [junit] WARNING: JNA Warning: Using fallback encoding UTF-8
2022-06-08T22:05:01.4455978Z     [junit] ------------- ---------------- ---------------
2022-06-08T22:05:01.6436687Z     [junit] Testsuite: com.sun.jna.NativedMappedTest
2022-06-08T22:05:01.7438808Z     [junit] Tests run: 3, Failures: 0, Errors: 0, Skipped: 0, Time elapsed: 0.151 sec
2022-06-08T22:05:01.7439376Z     [junit] 
2022-06-08T22:05:01.9615558Z     [junit] Testsuite: com.sun.jna.PerformanceTest
2022-06-08T22:05:01.9960482Z     [junit] Tests run: 1, Failures: 0, Errors: 0, Skipped: 0, Time elapsed: 0.079 sec
2022-06-08T22:05:01.9962287Z     [junit] 
2022-06-08T22:05:02.2041570Z     [junit] Testsuite: com.sun.jna.PlatformTest
2022-06-08T22:05:02.2518892Z     [junit] Tests run: 2, Failures: 0, Errors: 0, Skipped: 0, Time elapsed: 0.086 sec
2022-06-08T22:05:02.2519548Z     [junit] 
2022-06-08T22:05:02.4585808Z     [junit] Testsuite: com.sun.jna.PointerBufferTest
2022-06-08T22:05:02.5425351Z     [junit] Tests run: 16, Failures: 0, Errors: 0, Skipped: 0, Time elapsed: 0.125 sec
2022-06-08T22:05:02.5429560Z     [junit] 
2022-06-08T22:05:02.7509134Z     [junit] Testsuite: com.sun.jna.PointerTest
2022-06-08T22:05:02.9103258Z     [junit] Tests run: 12, Failures: 0, Errors: 0, Skipped: 0, Time elapsed: 0.198 sec
2022-06-08T22:05:02.9106496Z     [junit] 
2022-06-08T22:05:03.1166431Z     [junit] Testsuite: com.sun.jna.PrematureGCTest
2022-06-08T22:05:03.2168508Z     [junit] Tests run: 1, Failures: 0, Errors: 0, Skipped: 0, Time elapsed: 0.145 sec
2022-06-08T22:05:03.2169288Z     [junit] 
2022-06-08T22:05:03.4386389Z     [junit] Testsuite: com.sun.jna.ReturnTypesTest
2022-06-08T22:05:03.5927198Z     [junit] Tests run: 19, Failures: 0, Errors: 0, Skipped: 0, Time elapsed: 0.195 sec
2022-06-08T22:05:03.5928019Z     [junit] 
2022-06-08T22:05:03.8005526Z     [junit] Testsuite: com.sun.jna.StructureBufferFieldTest
2022-06-08T22:05:03.8844361Z     [junit] Tests run: 5, Failures: 0, Errors: 0, Skipped: 0, Time elapsed: 0.128 sec
2022-06-08T22:05:03.8845091Z     [junit] 
2022-06-08T22:05:04.0929086Z     [junit] Testsuite: com.sun.jna.StructureByValueTest
2022-06-08T22:05:04.2261875Z     [junit] Tests run: 7, Failures: 0, Errors: 0, Skipped: 0, Time elapsed: 0.174 sec
2022-06-08T22:05:04.2262733Z     [junit] 
2022-06-08T22:05:04.4342757Z     [junit] Testsuite: com.sun.jna.StructureFieldOrderInspectorTest
2022-06-08T22:05:04.8105918Z     [junit] Tests run: 11, Failures: 0, Errors: 0, Skipped: 0, Time elapsed: 0.407 sec
2022-06-08T22:05:04.8106652Z     [junit] 
2022-06-08T22:05:05.0189173Z     [junit] Testsuite: com.sun.jna.StructureTest
2022-06-08T22:05:05.3154782Z     [junit] Tests run: 90, Failures: 0, Errors: 0, Skipped: 0, Time elapsed: 0.332 sec
2022-06-08T22:05:05.3155132Z     [junit] 
2022-06-08T22:05:05.5241978Z     [junit] Testsuite: com.sun.jna.TypeMapperTest
2022-06-08T22:05:05.6244453Z     [junit] Tests run: 9, Failures: 0, Errors: 0, Skipped: 0, Time elapsed: 0.166 sec
2022-06-08T22:05:05.6245594Z     [junit] 
2022-06-08T22:05:05.8654166Z     [junit] Testsuite: com.sun.jna.UnionTest
2022-06-08T22:05:05.9656117Z     [junit] Tests run: 9, Failures: 0, Errors: 0, Skipped: 0, Time elapsed: 0.159 sec
2022-06-08T22:05:05.9656831Z     [junit] 
2022-06-08T22:05:06.1908390Z     [junit] Testsuite: com.sun.jna.VMCrashProtectionTest
2022-06-08T22:05:06.2530613Z     [junit] Tests run: 1, Failures: 0, Errors: 0, Skipped: 0, Time elapsed: 0.113 sec
2022-06-08T22:05:06.2532529Z     [junit] 
2022-06-08T22:05:06.4616019Z     [junit] Testsuite: com.sun.jna.VarArgsCheckerTest
2022-06-08T22:05:06.5013441Z     [junit] Tests run: 5, Failures: 0, Errors: 0, Skipped: 0, Time elapsed: 0.076 sec
2022-06-08T22:05:06.5014567Z     [junit] 
2022-06-08T22:05:06.7078932Z     [junit] Testsuite: com.sun.jna.VarArgsTest
2022-06-08T22:05:06.8080692Z     [junit] Tests run: 10, Failures: 0, Errors: 0, Skipped: 0, Time elapsed: 0.154 sec
2022-06-08T22:05:06.8081244Z     [junit] 
2022-06-08T22:05:07.0310359Z     [junit] Testsuite: com.sun.jna.different_package.PrivateDirectCallbacksTest
2022-06-08T22:05:07.1312042Z     [junit] Tests run: 2, Failures: 0, Errors: 0, Skipped: 0, Time elapsed: 0.167 sec
2022-06-08T22:05:07.1312626Z     [junit] 
2022-06-08T22:05:07.3646698Z     [junit] Testsuite: com.sun.jna.different_package.PrivateLibraryInfoTest
2022-06-08T22:05:07.4390563Z     [junit] Tests run: 2, Failures: 0, Errors: 0, Skipped: 0, Time elapsed: 0.119 sec
2022-06-08T22:05:07.4391474Z     [junit] 
2022-06-08T22:05:07.7334757Z [junitreport] Processing /home/runner/work/jna/jna/build/junit-results/linux-x86-64/TESTS-TestSuites.xml to /tmp/null631445727
2022-06-08T22:05:07.7338949Z [junitreport] Loading stylesheet jar:file:/usr/share/ant/lib/ant-junit.jar!/org/apache/tools/ant/taskdefs/optional/junit/xsl/junit-frames.xsl
2022-06-08T22:05:08.5731727Z [junitreport] Transform time: 843ms
2022-06-08T22:05:08.5732580Z [junitreport] Deleting: /tmp/null631445727
2022-06-08T22:05:08.5737585Z      [echo] View test report in file:///home/runner/work/jna/jna/build/reports/junit/linux-x86-64/index.html
2022-06-08T22:05:08.5744887Z 
2022-06-08T22:05:08.5745574Z BUILD FAILED
2022-06-08T22:05:08.5746056Z /home/runner/work/jna/jna/build.xml:1408: One or more tests failed
2022-06-08T22:05:08.5746481Z 
2022-06-08T22:05:08.5747223Z Total time: 57 seconds
2022-06-08T22:05:08.5939520Z ##[error]Process completed with exit code 1.
2022-06-08T22:05:08.6102016Z Post job cleanup.
2022-06-08T22:05:08.7639375Z Post job cleanup.
2022-06-08T22:05:08.8878184Z [command]/usr/bin/git version
2022-06-08T22:05:08.8926167Z git version 2.36.1
2022-06-08T22:05:08.8973225Z Temporarily overriding HOME='/home/runner/work/_temp/99aacfd8-a695-40eb-be6d-363d6cbebc53' before making global git config changes
2022-06-08T22:05:08.8975419Z Adding repository directory to the temporary git global config as a safe directory
2022-06-08T22:05:08.8980558Z [command]/usr/bin/git config --global --add safe.directory /home/runner/work/jna/jna
2022-06-08T22:05:08.9018101Z [command]/usr/bin/git config --local --name-only --get-regexp core\.sshCommand
2022-06-08T22:05:08.9051518Z [command]/usr/bin/git submodule foreach --recursive git config --local --name-only --get-regexp 'core\.sshCommand' && git config --local --unset-all 'core.sshCommand' || :
2022-06-08T22:05:08.9267755Z [command]/usr/bin/git config --local --name-only --get-regexp http\.https\:\/\/github\.com\/\.extraheader
2022-06-08T22:05:08.9292600Z http.https://github.com/.extraheader
2022-06-08T22:05:08.9304235Z [command]/usr/bin/git config --local --unset-all http.https://github.com/.extraheader
2022-06-08T22:05:08.9338204Z [command]/usr/bin/git submodule foreach --recursive git config --local --name-only --get-regexp 'http\.https\:\/\/github\.com\/\.extraheader' && git config --local --unset-all 'http.https://github.com/.extraheader' || :
2022-06-08T22:05:08.9777226Z Cleaning up orphan processes