2022-06-14T16:03:07.7380465Z Requested labels: ubuntu-20.04
2022-06-14T16:03:07.7380513Z Job defined at: exedio/persistence/.github/workflows/ant.yml@refs/heads/master
2022-06-14T16:03:07.7380541Z Waiting for a runner to pick up this job...
2022-06-14T16:03:08.7357271Z Job is waiting for a hosted runner to come online.
2022-06-14T16:03:11.0642128Z Job is about to start running on the hosted runner: Hosted Agent (hosted)
2022-06-14T16:03:14.0961309Z Current runner version: '2.292.0'
2022-06-14T16:03:14.0988467Z ##[group]Operating System
2022-06-14T16:03:14.0989011Z Ubuntu
2022-06-14T16:03:14.0989297Z 20.04.4
2022-06-14T16:03:14.0989525Z LTS
2022-06-14T16:03:14.0989897Z ##[endgroup]
2022-06-14T16:03:14.0990237Z ##[group]Virtual Environment
2022-06-14T16:03:14.0990576Z Environment: ubuntu-20.04
2022-06-14T16:03:14.0990922Z Version: 20220605.1
2022-06-14T16:03:14.0991473Z Included Software: https://github.com/actions/virtual-environments/blob/ubuntu20/20220605.1/images/linux/Ubuntu2004-Readme.md
2022-06-14T16:03:14.0992180Z Image Release: https://github.com/actions/virtual-environments/releases/tag/ubuntu20%2F20220605.1
2022-06-14T16:03:14.0992596Z ##[endgroup]
2022-06-14T16:03:14.0992952Z ##[group]Virtual Environment Provisioner
2022-06-14T16:03:14.0993345Z 1.0.0.0-main-20220531-1
2022-06-14T16:03:14.0993631Z ##[endgroup]
2022-06-14T16:03:14.0994636Z ##[group]GITHUB_TOKEN Permissions
2022-06-14T16:03:14.0995252Z Actions: write
2022-06-14T16:03:14.0995716Z Checks: write
2022-06-14T16:03:14.0996067Z Contents: write
2022-06-14T16:03:14.0996391Z Deployments: write
2022-06-14T16:03:14.0996681Z Discussions: write
2022-06-14T16:03:14.0997004Z Issues: write
2022-06-14T16:03:14.0997329Z Metadata: read
2022-06-14T16:03:14.0997598Z Packages: write
2022-06-14T16:03:14.0997965Z Pages: write
2022-06-14T16:03:14.0998292Z PullRequests: write
2022-06-14T16:03:14.0998658Z RepositoryProjects: write
2022-06-14T16:03:14.0999001Z SecurityEvents: write
2022-06-14T16:03:14.0999330Z Statuses: write
2022-06-14T16:03:14.0999662Z ##[endgroup]
2022-06-14T16:03:14.1003142Z Secret source: Actions
2022-06-14T16:03:14.1003635Z Prepare workflow directory
2022-06-14T16:03:14.1846762Z Prepare all required actions
2022-06-14T16:03:14.2030001Z Getting action download info
2022-06-14T16:03:14.5319565Z Download action repository 'actions/checkout@v2' (SHA:7884fcad6b5d53d10323aee724dc68d8b9096a2e)
2022-06-14T16:03:14.8340267Z Download action repository 'actions/setup-java@v2' (SHA:f0bb91606209742fe3ea40199be2f3ef195ecabf)
2022-06-14T16:03:15.3138090Z ##[group]Run actions/checkout@v2
2022-06-14T16:03:15.3138415Z with:
2022-06-14T16:03:15.3138733Z   repository: exedio/persistence
2022-06-14T16:03:15.3139317Z   token: ***
2022-06-14T16:03:15.3139598Z   ssh-strict: true
2022-06-14T16:03:15.3139856Z   persist-credentials: true
2022-06-14T16:03:15.3140273Z   clean: true
2022-06-14T16:03:15.3140602Z   fetch-depth: 1
2022-06-14T16:03:15.3140827Z   lfs: false
2022-06-14T16:03:15.3141108Z   submodules: false
2022-06-14T16:03:15.3141415Z   set-safe-directory: true
2022-06-14T16:03:15.3141670Z ##[endgroup]
2022-06-14T16:03:15.5524756Z Syncing repository: exedio/persistence
2022-06-14T16:03:15.5527168Z ##[group]Getting Git version info
2022-06-14T16:03:15.5528110Z Working directory is '/home/runner/work/persistence/persistence'
2022-06-14T16:03:15.5529408Z [command]/usr/bin/git version
2022-06-14T16:03:15.5642377Z git version 2.36.1
2022-06-14T16:03:15.5643540Z ##[endgroup]
2022-06-14T16:03:15.5660120Z Temporarily overriding HOME='/home/runner/work/_temp/9e68e42c-b37e-4906-ae15-2520020dff1e' before making global git config changes
2022-06-14T16:03:15.5660626Z Adding repository directory to the temporary git global config as a safe directory
2022-06-14T16:03:15.5661149Z [command]/usr/bin/git config --global --add safe.directory /home/runner/work/persistence/persistence
2022-06-14T16:03:15.5691075Z Deleting the contents of '/home/runner/work/persistence/persistence'
2022-06-14T16:03:15.5694147Z ##[group]Initializing the repository
2022-06-14T16:03:15.5737448Z [command]/usr/bin/git init /home/runner/work/persistence/persistence
2022-06-14T16:03:15.5815193Z hint: Using 'master' as the name for the initial branch. This default branch name
2022-06-14T16:03:15.5815780Z hint: is subject to change. To configure the initial branch name to use in all
2022-06-14T16:03:15.5816246Z hint: of your new repositories, which will suppress this warning, call:
2022-06-14T16:03:15.5816614Z hint: 
2022-06-14T16:03:15.5817035Z hint: 	git config --global init.defaultBranch <name>
2022-06-14T16:03:15.5817472Z hint: 
2022-06-14T16:03:15.5817817Z hint: Names commonly chosen instead of 'master' are 'main', 'trunk' and
2022-06-14T16:03:15.5818363Z hint: 'development'. The just-created branch can be renamed via this command:
2022-06-14T16:03:15.5818717Z hint: 
2022-06-14T16:03:15.5819001Z hint: 	git branch -m <name>
2022-06-14T16:03:15.5819421Z Initialized empty Git repository in /home/runner/work/persistence/persistence/.git/
2022-06-14T16:03:15.5819919Z [command]/usr/bin/git remote add origin https://github.com/exedio/persistence
2022-06-14T16:03:15.5852689Z ##[endgroup]
2022-06-14T16:03:15.5853146Z ##[group]Disabling automatic garbage collection
2022-06-14T16:03:15.5853588Z [command]/usr/bin/git config --local gc.auto 0
2022-06-14T16:03:15.5879345Z ##[endgroup]
2022-06-14T16:03:15.5879968Z ##[group]Setting up auth
2022-06-14T16:03:15.5886754Z [command]/usr/bin/git config --local --name-only --get-regexp core\.sshCommand
2022-06-14T16:03:15.5917067Z [command]/usr/bin/git submodule foreach --recursive git config --local --name-only --get-regexp 'core\.sshCommand' && git config --local --unset-all 'core.sshCommand' || :
2022-06-14T16:03:15.6220156Z [command]/usr/bin/git config --local --name-only --get-regexp http\.https\:\/\/github\.com\/\.extraheader
2022-06-14T16:03:15.6243105Z [command]/usr/bin/git submodule foreach --recursive git config --local --name-only --get-regexp 'http\.https\:\/\/github\.com\/\.extraheader' && git config --local --unset-all 'http.https://github.com/.extraheader' || :
2022-06-14T16:03:15.6463518Z [command]/usr/bin/git config --local http.https://github.com/.extraheader AUTHORIZATION: basic ***
2022-06-14T16:03:15.6505571Z ##[endgroup]
2022-06-14T16:03:15.6506145Z ##[group]Fetching the repository
2022-06-14T16:03:15.6506982Z [command]/usr/bin/git -c protocol.version=2 fetch --no-tags --prune --progress --no-recurse-submodules --depth=1 origin +68931350487d11510090b267b341bd420c7e7ff9:refs/remotes/origin/master
2022-06-14T16:03:15.8765842Z remote: Enumerating objects: 2191, done.        
2022-06-14T16:03:15.8766517Z remote: Counting objects:   0% (1/2191)        
2022-06-14T16:03:15.8767238Z remote: Counting objects:   1% (22/2191)        
2022-06-14T16:03:15.8767717Z remote: Counting objects:   2% (44/2191)        
2022-06-14T16:03:15.8768634Z remote: Counting objects:   3% (66/2191)        
2022-06-14T16:03:15.8769849Z remote: Counting objects:   4% (88/2191)        
2022-06-14T16:03:15.8770294Z remote: Counting objects:   5% (110/2191)        
2022-06-14T16:03:15.8770915Z remote: Counting objects:   6% (132/2191)        
2022-06-14T16:03:15.8771665Z remote: Counting objects:   7% (154/2191)        
2022-06-14T16:03:15.8772404Z remote: Counting objects:   8% (176/2191)        
2022-06-14T16:03:15.8773044Z remote: Counting objects:   9% (198/2191)        
2022-06-14T16:03:15.8773687Z remote: Counting objects:  10% (220/2191)        
2022-06-14T16:03:15.8774484Z remote: Counting objects:  11% (242/2191)        
2022-06-14T16:03:15.8775141Z remote: Counting objects:  12% (263/2191)        
2022-06-14T16:03:15.8775757Z remote: Counting objects:  13% (285/2191)        
2022-06-14T16:03:15.8776535Z remote: Counting objects:  14% (307/2191)        
2022-06-14T16:03:15.8777114Z remote: Counting objects:  15% (329/2191)        
2022-06-14T16:03:15.8777721Z remote: Counting objects:  16% (351/2191)        
2022-06-14T16:03:15.8779984Z remote: Counting objects:  17% (373/2191)        
2022-06-14T16:03:15.8780329Z remote: Counting objects:  18% (395/2191)        
2022-06-14T16:03:15.8780954Z remote: Counting objects:  19% (417/2191)        
2022-06-14T16:03:15.8783723Z remote: Counting objects:  20% (439/2191)        
2022-06-14T16:03:15.8784205Z remote: Counting objects:  21% (461/2191)        
2022-06-14T16:03:15.8785106Z remote: Counting objects:  22% (483/2191)        
2022-06-14T16:03:15.8785503Z remote: Counting objects:  23% (504/2191)        
2022-06-14T16:03:15.8786209Z remote: Counting objects:  24% (526/2191)        
2022-06-14T16:03:15.8786757Z remote: Counting objects:  25% (548/2191)        
2022-06-14T16:03:15.8787441Z remote: Counting objects:  26% (570/2191)        
2022-06-14T16:03:15.8788159Z remote: Counting objects:  27% (592/2191)        
2022-06-14T16:03:15.8788934Z remote: Counting objects:  28% (614/2191)        
2022-06-14T16:03:15.8789499Z remote: Counting objects:  29% (636/2191)        
2022-06-14T16:03:15.8790163Z remote: Counting objects:  30% (658/2191)        
2022-06-14T16:03:15.8790836Z remote: Counting objects:  31% (680/2191)        
2022-06-14T16:03:15.8791584Z remote: Counting objects:  32% (702/2191)        
2022-06-14T16:03:15.8792285Z remote: Counting objects:  33% (724/2191)        
2022-06-14T16:03:15.8792969Z remote: Counting objects:  34% (745/2191)        
2022-06-14T16:03:15.8793650Z remote: Counting objects:  35% (767/2191)        
2022-06-14T16:03:15.8794335Z remote: Counting objects:  36% (789/2191)        
2022-06-14T16:03:15.8795041Z remote: Counting objects:  37% (811/2191)        
2022-06-14T16:03:15.8795682Z remote: Counting objects:  38% (833/2191)        
2022-06-14T16:03:15.8796398Z remote: Counting objects:  39% (855/2191)        
2022-06-14T16:03:15.8797143Z remote: Counting objects:  40% (877/2191)        
2022-06-14T16:03:15.8797909Z remote: Counting objects:  41% (899/2191)        
2022-06-14T16:03:15.8896309Z remote: Counting objects:  42% (921/2191)        
2022-06-14T16:03:15.8896756Z remote: Counting objects:  43% (943/2191)        
2022-06-14T16:03:15.8898806Z remote: Counting objects:  44% (965/2191)        
2022-06-14T16:03:15.8899918Z remote: Counting objects:  45% (986/2191)        
2022-06-14T16:03:15.8900329Z remote: Counting objects:  46% (1008/2191)        
2022-06-14T16:03:15.8900958Z remote: Counting objects:  47% (1030/2191)        
2022-06-14T16:03:15.8901727Z remote: Counting objects:  48% (1052/2191)        
2022-06-14T16:03:15.8902421Z remote: Counting objects:  49% (1074/2191)        
2022-06-14T16:03:15.8903038Z remote: Counting objects:  50% (1096/2191)        
2022-06-14T16:03:15.8903846Z remote: Counting objects:  51% (1118/2191)        
2022-06-14T16:03:15.8904217Z remote: Counting objects:  52% (1140/2191)        
2022-06-14T16:03:15.8904864Z remote: Counting objects:  53% (1162/2191)        
2022-06-14T16:03:15.8905592Z remote: Counting objects:  54% (1184/2191)        
2022-06-14T16:03:15.8906211Z remote: Counting objects:  55% (1206/2191)        
2022-06-14T16:03:15.8906894Z remote: Counting objects:  56% (1227/2191)        
2022-06-14T16:03:15.8907509Z remote: Counting objects:  57% (1249/2191)        
2022-06-14T16:03:15.8908195Z remote: Counting objects:  58% (1271/2191)        
2022-06-14T16:03:15.8908926Z remote: Counting objects:  59% (1293/2191)        
2022-06-14T16:03:15.8911444Z remote: Counting objects:  60% (1315/2191)        
2022-06-14T16:03:15.8912585Z remote: Counting objects:  61% (1337/2191)        
2022-06-14T16:03:15.8913359Z remote: Counting objects:  62% (1359/2191)        
2022-06-14T16:03:15.8913824Z remote: Counting objects:  63% (1381/2191)        
2022-06-14T16:03:15.8914272Z remote: Counting objects:  64% (1403/2191)        
2022-06-14T16:03:15.8914805Z remote: Counting objects:  65% (1425/2191)        
2022-06-14T16:03:15.8915510Z remote: Counting objects:  66% (1447/2191)        
2022-06-14T16:03:15.8916137Z remote: Counting objects:  67% (1468/2191)        
2022-06-14T16:03:15.8916830Z remote: Counting objects:  68% (1490/2191)        
2022-06-14T16:03:15.8917441Z remote: Counting objects:  69% (1512/2191)        
2022-06-14T16:03:15.8918120Z remote: Counting objects:  70% (1534/2191)        
2022-06-14T16:03:15.8918729Z remote: Counting objects:  71% (1556/2191)        
2022-06-14T16:03:15.8919583Z remote: Counting objects:  72% (1578/2191)        
2022-06-14T16:03:15.8919925Z remote: Counting objects:  73% (1600/2191)        
2022-06-14T16:03:15.8920654Z remote: Counting objects:  74% (1622/2191)        
2022-06-14T16:03:15.8921340Z remote: Counting objects:  75% (1644/2191)        
2022-06-14T16:03:15.8922207Z remote: Counting objects:  76% (1666/2191)        
2022-06-14T16:03:15.8924473Z remote: Counting objects:  77% (1688/2191)        
2022-06-14T16:03:15.8925049Z remote: Counting objects:  78% (1709/2191)        
2022-06-14T16:03:15.8925785Z remote: Counting objects:  79% (1731/2191)        
2022-06-14T16:03:15.8926504Z remote: Counting objects:  80% (1753/2191)        
2022-06-14T16:03:15.8927111Z remote: Counting objects:  81% (1775/2191)        
2022-06-14T16:03:15.8927825Z remote: Counting objects:  82% (1797/2191)        
2022-06-14T16:03:15.8928489Z remote: Counting objects:  83% (1819/2191)        
2022-06-14T16:03:15.8929220Z remote: Counting objects:  84% (1841/2191)        
2022-06-14T16:03:15.8929949Z remote: Counting objects:  85% (1863/2191)        
2022-06-14T16:03:15.8930680Z remote: Counting objects:  86% (1885/2191)        
2022-06-14T16:03:15.8931497Z remote: Counting objects:  87% (1907/2191)        
2022-06-14T16:03:15.8932245Z remote: Counting objects:  88% (1929/2191)        
2022-06-14T16:03:15.8932986Z remote: Counting objects:  89% (1950/2191)        
2022-06-14T16:03:15.8933691Z remote: Counting objects:  90% (1972/2191)        
2022-06-14T16:03:15.8934314Z remote: Counting objects:  91% (1994/2191)        
2022-06-14T16:03:15.8935015Z remote: Counting objects:  92% (2016/2191)        
2022-06-14T16:03:15.8935783Z remote: Counting objects:  93% (2038/2191)        
2022-06-14T16:03:15.8936367Z remote: Counting objects:  94% (2060/2191)        
2022-06-14T16:03:15.8937053Z remote: Counting objects:  95% (2082/2191)        
2022-06-14T16:03:15.8937753Z remote: Counting objects:  96% (2104/2191)        
2022-06-14T16:03:15.8938504Z remote: Counting objects:  97% (2126/2191)        
2022-06-14T16:03:15.8938980Z remote: Counting objects:  98% (2148/2191)        
2022-06-14T16:03:15.8939264Z remote: Counting objects:  99% (2170/2191)        
2022-06-14T16:03:15.8939542Z remote: Counting objects: 100% (2191/2191)        
2022-06-14T16:03:15.8940811Z remote: Counting objects: 100% (2191/2191), done.        
2022-06-14T16:03:15.8941584Z remote: Compressing objects:   0% (1/1718)        
2022-06-14T16:03:15.8941897Z remote: Compressing objects:   1% (18/1718)        
2022-06-14T16:03:15.9836485Z remote: Compressing objects:   2% (35/1718)        
2022-06-14T16:03:16.1425640Z remote: Compressing objects:   3% (52/1718)        
2022-06-14T16:03:16.2433505Z remote: Compressing objects:   4% (69/1718)        
2022-06-14T16:03:16.2434066Z remote: Compressing objects:   5% (86/1718)        
2022-06-14T16:03:16.2435489Z remote: Compressing objects:   6% (104/1718)        
2022-06-14T16:03:16.2447625Z remote: Compressing objects:   7% (121/1718)        
2022-06-14T16:03:16.2484430Z remote: Compressing objects:   8% (138/1718)        
2022-06-14T16:03:16.2569493Z remote: Compressing objects:   9% (155/1718)        
2022-06-14T16:03:16.2570456Z remote: Compressing objects:  10% (172/1718)        
2022-06-14T16:03:16.2647890Z remote: Compressing objects:  11% (189/1718)        
2022-06-14T16:03:16.2681789Z remote: Compressing objects:  12% (207/1718)        
2022-06-14T16:03:16.2772477Z remote: Compressing objects:  13% (224/1718)        
2022-06-14T16:03:16.2827610Z remote: Compressing objects:  14% (241/1718)        
2022-06-14T16:03:16.2886999Z remote: Compressing objects:  15% (258/1718)        
2022-06-14T16:03:16.2975209Z remote: Compressing objects:  16% (275/1718)        
2022-06-14T16:03:16.3012106Z remote: Compressing objects:  17% (293/1718)        
2022-06-14T16:03:16.3052568Z remote: Compressing objects:  18% (310/1718)        
2022-06-14T16:03:16.3131251Z remote: Compressing objects:  19% (327/1718)        
2022-06-14T16:03:16.3213377Z remote: Compressing objects:  20% (344/1718)        
2022-06-14T16:03:16.5466101Z remote: Compressing objects:  21% (361/1718)        
2022-06-14T16:03:16.5466573Z remote: Compressing objects:  22% (378/1718)        
2022-06-14T16:03:16.5469400Z remote: Compressing objects:  23% (396/1718)        
2022-06-14T16:03:16.5469705Z remote: Compressing objects:  24% (413/1718)        
2022-06-14T16:03:16.5470221Z remote: Compressing objects:  25% (430/1718)        
2022-06-14T16:03:16.5470825Z remote: Compressing objects:  26% (447/1718)        
2022-06-14T16:03:16.5471832Z remote: Compressing objects:  27% (464/1718)        
2022-06-14T16:03:16.5472257Z remote: Compressing objects:  28% (482/1718)        
2022-06-14T16:03:16.5472957Z remote: Compressing objects:  29% (499/1718)        
2022-06-14T16:03:16.5473378Z remote: Compressing objects:  30% (516/1718)        
2022-06-14T16:03:16.5473969Z remote: Compressing objects:  31% (533/1718)        
2022-06-14T16:03:16.5474567Z remote: Compressing objects:  32% (550/1718)        
2022-06-14T16:03:16.5475277Z remote: Compressing objects:  33% (567/1718)        
2022-06-14T16:03:16.5475860Z remote: Compressing objects:  34% (585/1718)        
2022-06-14T16:03:16.5476504Z remote: Compressing objects:  35% (602/1718)        
2022-06-14T16:03:16.5477094Z remote: Compressing objects:  36% (619/1718)        
2022-06-14T16:03:16.5477756Z remote: Compressing objects:  37% (636/1718)        
2022-06-14T16:03:16.5478318Z remote: Compressing objects:  38% (653/1718)        
2022-06-14T16:03:16.5478885Z remote: Compressing objects:  39% (671/1718)        
2022-06-14T16:03:16.5479578Z remote: Compressing objects:  40% (688/1718)        
2022-06-14T16:03:16.5480160Z remote: Compressing objects:  41% (705/1718)        
2022-06-14T16:03:16.5480733Z remote: Compressing objects:  42% (722/1718)        
2022-06-14T16:03:16.5481450Z remote: Compressing objects:  43% (739/1718)        
2022-06-14T16:03:16.5482017Z remote: Compressing objects:  44% (756/1718)        
2022-06-14T16:03:16.5482590Z remote: Compressing objects:  45% (774/1718)        
2022-06-14T16:03:16.5483233Z remote: Compressing objects:  46% (791/1718)        
2022-06-14T16:03:16.5483904Z remote: Compressing objects:  47% (808/1718)        
2022-06-14T16:03:16.5484550Z remote: Compressing objects:  48% (825/1718)        
2022-06-14T16:03:16.5485276Z remote: Compressing objects:  49% (842/1718)        
2022-06-14T16:03:16.5486110Z remote: Compressing objects:  50% (859/1718)        
2022-06-14T16:03:16.5486467Z remote: Compressing objects:  51% (877/1718)        
2022-06-14T16:03:16.5487193Z remote: Compressing objects:  52% (894/1718)        
2022-06-14T16:03:16.5502937Z remote: Compressing objects:  53% (911/1718)        
2022-06-14T16:03:16.5537189Z remote: Compressing objects:  54% (928/1718)        
2022-06-14T16:03:16.5573374Z remote: Compressing objects:  55% (945/1718)        
2022-06-14T16:03:16.7509176Z remote: Compressing objects:  56% (963/1718)        
2022-06-14T16:03:16.7509923Z remote: Compressing objects:  57% (980/1718)        
2022-06-14T16:03:16.7520113Z remote: Compressing objects:  58% (997/1718)        
2022-06-14T16:03:16.7520576Z remote: Compressing objects:  59% (1014/1718)        
2022-06-14T16:03:16.7521485Z remote: Compressing objects:  60% (1031/1718)        
2022-06-14T16:03:16.7522005Z remote: Compressing objects:  61% (1048/1718)        
2022-06-14T16:03:16.7522507Z remote: Compressing objects:  62% (1066/1718)        
2022-06-14T16:03:16.7523032Z remote: Compressing objects:  63% (1083/1718)        
2022-06-14T16:03:16.7523526Z remote: Compressing objects:  64% (1100/1718)        
2022-06-14T16:03:16.7524023Z remote: Compressing objects:  65% (1117/1718)        
2022-06-14T16:03:16.7524516Z remote: Compressing objects:  66% (1134/1718)        
2022-06-14T16:03:16.7525056Z remote: Compressing objects:  67% (1152/1718)        
2022-06-14T16:03:16.7525579Z remote: Compressing objects:  68% (1169/1718)        
2022-06-14T16:03:16.7526080Z remote: Compressing objects:  69% (1186/1718)        
2022-06-14T16:03:16.7526569Z remote: Compressing objects:  70% (1203/1718)        
2022-06-14T16:03:16.7527060Z remote: Compressing objects:  71% (1220/1718)        
2022-06-14T16:03:16.7527547Z remote: Compressing objects:  72% (1237/1718)        
2022-06-14T16:03:16.7528211Z remote: Compressing objects:  73% (1255/1718)        
2022-06-14T16:03:16.7528832Z remote: Compressing objects:  74% (1272/1718)        
2022-06-14T16:03:16.7529509Z remote: Compressing objects:  75% (1289/1718)        
2022-06-14T16:03:16.7529989Z remote: Compressing objects:  76% (1306/1718)        
2022-06-14T16:03:16.7530480Z remote: Compressing objects:  77% (1323/1718)        
2022-06-14T16:03:16.7530967Z remote: Compressing objects:  78% (1341/1718)        
2022-06-14T16:03:16.7531771Z remote: Compressing objects:  79% (1358/1718)        
2022-06-14T16:03:16.7532108Z remote: Compressing objects:  80% (1375/1718)        
2022-06-14T16:03:16.7533940Z remote: Compressing objects:  81% (1392/1718)        
2022-06-14T16:03:16.7534406Z remote: Compressing objects:  82% (1409/1718)        
2022-06-14T16:03:16.7534892Z remote: Compressing objects:  83% (1426/1718)        
2022-06-14T16:03:16.7535383Z remote: Compressing objects:  84% (1444/1718)        
2022-06-14T16:03:16.7535874Z remote: Compressing objects:  85% (1461/1718)        
2022-06-14T16:03:16.7536359Z remote: Compressing objects:  86% (1478/1718)        
2022-06-14T16:03:16.7536839Z remote: Compressing objects:  87% (1495/1718)        
2022-06-14T16:03:16.7537331Z remote: Compressing objects:  88% (1512/1718)        
2022-06-14T16:03:16.7537815Z remote: Compressing objects:  89% (1530/1718)        
2022-06-14T16:03:16.7538296Z remote: Compressing objects:  90% (1547/1718)        
2022-06-14T16:03:16.7538766Z remote: Compressing objects:  91% (1564/1718)        
2022-06-14T16:03:16.7539252Z remote: Compressing objects:  92% (1581/1718)        
2022-06-14T16:03:16.7539733Z remote: Compressing objects:  93% (1598/1718)        
2022-06-14T16:03:16.7540223Z remote: Compressing objects:  94% (1615/1718)        
2022-06-14T16:03:16.7540699Z remote: Compressing objects:  95% (1633/1718)        
2022-06-14T16:03:16.7541185Z remote: Compressing objects:  96% (1650/1718)        
2022-06-14T16:03:16.7541671Z remote: Compressing objects:  97% (1667/1718)        
2022-06-14T16:03:16.7542156Z remote: Compressing objects:  98% (1684/1718)        
2022-06-14T16:03:16.7542633Z remote: Compressing objects:  99% (1701/1718)        
2022-06-14T16:03:16.7546115Z remote: Compressing objects: 100% (1718/1718)        
2022-06-14T16:03:16.7546626Z remote: Compressing objects: 100% (1718/1718), done.        
2022-06-14T16:03:16.7554467Z Receiving objects:   0% (1/2191)
2022-06-14T16:03:16.7668050Z Receiving objects:   1% (22/2191)
2022-06-14T16:03:17.0066362Z Receiving objects:   2% (44/2191)
2022-06-14T16:03:17.0075582Z Receiving objects:   3% (66/2191)
2022-06-14T16:03:17.0352600Z Receiving objects:   4% (88/2191)
2022-06-14T16:03:17.0429160Z Receiving objects:   5% (110/2191)
2022-06-14T16:03:17.0467313Z Receiving objects:   6% (132/2191)
2022-06-14T16:03:17.0477337Z Receiving objects:   7% (154/2191)
2022-06-14T16:03:17.0482613Z Receiving objects:   8% (176/2191)
2022-06-14T16:03:17.0516453Z Receiving objects:   9% (198/2191)
2022-06-14T16:03:17.0574146Z Receiving objects:  10% (220/2191)
2022-06-14T16:03:17.0582504Z Receiving objects:  11% (242/2191)
2022-06-14T16:03:17.0617881Z Receiving objects:  12% (263/2191)
2022-06-14T16:03:17.0625604Z Receiving objects:  13% (285/2191)
2022-06-14T16:03:17.0641252Z Receiving objects:  14% (307/2191)
2022-06-14T16:03:17.0648778Z Receiving objects:  15% (329/2191)
2022-06-14T16:03:17.0659114Z Receiving objects:  16% (351/2191)
2022-06-14T16:03:17.0708426Z Receiving objects:  17% (373/2191)
2022-06-14T16:03:17.0719919Z Receiving objects:  18% (395/2191)
2022-06-14T16:03:17.0728926Z Receiving objects:  19% (417/2191)
2022-06-14T16:03:17.0735661Z Receiving objects:  20% (439/2191)
2022-06-14T16:03:17.1589613Z Receiving objects:  21% (461/2191)
2022-06-14T16:03:17.5241408Z Receiving objects:  22% (483/2191)
2022-06-14T16:03:17.7525984Z Receiving objects:  23% (504/2191), 3.68 MiB | 7.36 MiB/s
2022-06-14T16:03:17.7640064Z Receiving objects:  23% (511/2191), 20.72 MiB | 20.72 MiB/s
2022-06-14T16:03:17.7646442Z Receiving objects:  24% (526/2191), 20.72 MiB | 20.72 MiB/s
2022-06-14T16:03:17.7656011Z Receiving objects:  25% (548/2191), 20.72 MiB | 20.72 MiB/s
2022-06-14T16:03:17.7667158Z Receiving objects:  26% (570/2191), 20.72 MiB | 20.72 MiB/s
2022-06-14T16:03:17.7675750Z Receiving objects:  27% (592/2191), 20.72 MiB | 20.72 MiB/s
2022-06-14T16:03:17.7686115Z Receiving objects:  28% (614/2191), 20.72 MiB | 20.72 MiB/s
2022-06-14T16:03:17.7695615Z Receiving objects:  29% (636/2191), 20.72 MiB | 20.72 MiB/s
2022-06-14T16:03:17.7701096Z Receiving objects:  30% (658/2191), 20.72 MiB | 20.72 MiB/s
2022-06-14T16:03:17.7707100Z Receiving objects:  31% (680/2191), 20.72 MiB | 20.72 MiB/s
2022-06-14T16:03:17.7712322Z Receiving objects:  32% (702/2191), 20.72 MiB | 20.72 MiB/s
2022-06-14T16:03:17.7723817Z Receiving objects:  33% (724/2191), 20.72 MiB | 20.72 MiB/s
2022-06-14T16:03:17.7738386Z Receiving objects:  34% (745/2191), 20.72 MiB | 20.72 MiB/s
2022-06-14T16:03:17.7757675Z Receiving objects:  35% (767/2191), 20.72 MiB | 20.72 MiB/s
2022-06-14T16:03:17.7772241Z Receiving objects:  36% (789/2191), 20.72 MiB | 20.72 MiB/s
2022-06-14T16:03:17.7780361Z Receiving objects:  37% (811/2191), 20.72 MiB | 20.72 MiB/s
2022-06-14T16:03:17.7787914Z Receiving objects:  38% (833/2191), 20.72 MiB | 20.72 MiB/s
2022-06-14T16:03:17.7801631Z Receiving objects:  39% (855/2191), 20.72 MiB | 20.72 MiB/s
2022-06-14T16:03:17.7816397Z Receiving objects:  40% (877/2191), 20.72 MiB | 20.72 MiB/s
2022-06-14T16:03:17.7826036Z Receiving objects:  41% (899/2191), 20.72 MiB | 20.72 MiB/s
2022-06-14T16:03:17.7837569Z Receiving objects:  42% (921/2191), 20.72 MiB | 20.72 MiB/s
2022-06-14T16:03:17.7848306Z Receiving objects:  43% (943/2191), 20.72 MiB | 20.72 MiB/s
2022-06-14T16:03:17.7856944Z Receiving objects:  44% (965/2191), 20.72 MiB | 20.72 MiB/s
2022-06-14T16:03:17.7865097Z Receiving objects:  45% (986/2191), 20.72 MiB | 20.72 MiB/s
2022-06-14T16:03:17.7873907Z Receiving objects:  46% (1008/2191), 20.72 MiB | 20.72 MiB/s
2022-06-14T16:03:17.7886687Z Receiving objects:  47% (1030/2191), 20.72 MiB | 20.72 MiB/s
2022-06-14T16:03:17.7891767Z Receiving objects:  48% (1052/2191), 20.72 MiB | 20.72 MiB/s
2022-06-14T16:03:17.7897604Z Receiving objects:  49% (1074/2191), 20.72 MiB | 20.72 MiB/s
2022-06-14T16:03:17.7902186Z Receiving objects:  50% (1096/2191), 20.72 MiB | 20.72 MiB/s
2022-06-14T16:03:17.7917374Z Receiving objects:  51% (1118/2191), 20.72 MiB | 20.72 MiB/s
2022-06-14T16:03:17.7926385Z Receiving objects:  52% (1140/2191), 20.72 MiB | 20.72 MiB/s
2022-06-14T16:03:17.7937622Z Receiving objects:  53% (1162/2191), 20.72 MiB | 20.72 MiB/s
2022-06-14T16:03:17.7952875Z Receiving objects:  54% (1184/2191), 20.72 MiB | 20.72 MiB/s
2022-06-14T16:03:17.7963798Z Receiving objects:  55% (1206/2191), 20.72 MiB | 20.72 MiB/s
2022-06-14T16:03:17.7975695Z Receiving objects:  56% (1227/2191), 20.72 MiB | 20.72 MiB/s
2022-06-14T16:03:17.7984470Z Receiving objects:  57% (1249/2191), 20.72 MiB | 20.72 MiB/s
2022-06-14T16:03:17.7993488Z Receiving objects:  58% (1271/2191), 20.72 MiB | 20.72 MiB/s
2022-06-14T16:03:17.8002041Z Receiving objects:  59% (1293/2191), 20.72 MiB | 20.72 MiB/s
2022-06-14T16:03:17.8014906Z Receiving objects:  60% (1315/2191), 20.72 MiB | 20.72 MiB/s
2022-06-14T16:03:17.8024639Z Receiving objects:  61% (1337/2191), 20.72 MiB | 20.72 MiB/s
2022-06-14T16:03:17.8033702Z Receiving objects:  62% (1359/2191), 20.72 MiB | 20.72 MiB/s
2022-06-14T16:03:17.8046179Z Receiving objects:  63% (1381/2191), 20.72 MiB | 20.72 MiB/s
2022-06-14T16:03:17.8052699Z Receiving objects:  64% (1403/2191), 20.72 MiB | 20.72 MiB/s
2022-06-14T16:03:17.8061227Z Receiving objects:  65% (1425/2191), 20.72 MiB | 20.72 MiB/s
2022-06-14T16:03:17.8068557Z Receiving objects:  66% (1447/2191), 20.72 MiB | 20.72 MiB/s
2022-06-14T16:03:17.8077438Z Receiving objects:  67% (1468/2191), 20.72 MiB | 20.72 MiB/s
2022-06-14T16:03:17.8086650Z Receiving objects:  68% (1490/2191), 20.72 MiB | 20.72 MiB/s
2022-06-14T16:03:17.8094199Z Receiving objects:  69% (1512/2191), 20.72 MiB | 20.72 MiB/s
2022-06-14T16:03:17.8103903Z Receiving objects:  70% (1534/2191), 20.72 MiB | 20.72 MiB/s
2022-06-14T16:03:17.8114195Z Receiving objects:  71% (1556/2191), 20.72 MiB | 20.72 MiB/s
2022-06-14T16:03:17.8124755Z Receiving objects:  72% (1578/2191), 20.72 MiB | 20.72 MiB/s
2022-06-14T16:03:17.8134752Z Receiving objects:  73% (1600/2191), 20.72 MiB | 20.72 MiB/s
2022-06-14T16:03:17.8143983Z Receiving objects:  74% (1622/2191), 20.72 MiB | 20.72 MiB/s
2022-06-14T16:03:17.8153774Z Receiving objects:  75% (1644/2191), 20.72 MiB | 20.72 MiB/s
2022-06-14T16:03:17.8162181Z Receiving objects:  76% (1666/2191), 20.72 MiB | 20.72 MiB/s
2022-06-14T16:03:17.8172355Z Receiving objects:  77% (1688/2191), 20.72 MiB | 20.72 MiB/s
2022-06-14T16:03:17.8179458Z Receiving objects:  78% (1709/2191), 20.72 MiB | 20.72 MiB/s
2022-06-14T16:03:17.8184349Z Receiving objects:  79% (1731/2191), 20.72 MiB | 20.72 MiB/s
2022-06-14T16:03:17.8194282Z Receiving objects:  80% (1753/2191), 20.72 MiB | 20.72 MiB/s
2022-06-14T16:03:17.8201594Z Receiving objects:  81% (1775/2191), 20.72 MiB | 20.72 MiB/s
2022-06-14T16:03:17.8218916Z Receiving objects:  82% (1797/2191), 20.72 MiB | 20.72 MiB/s
2022-06-14T16:03:17.8226830Z Receiving objects:  83% (1819/2191), 20.72 MiB | 20.72 MiB/s
2022-06-14T16:03:17.8241276Z Receiving objects:  84% (1841/2191), 20.72 MiB | 20.72 MiB/s
2022-06-14T16:03:17.8249814Z Receiving objects:  85% (1863/2191), 20.72 MiB | 20.72 MiB/s
2022-06-14T16:03:17.8258738Z Receiving objects:  86% (1885/2191), 20.72 MiB | 20.72 MiB/s
2022-06-14T16:03:17.8263870Z Receiving objects:  87% (1907/2191), 20.72 MiB | 20.72 MiB/s
2022-06-14T16:03:17.8275667Z Receiving objects:  88% (1929/2191), 20.72 MiB | 20.72 MiB/s
2022-06-14T16:03:17.8289561Z Receiving objects:  89% (1950/2191), 20.72 MiB | 20.72 MiB/s
2022-06-14T16:03:17.8299620Z Receiving objects:  90% (1972/2191), 20.72 MiB | 20.72 MiB/s
2022-06-14T16:03:17.8306800Z Receiving objects:  91% (1994/2191), 20.72 MiB | 20.72 MiB/s
2022-06-14T16:03:17.8321460Z Receiving objects:  92% (2016/2191), 20.72 MiB | 20.72 MiB/s
2022-06-14T16:03:17.8326645Z Receiving objects:  93% (2038/2191), 20.72 MiB | 20.72 MiB/s
2022-06-14T16:03:17.8334922Z Receiving objects:  94% (2060/2191), 20.72 MiB | 20.72 MiB/s
2022-06-14T16:03:17.8339577Z Receiving objects:  95% (2082/2191), 20.72 MiB | 20.72 MiB/s
2022-06-14T16:03:17.8345603Z Receiving objects:  96% (2104/2191), 20.72 MiB | 20.72 MiB/s
2022-06-14T16:03:17.8404943Z remote: Total 2191 (delta 1010), reused 908 (delta 379), pack-reused 0        
2022-06-14T16:03:17.8405265Z Receiving objects:  97% (2126/2191), 20.72 MiB | 20.72 MiB/s
2022-06-14T16:03:17.8406253Z Receiving objects:  98% (2148/2191), 20.72 MiB | 20.72 MiB/s
2022-06-14T16:03:17.8406535Z Receiving objects:  99% (2170/2191), 20.72 MiB | 20.72 MiB/s
2022-06-14T16:03:17.8457683Z Receiving objects: 100% (2191/2191), 20.72 MiB | 20.72 MiB/s
2022-06-14T16:03:17.8458884Z Receiving objects: 100% (2191/2191), 23.01 MiB | 21.22 MiB/s, done.
2022-06-14T16:03:17.8460604Z Resolving deltas:   0% (0/1010)
2022-06-14T16:03:17.8461749Z Resolving deltas:   1% (11/1010)
2022-06-14T16:03:17.8463324Z Resolving deltas:   2% (21/1010)
2022-06-14T16:03:17.8464348Z Resolving deltas:   3% (31/1010)
2022-06-14T16:03:17.8465089Z Resolving deltas:   4% (41/1010)
2022-06-14T16:03:17.8466858Z Resolving deltas:   5% (51/1010)
2022-06-14T16:03:17.8468649Z Resolving deltas:   6% (61/1010)
2022-06-14T16:03:17.8470608Z Resolving deltas:   7% (71/1010)
2022-06-14T16:03:17.8473027Z Resolving deltas:   8% (81/1010)
2022-06-14T16:03:17.8475540Z Resolving deltas:   9% (91/1010)
2022-06-14T16:03:17.8477428Z Resolving deltas:  10% (101/1010)
2022-06-14T16:03:17.8479745Z Resolving deltas:  11% (112/1010)
2022-06-14T16:03:17.8481634Z Resolving deltas:  12% (122/1010)
2022-06-14T16:03:17.8483464Z Resolving deltas:  13% (132/1010)
2022-06-14T16:03:17.8485968Z Resolving deltas:  14% (142/1010)
2022-06-14T16:03:17.8487871Z Resolving deltas:  15% (152/1010)
2022-06-14T16:03:17.8489766Z Resolving deltas:  16% (162/1010)
2022-06-14T16:03:17.8492629Z Resolving deltas:  17% (172/1010)
2022-06-14T16:03:17.8494913Z Resolving deltas:  18% (182/1010)
2022-06-14T16:03:17.8497913Z Resolving deltas:  19% (192/1010)
2022-06-14T16:03:17.8499716Z Resolving deltas:  20% (202/1010)
2022-06-14T16:03:17.8501150Z Resolving deltas:  21% (213/1010)
2022-06-14T16:03:17.8502285Z Resolving deltas:  22% (223/1010)
2022-06-14T16:03:17.8503672Z Resolving deltas:  23% (233/1010)
2022-06-14T16:03:17.8514441Z Resolving deltas:  24% (243/1010)
2022-06-14T16:03:17.8514762Z Resolving deltas:  25% (253/1010)
2022-06-14T16:03:17.8516680Z Resolving deltas:  26% (263/1010)
2022-06-14T16:03:17.8519358Z Resolving deltas:  27% (273/1010)
2022-06-14T16:03:17.8523998Z Resolving deltas:  28% (283/1010)
2022-06-14T16:03:17.8529659Z Resolving deltas:  29% (293/1010)
2022-06-14T16:03:17.8534677Z Resolving deltas:  30% (303/1010)
2022-06-14T16:03:17.8539201Z Resolving deltas:  31% (314/1010)
2022-06-14T16:03:17.8542547Z Resolving deltas:  32% (324/1010)
2022-06-14T16:03:17.8545398Z Resolving deltas:  33% (334/1010)
2022-06-14T16:03:17.8549851Z Resolving deltas:  34% (344/1010)
2022-06-14T16:03:17.8552286Z Resolving deltas:  35% (354/1010)
2022-06-14T16:03:17.8557851Z Resolving deltas:  36% (364/1010)
2022-06-14T16:03:17.8563231Z Resolving deltas:  37% (374/1010)
2022-06-14T16:03:17.8565825Z Resolving deltas:  38% (384/1010)
2022-06-14T16:03:17.8568363Z Resolving deltas:  39% (394/1010)
2022-06-14T16:03:17.8575857Z Resolving deltas:  40% (404/1010)
2022-06-14T16:03:17.8582356Z Resolving deltas:  41% (415/1010)
2022-06-14T16:03:17.8584464Z Resolving deltas:  42% (425/1010)
2022-06-14T16:03:17.8586883Z Resolving deltas:  43% (435/1010)
2022-06-14T16:03:17.8591365Z Resolving deltas:  44% (445/1010)
2022-06-14T16:03:17.8597538Z Resolving deltas:  45% (455/1010)
2022-06-14T16:03:17.8601070Z Resolving deltas:  46% (465/1010)
2022-06-14T16:03:17.8606313Z Resolving deltas:  47% (475/1010)
2022-06-14T16:03:17.8609642Z Resolving deltas:  48% (485/1010)
2022-06-14T16:03:17.8616434Z Resolving deltas:  49% (495/1010)
2022-06-14T16:03:17.8618909Z Resolving deltas:  50% (505/1010)
2022-06-14T16:03:17.8624992Z Resolving deltas:  51% (516/1010)
2022-06-14T16:03:17.8687838Z Resolving deltas:  52% (526/1010)
2022-06-14T16:03:17.8688267Z Resolving deltas:  53% (536/1010)
2022-06-14T16:03:17.8688481Z Resolving deltas:  54% (546/1010)
2022-06-14T16:03:17.8688694Z Resolving deltas:  55% (556/1010)
2022-06-14T16:03:17.8688911Z Resolving deltas:  56% (566/1010)
2022-06-14T16:03:17.8689111Z Resolving deltas:  57% (576/1010)
2022-06-14T16:03:17.8689314Z Resolving deltas:  58% (586/1010)
2022-06-14T16:03:17.8689519Z Resolving deltas:  59% (596/1010)
2022-06-14T16:03:17.8698766Z Resolving deltas:  60% (606/1010)
2022-06-14T16:03:17.8704575Z Resolving deltas:  61% (617/1010)
2022-06-14T16:03:17.8710845Z Resolving deltas:  62% (627/1010)
2022-06-14T16:03:17.8717312Z Resolving deltas:  63% (637/1010)
2022-06-14T16:03:17.8723449Z Resolving deltas:  64% (647/1010)
2022-06-14T16:03:17.8728899Z Resolving deltas:  65% (657/1010)
2022-06-14T16:03:17.8737999Z Resolving deltas:  66% (667/1010)
2022-06-14T16:03:17.8751598Z Resolving deltas:  67% (677/1010)
2022-06-14T16:03:17.8754638Z Resolving deltas:  68% (687/1010)
2022-06-14T16:03:17.8760296Z Resolving deltas:  69% (697/1010)
2022-06-14T16:03:17.8767320Z Resolving deltas:  70% (707/1010)
2022-06-14T16:03:17.8773260Z Resolving deltas:  71% (718/1010)
2022-06-14T16:03:17.8778781Z Resolving deltas:  72% (728/1010)
2022-06-14T16:03:17.8784929Z Resolving deltas:  73% (738/1010)
2022-06-14T16:03:17.8791728Z Resolving deltas:  74% (748/1010)
2022-06-14T16:03:17.8797341Z Resolving deltas:  75% (758/1010)
2022-06-14T16:03:17.8805757Z Resolving deltas:  76% (768/1010)
2022-06-14T16:03:17.8810400Z Resolving deltas:  77% (778/1010)
2022-06-14T16:03:17.8814877Z Resolving deltas:  78% (788/1010)
2022-06-14T16:03:17.8821510Z Resolving deltas:  79% (798/1010)
2022-06-14T16:03:17.8828867Z Resolving deltas:  80% (808/1010)
2022-06-14T16:03:17.8829112Z Resolving deltas:  81% (819/1010)
2022-06-14T16:03:17.8835501Z Resolving deltas:  82% (829/1010)
2022-06-14T16:03:17.8840604Z Resolving deltas:  83% (839/1010)
2022-06-14T16:03:17.8846459Z Resolving deltas:  84% (849/1010)
2022-06-14T16:03:17.8851326Z Resolving deltas:  85% (859/1010)
2022-06-14T16:03:17.8858625Z Resolving deltas:  86% (869/1010)
2022-06-14T16:03:17.8863715Z Resolving deltas:  87% (879/1010)
2022-06-14T16:03:17.8868575Z Resolving deltas:  88% (889/1010)
2022-06-14T16:03:17.8873298Z Resolving deltas:  89% (899/1010)
2022-06-14T16:03:17.8880427Z Resolving deltas:  90% (909/1010)
2022-06-14T16:03:17.8888085Z Resolving deltas:  91% (920/1010)
2022-06-14T16:03:17.8893288Z Resolving deltas:  92% (930/1010)
2022-06-14T16:03:17.8897916Z Resolving deltas:  93% (940/1010)
2022-06-14T16:03:17.8904196Z Resolving deltas:  94% (950/1010)
2022-06-14T16:03:17.8912642Z Resolving deltas:  95% (960/1010)
2022-06-14T16:03:17.8918217Z Resolving deltas:  96% (970/1010)
2022-06-14T16:03:17.8926455Z Resolving deltas:  97% (980/1010)
2022-06-14T16:03:17.8933282Z Resolving deltas:  98% (990/1010)
2022-06-14T16:03:17.8938585Z Resolving deltas:  99% (1000/1010)
2022-06-14T16:03:17.8947545Z Resolving deltas: 100% (1010/1010)
2022-06-14T16:03:17.8947990Z Resolving deltas: 100% (1010/1010), done.
2022-06-14T16:03:17.9278931Z From https://github.com/exedio/persistence
2022-06-14T16:03:17.9279800Z  * [new ref]         68931350487d11510090b267b341bd420c7e7ff9 -> origin/master
2022-06-14T16:03:17.9301197Z ##[endgroup]
2022-06-14T16:03:17.9301815Z ##[group]Determining the checkout info
2022-06-14T16:03:17.9303117Z ##[endgroup]
2022-06-14T16:03:17.9303551Z ##[group]Checking out the ref
2022-06-14T16:03:17.9307825Z [command]/usr/bin/git checkout --progress --force -B master refs/remotes/origin/master
2022-06-14T16:03:18.1392730Z Reset branch 'master'
2022-06-14T16:03:18.1396604Z branch 'master' set up to track 'origin/master'.
2022-06-14T16:03:18.1398869Z ##[endgroup]
2022-06-14T16:03:18.1441307Z [command]/usr/bin/git log -1 --format='%H'
2022-06-14T16:03:18.1467305Z '68931350487d11510090b267b341bd420c7e7ff9'
2022-06-14T16:03:18.1768760Z ##[group]Run actions/setup-java@v2
2022-06-14T16:03:18.1768979Z with:
2022-06-14T16:03:18.1769152Z   java-version: 8
2022-06-14T16:03:18.1769353Z   distribution: adopt
2022-06-14T16:03:18.1769564Z   java-package: jdk
2022-06-14T16:03:18.1769746Z   architecture: x64
2022-06-14T16:03:18.1769940Z   check-latest: false
2022-06-14T16:03:18.1770129Z   server-id: github
2022-06-14T16:03:18.1770336Z   server-username: GITHUB_ACTOR
2022-06-14T16:03:18.1770570Z   server-password: GITHUB_TOKEN
2022-06-14T16:03:18.1770794Z   overwrite-settings: true
2022-06-14T16:03:18.1771003Z   job-status: success
2022-06-14T16:03:18.1771177Z ##[endgroup]
2022-06-14T16:03:18.3649387Z Resolved Java 8.0.292+1 from tool-cache
2022-06-14T16:03:18.3651503Z Setting Java 8.0.292+1 as the default
2022-06-14T16:03:18.3670512Z 
2022-06-14T16:03:18.3670789Z Java configuration:
2022-06-14T16:03:18.3671574Z   Distribution: adopt
2022-06-14T16:03:18.3671928Z   Version: 8.0.292+1
2022-06-14T16:03:18.3672866Z   Path: /opt/hostedtoolcache/Java_Adopt_jdk/8.0.292-1/x64
2022-06-14T16:03:18.3673199Z 
2022-06-14T16:03:18.3694336Z Creating settings.xml with server-id: github
2022-06-14T16:03:18.3766635Z Writing to /home/runner/.m2/settings.xml
2022-06-14T16:03:18.3910524Z ##[group]Run ant/bin/ant -noinput -Dtest-VaultFileServicePosixGroupsDisabled=true clean jenkins
2022-06-14T16:03:18.3911059Z [36;1mant/bin/ant -noinput -Dtest-VaultFileServicePosixGroupsDisabled=true clean jenkins[0m
2022-06-14T16:03:18.3970167Z shell: /usr/bin/bash -e {0}
2022-06-14T16:03:18.3970378Z env:
2022-06-14T16:03:18.3970636Z   JAVA_HOME: /opt/hostedtoolcache/Java_Adopt_jdk/8.0.292-1/x64
2022-06-14T16:03:18.3970891Z ##[endgroup]
2022-06-14T16:03:19.1616006Z Buildfile: /home/runner/work/persistence/persistence/build.xml
2022-06-14T16:03:19.5349324Z [which ant] Apache Ant(TM) version 1.10.7 compiled on October 24 2019
2022-06-14T16:03:19.5351942Z [which java] OpenJDK 64-Bit Server VM 1.8.0_292
2022-06-14T16:03:19.5358298Z [which java] JDK ==1.8
2022-06-14T16:03:19.6345697Z 
2022-06-14T16:03:19.6372002Z dsmf.clean:
2022-06-14T16:03:19.6380871Z 
2022-06-14T16:03:19.6381162Z runtime.clean:
2022-06-14T16:03:19.6425910Z 
2022-06-14T16:03:19.6426658Z instrument.clean:
2022-06-14T16:03:19.6429956Z 
2022-06-14T16:03:19.6430486Z clean:
2022-06-14T16:03:19.6439131Z 
2022-06-14T16:03:19.6439362Z dsmf.compile:
2022-06-14T16:03:19.6479172Z     [mkdir] Created dir: /home/runner/work/persistence/persistence/build/classes/dsmf/src
2022-06-14T16:03:19.6828983Z     [javac] Compiling 17 source files to /home/runner/work/persistence/persistence/build/classes/dsmf/src
2022-06-14T16:03:20.7360078Z 
2022-06-14T16:03:20.7378390Z instrument.anno.compile:
2022-06-14T16:03:20.7385443Z     [mkdir] Created dir: /home/runner/work/persistence/persistence/build/classes/instrument/annosrc
2022-06-14T16:03:20.7503158Z     [javac] Compiling 28 source files to /home/runner/work/persistence/persistence/build/classes/instrument/annosrc
2022-06-14T16:03:20.8769052Z 
2022-06-14T16:03:20.8793956Z runtime.core.compile:
2022-06-14T16:03:20.8801020Z     [mkdir] Created dir: /home/runner/work/persistence/persistence/build/classes/runtime/src
2022-06-14T16:03:20.9339472Z     [javac] Compiling 286 source files to /home/runner/work/persistence/persistence/build/classes/runtime/src
2022-06-14T16:03:21.3009802Z     [javac] /home/runner/work/persistence/persistence/lib/exedio-cope-util.jar(com/exedio/cope/util/Pool.class): warning: Cannot find annotation method 'value()' in type 'SuppressFBWarnings': class file for edu.umd.cs.findbugs.annotations.SuppressFBWarnings not found
2022-06-14T16:03:21.3144537Z     [javac] /home/runner/work/persistence/persistence/lib/exedio-cope-util.jar(com/exedio/cope/util/Hex.class): warning: Cannot find annotation method 'value()' in type 'SuppressFBWarnings'
2022-06-14T16:03:23.0254686Z     [javac] 2 warnings
2022-06-14T16:03:23.0345456Z 
2022-06-14T16:03:23.0346077Z runtime.pattern.compile:
2022-06-14T16:03:23.0353719Z     [mkdir] Created dir: /home/runner/work/persistence/persistence/build/classes/runtime/patternsrc
2022-06-14T16:03:23.0603732Z     [javac] Compiling 126 source files to /home/runner/work/persistence/persistence/build/classes/runtime/patternsrc
2022-06-14T16:03:23.2171690Z     [javac] /home/runner/work/persistence/persistence/lib/exedio-cope-util.jar(com/exedio/cope/util/Hex.class): warning: Cannot find annotation method 'value()' in type 'SuppressFBWarnings': class file for edu.umd.cs.findbugs.annotations.SuppressFBWarnings not found
2022-06-14T16:03:23.7925773Z     [javac] 1 warning
2022-06-14T16:03:23.7951409Z 
2022-06-14T16:03:23.7951931Z runtime.servlet.compile:
2022-06-14T16:03:23.7958055Z     [mkdir] Created dir: /home/runner/work/persistence/persistence/build/classes/runtime/servletsrc
2022-06-14T16:03:23.8003889Z     [javac] Compiling 63 source files to /home/runner/work/persistence/persistence/build/classes/runtime/servletsrc
2022-06-14T16:03:23.8938789Z     [javac] /home/runner/work/persistence/persistence/lib/exedio-cope-util.jar(com/exedio/cope/util/Hex.class): warning: Cannot find annotation method 'value()' in type 'SuppressFBWarnings': class file for edu.umd.cs.findbugs.annotations.SuppressFBWarnings not found
2022-06-14T16:03:23.8973986Z     [javac] /home/runner/work/persistence/persistence/lib/exedio-cope-util.jar(com/exedio/cope/util/Pool.class): warning: Cannot find annotation method 'value()' in type 'SuppressFBWarnings'
2022-06-14T16:03:24.1292677Z     [javac] 2 warnings
2022-06-14T16:03:24.1317084Z 
2022-06-14T16:03:24.1318568Z runtime.compile:
2022-06-14T16:03:24.1321283Z 
2022-06-14T16:03:24.1321526Z instrument.core.compile:
2022-06-14T16:03:24.1336145Z [JAVA_HOME] /opt/hostedtoolcache/Java_Adopt_jdk/8.0.292-1/x64
2022-06-14T16:03:24.1336564Z     [mkdir] Created dir: /home/runner/work/persistence/persistence/build/classes/instrument/src
2022-06-14T16:03:24.1372596Z     [javac] Compiling 45 source files to /home/runner/work/persistence/persistence/build/classes/instrument/src
2022-06-14T16:03:24.4757336Z 
2022-06-14T16:03:24.4757823Z instrument.ant.compile:
2022-06-14T16:03:24.4777039Z     [mkdir] Created dir: /home/runner/work/persistence/persistence/build/classes/instrument/antsrc
2022-06-14T16:03:24.4777545Z     [javac] Compiling 1 source file to /home/runner/work/persistence/persistence/build/classes/instrument/antsrc
2022-06-14T16:03:24.5090954Z      [copy] Copying 1 file to /home/runner/work/persistence/persistence/build/classes/instrument/antsrc
2022-06-14T16:03:24.5124487Z 
2022-06-14T16:03:24.5124687Z instrument.completion.compile:
2022-06-14T16:03:24.5146984Z     [mkdir] Created dir: /home/runner/work/persistence/persistence/build/classes/instrument/completionsrc
2022-06-14T16:03:24.5170963Z     [javac] Compiling 1 source file to /home/runner/work/persistence/persistence/build/classes/instrument/completionsrc
2022-06-14T16:03:24.5426812Z      [copy] Copying 1 file to /home/runner/work/persistence/persistence/build/classes/instrument/completionsrc
2022-06-14T16:03:24.5435292Z 
2022-06-14T16:03:24.5435425Z instrument.compile:
2022-06-14T16:03:24.5439078Z 
2022-06-14T16:03:24.5439203Z instrument.taskdef:
2022-06-14T16:03:24.5511868Z     [mkdir] Created dir: /home/runner/work/persistence/persistence/build/timestamps
2022-06-14T16:03:24.5514859Z 
2022-06-14T16:03:24.5520267Z runtime.servlet.test.instrument:
2022-06-14T16:03:24.5756532Z [instrument] Instrumenting in JavacTool mode (1.8.0_292).
2022-06-14T16:03:24.9454710Z [instrument] SLF4J: Failed to load class "org.slf4j.impl.StaticLoggerBinder".
2022-06-14T16:03:24.9458149Z [instrument] SLF4J: Defaulting to no-operation (NOP) logger implementation
2022-06-14T16:03:24.9461411Z [instrument] SLF4J: See http://www.slf4j.org/codes.html#StaticLoggerBinder for further details.
2022-06-14T16:03:25.3641404Z 
2022-06-14T16:03:25.3641777Z runtime.dialect.compile:
2022-06-14T16:03:25.3675211Z      [echo] Compiling dialect hsqldb with deliberately-does-notexist.jar.
2022-06-14T16:03:25.3683559Z     [mkdir] Created dir: /home/runner/work/persistence/persistence/build/classes/runtime/hsqldbsrc
2022-06-14T16:03:25.3714201Z     [javac] Compiling 3 source files to /home/runner/work/persistence/persistence/build/classes/runtime/hsqldbsrc
2022-06-14T16:03:25.3867498Z     [javac] /home/runner/work/persistence/persistence/lib/exedio-cope-util.jar(com/exedio/cope/util/Hex.class): warning: Cannot find annotation method 'value()' in type 'SuppressFBWarnings': class file for edu.umd.cs.findbugs.annotations.SuppressFBWarnings not found
2022-06-14T16:03:25.4053742Z     [javac] 1 warning
2022-06-14T16:03:25.4070502Z      [copy] Copying 1 file to /home/runner/work/persistence/persistence/build/classes/runtime/hsqldbsrc
2022-06-14T16:03:25.4093868Z      [copy] Copying 7 files to /home/runner/work/persistence/persistence/build/classes/runtime/dialects
2022-06-14T16:03:25.4114334Z      [copy] Copied 6 empty directories to 2 empty directories under /home/runner/work/persistence/persistence/build/classes/runtime/dialects
2022-06-14T16:03:25.4128429Z      [echo] Compiling dialect mysql with deliberately-does-notexist.jar.
2022-06-14T16:03:25.4135035Z     [mkdir] Created dir: /home/runner/work/persistence/persistence/build/classes/runtime/mysqlsrc
2022-06-14T16:03:25.4153952Z     [javac] Compiling 7 source files to /home/runner/work/persistence/persistence/build/classes/runtime/mysqlsrc
2022-06-14T16:03:25.4355976Z     [javac] /home/runner/work/persistence/persistence/lib/exedio-cope-util.jar(com/exedio/cope/util/Hex.class): warning: Cannot find annotation method 'value()' in type 'SuppressFBWarnings': class file for edu.umd.cs.findbugs.annotations.SuppressFBWarnings not found
2022-06-14T16:03:25.4754659Z     [javac] 1 warning
2022-06-14T16:03:25.4772545Z      [copy] Copying 1 file to /home/runner/work/persistence/persistence/build/classes/runtime/mysqlsrc
2022-06-14T16:03:25.4795427Z      [copy] Copying 7 files to /home/runner/work/persistence/persistence/build/classes/runtime/dialects
2022-06-14T16:03:25.4838488Z      [echo] Compiling dialect postgresql with deliberately-does-notexist.jar.
2022-06-14T16:03:25.4838933Z     [mkdir] Created dir: /home/runner/work/persistence/persistence/build/classes/runtime/postgresqlsrc
2022-06-14T16:03:25.4849376Z     [javac] Compiling 5 source files to /home/runner/work/persistence/persistence/build/classes/runtime/postgresqlsrc
2022-06-14T16:03:25.5034521Z     [javac] /home/runner/work/persistence/persistence/lib/exedio-cope-util.jar(com/exedio/cope/util/Hex.class): warning: Cannot find annotation method 'value()' in type 'SuppressFBWarnings': class file for edu.umd.cs.findbugs.annotations.SuppressFBWarnings not found
2022-06-14T16:03:25.5274594Z     [javac] 1 warning
2022-06-14T16:03:25.5282223Z      [copy] Copying 1 file to /home/runner/work/persistence/persistence/build/classes/runtime/postgresqlsrc
2022-06-14T16:03:25.5304984Z      [copy] Copying 6 files to /home/runner/work/persistence/persistence/build/classes/runtime/dialects
2022-06-14T16:03:25.5332542Z      [echo] Concatenating DialectUrlMapper for hsqldb.
2022-06-14T16:03:25.5408146Z      [echo] Concatenating DialectUrlMapper for mysql.
2022-06-14T16:03:25.5424344Z      [echo] Concatenating DialectUrlMapper for postgresql.
2022-06-14T16:03:25.5432139Z 
2022-06-14T16:03:25.5432325Z runtime.servlet.test.web:
2022-06-14T16:03:25.5461440Z     [mkdir] Created dir: /home/runner/work/persistence/persistence/build/classes/runtime/servlettestsrc
2022-06-14T16:03:25.5462002Z     [javac] Compiling 7 source files to /home/runner/work/persistence/persistence/build/classes/runtime/servlettestsrc
2022-06-14T16:03:25.5914725Z      [copy] Copying 8 files to /home/runner/work/persistence/persistence/build/classes/runtime/servlettestsrc
2022-06-14T16:03:25.6312451Z      [copy] Copying 776 files to /home/runner/work/persistence/persistence/runtime/servlettestweb/WEB-INF/classes
2022-06-14T16:03:25.7452337Z      [copy] Copying 1 file to /home/runner/work/persistence/persistence/runtime/servlettestweb/WEB-INF/classes
2022-06-14T16:03:25.7477005Z      [copy] Copying 11 files to /home/runner/work/persistence/persistence/runtime/servlettestweb/WEB-INF/lib
2022-06-14T16:03:25.7521069Z 
2022-06-14T16:03:25.7521277Z runtime.test.feature.compile:
2022-06-14T16:03:25.7568791Z     [mkdir] Created dir: /home/runner/work/persistence/persistence/build/classes/runtime/testfeaturesrc
2022-06-14T16:03:25.7569600Z     [javac] Compiling 14 source files to /home/runner/work/persistence/persistence/build/classes/runtime/testfeaturesrc
2022-06-14T16:03:25.8030542Z 
2022-06-14T16:03:25.8030865Z runtime.test.instrument:
2022-06-14T16:03:25.8238854Z [instrument] Instrumenting in JavacTool mode (1.8.0_292).
2022-06-14T16:03:36.9059055Z 
2022-06-14T16:03:36.9059599Z runtime.test.compile:
2022-06-14T16:03:36.9069567Z     [mkdir] Created dir: /home/runner/work/persistence/persistence/build/classes/runtime/testsrc
2022-06-14T16:03:36.9479880Z     [javac] Compiling 1081 source files to /home/runner/work/persistence/persistence/build/classes/runtime/testsrc
2022-06-14T16:03:37.3697701Z     [javac] /home/runner/work/persistence/persistence/lib/exedio-cope-util.jar(com/exedio/cope/util/Hex.class): warning: Cannot find annotation method 'value()' in type 'SuppressFBWarnings': class file for edu.umd.cs.findbugs.annotations.SuppressFBWarnings not found
2022-06-14T16:03:37.3728603Z     [javac] /home/runner/work/persistence/persistence/lib/exedio-cope-util.jar(com/exedio/cope/util/Properties$Field.class): warning: Cannot find annotation method 'value()' in type 'SuppressFBWarnings'
2022-06-14T16:03:40.5161954Z     [javac] /home/runner/work/persistence/persistence/lib/exedio-cope-util.jar(com/exedio/cope/util/Pool.class): warning: Cannot find annotation method 'value()' in type 'SuppressFBWarnings'
2022-06-14T16:03:43.8261354Z     [javac] 3 warnings
2022-06-14T16:03:43.8355415Z      [copy] Copying 20 files to /home/runner/work/persistence/persistence/build/classes/runtime/testsrc
2022-06-14T16:03:43.8384938Z 
2022-06-14T16:03:43.8387561Z runtime.servlet.webtest.compile:
2022-06-14T16:03:43.8397229Z     [mkdir] Created dir: /home/runner/work/persistence/persistence/build/classes/runtime/servlettestwebsrc
2022-06-14T16:03:43.8409905Z     [javac] Compiling 1 source file to /home/runner/work/persistence/persistence/build/classes/runtime/servlettestwebsrc
2022-06-14T16:03:43.8886307Z 
2022-06-14T16:03:43.8889165Z instrument.testfeature.compile:
2022-06-14T16:03:43.8895246Z     [mkdir] Created dir: /home/runner/work/persistence/persistence/build/classes/instrument/testfeaturesrc
2022-06-14T16:03:43.8931690Z     [javac] Compiling 39 source files to /home/runner/work/persistence/persistence/build/classes/instrument/testfeaturesrc
2022-06-14T16:03:43.9371863Z 
2022-06-14T16:03:43.9374974Z instrument.test.libinstrument:
2022-06-14T16:03:43.9442075Z [instrument] Instrumenting in JavacTool mode (1.8.0_292).
2022-06-14T16:03:44.0247990Z 
2022-06-14T16:03:44.0250766Z instrument.test.libcompile:
2022-06-14T16:03:44.0257344Z     [mkdir] Created dir: /home/runner/work/persistence/persistence/build/classes/instrument/testlibsrc
2022-06-14T16:03:44.0273322Z     [javac] Compiling 7 source files to /home/runner/work/persistence/persistence/build/classes/instrument/testlibsrc
2022-06-14T16:03:44.0546742Z 
2022-06-14T16:03:44.0549429Z instrument.test.srcinstrument:
2022-06-14T16:03:44.0560155Z instrument parameter timestampFile is deprecated - no longer required
2022-06-14T16:03:44.0649968Z [instrument] Instrumenting in JavacTool mode (1.8.0_292).
2022-06-14T16:03:45.0029522Z 
2022-06-14T16:03:45.0032337Z instrument.test.compile:
2022-06-14T16:03:45.0039292Z     [mkdir] Created dir: /home/runner/work/persistence/persistence/build/classes/instrument/testsrc
2022-06-14T16:03:45.0103343Z     [javac] Compiling 107 source files to /home/runner/work/persistence/persistence/build/classes/instrument/testsrc
2022-06-14T16:03:45.2318493Z 
2022-06-14T16:03:45.2329009Z instrument.test.paramssrcinstrument:
2022-06-14T16:03:45.2389208Z [instrument] Instrumenting in JavacTool mode (1.8.0_292).
2022-06-14T16:03:45.2797725Z 
2022-06-14T16:03:45.2800419Z instrument.testparams.compile:
2022-06-14T16:03:45.2806181Z     [mkdir] Created dir: /home/runner/work/persistence/persistence/build/classes/instrument/testparamssrc
2022-06-14T16:03:45.2820806Z     [javac] Compiling 2 source files to /home/runner/work/persistence/persistence/build/classes/instrument/testparamssrc
2022-06-14T16:03:45.2966181Z 
2022-06-14T16:03:45.2968801Z compile:
2022-06-14T16:03:45.2971665Z 
2022-06-14T16:03:45.2974062Z runtime.test.readyToRun:
2022-06-14T16:03:45.2976607Z 
2022-06-14T16:03:45.2978924Z runtime.test.withoutEnv:
2022-06-14T16:03:45.2985725Z     [mkdir] Created dir: /home/runner/work/persistence/persistence/build/testresults
2022-06-14T16:03:45.2989489Z     [mkdir] Created dir: /home/runner/work/persistence/persistence/build/testtmpdir
2022-06-14T16:03:50.1593990Z     [junit] com.exedio.cope.JavaVersion ==1.8
2022-06-14T16:03:50.4617992Z     [junit] com.exedio.cope.ClusterNetworkTest 224.0.0.42 {A=14446, B=14447, C=14448}
2022-06-14T16:03:56.5663739Z     [junit] default TimeZone GMT Locale en_US
2022-06-14T16:03:56.7666828Z     [junit] com.exedio.cope.vault.VaultHttpServiceTest http://localhost/VaultHttpServiceDocumentRoot VaultHttpServiceDocumentRoot
2022-06-14T16:04:04.0151430Z     [junit] 
2022-06-14T16:04:04.0152014Z     [junit] Failures (38):
2022-06-14T16:04:04.0243374Z     [junit]   JUnit Jupiter:VaultHttpServiceDirectoryTest:putStreamInfo()
2022-06-14T16:04:04.0244243Z     [junit]     MethodSource [className = 'com.exedio.cope.vault.VaultHttpServiceDirectoryTest', methodName = 'putStreamInfo', methodParameterTypes = '']
2022-06-14T16:04:04.0244815Z     [junit]     => java.lang.RuntimeException: http://localhost/VaultHttpServiceDocumentRoot:bf6e26e9d483e1ecxx128
2022-06-14T16:04:04.0245279Z     [junit]        com.exedio.cope.vault.VaultHttpService.wrap(VaultHttpService.java:141)
2022-06-14T16:04:04.0245718Z     [junit]        com.exedio.cope.vault.VaultHttpService.get(VaultHttpService.java:94)
2022-06-14T16:04:04.0246200Z     [junit]        com.exedio.cope.vaulttest.VaultServiceTest.putStreamInfo(VaultServiceTest.java:231)
2022-06-14T16:04:04.0246651Z     [junit]        sun.reflect.NativeMethodAccessorImpl.invoke0(Native Method)
2022-06-14T16:04:04.0247093Z     [junit]        sun.reflect.NativeMethodAccessorImpl.invoke(NativeMethodAccessorImpl.java:62)
2022-06-14T16:04:04.0247716Z     [junit]        sun.reflect.DelegatingMethodAccessorImpl.invoke(DelegatingMethodAccessorImpl.java:43)
2022-06-14T16:04:04.0248132Z     [junit]        java.lang.reflect.Method.invoke(Method.java:498)
2022-06-14T16:04:04.0248571Z     [junit]        org.junit.platform.commons.util.ReflectionUtils.invokeMethod(ReflectionUtils.java:515)
2022-06-14T16:04:04.0249105Z     [junit]        org.junit.jupiter.engine.execution.ExecutableInvoker.invoke(ExecutableInvoker.java:115)
2022-06-14T16:04:04.0249715Z     [junit]        org.junit.jupiter.engine.descriptor.TestMethodTestDescriptor.lambda$invokeTestMethod$6(TestMethodTestDescriptor.java:171)
2022-06-14T16:04:04.0250130Z     [junit]        [...]
2022-06-14T16:04:04.0250427Z     [junit]   JUnit Jupiter:VaultHttpServiceDirectoryTest:foundGetBytes()
2022-06-14T16:04:04.0251070Z     [junit]     MethodSource [className = 'com.exedio.cope.vault.VaultHttpServiceDirectoryTest', methodName = 'foundGetBytes', methodParameterTypes = '']
2022-06-14T16:04:04.0252218Z     [junit]     => java.lang.RuntimeException: http://localhost/VaultHttpServiceDocumentRoot:bf6e26e9d483e1ecxx128
2022-06-14T16:04:04.0252673Z     [junit]        com.exedio.cope.vault.VaultHttpService.wrap(VaultHttpService.java:141)
2022-06-14T16:04:04.0253103Z     [junit]        com.exedio.cope.vault.VaultHttpService.get(VaultHttpService.java:94)
2022-06-14T16:04:04.0253582Z     [junit]        com.exedio.cope.vaulttest.VaultServiceTest.foundGetBytes(VaultServiceTest.java:186)
2022-06-14T16:04:04.0254026Z     [junit]        sun.reflect.NativeMethodAccessorImpl.invoke0(Native Method)
2022-06-14T16:04:04.0254464Z     [junit]        sun.reflect.NativeMethodAccessorImpl.invoke(NativeMethodAccessorImpl.java:62)
2022-06-14T16:04:04.0254953Z     [junit]        sun.reflect.DelegatingMethodAccessorImpl.invoke(DelegatingMethodAccessorImpl.java:43)
2022-06-14T16:04:04.0255378Z     [junit]        java.lang.reflect.Method.invoke(Method.java:498)
2022-06-14T16:04:04.0255815Z     [junit]        org.junit.platform.commons.util.ReflectionUtils.invokeMethod(ReflectionUtils.java:515)
2022-06-14T16:04:04.0256344Z     [junit]        org.junit.jupiter.engine.execution.ExecutableInvoker.invoke(ExecutableInvoker.java:115)
2022-06-14T16:04:04.0256936Z     [junit]        org.junit.jupiter.engine.descriptor.TestMethodTestDescriptor.lambda$invokeTestMethod$6(TestMethodTestDescriptor.java:171)
2022-06-14T16:04:04.0257350Z     [junit]        [...]
2022-06-14T16:04:04.0257644Z     [junit]   JUnit Jupiter:VaultHttpServiceDirectoryTest:notFoundGetLength()
2022-06-14T16:04:04.0258299Z     [junit]     MethodSource [className = 'com.exedio.cope.vault.VaultHttpServiceDirectoryTest', methodName = 'notFoundGetLength', methodParameterTypes = '']
2022-06-14T16:04:04.0258983Z     [junit]     => org.opentest4j.AssertionFailedError: Unexpected exception type thrown ==> expected: <com.exedio.cope.vault.VaultNotFoundException> but was: <java.lang.RuntimeException>
2022-06-14T16:04:04.0259557Z     [junit]        org.junit.jupiter.api.AssertThrows.assertThrows(AssertThrows.java:63)
2022-06-14T16:04:04.0260061Z     [junit]        org.junit.jupiter.api.AssertThrows.assertThrows(AssertThrows.java:36)
2022-06-14T16:04:04.0260491Z     [junit]        org.junit.jupiter.api.Assertions.assertThrows(Assertions.java:1179)
2022-06-14T16:04:04.0260964Z     [junit]        com.exedio.cope.vaulttest.VaultServiceTest.assertNotFound(VaultServiceTest.java:308)
2022-06-14T16:04:04.0261493Z     [junit]        com.exedio.cope.vaulttest.VaultServiceTest.notFoundGetLength(VaultServiceTest.java:161)
2022-06-14T16:04:04.0261955Z     [junit]        sun.reflect.NativeMethodAccessorImpl.invoke0(Native Method)
2022-06-14T16:04:04.0262392Z     [junit]        sun.reflect.NativeMethodAccessorImpl.invoke(NativeMethodAccessorImpl.java:62)
2022-06-14T16:04:04.0262882Z     [junit]        sun.reflect.DelegatingMethodAccessorImpl.invoke(DelegatingMethodAccessorImpl.java:43)
2022-06-14T16:04:04.0263300Z     [junit]        java.lang.reflect.Method.invoke(Method.java:498)
2022-06-14T16:04:04.0263737Z     [junit]        org.junit.platform.commons.util.ReflectionUtils.invokeMethod(ReflectionUtils.java:515)
2022-06-14T16:04:04.0265292Z     [junit]        [...]
2022-06-14T16:04:04.0265590Z     [junit]   JUnit Jupiter:VaultHttpServiceDirectoryTest:putStream()
2022-06-14T16:04:04.0266226Z     [junit]     MethodSource [className = 'com.exedio.cope.vault.VaultHttpServiceDirectoryTest', methodName = 'putStream', methodParameterTypes = '']
2022-06-14T16:04:04.0266779Z     [junit]     => java.lang.RuntimeException: http://localhost/VaultHttpServiceDocumentRoot:bf6e26e9d483e1ecxx128
2022-06-14T16:04:04.0267236Z     [junit]        com.exedio.cope.vault.VaultHttpService.wrap(VaultHttpService.java:141)
2022-06-14T16:04:04.0267659Z     [junit]        com.exedio.cope.vault.VaultHttpService.get(VaultHttpService.java:94)
2022-06-14T16:04:04.0268122Z     [junit]        com.exedio.cope.vaulttest.VaultServiceTest.putStream(VaultServiceTest.java:221)
2022-06-14T16:04:04.0268564Z     [junit]        sun.reflect.NativeMethodAccessorImpl.invoke0(Native Method)
2022-06-14T16:04:04.0269000Z     [junit]        sun.reflect.NativeMethodAccessorImpl.invoke(NativeMethodAccessorImpl.java:62)
2022-06-14T16:04:04.0269488Z     [junit]        sun.reflect.DelegatingMethodAccessorImpl.invoke(DelegatingMethodAccessorImpl.java:43)
2022-06-14T16:04:04.0269907Z     [junit]        java.lang.reflect.Method.invoke(Method.java:498)
2022-06-14T16:04:04.0270341Z     [junit]        org.junit.platform.commons.util.ReflectionUtils.invokeMethod(ReflectionUtils.java:515)
2022-06-14T16:04:04.0270864Z     [junit]        org.junit.jupiter.engine.execution.ExecutableInvoker.invoke(ExecutableInvoker.java:115)
2022-06-14T16:04:04.0271456Z     [junit]        org.junit.jupiter.engine.descriptor.TestMethodTestDescriptor.lambda$invokeTestMethod$6(TestMethodTestDescriptor.java:171)
2022-06-14T16:04:04.0271872Z     [junit]        [...]
2022-06-14T16:04:04.0272175Z     [junit]   JUnit Jupiter:VaultHttpServiceDirectoryTest:notFoundGetStream()
2022-06-14T16:04:04.0272816Z     [junit]     MethodSource [className = 'com.exedio.cope.vault.VaultHttpServiceDirectoryTest', methodName = 'notFoundGetStream', methodParameterTypes = '']
2022-06-14T16:04:04.0273497Z     [junit]     => org.opentest4j.AssertionFailedError: Unexpected exception type thrown ==> expected: <com.exedio.cope.vault.VaultNotFoundException> but was: <java.net.ConnectException>
2022-06-14T16:04:04.0274070Z     [junit]        org.junit.jupiter.api.AssertThrows.assertThrows(AssertThrows.java:63)
2022-06-14T16:04:04.0274506Z     [junit]        org.junit.jupiter.api.AssertThrows.assertThrows(AssertThrows.java:36)
2022-06-14T16:04:04.0274926Z     [junit]        org.junit.jupiter.api.Assertions.assertThrows(Assertions.java:1179)
2022-06-14T16:04:04.0275406Z     [junit]        com.exedio.cope.vaulttest.VaultServiceTest.assertNotFound(VaultServiceTest.java:308)
2022-06-14T16:04:04.0275934Z     [junit]        com.exedio.cope.vaulttest.VaultServiceTest.notFoundGetStream(VaultServiceTest.java:174)
2022-06-14T16:04:04.0276453Z     [junit]        sun.reflect.NativeMethodAccessorImpl.invoke0(Native Method)
2022-06-14T16:04:04.0276890Z     [junit]        sun.reflect.NativeMethodAccessorImpl.invoke(NativeMethodAccessorImpl.java:62)
2022-06-14T16:04:04.0277381Z     [junit]        sun.reflect.DelegatingMethodAccessorImpl.invoke(DelegatingMethodAccessorImpl.java:43)
2022-06-14T16:04:04.0277800Z     [junit]        java.lang.reflect.Method.invoke(Method.java:498)
2022-06-14T16:04:04.0278237Z     [junit]        org.junit.platform.commons.util.ReflectionUtils.invokeMethod(ReflectionUtils.java:515)
2022-06-14T16:04:04.0278574Z     [junit]        [...]
2022-06-14T16:04:04.0278863Z     [junit]   JUnit Jupiter:VaultHttpServiceDirectoryTest:foundGetLength()
2022-06-14T16:04:04.0279495Z     [junit]     MethodSource [className = 'com.exedio.cope.vault.VaultHttpServiceDirectoryTest', methodName = 'foundGetLength', methodParameterTypes = '']
2022-06-14T16:04:04.0280040Z     [junit]     => java.lang.RuntimeException: http://localhost/VaultHttpServiceDocumentRoot:bf6e26e9d483e1ecxx128
2022-06-14T16:04:04.0280544Z     [junit]        com.exedio.cope.vault.VaultHttpService.wrap(VaultHttpService.java:141)
2022-06-14T16:04:04.0280989Z     [junit]        com.exedio.cope.vault.VaultHttpService.getLength(VaultHttpService.java:65)
2022-06-14T16:04:04.0281485Z     [junit]        com.exedio.cope.vaulttest.VaultServiceTest.foundGetLength(VaultServiceTest.java:180)
2022-06-14T16:04:04.0281930Z     [junit]        sun.reflect.NativeMethodAccessorImpl.invoke0(Native Method)
2022-06-14T16:04:04.0282361Z     [junit]        sun.reflect.NativeMethodAccessorImpl.invoke(NativeMethodAccessorImpl.java:62)
2022-06-14T16:04:04.0282845Z     [junit]        sun.reflect.DelegatingMethodAccessorImpl.invoke(DelegatingMethodAccessorImpl.java:43)
2022-06-14T16:04:04.0283265Z     [junit]        java.lang.reflect.Method.invoke(Method.java:498)
2022-06-14T16:04:04.0283683Z     [junit]        org.junit.platform.commons.util.ReflectionUtils.invokeMethod(ReflectionUtils.java:515)
2022-06-14T16:04:04.0284207Z     [junit]        org.junit.jupiter.engine.execution.ExecutableInvoker.invoke(ExecutableInvoker.java:115)
2022-06-14T16:04:04.0284807Z     [junit]        org.junit.jupiter.engine.descriptor.TestMethodTestDescriptor.lambda$invokeTestMethod$6(TestMethodTestDescriptor.java:171)
2022-06-14T16:04:04.0285217Z     [junit]        [...]
2022-06-14T16:04:04.0285500Z     [junit]   JUnit Jupiter:VaultHttpServiceDirectoryTest:putMany()
2022-06-14T16:04:04.0286102Z     [junit]     MethodSource [className = 'com.exedio.cope.vault.VaultHttpServiceDirectoryTest', methodName = 'putMany', methodParameterTypes = '']
2022-06-14T16:04:04.0286638Z     [junit]     => java.lang.RuntimeException: http://localhost/VaultHttpServiceDocumentRoot:bf6e26e9d483e1ecxx128
2022-06-14T16:04:04.0287085Z     [junit]        com.exedio.cope.vault.VaultHttpService.wrap(VaultHttpService.java:141)
2022-06-14T16:04:04.0287519Z     [junit]        com.exedio.cope.vault.VaultHttpService.get(VaultHttpService.java:94)
2022-06-14T16:04:04.0287973Z     [junit]        com.exedio.cope.vaulttest.VaultServiceTest.putMany(VaultServiceTest.java:270)
2022-06-14T16:04:04.0288410Z     [junit]        sun.reflect.NativeMethodAccessorImpl.invoke0(Native Method)
2022-06-14T16:04:04.0288834Z     [junit]        sun.reflect.NativeMethodAccessorImpl.invoke(NativeMethodAccessorImpl.java:62)
2022-06-14T16:04:04.0289324Z     [junit]        sun.reflect.DelegatingMethodAccessorImpl.invoke(DelegatingMethodAccessorImpl.java:43)
2022-06-14T16:04:04.0289749Z     [junit]        java.lang.reflect.Method.invoke(Method.java:498)
2022-06-14T16:04:04.0290178Z     [junit]        org.junit.platform.commons.util.ReflectionUtils.invokeMethod(ReflectionUtils.java:515)
2022-06-14T16:04:04.0290702Z     [junit]        org.junit.jupiter.engine.execution.ExecutableInvoker.invoke(ExecutableInvoker.java:115)
2022-06-14T16:04:04.0291301Z     [junit]        org.junit.jupiter.engine.descriptor.TestMethodTestDescriptor.lambda$invokeTestMethod$6(TestMethodTestDescriptor.java:171)
2022-06-14T16:04:04.0291833Z     [junit]        [...]
2022-06-14T16:04:04.0292171Z     [junit]   JUnit Jupiter:VaultHttpServiceDirectoryTest:putPath()
2022-06-14T16:04:04.0292789Z     [junit]     MethodSource [className = 'com.exedio.cope.vault.VaultHttpServiceDirectoryTest', methodName = 'putPath', methodParameterTypes = '']
2022-06-14T16:04:04.0293330Z     [junit]     => java.lang.RuntimeException: http://localhost/VaultHttpServiceDocumentRoot:bf6e26e9d483e1ecxx128
2022-06-14T16:04:04.0293784Z     [junit]        com.exedio.cope.vault.VaultHttpService.wrap(VaultHttpService.java:141)
2022-06-14T16:04:04.0294210Z     [junit]        com.exedio.cope.vault.VaultHttpService.get(VaultHttpService.java:94)
2022-06-14T16:04:04.0294664Z     [junit]        com.exedio.cope.vaulttest.VaultServiceTest.putPath(VaultServiceTest.java:245)
2022-06-14T16:04:04.0295107Z     [junit]        sun.reflect.NativeMethodAccessorImpl.invoke0(Native Method)
2022-06-14T16:04:04.0295534Z     [junit]        sun.reflect.NativeMethodAccessorImpl.invoke(NativeMethodAccessorImpl.java:62)
2022-06-14T16:04:04.0296082Z     [junit]        sun.reflect.DelegatingMethodAccessorImpl.invoke(DelegatingMethodAccessorImpl.java:43)
2022-06-14T16:04:04.0296505Z     [junit]        java.lang.reflect.Method.invoke(Method.java:498)
2022-06-14T16:04:04.0296940Z     [junit]        org.junit.platform.commons.util.ReflectionUtils.invokeMethod(ReflectionUtils.java:515)
2022-06-14T16:04:04.0297456Z     [junit]        org.junit.jupiter.engine.execution.ExecutableInvoker.invoke(ExecutableInvoker.java:115)
2022-06-14T16:04:04.0298041Z     [junit]        org.junit.jupiter.engine.descriptor.TestMethodTestDescriptor.lambda$invokeTestMethod$6(TestMethodTestDescriptor.java:171)
2022-06-14T16:04:04.0298455Z     [junit]        [...]
2022-06-14T16:04:04.0298746Z     [junit]   JUnit Jupiter:VaultHttpServiceDirectoryTest:foundGetStream()
2022-06-14T16:04:04.0299373Z     [junit]     MethodSource [className = 'com.exedio.cope.vault.VaultHttpServiceDirectoryTest', methodName = 'foundGetStream', methodParameterTypes = '']
2022-06-14T16:04:04.0299876Z     [junit]     => java.net.ConnectException: Connection refused (Connection refused)
2022-06-14T16:04:04.0300249Z     [junit]        java.net.PlainSocketImpl.socketConnect(Native Method)
2022-06-14T16:04:04.0300665Z     [junit]        java.net.AbstractPlainSocketImpl.doConnect(AbstractPlainSocketImpl.java:350)
2022-06-14T16:04:04.0301154Z     [junit]        java.net.AbstractPlainSocketImpl.connectToAddress(AbstractPlainSocketImpl.java:206)
2022-06-14T16:04:04.0301631Z     [junit]        java.net.AbstractPlainSocketImpl.connect(AbstractPlainSocketImpl.java:188)
2022-06-14T16:04:04.0302043Z     [junit]        java.net.SocksSocketImpl.connect(SocksSocketImpl.java:392)
2022-06-14T16:04:04.0302376Z     [junit]        java.net.Socket.connect(Socket.java:607)
2022-06-14T16:04:04.0302709Z     [junit]        sun.net.NetworkClient.doConnect(NetworkClient.java:175)
2022-06-14T16:04:04.0303087Z     [junit]        sun.net.www.http.HttpClient.openServer(HttpClient.java:463)
2022-06-14T16:04:04.0303464Z     [junit]        sun.net.www.http.HttpClient.openServer(HttpClient.java:558)
2022-06-14T16:04:04.0303843Z     [junit]        sun.net.www.http.HttpClient.<init>(HttpClient.java:242)
2022-06-14T16:04:04.0304110Z     [junit]        [...]
2022-06-14T16:04:04.0304401Z     [junit]   JUnit Jupiter:VaultHttpServiceDirectoryTest:putBytesInfo()
2022-06-14T16:04:04.0305028Z     [junit]     MethodSource [className = 'com.exedio.cope.vault.VaultHttpServiceDirectoryTest', methodName = 'putBytesInfo', methodParameterTypes = '']
2022-06-14T16:04:04.0305576Z     [junit]     => java.lang.RuntimeException: http://localhost/VaultHttpServiceDocumentRoot:bf6e26e9d483e1ecxx128
2022-06-14T16:04:04.0306030Z     [junit]        com.exedio.cope.vault.VaultHttpService.wrap(VaultHttpService.java:141)
2022-06-14T16:04:04.0306464Z     [junit]        com.exedio.cope.vault.VaultHttpService.get(VaultHttpService.java:94)
2022-06-14T16:04:04.0306926Z     [junit]        com.exedio.cope.vaulttest.VaultServiceTest.putBytesInfo(VaultServiceTest.java:211)
2022-06-14T16:04:04.0307426Z     [junit]        sun.reflect.NativeMethodAccessorImpl.invoke0(Native Method)
2022-06-14T16:04:04.0307869Z     [junit]        sun.reflect.NativeMethodAccessorImpl.invoke(NativeMethodAccessorImpl.java:62)
2022-06-14T16:04:04.0308356Z     [junit]        sun.reflect.DelegatingMethodAccessorImpl.invoke(DelegatingMethodAccessorImpl.java:43)
2022-06-14T16:04:04.0308775Z     [junit]        java.lang.reflect.Method.invoke(Method.java:498)
2022-06-14T16:04:04.0309211Z     [junit]        org.junit.platform.commons.util.ReflectionUtils.invokeMethod(ReflectionUtils.java:515)
2022-06-14T16:04:04.0309734Z     [junit]        org.junit.jupiter.engine.execution.ExecutableInvoker.invoke(ExecutableInvoker.java:115)
2022-06-14T16:04:04.0310319Z     [junit]        org.junit.jupiter.engine.descriptor.TestMethodTestDescriptor.lambda$invokeTestMethod$6(TestMethodTestDescriptor.java:171)
2022-06-14T16:04:04.0310734Z     [junit]        [...]
2022-06-14T16:04:04.0311034Z     [junit]   JUnit Jupiter:VaultHttpServiceDirectoryTest:notFoundGetBytes()
2022-06-14T16:04:04.0311724Z     [junit]     MethodSource [className = 'com.exedio.cope.vault.VaultHttpServiceDirectoryTest', methodName = 'notFoundGetBytes', methodParameterTypes = '']
2022-06-14T16:04:04.0312393Z     [junit]     => org.opentest4j.AssertionFailedError: Unexpected exception type thrown ==> expected: <com.exedio.cope.vault.VaultNotFoundException> but was: <java.lang.RuntimeException>
2022-06-14T16:04:04.0312963Z     [junit]        org.junit.jupiter.api.AssertThrows.assertThrows(AssertThrows.java:63)
2022-06-14T16:04:04.0313403Z     [junit]        org.junit.jupiter.api.AssertThrows.assertThrows(AssertThrows.java:36)
2022-06-14T16:04:04.0313829Z     [junit]        org.junit.jupiter.api.Assertions.assertThrows(Assertions.java:1179)
2022-06-14T16:04:04.0314293Z     [junit]        com.exedio.cope.vaulttest.VaultServiceTest.assertNotFound(VaultServiceTest.java:308)
2022-06-14T16:04:04.0314995Z     [junit]        com.exedio.cope.vaulttest.VaultServiceTest.notFoundGetBytes(VaultServiceTest.java:167)
2022-06-14T16:04:04.0315459Z     [junit]        sun.reflect.NativeMethodAccessorImpl.invoke0(Native Method)
2022-06-14T16:04:04.0315890Z     [junit]        sun.reflect.NativeMethodAccessorImpl.invoke(NativeMethodAccessorImpl.java:62)
2022-06-14T16:04:04.0316377Z     [junit]        sun.reflect.DelegatingMethodAccessorImpl.invoke(DelegatingMethodAccessorImpl.java:43)
2022-06-14T16:04:04.0316800Z     [junit]        java.lang.reflect.Method.invoke(Method.java:498)
2022-06-14T16:04:04.0317234Z     [junit]        org.junit.platform.commons.util.ReflectionUtils.invokeMethod(ReflectionUtils.java:515)
2022-06-14T16:04:04.0317574Z     [junit]        [...]
2022-06-14T16:04:04.0317867Z     [junit]   JUnit Jupiter:VaultHttpServiceDirectoryTest:putPathInfo()
2022-06-14T16:04:04.0318516Z     [junit]     MethodSource [className = 'com.exedio.cope.vault.VaultHttpServiceDirectoryTest', methodName = 'putPathInfo', methodParameterTypes = '']
2022-06-14T16:04:04.0319070Z     [junit]     => java.lang.RuntimeException: http://localhost/VaultHttpServiceDocumentRoot:bf6e26e9d483e1ecxx128
2022-06-14T16:04:04.0319520Z     [junit]        com.exedio.cope.vault.VaultHttpService.wrap(VaultHttpService.java:141)
2022-06-14T16:04:04.0319951Z     [junit]        com.exedio.cope.vault.VaultHttpService.get(VaultHttpService.java:94)
2022-06-14T16:04:04.0320418Z     [junit]        com.exedio.cope.vaulttest.VaultServiceTest.putPathInfo(VaultServiceTest.java:259)
2022-06-14T16:04:04.0320856Z     [junit]        sun.reflect.NativeMethodAccessorImpl.invoke0(Native Method)
2022-06-14T16:04:04.0321286Z     [junit]        sun.reflect.NativeMethodAccessorImpl.invoke(NativeMethodAccessorImpl.java:62)
2022-06-14T16:04:04.0321773Z     [junit]        sun.reflect.DelegatingMethodAccessorImpl.invoke(DelegatingMethodAccessorImpl.java:43)
2022-06-14T16:04:04.0322198Z     [junit]        java.lang.reflect.Method.invoke(Method.java:498)
2022-06-14T16:04:04.0322679Z     [junit]        org.junit.platform.commons.util.ReflectionUtils.invokeMethod(ReflectionUtils.java:515)
2022-06-14T16:04:04.0323206Z     [junit]        org.junit.jupiter.engine.execution.ExecutableInvoker.invoke(ExecutableInvoker.java:115)
2022-06-14T16:04:04.0323805Z     [junit]        org.junit.jupiter.engine.descriptor.TestMethodTestDescriptor.lambda$invokeTestMethod$6(TestMethodTestDescriptor.java:171)
2022-06-14T16:04:04.0324210Z     [junit]        [...]
2022-06-14T16:04:04.0324484Z     [junit]   JUnit Jupiter:VaultHttpServiceDirectoryTest:putBytes()
2022-06-14T16:04:04.0325094Z     [junit]     MethodSource [className = 'com.exedio.cope.vault.VaultHttpServiceDirectoryTest', methodName = 'putBytes', methodParameterTypes = '']
2022-06-14T16:04:04.0325627Z     [junit]     => java.lang.RuntimeException: http://localhost/VaultHttpServiceDocumentRoot:bf6e26e9d483e1ecxx128
2022-06-14T16:04:04.0326073Z     [junit]        com.exedio.cope.vault.VaultHttpService.wrap(VaultHttpService.java:141)
2022-06-14T16:04:04.0326505Z     [junit]        com.exedio.cope.vault.VaultHttpService.get(VaultHttpService.java:94)
2022-06-14T16:04:04.0327007Z     [junit]        com.exedio.cope.vaulttest.VaultServiceTest.putBytes(VaultServiceTest.java:202)
2022-06-14T16:04:04.0327441Z     [junit]        sun.reflect.NativeMethodAccessorImpl.invoke0(Native Method)
2022-06-14T16:04:04.0327869Z     [junit]        sun.reflect.NativeMethodAccessorImpl.invoke(NativeMethodAccessorImpl.java:62)
2022-06-14T16:04:04.0328360Z     [junit]        sun.reflect.DelegatingMethodAccessorImpl.invoke(DelegatingMethodAccessorImpl.java:43)
2022-06-14T16:04:04.0328782Z     [junit]        java.lang.reflect.Method.invoke(Method.java:498)
2022-06-14T16:04:04.0329221Z     [junit]        org.junit.platform.commons.util.ReflectionUtils.invokeMethod(ReflectionUtils.java:515)
2022-06-14T16:04:04.0329736Z     [junit]        org.junit.jupiter.engine.execution.ExecutableInvoker.invoke(ExecutableInvoker.java:115)
2022-06-14T16:04:04.0330332Z     [junit]        org.junit.jupiter.engine.descriptor.TestMethodTestDescriptor.lambda$invokeTestMethod$6(TestMethodTestDescriptor.java:171)
2022-06-14T16:04:04.0330752Z     [junit]        [...]
2022-06-14T16:04:04.0331078Z     [junit]   JUnit Jupiter:VaultHttpServiceDirectoryTest:probeGenuineServiceKeyNonEmpty()
2022-06-14T16:04:04.0336919Z     [junit]     MethodSource [className = 'com.exedio.cope.vault.VaultHttpServiceDirectoryTest', methodName = 'probeGenuineServiceKeyNonEmpty', methodParameterTypes = '']
2022-06-14T16:04:04.0337605Z     [junit]     => org.opentest4j.AssertionFailedError: Unexpected exception type thrown ==> expected: <java.lang.IllegalStateException> but was: <java.net.ConnectException>
2022-06-14T16:04:04.0338153Z     [junit]        org.junit.jupiter.api.AssertThrows.assertThrows(AssertThrows.java:63)
2022-06-14T16:04:04.0338582Z     [junit]        org.junit.jupiter.api.AssertThrows.assertThrows(AssertThrows.java:36)
2022-06-14T16:04:04.0339013Z     [junit]        org.junit.jupiter.api.Assertions.assertThrows(Assertions.java:1179)
2022-06-14T16:04:04.0339429Z     [junit]        com.exedio.cope.tojunit.Assert.assertFails(Assert.java:72)
2022-06-14T16:04:04.0339830Z     [junit]        com.exedio.cope.tojunit.Assert.assertFails(Assert.java:63)
2022-06-14T16:04:04.0340361Z     [junit]        com.exedio.cope.vault.VaultHttpServiceTest.assertProbeGenuineServiceKeyFails(VaultHttpServiceTest.java:216)
2022-06-14T16:04:04.0341024Z     [junit]        com.exedio.cope.vault.VaultHttpServiceTest.probeGenuineServiceKeyNonEmpty(VaultHttpServiceTest.java:200)
2022-06-14T16:04:04.0341546Z     [junit]        sun.reflect.NativeMethodAccessorImpl.invoke0(Native Method)
2022-06-14T16:04:04.0341987Z     [junit]        sun.reflect.NativeMethodAccessorImpl.invoke(NativeMethodAccessorImpl.java:62)
2022-06-14T16:04:04.0342481Z     [junit]        sun.reflect.DelegatingMethodAccessorImpl.invoke(DelegatingMethodAccessorImpl.java:43)
2022-06-14T16:04:04.0342829Z     [junit]        [...]
2022-06-14T16:04:04.0343139Z     [junit]   JUnit Jupiter:VaultHttpServiceDirectoryTest:testProbeRootExists()
2022-06-14T16:04:04.0347056Z     [junit]     MethodSource [className = 'com.exedio.cope.vault.VaultHttpServiceDirectoryTest', methodName = 'testProbeRootExists', methodParameterTypes = '']
2022-06-14T16:04:04.0347567Z     [junit]     => java.net.ConnectException: Connection refused (Connection refused)
2022-06-14T16:04:04.0353451Z     [junit]        java.net.PlainSocketImpl.socketConnect(Native Method)
2022-06-14T16:04:04.0353878Z     [junit]        java.net.AbstractPlainSocketImpl.doConnect(AbstractPlainSocketImpl.java:350)
2022-06-14T16:04:04.0354357Z     [junit]        java.net.AbstractPlainSocketImpl.connectToAddress(AbstractPlainSocketImpl.java:206)
2022-06-14T16:04:04.0354830Z     [junit]        java.net.AbstractPlainSocketImpl.connect(AbstractPlainSocketImpl.java:188)
2022-06-14T16:04:04.0355245Z     [junit]        java.net.SocksSocketImpl.connect(SocksSocketImpl.java:392)
2022-06-14T16:04:04.0355585Z     [junit]        java.net.Socket.connect(Socket.java:607)
2022-06-14T16:04:04.0355916Z     [junit]        sun.net.NetworkClient.doConnect(NetworkClient.java:175)
2022-06-14T16:04:04.0363143Z     [junit]        sun.net.www.http.HttpClient.openServer(HttpClient.java:463)
2022-06-14T16:04:04.0363565Z     [junit]        sun.net.www.http.HttpClient.openServer(HttpClient.java:558)
2022-06-14T16:04:04.0363964Z     [junit]        sun.net.www.http.HttpClient.<init>(HttpClient.java:242)
2022-06-14T16:04:04.0364260Z     [junit]        [...]
2022-06-14T16:04:04.0364602Z     [junit]   JUnit Jupiter:VaultHttpServiceDirectoryTest:notFoundAnonymousLength()
2022-06-14T16:04:04.0365361Z     [junit]     MethodSource [className = 'com.exedio.cope.vault.VaultHttpServiceDirectoryTest', methodName = 'notFoundAnonymousLength', methodParameterTypes = '']
2022-06-14T16:04:04.0366137Z     [junit]     => org.opentest4j.AssertionFailedError: Unexpected exception type thrown ==> expected: <com.exedio.cope.vault.VaultNotFoundException> but was: <java.lang.RuntimeException>
2022-06-14T16:04:04.0366782Z     [junit]        org.junit.jupiter.api.AssertThrows.assertThrows(AssertThrows.java:63)
2022-06-14T16:04:04.0367223Z     [junit]        org.junit.jupiter.api.AssertThrows.assertThrows(AssertThrows.java:36)
2022-06-14T16:04:04.0367649Z     [junit]        org.junit.jupiter.api.Assertions.assertThrows(Assertions.java:1179)
2022-06-14T16:04:04.0368055Z     [junit]        com.exedio.cope.tojunit.Assert.assertFails(Assert.java:72)
2022-06-14T16:04:04.0368442Z     [junit]        com.exedio.cope.tojunit.Assert.assertFails(Assert.java:63)
2022-06-14T16:04:04.0368937Z     [junit]        com.exedio.cope.vault.VaultHttpServiceTest.notFoundAnonymousLength(VaultHttpServiceTest.java:225)
2022-06-14T16:04:04.0369434Z     [junit]        sun.reflect.NativeMethodAccessorImpl.invoke0(Native Method)
2022-06-14T16:04:04.0369875Z     [junit]        sun.reflect.NativeMethodAccessorImpl.invoke(NativeMethodAccessorImpl.java:62)
2022-06-14T16:04:04.0370365Z     [junit]        sun.reflect.DelegatingMethodAccessorImpl.invoke(DelegatingMethodAccessorImpl.java:43)
2022-06-14T16:04:04.0370801Z     [junit]        java.lang.reflect.Method.invoke(Method.java:498)
2022-06-14T16:04:04.0371057Z     [junit]        [...]
2022-06-14T16:04:04.0371469Z     [junit]   JUnit Jupiter:VaultHttpServiceDirectoryTest:notFoundAnonymousSink()
2022-06-14T16:04:04.0372132Z     [junit]     MethodSource [className = 'com.exedio.cope.vault.VaultHttpServiceDirectoryTest', methodName = 'notFoundAnonymousSink', methodParameterTypes = '']
2022-06-14T16:04:04.0372800Z     [junit]     => org.opentest4j.AssertionFailedError: Unexpected exception type thrown ==> expected: <com.exedio.cope.vault.VaultNotFoundException> but was: <java.net.ConnectException>
2022-06-14T16:04:04.0373358Z     [junit]        org.junit.jupiter.api.AssertThrows.assertThrows(AssertThrows.java:63)
2022-06-14T16:04:04.0373789Z     [junit]        org.junit.jupiter.api.AssertThrows.assertThrows(AssertThrows.java:36)
2022-06-14T16:04:04.0374213Z     [junit]        org.junit.jupiter.api.Assertions.assertThrows(Assertions.java:1179)
2022-06-14T16:04:04.0374684Z     [junit]        com.exedio.cope.tojunit.Assert.assertFails(Assert.java:72)
2022-06-14T16:04:04.0375072Z     [junit]        com.exedio.cope.tojunit.Assert.assertFails(Assert.java:63)
2022-06-14T16:04:04.0375564Z     [junit]        com.exedio.cope.vault.VaultHttpServiceTest.notFoundAnonymousSink(VaultHttpServiceTest.java:248)
2022-06-14T16:04:04.0376055Z     [junit]        sun.reflect.NativeMethodAccessorImpl.invoke0(Native Method)
2022-06-14T16:04:04.0376485Z     [junit]        sun.reflect.NativeMethodAccessorImpl.invoke(NativeMethodAccessorImpl.java:62)
2022-06-14T16:04:04.0376973Z     [junit]        sun.reflect.DelegatingMethodAccessorImpl.invoke(DelegatingMethodAccessorImpl.java:43)
2022-06-14T16:04:04.0384131Z     [junit]        java.lang.reflect.Method.invoke(Method.java:498)
2022-06-14T16:04:04.0384395Z     [junit]        [...]
2022-06-14T16:04:04.0384710Z     [junit]   JUnit Jupiter:VaultHttpServiceDirectoryTest:notFoundAnonymousBytes()
2022-06-14T16:04:04.0385386Z     [junit]     MethodSource [className = 'com.exedio.cope.vault.VaultHttpServiceDirectoryTest', methodName = 'notFoundAnonymousBytes', methodParameterTypes = '']
2022-06-14T16:04:04.0386125Z     [junit]     => org.opentest4j.AssertionFailedError: Unexpected exception type thrown ==> expected: <com.exedio.cope.vault.VaultNotFoundException> but was: <java.lang.RuntimeException>
2022-06-14T16:04:04.0388785Z     [junit]        org.junit.jupiter.api.AssertThrows.assertThrows(AssertThrows.java:63)
2022-06-14T16:04:04.0389218Z     [junit]        org.junit.jupiter.api.AssertThrows.assertThrows(AssertThrows.java:36)
2022-06-14T16:04:04.0389636Z     [junit]        org.junit.jupiter.api.Assertions.assertThrows(Assertions.java:1179)
2022-06-14T16:04:04.0392140Z     [junit]        com.exedio.cope.tojunit.Assert.assertFails(Assert.java:72)
2022-06-14T16:04:04.0395784Z     [junit]        com.exedio.cope.tojunit.Assert.assertFails(Assert.java:63)
2022-06-14T16:04:04.0396284Z     [junit]        com.exedio.cope.vault.VaultHttpServiceTest.notFoundAnonymousBytes(VaultHttpServiceTest.java:236)
2022-06-14T16:04:04.0396779Z     [junit]        sun.reflect.NativeMethodAccessorImpl.invoke0(Native Method)
2022-06-14T16:04:04.0397216Z     [junit]        sun.reflect.NativeMethodAccessorImpl.invoke(NativeMethodAccessorImpl.java:62)
2022-06-14T16:04:04.0397700Z     [junit]        sun.reflect.DelegatingMethodAccessorImpl.invoke(DelegatingMethodAccessorImpl.java:43)
2022-06-14T16:04:04.0398129Z     [junit]        java.lang.reflect.Method.invoke(Method.java:498)
2022-06-14T16:04:04.0398394Z     [junit]        [...]
2022-06-14T16:04:04.0398702Z     [junit]   JUnit Jupiter:VaultHttpServiceDirectoryTest:probeGenuineServiceKey()
2022-06-14T16:04:04.0399381Z     [junit]     MethodSource [className = 'com.exedio.cope.vault.VaultHttpServiceDirectoryTest', methodName = 'probeGenuineServiceKey', methodParameterTypes = '']
2022-06-14T16:04:04.0400034Z     [junit]     => org.opentest4j.AssertionFailedError: Unexpected exception type thrown ==> expected: <java.lang.IllegalStateException> but was: <java.net.ConnectException>
2022-06-14T16:04:04.0400674Z     [junit]        org.junit.jupiter.api.AssertThrows.assertThrows(AssertThrows.java:63)
2022-06-14T16:04:04.0401099Z     [junit]        org.junit.jupiter.api.AssertThrows.assertThrows(AssertThrows.java:36)
2022-06-14T16:04:04.0401528Z     [junit]        org.junit.jupiter.api.Assertions.assertThrows(Assertions.java:1179)
2022-06-14T16:04:04.0401935Z     [junit]        com.exedio.cope.tojunit.Assert.assertFails(Assert.java:72)
2022-06-14T16:04:04.0402317Z     [junit]        com.exedio.cope.tojunit.Assert.assertFails(Assert.java:63)
2022-06-14T16:04:04.0402844Z     [junit]        com.exedio.cope.vault.VaultHttpServiceTest.assertProbeGenuineServiceKeyFails(VaultHttpServiceTest.java:216)
2022-06-14T16:04:04.0404271Z     [junit]        com.exedio.cope.vault.VaultHttpServiceTest.probeGenuineServiceKey(VaultHttpServiceTest.java:177)
2022-06-14T16:04:04.0404765Z     [junit]        sun.reflect.NativeMethodAccessorImpl.invoke0(Native Method)
2022-06-14T16:04:04.0405266Z     [junit]        sun.reflect.NativeMethodAccessorImpl.invoke(NativeMethodAccessorImpl.java:62)
2022-06-14T16:04:04.0405762Z     [junit]        sun.reflect.DelegatingMethodAccessorImpl.invoke(DelegatingMethodAccessorImpl.java:43)
2022-06-14T16:04:04.0406109Z     [junit]        [...]
2022-06-14T16:04:04.0406390Z     [junit]   JUnit Jupiter:VaultHttpServiceFlatTest:putStreamInfo()
2022-06-14T16:04:04.0407036Z     [junit]     MethodSource [className = 'com.exedio.cope.vault.VaultHttpServiceFlatTest', methodName = 'putStreamInfo', methodParameterTypes = '']
2022-06-14T16:04:04.0407573Z     [junit]     => java.lang.RuntimeException: http://localhost/VaultHttpServiceDocumentRoot:bf6e26e9d483e1ecxx128
2022-06-14T16:04:04.0414055Z     [junit]        com.exedio.cope.vault.VaultHttpService.wrap(VaultHttpService.java:141)
2022-06-14T16:04:04.0414505Z     [junit]        com.exedio.cope.vault.VaultHttpService.get(VaultHttpService.java:94)
2022-06-14T16:04:04.0415018Z     [junit]        com.exedio.cope.vaulttest.VaultServiceTest.putStreamInfo(VaultServiceTest.java:231)
2022-06-14T16:04:04.0415535Z     [junit]        sun.reflect.NativeMethodAccessorImpl.invoke0(Native Method)
2022-06-14T16:04:04.0415967Z     [junit]        sun.reflect.NativeMethodAccessorImpl.invoke(NativeMethodAccessorImpl.java:62)
2022-06-14T16:04:04.0422098Z     [junit]        sun.reflect.DelegatingMethodAccessorImpl.invoke(DelegatingMethodAccessorImpl.java:43)
2022-06-14T16:04:04.0422516Z     [junit]        java.lang.reflect.Method.invoke(Method.java:498)
2022-06-14T16:04:04.0422957Z     [junit]        org.junit.platform.commons.util.ReflectionUtils.invokeMethod(ReflectionUtils.java:515)
2022-06-14T16:04:04.0423488Z     [junit]        org.junit.jupiter.engine.execution.ExecutableInvoker.invoke(ExecutableInvoker.java:115)
2022-06-14T16:04:04.0424085Z     [junit]        org.junit.jupiter.engine.descriptor.TestMethodTestDescriptor.lambda$invokeTestMethod$6(TestMethodTestDescriptor.java:171)
2022-06-14T16:04:04.0424498Z     [junit]        [...]
2022-06-14T16:04:04.0424787Z     [junit]   JUnit Jupiter:VaultHttpServiceFlatTest:foundGetBytes()
2022-06-14T16:04:04.0425391Z     [junit]     MethodSource [className = 'com.exedio.cope.vault.VaultHttpServiceFlatTest', methodName = 'foundGetBytes', methodParameterTypes = '']
2022-06-14T16:04:04.0425931Z     [junit]     => java.lang.RuntimeException: http://localhost/VaultHttpServiceDocumentRoot:bf6e26e9d483e1ecxx128
2022-06-14T16:04:04.0426378Z     [junit]        com.exedio.cope.vault.VaultHttpService.wrap(VaultHttpService.java:141)
2022-06-14T16:04:04.0426815Z     [junit]        com.exedio.cope.vault.VaultHttpService.get(VaultHttpService.java:94)
2022-06-14T16:04:04.0427288Z     [junit]        com.exedio.cope.vaulttest.VaultServiceTest.foundGetBytes(VaultServiceTest.java:186)
2022-06-14T16:04:04.0427735Z     [junit]        sun.reflect.NativeMethodAccessorImpl.invoke0(Native Method)
2022-06-14T16:04:04.0428167Z     [junit]        sun.reflect.NativeMethodAccessorImpl.invoke(NativeMethodAccessorImpl.java:62)
2022-06-14T16:04:04.0437833Z     [junit]        sun.reflect.DelegatingMethodAccessorImpl.invoke(DelegatingMethodAccessorImpl.java:43)
2022-06-14T16:04:04.0438305Z     [junit]        java.lang.reflect.Method.invoke(Method.java:498)
2022-06-14T16:04:04.0438749Z     [junit]        org.junit.platform.commons.util.ReflectionUtils.invokeMethod(ReflectionUtils.java:515)
2022-06-14T16:04:04.0439270Z     [junit]        org.junit.jupiter.engine.execution.ExecutableInvoker.invoke(ExecutableInvoker.java:115)
2022-06-14T16:04:04.0439863Z     [junit]        org.junit.jupiter.engine.descriptor.TestMethodTestDescriptor.lambda$invokeTestMethod$6(TestMethodTestDescriptor.java:171)
2022-06-14T16:04:04.0440275Z     [junit]        [...]
2022-06-14T16:04:04.0440554Z     [junit]   JUnit Jupiter:VaultHttpServiceFlatTest:notFoundGetLength()
2022-06-14T16:04:04.0441166Z     [junit]     MethodSource [className = 'com.exedio.cope.vault.VaultHttpServiceFlatTest', methodName = 'notFoundGetLength', methodParameterTypes = '']
2022-06-14T16:04:04.0441889Z     [junit]     => org.opentest4j.AssertionFailedError: Unexpected exception type thrown ==> expected: <com.exedio.cope.vault.VaultNotFoundException> but was: <java.lang.RuntimeException>
2022-06-14T16:04:04.0442448Z     [junit]        org.junit.jupiter.api.AssertThrows.assertThrows(AssertThrows.java:63)
2022-06-14T16:04:04.0442878Z     [junit]        org.junit.jupiter.api.AssertThrows.assertThrows(AssertThrows.java:36)
2022-06-14T16:04:04.0443298Z     [junit]        org.junit.jupiter.api.Assertions.assertThrows(Assertions.java:1179)
2022-06-14T16:04:04.0443774Z     [junit]        com.exedio.cope.vaulttest.VaultServiceTest.assertNotFound(VaultServiceTest.java:308)
2022-06-14T16:04:04.0444298Z     [junit]        com.exedio.cope.vaulttest.VaultServiceTest.notFoundGetLength(VaultServiceTest.java:161)
2022-06-14T16:04:04.0444755Z     [junit]        sun.reflect.NativeMethodAccessorImpl.invoke0(Native Method)
2022-06-14T16:04:04.0445185Z     [junit]        sun.reflect.NativeMethodAccessorImpl.invoke(NativeMethodAccessorImpl.java:62)
2022-06-14T16:04:04.0445727Z     [junit]        sun.reflect.DelegatingMethodAccessorImpl.invoke(DelegatingMethodAccessorImpl.java:43)
2022-06-14T16:04:04.0446138Z     [junit]        java.lang.reflect.Method.invoke(Method.java:498)
2022-06-14T16:04:04.0446570Z     [junit]        org.junit.platform.commons.util.ReflectionUtils.invokeMethod(ReflectionUtils.java:515)
2022-06-14T16:04:04.0446919Z     [junit]        [...]
2022-06-14T16:04:04.0447184Z     [junit]   JUnit Jupiter:VaultHttpServiceFlatTest:putStream()
2022-06-14T16:04:04.0447776Z     [junit]     MethodSource [className = 'com.exedio.cope.vault.VaultHttpServiceFlatTest', methodName = 'putStream', methodParameterTypes = '']
2022-06-14T16:04:04.0448305Z     [junit]     => java.lang.RuntimeException: http://localhost/VaultHttpServiceDocumentRoot:bf6e26e9d483e1ecxx128
2022-06-14T16:04:04.0448756Z     [junit]        com.exedio.cope.vault.VaultHttpService.wrap(VaultHttpService.java:141)
2022-06-14T16:04:04.0449185Z     [junit]        com.exedio.cope.vault.VaultHttpService.get(VaultHttpService.java:94)
2022-06-14T16:04:04.0451668Z     [junit]        com.exedio.cope.vaulttest.VaultServiceTest.putStream(VaultServiceTest.java:221)
2022-06-14T16:04:04.0452181Z     [junit]        sun.reflect.NativeMethodAccessorImpl.invoke0(Native Method)
2022-06-14T16:04:04.0452627Z     [junit]        sun.reflect.NativeMethodAccessorImpl.invoke(NativeMethodAccessorImpl.java:62)
2022-06-14T16:04:04.0453114Z     [junit]        sun.reflect.DelegatingMethodAccessorImpl.invoke(DelegatingMethodAccessorImpl.java:43)
2022-06-14T16:04:04.0453537Z     [junit]        java.lang.reflect.Method.invoke(Method.java:498)
2022-06-14T16:04:04.0453973Z     [junit]        org.junit.platform.commons.util.ReflectionUtils.invokeMethod(ReflectionUtils.java:515)
2022-06-14T16:04:04.0454493Z     [junit]        org.junit.jupiter.engine.execution.ExecutableInvoker.invoke(ExecutableInvoker.java:115)
2022-06-14T16:04:04.0455090Z     [junit]        org.junit.jupiter.engine.descriptor.TestMethodTestDescriptor.lambda$invokeTestMethod$6(TestMethodTestDescriptor.java:171)
2022-06-14T16:04:04.0455506Z     [junit]        [...]
2022-06-14T16:04:04.0455792Z     [junit]   JUnit Jupiter:VaultHttpServiceFlatTest:notFoundGetStream()
2022-06-14T16:04:04.0456440Z     [junit]     MethodSource [className = 'com.exedio.cope.vault.VaultHttpServiceFlatTest', methodName = 'notFoundGetStream', methodParameterTypes = '']
2022-06-14T16:04:04.0457086Z     [junit]     => org.opentest4j.AssertionFailedError: Unexpected exception type thrown ==> expected: <com.exedio.cope.vault.VaultNotFoundException> but was: <java.net.ConnectException>
2022-06-14T16:04:04.0457644Z     [junit]        org.junit.jupiter.api.AssertThrows.assertThrows(AssertThrows.java:63)
2022-06-14T16:04:04.0458074Z     [junit]        org.junit.jupiter.api.AssertThrows.assertThrows(AssertThrows.java:36)
2022-06-14T16:04:04.0458501Z     [junit]        org.junit.jupiter.api.Assertions.assertThrows(Assertions.java:1179)
2022-06-14T16:04:04.0459070Z     [junit]        com.exedio.cope.vaulttest.VaultServiceTest.assertNotFound(VaultServiceTest.java:308)
2022-06-14T16:04:04.0459603Z     [junit]        com.exedio.cope.vaulttest.VaultServiceTest.notFoundGetStream(VaultServiceTest.java:174)
2022-06-14T16:04:04.0460068Z     [junit]        sun.reflect.NativeMethodAccessorImpl.invoke0(Native Method)
2022-06-14T16:04:04.0460497Z     [junit]        sun.reflect.NativeMethodAccessorImpl.invoke(NativeMethodAccessorImpl.java:62)
2022-06-14T16:04:04.0460982Z     [junit]        sun.reflect.DelegatingMethodAccessorImpl.invoke(DelegatingMethodAccessorImpl.java:43)
2022-06-14T16:04:04.0461397Z     [junit]        java.lang.reflect.Method.invoke(Method.java:498)
2022-06-14T16:04:04.0461833Z     [junit]        org.junit.platform.commons.util.ReflectionUtils.invokeMethod(ReflectionUtils.java:515)
2022-06-14T16:04:04.0462176Z     [junit]        [...]
2022-06-14T16:04:04.0462462Z     [junit]   JUnit Jupiter:VaultHttpServiceFlatTest:foundGetLength()
2022-06-14T16:04:04.0463122Z     [junit]     MethodSource [className = 'com.exedio.cope.vault.VaultHttpServiceFlatTest', methodName = 'foundGetLength', methodParameterTypes = '']
2022-06-14T16:04:04.0463660Z     [junit]     => java.lang.RuntimeException: http://localhost/VaultHttpServiceDocumentRoot:bf6e26e9d483e1ecxx128
2022-06-14T16:04:04.0464105Z     [junit]        com.exedio.cope.vault.VaultHttpService.wrap(VaultHttpService.java:141)
2022-06-14T16:04:04.0464554Z     [junit]        com.exedio.cope.vault.VaultHttpService.getLength(VaultHttpService.java:65)
2022-06-14T16:04:04.0465042Z     [junit]        com.exedio.cope.vaulttest.VaultServiceTest.foundGetLength(VaultServiceTest.java:180)
2022-06-14T16:04:04.0465491Z     [junit]        sun.reflect.NativeMethodAccessorImpl.invoke0(Native Method)
2022-06-14T16:04:04.0465921Z     [junit]        sun.reflect.NativeMethodAccessorImpl.invoke(NativeMethodAccessorImpl.java:62)
2022-06-14T16:04:04.0466401Z     [junit]        sun.reflect.DelegatingMethodAccessorImpl.invoke(DelegatingMethodAccessorImpl.java:43)
2022-06-14T16:04:04.0466879Z     [junit]        java.lang.reflect.Method.invoke(Method.java:498)
2022-06-14T16:04:04.0467468Z     [junit]        org.junit.platform.commons.util.ReflectionUtils.invokeMethod(ReflectionUtils.java:515)
2022-06-14T16:04:04.0468074Z     [junit]        org.junit.jupiter.engine.execution.ExecutableInvoker.invoke(ExecutableInvoker.java:115)
2022-06-14T16:04:04.0468752Z     [junit]        org.junit.jupiter.engine.descriptor.TestMethodTestDescriptor.lambda$invokeTestMethod$6(TestMethodTestDescriptor.java:171)
2022-06-14T16:04:04.0469201Z     [junit]        [...]
2022-06-14T16:04:04.0469563Z     [junit]   JUnit Jupiter:VaultHttpServiceFlatTest:putMany()
2022-06-14T16:04:04.0470254Z     [junit]     MethodSource [className = 'com.exedio.cope.vault.VaultHttpServiceFlatTest', methodName = 'putMany', methodParameterTypes = '']
2022-06-14T16:04:04.0470824Z     [junit]     => java.lang.RuntimeException: http://localhost/VaultHttpServiceDocumentRoot:bf6e26e9d483e1ecxx128
2022-06-14T16:04:04.0471366Z     [junit]        com.exedio.cope.vault.VaultHttpService.wrap(VaultHttpService.java:141)
2022-06-14T16:04:04.0471876Z     [junit]        com.exedio.cope.vault.VaultHttpService.get(VaultHttpService.java:94)
2022-06-14T16:04:04.0472446Z     [junit]        com.exedio.cope.vaulttest.VaultServiceTest.putMany(VaultServiceTest.java:270)
2022-06-14T16:04:04.0472948Z     [junit]        sun.reflect.NativeMethodAccessorImpl.invoke0(Native Method)
2022-06-14T16:04:04.0473462Z     [junit]        sun.reflect.NativeMethodAccessorImpl.invoke(NativeMethodAccessorImpl.java:62)
2022-06-14T16:04:04.0474024Z     [junit]        sun.reflect.DelegatingMethodAccessorImpl.invoke(DelegatingMethodAccessorImpl.java:43)
2022-06-14T16:04:04.0474530Z     [junit]        java.lang.reflect.Method.invoke(Method.java:498)
2022-06-14T16:04:04.0475023Z     [junit]        org.junit.platform.commons.util.ReflectionUtils.invokeMethod(ReflectionUtils.java:515)
2022-06-14T16:04:04.0475673Z     [junit]        org.junit.jupiter.engine.execution.ExecutableInvoker.invoke(ExecutableInvoker.java:115)
2022-06-14T16:04:04.0476345Z     [junit]        org.junit.jupiter.engine.descriptor.TestMethodTestDescriptor.lambda$invokeTestMethod$6(TestMethodTestDescriptor.java:171)
2022-06-14T16:04:04.0476807Z     [junit]        [...]
2022-06-14T16:04:04.0477155Z     [junit]   JUnit Jupiter:VaultHttpServiceFlatTest:putPath()
2022-06-14T16:04:04.0477844Z     [junit]     MethodSource [className = 'com.exedio.cope.vault.VaultHttpServiceFlatTest', methodName = 'putPath', methodParameterTypes = '']
2022-06-14T16:04:04.0478444Z     [junit]     => java.lang.RuntimeException: http://localhost/VaultHttpServiceDocumentRoot:bf6e26e9d483e1ecxx128
2022-06-14T16:04:04.0478931Z     [junit]        com.exedio.cope.vault.VaultHttpService.wrap(VaultHttpService.java:141)
2022-06-14T16:04:04.0479707Z     [junit]        com.exedio.cope.vault.VaultHttpService.get(VaultHttpService.java:94)
2022-06-14T16:04:04.0507535Z     [junit]        com.exedio.cope.vaulttest.VaultServiceTest.putPath(VaultServiceTest.java:245)
2022-06-14T16:04:04.0508126Z     [junit]        sun.reflect.NativeMethodAccessorImpl.invoke0(Native Method)
2022-06-14T16:04:04.0508641Z     [junit]        sun.reflect.NativeMethodAccessorImpl.invoke(NativeMethodAccessorImpl.java:62)
2022-06-14T16:04:04.0509211Z     [junit]        sun.reflect.DelegatingMethodAccessorImpl.invoke(DelegatingMethodAccessorImpl.java:43)
2022-06-14T16:04:04.0509744Z     [junit]        java.lang.reflect.Method.invoke(Method.java:498)
2022-06-14T16:04:04.0510220Z     [junit]        org.junit.platform.commons.util.ReflectionUtils.invokeMethod(ReflectionUtils.java:515)
2022-06-14T16:04:04.0510842Z     [junit]        org.junit.jupiter.engine.execution.ExecutableInvoker.invoke(ExecutableInvoker.java:115)
2022-06-14T16:04:04.0511528Z     [junit]        org.junit.jupiter.engine.descriptor.TestMethodTestDescriptor.lambda$invokeTestMethod$6(TestMethodTestDescriptor.java:171)
2022-06-14T16:04:04.0511977Z     [junit]        [...]
2022-06-14T16:04:04.0512369Z     [junit]   JUnit Jupiter:VaultHttpServiceFlatTest:foundGetStream()
2022-06-14T16:04:04.0513097Z     [junit]     MethodSource [className = 'com.exedio.cope.vault.VaultHttpServiceFlatTest', methodName = 'foundGetStream', methodParameterTypes = '']
2022-06-14T16:04:04.0513662Z     [junit]     => java.net.ConnectException: Connection refused (Connection refused)
2022-06-14T16:04:04.0514068Z     [junit]        java.net.PlainSocketImpl.socketConnect(Native Method)
2022-06-14T16:04:04.0514597Z     [junit]        java.net.AbstractPlainSocketImpl.doConnect(AbstractPlainSocketImpl.java:350)
2022-06-14T16:04:04.0515218Z     [junit]        java.net.AbstractPlainSocketImpl.connectToAddress(AbstractPlainSocketImpl.java:206)
2022-06-14T16:04:04.0515777Z     [junit]        java.net.AbstractPlainSocketImpl.connect(AbstractPlainSocketImpl.java:188)
2022-06-14T16:04:04.0516223Z     [junit]        java.net.SocksSocketImpl.connect(SocksSocketImpl.java:392)
2022-06-14T16:04:04.0516683Z     [junit]        java.net.Socket.connect(Socket.java:607)
2022-06-14T16:04:04.0517143Z     [junit]        sun.net.NetworkClient.doConnect(NetworkClient.java:175)
2022-06-14T16:04:04.0517559Z     [junit]        sun.net.www.http.HttpClient.openServer(HttpClient.java:463)
2022-06-14T16:04:04.0518019Z     [junit]        sun.net.www.http.HttpClient.openServer(HttpClient.java:558)
2022-06-14T16:04:04.0518460Z     [junit]        sun.net.www.http.HttpClient.<init>(HttpClient.java:242)
2022-06-14T16:04:04.0518829Z     [junit]        [...]
2022-06-14T16:04:04.0519156Z     [junit]   JUnit Jupiter:VaultHttpServiceFlatTest:putBytesInfo()
2022-06-14T16:04:04.0519839Z     [junit]     MethodSource [className = 'com.exedio.cope.vault.VaultHttpServiceFlatTest', methodName = 'putBytesInfo', methodParameterTypes = '']
2022-06-14T16:04:04.0520452Z     [junit]     => java.lang.RuntimeException: http://localhost/VaultHttpServiceDocumentRoot:bf6e26e9d483e1ecxx128
2022-06-14T16:04:04.0520946Z     [junit]        com.exedio.cope.vault.VaultHttpService.wrap(VaultHttpService.java:141)
2022-06-14T16:04:04.0521561Z     [junit]        com.exedio.cope.vault.VaultHttpService.get(VaultHttpService.java:94)
2022-06-14T16:04:04.0522116Z     [junit]        com.exedio.cope.vaulttest.VaultServiceTest.putBytesInfo(VaultServiceTest.java:211)
2022-06-14T16:04:04.0522644Z     [junit]        sun.reflect.NativeMethodAccessorImpl.invoke0(Native Method)
2022-06-14T16:04:04.0523775Z     [junit]        sun.reflect.NativeMethodAccessorImpl.invoke(NativeMethodAccessorImpl.java:62)
2022-06-14T16:04:04.0524361Z     [junit]        sun.reflect.DelegatingMethodAccessorImpl.invoke(DelegatingMethodAccessorImpl.java:43)
2022-06-14T16:04:04.0524906Z     [junit]        java.lang.reflect.Method.invoke(Method.java:498)
2022-06-14T16:04:04.0525388Z     [junit]        org.junit.platform.commons.util.ReflectionUtils.invokeMethod(ReflectionUtils.java:515)
2022-06-14T16:04:04.0525987Z     [junit]        org.junit.jupiter.engine.execution.ExecutableInvoker.invoke(ExecutableInvoker.java:115)
2022-06-14T16:04:04.0526780Z     [junit]        org.junit.jupiter.engine.descriptor.TestMethodTestDescriptor.lambda$invokeTestMethod$6(TestMethodTestDescriptor.java:171)
2022-06-14T16:04:04.0527301Z     [junit]        [...]
2022-06-14T16:04:04.0527626Z     [junit]   JUnit Jupiter:VaultHttpServiceFlatTest:notFoundGetBytes()
2022-06-14T16:04:04.0528336Z     [junit]     MethodSource [className = 'com.exedio.cope.vault.VaultHttpServiceFlatTest', methodName = 'notFoundGetBytes', methodParameterTypes = '']
2022-06-14T16:04:04.0529072Z     [junit]     => org.opentest4j.AssertionFailedError: Unexpected exception type thrown ==> expected: <com.exedio.cope.vault.VaultNotFoundException> but was: <java.lang.RuntimeException>
2022-06-14T16:04:04.0529735Z     [junit]        org.junit.jupiter.api.AssertThrows.assertThrows(AssertThrows.java:63)
2022-06-14T16:04:04.0530234Z     [junit]        org.junit.jupiter.api.AssertThrows.assertThrows(AssertThrows.java:36)
2022-06-14T16:04:04.0530738Z     [junit]        org.junit.jupiter.api.Assertions.assertThrows(Assertions.java:1179)
2022-06-14T16:04:04.0531305Z     [junit]        com.exedio.cope.vaulttest.VaultServiceTest.assertNotFound(VaultServiceTest.java:308)
2022-06-14T16:04:04.0533418Z     [junit]        com.exedio.cope.vaulttest.VaultServiceTest.notFoundGetBytes(VaultServiceTest.java:167)
2022-06-14T16:04:04.0533935Z     [junit]        sun.reflect.NativeMethodAccessorImpl.invoke0(Native Method)
2022-06-14T16:04:04.0534509Z     [junit]        sun.reflect.NativeMethodAccessorImpl.invoke(NativeMethodAccessorImpl.java:62)
2022-06-14T16:04:04.0535087Z     [junit]        sun.reflect.DelegatingMethodAccessorImpl.invoke(DelegatingMethodAccessorImpl.java:43)
2022-06-14T16:04:04.0535549Z     [junit]        java.lang.reflect.Method.invoke(Method.java:498)
2022-06-14T16:04:04.0536095Z     [junit]        org.junit.platform.commons.util.ReflectionUtils.invokeMethod(ReflectionUtils.java:515)
2022-06-14T16:04:04.0536555Z     [junit]        [...]
2022-06-14T16:04:04.0536913Z     [junit]   JUnit Jupiter:VaultHttpServiceFlatTest:putPathInfo()
2022-06-14T16:04:04.0537603Z     [junit]     MethodSource [className = 'com.exedio.cope.vault.VaultHttpServiceFlatTest', methodName = 'putPathInfo', methodParameterTypes = '']
2022-06-14T16:04:04.0538258Z     [junit]     => java.lang.RuntimeException: http://localhost/VaultHttpServiceDocumentRoot:bf6e26e9d483e1ecxx128
2022-06-14T16:04:04.0538792Z     [junit]        com.exedio.cope.vault.VaultHttpService.wrap(VaultHttpService.java:141)
2022-06-14T16:04:04.0539326Z     [junit]        com.exedio.cope.vault.VaultHttpService.get(VaultHttpService.java:94)
2022-06-14T16:04:04.0539832Z     [junit]        com.exedio.cope.vaulttest.VaultServiceTest.putPathInfo(VaultServiceTest.java:259)
2022-06-14T16:04:04.0540377Z     [junit]        sun.reflect.NativeMethodAccessorImpl.invoke0(Native Method)
2022-06-14T16:04:04.0540889Z     [junit]        sun.reflect.NativeMethodAccessorImpl.invoke(NativeMethodAccessorImpl.java:62)
2022-06-14T16:04:04.0541522Z     [junit]        sun.reflect.DelegatingMethodAccessorImpl.invoke(DelegatingMethodAccessorImpl.java:43)
2022-06-14T16:04:04.0542053Z     [junit]        java.lang.reflect.Method.invoke(Method.java:498)
2022-06-14T16:04:04.0542578Z     [junit]        org.junit.platform.commons.util.ReflectionUtils.invokeMethod(ReflectionUtils.java:515)
2022-06-14T16:04:04.0543181Z     [junit]        org.junit.jupiter.engine.execution.ExecutableInvoker.invoke(ExecutableInvoker.java:115)
2022-06-14T16:04:04.0543813Z     [junit]        org.junit.jupiter.engine.descriptor.TestMethodTestDescriptor.lambda$invokeTestMethod$6(TestMethodTestDescriptor.java:171)
2022-06-14T16:04:04.0544327Z     [junit]        [...]
2022-06-14T16:04:04.0544689Z     [junit]   JUnit Jupiter:VaultHttpServiceFlatTest:putBytes()
2022-06-14T16:04:04.0545353Z     [junit]     MethodSource [className = 'com.exedio.cope.vault.VaultHttpServiceFlatTest', methodName = 'putBytes', methodParameterTypes = '']
2022-06-14T16:04:04.0545912Z     [junit]     => java.lang.RuntimeException: http://localhost/VaultHttpServiceDocumentRoot:bf6e26e9d483e1ecxx128
2022-06-14T16:04:04.0546506Z     [junit]        com.exedio.cope.vault.VaultHttpService.wrap(VaultHttpService.java:141)
2022-06-14T16:04:04.0547053Z     [junit]        com.exedio.cope.vault.VaultHttpService.get(VaultHttpService.java:94)
2022-06-14T16:04:04.0547546Z     [junit]        com.exedio.cope.vaulttest.VaultServiceTest.putBytes(VaultServiceTest.java:202)
2022-06-14T16:04:04.0548081Z     [junit]        sun.reflect.NativeMethodAccessorImpl.invoke0(Native Method)
2022-06-14T16:04:04.0548600Z     [junit]        sun.reflect.NativeMethodAccessorImpl.invoke(NativeMethodAccessorImpl.java:62)
2022-06-14T16:04:04.0549190Z     [junit]        sun.reflect.DelegatingMethodAccessorImpl.invoke(DelegatingMethodAccessorImpl.java:43)
2022-06-14T16:04:04.0549656Z     [junit]        java.lang.reflect.Method.invoke(Method.java:498)
2022-06-14T16:04:04.0550168Z     [junit]        org.junit.platform.commons.util.ReflectionUtils.invokeMethod(ReflectionUtils.java:515)
2022-06-14T16:04:04.0550780Z     [junit]        org.junit.jupiter.engine.execution.ExecutableInvoker.invoke(ExecutableInvoker.java:115)
2022-06-14T16:04:04.0551453Z     [junit]        org.junit.jupiter.engine.descriptor.TestMethodTestDescriptor.lambda$invokeTestMethod$6(TestMethodTestDescriptor.java:171)
2022-06-14T16:04:04.0551935Z     [junit]        [...]
2022-06-14T16:04:04.0552334Z     [junit]   JUnit Jupiter:VaultHttpServiceFlatTest:probeGenuineServiceKeyNonEmpty()
2022-06-14T16:04:04.0553099Z     [junit]     MethodSource [className = 'com.exedio.cope.vault.VaultHttpServiceFlatTest', methodName = 'probeGenuineServiceKeyNonEmpty', methodParameterTypes = '']
2022-06-14T16:04:04.0553835Z     [junit]     => org.opentest4j.AssertionFailedError: Unexpected exception type thrown ==> expected: <java.lang.IllegalStateException> but was: <java.net.ConnectException>
2022-06-14T16:04:04.0554410Z     [junit]        org.junit.jupiter.api.AssertThrows.assertThrows(AssertThrows.java:63)
2022-06-14T16:04:04.0554969Z     [junit]        org.junit.jupiter.api.AssertThrows.assertThrows(AssertThrows.java:36)
2022-06-14T16:04:04.0555477Z     [junit]        org.junit.jupiter.api.Assertions.assertThrows(Assertions.java:1179)
2022-06-14T16:04:04.0555923Z     [junit]        com.exedio.cope.tojunit.Assert.assertFails(Assert.java:72)
2022-06-14T16:04:04.0556387Z     [junit]        com.exedio.cope.tojunit.Assert.assertFails(Assert.java:63)
2022-06-14T16:04:04.0557036Z     [junit]        com.exedio.cope.vault.VaultHttpServiceTest.assertProbeGenuineServiceKeyFails(VaultHttpServiceTest.java:216)
2022-06-14T16:04:04.0557778Z     [junit]        com.exedio.cope.vault.VaultHttpServiceTest.probeGenuineServiceKeyNonEmpty(VaultHttpServiceTest.java:200)
2022-06-14T16:04:04.0558357Z     [junit]        sun.reflect.NativeMethodAccessorImpl.invoke0(Native Method)
2022-06-14T16:04:04.0558867Z     [junit]        sun.reflect.NativeMethodAccessorImpl.invoke(NativeMethodAccessorImpl.java:62)
2022-06-14T16:04:04.0559501Z     [junit]        sun.reflect.DelegatingMethodAccessorImpl.invoke(DelegatingMethodAccessorImpl.java:43)
2022-06-14T16:04:04.0559955Z     [junit]        [...]
2022-06-14T16:04:04.0560282Z     [junit]   JUnit Jupiter:VaultHttpServiceFlatTest:testProbeRootExists()
2022-06-14T16:04:04.0560987Z     [junit]     MethodSource [className = 'com.exedio.cope.vault.VaultHttpServiceFlatTest', methodName = 'testProbeRootExists', methodParameterTypes = '']
2022-06-14T16:04:04.0561563Z     [junit]     => java.net.ConnectException: Connection refused (Connection refused)
2022-06-14T16:04:04.0561973Z     [junit]        java.net.PlainSocketImpl.socketConnect(Native Method)
2022-06-14T16:04:04.0562499Z     [junit]        java.net.AbstractPlainSocketImpl.doConnect(AbstractPlainSocketImpl.java:350)
2022-06-14T16:04:04.0563068Z     [junit]        java.net.AbstractPlainSocketImpl.connectToAddress(AbstractPlainSocketImpl.java:206)
2022-06-14T16:04:04.0563634Z     [junit]        java.net.AbstractPlainSocketImpl.connect(AbstractPlainSocketImpl.java:188)
2022-06-14T16:04:04.0564080Z     [junit]        java.net.SocksSocketImpl.connect(SocksSocketImpl.java:392)
2022-06-14T16:04:04.0564561Z     [junit]        java.net.Socket.connect(Socket.java:607)
2022-06-14T16:04:04.0564975Z     [junit]        sun.net.NetworkClient.doConnect(NetworkClient.java:175)
2022-06-14T16:04:04.0565386Z     [junit]        sun.net.www.http.HttpClient.openServer(HttpClient.java:463)
2022-06-14T16:04:04.0565860Z     [junit]        sun.net.www.http.HttpClient.openServer(HttpClient.java:558)
2022-06-14T16:04:04.0566298Z     [junit]        sun.net.www.http.HttpClient.<init>(HttpClient.java:242)
2022-06-14T16:04:04.0566669Z     [junit]        [...]
2022-06-14T16:04:04.0567021Z     [junit]   JUnit Jupiter:VaultHttpServiceFlatTest:notFoundAnonymousLength()
2022-06-14T16:04:04.0567759Z     [junit]     MethodSource [className = 'com.exedio.cope.vault.VaultHttpServiceFlatTest', methodName = 'notFoundAnonymousLength', methodParameterTypes = '']
2022-06-14T16:04:04.0568514Z     [junit]     => org.opentest4j.AssertionFailedError: Unexpected exception type thrown ==> expected: <com.exedio.cope.vault.VaultNotFoundException> but was: <java.lang.RuntimeException>
2022-06-14T16:04:04.0569190Z     [junit]        org.junit.jupiter.api.AssertThrows.assertThrows(AssertThrows.java:63)
2022-06-14T16:04:04.0569660Z     [junit]        org.junit.jupiter.api.AssertThrows.assertThrows(AssertThrows.java:36)
2022-06-14T16:04:04.0570172Z     [junit]        org.junit.jupiter.api.Assertions.assertThrows(Assertions.java:1179)
2022-06-14T16:04:04.0570664Z     [junit]        com.exedio.cope.tojunit.Assert.assertFails(Assert.java:72)
2022-06-14T16:04:04.0571087Z     [junit]        com.exedio.cope.tojunit.Assert.assertFails(Assert.java:63)
2022-06-14T16:04:04.0571835Z     [junit]        com.exedio.cope.vault.VaultHttpServiceTest.notFoundAnonymousLength(VaultHttpServiceTest.java:225)
2022-06-14T16:04:04.0572419Z     [junit]        sun.reflect.NativeMethodAccessorImpl.invoke0(Native Method)
2022-06-14T16:04:04.0572956Z     [junit]        sun.reflect.NativeMethodAccessorImpl.invoke(NativeMethodAccessorImpl.java:62)
2022-06-14T16:04:04.0573485Z     [junit]        sun.reflect.DelegatingMethodAccessorImpl.invoke(DelegatingMethodAccessorImpl.java:43)
2022-06-14T16:04:04.0573994Z     [junit]        java.lang.reflect.Method.invoke(Method.java:498)
2022-06-14T16:04:04.0574362Z     [junit]        [...]
2022-06-14T16:04:04.0574752Z     [junit]   JUnit Jupiter:VaultHttpServiceFlatTest:notFoundAnonymousSink()
2022-06-14T16:04:04.0575423Z     [junit]     MethodSource [className = 'com.exedio.cope.vault.VaultHttpServiceFlatTest', methodName = 'notFoundAnonymousSink', methodParameterTypes = '']
2022-06-14T16:04:04.0576157Z     [junit]     => org.opentest4j.AssertionFailedError: Unexpected exception type thrown ==> expected: <com.exedio.cope.vault.VaultNotFoundException> but was: <java.net.ConnectException>
2022-06-14T16:04:04.0576829Z     [junit]        org.junit.jupiter.api.AssertThrows.assertThrows(AssertThrows.java:63)
2022-06-14T16:04:04.0577427Z     [junit]        org.junit.jupiter.api.AssertThrows.assertThrows(AssertThrows.java:36)
2022-06-14T16:04:04.0577885Z     [junit]        org.junit.jupiter.api.Assertions.assertThrows(Assertions.java:1179)
2022-06-14T16:04:04.0578370Z     [junit]        com.exedio.cope.tojunit.Assert.assertFails(Assert.java:72)
2022-06-14T16:04:04.0578859Z     [junit]        com.exedio.cope.tojunit.Assert.assertFails(Assert.java:63)
2022-06-14T16:04:04.0579390Z     [junit]        com.exedio.cope.vault.VaultHttpServiceTest.notFoundAnonymousSink(VaultHttpServiceTest.java:248)
2022-06-14T16:04:04.0579967Z     [junit]        sun.reflect.NativeMethodAccessorImpl.invoke0(Native Method)
2022-06-14T16:04:04.0580476Z     [junit]        sun.reflect.NativeMethodAccessorImpl.invoke(NativeMethodAccessorImpl.java:62)
2022-06-14T16:04:04.0581043Z     [junit]        sun.reflect.DelegatingMethodAccessorImpl.invoke(DelegatingMethodAccessorImpl.java:43)
2022-06-14T16:04:04.0581520Z     [junit]        java.lang.reflect.Method.invoke(Method.java:498)
2022-06-14T16:04:04.0581871Z     [junit]        [...]
2022-06-14T16:04:04.0582301Z     [junit]   JUnit Jupiter:VaultHttpServiceFlatTest:notFoundAnonymousBytes()
2022-06-14T16:04:04.0582970Z     [junit]     MethodSource [className = 'com.exedio.cope.vault.VaultHttpServiceFlatTest', methodName = 'notFoundAnonymousBytes', methodParameterTypes = '']
2022-06-14T16:04:04.0583708Z     [junit]     => org.opentest4j.AssertionFailedError: Unexpected exception type thrown ==> expected: <com.exedio.cope.vault.VaultNotFoundException> but was: <java.lang.RuntimeException>
2022-06-14T16:04:04.0584393Z     [junit]        org.junit.jupiter.api.AssertThrows.assertThrows(AssertThrows.java:63)
2022-06-14T16:04:04.0584904Z     [junit]        org.junit.jupiter.api.AssertThrows.assertThrows(AssertThrows.java:36)
2022-06-14T16:04:04.0585360Z     [junit]        org.junit.jupiter.api.Assertions.assertThrows(Assertions.java:1179)
2022-06-14T16:04:04.0585845Z     [junit]        com.exedio.cope.tojunit.Assert.assertFails(Assert.java:72)
2022-06-14T16:04:04.0586345Z     [junit]        com.exedio.cope.tojunit.Assert.assertFails(Assert.java:63)
2022-06-14T16:04:04.0586930Z     [junit]        com.exedio.cope.vault.VaultHttpServiceTest.notFoundAnonymousBytes(VaultHttpServiceTest.java:236)
2022-06-14T16:04:04.0587456Z     [junit]        sun.reflect.NativeMethodAccessorImpl.invoke0(Native Method)
2022-06-14T16:04:04.0587968Z     [junit]        sun.reflect.NativeMethodAccessorImpl.invoke(NativeMethodAccessorImpl.java:62)
2022-06-14T16:04:04.0588541Z     [junit]        sun.reflect.DelegatingMethodAccessorImpl.invoke(DelegatingMethodAccessorImpl.java:43)
2022-06-14T16:04:04.0589063Z     [junit]        java.lang.reflect.Method.invoke(Method.java:498)
2022-06-14T16:04:04.0589356Z     [junit]        [...]
2022-06-14T16:04:04.0589738Z     [junit]   JUnit Jupiter:VaultHttpServiceFlatTest:probeGenuineServiceKey()
2022-06-14T16:04:04.0590451Z     [junit]     MethodSource [className = 'com.exedio.cope.vault.VaultHttpServiceFlatTest', methodName = 'probeGenuineServiceKey', methodParameterTypes = '']
2022-06-14T16:04:04.0591136Z     [junit]     => org.opentest4j.AssertionFailedError: Unexpected exception type thrown ==> expected: <java.lang.IllegalStateException> but was: <java.net.ConnectException>
2022-06-14T16:04:04.0591771Z     [junit]        org.junit.jupiter.api.AssertThrows.assertThrows(AssertThrows.java:63)
2022-06-14T16:04:04.0592276Z     [junit]        org.junit.jupiter.api.AssertThrows.assertThrows(AssertThrows.java:36)
2022-06-14T16:04:04.0592778Z     [junit]        org.junit.jupiter.api.Assertions.assertThrows(Assertions.java:1179)
2022-06-14T16:04:04.0593223Z     [junit]        com.exedio.cope.tojunit.Assert.assertFails(Assert.java:72)
2022-06-14T16:04:04.0593698Z     [junit]        com.exedio.cope.tojunit.Assert.assertFails(Assert.java:63)
2022-06-14T16:04:04.0594307Z     [junit]        com.exedio.cope.vault.VaultHttpServiceTest.assertProbeGenuineServiceKeyFails(VaultHttpServiceTest.java:216)
2022-06-14T16:04:04.0595055Z     [junit]        com.exedio.cope.vault.VaultHttpServiceTest.probeGenuineServiceKey(VaultHttpServiceTest.java:177)
2022-06-14T16:04:04.0595594Z     [junit]        sun.reflect.NativeMethodAccessorImpl.invoke0(Native Method)
2022-06-14T16:04:04.0596102Z     [junit]        sun.reflect.NativeMethodAccessorImpl.invoke(NativeMethodAccessorImpl.java:62)
2022-06-14T16:04:04.0596708Z     [junit]        sun.reflect.DelegatingMethodAccessorImpl.invoke(DelegatingMethodAccessorImpl.java:43)
2022-06-14T16:04:04.0597080Z     [junit]        [...]
2022-06-14T16:04:04.0597339Z     [junit] 
2022-06-14T16:04:04.0597648Z     [junit] Test run finished after 14399 ms
2022-06-14T16:04:04.0597936Z     [junit] [       381 containers found      ]
2022-06-14T16:04:04.0598289Z     [junit] [         2 containers skipped    ]
2022-06-14T16:04:04.0598612Z     [junit] [       379 containers started    ]
2022-06-14T16:04:04.0598940Z     [junit] [         0 containers aborted    ]
2022-06-14T16:04:04.0599217Z     [junit] [       379 containers successful ]
2022-06-14T16:04:04.0599549Z     [junit] [         0 containers failed     ]
2022-06-14T16:04:04.0599914Z     [junit] [      2429 tests found           ]
2022-06-14T16:04:04.0600188Z     [junit] [         3 tests skipped         ]
2022-06-14T16:04:04.0600494Z     [junit] [      2426 tests started         ]
2022-06-14T16:04:04.0600794Z     [junit] [        30 tests aborted         ]
2022-06-14T16:04:04.0601082Z     [junit] [      2358 tests successful      ]
2022-06-14T16:04:04.0601380Z     [junit] [        38 tests failed          ]
2022-06-14T16:04:04.0601669Z     [junit] 
2022-06-14T16:04:04.0658083Z 
2022-06-14T16:04:04.0658515Z BUILD FAILED
2022-06-14T16:04:04.0659175Z /home/runner/work/persistence/persistence/build.xml:457: The following error occurred while executing this line:
2022-06-14T16:04:04.0661032Z /home/runner/work/persistence/persistence/build.xml:91: Java returned: 1
2022-06-14T16:04:04.0661431Z 
2022-06-14T16:04:04.0661736Z Total time: 44 seconds
2022-06-14T16:04:04.0881617Z ##[error]Process completed with exit code 1.
2022-06-14T16:04:04.1070539Z Post job cleanup.
2022-06-14T16:04:04.2580478Z Post job cleanup.
2022-06-14T16:04:04.3748548Z [command]/usr/bin/git version
2022-06-14T16:04:04.3792587Z git version 2.36.1
2022-06-14T16:04:04.3830468Z Temporarily overriding HOME='/home/runner/work/_temp/5b6d0f21-8c99-49a6-87a5-476100fcc519' before making global git config changes
2022-06-14T16:04:04.3831138Z Adding repository directory to the temporary git global config as a safe directory
2022-06-14T16:04:04.3834920Z [command]/usr/bin/git config --global --add safe.directory /home/runner/work/persistence/persistence
2022-06-14T16:04:04.3871797Z [command]/usr/bin/git config --local --name-only --get-regexp core\.sshCommand
2022-06-14T16:04:04.3902802Z [command]/usr/bin/git submodule foreach --recursive git config --local --name-only --get-regexp 'core\.sshCommand' && git config --local --unset-all 'core.sshCommand' || :
2022-06-14T16:04:04.4155147Z [command]/usr/bin/git config --local --name-only --get-regexp http\.https\:\/\/github\.com\/\.extraheader
2022-06-14T16:04:04.4179976Z http.https://github.com/.extraheader
2022-06-14T16:04:04.4188332Z [command]/usr/bin/git config --local --unset-all http.https://github.com/.extraheader
2022-06-14T16:04:04.4219182Z [command]/usr/bin/git submodule foreach --recursive git config --local --name-only --get-regexp 'http\.https\:\/\/github\.com\/\.extraheader' && git config --local --unset-all 'http.https://github.com/.extraheader' || :
2022-06-14T16:04:04.4659191Z Cleaning up orphan processes