2022-03-23T15:48:59.6490758Z Requested labels: ubuntu-latest
2022-03-23T15:48:59.6490817Z Job defined at: apache/beam/.github/workflows/build_playground_backend.yml@refs/heads/master
2022-03-23T15:48:59.6490844Z Waiting for a runner to pick up this job...
2022-03-23T15:51:09.1864565Z Job is waiting for a hosted runner to come online.
2022-03-23T15:51:14.1128314Z Job is about to start running on the hosted runner: GitHub Actions 184 (hosted)
2022-03-23T15:51:17.4806767Z Current runner version: '2.288.1'
2022-03-23T15:51:17.4836536Z ##[group]Operating System
2022-03-23T15:51:17.4837224Z Ubuntu
2022-03-23T15:51:17.4837525Z 20.04.4
2022-03-23T15:51:17.4837968Z LTS
2022-03-23T15:51:17.4838346Z ##[endgroup]
2022-03-23T15:51:17.4838744Z ##[group]Virtual Environment
2022-03-23T15:51:17.4839191Z Environment: ubuntu-20.04
2022-03-23T15:51:17.4839649Z Version: 20220227.1
2022-03-23T15:51:17.4840278Z Included Software: https://github.com/actions/virtual-environments/blob/ubuntu20/20220227.1/images/linux/Ubuntu2004-Readme.md
2022-03-23T15:51:17.4841062Z Image Release: https://github.com/actions/virtual-environments/releases/tag/ubuntu20%2F20220227.1
2022-03-23T15:51:17.4841603Z ##[endgroup]
2022-03-23T15:51:17.4842073Z ##[group]Virtual Environment Provisioner
2022-03-23T15:51:17.4842491Z 1.0.0.0-main-20220307-1
2022-03-23T15:51:17.4842865Z ##[endgroup]
2022-03-23T15:51:17.4843992Z ##[group]GITHUB_TOKEN Permissions
2022-03-23T15:51:17.4844822Z Actions: write
2022-03-23T15:51:17.4845376Z Checks: write
2022-03-23T15:51:17.4845804Z Contents: write
2022-03-23T15:51:17.4846281Z Deployments: write
2022-03-23T15:51:17.4846675Z Discussions: write
2022-03-23T15:51:17.4847048Z Issues: write
2022-03-23T15:51:17.4847411Z Metadata: read
2022-03-23T15:51:17.4847781Z Packages: write
2022-03-23T15:51:17.4848172Z Pages: write
2022-03-23T15:51:17.4848550Z PullRequests: write
2022-03-23T15:51:17.4848970Z RepositoryProjects: write
2022-03-23T15:51:17.4849444Z SecurityEvents: write
2022-03-23T15:51:17.4849841Z Statuses: write
2022-03-23T15:51:17.4850227Z ##[endgroup]
2022-03-23T15:51:17.4854558Z Secret source: Actions
2022-03-23T15:51:17.4855096Z Prepare workflow directory
2022-03-23T15:51:17.5972998Z Prepare all required actions
2022-03-23T15:51:17.6188687Z Getting action download info
2022-03-23T15:51:17.8609986Z Download action repository 'actions/checkout@v2' (SHA:ec3a7ce113134d7a93b817d10a8272cb61118579)
2022-03-23T15:51:18.5525593Z Download action repository 'actions/setup-java@v2' (SHA:f0bb91606209742fe3ea40199be2f3ef195ecabf)
2022-03-23T15:51:19.2022722Z Download action repository 'actions/setup-go@v2' (SHA:bfdd3570ce990073878bf10f6b2d79082de49492)
2022-03-23T15:51:19.6497157Z Download action repository 'actions/setup-node@v2' (SHA:1f8c6b94b26d0feae1e387ca63ccbdc44d27b561)
2022-03-23T15:51:20.2962979Z Download action repository 'hashicorp/setup-terraform@v1' (SHA:3d8debd658c92063839bc97da5c2427100420dec)
2022-03-23T15:51:21.0388708Z ##[group]Run actions/checkout@v2
2022-03-23T15:51:21.0389027Z with:
2022-03-23T15:51:21.0389241Z   repository: apache/beam
2022-03-23T15:51:21.0389677Z   token: ***
2022-03-23T15:51:21.0389906Z   ssh-strict: true
2022-03-23T15:51:21.0390152Z   persist-credentials: true
2022-03-23T15:51:21.0390394Z   clean: true
2022-03-23T15:51:21.0390609Z   fetch-depth: 1
2022-03-23T15:51:21.0390833Z   lfs: false
2022-03-23T15:51:21.0391045Z   submodules: false
2022-03-23T15:51:21.0391261Z env:
2022-03-23T15:51:21.0391451Z   GO_VERSION: 1.17.0
2022-03-23T15:51:21.0391673Z   BEAM_VERSION: 2.33.0
2022-03-23T15:51:21.0391918Z   TERRAFORM_VERSION: 1.0.9
2022-03-23T15:51:21.0392147Z   STAND_SUFFIX: 
2022-03-23T15:51:21.0392362Z ##[endgroup]
2022-03-23T15:51:21.3424949Z Syncing repository: apache/beam
2022-03-23T15:51:21.3426657Z ##[group]Getting Git version info
2022-03-23T15:51:21.3427372Z Working directory is '/home/runner/work/beam/beam'
2022-03-23T15:51:21.3427892Z [command]/usr/bin/git version
2022-03-23T15:51:21.3588289Z git version 2.35.1
2022-03-23T15:51:21.3609506Z ##[endgroup]
2022-03-23T15:51:21.3617765Z Deleting the contents of '/home/runner/work/beam/beam'
2022-03-23T15:51:21.3624100Z ##[group]Initializing the repository
2022-03-23T15:51:21.3629380Z [command]/usr/bin/git init /home/runner/work/beam/beam
2022-03-23T15:51:21.3716009Z hint: Using 'master' as the name for the initial branch. This default branch name
2022-03-23T15:51:21.3716881Z hint: is subject to change. To configure the initial branch name to use in all
2022-03-23T15:51:21.3717687Z hint: of your new repositories, which will suppress this warning, call:
2022-03-23T15:51:21.3718442Z hint: 
2022-03-23T15:51:21.3718945Z hint: 	git config --global init.defaultBranch <name>
2022-03-23T15:51:21.3719214Z hint: 
2022-03-23T15:51:21.3719612Z hint: Names commonly chosen instead of 'master' are 'main', 'trunk' and
2022-03-23T15:51:21.3720116Z hint: 'development'. The just-created branch can be renamed via this command:
2022-03-23T15:51:21.3720436Z hint: 
2022-03-23T15:51:21.3720812Z hint: 	git branch -m <name>
2022-03-23T15:51:21.3744150Z Initialized empty Git repository in /home/runner/work/beam/beam/.git/
2022-03-23T15:51:21.3755517Z [command]/usr/bin/git remote add origin https://github.com/apache/beam
2022-03-23T15:51:21.3797730Z ##[endgroup]
2022-03-23T15:51:21.3798617Z ##[group]Disabling automatic garbage collection
2022-03-23T15:51:21.3805249Z [command]/usr/bin/git config --local gc.auto 0
2022-03-23T15:51:21.3840836Z ##[endgroup]
2022-03-23T15:51:21.3902419Z ##[group]Setting up auth
2022-03-23T15:51:21.3903148Z [command]/usr/bin/git config --local --name-only --get-regexp core\.sshCommand
2022-03-23T15:51:21.3933480Z [command]/usr/bin/git submodule foreach --recursive git config --local --name-only --get-regexp 'core\.sshCommand' && git config --local --unset-all 'core.sshCommand' || :
2022-03-23T15:51:21.4366461Z [command]/usr/bin/git config --local --name-only --get-regexp http\.https\:\/\/github\.com\/\.extraheader
2022-03-23T15:51:21.4396711Z [command]/usr/bin/git submodule foreach --recursive git config --local --name-only --get-regexp 'http\.https\:\/\/github\.com\/\.extraheader' && git config --local --unset-all 'http.https://github.com/.extraheader' || :
2022-03-23T15:51:21.4709358Z [command]/usr/bin/git config --local http.https://github.com/.extraheader AUTHORIZATION: basic ***
2022-03-23T15:51:21.4710059Z ##[endgroup]
2022-03-23T15:51:21.4710510Z ##[group]Fetching the repository
2022-03-23T15:51:21.4711276Z [command]/usr/bin/git -c protocol.version=2 fetch --no-tags --prune --progress --no-recurse-submodules --depth=1 origin +0943d85113e77505f2a1291d7b256b9a4b1e5dec:refs/remotes/origin/master
2022-03-23T15:51:21.8493269Z remote: Enumerating objects: 14463, done.        
2022-03-23T15:51:21.8508113Z remote: Counting objects:   0% (1/14463)        
2022-03-23T15:51:21.8509174Z remote: Counting objects:   1% (145/14463)        
2022-03-23T15:51:21.8509672Z remote: Counting objects:   2% (290/14463)        
2022-03-23T15:51:21.8510472Z remote: Counting objects:   3% (434/14463)        
2022-03-23T15:51:21.8511025Z remote: Counting objects:   4% (579/14463)        
2022-03-23T15:51:21.8511471Z remote: Counting objects:   5% (724/14463)        
2022-03-23T15:51:21.8512237Z remote: Counting objects:   6% (868/14463)        
2022-03-23T15:51:21.8513072Z remote: Counting objects:   7% (1013/14463)        
2022-03-23T15:51:21.8514068Z remote: Counting objects:   8% (1158/14463)        
2022-03-23T15:51:21.8514672Z remote: Counting objects:   9% (1302/14463)        
2022-03-23T15:51:21.8515612Z remote: Counting objects:  10% (1447/14463)        
2022-03-23T15:51:21.8516110Z remote: Counting objects:  11% (1591/14463)        
2022-03-23T15:51:21.8848884Z remote: Counting objects:  12% (1736/14463)        
2022-03-23T15:51:21.8849676Z remote: Counting objects:  13% (1881/14463)        
2022-03-23T15:51:21.8850770Z remote: Counting objects:  14% (2025/14463)        
2022-03-23T15:51:21.8851319Z remote: Counting objects:  15% (2170/14463)        
2022-03-23T15:51:21.8852180Z remote: Counting objects:  16% (2315/14463)        
2022-03-23T15:51:21.8852726Z remote: Counting objects:  17% (2459/14463)        
2022-03-23T15:51:21.8853559Z remote: Counting objects:  18% (2604/14463)        
2022-03-23T15:51:21.8854259Z remote: Counting objects:  19% (2748/14463)        
2022-03-23T15:51:21.8855064Z remote: Counting objects:  20% (2893/14463)        
2022-03-23T15:51:21.8855640Z remote: Counting objects:  21% (3038/14463)        
2022-03-23T15:51:21.8856440Z remote: Counting objects:  22% (3182/14463)        
2022-03-23T15:51:21.8856993Z remote: Counting objects:  23% (3327/14463)        
2022-03-23T15:51:21.8858108Z remote: Counting objects:  24% (3472/14463)        
2022-03-23T15:51:21.8858726Z remote: Counting objects:  25% (3616/14463)        
2022-03-23T15:51:21.8859500Z remote: Counting objects:  26% (3761/14463)        
2022-03-23T15:51:21.8860080Z remote: Counting objects:  27% (3906/14463)        
2022-03-23T15:51:21.8860908Z remote: Counting objects:  28% (4050/14463)        
2022-03-23T15:51:21.8861489Z remote: Counting objects:  29% (4195/14463)        
2022-03-23T15:51:21.8862265Z remote: Counting objects:  30% (4339/14463)        
2022-03-23T15:51:21.8862838Z remote: Counting objects:  31% (4484/14463)        
2022-03-23T15:51:21.8863628Z remote: Counting objects:  32% (4629/14463)        
2022-03-23T15:51:21.8864199Z remote: Counting objects:  33% (4773/14463)        
2022-03-23T15:51:21.8865000Z remote: Counting objects:  34% (4918/14463)        
2022-03-23T15:51:21.8865570Z remote: Counting objects:  35% (5063/14463)        
2022-03-23T15:51:21.8867601Z remote: Counting objects:  36% (5207/14463)        
2022-03-23T15:51:21.8868240Z remote: Counting objects:  37% (5352/14463)        
2022-03-23T15:51:21.8869016Z remote: Counting objects:  38% (5496/14463)        
2022-03-23T15:51:21.8869588Z remote: Counting objects:  39% (5641/14463)        
2022-03-23T15:51:21.8870488Z remote: Counting objects:  40% (5786/14463)        
2022-03-23T15:51:21.8871107Z remote: Counting objects:  41% (5930/14463)        
2022-03-23T15:51:21.8872362Z remote: Counting objects:  42% (6075/14463)        
2022-03-23T15:51:21.8873108Z remote: Counting objects:  43% (6220/14463)        
2022-03-23T15:51:21.8873998Z remote: Counting objects:  44% (6364/14463)        
2022-03-23T15:51:21.8874602Z remote: Counting objects:  45% (6509/14463)        
2022-03-23T15:51:21.8875449Z remote: Counting objects:  46% (6653/14463)        
2022-03-23T15:51:21.8876046Z remote: Counting objects:  47% (6798/14463)        
2022-03-23T15:51:21.8876831Z remote: Counting objects:  48% (6943/14463)        
2022-03-23T15:51:21.8877434Z remote: Counting objects:  49% (7087/14463)        
2022-03-23T15:51:21.8878262Z remote: Counting objects:  50% (7232/14463)        
2022-03-23T15:51:21.8878856Z remote: Counting objects:  51% (7377/14463)        
2022-03-23T15:51:21.8879642Z remote: Counting objects:  52% (7521/14463)        
2022-03-23T15:51:21.8880421Z remote: Counting objects:  53% (7666/14463)        
2022-03-23T15:51:21.8881315Z remote: Counting objects:  54% (7811/14463)        
2022-03-23T15:51:21.8881922Z remote: Counting objects:  55% (7955/14463)        
2022-03-23T15:51:21.8882725Z remote: Counting objects:  56% (8100/14463)        
2022-03-23T15:51:21.8883273Z remote: Counting objects:  57% (8244/14463)        
2022-03-23T15:51:21.8884113Z remote: Counting objects:  58% (8389/14463)        
2022-03-23T15:51:21.8884666Z remote: Counting objects:  59% (8534/14463)        
2022-03-23T15:51:21.8885447Z remote: Counting objects:  60% (8678/14463)        
2022-03-23T15:51:21.8886045Z remote: Counting objects:  61% (8823/14463)        
2022-03-23T15:51:21.8886981Z remote: Counting objects:  62% (8968/14463)        
2022-03-23T15:51:21.8887540Z remote: Counting objects:  63% (9112/14463)        
2022-03-23T15:51:21.8888335Z remote: Counting objects:  64% (9257/14463)        
2022-03-23T15:51:21.8889222Z remote: Counting objects:  65% (9401/14463)        
2022-03-23T15:51:21.8890101Z remote: Counting objects:  66% (9546/14463)        
2022-03-23T15:51:21.8890619Z remote: Counting objects:  67% (9691/14463)        
2022-03-23T15:51:21.8891360Z remote: Counting objects:  68% (9835/14463)        
2022-03-23T15:51:21.8891927Z remote: Counting objects:  69% (9980/14463)        
2022-03-23T15:51:21.8892681Z remote: Counting objects:  70% (10125/14463)        
2022-03-23T15:51:21.8893201Z remote: Counting objects:  71% (10269/14463)        
2022-03-23T15:51:21.8893965Z remote: Counting objects:  72% (10414/14463)        
2022-03-23T15:51:21.8894490Z remote: Counting objects:  73% (10558/14463)        
2022-03-23T15:51:21.8895538Z remote: Counting objects:  74% (10703/14463)        
2022-03-23T15:51:21.8896064Z remote: Counting objects:  75% (10848/14463)        
2022-03-23T15:51:21.8896821Z remote: Counting objects:  76% (10992/14463)        
2022-03-23T15:51:21.8897347Z remote: Counting objects:  77% (11137/14463)        
2022-03-23T15:51:21.8898088Z remote: Counting objects:  78% (11282/14463)        
2022-03-23T15:51:21.8898605Z remote: Counting objects:  79% (11426/14463)        
2022-03-23T15:51:21.8900377Z remote: Counting objects:  80% (11571/14463)        
2022-03-23T15:51:21.8903541Z remote: Counting objects:  81% (11716/14463)        
2022-03-23T15:51:21.8904490Z remote: Counting objects:  82% (11860/14463)        
2022-03-23T15:51:21.8905253Z remote: Counting objects:  83% (12005/14463)        
2022-03-23T15:51:21.8905827Z remote: Counting objects:  84% (12149/14463)        
2022-03-23T15:51:21.8906334Z remote: Counting objects:  85% (12294/14463)        
2022-03-23T15:51:21.8906820Z remote: Counting objects:  86% (12439/14463)        
2022-03-23T15:51:21.8907740Z remote: Counting objects:  87% (12583/14463)        
2022-03-23T15:51:21.8908285Z remote: Counting objects:  88% (12728/14463)        
2022-03-23T15:51:21.8908814Z remote: Counting objects:  89% (12873/14463)        
2022-03-23T15:51:21.8909320Z remote: Counting objects:  90% (13017/14463)        
2022-03-23T15:51:21.8909993Z remote: Counting objects:  91% (13162/14463)        
2022-03-23T15:51:21.8910493Z remote: Counting objects:  92% (13306/14463)        
2022-03-23T15:51:21.8910978Z remote: Counting objects:  93% (13451/14463)        
2022-03-23T15:51:21.8911369Z remote: Counting objects:  94% (13596/14463)        
2022-03-23T15:51:21.8911892Z remote: Counting objects:  95% (13740/14463)        
2022-03-23T15:51:21.8912382Z remote: Counting objects:  96% (13885/14463)        
2022-03-23T15:51:21.8912903Z remote: Counting objects:  97% (14030/14463)        
2022-03-23T15:51:21.8913379Z remote: Counting objects:  98% (14174/14463)        
2022-03-23T15:51:21.8913896Z remote: Counting objects:  99% (14319/14463)        
2022-03-23T15:51:21.8914390Z remote: Counting objects: 100% (14463/14463)        
2022-03-23T15:51:21.8914881Z remote: Counting objects: 100% (14463/14463), done.        
2022-03-23T15:51:21.8949551Z remote: Compressing objects:   0% (1/9315)        
2022-03-23T15:51:21.9156358Z remote: Compressing objects:   1% (94/9315)        
2022-03-23T15:51:21.9655464Z remote: Compressing objects:   2% (187/9315)        
2022-03-23T15:51:22.0157092Z remote: Compressing objects:   3% (280/9315)        
2022-03-23T15:51:22.0811039Z remote: Compressing objects:   4% (373/9315)        
2022-03-23T15:51:22.1310492Z remote: Compressing objects:   5% (466/9315)        
2022-03-23T15:51:22.1990988Z remote: Compressing objects:   6% (559/9315)        
2022-03-23T15:51:22.2760923Z remote: Compressing objects:   7% (653/9315)        
2022-03-23T15:51:22.3239447Z remote: Compressing objects:   8% (746/9315)        
2022-03-23T15:51:22.3530505Z remote: Compressing objects:   9% (839/9315)        
2022-03-23T15:51:22.3716932Z remote: Compressing objects:  10% (932/9315)        
2022-03-23T15:51:22.3717649Z remote: Compressing objects:  11% (1025/9315)        
2022-03-23T15:51:22.3916696Z remote: Compressing objects:  12% (1118/9315)        
2022-03-23T15:51:22.4270771Z remote: Compressing objects:  13% (1211/9315)        
2022-03-23T15:51:22.4433906Z remote: Compressing objects:  14% (1305/9315)        
2022-03-23T15:51:22.4563026Z remote: Compressing objects:  15% (1398/9315)        
2022-03-23T15:51:22.4660148Z remote: Compressing objects:  16% (1491/9315)        
2022-03-23T15:51:22.4660611Z remote: Compressing objects:  17% (1584/9315)        
2022-03-23T15:51:22.4661150Z remote: Compressing objects:  18% (1677/9315)        
2022-03-23T15:51:22.4776511Z remote: Compressing objects:  19% (1770/9315)        
2022-03-23T15:51:22.5014120Z remote: Compressing objects:  20% (1863/9315)        
2022-03-23T15:51:22.5312587Z remote: Compressing objects:  21% (1957/9315)        
2022-03-23T15:51:22.5622927Z remote: Compressing objects:  22% (2050/9315)        
2022-03-23T15:51:22.5866704Z remote: Compressing objects:  23% (2143/9315)        
2022-03-23T15:51:22.6230152Z remote: Compressing objects:  24% (2236/9315)        
2022-03-23T15:51:22.7087718Z remote: Compressing objects:  25% (2329/9315)        
2022-03-23T15:51:22.7395800Z remote: Compressing objects:  26% (2422/9315)        
2022-03-23T15:51:22.7398503Z remote: Compressing objects:  27% (2516/9315)        
2022-03-23T15:51:22.7518805Z remote: Compressing objects:  28% (2609/9315)        
2022-03-23T15:51:22.7749840Z remote: Compressing objects:  29% (2702/9315)        
2022-03-23T15:51:22.7972714Z remote: Compressing objects:  30% (2795/9315)        
2022-03-23T15:51:22.8273385Z remote: Compressing objects:  31% (2888/9315)        
2022-03-23T15:51:22.8629744Z remote: Compressing objects:  32% (2981/9315)        
2022-03-23T15:51:22.8765090Z remote: Compressing objects:  33% (3074/9315)        
2022-03-23T15:51:22.8977530Z remote: Compressing objects:  33% (3123/9315)        
2022-03-23T15:51:22.9236321Z remote: Compressing objects:  34% (3168/9315)        
2022-03-23T15:51:22.9829275Z remote: Compressing objects:  35% (3261/9315)        
2022-03-23T15:51:23.0254301Z remote: Compressing objects:  36% (3354/9315)        
2022-03-23T15:51:23.0721008Z remote: Compressing objects:  37% (3447/9315)        
2022-03-23T15:51:23.1163267Z remote: Compressing objects:  38% (3540/9315)        
2022-03-23T15:51:23.1615721Z remote: Compressing objects:  39% (3633/9315)        
2022-03-23T15:51:23.2118219Z remote: Compressing objects:  40% (3726/9315)        
2022-03-23T15:51:23.2717300Z remote: Compressing objects:  41% (3820/9315)        
2022-03-23T15:51:23.3121410Z remote: Compressing objects:  42% (3913/9315)        
2022-03-23T15:51:23.3694725Z remote: Compressing objects:  43% (4006/9315)        
2022-03-23T15:51:23.4096672Z remote: Compressing objects:  44% (4099/9315)        
2022-03-23T15:51:23.4650169Z remote: Compressing objects:  45% (4192/9315)        
2022-03-23T15:51:23.5243852Z remote: Compressing objects:  46% (4285/9315)        
2022-03-23T15:51:23.5810925Z remote: Compressing objects:  47% (4379/9315)        
2022-03-23T15:51:23.6398001Z remote: Compressing objects:  48% (4472/9315)        
2022-03-23T15:51:23.6752323Z remote: Compressing objects:  49% (4565/9315)        
2022-03-23T15:51:23.7098444Z remote: Compressing objects:  50% (4658/9315)        
2022-03-23T15:51:23.7338437Z remote: Compressing objects:  51% (4751/9315)        
2022-03-23T15:51:23.7622910Z remote: Compressing objects:  52% (4844/9315)        
2022-03-23T15:51:23.7992857Z remote: Compressing objects:  53% (4937/9315)        
2022-03-23T15:51:23.8401830Z remote: Compressing objects:  54% (5031/9315)        
2022-03-23T15:51:23.8772724Z remote: Compressing objects:  55% (5124/9315)        
2022-03-23T15:51:23.8907380Z remote: Compressing objects:  55% (5187/9315)        
2022-03-23T15:51:23.9288898Z remote: Compressing objects:  56% (5217/9315)        
2022-03-23T15:51:23.9693683Z remote: Compressing objects:  57% (5310/9315)        
2022-03-23T15:51:24.0002060Z remote: Compressing objects:  58% (5403/9315)        
2022-03-23T15:51:24.0410450Z remote: Compressing objects:  59% (5496/9315)        
2022-03-23T15:51:24.0817722Z remote: Compressing objects:  60% (5589/9315)        
2022-03-23T15:51:24.1012177Z remote: Compressing objects:  61% (5683/9315)        
2022-03-23T15:51:24.1313565Z remote: Compressing objects:  62% (5776/9315)        
2022-03-23T15:51:24.1623332Z remote: Compressing objects:  63% (5869/9315)        
2022-03-23T15:51:24.1952106Z remote: Compressing objects:  64% (5962/9315)        
2022-03-23T15:51:24.2247212Z remote: Compressing objects:  65% (6055/9315)        
2022-03-23T15:51:24.2359046Z remote: Compressing objects:  66% (6148/9315)        
2022-03-23T15:51:24.2793311Z remote: Compressing objects:  67% (6242/9315)        
2022-03-23T15:51:24.3210649Z remote: Compressing objects:  68% (6335/9315)        
2022-03-23T15:51:24.3505139Z remote: Compressing objects:  69% (6428/9315)        
2022-03-23T15:51:24.3858436Z remote: Compressing objects:  70% (6521/9315)        
2022-03-23T15:51:24.4221081Z remote: Compressing objects:  71% (6614/9315)        
2022-03-23T15:51:24.4641075Z remote: Compressing objects:  72% (6707/9315)        
2022-03-23T15:51:24.4989511Z remote: Compressing objects:  73% (6800/9315)        
2022-03-23T15:51:24.5380225Z remote: Compressing objects:  74% (6894/9315)        
2022-03-23T15:51:24.6290509Z remote: Compressing objects:  75% (6987/9315)        
2022-03-23T15:51:24.7212713Z remote: Compressing objects:  76% (7080/9315)        
2022-03-23T15:51:24.7483097Z remote: Compressing objects:  77% (7173/9315)        
2022-03-23T15:51:24.7695690Z remote: Compressing objects:  78% (7266/9315)        
2022-03-23T15:51:24.8093319Z remote: Compressing objects:  79% (7359/9315)        
2022-03-23T15:51:24.8294268Z remote: Compressing objects:  80% (7452/9315)        
2022-03-23T15:51:24.8305022Z remote: Compressing objects:  81% (7546/9315)        
2022-03-23T15:51:24.8317782Z remote: Compressing objects:  82% (7639/9315)        
2022-03-23T15:51:24.8321401Z remote: Compressing objects:  83% (7732/9315)        
2022-03-23T15:51:24.8327625Z remote: Compressing objects:  84% (7825/9315)        
2022-03-23T15:51:24.8335857Z remote: Compressing objects:  85% (7918/9315)        
2022-03-23T15:51:24.8353757Z remote: Compressing objects:  86% (8011/9315)        
2022-03-23T15:51:24.8368115Z remote: Compressing objects:  87% (8105/9315)        
2022-03-23T15:51:24.8370477Z remote: Compressing objects:  88% (8198/9315)        
2022-03-23T15:51:24.8372226Z remote: Compressing objects:  89% (8291/9315)        
2022-03-23T15:51:24.8375920Z remote: Compressing objects:  90% (8384/9315)        
2022-03-23T15:51:24.8387772Z remote: Compressing objects:  91% (8477/9315)        
2022-03-23T15:51:24.8414739Z remote: Compressing objects:  92% (8570/9315)        
2022-03-23T15:51:24.8480977Z remote: Compressing objects:  93% (8663/9315)        
2022-03-23T15:51:24.8482751Z remote: Compressing objects:  94% (8757/9315)        
2022-03-23T15:51:24.8484404Z remote: Compressing objects:  95% (8850/9315)        
2022-03-23T15:51:24.8485915Z remote: Compressing objects:  96% (8943/9315)        
2022-03-23T15:51:24.8487386Z remote: Compressing objects:  97% (9036/9315)        
2022-03-23T15:51:24.8488208Z remote: Compressing objects:  98% (9129/9315)        
2022-03-23T15:51:24.8489164Z remote: Compressing objects:  99% (9222/9315)        
2022-03-23T15:51:24.8489789Z remote: Compressing objects: 100% (9315/9315)        
2022-03-23T15:51:24.8490574Z remote: Compressing objects: 100% (9315/9315), done.        
2022-03-23T15:51:24.9448904Z Receiving objects:   0% (1/14463)
2022-03-23T15:51:24.9535217Z Receiving objects:   1% (145/14463)
2022-03-23T15:51:24.9804981Z Receiving objects:   2% (290/14463)
2022-03-23T15:51:24.9914354Z Receiving objects:   3% (434/14463)
2022-03-23T15:51:25.0264609Z Receiving objects:   4% (579/14463)
2022-03-23T15:51:25.0328391Z Receiving objects:   5% (724/14463)
2022-03-23T15:51:25.0671965Z Receiving objects:   6% (868/14463)
2022-03-23T15:51:25.0681301Z Receiving objects:   7% (1013/14463)
2022-03-23T15:51:25.0715583Z Receiving objects:   8% (1158/14463)
2022-03-23T15:51:25.0726995Z Receiving objects:   9% (1302/14463)
2022-03-23T15:51:25.0734986Z Receiving objects:  10% (1447/14463)
2022-03-23T15:51:25.0740371Z Receiving objects:  11% (1591/14463)
2022-03-23T15:51:25.0744063Z Receiving objects:  12% (1736/14463)
2022-03-23T15:51:25.0750133Z Receiving objects:  13% (1881/14463)
2022-03-23T15:51:25.0755464Z Receiving objects:  14% (2025/14463)
2022-03-23T15:51:25.0764038Z Receiving objects:  15% (2170/14463)
2022-03-23T15:51:25.0767859Z Receiving objects:  16% (2315/14463)
2022-03-23T15:51:25.0771259Z Receiving objects:  17% (2459/14463)
2022-03-23T15:51:25.0774865Z Receiving objects:  18% (2604/14463)
2022-03-23T15:51:25.0779730Z Receiving objects:  19% (2748/14463)
2022-03-23T15:51:25.0783721Z Receiving objects:  20% (2893/14463)
2022-03-23T15:51:25.0790614Z Receiving objects:  21% (3038/14463)
2022-03-23T15:51:25.0798559Z Receiving objects:  22% (3182/14463)
2022-03-23T15:51:25.1084714Z Receiving objects:  23% (3327/14463)
2022-03-23T15:51:25.1174170Z Receiving objects:  24% (3472/14463)
2022-03-23T15:51:25.1209155Z Receiving objects:  25% (3616/14463)
2022-03-23T15:51:25.1267986Z Receiving objects:  26% (3761/14463)
2022-03-23T15:51:25.1319992Z Receiving objects:  27% (3906/14463)
2022-03-23T15:51:25.1421443Z Receiving objects:  28% (4050/14463)
2022-03-23T15:51:25.1519012Z Receiving objects:  29% (4195/14463)
2022-03-23T15:51:25.1600094Z Receiving objects:  30% (4339/14463)
2022-03-23T15:51:25.1684905Z Receiving objects:  31% (4484/14463)
2022-03-23T15:51:25.1728736Z Receiving objects:  32% (4629/14463)
2022-03-23T15:51:25.1809175Z Receiving objects:  33% (4773/14463)
2022-03-23T15:51:25.1921847Z Receiving objects:  34% (4918/14463)
2022-03-23T15:51:25.2099493Z Receiving objects:  35% (5063/14463)
2022-03-23T15:51:25.2189520Z Receiving objects:  36% (5207/14463)
2022-03-23T15:51:25.2460557Z Receiving objects:  37% (5352/14463)
2022-03-23T15:51:25.2628505Z Receiving objects:  38% (5496/14463)
2022-03-23T15:51:25.2820293Z Receiving objects:  39% (5641/14463)
2022-03-23T15:51:25.2927066Z Receiving objects:  40% (5786/14463)
2022-03-23T15:51:25.3078841Z Receiving objects:  41% (5930/14463)
2022-03-23T15:51:25.3180460Z Receiving objects:  42% (6075/14463)
2022-03-23T15:51:25.3354522Z Receiving objects:  43% (6220/14463)
2022-03-23T15:51:25.3514820Z Receiving objects:  44% (6364/14463)
2022-03-23T15:51:25.3588906Z Receiving objects:  45% (6509/14463)
2022-03-23T15:51:25.3948139Z Receiving objects:  46% (6653/14463), 6.04 MiB | 12.07 MiB/s
2022-03-23T15:51:25.4196088Z Receiving objects:  47% (6798/14463), 6.04 MiB | 12.07 MiB/s
2022-03-23T15:51:25.4299575Z Receiving objects:  48% (6943/14463), 6.04 MiB | 12.07 MiB/s
2022-03-23T15:51:25.4360790Z Receiving objects:  49% (7087/14463), 6.04 MiB | 12.07 MiB/s
2022-03-23T15:51:25.4485948Z Receiving objects:  50% (7232/14463), 6.04 MiB | 12.07 MiB/s
2022-03-23T15:51:25.4842434Z Receiving objects:  51% (7377/14463), 6.04 MiB | 12.07 MiB/s
2022-03-23T15:51:25.5128680Z Receiving objects:  52% (7521/14463), 6.04 MiB | 12.07 MiB/s
2022-03-23T15:51:25.5462922Z Receiving objects:  53% (7666/14463), 6.04 MiB | 12.07 MiB/s
2022-03-23T15:51:25.5703341Z Receiving objects:  54% (7811/14463), 6.04 MiB | 12.07 MiB/s
2022-03-23T15:51:25.5979126Z Receiving objects:  55% (7955/14463), 6.04 MiB | 12.07 MiB/s
2022-03-23T15:51:25.6353910Z Receiving objects:  56% (8100/14463), 6.04 MiB | 12.07 MiB/s
2022-03-23T15:51:25.6497411Z Receiving objects:  57% (8244/14463), 6.04 MiB | 12.07 MiB/s
2022-03-23T15:51:25.6584743Z Receiving objects:  58% (8389/14463), 6.04 MiB | 12.07 MiB/s
2022-03-23T15:51:25.6728638Z Receiving objects:  59% (8534/14463), 6.04 MiB | 12.07 MiB/s
2022-03-23T15:51:25.6775995Z Receiving objects:  60% (8678/14463), 6.04 MiB | 12.07 MiB/s
2022-03-23T15:51:25.6854339Z Receiving objects:  61% (8823/14463), 6.04 MiB | 12.07 MiB/s
2022-03-23T15:51:25.6895775Z Receiving objects:  62% (8968/14463), 6.04 MiB | 12.07 MiB/s
2022-03-23T15:51:25.7055838Z Receiving objects:  63% (9112/14463), 6.04 MiB | 12.07 MiB/s
2022-03-23T15:51:25.7167619Z Receiving objects:  64% (9257/14463), 6.04 MiB | 12.07 MiB/s
2022-03-23T15:51:25.7323035Z Receiving objects:  65% (9401/14463), 6.04 MiB | 12.07 MiB/s
2022-03-23T15:51:25.7482267Z Receiving objects:  66% (9546/14463), 6.04 MiB | 12.07 MiB/s
2022-03-23T15:51:25.7576059Z Receiving objects:  67% (9691/14463), 6.04 MiB | 12.07 MiB/s
2022-03-23T15:51:25.7782490Z Receiving objects:  68% (9835/14463), 6.04 MiB | 12.07 MiB/s
2022-03-23T15:51:25.7979843Z Receiving objects:  69% (9980/14463), 6.04 MiB | 12.07 MiB/s
2022-03-23T15:51:25.8037725Z Receiving objects:  70% (10125/14463), 6.04 MiB | 12.07 MiB/s
2022-03-23T15:51:25.8111944Z Receiving objects:  71% (10269/14463), 6.04 MiB | 12.07 MiB/s
2022-03-23T15:51:25.8188145Z Receiving objects:  72% (10414/14463), 6.04 MiB | 12.07 MiB/s
2022-03-23T15:51:25.8510249Z Receiving objects:  73% (10558/14463), 6.04 MiB | 12.07 MiB/s
2022-03-23T15:51:25.8544908Z Receiving objects:  73% (10691/14463), 10.95 MiB | 10.94 MiB/s
2022-03-23T15:51:25.8736546Z Receiving objects:  74% (10703/14463), 10.95 MiB | 10.94 MiB/s
2022-03-23T15:51:25.9015000Z Receiving objects:  75% (10848/14463), 10.95 MiB | 10.94 MiB/s
2022-03-23T15:51:25.9324619Z Receiving objects:  76% (10992/14463), 10.95 MiB | 10.94 MiB/s
2022-03-23T15:51:25.9379829Z Receiving objects:  77% (11137/14463), 10.95 MiB | 10.94 MiB/s
2022-03-23T15:51:25.9473072Z Receiving objects:  78% (11282/14463), 10.95 MiB | 10.94 MiB/s
2022-03-23T15:51:25.9566137Z Receiving objects:  79% (11426/14463), 10.95 MiB | 10.94 MiB/s
2022-03-23T15:51:25.9621945Z Receiving objects:  80% (11571/14463), 10.95 MiB | 10.94 MiB/s
2022-03-23T15:51:25.9673428Z Receiving objects:  81% (11716/14463), 10.95 MiB | 10.94 MiB/s
2022-03-23T15:51:25.9739008Z Receiving objects:  82% (11860/14463), 10.95 MiB | 10.94 MiB/s
2022-03-23T15:51:25.9842904Z Receiving objects:  83% (12005/14463), 10.95 MiB | 10.94 MiB/s
2022-03-23T15:51:25.9930187Z Receiving objects:  84% (12149/14463), 10.95 MiB | 10.94 MiB/s
2022-03-23T15:51:25.9974892Z Receiving objects:  85% (12294/14463), 10.95 MiB | 10.94 MiB/s
2022-03-23T15:51:26.0322257Z Receiving objects:  86% (12439/14463), 10.95 MiB | 10.94 MiB/s
2022-03-23T15:51:26.0495810Z Receiving objects:  87% (12583/14463), 10.95 MiB | 10.94 MiB/s
2022-03-23T15:51:26.1012161Z Receiving objects:  88% (12728/14463), 10.95 MiB | 10.94 MiB/s
2022-03-23T15:51:26.1559394Z Receiving objects:  89% (12873/14463), 10.95 MiB | 10.94 MiB/s
2022-03-23T15:51:26.2306148Z Receiving objects:  90% (13017/14463), 10.95 MiB | 10.94 MiB/s
2022-03-23T15:51:26.2662458Z Receiving objects:  91% (13162/14463), 10.95 MiB | 10.94 MiB/s
2022-03-23T15:51:26.2805999Z Receiving objects:  92% (13306/14463), 10.95 MiB | 10.94 MiB/s
2022-03-23T15:51:26.2958858Z Receiving objects:  93% (13451/14463), 10.95 MiB | 10.94 MiB/s
2022-03-23T15:51:26.3035514Z Receiving objects:  94% (13596/14463), 10.95 MiB | 10.94 MiB/s
2022-03-23T15:51:26.3458894Z Receiving objects:  95% (13740/14463), 10.95 MiB | 10.94 MiB/s
2022-03-23T15:51:26.3616648Z Receiving objects:  96% (13885/14463), 10.95 MiB | 10.94 MiB/s
2022-03-23T15:51:26.3650634Z Receiving objects:  97% (14030/14463), 17.85 MiB | 11.90 MiB/s
2022-03-23T15:51:26.8521632Z Receiving objects:  98% (14174/14463), 17.85 MiB | 11.90 MiB/s
2022-03-23T15:51:26.9872272Z Receiving objects:  98% (14301/14463), 36.40 MiB | 18.20 MiB/s
2022-03-23T15:51:27.6283612Z Receiving objects:  99% (14319/14463), 36.40 MiB | 18.20 MiB/s
2022-03-23T15:51:27.6284566Z remote: Total 14463 (delta 4191), reused 7942 (delta 2199), pack-reused 0        
2022-03-23T15:51:27.6299528Z Receiving objects: 100% (14463/14463), 50.94 MiB | 20.36 MiB/s
2022-03-23T15:51:27.6300009Z Receiving objects: 100% (14463/14463), 59.08 MiB | 21.26 MiB/s, done.
2022-03-23T15:51:27.6316511Z Resolving deltas:   0% (0/4191)
2022-03-23T15:51:27.6322634Z Resolving deltas:   1% (42/4191)
2022-03-23T15:51:27.6331464Z Resolving deltas:   2% (84/4191)
2022-03-23T15:51:27.6337532Z Resolving deltas:   3% (126/4191)
2022-03-23T15:51:27.6343619Z Resolving deltas:   4% (168/4191)
2022-03-23T15:51:27.6350239Z Resolving deltas:   5% (210/4191)
2022-03-23T15:51:27.6354832Z Resolving deltas:   6% (252/4191)
2022-03-23T15:51:27.6365399Z Resolving deltas:   7% (294/4191)
2022-03-23T15:51:27.6373444Z Resolving deltas:   8% (336/4191)
2022-03-23T15:51:27.6384577Z Resolving deltas:   9% (378/4191)
2022-03-23T15:51:27.6409645Z Resolving deltas:  10% (420/4191)
2022-03-23T15:51:27.6410183Z Resolving deltas:  11% (462/4191)
2022-03-23T15:51:27.6410628Z Resolving deltas:  12% (503/4191)
2022-03-23T15:51:27.6410968Z Resolving deltas:  13% (545/4191)
2022-03-23T15:51:27.6411351Z Resolving deltas:  14% (587/4191)
2022-03-23T15:51:27.6414040Z Resolving deltas:  15% (629/4191)
2022-03-23T15:51:27.6419947Z Resolving deltas:  16% (671/4191)
2022-03-23T15:51:27.6430370Z Resolving deltas:  17% (713/4191)
2022-03-23T15:51:27.6440553Z Resolving deltas:  18% (755/4191)
2022-03-23T15:51:27.6448295Z Resolving deltas:  19% (797/4191)
2022-03-23T15:51:27.6453873Z Resolving deltas:  20% (839/4191)
2022-03-23T15:51:27.6457139Z Resolving deltas:  21% (881/4191)
2022-03-23T15:51:27.6460229Z Resolving deltas:  22% (923/4191)
2022-03-23T15:51:27.6463685Z Resolving deltas:  23% (964/4191)
2022-03-23T15:51:27.6469076Z Resolving deltas:  24% (1006/4191)
2022-03-23T15:51:27.6479556Z Resolving deltas:  25% (1048/4191)
2022-03-23T15:51:27.6485162Z Resolving deltas:  26% (1090/4191)
2022-03-23T15:51:27.6490127Z Resolving deltas:  27% (1132/4191)
2022-03-23T15:51:27.6497593Z Resolving deltas:  28% (1174/4191)
2022-03-23T15:51:27.6501856Z Resolving deltas:  29% (1216/4191)
2022-03-23T15:51:27.6507251Z Resolving deltas:  30% (1258/4191)
2022-03-23T15:51:27.6511463Z Resolving deltas:  31% (1300/4191)
2022-03-23T15:51:27.6517940Z Resolving deltas:  32% (1342/4191)
2022-03-23T15:51:27.6529800Z Resolving deltas:  33% (1384/4191)
2022-03-23T15:51:27.6554105Z Resolving deltas:  34% (1425/4191)
2022-03-23T15:51:27.6560956Z Resolving deltas:  35% (1467/4191)
2022-03-23T15:51:27.6567848Z Resolving deltas:  36% (1509/4191)
2022-03-23T15:51:27.6573986Z Resolving deltas:  37% (1551/4191)
2022-03-23T15:51:27.6583566Z Resolving deltas:  38% (1593/4191)
2022-03-23T15:51:27.6593812Z Resolving deltas:  39% (1635/4191)
2022-03-23T15:51:27.6599503Z Resolving deltas:  40% (1677/4191)
2022-03-23T15:51:27.6612720Z Resolving deltas:  41% (1719/4191)
2022-03-23T15:51:27.6626083Z Resolving deltas:  42% (1761/4191)
2022-03-23T15:51:27.6633123Z Resolving deltas:  43% (1803/4191)
2022-03-23T15:51:27.6641394Z Resolving deltas:  44% (1845/4191)
2022-03-23T15:51:27.6652124Z Resolving deltas:  45% (1886/4191)
2022-03-23T15:51:27.6657556Z Resolving deltas:  46% (1928/4191)
2022-03-23T15:51:27.6666709Z Resolving deltas:  47% (1970/4191)
2022-03-23T15:51:27.6675712Z Resolving deltas:  48% (2012/4191)
2022-03-23T15:51:27.6691106Z Resolving deltas:  49% (2054/4191)
2022-03-23T15:51:27.6700797Z Resolving deltas:  50% (2096/4191)
2022-03-23T15:51:27.6716292Z Resolving deltas:  51% (2138/4191)
2022-03-23T15:51:27.6723772Z Resolving deltas:  52% (2180/4191)
2022-03-23T15:51:27.6733893Z Resolving deltas:  53% (2222/4191)
2022-03-23T15:51:27.6749702Z Resolving deltas:  54% (2264/4191)
2022-03-23T15:51:27.6761978Z Resolving deltas:  55% (2306/4191)
2022-03-23T15:51:27.6774440Z Resolving deltas:  56% (2347/4191)
2022-03-23T15:51:27.6788656Z Resolving deltas:  57% (2389/4191)
2022-03-23T15:51:27.6798367Z Resolving deltas:  58% (2431/4191)
2022-03-23T15:51:27.6811498Z Resolving deltas:  59% (2473/4191)
2022-03-23T15:51:27.6822110Z Resolving deltas:  60% (2515/4191)
2022-03-23T15:51:27.6834289Z Resolving deltas:  61% (2557/4191)
2022-03-23T15:51:27.6851517Z Resolving deltas:  62% (2599/4191)
2022-03-23T15:51:27.6865536Z Resolving deltas:  63% (2641/4191)
2022-03-23T15:51:27.6875428Z Resolving deltas:  64% (2683/4191)
2022-03-23T15:51:27.6885122Z Resolving deltas:  65% (2725/4191)
2022-03-23T15:51:27.6892497Z Resolving deltas:  66% (2767/4191)
2022-03-23T15:51:27.6900509Z Resolving deltas:  67% (2808/4191)
2022-03-23T15:51:27.6909795Z Resolving deltas:  68% (2850/4191)
2022-03-23T15:51:27.6920681Z Resolving deltas:  69% (2892/4191)
2022-03-23T15:51:27.6928781Z Resolving deltas:  70% (2934/4191)
2022-03-23T15:51:27.6941259Z Resolving deltas:  71% (2976/4191)
2022-03-23T15:51:27.6954383Z Resolving deltas:  72% (3018/4191)
2022-03-23T15:51:27.6967782Z Resolving deltas:  73% (3060/4191)
2022-03-23T15:51:27.6980087Z Resolving deltas:  74% (3102/4191)
2022-03-23T15:51:27.6991390Z Resolving deltas:  75% (3144/4191)
2022-03-23T15:51:27.7004338Z Resolving deltas:  76% (3186/4191)
2022-03-23T15:51:27.7014519Z Resolving deltas:  77% (3228/4191)
2022-03-23T15:51:27.7024059Z Resolving deltas:  78% (3269/4191)
2022-03-23T15:51:27.7034153Z Resolving deltas:  79% (3311/4191)
2022-03-23T15:51:27.7048548Z Resolving deltas:  80% (3353/4191)
2022-03-23T15:51:27.7062852Z Resolving deltas:  81% (3395/4191)
2022-03-23T15:51:27.7077309Z Resolving deltas:  82% (3437/4191)
2022-03-23T15:51:27.7091691Z Resolving deltas:  83% (3479/4191)
2022-03-23T15:51:27.7103899Z Resolving deltas:  84% (3521/4191)
2022-03-23T15:51:27.7117788Z Resolving deltas:  85% (3563/4191)
2022-03-23T15:51:27.7137263Z Resolving deltas:  86% (3605/4191)
2022-03-23T15:51:27.7318486Z Resolving deltas:  87% (3647/4191)
2022-03-23T15:51:27.7333807Z Resolving deltas:  88% (3689/4191)
2022-03-23T15:51:27.7342707Z Resolving deltas:  89% (3730/4191)
2022-03-23T15:51:27.7348193Z Resolving deltas:  90% (3772/4191)
2022-03-23T15:51:27.7359286Z Resolving deltas:  91% (3814/4191)
2022-03-23T15:51:27.7365465Z Resolving deltas:  92% (3856/4191)
2022-03-23T15:51:27.7383118Z Resolving deltas:  93% (3898/4191)
2022-03-23T15:51:27.7405349Z Resolving deltas:  94% (3940/4191)
2022-03-23T15:51:27.7416690Z Resolving deltas:  95% (3982/4191)
2022-03-23T15:51:27.7429136Z Resolving deltas:  96% (4024/4191)
2022-03-23T15:51:27.7437356Z Resolving deltas:  97% (4066/4191)
2022-03-23T15:51:27.7444806Z Resolving deltas:  98% (4108/4191)
2022-03-23T15:51:27.7453693Z Resolving deltas:  99% (4150/4191)
2022-03-23T15:51:27.7456760Z Resolving deltas: 100% (4191/4191)
2022-03-23T15:51:27.7457279Z Resolving deltas: 100% (4191/4191), done.
2022-03-23T15:51:27.8785825Z From https://github.com/apache/beam
2022-03-23T15:51:27.8787141Z  * [new ref]         0943d85113e77505f2a1291d7b256b9a4b1e5dec -> origin/master
2022-03-23T15:51:27.8811540Z ##[endgroup]
2022-03-23T15:51:27.8812469Z ##[group]Determining the checkout info
2022-03-23T15:51:27.8845412Z ##[endgroup]
2022-03-23T15:51:27.8846031Z ##[group]Checking out the ref
2022-03-23T15:51:27.8846727Z [command]/usr/bin/git checkout --progress --force -B master refs/remotes/origin/master
2022-03-23T15:51:28.9629774Z Updating files:  99% (9941/9985)
2022-03-23T15:51:28.9630445Z Updating files: 100% (9985/9985)
2022-03-23T15:51:28.9631070Z Updating files: 100% (9985/9985), done.
2022-03-23T15:51:28.9852445Z Reset branch 'master'
2022-03-23T15:51:28.9853169Z branch 'master' set up to track 'origin/master'.
2022-03-23T15:51:28.9898517Z ##[endgroup]
2022-03-23T15:51:28.9929875Z [command]/usr/bin/git log -1 --format='%H'
2022-03-23T15:51:28.9959736Z '0943d85113e77505f2a1291d7b256b9a4b1e5dec'
2022-03-23T15:51:29.0198619Z ##[group]Run actions/setup-java@v2
2022-03-23T15:51:29.0198911Z with:
2022-03-23T15:51:29.0199116Z   distribution: zulu
2022-03-23T15:51:29.0199356Z   java-version: 8
2022-03-23T15:51:29.0199595Z   java-package: jdk
2022-03-23T15:51:29.0199835Z   architecture: x64
2022-03-23T15:51:29.0200073Z   check-latest: false
2022-03-23T15:51:29.0200310Z   server-id: github
2022-03-23T15:51:29.0200564Z   server-username: GITHUB_ACTOR
2022-03-23T15:51:29.0200855Z   server-password: GITHUB_TOKEN
2022-03-23T15:51:29.0201120Z   overwrite-settings: true
2022-03-23T15:51:29.0201471Z   job-status: success
2022-03-23T15:51:29.0201675Z env:
2022-03-23T15:51:29.0201871Z   GO_VERSION: 1.17.0
2022-03-23T15:51:29.0202090Z   BEAM_VERSION: 2.33.0
2022-03-23T15:51:29.0202328Z   TERRAFORM_VERSION: 1.0.9
2022-03-23T15:51:29.0202550Z   STAND_SUFFIX: 
2022-03-23T15:51:29.0202764Z ##[endgroup]
2022-03-23T15:51:29.2290341Z Trying to resolve the latest version from remote
2022-03-23T15:51:29.3284059Z Resolved latest version as 8.0.322+6
2022-03-23T15:51:29.3284511Z Trying to download...
2022-03-23T15:51:29.3286741Z Downloading Java 8.0.322+6 (Zulu) from https://cdn.azul.com/zulu/bin/zulu8.60.0.21-ca-jdk8.0.322-linux_x64.tar.gz ...
2022-03-23T15:51:30.1416847Z Extracting Java archive...
2022-03-23T15:51:30.1558328Z [command]/usr/bin/tar xz --warning=no-unknown-keyword -C /home/runner/work/_temp/0cba00aa-7fb3-455c-b153-34e15140f99f -f /home/runner/work/_temp/222aa5d6-9093-4667-8223-9e0fca5b0fdd
2022-03-23T15:51:32.4930946Z Java 8.0.322+6 was downloaded
2022-03-23T15:51:32.4934051Z Setting Java 8.0.322+6 as the default
2022-03-23T15:51:32.4960080Z 
2022-03-23T15:51:32.4962947Z Java configuration:
2022-03-23T15:51:32.4965943Z   Distribution: zulu
2022-03-23T15:51:32.4969415Z   Version: 8.0.322+6
2022-03-23T15:51:32.4973275Z   Path: /opt/hostedtoolcache/Java_Zulu_jdk/8.0.322-6/x64
2022-03-23T15:51:32.4976471Z 
2022-03-23T15:51:32.5008224Z Creating settings.xml with server-id: github
2022-03-23T15:51:32.5094904Z Writing to /home/runner/.m2/settings.xml
2022-03-23T15:51:32.5254600Z ##[group]Run actions/setup-go@v2
2022-03-23T15:51:32.5254898Z with:
2022-03-23T15:51:32.5255122Z   go-version: 1.17.0
2022-03-23T15:51:32.5255373Z   check-latest: false
2022-03-23T15:51:32.5255602Z   stable: true
2022-03-23T15:51:32.5256005Z   token: ***
2022-03-23T15:51:32.5256223Z env:
2022-03-23T15:51:32.5256437Z   GO_VERSION: 1.17.0
2022-03-23T15:51:32.5256835Z   BEAM_VERSION: 2.33.0
2022-03-23T15:51:32.5257193Z   TERRAFORM_VERSION: 1.0.9
2022-03-23T15:51:32.5257437Z   STAND_SUFFIX: 
2022-03-23T15:51:32.5257742Z   JAVA_HOME: /opt/hostedtoolcache/Java_Zulu_jdk/8.0.322-6/x64
2022-03-23T15:51:32.5258040Z ##[endgroup]
2022-03-23T15:51:32.5832976Z Setup go stable version spec 1.17.0
2022-03-23T15:51:32.5859300Z Attempting to download 1.17.0...
2022-03-23T15:51:33.2038212Z matching 1.17.0...
2022-03-23T15:51:33.2125028Z Acquiring 1.17.0 from https://github.com/actions/go-versions/releases/download/1.17.0-1138146562/go-1.17.0-linux-x64.tar.gz
2022-03-23T15:51:36.2769931Z Extracting Go...
2022-03-23T15:51:36.2885058Z [command]/usr/bin/tar xz --warning=no-unknown-keyword -C /home/runner/work/_temp/3079c96c-6547-4aac-a0da-15d81e825e7a -f /home/runner/work/_temp/3bee757b-d8de-4da3-9786-aeeb1e6e7e21
2022-03-23T15:51:39.4644843Z Successfully extracted go to /home/runner/work/_temp/3079c96c-6547-4aac-a0da-15d81e825e7a
2022-03-23T15:51:39.4645697Z Adding to the cache ...
2022-03-23T15:51:45.0327935Z Successfully cached go to /opt/hostedtoolcache/go/1.17.0/x64
2022-03-23T15:51:45.0333235Z Added go to the path
2022-03-23T15:51:45.0475954Z Successfully setup go version 1.17.0
2022-03-23T15:51:45.0507750Z go version go1.17 linux/amd64
2022-03-23T15:51:45.0508718Z 
2022-03-23T15:51:45.0512059Z ##[group]go env
2022-03-23T15:51:45.1957445Z GO111MODULE=""
2022-03-23T15:51:45.1958124Z GOARCH="amd64"
2022-03-23T15:51:45.1959578Z GOBIN=""
2022-03-23T15:51:45.1960376Z GOCACHE="/home/runner/.cache/go-build"
2022-03-23T15:51:45.1960942Z GOENV="/home/runner/.config/go/env"
2022-03-23T15:51:45.1961483Z GOEXE=""
2022-03-23T15:51:45.1963441Z GOEXPERIMENT=""
2022-03-23T15:51:45.1963932Z GOFLAGS=""
2022-03-23T15:51:45.1964340Z GOHOSTARCH="amd64"
2022-03-23T15:51:45.1964740Z GOHOSTOS="linux"
2022-03-23T15:51:45.1965098Z GOINSECURE=""
2022-03-23T15:51:45.1965499Z GOMODCACHE="/home/runner/go/pkg/mod"
2022-03-23T15:51:45.1965890Z GONOPROXY=""
2022-03-23T15:51:45.1966237Z GONOSUMDB=""
2022-03-23T15:51:45.1966579Z GOOS="linux"
2022-03-23T15:51:45.1966945Z GOPATH="/home/runner/go"
2022-03-23T15:51:45.1967319Z GOPRIVATE=""
2022-03-23T15:51:45.1967773Z GOPROXY="https://proxy.golang.org,direct"
2022-03-23T15:51:45.1968265Z GOROOT="/opt/hostedtoolcache/go/1.17.0/x64"
2022-03-23T15:51:45.1968687Z GOSUMDB="sum.golang.org"
2022-03-23T15:51:45.1969053Z GOTMPDIR=""
2022-03-23T15:51:45.1969527Z GOTOOLDIR="/opt/hostedtoolcache/go/1.17.0/x64/pkg/tool/linux_amd64"
2022-03-23T15:51:45.1969950Z GOVCS=""
2022-03-23T15:51:45.1970291Z GOVERSION="go1.17"
2022-03-23T15:51:45.1970641Z GCCGO="gccgo"
2022-03-23T15:51:45.1970978Z AR="ar"
2022-03-23T15:51:45.1971284Z CC="gcc"
2022-03-23T15:51:45.1971611Z CXX="g++"
2022-03-23T15:51:45.1971951Z CGO_ENABLED="1"
2022-03-23T15:51:45.1972304Z GOMOD="/dev/null"
2022-03-23T15:51:45.1972770Z CGO_CFLAGS="-g -O2"
2022-03-23T15:51:45.1973130Z CGO_CPPFLAGS=""
2022-03-23T15:51:45.1973663Z CGO_CXXFLAGS="-g -O2"
2022-03-23T15:51:45.1974204Z CGO_FFLAGS="-g -O2"
2022-03-23T15:51:45.1974596Z CGO_LDFLAGS="-g -O2"
2022-03-23T15:51:45.1975017Z PKG_CONFIG="pkg-config"
2022-03-23T15:51:45.1975786Z GOGCCFLAGS="-fPIC -m64 -pthread -fmessage-length=0 -fdebug-prefix-map=/tmp/go-build743718737=/tmp/go-build -gno-record-gcc-switches"
2022-03-23T15:51:45.1976222Z 
2022-03-23T15:51:45.1976864Z ##[endgroup]
2022-03-23T15:51:45.2099495Z ##[group]Run rm ~/.m2/settings.xml
2022-03-23T15:51:45.2100020Z [36;1mrm ~/.m2/settings.xml[0m
2022-03-23T15:51:45.2154084Z shell: /usr/bin/bash -e {0}
2022-03-23T15:51:45.2154331Z env:
2022-03-23T15:51:45.2154537Z   GO_VERSION: 1.17.0
2022-03-23T15:51:45.2154760Z   BEAM_VERSION: 2.33.0
2022-03-23T15:51:45.2154995Z   TERRAFORM_VERSION: 1.0.9
2022-03-23T15:51:45.2155223Z   STAND_SUFFIX: 
2022-03-23T15:51:45.2155506Z   JAVA_HOME: /opt/hostedtoolcache/Java_Zulu_jdk/8.0.322-6/x64
2022-03-23T15:51:45.2155819Z   GOROOT: /opt/hostedtoolcache/go/1.17.0/x64
2022-03-23T15:51:45.2156061Z ##[endgroup]
2022-03-23T15:51:45.2349277Z ##[group]Run ./gradlew playground:backend:precommit
2022-03-23T15:51:45.2349957Z [36;1m./gradlew playground:backend:precommit[0m
2022-03-23T15:51:45.2391212Z shell: /usr/bin/bash -e {0}
2022-03-23T15:51:45.2391442Z env:
2022-03-23T15:51:45.2391643Z   GO_VERSION: 1.17.0
2022-03-23T15:51:45.2391868Z   BEAM_VERSION: 2.33.0
2022-03-23T15:51:45.2392088Z   TERRAFORM_VERSION: 1.0.9
2022-03-23T15:51:45.2392317Z   STAND_SUFFIX: 
2022-03-23T15:51:45.2392608Z   JAVA_HOME: /opt/hostedtoolcache/Java_Zulu_jdk/8.0.322-6/x64
2022-03-23T15:51:45.2392924Z   GOROOT: /opt/hostedtoolcache/go/1.17.0/x64
2022-03-23T15:51:45.2393176Z ##[endgroup]
2022-03-23T15:51:45.3786197Z Downloading https://services.gradle.org/distributions/gradle-7.3.2-bin.zip
2022-03-23T15:51:47.2551930Z ...........10%...........20%...........30%...........40%...........50%...........60%...........70%...........80%...........90%...........100%
2022-03-23T15:51:48.4943813Z 
2022-03-23T15:51:48.4944590Z Welcome to Gradle 7.3.2!
2022-03-23T15:51:48.4945174Z 
2022-03-23T15:51:48.4945558Z Here are the highlights of this release:
2022-03-23T15:51:48.4946479Z  - Easily declare new test suites in Java projects
2022-03-23T15:51:48.4947433Z  - Support for Java 17
2022-03-23T15:51:48.4949028Z  - Support for Scala 3
2022-03-23T15:51:48.4949750Z 
2022-03-23T15:51:48.4951033Z For more details see https://docs.gradle.org/7.3.2/release-notes.html
2022-03-23T15:51:48.4951467Z 
2022-03-23T15:51:48.5929629Z Starting a Gradle Daemon (subsequent builds will be faster)
2022-03-23T15:51:49.7930392Z Configuration on demand is an incubating feature.
2022-03-23T15:52:44.1945450Z > Task :buildSrc:compileJava NO-SOURCE
2022-03-23T15:52:58.5957519Z > Task :buildSrc:compileGroovy
2022-03-23T15:52:58.5958359Z > Task :buildSrc:pluginDescriptors
2022-03-23T15:52:58.5959054Z > Task :buildSrc:processResources
2022-03-23T15:52:58.5959681Z > Task :buildSrc:classes
2022-03-23T15:52:58.6950442Z > Task :buildSrc:jar
2022-03-23T15:52:58.6951837Z > Task :buildSrc:assemble
2022-03-23T15:53:06.8933515Z > Task :buildSrc:spotlessGroovy
2022-03-23T15:53:06.8937177Z > Task :buildSrc:spotlessGroovyCheck
2022-03-23T15:53:06.8938117Z > Task :buildSrc:spotlessGroovyGradle
2022-03-23T15:53:06.8981864Z > Task :buildSrc:spotlessGroovyGradleCheck
2022-03-23T15:53:06.8984382Z > Task :buildSrc:spotlessCheck
2022-03-23T15:53:36.8927290Z > Task :buildSrc:pluginUnderTestMetadata
2022-03-23T15:54:48.3936192Z > Task :buildSrc:compileTestJava NO-SOURCE
2022-03-23T15:54:48.3946648Z > Task :buildSrc:compileTestGroovy NO-SOURCE
2022-03-23T15:54:48.3947712Z > Task :buildSrc:processTestResources NO-SOURCE
2022-03-23T15:54:48.3948543Z > Task :buildSrc:testClasses UP-TO-DATE
2022-03-23T15:54:48.3949123Z > Task :buildSrc:test NO-SOURCE
2022-03-23T15:54:48.5928373Z > Task :buildSrc:validatePlugins
2022-03-23T15:54:48.5929136Z > Task :buildSrc:check
2022-03-23T15:54:48.5929698Z > Task :buildSrc:build
2022-03-23T15:55:17.2931687Z 
2022-03-23T15:55:17.2934100Z go: downloading github.com/google/uuid v1.3.0
2022-03-23T15:55:17.2934526Z > Task :playground:backend:benchmarkCodeProcessing
2022-03-23T15:55:17.3014695Z go: downloading github.com/go-redis/redismock/v8 v8.0.6
2022-03-23T15:55:17.3015055Z go: downloading go.uber.org/goleak v1.1.12
2022-03-23T15:55:17.3016198Z go: downloading google.golang.org/grpc v1.41.0
2022-03-23T15:55:17.5926879Z go: downloading google.golang.org/protobuf v1.27.1
2022-03-23T15:55:17.6926344Z go: downloading cloud.google.com/go/logging v1.4.2
2022-03-23T15:55:17.7927469Z go: downloading github.com/go-redis/redis/v8 v8.11.4
2022-03-23T15:55:17.7928240Z go: downloading cloud.google.com/go v0.97.0
2022-03-23T15:55:17.7929314Z go: downloading google.golang.org/genproto v0.0.0-20211016002631-37fc39342514
2022-03-23T15:55:17.8927068Z go: downloading golang.org/x/net v0.0.0-20210503060351-7fd8e65b6420
2022-03-23T15:55:18.0926638Z go: downloading cloud.google.com/go/storage v1.18.2
2022-03-23T15:55:18.1926279Z go: downloading google.golang.org/api v0.58.0
2022-03-23T15:55:20.4943011Z go: downloading github.com/cespare/xxhash/v2 v2.1.2
2022-03-23T15:55:20.4943844Z go: downloading github.com/dgryski/go-rendezvous v0.0.0-20200823014737-9f7001d12a5f
2022-03-23T15:55:20.4944370Z go: downloading github.com/cespare/xxhash v1.1.0
2022-03-23T15:55:20.4944728Z go: downloading github.com/golang/protobuf v1.5.2
2022-03-23T15:55:20.5928642Z go: downloading golang.org/x/sys v0.0.0-20210917161153-d61c044b1678
2022-03-23T15:55:20.5935237Z go: downloading github.com/googleapis/gax-go/v2 v2.1.1
2022-03-23T15:55:20.5935760Z go: downloading golang.org/x/oauth2 v0.0.0-20211005180243-6b3c2da341f1
2022-03-23T15:55:20.5936218Z go: downloading golang.org/x/xerrors v0.0.0-20200804184101-5ec99f83aff1
2022-03-23T15:55:20.5936688Z go: downloading golang.org/x/sync v0.0.0-20210220032951-036812b2e83c
2022-03-23T15:55:20.6932565Z go: downloading go.opencensus.io v0.23.0
2022-03-23T15:55:20.6934955Z go: downloading golang.org/x/text v0.3.6
2022-03-23T15:55:21.3927193Z go: downloading github.com/golang/groupcache v0.0.0-20200121045136-8c9f03a8e57e
2022-03-23T15:55:21.3927726Z go: downloading github.com/google/go-cmp v0.5.6
2022-03-23T15:55:47.3926919Z goos: linux
2022-03-23T15:55:47.3927223Z goarch: amd64
2022-03-23T15:55:47.3927597Z pkg: beam.apache.org/playground/backend/internal/code_processing
2022-03-23T15:55:47.3928292Z cpu: Intel(R) Xeon(R) CPU E5-2673 v3 @ 2.40GHz
2022-03-23T15:55:48.5930641Z Benchmark_ProcessJava-2           	       2	 592258484 ns/op	  147092 B/op	     629 allocs/op
2022-03-23T15:55:51.7926592Z Benchmark_ProcessPython-2         	       6	 184769532 ns/op	  117025 B/op	     800 allocs/op
2022-03-23T15:55:53.8927274Z Benchmark_ProcessGo-2             	       3	 345473555 ns/op	  116968 B/op	     374 allocs/op
2022-03-23T15:55:54.9930752Z Benchmark_GetProcessingOutput-2   	22938718	        45.35 ns/op	       0 B/op	       0 allocs/op
2022-03-23T15:55:56.2926434Z Benchmark_GetProcessingStatus-2   	28608840	        43.02 ns/op	       0 B/op	       0 allocs/op
2022-03-23T15:55:57.5927647Z Benchmark_GetLastIndex-2          	27747090	        44.87 ns/op	       0 B/op	       0 allocs/op
2022-03-23T15:55:57.5928402Z PASS
2022-03-23T15:55:57.5929842Z ok  	beam.apache.org/playground/backend/internal/code_processing	10.787s
2022-03-23T15:56:08.0929103Z 
2022-03-23T15:56:08.0930293Z > Task :playground:backend:benchmarkPrecompiledObjects
2022-03-23T15:56:08.0930863Z goos: linux
2022-03-23T15:56:08.0931185Z goarch: amd64
2022-03-23T15:56:08.0931601Z pkg: beam.apache.org/playground/backend/internal/cloud_bucket
2022-03-23T15:56:08.0932358Z cpu: Intel(R) Xeon(R) CPU E5-2673 v3 @ 2.40GHz
2022-03-23T15:56:08.0933011Z Benchmark_GetPrecompiledObjects-2        	       1	9531281012 ns/op	 8036400 B/op	   79612 allocs/op
2022-03-23T15:56:10.1928193Z Benchmark_GetPrecompiledObjectOutput-2   	      19	  59195511 ns/op	  165029 B/op	    1360 allocs/op
2022-03-23T15:56:12.2926658Z Benchmark_GetPrecompiledObjectCode-2     	      18	  60148595 ns/op	  212114 B/op	    1393 allocs/op
2022-03-23T15:56:13.5927483Z Benchmark_GetPrecompiledObject-2         	      19	  64391640 ns/op	  167083 B/op	    1378 allocs/op
2022-03-23T15:56:13.5928453Z PASS
2022-03-23T15:56:13.5930188Z ok  	beam.apache.org/playground/backend/internal/cloud_bucket	14.992s
2022-03-23T15:56:13.5930606Z 
2022-03-23T15:56:13.5930917Z > Task :playground:backend:benchmark
2022-03-23T15:56:14.9928409Z golangci/golangci-lint info checking GitHub for tag 'v1.42.1'
2022-03-23T15:56:14.9928741Z 
2022-03-23T15:56:14.9929739Z golangci/golangci-lint info found version: 1.42.1 for v1.42.1/linux/amd64
2022-03-23T15:56:14.9930997Z golangci/golangci-lint info installed /home/runner/go/bin/golangci-lint
2022-03-23T15:56:14.9977511Z > Task :playground:backend:installLinter
2022-03-23T15:56:29.6926035Z 
2022-03-23T15:56:29.6926584Z > Task :playground:backend:runLint
2022-03-23T15:56:40.8928323Z 
2022-03-23T15:56:40.8928783Z > Task :playground:backend:test
2022-03-23T15:56:40.8929194Z ok  	beam.apache.org/playground/backend/cmd/server	10.046s
2022-03-23T15:56:40.8931243Z ?   	beam.apache.org/playground/backend/internal/api/v1	[no test files]
2022-03-23T15:56:40.8932118Z ?   	beam.apache.org/playground/backend/internal/cache	[no test files]
2022-03-23T15:56:40.8932804Z ok  	beam.apache.org/playground/backend/internal/cache/local	1.008s
2022-03-23T15:56:40.8933218Z ok  	beam.apache.org/playground/backend/internal/cache/redis	0.077s
2022-03-23T15:56:40.8933633Z ok  	beam.apache.org/playground/backend/internal/cloud_bucket	0.007s
2022-03-23T15:56:42.8931873Z --- FAIL: Test_prepareStep (0.00s)
2022-03-23T15:56:42.8933153Z     --- FAIL: Test_prepareStep/Error_during_expired_context_of_the_example (0.00s)
2022-03-23T15:56:42.8964090Z         code_processing_test.go:988: prepareStep: got status = STATUS_COMPILING, want STATUS_RUN_TIMEOUT
2022-03-23T15:56:42.8964453Z FAIL
2022-03-23T15:56:42.8964792Z FAIL	beam.apache.org/playground/backend/internal/code_processing	8.323s
2022-03-23T15:56:42.8965214Z ok  	beam.apache.org/playground/backend/internal/environment	0.033s
2022-03-23T15:56:42.8965624Z ok  	beam.apache.org/playground/backend/internal/errors	0.002s
2022-03-23T15:56:42.8966004Z ok  	beam.apache.org/playground/backend/internal/executors	0.006s
2022-03-23T15:56:43.1926706Z ok  	beam.apache.org/playground/backend/internal/fs_tool	0.023s
2022-03-23T15:56:45.9928991Z ok  	beam.apache.org/playground/backend/internal/logger	2.262s
2022-03-23T15:56:45.9935068Z ok  	beam.apache.org/playground/backend/internal/preparers	0.379s
2022-03-23T15:56:45.9935754Z ok  	beam.apache.org/playground/backend/internal/setup_tools/builder	0.007s
2022-03-23T15:56:45.9936380Z ok  	beam.apache.org/playground/backend/internal/setup_tools/life_cycle	0.008s
2022-03-23T15:56:46.3926065Z ok  	beam.apache.org/playground/backend/internal/streaming	0.004s
2022-03-23T15:56:47.3942563Z 
2022-03-23T15:56:47.3943221Z ok  	beam.apache.org/playground/backend/internal/utils	0.014s
2022-03-23T15:56:47.3943841Z FAILURE: Build failed with an exception.
2022-03-23T15:56:47.3944113Z 
2022-03-23T15:56:47.3966308Z * What went wrong:
2022-03-23T15:56:47.3966707Z ok  	beam.apache.org/playground/backend/internal/validators	0.009s
2022-03-23T15:56:47.3967539Z Execution failed for task ':playground:backend:test'.
2022-03-23T15:56:47.3968127Z > Process 'command 'go'' finished with non-zero exit value 1
2022-03-23T15:56:47.3968441Z 
2022-03-23T15:56:47.3968689Z * Try:
2022-03-23T15:56:47.3969075Z > Run with --stacktrace option to get the stack trace.
2022-03-23T15:56:47.3969510Z > Run with --info or --debug option to get more log output.
2022-03-23T15:56:47.3969917Z > Run with --scan to get full insights.
2022-03-23T15:56:47.3970088Z 
2022-03-23T15:56:47.3970260Z * Get more help at https://help.gradle.org
2022-03-23T15:56:47.3970443Z 
2022-03-23T15:56:47.3970552Z BUILD FAILED in 5m 2s
2022-03-23T15:56:47.3970766Z FAIL
2022-03-23T15:56:47.3971152Z 
2022-03-23T15:56:47.3971384Z > Task :playground:backend:test FAILED
2022-03-23T15:56:47.3971742Z 15 actionable tasks: 15 executed
2022-03-23T15:56:47.4925697Z 
2022-03-23T15:56:47.4926437Z Publishing build scan...
2022-03-23T15:56:48.0948408Z https://gradle.com/s/p7ya7fkv7gs52
2022-03-23T15:56:48.0948844Z 
2022-03-23T15:56:48.6106160Z ##[error]Process completed with exit code 1.
2022-03-23T15:56:48.6224738Z Post job cleanup.
2022-03-23T15:56:48.7966588Z Post job cleanup.
2022-03-23T15:56:48.9649860Z [command]/usr/bin/git version
2022-03-23T15:56:48.9708855Z git version 2.35.1
2022-03-23T15:56:48.9752295Z [command]/usr/bin/git config --local --name-only --get-regexp core\.sshCommand
2022-03-23T15:56:48.9789195Z [command]/usr/bin/git submodule foreach --recursive git config --local --name-only --get-regexp 'core\.sshCommand' && git config --local --unset-all 'core.sshCommand' || :
2022-03-23T15:56:49.0068662Z [command]/usr/bin/git config --local --name-only --get-regexp http\.https\:\/\/github\.com\/\.extraheader
2022-03-23T15:56:49.0102687Z http.https://github.com/.extraheader
2022-03-23T15:56:49.0139393Z [command]/usr/bin/git config --local --unset-all http.https://github.com/.extraheader
2022-03-23T15:56:49.0178725Z [command]/usr/bin/git submodule foreach --recursive git config --local --name-only --get-regexp 'http\.https\:\/\/github\.com\/\.extraheader' && git config --local --unset-all 'http.https://github.com/.extraheader' || :
2022-03-23T15:56:49.0612174Z Cleaning up orphan processes
2022-03-23T15:56:49.0878017Z Terminate orphan process: pid (1667) (java)