2022-03-25T15:08:43.8111467Z Requested labels: ubuntu-20.04
2022-03-25T15:08:43.8111547Z Job defined at: open-telemetry/opentelemetry-java/.github/workflows/main-build.yml@refs/heads/main
2022-03-25T15:08:43.8111577Z Waiting for a runner to pick up this job...
2022-03-25T15:08:45.9696007Z Job is waiting for a hosted runner to come online.
2022-03-25T15:08:49.9866820Z Job is about to start running on the hosted runner: GitHub Actions 27 (hosted)
2022-03-25T15:08:53.6617277Z Current runner version: '2.289.1'
2022-03-25T15:08:53.6643050Z ##[group]Operating System
2022-03-25T15:08:53.6643591Z Ubuntu
2022-03-25T15:08:53.6643930Z 20.04.4
2022-03-25T15:08:53.6644218Z LTS
2022-03-25T15:08:53.6644540Z ##[endgroup]
2022-03-25T15:08:53.6644831Z ##[group]Virtual Environment
2022-03-25T15:08:53.6645220Z Environment: ubuntu-20.04
2022-03-25T15:08:53.6645596Z Version: 20220227.1
2022-03-25T15:08:53.6646100Z Included Software: https://github.com/actions/virtual-environments/blob/ubuntu20/20220227.1/images/linux/Ubuntu2004-Readme.md
2022-03-25T15:08:53.6646785Z Image Release: https://github.com/actions/virtual-environments/releases/tag/ubuntu20%2F20220227.1
2022-03-25T15:08:53.6647259Z ##[endgroup]
2022-03-25T15:08:53.6647656Z ##[group]Virtual Environment Provisioner
2022-03-25T15:08:53.6647989Z 1.0.0.0-main-20220307-1
2022-03-25T15:08:53.6648327Z ##[endgroup]
2022-03-25T15:08:53.6649253Z ##[group]GITHUB_TOKEN Permissions
2022-03-25T15:08:53.6649916Z Actions: write
2022-03-25T15:08:53.6650362Z Checks: write
2022-03-25T15:08:53.6650690Z Contents: write
2022-03-25T15:08:53.6651021Z Deployments: write
2022-03-25T15:08:53.6651370Z Discussions: write
2022-03-25T15:08:53.6651710Z Issues: write
2022-03-25T15:08:53.6651979Z Metadata: read
2022-03-25T15:08:53.6652324Z Packages: write
2022-03-25T15:08:53.6652642Z Pages: write
2022-03-25T15:08:53.6652949Z PullRequests: write
2022-03-25T15:08:53.6653323Z RepositoryProjects: write
2022-03-25T15:08:53.6653686Z SecurityEvents: write
2022-03-25T15:08:53.6653973Z Statuses: write
2022-03-25T15:08:53.6654292Z ##[endgroup]
2022-03-25T15:08:53.6657771Z Secret source: Actions
2022-03-25T15:08:53.6658257Z Prepare workflow directory
2022-03-25T15:08:53.7487025Z Prepare all required actions
2022-03-25T15:08:53.7667380Z Getting action download info
2022-03-25T15:08:53.9835281Z Download action repository 'actions/checkout@v3' (SHA:a12a3943b4bdde767164f792f33f40b04645d846)
2022-03-25T15:08:54.2891105Z Download action repository 'actions/setup-java@v2' (SHA:f0bb91606209742fe3ea40199be2f3ef195ecabf)
2022-03-25T15:08:54.5865528Z Download action repository 'gradle/gradle-build-action@v2' (SHA:0d13054264b0bb894ded474f08ebb30921341cee)
2022-03-25T15:08:54.9191519Z Download action repository 'codecov/codecov-action@v2.1.0' (SHA:f32b3a3741e1053eb607407145bc9619351dc93b)
2022-03-25T15:08:55.1843958Z Download action repository 'actions/upload-artifact@v2' (SHA:82c141cc518b40d92cc801eee768e7aafc9c2fa2)
2022-03-25T15:08:55.5489716Z ##[group]Run actions/checkout@v3
2022-03-25T15:08:55.5490016Z with:
2022-03-25T15:08:55.5490206Z   fetch-depth: 0
2022-03-25T15:08:55.5490479Z   repository: open-telemetry/opentelemetry-java
2022-03-25T15:08:55.5490970Z   token: ***
2022-03-25T15:08:55.5491175Z   ssh-strict: true
2022-03-25T15:08:55.5491391Z   persist-credentials: true
2022-03-25T15:08:55.5491614Z   clean: true
2022-03-25T15:08:55.5491805Z   lfs: false
2022-03-25T15:08:55.5491993Z   submodules: false
2022-03-25T15:08:55.5492198Z ##[endgroup]
2022-03-25T15:08:55.8081590Z Syncing repository: open-telemetry/opentelemetry-java
2022-03-25T15:08:55.8083597Z ##[group]Getting Git version info
2022-03-25T15:08:55.8084145Z Working directory is '/home/runner/work/opentelemetry-java/opentelemetry-java'
2022-03-25T15:08:55.8084710Z [command]/usr/bin/git version
2022-03-25T15:08:55.8225155Z git version 2.35.1
2022-03-25T15:08:55.8227800Z ##[endgroup]
2022-03-25T15:08:55.8228596Z Deleting the contents of '/home/runner/work/opentelemetry-java/opentelemetry-java'
2022-03-25T15:08:55.8231283Z ##[group]Initializing the repository
2022-03-25T15:08:55.8233517Z [command]/usr/bin/git init /home/runner/work/opentelemetry-java/opentelemetry-java
2022-03-25T15:08:55.8315343Z hint: Using 'master' as the name for the initial branch. This default branch name
2022-03-25T15:08:55.8316025Z hint: is subject to change. To configure the initial branch name to use in all
2022-03-25T15:08:55.8316703Z hint: of your new repositories, which will suppress this warning, call:
2022-03-25T15:08:55.8317370Z hint: 
2022-03-25T15:08:55.8317892Z hint: 	git config --global init.defaultBranch <name>
2022-03-25T15:08:55.8318412Z hint: 
2022-03-25T15:08:55.8318806Z hint: Names commonly chosen instead of 'master' are 'main', 'trunk' and
2022-03-25T15:08:55.8319295Z hint: 'development'. The just-created branch can be renamed via this command:
2022-03-25T15:08:55.8319577Z hint: 
2022-03-25T15:08:55.8319835Z hint: 	git branch -m <name>
2022-03-25T15:08:55.8328130Z Initialized empty Git repository in /home/runner/work/opentelemetry-java/opentelemetry-java/.git/
2022-03-25T15:08:55.8337623Z [command]/usr/bin/git remote add origin https://github.com/open-telemetry/opentelemetry-java
2022-03-25T15:08:55.8385433Z ##[endgroup]
2022-03-25T15:08:55.8386834Z ##[group]Disabling automatic garbage collection
2022-03-25T15:08:55.8391803Z [command]/usr/bin/git config --local gc.auto 0
2022-03-25T15:08:55.8428966Z ##[endgroup]
2022-03-25T15:08:55.8446863Z ##[group]Setting up auth
2022-03-25T15:08:55.8447731Z [command]/usr/bin/git config --local --name-only --get-regexp core\.sshCommand
2022-03-25T15:08:55.8478419Z [command]/usr/bin/git submodule foreach --recursive git config --local --name-only --get-regexp 'core\.sshCommand' && git config --local --unset-all 'core.sshCommand' || :
2022-03-25T15:08:55.8826115Z [command]/usr/bin/git config --local --name-only --get-regexp http\.https\:\/\/github\.com\/\.extraheader
2022-03-25T15:08:55.8850360Z [command]/usr/bin/git submodule foreach --recursive git config --local --name-only --get-regexp 'http\.https\:\/\/github\.com\/\.extraheader' && git config --local --unset-all 'http.https://github.com/.extraheader' || :
2022-03-25T15:08:55.9069106Z [command]/usr/bin/git config --local http.https://github.com/.extraheader AUTHORIZATION: basic ***
2022-03-25T15:08:55.9110610Z ##[endgroup]
2022-03-25T15:08:55.9111062Z ##[group]Fetching the repository
2022-03-25T15:08:55.9122739Z [command]/usr/bin/git -c protocol.version=2 fetch --prune --progress --no-recurse-submodules origin +refs/heads/*:refs/remotes/origin/* +refs/tags/*:refs/tags/*
2022-03-25T15:08:56.1922844Z remote: Enumerating objects: 86113, done.        
2022-03-25T15:08:56.1929952Z remote: Counting objects:   0% (1/3442)        
2022-03-25T15:08:56.1939005Z remote: Counting objects:   1% (35/3442)        
2022-03-25T15:08:56.1947014Z remote: Counting objects:   2% (69/3442)        
2022-03-25T15:08:56.1952743Z remote: Counting objects:   3% (104/3442)        
2022-03-25T15:08:56.1957771Z remote: Counting objects:   4% (138/3442)        
2022-03-25T15:08:56.1962541Z remote: Counting objects:   5% (173/3442)        
2022-03-25T15:08:56.1966830Z remote: Counting objects:   6% (207/3442)        
2022-03-25T15:08:56.1971117Z remote: Counting objects:   7% (241/3442)        
2022-03-25T15:08:56.1974869Z remote: Counting objects:   8% (276/3442)        
2022-03-25T15:08:56.1979252Z remote: Counting objects:   9% (310/3442)        
2022-03-25T15:08:56.1984120Z remote: Counting objects:  10% (345/3442)        
2022-03-25T15:08:56.1987990Z remote: Counting objects:  11% (379/3442)        
2022-03-25T15:08:56.1992734Z remote: Counting objects:  12% (414/3442)        
2022-03-25T15:08:56.1996550Z remote: Counting objects:  13% (448/3442)        
2022-03-25T15:08:56.2001509Z remote: Counting objects:  14% (482/3442)        
2022-03-25T15:08:56.2005500Z remote: Counting objects:  15% (517/3442)        
2022-03-25T15:08:56.2009140Z remote: Counting objects:  16% (551/3442)        
2022-03-25T15:08:56.2012735Z remote: Counting objects:  17% (586/3442)        
2022-03-25T15:08:56.2016335Z remote: Counting objects:  18% (620/3442)        
2022-03-25T15:08:56.2019845Z remote: Counting objects:  19% (654/3442)        
2022-03-25T15:08:56.2023377Z remote: Counting objects:  20% (689/3442)        
2022-03-25T15:08:56.2026896Z remote: Counting objects:  21% (723/3442)        
2022-03-25T15:08:56.2031020Z remote: Counting objects:  22% (758/3442)        
2022-03-25T15:08:56.2034872Z remote: Counting objects:  23% (792/3442)        
2022-03-25T15:08:56.2038402Z remote: Counting objects:  24% (827/3442)        
2022-03-25T15:08:56.2042286Z remote: Counting objects:  25% (861/3442)        
2022-03-25T15:08:56.2045784Z remote: Counting objects:  26% (895/3442)        
2022-03-25T15:08:56.2050225Z remote: Counting objects:  27% (930/3442)        
2022-03-25T15:08:56.2053799Z remote: Counting objects:  28% (964/3442)        
2022-03-25T15:08:56.2057268Z remote: Counting objects:  29% (999/3442)        
2022-03-25T15:08:56.2060654Z remote: Counting objects:  30% (1033/3442)        
2022-03-25T15:08:56.2064124Z remote: Counting objects:  31% (1068/3442)        
2022-03-25T15:08:56.2067414Z remote: Counting objects:  32% (1102/3442)        
2022-03-25T15:08:56.2070224Z remote: Counting objects:  33% (1136/3442)        
2022-03-25T15:08:56.2072879Z remote: Counting objects:  34% (1171/3442)        
2022-03-25T15:08:56.2075604Z remote: Counting objects:  35% (1205/3442)        
2022-03-25T15:08:56.2078313Z remote: Counting objects:  36% (1240/3442)        
2022-03-25T15:08:56.2081951Z remote: Counting objects:  37% (1274/3442)        
2022-03-25T15:08:56.2084717Z remote: Counting objects:  38% (1308/3442)        
2022-03-25T15:08:56.2087317Z remote: Counting objects:  39% (1343/3442)        
2022-03-25T15:08:56.2090015Z remote: Counting objects:  40% (1377/3442)        
2022-03-25T15:08:56.2092728Z remote: Counting objects:  41% (1412/3442)        
2022-03-25T15:08:56.2095464Z remote: Counting objects:  42% (1446/3442)        
2022-03-25T15:08:56.2098146Z remote: Counting objects:  43% (1481/3442)        
2022-03-25T15:08:56.2100949Z remote: Counting objects:  44% (1515/3442)        
2022-03-25T15:08:56.2103612Z remote: Counting objects:  45% (1549/3442)        
2022-03-25T15:08:56.2106368Z remote: Counting objects:  46% (1584/3442)        
2022-03-25T15:08:56.2108067Z remote: Counting objects:  47% (1618/3442)        
2022-03-25T15:08:56.2109457Z remote: Counting objects:  48% (1653/3442)        
2022-03-25T15:08:56.2111577Z remote: Counting objects:  49% (1687/3442)        
2022-03-25T15:08:56.2112657Z remote: Counting objects:  50% (1721/3442)        
2022-03-25T15:08:56.2113352Z remote: Counting objects:  51% (1756/3442)        
2022-03-25T15:08:56.2114110Z remote: Counting objects:  52% (1790/3442)        
2022-03-25T15:08:56.2114898Z remote: Counting objects:  53% (1825/3442)        
2022-03-25T15:08:56.2115587Z remote: Counting objects:  54% (1859/3442)        
2022-03-25T15:08:56.2116346Z remote: Counting objects:  55% (1894/3442)        
2022-03-25T15:08:56.2117214Z remote: Counting objects:  56% (1928/3442)        
2022-03-25T15:08:56.2117766Z remote: Counting objects:  57% (1962/3442)        
2022-03-25T15:08:56.2122665Z remote: Counting objects:  58% (1997/3442)        
2022-03-25T15:08:56.2122957Z remote: Counting objects:  59% (2031/3442)        
2022-03-25T15:08:56.2123212Z remote: Counting objects:  60% (2066/3442)        
2022-03-25T15:08:56.2123485Z remote: Counting objects:  61% (2100/3442)        
2022-03-25T15:08:56.2123750Z remote: Counting objects:  62% (2135/3442)        
2022-03-25T15:08:56.2124015Z remote: Counting objects:  63% (2169/3442)        
2022-03-25T15:08:56.2124420Z remote: Counting objects:  64% (2203/3442)        
2022-03-25T15:08:56.2124672Z remote: Counting objects:  65% (2238/3442)        
2022-03-25T15:08:56.2124939Z remote: Counting objects:  66% (2272/3442)        
2022-03-25T15:08:56.2125209Z remote: Counting objects:  67% (2307/3442)        
2022-03-25T15:08:56.2125462Z remote: Counting objects:  68% (2341/3442)        
2022-03-25T15:08:56.2125729Z remote: Counting objects:  69% (2375/3442)        
2022-03-25T15:08:56.2125993Z remote: Counting objects:  70% (2410/3442)        
2022-03-25T15:08:56.2126238Z remote: Counting objects:  71% (2444/3442)        
2022-03-25T15:08:56.2126501Z remote: Counting objects:  72% (2479/3442)        
2022-03-25T15:08:56.2126760Z remote: Counting objects:  73% (2513/3442)        
2022-03-25T15:08:56.2127004Z remote: Counting objects:  74% (2548/3442)        
2022-03-25T15:08:56.2127268Z remote: Counting objects:  75% (2582/3442)        
2022-03-25T15:08:56.2127703Z remote: Counting objects:  76% (2616/3442)        
2022-03-25T15:08:56.2127970Z remote: Counting objects:  77% (2651/3442)        
2022-03-25T15:08:56.2128215Z remote: Counting objects:  78% (2685/3442)        
2022-03-25T15:08:56.2128474Z remote: Counting objects:  79% (2720/3442)        
2022-03-25T15:08:56.2128734Z remote: Counting objects:  80% (2754/3442)        
2022-03-25T15:08:56.2128985Z remote: Counting objects:  81% (2789/3442)        
2022-03-25T15:08:56.2129246Z remote: Counting objects:  82% (2823/3442)        
2022-03-25T15:08:56.2129507Z remote: Counting objects:  83% (2857/3442)        
2022-03-25T15:08:56.2129752Z remote: Counting objects:  84% (2892/3442)        
2022-03-25T15:08:56.2130014Z remote: Counting objects:  85% (2926/3442)        
2022-03-25T15:08:56.2130276Z remote: Counting objects:  86% (2961/3442)        
2022-03-25T15:08:56.2130536Z remote: Counting objects:  87% (2995/3442)        
2022-03-25T15:08:56.2130781Z remote: Counting objects:  88% (3029/3442)        
2022-03-25T15:08:56.2131046Z remote: Counting objects:  89% (3064/3442)        
2022-03-25T15:08:56.2131304Z remote: Counting objects:  90% (3098/3442)        
2022-03-25T15:08:56.2131548Z remote: Counting objects:  91% (3133/3442)        
2022-03-25T15:08:56.2131806Z remote: Counting objects:  92% (3167/3442)        
2022-03-25T15:08:56.2132063Z remote: Counting objects:  93% (3202/3442)        
2022-03-25T15:08:56.2132311Z remote: Counting objects:  94% (3236/3442)        
2022-03-25T15:08:56.2132570Z remote: Counting objects:  95% (3270/3442)        
2022-03-25T15:08:56.2132828Z remote: Counting objects:  96% (3305/3442)        
2022-03-25T15:08:56.2133085Z remote: Counting objects:  97% (3339/3442)        
2022-03-25T15:08:56.2133328Z remote: Counting objects:  98% (3374/3442)        
2022-03-25T15:08:56.2133586Z remote: Counting objects:  99% (3408/3442)        
2022-03-25T15:08:56.2133843Z remote: Counting objects: 100% (3442/3442)        
2022-03-25T15:08:56.2134102Z remote: Counting objects: 100% (3442/3442), done.        
2022-03-25T15:08:56.2134388Z remote: Compressing objects:   0% (1/1292)        
2022-03-25T15:08:56.2134665Z remote: Compressing objects:   1% (13/1292)        
2022-03-25T15:08:56.2134930Z remote: Compressing objects:   2% (26/1292)        
2022-03-25T15:08:56.2135207Z remote: Compressing objects:   3% (39/1292)        
2022-03-25T15:08:56.2135482Z remote: Compressing objects:   4% (52/1292)        
2022-03-25T15:08:56.2159537Z remote: Compressing objects:   5% (65/1292)        
2022-03-25T15:08:56.2187484Z remote: Compressing objects:   6% (78/1292)        
2022-03-25T15:08:56.2221380Z remote: Compressing objects:   7% (91/1292)        
2022-03-25T15:08:56.2324705Z remote: Compressing objects:   8% (104/1292)        
2022-03-25T15:08:56.2369257Z remote: Compressing objects:   9% (117/1292)        
2022-03-25T15:08:56.2431503Z remote: Compressing objects:  10% (130/1292)        
2022-03-25T15:08:56.2580967Z remote: Compressing objects:  11% (143/1292)        
2022-03-25T15:08:56.2603794Z remote: Compressing objects:  12% (156/1292)        
2022-03-25T15:08:56.2638627Z remote: Compressing objects:  13% (168/1292)        
2022-03-25T15:08:56.2704961Z remote: Compressing objects:  14% (181/1292)        
2022-03-25T15:08:56.2782304Z remote: Compressing objects:  15% (194/1292)        
2022-03-25T15:08:56.2824790Z remote: Compressing objects:  16% (207/1292)        
2022-03-25T15:08:56.2836817Z remote: Compressing objects:  17% (220/1292)        
2022-03-25T15:08:56.2863784Z remote: Compressing objects:  18% (233/1292)        
2022-03-25T15:08:56.2895271Z remote: Compressing objects:  19% (246/1292)        
2022-03-25T15:08:56.2927693Z remote: Compressing objects:  20% (259/1292)        
2022-03-25T15:08:56.2967730Z remote: Compressing objects:  21% (272/1292)        
2022-03-25T15:08:56.2992931Z remote: Compressing objects:  22% (285/1292)        
2022-03-25T15:08:56.3031042Z remote: Compressing objects:  23% (298/1292)        
2022-03-25T15:08:56.3045479Z remote: Compressing objects:  24% (311/1292)        
2022-03-25T15:08:56.3074790Z remote: Compressing objects:  25% (323/1292)        
2022-03-25T15:08:56.3116997Z remote: Compressing objects:  26% (336/1292)        
2022-03-25T15:08:56.3128608Z remote: Compressing objects:  27% (349/1292)        
2022-03-25T15:08:56.3157025Z remote: Compressing objects:  28% (362/1292)        
2022-03-25T15:08:56.3174809Z remote: Compressing objects:  29% (375/1292)        
2022-03-25T15:08:56.3208619Z remote: Compressing objects:  30% (388/1292)        
2022-03-25T15:08:56.3301334Z remote: Compressing objects:  31% (401/1292)        
2022-03-25T15:08:56.3307602Z remote: Compressing objects:  32% (414/1292)        
2022-03-25T15:08:56.3308457Z remote: Compressing objects:  33% (427/1292)        
2022-03-25T15:08:56.3310514Z remote: Compressing objects:  34% (440/1292)        
2022-03-25T15:08:56.3397585Z remote: Compressing objects:  35% (453/1292)        
2022-03-25T15:08:56.3406690Z remote: Compressing objects:  36% (466/1292)        
2022-03-25T15:08:56.3407156Z remote: Compressing objects:  37% (479/1292)        
2022-03-25T15:08:56.3407859Z remote: Compressing objects:  38% (491/1292)        
2022-03-25T15:08:56.3409235Z remote: Compressing objects:  39% (504/1292)        
2022-03-25T15:08:56.3409930Z remote: Compressing objects:  40% (517/1292)        
2022-03-25T15:08:56.3410805Z remote: Compressing objects:  41% (530/1292)        
2022-03-25T15:08:56.3411661Z remote: Compressing objects:  42% (543/1292)        
2022-03-25T15:08:56.3412415Z remote: Compressing objects:  43% (556/1292)        
2022-03-25T15:08:56.3413274Z remote: Compressing objects:  44% (569/1292)        
2022-03-25T15:08:56.3413988Z remote: Compressing objects:  45% (582/1292)        
2022-03-25T15:08:56.3414981Z remote: Compressing objects:  46% (595/1292)        
2022-03-25T15:08:56.3415826Z remote: Compressing objects:  47% (608/1292)        
2022-03-25T15:08:56.3416662Z remote: Compressing objects:  48% (621/1292)        
2022-03-25T15:08:56.3417552Z remote: Compressing objects:  49% (634/1292)        
2022-03-25T15:08:56.3418425Z remote: Compressing objects:  50% (646/1292)        
2022-03-25T15:08:56.3419272Z remote: Compressing objects:  51% (659/1292)        
2022-03-25T15:08:56.3420114Z remote: Compressing objects:  52% (672/1292)        
2022-03-25T15:08:56.3420930Z remote: Compressing objects:  53% (685/1292)        
2022-03-25T15:08:56.3536821Z remote: Compressing objects:  54% (698/1292)        
2022-03-25T15:08:56.3537759Z remote: Compressing objects:  55% (711/1292)        
2022-03-25T15:08:56.3542366Z remote: Compressing objects:  56% (724/1292)        
2022-03-25T15:08:56.3543138Z remote: Compressing objects:  57% (737/1292)        
2022-03-25T15:08:56.3544274Z remote: Compressing objects:  58% (750/1292)        
2022-03-25T15:08:56.3544860Z remote: Compressing objects:  59% (763/1292)        
2022-03-25T15:08:56.3546263Z remote: Compressing objects:  60% (776/1292)        
2022-03-25T15:08:56.3546908Z remote: Compressing objects:  61% (789/1292)        
2022-03-25T15:08:56.3547725Z remote: Compressing objects:  62% (802/1292)        
2022-03-25T15:08:56.3548285Z remote: Compressing objects:  63% (814/1292)        
2022-03-25T15:08:56.3549078Z remote: Compressing objects:  64% (827/1292)        
2022-03-25T15:08:56.3549914Z remote: Compressing objects:  65% (840/1292)        
2022-03-25T15:08:56.3550835Z remote: Compressing objects:  66% (853/1292)        
2022-03-25T15:08:56.3551429Z remote: Compressing objects:  67% (866/1292)        
2022-03-25T15:08:56.3552508Z remote: Compressing objects:  68% (879/1292)        
2022-03-25T15:08:56.3553243Z remote: Compressing objects:  69% (892/1292)        
2022-03-25T15:08:56.3555503Z remote: Compressing objects:  70% (905/1292)        
2022-03-25T15:08:56.3556387Z remote: Compressing objects:  71% (918/1292)        
2022-03-25T15:08:56.3557039Z remote: Compressing objects:  72% (931/1292)        
2022-03-25T15:08:56.3557923Z remote: Compressing objects:  73% (944/1292)        
2022-03-25T15:08:56.3558662Z remote: Compressing objects:  74% (957/1292)        
2022-03-25T15:08:56.3559664Z remote: Compressing objects:  75% (969/1292)        
2022-03-25T15:08:56.3560351Z remote: Compressing objects:  76% (982/1292)        
2022-03-25T15:08:56.3561459Z remote: Compressing objects:  77% (995/1292)        
2022-03-25T15:08:56.3562478Z remote: Compressing objects:  78% (1008/1292)        
2022-03-25T15:08:56.3562873Z remote: Compressing objects:  79% (1021/1292)        
2022-03-25T15:08:56.3563779Z remote: Compressing objects:  80% (1034/1292)        
2022-03-25T15:08:56.3567797Z remote: Compressing objects:  81% (1047/1292)        
2022-03-25T15:08:56.3568496Z remote: Compressing objects:  82% (1060/1292)        
2022-03-25T15:08:56.3568971Z remote: Compressing objects:  83% (1073/1292)        
2022-03-25T15:08:56.3569434Z remote: Compressing objects:  84% (1086/1292)        
2022-03-25T15:08:56.3569946Z remote: Compressing objects:  85% (1099/1292)        
2022-03-25T15:08:56.3570671Z remote: Compressing objects:  86% (1112/1292)        
2022-03-25T15:08:56.3572518Z remote: Compressing objects:  87% (1125/1292)        
2022-03-25T15:08:56.3574784Z remote: Compressing objects:  88% (1137/1292)        
2022-03-25T15:08:56.3576502Z remote: Compressing objects:  89% (1150/1292)        
2022-03-25T15:08:56.3578137Z remote: Compressing objects:  90% (1163/1292)        
2022-03-25T15:08:56.3579838Z remote: Compressing objects:  91% (1176/1292)        
2022-03-25T15:08:56.3581597Z remote: Compressing objects:  92% (1189/1292)        
2022-03-25T15:08:56.3583278Z remote: Compressing objects:  93% (1202/1292)        
2022-03-25T15:08:56.3584897Z remote: Compressing objects:  94% (1215/1292)        
2022-03-25T15:08:56.3586590Z remote: Compressing objects:  95% (1228/1292)        
2022-03-25T15:08:56.3588317Z remote: Compressing objects:  96% (1241/1292)        
2022-03-25T15:08:56.3589996Z remote: Compressing objects:  97% (1254/1292)        
2022-03-25T15:08:56.3591622Z remote: Compressing objects:  98% (1267/1292)        
2022-03-25T15:08:56.3593293Z remote: Compressing objects:  99% (1280/1292)        
2022-03-25T15:08:56.3594997Z remote: Compressing objects: 100% (1292/1292)        
2022-03-25T15:08:56.3596682Z remote: Compressing objects: 100% (1292/1292), done.        
2022-03-25T15:08:56.3795852Z Receiving objects:   0% (1/86113)
2022-03-25T15:08:56.3935129Z Receiving objects:   1% (862/86113)
2022-03-25T15:08:56.4064136Z Receiving objects:   2% (1723/86113)
2022-03-25T15:08:56.4192736Z Receiving objects:   3% (2584/86113)
2022-03-25T15:08:56.4428208Z Receiving objects:   4% (3445/86113)
2022-03-25T15:08:56.4535865Z Receiving objects:   5% (4306/86113)
2022-03-25T15:08:56.4633347Z Receiving objects:   6% (5167/86113)
2022-03-25T15:08:56.4762659Z Receiving objects:   7% (6028/86113)
2022-03-25T15:08:56.4838612Z Receiving objects:   8% (6890/86113)
2022-03-25T15:08:56.4894764Z Receiving objects:   9% (7751/86113)
2022-03-25T15:08:56.4949783Z Receiving objects:  10% (8612/86113)
2022-03-25T15:08:56.4975539Z Receiving objects:  11% (9473/86113)
2022-03-25T15:08:56.5015612Z Receiving objects:  12% (10334/86113)
2022-03-25T15:08:56.5080088Z Receiving objects:  13% (11195/86113)
2022-03-25T15:08:56.5137770Z Receiving objects:  14% (12056/86113)
2022-03-25T15:08:56.5188865Z Receiving objects:  15% (12917/86113)
2022-03-25T15:08:56.5250151Z Receiving objects:  16% (13779/86113)
2022-03-25T15:08:56.5279959Z Receiving objects:  17% (14640/86113)
2022-03-25T15:08:56.5362045Z Receiving objects:  18% (15501/86113)
2022-03-25T15:08:56.5415123Z Receiving objects:  19% (16362/86113)
2022-03-25T15:08:56.5477265Z Receiving objects:  20% (17223/86113)
2022-03-25T15:08:56.5521728Z Receiving objects:  21% (18084/86113)
2022-03-25T15:08:56.5578606Z Receiving objects:  22% (18945/86113)
2022-03-25T15:08:56.5617588Z Receiving objects:  23% (19806/86113)
2022-03-25T15:08:56.5640311Z Receiving objects:  24% (20668/86113)
2022-03-25T15:08:56.5676934Z Receiving objects:  25% (21529/86113)
2022-03-25T15:08:56.5700696Z Receiving objects:  26% (22390/86113)
2022-03-25T15:08:56.5720944Z Receiving objects:  27% (23251/86113)
2022-03-25T15:08:56.5761131Z Receiving objects:  28% (24112/86113)
2022-03-25T15:08:56.5802389Z Receiving objects:  29% (24973/86113)
2022-03-25T15:08:56.5822307Z Receiving objects:  30% (25834/86113)
2022-03-25T15:08:56.5844488Z Receiving objects:  31% (26696/86113)
2022-03-25T15:08:56.5864445Z Receiving objects:  32% (27557/86113)
2022-03-25T15:08:56.5889553Z Receiving objects:  33% (28418/86113)
2022-03-25T15:08:56.5914528Z Receiving objects:  34% (29279/86113)
2022-03-25T15:08:56.5935497Z Receiving objects:  35% (30140/86113)
2022-03-25T15:08:56.5958313Z Receiving objects:  36% (31001/86113)
2022-03-25T15:08:56.5975275Z Receiving objects:  37% (31862/86113)
2022-03-25T15:08:56.5998477Z Receiving objects:  38% (32723/86113)
2022-03-25T15:08:56.6054416Z Receiving objects:  39% (33585/86113)
2022-03-25T15:08:56.6091914Z Receiving objects:  40% (34446/86113)
2022-03-25T15:08:56.6119860Z Receiving objects:  41% (35307/86113)
2022-03-25T15:08:56.6145605Z Receiving objects:  42% (36168/86113)
2022-03-25T15:08:56.6186495Z Receiving objects:  43% (37029/86113)
2022-03-25T15:08:56.6222471Z Receiving objects:  44% (37890/86113)
2022-03-25T15:08:56.6243396Z Receiving objects:  45% (38751/86113)
2022-03-25T15:08:56.6269687Z Receiving objects:  46% (39612/86113)
2022-03-25T15:08:56.6288419Z Receiving objects:  47% (40474/86113)
2022-03-25T15:08:56.6306169Z Receiving objects:  48% (41335/86113)
2022-03-25T15:08:56.6326912Z Receiving objects:  49% (42196/86113)
2022-03-25T15:08:56.6343143Z Receiving objects:  50% (43057/86113)
2022-03-25T15:08:56.6370299Z Receiving objects:  51% (43918/86113)
2022-03-25T15:08:56.6393743Z Receiving objects:  52% (44779/86113)
2022-03-25T15:08:56.6416972Z Receiving objects:  53% (45640/86113)
2022-03-25T15:08:56.6443724Z Receiving objects:  54% (46502/86113)
2022-03-25T15:08:56.6475072Z Receiving objects:  55% (47363/86113)
2022-03-25T15:08:56.6500492Z Receiving objects:  56% (48224/86113)
2022-03-25T15:08:56.6519942Z Receiving objects:  57% (49085/86113)
2022-03-25T15:08:56.6542296Z Receiving objects:  58% (49946/86113)
2022-03-25T15:08:56.6571756Z Receiving objects:  59% (50807/86113)
2022-03-25T15:08:56.6596627Z Receiving objects:  60% (51668/86113)
2022-03-25T15:08:56.6619405Z Receiving objects:  61% (52529/86113)
2022-03-25T15:08:56.6635790Z Receiving objects:  62% (53391/86113)
2022-03-25T15:08:56.6659530Z Receiving objects:  63% (54252/86113)
2022-03-25T15:08:56.6691162Z Receiving objects:  64% (55113/86113)
2022-03-25T15:08:56.6710442Z Receiving objects:  65% (55974/86113)
2022-03-25T15:08:56.6728773Z Receiving objects:  66% (56835/86113)
2022-03-25T15:08:56.6748694Z Receiving objects:  67% (57696/86113)
2022-03-25T15:08:56.6767587Z Receiving objects:  68% (58557/86113)
2022-03-25T15:08:56.6784504Z Receiving objects:  69% (59418/86113)
2022-03-25T15:08:56.6809342Z Receiving objects:  70% (60280/86113)
2022-03-25T15:08:56.6848200Z Receiving objects:  71% (61141/86113)
2022-03-25T15:08:56.6893427Z Receiving objects:  72% (62002/86113)
2022-03-25T15:08:56.6903976Z Receiving objects:  73% (62863/86113)
2022-03-25T15:08:56.6960713Z Receiving objects:  74% (63724/86113)
2022-03-25T15:08:56.6995991Z Receiving objects:  75% (64585/86113)
2022-03-25T15:08:56.7038356Z Receiving objects:  76% (65446/86113)
2022-03-25T15:08:56.7072965Z Receiving objects:  77% (66308/86113)
2022-03-25T15:08:56.7105489Z Receiving objects:  78% (67169/86113)
2022-03-25T15:08:56.7125768Z Receiving objects:  79% (68030/86113)
2022-03-25T15:08:56.7143770Z Receiving objects:  80% (68891/86113)
2022-03-25T15:08:56.7161100Z Receiving objects:  81% (69752/86113)
2022-03-25T15:08:56.7187145Z Receiving objects:  82% (70613/86113)
2022-03-25T15:08:56.7201045Z Receiving objects:  83% (71474/86113)
2022-03-25T15:08:56.7217323Z Receiving objects:  84% (72335/86113)
2022-03-25T15:08:56.7244730Z Receiving objects:  85% (73197/86113)
2022-03-25T15:08:56.7278315Z Receiving objects:  86% (74058/86113)
2022-03-25T15:08:56.7296177Z Receiving objects:  87% (74919/86113)
2022-03-25T15:08:56.7319157Z Receiving objects:  88% (75780/86113)
2022-03-25T15:08:56.7339216Z Receiving objects:  89% (76641/86113)
2022-03-25T15:08:56.7360157Z Receiving objects:  90% (77502/86113)
2022-03-25T15:08:56.7681684Z Receiving objects:  91% (78363/86113)
2022-03-25T15:08:56.7682213Z Receiving objects:  92% (79224/86113)
2022-03-25T15:08:56.7682845Z Receiving objects:  93% (80086/86113)
2022-03-25T15:08:56.7683179Z Receiving objects:  94% (80947/86113)
2022-03-25T15:08:56.7683501Z Receiving objects:  95% (81808/86113)
2022-03-25T15:08:56.7696352Z Receiving objects:  96% (82669/86113)
2022-03-25T15:08:56.7710122Z Receiving objects:  97% (83530/86113)
2022-03-25T15:08:56.7771850Z Receiving objects:  98% (84391/86113)
2022-03-25T15:08:56.7900493Z Receiving objects:  99% (85252/86113)
2022-03-25T15:08:56.7901171Z remote: Total 86113 (delta 1101), reused 2669 (delta 658), pack-reused 82671        
2022-03-25T15:08:56.7915106Z Receiving objects: 100% (86113/86113)
2022-03-25T15:08:56.7915512Z Receiving objects: 100% (86113/86113), 15.14 MiB | 34.83 MiB/s, done.
2022-03-25T15:08:56.8021732Z Resolving deltas:   0% (0/35726)
2022-03-25T15:08:56.8064590Z Resolving deltas:   1% (358/35726)
2022-03-25T15:08:56.8108897Z Resolving deltas:   2% (715/35726)
2022-03-25T15:08:56.8200830Z Resolving deltas:   3% (1072/35726)
2022-03-25T15:08:56.8246755Z Resolving deltas:   4% (1430/35726)
2022-03-25T15:08:56.8281480Z Resolving deltas:   5% (1787/35726)
2022-03-25T15:08:56.8327739Z Resolving deltas:   6% (2144/35726)
2022-03-25T15:08:56.8383954Z Resolving deltas:   7% (2501/35726)
2022-03-25T15:08:56.8453310Z Resolving deltas:   8% (2859/35726)
2022-03-25T15:08:56.8502596Z Resolving deltas:   9% (3216/35726)
2022-03-25T15:08:56.8570204Z Resolving deltas:  10% (3573/35726)
2022-03-25T15:08:56.8610683Z Resolving deltas:  11% (3930/35726)
2022-03-25T15:08:56.8647275Z Resolving deltas:  12% (4288/35726)
2022-03-25T15:08:56.8700088Z Resolving deltas:  13% (4645/35726)
2022-03-25T15:08:56.8762386Z Resolving deltas:  14% (5002/35726)
2022-03-25T15:08:56.8821940Z Resolving deltas:  15% (5359/35726)
2022-03-25T15:08:56.8903673Z Resolving deltas:  16% (5717/35726)
2022-03-25T15:08:56.8965598Z Resolving deltas:  17% (6074/35726)
2022-03-25T15:08:56.9028525Z Resolving deltas:  18% (6431/35726)
2022-03-25T15:08:56.9102871Z Resolving deltas:  19% (6788/35726)
2022-03-25T15:08:56.9187652Z Resolving deltas:  20% (7146/35726)
2022-03-25T15:08:56.9263868Z Resolving deltas:  21% (7503/35726)
2022-03-25T15:08:56.9318429Z Resolving deltas:  22% (7860/35726)
2022-03-25T15:08:56.9407554Z Resolving deltas:  23% (8217/35726)
2022-03-25T15:08:56.9439979Z Resolving deltas:  24% (8575/35726)
2022-03-25T15:08:56.9486108Z Resolving deltas:  25% (8932/35726)
2022-03-25T15:08:56.9554006Z Resolving deltas:  26% (9289/35726)
2022-03-25T15:08:56.9586684Z Resolving deltas:  27% (9647/35726)
2022-03-25T15:08:56.9615496Z Resolving deltas:  28% (10004/35726)
2022-03-25T15:08:56.9678059Z Resolving deltas:  29% (10361/35726)
2022-03-25T15:08:56.9696076Z Resolving deltas:  30% (10718/35726)
2022-03-25T15:08:56.9718402Z Resolving deltas:  31% (11076/35726)
2022-03-25T15:08:56.9765294Z Resolving deltas:  32% (11433/35726)
2022-03-25T15:08:56.9793022Z Resolving deltas:  33% (11790/35726)
2022-03-25T15:08:56.9823123Z Resolving deltas:  34% (12147/35726)
2022-03-25T15:08:56.9861475Z Resolving deltas:  35% (12505/35726)
2022-03-25T15:08:56.9892726Z Resolving deltas:  36% (12862/35726)
2022-03-25T15:08:56.9947525Z Resolving deltas:  37% (13219/35726)
2022-03-25T15:08:57.0001350Z Resolving deltas:  38% (13576/35726)
2022-03-25T15:08:57.0028174Z Resolving deltas:  39% (13934/35726)
2022-03-25T15:08:57.0064494Z Resolving deltas:  40% (14291/35726)
2022-03-25T15:08:57.0092047Z Resolving deltas:  41% (14648/35726)
2022-03-25T15:08:57.0129801Z Resolving deltas:  42% (15005/35726)
2022-03-25T15:08:57.0182795Z Resolving deltas:  43% (15363/35726)
2022-03-25T15:08:57.0210962Z Resolving deltas:  44% (15720/35726)
2022-03-25T15:08:57.0223200Z Resolving deltas:  45% (16077/35726)
2022-03-25T15:08:57.0260863Z Resolving deltas:  46% (16434/35726)
2022-03-25T15:08:57.0314033Z Resolving deltas:  47% (16792/35726)
2022-03-25T15:08:57.0377400Z Resolving deltas:  48% (17149/35726)
2022-03-25T15:08:57.0410549Z Resolving deltas:  49% (17506/35726)
2022-03-25T15:08:57.0465805Z Resolving deltas:  50% (17863/35726)
2022-03-25T15:08:57.0503210Z Resolving deltas:  51% (18221/35726)
2022-03-25T15:08:57.0532976Z Resolving deltas:  52% (18578/35726)
2022-03-25T15:08:57.0575461Z Resolving deltas:  53% (18935/35726)
2022-03-25T15:08:57.0663280Z Resolving deltas:  54% (19293/35726)
2022-03-25T15:08:57.0690583Z Resolving deltas:  55% (19650/35726)
2022-03-25T15:08:57.0718621Z Resolving deltas:  56% (20007/35726)
2022-03-25T15:08:57.0762078Z Resolving deltas:  57% (20364/35726)
2022-03-25T15:08:57.0788249Z Resolving deltas:  58% (20722/35726)
2022-03-25T15:08:57.0806076Z Resolving deltas:  59% (21079/35726)
2022-03-25T15:08:57.0824352Z Resolving deltas:  60% (21436/35726)
2022-03-25T15:08:57.0843049Z Resolving deltas:  61% (21793/35726)
2022-03-25T15:08:57.0861881Z Resolving deltas:  62% (22151/35726)
2022-03-25T15:08:57.0882040Z Resolving deltas:  63% (22508/35726)
2022-03-25T15:08:57.0900956Z Resolving deltas:  64% (22865/35726)
2022-03-25T15:08:57.0930071Z Resolving deltas:  65% (23223/35726)
2022-03-25T15:08:57.0950499Z Resolving deltas:  66% (23580/35726)
2022-03-25T15:08:57.1011082Z Resolving deltas:  67% (23937/35726)
2022-03-25T15:08:57.1097689Z Resolving deltas:  68% (24294/35726)
2022-03-25T15:08:57.1150968Z Resolving deltas:  69% (24651/35726)
2022-03-25T15:08:57.1178911Z Resolving deltas:  70% (25009/35726)
2022-03-25T15:08:57.1199681Z Resolving deltas:  71% (25366/35726)
2022-03-25T15:08:57.1214593Z Resolving deltas:  72% (25723/35726)
2022-03-25T15:08:57.1236083Z Resolving deltas:  73% (26080/35726)
2022-03-25T15:08:57.1259615Z Resolving deltas:  74% (26438/35726)
2022-03-25T15:08:57.1389593Z Resolving deltas:  75% (26795/35726)
2022-03-25T15:08:57.1390075Z Resolving deltas:  76% (27152/35726)
2022-03-25T15:08:57.1399061Z Resolving deltas:  77% (27510/35726)
2022-03-25T15:08:57.1484493Z Resolving deltas:  78% (27867/35726)
2022-03-25T15:08:57.1508572Z Resolving deltas:  79% (28224/35726)
2022-03-25T15:08:57.1526045Z Resolving deltas:  80% (28581/35726)
2022-03-25T15:08:57.1545006Z Resolving deltas:  81% (28939/35726)
2022-03-25T15:08:57.1576939Z Resolving deltas:  82% (29296/35726)
2022-03-25T15:08:57.1616290Z Resolving deltas:  83% (29653/35726)
2022-03-25T15:08:57.1638132Z Resolving deltas:  84% (30010/35726)
2022-03-25T15:08:57.1748573Z Resolving deltas:  85% (30368/35726)
2022-03-25T15:08:57.1755821Z Resolving deltas:  86% (30725/35726)
2022-03-25T15:08:57.1775842Z Resolving deltas:  87% (31082/35726)
2022-03-25T15:08:57.1805175Z Resolving deltas:  88% (31439/35726)
2022-03-25T15:08:57.1835034Z Resolving deltas:  89% (31797/35726)
2022-03-25T15:08:57.1862093Z Resolving deltas:  90% (32154/35726)
2022-03-25T15:08:57.1917820Z Resolving deltas:  91% (32511/35726)
2022-03-25T15:08:57.1966955Z Resolving deltas:  92% (32868/35726)
2022-03-25T15:08:57.2099536Z Resolving deltas:  93% (33226/35726)
2022-03-25T15:08:57.2218261Z Resolving deltas:  94% (33583/35726)
2022-03-25T15:08:57.2317951Z Resolving deltas:  95% (33940/35726)
2022-03-25T15:08:57.2337299Z Resolving deltas:  96% (34297/35726)
2022-03-25T15:08:57.2353556Z Resolving deltas:  97% (34655/35726)
2022-03-25T15:08:57.2454677Z Resolving deltas:  98% (35012/35726)
2022-03-25T15:08:57.2614282Z Resolving deltas:  99% (35369/35726)
2022-03-25T15:08:57.2618017Z Resolving deltas: 100% (35726/35726)
2022-03-25T15:08:57.2618507Z Resolving deltas: 100% (35726/35726), done.
2022-03-25T15:08:57.4967421Z From https://github.com/open-telemetry/opentelemetry-java
2022-03-25T15:08:57.4971788Z  * [new branch]          anuraaga-patch-2        -> origin/anuraaga-patch-2
2022-03-25T15:08:57.4973173Z  * [new branch]          dependabot/github_actions/actions/checkout-2.3.5 -> origin/dependabot/github_actions/actions/checkout-2.3.5
2022-03-25T15:08:57.4974015Z  * [new branch]          dependabot/github_actions/actions/checkout-2.4.0 -> origin/dependabot/github_actions/actions/checkout-2.4.0
2022-03-25T15:08:57.4975094Z  * [new branch]          dependabot/github_actions/actions/setup-java-v2 -> origin/dependabot/github_actions/actions/setup-java-v2
2022-03-25T15:08:57.4975958Z  * [new branch]          dependabot/github_actions/codecov/codecov-action-2.0.3 -> origin/dependabot/github_actions/codecov/codecov-action-2.0.3
2022-03-25T15:08:57.4976772Z  * [new branch]          dependabot/github_actions/codecov/codecov-action-2.1.0 -> origin/dependabot/github_actions/codecov/codecov-action-2.1.0
2022-03-25T15:08:57.4977672Z  * [new branch]          dependabot/github_actions/docker/build-push-action-2.7.0 -> origin/dependabot/github_actions/docker/build-push-action-2.7.0
2022-03-25T15:08:57.4978617Z  * [new branch]          dependabot/github_actions/docker/build-push-action-2.8.0 -> origin/dependabot/github_actions/docker/build-push-action-2.8.0
2022-03-25T15:08:57.4979316Z  * [new branch]          main                    -> origin/main
2022-03-25T15:08:57.4980333Z  * [new branch]          openjdk17-debian        -> origin/openjdk17-debian
2022-03-25T15:08:57.4980889Z  * [new branch]          remove-kotlin-workaround -> origin/remove-kotlin-workaround
2022-03-25T15:08:57.4981402Z  * [new branch]          revert-1809-rmtracerctx -> origin/revert-1809-rmtracerctx
2022-03-25T15:08:57.4981941Z  * [new branch]          update-docker-images    -> origin/update-docker-images
2022-03-25T15:08:57.4982386Z  * [new branch]          v0.13.x                 -> origin/v0.13.x
2022-03-25T15:08:57.4982771Z  * [new branch]          v0.14.x                 -> origin/v0.14.x
2022-03-25T15:08:57.4983141Z  * [new branch]          v0.17.x                 -> origin/v0.17.x
2022-03-25T15:08:57.4983504Z  * [new branch]          v0.2.x                  -> origin/v0.2.x
2022-03-25T15:08:57.4983849Z  * [new branch]          v0.3.x                  -> origin/v0.3.x
2022-03-25T15:08:57.4984211Z  * [new branch]          v0.4.x                  -> origin/v0.4.x
2022-03-25T15:08:57.4984581Z  * [new branch]          v0.5.x                  -> origin/v0.5.x
2022-03-25T15:08:57.4984925Z  * [new branch]          v0.6.x                  -> origin/v0.6.x
2022-03-25T15:08:57.4985284Z  * [new branch]          v0.7.x                  -> origin/v0.7.x
2022-03-25T15:08:57.4985641Z  * [new branch]          v0.8.x                  -> origin/v0.8.x
2022-03-25T15:08:57.4986188Z  * [new branch]          v0.9.x                  -> origin/v0.9.x
2022-03-25T15:08:57.4986547Z  * [new branch]          v1.0.x                  -> origin/v1.0.x
2022-03-25T15:08:57.4986914Z  * [new branch]          v1.10.x                 -> origin/v1.10.x
2022-03-25T15:08:57.4987276Z  * [new branch]          v1.4.x                  -> origin/v1.4.x
2022-03-25T15:08:57.4987617Z  * [new branch]          v1.7.x                  -> origin/v1.7.x
2022-03-25T15:08:57.4987972Z  * [new branch]          v1.9.x                  -> origin/v1.9.x
2022-03-25T15:08:57.4988320Z  * [new tag]             v0.10.0                 -> v0.10.0
2022-03-25T15:08:57.4988666Z  * [new tag]             v0.11.0                 -> v0.11.0
2022-03-25T15:08:57.4988979Z  * [new tag]             v0.12.0                 -> v0.12.0
2022-03-25T15:08:57.4989311Z  * [new tag]             v0.13.0                 -> v0.13.0
2022-03-25T15:08:57.4989639Z  * [new tag]             v0.13.1                 -> v0.13.1
2022-03-25T15:08:57.4989949Z  * [new tag]             v0.14.0                 -> v0.14.0
2022-03-25T15:08:57.4990299Z  * [new tag]             v0.14.1                 -> v0.14.1
2022-03-25T15:08:57.4990627Z  * [new tag]             v0.15.0                 -> v0.15.0
2022-03-25T15:08:57.4990953Z  * [new tag]             v0.16.0                 -> v0.16.0
2022-03-25T15:08:57.4991261Z  * [new tag]             v0.17.0                 -> v0.17.0
2022-03-25T15:08:57.4991586Z  * [new tag]             v0.17.1                 -> v0.17.1
2022-03-25T15:08:57.4991910Z  * [new tag]             v0.2.0                  -> v0.2.0
2022-03-25T15:08:57.4992226Z  * [new tag]             v0.3.0                  -> v0.3.0
2022-03-25T15:08:57.4992639Z  * [new tag]             v0.4.0                  -> v0.4.0
2022-03-25T15:08:57.4992965Z  * [new tag]             v0.4.1                  -> v0.4.1
2022-03-25T15:08:57.4993273Z  * [new tag]             v0.5.0                  -> v0.5.0
2022-03-25T15:08:57.4993595Z  * [new tag]             v0.6.0                  -> v0.6.0
2022-03-25T15:08:57.4993923Z  * [new tag]             v0.7.0                  -> v0.7.0
2022-03-25T15:08:57.4994248Z  * [new tag]             v0.7.1                  -> v0.7.1
2022-03-25T15:08:57.4994554Z  * [new tag]             v0.8.0                  -> v0.8.0
2022-03-25T15:08:57.4994880Z  * [new tag]             v0.9.1                  -> v0.9.1
2022-03-25T15:08:57.4995205Z  * [new tag]             v1.0.0                  -> v1.0.0
2022-03-25T15:08:57.4995510Z  * [new tag]             v1.0.1                  -> v1.0.1
2022-03-25T15:08:57.4995837Z  * [new tag]             v1.1.0                  -> v1.1.0
2022-03-25T15:08:57.4996167Z  * [new tag]             v1.10.0                 -> v1.10.0
2022-03-25T15:08:57.4996513Z  * [new tag]             v1.10.0-rc.1            -> v1.10.0-rc.1
2022-03-25T15:08:57.4996856Z  * [new tag]             v1.10.0-rc.2            -> v1.10.0-rc.2
2022-03-25T15:08:57.4997194Z  * [new tag]             v1.10.1                 -> v1.10.1
2022-03-25T15:08:57.4997526Z  * [new tag]             v1.11.0                 -> v1.11.0
2022-03-25T15:08:57.4997838Z  * [new tag]             v1.12.0                 -> v1.12.0
2022-03-25T15:08:57.4998173Z  * [new tag]             v1.2.0                  -> v1.2.0
2022-03-25T15:08:57.4999205Z  * [new tag]             v1.3.0                  -> v1.3.0
2022-03-25T15:08:57.5005936Z  * [new tag]             v1.4.0                  -> v1.4.0
2022-03-25T15:08:57.5006279Z  * [new tag]             v1.4.1                  -> v1.4.1
2022-03-25T15:08:57.5006609Z  * [new tag]             v1.5.0                  -> v1.5.0
2022-03-25T15:08:57.5058318Z  * [new tag]             v1.6.0                  -> v1.6.0
2022-03-25T15:08:57.5060378Z  * [new tag]             v1.7.0                  -> v1.7.0
2022-03-25T15:08:57.5060718Z  * [new tag]             v1.7.1                  -> v1.7.1
2022-03-25T15:08:57.5061047Z  * [new tag]             v1.9.0                  -> v1.9.0
2022-03-25T15:08:57.5061357Z  * [new tag]             v1.9.1                  -> v1.9.1
2022-03-25T15:08:57.5099083Z [command]/usr/bin/git branch --list --remote origin/main
2022-03-25T15:08:57.5133471Z   origin/main
2022-03-25T15:08:57.5143051Z [command]/usr/bin/git rev-parse refs/remotes/origin/main
2022-03-25T15:08:57.5199072Z fab01311843386e4106af61a46c9e0dbf8380b5f
2022-03-25T15:08:57.5205109Z ##[endgroup]
2022-03-25T15:08:57.5205569Z ##[group]Determining the checkout info
2022-03-25T15:08:57.5209210Z ##[endgroup]
2022-03-25T15:08:57.5209622Z ##[group]Checking out the ref
2022-03-25T15:08:57.5215253Z [command]/usr/bin/git checkout --progress --force -B main refs/remotes/origin/main
2022-03-25T15:08:57.6473773Z Switched to a new branch 'main'
2022-03-25T15:08:57.6474941Z branch 'main' set up to track 'origin/main'.
2022-03-25T15:08:57.6486735Z ##[endgroup]
2022-03-25T15:08:57.6534147Z [command]/usr/bin/git log -1 --format='%H'
2022-03-25T15:08:57.6563320Z 'fab01311843386e4106af61a46c9e0dbf8380b5f'
2022-03-25T15:08:57.6788113Z ##[group]Run actions/setup-java@v2
2022-03-25T15:08:57.6788340Z with:
2022-03-25T15:08:57.6788535Z   distribution: temurin
2022-03-25T15:08:57.6788751Z   java-version: 8
2022-03-25T15:08:57.6788949Z   java-package: jre
2022-03-25T15:08:57.6789160Z   architecture: x64
2022-03-25T15:08:57.6789373Z   check-latest: false
2022-03-25T15:08:57.6789570Z   server-id: github
2022-03-25T15:08:57.6789796Z   server-username: GITHUB_ACTOR
2022-03-25T15:08:57.6790066Z   server-password: GITHUB_TOKEN
2022-03-25T15:08:57.6790315Z   overwrite-settings: true
2022-03-25T15:08:57.6790526Z   job-status: success
2022-03-25T15:08:57.6790729Z ##[endgroup]
2022-03-25T15:08:57.9579171Z Trying to resolve the latest version from remote
2022-03-25T15:08:58.0615642Z Resolved latest version as 8.0.322+6
2022-03-25T15:08:58.0618749Z Trying to download...
2022-03-25T15:08:58.0623277Z Downloading Java 8.0.322+6 (Temurin-Hotspot) from https://github.com/adoptium/temurin8-binaries/releases/download/jdk8u322-b06/OpenJDK8U-jre_x64_linux_hotspot_8u322b06.tar.gz ...
2022-03-25T15:08:58.5130398Z Extracting Java archive...
2022-03-25T15:08:58.5253656Z [command]/usr/bin/tar xz --warning=no-unknown-keyword -C /home/runner/work/_temp/acff269b-2df2-479e-8088-f14c296c96b0 -f /home/runner/work/_temp/96af8e22-1d7a-4a2b-a333-10885925a584
2022-03-25T15:08:59.5310960Z Java 8.0.322+6 was downloaded
2022-03-25T15:08:59.5311546Z Setting Java 8.0.322+6 as the default
2022-03-25T15:08:59.5342542Z 
2022-03-25T15:08:59.5342663Z Java configuration:
2022-03-25T15:08:59.5342917Z   Distribution: temurin
2022-03-25T15:08:59.5343133Z   Version: 8.0.322+6
2022-03-25T15:08:59.5343570Z   Path: /opt/hostedtoolcache/Java_Temurin-Hotspot_jre/8.0.322-6/x64
2022-03-25T15:08:59.5343790Z 
2022-03-25T15:08:59.5366331Z Creating settings.xml with server-id: github
2022-03-25T15:08:59.5427366Z Writing to /home/runner/.m2/settings.xml
2022-03-25T15:08:59.5575599Z ##[group]Run actions/setup-java@v2
2022-03-25T15:08:59.5575834Z with:
2022-03-25T15:08:59.5576033Z   distribution: temurin
2022-03-25T15:08:59.5576232Z   java-version: 11
2022-03-25T15:08:59.5576443Z   java-package: jdk
2022-03-25T15:08:59.5576652Z   architecture: x64
2022-03-25T15:08:59.5576851Z   check-latest: false
2022-03-25T15:08:59.5577064Z   server-id: github
2022-03-25T15:08:59.5577295Z   server-username: GITHUB_ACTOR
2022-03-25T15:08:59.5577533Z   server-password: GITHUB_TOKEN
2022-03-25T15:08:59.5577777Z   overwrite-settings: true
2022-03-25T15:08:59.5578002Z   job-status: success
2022-03-25T15:08:59.5578192Z env:
2022-03-25T15:08:59.5578468Z   JAVA_HOME: /opt/hostedtoolcache/Java_Temurin-Hotspot_jre/8.0.322-6/x64
2022-03-25T15:08:59.5578750Z ##[endgroup]
2022-03-25T15:08:59.7524953Z Resolved Java 11.0.14+1 from tool-cache
2022-03-25T15:08:59.7526685Z Setting Java 11.0.14+1 as the default
2022-03-25T15:08:59.7543641Z 
2022-03-25T15:08:59.7545062Z Java configuration:
2022-03-25T15:08:59.7546420Z   Distribution: temurin
2022-03-25T15:08:59.7546768Z   Version: 11.0.14+1
2022-03-25T15:08:59.7548337Z   Path: /opt/hostedtoolcache/Java_Temurin-Hotspot_jdk/11.0.14-1/x64
2022-03-25T15:08:59.7549587Z 
2022-03-25T15:08:59.7560203Z Creating settings.xml with server-id: github
2022-03-25T15:08:59.7654638Z Overwriting existing file /home/runner/.m2/settings.xml
2022-03-25T15:08:59.7763106Z ##[group]Run actions/setup-java@v2
2022-03-25T15:08:59.7763325Z with:
2022-03-25T15:08:59.7763522Z   distribution: temurin
2022-03-25T15:08:59.7763745Z   java-version: 17
2022-03-25T15:08:59.7763941Z   java-package: jdk
2022-03-25T15:08:59.7764153Z   architecture: x64
2022-03-25T15:08:59.7764364Z   check-latest: false
2022-03-25T15:08:59.7764564Z   server-id: github
2022-03-25T15:08:59.7764786Z   server-username: GITHUB_ACTOR
2022-03-25T15:08:59.7765047Z   server-password: GITHUB_TOKEN
2022-03-25T15:08:59.7765276Z   overwrite-settings: true
2022-03-25T15:08:59.7765497Z   job-status: success
2022-03-25T15:08:59.7765686Z env:
2022-03-25T15:08:59.7765949Z   JAVA_HOME: /opt/hostedtoolcache/Java_Temurin-Hotspot_jdk/11.0.14-1/x64
2022-03-25T15:08:59.7766212Z ##[endgroup]
2022-03-25T15:08:59.9651121Z Resolved Java 17.0.2+8 from tool-cache
2022-03-25T15:08:59.9651649Z Setting Java 17.0.2+8 as the default
2022-03-25T15:08:59.9668594Z 
2022-03-25T15:08:59.9668703Z Java configuration:
2022-03-25T15:08:59.9669009Z   Distribution: temurin
2022-03-25T15:08:59.9669254Z   Version: 17.0.2+8
2022-03-25T15:08:59.9669685Z   Path: /opt/hostedtoolcache/Java_Temurin-Hotspot_jdk/17.0.2-8/x64
2022-03-25T15:08:59.9669919Z 
2022-03-25T15:08:59.9672407Z Creating settings.xml with server-id: github
2022-03-25T15:08:59.9764166Z Overwriting existing file /home/runner/.m2/settings.xml
2022-03-25T15:08:59.9998478Z ##[group]Run gradle/gradle-build-action@v2
2022-03-25T15:08:59.9998720Z with:
2022-03-25T15:08:59.9999446Z   arguments: build
--stacktrace
jacocoTestReport
-PtestJavaVersion=17
-Porg.gradle.java.installations.paths=/opt/hostedtoolcache/Java_Temurin-Hotspot_jre/8.0.322-6/x64,/opt/hostedtoolcache/Java_Temurin-Hotspot_jdk/11.0.14-1/x64,/opt/hostedtoolcache/Java_Temurin-Hotspot_jdk/17.0.2-8/x64

2022-03-25T15:09:00.0000039Z   cache-disabled: false
2022-03-25T15:09:00.0000271Z   cache-read-only: false
2022-03-25T15:09:00.0000541Z   gradle-home-cache-includes: caches
notifications

2022-03-25T15:09:00.0000824Z   cache-write-only: false
2022-03-25T15:09:00.0001089Z   gradle-home-cache-strict-match: false
2022-03-25T15:09:00.0001450Z   workflow-job-context: {
  "os": "ubuntu-20.04",
  "test-java-version": 17,
  "coverage": true
}
2022-03-25T15:09:00.0001719Z env:
2022-03-25T15:09:00.0001985Z   JAVA_HOME: /opt/hostedtoolcache/Java_Temurin-Hotspot_jdk/17.0.2-8/x64
2022-03-25T15:09:00.0002653Z ##[endgroup]
2022-03-25T15:09:00.1450691Z ##[group]Restore Gradle state from cache
2022-03-25T15:09:00.2499245Z Gradle User Home cache not found. Will initialize empty.
2022-03-25T15:09:00.2509372Z ##[endgroup]
2022-03-25T15:09:00.2532228Z [command]/home/runner/work/opentelemetry-java/opentelemetry-java/gradlew build --stacktrace jacocoTestReport -PtestJavaVersion=17 -Porg.gradle.java.installations.paths=/opt/hostedtoolcache/Java_Temurin-Hotspot_jre/8.0.322-6/x64,/opt/hostedtoolcache/Java_Temurin-Hotspot_jdk/11.0.14-1/x64,/opt/hostedtoolcache/Java_Temurin-Hotspot_jdk/17.0.2-8/x64
2022-03-25T15:09:00.4584133Z Downloading https://services.gradle.org/distributions/gradle-7.4.1-bin.zip
2022-03-25T15:09:01.9770377Z ...........10%...........20%...........30%...........40%...........50%...........60%...........70%...........80%...........90%...........100%
2022-03-25T15:09:03.5709863Z 
2022-03-25T15:09:03.5710606Z Welcome to Gradle 7.4.1!
2022-03-25T15:09:03.5711165Z 
2022-03-25T15:09:03.5711527Z Here are the highlights of this release:
2022-03-25T15:09:03.5712121Z  - Aggregated test and JaCoCo reports
2022-03-25T15:09:03.5712539Z  - Marking additional test source directories as tests in IntelliJ
2022-03-25T15:09:03.5712932Z  - Support for Adoptium JDKs in Java toolchains
2022-03-25T15:09:03.5713104Z 
2022-03-25T15:09:03.5713391Z For more details see https://docs.gradle.org/7.4.1/release-notes.html
2022-03-25T15:09:03.5713592Z 
2022-03-25T15:09:03.6698645Z To honour the JVM settings for this build a single-use Daemon process will be forked. See https://docs.gradle.org/7.4.1/userguide/gradle_daemon.html#sec:disabling_the_daemon.
2022-03-25T15:09:04.5689351Z Daemon will be stopped at the end of the build 
2022-03-25T15:10:00.8717826Z > Task :buildSrc:generateExternalPluginSpecBuilders
2022-03-25T15:10:00.9694216Z > Task :buildSrc:extractPrecompiledScriptPluginPlugins
2022-03-25T15:10:02.1691130Z > Task :buildSrc:compilePluginsBlocks
2022-03-25T15:10:09.1687487Z > Task :buildSrc:generatePrecompiledScriptPluginAccessors
2022-03-25T15:10:09.1688273Z > Task :buildSrc:generateScriptPluginAdapters
2022-03-25T15:10:10.1686108Z > Task :buildSrc:pluginDescriptors
2022-03-25T15:10:10.2690218Z > Task :buildSrc:processResources
2022-03-25T15:10:10.2690943Z > Task :buildSrc:spotlessInternalRegisterDependencies
2022-03-25T15:10:13.1700820Z > Task :buildSrc:spotlessKotlinGradle
2022-03-25T15:10:13.1713785Z > Task :buildSrc:spotlessKotlinGradleCheck
2022-03-25T15:10:13.1714537Z > Task :buildSrc:spotlessCheck
2022-03-25T15:10:13.1715147Z > Task :buildSrc:processTestResources NO-SOURCE
2022-03-25T15:10:38.3689750Z > Task :buildSrc:compileKotlin
2022-03-25T15:10:38.3694998Z > Task :buildSrc:compileJava NO-SOURCE
2022-03-25T15:10:38.3695696Z > Task :buildSrc:compileGroovy NO-SOURCE
2022-03-25T15:10:38.3723588Z > Task :buildSrc:classes
2022-03-25T15:10:38.3724144Z > Task :buildSrc:inspectClassesForKotlinIC
2022-03-25T15:10:38.7693501Z > Task :buildSrc:jar
2022-03-25T15:10:38.7718792Z > Task :buildSrc:assemble
2022-03-25T15:10:38.7719815Z > Task :buildSrc:compileTestKotlin NO-SOURCE
2022-03-25T15:10:38.8688415Z > Task :buildSrc:pluginUnderTestMetadata
2022-03-25T15:10:38.8689727Z > Task :buildSrc:compileTestJava NO-SOURCE
2022-03-25T15:10:38.8690336Z > Task :buildSrc:compileTestGroovy NO-SOURCE
2022-03-25T15:10:38.8690917Z > Task :buildSrc:testClasses UP-TO-DATE
2022-03-25T15:10:38.8691570Z > Task :buildSrc:test NO-SOURCE
2022-03-25T15:10:39.0687326Z > Task :buildSrc:validatePlugins
2022-03-25T15:10:39.0688063Z > Task :buildSrc:check
2022-03-25T15:10:39.0688829Z > Task :buildSrc:build
2022-03-25T15:10:50.4694424Z 
2022-03-25T15:10:50.4695152Z > Configure project :all
2022-03-25T15:10:50.4696732Z Inferred project: opentelemetry-java, version: 1.13.0-SNAPSHOT
2022-03-25T15:11:35.0687920Z 
2022-03-25T15:11:35.0689278Z > Task :sdk:trace-shaded-deps:compileJava
2022-03-25T15:11:35.7699837Z > Task :exporters:jaeger-proto:extractIncludeProto
2022-03-25T15:11:35.7700800Z > Task :exporters:jaeger-proto:extractProto
2022-03-25T15:11:36.3732156Z > Task :exporters:jaeger-proto:generateProto
2022-03-25T15:11:38.2687010Z > Task :context:compileJava
2022-03-25T15:11:43.6730726Z > Task :exporters:jaeger-proto:compileJava
2022-03-25T15:11:43.6731541Z > Task :exporters:jaeger-proto:generateVersionResource
2022-03-25T15:11:43.6732279Z > Task :exporters:jaeger-proto:processResources
2022-03-25T15:11:43.6804453Z > Task :exporters:jaeger-proto:classes
2022-03-25T15:11:43.7688124Z > Task :exporters:jaeger-proto:jar
2022-03-25T15:11:44.9701764Z > Task :exporters:jaeger:generateMainProtos
2022-03-25T15:11:45.2687464Z > Task :exporters:otlp:common:generateMainProtos
2022-03-25T15:11:45.3725242Z > Task :sdk-extensions:jaeger-remote-sampler:generateMainProtos
2022-03-25T15:11:45.4690707Z > Task :context:processResources NO-SOURCE
2022-03-25T15:11:45.4691267Z > Task :semconv:processResources NO-SOURCE
2022-03-25T15:11:45.4691710Z > Task :sdk:all:processResources NO-SOURCE
2022-03-25T15:11:45.4692126Z > Task :sdk:common:processResources NO-SOURCE
2022-03-25T15:11:45.4692513Z > Task :sdk:logs:processResources NO-SOURCE
2022-03-25T15:11:45.4693073Z > Task :sdk:metrics:processResources NO-SOURCE
2022-03-25T15:11:45.4693540Z > Task :sdk:trace:processResources NO-SOURCE
2022-03-25T15:11:45.5734464Z > Task :sdk-extensions:autoconfigure:processResources NO-SOURCE
2022-03-25T15:11:45.5735023Z > Task :sdk-extensions:autoconfigure-spi:processResources NO-SOURCE
2022-03-25T15:11:45.5735560Z > Task :exporters:otlp:common:processResources NO-SOURCE
2022-03-25T15:11:45.5736192Z > Task :sdk-extensions:jaeger-remote-sampler:extractProto
2022-03-25T15:11:45.5736593Z > Task :all:processResources NO-SOURCE
2022-03-25T15:11:45.5736914Z > Task :all:sourcesJar
2022-03-25T15:11:46.8687318Z > Task :api:all:compileJava
2022-03-25T15:11:47.9688634Z > Task :testing-internal:compileJava
2022-03-25T15:11:50.8702474Z > Task :micrometer1-shim:compileJava
2022-03-25T15:11:51.3691569Z > Task :semconv:compileJava
2022-03-25T15:11:52.2691586Z > Task :extensions:annotations:compileJava
2022-03-25T15:11:55.5689317Z > Task :sdk:common:compileJava
2022-03-25T15:11:55.8687579Z > Task :opentracing-shim:compileJava
2022-03-25T15:11:59.9699836Z > Task :sdk:logs:compileJava
2022-03-25T15:12:06.2712409Z > Task :sdk:trace:compileJava
2022-03-25T15:12:07.0696144Z > Task :sdk:metrics:compileJava
2022-03-25T15:12:07.8688169Z > Task :extensions:incubator:compileJava
2022-03-25T15:12:08.8687244Z > Task :sdk:all:compileJava
2022-03-25T15:12:10.8686857Z > Task :exporters:logging:compileJava
2022-03-25T15:12:14.1686836Z > Task :exporters:prometheus:compileJava
2022-03-25T15:12:17.4687394Z > Task :exporters:zipkin:compileJava
2022-03-25T15:12:19.3688392Z > Task :sdk-extensions:autoconfigure-spi:compileJava
2022-03-25T15:12:19.8687902Z > Task :exporters:otlp:common:compileJava
2022-03-25T15:12:22.6701151Z > Task :exporters:jaeger:compileJava
2022-03-25T15:12:23.4687210Z > Task :exporters:jaeger-thrift:compileJava
2022-03-25T15:12:24.4696082Z > Task :exporters:otlp:trace:compileJava
2022-03-25T15:12:24.4714402Z > Task :exporters:otlp:all:compileJava NO-SOURCE
2022-03-25T15:12:25.2687379Z > Task :exporters:otlp:logs:compileJava
2022-03-25T15:12:26.3687175Z > Task :exporters:otlp:metrics:compileJava
2022-03-25T15:12:26.8688997Z > Task :exporters:otlp-http:logs:compileJava
2022-03-25T15:12:27.8686448Z > Task :exporters:otlp-http:metrics:compileJava
2022-03-25T15:12:28.3686496Z > Task :exporters:otlp-http:trace:compileJava
2022-03-25T15:12:29.5688111Z > Task :exporters:logging-otlp:compileJava
2022-03-25T15:12:31.8686323Z > Task :sdk-extensions:autoconfigure:compileJava
2022-03-25T15:12:34.0703670Z > Task :extensions:kotlin:compileKotlin
2022-03-25T15:12:34.5695510Z > Task :extensions:trace-propagators:compileJava
2022-03-25T15:12:35.9687133Z > Task :extensions:aws:compileJava
2022-03-25T15:12:38.2690290Z > Task :opencensus-shim:compileJava
2022-03-25T15:12:38.5706600Z > Task :extensions:kotlin:compileJava
2022-03-25T15:12:39.6703241Z > Task :extensions:noop-api:compileJava
2022-03-25T15:12:39.6704081Z > Task :api:all:processResources NO-SOURCE
2022-03-25T15:12:40.0687825Z > Task :sdk-extensions:jaeger-remote-sampler:extractIncludeProto
2022-03-25T15:12:40.1690797Z > Task :sdk-extensions:jaeger-remote-sampler:generateProto
2022-03-25T15:12:44.2687346Z > Task :sdk-extensions:jaeger-remote-sampler:compileJava
2022-03-25T15:12:44.6689693Z > Task :sdk:testing:compileJava
2022-03-25T15:12:46.3715970Z > Task :sdk-extensions:jfr-events:compileJava
2022-03-25T15:12:46.5697539Z > Task :sdk:logs-testing:compileJava
2022-03-25T15:12:48.6690429Z > Task :sdk-extensions:metric-incubator:compileJava
2022-03-25T15:12:49.6725669Z > Task :sdk:metrics-testing:compileJava
2022-03-25T15:12:51.0687377Z > Task :sdk-extensions:resources:compileJava
2022-03-25T15:12:51.5687908Z > Task :sdk-extensions:tracing-incubator:compileJava
2022-03-25T15:12:51.5689624Z > Task :all:processTestResources NO-SOURCE
2022-03-25T15:12:51.6691555Z > Task :spotlessInternalRegisterDependencies
2022-03-25T15:12:52.5691592Z > Task :all:spotlessJava
2022-03-25T15:12:52.5692278Z > Task :all:spotlessJavaCheck
2022-03-25T15:12:54.2693608Z > Task :all:spotlessKotlinGradle
2022-03-25T15:12:54.2694254Z > Task :all:spotlessKotlinGradleCheck
2022-03-25T15:12:54.2694989Z > Task :all:spotlessMisc
2022-03-25T15:12:54.2695374Z > Task :all:spotlessMiscCheck
2022-03-25T15:12:54.2695767Z > Task :all:spotlessCheck
2022-03-25T15:12:54.2766873Z > Task :context:generateVersionResource
2022-03-25T15:12:54.2767169Z > Task :context:classes
2022-03-25T15:12:54.3697454Z > Task :context:jar
2022-03-25T15:12:54.3698463Z > Task :micrometer1-shim:generateVersionResource
2022-03-25T15:12:54.3699104Z > Task :micrometer1-shim:processResources NO-SOURCE
2022-03-25T15:12:54.3699716Z > Task :micrometer1-shim:classes
2022-03-25T15:12:54.3700163Z > Task :micrometer1-shim:jar
2022-03-25T15:12:54.3700668Z > Task :opencensus-shim:generateVersionResource
2022-03-25T15:12:54.3765904Z > Task :opencensus-shim:processResources NO-SOURCE
2022-03-25T15:12:54.3766286Z > Task :opencensus-shim:classes
2022-03-25T15:12:54.3766604Z > Task :opencensus-shim:jar
2022-03-25T15:12:54.3766955Z > Task :opentracing-shim:generateVersionResource
2022-03-25T15:12:54.4723899Z > Task :opentracing-shim:processResources
2022-03-25T15:12:54.4724470Z > Task :opentracing-shim:classes
2022-03-25T15:12:54.4724867Z > Task :opentracing-shim:jar
2022-03-25T15:12:54.4725215Z > Task :semconv:generateVersionResource
2022-03-25T15:12:54.4725480Z > Task :semconv:classes
2022-03-25T15:12:54.4725767Z > Task :semconv:jar
2022-03-25T15:12:54.4726097Z > Task :testing-internal:processResources
2022-03-25T15:12:54.4726494Z > Task :testing-internal:classes
2022-03-25T15:12:54.4726850Z > Task :testing-internal:jar
2022-03-25T15:12:54.4727194Z > Task :api:all:generateVersionResource
2022-03-25T15:12:54.4727521Z > Task :api:all:classes
2022-03-25T15:12:54.4727807Z > Task :api:all:jar
2022-03-25T15:12:54.4728077Z > Task :exporters:jaeger:generateVersionResource
2022-03-25T15:12:54.4728539Z > Task :exporters:jaeger:processResources NO-SOURCE
2022-03-25T15:12:54.4728904Z > Task :exporters:jaeger:classes
2022-03-25T15:12:54.4729429Z > Task :exporters:jaeger:jar
2022-03-25T15:12:54.5709548Z > Task :exporters:jaeger-thrift:generateVersionResource
2022-03-25T15:12:54.5717242Z > Task :exporters:jaeger-thrift:processResources NO-SOURCE
2022-03-25T15:12:54.5717855Z > Task :exporters:jaeger-thrift:classes
2022-03-25T15:12:54.5718769Z > Task :exporters:jaeger-thrift:jar
2022-03-25T15:12:54.5719257Z > Task :exporters:logging:generateVersionResource
2022-03-25T15:12:54.5720206Z > Task :exporters:logging:processResources NO-SOURCE
2022-03-25T15:12:54.5720658Z > Task :exporters:logging:classes
2022-03-25T15:12:54.5721407Z > Task :exporters:logging:jar
2022-03-25T15:12:54.5721951Z > Task :exporters:logging-otlp:generateVersionResource
2022-03-25T15:12:54.5723099Z > Task :exporters:logging-otlp:processResources NO-SOURCE
2022-03-25T15:12:54.5723652Z > Task :exporters:logging-otlp:classes
2022-03-25T15:12:54.5724494Z > Task :exporters:logging-otlp:jar
2022-03-25T15:12:54.5724935Z > Task :sdk:common:generateVersionResource
2022-03-25T15:12:54.5725718Z > Task :sdk:common:classes
2022-03-25T15:12:54.7688440Z > Task :sdk-extensions:zpages:compileJava
2022-03-25T15:12:54.8704065Z > Task :all:compileJava NO-SOURCE
2022-03-25T15:12:54.8704583Z > Task :all:classes UP-TO-DATE
2022-03-25T15:12:54.8704898Z > Task :all:jar
2022-03-25T15:12:54.8705176Z > Task :all:javadoc NO-SOURCE
2022-03-25T15:12:54.8705408Z > Task :all:javadocJar
2022-03-25T15:12:54.8705627Z > Task :all:assemble
2022-03-25T15:12:54.8705906Z > Task :all:checkstyleMain NO-SOURCE
2022-03-25T15:12:55.7689621Z > Task :sdk:common:compileJava9Java
2022-03-25T15:12:55.7690299Z > Task :sdk:common:processJava9Resources NO-SOURCE
2022-03-25T15:12:55.7690597Z > Task :sdk:common:java9Classes
2022-03-25T15:12:55.7690833Z > Task :sdk:common:jar
2022-03-25T15:12:55.8711809Z > Task :sdk:metrics:generateVersionResource
2022-03-25T15:12:55.8712406Z > Task :sdk:metrics:classes
2022-03-25T15:12:55.8713090Z > Task :sdk:metrics:jar
2022-03-25T15:12:56.7705513Z > Task :exporters:prometheus:compileModuleJava
2022-03-25T15:12:56.7706282Z > Task :exporters:prometheus:generateVersionResource
2022-03-25T15:12:56.7707888Z > Task :exporters:prometheus:processResources NO-SOURCE
2022-03-25T15:12:56.7708684Z > Task :exporters:prometheus:classes
2022-03-25T15:12:56.8686766Z > Task :exporters:prometheus:jar
2022-03-25T15:12:57.0695978Z > Task :exporters:zipkin:generateVersionResource
2022-03-25T15:12:57.0697028Z > Task :exporters:zipkin:processResources NO-SOURCE
2022-03-25T15:12:57.0697552Z > Task :exporters:zipkin:classes
2022-03-25T15:12:57.0698418Z > Task :exporters:zipkin:jar
2022-03-25T15:12:57.0698876Z > Task :extensions:annotations:generateVersionResource
2022-03-25T15:12:57.0699438Z > Task :extensions:annotations:processResources NO-SOURCE
2022-03-25T15:12:57.0699943Z > Task :extensions:annotations:classes
2022-03-25T15:12:57.0701210Z > Task :extensions:annotations:jar
2022-03-25T15:12:57.1710389Z > Task :extensions:aws:generateVersionResource
2022-03-25T15:12:57.1711099Z > Task :extensions:aws:processResources
2022-03-25T15:12:57.1711596Z > Task :extensions:aws:classes
2022-03-25T15:12:57.1711979Z > Task :extensions:aws:jar
2022-03-25T15:12:57.1712432Z > Task :extensions:incubator:generateVersionResource
2022-03-25T15:12:57.1713303Z > Task :extensions:incubator:processResources NO-SOURCE
2022-03-25T15:12:57.1713809Z > Task :extensions:incubator:classes
2022-03-25T15:12:57.2687152Z > Task :extensions:incubator:jar
2022-03-25T15:12:57.2687847Z > Task :extensions:kotlin:generateVersionResource
2022-03-25T15:12:57.2688747Z > Task :extensions:kotlin:processResources NO-SOURCE
2022-03-25T15:12:57.2689201Z > Task :extensions:kotlin:classes
2022-03-25T15:12:57.2689724Z > Task :extensions:kotlin:inspectClassesForKotlinIC
2022-03-25T15:12:57.2690461Z > Task :extensions:kotlin:jar
2022-03-25T15:12:57.2717002Z > Task :extensions:noop-api:generateVersionResource
2022-03-25T15:12:57.2717660Z > Task :extensions:noop-api:processResources
2022-03-25T15:12:57.2718201Z > Task :extensions:noop-api:classes
2022-03-25T15:12:57.2718866Z > Task :extensions:noop-api:jar
2022-03-25T15:12:57.2806993Z > Task :extensions:trace-propagators:generateVersionResource
2022-03-25T15:12:57.2813254Z > Task :extensions:trace-propagators:processResources
2022-03-25T15:12:57.2813687Z > Task :extensions:trace-propagators:classes
2022-03-25T15:12:57.2814040Z > Task :extensions:trace-propagators:jar
2022-03-25T15:12:57.2814325Z > Task :sdk:all:generateVersionResource
2022-03-25T15:12:57.2814561Z > Task :sdk:all:classes
2022-03-25T15:12:57.3689089Z > Task :sdk:all:jar
2022-03-25T15:12:57.3689781Z > Task :sdk:logs:generateVersionResource
2022-03-25T15:12:57.3690162Z > Task :sdk:logs:classes
2022-03-25T15:12:57.3690505Z > Task :sdk:logs:jar
2022-03-25T15:12:57.3691242Z > Task :sdk:logs-testing:generateVersionResource
2022-03-25T15:12:57.3692261Z > Task :sdk:logs-testing:processResources NO-SOURCE
2022-03-25T15:12:57.3692645Z > Task :sdk:logs-testing:classes
2022-03-25T15:12:57.3692948Z > Task :sdk:logs-testing:jar
2022-03-25T15:12:57.3693304Z > Task :sdk:metrics-testing:generateVersionResource
2022-03-25T15:12:57.3693712Z > Task :sdk:metrics-testing:processResources NO-SOURCE
2022-03-25T15:12:57.3694063Z > Task :sdk:metrics-testing:classes
2022-03-25T15:12:57.3694352Z > Task :sdk:metrics-testing:jar
2022-03-25T15:12:57.3694625Z > Task :sdk:testing:generateVersionResource
2022-03-25T15:12:57.3694903Z > Task :sdk:testing:processResources
2022-03-25T15:12:57.3695135Z > Task :sdk:testing:classes
2022-03-25T15:12:57.3695356Z > Task :sdk:testing:jar
2022-03-25T15:12:57.4697152Z > Task :sdk:trace:generateVersionResource
2022-03-25T15:12:57.4698035Z > Task :sdk:trace-shaded-deps:processResources NO-SOURCE
2022-03-25T15:12:57.4698595Z > Task :sdk:trace-shaded-deps:classes
2022-03-25T15:12:57.4699626Z > Task :sdk:trace-shaded-deps:compileTestJava NO-SOURCE
2022-03-25T15:12:57.4700106Z > Task :sdk:trace-shaded-deps:processTestResources NO-SOURCE
2022-03-25T15:12:57.4700513Z > Task :sdk:trace-shaded-deps:testClasses UP-TO-DATE
2022-03-25T15:12:58.2686489Z > Task :sdk:trace-shaded-deps:shadowJar
2022-03-25T15:12:58.3728380Z > Task :sdk:trace-shaded-deps:extractShadowJar
2022-03-25T15:12:58.3728765Z > Task :sdk:trace:classes
2022-03-25T15:12:58.3728994Z > Task :sdk:trace:jar
2022-03-25T15:12:58.3729357Z > Task :sdk-extensions:autoconfigure:generateVersionResource
2022-03-25T15:12:58.3729746Z > Task :sdk-extensions:autoconfigure:classes
2022-03-25T15:12:58.4701089Z > Task :sdk-extensions:autoconfigure:jar
2022-03-25T15:12:58.4701889Z > Task :sdk-extensions:autoconfigure-spi:generateVersionResource
2022-03-25T15:12:58.4702602Z > Task :sdk-extensions:autoconfigure-spi:classes
2022-03-25T15:12:58.4703082Z > Task :sdk-extensions:autoconfigure-spi:jar
2022-03-25T15:12:58.4704139Z > Task :sdk-extensions:jaeger-remote-sampler:generateVersionResource
2022-03-25T15:12:58.4704652Z > Task :sdk-extensions:jaeger-remote-sampler:processResources
2022-03-25T15:12:58.4705057Z > Task :sdk-extensions:jaeger-remote-sampler:classes
2022-03-25T15:12:58.4705463Z > Task :sdk-extensions:jaeger-remote-sampler:jar
2022-03-25T15:12:58.4705880Z > Task :sdk-extensions:jfr-events:generateVersionResource
2022-03-25T15:12:58.4706292Z > Task :sdk-extensions:jfr-events:processResources NO-SOURCE
2022-03-25T15:12:58.4706664Z > Task :sdk-extensions:jfr-events:classes
2022-03-25T15:12:58.4706987Z > Task :sdk-extensions:jfr-events:jar
2022-03-25T15:12:58.4707377Z > Task :sdk-extensions:metric-incubator:generateVersionResource
2022-03-25T15:12:58.4707933Z > Task :sdk-extensions:metric-incubator:processResources
2022-03-25T15:12:58.4708330Z > Task :sdk-extensions:metric-incubator:classes
2022-03-25T15:12:58.5688474Z > Task :sdk-extensions:metric-incubator:jar
2022-03-25T15:12:58.5689250Z > Task :sdk-extensions:resources:generateVersionResource
2022-03-25T15:12:58.5689926Z > Task :sdk-extensions:resources:processResources
2022-03-25T15:12:58.5690513Z > Task :sdk-extensions:resources:classes
2022-03-25T15:12:59.4690572Z > Task :sdk-extensions:resources:compileJava11Java
2022-03-25T15:12:59.4691463Z > Task :sdk-extensions:resources:processJava11Resources NO-SOURCE
2022-03-25T15:12:59.4692255Z > Task :sdk-extensions:resources:java11Classes
2022-03-25T15:12:59.4692808Z > Task :sdk-extensions:resources:jar
2022-03-25T15:12:59.5699152Z > Task :sdk-extensions:tracing-incubator:generateVersionResource
2022-03-25T15:12:59.5699973Z > Task :sdk-extensions:tracing-incubator:processResources NO-SOURCE
2022-03-25T15:12:59.5700472Z > Task :sdk-extensions:tracing-incubator:classes
2022-03-25T15:12:59.5700915Z > Task :sdk-extensions:tracing-incubator:jar
2022-03-25T15:12:59.5701375Z > Task :sdk-extensions:zpages:generateVersionResource
2022-03-25T15:12:59.5701830Z > Task :sdk-extensions:zpages:processResources
2022-03-25T15:12:59.5702262Z > Task :sdk-extensions:zpages:classes
2022-03-25T15:12:59.5702645Z > Task :sdk-extensions:zpages:jar
2022-03-25T15:12:59.5702990Z > Task :exporters:otlp:all:generateVersionResource
2022-03-25T15:12:59.5703451Z > Task :exporters:otlp:all:processResources NO-SOURCE
2022-03-25T15:12:59.5703819Z > Task :exporters:otlp:all:classes
2022-03-25T15:12:59.5704118Z > Task :exporters:otlp:all:jar
2022-03-25T15:12:59.5704488Z > Task :exporters:otlp:common:generateVersionResource
2022-03-25T15:12:59.5704842Z > Task :exporters:otlp:common:classes
2022-03-25T15:12:59.6692134Z > Task :exporters:otlp:common:jar
2022-03-25T15:12:59.6692909Z > Task :exporters:otlp:logs:generateVersionResource
2022-03-25T15:12:59.6693804Z > Task :exporters:otlp:logs:processResources NO-SOURCE
2022-03-25T15:12:59.6694323Z > Task :exporters:otlp:logs:classes
2022-03-25T15:12:59.6696454Z > Task :exporters:otlp:logs:jar
2022-03-25T15:12:59.6696988Z > Task :exporters:otlp:metrics:generateVersionResource
2022-03-25T15:12:59.6697724Z > Task :exporters:otlp:metrics:processResources NO-SOURCE
2022-03-25T15:12:59.6698580Z > Task :exporters:otlp:metrics:classes
2022-03-25T15:12:59.6698889Z > Task :exporters:otlp:metrics:jar
2022-03-25T15:12:59.6699172Z > Task :exporters:otlp:trace:generateVersionResource
2022-03-25T15:12:59.6699739Z > Task :exporters:otlp:trace:processResources NO-SOURCE
2022-03-25T15:12:59.6700031Z > Task :exporters:otlp:trace:classes
2022-03-25T15:12:59.6700283Z > Task :exporters:otlp:trace:jar
2022-03-25T15:12:59.6700654Z > Task :exporters:otlp-http:logs:generateVersionResource
2022-03-25T15:12:59.6701073Z > Task :exporters:otlp-http:logs:processResources NO-SOURCE
2022-03-25T15:12:59.6701435Z > Task :exporters:otlp-http:logs:classes
2022-03-25T15:12:59.7689398Z > Task :exporters:otlp-http:logs:jar
2022-03-25T15:12:59.7690200Z > Task :exporters:otlp-http:metrics:generateVersionResource
2022-03-25T15:12:59.7690911Z > Task :exporters:otlp-http:metrics:processResources NO-SOURCE
2022-03-25T15:12:59.7691552Z > Task :exporters:otlp-http:metrics:classes
2022-03-25T15:12:59.7692337Z > Task :exporters:otlp-http:metrics:jar
2022-03-25T15:12:59.7692984Z > Task :exporters:otlp-http:trace:generateVersionResource
2022-03-25T15:12:59.7693560Z > Task :exporters:otlp-http:trace:processResources NO-SOURCE
2022-03-25T15:12:59.7694105Z > Task :exporters:otlp-http:trace:classes
2022-03-25T15:12:59.8685543Z > Task :exporters:otlp-http:trace:jar
2022-03-25T15:12:59.8686340Z > Task :bom:assemble UP-TO-DATE
2022-03-25T15:12:59.8687218Z > Task :bom:check UP-TO-DATE
2022-03-25T15:12:59.8687832Z > Task :bom:build UP-TO-DATE
2022-03-25T15:12:59.8688395Z > Task :bom-alpha:assemble UP-TO-DATE
2022-03-25T15:12:59.8689073Z > Task :bom-alpha:check UP-TO-DATE
2022-03-25T15:12:59.8690384Z > Task :bom-alpha:build UP-TO-DATE
2022-03-25T15:13:00.1685453Z > Task :all:compileTestJava
2022-03-25T15:13:00.1686055Z > Task :all:testClasses
2022-03-25T15:13:03.8686830Z > Task :context:javadoc
2022-03-25T15:13:03.8687161Z > Task :context:javadocJar
2022-03-25T15:13:03.8687404Z > Task :context:sourcesJar
2022-03-25T15:13:03.8687614Z > Task :context:assemble
2022-03-25T15:13:04.1685206Z > Task :context:animalsnifferMain
2022-03-25T15:13:04.7685821Z > Task :all:checkstyleTest
2022-03-25T15:13:05.8749943Z > Task :context:compileBraveInOtelTestJava
2022-03-25T15:13:05.8755990Z > Task :context:processBraveInOtelTestResources NO-SOURCE
2022-03-25T15:13:05.8756881Z > Task :context:braveInOtelTestClasses
2022-03-25T15:13:08.9725378Z > Task :context:braveInOtelTest
2022-03-25T15:13:09.7685443Z > Task :context:checkstyleBraveInOtelTest
2022-03-25T15:13:11.6686172Z > Task :context:compileGrpcInOtelTestJava
2022-03-25T15:13:11.6687260Z > Task :context:processGrpcInOtelTestResources NO-SOURCE
2022-03-25T15:13:11.6687877Z > Task :context:grpcInOtelTestClasses
2022-03-25T15:13:11.9687325Z > Task :context:checkstyleGrpcInOtelTest
2022-03-25T15:13:14.1686867Z > Task :context:compileJmhJava
2022-03-25T15:13:14.1687865Z > Task :context:processJmhResources NO-SOURCE
2022-03-25T15:13:14.1688435Z > Task :context:jmhClasses
2022-03-25T15:13:14.6686507Z > Task :context:checkstyleJmh
2022-03-25T15:13:15.4686170Z > Task :context:checkstyleMain
2022-03-25T15:13:17.2687407Z > Task :all:test
2022-03-25T15:13:17.2688579Z > Task :all:check
2022-03-25T15:13:17.2690611Z > Task :all:build
2022-03-25T15:13:17.2691554Z > Task :dependencyManagement:assemble UP-TO-DATE
2022-03-25T15:13:17.2692413Z > Task :dependencyManagement:check UP-TO-DATE
2022-03-25T15:13:17.2692960Z > Task :dependencyManagement:build UP-TO-DATE
2022-03-25T15:13:17.2693709Z > Task :integration-tests:compileJava NO-SOURCE
2022-03-25T15:13:17.3695064Z > Task :integration-tests:processResources NO-SOURCE
2022-03-25T15:13:17.3695770Z > Task :integration-tests:classes UP-TO-DATE
2022-03-25T15:13:17.3696511Z > Task :integration-tests:jar
2022-03-25T15:13:17.3697009Z > Task :integration-tests:javadoc NO-SOURCE
2022-03-25T15:13:17.3697712Z > Task :integration-tests:javadocJar
2022-03-25T15:13:17.3698180Z > Task :integration-tests:sourcesJar
2022-03-25T15:13:17.3698854Z > Task :integration-tests:assemble
2022-03-25T15:13:17.3703920Z > Task :integration-tests:checkstyleMain NO-SOURCE
2022-03-25T15:13:17.4688587Z > Task :context:compileOtelAsBraveTestJava
2022-03-25T15:13:17.4689618Z > Task :context:processOtelAsBraveTestResources
2022-03-25T15:13:17.4690371Z > Task :context:otelAsBraveTestClasses
2022-03-25T15:13:17.6689267Z > Task :context:checkstyleOtelAsBraveTest
2022-03-25T15:13:19.1687382Z > Task :context:compileOtelInBraveTestJava
2022-03-25T15:13:19.1693210Z > Task :context:processOtelInBraveTestResources
2022-03-25T15:13:19.1694154Z > Task :context:otelInBraveTestClasses
2022-03-25T15:13:19.3691534Z > Task :context:checkstyleOtelInBraveTest
2022-03-25T15:13:20.8690676Z > Task :context:compileOtelInGrpcTestJava
2022-03-25T15:13:20.8691402Z > Task :context:processOtelInGrpcTestResources
2022-03-25T15:13:20.8691950Z > Task :context:otelInGrpcTestClasses
2022-03-25T15:13:21.1685268Z > Task :context:checkstyleOtelInGrpcTest
2022-03-25T15:13:22.2685976Z > Task :context:compileStorageWrappersTestJava
2022-03-25T15:13:22.2686988Z > Task :context:processStorageWrappersTestResources NO-SOURCE
2022-03-25T15:13:22.2687633Z > Task :context:storageWrappersTestClasses
2022-03-25T15:13:22.3686339Z > Task :context:checkstyleStorageWrappersTest
2022-03-25T15:13:23.9686669Z > Task :context:compileStrictContextEnabledTestJava
2022-03-25T15:13:23.9687752Z > Task :context:processStrictContextEnabledTestResources NO-SOURCE
2022-03-25T15:13:23.9688400Z > Task :context:strictContextEnabledTestClasses
2022-03-25T15:13:24.1686872Z > Task :context:checkstyleStrictContextEnabledTest
2022-03-25T15:13:26.8686886Z > Task :context:compileTestJava
2022-03-25T15:13:26.8687902Z > Task :context:processTestResources NO-SOURCE
2022-03-25T15:13:26.8688394Z > Task :context:testClasses
2022-03-25T15:13:27.2686831Z > Task :context:checkstyleTest
2022-03-25T15:13:27.6688603Z > Task :integration-tests:compileTestJava
2022-03-25T15:13:27.6689378Z > Task :integration-tests:processTestResources NO-SOURCE
2022-03-25T15:13:27.6690164Z > Task :integration-tests:testClasses
2022-03-25T15:13:29.5687331Z > Task :integration-tests:checkstyleTest
2022-03-25T15:13:29.7693971Z > Task :integration-tests:spotlessJava
2022-03-25T15:13:29.7694905Z > Task :integration-tests:spotlessJavaCheck
2022-03-25T15:13:29.7695999Z > Task :integration-tests:spotlessKotlinGradle
2022-03-25T15:13:29.7696599Z > Task :integration-tests:spotlessKotlinGradleCheck
2022-03-25T15:13:29.7697479Z > Task :integration-tests:spotlessMisc
2022-03-25T15:13:29.7697976Z > Task :integration-tests:spotlessMiscCheck
2022-03-25T15:13:29.7698677Z > Task :integration-tests:spotlessCheck
2022-03-25T15:13:29.8693669Z > Task :context:grpcInOtelTest
2022-03-25T15:13:37.4717485Z > Task :integration-tests:test
2022-03-25T15:13:38.0686274Z > Task :context:jApiCmp
2022-03-25T15:13:38.0687160Z > Task :integration-tests:check
2022-03-25T15:13:38.0687568Z > Task :integration-tests:build
2022-03-25T15:13:40.3686034Z > Task :context:otelAsBraveTest
2022-03-25T15:13:41.6686437Z > Task :micrometer1-shim:javadoc
2022-03-25T15:13:41.6687025Z > Task :micrometer1-shim:javadocJar
2022-03-25T15:13:41.7687487Z > Task :micrometer1-shim:sourcesJar
2022-03-25T15:13:41.7687868Z > Task :micrometer1-shim:assemble
2022-03-25T15:13:42.0687603Z > Task :micrometer1-shim:checkstyleMain
2022-03-25T15:13:43.0686491Z > Task :context:otelInBraveTest
2022-03-25T15:13:45.9686323Z > Task :context:otelInGrpcTest
2022-03-25T15:13:47.0710416Z > Task :micrometer1-shim:compileTestJava
2022-03-25T15:13:47.0711125Z > Task :micrometer1-shim:processTestResources NO-SOURCE
2022-03-25T15:13:47.0711591Z > Task :micrometer1-shim:testClasses
2022-03-25T15:13:47.4688424Z > Task :context:spotlessJava
2022-03-25T15:13:47.4688908Z > Task :context:spotlessJavaCheck
2022-03-25T15:13:47.5707229Z > Task :context:spotlessKotlinGradle
2022-03-25T15:13:47.5708382Z > Task :context:spotlessKotlinGradleCheck
2022-03-25T15:13:47.5708853Z > Task :context:spotlessMisc
2022-03-25T15:13:47.5709473Z > Task :context:spotlessMiscCheck
2022-03-25T15:13:47.5709856Z > Task :context:spotlessCheck
2022-03-25T15:13:47.6691261Z > Task :micrometer1-shim:checkstyleTest
2022-03-25T15:13:50.1700465Z > Task :context:storageWrappersTest
2022-03-25T15:13:52.4687316Z > Task :micrometer1-shim:compileTestMicrometer15Java
2022-03-25T15:13:52.4688360Z > Task :micrometer1-shim:processTestMicrometer15Resources NO-SOURCE
2022-03-25T15:13:52.4764935Z > Task :micrometer1-shim:testMicrometer15Classes
2022-03-25T15:13:53.2686655Z > Task :context:strictContextEnabledTest
2022-03-25T15:13:53.2687412Z > Task :micrometer1-shim:checkstyleTestMicrometer15
2022-03-25T15:13:56.0731761Z 
2022-03-25T15:13:56.0732459Z > Task :context:test
2022-03-25T15:13:56.0733776Z OpenJDK 64-Bit Server VM warning: Sharing is only supported for boot loader classes because bootstrap classpath has been appended
2022-03-25T15:13:58.1689284Z 
2022-03-25T15:13:58.1690497Z > Task :micrometer1-shim:compileTestMicrometer16Java
2022-03-25T15:13:58.1691240Z > Task :micrometer1-shim:processTestMicrometer16Resources NO-SOURCE
2022-03-25T15:13:58.1692323Z > Task :micrometer1-shim:testMicrometer16Classes
2022-03-25T15:13:58.7686439Z > Task :micrometer1-shim:checkstyleTestMicrometer16
2022-03-25T15:13:59.5688436Z > Task :micrometer1-shim:spotlessJava
2022-03-25T15:13:59.5690520Z > Task :micrometer1-shim:spotlessJavaCheck
2022-03-25T15:13:59.6690106Z > Task :micrometer1-shim:spotlessKotlinGradle
2022-03-25T15:13:59.6690569Z > Task :micrometer1-shim:spotlessKotlinGradleCheck
2022-03-25T15:13:59.6690933Z > Task :micrometer1-shim:spotlessMisc
2022-03-25T15:13:59.6691276Z > Task :micrometer1-shim:spotlessMiscCheck
2022-03-25T15:13:59.6691608Z > Task :micrometer1-shim:spotlessCheck
2022-03-25T15:14:02.1693593Z > Task :context:check
2022-03-25T15:14:02.1693855Z > Task :context:build
2022-03-25T15:14:03.3702343Z > Task :micrometer1-shim:test
2022-03-25T15:14:05.5686537Z > Task :opencensus-shim:javadoc
2022-03-25T15:14:05.6687914Z > Task :opencensus-shim:javadocJar
2022-03-25T15:14:05.6688657Z > Task :opencensus-shim:sourcesJar
2022-03-25T15:14:05.6765512Z > Task :opencensus-shim:assemble
2022-03-25T15:14:06.2687087Z > Task :opencensus-shim:checkstyleMain
2022-03-25T15:14:07.7687968Z > Task :micrometer1-shim:testMicrometer15
2022-03-25T15:14:10.1687450Z > Task :opencensus-shim:compileTestJava
2022-03-25T15:14:10.2766869Z > Task :opencensus-shim:processTestResources NO-SOURCE
2022-03-25T15:14:10.2767660Z > Task :opencensus-shim:testClasses
2022-03-25T15:14:10.7687839Z > Task :opencensus-shim:checkstyleTest
2022-03-25T15:14:11.2691493Z > Task :opencensus-shim:spotlessJava
2022-03-25T15:14:11.2698205Z > Task :opencensus-shim:spotlessJavaCheck
2022-03-25T15:14:11.3687200Z > Task :opencensus-shim:spotlessKotlinGradle
2022-03-25T15:14:11.3688153Z > Task :opencensus-shim:spotlessKotlinGradleCheck
2022-03-25T15:14:11.3688776Z > Task :opencensus-shim:spotlessMisc
2022-03-25T15:14:11.3689203Z > Task :opencensus-shim:spotlessMiscCheck
2022-03-25T15:14:11.3689630Z > Task :opencensus-shim:spotlessCheck
2022-03-25T15:14:14.1734484Z 
2022-03-25T15:14:14.1735177Z > Task :opencensus-shim:test
2022-03-25T15:14:14.1735860Z OpenJDK 64-Bit Server VM warning: Sharing is only supported for boot loader classes because bootstrap classpath has been appended
2022-03-25T15:14:16.8687203Z 
2022-03-25T15:14:16.9744862Z InteroperabilityTest > testParentChildRelationshipsAreExportedCorrectlyForOpenCensusOnly() STANDARD_ERROR
2022-03-25T15:14:16.9746019Z     [Test worker] WARN io.opentelemetry.opencensusshim.OpenTelemetrySpanImpl - OpenTelemetry does not support links added after a span is created.
2022-03-25T15:14:21.2687281Z OpenJDK 64-Bit Server VM warning: Sharing is only supported for boot loader classes because bootstrap classpath has been appended
2022-03-25T15:14:23.7693372Z OpenJDK 64-Bit Server VM warning: Sharing is only supported for boot loader classes because bootstrap classpath has been appended
2022-03-25T15:14:27.1689880Z 
2022-03-25T15:14:27.1690980Z > Task :micrometer1-shim:testMicrometer16
2022-03-25T15:14:27.1691364Z > Task :micrometer1-shim:check
2022-03-25T15:14:27.1691669Z > Task :micrometer1-shim:build
2022-03-25T15:14:30.5687952Z > Task :opentracing-shim:javadoc
2022-03-25T15:14:30.5688548Z > Task :opentracing-shim:javadocJar
2022-03-25T15:14:30.5688955Z > Task :opentracing-shim:sourcesJar
2022-03-25T15:14:30.5689326Z > Task :opentracing-shim:assemble
2022-03-25T15:14:30.9690570Z > Task :opentracing-shim:checkstyleMain
2022-03-25T15:14:33.0712051Z > Task :opencensus-shim:check
2022-03-25T15:14:33.0712838Z > Task :opencensus-shim:build
2022-03-25T15:14:33.0713838Z > Task :perf-harness:compileJava NO-SOURCE
2022-03-25T15:14:33.0714263Z > Task :perf-harness:processResources NO-SOURCE
2022-03-25T15:14:33.0714619Z > Task :perf-harness:classes UP-TO-DATE
2022-03-25T15:14:33.0714905Z > Task :perf-harness:jar
2022-03-25T15:14:33.1687180Z > Task :perf-harness:javadoc NO-SOURCE
2022-03-25T15:14:33.1687999Z > Task :perf-harness:javadocJar
2022-03-25T15:14:33.1688916Z > Task :perf-harness:sourcesJar
2022-03-25T15:14:33.1689292Z > Task :perf-harness:assemble
2022-03-25T15:14:33.1689642Z > Task :perf-harness:checkstyleMain NO-SOURCE
2022-03-25T15:14:35.3708951Z > Task :perf-harness:compileTestJava
2022-03-25T15:14:35.3709715Z > Task :perf-harness:processTestResources
2022-03-25T15:14:35.3710291Z > Task :perf-harness:testClasses
2022-03-25T15:14:35.6727747Z > Task :perf-harness:checkstyleTest
2022-03-25T15:14:35.7687222Z > Task :perf-harness:spotlessJava
2022-03-25T15:14:35.7687658Z > Task :perf-harness:spotlessJavaCheck
2022-03-25T15:14:35.8689304Z > Task :perf-harness:spotlessKotlinGradle
2022-03-25T15:14:35.8689755Z > Task :perf-harness:spotlessKotlinGradleCheck
2022-03-25T15:14:35.8690110Z > Task :perf-harness:spotlessMisc
2022-03-25T15:14:35.8690420Z > Task :perf-harness:spotlessMiscCheck
2022-03-25T15:14:35.8690863Z > Task :perf-harness:spotlessCheck
2022-03-25T15:14:36.8686804Z > Task :opentracing-shim:compileTestJava
2022-03-25T15:14:36.8687260Z > Task :opentracing-shim:processTestResources NO-SOURCE
2022-03-25T15:14:36.8687798Z > Task :opentracing-shim:testClasses
2022-03-25T15:14:37.4692942Z > Task :opentracing-shim:checkstyleTest
2022-03-25T15:14:38.3701656Z > Task :opentracing-shim:spotlessJava
2022-03-25T15:14:38.3702099Z > Task :opentracing-shim:spotlessJavaCheck
2022-03-25T15:14:38.4714487Z > Task :opentracing-shim:spotlessKotlinGradle
2022-03-25T15:14:38.4718714Z > Task :opentracing-shim:spotlessKotlinGradleCheck
2022-03-25T15:14:38.4719252Z > Task :opentracing-shim:spotlessMisc
2022-03-25T15:14:38.4719824Z > Task :opentracing-shim:spotlessMiscCheck
2022-03-25T15:14:38.4720257Z > Task :opentracing-shim:spotlessCheck
2022-03-25T15:14:38.9686570Z 
2022-03-25T15:14:38.9687270Z > Task :perf-harness:test
2022-03-25T15:14:38.9687476Z 
2022-03-25T15:14:38.9687596Z Gradle Test Executor 26 STANDARD_ERROR
2022-03-25T15:14:38.9688626Z     [Test worker] WARN org.testcontainers.utility.TestcontainersConfiguration - Attempted to read Testcontainers configuration file at file:/home/runner/.testcontainers.properties but the file was not found. Exception message: FileNotFoundException: /home/runner/.testcontainers.properties (No such file or directory)
2022-03-25T15:14:49.7686038Z 
2022-03-25T15:14:49.7687129Z > Task :perf-harness:check
2022-03-25T15:14:49.7688345Z > Task :perf-harness:build
2022-03-25T15:14:49.7688543Z 
2022-03-25T15:14:49.7688721Z > Task :opentracing-shim:test
2022-03-25T15:14:49.7689292Z OpenJDK 64-Bit Server VM warning: Sharing is only supported for boot loader classes because bootstrap classpath has been appended
2022-03-25T15:14:50.9707078Z 
2022-03-25T15:14:50.9707731Z > Task :opentracing-shim:check
2022-03-25T15:14:51.1689616Z > Task :opentracing-shim:build
2022-03-25T15:14:51.1690026Z > Task :testing-internal:javadoc NO-SOURCE
2022-03-25T15:14:51.1690506Z > Task :testing-internal:javadocJar
2022-03-25T15:14:51.1691027Z > Task :testing-internal:sourcesJar
2022-03-25T15:14:51.1691344Z > Task :testing-internal:assemble
2022-03-25T15:14:51.1691665Z > Task :testing-internal:checkstyleMain
2022-03-25T15:14:51.1692515Z > Task :testing-internal:compileTestJava NO-SOURCE
2022-03-25T15:14:51.1693600Z > Task :testing-internal:processTestResources NO-SOURCE
2022-03-25T15:14:51.1694240Z > Task :testing-internal:testClasses UP-TO-DATE
2022-03-25T15:14:51.1694629Z > Task :testing-internal:checkstyleTest NO-SOURCE
2022-03-25T15:14:51.2686469Z > Task :testing-internal:spotlessJava
2022-03-25T15:14:51.2687060Z > Task :testing-internal:spotlessJavaCheck
2022-03-25T15:14:51.2689073Z > Task :testing-internal:spotlessKotlinGradle
2022-03-25T15:14:51.2689812Z > Task :testing-internal:spotlessKotlinGradleCheck
2022-03-25T15:14:51.3687469Z > Task :testing-internal:spotlessMisc
2022-03-25T15:14:51.3687888Z > Task :testing-internal:spotlessMiscCheck
2022-03-25T15:14:51.3688933Z > Task :testing-internal:spotlessCheck
2022-03-25T15:14:51.3689487Z > Task :testing-internal:test NO-SOURCE
2022-03-25T15:14:51.3689805Z > Task :testing-internal:check
2022-03-25T15:14:51.3690085Z > Task :testing-internal:build
2022-03-25T15:14:53.4707194Z > Task :semconv:javadoc
2022-03-25T15:14:53.5696510Z > Task :semconv:javadocJar
2022-03-25T15:14:53.5696828Z > Task :semconv:sourcesJar
2022-03-25T15:14:53.5697049Z > Task :semconv:assemble
2022-03-25T15:14:53.8686498Z > Task :semconv:animalsnifferMain
2022-03-25T15:14:54.3687641Z > Task :semconv:checkstyleMain
2022-03-25T15:14:54.3693589Z > Task :semconv:compileTestJava NO-SOURCE
2022-03-25T15:14:54.3694513Z > Task :semconv:processTestResources NO-SOURCE
2022-03-25T15:14:54.3695177Z > Task :semconv:testClasses UP-TO-DATE
2022-03-25T15:14:54.3695869Z > Task :semconv:checkstyleTest NO-SOURCE
2022-03-25T15:14:54.6691075Z > Task :semconv:spotlessJava
2022-03-25T15:14:54.6692063Z > Task :semconv:spotlessJavaCheck
2022-03-25T15:14:54.6692766Z > Task :semconv:spotlessKotlinGradle
2022-03-25T15:14:54.6693211Z > Task :semconv:spotlessKotlinGradleCheck
2022-03-25T15:14:54.6693841Z > Task :semconv:spotlessMisc
2022-03-25T15:14:54.6694222Z > Task :semconv:spotlessMiscCheck
2022-03-25T15:14:54.6694812Z > Task :semconv:spotlessCheck
2022-03-25T15:14:54.6695486Z > Task :semconv:test NO-SOURCE
2022-03-25T15:14:54.6696080Z > Task :semconv:check
2022-03-25T15:14:54.6696430Z > Task :semconv:build
2022-03-25T15:14:56.0686488Z > Task :api:all:javadoc
2022-03-25T15:14:56.1686364Z > Task :api:all:javadocJar
2022-03-25T15:14:56.2686437Z > Task :api:all:sourcesJar
2022-03-25T15:14:56.2687238Z > Task :api:all:assemble
2022-03-25T15:14:56.6686248Z > Task :api:all:animalsnifferMain
2022-03-25T15:14:58.1687972Z > Task :exporters:jaeger:javadoc
2022-03-25T15:14:58.1688447Z > Task :exporters:jaeger:javadocJar
2022-03-25T15:14:58.2687044Z 
2022-03-25T15:14:58.2687554Z > Task :exporters:jaeger:sourcesJar
2022-03-25T15:14:58.2688843Z Execution optimizations have been disabled for task ':exporters:jaeger:sourcesJar' to ensure correctness due to the following reasons:
2022-03-25T15:14:58.2690720Z   - Gradle detected a problem with the following location: '/home/runner/work/opentelemetry-java/opentelemetry-java/exporters/jaeger/build/generated/source/wire'. Reason: Task ':exporters:jaeger:sourcesJar' uses this output of task ':exporters:jaeger:generateMainProtos' without declaring an explicit or implicit dependency. This can lead to incorrect results being produced, depending on what order the tasks are executed. Please refer to https://docs.gradle.org/7.4.1/userguide/validation_problems.html#implicit_dependency for more details about this problem.
2022-03-25T15:14:58.2691700Z 
2022-03-25T15:14:58.2691809Z > Task :exporters:jaeger:assemble
2022-03-25T15:14:58.4686626Z > Task :api:all:compileJmhJava
2022-03-25T15:14:58.4687753Z > Task :api:all:processJmhResources NO-SOURCE
2022-03-25T15:14:58.4688636Z > Task :api:all:jmhClasses
2022-03-25T15:14:58.6694373Z > Task :api:all:checkstyleJmh
2022-03-25T15:14:58.6695147Z > Task :exporters:jaeger:animalsnifferMain
2022-03-25T15:14:58.9685115Z > Task :exporters:jaeger:checkstyleMain
2022-03-25T15:14:59.4686842Z > Task :api:all:checkstyleMain
2022-03-25T15:15:03.1686766Z > Task :exporters:jaeger:compileTestJava
2022-03-25T15:15:03.1687249Z > Task :exporters:jaeger:processTestResources
2022-03-25T15:15:03.1687789Z > Task :exporters:jaeger:testClasses
2022-03-25T15:15:03.6686186Z > Task :exporters:jaeger:checkstyleTest
2022-03-25T15:15:05.4687644Z > Task :exporters:jaeger:jApiCmp
2022-03-25T15:15:05.8686752Z > Task :exporters:jaeger:spotlessJava
2022-03-25T15:15:05.8687667Z > Task :exporters:jaeger:spotlessJavaCheck
2022-03-25T15:15:05.9687368Z > Task :exporters:jaeger:spotlessKotlinGradle
2022-03-25T15:15:05.9687999Z > Task :exporters:jaeger:spotlessKotlinGradleCheck
2022-03-25T15:15:05.9688452Z > Task :exporters:jaeger:spotlessMisc
2022-03-25T15:15:05.9704334Z > Task :exporters:jaeger:spotlessMiscCheck
2022-03-25T15:15:05.9704710Z > Task :exporters:jaeger:spotlessCheck
2022-03-25T15:15:09.6686619Z > Task :api:all:compileTestJava
2022-03-25T15:15:09.6687690Z > Task :api:all:processTestResources NO-SOURCE
2022-03-25T15:15:09.6688472Z > Task :api:all:testClasses
2022-03-25T15:15:10.7685332Z > Task :api:all:checkstyleTest
2022-03-25T15:15:12.4685993Z > Task :api:all:jApiCmp
2022-03-25T15:15:14.8686770Z > Task :api:all:spotlessJava
2022-03-25T15:15:14.8687473Z > Task :api:all:spotlessJavaCheck
2022-03-25T15:15:14.8687922Z > Task :api:all:spotlessKotlinGradle
2022-03-25T15:15:14.8761501Z > Task :api:all:spotlessKotlinGradleCheck
2022-03-25T15:15:14.9686521Z > Task :api:all:spotlessMisc
2022-03-25T15:15:14.9686894Z > Task :api:all:spotlessMiscCheck
2022-03-25T15:15:14.9687163Z > Task :api:all:spotlessCheck
2022-03-25T15:15:19.3697607Z 
2022-03-25T15:15:19.3701417Z > Task :api:all:test
2022-03-25T15:15:19.3702841Z OpenJDK 64-Bit Server VM warning: Sharing is only supported for boot loader classes because bootstrap classpath has been appended
2022-03-25T15:15:22.4687444Z 
2022-03-25T15:15:22.4687991Z > Task :exporters:jaeger:test
2022-03-25T15:15:22.4688359Z > Task :exporters:jaeger:check
2022-03-25T15:15:22.4688687Z > Task :exporters:jaeger:build
2022-03-25T15:15:22.4689378Z > Task :exporters:jaeger-proto:javadoc NO-SOURCE
2022-03-25T15:15:22.4689807Z > Task :exporters:jaeger-proto:javadocJar
2022-03-25T15:15:22.5687215Z > Task :exporters:jaeger-proto:sourcesJar
2022-03-25T15:15:22.5688097Z > Task :exporters:jaeger-proto:assemble
2022-03-25T15:15:23.1686685Z > Task :exporters:jaeger-proto:animalsnifferMain
2022-03-25T15:15:23.1687451Z > Task :exporters:jaeger-proto:checkstyleMain NO-SOURCE
2022-03-25T15:15:23.4687099Z > Task :exporters:jaeger-proto:extractIncludeTestProto
2022-03-25T15:15:23.4687858Z > Task :exporters:jaeger-proto:extractTestProto
2022-03-25T15:15:23.4688391Z > Task :exporters:jaeger-proto:generateTestProto NO-SOURCE
2022-03-25T15:15:23.4688910Z > Task :exporters:jaeger-proto:compileTestJava NO-SOURCE
2022-03-25T15:15:23.4689446Z > Task :exporters:jaeger-proto:processTestResources NO-SOURCE
2022-03-25T15:15:23.4689960Z > Task :exporters:jaeger-proto:testClasses UP-TO-DATE
2022-03-25T15:15:23.4690424Z > Task :exporters:jaeger-proto:checkstyleTest NO-SOURCE
2022-03-25T15:15:25.0687145Z > Task :exporters:jaeger-proto:jApiCmp
2022-03-25T15:15:25.0687573Z > Task :exporters:jaeger-proto:spotlessJava
2022-03-25T15:15:25.0687964Z > Task :exporters:jaeger-proto:spotlessJavaCheck
2022-03-25T15:15:25.1688453Z > Task :exporters:jaeger-proto:spotlessKotlinGradle
2022-03-25T15:15:25.1689102Z > Task :exporters:jaeger-proto:spotlessKotlinGradleCheck
2022-03-25T15:15:25.1689598Z > Task :exporters:jaeger-proto:spotlessMisc
2022-03-25T15:15:25.1690064Z > Task :exporters:jaeger-proto:spotlessMiscCheck
2022-03-25T15:15:25.1690555Z > Task :exporters:jaeger-proto:spotlessCheck
2022-03-25T15:15:25.1690987Z > Task :exporters:jaeger-proto:test NO-SOURCE
2022-03-25T15:15:25.1691422Z > Task :exporters:jaeger-proto:check
2022-03-25T15:15:25.1691842Z > Task :exporters:jaeger-proto:build
2022-03-25T15:15:25.8687188Z 
2022-03-25T15:15:25.8687933Z > Task :api:all:test
2022-03-25T15:15:25.8688465Z 
2022-03-25T15:15:25.8688809Z PercentEscaperFuzzTest > lotsOfFuzz() STANDARD_OUT
2022-03-25T15:15:25.8689109Z     .
2022-03-25T15:15:25.8689289Z     Time: 1.481
2022-03-25T15:15:25.8689424Z 
2022-03-25T15:15:25.8689510Z     OK (1 test)
2022-03-25T15:15:25.8689637Z 
2022-03-25T15:15:27.4687256Z 
2022-03-25T15:15:27.4687792Z W3CBaggagePropagatorFuzzTest > roundTripAsciiFuzzing() STANDARD_OUT
2022-03-25T15:15:27.4688150Z     .
2022-03-25T15:15:27.4688360Z     Time: 1.516
2022-03-25T15:15:27.4688491Z 
2022-03-25T15:15:27.4688584Z     OK (1 test)
2022-03-25T15:15:27.4688715Z 
2022-03-25T15:15:28.1686211Z 
2022-03-25T15:15:28.1686766Z W3CBaggagePropagatorFuzzTest > roundTripFuzzing() STANDARD_OUT
2022-03-25T15:15:28.1687117Z     .
2022-03-25T15:15:28.1687328Z     Time: 0.73
2022-03-25T15:15:28.1687460Z 
2022-03-25T15:15:28.1687547Z     OK (1 test)
2022-03-25T15:15:28.1687676Z 
2022-03-25T15:15:29.3686148Z 
2022-03-25T15:15:29.3687074Z > Task :exporters:jaeger-thrift:javadoc
2022-03-25T15:15:29.4689371Z > Task :exporters:jaeger-thrift:javadocJar
2022-03-25T15:15:29.4690467Z > Task :exporters:jaeger-thrift:sourcesJar
2022-03-25T15:15:29.4690858Z > Task :exporters:jaeger-thrift:assemble
2022-03-25T15:15:29.4691120Z > Task :api:all:check
2022-03-25T15:15:29.4691349Z > Task :api:all:build
2022-03-25T15:15:29.9686879Z > Task :exporters:jaeger-thrift:animalsnifferMain
2022-03-25T15:15:30.1688073Z > Task :exporters:jaeger-thrift:checkstyleMain
2022-03-25T15:15:33.1687501Z > Task :exporters:logging:javadoc
2022-03-25T15:15:33.1687860Z > Task :exporters:logging:javadocJar
2022-03-25T15:15:33.1688137Z > Task :exporters:logging:sourcesJar
2022-03-25T15:15:33.1688417Z > Task :exporters:logging:assemble
2022-03-25T15:15:33.2687198Z > Task :exporters:jaeger-thrift:compileTestJava
2022-03-25T15:15:33.2687674Z > Task :exporters:jaeger-thrift:processTestResources NO-SOURCE
2022-03-25T15:15:33.2688247Z > Task :exporters:jaeger-thrift:testClasses
2022-03-25T15:15:33.4686588Z > Task :exporters:logging:animalsnifferMain
2022-03-25T15:15:33.4687544Z > Task :exporters:jaeger-thrift:checkstyleTest
2022-03-25T15:15:33.7686585Z > Task :exporters:logging:checkstyleMain
2022-03-25T15:15:33.9687093Z > Task :exporters:jaeger-thrift:spotlessJava
2022-03-25T15:15:33.9687564Z > Task :exporters:jaeger-thrift:spotlessJavaCheck
2022-03-25T15:15:34.0688385Z > Task :exporters:jaeger-thrift:spotlessKotlinGradle
2022-03-25T15:15:34.0724646Z > Task :exporters:jaeger-thrift:spotlessKotlinGradleCheck
2022-03-25T15:15:34.0725394Z > Task :exporters:jaeger-thrift:spotlessMisc
2022-03-25T15:15:34.0726656Z > Task :exporters:jaeger-thrift:spotlessMiscCheck
2022-03-25T15:15:34.0727384Z > Task :exporters:jaeger-thrift:spotlessCheck
2022-03-25T15:15:34.4708539Z > Task :exporters:jaeger-thrift:jApiCmp
2022-03-25T15:15:36.4685980Z > Task :exporters:logging:compileTestJava
2022-03-25T15:15:36.4686828Z > Task :exporters:logging:processTestResources NO-SOURCE
2022-03-25T15:15:36.4687233Z > Task :exporters:logging:testClasses
2022-03-25T15:15:36.6686704Z > Task :exporters:logging:checkstyleTest
2022-03-25T15:15:37.9691719Z > Task :exporters:logging:jApiCmp
2022-03-25T15:15:38.1686597Z > Task :exporters:logging:spotlessJava
2022-03-25T15:15:38.1687119Z > Task :exporters:logging:spotlessJavaCheck
2022-03-25T15:15:38.1687489Z > Task :exporters:logging:spotlessKotlinGradle
2022-03-25T15:15:38.1687899Z > Task :exporters:logging:spotlessKotlinGradleCheck
2022-03-25T15:15:38.1688278Z > Task :exporters:logging:spotlessMisc
2022-03-25T15:15:38.1688639Z > Task :exporters:logging:spotlessMiscCheck
2022-03-25T15:15:38.1688995Z > Task :exporters:logging:spotlessCheck
2022-03-25T15:15:41.2686905Z 
2022-03-25T15:15:41.2687549Z > Task :exporters:logging:test
2022-03-25T15:15:41.2688281Z 
2022-03-25T15:15:41.2689509Z SystemOutLogExporterTest > returnCodes() STANDARD_OUT
2022-03-25T15:15:41.2690514Z     2022-03-25T15:15:41.176Z ERROR3 'message' : 00000000000000010000000000000002 0000000000000003 [scopeInfo: logTest:1.0] {amount=1, cheese="cheddar"}
2022-03-25T15:15:41.3762722Z 
2022-03-25T15:15:41.3768326Z > Task :exporters:logging:check
2022-03-25T15:15:41.3768923Z > Task :exporters:logging:build
2022-03-25T15:15:43.9687725Z > Task :exporters:logging-otlp:javadoc
2022-03-25T15:15:44.0686517Z > Task :exporters:logging-otlp:javadocJar
2022-03-25T15:15:44.0686931Z > Task :exporters:logging-otlp:sourcesJar
2022-03-25T15:15:44.0687456Z > Task :exporters:logging-otlp:assemble
2022-03-25T15:15:44.3693297Z > Task :exporters:logging-otlp:animalsnifferMain
2022-03-25T15:15:44.4687176Z 
2022-03-25T15:15:44.4687958Z > Task :exporters:jaeger-thrift:test
2022-03-25T15:15:44.4688608Z OpenJDK 64-Bit Server VM warning: Sharing is only supported for boot loader classes because bootstrap classpath has been appended
2022-03-25T15:15:44.5685715Z 
2022-03-25T15:15:44.5687026Z > Task :exporters:logging-otlp:checkstyleMain
2022-03-25T15:15:46.6688220Z > Task :exporters:logging-otlp:compileTestJava
2022-03-25T15:15:46.6689093Z > Task :exporters:logging-otlp:processTestResources NO-SOURCE
2022-03-25T15:15:46.6689805Z > Task :exporters:logging-otlp:testClasses
2022-03-25T15:15:46.8687217Z > Task :exporters:jaeger-thrift:check
2022-03-25T15:15:46.8687621Z > Task :exporters:jaeger-thrift:build
2022-03-25T15:15:46.8687972Z > Task :exporters:logging-otlp:checkstyleTest
2022-03-25T15:15:47.6686500Z > Task :exporters:logging-otlp:jApiCmp
2022-03-25T15:15:47.7687241Z > Task :exporters:logging-otlp:spotlessJava
2022-03-25T15:15:47.7687672Z > Task :exporters:logging-otlp:spotlessJavaCheck
2022-03-25T15:15:47.7688075Z > Task :exporters:logging-otlp:spotlessKotlinGradle
2022-03-25T15:15:47.7688493Z > Task :exporters:logging-otlp:spotlessKotlinGradleCheck
2022-03-25T15:15:47.7688889Z > Task :exporters:logging-otlp:spotlessMisc
2022-03-25T15:15:47.7689260Z > Task :exporters:logging-otlp:spotlessMiscCheck
2022-03-25T15:15:47.7689609Z > Task :exporters:logging-otlp:spotlessCheck
2022-03-25T15:15:50.2685295Z > Task :exporters:prometheus:javadoc
2022-03-25T15:15:50.2685911Z > Task :exporters:prometheus:javadocJar
2022-03-25T15:15:50.3685804Z > Task :exporters:prometheus:sourcesJar
2022-03-25T15:15:50.3686409Z > Task :exporters:prometheus:assemble
2022-03-25T15:15:50.7686178Z > Task :exporters:prometheus:animalsnifferMain
2022-03-25T15:15:51.4687113Z > Task :exporters:logging-otlp:test
2022-03-25T15:15:51.4687760Z > Task :exporters:logging-otlp:check
2022-03-25T15:15:51.4688725Z > Task :exporters:logging-otlp:build
2022-03-25T15:15:53.9684935Z > Task :exporters:prometheus:compileIntegrationTestJava
2022-03-25T15:15:54.0736380Z > Task :exporters:prometheus:processIntegrationTestResources
2022-03-25T15:15:54.0737103Z > Task :exporters:prometheus:integrationTestClasses
2022-03-25T15:15:54.4686197Z > Task :exporters:prometheus:checkstyleIntegrationTest
2022-03-25T15:15:54.5686107Z > Task :exporters:zipkin:javadoc
2022-03-25T15:15:54.5686772Z > Task :exporters:zipkin:javadocJar
2022-03-25T15:15:54.5687339Z > Task :exporters:zipkin:sourcesJar
2022-03-25T15:15:54.5687754Z > Task :exporters:zipkin:assemble
2022-03-25T15:15:54.7685969Z > Task :exporters:prometheus:checkstyleMain
2022-03-25T15:15:54.7686996Z > Task :exporters:prometheus:processModuleResources NO-SOURCE
2022-03-25T15:15:54.7687561Z > Task :exporters:prometheus:moduleClasses
2022-03-25T15:15:54.8689644Z > Task :exporters:zipkin:animalsnifferMain
2022-03-25T15:15:54.9686475Z > Task :exporters:prometheus:checkstyleModule
2022-03-25T15:15:54.9687106Z > Task :exporters:zipkin:checkstyleMain
2022-03-25T15:15:57.0689996Z > Task :exporters:zipkin:compileTestJava
2022-03-25T15:15:57.1724242Z > Task :exporters:zipkin:processTestResources NO-SOURCE
2022-03-25T15:15:57.1725128Z > Task :exporters:zipkin:testClasses
2022-03-25T15:15:57.4685736Z > Task :exporters:prometheus:compileTestJava
2022-03-25T15:15:57.4686578Z > Task :exporters:prometheus:processTestResources NO-SOURCE
2022-03-25T15:15:57.4686995Z > Task :exporters:prometheus:testClasses
2022-03-25T15:15:57.4687330Z > Task :exporters:zipkin:checkstyleTest
2022-03-25T15:15:57.5686292Z > Task :exporters:prometheus:checkstyleTest
2022-03-25T15:15:58.2685658Z > Task :exporters:zipkin:jApiCmp
2022-03-25T15:15:58.3687198Z > Task :exporters:zipkin:spotlessJava
2022-03-25T15:15:58.3687734Z > Task :exporters:zipkin:spotlessJavaCheck
2022-03-25T15:15:58.4687188Z > Task :exporters:zipkin:spotlessKotlinGradle
2022-03-25T15:15:58.4687733Z > Task :exporters:zipkin:spotlessKotlinGradleCheck
2022-03-25T15:15:58.4688120Z > Task :exporters:zipkin:spotlessMisc
2022-03-25T15:15:58.4688480Z > Task :exporters:zipkin:spotlessMiscCheck
2022-03-25T15:15:58.4688831Z > Task :exporters:zipkin:spotlessCheck
2022-03-25T15:15:59.6695495Z > Task :exporters:prometheus:compileTestJpmsJava
2022-03-25T15:15:59.6696649Z > Task :exporters:prometheus:processTestJpmsResources NO-SOURCE
2022-03-25T15:15:59.6697436Z > Task :exporters:prometheus:testJpmsClasses
2022-03-25T15:15:59.8686172Z > Task :exporters:prometheus:checkstyleTestJpms
2022-03-25T15:16:21.6696779Z 
2022-03-25T15:16:21.6711404Z > Task :exporters:zipkin:test
2022-03-25T15:16:21.6717201Z 
2022-03-25T15:16:21.6717829Z ZipkinSpanExporterEndToEndHttpTest > testExportAsJsonV1() STANDARD_ERROR
2022-03-25T15:16:21.6718993Z     [OkHttp http://localhost:49168/...] WARN io.opentelemetry.exporter.zipkin.ZipkinSpanExporter - Failed to export spans
2022-03-25T15:16:21.6719536Z     java.lang.RuntimeException: response for null failed: Malformed reading List<Span> from json
2022-03-25T15:16:21.6720028Z     	at zipkin2.reporter.okhttp3.HttpCall.parseResponse(HttpCall.java:93)
2022-03-25T15:16:21.6720499Z     	at zipkin2.reporter.okhttp3.HttpCall$V2CallbackAdapter.onResponse(HttpCall.java:68)
2022-03-25T15:16:21.6720960Z     	at okhttp3.internal.connection.RealCall$AsyncCall.run(RealCall.kt:519)
2022-03-25T15:16:21.6721465Z     	at java.base/java.util.concurrent.ThreadPoolExecutor.runWorker(ThreadPoolExecutor.java:1136)
2022-03-25T15:16:21.6721994Z     	at java.base/java.util.concurrent.ThreadPoolExecutor$Worker.run(ThreadPoolExecutor.java:635)
2022-03-25T15:16:21.6722538Z     	at java.base/java.lang.Thread.run(Thread.java:833)
2022-03-25T15:16:22.2687153Z OpenJDK 64-Bit Server VM warning: Sharing is only supported for boot loader classes because bootstrap classpath has been appended
2022-03-25T15:16:24.6686324Z 
2022-03-25T15:16:24.6687079Z > Task :exporters:zipkin:check
2022-03-25T15:16:24.6687640Z > Task :exporters:zipkin:build
2022-03-25T15:16:26.3688540Z > Task :extensions:annotations:javadoc
2022-03-25T15:16:26.3689249Z > Task :extensions:annotations:javadocJar
2022-03-25T15:16:26.3689917Z > Task :extensions:annotations:sourcesJar
2022-03-25T15:16:26.3690589Z > Task :extensions:annotations:assemble
2022-03-25T15:16:26.4685765Z > Task :extensions:annotations:animalsnifferMain
2022-03-25T15:16:26.5687233Z > Task :extensions:annotations:checkstyleMain
2022-03-25T15:16:27.0686295Z > Task :extensions:annotations:compileTestJava
2022-03-25T15:16:27.0687196Z > Task :extensions:annotations:processTestResources NO-SOURCE
2022-03-25T15:16:27.0687639Z > Task :extensions:annotations:testClasses
2022-03-25T15:16:27.1686333Z > Task :extensions:annotations:checkstyleTest
2022-03-25T15:16:27.8689615Z > Task :extensions:annotations:jApiCmp
2022-03-25T15:16:27.9687246Z > Task :extensions:annotations:spotlessJava
2022-03-25T15:16:27.9687839Z > Task :extensions:annotations:spotlessJavaCheck
2022-03-25T15:16:27.9688105Z 
2022-03-25T15:16:27.9688316Z > Task :exporters:prometheus:integrationTest
2022-03-25T15:16:27.9689189Z OpenJDK 64-Bit Server VM warning: Sharing is only supported for boot loader classes because bootstrap classpath has been appended
2022-03-25T15:16:28.0685504Z 
2022-03-25T15:16:28.0688461Z > Task :extensions:annotations:spotlessKotlinGradle
2022-03-25T15:16:28.0689035Z > Task :extensions:annotations:spotlessKotlinGradleCheck
2022-03-25T15:16:28.0689863Z > Task :extensions:annotations:spotlessMisc
2022-03-25T15:16:28.0690217Z > Task :extensions:annotations:spotlessMiscCheck
2022-03-25T15:16:28.0690529Z > Task :extensions:annotations:spotlessCheck
2022-03-25T15:16:30.1688004Z > Task :extensions:annotations:test
2022-03-25T15:16:30.1688932Z > Task :extensions:annotations:check
2022-03-25T15:16:30.1689231Z > Task :extensions:annotations:build
2022-03-25T15:16:30.9686412Z > Task :exporters:prometheus:spotlessJava
2022-03-25T15:16:30.9686943Z > Task :exporters:prometheus:spotlessJavaCheck
2022-03-25T15:16:31.0686549Z > Task :exporters:prometheus:spotlessKotlinGradle
2022-03-25T15:16:31.0687590Z > Task :exporters:prometheus:spotlessKotlinGradleCheck
2022-03-25T15:16:31.1687221Z > Task :exporters:prometheus:spotlessMisc
2022-03-25T15:16:31.1687610Z > Task :exporters:prometheus:spotlessMiscCheck
2022-03-25T15:16:31.1687927Z > Task :exporters:prometheus:spotlessCheck
2022-03-25T15:16:33.1700829Z > Task :extensions:aws:javadoc
2022-03-25T15:16:33.1723599Z > Task :extensions:aws:javadocJar
2022-03-25T15:16:33.2689740Z > Task :extensions:aws:sourcesJar
2022-03-25T15:16:33.2690421Z > Task :extensions:aws:assemble
2022-03-25T15:16:33.5707038Z > Task :extensions:aws:animalsnifferMain
2022-03-25T15:16:33.7686284Z > Task :extensions:aws:checkstyleMain
2022-03-25T15:16:35.9686702Z > Task :extensions:aws:compileTestJava
2022-03-25T15:16:35.9687861Z > Task :extensions:aws:processTestResources NO-SOURCE
2022-03-25T15:16:35.9688258Z > Task :extensions:aws:testClasses
2022-03-25T15:16:36.2686087Z > Task :extensions:aws:checkstyleTest
2022-03-25T15:16:37.0687912Z > Task :extensions:aws:jApiCmp
2022-03-25T15:16:37.2688296Z > Task :extensions:aws:spotlessJava
2022-03-25T15:16:37.2694193Z > Task :extensions:aws:spotlessJavaCheck
2022-03-25T15:16:37.2695000Z > Task :extensions:aws:spotlessKotlinGradle
2022-03-25T15:16:37.2695472Z > Task :extensions:aws:spotlessKotlinGradleCheck
2022-03-25T15:16:37.3690400Z > Task :extensions:aws:spotlessMisc
2022-03-25T15:16:37.3691032Z > Task :extensions:aws:spotlessMiscCheck
2022-03-25T15:16:37.3691754Z > Task :extensions:aws:spotlessCheck
2022-03-25T15:16:38.3686229Z > Task :exporters:prometheus:test
2022-03-25T15:16:39.8701759Z > Task :extensions:aws:test
2022-03-25T15:16:39.8702402Z > Task :extensions:aws:check
2022-03-25T15:16:39.8703766Z > Task :extensions:aws:build
2022-03-25T15:16:42.2686621Z > Task :extensions:incubator:javadoc
2022-03-25T15:16:42.2686982Z > Task :extensions:incubator:javadocJar
2022-03-25T15:16:42.2687975Z > Task :extensions:incubator:sourcesJar
2022-03-25T15:16:42.2688239Z > Task :extensions:incubator:assemble
2022-03-25T15:16:42.3685825Z > Task :extensions:incubator:animalsnifferMain
2022-03-25T15:16:43.0686265Z > Task :extensions:incubator:compileJmhJava
2022-03-25T15:16:43.0687352Z > Task :extensions:incubator:processJmhResources NO-SOURCE
2022-03-25T15:16:43.0688509Z > Task :extensions:incubator:jmhClasses
2022-03-25T15:16:43.1685705Z > Task :extensions:incubator:checkstyleJmh
2022-03-25T15:16:43.2685752Z > Task :extensions:incubator:checkstyleMain
2022-03-25T15:16:44.0686621Z > Task :extensions:incubator:compileTestJava
2022-03-25T15:16:44.0687655Z > Task :extensions:incubator:processTestResources NO-SOURCE
2022-03-25T15:16:44.0688464Z > Task :extensions:incubator:testClasses
2022-03-25T15:16:44.1687901Z > Task :extensions:incubator:checkstyleTest
2022-03-25T15:16:44.1688682Z > Task :extensions:incubator:spotlessJava
2022-03-25T15:16:44.1689077Z > Task :extensions:incubator:spotlessJavaCheck
2022-03-25T15:16:44.1689910Z > Task :extensions:incubator:spotlessKotlinGradle
2022-03-25T15:16:44.1690286Z > Task :extensions:incubator:spotlessKotlinGradleCheck
2022-03-25T15:16:44.1690587Z > Task :extensions:incubator:spotlessMisc
2022-03-25T15:16:44.1690898Z > Task :extensions:incubator:spotlessMiscCheck
2022-03-25T15:16:44.1691209Z > Task :extensions:incubator:spotlessCheck
2022-03-25T15:16:45.8686626Z > Task :extensions:incubator:test
2022-03-25T15:16:45.8687124Z > Task :extensions:incubator:check
2022-03-25T15:16:45.8687449Z > Task :extensions:incubator:build
2022-03-25T15:16:45.8687807Z > Task :extensions:kotlin:javadoc SKIPPED
2022-03-25T15:16:45.8688174Z > Task :extensions:kotlin:javadocJar
2022-03-25T15:16:45.8688513Z > Task :extensions:kotlin:sourcesJar
2022-03-25T15:16:45.8688826Z > Task :extensions:kotlin:assemble
2022-03-25T15:16:46.0686697Z > Task :extensions:kotlin:animalsnifferMain
2022-03-25T15:16:46.0687613Z > Task :extensions:kotlin:compileJmhKotlin NO-SOURCE
2022-03-25T15:16:46.0688099Z > Task :extensions:kotlin:compileJmhJava NO-SOURCE
2022-03-25T15:16:46.0688560Z > Task :extensions:kotlin:processJmhResources NO-SOURCE
2022-03-25T15:16:46.0689027Z > Task :extensions:kotlin:jmhClasses UP-TO-DATE
2022-03-25T15:16:46.0689481Z > Task :extensions:kotlin:checkstyleJmh NO-SOURCE
2022-03-25T15:16:46.1686037Z > Task :extensions:kotlin:checkstyleMain
2022-03-25T15:16:47.7687840Z > Task :extensions:kotlin:compileTestKotlin
2022-03-25T15:16:47.7688799Z > Task :extensions:kotlin:compileTestJava NO-SOURCE
2022-03-25T15:16:47.8687081Z > Task :extensions:kotlin:processTestResources NO-SOURCE
2022-03-25T15:16:47.8687923Z > Task :extensions:kotlin:testClasses UP-TO-DATE
2022-03-25T15:16:47.8688558Z > Task :extensions:kotlin:checkstyleTest NO-SOURCE
2022-03-25T15:16:49.3687011Z > Task :extensions:kotlin:compileTestStrictContextKotlin
2022-03-25T15:16:49.3688090Z > Task :extensions:kotlin:compileTestStrictContextJava NO-SOURCE
2022-03-25T15:16:49.3688849Z > Task :extensions:kotlin:processTestStrictContextResources NO-SOURCE
2022-03-25T15:16:49.3689690Z > Task :extensions:kotlin:testStrictContextClasses UP-TO-DATE
2022-03-25T15:16:49.3690780Z > Task :extensions:kotlin:checkstyleTestStrictContext NO-SOURCE
2022-03-25T15:16:49.8685993Z > Task :extensions:kotlin:jApiCmp
2022-03-25T15:16:49.9686217Z > Task :extensions:kotlin:spotlessJava
2022-03-25T15:16:49.9686973Z > Task :extensions:kotlin:spotlessJavaCheck
2022-03-25T15:16:50.0690868Z > Task :extensions:kotlin:spotlessKotlin
2022-03-25T15:16:50.0691471Z > Task :extensions:kotlin:spotlessKotlinCheck
2022-03-25T15:16:50.0692047Z > Task :extensions:kotlin:spotlessKotlinGradle
2022-03-25T15:16:50.0693453Z > Task :extensions:kotlin:spotlessKotlinGradleCheck
2022-03-25T15:16:50.1686572Z > Task :extensions:kotlin:spotlessMisc
2022-03-25T15:16:50.1686980Z > Task :extensions:kotlin:spotlessMiscCheck
2022-03-25T15:16:50.1687371Z > Task :extensions:kotlin:spotlessCheck
2022-03-25T15:16:51.4689405Z > Task :exporters:prometheus:testJpms
2022-03-25T15:16:51.4690100Z > Task :exporters:prometheus:check
2022-03-25T15:16:51.4691053Z > Task :exporters:prometheus:build
2022-03-25T15:16:52.2686005Z > Task :extensions:kotlin:test
2022-03-25T15:16:54.5686732Z > Task :extensions:noop-api:javadoc
2022-03-25T15:16:54.6686251Z > Task :extensions:noop-api:javadocJar
2022-03-25T15:16:54.6686787Z > Task :extensions:noop-api:sourcesJar
2022-03-25T15:16:54.6687488Z > Task :extensions:noop-api:assemble
2022-03-25T15:16:54.8691456Z > Task :extensions:noop-api:animalsnifferMain
2022-03-25T15:16:55.0687172Z > Task :extensions:noop-api:checkstyleMain
2022-03-25T15:16:55.0687861Z > Task :extensions:noop-api:compileTestJava NO-SOURCE
2022-03-25T15:16:55.0688374Z > Task :extensions:noop-api:processTestResources NO-SOURCE
2022-03-25T15:16:55.0688893Z > Task :extensions:noop-api:testClasses UP-TO-DATE
2022-03-25T15:16:55.0689365Z > Task :extensions:noop-api:checkstyleTest NO-SOURCE
2022-03-25T15:16:55.1685752Z > Task :extensions:noop-api:spotlessJava
2022-03-25T15:16:55.1686892Z > Task :extensions:noop-api:spotlessJavaCheck
2022-03-25T15:16:55.1687381Z > Task :extensions:noop-api:spotlessKotlinGradle
2022-03-25T15:16:55.1687860Z > Task :extensions:noop-api:spotlessKotlinGradleCheck
2022-03-25T15:16:55.1688287Z > Task :extensions:noop-api:spotlessMisc
2022-03-25T15:16:55.1688720Z > Task :extensions:noop-api:spotlessMiscCheck
2022-03-25T15:16:55.1689168Z > Task :extensions:noop-api:spotlessCheck
2022-03-25T15:16:55.1689593Z > Task :extensions:noop-api:test NO-SOURCE
2022-03-25T15:16:55.1690005Z > Task :extensions:noop-api:check
2022-03-25T15:16:55.1690397Z > Task :extensions:noop-api:build
2022-03-25T15:16:55.3691882Z > Task :extensions:kotlin:testStrictContext
2022-03-25T15:16:55.3692609Z > Task :extensions:kotlin:check
2022-03-25T15:16:55.3693346Z > Task :extensions:kotlin:build
2022-03-25T15:16:58.4688348Z > Task :extensions:trace-propagators:javadoc
2022-03-25T15:16:58.4689261Z > Task :extensions:trace-propagators:javadocJar
2022-03-25T15:16:58.4689948Z > Task :extensions:trace-propagators:sourcesJar
2022-03-25T15:16:58.4690601Z > Task :extensions:trace-propagators:assemble
2022-03-25T15:16:58.6686746Z > Task :extensions:trace-propagators:animalsnifferMain
2022-03-25T15:16:58.8689379Z > Task :integration-tests:otlp:compileJava
2022-03-25T15:16:58.8697282Z > Task :integration-tests:otlp:processResources
2022-03-25T15:16:58.8732302Z > Task :integration-tests:otlp:classes
2022-03-25T15:16:58.8732925Z > Task :integration-tests:otlp:jar
2022-03-25T15:16:58.8733816Z > Task :integration-tests:otlp:javadoc SKIPPED
2022-03-25T15:16:58.8734237Z > Task :integration-tests:otlp:javadocJar
2022-03-25T15:16:58.8734603Z > Task :integration-tests:otlp:sourcesJar
2022-03-25T15:16:58.8734938Z > Task :integration-tests:otlp:assemble
2022-03-25T15:16:59.1687347Z > Task :integration-tests:otlp:checkstyleMain
2022-03-25T15:17:00.4688438Z > Task :extensions:trace-propagators:compileJmhJava
2022-03-25T15:17:00.4689404Z > Task :extensions:trace-propagators:processJmhResources NO-SOURCE
2022-03-25T15:17:00.4690499Z > Task :extensions:trace-propagators:jmhClasses
2022-03-25T15:17:00.5692185Z > Task :integration-tests:otlp:compileTestJava
2022-03-25T15:17:00.5692923Z > Task :integration-tests:otlp:processTestResources NO-SOURCE
2022-03-25T15:17:00.5693739Z > Task :integration-tests:otlp:testClasses
2022-03-25T15:17:00.5694322Z > Task :extensions:trace-propagators:checkstyleJmh
2022-03-25T15:17:00.6686983Z > Task :integration-tests:otlp:checkstyleTest
2022-03-25T15:17:00.8690126Z > Task :extensions:trace-propagators:checkstyleMain
2022-03-25T15:17:01.7688169Z > Task :integration-tests:otlp:compileTestGrpcJavaJava
2022-03-25T15:17:01.7689601Z > Task :integration-tests:otlp:processTestGrpcJavaResources NO-SOURCE
2022-03-25T15:17:01.7690267Z > Task :integration-tests:otlp:testGrpcJavaClasses
2022-03-25T15:17:01.9688202Z > Task :integration-tests:otlp:checkstyleTestGrpcJava
2022-03-25T15:17:02.0687554Z > Task :integration-tests:otlp:spotlessJava
2022-03-25T15:17:02.0693569Z > Task :integration-tests:otlp:spotlessJavaCheck
2022-03-25T15:17:02.0694474Z > Task :integration-tests:otlp:spotlessKotlinGradle
2022-03-25T15:17:02.0695056Z > Task :integration-tests:otlp:spotlessKotlinGradleCheck
2022-03-25T15:17:02.0695820Z > Task :integration-tests:otlp:spotlessMisc
2022-03-25T15:17:02.0696363Z > Task :integration-tests:otlp:spotlessMiscCheck
2022-03-25T15:17:02.0697079Z > Task :integration-tests:otlp:spotlessCheck
2022-03-25T15:17:04.4688551Z > Task :extensions:trace-propagators:compileTestJava
2022-03-25T15:17:04.4689499Z > Task :extensions:trace-propagators:processTestResources NO-SOURCE
2022-03-25T15:17:04.4690431Z > Task :extensions:trace-propagators:testClasses
2022-03-25T15:17:05.0686802Z > Task :extensions:trace-propagators:checkstyleTest
2022-03-25T15:17:06.0687675Z > Task :extensions:trace-propagators:jApiCmp
2022-03-25T15:17:06.4687900Z > Task :extensions:trace-propagators:spotlessJava
2022-03-25T15:17:06.4688780Z > Task :extensions:trace-propagators:spotlessJavaCheck
2022-03-25T15:17:06.4689541Z > Task :extensions:trace-propagators:spotlessKotlinGradle
2022-03-25T15:17:06.4690132Z > Task :extensions:trace-propagators:spotlessKotlinGradleCheck
2022-03-25T15:17:06.5687063Z > Task :extensions:trace-propagators:spotlessMisc
2022-03-25T15:17:06.5687955Z > Task :extensions:trace-propagators:spotlessMiscCheck
2022-03-25T15:17:06.5688570Z > Task :extensions:trace-propagators:spotlessCheck
2022-03-25T15:17:10.2687323Z > Task :extensions:trace-propagators:test
2022-03-25T15:17:10.2687939Z > Task :extensions:trace-propagators:check
2022-03-25T15:17:10.2688432Z > Task :extensions:trace-propagators:build
2022-03-25T15:17:12.4745723Z > Task :integration-tests:tracecontext:compileJava
2022-03-25T15:17:12.4746590Z > Task :integration-tests:tracecontext:processResources
2022-03-25T15:17:12.4747212Z > Task :integration-tests:tracecontext:classes
2022-03-25T15:17:12.4747796Z > Task :integration-tests:tracecontext:jar
2022-03-25T15:17:15.5685971Z > Task :integration-tests:tracecontext:javadoc
2022-03-25T15:17:15.5686780Z > Task :integration-tests:tracecontext:javadocJar
2022-03-25T15:17:15.5687455Z > Task :integration-tests:tracecontext:sourcesJar
2022-03-25T15:17:15.5688554Z > Task :integration-tests:tracecontext:assemble
2022-03-25T15:17:15.6686674Z > Task :integration-tests:tracecontext:checkstyleMain
2022-03-25T15:17:16.3687439Z > Task :integration-tests:tracecontext:compileTestJava
2022-03-25T15:17:16.3688314Z > Task :integration-tests:tracecontext:processTestResources NO-SOURCE
2022-03-25T15:17:16.3689070Z > Task :integration-tests:tracecontext:testClasses
2022-03-25T15:17:16.4686641Z > Task :integration-tests:tracecontext:checkstyleTest
2022-03-25T15:17:16.4687453Z > Task :integration-tests:tracecontext:spotlessJava
2022-03-25T15:17:16.4688183Z > Task :integration-tests:tracecontext:spotlessJavaCheck
2022-03-25T15:17:16.5686859Z > Task :integration-tests:tracecontext:spotlessKotlinGradle
2022-03-25T15:17:16.5687763Z > Task :integration-tests:tracecontext:spotlessKotlinGradleCheck
2022-03-25T15:17:16.5688389Z > Task :integration-tests:tracecontext:spotlessMisc
2022-03-25T15:17:16.5688881Z > Task :integration-tests:tracecontext:spotlessMiscCheck
2022-03-25T15:17:16.5689382Z > Task :integration-tests:tracecontext:spotlessCheck
2022-03-25T15:17:21.6687104Z > Task :integration-tests:tracecontext:shadowJar
2022-03-25T15:17:22.8691876Z > Task :integration-tests:tracecontext:test
2022-03-25T15:17:22.8692379Z > Task :integration-tests:tracecontext:check
2022-03-25T15:17:22.8692846Z > Task :integration-tests:tracecontext:build
2022-03-25T15:17:24.3686277Z > Task :sdk:all:javadoc
2022-03-25T15:17:24.3686564Z > Task :sdk:all:javadocJar
2022-03-25T15:17:24.3686807Z > Task :sdk:all:sourcesJar
2022-03-25T15:17:24.3687044Z > Task :sdk:all:assemble
2022-03-25T15:17:24.5686280Z > Task :sdk:all:animalsnifferMain
2022-03-25T15:17:24.5687195Z > Task :sdk:all:compileJmhJava NO-SOURCE
2022-03-25T15:17:24.5687812Z > Task :sdk:all:processJmhResources NO-SOURCE
2022-03-25T15:17:24.5735517Z > Task :sdk:all:jmhClasses UP-TO-DATE
2022-03-25T15:17:24.5735853Z > Task :sdk:all:checkstyleJmh NO-SOURCE
2022-03-25T15:17:24.6686562Z > Task :sdk:all:checkstyleMain
2022-03-25T15:17:26.2686547Z > Task :sdk:all:compileTestJava
2022-03-25T15:17:26.2687581Z > Task :sdk:all:processTestResources NO-SOURCE
2022-03-25T15:17:26.2688115Z > Task :sdk:all:testClasses
2022-03-25T15:17:26.3687978Z > Task :sdk:all:checkstyleTest
2022-03-25T15:17:26.8688980Z > Task :sdk:all:jApiCmp
2022-03-25T15:17:26.9687169Z > Task :sdk:all:spotlessJava
2022-03-25T15:17:26.9687579Z > Task :sdk:all:spotlessJavaCheck
2022-03-25T15:17:26.9688176Z > Task :sdk:all:spotlessKotlinGradle
2022-03-25T15:17:26.9688558Z > Task :sdk:all:spotlessKotlinGradleCheck
2022-03-25T15:17:26.9688899Z > Task :sdk:all:spotlessMisc
2022-03-25T15:17:26.9689267Z > Task :sdk:all:spotlessMiscCheck
2022-03-25T15:17:26.9689607Z > Task :sdk:all:spotlessCheck
2022-03-25T15:17:28.9687324Z 
2022-03-25T15:17:28.9687740Z > Task :sdk:all:test
2022-03-25T15:17:28.9688613Z OpenJDK 64-Bit Server VM warning: Sharing is only supported for boot loader classes because bootstrap classpath has been appended
2022-03-25T15:17:30.5686387Z 
2022-03-25T15:17:30.5686709Z > Task :sdk:all:check
2022-03-25T15:17:30.5687056Z > Task :sdk:all:build
2022-03-25T15:17:32.0713867Z > Task :integration-tests:otlp:test
2022-03-25T15:17:32.4688771Z > Task :sdk:common:javadoc
2022-03-25T15:17:32.5686421Z > Task :sdk:common:javadocJar
2022-03-25T15:17:32.5686737Z > Task :sdk:common:sourcesJar
2022-03-25T15:17:32.5686974Z > Task :sdk:common:assemble
2022-03-25T15:17:32.6686344Z > Task :sdk:common:animalsnifferMain
2022-03-25T15:17:32.7690462Z > Task :sdk:common:checkstyleJava9
2022-03-25T15:17:32.9686586Z > Task :sdk:common:checkstyleMain
2022-03-25T15:17:34.7687885Z > Task :sdk:common:compileTestJava
2022-03-25T15:17:34.7688932Z > Task :sdk:common:processTestResources NO-SOURCE
2022-03-25T15:17:34.7689486Z > Task :sdk:common:testClasses
2022-03-25T15:17:34.9701938Z > Task :sdk:common:checkstyleTest
2022-03-25T15:17:34.9703190Z > Task :sdk:common:compileTestResourceDisabledByEnvJava NO-SOURCE
2022-03-25T15:17:34.9704654Z > Task :sdk:common:processTestResourceDisabledByEnvResources NO-SOURCE
2022-03-25T15:17:34.9705439Z > Task :sdk:common:testResourceDisabledByEnvClasses UP-TO-DATE
2022-03-25T15:17:34.9706195Z > Task :sdk:common:checkstyleTestResourceDisabledByEnv NO-SOURCE
2022-03-25T15:17:34.9706862Z > Task :sdk:common:compileTestResourceDisabledByPropertyJava NO-SOURCE
2022-03-25T15:17:34.9707536Z > Task :sdk:common:processTestResourceDisabledByPropertyResources NO-SOURCE
2022-03-25T15:17:34.9708145Z > Task :sdk:common:testResourceDisabledByPropertyClasses UP-TO-DATE
2022-03-25T15:17:34.9708755Z > Task :sdk:common:checkstyleTestResourceDisabledByProperty NO-SOURCE
2022-03-25T15:17:35.4686270Z > Task :sdk:common:jApiCmp
2022-03-25T15:17:35.8686641Z > Task :sdk:common:spotlessJava
2022-03-25T15:17:35.8687351Z > Task :sdk:common:spotlessJavaCheck
2022-03-25T15:17:35.8687872Z > Task :sdk:common:spotlessKotlinGradle
2022-03-25T15:17:35.8688327Z > Task :sdk:common:spotlessKotlinGradleCheck
2022-03-25T15:17:35.8688780Z > Task :sdk:common:spotlessMisc
2022-03-25T15:17:35.8689244Z > Task :sdk:common:spotlessMiscCheck
2022-03-25T15:17:35.8689589Z > Task :sdk:common:spotlessCheck
2022-03-25T15:17:37.9688114Z > Task :sdk:common:test
2022-03-25T15:17:37.9694106Z > Task :sdk:common:testResourceDisabledByEnv NO-SOURCE
2022-03-25T15:17:37.9695076Z > Task :sdk:common:testResourceDisabledByProperty NO-SOURCE
2022-03-25T15:17:37.9695558Z > Task :sdk:common:check
2022-03-25T15:17:37.9696157Z > Task :sdk:common:build
2022-03-25T15:17:41.4689113Z > Task :sdk:logs:javadoc
2022-03-25T15:17:41.4689666Z > Task :sdk:logs:javadocJar
2022-03-25T15:17:41.4690374Z > Task :sdk:logs:sourcesJar
2022-03-25T15:17:41.4690649Z > Task :sdk:logs:assemble
2022-03-25T15:17:41.6687814Z > Task :sdk:logs:animalsnifferMain
2022-03-25T15:17:42.1688816Z > Task :sdk:logs:checkstyleMain
2022-03-25T15:17:54.7686525Z > Task :sdk:logs:compileTestJava
2022-03-25T15:17:54.7687529Z > Task :sdk:logs:processTestResources NO-SOURCE
2022-03-25T15:17:54.7688051Z > Task :sdk:logs:testClasses
2022-03-25T15:17:55.0690525Z > Task :sdk:logs:checkstyleTest
2022-03-25T15:17:55.2686791Z > Task :sdk:logs:spotlessJava
2022-03-25T15:17:55.2687463Z > Task :sdk:logs:spotlessJavaCheck
2022-03-25T15:17:55.2688091Z > Task :sdk:logs:spotlessKotlinGradle
2022-03-25T15:17:55.2688535Z > Task :sdk:logs:spotlessKotlinGradleCheck
2022-03-25T15:17:55.2689205Z > Task :sdk:logs:spotlessMisc
2022-03-25T15:17:55.2689655Z > Task :sdk:logs:spotlessMiscCheck
2022-03-25T15:17:55.2690093Z > Task :sdk:logs:spotlessCheck
2022-03-25T15:17:57.5722887Z 
2022-03-25T15:17:57.5723213Z > Task :sdk:logs:test
2022-03-25T15:17:57.5724132Z OpenJDK 64-Bit Server VM warning: Sharing is only supported for boot loader classes because bootstrap classpath has been appended
2022-03-25T15:18:00.1687795Z 
2022-03-25T15:18:00.1688951Z SdkLogEmitterProviderTest > shutdown() STANDARD_ERROR
2022-03-25T15:18:00.1689910Z     [Test worker] WARN io.opentelemetry.sdk.logs.SdkLogEmitterProvider - Calling shutdown() multiple times.
2022-03-25T15:18:05.6686244Z 
2022-03-25T15:18:05.6686990Z > Task :sdk:logs:check
2022-03-25T15:18:05.6688013Z > Task :sdk:logs:build
2022-03-25T15:18:07.5687153Z > Task :sdk:logs-testing:javadoc
2022-03-25T15:18:07.5687848Z > Task :sdk:logs-testing:javadocJar
2022-03-25T15:18:07.5688514Z > Task :sdk:logs-testing:sourcesJar
2022-03-25T15:18:07.5688939Z > Task :sdk:logs-testing:assemble
2022-03-25T15:18:07.6686998Z > Task :sdk:logs-testing:checkstyleMain
2022-03-25T15:18:08.7686401Z > Task :sdk:logs-testing:compileTestJava
2022-03-25T15:18:08.7687210Z > Task :sdk:logs-testing:processTestResources NO-SOURCE
2022-03-25T15:18:08.7687573Z > Task :sdk:logs-testing:testClasses
2022-03-25T15:18:08.8687260Z > Task :sdk:logs-testing:checkstyleTest
2022-03-25T15:18:08.8688168Z > Task :sdk:logs-testing:spotlessJava
2022-03-25T15:18:08.8689132Z > Task :sdk:logs-testing:spotlessJavaCheck
2022-03-25T15:18:08.8689579Z > Task :sdk:logs-testing:spotlessKotlinGradle
2022-03-25T15:18:08.8689965Z > Task :sdk:logs-testing:spotlessKotlinGradleCheck
2022-03-25T15:18:08.9686989Z > Task :sdk:logs-testing:spotlessMisc
2022-03-25T15:18:08.9687447Z > Task :sdk:logs-testing:spotlessMiscCheck
2022-03-25T15:18:08.9687784Z > Task :sdk:logs-testing:spotlessCheck
2022-03-25T15:18:09.2686444Z > Task :integration-tests:otlp:testGrpcJava
2022-03-25T15:18:10.4686492Z > Task :sdk:logs-testing:test
2022-03-25T15:18:10.4687113Z > Task :sdk:logs-testing:check
2022-03-25T15:18:10.4687509Z > Task :sdk:logs-testing:build
2022-03-25T15:18:12.6684944Z > Task :sdk:metrics:javadoc
2022-03-25T15:18:12.7686563Z > Task :sdk:metrics:javadocJar
2022-03-25T15:18:12.7686889Z > Task :sdk:metrics:sourcesJar
2022-03-25T15:18:12.7687279Z > Task :sdk:metrics:assemble
2022-03-25T15:18:12.9690671Z > Task :sdk:metrics:animalsnifferMain
2022-03-25T15:18:13.7686202Z > Task :sdk:metrics:compileDebugEnabledTestJava
2022-03-25T15:18:13.7687173Z > Task :sdk:metrics:processDebugEnabledTestResources NO-SOURCE
2022-03-25T15:18:13.7687697Z > Task :sdk:metrics:debugEnabledTestClasses
2022-03-25T15:18:13.8685137Z > Task :sdk:metrics:checkstyleDebugEnabledTest
2022-03-25T15:18:14.7687194Z > Task :sdk:metrics:compileJmhJava
2022-03-25T15:18:14.7696018Z > Task :sdk:metrics:processJmhResources NO-SOURCE
2022-03-25T15:18:14.7696332Z > Task :sdk:metrics:jmhClasses
2022-03-25T15:18:14.8685613Z > Task :sdk:metrics:checkstyleJmh
2022-03-25T15:18:15.4724654Z > Task :sdk:metrics:checkstyleMain
2022-03-25T15:18:16.4685483Z > Task :integration-tests:otlp:check
2022-03-25T15:18:16.4687315Z > Task :integration-tests:otlp:build
2022-03-25T15:18:20.2686714Z > Task :sdk:metrics-testing:javadoc
2022-03-25T15:18:20.3686397Z > Task :sdk:metrics-testing:javadocJar
2022-03-25T15:18:20.3687163Z > Task :sdk:metrics-testing:sourcesJar
2022-03-25T15:18:20.3687570Z > Task :sdk:metrics-testing:assemble
2022-03-25T15:18:20.9686374Z > Task :sdk:metrics-testing:checkstyleMain
2022-03-25T15:18:23.6686647Z > Task :sdk:metrics-testing:compileTestJava
2022-03-25T15:18:23.6687161Z > Task :sdk:metrics-testing:processTestResources NO-SOURCE
2022-03-25T15:18:23.6687815Z > Task :sdk:metrics-testing:testClasses
2022-03-25T15:18:23.9686636Z > Task :sdk:metrics-testing:checkstyleTest
2022-03-25T15:18:24.1712062Z > Task :sdk:metrics-testing:spotlessJava
2022-03-25T15:18:24.1713249Z > Task :sdk:metrics-testing:spotlessJavaCheck
2022-03-25T15:18:24.1715332Z > Task :sdk:metrics-testing:spotlessKotlinGradle
2022-03-25T15:18:24.1716198Z > Task :sdk:metrics-testing:spotlessKotlinGradleCheck
2022-03-25T15:18:24.2686590Z > Task :sdk:metrics-testing:spotlessMisc
2022-03-25T15:18:24.2844811Z > Task :sdk:metrics-testing:spotlessMiscCheck
2022-03-25T15:18:24.2896135Z > Task :sdk:metrics-testing:spotlessCheck
2022-03-25T15:18:27.8686716Z > Task :sdk:metrics-testing:test
2022-03-25T15:18:27.8687599Z > Task :sdk:metrics-testing:check
2022-03-25T15:18:27.8688138Z > Task :sdk:metrics-testing:build
2022-03-25T15:18:30.7686297Z > Task :sdk:metrics:compileTestJava
2022-03-25T15:18:30.7687302Z > Task :sdk:metrics:processTestResources NO-SOURCE
2022-03-25T15:18:30.7687825Z > Task :sdk:metrics:testClasses
2022-03-25T15:18:32.7687351Z > Task :sdk:metrics:checkstyleTest
2022-03-25T15:18:33.0686169Z > Task :sdk:testing:javadoc
2022-03-25T15:18:33.0686597Z > Task :sdk:testing:javadocJar
2022-03-25T15:18:33.0686900Z > Task :sdk:testing:sourcesJar
2022-03-25T15:18:33.0687222Z > Task :sdk:testing:assemble
2022-03-25T15:18:33.4688520Z > Task :sdk:testing:checkstyleMain
2022-03-25T15:18:35.3725991Z > Task :sdk:metrics:debugEnabledTest
2022-03-25T15:18:37.4686439Z > Task :sdk:testing:compileTestJava
2022-03-25T15:18:37.4687535Z > Task :sdk:testing:processTestResources NO-SOURCE
2022-03-25T15:18:37.4688339Z > Task :sdk:testing:testClasses
2022-03-25T15:18:37.7696839Z > Task :sdk:testing:checkstyleTest
2022-03-25T15:18:37.7697485Z > Task :sdk:metrics:spotlessJava
2022-03-25T15:18:37.7698057Z > Task :sdk:metrics:spotlessJavaCheck
2022-03-25T15:18:37.8691039Z > Task :sdk:metrics:spotlessKotlinGradle
2022-03-25T15:18:37.8691698Z > Task :sdk:metrics:spotlessKotlinGradleCheck
2022-03-25T15:18:37.8692505Z > Task :sdk:metrics:spotlessMisc
2022-03-25T15:18:37.8692949Z > Task :sdk:metrics:spotlessMiscCheck
2022-03-25T15:18:37.8693374Z > Task :sdk:metrics:spotlessCheck
2022-03-25T15:18:38.5685142Z > Task :sdk:testing:jApiCmp
2022-03-25T15:18:39.0686402Z > Task :sdk:testing:spotlessJava
2022-03-25T15:18:39.0686979Z > Task :sdk:testing:spotlessJavaCheck
2022-03-25T15:18:39.1686220Z > Task :sdk:testing:spotlessKotlinGradle
2022-03-25T15:18:39.1686790Z > Task :sdk:testing:spotlessKotlinGradleCheck
2022-03-25T15:18:39.1687560Z > Task :sdk:testing:spotlessMisc
2022-03-25T15:18:39.1687968Z > Task :sdk:testing:spotlessMiscCheck
2022-03-25T15:18:39.1688240Z > Task :sdk:testing:spotlessCheck
2022-03-25T15:18:42.1686468Z 
2022-03-25T15:18:42.1686852Z > Task :sdk:metrics:test
2022-03-25T15:18:42.1687039Z 
2022-03-25T15:18:42.1687231Z CardinalityTest > cardinalityLimits_synchronousInstrument() STANDARD_ERROR
2022-03-25T15:18:42.1688318Z     [Test worker] WARN io.opentelemetry.sdk.metrics.internal.state.DeltaMetricStorage - Instrument sync-counter1 has exceeded the maximum allowed accumulations (2000).
2022-03-25T15:18:42.1689243Z     [Test worker] WARN io.opentelemetry.sdk.metrics.internal.state.DeltaMetricStorage - Instrument sync-counter2 has exceeded the maximum allowed accumulations (2000).
2022-03-25T15:18:42.3688334Z 
2022-03-25T15:18:42.3689401Z CardinalityTest > cardinalityLimits_asynchronousInstrument() STANDARD_ERROR
2022-03-25T15:18:42.3690739Z     [Test worker] WARN io.opentelemetry.sdk.metrics.internal.state.AsynchronousMetricStorage - Instrument async-counter1 has exceeded the maximum allowed accumulations (2000).
2022-03-25T15:18:42.3691982Z     [Test worker] WARN io.opentelemetry.sdk.metrics.internal.state.AsynchronousMetricStorage - Instrument async-counter2 has exceeded the maximum allowed accumulations (2000).
2022-03-25T15:18:42.3693035Z     [Test worker] WARN io.opentelemetry.sdk.metrics.internal.state.AsynchronousMetricStorage - Instrument async-counter1 has exceeded the maximum allowed accumulations (2000).
2022-03-25T15:18:42.3694068Z     [Test worker] WARN io.opentelemetry.sdk.metrics.internal.state.AsynchronousMetricStorage - Instrument async-counter2 has exceeded the maximum allowed accumulations (2000).
2022-03-25T15:18:42.7686907Z 
2022-03-25T15:18:42.7687360Z > Task :sdk:testing:test
2022-03-25T15:18:42.7728202Z > Task :sdk:testing:check
2022-03-25T15:18:42.7728880Z > Task :sdk:testing:build
2022-03-25T15:18:44.3685695Z 
2022-03-25T15:18:44.3690699Z > Task :sdk:metrics:test
2022-03-25T15:18:44.3691588Z 
2022-03-25T15:18:44.3766748Z SdkDoubleCounterTest > boundDoubleCounterAdd_Monotonicity() STANDARD_ERROR
2022-03-25T15:18:44.3767701Z     [Test worker] WARN io.opentelemetry.sdk.metrics.SdkDoubleCounter - Counters can only increase. Instrument testCounter has recorded a negative value.
2022-03-25T15:18:45.1686193Z 
2022-03-25T15:18:45.1686594Z > Task :sdk:trace:javadoc
2022-03-25T15:18:45.1686892Z > Task :sdk:trace:javadocJar
2022-03-25T15:18:45.1687139Z > Task :sdk:trace:sourcesJar
2022-03-25T15:18:45.1689557Z > Task :sdk:trace:assemble
2022-03-25T15:18:45.3686116Z > Task :sdk:trace:animalsnifferMain
2022-03-25T15:18:46.9686798Z > Task :sdk:trace:compileJmhJava
2022-03-25T15:18:46.9687505Z > Task :sdk:trace:processJmhResources
2022-03-25T15:18:46.9688208Z > Task :sdk:trace:jmhClasses
2022-03-25T15:18:47.1686133Z > Task :sdk:trace:checkstyleJmh
2022-03-25T15:18:47.4686001Z > Task :sdk:trace:checkstyleMain
2022-03-25T15:18:50.6686859Z 
2022-03-25T15:18:50.6687260Z > Task :sdk:metrics:test
2022-03-25T15:18:50.6687486Z 
2022-03-25T15:18:50.6687678Z SdkDoubleCounterTest > doubleCounterAdd_Monotonicity() STANDARD_ERROR
2022-03-25T15:18:50.6688620Z     [Test worker] WARN io.opentelemetry.sdk.metrics.SdkDoubleCounter - Counters can only increase. Instrument testCounter has recorded a negative value.
2022-03-25T15:19:00.4686517Z 
2022-03-25T15:19:00.4687328Z > Task :sdk:trace:compileTestJava
2022-03-25T15:19:00.4688502Z > Task :sdk:trace:processTestResources NO-SOURCE
2022-03-25T15:19:00.4688810Z > Task :sdk:trace:testClasses
2022-03-25T15:19:01.0686519Z > Task :sdk:trace:checkstyleTest
2022-03-25T15:19:01.6686405Z > Task :sdk:trace:jApiCmp
2022-03-25T15:19:02.3693280Z > Task :sdk:trace:spotlessJava
2022-03-25T15:19:02.3717923Z > Task :sdk:trace:spotlessJavaCheck
2022-03-25T15:19:02.3718545Z > Task :sdk:trace:spotlessKotlinGradle
2022-03-25T15:19:02.3720103Z > Task :sdk:trace:spotlessKotlinGradleCheck
2022-03-25T15:19:02.3720521Z > Task :sdk:trace:spotlessMisc
2022-03-25T15:19:02.3720905Z > Task :sdk:trace:spotlessMiscCheck
2022-03-25T15:19:02.3721337Z > Task :sdk:trace:spotlessCheck
2022-03-25T15:19:04.3688384Z 
2022-03-25T15:19:04.3688973Z > Task :sdk:trace:test
2022-03-25T15:19:04.3690396Z OpenJDK 64-Bit Server VM warning: Sharing is only supported for boot loader classes because bootstrap classpath has been appended
2022-03-25T15:19:17.2692491Z 
2022-03-25T15:19:17.2694156Z BatchSpanProcessorTest > shutdownFlushes() STANDARD_ERROR
2022-03-25T15:19:17.2695311Z     [Test worker] WARN io.opentelemetry.sdk.trace.SdkTracerProvider - Calling shutdown() multiple times.
2022-03-25T15:19:20.7687799Z 
2022-03-25T15:19:20.7688137Z > Task :sdk:metrics:test
2022-03-25T15:19:20.7688968Z OpenJDK 64-Bit Server VM warning: Sharing is only supported for boot loader classes because bootstrap classpath has been appended
2022-03-25T15:19:21.9685528Z 
2022-03-25T15:19:21.9686025Z SdkObservableInstrumentTest > close() STANDARD_ERROR
2022-03-25T15:19:21.9687122Z     [Test worker] WARN io.opentelemetry.sdk.metrics.SdkObservableInstrument - Instrument my-instrument has called close() multiple times.
2022-03-25T15:19:23.4686120Z 
2022-03-25T15:19:23.4686601Z > Task :sdk:trace:check
2022-03-25T15:19:23.4686997Z > Task :sdk:trace:build
2022-03-25T15:19:23.4687614Z > Task :sdk:trace-shaded-deps:jar
2022-03-25T15:19:23.4688086Z > Task :sdk:trace-shaded-deps:javadoc NO-SOURCE
2022-03-25T15:19:23.4688503Z > Task :sdk:trace-shaded-deps:javadocJar
2022-03-25T15:19:23.4688923Z > Task :sdk:trace-shaded-deps:sourcesJar
2022-03-25T15:19:23.4689325Z > Task :sdk:trace-shaded-deps:assemble
2022-03-25T15:19:23.6687387Z > Task :sdk:trace-shaded-deps:checkstyleMain
2022-03-25T15:19:23.6687981Z > Task :sdk:trace-shaded-deps:checkstyleTest NO-SOURCE
2022-03-25T15:19:23.6688439Z > Task :sdk:trace-shaded-deps:spotlessJava
2022-03-25T15:19:23.6688875Z > Task :sdk:trace-shaded-deps:spotlessJavaCheck
2022-03-25T15:19:23.6689599Z > Task :sdk:trace-shaded-deps:spotlessKotlinGradle
2022-03-25T15:19:23.6690101Z > Task :sdk:trace-shaded-deps:spotlessKotlinGradleCheck
2022-03-25T15:19:23.6690675Z > Task :sdk:trace-shaded-deps:spotlessMisc
2022-03-25T15:19:23.6691093Z > Task :sdk:trace-shaded-deps:spotlessMiscCheck
2022-03-25T15:19:23.6691535Z > Task :sdk:trace-shaded-deps:spotlessCheck
2022-03-25T15:19:23.6691963Z > Task :sdk:trace-shaded-deps:test NO-SOURCE
2022-03-25T15:19:23.6692403Z > Task :sdk:trace-shaded-deps:check
2022-03-25T15:19:23.6692776Z > Task :sdk:trace-shaded-deps:build
2022-03-25T15:19:24.0691943Z 
2022-03-25T15:19:24.0692301Z > Task :sdk:metrics:test
2022-03-25T15:19:24.0692523Z 
2022-03-25T15:19:24.0692732Z AsynchronousMetricStorageTest > record_DuplicateAttributes() FAILED
2022-03-25T15:19:24.0693165Z     java.lang.IllegalArgumentException: Instrument selector must contain selection criteria
2022-03-25T15:19:24.0693636Z         at io.opentelemetry.api.internal.Utils.checkArgument(Utils.java:30)
2022-03-25T15:19:24.0694199Z         at io.opentelemetry.sdk.metrics.InstrumentSelectorBuilder.build(InstrumentSelectorBuilder.java:124)
2022-03-25T15:19:24.0694904Z         at io.opentelemetry.sdk.metrics.internal.state.AsynchronousMetricStorageTest.<init>(AsynchronousMetricStorageTest.java:52)
2022-03-25T15:19:24.0695309Z 
2022-03-25T15:19:24.0695487Z AsynchronousMetricStorageTest > record_MaxAccumulations() FAILED
2022-03-25T15:19:24.0695909Z     java.lang.IllegalArgumentException: Instrument selector must contain selection criteria
2022-03-25T15:19:24.0696365Z         at io.opentelemetry.api.internal.Utils.checkArgument(Utils.java:30)
2022-03-25T15:19:24.0696982Z         at io.opentelemetry.sdk.metrics.InstrumentSelectorBuilder.build(InstrumentSelectorBuilder.java:124)
2022-03-25T15:19:24.0697685Z         at io.opentelemetry.sdk.metrics.internal.state.AsynchronousMetricStorageTest.<init>(AsynchronousMetricStorageTest.java:52)
2022-03-25T15:19:24.0698085Z 
2022-03-25T15:19:24.0698275Z AsynchronousMetricStorageTest > record_ProcessesAttributes() FAILED
2022-03-25T15:19:24.0698705Z     java.lang.IllegalArgumentException: Instrument selector must contain selection criteria
2022-03-25T15:19:24.0699143Z         at io.opentelemetry.api.internal.Utils.checkArgument(Utils.java:30)
2022-03-25T15:19:24.0699690Z         at io.opentelemetry.sdk.metrics.InstrumentSelectorBuilder.build(InstrumentSelectorBuilder.java:124)
2022-03-25T15:19:24.0700383Z         at io.opentelemetry.sdk.metrics.internal.state.AsynchronousMetricStorageTest.<init>(AsynchronousMetricStorageTest.java:52)
2022-03-25T15:19:24.1688835Z 
2022-03-25T15:19:24.1712304Z AsynchronousMetricStorageTest > recordLong() FAILED
2022-03-25T15:19:24.1712894Z     java.lang.IllegalArgumentException: Instrument selector must contain selection criteria
2022-03-25T15:19:24.1713456Z         at io.opentelemetry.api.internal.Utils.checkArgument(Utils.java:30)
2022-03-25T15:19:24.1714093Z         at io.opentelemetry.sdk.metrics.InstrumentSelectorBuilder.build(InstrumentSelectorBuilder.java:124)
2022-03-25T15:19:24.1714875Z         at io.opentelemetry.sdk.metrics.internal.state.AsynchronousMetricStorageTest.<init>(AsynchronousMetricStorageTest.java:52)
2022-03-25T15:19:24.1715367Z 
2022-03-25T15:19:24.1715712Z AsynchronousMetricStorageTest > recordDouble() FAILED
2022-03-25T15:19:24.1716141Z     java.lang.IllegalArgumentException: Instrument selector must contain selection criteria
2022-03-25T15:19:24.1716599Z         at io.opentelemetry.api.internal.Utils.checkArgument(Utils.java:30)
2022-03-25T15:19:24.1717127Z         at io.opentelemetry.sdk.metrics.InstrumentSelectorBuilder.build(InstrumentSelectorBuilder.java:124)
2022-03-25T15:19:24.1717857Z         at io.opentelemetry.sdk.metrics.internal.state.AsynchronousMetricStorageTest.<init>(AsynchronousMetricStorageTest.java:52)
2022-03-25T15:19:24.7685786Z 
2022-03-25T15:19:24.7686222Z 366 tests completed, 5 failed
2022-03-25T15:19:24.8685860Z 
2022-03-25T15:19:24.8686237Z > Task :sdk:metrics:test FAILED
2022-03-25T15:19:26.2702295Z > Task :sdk-extensions:autoconfigure:javadoc
2022-03-25T15:19:26.3703806Z 
2022-03-25T15:19:26.3704853Z FAILURE: Build failed with an exception.
2022-03-25T15:19:26.3705592Z 
2022-03-25T15:19:26.3707124Z * What went wrong:
2022-03-25T15:19:26.3707819Z Execution failed for task ':sdk:metrics:test'.
2022-03-25T15:19:26.3708586Z > There were failing tests. See the report at: file:///home/runner/work/opentelemetry-java/opentelemetry-java/sdk/metrics/build/reports/tests/test/index.html
2022-03-25T15:19:26.3708954Z 
2022-03-25T15:19:26.3709094Z * Try:
2022-03-25T15:19:26.3709492Z > Run with --info or --debug option to get more log output.
2022-03-25T15:19:26.3709927Z > Run with --scan to get full insights.
2022-03-25T15:19:26.3710144Z 
2022-03-25T15:19:26.3710300Z * Exception is:
2022-03-25T15:19:26.3710828Z org.gradle.api.tasks.TaskExecutionException: Execution failed for task ':sdk:metrics:test'.
2022-03-25T15:19:26.3711550Z 	at org.gradle.api.internal.tasks.execution.ExecuteActionsTaskExecuter.lambda$executeIfValid$1(ExecuteActionsTaskExecuter.java:147)
2022-03-25T15:19:26.3712209Z 	at org.gradle.internal.Try$Failure.ifSuccessfulOrElse(Try.java:282)
2022-03-25T15:19:26.3712870Z 	at org.gradle.api.internal.tasks.execution.ExecuteActionsTaskExecuter.executeIfValid(ExecuteActionsTaskExecuter.java:145)
2022-03-25T15:19:26.3713709Z 	at org.gradle.api.internal.tasks.execution.ExecuteActionsTaskExecuter.execute(ExecuteActionsTaskExecuter.java:133)
2022-03-25T15:19:26.3714524Z 	at org.gradle.api.internal.tasks.execution.CleanupStaleOutputsExecuter.execute(CleanupStaleOutputsExecuter.java:77)
2022-03-25T15:19:26.3715370Z 	at org.gradle.api.internal.tasks.execution.FinalizePropertiesTaskExecuter.execute(FinalizePropertiesTaskExecuter.java:46)
2022-03-25T15:19:26.3716251Z 	at org.gradle.api.internal.tasks.execution.ResolveTaskExecutionModeExecuter.execute(ResolveTaskExecutionModeExecuter.java:51)
2022-03-25T15:19:26.3717134Z 	at org.gradle.api.internal.tasks.execution.SkipTaskWithNoActionsExecuter.execute(SkipTaskWithNoActionsExecuter.java:57)
2022-03-25T15:19:26.3717928Z 	at org.gradle.api.internal.tasks.execution.SkipOnlyIfTaskExecuter.execute(SkipOnlyIfTaskExecuter.java:56)
2022-03-25T15:19:26.3718706Z 	at org.gradle.api.internal.tasks.execution.CatchExceptionTaskExecuter.execute(CatchExceptionTaskExecuter.java:36)
2022-03-25T15:19:26.3719474Z 	at org.gradle.api.internal.tasks.execution.EventFiringTaskExecuter$1.executeTask(EventFiringTaskExecuter.java:77)
2022-03-25T15:19:26.3720190Z 	at org.gradle.api.internal.tasks.execution.EventFiringTaskExecuter$1.call(EventFiringTaskExecuter.java:55)
2022-03-25T15:19:26.3720879Z 	at org.gradle.api.internal.tasks.execution.EventFiringTaskExecuter$1.call(EventFiringTaskExecuter.java:52)
2022-03-25T15:19:26.3721654Z 	at org.gradle.internal.operations.DefaultBuildOperationRunner$CallableBuildOperationWorker.execute(DefaultBuildOperationRunner.java:204)
2022-03-25T15:19:26.3722725Z 	at org.gradle.internal.operations.DefaultBuildOperationRunner$CallableBuildOperationWorker.execute(DefaultBuildOperationRunner.java:199)
2022-03-25T15:19:26.3723504Z 	at org.gradle.internal.operations.DefaultBuildOperationRunner$2.execute(DefaultBuildOperationRunner.java:66)
2022-03-25T15:19:26.3724202Z 	at org.gradle.internal.operations.DefaultBuildOperationRunner$2.execute(DefaultBuildOperationRunner.java:59)
2022-03-25T15:19:26.3724940Z 	at org.gradle.internal.operations.DefaultBuildOperationRunner.execute(DefaultBuildOperationRunner.java:157)
2022-03-25T15:19:26.3725694Z 	at org.gradle.internal.operations.DefaultBuildOperationRunner.execute(DefaultBuildOperationRunner.java:59)
2022-03-25T15:19:26.3726740Z 	at org.gradle.internal.operations.DefaultBuildOperationRunner.call(DefaultBuildOperationRunner.java:53)
2022-03-25T15:19:26.3727531Z 	at org.gradle.internal.operations.DefaultBuildOperationExecutor.call(DefaultBuildOperationExecutor.java:73)
2022-03-25T15:19:26.3728306Z 	at org.gradle.api.internal.tasks.execution.EventFiringTaskExecuter.execute(EventFiringTaskExecuter.java:52)
2022-03-25T15:19:26.3729172Z 	at org.gradle.execution.plan.LocalTaskNodeExecutor.execute(LocalTaskNodeExecutor.java:74)
2022-03-25T15:19:26.3729923Z 	at org.gradle.execution.taskgraph.DefaultTaskExecutionGraph$InvokeNodeExecutorsAction.execute(DefaultTaskExecutionGraph.java:333)
2022-03-25T15:19:26.3730817Z 	at org.gradle.execution.taskgraph.DefaultTaskExecutionGraph$InvokeNodeExecutorsAction.execute(DefaultTaskExecutionGraph.java:320)
2022-03-25T15:19:26.3731639Z 	at org.gradle.execution.taskgraph.DefaultTaskExecutionGraph$BuildOperationAwareExecutionAction.execute(DefaultTaskExecutionGraph.java:313)
2022-03-25T15:19:26.3732488Z 	at org.gradle.execution.taskgraph.DefaultTaskExecutionGraph$BuildOperationAwareExecutionAction.execute(DefaultTaskExecutionGraph.java:299)
2022-03-25T15:19:26.3733232Z 	at org.gradle.execution.plan.DefaultPlanExecutor$ExecutorWorker.lambda$run$0(DefaultPlanExecutor.java:143)
2022-03-25T15:19:26.3733872Z 	at org.gradle.execution.plan.DefaultPlanExecutor$ExecutorWorker.execute(DefaultPlanExecutor.java:227)
2022-03-25T15:19:26.3734537Z 	at org.gradle.execution.plan.DefaultPlanExecutor$ExecutorWorker.executeNextNode(DefaultPlanExecutor.java:218)
2022-03-25T15:19:26.3735171Z 	at org.gradle.execution.plan.DefaultPlanExecutor$ExecutorWorker.run(DefaultPlanExecutor.java:140)
2022-03-25T15:19:26.3735886Z 	at org.gradle.execution.plan.DefaultPlanExecutor.process(DefaultPlanExecutor.java:72)
2022-03-25T15:19:26.3736612Z 	at org.gradle.execution.taskgraph.DefaultTaskExecutionGraph.executeWithServices(DefaultTaskExecutionGraph.java:144)
2022-03-25T15:19:26.3737391Z 	at org.gradle.execution.taskgraph.DefaultTaskExecutionGraph.execute(DefaultTaskExecutionGraph.java:129)
2022-03-25T15:19:26.3738092Z 	at org.gradle.execution.SelectedTaskExecutionAction.execute(SelectedTaskExecutionAction.java:42)
2022-03-25T15:19:26.3738745Z 	at org.gradle.execution.DryRunBuildExecutionAction.execute(DryRunBuildExecutionAction.java:51)
2022-03-25T15:19:26.3739489Z 	at org.gradle.execution.BuildOperationFiringBuildWorkerExecutor$ExecuteTasks.call(BuildOperationFiringBuildWorkerExecutor.java:54)
2022-03-25T15:19:26.3740330Z 	at org.gradle.execution.BuildOperationFiringBuildWorkerExecutor$ExecuteTasks.call(BuildOperationFiringBuildWorkerExecutor.java:43)
2022-03-25T15:19:26.3741168Z 	at org.gradle.internal.operations.DefaultBuildOperationRunner$CallableBuildOperationWorker.execute(DefaultBuildOperationRunner.java:204)
2022-03-25T15:19:26.3742004Z 	at org.gradle.internal.operations.DefaultBuildOperationRunner$CallableBuildOperationWorker.execute(DefaultBuildOperationRunner.java:199)
2022-03-25T15:19:26.3742753Z 	at org.gradle.internal.operations.DefaultBuildOperationRunner$2.execute(DefaultBuildOperationRunner.java:66)
2022-03-25T15:19:26.3743468Z 	at org.gradle.internal.operations.DefaultBuildOperationRunner$2.execute(DefaultBuildOperationRunner.java:59)
2022-03-25T15:19:26.3744192Z 	at org.gradle.internal.operations.DefaultBuildOperationRunner.execute(DefaultBuildOperationRunner.java:157)
2022-03-25T15:19:26.3744944Z 	at org.gradle.internal.operations.DefaultBuildOperationRunner.execute(DefaultBuildOperationRunner.java:59)
2022-03-25T15:19:26.3745677Z 	at org.gradle.internal.operations.DefaultBuildOperationRunner.call(DefaultBuildOperationRunner.java:53)
2022-03-25T15:19:26.3746419Z 	at org.gradle.internal.operations.DefaultBuildOperationExecutor.call(DefaultBuildOperationExecutor.java:73)
2022-03-25T15:19:26.3747219Z 	at org.gradle.execution.BuildOperationFiringBuildWorkerExecutor.execute(BuildOperationFiringBuildWorkerExecutor.java:40)
2022-03-25T15:19:26.3748025Z 	at org.gradle.internal.build.DefaultBuildLifecycleController.lambda$executeTasks$7(DefaultBuildLifecycleController.java:165)
2022-03-25T15:19:26.3748775Z 	at org.gradle.internal.model.StateTransitionController.doTransition(StateTransitionController.java:238)
2022-03-25T15:19:26.3749490Z 	at org.gradle.internal.model.StateTransitionController.lambda$tryTransition$8(StateTransitionController.java:174)
2022-03-25T15:19:26.3750147Z 	at org.gradle.internal.work.DefaultSynchronizer.withLock(DefaultSynchronizer.java:44)
2022-03-25T15:19:26.3750937Z 	at org.gradle.internal.model.StateTransitionController.tryTransition(StateTransitionController.java:174)
2022-03-25T15:19:26.3751767Z 	at org.gradle.internal.build.DefaultBuildLifecycleController.executeTasks(DefaultBuildLifecycleController.java:165)
2022-03-25T15:19:26.3752566Z 	at org.gradle.internal.build.DefaultBuildWorkGraphController$DefaultBuildWorkGraph.runWork(DefaultBuildWorkGraphController.java:142)
2022-03-25T15:19:26.3753295Z 	at org.gradle.composite.internal.DefaultBuildController.doBuild(DefaultBuildController.java:231)
2022-03-25T15:19:26.3753847Z 	at org.gradle.internal.Factories$1.create(Factories.java:31)
2022-03-25T15:19:26.3754411Z 	at org.gradle.internal.work.DefaultWorkerLeaseService.withLocks(DefaultWorkerLeaseService.java:270)
2022-03-25T15:19:26.3755125Z 	at org.gradle.internal.work.DefaultWorkerLeaseService.runAsWorkerThread(DefaultWorkerLeaseService.java:119)
2022-03-25T15:19:26.3755880Z 	at org.gradle.internal.work.DefaultWorkerLeaseService.runAsWorkerThread(DefaultWorkerLeaseService.java:124)
2022-03-25T15:19:26.3756587Z 	at org.gradle.composite.internal.DefaultBuildController.doRun(DefaultBuildController.java:204)
2022-03-25T15:19:26.3757255Z 	at org.gradle.composite.internal.DefaultBuildController.access$000(DefaultBuildController.java:51)
2022-03-25T15:19:26.3757926Z 	at org.gradle.composite.internal.DefaultBuildController$BuildOpRunnable.run(DefaultBuildController.java:264)
2022-03-25T15:19:26.3758592Z 	at org.gradle.internal.concurrent.ExecutorPolicy$CatchAndRecordFailures.onExecute(ExecutorPolicy.java:64)
2022-03-25T15:19:26.3759220Z 	at org.gradle.internal.concurrent.ManagedExecutorImpl$1.run(ManagedExecutorImpl.java:48)
2022-03-25T15:19:26.3760250Z Caused by: org.gradle.api.tasks.VerificationException: There were failing tests. See the report at: file:///home/runner/work/opentelemetry-java/opentelemetry-java/sdk/metrics/build/reports/tests/test/index.html
2022-03-25T15:19:26.3761018Z 	at org.gradle.api.tasks.testing.AbstractTestTask.handleTestFailures(AbstractTestTask.java:651)
2022-03-25T15:19:26.3761694Z 	at org.gradle.api.tasks.testing.AbstractTestTask.handleCollectedResults(AbstractTestTask.java:513)
2022-03-25T15:19:26.3762506Z 	at org.gradle.api.tasks.testing.AbstractTestTask.executeTests(AbstractTestTask.java:508)
2022-03-25T15:19:26.3763158Z 	at org.gradle.api.tasks.testing.Test.executeTests(Test.java:689)
2022-03-25T15:19:26.3763717Z 	at jdk.internal.reflect.GeneratedMethodAccessor847.invoke(Unknown Source)
2022-03-25T15:19:26.3764356Z 	at java.base/jdk.internal.reflect.DelegatingMethodAccessorImpl.invoke(DelegatingMethodAccessorImpl.java:43)
2022-03-25T15:19:26.3764963Z 	at org.gradle.internal.reflect.JavaMethod.invoke(JavaMethod.java:104)
2022-03-25T15:19:26.3765600Z 	at org.gradle.api.internal.project.taskfactory.StandardTaskAction.doExecute(StandardTaskAction.java:58)
2022-03-25T15:19:26.3766324Z 	at org.gradle.api.internal.project.taskfactory.StandardTaskAction.execute(StandardTaskAction.java:51)
2022-03-25T15:19:26.3767037Z 	at org.gradle.api.internal.project.taskfactory.StandardTaskAction.execute(StandardTaskAction.java:29)
2022-03-25T15:19:26.3767680Z 	at org.gradle.api.internal.tasks.execution.TaskExecution$3.run(TaskExecution.java:242)
2022-03-25T15:19:26.3768342Z 	at org.gradle.internal.operations.DefaultBuildOperationRunner$1.execute(DefaultBuildOperationRunner.java:29)
2022-03-25T15:19:26.3769045Z 	at org.gradle.internal.operations.DefaultBuildOperationRunner$1.execute(DefaultBuildOperationRunner.java:26)
2022-03-25T15:19:26.3769746Z 	at org.gradle.internal.operations.DefaultBuildOperationRunner$2.execute(DefaultBuildOperationRunner.java:66)
2022-03-25T15:19:26.3770443Z 	at org.gradle.internal.operations.DefaultBuildOperationRunner$2.execute(DefaultBuildOperationRunner.java:59)
2022-03-25T15:19:26.3771169Z 	at org.gradle.internal.operations.DefaultBuildOperationRunner.execute(DefaultBuildOperationRunner.java:157)
2022-03-25T15:19:26.3771919Z 	at org.gradle.internal.operations.DefaultBuildOperationRunner.execute(DefaultBuildOperationRunner.java:59)
2022-03-25T15:19:26.3772734Z 	at org.gradle.internal.operations.DefaultBuildOperationRunner.run(DefaultBuildOperationRunner.java:47)
2022-03-25T15:19:26.3773540Z 	at org.gradle.internal.operations.DefaultBuildOperationExecutor.run(DefaultBuildOperationExecutor.java:68)
2022-03-25T15:19:26.3774259Z 	at org.gradle.api.internal.tasks.execution.TaskExecution.executeAction(TaskExecution.java:227)
2022-03-25T15:19:26.3774939Z 	at org.gradle.api.internal.tasks.execution.TaskExecution.executeActions(TaskExecution.java:210)
2022-03-25T15:19:26.3775702Z 	at org.gradle.api.internal.tasks.execution.TaskExecution.executeWithPreviousOutputFiles(TaskExecution.java:193)
2022-03-25T15:19:26.3776432Z 	at org.gradle.api.internal.tasks.execution.TaskExecution.execute(TaskExecution.java:171)
2022-03-25T15:19:26.3777220Z 	at org.gradle.internal.execution.steps.ExecuteStep.executeInternal(ExecuteStep.java:89)
2022-03-25T15:19:26.3777832Z 	at org.gradle.internal.execution.steps.ExecuteStep.access$000(ExecuteStep.java:40)
2022-03-25T15:19:26.3778399Z 	at org.gradle.internal.execution.steps.ExecuteStep$1.call(ExecuteStep.java:53)
2022-03-25T15:19:26.3778934Z 	at org.gradle.internal.execution.steps.ExecuteStep$1.call(ExecuteStep.java:50)
2022-03-25T15:19:26.3779611Z 	at org.gradle.internal.operations.DefaultBuildOperationRunner$CallableBuildOperationWorker.execute(DefaultBuildOperationRunner.java:204)
2022-03-25T15:19:26.3780452Z 	at org.gradle.internal.operations.DefaultBuildOperationRunner$CallableBuildOperationWorker.execute(DefaultBuildOperationRunner.java:199)
2022-03-25T15:19:26.3781246Z 	at org.gradle.internal.operations.DefaultBuildOperationRunner$2.execute(DefaultBuildOperationRunner.java:66)
2022-03-25T15:19:26.3781948Z 	at org.gradle.internal.operations.DefaultBuildOperationRunner$2.execute(DefaultBuildOperationRunner.java:59)
2022-03-25T15:19:26.3782675Z 	at org.gradle.internal.operations.DefaultBuildOperationRunner.execute(DefaultBuildOperationRunner.java:157)
2022-03-25T15:19:26.3783425Z 	at org.gradle.internal.operations.DefaultBuildOperationRunner.execute(DefaultBuildOperationRunner.java:59)
2022-03-25T15:19:26.3784160Z 	at org.gradle.internal.operations.DefaultBuildOperationRunner.call(DefaultBuildOperationRunner.java:53)
2022-03-25T15:19:26.3784902Z 	at org.gradle.internal.operations.DefaultBuildOperationExecutor.call(DefaultBuildOperationExecutor.java:73)
2022-03-25T15:19:26.3785565Z 	at org.gradle.internal.execution.steps.ExecuteStep.execute(ExecuteStep.java:50)
2022-03-25T15:19:26.3786121Z 	at org.gradle.internal.execution.steps.ExecuteStep.execute(ExecuteStep.java:40)
2022-03-25T15:19:26.3786826Z 	at org.gradle.internal.execution.steps.RemovePreviousOutputsStep.execute(RemovePreviousOutputsStep.java:68)
2022-03-25T15:19:26.3787590Z 	at org.gradle.internal.execution.steps.RemovePreviousOutputsStep.execute(RemovePreviousOutputsStep.java:38)
2022-03-25T15:19:26.3788333Z 	at org.gradle.internal.execution.steps.ResolveInputChangesStep.execute(ResolveInputChangesStep.java:48)
2022-03-25T15:19:26.3789065Z 	at org.gradle.internal.execution.steps.ResolveInputChangesStep.execute(ResolveInputChangesStep.java:36)
2022-03-25T15:19:26.3791889Z 	at org.gradle.internal.execution.steps.CancelExecutionStep.execute(CancelExecutionStep.java:41)
2022-03-25T15:19:26.3792499Z 	at org.gradle.internal.execution.steps.TimeoutStep.executeWithoutTimeout(TimeoutStep.java:74)
2022-03-25T15:19:26.3793067Z 	at org.gradle.internal.execution.steps.TimeoutStep.execute(TimeoutStep.java:55)
2022-03-25T15:19:26.3793617Z 	at org.gradle.internal.execution.steps.CreateOutputsStep.execute(CreateOutputsStep.java:51)
2022-03-25T15:19:26.3794192Z 	at org.gradle.internal.execution.steps.CreateOutputsStep.execute(CreateOutputsStep.java:29)
2022-03-25T15:19:26.3794850Z 	at org.gradle.internal.execution.steps.CaptureStateAfterExecutionStep.execute(CaptureStateAfterExecutionStep.java:61)
2022-03-25T15:19:26.3795609Z 	at org.gradle.internal.execution.steps.CaptureStateAfterExecutionStep.execute(CaptureStateAfterExecutionStep.java:42)
2022-03-25T15:19:26.3807494Z 	at org.gradle.internal.execution.steps.BroadcastChangingOutputsStep.execute(BroadcastChangingOutputsStep.java:60)
2022-03-25T15:19:26.3808442Z 	at org.gradle.internal.execution.steps.BroadcastChangingOutputsStep.execute(BroadcastChangingOutputsStep.java:27)
2022-03-25T15:19:26.3809138Z 	at org.gradle.internal.execution.steps.BuildCacheStep.executeWithoutCache(BuildCacheStep.java:180)
2022-03-25T15:19:26.3809803Z 	at org.gradle.internal.execution.steps.BuildCacheStep.executeAndStoreInCache(BuildCacheStep.java:155)
2022-03-25T15:19:26.3810430Z 	at org.gradle.internal.execution.steps.BuildCacheStep.lambda$executeWithCache$4(BuildCacheStep.java:125)
2022-03-25T15:19:26.3811008Z 	at org.gradle.internal.execution.steps.BuildCacheStep.lambda$executeWithCache$5(BuildCacheStep.java:125)
2022-03-25T15:19:26.3811581Z 	at org.gradle.internal.Try$Success.map(Try.java:164)
2022-03-25T15:19:26.3812048Z 	at org.gradle.internal.execution.steps.BuildCacheStep.executeWithCache(BuildCacheStep.java:85)
2022-03-25T15:19:26.3812633Z 	at org.gradle.internal.execution.steps.BuildCacheStep.lambda$execute$0(BuildCacheStep.java:74)
2022-03-25T15:19:26.3813086Z 	at org.gradle.internal.Either$Left.fold(Either.java:115)
2022-03-25T15:19:26.3813515Z 	at org.gradle.internal.execution.caching.CachingState.fold(CachingState.java:59)
2022-03-25T15:19:26.3814034Z 	at org.gradle.internal.execution.steps.BuildCacheStep.execute(BuildCacheStep.java:73)
2022-03-25T15:19:26.3814575Z 	at org.gradle.internal.execution.steps.BuildCacheStep.execute(BuildCacheStep.java:48)
2022-03-25T15:19:26.3815178Z 	at org.gradle.internal.execution.steps.StoreExecutionStateStep.execute(StoreExecutionStateStep.java:36)
2022-03-25T15:19:26.3815821Z 	at org.gradle.internal.execution.steps.StoreExecutionStateStep.execute(StoreExecutionStateStep.java:25)
2022-03-25T15:19:26.3816437Z 	at org.gradle.internal.execution.steps.RecordOutputsStep.execute(RecordOutputsStep.java:36)
2022-03-25T15:19:26.3817013Z 	at org.gradle.internal.execution.steps.RecordOutputsStep.execute(RecordOutputsStep.java:22)
2022-03-25T15:19:26.3817622Z 	at org.gradle.internal.execution.steps.SkipUpToDateStep.executeBecause(SkipUpToDateStep.java:110)
2022-03-25T15:19:26.3818216Z 	at org.gradle.internal.execution.steps.SkipUpToDateStep.lambda$execute$2(SkipUpToDateStep.java:56)
2022-03-25T15:19:26.3818793Z 	at org.gradle.internal.execution.steps.SkipUpToDateStep.execute(SkipUpToDateStep.java:56)
2022-03-25T15:19:26.3819359Z 	at org.gradle.internal.execution.steps.SkipUpToDateStep.execute(SkipUpToDateStep.java:38)
2022-03-25T15:19:26.3819934Z 	at org.gradle.internal.execution.steps.ResolveChangesStep.execute(ResolveChangesStep.java:73)
2022-03-25T15:19:26.3820512Z 	at org.gradle.internal.execution.steps.ResolveChangesStep.execute(ResolveChangesStep.java:44)
2022-03-25T15:19:26.3821248Z 	at org.gradle.internal.execution.steps.legacy.MarkSnapshottingInputsFinishedStep.execute(MarkSnapshottingInputsFinishedStep.java:37)
2022-03-25T15:19:26.3822136Z 	at org.gradle.internal.execution.steps.legacy.MarkSnapshottingInputsFinishedStep.execute(MarkSnapshottingInputsFinishedStep.java:27)
2022-03-25T15:19:26.3822901Z 	at org.gradle.internal.execution.steps.ResolveCachingStateStep.execute(ResolveCachingStateStep.java:89)
2022-03-25T15:19:26.3823547Z 	at org.gradle.internal.execution.steps.ResolveCachingStateStep.execute(ResolveCachingStateStep.java:50)
2022-03-25T15:19:26.3824135Z 	at org.gradle.internal.execution.steps.ValidateStep.execute(ValidateStep.java:114)
2022-03-25T15:19:26.3824655Z 	at org.gradle.internal.execution.steps.ValidateStep.execute(ValidateStep.java:57)
2022-03-25T15:19:26.3825292Z 	at org.gradle.internal.execution.steps.CaptureStateBeforeExecutionStep.execute(CaptureStateBeforeExecutionStep.java:76)
2022-03-25T15:19:26.3826063Z 	at org.gradle.internal.execution.steps.CaptureStateBeforeExecutionStep.execute(CaptureStateBeforeExecutionStep.java:50)
2022-03-25T15:19:26.3826826Z 	at org.gradle.internal.execution.steps.SkipEmptyWorkStep.executeWithNoEmptySources(SkipEmptyWorkStep.java:249)
2022-03-25T15:19:26.3827640Z 	at org.gradle.internal.execution.steps.SkipEmptyWorkStep.executeWithNoEmptySources(SkipEmptyWorkStep.java:204)
2022-03-25T15:19:26.3828443Z 	at org.gradle.internal.execution.steps.SkipEmptyWorkStep.execute(SkipEmptyWorkStep.java:83)
2022-03-25T15:19:26.3829025Z 	at org.gradle.internal.execution.steps.SkipEmptyWorkStep.execute(SkipEmptyWorkStep.java:54)
2022-03-25T15:19:26.3829716Z 	at org.gradle.internal.execution.steps.RemoveUntrackedExecutionStateStep.execute(RemoveUntrackedExecutionStateStep.java:32)
2022-03-25T15:19:26.3830520Z 	at org.gradle.internal.execution.steps.RemoveUntrackedExecutionStateStep.execute(RemoveUntrackedExecutionStateStep.java:21)
2022-03-25T15:19:26.3831343Z 	at org.gradle.internal.execution.steps.legacy.MarkSnapshottingInputsStartedStep.execute(MarkSnapshottingInputsStartedStep.java:38)
2022-03-25T15:19:26.3832159Z 	at org.gradle.internal.execution.steps.LoadPreviousExecutionStateStep.execute(LoadPreviousExecutionStateStep.java:43)
2022-03-25T15:19:26.3832916Z 	at org.gradle.internal.execution.steps.LoadPreviousExecutionStateStep.execute(LoadPreviousExecutionStateStep.java:31)
2022-03-25T15:19:26.3833616Z 	at org.gradle.internal.execution.steps.AssignWorkspaceStep.lambda$execute$0(AssignWorkspaceStep.java:40)
2022-03-25T15:19:26.3834182Z 	at org.gradle.api.internal.tasks.execution.TaskExecution$4.withWorkspace(TaskExecution.java:287)
2022-03-25T15:19:26.3834754Z 	at org.gradle.internal.execution.steps.AssignWorkspaceStep.execute(AssignWorkspaceStep.java:40)
2022-03-25T15:19:26.3835356Z 	at org.gradle.internal.execution.steps.AssignWorkspaceStep.execute(AssignWorkspaceStep.java:30)
2022-03-25T15:19:26.3835951Z 	at org.gradle.internal.execution.steps.IdentityCacheStep.execute(IdentityCacheStep.java:37)
2022-03-25T15:19:26.3836512Z 	at org.gradle.internal.execution.steps.IdentityCacheStep.execute(IdentityCacheStep.java:27)
2022-03-25T15:19:26.3837056Z 	at org.gradle.internal.execution.steps.IdentifyStep.execute(IdentifyStep.java:44)
2022-03-25T15:19:26.3837575Z 	at org.gradle.internal.execution.steps.IdentifyStep.execute(IdentifyStep.java:33)
2022-03-25T15:19:26.3838119Z 	at org.gradle.internal.execution.impl.DefaultExecutionEngine$1.execute(DefaultExecutionEngine.java:76)
2022-03-25T15:19:26.3838821Z 	at org.gradle.api.internal.tasks.execution.ExecuteActionsTaskExecuter.executeIfValid(ExecuteActionsTaskExecuter.java:144)
2022-03-25T15:19:26.3839580Z 	at org.gradle.api.internal.tasks.execution.ExecuteActionsTaskExecuter.execute(ExecuteActionsTaskExecuter.java:133)
2022-03-25T15:19:26.3840315Z 	at org.gradle.api.internal.tasks.execution.CleanupStaleOutputsExecuter.execute(CleanupStaleOutputsExecuter.java:77)
2022-03-25T15:19:26.3841078Z 	at org.gradle.api.internal.tasks.execution.FinalizePropertiesTaskExecuter.execute(FinalizePropertiesTaskExecuter.java:46)
2022-03-25T15:19:26.3841877Z 	at org.gradle.api.internal.tasks.execution.ResolveTaskExecutionModeExecuter.execute(ResolveTaskExecutionModeExecuter.java:51)
2022-03-25T15:19:26.3842813Z 	at org.gradle.api.internal.tasks.execution.SkipTaskWithNoActionsExecuter.execute(SkipTaskWithNoActionsExecuter.java:57)
2022-03-25T15:19:26.3843535Z 	at org.gradle.api.internal.tasks.execution.SkipOnlyIfTaskExecuter.execute(SkipOnlyIfTaskExecuter.java:56)
2022-03-25T15:19:26.3844225Z 	at org.gradle.api.internal.tasks.execution.CatchExceptionTaskExecuter.execute(CatchExceptionTaskExecuter.java:36)
2022-03-25T15:19:26.3844914Z 	at org.gradle.api.internal.tasks.execution.EventFiringTaskExecuter$1.executeTask(EventFiringTaskExecuter.java:77)
2022-03-25T15:19:26.3845557Z 	at org.gradle.api.internal.tasks.execution.EventFiringTaskExecuter$1.call(EventFiringTaskExecuter.java:55)
2022-03-25T15:19:26.3846192Z 	at org.gradle.api.internal.tasks.execution.EventFiringTaskExecuter$1.call(EventFiringTaskExecuter.java:52)
2022-03-25T15:19:26.3846873Z 	at org.gradle.internal.operations.DefaultBuildOperationRunner$CallableBuildOperationWorker.execute(DefaultBuildOperationRunner.java:204)
2022-03-25T15:19:26.3847716Z 	at org.gradle.internal.operations.DefaultBuildOperationRunner$CallableBuildOperationWorker.execute(DefaultBuildOperationRunner.java:199)
2022-03-25T15:19:26.3848411Z 	at org.gradle.internal.operations.DefaultBuildOperationRunner$2.execute(DefaultBuildOperationRunner.java:66)
2022-03-25T15:19:26.3849112Z 	at org.gradle.internal.operations.DefaultBuildOperationRunner$2.execute(DefaultBuildOperationRunner.java:59)
2022-03-25T15:19:26.3849755Z 	at org.gradle.internal.operations.DefaultBuildOperationRunner.execute(DefaultBuildOperationRunner.java:157)
2022-03-25T15:19:26.3850435Z 	at org.gradle.internal.operations.DefaultBuildOperationRunner.execute(DefaultBuildOperationRunner.java:59)
2022-03-25T15:19:26.3851094Z 	at org.gradle.internal.operations.DefaultBuildOperationRunner.call(DefaultBuildOperationRunner.java:53)
2022-03-25T15:19:26.3851759Z 	at org.gradle.internal.operations.DefaultBuildOperationExecutor.call(DefaultBuildOperationExecutor.java:73)
2022-03-25T15:19:26.3852428Z 	at org.gradle.api.internal.tasks.execution.EventFiringTaskExecuter.execute(EventFiringTaskExecuter.java:52)
2022-03-25T15:19:26.3853049Z 	at org.gradle.execution.plan.LocalTaskNodeExecutor.execute(LocalTaskNodeExecutor.java:74)
2022-03-25T15:19:26.3853695Z 	at org.gradle.execution.taskgraph.DefaultTaskExecutionGraph$InvokeNodeExecutorsAction.execute(DefaultTaskExecutionGraph.java:333)
2022-03-25T15:19:26.3854411Z 	at org.gradle.execution.taskgraph.DefaultTaskExecutionGraph$InvokeNodeExecutorsAction.execute(DefaultTaskExecutionGraph.java:320)
2022-03-25T15:19:26.3855146Z 	at org.gradle.execution.taskgraph.DefaultTaskExecutionGraph$BuildOperationAwareExecutionAction.execute(DefaultTaskExecutionGraph.java:313)
2022-03-25T15:19:26.3855911Z 	at org.gradle.execution.taskgraph.DefaultTaskExecutionGraph$BuildOperationAwareExecutionAction.execute(DefaultTaskExecutionGraph.java:299)
2022-03-25T15:19:26.3856575Z 	at org.gradle.execution.plan.DefaultPlanExecutor$ExecutorWorker.lambda$run$0(DefaultPlanExecutor.java:143)
2022-03-25T15:19:26.3857134Z 	at org.gradle.execution.plan.DefaultPlanExecutor$ExecutorWorker.execute(DefaultPlanExecutor.java:227)
2022-03-25T15:19:26.3857702Z 	at org.gradle.execution.plan.DefaultPlanExecutor$ExecutorWorker.executeNextNode(DefaultPlanExecutor.java:218)
2022-03-25T15:19:26.3858270Z 	at org.gradle.execution.plan.DefaultPlanExecutor$ExecutorWorker.run(DefaultPlanExecutor.java:140)
2022-03-25T15:19:26.3858810Z 	at org.gradle.execution.plan.DefaultPlanExecutor.process(DefaultPlanExecutor.java:72)
2022-03-25T15:19:26.3859443Z 	at org.gradle.execution.taskgraph.DefaultTaskExecutionGraph.executeWithServices(DefaultTaskExecutionGraph.java:144)
2022-03-25T15:19:26.3860142Z 	at org.gradle.execution.taskgraph.DefaultTaskExecutionGraph.execute(DefaultTaskExecutionGraph.java:129)
2022-03-25T15:19:26.3860765Z 	at org.gradle.execution.SelectedTaskExecutionAction.execute(SelectedTaskExecutionAction.java:42)
2022-03-25T15:19:26.3861361Z 	at org.gradle.execution.DryRunBuildExecutionAction.execute(DryRunBuildExecutionAction.java:51)
2022-03-25T15:19:26.3862030Z 	at org.gradle.execution.BuildOperationFiringBuildWorkerExecutor$ExecuteTasks.call(BuildOperationFiringBuildWorkerExecutor.java:54)
2022-03-25T15:19:26.3862786Z 	at org.gradle.execution.BuildOperationFiringBuildWorkerExecutor$ExecuteTasks.call(BuildOperationFiringBuildWorkerExecutor.java:43)
2022-03-25T15:19:26.3863546Z 	at org.gradle.internal.operations.DefaultBuildOperationRunner$CallableBuildOperationWorker.execute(DefaultBuildOperationRunner.java:204)
2022-03-25T15:19:26.3864306Z 	at org.gradle.internal.operations.DefaultBuildOperationRunner$CallableBuildOperationWorker.execute(DefaultBuildOperationRunner.java:199)
2022-03-25T15:19:26.3864985Z 	at org.gradle.internal.operations.DefaultBuildOperationRunner$2.execute(DefaultBuildOperationRunner.java:66)
2022-03-25T15:19:26.3865615Z 	at org.gradle.internal.operations.DefaultBuildOperationRunner$2.execute(DefaultBuildOperationRunner.java:59)
2022-03-25T15:19:26.3866273Z 	at org.gradle.internal.operations.DefaultBuildOperationRunner.execute(DefaultBuildOperationRunner.java:157)
2022-03-25T15:19:26.3867001Z 	at org.gradle.internal.operations.DefaultBuildOperationRunner.execute(DefaultBuildOperationRunner.java:59)
2022-03-25T15:19:26.3867697Z 	at org.gradle.internal.operations.DefaultBuildOperationRunner.call(DefaultBuildOperationRunner.java:53)
2022-03-25T15:19:26.3868358Z 	at org.gradle.internal.operations.DefaultBuildOperationExecutor.call(DefaultBuildOperationExecutor.java:73)
2022-03-25T15:19:26.3869083Z 	at org.gradle.execution.BuildOperationFiringBuildWorkerExecutor.execute(BuildOperationFiringBuildWorkerExecutor.java:40)
2022-03-25T15:19:26.3869830Z 	at org.gradle.internal.build.DefaultBuildLifecycleController.lambda$executeTasks$7(DefaultBuildLifecycleController.java:165)
2022-03-25T15:19:26.3870497Z 	at org.gradle.internal.model.StateTransitionController.doTransition(StateTransitionController.java:238)
2022-03-25T15:19:26.3871138Z 	at org.gradle.internal.model.StateTransitionController.lambda$tryTransition$8(StateTransitionController.java:174)
2022-03-25T15:19:26.3871725Z 	at org.gradle.internal.work.DefaultSynchronizer.withLock(DefaultSynchronizer.java:44)
2022-03-25T15:19:26.3872348Z 	at org.gradle.internal.model.StateTransitionController.tryTransition(StateTransitionController.java:174)
2022-03-25T15:19:26.3873034Z 	at org.gradle.internal.build.DefaultBuildLifecycleController.executeTasks(DefaultBuildLifecycleController.java:165)
2022-03-25T15:19:26.3873767Z 	at org.gradle.internal.build.DefaultBuildWorkGraphController$DefaultBuildWorkGraph.runWork(DefaultBuildWorkGraphController.java:142)
2022-03-25T15:19:26.3874433Z 	at org.gradle.composite.internal.DefaultBuildController.doBuild(DefaultBuildController.java:231)
2022-03-25T15:19:26.3874901Z 	at org.gradle.internal.Factories$1.create(Factories.java:31)
2022-03-25T15:19:26.3875389Z 	at org.gradle.internal.work.DefaultWorkerLeaseService.withLocks(DefaultWorkerLeaseService.java:270)
2022-03-25T15:19:26.3876043Z 	at org.gradle.internal.work.DefaultWorkerLeaseService.runAsWorkerThread(DefaultWorkerLeaseService.java:119)
2022-03-25T15:19:26.3876726Z 	at org.gradle.internal.work.DefaultWorkerLeaseService.runAsWorkerThread(DefaultWorkerLeaseService.java:124)
2022-03-25T15:19:26.3877344Z 	at org.gradle.composite.internal.DefaultBuildController.doRun(DefaultBuildController.java:204)
2022-03-25T15:19:26.3877936Z 	at org.gradle.composite.internal.DefaultBuildController.access$000(DefaultBuildController.java:51)
2022-03-25T15:19:26.3878536Z 	at org.gradle.composite.internal.DefaultBuildController$BuildOpRunnable.run(DefaultBuildController.java:264)
2022-03-25T15:19:26.3879130Z 	at org.gradle.internal.concurrent.ExecutorPolicy$CatchAndRecordFailures.onExecute(ExecutorPolicy.java:64)
2022-03-25T15:19:26.3879667Z 	at org.gradle.internal.concurrent.ManagedExecutorImpl$1.run(ManagedExecutorImpl.java:48)
2022-03-25T15:19:26.3879950Z 
2022-03-25T15:19:26.3879955Z 
2022-03-25T15:19:26.3880104Z * Get more help at https://help.gradle.org
2022-03-25T15:19:26.3880276Z 
2022-03-25T15:19:26.3880369Z BUILD FAILED in 10m 25s
2022-03-25T15:19:26.3880507Z 
2022-03-25T15:19:26.3880705Z Deprecated Gradle features were used in this build, making it incompatible with Gradle 8.0.
2022-03-25T15:19:26.3880932Z 
2022-03-25T15:19:26.3881412Z You can use '--warning-mode all' to show the individual deprecation warnings and determine if they come from your own scripts or plugins.
2022-03-25T15:19:26.3881696Z 
2022-03-25T15:19:26.3881910Z See https://docs.gradle.org/7.4.1/userguide/command_line_interface.html#sec:command_line_warnings
2022-03-25T15:19:26.3882337Z 
2022-03-25T15:19:26.3882555Z Execution optimizations have been disabled for 1 invalid unit(s) of work during this build to ensure correctness.
2022-03-25T15:19:26.3882941Z Please consult deprecation warnings for more details.
2022-03-25T15:19:26.3883204Z 703 actionable tasks: 703 executed
2022-03-25T15:19:26.4684872Z 
2022-03-25T15:19:26.4685398Z Publishing build scan...
2022-03-25T15:19:26.6739041Z ##[warning]Gradle build 'opentelemetry-java build jacocoTestReport' FAILED - https://gradle.com/s/nyem33d7773ds
2022-03-25T15:19:26.7685031Z https://gradle.com/s/nyem33d7773ds
2022-03-25T15:19:26.7685451Z 
2022-03-25T15:19:27.3801427Z ##[error]Gradle build failed: https://gradle.com/s/nyem33d7773ds
2022-03-25T15:19:27.3941700Z Post job cleanup.
2022-03-25T15:19:27.5451562Z ##[group]Caching Gradle state
2022-03-25T15:19:27.5505867Z Found project roots '/home/runner/work/opentelemetry-java/opentelemetry-java
2022-03-25T15:19:27.5507725Z ' in /home/runner/.gradle/project-roots.txt
2022-03-25T15:19:27.5720510Z Caching generated-gradle-jars with path '/home/runner/.gradle/caches/7.4.1/generated-gradle-jars/gradle-api-7.4.1.jar' and cache key: generated-gradle-jars-b404669ec8d87a070dce76350cc6f0fa
2022-03-25T15:19:27.5737507Z Caching generated-gradle-jars with path '/home/runner/.gradle/caches/7.4.1/generated-gradle-jars/gradle-kotlin-dsl-extensions-7.4.1.jar' and cache key: generated-gradle-jars-7ffa0d7b0df449bea32367757ebb7dc7
2022-03-25T15:19:27.5760932Z Caching wrapper-zips with path '/home/runner/.gradle/wrapper/dists/gradle-7.4.1-bin/58kw26xllvsiedyf3nujyarhn/gradle-7.4.1-bin.zip' and cache key: wrapper-zips-2b8886f3b1b85f1bc774f6ebd39e31e5
2022-03-25T15:19:27.6947381Z [command]/usr/bin/tar --posix --use-compress-program zstd -T0 -cf cache.tzst -P -C /home/runner/work/opentelemetry-java/opentelemetry-java --files-from manifest.txt
2022-03-25T15:19:27.6985943Z [command]/usr/bin/tar --posix --use-compress-program zstd -T0 -cf cache.tzst -P -C /home/runner/work/opentelemetry-java/opentelemetry-java --files-from manifest.txt
2022-03-25T15:19:27.6986789Z [command]/usr/bin/tar --posix --use-compress-program zstd -T0 -cf cache.tzst -P -C /home/runner/work/opentelemetry-java/opentelemetry-java --files-from manifest.txt
2022-03-25T15:19:27.8197018Z Cache Size: ~0 MB (122244 B)
2022-03-25T15:19:27.9042565Z Cache saved successfully
2022-03-25T15:19:28.5012646Z Caching dependencies with path '/home/runner/.gradle/caches/modules-*/files-*/*/*/*/*' and cache key: dependencies-1032395e4d82a2b5c18b4c44bdd986d5
2022-03-25T15:19:28.9390860Z Caching instrumented-jars with path '/home/runner/.gradle/caches/jars-*/*' and cache key: instrumented-jars-622aaa8e715d9b3d7b1115efe5464bed
2022-03-25T15:19:29.0453186Z Caching kotlin-dsl with path '/home/runner/.gradle/caches/*/kotlin-dsl/*/*' and cache key: kotlin-dsl-0d48284e91ccbb780cf1cdba863542b8
2022-03-25T15:19:29.2663538Z [command]/usr/bin/tar --posix --use-compress-program zstd -T0 -cf cache.tzst -P -C /home/runner/work/opentelemetry-java/opentelemetry-java --files-from manifest.txt
2022-03-25T15:19:29.2865349Z [command]/usr/bin/tar --posix --use-compress-program zstd -T0 -cf cache.tzst -P -C /home/runner/work/opentelemetry-java/opentelemetry-java --files-from manifest.txt
2022-03-25T15:19:29.6887915Z Cache Size: ~1 MB (632738 B)
2022-03-25T15:19:29.7475004Z Cache saved successfully
2022-03-25T15:19:30.1104223Z (node:9196) [DEP0147] DeprecationWarning: In future versions of Node.js, fs.rmdir(path, { recursive: true }) will be removed. Use fs.rm(path, { recursive: true }) instead
2022-03-25T15:19:30.1105048Z (Use `node --trace-deprecation ...` to show where the warning was created)
2022-03-25T15:19:30.7071055Z [command]/usr/bin/tar --posix --use-compress-program zstd -T0 -cf cache.tzst -P -C /home/runner/work/opentelemetry-java/opentelemetry-java --files-from manifest.txt
2022-03-25T15:19:31.1921807Z Cache Size: ~32 MB (33166523 B)
2022-03-25T15:19:31.2769343Z Cache saved successfully
2022-03-25T15:19:31.8724234Z Cache Size: ~110 MB (115841705 B)
2022-03-25T15:19:31.9643160Z Cache saved successfully
2022-03-25T15:19:35.6158827Z Cache Size: ~108 MB (112781575 B)
2022-03-25T15:19:35.6741156Z Cache saved successfully
2022-03-25T15:19:37.6027408Z Cache Size: ~214 MB (224056061 B)
2022-03-25T15:19:37.6785170Z Cache saved successfully
2022-03-25T15:19:37.8809632Z Caching Gradle User Home with cache key: v6-gradle|Linux|build[88ab0b1bf867c7d96c8f4d9780038651]-fab01311843386e4106af61a46c9e0dbf8380b5f
2022-03-25T15:19:37.9431262Z [command]/usr/bin/tar --posix --use-compress-program zstd -T0 -cf cache.tzst -P -C /home/runner/work/opentelemetry-java/opentelemetry-java --files-from manifest.txt
2022-03-25T15:19:41.8144340Z Cache Size: ~35 MB (36648608 B)
2022-03-25T15:19:41.8740305Z Cache saved successfully
2022-03-25T15:19:41.8812837Z ##[endgroup]
2022-03-25T15:19:41.8815948Z ---------- Caching Summary -------------
2022-03-25T15:19:41.8816198Z Restored Entries Count: 0
2022-03-25T15:19:41.8816447Z                   Size: 0 (Entry already exists)
2022-03-25T15:19:41.8816687Z Saved Entries    Count: 7
2022-03-25T15:19:41.8816917Z                   Size: 499 MB (523249454 B)
2022-03-25T15:19:41.8817340Z ##[group]Cache Entry details
2022-03-25T15:19:41.8817568Z Entry: Gradle User Home
2022-03-25T15:19:41.8818066Z     Requested Key : v6-gradle|Linux|build[88ab0b1bf867c7d96c8f4d9780038651]-fab01311843386e4106af61a46c9e0dbf8380b5f
2022-03-25T15:19:41.8818394Z     Restored  Key : 
2022-03-25T15:19:41.8818595Z               Size: 
2022-03-25T15:19:41.8819039Z     Saved     Key : v6-gradle|Linux|build[88ab0b1bf867c7d96c8f4d9780038651]-fab01311843386e4106af61a46c9e0dbf8380b5f
2022-03-25T15:19:41.8819361Z               Size: 35 MB (36648608 B)
2022-03-25T15:19:41.8819792Z Entry: /home/runner/.gradle/caches/7.4.1/generated-gradle-jars/gradle-api-7.4.1.jar
2022-03-25T15:19:41.8820110Z     Requested Key : 
2022-03-25T15:19:41.8820303Z     Restored  Key : 
2022-03-25T15:19:41.8820500Z               Size: 
2022-03-25T15:19:41.8820905Z     Saved     Key : generated-gradle-jars-b404669ec8d87a070dce76350cc6f0fa
2022-03-25T15:19:41.8821211Z               Size: 32 MB (33166523 B)
2022-03-25T15:19:41.8821691Z Entry: /home/runner/.gradle/caches/7.4.1/generated-gradle-jars/gradle-kotlin-dsl-extensions-7.4.1.jar
2022-03-25T15:19:41.8822038Z     Requested Key : 
2022-03-25T15:19:41.8822229Z     Restored  Key : 
2022-03-25T15:19:41.8822424Z               Size: 
2022-03-25T15:19:41.8822837Z     Saved     Key : generated-gradle-jars-7ffa0d7b0df449bea32367757ebb7dc7
2022-03-25T15:19:41.8823159Z               Size: 0 MB (122244 B)
2022-03-25T15:19:41.8823616Z Entry: /home/runner/.gradle/wrapper/dists/gradle-7.4.1-bin/58kw26xllvsiedyf3nujyarhn/gradle-7.4.1-bin.zip
2022-03-25T15:19:41.8823944Z     Requested Key : 
2022-03-25T15:19:41.8824158Z     Restored  Key : 
2022-03-25T15:19:41.8824341Z               Size: 
2022-03-25T15:19:41.8824719Z     Saved     Key : wrapper-zips-2b8886f3b1b85f1bc774f6ebd39e31e5
2022-03-25T15:19:41.8825010Z               Size: 110 MB (115841705 B)
2022-03-25T15:19:41.8825349Z Entry: /home/runner/.gradle/caches/modules-*/files-*/*/*/*/*
2022-03-25T15:19:41.8825607Z     Requested Key : 
2022-03-25T15:19:41.8825813Z     Restored  Key : 
2022-03-25T15:19:41.8825995Z               Size: 
2022-03-25T15:19:41.8826355Z     Saved     Key : dependencies-1032395e4d82a2b5c18b4c44bdd986d5
2022-03-25T15:19:41.8826640Z               Size: 214 MB (224056061 B)
2022-03-25T15:19:41.8826937Z Entry: /home/runner/.gradle/caches/jars-*/*
2022-03-25T15:19:41.8827176Z     Requested Key : 
2022-03-25T15:19:41.8827382Z     Restored  Key : 
2022-03-25T15:19:41.8827562Z               Size: 
2022-03-25T15:19:41.8827946Z     Saved     Key : instrumented-jars-622aaa8e715d9b3d7b1115efe5464bed
2022-03-25T15:19:41.8828258Z               Size: 108 MB (112781575 B)
2022-03-25T15:19:41.8828588Z Entry: /home/runner/.gradle/caches/*/kotlin-dsl/*/*
2022-03-25T15:19:41.8828827Z     Requested Key : 
2022-03-25T15:19:41.8829030Z     Restored  Key : 
2022-03-25T15:19:41.8829222Z               Size: 
2022-03-25T15:19:41.8829562Z     Saved     Key : kotlin-dsl-0d48284e91ccbb780cf1cdba863542b8
2022-03-25T15:19:41.8829841Z               Size: 1 MB (632738 B)
2022-03-25T15:19:41.8830222Z ##[endgroup]
2022-03-25T15:19:41.8966368Z Post job cleanup.
2022-03-25T15:19:42.0596210Z Post job cleanup.
2022-03-25T15:19:42.2184904Z Post job cleanup.
2022-03-25T15:19:42.3746325Z Post job cleanup.
2022-03-25T15:19:42.5029076Z [command]/usr/bin/git version
2022-03-25T15:19:42.5091194Z git version 2.35.1
2022-03-25T15:19:42.5135404Z [command]/usr/bin/git config --local --name-only --get-regexp core\.sshCommand
2022-03-25T15:19:42.5177186Z [command]/usr/bin/git submodule foreach --recursive git config --local --name-only --get-regexp 'core\.sshCommand' && git config --local --unset-all 'core.sshCommand' || :
2022-03-25T15:19:42.5444236Z [command]/usr/bin/git config --local --name-only --get-regexp http\.https\:\/\/github\.com\/\.extraheader
2022-03-25T15:19:42.5472655Z http.https://github.com/.extraheader
2022-03-25T15:19:42.5486533Z [command]/usr/bin/git config --local --unset-all http.https://github.com/.extraheader
2022-03-25T15:19:42.5530099Z [command]/usr/bin/git submodule foreach --recursive git config --local --name-only --get-regexp 'http\.https\:\/\/github\.com\/\.extraheader' && git config --local --unset-all 'http.https://github.com/.extraheader' || :
2022-03-25T15:19:42.5954756Z Cleaning up orphan processes