2022-04-28T08:59:05.5640512Z Requested labels: ubuntu-latest
2022-04-28T08:59:05.5640553Z Job defined at: komoot/photon/.github/workflows/ci.yml@refs/heads/master
2022-04-28T08:59:05.5640575Z Waiting for a runner to pick up this job...
2022-04-28T08:59:08.0548401Z Job is waiting for a hosted runner to come online.
2022-04-28T08:59:12.3984840Z Job is about to start running on the hosted runner: Hosted Agent (hosted)
2022-04-28T08:59:15.7010811Z Current runner version: '2.290.1'
2022-04-28T08:59:15.7039294Z ##[group]Operating System
2022-04-28T08:59:15.7039864Z Ubuntu
2022-04-28T08:59:15.7040259Z 20.04.4
2022-04-28T08:59:15.7040495Z LTS
2022-04-28T08:59:15.7040813Z ##[endgroup]
2022-04-28T08:59:15.7041153Z ##[group]Virtual Environment
2022-04-28T08:59:15.7041485Z Environment: ubuntu-20.04
2022-04-28T08:59:15.7041863Z Version: 20220425.1
2022-04-28T08:59:15.7042405Z Included Software: https://github.com/actions/virtual-environments/blob/ubuntu20/20220425.1/images/linux/Ubuntu2004-Readme.md
2022-04-28T08:59:15.7043039Z Image Release: https://github.com/actions/virtual-environments/releases/tag/ubuntu20%2F20220425.1
2022-04-28T08:59:15.7043559Z ##[endgroup]
2022-04-28T08:59:15.7043959Z ##[group]Virtual Environment Provisioner
2022-04-28T08:59:15.7044294Z 1.0.0.0-main-20220421-1
2022-04-28T08:59:15.7044629Z ##[endgroup]
2022-04-28T08:59:15.7045627Z ##[group]GITHUB_TOKEN Permissions
2022-04-28T08:59:15.7046261Z Actions: write
2022-04-28T08:59:15.7046698Z Checks: write
2022-04-28T08:59:15.7047105Z Contents: write
2022-04-28T08:59:15.7047391Z Deployments: write
2022-04-28T08:59:15.7047737Z Discussions: write
2022-04-28T08:59:15.7048067Z Issues: write
2022-04-28T08:59:15.7048385Z Metadata: read
2022-04-28T08:59:15.7048657Z Packages: write
2022-04-28T08:59:15.7048968Z Pages: write
2022-04-28T08:59:15.7049333Z PullRequests: write
2022-04-28T08:59:15.7049648Z RepositoryProjects: write
2022-04-28T08:59:15.7050009Z SecurityEvents: write
2022-04-28T08:59:15.7050341Z Statuses: write
2022-04-28T08:59:15.7050610Z ##[endgroup]
2022-04-28T08:59:15.7054329Z Secret source: Actions
2022-04-28T08:59:15.7054839Z Prepare workflow directory
2022-04-28T08:59:15.7901241Z Prepare all required actions
2022-04-28T08:59:15.8086676Z Getting action download info
2022-04-28T08:59:16.0972083Z Download action repository 'actions/checkout@v2' (SHA:7884fcad6b5d53d10323aee724dc68d8b9096a2e)
2022-04-28T08:59:16.9285949Z Download action repository 'actions/setup-java@v1' (SHA:d202f5dbf7256730fb690ec59f6381650114feb2)
2022-04-28T08:59:17.4937528Z Download action repository 'actions/cache@v2' (SHA:937d24475381cd9c75ae6db12cb4e79714b926ed)
2022-04-28T08:59:18.4157066Z ##[group]Run actions/checkout@v2
2022-04-28T08:59:18.4157371Z with:
2022-04-28T08:59:18.4157577Z   repository: komoot/photon
2022-04-28T08:59:18.4158073Z   token: ***
2022-04-28T08:59:18.4158281Z   ssh-strict: true
2022-04-28T08:59:18.4158528Z   persist-credentials: true
2022-04-28T08:59:18.4158740Z   clean: true
2022-04-28T08:59:18.4158940Z   fetch-depth: 1
2022-04-28T08:59:18.4159137Z   lfs: false
2022-04-28T08:59:18.4159320Z   submodules: false
2022-04-28T08:59:18.4159554Z   set-safe-directory: true
2022-04-28T08:59:18.4159785Z ##[endgroup]
2022-04-28T08:59:18.6877227Z Syncing repository: komoot/photon
2022-04-28T08:59:18.6879881Z ##[group]Getting Git version info
2022-04-28T08:59:18.6880450Z Working directory is '/home/runner/work/photon/photon'
2022-04-28T08:59:18.6880956Z [command]/usr/bin/git version
2022-04-28T08:59:18.7042689Z git version 2.36.0
2022-04-28T08:59:18.7043863Z ##[endgroup]
2022-04-28T08:59:18.7092332Z Temporarily overriding HOME='/home/runner/work/_temp/467989a6-275e-491b-a920-0bdfc7d9556d' before making global git config changes
2022-04-28T08:59:18.7092865Z Adding repository directory to the temporary git global config as a safe directory
2022-04-28T08:59:18.7093380Z [command]/usr/bin/git config --global --add safe.directory /home/runner/work/photon/photon
2022-04-28T08:59:18.7095271Z Deleting the contents of '/home/runner/work/photon/photon'
2022-04-28T08:59:18.7096056Z ##[group]Initializing the repository
2022-04-28T08:59:18.7096356Z [command]/usr/bin/git init /home/runner/work/photon/photon
2022-04-28T08:59:18.7184957Z hint: Using 'master' as the name for the initial branch. This default branch name
2022-04-28T08:59:18.7185394Z hint: is subject to change. To configure the initial branch name to use in all
2022-04-28T08:59:18.7185789Z hint: of your new repositories, which will suppress this warning, call:
2022-04-28T08:59:18.7186388Z hint: 
2022-04-28T08:59:18.7186749Z hint: 	git config --global init.defaultBranch <name>
2022-04-28T08:59:18.7186988Z hint: 
2022-04-28T08:59:18.7187357Z hint: Names commonly chosen instead of 'master' are 'main', 'trunk' and
2022-04-28T08:59:18.7187817Z hint: 'development'. The just-created branch can be renamed via this command:
2022-04-28T08:59:18.7188098Z hint: 
2022-04-28T08:59:18.7188338Z hint: 	git branch -m <name>
2022-04-28T08:59:18.7193172Z Initialized empty Git repository in /home/runner/work/photon/photon/.git/
2022-04-28T08:59:18.7244728Z [command]/usr/bin/git remote add origin https://github.com/komoot/photon
2022-04-28T08:59:18.7292484Z ##[endgroup]
2022-04-28T08:59:18.7346671Z ##[group]Disabling automatic garbage collection
2022-04-28T08:59:18.7347260Z [command]/usr/bin/git config --local gc.auto 0
2022-04-28T08:59:18.7347678Z ##[endgroup]
2022-04-28T08:59:18.7348068Z ##[group]Setting up auth
2022-04-28T08:59:18.7348492Z [command]/usr/bin/git config --local --name-only --get-regexp core\.sshCommand
2022-04-28T08:59:18.7381375Z [command]/usr/bin/git submodule foreach --recursive git config --local --name-only --get-regexp 'core\.sshCommand' && git config --local --unset-all 'core.sshCommand' || :
2022-04-28T08:59:18.7780429Z [command]/usr/bin/git config --local --name-only --get-regexp http\.https\:\/\/github\.com\/\.extraheader
2022-04-28T08:59:18.7820850Z [command]/usr/bin/git submodule foreach --recursive git config --local --name-only --get-regexp 'http\.https\:\/\/github\.com\/\.extraheader' && git config --local --unset-all 'http.https://github.com/.extraheader' || :
2022-04-28T08:59:18.8051626Z [command]/usr/bin/git config --local http.https://github.com/.extraheader AUTHORIZATION: basic ***
2022-04-28T08:59:18.8094168Z ##[endgroup]
2022-04-28T08:59:18.8094656Z ##[group]Fetching the repository
2022-04-28T08:59:18.8100041Z [command]/usr/bin/git -c protocol.version=2 fetch --no-tags --prune --progress --no-recurse-submodules --depth=1 origin +59a227b87175a32b115a8c05e3427668f1fa5bbb:refs/remotes/origin/master
2022-04-28T08:59:19.1779869Z remote: Enumerating objects: 177, done.        
2022-04-28T08:59:19.1780910Z remote: Counting objects:   0% (1/177)        
2022-04-28T08:59:19.1781501Z remote: Counting objects:   1% (2/177)        
2022-04-28T08:59:19.1782349Z remote: Counting objects:   2% (4/177)        
2022-04-28T08:59:19.1782902Z remote: Counting objects:   3% (6/177)        
2022-04-28T08:59:19.1783168Z remote: Counting objects:   4% (8/177)        
2022-04-28T08:59:19.1783437Z remote: Counting objects:   5% (9/177)        
2022-04-28T08:59:19.1783689Z remote: Counting objects:   6% (11/177)        
2022-04-28T08:59:19.1783956Z remote: Counting objects:   7% (13/177)        
2022-04-28T08:59:19.1784220Z remote: Counting objects:   8% (15/177)        
2022-04-28T08:59:19.1784469Z remote: Counting objects:   9% (16/177)        
2022-04-28T08:59:19.1784728Z remote: Counting objects:  10% (18/177)        
2022-04-28T08:59:19.1784989Z remote: Counting objects:  11% (20/177)        
2022-04-28T08:59:19.1785247Z remote: Counting objects:  12% (22/177)        
2022-04-28T08:59:19.1785510Z remote: Counting objects:  13% (24/177)        
2022-04-28T08:59:19.1785771Z remote: Counting objects:  14% (25/177)        
2022-04-28T08:59:19.1786014Z remote: Counting objects:  15% (27/177)        
2022-04-28T08:59:19.1786331Z remote: Counting objects:  16% (29/177)        
2022-04-28T08:59:19.1786591Z remote: Counting objects:  17% (31/177)        
2022-04-28T08:59:19.1786846Z remote: Counting objects:  18% (32/177)        
2022-04-28T08:59:19.1787091Z remote: Counting objects:  19% (34/177)        
2022-04-28T08:59:19.1787348Z remote: Counting objects:  20% (36/177)        
2022-04-28T08:59:19.1787607Z remote: Counting objects:  21% (38/177)        
2022-04-28T08:59:19.1787862Z remote: Counting objects:  22% (39/177)        
2022-04-28T08:59:19.1788122Z remote: Counting objects:  23% (41/177)        
2022-04-28T08:59:19.1788378Z remote: Counting objects:  24% (43/177)        
2022-04-28T08:59:19.1788886Z remote: Counting objects:  25% (45/177)        
2022-04-28T08:59:19.1789130Z remote: Counting objects:  26% (47/177)        
2022-04-28T08:59:19.1789387Z remote: Counting objects:  27% (48/177)        
2022-04-28T08:59:19.1789670Z remote: Counting objects:  28% (50/177)        
2022-04-28T08:59:19.1789916Z remote: Counting objects:  29% (52/177)        
2022-04-28T08:59:19.1790168Z remote: Counting objects:  30% (54/177)        
2022-04-28T08:59:19.1790428Z remote: Counting objects:  31% (55/177)        
2022-04-28T08:59:19.1790673Z remote: Counting objects:  32% (57/177)        
2022-04-28T08:59:19.1790928Z remote: Counting objects:  33% (59/177)        
2022-04-28T08:59:19.1791187Z remote: Counting objects:  34% (61/177)        
2022-04-28T08:59:19.1791429Z remote: Counting objects:  35% (62/177)        
2022-04-28T08:59:19.1791685Z remote: Counting objects:  36% (64/177)        
2022-04-28T08:59:19.1791942Z remote: Counting objects:  37% (66/177)        
2022-04-28T08:59:19.1792198Z remote: Counting objects:  38% (68/177)        
2022-04-28T08:59:19.1792445Z remote: Counting objects:  39% (70/177)        
2022-04-28T08:59:19.1792712Z remote: Counting objects:  40% (71/177)        
2022-04-28T08:59:19.1792973Z remote: Counting objects:  41% (73/177)        
2022-04-28T08:59:19.1793218Z remote: Counting objects:  42% (75/177)        
2022-04-28T08:59:19.1793475Z remote: Counting objects:  43% (77/177)        
2022-04-28T08:59:19.1793731Z remote: Counting objects:  44% (78/177)        
2022-04-28T08:59:19.1793973Z remote: Counting objects:  45% (80/177)        
2022-04-28T08:59:19.1794226Z remote: Counting objects:  46% (82/177)        
2022-04-28T08:59:19.1794481Z remote: Counting objects:  47% (84/177)        
2022-04-28T08:59:19.1794724Z remote: Counting objects:  48% (85/177)        
2022-04-28T08:59:19.1794982Z remote: Counting objects:  49% (87/177)        
2022-04-28T08:59:19.1795244Z remote: Counting objects:  50% (89/177)        
2022-04-28T08:59:19.1795504Z remote: Counting objects:  51% (91/177)        
2022-04-28T08:59:19.1795753Z remote: Counting objects:  52% (93/177)        
2022-04-28T08:59:19.1796092Z remote: Counting objects:  53% (94/177)        
2022-04-28T08:59:19.1796359Z remote: Counting objects:  54% (96/177)        
2022-04-28T08:59:19.1796601Z remote: Counting objects:  55% (98/177)        
2022-04-28T08:59:19.1796864Z remote: Counting objects:  56% (100/177)        
2022-04-28T08:59:19.1797135Z remote: Counting objects:  57% (101/177)        
2022-04-28T08:59:19.1797389Z remote: Counting objects:  58% (103/177)        
2022-04-28T08:59:19.1797652Z remote: Counting objects:  59% (105/177)        
2022-04-28T08:59:19.1797937Z remote: Counting objects:  60% (107/177)        
2022-04-28T08:59:19.1798197Z remote: Counting objects:  61% (108/177)        
2022-04-28T08:59:19.1798480Z remote: Counting objects:  62% (110/177)        
2022-04-28T08:59:19.1798737Z remote: Counting objects:  63% (112/177)        
2022-04-28T08:59:19.1799149Z remote: Counting objects:  64% (114/177)        
2022-04-28T08:59:19.1799419Z remote: Counting objects:  65% (116/177)        
2022-04-28T08:59:19.1799669Z remote: Counting objects:  66% (117/177)        
2022-04-28T08:59:19.1799929Z remote: Counting objects:  67% (119/177)        
2022-04-28T08:59:19.1800190Z remote: Counting objects:  68% (121/177)        
2022-04-28T08:59:19.1800446Z remote: Counting objects:  69% (123/177)        
2022-04-28T08:59:19.1800696Z remote: Counting objects:  70% (124/177)        
2022-04-28T08:59:19.1800959Z remote: Counting objects:  71% (126/177)        
2022-04-28T08:59:19.1801217Z remote: Counting objects:  72% (128/177)        
2022-04-28T08:59:19.1801459Z remote: Counting objects:  73% (130/177)        
2022-04-28T08:59:19.1801714Z remote: Counting objects:  74% (131/177)        
2022-04-28T08:59:19.1801973Z remote: Counting objects:  75% (133/177)        
2022-04-28T08:59:19.1802223Z remote: Counting objects:  76% (135/177)        
2022-04-28T08:59:19.1802482Z remote: Counting objects:  77% (137/177)        
2022-04-28T08:59:19.1802825Z remote: Counting objects:  78% (139/177)        
2022-04-28T08:59:19.1803075Z remote: Counting objects:  79% (140/177)        
2022-04-28T08:59:19.1803332Z remote: Counting objects:  80% (142/177)        
2022-04-28T08:59:19.1803592Z remote: Counting objects:  81% (144/177)        
2022-04-28T08:59:19.1803852Z remote: Counting objects:  82% (146/177)        
2022-04-28T08:59:19.1804098Z remote: Counting objects:  83% (147/177)        
2022-04-28T08:59:19.1804354Z remote: Counting objects:  84% (149/177)        
2022-04-28T08:59:19.1804613Z remote: Counting objects:  85% (151/177)        
2022-04-28T08:59:19.1804862Z remote: Counting objects:  86% (153/177)        
2022-04-28T08:59:19.1805124Z remote: Counting objects:  87% (154/177)        
2022-04-28T08:59:19.1805382Z remote: Counting objects:  88% (156/177)        
2022-04-28T08:59:19.1805628Z remote: Counting objects:  89% (158/177)        
2022-04-28T08:59:19.1805937Z remote: Counting objects:  90% (160/177)        
2022-04-28T08:59:19.1806203Z remote: Counting objects:  91% (162/177)        
2022-04-28T08:59:19.1806445Z remote: Counting objects:  92% (163/177)        
2022-04-28T08:59:19.1806727Z remote: Counting objects:  93% (165/177)        
2022-04-28T08:59:19.1807087Z remote: Counting objects:  94% (167/177)        
2022-04-28T08:59:19.1807360Z remote: Counting objects:  95% (169/177)        
2022-04-28T08:59:19.1807603Z remote: Counting objects:  96% (170/177)        
2022-04-28T08:59:19.1807862Z remote: Counting objects:  97% (172/177)        
2022-04-28T08:59:19.1808121Z remote: Counting objects:  98% (174/177)        
2022-04-28T08:59:19.1808364Z remote: Counting objects:  99% (176/177)        
2022-04-28T08:59:19.1808625Z remote: Counting objects: 100% (177/177)        
2022-04-28T08:59:19.1808898Z remote: Counting objects: 100% (177/177), done.        
2022-04-28T08:59:19.1809189Z remote: Compressing objects:   0% (1/153)        
2022-04-28T08:59:19.1809458Z remote: Compressing objects:   1% (2/153)        
2022-04-28T08:59:19.1809738Z remote: Compressing objects:   2% (4/153)        
2022-04-28T08:59:19.1810011Z remote: Compressing objects:   3% (5/153)        
2022-04-28T08:59:19.2045590Z remote: Compressing objects:   4% (7/153)        
2022-04-28T08:59:19.2046672Z remote: Compressing objects:   5% (8/153)        
2022-04-28T08:59:19.2047066Z remote: Compressing objects:   6% (10/153)        
2022-04-28T08:59:19.2047398Z remote: Compressing objects:   7% (11/153)        
2022-04-28T08:59:19.2047720Z remote: Compressing objects:   8% (13/153)        
2022-04-28T08:59:19.2048021Z remote: Compressing objects:   9% (14/153)        
2022-04-28T08:59:19.2048337Z remote: Compressing objects:  10% (16/153)        
2022-04-28T08:59:19.2048652Z remote: Compressing objects:  11% (17/153)        
2022-04-28T08:59:19.2048953Z remote: Compressing objects:  12% (19/153)        
2022-04-28T08:59:19.2049266Z remote: Compressing objects:  13% (20/153)        
2022-04-28T08:59:19.2049578Z remote: Compressing objects:  14% (22/153)        
2022-04-28T08:59:19.2049888Z remote: Compressing objects:  15% (23/153)        
2022-04-28T08:59:19.2050208Z remote: Compressing objects:  16% (25/153)        
2022-04-28T08:59:19.2050520Z remote: Compressing objects:  17% (27/153)        
2022-04-28T08:59:19.2050827Z remote: Compressing objects:  18% (28/153)        
2022-04-28T08:59:19.2051124Z remote: Compressing objects:  19% (30/153)        
2022-04-28T08:59:19.2051431Z remote: Compressing objects:  20% (31/153)        
2022-04-28T08:59:19.2051743Z remote: Compressing objects:  21% (33/153)        
2022-04-28T08:59:19.2052037Z remote: Compressing objects:  22% (34/153)        
2022-04-28T08:59:19.2052345Z remote: Compressing objects:  23% (36/153)        
2022-04-28T08:59:19.2052655Z remote: Compressing objects:  24% (37/153)        
2022-04-28T08:59:19.2052949Z remote: Compressing objects:  25% (39/153)        
2022-04-28T08:59:19.2053257Z remote: Compressing objects:  26% (40/153)        
2022-04-28T08:59:19.2053566Z remote: Compressing objects:  27% (42/153)        
2022-04-28T08:59:19.2054128Z remote: Compressing objects:  28% (43/153)        
2022-04-28T08:59:19.2054439Z remote: Compressing objects:  29% (45/153)        
2022-04-28T08:59:19.2054747Z remote: Compressing objects:  30% (46/153)        
2022-04-28T08:59:19.2055056Z remote: Compressing objects:  31% (48/153)        
2022-04-28T08:59:19.2055349Z remote: Compressing objects:  32% (49/153)        
2022-04-28T08:59:19.2055656Z remote: Compressing objects:  33% (51/153)        
2022-04-28T08:59:19.2055963Z remote: Compressing objects:  34% (53/153)        
2022-04-28T08:59:19.2056257Z remote: Compressing objects:  35% (54/153)        
2022-04-28T08:59:19.2056567Z remote: Compressing objects:  36% (56/153)        
2022-04-28T08:59:19.2056877Z remote: Compressing objects:  37% (57/153)        
2022-04-28T08:59:19.2057171Z remote: Compressing objects:  38% (59/153)        
2022-04-28T08:59:19.2057481Z remote: Compressing objects:  39% (60/153)        
2022-04-28T08:59:19.2057791Z remote: Compressing objects:  40% (62/153)        
2022-04-28T08:59:19.2058101Z remote: Compressing objects:  41% (63/153)        
2022-04-28T08:59:19.2058400Z remote: Compressing objects:  42% (65/153)        
2022-04-28T08:59:19.2058721Z remote: Compressing objects:  43% (66/153)        
2022-04-28T08:59:19.2059215Z remote: Compressing objects:  44% (68/153)        
2022-04-28T08:59:19.2059511Z remote: Compressing objects:  45% (69/153)        
2022-04-28T08:59:19.2059819Z remote: Compressing objects:  46% (71/153)        
2022-04-28T08:59:19.2060126Z remote: Compressing objects:  47% (72/153)        
2022-04-28T08:59:19.2060453Z remote: Compressing objects:  48% (74/153)        
2022-04-28T08:59:19.2060762Z remote: Compressing objects:  49% (75/153)        
2022-04-28T08:59:19.2061071Z remote: Compressing objects:  50% (77/153)        
2022-04-28T08:59:19.2061382Z remote: Compressing objects:  51% (79/153)        
2022-04-28T08:59:19.2061679Z remote: Compressing objects:  52% (80/153)        
2022-04-28T08:59:19.2061984Z remote: Compressing objects:  53% (82/153)        
2022-04-28T08:59:19.2062299Z remote: Compressing objects:  54% (83/153)        
2022-04-28T08:59:19.2062687Z remote: Compressing objects:  55% (85/153)        
2022-04-28T08:59:19.2112535Z remote: Compressing objects:  56% (86/153)        
2022-04-28T08:59:19.2112935Z remote: Compressing objects:  57% (88/153)        
2022-04-28T08:59:19.2113260Z remote: Compressing objects:  58% (89/153)        
2022-04-28T08:59:19.2113566Z remote: Compressing objects:  59% (91/153)        
2022-04-28T08:59:19.2113882Z remote: Compressing objects:  60% (92/153)        
2022-04-28T08:59:19.2114198Z remote: Compressing objects:  61% (94/153)        
2022-04-28T08:59:19.2114495Z remote: Compressing objects:  62% (95/153)        
2022-04-28T08:59:19.2114808Z remote: Compressing objects:  63% (97/153)        
2022-04-28T08:59:19.2115122Z remote: Compressing objects:  64% (98/153)        
2022-04-28T08:59:19.2115424Z remote: Compressing objects:  65% (100/153)        
2022-04-28T08:59:19.2115755Z remote: Compressing objects:  66% (101/153)        
2022-04-28T08:59:19.2116072Z remote: Compressing objects:  67% (103/153)        
2022-04-28T08:59:19.2116397Z remote: Compressing objects:  68% (105/153)        
2022-04-28T08:59:19.2116696Z remote: Compressing objects:  69% (106/153)        
2022-04-28T08:59:19.2117015Z remote: Compressing objects:  70% (108/153)        
2022-04-28T08:59:19.2117329Z remote: Compressing objects:  71% (109/153)        
2022-04-28T08:59:19.2117630Z remote: Compressing objects:  72% (111/153)        
2022-04-28T08:59:19.2117942Z remote: Compressing objects:  73% (112/153)        
2022-04-28T08:59:19.2118253Z remote: Compressing objects:  74% (114/153)        
2022-04-28T08:59:19.2118544Z remote: Compressing objects:  75% (115/153)        
2022-04-28T08:59:19.2118858Z remote: Compressing objects:  76% (117/153)        
2022-04-28T08:59:19.2119169Z remote: Compressing objects:  77% (118/153)        
2022-04-28T08:59:19.2119576Z remote: Compressing objects:  78% (120/153)        
2022-04-28T08:59:19.2120065Z remote: Compressing objects:  79% (121/153)        
2022-04-28T08:59:19.2120386Z remote: Compressing objects:  80% (123/153)        
2022-04-28T08:59:19.2120698Z remote: Compressing objects:  81% (124/153)        
2022-04-28T08:59:19.2120992Z remote: Compressing objects:  82% (126/153)        
2022-04-28T08:59:19.2121320Z remote: Compressing objects:  83% (127/153)        
2022-04-28T08:59:19.2121629Z remote: Compressing objects:  84% (129/153)        
2022-04-28T08:59:19.2121921Z remote: Compressing objects:  85% (131/153)        
2022-04-28T08:59:19.2122229Z remote: Compressing objects:  86% (132/153)        
2022-04-28T08:59:19.2122537Z remote: Compressing objects:  87% (134/153)        
2022-04-28T08:59:19.2122844Z remote: Compressing objects:  88% (135/153)        
2022-04-28T08:59:19.2123140Z remote: Compressing objects:  89% (137/153)        
2022-04-28T08:59:19.2123488Z remote: Compressing objects:  90% (138/153)        
2022-04-28T08:59:19.2123785Z remote: Compressing objects:  91% (140/153)        
2022-04-28T08:59:19.2124094Z remote: Compressing objects:  92% (141/153)        
2022-04-28T08:59:19.2124406Z remote: Compressing objects:  93% (143/153)        
2022-04-28T08:59:19.2124700Z remote: Compressing objects:  94% (144/153)        
2022-04-28T08:59:19.2125008Z remote: Compressing objects:  95% (146/153)        
2022-04-28T08:59:19.2125315Z remote: Compressing objects:  96% (147/153)        
2022-04-28T08:59:19.2125613Z remote: Compressing objects:  97% (149/153)        
2022-04-28T08:59:19.2125922Z remote: Compressing objects:  98% (150/153)        
2022-04-28T08:59:19.2126228Z remote: Compressing objects:  99% (152/153)        
2022-04-28T08:59:19.2126523Z remote: Compressing objects: 100% (153/153)        
2022-04-28T08:59:19.2126847Z remote: Compressing objects: 100% (153/153), done.        
2022-04-28T08:59:19.2280078Z Receiving objects:   0% (1/177)
2022-04-28T08:59:19.2280437Z Receiving objects:   1% (2/177)
2022-04-28T08:59:19.2280687Z Receiving objects:   2% (4/177)
2022-04-28T08:59:19.2280960Z Receiving objects:   3% (6/177)
2022-04-28T08:59:19.2281219Z Receiving objects:   4% (8/177)
2022-04-28T08:59:19.2281686Z Receiving objects:   5% (9/177)
2022-04-28T08:59:19.2281960Z Receiving objects:   6% (11/177)
2022-04-28T08:59:19.2282227Z Receiving objects:   7% (13/177)
2022-04-28T08:59:19.2282470Z Receiving objects:   8% (15/177)
2022-04-28T08:59:19.2282724Z Receiving objects:   9% (16/177)
2022-04-28T08:59:19.2282983Z Receiving objects:  10% (18/177)
2022-04-28T08:59:19.2283226Z Receiving objects:  11% (20/177)
2022-04-28T08:59:19.2283483Z Receiving objects:  12% (22/177)
2022-04-28T08:59:19.2283736Z Receiving objects:  13% (24/177)
2022-04-28T08:59:19.2283988Z Receiving objects:  14% (25/177)
2022-04-28T08:59:19.2505363Z Receiving objects:  15% (27/177)
2022-04-28T08:59:19.2505923Z Receiving objects:  16% (29/177)
2022-04-28T08:59:19.2506666Z Receiving objects:  17% (31/177)
2022-04-28T08:59:19.2507846Z Receiving objects:  18% (32/177)
2022-04-28T08:59:19.2508363Z Receiving objects:  19% (34/177)
2022-04-28T08:59:19.2509054Z Receiving objects:  20% (36/177)
2022-04-28T08:59:19.2569479Z Receiving objects:  21% (38/177)
2022-04-28T08:59:19.2569759Z Receiving objects:  22% (39/177)
2022-04-28T08:59:19.2570000Z Receiving objects:  23% (41/177)
2022-04-28T08:59:19.2570238Z Receiving objects:  24% (43/177)
2022-04-28T08:59:19.2627111Z Receiving objects:  25% (45/177)
2022-04-28T08:59:19.2627399Z Receiving objects:  26% (47/177)
2022-04-28T08:59:19.2627644Z Receiving objects:  27% (48/177)
2022-04-28T08:59:19.2698117Z Receiving objects:  28% (50/177)
2022-04-28T08:59:19.2698781Z Receiving objects:  29% (52/177)
2022-04-28T08:59:19.2699837Z Receiving objects:  30% (54/177)
2022-04-28T08:59:19.2713091Z Receiving objects:  31% (55/177)
2022-04-28T08:59:19.2713378Z Receiving objects:  32% (57/177)
2022-04-28T08:59:19.2713619Z Receiving objects:  33% (59/177)
2022-04-28T08:59:19.2713857Z Receiving objects:  34% (61/177)
2022-04-28T08:59:19.2714080Z Receiving objects:  35% (62/177)
2022-04-28T08:59:19.2714543Z Receiving objects:  36% (64/177)
2022-04-28T08:59:19.2714781Z Receiving objects:  37% (66/177)
2022-04-28T08:59:19.2715014Z Receiving objects:  38% (68/177)
2022-04-28T08:59:19.2715245Z Receiving objects:  39% (70/177)
2022-04-28T08:59:19.2715473Z Receiving objects:  40% (71/177)
2022-04-28T08:59:19.2715691Z Receiving objects:  41% (73/177)
2022-04-28T08:59:19.2715927Z Receiving objects:  42% (75/177)
2022-04-28T08:59:19.2716157Z Receiving objects:  43% (77/177)
2022-04-28T08:59:19.2716388Z Receiving objects:  44% (78/177)
2022-04-28T08:59:19.2716606Z Receiving objects:  45% (80/177)
2022-04-28T08:59:19.2716836Z Receiving objects:  46% (82/177)
2022-04-28T08:59:19.2717066Z Receiving objects:  47% (84/177)
2022-04-28T08:59:19.2717282Z Receiving objects:  48% (85/177)
2022-04-28T08:59:19.2717512Z Receiving objects:  49% (87/177)
2022-04-28T08:59:19.2717742Z Receiving objects:  50% (89/177)
2022-04-28T08:59:19.2718265Z Receiving objects:  51% (91/177)
2022-04-28T08:59:19.2718501Z Receiving objects:  52% (93/177)
2022-04-28T08:59:19.2719167Z Receiving objects:  53% (94/177)
2022-04-28T08:59:19.2720125Z Receiving objects:  54% (96/177)
2022-04-28T08:59:19.2720550Z Receiving objects:  55% (98/177)
2022-04-28T08:59:19.2721129Z Receiving objects:  56% (100/177)
2022-04-28T08:59:19.2721681Z Receiving objects:  57% (101/177)
2022-04-28T08:59:19.2722366Z Receiving objects:  58% (103/177)
2022-04-28T08:59:19.2963966Z Receiving objects:  59% (105/177)
2022-04-28T08:59:19.2964475Z Receiving objects:  60% (107/177)
2022-04-28T08:59:19.2965196Z Receiving objects:  61% (108/177)
2022-04-28T08:59:19.2965821Z Receiving objects:  62% (110/177)
2022-04-28T08:59:19.2966961Z Receiving objects:  63% (112/177)
2022-04-28T08:59:19.2967434Z Receiving objects:  64% (114/177)
2022-04-28T08:59:19.2968068Z Receiving objects:  65% (116/177)
2022-04-28T08:59:19.3027663Z Receiving objects:  66% (117/177)
2022-04-28T08:59:19.3027996Z Receiving objects:  67% (119/177)
2022-04-28T08:59:19.3028277Z Receiving objects:  68% (121/177)
2022-04-28T08:59:19.3028547Z Receiving objects:  69% (123/177)
2022-04-28T08:59:19.3028816Z Receiving objects:  70% (124/177)
2022-04-28T08:59:19.3080409Z Receiving objects:  71% (126/177)
2022-04-28T08:59:19.3080696Z Receiving objects:  72% (128/177)
2022-04-28T08:59:19.3080937Z Receiving objects:  73% (130/177)
2022-04-28T08:59:19.3084120Z Receiving objects:  74% (131/177)
2022-04-28T08:59:19.3084397Z Receiving objects:  75% (133/177)
2022-04-28T08:59:19.3086492Z Receiving objects:  76% (135/177)
2022-04-28T08:59:19.3088688Z Receiving objects:  77% (137/177)
2022-04-28T08:59:19.3089270Z Receiving objects:  78% (139/177)
2022-04-28T08:59:19.3089768Z Receiving objects:  79% (140/177)
2022-04-28T08:59:19.3090268Z Receiving objects:  80% (142/177)
2022-04-28T08:59:19.3090766Z Receiving objects:  81% (144/177)
2022-04-28T08:59:19.3091255Z Receiving objects:  82% (146/177)
2022-04-28T08:59:19.3092022Z Receiving objects:  83% (147/177)
2022-04-28T08:59:19.3092404Z Receiving objects:  84% (149/177)
2022-04-28T08:59:19.3093134Z Receiving objects:  85% (151/177)
2022-04-28T08:59:19.3159776Z Receiving objects:  86% (153/177)
2022-04-28T08:59:19.3161871Z Receiving objects:  87% (154/177)
2022-04-28T08:59:19.3179454Z Receiving objects:  88% (156/177)
2022-04-28T08:59:19.3540310Z Receiving objects:  89% (158/177)
2022-04-28T08:59:19.3647135Z Receiving objects:  90% (160/177)
2022-04-28T08:59:19.3666530Z Receiving objects:  91% (162/177)
2022-04-28T08:59:19.3667234Z Receiving objects:  92% (163/177)
2022-04-28T08:59:19.3667489Z Receiving objects:  93% (165/177)
2022-04-28T08:59:19.3667731Z Receiving objects:  94% (167/177)
2022-04-28T08:59:19.3667955Z Receiving objects:  95% (169/177)
2022-04-28T08:59:19.3668546Z remote: Total 177 (delta 12), reused 76 (delta 6), pack-reused 0        
2022-04-28T08:59:19.3668840Z Receiving objects:  96% (170/177)
2022-04-28T08:59:19.3669077Z Receiving objects:  97% (172/177)
2022-04-28T08:59:19.3669299Z Receiving objects:  98% (174/177)
2022-04-28T08:59:19.3669531Z Receiving objects:  99% (176/177)
2022-04-28T08:59:19.3669955Z Receiving objects: 100% (177/177)
2022-04-28T08:59:19.3670219Z Receiving objects: 100% (177/177), 367.80 KiB | 2.57 MiB/s, done.
2022-04-28T08:59:19.3670484Z Resolving deltas:   0% (0/12)
2022-04-28T08:59:19.3670720Z Resolving deltas:   8% (1/12)
2022-04-28T08:59:19.3670939Z Resolving deltas:  16% (2/12)
2022-04-28T08:59:19.3671172Z Resolving deltas:  25% (3/12)
2022-04-28T08:59:19.3671401Z Resolving deltas:  33% (4/12)
2022-04-28T08:59:19.3671612Z Resolving deltas:  41% (5/12)
2022-04-28T08:59:19.3672331Z Resolving deltas:  50% (6/12)
2022-04-28T08:59:19.3672566Z Resolving deltas:  58% (7/12)
2022-04-28T08:59:19.3672792Z Resolving deltas:  66% (8/12)
2022-04-28T08:59:19.3673008Z Resolving deltas:  75% (9/12)
2022-04-28T08:59:19.3677558Z Resolving deltas:  83% (10/12)
2022-04-28T08:59:19.3693516Z Resolving deltas:  91% (11/12)
2022-04-28T08:59:19.3694007Z Resolving deltas: 100% (12/12)
2022-04-28T08:59:19.3694854Z Resolving deltas: 100% (12/12), done.
2022-04-28T08:59:19.3817092Z From https://github.com/komoot/photon
2022-04-28T08:59:19.3818114Z  * [new ref]         59a227b87175a32b115a8c05e3427668f1fa5bbb -> origin/master
2022-04-28T08:59:19.3839083Z ##[endgroup]
2022-04-28T08:59:19.3839807Z ##[group]Determining the checkout info
2022-04-28T08:59:19.3841265Z ##[endgroup]
2022-04-28T08:59:19.3841869Z ##[group]Checking out the ref
2022-04-28T08:59:19.3845966Z [command]/usr/bin/git checkout --progress --force -B master refs/remotes/origin/master
2022-04-28T08:59:19.3986450Z Reset branch 'master'
2022-04-28T08:59:19.3990933Z branch 'master' set up to track 'origin/master'.
2022-04-28T08:59:19.3993883Z ##[endgroup]
2022-04-28T08:59:19.4038452Z [command]/usr/bin/git log -1 --format='%H'
2022-04-28T08:59:19.4067987Z '59a227b87175a32b115a8c05e3427668f1fa5bbb'
2022-04-28T08:59:19.4394100Z ##[group]Run actions/setup-java@v1
2022-04-28T08:59:19.4394356Z with:
2022-04-28T08:59:19.4394537Z   java-version: 8
2022-04-28T08:59:19.4394749Z   java-package: jdk
2022-04-28T08:59:19.4394971Z   architecture: x64
2022-04-28T08:59:19.4395168Z   server-id: github
2022-04-28T08:59:19.4395394Z   server-username: GITHUB_ACTOR
2022-04-28T08:59:19.4395660Z   server-password: GITHUB_TOKEN
2022-04-28T08:59:19.4395888Z ##[endgroup]
2022-04-28T08:59:20.4478052Z [command]/usr/bin/tar --version
2022-04-28T08:59:20.4529555Z tar (GNU tar) 1.30
2022-04-28T08:59:20.4530155Z Copyright (C) 2017 Free Software Foundation, Inc.
2022-04-28T08:59:20.4530734Z License GPLv3+: GNU GPL version 3 or later <https://gnu.org/licenses/gpl.html>.
2022-04-28T08:59:20.4531271Z This is free software: you are free to change and redistribute it.
2022-04-28T08:59:20.4531926Z There is NO WARRANTY, to the extent permitted by law.
2022-04-28T08:59:20.4582231Z 
2022-04-28T08:59:20.4582610Z Written by John Gilmore and Jay Fenlason.
2022-04-28T08:59:20.4583535Z [command]/usr/bin/tar xz --warning=no-unknown-keyword -C /home/runner/work/_temp/temp_1926015709 -f /home/runner/work/_temp/7c31c5da-ed28-45b3-b447-3ce36058d434
2022-04-28T08:59:22.7228011Z creating settings.xml with server-id: github; environment variables: username=$GITHUB_ACTOR, *** and gpg-passphrase=null
2022-04-28T08:59:22.7309539Z writing /home/runner/.m2/settings.xml
2022-04-28T08:59:22.7438945Z ##[group]Run actions/cache@v2
2022-04-28T08:59:22.7439301Z with:
2022-04-28T08:59:22.7439559Z   path: ~/.m2
2022-04-28T08:59:22.7439782Z   key: maven-deps
2022-04-28T08:59:22.7440057Z env:
2022-04-28T08:59:22.7440414Z   JAVA_HOME_8.0.332_x64: /opt/hostedtoolcache/jdk/8.0.332/x64
2022-04-28T08:59:22.7440781Z   JAVA_HOME: /opt/hostedtoolcache/jdk/8.0.332/x64
2022-04-28T08:59:22.7441101Z   JAVA_HOME_8_0_332_X64: /opt/hostedtoolcache/jdk/8.0.332/x64
2022-04-28T08:59:22.7441415Z ##[endgroup]
2022-04-28T08:59:24.4097193Z Received 64167224 of 64167224 (100.0%), 64.8 MBs/sec
2022-04-28T08:59:24.4098034Z Cache Size: ~61 MB (64167224 B)
2022-04-28T08:59:24.4121026Z [command]/usr/bin/tar --use-compress-program zstd -d -xf /home/runner/work/_temp/237ef0aa-ff8e-4c1d-bb27-3f47712083ba/cache.tzst -P -C /home/runner/work/photon/photon
2022-04-28T08:59:24.6540096Z Cache restored successfully
2022-04-28T08:59:24.7141565Z 
2022-04-28T08:59:24.7143652Z Cache restored from key: maven-deps
2022-04-28T08:59:24.7360284Z ##[group]Run mvn --no-transfer-progress test
2022-04-28T08:59:24.7360792Z [36;1mmvn --no-transfer-progress test[0m
2022-04-28T08:59:24.7416427Z shell: /usr/bin/bash -e {0}
2022-04-28T08:59:24.7416854Z env:
2022-04-28T08:59:24.7417147Z   JAVA_HOME_8.0.332_x64: /opt/hostedtoolcache/jdk/8.0.332/x64
2022-04-28T08:59:24.7417524Z   JAVA_HOME: /opt/hostedtoolcache/jdk/8.0.332/x64
2022-04-28T08:59:24.7417917Z   JAVA_HOME_8_0_332_X64: /opt/hostedtoolcache/jdk/8.0.332/x64
2022-04-28T08:59:24.7418283Z ##[endgroup]
2022-04-28T08:59:26.8478024Z [INFO] Scanning for projects...
2022-04-28T08:59:26.9232682Z [INFO] 
2022-04-28T08:59:26.9237615Z [INFO] ----------------------< de.komoot.photon:photon >-----------------------
2022-04-28T08:59:26.9240910Z [INFO] Building photon 0.3.5
2022-04-28T08:59:26.9277674Z [INFO] --------------------------------[ jar ]---------------------------------
2022-04-28T08:59:28.3268310Z [WARNING] Could not transfer metadata net.postgis:postgis-jdbc/maven-metadata.xml from/to maven-default-http-blocker (http://0.0.0.0/): transfer failed for http://0.0.0.0/net/postgis/postgis-jdbc/maven-metadata.xml
2022-04-28T08:59:28.4140740Z [WARNING] Could not transfer metadata postgresql:postgresql/maven-metadata.xml from/to maven-default-http-blocker (http://0.0.0.0/): transfer failed for http://0.0.0.0/postgresql/postgresql/maven-metadata.xml
2022-04-28T08:59:28.4781299Z [WARNING] Could not transfer metadata org.postgresql:postgresql/maven-metadata.xml from/to maven-default-http-blocker (http://0.0.0.0/): transfer failed for http://0.0.0.0/org/postgresql/postgresql/maven-metadata.xml
2022-04-28T08:59:28.7411565Z [INFO] 
2022-04-28T08:59:28.7412642Z [INFO] --- jacoco-maven-plugin:0.8.3:prepare-agent (default) @ photon ---
2022-04-28T08:59:28.9668110Z [INFO] argLine set to -javaagent:/home/runner/.m2/repository/org/jacoco/org.jacoco.agent/0.8.3/org.jacoco.agent-0.8.3-runtime.jar=destfile=/home/runner/work/photon/photon/target/jacoco.exec,excludes=modules/lang-painless/*
2022-04-28T08:59:28.9668969Z [INFO] 
2022-04-28T08:59:28.9669924Z [INFO] --- maven-dependency-plugin:3.1.1:copy (copy-painless) @ photon ---
2022-04-28T08:59:29.2254306Z [INFO] Configured Artifact: org.codelibs.elasticsearch.module:lang-painless:5.6.16:jar
2022-04-28T08:59:29.2301563Z [INFO] Configured Artifact: org.ow2.asm:asm-debug-all:5.1:jar
2022-04-28T08:59:29.2315514Z [INFO] Configured Artifact: org.antlr:antlr4-runtime:4.5.1-1:jar
2022-04-28T08:59:29.2326253Z [INFO] Copying lang-painless-5.6.16.jar to /home/runner/work/photon/photon/target/es/modules/lang-painless/lang-painless.jar
2022-04-28T08:59:29.2385852Z [INFO] Copying asm-debug-all-5.1.jar to /home/runner/work/photon/photon/target/es/modules/lang-painless/asm-debug-all.jar
2022-04-28T08:59:29.2392152Z [INFO] Copying antlr4-runtime-4.5.1-1.jar to /home/runner/work/photon/photon/target/es/modules/lang-painless/antlr4-runtime.jar
2022-04-28T08:59:29.2397949Z [INFO] 
2022-04-28T08:59:29.2398732Z [INFO] --- maven-resources-plugin:2.6:resources (default-resources) @ photon ---
2022-04-28T08:59:29.2860619Z [INFO] Using 'UTF-8' encoding to copy filtered resources.
2022-04-28T08:59:29.2901333Z [INFO] Copying 3 resources
2022-04-28T08:59:29.2964309Z [INFO] Copying 5 resources
2022-04-28T08:59:29.2965108Z [INFO] Copying 1 resource
2022-04-28T08:59:29.2965377Z [INFO] 
2022-04-28T08:59:29.2966002Z [INFO] --- maven-compiler-plugin:3.1:compile (default-compile) @ photon ---
2022-04-28T08:59:29.4128530Z [INFO] Changes detected - recompiling the module!
2022-04-28T08:59:29.4161595Z [INFO] Compiling 50 source files to /home/runner/work/photon/photon/target/classes
2022-04-28T08:59:31.9668946Z [WARNING] /home/runner/work/photon/photon/src/main/java/de/komoot/photon/elasticsearch/Server.java: Some input files use unchecked or unsafe operations.
2022-04-28T08:59:31.9671943Z [WARNING] /home/runner/work/photon/photon/src/main/java/de/komoot/photon/elasticsearch/Server.java: Recompile with -Xlint:unchecked for details.
2022-04-28T08:59:31.9675889Z [INFO] 
2022-04-28T08:59:31.9678436Z [INFO] --- maven-resources-plugin:2.6:testResources (default-testResources) @ photon ---
2022-04-28T08:59:31.9761352Z [INFO] Using 'UTF-8' encoding to copy filtered resources.
2022-04-28T08:59:31.9766216Z [INFO] Copying 1 resource
2022-04-28T08:59:31.9770846Z [INFO] 
2022-04-28T08:59:31.9775901Z [INFO] --- maven-compiler-plugin:3.1:testCompile (default-testCompile) @ photon ---
2022-04-28T08:59:31.9865449Z [INFO] Changes detected - recompiling the module!
2022-04-28T08:59:31.9870290Z [INFO] Compiling 38 source files to /home/runner/work/photon/photon/target/test-classes
2022-04-28T08:59:33.4219323Z [WARNING] /home/runner/work/photon/photon/src/test/java/de/komoot/photon/nominatim/testdb/Helpers.java: Some input files use unchecked or unsafe operations.
2022-04-28T08:59:33.4223342Z [WARNING] /home/runner/work/photon/photon/src/test/java/de/komoot/photon/nominatim/testdb/Helpers.java: Recompile with -Xlint:unchecked for details.
2022-04-28T08:59:33.4227764Z [INFO] 
2022-04-28T08:59:33.4231179Z [INFO] --- maven-surefire-plugin:2.22.2:test (default-test) @ photon ---
2022-04-28T08:59:33.6553853Z [INFO] 
2022-04-28T08:59:33.6555121Z [INFO] -------------------------------------------------------
2022-04-28T08:59:33.6555628Z [INFO]  T E S T S
2022-04-28T08:59:33.6557170Z [INFO] -------------------------------------------------------
2022-04-28T08:59:35.0609763Z [INFO] Running de.komoot.photon.query.QueryFilterLayerTest
2022-04-28T08:59:42.6747294Z 2022-04-28 08:59:42,670 [main] INFO  de.komoot.photon.elasticsearch.Server - started elastic search node
2022-04-28T08:59:43.9580651Z [INFO] Tests run: 2, Failures: 0, Errors: 0, Skipped: 0, Time elapsed: 8.866 s - in de.komoot.photon.query.QueryFilterLayerTest
2022-04-28T08:59:43.9581334Z [INFO] Running de.komoot.photon.query.QueryRelevanceTest
2022-04-28T08:59:47.2611130Z 2022-04-28 08:59:47,259 [main] INFO  de.komoot.photon.elasticsearch.Server - started elastic search node
2022-04-28T08:59:50.8199522Z 2022-04-28 08:59:50,819 [main] INFO  de.komoot.photon.elasticsearch.Server - started elastic search node
2022-04-28T08:59:54.3085943Z 2022-04-28 08:59:54,305 [main] INFO  de.komoot.photon.elasticsearch.Server - started elastic search node
2022-04-28T08:59:57.7563043Z 2022-04-28 08:59:57,755 [main] INFO  de.komoot.photon.elasticsearch.Server - started elastic search node
2022-04-28T09:00:01.1029400Z 2022-04-28 09:00:01,102 [main] INFO  de.komoot.photon.elasticsearch.Server - started elastic search node
2022-04-28T09:00:04.4718265Z 2022-04-28 09:00:04,470 [main] INFO  de.komoot.photon.elasticsearch.Server - started elastic search node
2022-04-28T09:00:07.8621644Z 2022-04-28 09:00:07,859 [main] INFO  de.komoot.photon.elasticsearch.Server - started elastic search node
2022-04-28T09:00:08.0221812Z [INFO] Tests run: 7, Failures: 0, Errors: 0, Skipped: 0, Time elapsed: 24.052 s - in de.komoot.photon.query.QueryRelevanceTest
2022-04-28T09:00:08.0246482Z [INFO] Running de.komoot.photon.query.QueryBasicSearchTest
2022-04-28T09:00:11.2615897Z 2022-04-28 09:00:11,260 [main] INFO  de.komoot.photon.elasticsearch.Server - started elastic search node
2022-04-28T09:00:14.7205019Z 2022-04-28 09:00:14,719 [main] INFO  de.komoot.photon.elasticsearch.Server - started elastic search node
2022-04-28T09:00:18.1416296Z 2022-04-28 09:00:18,140 [main] INFO  de.komoot.photon.elasticsearch.Server - started elastic search node
2022-04-28T09:00:21.4735152Z 2022-04-28 09:00:21,472 [main] INFO  de.komoot.photon.elasticsearch.Server - started elastic search node
2022-04-28T09:00:24.8123244Z 2022-04-28 09:00:24,810 [main] INFO  de.komoot.photon.elasticsearch.Server - started elastic search node
2022-04-28T09:00:28.1515009Z 2022-04-28 09:00:28,150 [main] INFO  de.komoot.photon.elasticsearch.Server - started elastic search node
2022-04-28T09:00:28.3347732Z [INFO] Tests run: 6, Failures: 0, Errors: 0, Skipped: 0, Time elapsed: 20.302 s - in de.komoot.photon.query.QueryBasicSearchTest
2022-04-28T09:00:28.3352106Z [INFO] Running de.komoot.photon.query.QueryReverseFilterLayerTest
2022-04-28T09:00:31.5340374Z 2022-04-28 09:00:31,531 [main] INFO  de.komoot.photon.elasticsearch.Server - started elastic search node
2022-04-28T09:00:31.7755533Z [INFO] Tests run: 2, Failures: 0, Errors: 0, Skipped: 0, Time elapsed: 3.436 s - in de.komoot.photon.query.QueryReverseFilterLayerTest
2022-04-28T09:00:31.7769724Z [INFO] Running de.komoot.photon.query.ReverseRequestFactoryTest
2022-04-28T09:00:32.5428865Z [INFO] Tests run: 20, Failures: 0, Errors: 0, Skipped: 0, Time elapsed: 0.76 s - in de.komoot.photon.query.ReverseRequestFactoryTest
2022-04-28T09:00:32.5449780Z [INFO] Running de.komoot.photon.query.QueryFilterTagValueTest
2022-04-28T09:00:35.7604039Z 2022-04-28 09:00:35,759 [main] INFO  de.komoot.photon.elasticsearch.Server - started elastic search node
2022-04-28T09:00:36.0636565Z [INFO] Tests run: 17, Failures: 0, Errors: 0, Skipped: 0, Time elapsed: 3.512 s - in de.komoot.photon.query.QueryFilterTagValueTest
2022-04-28T09:00:36.0655745Z [INFO] Running de.komoot.photon.query.QueryByLanguageTest
2022-04-28T09:00:39.2490463Z 2022-04-28 09:00:39,248 [main] INFO  de.komoot.photon.elasticsearch.Server - started elastic search node
2022-04-28T09:00:42.5813904Z 2022-04-28 09:00:42,579 [main] INFO  de.komoot.photon.elasticsearch.Server - started elastic search node
2022-04-28T09:00:45.9455067Z 2022-04-28 09:00:45,944 [main] INFO  de.komoot.photon.elasticsearch.Server - started elastic search node
2022-04-28T09:00:49.2653452Z 2022-04-28 09:00:49,264 [main] INFO  de.komoot.photon.elasticsearch.Server - started elastic search node
2022-04-28T09:00:52.6195620Z 2022-04-28 09:00:52,617 [main] INFO  de.komoot.photon.elasticsearch.Server - started elastic search node
2022-04-28T09:00:55.9340048Z 2022-04-28 09:00:55,931 [main] INFO  de.komoot.photon.elasticsearch.Server - started elastic search node
2022-04-28T09:00:59.2460566Z 2022-04-28 09:00:59,244 [main] INFO  de.komoot.photon.elasticsearch.Server - started elastic search node
2022-04-28T09:01:02.5846331Z 2022-04-28 09:01:02,583 [main] INFO  de.komoot.photon.elasticsearch.Server - started elastic search node
2022-04-28T09:01:02.7158141Z [INFO] Tests run: 8, Failures: 0, Errors: 0, Skipped: 0, Time elapsed: 26.648 s - in de.komoot.photon.query.QueryByLanguageTest
2022-04-28T09:01:02.7262201Z [INFO] Running de.komoot.photon.query.PhotonRequestFactoryTest
2022-04-28T09:01:02.8327510Z [INFO] Tests run: 27, Failures: 0, Errors: 0, Skipped: 0, Time elapsed: 0.105 s - in de.komoot.photon.query.PhotonRequestFactoryTest
2022-04-28T09:01:02.8385299Z [INFO] Running de.komoot.photon.query.QueryReverseTest
2022-04-28T09:01:06.0145034Z 2022-04-28 09:01:06,012 [main] INFO  de.komoot.photon.elasticsearch.Server - started elastic search node
2022-04-28T09:01:06.1379955Z [INFO] Tests run: 4, Failures: 0, Errors: 0, Skipped: 0, Time elapsed: 3.298 s - in de.komoot.photon.query.QueryReverseTest
2022-04-28T09:01:06.1460983Z [INFO] Running de.komoot.photon.query.RequestLanguageTest
2022-04-28T09:01:06.2463834Z [INFO] Tests run: 7, Failures: 0, Errors: 0, Skipped: 0, Time elapsed: 0.042 s - in de.komoot.photon.query.RequestLanguageTest
2022-04-28T09:01:06.2501312Z [INFO] Running de.komoot.photon.query.QueryByClassificationTest
2022-04-28T09:01:09.3943533Z 2022-04-28 09:01:09,391 [main] INFO  de.komoot.photon.elasticsearch.Server - started elastic search node
2022-04-28T09:01:12.8344215Z 2022-04-28 09:01:12,832 [main] INFO  de.komoot.photon.elasticsearch.Server - started elastic search node
2022-04-28T09:01:16.1827191Z 2022-04-28 09:01:16,182 [main] INFO  de.komoot.photon.elasticsearch.Server - started elastic search node
2022-04-28T09:01:19.6097349Z 2022-04-28 09:01:19,608 [main] INFO  de.komoot.photon.elasticsearch.Server - started elastic search node
2022-04-28T09:01:19.8331958Z [INFO] Tests run: 4, Failures: 0, Errors: 0, Skipped: 0, Time elapsed: 13.584 s - in de.komoot.photon.query.QueryByClassificationTest
2022-04-28T09:01:19.8343269Z [INFO] Running de.komoot.photon.elasticsearch.DatabasePropertiesTest
2022-04-28T09:01:19.8434355Z [INFO] Tests run: 3, Failures: 0, Errors: 0, Skipped: 0, Time elapsed: 0.006 s - in de.komoot.photon.elasticsearch.DatabasePropertiesTest
2022-04-28T09:01:19.8443064Z [INFO] Running de.komoot.photon.elasticsearch.ServerTest
2022-04-28T09:01:23.0143910Z 2022-04-28 09:01:23,011 [main] INFO  de.komoot.photon.elasticsearch.Server - started elastic search node
2022-04-28T09:01:23.1253231Z [INFO] Tests run: 1, Failures: 0, Errors: 0, Skipped: 0, Time elapsed: 3.279 s - in de.komoot.photon.elasticsearch.ServerTest
2022-04-28T09:01:23.1270653Z [INFO] Running de.komoot.photon.elasticsearch.ImporterTest
2022-04-28T09:01:26.3322903Z 2022-04-28 09:01:26,330 [main] INFO  de.komoot.photon.elasticsearch.Server - started elastic search node
2022-04-28T09:01:29.6089464Z 2022-04-28 09:01:29,607 [main] INFO  de.komoot.photon.elasticsearch.Server - started elastic search node
2022-04-28T09:01:29.7334362Z [INFO] Tests run: 2, Failures: 0, Errors: 0, Skipped: 0, Time elapsed: 6.605 s - in de.komoot.photon.elasticsearch.ImporterTest
2022-04-28T09:01:29.7336305Z [INFO] Running de.komoot.photon.elasticsearch.UpdaterTest
2022-04-28T09:01:32.9312746Z 2022-04-28 09:01:32,930 [main] INFO  de.komoot.photon.elasticsearch.Server - started elastic search node
2022-04-28T09:01:36.4481677Z 2022-04-28 09:01:36,447 [main] INFO  de.komoot.photon.elasticsearch.Server - started elastic search node
2022-04-28T09:01:39.7507132Z 2022-04-28 09:01:39,749 [main] INFO  de.komoot.photon.elasticsearch.Server - started elastic search node
2022-04-28T09:01:39.8694250Z [INFO] Tests run: 3, Failures: 0, Errors: 0, Skipped: 0, Time elapsed: 10.134 s - in de.komoot.photon.elasticsearch.UpdaterTest
2022-04-28T09:01:39.8697264Z [INFO] Running de.komoot.photon.elasticsearch.ElasticResultTest
2022-04-28T09:01:43.0407886Z 2022-04-28 09:01:43,038 [main] INFO  de.komoot.photon.elasticsearch.Server - started elastic search node
2022-04-28T09:01:43.1587222Z 2022-04-28 09:01:43,157 [main] ERROR de.komoot.photon.elasticsearch.ElasticResult - invalid data [id=42, type=hamlet], coordinate is missing!
2022-04-28T09:01:43.2109722Z [INFO] Tests run: 6, Failures: 0, Errors: 0, Skipped: 0, Time elapsed: 3.339 s - in de.komoot.photon.elasticsearch.ElasticResultTest
2022-04-28T09:01:43.2113572Z [INFO] Running de.komoot.photon.utils.StringArrayConverterTest
2022-04-28T09:01:43.2322216Z [INFO] Tests run: 9, Failures: 0, Errors: 0, Skipped: 0, Time elapsed: 0.02 s - in de.komoot.photon.utils.StringArrayConverterTest
2022-04-28T09:01:43.2434042Z [INFO] Running de.komoot.photon.ApiIntegrationTest
2022-04-28T09:01:46.4205013Z 2022-04-28 09:01:46,419 [main] INFO  de.komoot.photon.elasticsearch.Server - started elastic search node
2022-04-28T09:01:46.6981959Z 2022-04-28 09:01:46,697 [main] INFO  de.komoot.photon.elasticsearch.Server - Started elastic search client connected to [Ljava.lang.String;@6299255d
2022-04-28T09:01:46.6983151Z 2022-04-28 09:01:46,697 [main] INFO  de.komoot.photon.App - Make sure that the ES cluster is ready, this might take some time.
2022-04-28T09:01:46.7042225Z 2022-04-28 09:01:46,703 [main] INFO  de.komoot.photon.App - ES cluster is now ready.
2022-04-28T09:01:50.4268063Z 2022-04-28 09:01:50,426 [main] INFO  de.komoot.photon.elasticsearch.Server - started elastic search node
2022-04-28T09:01:50.5362259Z 2022-04-28 09:01:50,535 [main] INFO  de.komoot.photon.elasticsearch.Server - Started elastic search client connected to [Ljava.lang.String;@5534f2c9
2022-04-28T09:01:50.5363992Z 2022-04-28 09:01:50,535 [main] INFO  de.komoot.photon.App - Make sure that the ES cluster is ready, this might take some time.
2022-04-28T09:01:50.5409985Z 2022-04-28 09:01:50,538 [main] INFO  de.komoot.photon.App - ES cluster is now ready.
2022-04-28T09:01:53.8809190Z 2022-04-28 09:01:53,880 [main] INFO  de.komoot.photon.elasticsearch.Server - started elastic search node
2022-04-28T09:01:54.0062574Z 2022-04-28 09:01:54,004 [main] INFO  de.komoot.photon.elasticsearch.Server - Started elastic search client connected to [Ljava.lang.String;@15359e8a
2022-04-28T09:01:54.0063877Z 2022-04-28 09:01:54,004 [main] INFO  de.komoot.photon.App - Make sure that the ES cluster is ready, this might take some time.
2022-04-28T09:01:54.0077209Z 2022-04-28 09:01:54,007 [main] INFO  de.komoot.photon.App - ES cluster is now ready.
2022-04-28T09:01:57.3364595Z 2022-04-28 09:01:57,335 [main] INFO  de.komoot.photon.elasticsearch.Server - started elastic search node
2022-04-28T09:01:57.4242037Z 2022-04-28 09:01:57,423 [main] INFO  de.komoot.photon.elasticsearch.Server - Started elastic search client connected to [Ljava.lang.String;@25ae4644
2022-04-28T09:01:57.4246047Z 2022-04-28 09:01:57,423 [main] INFO  de.komoot.photon.App - Make sure that the ES cluster is ready, this might take some time.
2022-04-28T09:01:57.4275316Z 2022-04-28 09:01:57,426 [main] INFO  de.komoot.photon.App - ES cluster is now ready.
2022-04-28T09:02:00.7304635Z 2022-04-28 09:02:00,728 [main] INFO  de.komoot.photon.elasticsearch.Server - started elastic search node
2022-04-28T09:02:00.8458346Z 2022-04-28 09:02:00,842 [main] INFO  de.komoot.photon.elasticsearch.Server - Started elastic search client connected to [Ljava.lang.String;@7b1b63c3
2022-04-28T09:02:00.8459414Z 2022-04-28 09:02:00,842 [main] INFO  de.komoot.photon.App - Make sure that the ES cluster is ready, this might take some time.
2022-04-28T09:02:00.8460049Z 2022-04-28 09:02:00,844 [main] INFO  de.komoot.photon.App - ES cluster is now ready.
2022-04-28T09:02:04.2162300Z 2022-04-28 09:02:04,215 [main] INFO  de.komoot.photon.elasticsearch.Server - started elastic search node
2022-04-28T09:02:04.2952679Z 2022-04-28 09:02:04,293 [main] INFO  de.komoot.photon.elasticsearch.Server - Started elastic search client connected to [Ljava.lang.String;@544902e
2022-04-28T09:02:04.2953414Z 2022-04-28 09:02:04,293 [main] INFO  de.komoot.photon.App - Make sure that the ES cluster is ready, this might take some time.
2022-04-28T09:02:04.2957850Z 2022-04-28 09:02:04,295 [main] INFO  de.komoot.photon.App - ES cluster is now ready.
2022-04-28T09:02:07.6714848Z 2022-04-28 09:02:07,670 [main] INFO  de.komoot.photon.elasticsearch.Server - started elastic search node
2022-04-28T09:02:07.7566669Z 2022-04-28 09:02:07,754 [main] INFO  de.komoot.photon.elasticsearch.Server - Started elastic search client connected to [Ljava.lang.String;@4bafce30
2022-04-28T09:02:07.7577908Z 2022-04-28 09:02:07,754 [main] INFO  de.komoot.photon.App - Make sure that the ES cluster is ready, this might take some time.
2022-04-28T09:02:07.7578574Z 2022-04-28 09:02:07,756 [main] INFO  de.komoot.photon.App - ES cluster is now ready.
2022-04-28T09:02:07.9022739Z [INFO] Tests run: 7, Failures: 0, Errors: 0, Skipped: 0, Time elapsed: 24.658 s - in de.komoot.photon.ApiIntegrationTest
2022-04-28T09:02:07.9027759Z [INFO] Running de.komoot.photon.PhotonDocTest
2022-04-28T09:02:07.9108607Z [INFO] Tests run: 3, Failures: 0, Errors: 0, Skipped: 0, Time elapsed: 0.006 s - in de.komoot.photon.PhotonDocTest
2022-04-28T09:02:07.9114535Z [INFO] Running de.komoot.photon.searcher.StreetDupesRemoverTest
2022-04-28T09:02:07.9168825Z [INFO] Tests run: 2, Failures: 0, Errors: 0, Skipped: 0, Time elapsed: 0.003 s - in de.komoot.photon.searcher.StreetDupesRemoverTest
2022-04-28T09:02:07.9174620Z [INFO] Running de.komoot.photon.searcher.GeocodeJsonFormatterTest
2022-04-28T09:02:07.9243592Z [INFO] Tests run: 1, Failures: 0, Errors: 0, Skipped: 0, Time elapsed: 0.005 s - in de.komoot.photon.searcher.GeocodeJsonFormatterTest
2022-04-28T09:02:07.9246138Z [INFO] Running de.komoot.photon.searcher.TagFilterTest
2022-04-28T09:02:07.9448171Z [INFO] Tests run: 13, Failures: 0, Errors: 0, Skipped: 0, Time elapsed: 0.018 s - in de.komoot.photon.searcher.TagFilterTest
2022-04-28T09:02:07.9470134Z [INFO] Running de.komoot.photon.nominatim.NominatimResultTest
2022-04-28T09:02:07.9668027Z [INFO] Tests run: 11, Failures: 0, Errors: 0, Skipped: 0, Time elapsed: 0.018 s - in de.komoot.photon.nominatim.NominatimResultTest
2022-04-28T09:02:07.9771375Z [INFO] Running de.komoot.photon.nominatim.NominatimConnectorDBTest
2022-04-28T09:02:08.5350143Z 2022-04-28 09:02:08,534 [main] INFO  de.komoot.photon.nominatim.NominatimConnector - start importing documents from nominatim (global)
2022-04-28T09:02:08.5787777Z 2022-04-28 09:02:08,578 [main] INFO  de.komoot.photon.nominatim.ImportThread - finished import of 1 photon documents.
2022-04-28T09:02:08.5900886Z 2022-04-28 09:02:08,588 [main] INFO  de.komoot.photon.nominatim.NominatimConnector - start importing documents from nominatim (global)
2022-04-28T09:02:08.6023976Z 2022-04-28 09:02:08,598 [main] INFO  de.komoot.photon.nominatim.ImportThread - finished import of 3 photon documents.
2022-04-28T09:02:08.6102891Z 2022-04-28 09:02:08,609 [main] INFO  de.komoot.photon.nominatim.NominatimConnector - start importing documents from nominatim (global)
2022-04-28T09:02:08.6172454Z 2022-04-28 09:02:08,616 [main] INFO  de.komoot.photon.nominatim.ImportThread - finished import of 3 photon documents.
2022-04-28T09:02:08.6294238Z 2022-04-28 09:02:08,626 [main] INFO  de.komoot.photon.nominatim.NominatimConnector - start importing documents from nominatim (global)
2022-04-28T09:02:08.6324435Z 2022-04-28 09:02:08,631 [main] INFO  de.komoot.photon.nominatim.ImportThread - finished import of 1 photon documents.
2022-04-28T09:02:08.6445496Z 2022-04-28 09:02:08,642 [main] INFO  de.komoot.photon.nominatim.NominatimConnector - start importing documents from nominatim (global)
2022-04-28T09:02:08.6499575Z 2022-04-28 09:02:08,649 [main] INFO  de.komoot.photon.nominatim.ImportThread - finished import of 3 photon documents.
2022-04-28T09:02:08.6617204Z 2022-04-28 09:02:08,660 [main] INFO  de.komoot.photon.nominatim.NominatimConnector - start importing documents from nominatim (global)
2022-04-28T09:02:08.6713885Z 2022-04-28 09:02:08,670 [main] INFO  de.komoot.photon.nominatim.ImportThread - finished import of 2 photon documents.
2022-04-28T09:02:08.6902456Z 2022-04-28 09:02:08,689 [main] INFO  de.komoot.photon.nominatim.NominatimConnector - start importing documents from nominatim (global)
2022-04-28T09:02:08.7049614Z 2022-04-28 09:02:08,703 [main] INFO  de.komoot.photon.nominatim.ImportThread - finished import of 1 photon documents.
2022-04-28T09:02:08.7123960Z 2022-04-28 09:02:08,711 [main] INFO  de.komoot.photon.nominatim.NominatimConnector - start importing documents from nominatim (global)
2022-04-28T09:02:08.7261625Z 2022-04-28 09:02:08,725 [main] INFO  de.komoot.photon.nominatim.ImportThread - finished import of 1 photon documents.
2022-04-28T09:02:08.7405696Z 2022-04-28 09:02:08,740 [main] INFO  de.komoot.photon.nominatim.NominatimConnector - start importing documents from nominatim (global)
2022-04-28T09:02:08.7497967Z 2022-04-28 09:02:08,749 [main] INFO  de.komoot.photon.nominatim.ImportThread - finished import of 4 photon documents.
2022-04-28T09:02:08.7671938Z 2022-04-28 09:02:08,766 [main] INFO  de.komoot.photon.nominatim.NominatimConnector - start importing documents from nominatim (global)
2022-04-28T09:02:08.7776681Z 2022-04-28 09:02:08,777 [main] INFO  de.komoot.photon.nominatim.ImportThread - finished import of 2 photon documents.
2022-04-28T09:02:08.7931865Z 2022-04-28 09:02:08,791 [main] INFO  de.komoot.photon.nominatim.NominatimConnector - start importing documents from nominatim (global)
2022-04-28T09:02:08.8031872Z 2022-04-28 09:02:08,802 [main] INFO  de.komoot.photon.nominatim.ImportThread - finished import of 6 photon documents.
2022-04-28T09:02:08.8117119Z 2022-04-28 09:02:08,811 [main] INFO  de.komoot.photon.nominatim.NominatimConnector - start importing documents from nominatim (global)
2022-04-28T09:02:08.8167363Z 2022-04-28 09:02:08,816 [main] INFO  de.komoot.photon.nominatim.ImportThread - finished import of 10 photon documents.
2022-04-28T09:02:08.8255568Z 2022-04-28 09:02:08,825 [main] INFO  de.komoot.photon.nominatim.NominatimConnector - start importing documents from nominatim (global)
2022-04-28T09:02:08.8370920Z 2022-04-28 09:02:08,836 [main] INFO  de.komoot.photon.nominatim.ImportThread - finished import of 2 photon documents.
2022-04-28T09:02:08.8484802Z 2022-04-28 09:02:08,848 [main] INFO  de.komoot.photon.nominatim.NominatimConnector - start importing documents from nominatim ('uk','hu','nl')
2022-04-28T09:02:08.8573339Z 2022-04-28 09:02:08,856 [main] INFO  de.komoot.photon.nominatim.ImportThread - finished import of 1 photon documents.
2022-04-28T09:02:08.8605994Z [INFO] Tests run: 14, Failures: 0, Errors: 0, Skipped: 0, Time elapsed: 0.882 s - in de.komoot.photon.nominatim.NominatimConnectorDBTest
2022-04-28T09:02:08.8652717Z [INFO] Running de.komoot.photon.nominatim.NominatimConnectorTest
2022-04-28T09:02:08.8700614Z [INFO] Tests run: 1, Failures: 0, Errors: 0, Skipped: 0, Time elapsed: 0.001 s - in de.komoot.photon.nominatim.NominatimConnectorTest
2022-04-28T09:02:08.8707219Z [INFO] Running de.komoot.photon.nominatim.model.AddressTypeTest
2022-04-28T09:02:08.8707990Z [INFO] Tests run: 1, Failures: 0, Errors: 0, Skipped: 0, Time elapsed: 0 s - in de.komoot.photon.nominatim.model.AddressTypeTest
2022-04-28T09:02:09.3470351Z [INFO] 
2022-04-28T09:02:09.3470645Z [INFO] Results:
2022-04-28T09:02:09.3470888Z [INFO] 
2022-04-28T09:02:09.3471195Z [INFO] Tests run: 181, Failures: 0, Errors: 0, Skipped: 0
2022-04-28T09:02:09.3471479Z [INFO] 
2022-04-28T09:02:09.3526280Z [INFO] 
2022-04-28T09:02:09.3529305Z [INFO] --- jacoco-maven-plugin:0.8.3:report (report) @ photon ---
2022-04-28T09:02:09.4207746Z [INFO] Loading execution data file /home/runner/work/photon/photon/target/jacoco.exec
2022-04-28T09:02:09.5702229Z [INFO] Analyzed bundle 'photon' with 50 classes
2022-04-28T09:02:09.7661179Z [INFO] ------------------------------------------------------------------------
2022-04-28T09:02:09.7661810Z [INFO] BUILD SUCCESS
2022-04-28T09:02:09.7662249Z [INFO] ------------------------------------------------------------------------
2022-04-28T09:02:09.7675134Z [INFO] Total time:  02:42 min
2022-04-28T09:02:09.7677327Z [INFO] Finished at: 2022-04-28T09:02:09Z
2022-04-28T09:02:09.7677783Z [INFO] ------------------------------------------------------------------------
2022-04-28T09:02:09.7971919Z Post job cleanup.
2022-04-28T09:02:09.9386054Z Cache hit occurred on the primary key maven-deps, not saving cache.
2022-04-28T09:02:09.9486999Z Post job cleanup.
2022-04-28T09:02:09.9952249Z Post job cleanup.
2022-04-28T09:02:10.1223069Z [command]/usr/bin/git version
2022-04-28T09:02:10.1298408Z git version 2.36.0
2022-04-28T09:02:10.1341037Z Temporarily overriding HOME='/home/runner/work/_temp/af552697-d593-4ac2-925b-6c5c981f5073' before making global git config changes
2022-04-28T09:02:10.1341708Z Adding repository directory to the temporary git global config as a safe directory
2022-04-28T09:02:10.1345823Z [command]/usr/bin/git config --global --add safe.directory /home/runner/work/photon/photon
2022-04-28T09:02:10.1392571Z [command]/usr/bin/git config --local --name-only --get-regexp core\.sshCommand
2022-04-28T09:02:10.1432770Z [command]/usr/bin/git submodule foreach --recursive git config --local --name-only --get-regexp 'core\.sshCommand' && git config --local --unset-all 'core.sshCommand' || :
2022-04-28T09:02:10.1690164Z [command]/usr/bin/git config --local --name-only --get-regexp http\.https\:\/\/github\.com\/\.extraheader
2022-04-28T09:02:10.1761537Z http.https://github.com/.extraheader
2022-04-28T09:02:10.1769166Z [command]/usr/bin/git config --local --unset-all http.https://github.com/.extraheader
2022-04-28T09:02:10.1806869Z [command]/usr/bin/git submodule foreach --recursive git config --local --name-only --get-regexp 'http\.https\:\/\/github\.com\/\.extraheader' && git config --local --unset-all 'http.https://github.com/.extraheader' || :
2022-04-28T09:02:10.2268211Z Cleaning up orphan processes