2022-05-29T11:18:59.9034480Z Requested labels: ubuntu-20.04
2022-05-29T11:18:59.9034524Z Job defined at: eclipse-che/che-server/.github/workflows/build-pr-check.yml@refs/heads/dependabot/maven/org.mockito-mockito-core-4.6.0
2022-05-29T11:18:59.9034545Z Waiting for a runner to pick up this job...
2022-05-29T11:19:00.4173062Z Job is waiting for a hosted runner to come online.
2022-05-29T11:19:03.3345660Z Job is about to start running on the hosted runner: Hosted Agent (hosted)
2022-05-29T11:19:05.3857948Z Current runner version: '2.291.1'
2022-05-29T11:19:05.3881795Z ##[group]Operating System
2022-05-29T11:19:05.3882314Z Ubuntu
2022-05-29T11:19:05.3882581Z 20.04.4
2022-05-29T11:19:05.3882797Z LTS
2022-05-29T11:19:05.3883142Z ##[endgroup]
2022-05-29T11:19:05.3883459Z ##[group]Virtual Environment
2022-05-29T11:19:05.3883767Z Environment: ubuntu-20.04
2022-05-29T11:19:05.3884072Z Version: 20220515.1
2022-05-29T11:19:05.3884574Z Included Software: https://github.com/actions/virtual-environments/blob/ubuntu20/20220515.1/images/linux/Ubuntu2004-Readme.md
2022-05-29T11:19:05.3885229Z Image Release: https://github.com/actions/virtual-environments/releases/tag/ubuntu20%2F20220515.1
2022-05-29T11:19:05.3885616Z ##[endgroup]
2022-05-29T11:19:05.3885942Z ##[group]Virtual Environment Provisioner
2022-05-29T11:19:05.3886298Z 1.0.0.0-main-20220516-1
2022-05-29T11:19:05.3886548Z ##[endgroup]
2022-05-29T11:19:05.3887453Z ##[group]GITHUB_TOKEN Permissions
2022-05-29T11:19:05.3887997Z Actions: read
2022-05-29T11:19:05.3888417Z Checks: read
2022-05-29T11:19:05.3888738Z Contents: read
2022-05-29T11:19:05.3889261Z Deployments: read
2022-05-29T11:19:05.3889578Z Discussions: read
2022-05-29T11:19:05.3889828Z Issues: read
2022-05-29T11:19:05.3890128Z Metadata: read
2022-05-29T11:19:05.3890412Z Packages: read
2022-05-29T11:19:05.3890656Z Pages: read
2022-05-29T11:19:05.3890962Z PullRequests: read
2022-05-29T11:19:05.3891282Z RepositoryProjects: read
2022-05-29T11:19:05.3891594Z SecurityEvents: read
2022-05-29T11:19:05.3891893Z Statuses: read
2022-05-29T11:19:05.3892190Z ##[endgroup]
2022-05-29T11:19:05.3895564Z Secret source: Dependabot
2022-05-29T11:19:05.3896006Z Prepare workflow directory
2022-05-29T11:19:05.4747349Z Prepare all required actions
2022-05-29T11:19:05.4930375Z Getting action download info
2022-05-29T11:19:05.7133507Z Download action repository 'actions/checkout@v2' (SHA:7884fcad6b5d53d10323aee724dc68d8b9096a2e)
2022-05-29T11:19:06.6115664Z Download action repository 'actions/setup-java@v2' (SHA:f0bb91606209742fe3ea40199be2f3ef195ecabf)
2022-05-29T11:19:07.6989865Z ##[group]Run actions/checkout@v2
2022-05-29T11:19:07.6990248Z with:
2022-05-29T11:19:07.6990488Z   fetch-depth: 0
2022-05-29T11:19:07.6990796Z   repository: eclipse-che/che-server
2022-05-29T11:19:07.6991293Z   token: ***
2022-05-29T11:19:07.6991606Z   ssh-strict: true
2022-05-29T11:19:07.6991855Z   persist-credentials: true
2022-05-29T11:19:07.6992132Z   clean: true
2022-05-29T11:19:07.6992390Z   lfs: false
2022-05-29T11:19:07.6992616Z   submodules: false
2022-05-29T11:19:07.6992921Z   set-safe-directory: true
2022-05-29T11:19:07.6993205Z ##[endgroup]
2022-05-29T11:19:07.9457555Z Syncing repository: eclipse-che/che-server
2022-05-29T11:19:07.9459355Z ##[group]Getting Git version info
2022-05-29T11:19:07.9460005Z Working directory is '/home/runner/work/che-server/che-server'
2022-05-29T11:19:07.9460616Z [command]/usr/bin/git version
2022-05-29T11:19:07.9592693Z git version 2.36.1
2022-05-29T11:19:07.9615018Z ##[endgroup]
2022-05-29T11:19:07.9632525Z Temporarily overriding HOME='/home/runner/work/_temp/894cd22a-7dc7-4d46-8fcd-f1cadbc7bbfb' before making global git config changes
2022-05-29T11:19:07.9633059Z Adding repository directory to the temporary git global config as a safe directory
2022-05-29T11:19:07.9636934Z [command]/usr/bin/git config --global --add safe.directory /home/runner/work/che-server/che-server
2022-05-29T11:19:07.9689754Z Deleting the contents of '/home/runner/work/che-server/che-server'
2022-05-29T11:19:07.9702088Z ##[group]Initializing the repository
2022-05-29T11:19:07.9702809Z [command]/usr/bin/git init /home/runner/work/che-server/che-server
2022-05-29T11:19:07.9780520Z hint: Using 'master' as the name for the initial branch. This default branch name
2022-05-29T11:19:07.9781565Z hint: is subject to change. To configure the initial branch name to use in all
2022-05-29T11:19:07.9782427Z hint: of your new repositories, which will suppress this warning, call:
2022-05-29T11:19:07.9782781Z hint: 
2022-05-29T11:19:07.9783296Z hint: 	git config --global init.defaultBranch <name>
2022-05-29T11:19:07.9783784Z hint: 
2022-05-29T11:19:07.9784181Z hint: Names commonly chosen instead of 'master' are 'main', 'trunk' and
2022-05-29T11:19:07.9784777Z hint: 'development'. The just-created branch can be renamed via this command:
2022-05-29T11:19:07.9785128Z hint: 
2022-05-29T11:19:07.9785396Z hint: 	git branch -m <name>
2022-05-29T11:19:07.9791188Z Initialized empty Git repository in /home/runner/work/che-server/che-server/.git/
2022-05-29T11:19:07.9804552Z [command]/usr/bin/git remote add origin https://github.com/eclipse-che/che-server
2022-05-29T11:19:07.9833970Z ##[endgroup]
2022-05-29T11:19:07.9834755Z ##[group]Disabling automatic garbage collection
2022-05-29T11:19:07.9869749Z [command]/usr/bin/git config --local gc.auto 0
2022-05-29T11:19:07.9898377Z ##[endgroup]
2022-05-29T11:19:07.9899133Z ##[group]Setting up auth
2022-05-29T11:19:07.9907172Z [command]/usr/bin/git config --local --name-only --get-regexp core\.sshCommand
2022-05-29T11:19:08.0116434Z [command]/usr/bin/git submodule foreach --recursive git config --local --name-only --get-regexp 'core\.sshCommand' && git config --local --unset-all 'core.sshCommand' || :
2022-05-29T11:19:08.0305458Z [command]/usr/bin/git config --local --name-only --get-regexp http\.https\:\/\/github\.com\/\.extraheader
2022-05-29T11:19:08.0365505Z [command]/usr/bin/git submodule foreach --recursive git config --local --name-only --get-regexp 'http\.https\:\/\/github\.com\/\.extraheader' && git config --local --unset-all 'http.https://github.com/.extraheader' || :
2022-05-29T11:19:08.0578793Z [command]/usr/bin/git config --local http.https://github.com/.extraheader AUTHORIZATION: basic ***
2022-05-29T11:19:08.0598981Z ##[endgroup]
2022-05-29T11:19:08.0599399Z ##[group]Fetching the repository
2022-05-29T11:19:08.0607679Z [command]/usr/bin/git -c protocol.version=2 fetch --prune --progress --no-recurse-submodules origin +refs/heads/*:refs/remotes/origin/* +refs/tags/*:refs/tags/*
2022-05-29T11:19:09.2460719Z remote: Enumerating objects: 577026, done.        
2022-05-29T11:19:09.2483063Z remote: Counting objects:   0% (1/1128)        
2022-05-29T11:19:09.2483375Z remote: Counting objects:   1% (12/1128)        
2022-05-29T11:19:09.2483851Z remote: Counting objects:   2% (23/1128)        
2022-05-29T11:19:09.2484134Z remote: Counting objects:   3% (34/1128)        
2022-05-29T11:19:09.2488811Z remote: Counting objects:   4% (46/1128)        
2022-05-29T11:19:09.2490420Z remote: Counting objects:   5% (57/1128)        
2022-05-29T11:19:09.2490717Z remote: Counting objects:   6% (68/1128)        
2022-05-29T11:19:09.2491104Z remote: Counting objects:   7% (79/1128)        
2022-05-29T11:19:09.2491352Z remote: Counting objects:   8% (91/1128)        
2022-05-29T11:19:09.2491600Z remote: Counting objects:   9% (102/1128)        
2022-05-29T11:19:09.2491857Z remote: Counting objects:  10% (113/1128)        
2022-05-29T11:19:09.2492097Z remote: Counting objects:  11% (125/1128)        
2022-05-29T11:19:09.2492353Z remote: Counting objects:  12% (136/1128)        
2022-05-29T11:19:09.2492754Z remote: Counting objects:  13% (147/1128)        
2022-05-29T11:19:09.2493452Z remote: Counting objects:  14% (158/1128)        
2022-05-29T11:19:09.2493920Z remote: Counting objects:  15% (170/1128)        
2022-05-29T11:19:09.2494162Z remote: Counting objects:  16% (181/1128)        
2022-05-29T11:19:09.2494484Z remote: Counting objects:  17% (192/1128)        
2022-05-29T11:19:09.2494787Z remote: Counting objects:  18% (204/1128)        
2022-05-29T11:19:09.2495097Z remote: Counting objects:  19% (215/1128)        
2022-05-29T11:19:09.2495406Z remote: Counting objects:  20% (226/1128)        
2022-05-29T11:19:09.2495716Z remote: Counting objects:  21% (237/1128)        
2022-05-29T11:19:09.2496017Z remote: Counting objects:  22% (249/1128)        
2022-05-29T11:19:09.2496310Z remote: Counting objects:  23% (260/1128)        
2022-05-29T11:19:09.2496634Z remote: Counting objects:  24% (271/1128)        
2022-05-29T11:19:09.2496940Z remote: Counting objects:  25% (282/1128)        
2022-05-29T11:19:09.2497414Z remote: Counting objects:  26% (294/1128)        
2022-05-29T11:19:09.2497722Z remote: Counting objects:  27% (305/1128)        
2022-05-29T11:19:09.2498007Z remote: Counting objects:  28% (316/1128)        
2022-05-29T11:19:09.2498317Z remote: Counting objects:  29% (328/1128)        
2022-05-29T11:19:09.2498625Z remote: Counting objects:  30% (339/1128)        
2022-05-29T11:19:09.2498941Z remote: Counting objects:  31% (350/1128)        
2022-05-29T11:19:09.2499253Z remote: Counting objects:  32% (361/1128)        
2022-05-29T11:19:09.2499549Z remote: Counting objects:  33% (373/1128)        
2022-05-29T11:19:09.2499856Z remote: Counting objects:  34% (384/1128)        
2022-05-29T11:19:09.2500138Z remote: Counting objects:  35% (395/1128)        
2022-05-29T11:19:09.2500447Z remote: Counting objects:  36% (407/1128)        
2022-05-29T11:19:09.2500698Z remote: Counting objects:  37% (418/1128)        
2022-05-29T11:19:09.2500935Z remote: Counting objects:  38% (429/1128)        
2022-05-29T11:19:09.2501172Z remote: Counting objects:  39% (440/1128)        
2022-05-29T11:19:09.2501493Z remote: Counting objects:  40% (452/1128)        
2022-05-29T11:19:09.2501790Z remote: Counting objects:  41% (463/1128)        
2022-05-29T11:19:09.2502048Z remote: Counting objects:  42% (474/1128)        
2022-05-29T11:19:09.2502280Z remote: Counting objects:  43% (486/1128)        
2022-05-29T11:19:09.2502580Z remote: Counting objects:  44% (497/1128)        
2022-05-29T11:19:09.2502906Z remote: Counting objects:  45% (508/1128)        
2022-05-29T11:19:09.2503263Z remote: Counting objects:  46% (519/1128)        
2022-05-29T11:19:09.2503584Z remote: Counting objects:  47% (531/1128)        
2022-05-29T11:19:09.2503885Z remote: Counting objects:  48% (542/1128)        
2022-05-29T11:19:09.2504205Z remote: Counting objects:  49% (553/1128)        
2022-05-29T11:19:09.2504521Z remote: Counting objects:  50% (564/1128)        
2022-05-29T11:19:09.2504910Z remote: Counting objects:  51% (576/1128)        
2022-05-29T11:19:09.2505218Z remote: Counting objects:  52% (587/1128)        
2022-05-29T11:19:09.2505525Z remote: Counting objects:  53% (598/1128)        
2022-05-29T11:19:09.2505785Z remote: Counting objects:  54% (610/1128)        
2022-05-29T11:19:09.2506094Z remote: Counting objects:  55% (621/1128)        
2022-05-29T11:19:09.2506399Z remote: Counting objects:  56% (632/1128)        
2022-05-29T11:19:09.2506719Z remote: Counting objects:  57% (643/1128)        
2022-05-29T11:19:09.2507034Z remote: Counting objects:  58% (655/1128)        
2022-05-29T11:19:09.2507347Z remote: Counting objects:  59% (666/1128)        
2022-05-29T11:19:09.2507652Z remote: Counting objects:  60% (677/1128)        
2022-05-29T11:19:09.2507965Z remote: Counting objects:  61% (689/1128)        
2022-05-29T11:19:09.2508224Z remote: Counting objects:  62% (700/1128)        
2022-05-29T11:19:09.2508528Z remote: Counting objects:  63% (711/1128)        
2022-05-29T11:19:09.2508862Z remote: Counting objects:  64% (722/1128)        
2022-05-29T11:19:09.2509168Z remote: Counting objects:  65% (734/1128)        
2022-05-29T11:19:09.2509480Z remote: Counting objects:  66% (745/1128)        
2022-05-29T11:19:09.2509792Z remote: Counting objects:  67% (756/1128)        
2022-05-29T11:19:09.2510106Z remote: Counting objects:  68% (768/1128)        
2022-05-29T11:19:09.2510409Z remote: Counting objects:  69% (779/1128)        
2022-05-29T11:19:09.2510717Z remote: Counting objects:  70% (790/1128)        
2022-05-29T11:19:09.2511022Z remote: Counting objects:  71% (801/1128)        
2022-05-29T11:19:09.2511331Z remote: Counting objects:  72% (813/1128)        
2022-05-29T11:19:09.2511627Z remote: Counting objects:  73% (824/1128)        
2022-05-29T11:19:09.2511876Z remote: Counting objects:  74% (835/1128)        
2022-05-29T11:19:09.2512183Z remote: Counting objects:  75% (846/1128)        
2022-05-29T11:19:09.2512488Z remote: Counting objects:  76% (858/1128)        
2022-05-29T11:19:09.2512792Z remote: Counting objects:  77% (869/1128)        
2022-05-29T11:19:09.2513169Z remote: Counting objects:  78% (880/1128)        
2022-05-29T11:19:09.2513480Z remote: Counting objects:  79% (892/1128)        
2022-05-29T11:19:09.2513789Z remote: Counting objects:  80% (903/1128)        
2022-05-29T11:19:09.2514089Z remote: Counting objects:  81% (914/1128)        
2022-05-29T11:19:09.2514395Z remote: Counting objects:  82% (925/1128)        
2022-05-29T11:19:09.2514699Z remote: Counting objects:  83% (937/1128)        
2022-05-29T11:19:09.2514992Z remote: Counting objects:  84% (948/1128)        
2022-05-29T11:19:09.2515304Z remote: Counting objects:  85% (959/1128)        
2022-05-29T11:19:09.2515611Z remote: Counting objects:  86% (971/1128)        
2022-05-29T11:19:09.2515866Z remote: Counting objects:  87% (982/1128)        
2022-05-29T11:19:09.2516161Z remote: Counting objects:  88% (993/1128)        
2022-05-29T11:19:09.2516483Z remote: Counting objects:  89% (1004/1128)        
2022-05-29T11:19:09.2516826Z remote: Counting objects:  90% (1016/1128)        
2022-05-29T11:19:09.2517163Z remote: Counting objects:  91% (1027/1128)        
2022-05-29T11:19:09.2517483Z remote: Counting objects:  92% (1038/1128)        
2022-05-29T11:19:09.2518002Z remote: Counting objects:  93% (1050/1128)        
2022-05-29T11:19:09.2519083Z remote: Counting objects:  94% (1061/1128)        
2022-05-29T11:19:09.2519407Z remote: Counting objects:  95% (1072/1128)        
2022-05-29T11:19:09.2519721Z remote: Counting objects:  96% (1083/1128)        
2022-05-29T11:19:09.2519986Z remote: Counting objects:  97% (1095/1128)        
2022-05-29T11:19:09.2520225Z remote: Counting objects:  98% (1106/1128)        
2022-05-29T11:19:09.2520551Z remote: Counting objects:  99% (1117/1128)        
2022-05-29T11:19:09.2520859Z remote: Counting objects: 100% (1128/1128)        
2022-05-29T11:19:09.2521240Z remote: Counting objects: 100% (1128/1128), done.        
2022-05-29T11:19:09.2521598Z remote: Compressing objects:   0% (1/624)        
2022-05-29T11:19:09.2576744Z remote: Compressing objects:   1% (7/624)        
2022-05-29T11:19:09.2633455Z remote: Compressing objects:   2% (13/624)        
2022-05-29T11:19:09.2675403Z remote: Compressing objects:   3% (19/624)        
2022-05-29T11:19:09.2693552Z remote: Compressing objects:   4% (25/624)        
2022-05-29T11:19:09.2701945Z remote: Compressing objects:   5% (32/624)        
2022-05-29T11:19:09.2719052Z remote: Compressing objects:   6% (38/624)        
2022-05-29T11:19:09.2735856Z remote: Compressing objects:   7% (44/624)        
2022-05-29T11:19:09.2754672Z remote: Compressing objects:   8% (50/624)        
2022-05-29T11:19:09.2763137Z remote: Compressing objects:   9% (57/624)        
2022-05-29T11:19:09.2772826Z remote: Compressing objects:  10% (63/624)        
2022-05-29T11:19:09.2780108Z remote: Compressing objects:  11% (69/624)        
2022-05-29T11:19:09.2788146Z remote: Compressing objects:  12% (75/624)        
2022-05-29T11:19:09.2794068Z remote: Compressing objects:  13% (82/624)        
2022-05-29T11:19:09.2801281Z remote: Compressing objects:  14% (88/624)        
2022-05-29T11:19:09.2807934Z remote: Compressing objects:  15% (94/624)        
2022-05-29T11:19:09.2812258Z remote: Compressing objects:  16% (100/624)        
2022-05-29T11:19:09.2813155Z remote: Compressing objects:  17% (107/624)        
2022-05-29T11:19:09.2813522Z remote: Compressing objects:  18% (113/624)        
2022-05-29T11:19:09.2813783Z remote: Compressing objects:  19% (119/624)        
2022-05-29T11:19:09.2814219Z remote: Compressing objects:  20% (125/624)        
2022-05-29T11:19:09.2814561Z remote: Compressing objects:  21% (132/624)        
2022-05-29T11:19:09.2814889Z remote: Compressing objects:  22% (138/624)        
2022-05-29T11:19:09.2818487Z remote: Compressing objects:  23% (144/624)        
2022-05-29T11:19:09.3038072Z remote: Compressing objects:  24% (150/624)        
2022-05-29T11:19:09.3038362Z remote: Compressing objects:  25% (156/624)        
2022-05-29T11:19:09.3038632Z remote: Compressing objects:  26% (163/624)        
2022-05-29T11:19:09.3039179Z remote: Compressing objects:  27% (169/624)        
2022-05-29T11:19:09.3039440Z remote: Compressing objects:  28% (175/624)        
2022-05-29T11:19:09.3039700Z remote: Compressing objects:  29% (181/624)        
2022-05-29T11:19:09.3039957Z remote: Compressing objects:  30% (188/624)        
2022-05-29T11:19:09.3040219Z remote: Compressing objects:  31% (194/624)        
2022-05-29T11:19:09.3040462Z remote: Compressing objects:  32% (200/624)        
2022-05-29T11:19:09.3040715Z remote: Compressing objects:  33% (206/624)        
2022-05-29T11:19:09.3040966Z remote: Compressing objects:  34% (213/624)        
2022-05-29T11:19:09.3041201Z remote: Compressing objects:  35% (219/624)        
2022-05-29T11:19:09.3041451Z remote: Compressing objects:  36% (225/624)        
2022-05-29T11:19:09.3041697Z remote: Compressing objects:  37% (231/624)        
2022-05-29T11:19:09.3041933Z remote: Compressing objects:  38% (238/624)        
2022-05-29T11:19:09.3042188Z remote: Compressing objects:  39% (244/624)        
2022-05-29T11:19:09.3042438Z remote: Compressing objects:  40% (250/624)        
2022-05-29T11:19:09.3042680Z remote: Compressing objects:  41% (256/624)        
2022-05-29T11:19:09.3042916Z remote: Compressing objects:  42% (263/624)        
2022-05-29T11:19:09.3043158Z remote: Compressing objects:  43% (269/624)        
2022-05-29T11:19:09.3043408Z remote: Compressing objects:  44% (275/624)        
2022-05-29T11:19:09.3043640Z remote: Compressing objects:  45% (281/624)        
2022-05-29T11:19:09.3043889Z remote: Compressing objects:  46% (288/624)        
2022-05-29T11:19:09.3044135Z remote: Compressing objects:  47% (294/624)        
2022-05-29T11:19:09.3044370Z remote: Compressing objects:  48% (300/624)        
2022-05-29T11:19:09.3044609Z remote: Compressing objects:  49% (306/624)        
2022-05-29T11:19:09.3044853Z remote: Compressing objects:  50% (312/624)        
2022-05-29T11:19:09.3045086Z remote: Compressing objects:  51% (319/624)        
2022-05-29T11:19:09.3045409Z remote: Compressing objects:  52% (325/624)        
2022-05-29T11:19:09.3045655Z remote: Compressing objects:  53% (331/624)        
2022-05-29T11:19:09.3045903Z remote: Compressing objects:  54% (337/624)        
2022-05-29T11:19:09.3046135Z remote: Compressing objects:  55% (344/624)        
2022-05-29T11:19:09.3046377Z remote: Compressing objects:  56% (350/624)        
2022-05-29T11:19:09.3046620Z remote: Compressing objects:  57% (356/624)        
2022-05-29T11:19:09.3046851Z remote: Compressing objects:  58% (362/624)        
2022-05-29T11:19:09.3047092Z remote: Compressing objects:  59% (369/624)        
2022-05-29T11:19:09.3047333Z remote: Compressing objects:  60% (375/624)        
2022-05-29T11:19:09.3047565Z remote: Compressing objects:  61% (381/624)        
2022-05-29T11:19:09.3047809Z remote: Compressing objects:  62% (387/624)        
2022-05-29T11:19:09.3048051Z remote: Compressing objects:  63% (394/624)        
2022-05-29T11:19:09.3048297Z remote: Compressing objects:  64% (400/624)        
2022-05-29T11:19:09.3048531Z remote: Compressing objects:  65% (406/624)        
2022-05-29T11:19:09.3048777Z remote: Compressing objects:  66% (412/624)        
2022-05-29T11:19:09.3049170Z remote: Compressing objects:  67% (419/624)        
2022-05-29T11:19:09.3049405Z remote: Compressing objects:  68% (425/624)        
2022-05-29T11:19:09.3049650Z remote: Compressing objects:  69% (431/624)        
2022-05-29T11:19:09.3049894Z remote: Compressing objects:  70% (437/624)        
2022-05-29T11:19:09.3050129Z remote: Compressing objects:  71% (444/624)        
2022-05-29T11:19:09.3050376Z remote: Compressing objects:  72% (450/624)        
2022-05-29T11:19:09.3050623Z remote: Compressing objects:  73% (456/624)        
2022-05-29T11:19:09.3050866Z remote: Compressing objects:  74% (462/624)        
2022-05-29T11:19:09.3051096Z remote: Compressing objects:  75% (468/624)        
2022-05-29T11:19:09.3051340Z remote: Compressing objects:  76% (475/624)        
2022-05-29T11:19:09.3051648Z remote: Compressing objects:  77% (481/624)        
2022-05-29T11:19:09.3051887Z remote: Compressing objects:  78% (487/624)        
2022-05-29T11:19:09.3052136Z remote: Compressing objects:  79% (493/624)        
2022-05-29T11:19:09.3052378Z remote: Compressing objects:  80% (500/624)        
2022-05-29T11:19:09.3052608Z remote: Compressing objects:  81% (506/624)        
2022-05-29T11:19:09.3052855Z remote: Compressing objects:  82% (512/624)        
2022-05-29T11:19:09.3053099Z remote: Compressing objects:  83% (518/624)        
2022-05-29T11:19:09.3053333Z remote: Compressing objects:  84% (525/624)        
2022-05-29T11:19:09.3053572Z remote: Compressing objects:  85% (531/624)        
2022-05-29T11:19:09.3053821Z remote: Compressing objects:  86% (537/624)        
2022-05-29T11:19:09.3054060Z remote: Compressing objects:  87% (543/624)        
2022-05-29T11:19:09.3054295Z remote: Compressing objects:  88% (550/624)        
2022-05-29T11:19:09.3054542Z remote: Compressing objects:  89% (556/624)        
2022-05-29T11:19:09.3054811Z remote: Compressing objects:  90% (562/624)        
2022-05-29T11:19:09.3055060Z remote: Compressing objects:  91% (568/624)        
2022-05-29T11:19:09.3055307Z remote: Compressing objects:  92% (575/624)        
2022-05-29T11:19:09.3055541Z remote: Compressing objects:  93% (581/624)        
2022-05-29T11:19:09.3055787Z remote: Compressing objects:  94% (587/624)        
2022-05-29T11:19:09.3056026Z remote: Compressing objects:  95% (593/624)        
2022-05-29T11:19:09.3056265Z remote: Compressing objects:  96% (600/624)        
2022-05-29T11:19:09.3056506Z remote: Compressing objects:  97% (606/624)        
2022-05-29T11:19:09.3056749Z remote: Compressing objects:  98% (612/624)        
2022-05-29T11:19:09.3056985Z remote: Compressing objects:  99% (618/624)        
2022-05-29T11:19:09.3057233Z remote: Compressing objects: 100% (624/624)        
2022-05-29T11:19:09.3057505Z remote: Compressing objects: 100% (624/624), done.        
2022-05-29T11:19:09.6317596Z Receiving objects:   0% (1/577026)
2022-05-29T11:19:09.8233008Z Receiving objects:   1% (5771/577026)
2022-05-29T11:19:09.9155166Z Receiving objects:   2% (11541/577026), 6.63 MiB | 13.26 MiB/s
2022-05-29T11:19:09.9519911Z Receiving objects:   3% (17311/577026), 6.63 MiB | 13.26 MiB/s
2022-05-29T11:19:09.9704168Z Receiving objects:   4% (23082/577026), 6.63 MiB | 13.26 MiB/s
2022-05-29T11:19:10.0256682Z Receiving objects:   5% (28852/577026), 6.63 MiB | 13.26 MiB/s
2022-05-29T11:19:10.0428869Z Receiving objects:   6% (34622/577026), 6.63 MiB | 13.26 MiB/s
2022-05-29T11:19:10.0581877Z Receiving objects:   7% (40392/577026), 6.63 MiB | 13.26 MiB/s
2022-05-29T11:19:10.1254187Z Receiving objects:   8% (46163/577026), 6.63 MiB | 13.26 MiB/s
2022-05-29T11:19:10.1770717Z Receiving objects:   9% (51933/577026), 6.63 MiB | 13.26 MiB/s
2022-05-29T11:19:10.2095895Z Receiving objects:  10% (57703/577026), 6.63 MiB | 13.26 MiB/s
2022-05-29T11:19:10.2931421Z Receiving objects:  11% (63473/577026), 6.63 MiB | 13.26 MiB/s
2022-05-29T11:19:10.3085782Z Receiving objects:  12% (69244/577026), 6.63 MiB | 13.26 MiB/s
2022-05-29T11:19:10.3111867Z Receiving objects:  12% (74217/577026), 6.63 MiB | 13.26 MiB/s
2022-05-29T11:19:10.3262652Z Receiving objects:  13% (75014/577026), 21.48 MiB | 21.48 MiB/s
2022-05-29T11:19:10.3445316Z Receiving objects:  14% (80784/577026), 21.48 MiB | 21.48 MiB/s
2022-05-29T11:19:10.3629370Z Receiving objects:  15% (86554/577026), 21.48 MiB | 21.48 MiB/s
2022-05-29T11:19:10.3788505Z Receiving objects:  16% (92325/577026), 21.48 MiB | 21.48 MiB/s
2022-05-29T11:19:10.4061280Z Receiving objects:  17% (98095/577026), 21.48 MiB | 21.48 MiB/s
2022-05-29T11:19:10.4514183Z Receiving objects:  18% (103865/577026), 21.48 MiB | 21.48 MiB/s
2022-05-29T11:19:10.5317509Z Receiving objects:  19% (109635/577026), 21.48 MiB | 21.48 MiB/s
2022-05-29T11:19:10.6029647Z Receiving objects:  20% (115406/577026), 21.48 MiB | 21.48 MiB/s
2022-05-29T11:19:10.6928321Z Receiving objects:  21% (121176/577026), 21.48 MiB | 21.48 MiB/s
2022-05-29T11:19:10.7340302Z Receiving objects:  22% (126946/577026), 21.48 MiB | 21.48 MiB/s
2022-05-29T11:19:10.7980424Z Receiving objects:  23% (132716/577026), 21.48 MiB | 21.48 MiB/s
2022-05-29T11:19:10.8392382Z Receiving objects:  24% (138487/577026), 21.48 MiB | 21.48 MiB/s
2022-05-29T11:19:10.8555882Z Receiving objects:  25% (144257/577026), 36.58 MiB | 24.38 MiB/s
2022-05-29T11:19:10.8835303Z Receiving objects:  26% (150027/577026), 36.58 MiB | 24.38 MiB/s
2022-05-29T11:19:10.9026798Z Receiving objects:  27% (155798/577026), 36.58 MiB | 24.38 MiB/s
2022-05-29T11:19:10.9202630Z Receiving objects:  28% (161568/577026), 36.58 MiB | 24.38 MiB/s
2022-05-29T11:19:10.9390296Z Receiving objects:  29% (167338/577026), 36.58 MiB | 24.38 MiB/s
2022-05-29T11:19:10.9616085Z Receiving objects:  30% (173108/577026), 36.58 MiB | 24.38 MiB/s
2022-05-29T11:19:10.9905561Z Receiving objects:  31% (178879/577026), 36.58 MiB | 24.38 MiB/s
2022-05-29T11:19:11.1151794Z Receiving objects:  32% (184649/577026), 36.58 MiB | 24.38 MiB/s
2022-05-29T11:19:11.1694960Z Receiving objects:  33% (190419/577026), 36.58 MiB | 24.38 MiB/s
2022-05-29T11:19:11.1886520Z Receiving objects:  34% (196189/577026), 36.58 MiB | 24.38 MiB/s
2022-05-29T11:19:11.2420858Z Receiving objects:  35% (201960/577026), 36.58 MiB | 24.38 MiB/s
2022-05-29T11:19:11.2636885Z Receiving objects:  36% (207730/577026), 36.58 MiB | 24.38 MiB/s
2022-05-29T11:19:11.2837299Z Receiving objects:  37% (213500/577026), 36.58 MiB | 24.38 MiB/s
2022-05-29T11:19:11.3057456Z Receiving objects:  38% (219270/577026), 36.58 MiB | 24.38 MiB/s
2022-05-29T11:19:11.3085766Z Receiving objects:  39% (225041/577026), 36.58 MiB | 24.38 MiB/s
2022-05-29T11:19:11.3304643Z Receiving objects:  39% (225606/577026), 36.58 MiB | 24.38 MiB/s
2022-05-29T11:19:11.3709924Z Receiving objects:  40% (230811/577026), 52.40 MiB | 26.20 MiB/s
2022-05-29T11:19:11.3991898Z Receiving objects:  41% (236581/577026), 52.40 MiB | 26.20 MiB/s
2022-05-29T11:19:11.4311017Z Receiving objects:  42% (242351/577026), 52.40 MiB | 26.20 MiB/s
2022-05-29T11:19:11.4635524Z Receiving objects:  43% (248122/577026), 52.40 MiB | 26.20 MiB/s
2022-05-29T11:19:11.4891828Z Receiving objects:  44% (253892/577026), 52.40 MiB | 26.20 MiB/s
2022-05-29T11:19:11.5157318Z Receiving objects:  45% (259662/577026), 52.40 MiB | 26.20 MiB/s
2022-05-29T11:19:11.5340026Z Receiving objects:  46% (265432/577026), 52.40 MiB | 26.20 MiB/s
2022-05-29T11:19:11.5540328Z Receiving objects:  47% (271203/577026), 52.40 MiB | 26.20 MiB/s
2022-05-29T11:19:11.5762589Z Receiving objects:  48% (276973/577026), 52.40 MiB | 26.20 MiB/s
2022-05-29T11:19:11.6031675Z Receiving objects:  49% (282743/577026), 52.40 MiB | 26.20 MiB/s
2022-05-29T11:19:11.6310505Z Receiving objects:  50% (288513/577026), 52.40 MiB | 26.20 MiB/s
2022-05-29T11:19:11.6663454Z Receiving objects:  51% (294284/577026), 52.40 MiB | 26.20 MiB/s
2022-05-29T11:19:11.7095183Z Receiving objects:  52% (300054/577026), 52.40 MiB | 26.20 MiB/s
2022-05-29T11:19:11.7561376Z Receiving objects:  53% (305824/577026), 52.40 MiB | 26.20 MiB/s
2022-05-29T11:19:11.7748937Z Receiving objects:  54% (311595/577026), 52.40 MiB | 26.20 MiB/s
2022-05-29T11:19:11.8050965Z Receiving objects:  55% (317365/577026), 52.40 MiB | 26.20 MiB/s
2022-05-29T11:19:11.8278083Z Receiving objects:  56% (323135/577026), 52.40 MiB | 26.20 MiB/s
2022-05-29T11:19:11.8463056Z Receiving objects:  57% (328905/577026), 69.12 MiB | 27.64 MiB/s
2022-05-29T11:19:11.8640086Z Receiving objects:  58% (334676/577026), 69.12 MiB | 27.64 MiB/s
2022-05-29T11:19:11.8864973Z Receiving objects:  59% (340446/577026), 69.12 MiB | 27.64 MiB/s
2022-05-29T11:19:11.9057740Z Receiving objects:  60% (346216/577026), 69.12 MiB | 27.64 MiB/s
2022-05-29T11:19:11.9440791Z Receiving objects:  61% (351986/577026), 69.12 MiB | 27.64 MiB/s
2022-05-29T11:19:11.9638841Z Receiving objects:  62% (357757/577026), 69.12 MiB | 27.64 MiB/s
2022-05-29T11:19:11.9833994Z Receiving objects:  63% (363527/577026), 69.12 MiB | 27.64 MiB/s
2022-05-29T11:19:12.0101202Z Receiving objects:  64% (369297/577026), 69.12 MiB | 27.64 MiB/s
2022-05-29T11:19:12.0638371Z Receiving objects:  65% (375067/577026), 69.12 MiB | 27.64 MiB/s
2022-05-29T11:19:12.0987033Z Receiving objects:  66% (380838/577026), 69.12 MiB | 27.64 MiB/s
2022-05-29T11:19:12.1298199Z Receiving objects:  67% (386608/577026), 69.12 MiB | 27.64 MiB/s
2022-05-29T11:19:12.1560348Z Receiving objects:  68% (392378/577026), 69.12 MiB | 27.64 MiB/s
2022-05-29T11:19:12.1757948Z Receiving objects:  69% (398148/577026), 69.12 MiB | 27.64 MiB/s
2022-05-29T11:19:12.1990138Z Receiving objects:  70% (403919/577026), 69.12 MiB | 27.64 MiB/s
2022-05-29T11:19:12.2172726Z Receiving objects:  71% (409689/577026), 69.12 MiB | 27.64 MiB/s
2022-05-29T11:19:12.2338304Z Receiving objects:  72% (415459/577026), 69.12 MiB | 27.64 MiB/s
2022-05-29T11:19:12.2589017Z Receiving objects:  73% (421229/577026), 69.12 MiB | 27.64 MiB/s
2022-05-29T11:19:12.2869552Z Receiving objects:  74% (427000/577026), 69.12 MiB | 27.64 MiB/s
2022-05-29T11:19:12.3052847Z Receiving objects:  75% (432770/577026), 69.12 MiB | 27.64 MiB/s
2022-05-29T11:19:12.3085889Z Receiving objects:  76% (438540/577026), 69.12 MiB | 27.64 MiB/s
2022-05-29T11:19:12.3202047Z Receiving objects:  76% (439828/577026), 69.12 MiB | 27.64 MiB/s
2022-05-29T11:19:12.3387599Z Receiving objects:  77% (444311/577026), 86.21 MiB | 28.73 MiB/s
2022-05-29T11:19:12.3585138Z Receiving objects:  78% (450081/577026), 86.21 MiB | 28.73 MiB/s
2022-05-29T11:19:12.3815416Z Receiving objects:  79% (455851/577026), 86.21 MiB | 28.73 MiB/s
2022-05-29T11:19:12.4586983Z Receiving objects:  80% (461621/577026), 86.21 MiB | 28.73 MiB/s
2022-05-29T11:19:12.4854646Z Receiving objects:  81% (467392/577026), 86.21 MiB | 28.73 MiB/s
2022-05-29T11:19:12.5304881Z Receiving objects:  82% (473162/577026), 86.21 MiB | 28.73 MiB/s
2022-05-29T11:19:12.5729472Z Receiving objects:  83% (478932/577026), 86.21 MiB | 28.73 MiB/s
2022-05-29T11:19:12.6096963Z Receiving objects:  84% (484702/577026), 86.21 MiB | 28.73 MiB/s
2022-05-29T11:19:12.6369091Z Receiving objects:  85% (490473/577026), 86.21 MiB | 28.73 MiB/s
2022-05-29T11:19:12.6637365Z Receiving objects:  86% (496243/577026), 86.21 MiB | 28.73 MiB/s
2022-05-29T11:19:12.6921631Z Receiving objects:  87% (502013/577026), 86.21 MiB | 28.73 MiB/s
2022-05-29T11:19:12.7439030Z Receiving objects:  88% (507783/577026), 86.21 MiB | 28.73 MiB/s
2022-05-29T11:19:12.7702184Z Receiving objects:  89% (513554/577026), 86.21 MiB | 28.73 MiB/s
2022-05-29T11:19:12.7960212Z Receiving objects:  90% (519324/577026), 86.21 MiB | 28.73 MiB/s
2022-05-29T11:19:12.8281967Z Receiving objects:  91% (525094/577026), 86.21 MiB | 28.73 MiB/s
2022-05-29T11:19:12.8516458Z Receiving objects:  92% (530864/577026), 102.39 MiB | 29.25 MiB/s
2022-05-29T11:19:12.9135805Z Receiving objects:  93% (536635/577026), 102.39 MiB | 29.25 MiB/s
2022-05-29T11:19:12.9749773Z Receiving objects:  94% (542405/577026), 102.39 MiB | 29.25 MiB/s
2022-05-29T11:19:13.0269342Z Receiving objects:  95% (548175/577026), 102.39 MiB | 29.25 MiB/s
2022-05-29T11:19:13.0509376Z Receiving objects:  96% (553945/577026), 102.39 MiB | 29.25 MiB/s
2022-05-29T11:19:13.0795031Z Receiving objects:  97% (559716/577026), 102.39 MiB | 29.25 MiB/s
2022-05-29T11:19:13.1164828Z Receiving objects:  98% (565486/577026), 102.39 MiB | 29.25 MiB/s
2022-05-29T11:19:13.1437363Z Receiving objects:  99% (571256/577026), 102.39 MiB | 29.25 MiB/s
2022-05-29T11:19:13.1438238Z remote: Total 577026 (delta 500), reused 1001 (delta 391), pack-reused 575898        
2022-05-29T11:19:13.1467147Z Receiving objects: 100% (577026/577026), 102.39 MiB | 29.25 MiB/s
2022-05-29T11:19:13.1467720Z Receiving objects: 100% (577026/577026), 113.38 MiB | 29.55 MiB/s, done.
2022-05-29T11:19:13.2287720Z Resolving deltas:   0% (0/262956)
2022-05-29T11:19:13.2619383Z Resolving deltas:   1% (2630/262956)
2022-05-29T11:19:13.3023032Z Resolving deltas:   2% (5260/262956)
2022-05-29T11:19:13.3430506Z Resolving deltas:   3% (7889/262956)
2022-05-29T11:19:13.3825706Z Resolving deltas:   4% (10519/262956)
2022-05-29T11:19:13.4181770Z Resolving deltas:   5% (13148/262956)
2022-05-29T11:19:13.4539659Z Resolving deltas:   6% (15778/262956)
2022-05-29T11:19:13.4887681Z Resolving deltas:   7% (18407/262956)
2022-05-29T11:19:13.6094875Z Resolving deltas:   8% (21037/262956)
2022-05-29T11:19:13.6410556Z Resolving deltas:   9% (23667/262956)
2022-05-29T11:19:13.6669311Z Resolving deltas:  10% (26296/262956)
2022-05-29T11:19:13.6983535Z Resolving deltas:  11% (28926/262956)
2022-05-29T11:19:13.7268955Z Resolving deltas:  12% (31555/262956)
2022-05-29T11:19:13.7635836Z Resolving deltas:  13% (34185/262956)
2022-05-29T11:19:13.8051342Z Resolving deltas:  14% (36814/262956)
2022-05-29T11:19:13.8456071Z Resolving deltas:  15% (39444/262956)
2022-05-29T11:19:13.8743598Z Resolving deltas:  16% (42073/262956)
2022-05-29T11:19:13.9036008Z Resolving deltas:  17% (44703/262956)
2022-05-29T11:19:13.9379625Z Resolving deltas:  18% (47333/262956)
2022-05-29T11:19:13.9656133Z Resolving deltas:  19% (49962/262956)
2022-05-29T11:19:13.9872207Z Resolving deltas:  20% (52592/262956)
2022-05-29T11:19:14.0118607Z Resolving deltas:  21% (55221/262956)
2022-05-29T11:19:14.0396256Z Resolving deltas:  22% (57851/262956)
2022-05-29T11:19:14.0687091Z Resolving deltas:  23% (60480/262956)
2022-05-29T11:19:14.1071171Z Resolving deltas:  24% (63110/262956)
2022-05-29T11:19:14.1443631Z Resolving deltas:  25% (65740/262956)
2022-05-29T11:19:14.1731134Z Resolving deltas:  26% (68369/262956)
2022-05-29T11:19:14.1865893Z Resolving deltas:  27% (70999/262956)
2022-05-29T11:19:14.1874709Z Resolving deltas:  27% (73503/262956)
2022-05-29T11:19:14.2026955Z Resolving deltas:  28% (73628/262956)
2022-05-29T11:19:14.2640794Z Resolving deltas:  29% (76258/262956)
2022-05-29T11:19:14.3178088Z Resolving deltas:  30% (78887/262956)
2022-05-29T11:19:14.3909658Z Resolving deltas:  31% (81517/262956)
2022-05-29T11:19:14.4433711Z Resolving deltas:  32% (84146/262956)
2022-05-29T11:19:14.5787345Z Resolving deltas:  33% (86776/262956)
2022-05-29T11:19:14.6547476Z Resolving deltas:  34% (89406/262956)
2022-05-29T11:19:14.6987192Z Resolving deltas:  35% (92035/262956)
2022-05-29T11:19:14.7412282Z Resolving deltas:  36% (94665/262956)
2022-05-29T11:19:14.7897022Z Resolving deltas:  37% (97294/262956)
2022-05-29T11:19:14.8306533Z Resolving deltas:  38% (99924/262956)
2022-05-29T11:19:14.8640706Z Resolving deltas:  39% (102553/262956)
2022-05-29T11:19:14.9023285Z Resolving deltas:  40% (105183/262956)
2022-05-29T11:19:14.9356105Z Resolving deltas:  41% (107812/262956)
2022-05-29T11:19:14.9610819Z Resolving deltas:  42% (110442/262956)
2022-05-29T11:19:15.0261581Z Resolving deltas:  43% (113072/262956)
2022-05-29T11:19:15.0985380Z Resolving deltas:  44% (115701/262956)
2022-05-29T11:19:15.1463086Z Resolving deltas:  45% (118331/262956)
2022-05-29T11:19:15.1866393Z Resolving deltas:  46% (120960/262956)
2022-05-29T11:19:15.1909446Z Resolving deltas:  46% (123358/262956)
2022-05-29T11:19:15.2194883Z Resolving deltas:  47% (123590/262956)
2022-05-29T11:19:15.2523634Z Resolving deltas:  48% (126219/262956)
2022-05-29T11:19:15.3055834Z Resolving deltas:  49% (128849/262956)
2022-05-29T11:19:15.3344859Z Resolving deltas:  50% (131478/262956)
2022-05-29T11:19:15.3974708Z Resolving deltas:  51% (134108/262956)
2022-05-29T11:19:15.4457972Z Resolving deltas:  52% (136738/262956)
2022-05-29T11:19:15.4927215Z Resolving deltas:  53% (139367/262956)
2022-05-29T11:19:15.5675768Z Resolving deltas:  54% (141997/262956)
2022-05-29T11:19:15.6056608Z Resolving deltas:  55% (144626/262956)
2022-05-29T11:19:15.6622222Z Resolving deltas:  56% (147257/262956)
2022-05-29T11:19:15.7078050Z Resolving deltas:  57% (149885/262956)
2022-05-29T11:19:15.7404486Z Resolving deltas:  58% (152515/262956)
2022-05-29T11:19:15.7784622Z Resolving deltas:  59% (155145/262956)
2022-05-29T11:19:15.8151960Z Resolving deltas:  60% (157774/262956)
2022-05-29T11:19:15.8789727Z Resolving deltas:  61% (160404/262956)
2022-05-29T11:19:15.9280462Z Resolving deltas:  62% (163033/262956)
2022-05-29T11:19:15.9858369Z Resolving deltas:  63% (165663/262956)
2022-05-29T11:19:16.0538964Z Resolving deltas:  64% (168292/262956)
2022-05-29T11:19:16.1108563Z Resolving deltas:  65% (170922/262956)
2022-05-29T11:19:16.1582869Z Resolving deltas:  66% (173551/262956)
2022-05-29T11:19:16.1866294Z Resolving deltas:  67% (176181/262956)
2022-05-29T11:19:16.2107259Z Resolving deltas:  67% (177564/262956)
2022-05-29T11:19:16.2540788Z Resolving deltas:  68% (178811/262956)
2022-05-29T11:19:16.2990111Z Resolving deltas:  69% (181440/262956)
2022-05-29T11:19:16.3600422Z Resolving deltas:  70% (184070/262956)
2022-05-29T11:19:16.4101172Z Resolving deltas:  71% (186699/262956)
2022-05-29T11:19:16.4675351Z Resolving deltas:  72% (189329/262956)
2022-05-29T11:19:16.5033991Z Resolving deltas:  73% (191958/262956)
2022-05-29T11:19:16.5365644Z Resolving deltas:  74% (194588/262956)
2022-05-29T11:19:16.7002048Z Resolving deltas:  75% (197217/262956)
2022-05-29T11:19:16.7276819Z Resolving deltas:  76% (199847/262956)
2022-05-29T11:19:16.8070530Z Resolving deltas:  77% (202478/262956)
2022-05-29T11:19:16.8283471Z Resolving deltas:  78% (205106/262956)
2022-05-29T11:19:16.8733668Z Resolving deltas:  79% (207736/262956)
2022-05-29T11:19:16.9136111Z Resolving deltas:  80% (210365/262956)
2022-05-29T11:19:16.9635304Z Resolving deltas:  81% (212995/262956)
2022-05-29T11:19:17.0112899Z Resolving deltas:  82% (215624/262956)
2022-05-29T11:19:17.0707321Z Resolving deltas:  83% (218254/262956)
2022-05-29T11:19:17.1418856Z Resolving deltas:  84% (220884/262956)
2022-05-29T11:19:17.1866477Z Resolving deltas:  85% (223513/262956)
2022-05-29T11:19:17.2071852Z Resolving deltas:  85% (224876/262956)
2022-05-29T11:19:17.2311144Z Resolving deltas:  86% (226143/262956)
2022-05-29T11:19:17.2792476Z Resolving deltas:  87% (228772/262956)
2022-05-29T11:19:17.3090834Z Resolving deltas:  88% (231402/262956)
2022-05-29T11:19:17.3462663Z Resolving deltas:  89% (234031/262956)
2022-05-29T11:19:17.3861786Z Resolving deltas:  90% (236661/262956)
2022-05-29T11:19:17.4167615Z Resolving deltas:  91% (239290/262956)
2022-05-29T11:19:17.4470755Z Resolving deltas:  92% (241920/262956)
2022-05-29T11:19:17.4843875Z Resolving deltas:  93% (244550/262956)
2022-05-29T11:19:17.5523817Z Resolving deltas:  94% (247179/262956)
2022-05-29T11:19:17.5759189Z Resolving deltas:  95% (249810/262956)
2022-05-29T11:19:17.6170194Z Resolving deltas:  96% (252438/262956)
2022-05-29T11:19:17.6483194Z Resolving deltas:  97% (255068/262956)
2022-05-29T11:19:17.6805740Z Resolving deltas:  98% (257697/262956)
2022-05-29T11:19:17.7108926Z Resolving deltas:  99% (260327/262956)
2022-05-29T11:19:17.7130246Z Resolving deltas: 100% (262956/262956)
2022-05-29T11:19:17.7130669Z Resolving deltas: 100% (262956/262956), done.
2022-05-29T11:19:19.3480253Z From https://github.com/eclipse-che/che-server
2022-05-29T11:19:19.3480764Z  * [new branch]            6.19.x          -> origin/6.19.x
2022-05-29T11:19:19.3483673Z  * [new branch]            7.20.x          -> origin/7.20.x
2022-05-29T11:19:19.3485618Z  * [new branch]            7.22.x          -> origin/7.22.x
2022-05-29T11:19:19.3486907Z  * [new branch]            7.24.x          -> origin/7.24.x
2022-05-29T11:19:19.3487444Z  * [new branch]            7.26.x          -> origin/7.26.x
2022-05-29T11:19:19.3488696Z  * [new branch]            7.28.x          -> origin/7.28.x
2022-05-29T11:19:19.3490106Z  * [new branch]            7.30.x          -> origin/7.30.x
2022-05-29T11:19:19.3491719Z  * [new branch]            7.31.x          -> origin/7.31.x
2022-05-29T11:19:19.3492769Z  * [new branch]            7.32.x          -> origin/7.32.x
2022-05-29T11:19:19.3493973Z  * [new branch]            7.33.x          -> origin/7.33.x
2022-05-29T11:19:19.3494974Z  * [new branch]            7.34.x          -> origin/7.34.x
2022-05-29T11:19:19.3496666Z  * [new branch]            7.35.x          -> origin/7.35.x
2022-05-29T11:19:19.3497706Z  * [new branch]            7.36.x          -> origin/7.36.x
2022-05-29T11:19:19.3499238Z  * [new branch]            7.37.x          -> origin/7.37.x
2022-05-29T11:19:19.3500254Z  * [new branch]            7.38.x          -> origin/7.38.x
2022-05-29T11:19:19.3501772Z  * [new branch]            7.39.x          -> origin/7.39.x
2022-05-29T11:19:19.3502782Z  * [new branch]            7.40.x          -> origin/7.40.x
2022-05-29T11:19:19.3503970Z  * [new branch]            7.41.x          -> origin/7.41.x
2022-05-29T11:19:19.3505478Z  * [new branch]            7.42.x          -> origin/7.42.x
2022-05-29T11:19:19.3506494Z  * [new branch]            7.43.x          -> origin/7.43.x
2022-05-29T11:19:19.3508104Z  * [new branch]            7.44.x          -> origin/7.44.x
2022-05-29T11:19:19.3509125Z  * [new branch]            7.45.x          -> origin/7.45.x
2022-05-29T11:19:19.3510661Z  * [new branch]            7.46.x          -> origin/7.46.x
2022-05-29T11:19:19.3511718Z  * [new branch]            7.47.x          -> origin/7.47.x
2022-05-29T11:19:19.3512941Z  * [new branch]            7.48.x          -> origin/7.48.x
2022-05-29T11:19:19.3514011Z  * [new branch]            7.999.9         -> origin/7.999.9
2022-05-29T11:19:19.3515669Z  * [new branch]            7.999.x         -> origin/7.999.x
2022-05-29T11:19:19.3516784Z  * [new branch]            che-20492       -> origin/che-20492
2022-05-29T11:19:19.3518002Z  * [new branch]            che-20937       -> origin/che-20937
2022-05-29T11:19:19.3519064Z  * [new branch]            che-21349       -> origin/che-21349
2022-05-29T11:19:19.3520717Z  * [new branch]            che-docs-update -> origin/che-docs-update
2022-05-29T11:19:19.3523166Z  * [new branch]            dependabot/maven/ch.qos.logback.version-1.2.10 -> origin/dependabot/maven/ch.qos.logback.version-1.2.10
2022-05-29T11:19:19.3524660Z  * [new branch]            dependabot/maven/com.fasterxml.jackson-jackson-bom-2.13.3 -> origin/dependabot/maven/com.fasterxml.jackson-jackson-bom-2.13.3
2022-05-29T11:19:19.3526285Z  * [new branch]            dependabot/maven/com.google.guava-guava-31.1-jre -> origin/dependabot/maven/com.google.guava-guava-31.1-jre
2022-05-29T11:19:19.3527786Z  * [new branch]            dependabot/maven/com.squareup.okhttp3.version-4.9.3 -> origin/dependabot/maven/com.squareup.okhttp3.version-4.9.3
2022-05-29T11:19:19.3530291Z  * [new branch]            dependabot/maven/com.squareup.okio-okio-3.1.0 -> origin/dependabot/maven/com.squareup.okio-okio-3.1.0
2022-05-29T11:19:19.3531773Z  * [new branch]            dependabot/maven/io.jaegertracing-jaeger-micrometer-1.8.0 -> origin/dependabot/maven/io.jaegertracing-jaeger-micrometer-1.8.0
2022-05-29T11:19:19.3533620Z  * [new branch]            dependabot/maven/io.jaegertracing.version-1.6.0 -> origin/dependabot/maven/io.jaegertracing.version-1.6.0
2022-05-29T11:19:19.3534234Z  * [new branch]            dependabot/maven/io.micrometer.version-1.8.1 -> origin/dependabot/maven/io.micrometer.version-1.8.1
2022-05-29T11:19:19.3536466Z  * [new branch]            dependabot/maven/io.opentracing.api.extensions.version-0.6.0 -> origin/dependabot/maven/io.opentracing.api.extensions.version-0.6.0
2022-05-29T11:19:19.3537240Z  * [new branch]            dependabot/maven/io.prometheus.simpleclient.version-0.14.1 -> origin/dependabot/maven/io.prometheus.simpleclient.version-0.14.1
2022-05-29T11:19:19.3539509Z  * [new branch]            dependabot/maven/org.jgroups-jgroups-5.2.2.Final -> origin/dependabot/maven/org.jgroups-jgroups-5.2.2.Final
2022-05-29T11:19:19.3540310Z  * [new branch]            dependabot/maven/org.jgroups.kubernetes-jgroups-kubernetes-2.0.1.Final -> origin/dependabot/maven/org.jgroups.kubernetes-jgroups-kubernetes-2.0.1.Final
2022-05-29T11:19:19.3542267Z  * [new branch]            dependabot/maven/org.mockito-mockito-core-4.6.0 -> origin/dependabot/maven/org.mockito-mockito-core-4.6.0
2022-05-29T11:19:19.3542938Z  * [new branch]            dependabot/maven/org.reflections-reflections-0.10.2 -> origin/dependabot/maven/org.reflections-reflections-0.10.2
2022-05-29T11:19:19.3545663Z  * [new branch]            dependabot/maven/org.slf4j.version-1.7.36 -> origin/dependabot/maven/org.slf4j.version-1.7.36
2022-05-29T11:19:19.3546113Z  * [new branch]            jakarta         -> origin/jakarta
2022-05-29T11:19:19.3546567Z  * [new branch]            main            -> origin/main
2022-05-29T11:19:19.3548662Z  * [new branch]            pr-main-to-7.49.0-SNAPSHOT -> origin/pr-main-to-7.49.0-SNAPSHOT
2022-05-29T11:19:19.3549197Z  * [new branch]            pr-update-base-images-1627047283 -> origin/pr-update-base-images-1627047283
2022-05-29T11:19:19.3551252Z  * [new branch]            pr-update-base-images-1644020482 -> origin/pr-update-base-images-1644020482
2022-05-29T11:19:19.3551782Z  * [new branch]            pr-update-base-images-1647649918 -> origin/pr-update-base-images-1647649918
2022-05-29T11:19:19.3553837Z  * [new branch]            pr-update-base-images-1648254869 -> origin/pr-update-base-images-1648254869
2022-05-29T11:19:19.3554300Z  * [new branch]            release-minifix -> origin/release-minifix
2022-05-29T11:19:19.3556181Z  * [new branch]            release-ubuntu  -> origin/release-ubuntu
2022-05-29T11:19:19.3556563Z  * [new branch]            relese-fix      -> origin/relese-fix
2022-05-29T11:19:19.3558627Z  * [new branch]            removeNotUsedMinorWebsocketURL -> origin/removeNotUsedMinorWebsocketURL
2022-05-29T11:19:19.3559081Z  * [new branch]            trywebide       -> origin/trywebide
2022-05-29T11:19:19.3561384Z  * [new tag]               4.0.0           -> 4.0.0
2022-05-29T11:19:19.3561715Z  * [new tag]               4.0.0-RC10      -> 4.0.0-RC10
2022-05-29T11:19:19.3562044Z  * [new tag]               4.0.0-RC11      -> 4.0.0-RC11
2022-05-29T11:19:19.3563981Z  * [new tag]               4.0.0-RC12      -> 4.0.0-RC12
2022-05-29T11:19:19.3564292Z  * [new tag]               4.0.0-RC13      -> 4.0.0-RC13
2022-05-29T11:19:19.3564608Z  * [new tag]               4.0.0-RC14      -> 4.0.0-RC14
2022-05-29T11:19:19.3566558Z  * [new tag]               4.0.0-RC4       -> 4.0.0-RC4
2022-05-29T11:19:19.3566884Z  * [new tag]               4.0.0-RC5       -> 4.0.0-RC5
2022-05-29T11:19:19.3567255Z  * [new tag]               4.0.0-RC6       -> 4.0.0-RC6
2022-05-29T11:19:19.3570409Z  * [new tag]               4.0.0-RC7       -> 4.0.0-RC7
2022-05-29T11:19:19.3570830Z  * [new tag]               4.0.0-RC8       -> 4.0.0-RC8
2022-05-29T11:19:19.3571129Z  * [new tag]               4.0.0-RC9       -> 4.0.0-RC9
2022-05-29T11:19:19.3571432Z  * [new tag]               4.0.1           -> 4.0.1
2022-05-29T11:19:19.3573885Z  * [new tag]               4.1.0           -> 4.1.0
2022-05-29T11:19:19.3574624Z  * [new tag]               4.1.1           -> 4.1.1
2022-05-29T11:19:19.3574985Z  * [new tag]               4.2.0           -> 4.2.0
2022-05-29T11:19:19.3576452Z  * [new tag]               4.2.1           -> 4.2.1
2022-05-29T11:19:19.3578950Z  * [new tag]               4.2.2           -> 4.2.2
2022-05-29T11:19:19.3581089Z  * [new tag]               4.2.3           -> 4.2.3
2022-05-29T11:19:19.3583249Z  * [new tag]               4.3.0           -> 4.3.0
2022-05-29T11:19:19.3586143Z  * [new tag]               4.3.0-RC1       -> 4.3.0-RC1
2022-05-29T11:19:19.3588268Z  * [new tag]               4.3.1           -> 4.3.1
2022-05-29T11:19:19.3590378Z  * [new tag]               4.3.2           -> 4.3.2
2022-05-29T11:19:19.3592474Z  * [new tag]               4.3.3           -> 4.3.3
2022-05-29T11:19:19.3594564Z  * [new tag]               4.3.4           -> 4.3.4
2022-05-29T11:19:19.3596658Z  * [new tag]               4.3.5           -> 4.3.5
2022-05-29T11:19:19.3598773Z  * [new tag]               4.4.0           -> 4.4.0
2022-05-29T11:19:19.3600883Z  * [new tag]               4.4.1           -> 4.4.1
2022-05-29T11:19:19.3602972Z  * [new tag]               4.4.2           -> 4.4.2
2022-05-29T11:19:19.3605857Z  * [new tag]               4.4.2-artik     -> 4.4.2-artik
2022-05-29T11:19:19.3606390Z  * [new tag]               4.5.0           -> 4.5.0
2022-05-29T11:19:19.3606954Z  * [new tag]               4.5.1           -> 4.5.1
2022-05-29T11:19:19.3607291Z  * [new tag]               4.6.0           -> 4.6.0
2022-05-29T11:19:19.3607577Z  * [new tag]               4.6.1           -> 4.6.1
2022-05-29T11:19:19.3607987Z  * [new tag]               4.6.2           -> 4.6.2
2022-05-29T11:19:19.3608280Z  * [new tag]               4.7.0           -> 4.7.0
2022-05-29T11:19:19.3608595Z  * [new tag]               4.7.0-RC1       -> 4.7.0-RC1
2022-05-29T11:19:19.3608925Z  * [new tag]               4.7.0-artik     -> 4.7.0-artik
2022-05-29T11:19:19.3609386Z  * [new tag]               4.7.1           -> 4.7.1
2022-05-29T11:19:19.3609680Z  * [new tag]               4.7.2           -> 4.7.2
2022-05-29T11:19:19.3609973Z  * [new tag]               4.8.0-artik     -> 4.8.0-artik
2022-05-29T11:19:19.3610265Z  * [new tag]               5.0.0           -> 5.0.0
2022-05-29T11:19:19.3610568Z  * [new tag]               5.0.0-M1        -> 5.0.0-M1
2022-05-29T11:19:19.3610869Z  * [new tag]               5.0.0-M2        -> 5.0.0-M2
2022-05-29T11:19:19.3611170Z  * [new tag]               5.0.0-M3        -> 5.0.0-M3
2022-05-29T11:19:19.3611474Z  * [new tag]               5.0.0-M4        -> 5.0.0-M4
2022-05-29T11:19:19.3611764Z  * [new tag]               5.0.0-M5        -> 5.0.0-M5
2022-05-29T11:19:19.3612059Z  * [new tag]               5.0.0-M6        -> 5.0.0-M6
2022-05-29T11:19:19.3612352Z  * [new tag]               5.0.0-M7        -> 5.0.0-M7
2022-05-29T11:19:19.3612677Z  * [new tag]               5.0.0-M7-artik  -> 5.0.0-M7-artik
2022-05-29T11:19:19.3612992Z  * [new tag]               5.0.0-M8        -> 5.0.0-M8
2022-05-29T11:19:19.3613288Z  * [new tag]               5.0.0-M9        -> 5.0.0-M9
2022-05-29T11:19:19.3613591Z  * [new tag]               5.0.1           -> 5.0.1
2022-05-29T11:19:19.3616145Z  * [new tag]               5.1.0           -> 5.1.0
2022-05-29T11:19:19.3618527Z  * [new tag]               5.1.1           -> 5.1.1
2022-05-29T11:19:19.3620786Z  * [new tag]               5.1.2           -> 5.1.2
2022-05-29T11:19:19.3623099Z  * [new tag]               5.10.0          -> 5.10.0
2022-05-29T11:19:19.3625397Z  * [new tag]               5.11.0          -> 5.11.0
2022-05-29T11:19:19.3627680Z  * [new tag]               5.11.1          -> 5.11.1
2022-05-29T11:19:19.3630047Z  * [new tag]               5.11.2          -> 5.11.2
2022-05-29T11:19:19.3632314Z  * [new tag]               5.12.0          -> 5.12.0
2022-05-29T11:19:19.3634578Z  * [new tag]               5.13.0          -> 5.13.0
2022-05-29T11:19:19.3636880Z  * [new tag]               5.14.0          -> 5.14.0
2022-05-29T11:19:19.3639122Z  * [new tag]               5.15.0          -> 5.15.0
2022-05-29T11:19:19.3641375Z  * [new tag]               5.16.0          -> 5.16.0
2022-05-29T11:19:19.3643592Z  * [new tag]               5.17.0          -> 5.17.0
2022-05-29T11:19:19.3645882Z  * [new tag]               5.18.0          -> 5.18.0
2022-05-29T11:19:19.3648141Z  * [new tag]               5.18.1          -> 5.18.1
2022-05-29T11:19:19.3650867Z  * [new tag]               5.19.0          -> 5.19.0
2022-05-29T11:19:19.3653180Z  * [new tag]               5.2.0           -> 5.2.0
2022-05-29T11:19:19.3655368Z  * [new tag]               5.2.1           -> 5.2.1
2022-05-29T11:19:19.3657707Z  * [new tag]               5.2.2           -> 5.2.2
2022-05-29T11:19:19.3660106Z  * [new tag]               5.20.0          -> 5.20.0
2022-05-29T11:19:19.3662373Z  * [new tag]               5.20.1          -> 5.20.1
2022-05-29T11:19:19.3664592Z  * [new tag]               5.21.0          -> 5.21.0
2022-05-29T11:19:19.3666852Z  * [new tag]               5.21.1          -> 5.21.1
2022-05-29T11:19:19.3669082Z  * [new tag]               5.22.0          -> 5.22.0
2022-05-29T11:19:19.3671342Z  * [new tag]               5.22.1          -> 5.22.1
2022-05-29T11:19:19.3673598Z  * [new tag]               5.22.2          -> 5.22.2
2022-05-29T11:19:19.3675938Z  * [new tag]               5.3.0           -> 5.3.0
2022-05-29T11:19:19.3678121Z  * [new tag]               5.3.1           -> 5.3.1
2022-05-29T11:19:19.3680376Z  * [new tag]               5.4.0           -> 5.4.0
2022-05-29T11:19:19.3682612Z  * [new tag]               5.4.1           -> 5.4.1
2022-05-29T11:19:19.3684839Z  * [new tag]               5.5.0           -> 5.5.0
2022-05-29T11:19:19.3687177Z  * [new tag]               5.6.0           -> 5.6.0
2022-05-29T11:19:19.3689752Z  * [new tag]               5.7.0           -> 5.7.0
2022-05-29T11:19:19.3691920Z  * [new tag]               5.7.1           -> 5.7.1
2022-05-29T11:19:19.3694162Z  * [new tag]               5.7.2           -> 5.7.2
2022-05-29T11:19:19.3696531Z  * [new tag]               5.8.0           -> 5.8.0
2022-05-29T11:19:19.3699151Z  * [new tag]               5.8.1           -> 5.8.1
2022-05-29T11:19:19.3701495Z  * [new tag]               5.9.0           -> 5.9.0
2022-05-29T11:19:19.3703795Z  * [new tag]               5.9.1           -> 5.9.1
2022-05-29T11:19:19.3705975Z  * [new tag]               6.0.0           -> 6.0.0
2022-05-29T11:19:19.3708233Z  * [new tag]               6.0.0-M1        -> 6.0.0-M1
2022-05-29T11:19:19.3710544Z  * [new tag]               6.0.0-M2        -> 6.0.0-M2
2022-05-29T11:19:19.3712844Z  * [new tag]               6.0.0-M3        -> 6.0.0-M3
2022-05-29T11:19:19.3715248Z  * [new tag]               6.0.0-M4        -> 6.0.0-M4
2022-05-29T11:19:19.3717571Z  * [new tag]               6.1.0           -> 6.1.0
2022-05-29T11:19:19.3719814Z  * [new tag]               6.1.1           -> 6.1.1
2022-05-29T11:19:19.3722128Z  * [new tag]               6.10.0          -> 6.10.0
2022-05-29T11:19:19.3724486Z  * [new tag]               6.11.0          -> 6.11.0
2022-05-29T11:19:19.3726736Z  * [new tag]               6.11.1          -> 6.11.1
2022-05-29T11:19:19.3731194Z  * [new tag]               6.12.0          -> 6.12.0
2022-05-29T11:19:19.3733671Z  * [new tag]               6.12.1          -> 6.12.1
2022-05-29T11:19:19.3736053Z  * [new tag]               6.12.2          -> 6.12.2
2022-05-29T11:19:19.3738391Z  * [new tag]               6.13.0          -> 6.13.0
2022-05-29T11:19:19.3740612Z  * [new tag]               6.13.1          -> 6.13.1
2022-05-29T11:19:19.3742917Z  * [new tag]               6.14.0          -> 6.14.0
2022-05-29T11:19:19.3745149Z  * [new tag]               6.14.1          -> 6.14.1
2022-05-29T11:19:19.3747520Z  * [new tag]               6.14.2          -> 6.14.2
2022-05-29T11:19:19.3749771Z  * [new tag]               6.15.0          -> 6.15.0
2022-05-29T11:19:19.3752002Z  * [new tag]               6.16.0          -> 6.16.0
2022-05-29T11:19:19.3754343Z  * [new tag]               6.17.0          -> 6.17.0
2022-05-29T11:19:19.3756565Z  * [new tag]               6.17.1          -> 6.17.1
2022-05-29T11:19:19.3758845Z  * [new tag]               6.18.0          -> 6.18.0
2022-05-29T11:19:19.3761037Z  * [new tag]               6.18.1          -> 6.18.1
2022-05-29T11:19:19.3763329Z  * [new tag]               6.18.2          -> 6.18.2
2022-05-29T11:19:19.3765504Z  * [new tag]               6.19.0          -> 6.19.0
2022-05-29T11:19:19.3767756Z  * [new tag]               6.19.1          -> 6.19.1
2022-05-29T11:19:19.3770148Z  * [new tag]               6.19.2          -> 6.19.2
2022-05-29T11:19:19.3772413Z  * [new tag]               6.19.3          -> 6.19.3
2022-05-29T11:19:19.3774649Z  * [new tag]               6.19.4          -> 6.19.4
2022-05-29T11:19:19.3776879Z  * [new tag]               6.19.5          -> 6.19.5
2022-05-29T11:19:19.3779124Z  * [new tag]               6.19.6          -> 6.19.6
2022-05-29T11:19:19.3781458Z  * [new tag]               6.2.0           -> 6.2.0
2022-05-29T11:19:19.3783687Z  * [new tag]               6.3.0           -> 6.3.0
2022-05-29T11:19:19.3785933Z  * [new tag]               6.4.0           -> 6.4.0
2022-05-29T11:19:19.3788146Z  * [new tag]               6.4.1           -> 6.4.1
2022-05-29T11:19:19.3790470Z  * [new tag]               6.5.0           -> 6.5.0
2022-05-29T11:19:19.3792652Z  * [new tag]               6.5.1           -> 6.5.1
2022-05-29T11:19:19.3794893Z  * [new tag]               6.5.2           -> 6.5.2
2022-05-29T11:19:19.3797132Z  * [new tag]               6.5.3           -> 6.5.3
2022-05-29T11:19:19.3799497Z  * [new tag]               6.6.0           -> 6.6.0
2022-05-29T11:19:19.3801725Z  * [new tag]               6.6.1           -> 6.6.1
2022-05-29T11:19:19.3804085Z  * [new tag]               6.6.2           -> 6.6.2
2022-05-29T11:19:19.3806380Z  * [new tag]               6.7.0           -> 6.7.0
2022-05-29T11:19:19.3808738Z  * [new tag]               6.7.1           -> 6.7.1
2022-05-29T11:19:19.3811442Z  * [new tag]               6.8.0           -> 6.8.0
2022-05-29T11:19:19.3813755Z  * [new tag]               6.9.0           -> 6.9.0
2022-05-29T11:19:19.3815971Z  * [new tag]               7.0.0           -> 7.0.0
2022-05-29T11:19:19.3818341Z  * [new tag]               7.0.0-RC-1.0    -> 7.0.0-RC-1.0
2022-05-29T11:19:19.3820648Z  * [new tag]               7.0.0-RC-1.1    -> 7.0.0-RC-1.1
2022-05-29T11:19:19.3822953Z  * [new tag]               7.0.0-RC-2.0    -> 7.0.0-RC-2.0
2022-05-29T11:19:19.3825243Z  * [new tag]               7.0.0-beta-1.0  -> 7.0.0-beta-1.0
2022-05-29T11:19:19.3827629Z  * [new tag]               7.0.0-beta-2.0  -> 7.0.0-beta-2.0
2022-05-29T11:19:19.3829963Z  * [new tag]               7.0.0-beta-3.0  -> 7.0.0-beta-3.0
2022-05-29T11:19:19.3832278Z  * [new tag]               7.0.0-beta-4.0  -> 7.0.0-beta-4.0
2022-05-29T11:19:19.3834567Z  * [new tag]               7.0.0-beta-5.0  -> 7.0.0-beta-5.0
2022-05-29T11:19:19.3836973Z  * [new tag]               7.0.0-rc-3.0    -> 7.0.0-rc-3.0
2022-05-29T11:19:19.3839323Z  * [new tag]               7.0.0-rc-4.0    -> 7.0.0-rc-4.0
2022-05-29T11:19:19.3841595Z  * [new tag]               7.1.0           -> 7.1.0
2022-05-29T11:19:19.3843873Z  * [new tag]               7.10.0          -> 7.10.0
2022-05-29T11:19:19.3846135Z  * [new tag]               7.11.0          -> 7.11.0
2022-05-29T11:19:19.3848395Z  * [new tag]               7.12.0          -> 7.12.0
2022-05-29T11:19:19.3850788Z  * [new tag]               7.12.1          -> 7.12.1
2022-05-29T11:19:19.3853015Z  * [new tag]               7.12.2          -> 7.12.2
2022-05-29T11:19:19.3855276Z  * [new tag]               7.13.0          -> 7.13.0
2022-05-29T11:19:19.3857519Z  * [new tag]               7.13.1          -> 7.13.1
2022-05-29T11:19:19.3859827Z  * [new tag]               7.13.2          -> 7.13.2
2022-05-29T11:19:19.3862222Z  * [new tag]               7.14.0          -> 7.14.0
2022-05-29T11:19:19.3864497Z  * [new tag]               7.14.1          -> 7.14.1
2022-05-29T11:19:19.3866723Z  * [new tag]               7.14.2          -> 7.14.2
2022-05-29T11:19:19.3868935Z  * [new tag]               7.14.3          -> 7.14.3
2022-05-29T11:19:19.3871161Z  * [new tag]               7.15.0          -> 7.15.0
2022-05-29T11:19:19.3873409Z  * [new tag]               7.15.1          -> 7.15.1
2022-05-29T11:19:19.3875679Z  * [new tag]               7.15.2          -> 7.15.2
2022-05-29T11:19:19.3877856Z  * [new tag]               7.16.0          -> 7.16.0
2022-05-29T11:19:19.3881833Z  * [new tag]               7.16.1          -> 7.16.1
2022-05-29T11:19:19.3882160Z  * [new tag]               7.16.2          -> 7.16.2
2022-05-29T11:19:19.3885289Z  * [new tag]               7.17.0          -> 7.17.0
2022-05-29T11:19:19.3885616Z  * [new tag]               7.17.1          -> 7.17.1
2022-05-29T11:19:19.3888746Z  * [new tag]               7.17.2          -> 7.17.2
2022-05-29T11:19:19.3889128Z  * [new tag]               7.18.0          -> 7.18.0
2022-05-29T11:19:19.3892739Z  * [new tag]               7.18.1          -> 7.18.1
2022-05-29T11:19:19.3893038Z  * [new tag]               7.18.2          -> 7.18.2
2022-05-29T11:19:19.3894920Z  * [new tag]               7.19.0          -> 7.19.0
2022-05-29T11:19:19.3896662Z  * [new tag]               7.19.1          -> 7.19.1
2022-05-29T11:19:19.3898292Z  * [new tag]               7.19.2          -> 7.19.2
2022-05-29T11:19:19.3900322Z  * [new tag]               7.2.0           -> 7.2.0
2022-05-29T11:19:19.3901898Z  * [new tag]               7.20.0          -> 7.20.0
2022-05-29T11:19:19.3903612Z  * [new tag]               7.20.1          -> 7.20.1
2022-05-29T11:19:19.3905323Z  * [new tag]               7.21.0          -> 7.21.0
2022-05-29T11:19:19.3907785Z  * [new tag]               7.21.1          -> 7.21.1
2022-05-29T11:19:19.3908213Z  * [new tag]               7.21.2          -> 7.21.2
2022-05-29T11:19:19.3911243Z  * [new tag]               7.22.0          -> 7.22.0
2022-05-29T11:19:19.3911537Z  * [new tag]               7.22.1          -> 7.22.1
2022-05-29T11:19:19.3913419Z  * [new tag]               7.22.2          -> 7.22.2
2022-05-29T11:19:19.3915097Z  * [new tag]               7.23.0          -> 7.23.0
2022-05-29T11:19:19.3916757Z  * [new tag]               7.23.1          -> 7.23.1
2022-05-29T11:19:19.3918523Z  * [new tag]               7.23.2          -> 7.23.2
2022-05-29T11:19:19.3920126Z  * [new tag]               7.24.0          -> 7.24.0
2022-05-29T11:19:19.3921907Z  * [new tag]               7.24.1          -> 7.24.1
2022-05-29T11:19:19.3923620Z  * [new tag]               7.24.2          -> 7.24.2
2022-05-29T11:19:19.3925334Z  * [new tag]               7.25.0          -> 7.25.0
2022-05-29T11:19:19.3926995Z  * [new tag]               7.25.1          -> 7.25.1
2022-05-29T11:19:19.3928702Z  * [new tag]               7.25.2          -> 7.25.2
2022-05-29T11:19:19.3930499Z  * [new tag]               7.26.0          -> 7.26.0
2022-05-29T11:19:19.3932216Z  * [new tag]               7.26.1          -> 7.26.1
2022-05-29T11:19:19.3933889Z  * [new tag]               7.26.2          -> 7.26.2
2022-05-29T11:19:19.3935581Z  * [new tag]               7.27.0          -> 7.27.0
2022-05-29T11:19:19.3937708Z  * [new tag]               7.27.1          -> 7.27.1
2022-05-29T11:19:19.3939405Z  * [new tag]               7.27.2          -> 7.27.2
2022-05-29T11:19:19.3941072Z  * [new tag]               7.28.0          -> 7.28.0
2022-05-29T11:19:19.3942787Z  * [new tag]               7.28.1          -> 7.28.1
2022-05-29T11:19:19.3944472Z  * [new tag]               7.28.2          -> 7.28.2
2022-05-29T11:19:19.3946163Z  * [new tag]               7.29.0          -> 7.29.0
2022-05-29T11:19:19.3947897Z  * [new tag]               7.29.1          -> 7.29.1
2022-05-29T11:19:19.3949671Z  * [new tag]               7.29.2          -> 7.29.2
2022-05-29T11:19:19.3951635Z  * [new tag]               7.3.0           -> 7.3.0
2022-05-29T11:19:19.3953411Z  * [new tag]               7.3.1           -> 7.3.1
2022-05-29T11:19:19.3955131Z  * [new tag]               7.3.2           -> 7.3.2
2022-05-29T11:19:19.3956948Z  * [new tag]               7.3.3           -> 7.3.3
2022-05-29T11:19:19.3958602Z  * [new tag]               7.30.0          -> 7.30.0
2022-05-29T11:19:19.3960400Z  * [new tag]               7.30.1          -> 7.30.1
2022-05-29T11:19:19.3962046Z  * [new tag]               7.30.2          -> 7.30.2
2022-05-29T11:19:19.3963788Z  * [new tag]               7.31.0          -> 7.31.0
2022-05-29T11:19:19.3965445Z  * [new tag]               7.31.1          -> 7.31.1
2022-05-29T11:19:19.3967293Z  * [new tag]               7.31.2          -> 7.31.2
2022-05-29T11:19:19.3969045Z  * [new tag]               7.32.0          -> 7.32.0
2022-05-29T11:19:19.3971096Z  * [new tag]               7.32.1          -> 7.32.1
2022-05-29T11:19:19.3972740Z  * [new tag]               7.32.2          -> 7.32.2
2022-05-29T11:19:19.3974467Z  * [new tag]               7.33.0          -> 7.33.0
2022-05-29T11:19:19.3976137Z  * [new tag]               7.33.1          -> 7.33.1
2022-05-29T11:19:19.3977866Z  * [new tag]               7.33.2          -> 7.33.2
2022-05-29T11:19:19.3979543Z  * [new tag]               7.34.0          -> 7.34.0
2022-05-29T11:19:19.3981346Z  * [new tag]               7.34.1          -> 7.34.1
2022-05-29T11:19:19.3983023Z  * [new tag]               7.34.2          -> 7.34.2
2022-05-29T11:19:19.3984729Z  * [new tag]               7.35.0          -> 7.35.0
2022-05-29T11:19:19.3986394Z  * [new tag]               7.35.1          -> 7.35.1
2022-05-29T11:19:19.3988091Z  * [new tag]               7.35.2          -> 7.35.2
2022-05-29T11:19:19.3989748Z  * [new tag]               7.36.0          -> 7.36.0
2022-05-29T11:19:19.3991465Z  * [new tag]               7.36.1          -> 7.36.1
2022-05-29T11:19:19.3993119Z  * [new tag]               7.36.2          -> 7.36.2
2022-05-29T11:19:19.3994948Z  * [new tag]               7.37.0          -> 7.37.0
2022-05-29T11:19:19.3996559Z  * [new tag]               7.37.1          -> 7.37.1
2022-05-29T11:19:19.3998293Z  * [new tag]               7.37.2          -> 7.37.2
2022-05-29T11:19:19.4000313Z  * [new tag]               7.38.0          -> 7.38.0
2022-05-29T11:19:19.4002034Z  * [new tag]               7.38.1          -> 7.38.1
2022-05-29T11:19:19.4003741Z  * [new tag]               7.38.2          -> 7.38.2
2022-05-29T11:19:19.4005463Z  * [new tag]               7.39.0          -> 7.39.0
2022-05-29T11:19:19.4007269Z  * [new tag]               7.39.1          -> 7.39.1
2022-05-29T11:19:19.4009159Z  * [new tag]               7.39.2          -> 7.39.2
2022-05-29T11:19:19.4010866Z  * [new tag]               7.4.0           -> 7.4.0
2022-05-29T11:19:19.4014197Z  * [new tag]               7.40.0          -> 7.40.0
2022-05-29T11:19:19.4014485Z  * [new tag]               7.40.1          -> 7.40.1
2022-05-29T11:19:19.4017590Z  * [new tag]               7.40.2          -> 7.40.2
2022-05-29T11:19:19.4017875Z  * [new tag]               7.41.0          -> 7.41.0
2022-05-29T11:19:19.4019740Z  * [new tag]               7.41.1          -> 7.41.1
2022-05-29T11:19:19.4021428Z  * [new tag]               7.41.2          -> 7.41.2
2022-05-29T11:19:19.4023087Z  * [new tag]               7.42.0          -> 7.42.0
2022-05-29T11:19:19.4024791Z  * [new tag]               7.43.0          -> 7.43.0
2022-05-29T11:19:19.4026498Z  * [new tag]               7.44.0          -> 7.44.0
2022-05-29T11:19:19.4028224Z  * [new tag]               7.45.0          -> 7.45.0
2022-05-29T11:19:19.4029843Z  * [new tag]               7.46.0          -> 7.46.0
2022-05-29T11:19:19.4031540Z  * [new tag]               7.47.0          -> 7.47.0
2022-05-29T11:19:19.4033181Z  * [new tag]               7.48.0          -> 7.48.0
2022-05-29T11:19:19.4034959Z  * [new tag]               7.48.1          -> 7.48.1
2022-05-29T11:19:19.4036819Z  * [new tag]               7.5.0           -> 7.5.0
2022-05-29T11:19:19.4038775Z  * [new tag]               7.5.1           -> 7.5.1
2022-05-29T11:19:19.4040420Z  * [new tag]               7.6.0           -> 7.6.0
2022-05-29T11:19:19.4042142Z  * [new tag]               7.7.0           -> 7.7.0
2022-05-29T11:19:19.4043770Z  * [new tag]               7.7.1           -> 7.7.1
2022-05-29T11:19:19.4045595Z  * [new tag]               7.7.1b          -> 7.7.1b
2022-05-29T11:19:19.4047256Z  * [new tag]               7.8.0           -> 7.8.0
2022-05-29T11:19:19.4049047Z  * [new tag]               7.9.0           -> 7.9.0
2022-05-29T11:19:19.4051472Z  * [new tag]               7.9.1           -> 7.9.1
2022-05-29T11:19:19.4053778Z  * [new tag]               7.9.2           -> 7.9.2
2022-05-29T11:19:19.4056110Z  * [new tag]               7.9.3           -> 7.9.3
2022-05-29T11:19:19.4058400Z  * [new tag]               Docker          -> Docker
2022-05-29T11:19:19.4131377Z [command]/usr/bin/git branch --list --remote origin/dependabot/maven/org.mockito-mockito-core-4.6.0
2022-05-29T11:19:19.4162504Z   origin/dependabot/maven/org.mockito-mockito-core-4.6.0
2022-05-29T11:19:19.4172076Z [command]/usr/bin/git rev-parse refs/remotes/origin/dependabot/maven/org.mockito-mockito-core-4.6.0
2022-05-29T11:19:19.4194206Z 7a55a44307423195ca80efc754f2faa0a9e6616b
2022-05-29T11:19:19.4199906Z ##[endgroup]
2022-05-29T11:19:19.4208325Z ##[group]Determining the checkout info
2022-05-29T11:19:19.4209529Z ##[endgroup]
2022-05-29T11:19:19.4209934Z ##[group]Checking out the ref
2022-05-29T11:19:19.4210647Z [command]/usr/bin/git checkout --progress --force -B dependabot/maven/org.mockito-mockito-core-4.6.0 refs/remotes/origin/dependabot/maven/org.mockito-mockito-core-4.6.0
2022-05-29T11:19:19.6991595Z Switched to a new branch 'dependabot/maven/org.mockito-mockito-core-4.6.0'
2022-05-29T11:19:19.6995731Z branch 'dependabot/maven/org.mockito-mockito-core-4.6.0' set up to track 'origin/dependabot/maven/org.mockito-mockito-core-4.6.0'.
2022-05-29T11:19:19.7007618Z ##[endgroup]
2022-05-29T11:19:19.7054116Z [command]/usr/bin/git log -1 --format='%H'
2022-05-29T11:19:19.7080370Z '7a55a44307423195ca80efc754f2faa0a9e6616b'
2022-05-29T11:19:19.7355532Z ##[group]Run ./check_properties_description.sh
2022-05-29T11:19:19.7355887Z [36;1m./check_properties_description.sh[0m
2022-05-29T11:19:19.7407860Z shell: /usr/bin/bash -e {0}
2022-05-29T11:19:19.7408096Z ##[endgroup]
2022-05-29T11:19:19.8018596Z ##[group]Run actions/setup-java@v2
2022-05-29T11:19:19.8018834Z with:
2022-05-29T11:19:19.8019016Z   distribution: temurin
2022-05-29T11:19:19.8019230Z   java-version: 11.0.14
2022-05-29T11:19:19.8019427Z   cache: maven
2022-05-29T11:19:19.8019616Z   java-package: jdk
2022-05-29T11:19:19.8019810Z   architecture: x64
2022-05-29T11:19:19.8020011Z   check-latest: false
2022-05-29T11:19:19.8020217Z   server-id: github
2022-05-29T11:19:19.8020420Z   server-username: GITHUB_ACTOR
2022-05-29T11:19:19.8020672Z   server-password: GITHUB_TOKEN
2022-05-29T11:19:19.8020906Z   overwrite-settings: true
2022-05-29T11:19:19.8021108Z   job-status: success
2022-05-29T11:19:19.8021304Z ##[endgroup]
2022-05-29T11:19:19.9902598Z Trying to resolve the latest version from remote
2022-05-29T11:19:20.5699997Z Resolved latest version as 11.0.14+101
2022-05-29T11:19:20.5701422Z Trying to download...
2022-05-29T11:19:20.5704441Z Downloading Java 11.0.14+101 (Temurin-Hotspot) from https://github.com/adoptium/temurin11-binaries/releases/download/jdk-11.0.14.1%2B1/OpenJDK11U-jdk_x64_linux_hotspot_11.0.14.1_1.tar.gz ...
2022-05-29T11:19:24.6994221Z Extracting Java archive...
2022-05-29T11:19:24.7110076Z [command]/usr/bin/tar xz --warning=no-unknown-keyword -C /home/runner/work/_temp/003e4cff-de09-4e17-a9c3-98d310f757d2 -f /home/runner/work/_temp/25521d8c-1a83-4815-8f3a-21a98a4253fd
2022-05-29T11:19:28.7587209Z Java 11.0.14+101 was downloaded
2022-05-29T11:19:28.7587569Z Setting Java 11.0.14+101 as the default
2022-05-29T11:19:28.7597255Z 
2022-05-29T11:19:28.7597415Z Java configuration:
2022-05-29T11:19:28.7597709Z   Distribution: temurin
2022-05-29T11:19:28.7597993Z   Version: 11.0.14+101
2022-05-29T11:19:28.7598484Z   Path: /opt/hostedtoolcache/Java_Temurin-Hotspot_jdk/11.0.14-101/x64
2022-05-29T11:19:28.7598763Z 
2022-05-29T11:19:28.7622234Z Creating settings.xml with server-id: github
2022-05-29T11:19:28.7693716Z Writing to /home/runner/.m2/settings.xml
2022-05-29T11:19:31.0810198Z Received 20971520 of 761504268 (2.8%), 19.9 MBs/sec
2022-05-29T11:19:32.0776290Z Received 163577856 of 761504268 (21.5%), 77.8 MBs/sec
2022-05-29T11:19:33.0797932Z Received 343932928 of 761504268 (45.2%), 109.1 MBs/sec
2022-05-29T11:19:34.0814933Z Received 528482304 of 761504268 (69.4%), 125.7 MBs/sec
2022-05-29T11:19:35.0828399Z Received 692060160 of 761504268 (90.9%), 131.8 MBs/sec
2022-05-29T11:19:36.0912387Z Received 761504268 of 761504268 (100.0%), 120.7 MBs/sec
2022-05-29T11:19:36.0913567Z Cache Size: ~726 MB (761504268 B)
2022-05-29T11:19:36.0955208Z [command]/usr/bin/tar --use-compress-program zstd -d -xf /home/runner/work/_temp/0cf19b4d-3de9-4924-a725-4b910f72c4f6/cache.tzst -P -C /home/runner/work/che-server/che-server
2022-05-29T11:19:39.7231148Z Cache restored successfully
2022-05-29T11:19:39.8360568Z Cache restored from key: setup-java-Linux-maven-42ed7ade1241cc3c233bf4658c6ac5f70c979da84ba6567b1e1b25a56989dd91
2022-05-29T11:19:39.8540004Z ##[group]Run mvn -B clean install -U -Pintegration
2022-05-29T11:19:39.8540397Z [36;1mmvn -B clean install -U -Pintegration[0m
2022-05-29T11:19:39.8593869Z shell: /usr/bin/bash -e {0}
2022-05-29T11:19:39.8594208Z env:
2022-05-29T11:19:39.8594566Z   JAVA_HOME: /opt/hostedtoolcache/Java_Temurin-Hotspot_jdk/11.0.14-101/x64
2022-05-29T11:19:39.8594879Z ##[endgroup]
2022-05-29T11:19:41.0949912Z [INFO] Scanning for projects...
2022-05-29T11:19:41.7897673Z [INFO] ------------------------------------------------------------------------
2022-05-29T11:19:41.7898496Z [INFO] Reactor Build Order:
2022-05-29T11:19:41.7899222Z [INFO] 
2022-05-29T11:19:41.7908466Z [INFO] Che Server                                                         [pom]
2022-05-29T11:19:41.7909579Z [INFO] Che Core Parent                                                    [pom]
2022-05-29T11:19:41.7910289Z [INFO] Che Core :: Commons :: Parent                                      [pom]
2022-05-29T11:19:41.7910810Z [INFO] Che Core :: Commons :: Annotations                                 [jar]
2022-05-29T11:19:41.7912351Z [INFO] Che Core :: Commons :: Java API extension classes                  [jar]
2022-05-29T11:19:41.7912974Z [INFO] Che Core :: Commons :: Utilities for tests                         [jar]
2022-05-29T11:19:41.7913948Z [INFO] Che Core :: Commons :: Dependency Injecting                        [jar]
2022-05-29T11:19:41.7914509Z [INFO] Che Core :: Commons :: Json helpers                                [jar]
2022-05-29T11:19:41.7915483Z [INFO] Che Core :: Commons :: Scheduler service                           [jar]
2022-05-29T11:19:41.7916078Z [INFO] Che Core :: Commons :: Commons J2ee                                [jar]
2022-05-29T11:19:41.7917010Z [INFO] Che Core :: Commons :: Tracing                                     [jar]
2022-05-29T11:19:41.7917555Z [INFO] Che Core :: Commons :: Tracing and Monitoring wrapper              [jar]
2022-05-29T11:19:41.7918534Z [INFO] Che Core :: Commons :: API :: DTO                                  [jar]
2022-05-29T11:19:41.7919318Z [INFO] Che Core :: Commons :: API :: DTO Maven Plugin            [maven-plugin]
2022-05-29T11:19:41.7920088Z [INFO] Che Core :: Commons :: API :: Core                                 [jar]
2022-05-29T11:19:41.7920739Z [INFO] Che Core :: Commons :: API :: TypeScript DTO maven plugin [maven-plugin]
2022-05-29T11:19:41.7921728Z [INFO] Che Core :: Commons :: API :: Model                                [jar]
2022-05-29T11:19:41.7935277Z [INFO] Che Core :: Commons :: DB                                          [jar]
2022-05-29T11:19:41.7935881Z [INFO] Che Core :: Commons :: DB :: Vendor H2                             [jar]
2022-05-29T11:19:41.7936403Z [INFO] Che Core :: Commons :: DB :: Vendor MySQL                          [jar]
2022-05-29T11:19:41.7937104Z [INFO] Che Core :: Commons :: DB :: Vendor PostgreSQL                     [jar]
2022-05-29T11:19:41.7937554Z [INFO] Che Core :: Commons :: Logback                                     [jar]
2022-05-29T11:19:41.7937950Z [INFO] Che Core :: Commons :: Tracing :: Core                             [jar]
2022-05-29T11:19:41.7938322Z [INFO] Che Core :: Commons :: Tracing :: Web                              [jar]
2022-05-29T11:19:41.7938686Z [INFO] Che Core :: Commons :: Metrics :: Core                             [jar]
2022-05-29T11:19:41.7939078Z [INFO] Che Core :: Commons :: Tracing :: Metrics                          [jar]
2022-05-29T11:19:41.7939459Z [INFO] Che Core :: API :: Che Master Parent                               [pom]
2022-05-29T11:19:41.7939802Z [INFO] Che Core :: API :: Authentication :: Shared                        [jar]
2022-05-29T11:19:41.7940175Z [INFO] Che Core :: API :: Authentication                                  [jar]
2022-05-29T11:19:41.7940559Z [INFO] Che Core :: API :: Authentication Bitbucket                        [jar]
2022-05-29T11:19:41.7940978Z [INFO] Che Core :: API :: Authentication Github                           [jar]
2022-05-29T11:19:41.7941559Z [INFO] Che Core :: API :: Authentication GitLab                           [jar]
2022-05-29T11:19:41.7941939Z [INFO] Che Core :: API :: Authentication OpenShift                        [jar]
2022-05-29T11:19:41.7942276Z [INFO] Che Core :: API :: Workspace :: Shared                             [jar]
2022-05-29T11:19:41.7942675Z [INFO] Che Core :: SQL :: Schema                                          [jar]
2022-05-29T11:19:41.7943017Z [INFO] Che Core :: API :: Account                                         [jar]
2022-05-29T11:19:41.7943378Z [INFO] Che Core :: API :: System Shared                                   [jar]
2022-05-29T11:19:41.7943743Z [INFO] Che Core :: API :: System                                          [jar]
2022-05-29T11:19:41.7944133Z [INFO] Che Core :: API :: User :: Shared                                  [jar]
2022-05-29T11:19:41.7944560Z [INFO] Che Core :: API :: User                                            [jar]
2022-05-29T11:19:41.7944870Z [INFO] Che Core :: API :: SSH :: Shared                                   [jar]
2022-05-29T11:19:41.7945207Z [INFO] Che Core :: API :: SSH                                             [jar]
2022-05-29T11:19:41.7945570Z [INFO] Che Core :: API :: Workspace                                       [jar]
2022-05-29T11:19:41.7945961Z [INFO] Che Core :: API :: Workspace Activity tracking                     [jar]
2022-05-29T11:19:41.7946332Z [INFO] Che Core :: API :: Devfile :: Shared                               [jar]
2022-05-29T11:19:41.7946679Z [INFO] Che Core :: API :: Devfile                                         [jar]
2022-05-29T11:19:41.7947017Z [INFO] Che Core :: API :: Factory :: Shared                               [jar]
2022-05-29T11:19:41.7947387Z [INFO] Che Core :: API :: Factory                                         [jar]
2022-05-29T11:19:41.7947745Z [INFO] Che Core :: API :: Factory Resolver Github                         [jar]
2022-05-29T11:19:41.7948114Z [INFO] Che Core :: API :: Factory Resolver Gitlab                         [jar]
2022-05-29T11:19:41.7948504Z [INFO] Che Core :: API :: Factory Resolver Bitbucket Server               [jar]
2022-05-29T11:19:41.7948898Z [INFO] Che Core :: API :: Logger :: Shared                                [jar]
2022-05-29T11:19:41.7949204Z [INFO] Che Core :: API :: Logger                                          [jar]
2022-05-29T11:19:41.7951224Z [INFO] Che Core :: API :: Metrics                                         [jar]
2022-05-29T11:19:41.7952961Z [INFO] Che Multiuser :: Parent                                            [pom]
2022-05-29T11:19:41.7954676Z [INFO] Che Multiuser :: Sql Schema                                        [jar]
2022-05-29T11:19:41.7956417Z [INFO] Che Multiuser :: API Parent                                        [pom]
2022-05-29T11:19:41.7958178Z [INFO] Che Multiuser :: API :: Authentication Commons                     [jar]
2022-05-29T11:19:41.7959997Z [INFO] Che Multiuser :: Permissions :: Shared                             [jar]
2022-05-29T11:19:41.7961690Z [INFO] Che Multiuser :: Permissions API                                   [jar]
2022-05-29T11:19:41.7963421Z [INFO] Che Multiuser :: API :: Authorization                              [jar]
2022-05-29T11:19:41.7965065Z [INFO] Che Multiuser :: API :: Authorization Impl                         [jar]
2022-05-29T11:19:41.7966804Z [INFO] Che Multiuser :: Resource :: Shared                                [jar]
2022-05-29T11:19:41.7968491Z [INFO] Che Multiuser :: Resource                                          [jar]
2022-05-29T11:19:41.7970384Z [INFO] Che Multiuser :: Organization :: Shared                            [jar]
2022-05-29T11:19:41.7972181Z [INFO] Che Multiuser :: Organization                                      [jar]
2022-05-29T11:19:41.7973880Z [INFO] Che Multiuser :: Workspace Activity                                [jar]
2022-05-29T11:19:41.7975567Z [INFO] Che Multiuser :: Permissions Parent                                [pom]
2022-05-29T11:19:41.7977327Z [INFO] Che Multiuser :: User Permissions                                  [jar]
2022-05-29T11:19:41.7979115Z [INFO] Che Multiuser :: Devfile Permissions                               [jar]
2022-05-29T11:19:41.7980873Z [INFO] Che Multiuser :: Workspace Permissions                             [jar]
2022-05-29T11:19:41.7982586Z [INFO] Che Multiuser :: Workspace Activity Permissions                    [jar]
2022-05-29T11:19:41.7984411Z [INFO] Che Multiuser :: System Permissions                                [jar]
2022-05-29T11:19:41.7986110Z [INFO] Che Multiuser :: Resource :: Permissions                           [jar]
2022-05-29T11:19:41.7987836Z [INFO] Che Multiuser :: Logger Permissions                                [jar]
2022-05-29T11:19:41.7989547Z [INFO] Che Multiuser :: Keycloak Integration Parent                       [pom]
2022-05-29T11:19:41.7991302Z [INFO] Che Multiuser :: Keycloak Shared module                            [jar]
2022-05-29T11:19:41.7993187Z [INFO] Che Multiuser :: Machine Auth Parent                               [pom]
2022-05-29T11:19:41.7994856Z [INFO] Che Multiuser :: Machine Authentication Shared                     [jar]
2022-05-29T11:19:41.7996508Z [INFO] Che Multiuser :: OIDC                                              [jar]
2022-05-29T11:19:41.7998159Z [INFO] Che Multiuser :: Personal account                                  [jar]
2022-05-29T11:19:41.7999824Z [INFO] Che Multiuser :: Machine Authentication                            [jar]
2022-05-29T11:19:41.8001468Z [INFO] Che Multiuser :: Keycloak Server                                   [jar]
2022-05-29T11:19:41.8003164Z [INFO] Che Multiuser :: Keycloak Token Provider                           [jar]
2022-05-29T11:19:41.8004761Z [INFO] Che Multiuser :: Remove User from Keycloak Server                  [jar]
2022-05-29T11:19:41.8006399Z [INFO] Che Multiuser :: Integration Tests                                 [pom]
2022-05-29T11:19:41.8007992Z [INFO] Che Multiuser :: Integration Cascade                               [jar]
2022-05-29T11:19:41.8009802Z [INFO] Che Multiuser :: PostgreSQL Tck                                    [jar]
2022-05-29T11:19:41.8011484Z [INFO] Che Multiuser :: MYSQL Tck Tests                                   [jar]
2022-05-29T11:19:41.8013146Z [INFO] Infrastructure :: Infrastructures Parent                           [pom]
2022-05-29T11:19:41.8090132Z [INFO] Infrastructure :: Kubernetes                                       [jar]
2022-05-29T11:19:41.8090597Z [INFO] Infrastructure :: OpenShift                                        [jar]
2022-05-29T11:19:41.8091062Z [INFO] Infrastructure :: Metrics                                          [jar]
2022-05-29T11:19:41.8091435Z [INFO] Infrastructure :: Distributed components                           [jar]
2022-05-29T11:19:41.8091847Z [INFO] Infrastructure :: Kubernetes Permissions                           [jar]
2022-05-29T11:19:41.8092263Z [INFO] Infrastructure :: Factory components                               [jar]
2022-05-29T11:19:41.8092682Z [INFO] Integration Tests :: Parent                                        [pom]
2022-05-29T11:19:41.8093064Z [INFO] Integration Tests :: Cascade Removal                               [jar]
2022-05-29T11:19:41.8093440Z [INFO] Integration Tests :: PostgreSQL                                    [jar]
2022-05-29T11:19:41.8093818Z [INFO] Integration Tests :: MYSQL                                         [jar]
2022-05-29T11:19:41.8094138Z [INFO] Che Assembly :: Parent                                             [pom]
2022-05-29T11:19:41.8094515Z [INFO] Che Assembly :: Swagger war                                        [war]
2022-05-29T11:19:41.8094871Z [INFO] Che Assembly :: WS Master war                                      [war]
2022-05-29T11:19:41.8095241Z [INFO] Che Assembly :: Root war                                           [war]
2022-05-29T11:19:41.8095606Z [INFO] Che Assembly :: Assemblies Che Tomcat                              [jar]
2022-05-29T11:19:41.8096011Z [INFO] Che Assembly :: Assemblies Che Server Tomcat                       [pom]
2022-05-29T11:19:41.8117848Z [INFO] 
2022-05-29T11:19:41.8120236Z [INFO] ---------------------< org.eclipse.che:che-server >---------------------
2022-05-29T11:19:41.8122235Z [INFO] Building Che Server 7.48.0-SNAPSHOT                              [1/106]
2022-05-29T11:19:41.8124068Z [INFO] --------------------------------[ pom ]---------------------------------
2022-05-29T11:19:42.0130803Z [INFO] 
2022-05-29T11:19:42.0133468Z [INFO] --- maven-clean-plugin:3.1.0:clean (default-clean) @ che-server ---
2022-05-29T11:19:42.1357737Z [INFO] 
2022-05-29T11:19:42.1363924Z [INFO] --- build-helper-maven-plugin:3.2.0:parse-version (parse-version) @ che-server ---
2022-05-29T11:19:42.3328546Z [INFO] 
2022-05-29T11:19:42.3330660Z [INFO] --- buildnumber-maven-plugin:3.0.0:create (default) @ che-server ---
2022-05-29T11:19:42.4963317Z [INFO] Executing: /bin/sh -c cd '/home/runner/work/che-server/che-server' && 'git' 'rev-parse' '--verify' 'HEAD'
2022-05-29T11:19:42.4964205Z [INFO] Working directory: /home/runner/work/che-server/che-server
2022-05-29T11:19:42.5409648Z [INFO] Storing buildNumber: 7a55a44307423195ca80efc754f2faa0a9e6616b at timestamp: 20220529
2022-05-29T11:19:42.5535853Z [INFO] Storing buildScmBranch: dependabot/maven/org.mockito-mockito-core-4.6.0
2022-05-29T11:19:42.5536425Z [INFO] 
2022-05-29T11:19:42.5536986Z [INFO] --- maven-enforcer-plugin:3.0.0:enforce (enforce) @ che-server ---
2022-05-29T11:19:42.8054938Z [INFO] 
2022-05-29T11:19:42.8058501Z [INFO] --- maven-sortpom-plugin:2.3.1:verify (default) @ che-server ---
2022-05-29T11:19:42.8358682Z [WARNING] DEPRECATED: The SortPom plugin has moved to <groupId>com.github.ekryd.sortpom</groupId> <artifactId>sortpom-maven-plugin</artifactId>
2022-05-29T11:19:42.8361647Z [WARNING] DEPRECATED: Please update the plugin reference
2022-05-29T11:19:42.8378191Z [INFO] Verifying file /home/runner/work/che-server/che-server/pom.xml
2022-05-29T11:19:43.0914719Z [INFO] 
2022-05-29T11:19:43.0915638Z [INFO] --- fmt-maven-plugin:2.13:check (default) @ che-server ---
2022-05-29T11:19:43.1207192Z [INFO] Skipping format check: project uses 'pom' packaging
2022-05-29T11:19:43.1207791Z [INFO] 
2022-05-29T11:19:43.1208853Z [INFO] --- license-maven-plugin:4.1:check (check-headers) @ che-server ---
2022-05-29T11:19:43.2417042Z [INFO] Checking licenses...
2022-05-29T11:19:43.6490143Z [INFO] 
2022-05-29T11:19:43.6491121Z [INFO] --- maven-dependency-plugin:3.1.2:analyze-only (analyze) @ che-server ---
2022-05-29T11:19:44.0327855Z [INFO] Skipping pom project
2022-05-29T11:19:44.0328420Z [INFO] 
2022-05-29T11:19:44.0329805Z [INFO] --- maven-install-plugin:3.0.0-M1:install (default-install) @ che-server ---
2022-05-29T11:19:44.0890151Z [INFO] Installing /home/runner/work/che-server/che-server/pom.xml to /home/runner/.m2/repository/org/eclipse/che/che-server/7.48.0-SNAPSHOT/che-server-7.48.0-SNAPSHOT.pom
2022-05-29T11:19:44.1103929Z [INFO] 
2022-05-29T11:19:44.1104790Z [INFO] ----------------< org.eclipse.che.core:che-core-parent >----------------
2022-05-29T11:19:44.1105473Z [INFO] Building Che Core Parent 7.48.0-SNAPSHOT                         [2/106]
2022-05-29T11:19:44.1106477Z [INFO] --------------------------------[ pom ]---------------------------------
2022-05-29T11:19:44.1152322Z [INFO] 
2022-05-29T11:19:44.1153052Z [INFO] --- maven-clean-plugin:3.1.0:clean (default-clean) @ che-core-parent ---
2022-05-29T11:19:44.1163473Z [INFO] 
2022-05-29T11:19:44.1164196Z [INFO] --- build-helper-maven-plugin:3.2.0:parse-version (parse-version) @ che-core-parent ---
2022-05-29T11:19:44.1180763Z [INFO] 
2022-05-29T11:19:44.1182256Z [INFO] --- buildnumber-maven-plugin:3.0.0:create (default) @ che-core-parent ---
2022-05-29T11:19:44.1199589Z [INFO] 
2022-05-29T11:19:44.1200241Z [INFO] --- maven-enforcer-plugin:3.0.0:enforce (enforce) @ che-core-parent ---
2022-05-29T11:19:44.1559341Z [INFO] 
2022-05-29T11:19:44.1560280Z [INFO] --- maven-sortpom-plugin:2.3.1:verify (default) @ che-core-parent ---
2022-05-29T11:19:44.1564845Z [WARNING] DEPRECATED: The SortPom plugin has moved to <groupId>com.github.ekryd.sortpom</groupId> <artifactId>sortpom-maven-plugin</artifactId>
2022-05-29T11:19:44.1565743Z [WARNING] DEPRECATED: Please update the plugin reference
2022-05-29T11:19:44.1628469Z [INFO] Verifying file /home/runner/work/che-server/che-server/core/pom.xml
2022-05-29T11:19:44.1744119Z [INFO] 
2022-05-29T11:19:44.1744714Z [INFO] --- fmt-maven-plugin:2.13:check (default) @ che-core-parent ---
2022-05-29T11:19:44.1754211Z [INFO] Skipping format check: project uses 'pom' packaging
2022-05-29T11:19:44.1756952Z [INFO] 
2022-05-29T11:19:44.1762921Z [INFO] --- license-maven-plugin:4.1:check (check-headers) @ che-core-parent ---
2022-05-29T11:19:44.1861744Z [INFO] Checking licenses...
2022-05-29T11:19:44.2908385Z [INFO] 
2022-05-29T11:19:44.2931500Z [INFO] --- maven-dependency-plugin:3.1.2:analyze-only (analyze) @ che-core-parent ---
2022-05-29T11:19:44.2931876Z [INFO] Skipping pom project
2022-05-29T11:19:44.2932264Z [INFO] 
2022-05-29T11:19:44.2932683Z [INFO] --- maven-install-plugin:3.0.0-M1:install (default-install) @ che-core-parent ---
2022-05-29T11:19:44.2933432Z [INFO] Installing /home/runner/work/che-server/che-server/core/pom.xml to /home/runner/.m2/repository/org/eclipse/che/core/che-core-parent/7.48.0-SNAPSHOT/che-core-parent-7.48.0-SNAPSHOT.pom
2022-05-29T11:19:44.2944781Z [INFO] 
2022-05-29T11:19:44.2947522Z [INFO] ------------< org.eclipse.che.core:che-core-commons-parent >------------
2022-05-29T11:19:44.2950353Z [INFO] Building Che Core :: Commons :: Parent 7.48.0-SNAPSHOT           [3/106]
2022-05-29T11:19:44.2952971Z [INFO] --------------------------------[ pom ]---------------------------------
2022-05-29T11:19:44.3009555Z [INFO] 
2022-05-29T11:19:44.3010444Z [INFO] --- maven-clean-plugin:3.1.0:clean (default-clean) @ che-core-commons-parent ---
2022-05-29T11:19:44.3011020Z [INFO] 
2022-05-29T11:19:44.3011599Z [INFO] --- build-helper-maven-plugin:3.2.0:parse-version (parse-version) @ che-core-commons-parent ---
2022-05-29T11:19:44.3011953Z [INFO] 
2022-05-29T11:19:44.3012359Z [INFO] --- buildnumber-maven-plugin:3.0.0:create (default) @ che-core-commons-parent ---
2022-05-29T11:19:44.3012661Z [INFO] 
2022-05-29T11:19:44.3013051Z [INFO] --- maven-enforcer-plugin:3.0.0:enforce (enforce) @ che-core-commons-parent ---
2022-05-29T11:19:44.3073378Z [INFO] 
2022-05-29T11:19:44.3076277Z [INFO] --- maven-sortpom-plugin:2.3.1:verify (default) @ che-core-commons-parent ---
2022-05-29T11:19:44.3083381Z [WARNING] DEPRECATED: The SortPom plugin has moved to <groupId>com.github.ekryd.sortpom</groupId> <artifactId>sortpom-maven-plugin</artifactId>
2022-05-29T11:19:44.3086043Z [WARNING] DEPRECATED: Please update the plugin reference
2022-05-29T11:19:44.3089228Z [INFO] Verifying file /home/runner/work/che-server/che-server/core/commons/pom.xml
2022-05-29T11:19:44.3136023Z [INFO] 
2022-05-29T11:19:44.3138818Z [INFO] --- fmt-maven-plugin:2.13:check (default) @ che-core-commons-parent ---
2022-05-29T11:19:44.3145872Z [INFO] Skipping format check: project uses 'pom' packaging
2022-05-29T11:19:44.3148641Z [INFO] 
2022-05-29T11:19:44.3151240Z [INFO] --- license-maven-plugin:4.1:check (check-headers) @ che-core-commons-parent ---
2022-05-29T11:19:44.3203863Z [INFO] Checking licenses...
2022-05-29T11:19:44.4290045Z [INFO] 
2022-05-29T11:19:44.4330127Z [INFO] --- maven-dependency-plugin:3.1.2:analyze-only (analyze) @ che-core-commons-parent ---
2022-05-29T11:19:44.4330507Z [INFO] Skipping pom project
2022-05-29T11:19:44.4330724Z [INFO] 
2022-05-29T11:19:44.4331154Z [INFO] --- maven-install-plugin:3.0.0-M1:install (default-install) @ che-core-commons-parent ---
2022-05-29T11:19:44.4331961Z [INFO] Installing /home/runner/work/che-server/che-server/core/commons/pom.xml to /home/runner/.m2/repository/org/eclipse/che/core/che-core-commons-parent/7.48.0-SNAPSHOT/che-core-commons-parent-7.48.0-SNAPSHOT.pom
2022-05-29T11:19:44.4332433Z [INFO] 
2022-05-29T11:19:44.4332816Z [INFO] ---------< org.eclipse.che.core:che-core-commons-annotations >----------
2022-05-29T11:19:44.4333321Z [INFO] Building Che Core :: Commons :: Annotations 7.48.0-SNAPSHOT      [4/106]
2022-05-29T11:19:44.4333936Z [INFO] --------------------------------[ jar ]---------------------------------
2022-05-29T11:19:44.4492180Z [INFO] 
2022-05-29T11:19:44.4492814Z [INFO] --- maven-clean-plugin:3.1.0:clean (default-clean) @ che-core-commons-annotations ---
2022-05-29T11:19:44.4505245Z [INFO] 
2022-05-29T11:19:44.4505932Z [INFO] --- build-helper-maven-plugin:3.2.0:parse-version (parse-version) @ che-core-commons-annotations ---
2022-05-29T11:19:44.4514041Z [INFO] 
2022-05-29T11:19:44.4514694Z [INFO] --- buildnumber-maven-plugin:3.0.0:create (default) @ che-core-commons-annotations ---
2022-05-29T11:19:44.4531559Z [INFO] 
2022-05-29T11:19:44.4532423Z [INFO] --- maven-enforcer-plugin:3.0.0:enforce (enforce) @ che-core-commons-annotations ---
2022-05-29T11:19:44.7313508Z [INFO] Downloading from ossrh: https://oss.sonatype.org/content/repositories/snapshots/org/eclipse/che/core/che-core-commons-annotations/7.48.0-SNAPSHOT/maven-metadata.xml
2022-05-29T11:19:45.4793118Z [INFO] 
2022-05-29T11:19:45.4794027Z [INFO] --- maven-sortpom-plugin:2.3.1:verify (default) @ che-core-commons-annotations ---
2022-05-29T11:19:45.4814600Z [WARNING] DEPRECATED: The SortPom plugin has moved to <groupId>com.github.ekryd.sortpom</groupId> <artifactId>sortpom-maven-plugin</artifactId>
2022-05-29T11:19:45.4815227Z [WARNING] DEPRECATED: Please update the plugin reference
2022-05-29T11:19:45.4815770Z [INFO] Verifying file /home/runner/work/che-server/che-server/core/commons/che-core-commons-annotations/pom.xml
2022-05-29T11:19:45.4892916Z [INFO] 
2022-05-29T11:19:45.4893712Z [INFO] --- fmt-maven-plugin:2.13:check (default) @ che-core-commons-annotations ---
2022-05-29T11:19:45.4903030Z [WARNING] Test source directory '/home/runner/work/che-server/che-server/core/commons/che-core-commons-annotations/src/test/java' does not exist, ignoring.
2022-05-29T11:19:45.5981111Z WARNING: An illegal reflective access operation has occurred
2022-05-29T11:19:45.5982554Z WARNING: Illegal reflective access by com.google.googlejavaformat.java.JavacTokens$CommentSavingTokenizer (file:/home/runner/.m2/repository/com/google/googlejavaformat/google-java-format/1.13.0/google-java-format-1.13.0.jar) to field com.sun.tools.javac.parser.JavaTokenizer.reader
2022-05-29T11:19:45.5983611Z WARNING: Please consider reporting this to the maintainers of com.google.googlejavaformat.java.JavacTokens$CommentSavingTokenizer
2022-05-29T11:19:45.5984500Z WARNING: Use --illegal-access=warn to enable warnings of further illegal reflective access operations
2022-05-29T11:19:45.5994668Z WARNING: All illegal access operations will be denied in a future release
2022-05-29T11:19:45.9285182Z [INFO] Processed 2 files (0 non-complying).
2022-05-29T11:19:45.9285811Z [INFO] 
2022-05-29T11:19:45.9286868Z [INFO] --- license-maven-plugin:4.1:check (check-headers) @ che-core-commons-annotations ---
2022-05-29T11:19:45.9338973Z [INFO] Checking licenses...
2022-05-29T11:19:47.5773488Z [INFO] 
2022-05-29T11:19:47.5774229Z [INFO] --- maven-resources-plugin:3.2.0:resources (default-resources) @ che-core-commons-annotations ---
2022-05-29T11:19:47.6306342Z [WARNING] Using platform encoding (UTF-8 actually) to copy filtered resources, i.e. build is platform dependent!
2022-05-29T11:19:47.6306883Z [INFO] Using 'null' encoding to copy filtered properties files.
2022-05-29T11:19:47.6309254Z [INFO] skip non existing resourceDirectory /home/runner/work/che-server/che-server/core/commons/che-core-commons-annotations/src/main/resources
2022-05-29T11:19:47.6310059Z [INFO] 
2022-05-29T11:19:47.6310728Z [INFO] --- maven-compiler-plugin:3.8.1:compile (default-compile) @ che-core-commons-annotations ---
2022-05-29T11:19:47.7539787Z [INFO] Changes detected - recompiling the module!
2022-05-29T11:19:47.7548417Z [WARNING] File encoding has not been set, using platform encoding UTF-8, i.e. build is platform dependent!
2022-05-29T11:19:47.7576884Z [INFO] Compiling 2 source files to /home/runner/work/che-server/che-server/core/commons/che-core-commons-annotations/target/classes
2022-05-29T11:19:48.7571404Z [INFO] 
2022-05-29T11:19:48.7574947Z [INFO] --- maven-resources-plugin:3.2.0:testResources (default-testResources) @ che-core-commons-annotations ---
2022-05-29T11:19:48.7598155Z [WARNING] Using platform encoding (UTF-8 actually) to copy filtered resources, i.e. build is platform dependent!
2022-05-29T11:19:48.7600963Z [INFO] Using 'null' encoding to copy filtered properties files.
2022-05-29T11:19:48.7603860Z [INFO] skip non existing resourceDirectory /home/runner/work/che-server/che-server/core/commons/che-core-commons-annotations/src/test/resources
2022-05-29T11:19:48.7607432Z [INFO] 
2022-05-29T11:19:48.7610487Z [INFO] --- maven-compiler-plugin:3.8.1:testCompile (default-testCompile) @ che-core-commons-annotations ---
2022-05-29T11:19:48.7631931Z [INFO] No sources to compile
2022-05-29T11:19:48.7634817Z [INFO] 
2022-05-29T11:19:48.7637728Z [INFO] --- maven-surefire-plugin:3.0.0-M5:test (default-test) @ che-core-commons-annotations ---
2022-05-29T11:19:48.8450365Z [INFO] No tests to run.
2022-05-29T11:19:48.8498107Z [INFO] 
2022-05-29T11:19:48.8499912Z [INFO] --- maven-jar-plugin:3.2.0:jar (default-jar) @ che-core-commons-annotations ---
2022-05-29T11:19:48.9704264Z [INFO] Building jar: /home/runner/work/che-server/che-server/core/commons/che-core-commons-annotations/target/che-core-commons-annotations-7.48.0-SNAPSHOT.jar
2022-05-29T11:19:49.0024061Z [INFO] 
2022-05-29T11:19:49.0025123Z [INFO] --- maven-dependency-plugin:3.1.2:analyze-only (analyze) @ che-core-commons-annotations ---
2022-05-29T11:19:49.0225542Z [INFO] No dependency problems found
2022-05-29T11:19:49.0226122Z [INFO] 
2022-05-29T11:19:49.0227354Z [INFO] --- maven-install-plugin:3.0.0-M1:install (default-install) @ che-core-commons-annotations ---
2022-05-29T11:19:49.0250847Z [INFO] Installing /home/runner/work/che-server/che-server/core/commons/che-core-commons-annotations/target/che-core-commons-annotations-7.48.0-SNAPSHOT.jar to /home/runner/.m2/repository/org/eclipse/che/core/che-core-commons-annotations/7.48.0-SNAPSHOT/che-core-commons-annotations-7.48.0-SNAPSHOT.jar
2022-05-29T11:19:49.0254864Z [INFO] Installing /home/runner/work/che-server/che-server/core/commons/che-core-commons-annotations/pom.xml to /home/runner/.m2/repository/org/eclipse/che/core/che-core-commons-annotations/7.48.0-SNAPSHOT/che-core-commons-annotations-7.48.0-SNAPSHOT.pom
2022-05-29T11:19:49.0280748Z [INFO] 
2022-05-29T11:19:49.0281569Z [INFO] -------------< org.eclipse.che.core:che-core-commons-lang >-------------
2022-05-29T11:19:49.0285603Z [INFO] Building Che Core :: Commons :: Java API extension classes 7.48.0-SNAPSHOT [5/106]
2022-05-29T11:19:49.0286302Z [INFO] --------------------------------[ jar ]---------------------------------
2022-05-29T11:19:49.0380608Z [INFO] Downloading from ossrh: https://oss.sonatype.org/content/repositories/snapshots/org/mockito/mockito-core/4.6.0/mockito-core-4.6.0.pom
2022-05-29T11:19:49.1045894Z [INFO] Downloading from central: https://repo.maven.apache.org/maven2/org/mockito/mockito-core/4.6.0/mockito-core-4.6.0.pom
2022-05-29T11:19:49.5566106Z [INFO] Downloaded from central: https://repo.maven.apache.org/maven2/org/mockito/mockito-core/4.6.0/mockito-core-4.6.0.pom (2.5 kB at 5.5 kB/s)
2022-05-29T11:19:49.5587401Z [INFO] Downloading from ossrh: https://oss.sonatype.org/content/repositories/snapshots/net/bytebuddy/byte-buddy/1.12.10/byte-buddy-1.12.10.pom
2022-05-29T11:19:49.6236173Z [INFO] Downloading from central: https://repo.maven.apache.org/maven2/net/bytebuddy/byte-buddy/1.12.10/byte-buddy-1.12.10.pom
2022-05-29T11:19:49.6473653Z [INFO] Downloaded from central: https://repo.maven.apache.org/maven2/net/bytebuddy/byte-buddy/1.12.10/byte-buddy-1.12.10.pom (17 kB at 692 kB/s)
2022-05-29T11:19:49.6493679Z [INFO] Downloading from ossrh: https://oss.sonatype.org/content/repositories/snapshots/net/bytebuddy/byte-buddy-parent/1.12.10/byte-buddy-parent-1.12.10.pom
2022-05-29T11:19:49.7142344Z [INFO] Downloading from central: https://repo.maven.apache.org/maven2/net/bytebuddy/byte-buddy-parent/1.12.10/byte-buddy-parent-1.12.10.pom
2022-05-29T11:19:49.7450514Z [INFO] Downloaded from central: https://repo.maven.apache.org/maven2/net/bytebuddy/byte-buddy-parent/1.12.10/byte-buddy-parent-1.12.10.pom (45 kB at 1.7 MB/s)
2022-05-29T11:19:49.7451332Z [INFO] Downloading from ossrh: https://oss.sonatype.org/content/repositories/snapshots/net/bytebuddy/byte-buddy-agent/1.12.10/byte-buddy-agent-1.12.10.pom
2022-05-29T11:19:49.8091092Z [INFO] Downloading from central: https://repo.maven.apache.org/maven2/net/bytebuddy/byte-buddy-agent/1.12.10/byte-buddy-agent-1.12.10.pom
2022-05-29T11:19:49.8338185Z [INFO] Downloaded from central: https://repo.maven.apache.org/maven2/net/bytebuddy/byte-buddy-agent/1.12.10/byte-buddy-agent-1.12.10.pom (11 kB at 437 kB/s)
2022-05-29T11:19:49.8480716Z [INFO] Downloading from ossrh: https://oss.sonatype.org/content/repositories/snapshots/org/mockito/mockito-core/4.6.0/mockito-core-4.6.0.jar
2022-05-29T11:19:49.8488824Z [INFO] Downloading from ossrh: https://oss.sonatype.org/content/repositories/snapshots/net/bytebuddy/byte-buddy/1.12.10/byte-buddy-1.12.10.jar
2022-05-29T11:19:49.8532793Z [INFO] Downloading from ossrh: https://oss.sonatype.org/content/repositories/snapshots/net/bytebuddy/byte-buddy-agent/1.12.10/byte-buddy-agent-1.12.10.jar
2022-05-29T11:19:50.1393583Z [INFO] Downloading from central: https://repo.maven.apache.org/maven2/org/mockito/mockito-core/4.6.0/mockito-core-4.6.0.jar
2022-05-29T11:19:50.1413317Z [INFO] Downloading from central: https://repo.maven.apache.org/maven2/net/bytebuddy/byte-buddy/1.12.10/byte-buddy-1.12.10.jar
2022-05-29T11:19:50.1417608Z [INFO] Downloading from central: https://repo.maven.apache.org/maven2/net/bytebuddy/byte-buddy-agent/1.12.10/byte-buddy-agent-1.12.10.jar
2022-05-29T11:19:50.2421268Z [INFO] Downloaded from central: https://repo.maven.apache.org/maven2/net/bytebuddy/byte-buddy-agent/1.12.10/byte-buddy-agent-1.12.10.jar (257 kB at 2.5 MB/s)
2022-05-29T11:19:50.2524993Z [INFO] Downloaded from central: https://repo.maven.apache.org/maven2/org/mockito/mockito-core/4.6.0/mockito-core-4.6.0.jar (662 kB at 5.8 MB/s)
2022-05-29T11:19:50.3992988Z [INFO] Downloaded from central: https://repo.maven.apache.org/maven2/net/bytebuddy/byte-buddy/1.12.10/byte-buddy-1.12.10.jar (3.8 MB at 15 MB/s)
2022-05-29T11:19:50.4089830Z [INFO] 
2022-05-29T11:19:50.4090437Z [INFO] --- maven-clean-plugin:3.1.0:clean (default-clean) @ che-core-commons-lang ---
2022-05-29T11:19:50.4090740Z [INFO] 
2022-05-29T11:19:50.4091187Z [INFO] --- build-helper-maven-plugin:3.2.0:parse-version (parse-version) @ che-core-commons-lang ---
2022-05-29T11:19:50.4091518Z [INFO] 
2022-05-29T11:19:50.4091901Z [INFO] --- buildnumber-maven-plugin:3.0.0:create (default) @ che-core-commons-lang ---
2022-05-29T11:19:50.4092194Z [INFO] 
2022-05-29T11:19:50.4092577Z [INFO] --- maven-enforcer-plugin:3.0.0:enforce (enforce) @ che-core-commons-lang ---
2022-05-29T11:19:50.4107271Z [INFO] Downloading from ossrh: https://oss.sonatype.org/content/repositories/snapshots/org/eclipse/che/core/che-core-commons-lang/7.48.0-SNAPSHOT/maven-metadata.xml
2022-05-29T11:19:50.5089401Z [INFO] 
2022-05-29T11:19:50.5090035Z [INFO] --- maven-sortpom-plugin:2.3.1:verify (default) @ che-core-commons-lang ---
2022-05-29T11:19:50.5124284Z [WARNING] DEPRECATED: The SortPom plugin has moved to <groupId>com.github.ekryd.sortpom</groupId> <artifactId>sortpom-maven-plugin</artifactId>
2022-05-29T11:19:50.5124869Z [WARNING] DEPRECATED: Please update the plugin reference
2022-05-29T11:19:50.5128167Z [INFO] Verifying file /home/runner/work/che-server/che-server/core/commons/che-core-commons-lang/pom.xml
2022-05-29T11:19:50.5180309Z [INFO] 
2022-05-29T11:19:50.5247660Z [INFO] --- fmt-maven-plugin:2.13:check (default) @ che-core-commons-lang ---
2022-05-29T11:19:51.1671495Z [INFO] Processed 46 files (0 non-complying).
2022-05-29T11:19:51.1672078Z [INFO] 
2022-05-29T11:19:51.1672829Z [INFO] --- license-maven-plugin:4.1:check (check-headers) @ che-core-commons-lang ---
2022-05-29T11:19:51.1683097Z [INFO] Checking licenses...
2022-05-29T11:20:08.2813611Z [WARNING] Unknown file extension: /home/runner/work/che-server/che-server/core/commons/che-core-commons-lang/src/test/resources/che/che.jar
2022-05-29T11:20:09.5259333Z [WARNING] Unable to find a comment style definition for some files. You may want to add a custom mapping for the relevant file extensions.
2022-05-29T11:20:09.5264204Z [INFO] 
2022-05-29T11:20:09.5270143Z [INFO] --- maven-resources-plugin:3.2.0:resources (default-resources) @ che-core-commons-lang ---
2022-05-29T11:20:09.5289993Z [WARNING] Using platform encoding (UTF-8 actually) to copy filtered resources, i.e. build is platform dependent!
2022-05-29T11:20:09.5290502Z [INFO] Using 'null' encoding to copy filtered properties files.
2022-05-29T11:20:09.5291077Z [INFO] skip non existing resourceDirectory /home/runner/work/che-server/che-server/core/commons/che-core-commons-lang/src/main/resources
2022-05-29T11:20:09.5291443Z [INFO] 
2022-05-29T11:20:09.5360250Z [INFO] --- maven-compiler-plugin:3.8.1:compile (default-compile) @ che-core-commons-lang ---
2022-05-29T11:20:09.5600646Z [INFO] Changes detected - recompiling the module!
2022-05-29T11:20:09.5601294Z [WARNING] File encoding has not been set, using platform encoding UTF-8, i.e. build is platform dependent!
2022-05-29T11:20:09.5601899Z [INFO] Compiling 35 source files to /home/runner/work/che-server/che-server/core/commons/che-core-commons-lang/target/classes
2022-05-29T11:20:11.6282071Z [WARNING] /home/runner/work/che-server/che-server/core/commons/che-core-commons-lang/src/main/java/org/eclipse/che/commons/lang/ZipUtils.java:[152,31] [JdkObsolete] It is very rare for LinkedList to out-perform ArrayList or ArrayDeque. Avoid it unless you're willing to invest a lot of time into benchmarking. Caveat: LinkedList supports null elements, but ArrayDeque does not.
2022-05-29T11:20:11.6283182Z     (see https://errorprone.info/bugpattern/JdkObsolete)
2022-05-29T11:20:11.6286433Z   Did you mean 'final List<String> list = new ArrayList<>();'?
2022-05-29T11:20:11.6289802Z [WARNING] /home/runner/work/che-server/che-server/core/commons/che-core-commons-lang/src/main/java/org/eclipse/che/commons/lang/execution/ProcessHandler.java:[83,9] [UnnecessaryParentheses] These grouping parentheses are unnecessary; it is unlikely the code will be misinterpreted without them
2022-05-29T11:20:11.6290664Z     (see https://errorprone.info/bugpattern/UnnecessaryParentheses)
2022-05-29T11:20:11.6330301Z   Did you mean 'r -> new Thread(r, "Native process polled Thread"));'?
2022-05-29T11:20:11.6331463Z [WARNING] /home/runner/work/che-server/che-server/core/commons/che-core-commons-lang/src/main/java/org/eclipse/che/commons/lang/execution/ProcessHandler.java:[164,9] [DefaultCharset] Implicit use of the platform default charset, which can result in differing behaviour between JVM executions or incorrect behavior if the encoding of the data source doesn't match expectations.
2022-05-29T11:20:11.6332278Z     (see https://errorprone.info/bugpattern/DefaultCharset)
2022-05-29T11:20:11.6332927Z   Did you mean 'new InputStreamReader(process.getErrorStream(), UTF_8),' or 'new InputStreamReader(process.getErrorStream(), Charset.defaultCharset()),'?
2022-05-29T11:20:11.6333932Z [WARNING] /home/runner/work/che-server/che-server/core/commons/che-core-commons-lang/src/main/java/org/eclipse/che/commons/lang/execution/ProcessHandler.java:[166,9] [UnnecessaryParentheses] These grouping parentheses are unnecessary; it is unlikely the code will be misinterpreted without them
2022-05-29T11:20:11.6334588Z     (see https://errorprone.info/bugpattern/UnnecessaryParentheses)
2022-05-29T11:20:11.6335044Z   Did you mean 's -> notifyOnText(s, ProcessOutputType.STDERR));'?
2022-05-29T11:20:11.6336044Z [WARNING] /home/runner/work/che-server/che-server/core/commons/che-core-commons-lang/src/main/java/org/eclipse/che/commons/lang/execution/ProcessHandler.java:[179,9] [DefaultCharset] Implicit use of the platform default charset, which can result in differing behaviour between JVM executions or incorrect behavior if the encoding of the data source doesn't match expectations.
2022-05-29T11:20:11.6336735Z     (see https://errorprone.info/bugpattern/DefaultCharset)
2022-05-29T11:20:11.6337520Z   Did you mean 'new InputStreamReader(process.getInputStream(), UTF_8),' or 'new InputStreamReader(process.getInputStream(), Charset.defaultCharset()),'?
2022-05-29T11:20:11.6338488Z [WARNING] /home/runner/work/che-server/che-server/core/commons/che-core-commons-lang/src/main/java/org/eclipse/che/commons/lang/execution/ProcessHandler.java:[181,9] [UnnecessaryParentheses] These grouping parentheses are unnecessary; it is unlikely the code will be misinterpreted without them
2022-05-29T11:20:11.6339107Z     (see https://errorprone.info/bugpattern/UnnecessaryParentheses)
2022-05-29T11:20:11.6339453Z   Did you mean 's -> {'?
2022-05-29T11:20:11.6340329Z [WARNING] /home/runner/work/che-server/che-server/core/commons/che-core-commons-lang/src/main/java/org/eclipse/che/commons/lang/execution/ProcessHandler.java:[248,22] [SynchronizeOnNonFinalField] Synchronizing on non-final fields is not safe: if the field is ever updated, different threads may end up locking on different objects.
2022-05-29T11:20:11.6341159Z     (see https://errorprone.info/bugpattern/SynchronizeOnNonFinalField)
2022-05-29T11:20:11.6342092Z [WARNING] /home/runner/work/che-server/che-server/core/commons/che-core-commons-lang/src/main/java/org/eclipse/che/commons/lang/execution/ProcessHandler.java:[259,20] [SynchronizeOnNonFinalField] Synchronizing on non-final fields is not safe: if the field is ever updated, different threads may end up locking on different objects.
2022-05-29T11:20:11.6342770Z     (see https://errorprone.info/bugpattern/SynchronizeOnNonFinalField)
2022-05-29T11:20:11.6343568Z [WARNING] /home/runner/work/che-server/che-server/core/commons/che-core-commons-lang/src/main/java/org/eclipse/che/commons/lang/Deserializer.java:[60,27] [JdkObsolete] StringBuffer performs synchronization that is usually unnecessary; prefer StringBuilder.
2022-05-29T11:20:11.6344135Z     (see https://errorprone.info/bugpattern/JdkObsolete)
2022-05-29T11:20:11.6344539Z   Did you mean 'StringBuilder buffer = new StringBuilder();'?
2022-05-29T11:20:11.6345342Z [WARNING] /home/runner/work/che-server/che-server/core/commons/che-core-commons-lang/src/main/java/org/eclipse/che/commons/lang/IoUtil.java:[74,19] [UnnecessaryParentheses] These grouping parentheses are unnecessary; it is unlikely the code will be misinterpreted without them
2022-05-29T11:20:11.6345945Z     (see https://errorprone.info/bugpattern/UnnecessaryParentheses)
2022-05-29T11:20:11.6346332Z   Did you mean 'return !".git".equals(name);'?
2022-05-29T11:20:11.6347069Z [WARNING] /home/runner/work/che-server/che-server/core/commons/che-core-commons-lang/src/main/java/org/eclipse/che/commons/lang/IoUtil.java:[165,17] [StreamResourceLeak] Streams that encapsulate a closeable resource should be closed using try-with-resources
2022-05-29T11:20:11.6347627Z     (see https://errorprone.info/bugpattern/StreamResourceLeak)
2022-05-29T11:20:11.6348032Z   Did you mean 'try (Stream<Path> stream = Files.list(root)) {'?
2022-05-29T11:20:11.6349006Z [WARNING] /home/runner/work/che-server/che-server/core/commons/che-core-commons-lang/src/main/java/org/eclipse/che/commons/lang/IoUtil.java:[402,28] [JdkObsolete] It is very rare for LinkedList to out-perform ArrayList or ArrayDeque. Avoid it unless you're willing to invest a lot of time into benchmarking. Caveat: LinkedList supports null elements, but ArrayDeque does not.
2022-05-29T11:20:11.6349698Z     (see https://errorprone.info/bugpattern/JdkObsolete)
2022-05-29T11:20:11.6350661Z [WARNING] /home/runner/work/che-server/che-server/core/commons/che-core-commons-lang/src/main/java/org/eclipse/che/commons/lang/IoUtil.java:[495,26] [JdkObsolete] It is very rare for LinkedList to out-perform ArrayList or ArrayDeque. Avoid it unless you're willing to invest a lot of time into benchmarking. Caveat: LinkedList supports null elements, but ArrayDeque does not.
2022-05-29T11:20:11.6351313Z     (see https://errorprone.info/bugpattern/JdkObsolete)
2022-05-29T11:20:11.6352115Z [WARNING] /home/runner/work/che-server/che-server/core/commons/che-core-commons-lang/src/main/java/org/eclipse/che/commons/lang/FlushingStreamWriter.java:[33,15] [MissingOverride] write overrides method in OutputStreamWriter; expected @Override
2022-05-29T11:20:11.6352671Z     (see https://errorprone.info/bugpattern/MissingOverride)
2022-05-29T11:20:11.6353146Z   Did you mean '@Override public void write(char[] cbuf, int off, int len) throws IOException {'?
2022-05-29T11:20:11.6353923Z [WARNING] /home/runner/work/che-server/che-server/core/commons/che-core-commons-lang/src/main/java/org/eclipse/che/commons/lang/FlushingStreamWriter.java:[38,15] [MissingOverride] write overrides method in OutputStreamWriter; expected @Override
2022-05-29T11:20:11.6354482Z     (see https://errorprone.info/bugpattern/MissingOverride)
2022-05-29T11:20:11.6354893Z   Did you mean '@Override public void write(int c) throws IOException {'?
2022-05-29T11:20:11.6355713Z [WARNING] /home/runner/work/che-server/che-server/core/commons/che-core-commons-lang/src/main/java/org/eclipse/che/commons/lang/FlushingStreamWriter.java:[43,15] [MissingOverride] write overrides method in OutputStreamWriter; expected @Override
2022-05-29T11:20:11.6356276Z     (see https://errorprone.info/bugpattern/MissingOverride)
2022-05-29T11:20:11.6356742Z   Did you mean '@Override public void write(String str, int off, int len) throws IOException {'?
2022-05-29T11:20:11.6357464Z [WARNING] /home/runner/work/che-server/che-server/core/commons/che-core-commons-lang/src/main/java/org/eclipse/che/commons/lang/UrlUtils.java:[41,38] [StringSplitter] String.split(String) has surprising behavior
2022-05-29T11:20:11.6357975Z     (see https://errorprone.info/bugpattern/StringSplitter)
2022-05-29T11:20:11.6358394Z   Did you mean 'for (String param : Splitter.on('&').split(query)) {'?
2022-05-29T11:20:11.6359077Z [WARNING] /home/runner/work/che-server/che-server/core/commons/che-core-commons-lang/src/main/java/org/eclipse/che/commons/lang/UrlUtils.java:[42,36] [StringSplitter] String.split(String) has surprising behavior
2022-05-29T11:20:11.6359868Z     (see https://errorprone.info/bugpattern/StringSplitter)
2022-05-29T11:20:11.6360306Z   Did you mean 'List<String> = Splitter.on('=').splitToList(param);'?
2022-05-29T11:20:11.6360989Z [WARNING] /home/runner/work/che-server/che-server/core/commons/che-core-commons-lang/src/main/java/org/eclipse/che/commons/lang/UrlUtils.java:[93,65] [StringSplitter] String.split(String) has surprising behavior
2022-05-29T11:20:11.6361489Z     (see https://errorprone.info/bugpattern/StringSplitter)
2022-05-29T11:20:11.6361956Z   Did you mean 'for (String pair : Splitter.on('&').split(URLDecoder.decode(state, "UTF-8"))) {'?
2022-05-29T11:20:11.6362685Z [WARNING] /home/runner/work/che-server/che-server/core/commons/che-core-commons-lang/src/main/java/org/eclipse/che/commons/lang/URLEncodedUtils.java:[105,54] [StringSplitter] String.split(String) has surprising behavior
2022-05-29T11:20:11.6363210Z     (see https://errorprone.info/bugpattern/StringSplitter)
2022-05-29T11:20:11.6363730Z   Did you mean 'final List<String> nameValue = Splitter.onPattern(NAME_VALUE_SEPARATOR).splitToList(scanner.next());'?
2022-05-29T11:20:11.6364581Z [WARNING] /home/runner/work/che-server/che-server/core/commons/che-core-commons-lang/src/main/java/org/eclipse/che/commons/lang/Size.java:[101,25] [UnnecessaryParentheses] These grouping parentheses are unnecessary; it is unlikely the code will be misinterpreted without them
2022-05-29T11:20:11.6365176Z     (see https://errorprone.info/bugpattern/UnnecessaryParentheses)
2022-05-29T11:20:11.6365540Z   Did you mean 'return (long) size;'?
2022-05-29T11:20:11.6366394Z [WARNING] /home/runner/work/che-server/che-server/core/commons/che-core-commons-lang/src/main/java/org/eclipse/che/commons/lang/TopologicalSort.java:[193,33] [MixedMutabilityReturnType] This method returns both mutable and immutable collections or maps from different paths. This may be confusing for users of the method.
2022-05-29T11:20:11.6367074Z     (see https://errorprone.info/bugpattern/MixedMutabilityReturnType)
2022-05-29T11:20:11.6367864Z   Did you mean 'private ImmutableList<NodeInfo<ID, N>> findCycle(NodeInfo<ID, N> node, Map<ID, NodeInfo<ID, N>> nodes) {' or 'private ImmutableList<NodeInfo<ID, N>> findCycle(NodeInfo<ID, N> node, Map<ID, NodeInfo<ID, N>> nodes) {'?
2022-05-29T11:20:11.6368282Z [INFO] 
2022-05-29T11:20:11.6368738Z [INFO] --- maven-resources-plugin:3.2.0:testResources (default-testResources) @ che-core-commons-lang ---
2022-05-29T11:20:11.6369419Z [WARNING] Using platform encoding (UTF-8 actually) to copy filtered resources, i.e. build is platform dependent!
2022-05-29T11:20:11.6369892Z [INFO] Using 'null' encoding to copy filtered properties files.
2022-05-29T11:20:11.6370183Z [INFO] Copying 3 resources
2022-05-29T11:20:11.6449602Z [INFO] 
2022-05-29T11:20:11.6451468Z [INFO] --- maven-compiler-plugin:3.8.1:testCompile (default-testCompile) @ che-core-commons-lang ---
2022-05-29T11:20:11.6481917Z [INFO] Changes detected - recompiling the module!
2022-05-29T11:20:11.6482665Z [WARNING] File encoding has not been set, using platform encoding UTF-8, i.e. build is platform dependent!
2022-05-29T11:20:11.6485508Z [INFO] Compiling 11 source files to /home/runner/work/che-server/che-server/core/commons/che-core-commons-lang/target/test-classes
2022-05-29T11:20:12.8210454Z [WARNING] /home/runner/work/che-server/che-server/core/commons/che-core-commons-lang/src/test/java/org/eclipse/che/commons/lang/UrlUtilsTest.java:[36,22] [JdkObsolete] It is very rare for LinkedList to out-perform ArrayList or ArrayDeque. Avoid it unless you're willing to invest a lot of time into benchmarking. Caveat: LinkedList supports null elements, but ArrayDeque does not.
2022-05-29T11:20:12.8211405Z     (see https://errorprone.info/bugpattern/JdkObsolete)
2022-05-29T11:20:12.8211898Z   Did you mean 'List<String> v = new ArrayList<>();'?
2022-05-29T11:20:12.8213068Z [WARNING] /home/runner/work/che-server/che-server/core/commons/che-core-commons-lang/src/test/java/org/eclipse/che/commons/lang/UrlUtilsTest.java:[51,22] [JdkObsolete] It is very rare for LinkedList to out-perform ArrayList or ArrayDeque. Avoid it unless you're willing to invest a lot of time into benchmarking. Caveat: LinkedList supports null elements, but ArrayDeque does not.
2022-05-29T11:20:12.8213864Z     (see https://errorprone.info/bugpattern/JdkObsolete)
2022-05-29T11:20:12.8214321Z   Did you mean 'List<String> v = new ArrayList<>();'?
2022-05-29T11:20:12.8215340Z [WARNING] /home/runner/work/che-server/che-server/core/commons/che-core-commons-lang/src/test/java/org/eclipse/che/commons/lang/UrlUtilsTest.java:[55,24] [JdkObsolete] It is very rare for LinkedList to out-perform ArrayList or ArrayDeque. Avoid it unless you're willing to invest a lot of time into benchmarking. Caveat: LinkedList supports null elements, but ArrayDeque does not.
2022-05-29T11:20:12.8216092Z     (see https://errorprone.info/bugpattern/JdkObsolete)
2022-05-29T11:20:12.8216551Z   Did you mean 'List<String> par = new ArrayList<>();'?
2022-05-29T11:20:12.8217576Z [WARNING] /home/runner/work/che-server/che-server/core/commons/che-core-commons-lang/src/test/java/org/eclipse/che/commons/lang/UrlUtilsTest.java:[70,22] [JdkObsolete] It is very rare for LinkedList to out-perform ArrayList or ArrayDeque. Avoid it unless you're willing to invest a lot of time into benchmarking. Caveat: LinkedList supports null elements, but ArrayDeque does not.
2022-05-29T11:20:12.8218322Z     (see https://errorprone.info/bugpattern/JdkObsolete)
2022-05-29T11:20:12.8218761Z   Did you mean 'List<String> v = new ArrayList<>();'?
2022-05-29T11:20:12.8219797Z [WARNING] /home/runner/work/che-server/che-server/core/commons/che-core-commons-lang/src/test/java/org/eclipse/che/commons/lang/UrlUtilsTest.java:[74,24] [JdkObsolete] It is very rare for LinkedList to out-perform ArrayList or ArrayDeque. Avoid it unless you're willing to invest a lot of time into benchmarking. Caveat: LinkedList supports null elements, but ArrayDeque does not.
2022-05-29T11:20:12.8220545Z     (see https://errorprone.info/bugpattern/JdkObsolete)
2022-05-29T11:20:12.8221187Z   Did you mean 'List<String> par = new ArrayList<>();'?
2022-05-29T11:20:12.8222238Z [WARNING] /home/runner/work/che-server/che-server/core/commons/che-core-commons-lang/src/test/java/org/eclipse/che/commons/lang/UrlUtilsTest.java:[89,27] [JdkObsolete] It is very rare for LinkedList to out-perform ArrayList or ArrayDeque. Avoid it unless you're willing to invest a lot of time into benchmarking. Caveat: LinkedList supports null elements, but ArrayDeque does not.
2022-05-29T11:20:12.8222983Z     (see https://errorprone.info/bugpattern/JdkObsolete)
2022-05-29T11:20:12.8223443Z   Did you mean 'List<String> vcsurl = new ArrayList<>();'?
2022-05-29T11:20:12.8224329Z [WARNING] /home/runner/work/che-server/che-server/core/commons/che-core-commons-lang/src/test/java/org/eclipse/che/commons/lang/TestURLEncodedUtils.java:[31,27] [JdkObsolete] StringBuffer performs synchronization that is usually unnecessary; prefer StringBuilder.
2022-05-29T11:20:12.8225075Z     (see https://errorprone.info/bugpattern/JdkObsolete)
2022-05-29T11:20:12.8225547Z   Did you mean 'StringBuilder buffer = new StringBuilder();'?
2022-05-29T11:20:12.8225860Z [INFO] 
2022-05-29T11:20:12.8226346Z [INFO] --- maven-surefire-plugin:3.0.0-M5:test (default-test) @ che-core-commons-lang ---
2022-05-29T11:20:12.9801974Z [INFO] 
2022-05-29T11:20:12.9802984Z [INFO] -------------------------------------------------------
2022-05-29T11:20:12.9803455Z [INFO]  T E S T S
2022-05-29T11:20:12.9804639Z [INFO] -------------------------------------------------------
2022-05-29T11:20:13.2562027Z [INFO] Running TestSuite
2022-05-29T11:20:14.4702312Z [INFO] Tests run: 73, Failures: 0, Errors: 0, Skipped: 0, Time elapsed: 1.183 s - in TestSuite
2022-05-29T11:20:14.5033215Z [INFO] 
2022-05-29T11:20:14.5033751Z [INFO] Results:
2022-05-29T11:20:14.5034151Z [INFO] 
2022-05-29T11:20:14.5035010Z [INFO] Tests run: 73, Failures: 0, Errors: 0, Skipped: 0
2022-05-29T11:20:14.5035394Z [INFO] 
2022-05-29T11:20:14.5062391Z [INFO] 
2022-05-29T11:20:14.5064184Z [INFO] --- maven-jar-plugin:3.2.0:jar (default-jar) @ che-core-commons-lang ---
2022-05-29T11:20:14.5144717Z [INFO] Building jar: /home/runner/work/che-server/che-server/core/commons/che-core-commons-lang/target/che-core-commons-lang-7.48.0-SNAPSHOT.jar
2022-05-29T11:20:14.5421016Z [INFO] 
2022-05-29T11:20:14.5421985Z [INFO] --- maven-dependency-plugin:3.1.2:analyze-only (analyze) @ che-core-commons-lang ---
2022-05-29T11:20:14.5703604Z [INFO] No dependency problems found
2022-05-29T11:20:14.5706591Z [INFO] 
2022-05-29T11:20:14.5709375Z [INFO] --- maven-install-plugin:3.0.0-M1:install (default-install) @ che-core-commons-lang ---
2022-05-29T11:20:14.5720300Z [INFO] Installing /home/runner/work/che-server/che-server/core/commons/che-core-commons-lang/target/che-core-commons-lang-7.48.0-SNAPSHOT.jar to /home/runner/.m2/repository/org/eclipse/che/core/che-core-commons-lang/7.48.0-SNAPSHOT/che-core-commons-lang-7.48.0-SNAPSHOT.jar
2022-05-29T11:20:14.5728755Z [INFO] Installing /home/runner/work/che-server/che-server/core/commons/che-core-commons-lang/pom.xml to /home/runner/.m2/repository/org/eclipse/che/core/che-core-commons-lang/7.48.0-SNAPSHOT/che-core-commons-lang-7.48.0-SNAPSHOT.pom
2022-05-29T11:20:14.5743515Z [INFO] 
2022-05-29T11:20:14.5744001Z [INFO] -------------< org.eclipse.che.core:che-core-commons-test >-------------
2022-05-29T11:20:14.5747751Z [INFO] Building Che Core :: Commons :: Utilities for tests 7.48.0-SNAPSHOT [6/106]
2022-05-29T11:20:14.5750311Z [INFO] --------------------------------[ jar ]---------------------------------
2022-05-29T11:20:14.5915351Z [INFO] 
2022-05-29T11:20:14.5918095Z [INFO] --- maven-clean-plugin:3.1.0:clean (default-clean) @ che-core-commons-test ---
2022-05-29T11:20:14.5924798Z [INFO] 
2022-05-29T11:20:14.5927485Z [INFO] --- build-helper-maven-plugin:3.2.0:parse-version (parse-version) @ che-core-commons-test ---
2022-05-29T11:20:14.5934780Z [INFO] 
2022-05-29T11:20:14.5935381Z [INFO] --- buildnumber-maven-plugin:3.0.0:create (default) @ che-core-commons-test ---
2022-05-29T11:20:14.5947392Z [INFO] 
2022-05-29T11:20:14.5948049Z [INFO] --- maven-enforcer-plugin:3.0.0:enforce (enforce) @ che-core-commons-test ---
2022-05-29T11:20:14.5995751Z [INFO] Downloading from ossrh: https://oss.sonatype.org/content/repositories/snapshots/org/eclipse/che/core/che-core-commons-test/7.48.0-SNAPSHOT/maven-metadata.xml
2022-05-29T11:20:14.6939059Z [INFO] 
2022-05-29T11:20:14.6939647Z [INFO] --- maven-sortpom-plugin:2.3.1:verify (default) @ che-core-commons-test ---
2022-05-29T11:20:14.6945033Z [WARNING] DEPRECATED: The SortPom plugin has moved to <groupId>com.github.ekryd.sortpom</groupId> <artifactId>sortpom-maven-plugin</artifactId>
2022-05-29T11:20:14.6945507Z [WARNING] DEPRECATED: Please update the plugin reference
2022-05-29T11:20:14.6947436Z [INFO] Verifying file /home/runner/work/che-server/che-server/core/commons/che-core-commons-test/pom.xml
2022-05-29T11:20:14.7005445Z [INFO] 
2022-05-29T11:20:14.7006067Z [INFO] --- fmt-maven-plugin:2.13:check (default) @ che-core-commons-test ---
2022-05-29T11:20:14.8832673Z [INFO] Processed 23 files (0 non-complying).
2022-05-29T11:20:14.8833297Z [INFO] 
2022-05-29T11:20:14.8834190Z [INFO] --- license-maven-plugin:4.1:check (check-headers) @ che-core-commons-test ---
2022-05-29T11:20:14.8879688Z [INFO] Checking licenses...
2022-05-29T11:20:20.9089729Z [WARNING] Unknown file extension: /home/runner/work/che-server/che-server/core/commons/che-core-commons-test/src/main/resources/org/eclipse/che/commons/test/db/persistence.xml.template
2022-05-29T11:20:23.9296310Z [WARNING] Unable to find a comment style definition for some files. You may want to add a custom mapping for the relevant file extensions.
2022-05-29T11:20:23.9369613Z [INFO] 
2022-05-29T11:20:23.9383402Z [INFO] --- maven-resources-plugin:3.2.0:resources (default-resources) @ che-core-commons-test ---
2022-05-29T11:20:23.9384287Z [WARNING] Using platform encoding (UTF-8 actually) to copy filtered resources, i.e. build is platform dependent!
2022-05-29T11:20:23.9385209Z [INFO] Using 'null' encoding to copy filtered properties files.
2022-05-29T11:20:23.9385555Z [INFO] Copying 1 resource
2022-05-29T11:20:23.9385764Z [INFO] 
2022-05-29T11:20:23.9386207Z [INFO] --- maven-compiler-plugin:3.8.1:compile (default-compile) @ che-core-commons-test ---
2022-05-29T11:20:23.9415088Z [INFO] Changes detected - recompiling the module!
2022-05-29T11:20:23.9415858Z [WARNING] File encoding has not been set, using platform encoding UTF-8, i.e. build is platform dependent!
2022-05-29T11:20:23.9421264Z [INFO] Compiling 17 source files to /home/runner/work/che-server/che-server/core/commons/che-core-commons-test/target/classes
2022-05-29T11:20:24.7585010Z [WARNING] /home/runner/work/che-server/che-server/core/commons/che-core-commons-test/src/main/java/org/eclipse/che/commons/test/servlet/MockServletInputStream.java:[28,14] [InputStreamSlowMultibyteRead] Please also override int read(byte[], int, int), otherwise multi-byte reads from this input stream are likely to be slow.
2022-05-29T11:20:24.7585980Z     (see https://errorprone.info/bugpattern/InputStreamSlowMultibyteRead)
2022-05-29T11:20:24.7586905Z [WARNING] /home/runner/work/che-server/che-server/core/commons/che-core-commons-test/src/main/java/org/eclipse/che/commons/test/mockito/answer/SelfReturningAnswer.java:[41,17] [MissingOverride] answer implements method in Answer; expected @Override
2022-05-29T11:20:24.7587567Z     (see https://errorprone.info/bugpattern/MissingOverride)
2022-05-29T11:20:24.7588129Z   Did you mean '@Override public Object answer(InvocationOnMock invocation) throws Throwable {'?
2022-05-29T11:20:24.7588504Z [INFO] 
2022-05-29T11:20:24.7588974Z [INFO] --- maven-resources-plugin:3.2.0:testResources (default-testResources) @ che-core-commons-test ---
2022-05-29T11:20:24.7597988Z [WARNING] Using platform encoding (UTF-8 actually) to copy filtered resources, i.e. build is platform dependent!
2022-05-29T11:20:24.7598505Z [INFO] Using 'null' encoding to copy filtered properties files.
2022-05-29T11:20:24.7605435Z [INFO] Copying 3 resources
2022-05-29T11:20:24.7622657Z [INFO] 
2022-05-29T11:20:24.7625728Z [INFO] --- maven-compiler-plugin:3.8.1:testCompile (default-testCompile) @ che-core-commons-test ---
2022-05-29T11:20:24.7688856Z [INFO] Changes detected - recompiling the module!
2022-05-29T11:20:24.7692091Z [WARNING] File encoding has not been set, using platform encoding UTF-8, i.e. build is platform dependent!
2022-05-29T11:20:24.7698441Z [INFO] Compiling 6 source files to /home/runner/work/che-server/che-server/core/commons/che-core-commons-test/target/test-classes
2022-05-29T11:20:25.3554703Z [INFO] 
2022-05-29T11:20:25.3555555Z [INFO] --- maven-surefire-plugin:3.0.0-M5:test (default-test) @ che-core-commons-test ---
2022-05-29T11:20:25.3617674Z [INFO] 
2022-05-29T11:20:25.3618275Z [INFO] -------------------------------------------------------
2022-05-29T11:20:25.3618636Z [INFO]  T E S T S
2022-05-29T11:20:25.3619265Z [INFO] -------------------------------------------------------
2022-05-29T11:20:25.5811630Z [INFO] Running TestSuite
2022-05-29T11:20:26.2891133Z [INFO] Tests run: 4, Failures: 0, Errors: 0, Skipped: 0, Time elapsed: 0.701 s - in TestSuite
2022-05-29T11:20:26.3192010Z [INFO] 
2022-05-29T11:20:26.3192488Z [INFO] Results:
2022-05-29T11:20:26.3193023Z [INFO] 
2022-05-29T11:20:26.3193492Z [INFO] Tests run: 4, Failures: 0, Errors: 0, Skipped: 0
2022-05-29T11:20:26.3193879Z [INFO] 
2022-05-29T11:20:26.3197336Z [INFO] 
2022-05-29T11:20:26.3198182Z [INFO] --- maven-jar-plugin:3.2.0:jar (default-jar) @ che-core-commons-test ---
2022-05-29T11:20:26.3252873Z [INFO] Building jar: /home/runner/work/che-server/che-server/core/commons/che-core-commons-test/target/che-core-commons-test-7.48.0-SNAPSHOT.jar
2022-05-29T11:20:26.3334286Z [INFO] 
2022-05-29T11:20:26.3335203Z [INFO] --- maven-dependency-plugin:3.1.2:analyze-only (analyze) @ che-core-commons-test ---
2022-05-29T11:20:26.3476342Z [INFO] No dependency problems found
2022-05-29T11:20:26.3478272Z [INFO] 
2022-05-29T11:20:26.3480203Z [INFO] --- maven-install-plugin:3.0.0-M1:install (default-install) @ che-core-commons-test ---
2022-05-29T11:20:26.3490235Z [INFO] Installing /home/runner/work/che-server/che-server/core/commons/che-core-commons-test/target/che-core-commons-test-7.48.0-SNAPSHOT.jar to /home/runner/.m2/repository/org/eclipse/che/core/che-core-commons-test/7.48.0-SNAPSHOT/che-core-commons-test-7.48.0-SNAPSHOT.jar
2022-05-29T11:20:26.3496473Z [INFO] Installing /home/runner/work/che-server/che-server/core/commons/che-core-commons-test/pom.xml to /home/runner/.m2/repository/org/eclipse/che/core/che-core-commons-test/7.48.0-SNAPSHOT/che-core-commons-test-7.48.0-SNAPSHOT.pom
2022-05-29T11:20:26.3509820Z [INFO] 
2022-05-29T11:20:26.3511646Z [INFO] ------------< org.eclipse.che.core:che-core-commons-inject >------------
2022-05-29T11:20:26.3513443Z [INFO] Building Che Core :: Commons :: Dependency Injecting 7.48.0-SNAPSHOT [7/106]
2022-05-29T11:20:26.3515227Z [INFO] --------------------------------[ jar ]---------------------------------
2022-05-29T11:20:26.3737829Z [INFO] 
2022-05-29T11:20:26.3739792Z [INFO] --- maven-clean-plugin:3.1.0:clean (default-clean) @ che-core-commons-inject ---
2022-05-29T11:20:26.3745520Z [INFO] 
2022-05-29T11:20:26.3747435Z [INFO] --- build-helper-maven-plugin:3.2.0:parse-version (parse-version) @ che-core-commons-inject ---
2022-05-29T11:20:26.3754244Z [INFO] 
2022-05-29T11:20:26.3756085Z [INFO] --- buildnumber-maven-plugin:3.0.0:create (default) @ che-core-commons-inject ---
2022-05-29T11:20:26.3767293Z [INFO] 
2022-05-29T11:20:26.3769363Z [INFO] --- maven-enforcer-plugin:3.0.0:enforce (enforce) @ che-core-commons-inject ---
2022-05-29T11:20:26.3815223Z [INFO] Downloading from ossrh: https://oss.sonatype.org/content/repositories/snapshots/org/eclipse/che/core/che-core-commons-inject/7.48.0-SNAPSHOT/maven-metadata.xml
2022-05-29T11:20:26.4711677Z [INFO] 
2022-05-29T11:20:26.4713686Z [INFO] --- maven-sortpom-plugin:2.3.1:verify (default) @ che-core-commons-inject ---
2022-05-29T11:20:26.4720246Z [WARNING] DEPRECATED: The SortPom plugin has moved to <groupId>com.github.ekryd.sortpom</groupId> <artifactId>sortpom-maven-plugin</artifactId>
2022-05-29T11:20:26.4722158Z [WARNING] DEPRECATED: Please update the plugin reference
2022-05-29T11:20:26.4724153Z [INFO] Verifying file /home/runner/work/che-server/che-server/core/commons/che-core-commons-inject/pom.xml
2022-05-29T11:20:26.4775358Z [INFO] 
2022-05-29T11:20:26.4777288Z [INFO] --- fmt-maven-plugin:2.13:check (default) @ che-core-commons-inject ---
2022-05-29T11:20:26.6137617Z [INFO] Processed 23 files (0 non-complying).
2022-05-29T11:20:26.6142768Z [INFO] 
2022-05-29T11:20:26.6143728Z [INFO] --- license-maven-plugin:4.1:check (check-headers) @ che-core-commons-inject ---
2022-05-29T11:20:26.6187431Z [INFO] Checking licenses...
2022-05-29T11:20:35.4369905Z [INFO] 
2022-05-29T11:20:35.4371149Z [INFO] --- maven-resources-plugin:3.2.0:resources (default-resources) @ che-core-commons-inject ---
2022-05-29T11:20:35.4373323Z [WARNING] Using platform encoding (UTF-8 actually) to copy filtered resources, i.e. build is platform dependent!
2022-05-29T11:20:35.4373987Z [INFO] Using 'null' encoding to copy filtered properties files.
2022-05-29T11:20:35.4374471Z [INFO] Copying 1 resource
2022-05-29T11:20:35.4382637Z [INFO] 
2022-05-29T11:20:35.4383212Z [INFO] --- maven-compiler-plugin:3.8.1:compile (default-compile) @ che-core-commons-inject ---
2022-05-29T11:20:35.4508983Z [INFO] Changes detected - recompiling the module!
2022-05-29T11:20:35.4509841Z [WARNING] File encoding has not been set, using platform encoding UTF-8, i.e. build is platform dependent!
2022-05-29T11:20:35.4573717Z [INFO] Compiling 19 source files to /home/runner/work/che-server/che-server/core/commons/che-core-commons-inject/target/classes
2022-05-29T11:20:36.3889983Z [WARNING] /home/runner/work/che-server/che-server/core/commons/che-core-commons-inject/src/main/java/org/eclipse/che/inject/ModuleScanner.java:[49,39] newInstance() in java.lang.Class has been deprecated
2022-05-29T11:20:36.3891112Z [WARNING] /home/runner/work/che-server/che-server/core/commons/che-core-commons-inject/src/main/java/org/eclipse/che/inject/CheBootstrap.java:[219,20] [MissingOverride] configure overrides method in AbstractModule; expected @Override
2022-05-29T11:20:36.3891791Z     (see https://errorprone.info/bugpattern/MissingOverride)
2022-05-29T11:20:36.3892289Z   Did you mean '@Override protected void configure() {'?
2022-05-29T11:20:36.3893331Z [WARNING] /home/runner/work/che-server/che-server/core/commons/che-core-commons-inject/src/main/java/org/eclipse/che/inject/ModuleScanner.java:[49,51] [ClassNewInstance] Class.newInstance() bypasses exception checking; prefer getDeclaredConstructor().newInstance()
2022-05-29T11:20:36.3894125Z     (see https://errorprone.info/bugpattern/ClassNewInstance)
2022-05-29T11:20:36.3894707Z   Did you mean 'modules.add((Module) clazz.getDeclaredConstructor().newInstance());'?
2022-05-29T11:20:36.3896021Z [WARNING] /home/runner/work/che-server/che-server/core/commons/che-core-commons-inject/src/main/java/org/eclipse/che/inject/lifecycle/LifecycleModule.java:[73,30] [PreferJavaTimeOverload] Prefer using java.time-based APIs when available. Note that this checker does not and cannot guarantee that the overloads have equivalent semantics, but that is generally the case with overloaded methods.
2022-05-29T11:20:36.3896975Z     (see https://errorprone.info/bugpattern/PreferJavaTimeOverload)
2022-05-29T11:20:36.3897468Z   Did you mean '.expireAfterWrite(Duration.ofHours(1))'?
2022-05-29T11:20:36.3898541Z [WARNING] /home/runner/work/che-server/che-server/core/commons/che-core-commons-inject/src/main/java/org/eclipse/che/inject/lifecycle/LifecycleModule.java:[95,40] [JdkObsolete] It is very rare for LinkedList to out-perform ArrayList or ArrayDeque. Avoid it unless you're willing to invest a lot of time into benchmarking. Caveat: LinkedList supports null elements, but ArrayDeque does not.
2022-05-29T11:20:36.3899330Z     (see https://errorprone.info/bugpattern/JdkObsolete)
2022-05-29T11:20:36.3900283Z [WARNING] /home/runner/work/che-server/che-server/core/commons/che-core-commons-inject/src/main/java/org/eclipse/che/inject/Matchers.java:[55,37] [OperatorPrecedence] Use grouping parenthesis to make the operator precedence explicit
2022-05-29T11:20:36.3900935Z     (see https://errorprone.info/bugpattern/OperatorPrecedence)
2022-05-29T11:20:36.3901489Z   Did you mean '|| (other instanceof Names && ((Names) other).methodName.equals(methodName));'?
2022-05-29T11:20:36.3908817Z [INFO] 
2022-05-29T11:20:36.3909500Z [INFO] --- maven-resources-plugin:3.2.0:testResources (default-testResources) @ che-core-commons-inject ---
2022-05-29T11:20:36.3924696Z [WARNING] Using platform encoding (UTF-8 actually) to copy filtered resources, i.e. build is platform dependent!
2022-05-29T11:20:36.3925288Z [INFO] Using 'null' encoding to copy filtered properties files.
2022-05-29T11:20:36.3928893Z [INFO] Copying 1 resource
2022-05-29T11:20:36.3934386Z [INFO] 
2022-05-29T11:20:36.3935030Z [INFO] --- maven-compiler-plugin:3.8.1:testCompile (default-testCompile) @ che-core-commons-inject ---
2022-05-29T11:20:36.3983509Z [INFO] Changes detected - recompiling the module!
2022-05-29T11:20:36.3984142Z [WARNING] File encoding has not been set, using platform encoding UTF-8, i.e. build is platform dependent!
2022-05-29T11:20:36.3988691Z [INFO] Compiling 4 source files to /home/runner/work/che-server/che-server/core/commons/che-core-commons-inject/target/test-classes
2022-05-29T11:20:37.1742592Z [INFO] 
2022-05-29T11:20:37.1743839Z [INFO] --- maven-surefire-plugin:3.0.0-M5:test (default-test) @ che-core-commons-inject ---
2022-05-29T11:20:37.1890465Z [INFO] 
2022-05-29T11:20:37.1891296Z [INFO] -------------------------------------------------------
2022-05-29T11:20:37.1891943Z [INFO]  T E S T S
2022-05-29T11:20:37.1892451Z [INFO] -------------------------------------------------------
2022-05-29T11:20:37.4084470Z [INFO] Running TestSuite
2022-05-29T11:20:38.2846926Z SLF4J: Failed to load class "org.slf4j.impl.StaticLoggerBinder".
2022-05-29T11:20:38.2847881Z SLF4J: Defaulting to no-operation (NOP) logger implementation
2022-05-29T11:20:38.2848542Z SLF4J: See http://www.slf4j.org/codes.html#StaticLoggerBinder for further details.
2022-05-29T11:20:38.6633646Z May 29, 2022 11:20:38 AM com.google.inject.servlet.GuiceFilter setPipeline
2022-05-29T11:20:38.7259835Z WARNING: Multiple Servlet injectors detected. This is a warning indicating that you have more than one GuiceFilter running in your web application. If this is deliberate, you may safely ignore this message. If this is NOT deliberate however, your application may not work as expected.
2022-05-29T11:20:38.7260490Z May 29, 2022 11:20:38 AM com.google.inject.servlet.GuiceFilter setPipeline
2022-05-29T11:20:38.7261352Z WARNING: Multiple Servlet injectors detected. This is a warning indicating that you have more than one GuiceFilter running in your web application. If this is deliberate, you may safely ignore this message. If this is NOT deliberate however, your application may not work as expected.
2022-05-29T11:20:38.7836732Z May 29, 2022 11:20:38 AM com.google.inject.servlet.GuiceFilter setPipeline
2022-05-29T11:20:38.7837712Z WARNING: Multiple Servlet injectors detected. This is a warning indicating that you have more than one GuiceFilter running in your web application. If this is deliberate, you may safely ignore this message. If this is NOT deliberate however, your application may not work as expected.
2022-05-29T11:20:38.8284021Z May 29, 2022 11:20:38 AM com.google.inject.servlet.GuiceFilter setPipeline
2022-05-29T11:20:38.8284716Z WARNING: Multiple Servlet injectors detected. This is a warning indicating that you have more than one GuiceFilter running in your web application. If this is deliberate, you may safely ignore this message. If this is NOT deliberate however, your application may not work as expected.
2022-05-29T11:20:38.8838066Z May 29, 2022 11:20:38 AM com.google.inject.servlet.GuiceFilter setPipeline
2022-05-29T11:20:38.8838977Z WARNING: Multiple Servlet injectors detected. This is a warning indicating that you have more than one GuiceFilter running in your web application. If this is deliberate, you may safely ignore this message. If this is NOT deliberate however, your application may not work as expected.
2022-05-29T11:20:38.9403466Z May 29, 2022 11:20:38 AM com.google.inject.servlet.GuiceFilter setPipeline
2022-05-29T11:20:38.9404159Z WARNING: Multiple Servlet injectors detected. This is a warning indicating that you have more than one GuiceFilter running in your web application. If this is deliberate, you may safely ignore this message. If this is NOT deliberate however, your application may not work as expected.
2022-05-29T11:20:38.9830714Z May 29, 2022 11:20:38 AM com.google.inject.servlet.GuiceFilter setPipeline
2022-05-29T11:20:38.9831677Z WARNING: Multiple Servlet injectors detected. This is a warning indicating that you have more than one GuiceFilter running in your web application. If this is deliberate, you may safely ignore this message. If this is NOT deliberate however, your application may not work as expected.
2022-05-29T11:20:39.0219152Z May 29, 2022 11:20:39 AM com.google.inject.servlet.GuiceFilter setPipeline
2022-05-29T11:20:39.0220142Z WARNING: Multiple Servlet injectors detected. This is a warning indicating that you have more than one GuiceFilter running in your web application. If this is deliberate, you may safely ignore this message. If this is NOT deliberate however, your application may not work as expected.
2022-05-29T11:20:39.1302286Z [INFO] Tests run: 13, Failures: 0, Errors: 0, Skipped: 0, Time elapsed: 1.714 s - in TestSuite
2022-05-29T11:20:39.1466417Z [INFO] 
2022-05-29T11:20:39.1466671Z [INFO] Results:
2022-05-29T11:20:39.1466879Z [INFO] 
2022-05-29T11:20:39.1467133Z [INFO] Tests run: 13, Failures: 0, Errors: 0, Skipped: 0
2022-05-29T11:20:39.1467367Z [INFO] 
2022-05-29T11:20:39.1509255Z [INFO] 
2022-05-29T11:20:39.1509851Z [INFO] --- maven-jar-plugin:3.2.0:jar (default-jar) @ che-core-commons-inject ---
2022-05-29T11:20:39.1635284Z [INFO] Building jar: /home/runner/work/che-server/che-server/core/commons/che-core-commons-inject/target/che-core-commons-inject-7.48.0-SNAPSHOT.jar
2022-05-29T11:20:39.1771502Z [INFO] 
2022-05-29T11:20:39.1772359Z [INFO] --- maven-dependency-plugin:3.1.2:analyze-only (analyze) @ che-core-commons-inject ---
2022-05-29T11:20:39.2076080Z [INFO] No dependency problems found
2022-05-29T11:20:39.2076638Z [INFO] 
2022-05-29T11:20:39.2077510Z [INFO] --- maven-install-plugin:3.0.0-M1:install (default-install) @ che-core-commons-inject ---
2022-05-29T11:20:39.2160621Z [INFO] Installing /home/runner/work/che-server/che-server/core/commons/che-core-commons-inject/target/che-core-commons-inject-7.48.0-SNAPSHOT.jar to /home/runner/.m2/repository/org/eclipse/che/core/che-core-commons-inject/7.48.0-SNAPSHOT/che-core-commons-inject-7.48.0-SNAPSHOT.jar
2022-05-29T11:20:39.2163837Z [INFO] Installing /home/runner/work/che-server/che-server/core/commons/che-core-commons-inject/pom.xml to /home/runner/.m2/repository/org/eclipse/che/core/che-core-commons-inject/7.48.0-SNAPSHOT/che-core-commons-inject-7.48.0-SNAPSHOT.pom
2022-05-29T11:20:39.2176943Z [INFO] 
2022-05-29T11:20:39.2177905Z [INFO] -------------< org.eclipse.che.core:che-core-commons-json >-------------
2022-05-29T11:20:39.2178620Z [INFO] Building Che Core :: Commons :: Json helpers 7.48.0-SNAPSHOT     [8/106]
2022-05-29T11:20:39.2179207Z [INFO] --------------------------------[ jar ]---------------------------------
2022-05-29T11:20:39.2230060Z [INFO] 
2022-05-29T11:20:39.2230818Z [INFO] --- maven-clean-plugin:3.1.0:clean (default-clean) @ che-core-commons-json ---
2022-05-29T11:20:39.2235822Z [INFO] 
2022-05-29T11:20:39.2236484Z [INFO] --- build-helper-maven-plugin:3.2.0:parse-version (parse-version) @ che-core-commons-json ---
2022-05-29T11:20:39.2247200Z [INFO] 
2022-05-29T11:20:39.2247864Z [INFO] --- buildnumber-maven-plugin:3.0.0:create (default) @ che-core-commons-json ---
2022-05-29T11:20:39.2254119Z [INFO] 
2022-05-29T11:20:39.2254778Z [INFO] --- maven-enforcer-plugin:3.0.0:enforce (enforce) @ che-core-commons-json ---
2022-05-29T11:20:39.2308751Z [INFO] Downloading from ossrh: https://oss.sonatype.org/content/repositories/snapshots/org/eclipse/che/core/che-core-commons-json/7.48.0-SNAPSHOT/maven-metadata.xml
2022-05-29T11:20:39.3224576Z [INFO] 
2022-05-29T11:20:39.3227567Z [INFO] --- maven-sortpom-plugin:2.3.1:verify (default) @ che-core-commons-json ---
2022-05-29T11:20:39.3233950Z [WARNING] DEPRECATED: The SortPom plugin has moved to <groupId>com.github.ekryd.sortpom</groupId> <artifactId>sortpom-maven-plugin</artifactId>
2022-05-29T11:20:39.3236538Z [WARNING] DEPRECATED: Please update the plugin reference
2022-05-29T11:20:39.3239356Z [INFO] Verifying file /home/runner/work/che-server/che-server/core/commons/che-core-commons-json/pom.xml
2022-05-29T11:20:39.3286120Z [INFO] 
2022-05-29T11:20:39.3360719Z [INFO] --- fmt-maven-plugin:2.13:check (default) @ che-core-commons-json ---
2022-05-29T11:20:39.3736457Z [INFO] Processed 7 files (0 non-complying).
2022-05-29T11:20:39.3737077Z [INFO] 
2022-05-29T11:20:39.3738012Z [INFO] --- license-maven-plugin:4.1:check (check-headers) @ che-core-commons-json ---
2022-05-29T11:20:39.3850037Z [INFO] Checking licenses...
2022-05-29T11:20:42.3925314Z [INFO] 
2022-05-29T11:20:42.3926210Z [INFO] --- maven-resources-plugin:3.2.0:resources (default-resources) @ che-core-commons-json ---
2022-05-29T11:20:42.3926890Z [WARNING] Using platform encoding (UTF-8 actually) to copy filtered resources, i.e. build is platform dependent!
2022-05-29T11:20:42.3927442Z [INFO] Using 'null' encoding to copy filtered properties files.
2022-05-29T11:20:42.3928092Z [INFO] skip non existing resourceDirectory /home/runner/work/che-server/che-server/core/commons/che-core-commons-json/src/main/resources
2022-05-29T11:20:42.3928529Z [INFO] 
2022-05-29T11:20:42.3929111Z [INFO] --- maven-compiler-plugin:3.8.1:compile (default-compile) @ che-core-commons-json ---
2022-05-29T11:20:42.4010523Z [INFO] Changes detected - recompiling the module!
2022-05-29T11:20:42.4011102Z [WARNING] File encoding has not been set, using platform encoding UTF-8, i.e. build is platform dependent!
2022-05-29T11:20:42.4011822Z [INFO] Compiling 6 source files to /home/runner/work/che-server/che-server/core/commons/che-core-commons-json/target/classes
2022-05-29T11:20:42.9134791Z [INFO] /home/runner/work/che-server/che-server/core/commons/che-core-commons-json/src/main/java/org/eclipse/che/commons/json/JsonHelper.java: /home/runner/work/che-server/che-server/core/commons/che-core-commons-json/src/main/java/org/eclipse/che/commons/json/JsonHelper.java uses unchecked or unsafe operations.
2022-05-29T11:20:42.9135983Z [INFO] /home/runner/work/che-server/che-server/core/commons/che-core-commons-json/src/main/java/org/eclipse/che/commons/json/JsonHelper.java: Recompile with -Xlint:unchecked for details.
2022-05-29T11:20:42.9140292Z [INFO] 
2022-05-29T11:20:42.9143014Z [INFO] --- maven-resources-plugin:3.2.0:testResources (default-testResources) @ che-core-commons-json ---
2022-05-29T11:20:42.9155932Z [WARNING] Using platform encoding (UTF-8 actually) to copy filtered resources, i.e. build is platform dependent!
2022-05-29T11:20:42.9156544Z [INFO] Using 'null' encoding to copy filtered properties files.
2022-05-29T11:20:42.9160113Z [INFO] skip non existing resourceDirectory /home/runner/work/che-server/che-server/core/commons/che-core-commons-json/src/test/resources
2022-05-29T11:20:42.9163157Z [INFO] 
2022-05-29T11:20:42.9165801Z [INFO] --- maven-compiler-plugin:3.8.1:testCompile (default-testCompile) @ che-core-commons-json ---
2022-05-29T11:20:42.9243593Z [INFO] Changes detected - recompiling the module!
2022-05-29T11:20:42.9246403Z [WARNING] File encoding has not been set, using platform encoding UTF-8, i.e. build is platform dependent!
2022-05-29T11:20:42.9251312Z [INFO] Compiling 1 source file to /home/runner/work/che-server/che-server/core/commons/che-core-commons-json/target/test-classes
2022-05-29T11:20:43.3844990Z [INFO] 
2022-05-29T11:20:43.3846970Z [INFO] --- maven-surefire-plugin:3.0.0-M5:test (default-test) @ che-core-commons-json ---
2022-05-29T11:20:43.3896436Z [INFO] 
2022-05-29T11:20:43.3898125Z [INFO] -------------------------------------------------------
2022-05-29T11:20:43.3899385Z [INFO]  T E S T S
2022-05-29T11:20:43.3900643Z [INFO] -------------------------------------------------------
2022-05-29T11:20:43.6043325Z [INFO] Running org.eclipse.che.commons.json.JsonTest
2022-05-29T11:20:43.9800401Z [INFO] Tests run: 6, Failures: 0, Errors: 0, Skipped: 0, Time elapsed: 0.374 s - in org.eclipse.che.commons.json.JsonTest
2022-05-29T11:20:44.0122311Z [INFO] 
2022-05-29T11:20:44.0123211Z [INFO] Results:
2022-05-29T11:20:44.0123490Z [INFO] 
2022-05-29T11:20:44.0123856Z [INFO] Tests run: 6, Failures: 0, Errors: 0, Skipped: 0
2022-05-29T11:20:44.0124163Z [INFO] 
2022-05-29T11:20:44.0131827Z [INFO] 
2022-05-29T11:20:44.0132491Z [INFO] --- maven-jar-plugin:3.2.0:jar (default-jar) @ che-core-commons-json ---
2022-05-29T11:20:44.0166721Z [INFO] Building jar: /home/runner/work/che-server/che-server/core/commons/che-core-commons-json/target/che-core-commons-json-7.48.0-SNAPSHOT.jar
2022-05-29T11:20:44.0290181Z [INFO] 
2022-05-29T11:20:44.0291227Z [INFO] --- maven-dependency-plugin:3.1.2:analyze-only (analyze) @ che-core-commons-json ---
2022-05-29T11:20:44.0383106Z [INFO] No dependency problems found
2022-05-29T11:20:44.0386195Z [INFO] 
2022-05-29T11:20:44.0388956Z [INFO] --- maven-install-plugin:3.0.0-M1:install (default-install) @ che-core-commons-json ---
2022-05-29T11:20:44.0401508Z [INFO] Installing /home/runner/work/che-server/che-server/core/commons/che-core-commons-json/target/che-core-commons-json-7.48.0-SNAPSHOT.jar to /home/runner/.m2/repository/org/eclipse/che/core/che-core-commons-json/7.48.0-SNAPSHOT/che-core-commons-json-7.48.0-SNAPSHOT.jar
2022-05-29T11:20:44.0408612Z [INFO] Installing /home/runner/work/che-server/che-server/core/commons/che-core-commons-json/pom.xml to /home/runner/.m2/repository/org/eclipse/che/core/che-core-commons-json/7.48.0-SNAPSHOT/che-core-commons-json-7.48.0-SNAPSHOT.pom
2022-05-29T11:20:44.0423147Z [INFO] 
2022-05-29T11:20:44.0425866Z [INFO] -----------< org.eclipse.che.core:che-core-commons-schedule >-----------
2022-05-29T11:20:44.0428568Z [INFO] Building Che Core :: Commons :: Scheduler service 7.48.0-SNAPSHOT [9/106]
2022-05-29T11:20:44.0431140Z [INFO] --------------------------------[ jar ]---------------------------------
2022-05-29T11:20:44.0497895Z [INFO] 
2022-05-29T11:20:44.0500725Z [INFO] --- maven-clean-plugin:3.1.0:clean (default-clean) @ che-core-commons-schedule ---
2022-05-29T11:20:44.0507088Z [INFO] 
2022-05-29T11:20:44.0509867Z [INFO] --- build-helper-maven-plugin:3.2.0:parse-version (parse-version) @ che-core-commons-schedule ---
2022-05-29T11:20:44.0516559Z [INFO] 
2022-05-29T11:20:44.0519291Z [INFO] --- buildnumber-maven-plugin:3.0.0:create (default) @ che-core-commons-schedule ---
2022-05-29T11:20:44.0527862Z [INFO] 
2022-05-29T11:20:44.0530796Z [INFO] --- maven-enforcer-plugin:3.0.0:enforce (enforce) @ che-core-commons-schedule ---
2022-05-29T11:20:44.0704997Z [INFO] Downloading from ossrh: https://oss.sonatype.org/content/repositories/snapshots/org/eclipse/che/core/che-core-commons-schedule/7.48.0-SNAPSHOT/maven-metadata.xml
2022-05-29T11:20:44.1562797Z [INFO] 
2022-05-29T11:20:44.1563800Z [INFO] --- maven-sortpom-plugin:2.3.1:verify (default) @ che-core-commons-schedule ---
2022-05-29T11:20:44.1570129Z [WARNING] DEPRECATED: The SortPom plugin has moved to <groupId>com.github.ekryd.sortpom</groupId> <artifactId>sortpom-maven-plugin</artifactId>
2022-05-29T11:20:44.1570810Z [WARNING] DEPRECATED: Please update the plugin reference
2022-05-29T11:20:44.1571568Z [INFO] Verifying file /home/runner/work/che-server/che-server/core/commons/che-core-commons-schedule/pom.xml
2022-05-29T11:20:44.1613444Z [INFO] 
2022-05-29T11:20:44.1614216Z [INFO] --- fmt-maven-plugin:2.13:check (default) @ che-core-commons-schedule ---
2022-05-29T11:20:44.3226467Z [INFO] Processed 13 files (0 non-complying).
2022-05-29T11:20:44.3226926Z [INFO] 
2022-05-29T11:20:44.3228695Z [INFO] --- license-maven-plugin:4.1:check (check-headers) @ che-core-commons-schedule ---
2022-05-29T11:20:44.3229329Z [INFO] Checking licenses...
2022-05-29T11:20:49.5138595Z [INFO] 
2022-05-29T11:20:49.5140199Z [INFO] --- maven-resources-plugin:3.2.0:resources (default-resources) @ che-core-commons-schedule ---
2022-05-29T11:20:49.5159820Z [WARNING] Using platform encoding (UTF-8 actually) to copy filtered resources, i.e. build is platform dependent!
2022-05-29T11:20:49.5160626Z [INFO] Using 'null' encoding to copy filtered properties files.
2022-05-29T11:20:49.5161798Z [INFO] skip non existing resourceDirectory /home/runner/work/che-server/che-server/core/commons/che-core-commons-schedule/src/main/resources
2022-05-29T11:20:49.5162218Z [INFO] 
2022-05-29T11:20:49.5162714Z [INFO] --- maven-compiler-plugin:3.8.1:compile (default-compile) @ che-core-commons-schedule ---
2022-05-29T11:20:49.5236959Z [INFO] Changes detected - recompiling the module!
2022-05-29T11:20:49.5240227Z [WARNING] File encoding has not been set, using platform encoding UTF-8, i.e. build is platform dependent!
2022-05-29T11:20:49.5246504Z [INFO] Compiling 12 source files to /home/runner/work/che-server/che-server/core/commons/che-core-commons-schedule/target/classes
2022-05-29T11:20:50.7901757Z [WARNING] /home/runner/work/che-server/che-server/core/commons/che-core-commons-schedule/src/main/java/org/eclipse/che/inject/lifecycle/ScheduleInjectionListener.java:[40,31] [UnusedVariable] The field 'LOG' is never read.
2022-05-29T11:20:50.7902700Z     (see https://errorprone.info/bugpattern/UnusedVariable)
2022-05-29T11:20:50.7903506Z   Did you mean to remove this line or 'static { LoggerFactory.getLogger(ScheduleInjectionListener.class); }'?
2022-05-29T11:20:50.7904691Z [WARNING] /home/runner/work/che-server/che-server/core/commons/che-core-commons-schedule/src/main/java/org/eclipse/che/inject/lifecycle/ScheduleInjectionListener.java:[56,17] [TypeParameterShadowing] Found aliased type parameters: T declared in ScheduleInjectionListener
2022-05-29T11:20:50.7905632Z     (see https://errorprone.info/bugpattern/TypeParameterShadowing)
2022-05-29T11:20:50.7906321Z   Did you mean 'private <T2> T2 getValue(Class<T2> configurationType, String configurationKey) {'?
2022-05-29T11:20:50.7907288Z [WARNING] /home/runner/work/che-server/che-server/core/commons/che-core-commons-schedule/src/main/java/org/eclipse/che/commons/schedule/executor/CronExpression.java:[1157,26] [UnusedVariable] This assignment to the local variable 'st' is never read.
2022-05-29T11:20:50.7908114Z     (see https://errorprone.info/bugpattern/UnusedVariable)
2022-05-29T11:20:50.7908841Z   Did you mean to remove this line?
2022-05-29T11:20:50.7909816Z [WARNING] /home/runner/work/che-server/che-server/core/commons/che-core-commons-schedule/src/main/java/org/eclipse/che/commons/schedule/executor/CronExpression.java:[1158,11] [UnusedVariable] This assignment to the local variable 't' is never read.
2022-05-29T11:20:50.7910447Z     (see https://errorprone.info/bugpattern/UnusedVariable)
2022-05-29T11:20:50.7970619Z   Did you mean to remove this line?
2022-05-29T11:20:50.7973568Z [WARNING] /home/runner/work/che-server/che-server/core/commons/che-core-commons-schedule/src/main/java/org/eclipse/che/commons/schedule/executor/CronExpression.java:[303,36] [UnnecessaryParentheses] These grouping parentheses are unnecessary; it is unlikely the code will be misinterpreted without them
2022-05-29T11:20:50.7976162Z     (see https://errorprone.info/bugpattern/UnnecessaryParentheses)
2022-05-29T11:20:50.7978525Z   Did you mean 'return ((timeAfter != null) && timeAfter.equals(originalDate));'?
2022-05-29T11:20:50.7981294Z [WARNING] /home/runner/work/che-server/che-server/core/commons/che-core-commons-schedule/src/main/java/org/eclipse/che/commons/schedule/executor/CronExpression.java:[514,12] [UnnecessaryParentheses] These grouping parentheses are unnecessary; it is unlikely the code will be misinterpreted without them
2022-05-29T11:20:50.7983819Z     (see https://errorprone.info/bugpattern/UnnecessaryParentheses)
2022-05-29T11:20:50.7986057Z   Did you mean '&& !s.equals("L")'?
2022-05-29T11:20:50.7988968Z [WARNING] /home/runner/work/che-server/che-server/core/commons/che-core-commons-schedule/src/main/java/org/eclipse/che/commons/schedule/executor/CronExpression.java:[515,12] [UnnecessaryParentheses] These grouping parentheses are unnecessary; it is unlikely the code will be misinterpreted without them
2022-05-29T11:20:50.7991519Z     (see https://errorprone.info/bugpattern/UnnecessaryParentheses)
2022-05-29T11:20:50.7993755Z   Did you mean '&& !s.equals("LW")'?
2022-05-29T11:20:50.7996437Z [WARNING] /home/runner/work/che-server/che-server/core/commons/che-core-commons-schedule/src/main/java/org/eclipse/che/commons/schedule/executor/CronExpression.java:[516,12] [UnnecessaryParentheses] These grouping parentheses are unnecessary; it is unlikely the code will be misinterpreted without them
2022-05-29T11:20:50.7998941Z     (see https://errorprone.info/bugpattern/UnnecessaryParentheses)
2022-05-29T11:20:50.8001305Z   Did you mean '&& !s.matches("^L-[0-9]*[W]?")) {'?
2022-05-29T11:20:50.8003995Z [WARNING] /home/runner/work/che-server/che-server/core/commons/che-core-commons-schedule/src/main/java/org/eclipse/che/commons/schedule/executor/CronExpression.java:[1578,16] [UnnecessaryParentheses] These grouping parentheses are unnecessary; it is unlikely the code will be misinterpreted without them
2022-05-29T11:20:50.8006460Z     (see https://errorprone.info/bugpattern/UnnecessaryParentheses)
2022-05-29T11:20:50.8008682Z   Did you mean 'return isLeapYear(year) ? 29 : 28;'?
2022-05-29T11:20:50.8011622Z [WARNING] /home/runner/work/che-server/che-server/core/commons/che-core-commons-schedule/src/main/java/org/eclipse/che/commons/schedule/executor/ThreadPullLauncher.java:[84,23] [FutureReturnValueIgnored] Return value of methods returning Future must be checked. Ignoring returned Futures suppresses exceptions thrown from the code that completes the Future.
2022-05-29T11:20:50.8012519Z     (see https://errorprone.info/bugpattern/FutureReturnValueIgnored)
2022-05-29T11:20:50.8012899Z   Did you mean to remove this line?
2022-05-29T11:20:50.8013924Z [WARNING] /home/runner/work/che-server/che-server/core/commons/che-core-commons-schedule/src/main/java/org/eclipse/che/commons/schedule/executor/ThreadPullLauncher.java:[105,35] [FutureReturnValueIgnored] Return value of methods returning Future must be checked. Ignoring returned Futures suppresses exceptions thrown from the code that completes the Future.
2022-05-29T11:20:50.8014800Z     (see https://errorprone.info/bugpattern/FutureReturnValueIgnored)
2022-05-29T11:20:50.8015173Z   Did you mean to remove this line?
2022-05-29T11:20:50.8016159Z [WARNING] /home/runner/work/che-server/che-server/core/commons/che-core-commons-schedule/src/main/java/org/eclipse/che/commons/schedule/executor/ThreadPullLauncher.java:[127,32] [FutureReturnValueIgnored] Return value of methods returning Future must be checked. Ignoring returned Futures suppresses exceptions thrown from the code that completes the Future.
2022-05-29T11:20:50.8016937Z     (see https://errorprone.info/bugpattern/FutureReturnValueIgnored)
2022-05-29T11:20:50.8017309Z   Did you mean to remove this line?
2022-05-29T11:20:50.8018301Z [WARNING] /home/runner/work/che-server/che-server/core/commons/che-core-commons-schedule/src/main/java/org/eclipse/che/commons/schedule/executor/CronThreadPoolExecutor.java:[103,53] [FutureReturnValueIgnored] Return value of methods returning Future must be checked. Ignoring returned Futures suppresses exceptions thrown from the code that completes the Future.
2022-05-29T11:20:50.8019074Z     (see https://errorprone.info/bugpattern/FutureReturnValueIgnored)
2022-05-29T11:20:50.8019444Z   Did you mean to remove this line?
2022-05-29T11:20:50.8019725Z [INFO] 
2022-05-29T11:20:50.8020259Z [INFO] --- maven-resources-plugin:3.2.0:testResources (default-testResources) @ che-core-commons-schedule ---
2022-05-29T11:20:50.8020932Z [WARNING] Using platform encoding (UTF-8 actually) to copy filtered resources, i.e. build is platform dependent!
2022-05-29T11:20:50.8021475Z [INFO] Using 'null' encoding to copy filtered properties files.
2022-05-29T11:20:50.8021844Z [INFO] Copying 2 resources
2022-05-29T11:20:50.8027751Z [INFO] 
2022-05-29T11:20:50.8028397Z [INFO] --- maven-compiler-plugin:3.8.1:testCompile (default-testCompile) @ che-core-commons-schedule ---
2022-05-29T11:20:50.8095131Z [INFO] Changes detected - recompiling the module!
2022-05-29T11:20:50.8095786Z [WARNING] File encoding has not been set, using platform encoding UTF-8, i.e. build is platform dependent!
2022-05-29T11:20:50.8097039Z [INFO] Compiling 1 source file to /home/runner/work/che-server/che-server/core/commons/che-core-commons-schedule/target/test-classes
2022-05-29T11:20:51.2936285Z [INFO] 
2022-05-29T11:20:51.2937230Z [INFO] --- maven-surefire-plugin:3.0.0-M5:test (default-test) @ che-core-commons-schedule ---
2022-05-29T11:20:51.2985716Z [INFO] 
2022-05-29T11:20:51.2986390Z [INFO] -------------------------------------------------------
2022-05-29T11:20:51.2986958Z [INFO]  T E S T S
2022-05-29T11:20:51.2987364Z [INFO] -------------------------------------------------------
2022-05-29T11:20:51.5052487Z [INFO] Running org.eclipse.che.commons.schedule.executor.CronExpressionTest
2022-05-29T11:20:52.1526480Z [INFO] Tests run: 10, Failures: 0, Errors: 0, Skipped: 0, Time elapsed: 0.646 s - in org.eclipse.che.commons.schedule.executor.CronExpressionTest
2022-05-29T11:20:52.1754869Z [INFO] 
2022-05-29T11:20:52.1755685Z [INFO] Results:
2022-05-29T11:20:52.1756282Z [INFO] 
2022-05-29T11:20:52.1756682Z [INFO] Tests run: 10, Failures: 0, Errors: 0, Skipped: 0
2022-05-29T11:20:52.1757159Z [INFO] 
2022-05-29T11:20:52.1757486Z [INFO] 
2022-05-29T11:20:52.1758198Z [INFO] --- maven-jar-plugin:3.2.0:jar (default-jar) @ che-core-commons-schedule ---
2022-05-29T11:20:52.1792774Z [INFO] Building jar: /home/runner/work/che-server/che-server/core/commons/che-core-commons-schedule/target/che-core-commons-schedule-7.48.0-SNAPSHOT.jar
2022-05-29T11:20:52.1890810Z [INFO] 
2022-05-29T11:20:52.1891675Z [INFO] --- maven-dependency-plugin:3.1.2:analyze-only (analyze) @ che-core-commons-schedule ---
2022-05-29T11:20:52.2055833Z [INFO] No dependency problems found
2022-05-29T11:20:52.2059087Z [INFO] 
2022-05-29T11:20:52.2061927Z [INFO] --- maven-install-plugin:3.0.0-M1:install (default-install) @ che-core-commons-schedule ---
2022-05-29T11:20:52.2099333Z [INFO] Installing /home/runner/work/che-server/che-server/core/commons/che-core-commons-schedule/target/che-core-commons-schedule-7.48.0-SNAPSHOT.jar to /home/runner/.m2/repository/org/eclipse/che/core/che-core-commons-schedule/7.48.0-SNAPSHOT/che-core-commons-schedule-7.48.0-SNAPSHOT.jar
2022-05-29T11:20:52.2107520Z [INFO] Installing /home/runner/work/che-server/che-server/core/commons/che-core-commons-schedule/pom.xml to /home/runner/.m2/repository/org/eclipse/che/core/che-core-commons-schedule/7.48.0-SNAPSHOT/che-core-commons-schedule-7.48.0-SNAPSHOT.pom
2022-05-29T11:20:52.2122278Z [INFO] 
2022-05-29T11:20:52.2124997Z [INFO] -------------< org.eclipse.che.core:che-core-commons-j2ee >-------------
2022-05-29T11:20:52.2127674Z [INFO] Building Che Core :: Commons :: Commons J2ee 7.48.0-SNAPSHOT    [10/106]
2022-05-29T11:20:52.2130492Z [INFO] --------------------------------[ jar ]---------------------------------
2022-05-29T11:20:52.2240943Z [INFO] 
2022-05-29T11:20:52.2243874Z [INFO] --- maven-clean-plugin:3.1.0:clean (default-clean) @ che-core-commons-j2ee ---
2022-05-29T11:20:52.2260696Z [INFO] 
2022-05-29T11:20:52.2263495Z [INFO] --- build-helper-maven-plugin:3.2.0:parse-version (parse-version) @ che-core-commons-j2ee ---
2022-05-29T11:20:52.2270792Z [INFO] 
2022-05-29T11:20:52.2273520Z [INFO] --- buildnumber-maven-plugin:3.0.0:create (default) @ che-core-commons-j2ee ---
2022-05-29T11:20:52.2285273Z [INFO] 
2022-05-29T11:20:52.2288034Z [INFO] --- maven-enforcer-plugin:3.0.0:enforce (enforce) @ che-core-commons-j2ee ---
2022-05-29T11:20:52.2360138Z [INFO] Downloading from ossrh: https://oss.sonatype.org/content/repositories/snapshots/org/eclipse/che/core/che-core-commons-j2ee/7.48.0-SNAPSHOT/maven-metadata.xml
2022-05-29T11:20:52.3259651Z [INFO] 
2022-05-29T11:20:52.3263001Z [INFO] --- maven-sortpom-plugin:2.3.1:verify (default) @ che-core-commons-j2ee ---
2022-05-29T11:20:52.3273103Z [WARNING] DEPRECATED: The SortPom plugin has moved to <groupId>com.github.ekryd.sortpom</groupId> <artifactId>sortpom-maven-plugin</artifactId>
2022-05-29T11:20:52.3275770Z [WARNING] DEPRECATED: Please update the plugin reference
2022-05-29T11:20:52.3278595Z [INFO] Verifying file /home/runner/work/che-server/che-server/core/commons/che-core-commons-j2ee/pom.xml
2022-05-29T11:20:52.3353789Z [INFO] 
2022-05-29T11:20:52.3356681Z [INFO] --- fmt-maven-plugin:2.13:check (default) @ che-core-commons-j2ee ---
2022-05-29T11:20:52.3809229Z [INFO] Processed 7 files (0 non-complying).
2022-05-29T11:20:52.3812428Z [INFO] 
2022-05-29T11:20:52.3822124Z [INFO] --- license-maven-plugin:4.1:check (check-headers) @ che-core-commons-j2ee ---
2022-05-29T11:20:52.3836211Z [INFO] Checking licenses...
2022-05-29T11:20:54.2688115Z [INFO] 
2022-05-29T11:20:54.2689123Z [INFO] --- maven-resources-plugin:3.2.0:resources (default-resources) @ che-core-commons-j2ee ---
2022-05-29T11:20:54.2730153Z [WARNING] Using platform encoding (UTF-8 actually) to copy filtered resources, i.e. build is platform dependent!
2022-05-29T11:20:54.2730655Z [INFO] Using 'null' encoding to copy filtered properties files.
2022-05-29T11:20:54.2731236Z [INFO] skip non existing resourceDirectory /home/runner/work/che-server/che-server/core/commons/che-core-commons-j2ee/src/main/resources
2022-05-29T11:20:54.2731597Z [INFO] 
2022-05-29T11:20:54.2732016Z [INFO] --- maven-compiler-plugin:3.8.1:compile (default-compile) @ che-core-commons-j2ee ---
2022-05-29T11:20:54.2776939Z [INFO] Changes detected - recompiling the module!
2022-05-29T11:20:54.2779930Z [WARNING] File encoding has not been set, using platform encoding UTF-8, i.e. build is platform dependent!
2022-05-29T11:20:54.2786066Z [INFO] Compiling 5 source files to /home/runner/work/che-server/che-server/core/commons/che-core-commons-j2ee/target/classes
2022-05-29T11:20:54.7800654Z [INFO] 
2022-05-29T11:20:54.7802001Z [INFO] --- maven-resources-plugin:3.2.0:testResources (default-testResources) @ che-core-commons-j2ee ---
2022-05-29T11:20:54.7817626Z [WARNING] Using platform encoding (UTF-8 actually) to copy filtered resources, i.e. build is platform dependent!
2022-05-29T11:20:54.7818236Z [INFO] Using 'null' encoding to copy filtered properties files.
2022-05-29T11:20:54.7821026Z [INFO] skip non existing resourceDirectory /home/runner/work/che-server/che-server/core/commons/che-core-commons-j2ee/src/test/resources
2022-05-29T11:20:54.7827363Z [INFO] 
2022-05-29T11:20:54.7831006Z [INFO] --- maven-compiler-plugin:3.8.1:testCompile (default-testCompile) @ che-core-commons-j2ee ---
2022-05-29T11:20:54.7917563Z [INFO] Changes detected - recompiling the module!
2022-05-29T11:20:54.7920533Z [WARNING] File encoding has not been set, using platform encoding UTF-8, i.e. build is platform dependent!
2022-05-29T11:20:54.7925136Z [INFO] Compiling 2 source files to /home/runner/work/che-server/che-server/core/commons/che-core-commons-j2ee/target/test-classes
2022-05-29T11:20:55.3516856Z [WARNING] /home/runner/work/che-server/che-server/core/commons/che-core-commons-j2ee/src/test/java/org/eclipse/che/filter/CheCacheDisablingFilterTest.java:[99,11] [ClassCanBeStatic] Inner class is non-static but does not reference enclosing class
2022-05-29T11:20:55.3517896Z     (see https://errorprone.info/bugpattern/ClassCanBeStatic)
2022-05-29T11:20:55.3518892Z   Did you mean 'private static class MockFilterConfig implements FilterConfig {'?
2022-05-29T11:20:55.3519814Z [WARNING] /home/runner/work/che-server/che-server/core/commons/che-core-commons-j2ee/src/test/java/org/eclipse/che/filter/CheCacheForcingFilterTest.java:[100,11] [ClassCanBeStatic] Inner class is non-static but does not reference enclosing class
2022-05-29T11:20:55.3520449Z     (see https://errorprone.info/bugpattern/ClassCanBeStatic)
2022-05-29T11:20:55.3520940Z   Did you mean 'private static class MockFilterConfig implements FilterConfig {'?
2022-05-29T11:20:55.3521229Z [INFO] 
2022-05-29T11:20:55.3521857Z [INFO] --- maven-surefire-plugin:3.0.0-M5:test (default-test) @ che-core-commons-j2ee ---
2022-05-29T11:20:55.3568252Z [INFO] 
2022-05-29T11:20:55.3568815Z [INFO] -------------------------------------------------------
2022-05-29T11:20:55.3571082Z [INFO]  T E S T S
2022-05-29T11:20:55.3571625Z [INFO] -------------------------------------------------------
2022-05-29T11:20:55.5665407Z [INFO] Running TestSuite
2022-05-29T11:20:55.9662997Z [ERROR] Tests run: 8, Failures: 8, Errors: 0, Skipped: 0, Time elapsed: 0.397 s <<< FAILURE! - in TestSuite
2022-05-29T11:20:55.9668020Z [ERROR] org.eclipse.che.filter.CheCacheForcingFilterTest.setUp  Time elapsed: 0.234 s  <<< FAILURE!
2022-05-29T11:20:55.9668983Z java.lang.ClassNotFoundException: org.mockito.internal.util.reflection.Fields
2022-05-29T11:20:55.9669591Z 
2022-05-29T11:20:55.9670272Z [ERROR] org.eclipse.che.filter.CheCacheForcingFilterTest.shouldBypassForceCacheHeaders  Time elapsed: 0.001 s  <<< FAILURE!
2022-05-29T11:20:55.9670981Z java.lang.NoClassDefFoundError: org/mockito/internal/util/reflection/Fields
2022-05-29T11:20:55.9671629Z 
2022-05-29T11:20:55.9672011Z [ERROR] org.eclipse.che.filter.CheCacheForcingFilterTest.setUp  Time elapsed: 0.006 s  <<< FAILURE!
2022-05-29T11:20:55.9672774Z java.lang.NoClassDefFoundError: org/mockito/internal/util/reflection/Fields
2022-05-29T11:20:55.9673130Z 
2022-05-29T11:20:55.9673774Z [ERROR] org.eclipse.che.filter.CheCacheForcingFilterTest.shouldSetForceCacheHeaders  Time elapsed: 0 s  <<< FAILURE!
2022-05-29T11:20:55.9674425Z java.lang.NoClassDefFoundError: org/mockito/internal/util/reflection/Fields
2022-05-29T11:20:55.9674956Z 
2022-05-29T11:20:55.9675336Z [ERROR] org.eclipse.che.filter.CheCacheDisablingFilterTest.init  Time elapsed: 0.004 s  <<< FAILURE!
2022-05-29T11:20:55.9676106Z java.lang.NoClassDefFoundError: org/mockito/internal/util/reflection/Fields
2022-05-29T11:20:55.9676454Z 
2022-05-29T11:20:55.9677134Z [ERROR] org.eclipse.che.filter.CheCacheDisablingFilterTest.shouldBypassDisablingCacheHeaders  Time elapsed: 0 s  <<< FAILURE!
2022-05-29T11:20:55.9677823Z java.lang.NoClassDefFoundError: org/mockito/internal/util/reflection/Fields
2022-05-29T11:20:55.9678375Z 
2022-05-29T11:20:55.9678752Z [ERROR] org.eclipse.che.filter.CheCacheDisablingFilterTest.init  Time elapsed: 0.001 s  <<< FAILURE!
2022-05-29T11:20:55.9679500Z java.lang.NoClassDefFoundError: org/mockito/internal/util/reflection/Fields
2022-05-29T11:20:55.9679845Z 
2022-05-29T11:20:55.9680496Z [ERROR] org.eclipse.che.filter.CheCacheDisablingFilterTest.shouldSetDisablingCacheHeaders  Time elapsed: 0 s  <<< FAILURE!
2022-05-29T11:20:55.9681172Z java.lang.NoClassDefFoundError: org/mockito/internal/util/reflection/Fields
2022-05-29T11:20:55.9681700Z 
2022-05-29T11:20:56.0050643Z [INFO] 
2022-05-29T11:20:56.0051538Z [INFO] Results:
2022-05-29T11:20:56.0051747Z [INFO] 
2022-05-29T11:20:56.0051942Z [ERROR] Failures: 
2022-05-29T11:20:56.0052284Z [ERROR] org.eclipse.che.filter.CheCacheDisablingFilterTest.init
2022-05-29T11:20:56.0053048Z [ERROR]   Run 1: CheCacheDisablingFilterTest.init  NoClassDefFound org/mockito/internal/util/r...
2022-05-29T11:20:56.0053608Z [ERROR]   Run 2: CheCacheDisablingFilterTest.init  NoClassDefFound org/mockito/internal/util/r...
2022-05-29T11:20:56.0053915Z [INFO] 
2022-05-29T11:20:56.0054362Z [ERROR]   CheCacheDisablingFilterTest.shouldBypassDisablingCacheHeaders  NoClassDefFound
2022-05-29T11:20:56.0055149Z [ERROR]   CheCacheDisablingFilterTest.shouldSetDisablingCacheHeaders  NoClassDefFound o...
2022-05-29T11:20:56.0055716Z [ERROR] org.eclipse.che.filter.CheCacheForcingFilterTest.setUp
2022-05-29T11:20:56.0056358Z [ERROR]   Run 1: CheCacheForcingFilterTest.setUp  ClassNotFound org.mockito.internal.util.refl...
2022-05-29T11:20:56.0056993Z [ERROR]   Run 2: CheCacheForcingFilterTest.setUp  NoClassDefFound org/mockito/internal/util/re...
2022-05-29T11:20:56.0057379Z [INFO] 
2022-05-29T11:20:56.0058255Z [ERROR]   CheCacheForcingFilterTest.shouldBypassForceCacheHeaders  NoClassDefFound org/...
2022-05-29T11:20:56.0089238Z [ERROR]   CheCacheForcingFilterTest.shouldSetForceCacheHeaders  NoClassDefFound org/moc...
2022-05-29T11:20:56.0089637Z [INFO] 
2022-05-29T11:20:56.0089887Z [ERROR] Tests run: 6, Failures: 6, Errors: 0, Skipped: 0
2022-05-29T11:20:56.0090127Z [INFO] 
2022-05-29T11:20:56.0090514Z [INFO] ------------------------------------------------------------------------
2022-05-29T11:20:56.0090949Z [INFO] Reactor Summary for Che Server 7.48.0-SNAPSHOT:
2022-05-29T11:20:56.0091189Z [INFO] 
2022-05-29T11:20:56.0091423Z [INFO] Che Server ......................................... SUCCESS [  2.298 s]
2022-05-29T11:20:56.0091731Z [INFO] Che Core Parent .................................... SUCCESS [  0.184 s]
2022-05-29T11:20:56.0092071Z [INFO] Che Core :: Commons :: Parent ...................... SUCCESS [  0.131 s]
2022-05-29T11:20:56.0092463Z [INFO] Che Core :: Commons :: Annotations ................. SUCCESS [  4.602 s]
2022-05-29T11:20:56.0092795Z [INFO] Che Core :: Commons :: Java API extension classes .. SUCCESS [ 25.547 s]
2022-05-29T11:20:56.0093135Z [INFO] Che Core :: Commons :: Utilities for tests ......... SUCCESS [ 11.776 s]
2022-05-29T11:20:56.0093463Z [INFO] Che Core :: Commons :: Dependency Injecting ........ SUCCESS [ 12.867 s]
2022-05-29T11:20:56.0093784Z [INFO] Che Core :: Commons :: Json helpers ................ SUCCESS [  4.825 s]
2022-05-29T11:20:56.0094096Z [INFO] Che Core :: Commons :: Scheduler service ........... SUCCESS [  8.170 s]
2022-05-29T11:20:56.0094404Z [INFO] Che Core :: Commons :: Commons J2ee ................ FAILURE [  3.790 s]
2022-05-29T11:20:56.0094907Z [INFO] Che Core :: Commons :: Tracing ..................... SKIPPED
2022-05-29T11:20:56.0095242Z [INFO] Che Core :: Commons :: Tracing and Monitoring wrapper SKIPPED
2022-05-29T11:20:56.0095648Z [INFO] Che Core :: Commons :: API :: DTO .................. SKIPPED
2022-05-29T11:20:56.0096120Z [INFO] Che Core :: Commons :: API :: DTO Maven Plugin ..... SKIPPED
2022-05-29T11:20:56.0096497Z [INFO] Che Core :: Commons :: API :: Core ................. SKIPPED
2022-05-29T11:20:56.0097093Z [INFO] Che Core :: Commons :: API :: TypeScript DTO maven plugin SKIPPED
2022-05-29T11:20:56.0097487Z [INFO] Che Core :: Commons :: API :: Model ................ SKIPPED
2022-05-29T11:20:56.0098011Z [INFO] Che Core :: Commons :: DB .......................... SKIPPED
2022-05-29T11:20:56.0098497Z [INFO] Che Core :: Commons :: DB :: Vendor H2 ............. SKIPPED
2022-05-29T11:20:56.0101589Z [INFO] Che Core :: Commons :: DB :: Vendor MySQL .......... SKIPPED
2022-05-29T11:20:56.0101934Z [INFO] Che Core :: Commons :: DB :: Vendor PostgreSQL ..... SKIPPED
2022-05-29T11:20:56.0102230Z [INFO] Che Core :: Commons :: Logback ..................... SKIPPED
2022-05-29T11:20:56.0102642Z [INFO] Che Core :: Commons :: Tracing :: Core ............. SKIPPED
2022-05-29T11:20:56.0103169Z [INFO] Che Core :: Commons :: Tracing :: Web .............. SKIPPED
2022-05-29T11:20:56.0103550Z [INFO] Che Core :: Commons :: Metrics :: Core ............. SKIPPED
2022-05-29T11:20:56.0104069Z [INFO] Che Core :: Commons :: Tracing :: Metrics .......... SKIPPED
2022-05-29T11:20:56.0104454Z [INFO] Che Core :: API :: Che Master Parent ............... SKIPPED
2022-05-29T11:20:56.0104990Z [INFO] Che Core :: API :: Authentication :: Shared ........ SKIPPED
2022-05-29T11:20:56.0105372Z [INFO] Che Core :: API :: Authentication .................. SKIPPED
2022-05-29T11:20:56.0105868Z [INFO] Che Core :: API :: Authentication Bitbucket ........ SKIPPED
2022-05-29T11:20:56.0106258Z [INFO] Che Core :: API :: Authentication Github ........... SKIPPED
2022-05-29T11:20:56.0106629Z [INFO] Che Core :: API :: Authentication GitLab ........... SKIPPED
2022-05-29T11:20:56.0107145Z [INFO] Che Core :: API :: Authentication OpenShift ........ SKIPPED
2022-05-29T11:20:56.0107530Z [INFO] Che Core :: API :: Workspace :: Shared ............. SKIPPED
2022-05-29T11:20:56.0108048Z [INFO] Che Core :: SQL :: Schema .......................... SKIPPED
2022-05-29T11:20:56.0108534Z [INFO] Che Core :: API :: Account ......................... SKIPPED
2022-05-29T11:20:56.0109148Z [INFO] Che Core :: API :: System Shared ................... SKIPPED
2022-05-29T11:20:56.0109517Z [INFO] Che Core :: API :: System .......................... SKIPPED
2022-05-29T11:20:56.0110067Z [INFO] Che Core :: API :: User :: Shared .................. SKIPPED
2022-05-29T11:20:56.0110423Z [INFO] Che Core :: API :: User ............................ SKIPPED
2022-05-29T11:20:56.0110935Z [INFO] Che Core :: API :: SSH :: Shared ................... SKIPPED
2022-05-29T11:20:56.0111556Z [INFO] Che Core :: API :: SSH ............................. SKIPPED
2022-05-29T11:20:56.0112054Z [INFO] Che Core :: API :: Workspace ....................... SKIPPED
2022-05-29T11:20:56.0112435Z [INFO] Che Core :: API :: Workspace Activity tracking ..... SKIPPED
2022-05-29T11:20:56.0112810Z [INFO] Che Core :: API :: Devfile :: Shared ............... SKIPPED
2022-05-29T11:20:56.0113242Z [INFO] Che Core :: API :: Devfile ......................... SKIPPED
2022-05-29T11:20:56.0113778Z [INFO] Che Core :: API :: Factory :: Shared ............... SKIPPED
2022-05-29T11:20:56.0114303Z [INFO] Che Core :: API :: Factory ......................... SKIPPED
2022-05-29T11:20:56.0114807Z [INFO] Che Core :: API :: Factory Resolver Github ......... SKIPPED
2022-05-29T11:20:56.0115185Z [INFO] Che Core :: API :: Factory Resolver Gitlab ......... SKIPPED
2022-05-29T11:20:56.0115719Z [INFO] Che Core :: API :: Factory Resolver Bitbucket Server SKIPPED
2022-05-29T11:20:56.0116099Z [INFO] Che Core :: API :: Logger :: Shared ................ SKIPPED
2022-05-29T11:20:56.0117342Z [INFO] Che Core :: API :: Logger .......................... SKIPPED
2022-05-29T11:20:56.0117829Z [INFO] Che Core :: API :: Metrics ......................... SKIPPED
2022-05-29T11:20:56.0118333Z [INFO] Che Multiuser :: Parent ............................ SKIPPED
2022-05-29T11:20:56.0118690Z [INFO] Che Multiuser :: Sql Schema ........................ SKIPPED
2022-05-29T11:20:56.0119194Z [INFO] Che Multiuser :: API Parent ........................ SKIPPED
2022-05-29T11:20:56.0119576Z [INFO] Che Multiuser :: API :: Authentication Commons ..... SKIPPED
2022-05-29T11:20:56.0119959Z [INFO] Che Multiuser :: Permissions :: Shared ............. SKIPPED
2022-05-29T11:20:56.0120489Z [INFO] Che Multiuser :: Permissions API ................... SKIPPED
2022-05-29T11:20:56.0120871Z [INFO] Che Multiuser :: API :: Authorization .............. SKIPPED
2022-05-29T11:20:56.0121398Z [INFO] Che Multiuser :: API :: Authorization Impl ......... SKIPPED
2022-05-29T11:20:56.0121773Z [INFO] Che Multiuser :: Resource :: Shared ................ SKIPPED
2022-05-29T11:20:56.0122258Z [INFO] Che Multiuser :: Resource .......................... SKIPPED
2022-05-29T11:20:56.0122784Z [INFO] Che Multiuser :: Organization :: Shared ............ SKIPPED
2022-05-29T11:20:56.0123159Z [INFO] Che Multiuser :: Organization ...................... SKIPPED
2022-05-29T11:20:56.0123717Z [INFO] Che Multiuser :: Workspace Activity ................ SKIPPED
2022-05-29T11:20:56.0124245Z [INFO] Che Multiuser :: Permissions Parent ................ SKIPPED
2022-05-29T11:20:56.0124626Z [INFO] Che Multiuser :: User Permissions .................. SKIPPED
2022-05-29T11:20:56.0125163Z [INFO] Che Multiuser :: Devfile Permissions ............... SKIPPED
2022-05-29T11:20:56.0125548Z [INFO] Che Multiuser :: Workspace Permissions ............. SKIPPED
2022-05-29T11:20:56.0125920Z [INFO] Che Multiuser :: Workspace Activity Permissions .... SKIPPED
2022-05-29T11:20:56.0126299Z [INFO] Che Multiuser :: System Permissions ................ SKIPPED
2022-05-29T11:20:56.0126809Z [INFO] Che Multiuser :: Resource :: Permissions ........... SKIPPED
2022-05-29T11:20:56.0127186Z [INFO] Che Multiuser :: Logger Permissions ................ SKIPPED
2022-05-29T11:20:56.0127571Z [INFO] Che Multiuser :: Keycloak Integration Parent ....... SKIPPED
2022-05-29T11:20:56.0127957Z [INFO] Che Multiuser :: Keycloak Shared module ............ SKIPPED
2022-05-29T11:20:56.0128486Z [INFO] Che Multiuser :: Machine Auth Parent ............... SKIPPED
2022-05-29T11:20:56.0129112Z [INFO] Che Multiuser :: Machine Authentication Shared ..... SKIPPED
2022-05-29T11:20:56.0129513Z [INFO] Che Multiuser :: OIDC .............................. SKIPPED
2022-05-29T11:20:56.0130070Z [INFO] Che Multiuser :: Personal account .................. SKIPPED
2022-05-29T11:20:56.0130457Z [INFO] Che Multiuser :: Machine Authentication ............ SKIPPED
2022-05-29T11:20:56.0130830Z [INFO] Che Multiuser :: Keycloak Server ................... SKIPPED
2022-05-29T11:20:56.0131336Z [INFO] Che Multiuser :: Keycloak Token Provider ........... SKIPPED
2022-05-29T11:20:56.0131723Z [INFO] Che Multiuser :: Remove User from Keycloak Server .. SKIPPED
2022-05-29T11:20:56.0132108Z [INFO] Che Multiuser :: Integration Tests ................. SKIPPED
2022-05-29T11:20:56.0132636Z [INFO] Che Multiuser :: Integration Cascade ............... SKIPPED
2022-05-29T11:20:56.0133105Z [INFO] Che Multiuser :: PostgreSQL Tck .................... SKIPPED
2022-05-29T11:20:56.0133469Z [INFO] Che Multiuser :: MYSQL Tck Tests ................... SKIPPED
2022-05-29T11:20:56.0133996Z [INFO] Infrastructure :: Infrastructures Parent ........... SKIPPED
2022-05-29T11:20:56.0134385Z [INFO] Infrastructure :: Kubernetes ....................... SKIPPED
2022-05-29T11:20:56.0134933Z [INFO] Infrastructure :: OpenShift ........................ SKIPPED
2022-05-29T11:20:56.0155320Z [INFO] Infrastructure :: Metrics .......................... SKIPPED
2022-05-29T11:20:56.0177108Z [INFO] Infrastructure :: Distributed components ........... SKIPPED
2022-05-29T11:20:56.0177585Z [INFO] Infrastructure :: Kubernetes Permissions ........... SKIPPED
2022-05-29T11:20:56.0177957Z [INFO] Infrastructure :: Factory components ............... SKIPPED
2022-05-29T11:20:56.0178301Z [INFO] Integration Tests :: Parent ........................ SKIPPED
2022-05-29T11:20:56.0178675Z [INFO] Integration Tests :: Cascade Removal ............... SKIPPED
2022-05-29T11:20:56.0179454Z [INFO] Integration Tests :: PostgreSQL .................... SKIPPED
2022-05-29T11:20:56.0180668Z [INFO] Integration Tests :: MYSQL ......................... SKIPPED
2022-05-29T11:20:56.0184801Z [INFO] Che Assembly :: Parent ............................. SKIPPED
2022-05-29T11:20:56.0187778Z [INFO] Che Assembly :: Swagger war ........................ SKIPPED
2022-05-29T11:20:56.0188312Z [INFO] Che Assembly :: WS Master war ...................... SKIPPED
2022-05-29T11:20:56.0188894Z [INFO] Che Assembly :: Root war ........................... SKIPPED
2022-05-29T11:20:56.0189428Z [INFO] Che Assembly :: Assemblies Che Tomcat .............. SKIPPED
2022-05-29T11:20:56.0189762Z [INFO] Che Assembly :: Assemblies Che Server Tomcat ....... SKIPPED
2022-05-29T11:20:56.0190306Z [INFO] ------------------------------------------------------------------------
2022-05-29T11:20:56.0190667Z [INFO] BUILD FAILURE
2022-05-29T11:20:56.0191418Z [INFO] ------------------------------------------------------------------------
2022-05-29T11:20:56.0191788Z [INFO] Total time:  01:14 min
2022-05-29T11:20:56.0192445Z [INFO] Finished at: 2022-05-29T11:20:56Z
2022-05-29T11:20:56.0192907Z [INFO] ------------------------------------------------------------------------
2022-05-29T11:20:56.0193637Z [ERROR] Failed to execute goal org.apache.maven.plugins:maven-surefire-plugin:3.0.0-M5:test (default-test) on project che-core-commons-j2ee: There are test failures.
2022-05-29T11:20:56.0194090Z [ERROR] 
2022-05-29T11:20:56.0195074Z [ERROR] Please refer to /home/runner/work/che-server/che-server/core/commons/che-core-commons-j2ee/target/surefire-reports for the individual test results.
2022-05-29T11:20:56.0195769Z [ERROR] Please refer to dump files (if any exist) [date].dump, [date]-jvmRun[N].dump and [date].dumpstream.
2022-05-29T11:20:56.0196204Z [ERROR] -> [Help 1]
2022-05-29T11:20:56.0196721Z [ERROR] 
2022-05-29T11:20:56.0197488Z [ERROR] To see the full stack trace of the errors, re-run Maven with the -e switch.
2022-05-29T11:20:56.0198155Z [ERROR] Re-run Maven using the -X switch to enable full debug logging.
2022-05-29T11:20:56.0199183Z [ERROR] 
2022-05-29T11:20:56.0199772Z [ERROR] For more information about the errors and possible solutions, please read the following articles:
2022-05-29T11:20:56.0200801Z [ERROR] [Help 1] http://cwiki.apache.org/confluence/display/MAVEN/MojoFailureException
2022-05-29T11:20:56.0201186Z [ERROR] 
2022-05-29T11:20:56.0201898Z [ERROR] After correcting the problems, you can resume the build with the command
2022-05-29T11:20:56.0202471Z [ERROR]   mvn <args> -rf :che-core-commons-j2ee
2022-05-29T11:20:56.0476377Z ##[error]Process completed with exit code 1.
2022-05-29T11:20:56.0528740Z Post job cleanup.
2022-05-29T11:20:56.2045863Z Post job cleanup.
2022-05-29T11:20:56.3268443Z [command]/usr/bin/git version
2022-05-29T11:20:56.3334801Z git version 2.36.1
2022-05-29T11:20:56.3336609Z Temporarily overriding HOME='/home/runner/work/_temp/b998b3cb-bd68-49d7-bcc6-771c3364d256' before making global git config changes
2022-05-29T11:20:56.3337225Z Adding repository directory to the temporary git global config as a safe directory
2022-05-29T11:20:56.3337746Z [command]/usr/bin/git config --global --add safe.directory /home/runner/work/che-server/che-server
2022-05-29T11:20:56.3373569Z [command]/usr/bin/git config --local --name-only --get-regexp core\.sshCommand
2022-05-29T11:20:56.3405898Z [command]/usr/bin/git submodule foreach --recursive git config --local --name-only --get-regexp 'core\.sshCommand' && git config --local --unset-all 'core.sshCommand' || :
2022-05-29T11:20:56.3627497Z [command]/usr/bin/git config --local --name-only --get-regexp http\.https\:\/\/github\.com\/\.extraheader
2022-05-29T11:20:56.3680857Z http.https://github.com/.extraheader
2022-05-29T11:20:56.3690912Z [command]/usr/bin/git config --local --unset-all http.https://github.com/.extraheader
2022-05-29T11:20:56.3722829Z [command]/usr/bin/git submodule foreach --recursive git config --local --name-only --get-regexp 'http\.https\:\/\/github\.com\/\.extraheader' && git config --local --unset-all 'http.https://github.com/.extraheader' || :
2022-05-29T11:20:56.4148406Z Cleaning up orphan processes