2022-06-21T19:39:04.3976417Z Requested labels: ubuntu-latest
2022-06-21T19:39:04.3976466Z Job defined at: mwgh/ob-pos/.github/workflows/ant.yml@refs/heads/master
2022-06-21T19:39:04.3976491Z Waiting for a runner to pick up this job...
2022-06-21T19:39:05.1235802Z Job is waiting for a hosted runner to come online.
2022-06-21T19:39:10.2263749Z Job is about to start running on the hosted runner: Hosted Agent (hosted)
2022-06-21T19:39:14.2738293Z Current runner version: '2.293.0'
2022-06-21T19:39:14.2773997Z ##[group]Operating System
2022-06-21T19:39:14.2774689Z Ubuntu
2022-06-21T19:39:14.2775192Z 20.04.4
2022-06-21T19:39:14.2775563Z LTS
2022-06-21T19:39:14.2775902Z ##[endgroup]
2022-06-21T19:39:14.2777571Z ##[group]Virtual Environment
2022-06-21T19:39:14.2778174Z Environment: ubuntu-20.04
2022-06-21T19:39:14.2778739Z Version: 20220614.0
2022-06-21T19:39:14.2779372Z Included Software: https://github.com/actions/virtual-environments/blob/ubuntu20/20220614.0/images/linux/Ubuntu2004-Readme.md
2022-06-21T19:39:14.2780331Z Image Release: https://github.com/actions/virtual-environments/releases/tag/ubuntu20%2F20220614.0
2022-06-21T19:39:14.2780919Z ##[endgroup]
2022-06-21T19:39:14.2781323Z ##[group]Virtual Environment Provisioner
2022-06-21T19:39:14.2781897Z 1.0.0.0-main-20220531-1
2022-06-21T19:39:14.2782355Z ##[endgroup]
2022-06-21T19:39:14.2783692Z ##[group]GITHUB_TOKEN Permissions
2022-06-21T19:39:14.2784524Z Actions: write
2022-06-21T19:39:14.2785764Z Checks: write
2022-06-21T19:39:14.2786225Z Contents: write
2022-06-21T19:39:14.2786726Z Deployments: write
2022-06-21T19:39:14.2787221Z Discussions: write
2022-06-21T19:39:14.2787662Z Issues: write
2022-06-21T19:39:14.2787998Z Metadata: read
2022-06-21T19:39:14.2788425Z Packages: write
2022-06-21T19:39:14.2788822Z Pages: write
2022-06-21T19:39:14.2789227Z PullRequests: write
2022-06-21T19:39:14.2789696Z RepositoryProjects: write
2022-06-21T19:39:14.2790165Z SecurityEvents: write
2022-06-21T19:39:14.2790533Z Statuses: write
2022-06-21T19:39:14.2790945Z ##[endgroup]
2022-06-21T19:39:14.2795886Z Secret source: Actions
2022-06-21T19:39:14.2796489Z Prepare workflow directory
2022-06-21T19:39:14.3898973Z Prepare all required actions
2022-06-21T19:39:14.4149612Z Getting action download info
2022-06-21T19:39:14.7028744Z Download action repository 'actions/checkout@v3' (SHA:2541b1294d2704b0964813337f33b291d3f8596b)
2022-06-21T19:39:15.9335718Z Download action repository 'actions/setup-java@v3' (SHA:16cca5479d7c6b6843f6a6515640ba33c6501543)
2022-06-21T19:39:17.6328139Z ##[group]Run actions/checkout@v3
2022-06-21T19:39:17.6328599Z with:
2022-06-21T19:39:17.6329089Z   repository: mwgh/ob-pos
2022-06-21T19:39:17.6329794Z   token: ***
2022-06-21T19:39:17.6330080Z   ssh-strict: true
2022-06-21T19:39:17.6330435Z   persist-credentials: true
2022-06-21T19:39:17.6331041Z   clean: true
2022-06-21T19:39:17.6331345Z   fetch-depth: 1
2022-06-21T19:39:17.6331659Z   lfs: false
2022-06-21T19:39:17.6331995Z   submodules: false
2022-06-21T19:39:17.6332296Z   set-safe-directory: true
2022-06-21T19:39:17.6332703Z ##[endgroup]
2022-06-21T19:39:18.0084752Z Syncing repository: mwgh/ob-pos
2022-06-21T19:39:18.0087391Z ##[group]Getting Git version info
2022-06-21T19:39:18.0088003Z Working directory is '/home/runner/work/ob-pos/ob-pos'
2022-06-21T19:39:18.0088746Z [command]/usr/bin/git version
2022-06-21T19:39:18.0580185Z git version 2.36.1
2022-06-21T19:39:18.0582530Z ##[endgroup]
2022-06-21T19:39:18.0608984Z Temporarily overriding HOME='/home/runner/work/_temp/c10cd1ef-25b3-4246-8254-dedfc3f2642e' before making global git config changes
2022-06-21T19:39:18.0609784Z Adding repository directory to the temporary git global config as a safe directory
2022-06-21T19:39:18.0610536Z [command]/usr/bin/git config --global --add safe.directory /home/runner/work/ob-pos/ob-pos
2022-06-21T19:39:18.0612048Z Deleting the contents of '/home/runner/work/ob-pos/ob-pos'
2022-06-21T19:39:18.0613366Z ##[group]Initializing the repository
2022-06-21T19:39:18.0613997Z [command]/usr/bin/git init /home/runner/work/ob-pos/ob-pos
2022-06-21T19:39:18.0614689Z hint: Using 'master' as the name for the initial branch. This default branch name
2022-06-21T19:39:18.0615273Z hint: is subject to change. To configure the initial branch name to use in all
2022-06-21T19:39:18.0615820Z hint: of your new repositories, which will suppress this warning, call:
2022-06-21T19:39:18.0616266Z hint: 
2022-06-21T19:39:18.0616825Z hint: 	git config --global init.defaultBranch <name>
2022-06-21T19:39:18.0617625Z hint: 
2022-06-21T19:39:18.0618191Z hint: Names commonly chosen instead of 'master' are 'main', 'trunk' and
2022-06-21T19:39:18.0618868Z hint: 'development'. The just-created branch can be renamed via this command:
2022-06-21T19:39:18.0619309Z hint: 
2022-06-21T19:39:18.0619701Z hint: 	git branch -m <name>
2022-06-21T19:39:18.0620301Z Initialized empty Git repository in /home/runner/work/ob-pos/ob-pos/.git/
2022-06-21T19:39:18.0621005Z [command]/usr/bin/git remote add origin https://github.com/mwgh/ob-pos
2022-06-21T19:39:18.0621825Z ##[endgroup]
2022-06-21T19:39:18.0622466Z ##[group]Disabling automatic garbage collection
2022-06-21T19:39:18.0623072Z [command]/usr/bin/git config --local gc.auto 0
2022-06-21T19:39:18.0659504Z ##[endgroup]
2022-06-21T19:39:18.0660456Z ##[group]Setting up auth
2022-06-21T19:39:18.0671863Z [command]/usr/bin/git config --local --name-only --get-regexp core\.sshCommand
2022-06-21T19:39:18.0715023Z [command]/usr/bin/git submodule foreach --recursive git config --local --name-only --get-regexp 'core\.sshCommand' && git config --local --unset-all 'core.sshCommand' || :
2022-06-21T19:39:18.1281047Z [command]/usr/bin/git config --local --name-only --get-regexp http\.https\:\/\/github\.com\/\.extraheader
2022-06-21T19:39:18.1322773Z [command]/usr/bin/git submodule foreach --recursive git config --local --name-only --get-regexp 'http\.https\:\/\/github\.com\/\.extraheader' && git config --local --unset-all 'http.https://github.com/.extraheader' || :
2022-06-21T19:39:18.1610463Z [command]/usr/bin/git config --local http.https://github.com/.extraheader AUTHORIZATION: basic ***
2022-06-21T19:39:18.1662312Z ##[endgroup]
2022-06-21T19:39:18.1663332Z ##[group]Fetching the repository
2022-06-21T19:39:18.1675049Z [command]/usr/bin/git -c protocol.version=2 fetch --no-tags --prune --progress --no-recurse-submodules --depth=1 origin +fa5ea20a5ae6ad6aba1d58de16453ca164047d59:refs/remotes/origin/master
2022-06-21T19:39:18.7566828Z remote: Enumerating objects: 1891, done.        
2022-06-21T19:39:18.7582881Z remote: Counting objects:   0% (1/1891)        
2022-06-21T19:39:18.7583306Z remote: Counting objects:   1% (19/1891)        
2022-06-21T19:39:18.7583615Z remote: Counting objects:   2% (38/1891)        
2022-06-21T19:39:18.7583932Z remote: Counting objects:   3% (57/1891)        
2022-06-21T19:39:18.7584248Z remote: Counting objects:   4% (76/1891)        
2022-06-21T19:39:18.7584549Z remote: Counting objects:   5% (95/1891)        
2022-06-21T19:39:18.7585040Z remote: Counting objects:   6% (114/1891)        
2022-06-21T19:39:18.7585497Z remote: Counting objects:   7% (133/1891)        
2022-06-21T19:39:18.7585799Z remote: Counting objects:   8% (152/1891)        
2022-06-21T19:39:18.7586116Z remote: Counting objects:   9% (171/1891)        
2022-06-21T19:39:18.7586425Z remote: Counting objects:  10% (190/1891)        
2022-06-21T19:39:18.7586740Z remote: Counting objects:  11% (209/1891)        
2022-06-21T19:39:18.7587034Z remote: Counting objects:  12% (227/1891)        
2022-06-21T19:39:18.7587367Z remote: Counting objects:  13% (246/1891)        
2022-06-21T19:39:18.7587681Z remote: Counting objects:  14% (265/1891)        
2022-06-21T19:39:18.7587972Z remote: Counting objects:  15% (284/1891)        
2022-06-21T19:39:18.7588279Z remote: Counting objects:  16% (303/1891)        
2022-06-21T19:39:18.7588588Z remote: Counting objects:  17% (322/1891)        
2022-06-21T19:39:18.7588878Z remote: Counting objects:  18% (341/1891)        
2022-06-21T19:39:18.7589195Z remote: Counting objects:  19% (360/1891)        
2022-06-21T19:39:18.7589504Z remote: Counting objects:  20% (379/1891)        
2022-06-21T19:39:18.7589812Z remote: Counting objects:  21% (398/1891)        
2022-06-21T19:39:18.7590101Z remote: Counting objects:  22% (417/1891)        
2022-06-21T19:39:18.7590408Z remote: Counting objects:  23% (435/1891)        
2022-06-21T19:39:18.7590718Z remote: Counting objects:  24% (454/1891)        
2022-06-21T19:39:18.7591009Z remote: Counting objects:  25% (473/1891)        
2022-06-21T19:39:18.7591490Z remote: Counting objects:  26% (492/1891)        
2022-06-21T19:39:18.7591796Z remote: Counting objects:  27% (511/1891)        
2022-06-21T19:39:18.7592097Z remote: Counting objects:  28% (530/1891)        
2022-06-21T19:39:18.7592407Z remote: Counting objects:  29% (549/1891)        
2022-06-21T19:39:18.7592713Z remote: Counting objects:  30% (568/1891)        
2022-06-21T19:39:18.7593003Z remote: Counting objects:  31% (587/1891)        
2022-06-21T19:39:18.7593313Z remote: Counting objects:  32% (606/1891)        
2022-06-21T19:39:18.7593623Z remote: Counting objects:  33% (625/1891)        
2022-06-21T19:39:18.7593935Z remote: Counting objects:  34% (643/1891)        
2022-06-21T19:39:18.7594226Z remote: Counting objects:  35% (662/1891)        
2022-06-21T19:39:18.7594534Z remote: Counting objects:  36% (681/1891)        
2022-06-21T19:39:18.7594839Z remote: Counting objects:  37% (700/1891)        
2022-06-21T19:39:18.7595126Z remote: Counting objects:  38% (719/1891)        
2022-06-21T19:39:18.7595439Z remote: Counting objects:  39% (738/1891)        
2022-06-21T19:39:18.7595748Z remote: Counting objects:  40% (757/1891)        
2022-06-21T19:39:18.7596035Z remote: Counting objects:  41% (776/1891)        
2022-06-21T19:39:18.7596340Z remote: Counting objects:  42% (795/1891)        
2022-06-21T19:39:18.7596649Z remote: Counting objects:  43% (814/1891)        
2022-06-21T19:39:18.7596955Z remote: Counting objects:  44% (833/1891)        
2022-06-21T19:39:18.7597246Z remote: Counting objects:  45% (851/1891)        
2022-06-21T19:39:18.7597553Z remote: Counting objects:  46% (870/1891)        
2022-06-21T19:39:18.7597857Z remote: Counting objects:  47% (889/1891)        
2022-06-21T19:39:18.7598148Z remote: Counting objects:  48% (908/1891)        
2022-06-21T19:39:18.7598453Z remote: Counting objects:  49% (927/1891)        
2022-06-21T19:39:18.7598758Z remote: Counting objects:  50% (946/1891)        
2022-06-21T19:39:18.7599052Z remote: Counting objects:  51% (965/1891)        
2022-06-21T19:39:18.7599457Z remote: Counting objects:  52% (984/1891)        
2022-06-21T19:39:18.7599785Z remote: Counting objects:  53% (1003/1891)        
2022-06-21T19:39:18.7600091Z remote: Counting objects:  54% (1022/1891)        
2022-06-21T19:39:18.7600413Z remote: Counting objects:  55% (1041/1891)        
2022-06-21T19:39:18.7600732Z remote: Counting objects:  56% (1059/1891)        
2022-06-21T19:39:18.7601052Z remote: Counting objects:  57% (1078/1891)        
2022-06-21T19:39:18.7601347Z remote: Counting objects:  58% (1097/1891)        
2022-06-21T19:39:18.7601662Z remote: Counting objects:  59% (1116/1891)        
2022-06-21T19:39:18.7601978Z remote: Counting objects:  60% (1135/1891)        
2022-06-21T19:39:18.7602274Z remote: Counting objects:  61% (1154/1891)        
2022-06-21T19:39:18.7602598Z remote: Counting objects:  62% (1173/1891)        
2022-06-21T19:39:18.7602986Z remote: Counting objects:  63% (1192/1891)        
2022-06-21T19:39:18.7603280Z remote: Counting objects:  64% (1211/1891)        
2022-06-21T19:39:18.7603742Z remote: Counting objects:  65% (1230/1891)        
2022-06-21T19:39:18.7604063Z remote: Counting objects:  66% (1249/1891)        
2022-06-21T19:39:18.7604380Z remote: Counting objects:  67% (1267/1891)        
2022-06-21T19:39:18.7604689Z remote: Counting objects:  68% (1286/1891)        
2022-06-21T19:39:18.7604984Z remote: Counting objects:  69% (1305/1891)        
2022-06-21T19:39:18.7605296Z remote: Counting objects:  70% (1324/1891)        
2022-06-21T19:39:18.7605607Z remote: Counting objects:  71% (1343/1891)        
2022-06-21T19:39:18.7605898Z remote: Counting objects:  72% (1362/1891)        
2022-06-21T19:39:18.7606209Z remote: Counting objects:  73% (1381/1891)        
2022-06-21T19:39:18.7606522Z remote: Counting objects:  74% (1400/1891)        
2022-06-21T19:39:18.7606814Z remote: Counting objects:  75% (1419/1891)        
2022-06-21T19:39:18.7607127Z remote: Counting objects:  76% (1438/1891)        
2022-06-21T19:39:18.7607435Z remote: Counting objects:  77% (1457/1891)        
2022-06-21T19:39:18.7607852Z remote: Counting objects:  78% (1475/1891)        
2022-06-21T19:39:18.7608165Z remote: Counting objects:  79% (1494/1891)        
2022-06-21T19:39:18.7608481Z remote: Counting objects:  80% (1513/1891)        
2022-06-21T19:39:18.7608795Z remote: Counting objects:  81% (1532/1891)        
2022-06-21T19:39:18.7609089Z remote: Counting objects:  82% (1551/1891)        
2022-06-21T19:39:18.7609402Z remote: Counting objects:  83% (1570/1891)        
2022-06-21T19:39:18.7609712Z remote: Counting objects:  84% (1589/1891)        
2022-06-21T19:39:18.7610006Z remote: Counting objects:  85% (1608/1891)        
2022-06-21T19:39:18.7610441Z remote: Counting objects:  86% (1627/1891)        
2022-06-21T19:39:18.7610785Z remote: Counting objects:  87% (1646/1891)        
2022-06-21T19:39:18.7611077Z remote: Counting objects:  88% (1665/1891)        
2022-06-21T19:39:18.7611388Z remote: Counting objects:  89% (1683/1891)        
2022-06-21T19:39:18.7611704Z remote: Counting objects:  90% (1702/1891)        
2022-06-21T19:39:18.7612019Z remote: Counting objects:  91% (1721/1891)        
2022-06-21T19:39:18.7612309Z remote: Counting objects:  92% (1740/1891)        
2022-06-21T19:39:18.7612621Z remote: Counting objects:  93% (1759/1891)        
2022-06-21T19:39:18.7612932Z remote: Counting objects:  94% (1778/1891)        
2022-06-21T19:39:18.7613224Z remote: Counting objects:  95% (1797/1891)        
2022-06-21T19:39:18.7613533Z remote: Counting objects:  96% (1816/1891)        
2022-06-21T19:39:18.7613842Z remote: Counting objects:  97% (1835/1891)        
2022-06-21T19:39:18.7614670Z remote: Counting objects:  98% (1854/1891)        
2022-06-21T19:39:18.7616275Z remote: Counting objects:  99% (1873/1891)        
2022-06-21T19:39:18.7616822Z remote: Counting objects: 100% (1891/1891)        
2022-06-21T19:39:18.7617302Z remote: Counting objects: 100% (1891/1891), done.        
2022-06-21T19:39:18.7617849Z remote: Compressing objects:   0% (1/1378)        
2022-06-21T19:39:18.7618945Z remote: Compressing objects:   1% (14/1378)        
2022-06-21T19:39:18.7619470Z remote: Compressing objects:   2% (28/1378)        
2022-06-21T19:39:18.8103719Z remote: Compressing objects:   3% (42/1378)        
2022-06-21T19:39:18.8104161Z remote: Compressing objects:   4% (56/1378)        
2022-06-21T19:39:18.8104503Z remote: Compressing objects:   5% (69/1378)        
2022-06-21T19:39:18.8106146Z remote: Compressing objects:   6% (83/1378)        
2022-06-21T19:39:18.8106495Z remote: Compressing objects:   7% (97/1378)        
2022-06-21T19:39:18.8106836Z remote: Compressing objects:   8% (111/1378)        
2022-06-21T19:39:18.8108060Z remote: Compressing objects:   9% (125/1378)        
2022-06-21T19:39:18.8108425Z remote: Compressing objects:  10% (138/1378)        
2022-06-21T19:39:18.8108744Z remote: Compressing objects:  11% (152/1378)        
2022-06-21T19:39:18.8109937Z remote: Compressing objects:  12% (166/1378)        
2022-06-21T19:39:18.8110294Z remote: Compressing objects:  13% (180/1378)        
2022-06-21T19:39:18.8110647Z remote: Compressing objects:  14% (193/1378)        
2022-06-21T19:39:18.8111834Z remote: Compressing objects:  15% (207/1378)        
2022-06-21T19:39:18.8112189Z remote: Compressing objects:  16% (221/1378)        
2022-06-21T19:39:18.8112519Z remote: Compressing objects:  17% (235/1378)        
2022-06-21T19:39:18.8113292Z remote: Compressing objects:  18% (249/1378)        
2022-06-21T19:39:18.8114016Z remote: Compressing objects:  19% (262/1378)        
2022-06-21T19:39:18.8114347Z remote: Compressing objects:  20% (276/1378)        
2022-06-21T19:39:18.8115123Z remote: Compressing objects:  21% (290/1378)        
2022-06-21T19:39:18.8115858Z remote: Compressing objects:  22% (304/1378)        
2022-06-21T19:39:18.8116190Z remote: Compressing objects:  23% (317/1378)        
2022-06-21T19:39:18.8117034Z remote: Compressing objects:  24% (331/1378)        
2022-06-21T19:39:18.8117737Z remote: Compressing objects:  25% (345/1378)        
2022-06-21T19:39:18.8118499Z remote: Compressing objects:  26% (359/1378)        
2022-06-21T19:39:18.8119737Z remote: Compressing objects:  27% (373/1378)        
2022-06-21T19:39:18.8120073Z remote: Compressing objects:  28% (386/1378)        
2022-06-21T19:39:18.8120401Z remote: Compressing objects:  29% (400/1378)        
2022-06-21T19:39:18.8121261Z remote: Compressing objects:  30% (414/1378)        
2022-06-21T19:39:18.8121985Z remote: Compressing objects:  31% (428/1378)        
2022-06-21T19:39:18.8122313Z remote: Compressing objects:  32% (441/1378)        
2022-06-21T19:39:18.8123136Z remote: Compressing objects:  33% (455/1378)        
2022-06-21T19:39:18.8123478Z remote: Compressing objects:  34% (469/1378)        
2022-06-21T19:39:18.8124191Z remote: Compressing objects:  35% (483/1378)        
2022-06-21T19:39:18.8126583Z remote: Compressing objects:  36% (497/1378)        
2022-06-21T19:39:18.8127071Z remote: Compressing objects:  37% (510/1378)        
2022-06-21T19:39:18.8127754Z remote: Compressing objects:  38% (524/1378)        
2022-06-21T19:39:18.8129065Z remote: Compressing objects:  39% (538/1378)        
2022-06-21T19:39:18.8163784Z remote: Compressing objects:  40% (552/1378)        
2022-06-21T19:39:18.8165752Z remote: Compressing objects:  41% (565/1378)        
2022-06-21T19:39:18.8166086Z remote: Compressing objects:  42% (579/1378)        
2022-06-21T19:39:18.8289063Z remote: Compressing objects:  43% (593/1378)        
2022-06-21T19:39:18.8289669Z remote: Compressing objects:  44% (607/1378)        
2022-06-21T19:39:18.8349072Z remote: Compressing objects:  45% (621/1378)        
2022-06-21T19:39:18.8368834Z remote: Compressing objects:  46% (634/1378)        
2022-06-21T19:39:18.8375854Z remote: Compressing objects:  47% (648/1378)        
2022-06-21T19:39:18.8442727Z remote: Compressing objects:  48% (662/1378)        
2022-06-21T19:39:18.8499065Z remote: Compressing objects:  49% (676/1378)        
2022-06-21T19:39:18.8519738Z remote: Compressing objects:  50% (689/1378)        
2022-06-21T19:39:18.8654141Z remote: Compressing objects:  51% (703/1378)        
2022-06-21T19:39:18.8673603Z remote: Compressing objects:  52% (717/1378)        
2022-06-21T19:39:18.8685662Z remote: Compressing objects:  53% (731/1378)        
2022-06-21T19:39:18.8686462Z remote: Compressing objects:  54% (745/1378)        
2022-06-21T19:39:18.8719350Z remote: Compressing objects:  55% (758/1378)        
2022-06-21T19:39:18.8762054Z remote: Compressing objects:  56% (772/1378)        
2022-06-21T19:39:18.8799819Z remote: Compressing objects:  57% (786/1378)        
2022-06-21T19:39:18.8833400Z remote: Compressing objects:  58% (800/1378)        
2022-06-21T19:39:18.8872122Z remote: Compressing objects:  59% (814/1378)        
2022-06-21T19:39:18.8897832Z remote: Compressing objects:  60% (827/1378)        
2022-06-21T19:39:18.8936565Z remote: Compressing objects:  61% (841/1378)        
2022-06-21T19:39:18.9016972Z remote: Compressing objects:  62% (855/1378)        
2022-06-21T19:39:18.9017797Z remote: Compressing objects:  63% (869/1378)        
2022-06-21T19:39:18.9072141Z remote: Compressing objects:  64% (882/1378)        
2022-06-21T19:39:18.9072580Z remote: Compressing objects:  65% (896/1378)        
2022-06-21T19:39:18.9072907Z remote: Compressing objects:  66% (910/1378)        
2022-06-21T19:39:18.9073245Z remote: Compressing objects:  67% (924/1378)        
2022-06-21T19:39:18.9112527Z remote: Compressing objects:  68% (938/1378)        
2022-06-21T19:39:18.9158718Z remote: Compressing objects:  69% (951/1378)        
2022-06-21T19:39:18.9166907Z remote: Compressing objects:  70% (965/1378)        
2022-06-21T19:39:18.9210228Z remote: Compressing objects:  71% (979/1378)        
2022-06-21T19:39:18.9276713Z remote: Compressing objects:  72% (993/1378)        
2022-06-21T19:39:18.9289905Z remote: Compressing objects:  73% (1006/1378)        
2022-06-21T19:39:18.9320972Z remote: Compressing objects:  74% (1020/1378)        
2022-06-21T19:39:18.9338339Z remote: Compressing objects:  75% (1034/1378)        
2022-06-21T19:39:18.9440420Z remote: Compressing objects:  76% (1048/1378)        
2022-06-21T19:39:18.9476050Z remote: Compressing objects:  77% (1062/1378)        
2022-06-21T19:39:18.9476471Z remote: Compressing objects:  78% (1075/1378)        
2022-06-21T19:39:18.9476821Z remote: Compressing objects:  79% (1089/1378)        
2022-06-21T19:39:18.9498698Z remote: Compressing objects:  80% (1103/1378)        
2022-06-21T19:39:18.9516722Z remote: Compressing objects:  81% (1117/1378)        
2022-06-21T19:39:18.9554213Z remote: Compressing objects:  82% (1130/1378)        
2022-06-21T19:39:18.9581622Z remote: Compressing objects:  83% (1144/1378)        
2022-06-21T19:39:18.9600497Z remote: Compressing objects:  84% (1158/1378)        
2022-06-21T19:39:18.9671667Z remote: Compressing objects:  85% (1172/1378)        
2022-06-21T19:39:18.9672044Z remote: Compressing objects:  86% (1186/1378)        
2022-06-21T19:39:18.9672387Z remote: Compressing objects:  87% (1199/1378)        
2022-06-21T19:39:18.9672750Z remote: Compressing objects:  88% (1213/1378)        
2022-06-21T19:39:18.9673099Z remote: Compressing objects:  89% (1227/1378)        
2022-06-21T19:39:18.9673408Z remote: Compressing objects:  90% (1241/1378)        
2022-06-21T19:39:18.9673778Z remote: Compressing objects:  91% (1254/1378)        
2022-06-21T19:39:18.9674130Z remote: Compressing objects:  92% (1268/1378)        
2022-06-21T19:39:18.9674744Z remote: Compressing objects:  93% (1282/1378)        
2022-06-21T19:39:18.9675121Z remote: Compressing objects:  94% (1296/1378)        
2022-06-21T19:39:18.9675449Z remote: Compressing objects:  95% (1310/1378)        
2022-06-21T19:39:18.9675864Z remote: Compressing objects:  96% (1323/1378)        
2022-06-21T19:39:18.9676233Z remote: Compressing objects:  97% (1337/1378)        
2022-06-21T19:39:18.9676570Z remote: Compressing objects:  98% (1351/1378)        
2022-06-21T19:39:18.9676902Z remote: Compressing objects:  99% (1365/1378)        
2022-06-21T19:39:18.9677232Z remote: Compressing objects: 100% (1378/1378)        
2022-06-21T19:39:18.9678016Z remote: Compressing objects: 100% (1378/1378), done.        
2022-06-21T19:39:18.9733163Z Receiving objects:   0% (1/1891)
2022-06-21T19:39:19.0542075Z Receiving objects:   1% (19/1891)
2022-06-21T19:39:19.0632845Z Receiving objects:   2% (38/1891)
2022-06-21T19:39:19.2218906Z Receiving objects:   3% (57/1891)
2022-06-21T19:39:19.2237895Z Receiving objects:   4% (76/1891)
2022-06-21T19:39:19.2249687Z Receiving objects:   5% (95/1891)
2022-06-21T19:39:19.2256977Z Receiving objects:   6% (114/1891)
2022-06-21T19:39:19.2265223Z Receiving objects:   7% (133/1891)
2022-06-21T19:39:19.2409497Z Receiving objects:   8% (152/1891)
2022-06-21T19:39:19.2596659Z Receiving objects:   9% (171/1891)
2022-06-21T19:39:19.2602572Z Receiving objects:  10% (190/1891)
2022-06-21T19:39:19.2604489Z Receiving objects:  11% (209/1891)
2022-06-21T19:39:19.2604923Z Receiving objects:  12% (227/1891)
2022-06-21T19:39:19.2609102Z Receiving objects:  13% (246/1891)
2022-06-21T19:39:19.2612643Z Receiving objects:  14% (265/1891)
2022-06-21T19:39:19.2619168Z Receiving objects:  15% (284/1891)
2022-06-21T19:39:19.2622390Z Receiving objects:  16% (303/1891)
2022-06-21T19:39:19.2625069Z Receiving objects:  17% (322/1891)
2022-06-21T19:39:19.2629588Z Receiving objects:  18% (341/1891)
2022-06-21T19:39:19.2677022Z Receiving objects:  19% (360/1891)
2022-06-21T19:39:19.2680202Z Receiving objects:  20% (379/1891)
2022-06-21T19:39:19.2687950Z Receiving objects:  21% (398/1891)
2022-06-21T19:39:19.2690114Z Receiving objects:  22% (417/1891)
2022-06-21T19:39:19.2697635Z Receiving objects:  23% (435/1891)
2022-06-21T19:39:19.2733637Z Receiving objects:  24% (454/1891)
2022-06-21T19:39:19.2785470Z Receiving objects:  25% (473/1891)
2022-06-21T19:39:19.2787324Z Receiving objects:  26% (492/1891)
2022-06-21T19:39:19.2792615Z Receiving objects:  27% (511/1891)
2022-06-21T19:39:19.2802355Z Receiving objects:  28% (530/1891)
2022-06-21T19:39:19.3680528Z Receiving objects:  29% (549/1891)
2022-06-21T19:39:19.6314327Z Receiving objects:  30% (568/1891)
2022-06-21T19:39:19.6693769Z Receiving objects:  31% (587/1891), 7.17 MiB | 14.13 MiB/s
2022-06-21T19:39:19.7015320Z Receiving objects:  32% (606/1891), 7.17 MiB | 14.13 MiB/s
2022-06-21T19:39:19.9790906Z Receiving objects:  33% (625/1891), 7.17 MiB | 14.13 MiB/s
2022-06-21T19:39:20.3934573Z Receiving objects:  33% (639/1891), 16.27 MiB | 16.15 MiB/s
2022-06-21T19:39:20.9856667Z Receiving objects:  34% (643/1891), 16.27 MiB | 16.15 MiB/s
2022-06-21T19:39:21.2798962Z Receiving objects:  34% (652/1891), 31.32 MiB | 15.57 MiB/s
2022-06-21T19:39:21.4423058Z Receiving objects:  35% (662/1891), 31.32 MiB | 15.57 MiB/s
2022-06-21T19:39:21.4436474Z Receiving objects:  36% (681/1891), 31.32 MiB | 15.57 MiB/s
2022-06-21T19:39:21.7566577Z Receiving objects:  37% (700/1891), 31.32 MiB | 15.57 MiB/s
2022-06-21T19:39:21.7578732Z Receiving objects:  38% (719/1891), 39.31 MiB | 15.65 MiB/s
2022-06-21T19:39:21.7581687Z Receiving objects:  39% (738/1891), 39.31 MiB | 15.65 MiB/s
2022-06-21T19:39:21.7582427Z Receiving objects:  40% (757/1891), 39.31 MiB | 15.65 MiB/s
2022-06-21T19:39:21.7586864Z Receiving objects:  41% (776/1891), 39.31 MiB | 15.65 MiB/s
2022-06-21T19:39:21.7587502Z Receiving objects:  42% (795/1891), 39.31 MiB | 15.65 MiB/s
2022-06-21T19:39:21.7589696Z Receiving objects:  43% (814/1891), 39.31 MiB | 15.65 MiB/s
2022-06-21T19:39:21.7591575Z Receiving objects:  44% (833/1891), 39.31 MiB | 15.65 MiB/s
2022-06-21T19:39:21.7592771Z Receiving objects:  45% (851/1891), 39.31 MiB | 15.65 MiB/s
2022-06-21T19:39:21.7593413Z Receiving objects:  46% (870/1891), 39.31 MiB | 15.65 MiB/s
2022-06-21T19:39:21.7603269Z Receiving objects:  47% (889/1891), 39.31 MiB | 15.65 MiB/s
2022-06-21T19:39:21.7617495Z Receiving objects:  48% (908/1891), 39.31 MiB | 15.65 MiB/s
2022-06-21T19:39:21.7624424Z Receiving objects:  49% (927/1891), 39.31 MiB | 15.65 MiB/s
2022-06-21T19:39:21.7628679Z Receiving objects:  50% (946/1891), 39.31 MiB | 15.65 MiB/s
2022-06-21T19:39:21.7643095Z Receiving objects:  51% (965/1891), 39.31 MiB | 15.65 MiB/s
2022-06-21T19:39:21.7653221Z Receiving objects:  52% (984/1891), 39.31 MiB | 15.65 MiB/s
2022-06-21T19:39:21.7655752Z Receiving objects:  53% (1003/1891), 39.31 MiB | 15.65 MiB/s
2022-06-21T19:39:21.7656442Z Receiving objects:  54% (1022/1891), 39.31 MiB | 15.65 MiB/s
2022-06-21T19:39:21.7659434Z Receiving objects:  55% (1041/1891), 39.31 MiB | 15.65 MiB/s
2022-06-21T19:39:21.7872132Z Receiving objects:  56% (1059/1891), 39.31 MiB | 15.65 MiB/s
2022-06-21T19:39:21.7886765Z Receiving objects:  57% (1078/1891), 39.31 MiB | 15.65 MiB/s
2022-06-21T19:39:21.7898550Z Receiving objects:  58% (1097/1891), 39.31 MiB | 15.65 MiB/s
2022-06-21T19:39:21.7907940Z Receiving objects:  59% (1116/1891), 39.31 MiB | 15.65 MiB/s
2022-06-21T19:39:21.7919098Z Receiving objects:  60% (1135/1891), 39.31 MiB | 15.65 MiB/s
2022-06-21T19:39:21.7926453Z Receiving objects:  61% (1154/1891), 39.31 MiB | 15.65 MiB/s
2022-06-21T19:39:21.7935918Z Receiving objects:  62% (1173/1891), 39.31 MiB | 15.65 MiB/s
2022-06-21T19:39:21.7948452Z Receiving objects:  63% (1192/1891), 39.31 MiB | 15.65 MiB/s
2022-06-21T19:39:21.7957860Z Receiving objects:  64% (1211/1891), 39.31 MiB | 15.65 MiB/s
2022-06-21T19:39:21.7977543Z Receiving objects:  65% (1230/1891), 39.31 MiB | 15.65 MiB/s
2022-06-21T19:39:21.7988873Z Receiving objects:  66% (1249/1891), 39.31 MiB | 15.65 MiB/s
2022-06-21T19:39:21.7997627Z Receiving objects:  67% (1267/1891), 39.31 MiB | 15.65 MiB/s
2022-06-21T19:39:21.8006905Z Receiving objects:  68% (1286/1891), 39.31 MiB | 15.65 MiB/s
2022-06-21T19:39:21.8015511Z Receiving objects:  69% (1305/1891), 39.31 MiB | 15.65 MiB/s
2022-06-21T19:39:21.8024789Z Receiving objects:  70% (1324/1891), 39.31 MiB | 15.65 MiB/s
2022-06-21T19:39:21.8030070Z Receiving objects:  71% (1343/1891), 39.31 MiB | 15.65 MiB/s
2022-06-21T19:39:21.8036402Z Receiving objects:  72% (1362/1891), 39.31 MiB | 15.65 MiB/s
2022-06-21T19:39:21.8049142Z Receiving objects:  73% (1381/1891), 39.31 MiB | 15.65 MiB/s
2022-06-21T19:39:21.8058403Z Receiving objects:  74% (1400/1891), 39.31 MiB | 15.65 MiB/s
2022-06-21T19:39:21.8068731Z Receiving objects:  75% (1419/1891), 39.31 MiB | 15.65 MiB/s
2022-06-21T19:39:21.8075047Z Receiving objects:  76% (1438/1891), 39.31 MiB | 15.65 MiB/s
2022-06-21T19:39:21.8081977Z Receiving objects:  77% (1457/1891), 39.31 MiB | 15.65 MiB/s
2022-06-21T19:39:21.8089596Z Receiving objects:  78% (1475/1891), 39.31 MiB | 15.65 MiB/s
2022-06-21T19:39:21.8094697Z Receiving objects:  79% (1494/1891), 39.31 MiB | 15.65 MiB/s
2022-06-21T19:39:21.8105596Z Receiving objects:  80% (1513/1891), 39.31 MiB | 15.65 MiB/s
2022-06-21T19:39:21.8115446Z Receiving objects:  81% (1532/1891), 39.31 MiB | 15.65 MiB/s
2022-06-21T19:39:21.8122327Z Receiving objects:  82% (1551/1891), 39.31 MiB | 15.65 MiB/s
2022-06-21T19:39:21.8132607Z Receiving objects:  83% (1570/1891), 39.31 MiB | 15.65 MiB/s
2022-06-21T19:39:21.8138861Z Receiving objects:  84% (1589/1891), 39.31 MiB | 15.65 MiB/s
2022-06-21T19:39:21.8149026Z Receiving objects:  85% (1608/1891), 39.31 MiB | 15.65 MiB/s
2022-06-21T19:39:21.8156868Z Receiving objects:  86% (1627/1891), 39.31 MiB | 15.65 MiB/s
2022-06-21T19:39:21.8162055Z Receiving objects:  87% (1646/1891), 39.31 MiB | 15.65 MiB/s
2022-06-21T19:39:21.8166756Z Receiving objects:  88% (1665/1891), 39.31 MiB | 15.65 MiB/s
2022-06-21T19:39:21.8177330Z Receiving objects:  89% (1683/1891), 39.31 MiB | 15.65 MiB/s
2022-06-21T19:39:21.8186335Z Receiving objects:  90% (1702/1891), 39.31 MiB | 15.65 MiB/s
2022-06-21T19:39:21.8193247Z Receiving objects:  91% (1721/1891), 39.31 MiB | 15.65 MiB/s
2022-06-21T19:39:21.8198903Z Receiving objects:  92% (1740/1891), 39.31 MiB | 15.65 MiB/s
2022-06-21T19:39:21.8205079Z Receiving objects:  93% (1759/1891), 39.31 MiB | 15.65 MiB/s
2022-06-21T19:39:21.8213687Z Receiving objects:  94% (1778/1891), 39.31 MiB | 15.65 MiB/s
2022-06-21T19:39:21.8239218Z Receiving objects:  95% (1797/1891), 39.31 MiB | 15.65 MiB/s
2022-06-21T19:39:21.8244863Z Receiving objects:  96% (1816/1891), 39.31 MiB | 15.65 MiB/s
2022-06-21T19:39:21.8644861Z Receiving objects:  97% (1835/1891), 39.31 MiB | 15.65 MiB/s
2022-06-21T19:39:21.9268754Z Receiving objects:  98% (1854/1891), 39.31 MiB | 15.65 MiB/s
2022-06-21T19:39:21.9269603Z remote: Total 1891 (delta 755), reused 1185 (delta 342), pack-reused 0        
2022-06-21T19:39:21.9279795Z Receiving objects:  99% (1873/1891), 39.31 MiB | 15.65 MiB/s
2022-06-21T19:39:21.9280164Z Receiving objects: 100% (1891/1891), 39.31 MiB | 15.65 MiB/s
2022-06-21T19:39:21.9280494Z Receiving objects: 100% (1891/1891), 46.37 MiB | 15.69 MiB/s, done.
2022-06-21T19:39:21.9288922Z Resolving deltas:   0% (0/755)
2022-06-21T19:39:21.9293825Z Resolving deltas:   1% (8/755)
2022-06-21T19:39:21.9298839Z Resolving deltas:   2% (16/755)
2022-06-21T19:39:21.9303669Z Resolving deltas:   3% (23/755)
2022-06-21T19:39:21.9308084Z Resolving deltas:   4% (31/755)
2022-06-21T19:39:21.9349108Z Resolving deltas:   5% (38/755)
2022-06-21T19:39:21.9349417Z Resolving deltas:   6% (46/755)
2022-06-21T19:39:21.9349698Z Resolving deltas:   7% (53/755)
2022-06-21T19:39:21.9350016Z Resolving deltas:   8% (61/755)
2022-06-21T19:39:21.9350271Z Resolving deltas:   9% (68/755)
2022-06-21T19:39:21.9360005Z Resolving deltas:  10% (76/755)
2022-06-21T19:39:21.9365603Z Resolving deltas:  11% (84/755)
2022-06-21T19:39:21.9369019Z Resolving deltas:  12% (91/755)
2022-06-21T19:39:21.9372497Z Resolving deltas:  13% (99/755)
2022-06-21T19:39:21.9374476Z Resolving deltas:  14% (106/755)
2022-06-21T19:39:21.9377403Z Resolving deltas:  15% (114/755)
2022-06-21T19:39:21.9379084Z Resolving deltas:  16% (121/755)
2022-06-21T19:39:21.9384337Z Resolving deltas:  17% (129/755)
2022-06-21T19:39:21.9386554Z Resolving deltas:  18% (136/755)
2022-06-21T19:39:21.9388262Z Resolving deltas:  19% (144/755)
2022-06-21T19:39:21.9393927Z Resolving deltas:  20% (151/755)
2022-06-21T19:39:21.9396799Z Resolving deltas:  21% (159/755)
2022-06-21T19:39:21.9420664Z Resolving deltas:  22% (167/755)
2022-06-21T19:39:21.9439191Z Resolving deltas:  23% (174/755)
2022-06-21T19:39:21.9452737Z Resolving deltas:  24% (182/755)
2022-06-21T19:39:21.9459225Z Resolving deltas:  25% (189/755)
2022-06-21T19:39:21.9461250Z Resolving deltas:  26% (197/755)
2022-06-21T19:39:21.9462921Z Resolving deltas:  27% (204/755)
2022-06-21T19:39:21.9465067Z Resolving deltas:  28% (212/755)
2022-06-21T19:39:21.9466710Z Resolving deltas:  29% (219/755)
2022-06-21T19:39:21.9468637Z Resolving deltas:  30% (227/755)
2022-06-21T19:39:21.9470128Z Resolving deltas:  31% (235/755)
2022-06-21T19:39:21.9472745Z Resolving deltas:  32% (242/755)
2022-06-21T19:39:21.9474221Z Resolving deltas:  33% (250/755)
2022-06-21T19:39:21.9479482Z Resolving deltas:  34% (257/755)
2022-06-21T19:39:21.9482171Z Resolving deltas:  35% (265/755)
2022-06-21T19:39:21.9486689Z Resolving deltas:  36% (272/755)
2022-06-21T19:39:21.9490650Z Resolving deltas:  37% (280/755)
2022-06-21T19:39:21.9496317Z Resolving deltas:  38% (287/755)
2022-06-21T19:39:21.9502399Z Resolving deltas:  39% (295/755)
2022-06-21T19:39:21.9507273Z Resolving deltas:  40% (302/755)
2022-06-21T19:39:21.9511333Z Resolving deltas:  41% (310/755)
2022-06-21T19:39:21.9515176Z Resolving deltas:  42% (318/755)
2022-06-21T19:39:21.9523777Z Resolving deltas:  43% (325/755)
2022-06-21T19:39:21.9529815Z Resolving deltas:  44% (333/755)
2022-06-21T19:39:21.9535584Z Resolving deltas:  45% (340/755)
2022-06-21T19:39:21.9539974Z Resolving deltas:  46% (348/755)
2022-06-21T19:39:21.9545066Z Resolving deltas:  47% (355/755)
2022-06-21T19:39:21.9548885Z Resolving deltas:  48% (363/755)
2022-06-21T19:39:21.9553555Z Resolving deltas:  49% (370/755)
2022-06-21T19:39:21.9558273Z Resolving deltas:  50% (378/755)
2022-06-21T19:39:21.9563668Z Resolving deltas:  51% (386/755)
2022-06-21T19:39:21.9567550Z Resolving deltas:  52% (393/755)
2022-06-21T19:39:21.9572874Z Resolving deltas:  53% (401/755)
2022-06-21T19:39:21.9582795Z Resolving deltas:  54% (408/755)
2022-06-21T19:39:21.9587500Z Resolving deltas:  55% (416/755)
2022-06-21T19:39:21.9591144Z Resolving deltas:  56% (423/755)
2022-06-21T19:39:21.9595908Z Resolving deltas:  57% (431/755)
2022-06-21T19:39:21.9600601Z Resolving deltas:  58% (438/755)
2022-06-21T19:39:21.9605621Z Resolving deltas:  59% (446/755)
2022-06-21T19:39:21.9609090Z Resolving deltas:  60% (453/755)
2022-06-21T19:39:21.9611046Z Resolving deltas:  61% (461/755)
2022-06-21T19:39:21.9618472Z Resolving deltas:  62% (469/755)
2022-06-21T19:39:21.9622048Z Resolving deltas:  63% (476/755)
2022-06-21T19:39:21.9628194Z Resolving deltas:  64% (484/755)
2022-06-21T19:39:21.9633738Z Resolving deltas:  65% (492/755)
2022-06-21T19:39:21.9636961Z Resolving deltas:  66% (499/755)
2022-06-21T19:39:21.9643131Z Resolving deltas:  67% (506/755)
2022-06-21T19:39:21.9645201Z Resolving deltas:  68% (514/755)
2022-06-21T19:39:21.9651135Z Resolving deltas:  69% (521/755)
2022-06-21T19:39:21.9654651Z Resolving deltas:  70% (529/755)
2022-06-21T19:39:21.9660300Z Resolving deltas:  71% (537/755)
2022-06-21T19:39:21.9666050Z Resolving deltas:  72% (544/755)
2022-06-21T19:39:21.9670682Z Resolving deltas:  73% (552/755)
2022-06-21T19:39:21.9676358Z Resolving deltas:  74% (559/755)
2022-06-21T19:39:21.9684143Z Resolving deltas:  75% (567/755)
2022-06-21T19:39:21.9687221Z Resolving deltas:  76% (574/755)
2022-06-21T19:39:21.9691510Z Resolving deltas:  77% (582/755)
2022-06-21T19:39:21.9696578Z Resolving deltas:  78% (589/755)
2022-06-21T19:39:21.9700410Z Resolving deltas:  79% (597/755)
2022-06-21T19:39:21.9709908Z Resolving deltas:  80% (604/755)
2022-06-21T19:39:21.9714562Z Resolving deltas:  81% (612/755)
2022-06-21T19:39:21.9720150Z Resolving deltas:  82% (620/755)
2022-06-21T19:39:21.9726678Z Resolving deltas:  83% (627/755)
2022-06-21T19:39:21.9730909Z Resolving deltas:  84% (635/755)
2022-06-21T19:39:21.9737424Z Resolving deltas:  85% (642/755)
2022-06-21T19:39:21.9741962Z Resolving deltas:  86% (650/755)
2022-06-21T19:39:21.9745064Z Resolving deltas:  87% (657/755)
2022-06-21T19:39:21.9750470Z Resolving deltas:  88% (665/755)
2022-06-21T19:39:21.9756189Z Resolving deltas:  89% (672/755)
2022-06-21T19:39:21.9760533Z Resolving deltas:  90% (680/755)
2022-06-21T19:39:21.9767654Z Resolving deltas:  91% (688/755)
2022-06-21T19:39:21.9773863Z Resolving deltas:  92% (695/755)
2022-06-21T19:39:21.9778296Z Resolving deltas:  93% (703/755)
2022-06-21T19:39:21.9782982Z Resolving deltas:  94% (710/755)
2022-06-21T19:39:21.9789541Z Resolving deltas:  95% (718/755)
2022-06-21T19:39:21.9795143Z Resolving deltas:  96% (725/755)
2022-06-21T19:39:21.9801097Z Resolving deltas:  97% (733/755)
2022-06-21T19:39:21.9806153Z Resolving deltas:  98% (740/755)
2022-06-21T19:39:21.9828551Z Resolving deltas:  99% (748/755)
2022-06-21T19:39:21.9828863Z Resolving deltas: 100% (755/755)
2022-06-21T19:39:21.9829150Z Resolving deltas: 100% (755/755), done.
2022-06-21T19:39:22.0750398Z From https://github.com/mwgh/ob-pos
2022-06-21T19:39:22.0751402Z  * [new ref]         fa5ea20a5ae6ad6aba1d58de16453ca164047d59 -> origin/master
2022-06-21T19:39:22.0800739Z ##[endgroup]
2022-06-21T19:39:22.0802080Z ##[group]Determining the checkout info
2022-06-21T19:39:22.0810769Z ##[endgroup]
2022-06-21T19:39:22.0811577Z ##[group]Checking out the ref
2022-06-21T19:39:22.0813083Z [command]/usr/bin/git checkout --progress --force -B master refs/remotes/origin/master
2022-06-21T19:39:22.5331803Z Reset branch 'master'
2022-06-21T19:39:22.5335566Z branch 'master' set up to track 'origin/master'.
2022-06-21T19:39:22.5367672Z ##[endgroup]
2022-06-21T19:39:22.5412574Z [command]/usr/bin/git log -1 --format='%H'
2022-06-21T19:39:22.5454913Z 'fa5ea20a5ae6ad6aba1d58de16453ca164047d59'
2022-06-21T19:39:22.5899818Z ##[group]Run actions/setup-java@v3
2022-06-21T19:39:22.5900123Z with:
2022-06-21T19:39:22.5900351Z   java-version: 8
2022-06-21T19:39:22.5900603Z   distribution: temurin
2022-06-21T19:39:22.5900843Z   java-package: jdk
2022-06-21T19:39:22.5901091Z   architecture: x64
2022-06-21T19:39:22.5901340Z   check-latest: false
2022-06-21T19:39:22.5901588Z   server-id: github
2022-06-21T19:39:22.5901833Z   server-username: GITHUB_ACTOR
2022-06-21T19:39:22.5902149Z   server-password: GITHUB_TOKEN
2022-06-21T19:39:22.5902454Z   overwrite-settings: true
2022-06-21T19:39:22.5902704Z   job-status: success
2022-06-21T19:39:22.5902943Z ##[endgroup]
2022-06-21T19:39:22.8662409Z Resolved Java 8.0.332+9 from tool-cache
2022-06-21T19:39:22.8663037Z Setting Java 8.0.332+9 as the default
2022-06-21T19:39:22.8681816Z 
2022-06-21T19:39:22.8682676Z Java configuration:
2022-06-21T19:39:22.8683158Z   Distribution: temurin
2022-06-21T19:39:22.8684386Z   Version: 8.0.332+9
2022-06-21T19:39:22.8685315Z   Path: /opt/hostedtoolcache/Java_Temurin-Hotspot_jdk/8.0.332-9/x64
2022-06-21T19:39:22.8686488Z 
2022-06-21T19:39:22.8712712Z Creating settings.xml with server-id: github
2022-06-21T19:39:22.8832905Z Writing to /home/runner/.m2/settings.xml
2022-06-21T19:39:22.8986468Z ##[group]Run ant -noinput -buildfile build.xml
2022-06-21T19:39:22.8986927Z [36;1mant -noinput -buildfile build.xml[0m
2022-06-21T19:39:22.9056882Z shell: /usr/bin/bash -e {0}
2022-06-21T19:39:22.9057165Z env:
2022-06-21T19:39:22.9057508Z   JAVA_HOME: /opt/hostedtoolcache/Java_Temurin-Hotspot_jdk/8.0.332-9/x64
2022-06-21T19:39:22.9057868Z ##[endgroup]
2022-06-21T19:39:23.8029644Z Buildfile: /home/runner/work/ob-pos/ob-pos/build.xml
2022-06-21T19:39:24.2082792Z Trying to override old definition of task javac
2022-06-21T19:39:24.2284968Z 
2022-06-21T19:39:24.2285440Z init.dist:
2022-06-21T19:39:24.2543486Z 
2022-06-21T19:39:24.2543986Z init.jar:
2022-06-21T19:39:24.2550225Z 
2022-06-21T19:39:24.2551656Z init.classes:
2022-06-21T19:39:24.2556705Z 
2022-06-21T19:39:24.2558159Z compilebeans:
2022-06-21T19:39:24.2606051Z     [mkdir] Created dir: /home/runner/work/ob-pos/ob-pos/build/classes/beans
2022-06-21T19:39:24.3416724Z     [javac] Compiling 34 source files to /home/runner/work/ob-pos/ob-pos/build/classes/beans
2022-06-21T19:39:26.1202558Z      [copy] Copying 114 files to /home/runner/work/ob-pos/ob-pos/build/classes/beans
2022-06-21T19:39:26.1931311Z 
2022-06-21T19:39:26.1932130Z compiledata:
2022-06-21T19:39:26.1936594Z     [mkdir] Created dir: /home/runner/work/ob-pos/ob-pos/build/classes/data
2022-06-21T19:39:26.2391443Z     [javac] Compiling 118 source files to /home/runner/work/ob-pos/ob-pos/build/classes/data
2022-06-21T19:39:27.5942071Z     [javac] Note: Some input files use unchecked or unsafe operations.
2022-06-21T19:39:27.5948429Z     [javac] Note: Recompile with -Xlint:unchecked for details.
2022-06-21T19:39:27.6038337Z 
2022-06-21T19:39:27.6041544Z compilepos:
2022-06-21T19:39:27.6048606Z     [mkdir] Created dir: /home/runner/work/ob-pos/ob-pos/build/classes/pos
2022-06-21T19:39:27.6812440Z     [javac] Compiling 358 source files to /home/runner/work/ob-pos/ob-pos/build/classes/pos
2022-06-21T19:39:30.9513157Z     [javac] Note: Some input files use unchecked or unsafe operations.
2022-06-21T19:39:30.9513947Z     [javac] Note: Recompile with -Xlint:unchecked for details.
2022-06-21T19:39:30.9698422Z      [copy] Copying 72 files to /home/runner/work/ob-pos/ob-pos/build/classes/pos
2022-06-21T19:39:30.9905311Z 
2022-06-21T19:39:30.9906260Z compileerp:
2022-06-21T19:39:30.9912634Z     [mkdir] Created dir: /home/runner/work/ob-pos/ob-pos/build/classes/erp
2022-06-21T19:39:30.9954961Z     [javac] Compiling 27 source files to /home/runner/work/ob-pos/ob-pos/build/classes/erp
2022-06-21T19:39:31.3234389Z     [javac] Note: Some input files use unchecked or unsafe operations.
2022-06-21T19:39:31.3242484Z     [javac] Note: Recompile with -Xlint:unchecked for details.
2022-06-21T19:39:31.3300099Z 
2022-06-21T19:39:31.3300405Z jar:
2022-06-21T19:39:31.3318032Z     [mkdir] Created dir: /home/runner/work/ob-pos/ob-pos/build/zip
2022-06-21T19:39:31.6336597Z      [copy] Copying 1237 files to /home/runner/work/ob-pos/ob-pos/build/zip
2022-06-21T19:39:31.9321836Z     [mkdir] Created dir: /home/runner/work/ob-pos/ob-pos/build/jar
2022-06-21T19:39:31.9960482Z       [jar] Building jar: /home/runner/work/ob-pos/ob-pos/build/jar/openbravopos.jar
2022-06-21T19:39:32.2851376Z    [delete] Deleting directory /home/runner/work/ob-pos/ob-pos/build/zip
2022-06-21T19:39:32.3161126Z 
2022-06-21T19:39:32.3178527Z dist.bin:
2022-06-21T19:39:32.3179754Z     [mkdir] Created dir: /home/runner/work/ob-pos/ob-pos/build/zip
2022-06-21T19:39:32.3180639Z      [copy] Copying 1 file to /home/runner/work/ob-pos/ob-pos/build/zip
2022-06-21T19:39:32.3181305Z      [copy] Copying 1 file to /home/runner/work/ob-pos/ob-pos/build/zip
2022-06-21T19:39:32.3182011Z      [copy] Copying 1 file to /home/runner/work/ob-pos/ob-pos/build/zip
2022-06-21T19:39:32.3272152Z      [copy] Copying 1 file to /home/runner/work/ob-pos/ob-pos/build/zip
2022-06-21T19:39:32.3273410Z      [copy] Copying 1 file to /home/runner/work/ob-pos/ob-pos/build/zip
2022-06-21T19:39:32.3274645Z      [copy] Copying 1 file to /home/runner/work/ob-pos/ob-pos/build/zip
2022-06-21T19:39:32.3275521Z      [copy] Copying 1 file to /home/runner/work/ob-pos/ob-pos/build/zip
2022-06-21T19:39:32.3276076Z      [copy] Copying 1 file to /home/runner/work/ob-pos/ob-pos/build/zip
2022-06-21T19:39:32.3276589Z      [copy] Copying 1 file to /home/runner/work/ob-pos/ob-pos/build/zip
2022-06-21T19:39:32.3277125Z      [copy] Copying 8 files to /home/runner/work/ob-pos/ob-pos/build/zip/licensing
2022-06-21T19:39:32.3339236Z      [copy] Copying 54 files to /home/runner/work/ob-pos/ob-pos/build/zip/lib
2022-06-21T19:39:32.3794760Z      [copy] Copying 22 files to /home/runner/work/ob-pos/ob-pos/build/zip/locales
2022-06-21T19:39:32.3938719Z      [copy] Copying 153 files to /home/runner/work/ob-pos/ob-pos/build/zip/reports
2022-06-21T19:39:32.4243617Z     [mkdir] Created dir: /home/runner/work/ob-pos/ob-pos/build/dist
2022-06-21T19:39:32.4303318Z       [zip] Building zip: /home/runner/work/ob-pos/ob-pos/build/dist/openbravopos_2.30.2_bin.zip
2022-06-21T19:39:34.0019902Z    [delete] Deleting directory /home/runner/work/ob-pos/ob-pos/build/zip
2022-06-21T19:39:34.0150056Z 
2022-06-21T19:39:34.0155376Z dist.src:
2022-06-21T19:39:34.0158148Z     [mkdir] Created dir: /home/runner/work/ob-pos/ob-pos/build/zip
2022-06-21T19:39:34.0281186Z      [copy] Copying 157 files to /home/runner/work/ob-pos/ob-pos/build/zip/src-beans
2022-06-21T19:39:34.0662808Z      [copy] Copying 127 files to /home/runner/work/ob-pos/ob-pos/build/zip/src-data
2022-06-21T19:39:34.1253319Z      [copy] Copying 544 files to /home/runner/work/ob-pos/ob-pos/build/zip/src-pos
2022-06-21T19:39:34.2591427Z      [copy] Copying 27 files to /home/runner/work/ob-pos/ob-pos/build/zip/src-erp
2022-06-21T19:39:34.2690693Z      [copy] Copying 22 files to /home/runner/work/ob-pos/ob-pos/build/zip/locales
2022-06-21T19:39:34.2834281Z      [copy] Copying 153 files to /home/runner/work/ob-pos/ob-pos/build/zip/reports
2022-06-21T19:39:34.3196740Z      [copy] Copying 54 files to /home/runner/work/ob-pos/ob-pos/build/zip/lib
2022-06-21T19:39:34.3627092Z      [copy] Copying 1 file to /home/runner/work/ob-pos/ob-pos/build/zip
2022-06-21T19:39:34.3629790Z      [copy] Copying 1 file to /home/runner/work/ob-pos/ob-pos/build/zip
2022-06-21T19:39:34.3633640Z      [copy] Copying 1 file to /home/runner/work/ob-pos/ob-pos/build/zip
2022-06-21T19:39:34.3637088Z      [copy] Copying 1 file to /home/runner/work/ob-pos/ob-pos/build/zip
2022-06-21T19:39:34.3647855Z      [copy] Copying 1 file to /home/runner/work/ob-pos/ob-pos/build/zip
2022-06-21T19:39:34.3653276Z      [copy] Copying 1 file to /home/runner/work/ob-pos/ob-pos/build/zip
2022-06-21T19:39:34.3660945Z      [copy] Copying 1 file to /home/runner/work/ob-pos/ob-pos/build/zip
2022-06-21T19:39:34.3670220Z      [copy] Copying 1 file to /home/runner/work/ob-pos/ob-pos/build/zip
2022-06-21T19:39:34.3673904Z      [copy] Copying 1 file to /home/runner/work/ob-pos/ob-pos/build/zip
2022-06-21T19:39:34.3727078Z      [copy] Copying 1 file to /home/runner/work/ob-pos/ob-pos/build/zip
2022-06-21T19:39:34.3728027Z      [copy] Copying 1 file to /home/runner/work/ob-pos/ob-pos/build/zip
2022-06-21T19:39:34.3728831Z      [copy] Copying 1 file to /home/runner/work/ob-pos/ob-pos/build/zip
2022-06-21T19:39:34.3807341Z      [copy] Copying 44 files to /home/runner/work/ob-pos/ob-pos/build/zip/src-pda
2022-06-21T19:39:34.4398911Z      [copy] Copying 344 files to /home/runner/work/ob-pos/ob-pos/build/zip/jetty
2022-06-21T19:39:34.5545276Z      [copy] Copying 43 files to /home/runner/work/ob-pos/ob-pos/build/zip/web
2022-06-21T19:39:34.5664630Z      [copy] Copying 8 files to /home/runner/work/ob-pos/ob-pos/build/zip/licensing
2022-06-21T19:39:34.6066878Z       [zip] Building zip: /home/runner/work/ob-pos/ob-pos/build/dist/openbravopos_2.30.2_src.zip
2022-06-21T19:39:37.1922692Z    [delete] Deleting directory /home/runner/work/ob-pos/ob-pos/build/zip
2022-06-21T19:39:37.2478574Z 
2022-06-21T19:39:37.2480171Z init.war:
2022-06-21T19:39:37.2481390Z 
2022-06-21T19:39:37.2481887Z compile.pda:
2022-06-21T19:39:37.2485048Z     [mkdir] Created dir: /home/runner/work/ob-pos/ob-pos/build/classes/pda
2022-06-21T19:39:37.2532261Z     [javac] Compiling 42 source files to /home/runner/work/ob-pos/ob-pos/build/classes/pda
2022-06-21T19:39:37.4267723Z     [javac] Note: Some input files use unchecked or unsafe operations.
2022-06-21T19:39:37.4273429Z     [javac] Note: Recompile with -Xlint:unchecked for details.
2022-06-21T19:39:37.4305291Z      [copy] Copying 2 files to /home/runner/work/ob-pos/ob-pos/build/classes/pda
2022-06-21T19:39:37.4314775Z 
2022-06-21T19:39:37.4317435Z war:
2022-06-21T19:39:37.4322853Z     [mkdir] Created dir: /home/runner/work/ob-pos/ob-pos/build/zip
2022-06-21T19:39:37.4328839Z     [mkdir] Created dir: /home/runner/work/ob-pos/ob-pos/build/zip/WEB-INF/classes
2022-06-21T19:39:37.4333965Z     [mkdir] Created dir: /home/runner/work/ob-pos/ob-pos/build/zip/WEB-INF/lib
2022-06-21T19:39:37.4374147Z      [copy] Copying 43 files to /home/runner/work/ob-pos/ob-pos/build/zip
2022-06-21T19:39:37.4517883Z      [copy] Copying 45 files to /home/runner/work/ob-pos/ob-pos/build/zip/WEB-INF/classes
2022-06-21T19:39:37.4629444Z      [copy] Copying 1 file to /home/runner/work/ob-pos/ob-pos/build/zip/WEB-INF/lib
2022-06-21T19:39:37.4662836Z     [mkdir] Created dir: /home/runner/work/ob-pos/ob-pos/build/war
2022-06-21T19:39:37.4742334Z       [war] Building war: /home/runner/work/ob-pos/ob-pos/build/war/openbravopos_2.30.2_pda.war
2022-06-21T19:39:37.6885173Z    [delete] Deleting directory /home/runner/work/ob-pos/ob-pos/build/zip
2022-06-21T19:39:37.6917035Z 
2022-06-21T19:39:37.6919885Z dist.pda:
2022-06-21T19:39:37.6933994Z     [mkdir] Created dir: /home/runner/work/ob-pos/ob-pos/build/zip
2022-06-21T19:39:37.7322965Z      [copy] Copying 335 files to /home/runner/work/ob-pos/ob-pos/build/zip
2022-06-21T19:39:37.8372202Z     [mkdir] Created dir: /home/runner/work/ob-pos/ob-pos/build/zip/logs
2022-06-21T19:39:37.8377719Z      [copy] Copying 1 file to /home/runner/work/ob-pos/ob-pos/build/zip/webapps
2022-06-21T19:39:37.8424750Z      [copy] Copying 1 file to /home/runner/work/ob-pos/ob-pos/build/zip
2022-06-21T19:39:37.8432980Z      [copy] Copying 1 file to /home/runner/work/ob-pos/ob-pos/build/zip
2022-06-21T19:39:37.8600571Z       [zip] Building zip: /home/runner/work/ob-pos/ob-pos/build/dist/openbravopos_2.30.2_pda.zip
2022-06-21T19:39:38.7545006Z    [delete] Deleting directory /home/runner/work/ob-pos/ob-pos/build/zip
2022-06-21T19:39:38.7733493Z 
2022-06-21T19:39:38.7734280Z dist:
2022-06-21T19:39:38.7816784Z 
2022-06-21T19:39:38.7817509Z BUILD SUCCESSFUL
2022-06-21T19:39:38.7819321Z Total time: 14 seconds
2022-06-21T19:39:38.7958523Z Post job cleanup.
2022-06-21T19:39:39.0202609Z Post job cleanup.
2022-06-21T19:39:39.1802407Z [command]/usr/bin/git version
2022-06-21T19:39:39.1866023Z git version 2.36.1
2022-06-21T19:39:39.1932145Z Temporarily overriding HOME='/home/runner/work/_temp/a3cad413-206b-4546-bdcf-9860c659138a' before making global git config changes
2022-06-21T19:39:39.1934774Z Adding repository directory to the temporary git global config as a safe directory
2022-06-21T19:39:39.1941562Z [command]/usr/bin/git config --global --add safe.directory /home/runner/work/ob-pos/ob-pos
2022-06-21T19:39:39.1996350Z [command]/usr/bin/git config --local --name-only --get-regexp core\.sshCommand
2022-06-21T19:39:39.2042800Z [command]/usr/bin/git submodule foreach --recursive git config --local --name-only --get-regexp 'core\.sshCommand' && git config --local --unset-all 'core.sshCommand' || :
2022-06-21T19:39:39.2332155Z [command]/usr/bin/git config --local --name-only --get-regexp http\.https\:\/\/github\.com\/\.extraheader
2022-06-21T19:39:39.2372962Z http.https://github.com/.extraheader
2022-06-21T19:39:39.2389082Z [command]/usr/bin/git config --local --unset-all http.https://github.com/.extraheader
2022-06-21T19:39:39.2443071Z [command]/usr/bin/git submodule foreach --recursive git config --local --name-only --get-regexp 'http\.https\:\/\/github\.com\/\.extraheader' && git config --local --unset-all 'http.https://github.com/.extraheader' || :
2022-06-21T19:39:39.3045824Z Cleaning up orphan processes