2022-06-22T07:44:25.2479156Z Requested labels: ubuntu-latest
2022-06-22T07:44:25.2479206Z Job defined at: itsaky/AndroidIDE/.github/workflows/android_workflow.yml@refs/heads/main
2022-06-22T07:44:25.2479233Z Waiting for a runner to pick up this job...
2022-06-22T07:44:25.9327125Z Job is waiting for a hosted runner to come online.
2022-06-22T07:44:29.7467863Z Job is about to start running on the hosted runner: Hosted Agent (hosted)
2022-06-22T07:44:33.5843182Z Current runner version: '2.293.0'
2022-06-22T07:44:33.5868659Z ##[group]Operating System
2022-06-22T07:44:33.5869172Z Ubuntu
2022-06-22T07:44:33.5869445Z 20.04.4
2022-06-22T07:44:33.5869656Z LTS
2022-06-22T07:44:33.5870041Z ##[endgroup]
2022-06-22T07:44:33.5870358Z ##[group]Virtual Environment
2022-06-22T07:44:33.5870664Z Environment: ubuntu-20.04
2022-06-22T07:44:33.5870980Z Version: 20220614.0
2022-06-22T07:44:33.5871525Z Included Software: https://github.com/actions/virtual-environments/blob/ubuntu20/20220614.0/images/linux/Ubuntu2004-Readme.md
2022-06-22T07:44:33.5872148Z Image Release: https://github.com/actions/virtual-environments/releases/tag/ubuntu20%2F20220614.0
2022-06-22T07:44:33.5872530Z ##[endgroup]
2022-06-22T07:44:33.5872867Z ##[group]Virtual Environment Provisioner
2022-06-22T07:44:33.5873229Z 1.0.0.0-main-20220531-1
2022-06-22T07:44:33.5873506Z ##[endgroup]
2022-06-22T07:44:33.5874391Z ##[group]GITHUB_TOKEN Permissions
2022-06-22T07:44:33.5874928Z Actions: write
2022-06-22T07:44:33.5875412Z Checks: write
2022-06-22T07:44:33.5875715Z Contents: write
2022-06-22T07:44:33.5876021Z Deployments: write
2022-06-22T07:44:33.5876288Z Discussions: write
2022-06-22T07:44:33.5876590Z Issues: write
2022-06-22T07:44:33.5876921Z Metadata: read
2022-06-22T07:44:33.5877165Z Packages: write
2022-06-22T07:44:33.5877458Z Pages: write
2022-06-22T07:44:33.5877764Z PullRequests: write
2022-06-22T07:44:33.5878120Z RepositoryProjects: write
2022-06-22T07:44:33.5878409Z SecurityEvents: write
2022-06-22T07:44:33.5878717Z Statuses: write
2022-06-22T07:44:33.5879017Z ##[endgroup]
2022-06-22T07:44:33.5882552Z Secret source: Actions
2022-06-22T07:44:33.5883071Z Prepare workflow directory
2022-06-22T07:44:33.6726437Z Prepare all required actions
2022-06-22T07:44:33.6911141Z Getting action download info
2022-06-22T07:44:34.0022931Z Download action repository 'styfle/cancel-workflow-action@0.5.0' (SHA:148d9a848c6acaf90a3ec30bc5062f646f8a4163)
2022-06-22T07:44:34.5689342Z Download action repository 'actions/checkout@v2' (SHA:7884fcad6b5d53d10323aee724dc68d8b9096a2e)
2022-06-22T07:44:35.0897257Z Download action repository 'actions/setup-java@v1' (SHA:d202f5dbf7256730fb690ec59f6381650114feb2)
2022-06-22T07:44:35.5088989Z Download action repository 'eskatos/gradle-command-action@v1' (SHA:b3afdc78a7849557ab26e243ccf07548086da025)
2022-06-22T07:44:36.0389312Z Download action repository 'actions/upload-artifact@v2' (SHA:82c141cc518b40d92cc801eee768e7aafc9c2fa2)
2022-06-22T07:44:36.6885154Z ##[group]Run styfle/cancel-workflow-action@0.5.0
2022-06-22T07:44:36.6885470Z with:
2022-06-22T07:44:36.6886035Z   access_token: ***
2022-06-22T07:44:36.6886230Z ##[endgroup]
2022-06-22T07:44:36.8345037Z {
2022-06-22T07:44:36.8357219Z   eventName: 'push',
2022-06-22T07:44:36.8358992Z   sha: '263853fc024039138af7bf1eb83c45ac98173f0a',
2022-06-22T07:44:36.8359693Z   headSha: '263853fc024039138af7bf1eb83c45ac98173f0a',
2022-06-22T07:44:36.8360150Z   branch: 'main',
2022-06-22T07:44:36.8360742Z   owner: 'itsaky',
2022-06-22T07:44:36.8361237Z   repo: 'AndroidIDE',
2022-06-22T07:44:36.8361763Z   GITHUB_RUN_ID: '2540692279'
2022-06-22T07:44:36.8362117Z }
2022-06-22T07:44:36.8363022Z Found token: yes
2022-06-22T07:44:37.0961576Z Found workflow_id: [17009997]
2022-06-22T07:44:38.4664561Z Found 47 runs total.
2022-06-22T07:44:38.4665261Z Found 0 runs in progress.
2022-06-22T07:44:38.4665460Z Cancel Complete.
2022-06-22T07:44:38.4865299Z ##[group]Run actions/checkout@v2
2022-06-22T07:44:38.4865527Z with:
2022-06-22T07:44:38.4865707Z   repository: itsaky/AndroidIDE
2022-06-22T07:44:38.4866075Z   token: ***
2022-06-22T07:44:38.4866260Z   ssh-strict: true
2022-06-22T07:44:38.4866460Z   persist-credentials: true
2022-06-22T07:44:38.4866681Z   clean: true
2022-06-22T07:44:38.4866909Z   fetch-depth: 1
2022-06-22T07:44:38.4867077Z   lfs: false
2022-06-22T07:44:38.4867261Z   submodules: false
2022-06-22T07:44:38.4867461Z   set-safe-directory: true
2022-06-22T07:44:38.4867648Z ##[endgroup]
2022-06-22T07:44:38.6245997Z Syncing repository: itsaky/AndroidIDE
2022-06-22T07:44:38.6248109Z ##[group]Getting Git version info
2022-06-22T07:44:38.6248603Z Working directory is '/home/runner/work/AndroidIDE/AndroidIDE'
2022-06-22T07:44:38.6249082Z [command]/usr/bin/git version
2022-06-22T07:44:38.6336509Z git version 2.36.1
2022-06-22T07:44:38.6337380Z ##[endgroup]
2022-06-22T07:44:38.6354816Z Temporarily overriding HOME='/home/runner/work/_temp/49741e5b-2c62-4cc3-9a6f-45aecc2e88be' before making global git config changes
2022-06-22T07:44:38.6355283Z Adding repository directory to the temporary git global config as a safe directory
2022-06-22T07:44:38.6355780Z [command]/usr/bin/git config --global --add safe.directory /home/runner/work/AndroidIDE/AndroidIDE
2022-06-22T07:44:38.6390120Z Deleting the contents of '/home/runner/work/AndroidIDE/AndroidIDE'
2022-06-22T07:44:38.6394454Z ##[group]Initializing the repository
2022-06-22T07:44:38.6397922Z [command]/usr/bin/git init /home/runner/work/AndroidIDE/AndroidIDE
2022-06-22T07:44:38.6453741Z hint: Using 'master' as the name for the initial branch. This default branch name
2022-06-22T07:44:38.6461566Z hint: is subject to change. To configure the initial branch name to use in all
2022-06-22T07:44:38.6462672Z hint: of your new repositories, which will suppress this warning, call:
2022-06-22T07:44:38.6463110Z hint: 
2022-06-22T07:44:38.6464031Z hint: 	git config --global init.defaultBranch <name>
2022-06-22T07:44:38.6464429Z hint: 
2022-06-22T07:44:38.6465327Z hint: Names commonly chosen instead of 'master' are 'main', 'trunk' and
2022-06-22T07:44:38.6466045Z hint: 'development'. The just-created branch can be renamed via this command:
2022-06-22T07:44:38.6466406Z hint: 
2022-06-22T07:44:38.6467790Z hint: 	git branch -m <name>
2022-06-22T07:44:38.6474329Z Initialized empty Git repository in /home/runner/work/AndroidIDE/AndroidIDE/.git/
2022-06-22T07:44:38.6483068Z [command]/usr/bin/git remote add origin https://github.com/itsaky/AndroidIDE
2022-06-22T07:44:38.6553034Z ##[endgroup]
2022-06-22T07:44:38.6553760Z ##[group]Disabling automatic garbage collection
2022-06-22T07:44:38.6558005Z [command]/usr/bin/git config --local gc.auto 0
2022-06-22T07:44:38.6586193Z ##[endgroup]
2022-06-22T07:44:38.6586856Z ##[group]Setting up auth
2022-06-22T07:44:38.6594503Z [command]/usr/bin/git config --local --name-only --get-regexp core\.sshCommand
2022-06-22T07:44:38.6625741Z [command]/usr/bin/git submodule foreach --recursive git config --local --name-only --get-regexp 'core\.sshCommand' && git config --local --unset-all 'core.sshCommand' || :
2022-06-22T07:44:38.6943622Z [command]/usr/bin/git config --local --name-only --get-regexp http\.https\:\/\/github\.com\/\.extraheader
2022-06-22T07:44:38.6960724Z [command]/usr/bin/git submodule foreach --recursive git config --local --name-only --get-regexp 'http\.https\:\/\/github\.com\/\.extraheader' && git config --local --unset-all 'http.https://github.com/.extraheader' || :
2022-06-22T07:44:38.7192324Z [command]/usr/bin/git config --local http.https://github.com/.extraheader AUTHORIZATION: basic ***
2022-06-22T07:44:38.7241615Z ##[endgroup]
2022-06-22T07:44:38.7242162Z ##[group]Fetching the repository
2022-06-22T07:44:38.7258035Z [command]/usr/bin/git -c protocol.version=2 fetch --no-tags --prune --progress --no-recurse-submodules --depth=1 origin +263853fc024039138af7bf1eb83c45ac98173f0a:refs/remotes/origin/main
2022-06-22T07:44:38.9829858Z remote: Enumerating objects: 1887, done.        
2022-06-22T07:44:38.9833820Z remote: Counting objects:   0% (1/1887)        
2022-06-22T07:44:38.9834437Z remote: Counting objects:   1% (19/1887)        
2022-06-22T07:44:38.9834686Z remote: Counting objects:   2% (38/1887)        
2022-06-22T07:44:38.9834917Z remote: Counting objects:   3% (57/1887)        
2022-06-22T07:44:38.9835160Z remote: Counting objects:   4% (76/1887)        
2022-06-22T07:44:38.9835389Z remote: Counting objects:   5% (95/1887)        
2022-06-22T07:44:38.9835632Z remote: Counting objects:   6% (114/1887)        
2022-06-22T07:44:38.9835871Z remote: Counting objects:   7% (133/1887)        
2022-06-22T07:44:38.9836102Z remote: Counting objects:   8% (151/1887)        
2022-06-22T07:44:38.9836465Z remote: Counting objects:   9% (170/1887)        
2022-06-22T07:44:38.9836694Z remote: Counting objects:  10% (189/1887)        
2022-06-22T07:44:38.9836918Z remote: Counting objects:  11% (208/1887)        
2022-06-22T07:44:38.9837335Z remote: Counting objects:  12% (227/1887)        
2022-06-22T07:44:38.9837564Z remote: Counting objects:  13% (246/1887)        
2022-06-22T07:44:38.9837797Z remote: Counting objects:  14% (265/1887)        
2022-06-22T07:44:38.9838023Z remote: Counting objects:  15% (284/1887)        
2022-06-22T07:44:38.9838247Z remote: Counting objects:  16% (302/1887)        
2022-06-22T07:44:38.9838473Z remote: Counting objects:  17% (321/1887)        
2022-06-22T07:44:38.9838688Z remote: Counting objects:  18% (340/1887)        
2022-06-22T07:44:38.9838910Z remote: Counting objects:  19% (359/1887)        
2022-06-22T07:44:38.9839142Z remote: Counting objects:  20% (378/1887)        
2022-06-22T07:44:38.9839361Z remote: Counting objects:  21% (397/1887)        
2022-06-22T07:44:38.9839595Z remote: Counting objects:  22% (416/1887)        
2022-06-22T07:44:38.9839824Z remote: Counting objects:  23% (435/1887)        
2022-06-22T07:44:38.9840052Z remote: Counting objects:  24% (453/1887)        
2022-06-22T07:44:38.9840279Z remote: Counting objects:  25% (472/1887)        
2022-06-22T07:44:38.9840656Z remote: Counting objects:  26% (491/1887)        
2022-06-22T07:44:38.9840883Z remote: Counting objects:  27% (510/1887)        
2022-06-22T07:44:38.9841101Z remote: Counting objects:  28% (529/1887)        
2022-06-22T07:44:38.9841319Z remote: Counting objects:  29% (548/1887)        
2022-06-22T07:44:38.9841543Z remote: Counting objects:  30% (567/1887)        
2022-06-22T07:44:38.9841758Z remote: Counting objects:  31% (585/1887)        
2022-06-22T07:44:38.9841980Z remote: Counting objects:  32% (604/1887)        
2022-06-22T07:44:38.9842212Z remote: Counting objects:  33% (623/1887)        
2022-06-22T07:44:38.9842447Z remote: Counting objects:  34% (642/1887)        
2022-06-22T07:44:38.9842663Z remote: Counting objects:  35% (661/1887)        
2022-06-22T07:44:38.9842889Z remote: Counting objects:  36% (680/1887)        
2022-06-22T07:44:38.9843116Z remote: Counting objects:  37% (699/1887)        
2022-06-22T07:44:38.9843340Z remote: Counting objects:  38% (718/1887)        
2022-06-22T07:44:38.9843571Z remote: Counting objects:  39% (736/1887)        
2022-06-22T07:44:38.9843802Z remote: Counting objects:  40% (755/1887)        
2022-06-22T07:44:38.9844020Z remote: Counting objects:  41% (774/1887)        
2022-06-22T07:44:38.9844244Z remote: Counting objects:  42% (793/1887)        
2022-06-22T07:44:38.9844471Z remote: Counting objects:  43% (812/1887)        
2022-06-22T07:44:38.9844684Z remote: Counting objects:  44% (831/1887)        
2022-06-22T07:44:38.9844904Z remote: Counting objects:  45% (850/1887)        
2022-06-22T07:44:38.9845127Z remote: Counting objects:  46% (869/1887)        
2022-06-22T07:44:38.9845348Z remote: Counting objects:  47% (887/1887)        
2022-06-22T07:44:38.9845563Z remote: Counting objects:  48% (906/1887)        
2022-06-22T07:44:38.9845784Z remote: Counting objects:  49% (925/1887)        
2022-06-22T07:44:38.9846007Z remote: Counting objects:  50% (944/1887)        
2022-06-22T07:44:38.9846294Z remote: Counting objects:  51% (963/1887)        
2022-06-22T07:44:38.9846516Z remote: Counting objects:  52% (982/1887)        
2022-06-22T07:44:38.9846997Z remote: Counting objects:  53% (1001/1887)        
2022-06-22T07:44:38.9848273Z remote: Counting objects:  54% (1019/1887)        
2022-06-22T07:44:38.9848655Z remote: Counting objects:  55% (1038/1887)        
2022-06-22T07:44:38.9849297Z remote: Counting objects:  56% (1057/1887)        
2022-06-22T07:44:38.9850027Z remote: Counting objects:  57% (1076/1887)        
2022-06-22T07:44:38.9850716Z remote: Counting objects:  58% (1095/1887)        
2022-06-22T07:44:38.9851340Z remote: Counting objects:  59% (1114/1887)        
2022-06-22T07:44:38.9851744Z remote: Counting objects:  60% (1133/1887)        
2022-06-22T07:44:38.9852354Z remote: Counting objects:  61% (1152/1887)        
2022-06-22T07:44:38.9853043Z remote: Counting objects:  62% (1170/1887)        
2022-06-22T07:44:38.9853734Z remote: Counting objects:  63% (1189/1887)        
2022-06-22T07:44:38.9854479Z remote: Counting objects:  64% (1208/1887)        
2022-06-22T07:44:38.9855239Z remote: Counting objects:  65% (1227/1887)        
2022-06-22T07:44:38.9856002Z remote: Counting objects:  66% (1246/1887)        
2022-06-22T07:44:38.9856718Z remote: Counting objects:  67% (1265/1887)        
2022-06-22T07:44:38.9857391Z remote: Counting objects:  68% (1284/1887)        
2022-06-22T07:44:38.9858133Z remote: Counting objects:  69% (1303/1887)        
2022-06-22T07:44:38.9858820Z remote: Counting objects:  70% (1321/1887)        
2022-06-22T07:44:38.9859507Z remote: Counting objects:  71% (1340/1887)        
2022-06-22T07:44:38.9860260Z remote: Counting objects:  72% (1359/1887)        
2022-06-22T07:44:38.9860899Z remote: Counting objects:  73% (1378/1887)        
2022-06-22T07:44:38.9861569Z remote: Counting objects:  74% (1397/1887)        
2022-06-22T07:44:38.9862241Z remote: Counting objects:  75% (1416/1887)        
2022-06-22T07:44:38.9873936Z remote: Counting objects:  76% (1435/1887)        
2022-06-22T07:44:38.9875115Z remote: Counting objects:  77% (1453/1887)        
2022-06-22T07:44:38.9875903Z remote: Counting objects:  78% (1472/1887)        
2022-06-22T07:44:38.9876708Z remote: Counting objects:  79% (1491/1887)        
2022-06-22T07:44:38.9876944Z remote: Counting objects:  80% (1510/1887)        
2022-06-22T07:44:38.9877977Z remote: Counting objects:  81% (1529/1887)        
2022-06-22T07:44:38.9878204Z remote: Counting objects:  82% (1548/1887)        
2022-06-22T07:44:38.9879265Z remote: Counting objects:  83% (1567/1887)        
2022-06-22T07:44:38.9879492Z remote: Counting objects:  84% (1586/1887)        
2022-06-22T07:44:38.9880681Z remote: Counting objects:  85% (1604/1887)        
2022-06-22T07:44:38.9880921Z remote: Counting objects:  86% (1623/1887)        
2022-06-22T07:44:38.9881981Z remote: Counting objects:  87% (1642/1887)        
2022-06-22T07:44:38.9882212Z remote: Counting objects:  88% (1661/1887)        
2022-06-22T07:44:38.9883276Z remote: Counting objects:  89% (1680/1887)        
2022-06-22T07:44:38.9883513Z remote: Counting objects:  90% (1699/1887)        
2022-06-22T07:44:38.9884564Z remote: Counting objects:  91% (1718/1887)        
2022-06-22T07:44:38.9884787Z remote: Counting objects:  92% (1737/1887)        
2022-06-22T07:44:38.9885830Z remote: Counting objects:  93% (1755/1887)        
2022-06-22T07:44:38.9886063Z remote: Counting objects:  94% (1774/1887)        
2022-06-22T07:44:38.9887134Z remote: Counting objects:  95% (1793/1887)        
2022-06-22T07:44:38.9887355Z remote: Counting objects:  96% (1812/1887)        
2022-06-22T07:44:38.9888376Z remote: Counting objects:  97% (1831/1887)        
2022-06-22T07:44:38.9888609Z remote: Counting objects:  98% (1850/1887)        
2022-06-22T07:44:38.9889663Z remote: Counting objects:  99% (1869/1887)        
2022-06-22T07:44:38.9889896Z remote: Counting objects: 100% (1887/1887)        
2022-06-22T07:44:38.9890213Z remote: Counting objects: 100% (1887/1887), done.        
2022-06-22T07:44:39.0365166Z remote: Compressing objects:   0% (1/1249)        
2022-06-22T07:44:39.0381803Z remote: Compressing objects:   1% (13/1249)        
2022-06-22T07:44:39.0583767Z remote: Compressing objects:   2% (25/1249)        
2022-06-22T07:44:39.2682879Z remote: Compressing objects:   3% (38/1249)        
2022-06-22T07:44:39.2683584Z remote: Compressing objects:   4% (50/1249)        
2022-06-22T07:44:39.2687143Z remote: Compressing objects:   5% (63/1249)        
2022-06-22T07:44:39.2687495Z remote: Compressing objects:   6% (75/1249)        
2022-06-22T07:44:39.2688088Z remote: Compressing objects:   7% (88/1249)        
2022-06-22T07:44:39.2688627Z remote: Compressing objects:   8% (100/1249)        
2022-06-22T07:44:39.2689110Z remote: Compressing objects:   9% (113/1249)        
2022-06-22T07:44:39.9901108Z remote: Compressing objects:  10% (125/1249)        
2022-06-22T07:44:39.9925341Z remote: Compressing objects:  10% (136/1249)        
2022-06-22T07:44:40.0356858Z remote: Compressing objects:  11% (138/1249)        
2022-06-22T07:44:40.5206797Z remote: Compressing objects:  12% (150/1249)        
2022-06-22T07:44:40.5251664Z remote: Compressing objects:  13% (163/1249)        
2022-06-22T07:44:40.5267087Z remote: Compressing objects:  14% (175/1249)        
2022-06-22T07:44:40.5267450Z remote: Compressing objects:  15% (188/1249)        
2022-06-22T07:44:40.5293285Z remote: Compressing objects:  16% (200/1249)        
2022-06-22T07:44:40.5293644Z remote: Compressing objects:  17% (213/1249)        
2022-06-22T07:44:40.5318363Z remote: Compressing objects:  18% (225/1249)        
2022-06-22T07:44:40.5319412Z remote: Compressing objects:  19% (238/1249)        
2022-06-22T07:44:40.5332710Z remote: Compressing objects:  20% (250/1249)        
2022-06-22T07:44:40.5338083Z remote: Compressing objects:  21% (263/1249)        
2022-06-22T07:44:40.5340410Z remote: Compressing objects:  22% (275/1249)        
2022-06-22T07:44:40.5348509Z remote: Compressing objects:  23% (288/1249)        
2022-06-22T07:44:40.5355279Z remote: Compressing objects:  24% (300/1249)        
2022-06-22T07:44:40.5361043Z remote: Compressing objects:  25% (313/1249)        
2022-06-22T07:44:40.5363168Z remote: Compressing objects:  26% (325/1249)        
2022-06-22T07:44:40.5370573Z remote: Compressing objects:  27% (338/1249)        
2022-06-22T07:44:40.5371120Z remote: Compressing objects:  28% (350/1249)        
2022-06-22T07:44:40.5371398Z remote: Compressing objects:  29% (363/1249)        
2022-06-22T07:44:40.5371669Z remote: Compressing objects:  30% (375/1249)        
2022-06-22T07:44:40.5371943Z remote: Compressing objects:  31% (388/1249)        
2022-06-22T07:44:40.5387753Z remote: Compressing objects:  32% (400/1249)        
2022-06-22T07:44:40.5396718Z remote: Compressing objects:  33% (413/1249)        
2022-06-22T07:44:40.5455424Z remote: Compressing objects:  34% (425/1249)        
2022-06-22T07:44:40.5460145Z remote: Compressing objects:  35% (438/1249)        
2022-06-22T07:44:40.5504794Z remote: Compressing objects:  36% (450/1249)        
2022-06-22T07:44:40.5528013Z remote: Compressing objects:  37% (463/1249)        
2022-06-22T07:44:40.5585624Z remote: Compressing objects:  38% (475/1249)        
2022-06-22T07:44:40.5617100Z remote: Compressing objects:  39% (488/1249)        
2022-06-22T07:44:40.5666229Z remote: Compressing objects:  40% (500/1249)        
2022-06-22T07:44:40.5678294Z remote: Compressing objects:  41% (513/1249)        
2022-06-22T07:44:40.5732507Z remote: Compressing objects:  42% (525/1249)        
2022-06-22T07:44:40.5762477Z remote: Compressing objects:  43% (538/1249)        
2022-06-22T07:44:40.5799854Z remote: Compressing objects:  44% (550/1249)        
2022-06-22T07:44:40.5842412Z remote: Compressing objects:  45% (563/1249)        
2022-06-22T07:44:40.5876951Z remote: Compressing objects:  46% (575/1249)        
2022-06-22T07:44:40.5918580Z remote: Compressing objects:  47% (588/1249)        
2022-06-22T07:44:40.5969078Z remote: Compressing objects:  48% (600/1249)        
2022-06-22T07:44:40.6067672Z remote: Compressing objects:  49% (613/1249)        
2022-06-22T07:44:40.6101725Z remote: Compressing objects:  50% (625/1249)        
2022-06-22T07:44:40.6212698Z remote: Compressing objects:  51% (637/1249)        
2022-06-22T07:44:40.6433534Z remote: Compressing objects:  52% (650/1249)        
2022-06-22T07:44:40.6610708Z remote: Compressing objects:  53% (662/1249)        
2022-06-22T07:44:40.6649777Z remote: Compressing objects:  54% (675/1249)        
2022-06-22T07:44:40.6712764Z remote: Compressing objects:  55% (687/1249)        
2022-06-22T07:44:40.6777096Z remote: Compressing objects:  56% (700/1249)        
2022-06-22T07:44:40.6816071Z remote: Compressing objects:  57% (712/1249)        
2022-06-22T07:44:40.6868113Z remote: Compressing objects:  58% (725/1249)        
2022-06-22T07:44:40.6924218Z remote: Compressing objects:  59% (737/1249)        
2022-06-22T07:44:40.6938385Z remote: Compressing objects:  60% (750/1249)        
2022-06-22T07:44:40.6964988Z remote: Compressing objects:  61% (762/1249)        
2022-06-22T07:44:40.6999671Z remote: Compressing objects:  62% (775/1249)        
2022-06-22T07:44:40.7027903Z remote: Compressing objects:  63% (787/1249)        
2022-06-22T07:44:40.7046120Z remote: Compressing objects:  64% (800/1249)        
2022-06-22T07:44:40.7094541Z remote: Compressing objects:  65% (812/1249)        
2022-06-22T07:44:40.7116281Z remote: Compressing objects:  66% (825/1249)        
2022-06-22T07:44:40.7158502Z remote: Compressing objects:  67% (837/1249)        
2022-06-22T07:44:40.7161102Z remote: Compressing objects:  68% (850/1249)        
2022-06-22T07:44:40.7201143Z remote: Compressing objects:  69% (862/1249)        
2022-06-22T07:44:40.7239485Z remote: Compressing objects:  70% (875/1249)        
2022-06-22T07:44:40.7275043Z remote: Compressing objects:  71% (887/1249)        
2022-06-22T07:44:40.7297749Z remote: Compressing objects:  72% (900/1249)        
2022-06-22T07:44:40.7360261Z remote: Compressing objects:  73% (912/1249)        
2022-06-22T07:44:40.7386764Z remote: Compressing objects:  74% (925/1249)        
2022-06-22T07:44:40.7387207Z remote: Compressing objects:  75% (937/1249)        
2022-06-22T07:44:40.7388009Z remote: Compressing objects:  76% (950/1249)        
2022-06-22T07:44:40.7388924Z remote: Compressing objects:  77% (962/1249)        
2022-06-22T07:44:40.7389253Z remote: Compressing objects:  78% (975/1249)        
2022-06-22T07:44:40.7390004Z remote: Compressing objects:  79% (987/1249)        
2022-06-22T07:44:40.7390708Z remote: Compressing objects:  80% (1000/1249)        
2022-06-22T07:44:40.7396248Z remote: Compressing objects:  81% (1012/1249)        
2022-06-22T07:44:40.7396584Z remote: Compressing objects:  82% (1025/1249)        
2022-06-22T07:44:40.7397247Z remote: Compressing objects:  83% (1037/1249)        
2022-06-22T07:44:40.7397969Z remote: Compressing objects:  84% (1050/1249)        
2022-06-22T07:44:40.7398561Z remote: Compressing objects:  85% (1062/1249)        
2022-06-22T07:44:40.7399267Z remote: Compressing objects:  86% (1075/1249)        
2022-06-22T07:44:40.7400012Z remote: Compressing objects:  87% (1087/1249)        
2022-06-22T07:44:40.7400704Z remote: Compressing objects:  88% (1100/1249)        
2022-06-22T07:44:40.7401359Z remote: Compressing objects:  89% (1112/1249)        
2022-06-22T07:44:40.7402034Z remote: Compressing objects:  90% (1125/1249)        
2022-06-22T07:44:40.7408723Z remote: Compressing objects:  91% (1137/1249)        
2022-06-22T07:44:40.7409171Z remote: Compressing objects:  92% (1150/1249)        
2022-06-22T07:44:40.7410158Z remote: Compressing objects:  93% (1162/1249)        
2022-06-22T07:44:40.7410393Z remote: Compressing objects:  94% (1175/1249)        
2022-06-22T07:44:40.7410688Z remote: Compressing objects:  95% (1187/1249)        
2022-06-22T07:44:40.7410942Z remote: Compressing objects:  96% (1200/1249)        
2022-06-22T07:44:40.7411177Z remote: Compressing objects:  97% (1212/1249)        
2022-06-22T07:44:40.7411497Z remote: Compressing objects:  98% (1225/1249)        
2022-06-22T07:44:40.7411918Z remote: Compressing objects:  99% (1237/1249)        
2022-06-22T07:44:40.7412199Z remote: Compressing objects: 100% (1249/1249)        
2022-06-22T07:44:40.7412453Z remote: Compressing objects: 100% (1249/1249), done.        
2022-06-22T07:44:40.7446452Z Receiving objects:   0% (1/1887)
2022-06-22T07:44:40.9010151Z Receiving objects:   1% (19/1887)
2022-06-22T07:44:40.9012166Z Receiving objects:   2% (38/1887)
2022-06-22T07:44:40.9051180Z Receiving objects:   3% (57/1887)
2022-06-22T07:44:41.7634189Z Receiving objects:   4% (76/1887)
2022-06-22T07:44:42.9753921Z Receiving objects:   4% (79/1887), 5.80 MiB | 5.69 MiB/s
2022-06-22T07:44:43.8647161Z Receiving objects:   4% (84/1887), 34.49 MiB | 15.46 MiB/s
2022-06-22T07:44:43.8830846Z Receiving objects:   5% (95/1887), 61.18 MiB | 20.96 MiB/s
2022-06-22T07:44:43.8844899Z Receiving objects:   6% (114/1887), 61.18 MiB | 20.96 MiB/s
2022-06-22T07:44:43.8846150Z Receiving objects:   7% (133/1887), 61.18 MiB | 20.96 MiB/s
2022-06-22T07:44:43.8850175Z Receiving objects:   8% (151/1887), 61.18 MiB | 20.96 MiB/s
2022-06-22T07:44:43.8856253Z Receiving objects:   9% (170/1887), 61.18 MiB | 20.96 MiB/s
2022-06-22T07:44:43.8866554Z Receiving objects:  10% (189/1887), 61.18 MiB | 20.96 MiB/s
2022-06-22T07:44:43.8873006Z Receiving objects:  11% (208/1887), 61.18 MiB | 20.96 MiB/s
2022-06-22T07:44:43.8883698Z Receiving objects:  12% (227/1887), 61.18 MiB | 20.96 MiB/s
2022-06-22T07:44:43.8891099Z Receiving objects:  13% (246/1887), 61.18 MiB | 20.96 MiB/s
2022-06-22T07:44:43.8899662Z Receiving objects:  14% (265/1887), 61.18 MiB | 20.96 MiB/s
2022-06-22T07:44:43.8906937Z Receiving objects:  15% (284/1887), 61.18 MiB | 20.96 MiB/s
2022-06-22T07:44:43.8912562Z Receiving objects:  16% (302/1887), 61.18 MiB | 20.96 MiB/s
2022-06-22T07:44:43.8921634Z Receiving objects:  17% (321/1887), 61.18 MiB | 20.96 MiB/s
2022-06-22T07:44:43.8929990Z Receiving objects:  18% (340/1887), 61.18 MiB | 20.96 MiB/s
2022-06-22T07:44:43.8935414Z Receiving objects:  19% (359/1887), 61.18 MiB | 20.96 MiB/s
2022-06-22T07:44:43.8956104Z Receiving objects:  20% (378/1887), 61.18 MiB | 20.96 MiB/s
2022-06-22T07:44:43.8958379Z Receiving objects:  21% (397/1887), 61.18 MiB | 20.96 MiB/s
2022-06-22T07:44:43.8961000Z Receiving objects:  22% (416/1887), 61.18 MiB | 20.96 MiB/s
2022-06-22T07:44:43.8963094Z Receiving objects:  23% (435/1887), 61.18 MiB | 20.96 MiB/s
2022-06-22T07:44:43.8965842Z Receiving objects:  24% (453/1887), 61.18 MiB | 20.96 MiB/s
2022-06-22T07:44:43.8970960Z Receiving objects:  25% (472/1887), 61.18 MiB | 20.96 MiB/s
2022-06-22T07:44:43.8974517Z Receiving objects:  26% (491/1887), 61.18 MiB | 20.96 MiB/s
2022-06-22T07:44:43.8979000Z Receiving objects:  27% (510/1887), 61.18 MiB | 20.96 MiB/s
2022-06-22T07:44:43.8986270Z Receiving objects:  28% (529/1887), 61.18 MiB | 20.96 MiB/s
2022-06-22T07:44:43.9007269Z Receiving objects:  29% (548/1887), 61.18 MiB | 20.96 MiB/s
2022-06-22T07:44:43.9008477Z Receiving objects:  30% (567/1887), 61.18 MiB | 20.96 MiB/s
2022-06-22T07:44:43.9010135Z Receiving objects:  31% (585/1887), 61.18 MiB | 20.96 MiB/s
2022-06-22T07:44:44.2668110Z Receiving objects:  32% (604/1887), 61.18 MiB | 20.96 MiB/s
2022-06-22T07:44:44.2672724Z Receiving objects:  33% (623/1887), 90.46 MiB | 26.46 MiB/s
2022-06-22T07:44:44.2677298Z Receiving objects:  34% (642/1887), 90.46 MiB | 26.46 MiB/s
2022-06-22T07:44:44.2683799Z Receiving objects:  35% (661/1887), 90.46 MiB | 26.46 MiB/s
2022-06-22T07:44:44.2697125Z Receiving objects:  36% (680/1887), 90.46 MiB | 26.46 MiB/s
2022-06-22T07:44:44.2726231Z Receiving objects:  37% (699/1887), 90.46 MiB | 26.46 MiB/s
2022-06-22T07:44:44.2730528Z Receiving objects:  38% (718/1887), 90.46 MiB | 26.46 MiB/s
2022-06-22T07:44:44.2740661Z Receiving objects:  39% (736/1887), 90.46 MiB | 26.46 MiB/s
2022-06-22T07:44:44.2748260Z Receiving objects:  40% (755/1887), 90.46 MiB | 26.46 MiB/s
2022-06-22T07:44:44.2754897Z Receiving objects:  41% (774/1887), 90.46 MiB | 26.46 MiB/s
2022-06-22T07:44:44.2759987Z Receiving objects:  42% (793/1887), 90.46 MiB | 26.46 MiB/s
2022-06-22T07:44:44.2761247Z Receiving objects:  43% (812/1887), 90.46 MiB | 26.46 MiB/s
2022-06-22T07:44:44.2765042Z Receiving objects:  44% (831/1887), 90.46 MiB | 26.46 MiB/s
2022-06-22T07:44:44.2766131Z Receiving objects:  45% (850/1887), 90.46 MiB | 26.46 MiB/s
2022-06-22T07:44:44.2767187Z Receiving objects:  46% (869/1887), 90.46 MiB | 26.46 MiB/s
2022-06-22T07:44:44.2769554Z Receiving objects:  47% (887/1887), 90.46 MiB | 26.46 MiB/s
2022-06-22T07:44:44.2774523Z Receiving objects:  48% (906/1887), 90.46 MiB | 26.46 MiB/s
2022-06-22T07:44:44.2785180Z Receiving objects:  49% (925/1887), 90.46 MiB | 26.46 MiB/s
2022-06-22T07:44:44.2787256Z Receiving objects:  50% (944/1887), 90.46 MiB | 26.46 MiB/s
2022-06-22T07:44:44.2798507Z Receiving objects:  51% (963/1887), 90.46 MiB | 26.46 MiB/s
2022-06-22T07:44:44.2825796Z Receiving objects:  52% (982/1887), 90.46 MiB | 26.46 MiB/s
2022-06-22T07:44:44.2828935Z Receiving objects:  53% (1001/1887), 90.46 MiB | 26.46 MiB/s
2022-06-22T07:44:44.2832442Z Receiving objects:  54% (1019/1887), 90.46 MiB | 26.46 MiB/s
2022-06-22T07:44:44.2834392Z Receiving objects:  55% (1038/1887), 90.46 MiB | 26.46 MiB/s
2022-06-22T07:44:44.4189267Z Receiving objects:  56% (1057/1887), 90.46 MiB | 26.46 MiB/s
2022-06-22T07:44:44.4213771Z Receiving objects:  57% (1076/1887), 90.46 MiB | 26.46 MiB/s
2022-06-22T07:44:44.4216841Z Receiving objects:  58% (1095/1887), 90.46 MiB | 26.46 MiB/s
2022-06-22T07:44:44.4229290Z Receiving objects:  59% (1114/1887), 90.46 MiB | 26.46 MiB/s
2022-06-22T07:44:44.4249471Z Receiving objects:  60% (1133/1887), 90.46 MiB | 26.46 MiB/s
2022-06-22T07:44:44.4256419Z Receiving objects:  61% (1152/1887), 90.46 MiB | 26.46 MiB/s
2022-06-22T07:44:44.4267281Z Receiving objects:  62% (1170/1887), 90.46 MiB | 26.46 MiB/s
2022-06-22T07:44:44.4317207Z Receiving objects:  63% (1189/1887), 90.46 MiB | 26.46 MiB/s
2022-06-22T07:44:44.4327739Z Receiving objects:  64% (1208/1887), 90.46 MiB | 26.46 MiB/s
2022-06-22T07:44:44.4328016Z Receiving objects:  65% (1227/1887), 90.46 MiB | 26.46 MiB/s
2022-06-22T07:44:44.4505181Z Receiving objects:  66% (1246/1887), 90.46 MiB | 26.46 MiB/s
2022-06-22T07:44:44.4611256Z Receiving objects:  67% (1265/1887), 90.46 MiB | 26.46 MiB/s
2022-06-22T07:44:44.4751099Z Receiving objects:  68% (1284/1887), 90.46 MiB | 26.46 MiB/s
2022-06-22T07:44:44.5068146Z Receiving objects:  69% (1303/1887), 90.46 MiB | 26.46 MiB/s
2022-06-22T07:44:44.5165339Z Receiving objects:  70% (1321/1887), 90.46 MiB | 26.46 MiB/s
2022-06-22T07:44:44.5273020Z Receiving objects:  71% (1340/1887), 90.46 MiB | 26.46 MiB/s
2022-06-22T07:44:44.5280630Z Receiving objects:  72% (1359/1887), 90.46 MiB | 26.46 MiB/s
2022-06-22T07:44:44.5292571Z Receiving objects:  73% (1378/1887), 90.46 MiB | 26.46 MiB/s
2022-06-22T07:44:44.5299195Z Receiving objects:  74% (1397/1887), 90.46 MiB | 26.46 MiB/s
2022-06-22T07:44:44.5319929Z Receiving objects:  75% (1416/1887), 90.46 MiB | 26.46 MiB/s
2022-06-22T07:44:44.5327251Z Receiving objects:  76% (1435/1887), 90.46 MiB | 26.46 MiB/s
2022-06-22T07:44:44.5335868Z Receiving objects:  77% (1453/1887), 90.46 MiB | 26.46 MiB/s
2022-06-22T07:44:44.5353750Z Receiving objects:  78% (1472/1887), 90.46 MiB | 26.46 MiB/s
2022-06-22T07:44:44.5371833Z Receiving objects:  79% (1491/1887), 90.46 MiB | 26.46 MiB/s
2022-06-22T07:44:44.5393643Z Receiving objects:  80% (1510/1887), 90.46 MiB | 26.46 MiB/s
2022-06-22T07:44:44.5410064Z Receiving objects:  81% (1529/1887), 90.46 MiB | 26.46 MiB/s
2022-06-22T07:44:44.5458518Z Receiving objects:  82% (1548/1887), 90.46 MiB | 26.46 MiB/s
2022-06-22T07:44:44.5469641Z Receiving objects:  83% (1567/1887), 90.46 MiB | 26.46 MiB/s
2022-06-22T07:44:44.5475254Z Receiving objects:  84% (1586/1887), 90.46 MiB | 26.46 MiB/s
2022-06-22T07:44:44.5477443Z Receiving objects:  85% (1604/1887), 90.46 MiB | 26.46 MiB/s
2022-06-22T07:44:44.5484122Z Receiving objects:  86% (1623/1887), 90.46 MiB | 26.46 MiB/s
2022-06-22T07:44:44.5487464Z Receiving objects:  87% (1642/1887), 90.46 MiB | 26.46 MiB/s
2022-06-22T07:44:44.5488865Z Receiving objects:  88% (1661/1887), 90.46 MiB | 26.46 MiB/s
2022-06-22T07:44:44.5490160Z Receiving objects:  89% (1680/1887), 90.46 MiB | 26.46 MiB/s
2022-06-22T07:44:44.5525953Z Receiving objects:  90% (1699/1887), 90.46 MiB | 26.46 MiB/s
2022-06-22T07:44:44.5758787Z Receiving objects:  91% (1718/1887), 90.46 MiB | 26.46 MiB/s
2022-06-22T07:44:44.6164462Z Receiving objects:  92% (1737/1887), 90.46 MiB | 26.46 MiB/s
2022-06-22T07:44:44.6174822Z Receiving objects:  93% (1755/1887), 90.46 MiB | 26.46 MiB/s
2022-06-22T07:44:44.6184847Z Receiving objects:  94% (1774/1887), 90.46 MiB | 26.46 MiB/s
2022-06-22T07:44:44.6188612Z Receiving objects:  95% (1793/1887), 90.46 MiB | 26.46 MiB/s
2022-06-22T07:44:44.6189184Z remote: Total 1887 (delta 517), reused 1181 (delta 364), pack-reused 0        
2022-06-22T07:44:44.6198380Z Receiving objects:  96% (1812/1887), 90.46 MiB | 26.46 MiB/s
2022-06-22T07:44:44.6204802Z Receiving objects:  97% (1831/1887), 90.46 MiB | 26.46 MiB/s
2022-06-22T07:44:44.6215214Z Receiving objects:  98% (1850/1887), 90.46 MiB | 26.46 MiB/s
2022-06-22T07:44:44.6219209Z Receiving objects:  99% (1869/1887), 90.46 MiB | 26.46 MiB/s
2022-06-22T07:44:44.6219620Z Receiving objects: 100% (1887/1887), 90.46 MiB | 26.46 MiB/s
2022-06-22T07:44:44.6219973Z Receiving objects: 100% (1887/1887), 107.52 MiB | 27.73 MiB/s, done.
2022-06-22T07:44:44.6225182Z Resolving deltas:   0% (0/517)
2022-06-22T07:44:44.6226646Z Resolving deltas:   1% (6/517)
2022-06-22T07:44:44.6228487Z Resolving deltas:   2% (11/517)
2022-06-22T07:44:44.6230229Z Resolving deltas:   3% (16/517)
2022-06-22T07:44:44.6231373Z Resolving deltas:   4% (21/517)
2022-06-22T07:44:44.6233854Z Resolving deltas:   5% (26/517)
2022-06-22T07:44:44.6235992Z Resolving deltas:   6% (32/517)
2022-06-22T07:44:44.6239587Z Resolving deltas:   7% (37/517)
2022-06-22T07:44:44.6242189Z Resolving deltas:   8% (42/517)
2022-06-22T07:44:44.6244502Z Resolving deltas:   9% (47/517)
2022-06-22T07:44:44.6246758Z Resolving deltas:  10% (52/517)
2022-06-22T07:44:44.6247630Z Resolving deltas:  11% (58/517)
2022-06-22T07:44:44.6248599Z Resolving deltas:  12% (63/517)
2022-06-22T07:44:44.6249625Z Resolving deltas:  13% (68/517)
2022-06-22T07:44:44.6250513Z Resolving deltas:  14% (73/517)
2022-06-22T07:44:44.6251480Z Resolving deltas:  15% (78/517)
2022-06-22T07:44:44.6252325Z Resolving deltas:  16% (83/517)
2022-06-22T07:44:44.6253171Z Resolving deltas:  17% (88/517)
2022-06-22T07:44:44.6253979Z Resolving deltas:  18% (94/517)
2022-06-22T07:44:44.6255131Z Resolving deltas:  19% (99/517)
2022-06-22T07:44:44.6257411Z Resolving deltas:  20% (104/517)
2022-06-22T07:44:44.6260478Z Resolving deltas:  21% (109/517)
2022-06-22T07:44:44.6286455Z Resolving deltas:  22% (114/517)
2022-06-22T07:44:44.6298375Z Resolving deltas:  23% (119/517)
2022-06-22T07:44:44.6302259Z Resolving deltas:  24% (125/517)
2022-06-22T07:44:44.6304711Z Resolving deltas:  25% (130/517)
2022-06-22T07:44:44.6307437Z Resolving deltas:  26% (135/517)
2022-06-22T07:44:44.6310082Z Resolving deltas:  27% (140/517)
2022-06-22T07:44:44.6312495Z Resolving deltas:  28% (145/517)
2022-06-22T07:44:44.6316917Z Resolving deltas:  29% (150/517)
2022-06-22T07:44:44.6321753Z Resolving deltas:  30% (156/517)
2022-06-22T07:44:44.6325360Z Resolving deltas:  31% (161/517)
2022-06-22T07:44:44.6329635Z Resolving deltas:  32% (166/517)
2022-06-22T07:44:44.6332716Z Resolving deltas:  33% (171/517)
2022-06-22T07:44:44.6337504Z Resolving deltas:  34% (176/517)
2022-06-22T07:44:44.6344005Z Resolving deltas:  35% (181/517)
2022-06-22T07:44:44.6348362Z Resolving deltas:  36% (187/517)
2022-06-22T07:44:44.6353141Z Resolving deltas:  37% (192/517)
2022-06-22T07:44:44.6357525Z Resolving deltas:  38% (197/517)
2022-06-22T07:44:44.6359886Z Resolving deltas:  39% (202/517)
2022-06-22T07:44:44.6362631Z Resolving deltas:  40% (207/517)
2022-06-22T07:44:44.6367133Z Resolving deltas:  41% (212/517)
2022-06-22T07:44:44.6372264Z Resolving deltas:  42% (218/517)
2022-06-22T07:44:44.6376641Z Resolving deltas:  43% (223/517)
2022-06-22T07:44:44.6380045Z Resolving deltas:  44% (228/517)
2022-06-22T07:44:44.6382792Z Resolving deltas:  45% (233/517)
2022-06-22T07:44:44.6385492Z Resolving deltas:  46% (238/517)
2022-06-22T07:44:44.6388035Z Resolving deltas:  47% (243/517)
2022-06-22T07:44:44.6390955Z Resolving deltas:  48% (249/517)
2022-06-22T07:44:44.6394684Z Resolving deltas:  49% (254/517)
2022-06-22T07:44:44.6394907Z Resolving deltas:  50% (259/517)
2022-06-22T07:44:44.6397563Z Resolving deltas:  51% (264/517)
2022-06-22T07:44:44.6401579Z Resolving deltas:  52% (269/517)
2022-06-22T07:44:44.6409662Z Resolving deltas:  53% (275/517)
2022-06-22T07:44:44.6412891Z Resolving deltas:  54% (280/517)
2022-06-22T07:44:44.6416108Z Resolving deltas:  55% (285/517)
2022-06-22T07:44:44.6421896Z Resolving deltas:  56% (290/517)
2022-06-22T07:44:44.6425247Z Resolving deltas:  57% (295/517)
2022-06-22T07:44:44.6430126Z Resolving deltas:  58% (300/517)
2022-06-22T07:44:44.6435370Z Resolving deltas:  59% (306/517)
2022-06-22T07:44:44.6439459Z Resolving deltas:  60% (311/517)
2022-06-22T07:44:44.6443577Z Resolving deltas:  61% (316/517)
2022-06-22T07:44:44.6448623Z Resolving deltas:  62% (321/517)
2022-06-22T07:44:44.6451356Z Resolving deltas:  63% (326/517)
2022-06-22T07:44:44.6454504Z Resolving deltas:  64% (331/517)
2022-06-22T07:44:44.6456916Z Resolving deltas:  65% (337/517)
2022-06-22T07:44:44.6460625Z Resolving deltas:  66% (342/517)
2022-06-22T07:44:44.6463014Z Resolving deltas:  67% (347/517)
2022-06-22T07:44:44.6466656Z Resolving deltas:  68% (352/517)
2022-06-22T07:44:44.6471284Z Resolving deltas:  69% (357/517)
2022-06-22T07:44:44.6477921Z Resolving deltas:  70% (362/517)
2022-06-22T07:44:44.6481462Z Resolving deltas:  71% (368/517)
2022-06-22T07:44:44.6483912Z Resolving deltas:  72% (373/517)
2022-06-22T07:44:44.6615131Z Resolving deltas:  73% (378/517)
2022-06-22T07:44:44.6633448Z Resolving deltas:  74% (383/517)
2022-06-22T07:44:44.6644266Z Resolving deltas:  75% (388/517)
2022-06-22T07:44:44.6659643Z Resolving deltas:  76% (393/517)
2022-06-22T07:44:44.6669514Z Resolving deltas:  77% (399/517)
2022-06-22T07:44:44.6677947Z Resolving deltas:  78% (404/517)
2022-06-22T07:44:44.6689339Z Resolving deltas:  79% (409/517)
2022-06-22T07:44:44.6693307Z Resolving deltas:  80% (414/517)
2022-06-22T07:44:44.6696933Z Resolving deltas:  81% (419/517)
2022-06-22T07:44:44.6703975Z Resolving deltas:  82% (424/517)
2022-06-22T07:44:44.6708844Z Resolving deltas:  83% (430/517)
2022-06-22T07:44:44.6713099Z Resolving deltas:  84% (435/517)
2022-06-22T07:44:44.6721184Z Resolving deltas:  85% (440/517)
2022-06-22T07:44:44.6727691Z Resolving deltas:  86% (445/517)
2022-06-22T07:44:44.6732014Z Resolving deltas:  87% (450/517)
2022-06-22T07:44:44.6739753Z Resolving deltas:  88% (455/517)
2022-06-22T07:44:44.6745483Z Resolving deltas:  89% (461/517)
2022-06-22T07:44:44.6750597Z Resolving deltas:  90% (466/517)
2022-06-22T07:44:44.6755902Z Resolving deltas:  91% (471/517)
2022-06-22T07:44:44.6761694Z Resolving deltas:  92% (476/517)
2022-06-22T07:44:44.6767447Z Resolving deltas:  93% (481/517)
2022-06-22T07:44:44.6774904Z Resolving deltas:  94% (486/517)
2022-06-22T07:44:44.6778960Z Resolving deltas:  95% (492/517)
2022-06-22T07:44:44.6783297Z Resolving deltas:  96% (497/517)
2022-06-22T07:44:44.6788242Z Resolving deltas:  97% (502/517)
2022-06-22T07:44:44.6792920Z Resolving deltas:  98% (507/517)
2022-06-22T07:44:44.7711899Z Resolving deltas:  99% (512/517)
2022-06-22T07:44:44.7712201Z Resolving deltas: 100% (517/517)
2022-06-22T07:44:44.7712421Z Resolving deltas: 100% (517/517), done.
2022-06-22T07:44:45.0437194Z From https://github.com/itsaky/AndroidIDE
2022-06-22T07:44:45.0438147Z  * [new ref]         263853fc024039138af7bf1eb83c45ac98173f0a -> origin/main
2022-06-22T07:44:45.0458472Z ##[endgroup]
2022-06-22T07:44:45.0459180Z ##[group]Determining the checkout info
2022-06-22T07:44:45.0461447Z ##[endgroup]
2022-06-22T07:44:45.0461937Z ##[group]Checking out the ref
2022-06-22T07:44:45.0468595Z [command]/usr/bin/git checkout --progress --force -B main refs/remotes/origin/main
2022-06-22T07:44:45.8174960Z Switched to a new branch 'main'
2022-06-22T07:44:45.8175890Z branch 'main' set up to track 'origin/main'.
2022-06-22T07:44:45.8213917Z ##[endgroup]
2022-06-22T07:44:45.8243782Z [command]/usr/bin/git log -1 --format='%H'
2022-06-22T07:44:45.8272954Z '263853fc024039138af7bf1eb83c45ac98173f0a'
2022-06-22T07:44:45.8418772Z ##[group]Run actions/setup-java@v1
2022-06-22T07:44:45.8418990Z with:
2022-06-22T07:44:45.8419158Z   java-version: 11
2022-06-22T07:44:45.8419353Z   java-package: jdk
2022-06-22T07:44:45.8419540Z   architecture: x64
2022-06-22T07:44:45.8419714Z   server-id: github
2022-06-22T07:44:45.8419912Z   server-username: GITHUB_ACTOR
2022-06-22T07:44:45.8420152Z   server-password: GITHUB_TOKEN
2022-06-22T07:44:45.8420437Z ##[endgroup]
2022-06-22T07:44:47.4057020Z [command]/usr/bin/tar --version
2022-06-22T07:44:47.4105073Z tar (GNU tar) 1.30
2022-06-22T07:44:47.4105472Z Copyright (C) 2017 Free Software Foundation, Inc.
2022-06-22T07:44:47.4105915Z License GPLv3+: GNU GPL version 3 or later <https://gnu.org/licenses/gpl.html>.
2022-06-22T07:44:47.4106347Z This is free software: you are free to change and redistribute it.
2022-06-22T07:44:47.4106731Z There is NO WARRANTY, to the extent permitted by law.
2022-06-22T07:44:47.4106977Z 
2022-06-22T07:44:47.4107211Z Written by John Gilmore and Jay Fenlason.
2022-06-22T07:44:47.4128384Z [command]/usr/bin/tar xz --warning=no-unknown-keyword -C /home/runner/work/_temp/temp_1819947671 -f /home/runner/work/_temp/b5322d06-0399-4e70-a620-f268d0a93656
2022-06-22T07:44:52.2900790Z creating settings.xml with server-id: github; environment variables: username=$GITHUB_ACTOR, *** and gpg-passphrase=null
2022-06-22T07:44:52.2974470Z writing /home/runner/.m2/settings.xml
2022-06-22T07:44:52.3077885Z ##[group]Run eskatos/gradle-command-action@v1
2022-06-22T07:44:52.3078116Z with:
2022-06-22T07:44:52.3078290Z   arguments: clean build
2022-06-22T07:44:52.3078522Z   distributions-cache-enabled: true
2022-06-22T07:44:52.3078778Z   dependencies-cache-enabled: true
2022-06-22T07:44:52.3079017Z   configuration-cache-enabled: true
2022-06-22T07:44:52.3079257Z   wrapper-cache-enabled: true
2022-06-22T07:44:52.3079504Z   dependencies-cache-exact: false
2022-06-22T07:44:52.3079743Z   configuration-cache-exact: false
2022-06-22T07:44:52.3079969Z   cache-read-only: false
2022-06-22T07:44:52.3080166Z env:
2022-06-22T07:44:52.3080380Z   JAVA_HOME_11.0.15_x64: /opt/hostedtoolcache/jdk/11.0.15/x64
2022-06-22T07:44:52.3080656Z   JAVA_HOME: /opt/hostedtoolcache/jdk/11.0.15/x64
2022-06-22T07:44:52.3080931Z   JAVA_HOME_11_0_15_X64: /opt/hostedtoolcache/jdk/11.0.15/x64
2022-06-22T07:44:52.3081156Z ##[endgroup]
2022-06-22T07:44:53.7150933Z Received 100663296 of 115834096 (86.9%), 95.9 MBs/sec
2022-06-22T07:44:53.8518927Z Received 115834096 of 115834096 (100.0%), 97.1 MBs/sec
2022-06-22T07:44:53.8519598Z Cache Size: ~110 MB (115834096 B)
2022-06-22T07:44:53.8645648Z [command]/usr/bin/tar --use-compress-program zstd -d -xf /home/runner/work/_temp/ddb3b957-ed60-4ec3-a7b3-9219817a3fab/cache.tzst -P -C /home/runner/work/AndroidIDE/AndroidIDE
2022-06-22T07:44:54.0331476Z Cache restored successfully
2022-06-22T07:44:54.0488682Z Wrapper installation restored from cache key: wrapper-v1-7.4-bin
2022-06-22T07:44:55.4074434Z Received 104857600 of 500375717 (21.0%), 100.0 MBs/sec
2022-06-22T07:44:56.4079757Z Received 243269632 of 500375717 (48.6%), 116.0 MBs/sec
2022-06-22T07:44:57.4091620Z Received 373293056 of 500375717 (74.6%), 118.6 MBs/sec
2022-06-22T07:44:58.4096769Z Received 482344960 of 500375717 (96.4%), 114.9 MBs/sec
2022-06-22T07:44:59.0112468Z Received 500375717 of 500375717 (100.0%), 103.6 MBs/sec
2022-06-22T07:44:59.0114884Z Cache Size: ~477 MB (500375717 B)
2022-06-22T07:44:59.0272662Z [command]/usr/bin/tar --use-compress-program zstd -d -xf /home/runner/work/_temp/3a761f44-4b21-4c77-89f0-f5c9cb08faea/cache.tzst -P -C /home/runner/work/AndroidIDE/AndroidIDE
2022-06-22T07:45:00.7028920Z Cache restored successfully
2022-06-22T07:45:00.9122877Z Dependencies restored from cache key: dependencies|clean build|800e1d3b8a0b7a1c789cf0ea18a82d6f2e94389874df6adbcf7977da7ccde141
2022-06-22T07:45:01.2076890Z Configuration cache not found, expect task graph calculation.
2022-06-22T07:45:01.2081725Z [command]/home/runner/work/AndroidIDE/AndroidIDE/gradlew clean build
2022-06-22T07:45:02.7067811Z 
2022-06-22T07:45:02.7068627Z Welcome to Gradle 7.4!
2022-06-22T07:45:02.7069093Z 
2022-06-22T07:45:02.7069452Z Here are the highlights of this release:
2022-06-22T07:45:02.7070224Z  - Aggregated test and JaCoCo reports
2022-06-22T07:45:02.7070816Z  - Marking additional test source directories as tests in IntelliJ
2022-06-22T07:45:02.7071369Z  - Support for Adoptium JDKs in Java toolchains
2022-06-22T07:45:02.7071669Z 
2022-06-22T07:45:02.7072325Z For more details see https://docs.gradle.org/7.4/release-notes.html
2022-06-22T07:45:02.7072652Z 
2022-06-22T07:45:02.8014157Z Starting a Gradle Daemon (subsequent builds will be faster)
2022-06-22T07:45:35.0035766Z 
2022-06-22T07:45:35.0036939Z > Configure project :build-tools:tooling-api-impl
2022-06-22T07:45:35.0037654Z []
2022-06-22T07:45:38.9027698Z 
2022-06-22T07:45:38.9061887Z > Task :clean UP-TO-DATE
2022-06-22T07:45:38.9062353Z > Task :actions:clean UP-TO-DATE
2022-06-22T07:45:38.9062771Z > Task :app:clean UP-TO-DATE
2022-06-22T07:45:38.9091520Z > Task :common:clean UP-TO-DATE
2022-06-22T07:45:38.9092181Z > Task :emulatorview:clean UP-TO-DATE
2022-06-22T07:45:38.9092669Z > Task :gradle-plugin:clean UP-TO-DATE
2022-06-22T07:45:38.9093194Z > Task :lexers:clean UP-TO-DATE
2022-06-22T07:45:38.9093652Z > Task :sdk-info:clean UP-TO-DATE
2022-06-22T07:45:38.9094148Z > Task :treeview:clean UP-TO-DATE
2022-06-22T07:45:38.9094592Z > Task :xml-inflater:clean UP-TO-DATE
2022-06-22T07:45:38.9095425Z > Task :build-tools:builder-model-impl:clean UP-TO-DATE
2022-06-22T07:45:38.9096146Z > Task :build-tools:framework-stubs:clean UP-TO-DATE
2022-06-22T07:45:38.9096696Z > Task :build-tools:fuzzysearch:clean UP-TO-DATE
2022-06-22T07:45:38.9097218Z > Task :build-tools:google-java-format:clean UP-TO-DATE
2022-06-22T07:45:38.9097746Z > Task :build-tools:javac:clean UP-TO-DATE
2022-06-22T07:45:38.9098219Z > Task :build-tools:jsonrpc:clean UP-TO-DATE
2022-06-22T07:45:38.9098729Z > Task :build-tools:logger:clean UP-TO-DATE
2022-06-22T07:45:38.9099211Z > Task :build-tools:tooling-api:clean UP-TO-DATE
2022-06-22T07:45:38.9099740Z > Task :build-tools:tooling-api-events:clean UP-TO-DATE
2022-06-22T07:45:38.9100271Z > Task :build-tools:tooling-api-impl:clean UP-TO-DATE
2022-06-22T07:45:38.9100832Z > Task :build-tools:tooling-api-model:clean UP-TO-DATE
2022-06-22T07:45:38.9101320Z > Task :build-tools:xml-dom:clean UP-TO-DATE
2022-06-22T07:45:38.9101819Z > Task :build-tools:xml-formatter:clean UP-TO-DATE
2022-06-22T07:45:38.9102282Z > Task :lsp:api:clean UP-TO-DATE
2022-06-22T07:45:38.9102761Z > Task :lsp:java:clean UP-TO-DATE
2022-06-22T07:45:39.0016106Z > Task :lsp:testing:clean UP-TO-DATE
2022-06-22T07:45:39.0018404Z > Task :lsp:xml:clean UP-TO-DATE
2022-06-22T07:45:39.0018801Z > Task :actions:preBuild UP-TO-DATE
2022-06-22T07:45:39.0019288Z > Task :actions:preDebugBuild UP-TO-DATE
2022-06-22T07:45:39.0019682Z > Task :common:preBuild UP-TO-DATE
2022-06-22T07:45:39.0020079Z > Task :common:preDebugBuild UP-TO-DATE
2022-06-22T07:45:39.0020488Z > Task :common:compileDebugAidl NO-SOURCE
2022-06-22T07:45:39.0020926Z > Task :actions:compileDebugAidl NO-SOURCE
2022-06-22T07:45:39.1023383Z > Task :actions:mergeDebugJniLibFolders
2022-06-22T07:45:39.1038046Z > Task :actions:mergeDebugNativeLibs NO-SOURCE
2022-06-22T07:45:39.1038710Z > Task :actions:stripDebugDebugSymbols NO-SOURCE
2022-06-22T07:45:39.1039114Z > Task :actions:copyDebugJniLibsProjectAndLocalJars
2022-06-22T07:45:39.1039617Z > Task :build-tools:framework-stubs:compileJava NO-SOURCE
2022-06-22T07:45:42.2014738Z > Task :build-tools:logger:compileJava
2022-06-22T07:45:42.2018560Z > Task :build-tools:logger:processResources NO-SOURCE
2022-06-22T07:45:42.2019251Z > Task :build-tools:logger:classes
2022-06-22T07:45:42.2020109Z > Task :build-tools:logger:jar
2022-06-22T07:45:42.2137771Z > Task :common:packageDebugRenderscript NO-SOURCE
2022-06-22T07:45:42.2138279Z > Task :actions:compileDebugRenderscript NO-SOURCE
2022-06-22T07:45:45.1013396Z > Task :actions:dataBindingMergeDependencyArtifactsDebug
2022-06-22T07:45:45.2016354Z > Task :common:dataBindingMergeDependencyArtifactsDebug
2022-06-22T07:45:45.3015835Z > Task :common:dataBindingMergeGenClassesDebug
2022-06-22T07:45:45.3017065Z > Task :common:compileDebugRenderscript NO-SOURCE
2022-06-22T07:45:45.3017815Z > Task :common:generateDebugResValues
2022-06-22T07:45:45.3018630Z > Task :common:generateDebugResources
2022-06-22T07:45:45.8017122Z > Task :common:packageDebugResources
2022-06-22T07:45:46.1026212Z > Task :common:dataBindingGenBaseClassesDebug
2022-06-22T07:45:46.1027324Z > Task :actions:dataBindingMergeGenClassesDebug
2022-06-22T07:45:46.1028400Z > Task :actions:generateDebugResValues
2022-06-22T07:45:46.1028947Z > Task :actions:generateDebugResources
2022-06-22T07:45:46.1029653Z > Task :actions:packageDebugResources
2022-06-22T07:45:46.1030188Z > Task :actions:dataBindingGenBaseClassesDebug
2022-06-22T07:45:46.1030962Z > Task :actions:generateDebugBuildConfig
2022-06-22T07:45:46.9013227Z > Task :actions:parseDebugLocalResources
2022-06-22T07:45:47.0013831Z > Task :common:parseDebugLocalResources
2022-06-22T07:45:47.0014365Z > Task :common:processDebugManifest
2022-06-22T07:45:47.0014713Z > Task :actions:processDebugManifest
2022-06-22T07:45:48.0016797Z > Task :common:generateDebugBuildConfig
2022-06-22T07:45:48.0017458Z > Task :common:javaPreCompileDebug
2022-06-22T07:45:48.0017892Z > Task :actions:javaPreCompileDebug
2022-06-22T07:45:48.0018424Z > Task :actions:mergeDebugShaders
2022-06-22T07:45:48.0019297Z > Task :actions:compileDebugShaders NO-SOURCE
2022-06-22T07:45:48.0023370Z > Task :actions:generateDebugAssets UP-TO-DATE
2022-06-22T07:45:48.0023877Z > Task :actions:packageDebugAssets
2022-06-22T07:45:48.0024496Z > Task :actions:packageDebugRenderscript NO-SOURCE
2022-06-22T07:45:48.1016132Z > Task :actions:prepareDebugArtProfile
2022-06-22T07:45:48.1016759Z > Task :actions:prepareLintJarForPublish
2022-06-22T07:45:48.1017496Z > Task :actions:processDebugJavaRes NO-SOURCE
2022-06-22T07:45:48.1018071Z > Task :actions:writeDebugAarMetadata
2022-06-22T07:45:48.1018562Z > Task :actions:preReleaseBuild UP-TO-DATE
2022-06-22T07:45:48.1019074Z > Task :common:preReleaseBuild UP-TO-DATE
2022-06-22T07:45:48.1019591Z > Task :common:compileReleaseAidl NO-SOURCE
2022-06-22T07:45:48.1020123Z > Task :actions:compileReleaseAidl NO-SOURCE
2022-06-22T07:45:48.1020560Z > Task :actions:mergeReleaseJniLibFolders
2022-06-22T07:45:48.1021133Z > Task :actions:mergeReleaseNativeLibs NO-SOURCE
2022-06-22T07:45:48.1021664Z > Task :actions:stripReleaseDebugSymbols NO-SOURCE
2022-06-22T07:45:48.1022195Z > Task :actions:copyReleaseJniLibsProjectAndLocalJars
2022-06-22T07:45:48.1022753Z > Task :common:packageReleaseRenderscript NO-SOURCE
2022-06-22T07:45:48.1023301Z > Task :actions:compileReleaseRenderscript NO-SOURCE
2022-06-22T07:45:48.2013637Z > Task :actions:dataBindingMergeDependencyArtifactsRelease
2022-06-22T07:45:48.2014198Z > Task :common:dataBindingMergeDependencyArtifactsRelease
2022-06-22T07:45:48.3014269Z > Task :common:dataBindingMergeGenClassesRelease
2022-06-22T07:45:48.3015275Z > Task :common:compileReleaseRenderscript NO-SOURCE
2022-06-22T07:45:48.3016177Z > Task :common:generateReleaseResValues
2022-06-22T07:45:48.3016754Z > Task :common:generateReleaseResources
2022-06-22T07:45:48.3017264Z > Task :common:generateDebugRFile
2022-06-22T07:45:48.3017732Z > Task :common:packageReleaseResources
2022-06-22T07:45:48.3018224Z > Task :common:dataBindingGenBaseClassesRelease
2022-06-22T07:45:48.3018723Z > Task :actions:dataBindingMergeGenClassesRelease
2022-06-22T07:45:49.4013485Z > Task :actions:generateDebugRFile
2022-06-22T07:45:52.4019211Z > Task :actions:generateReleaseResValues
2022-06-22T07:45:52.4019942Z > Task :actions:generateReleaseResources
2022-06-22T07:45:52.4020531Z > Task :actions:packageReleaseResources
2022-06-22T07:45:52.4021325Z > Task :actions:dataBindingGenBaseClassesRelease
2022-06-22T07:45:52.4022265Z > Task :actions:generateReleaseBuildConfig
2022-06-22T07:45:52.4022710Z > Task :actions:parseReleaseLocalResources
2022-06-22T07:45:52.5014356Z > Task :actions:processReleaseManifest
2022-06-22T07:45:52.5015261Z > Task :common:parseReleaseLocalResources
2022-06-22T07:45:52.5016007Z > Task :common:processReleaseManifest
2022-06-22T07:45:52.6013969Z > Task :common:generateReleaseRFile
2022-06-22T07:45:52.6014616Z > Task :actions:generateReleaseRFile
2022-06-22T07:45:52.6015243Z > Task :common:generateReleaseBuildConfig
2022-06-22T07:45:58.7033493Z > Task :common:compileDebugKotlin
2022-06-22T07:45:58.8014017Z > Task :common:compileReleaseKotlin
2022-06-22T07:46:03.0015946Z 
2022-06-22T07:46:03.0016759Z > Task :common:compileDebugJavaWithJavac
2022-06-22T07:46:03.0017460Z Note: Some input files use or override a deprecated API.
2022-06-22T07:46:03.0018410Z Note: Recompile with -Xlint:deprecation for details.
2022-06-22T07:46:04.5018411Z 
2022-06-22T07:46:04.5019245Z > Task :common:javaPreCompileRelease
2022-06-22T07:46:04.6013804Z > Task :common:bundleLibCompileToJarDebug
2022-06-22T07:46:05.2014477Z 
2022-06-22T07:46:05.2014867Z > Task :common:compileReleaseJavaWithJavac
2022-06-22T07:46:05.2015250Z 
2022-06-22T07:46:05.2015427Z > Task :common:bundleLibCompileToJarRelease
2022-06-22T07:46:05.2016081Z Note: Some input files use or override a deprecated API.
2022-06-22T07:46:05.2016738Z Note: Recompile with -Xlint:deprecation for details.
2022-06-22T07:46:08.6058636Z > Task :actions:compileDebugKotlin
2022-06-22T07:46:08.6059422Z > Task :actions:compileReleaseKotlin
2022-06-22T07:46:12.2013778Z > Task :actions:extractDebugAnnotations
2022-06-22T07:46:12.4018908Z > Task :actions:compileDebugJavaWithJavac
2022-06-22T07:46:12.4019658Z > Task :actions:mergeDebugGeneratedProguardFiles
2022-06-22T07:46:12.4020169Z > Task :actions:mergeDebugConsumerProguardFiles
2022-06-22T07:46:12.5013817Z > Task :actions:extractReleaseAnnotations
2022-06-22T07:46:12.5014378Z > Task :actions:javaPreCompileRelease
2022-06-22T07:46:12.6022564Z > Task :actions:mergeDebugJavaResource
2022-06-22T07:46:12.6023152Z > Task :actions:compileReleaseJavaWithJavac
2022-06-22T07:46:12.6023587Z > Task :actions:syncDebugLibJars
2022-06-22T07:46:12.6023986Z > Task :actions:bundleDebugAar
2022-06-22T07:46:12.6024344Z > Task :actions:assembleDebug
2022-06-22T07:46:12.6024828Z > Task :actions:mergeReleaseGeneratedProguardFiles
2022-06-22T07:46:12.6025319Z > Task :actions:mergeReleaseConsumerProguardFiles
2022-06-22T07:46:12.6025759Z > Task :actions:mergeReleaseShaders
2022-06-22T07:46:12.6277710Z > Task :actions:compileReleaseShaders NO-SOURCE
2022-06-22T07:46:12.6278153Z > Task :actions:generateReleaseAssets UP-TO-DATE
2022-06-22T07:46:12.6278459Z > Task :actions:packageReleaseAssets
2022-06-22T07:46:12.6278833Z > Task :actions:packageReleaseRenderscript NO-SOURCE
2022-06-22T07:46:12.6279147Z > Task :actions:prepareReleaseArtProfile
2022-06-22T07:46:12.6279462Z > Task :common:mergeReleaseGeneratedProguardFiles
2022-06-22T07:46:12.6279796Z > Task :common:exportReleaseConsumerProguardFiles
2022-06-22T07:46:12.6280089Z > Task :actions:extractProguardFiles
2022-06-22T07:46:12.7032775Z > Task :actions:processReleaseJavaRes NO-SOURCE
2022-06-22T07:46:12.7033492Z > Task :actions:generateReleaseLibraryProguardRules
2022-06-22T07:46:12.7084984Z > Task :actions:mergeReleaseJavaResource
2022-06-22T07:46:12.7085472Z > Task :common:processReleaseJavaRes NO-SOURCE
2022-06-22T07:46:12.7085757Z > Task :common:bundleLibResRelease
2022-06-22T07:46:12.7086032Z > Task :common:bundleLibRuntimeToJarRelease
2022-06-22T07:46:12.7086314Z > Task :actions:writeReleaseAarMetadata
2022-06-22T07:46:17.1014219Z > Task :actions:minifyReleaseWithR8
2022-06-22T07:46:17.1014834Z > Task :actions:syncReleaseLibJars
2022-06-22T07:46:17.2020259Z > Task :actions:bundleReleaseAar
2022-06-22T07:46:18.8020503Z > Task :actions:mergeReleaseResources
2022-06-22T07:46:18.8021127Z > Task :actions:mapReleaseSourceSetPaths
2022-06-22T07:46:18.9014350Z > Task :actions:bundleDebugLocalLintAar
2022-06-22T07:46:18.9015183Z > Task :common:mergeDebugJniLibFolders
2022-06-22T07:46:18.9015911Z > Task :common:mergeDebugNativeLibs NO-SOURCE
2022-06-22T07:46:18.9016282Z > Task :common:stripDebugDebugSymbols NO-SOURCE
2022-06-22T07:46:19.1014459Z > Task :common:copyDebugJniLibsProjectAndLocalJars
2022-06-22T07:46:19.1015059Z > Task :common:extractDebugAnnotations
2022-06-22T07:46:19.1015462Z > Task :common:compileReleaseLibraryResources
2022-06-22T07:46:19.1016079Z > Task :common:mergeDebugGeneratedProguardFiles
2022-06-22T07:46:19.1016484Z > Task :common:mergeDebugConsumerProguardFiles
2022-06-22T07:46:19.1016859Z > Task :common:mergeDebugShaders
2022-06-22T07:46:19.9014855Z > Task :common:compileDebugShaders NO-SOURCE
2022-06-22T07:46:19.9015511Z > Task :common:generateDebugAssets UP-TO-DATE
2022-06-22T07:46:19.9016363Z > Task :common:packageDebugAssets
2022-06-22T07:46:19.9016692Z > Task :common:prepareDebugArtProfile
2022-06-22T07:46:19.9016989Z > Task :common:prepareLintJarForPublish
2022-06-22T07:46:19.9017496Z > Task :common:processDebugJavaRes NO-SOURCE
2022-06-22T07:46:20.7013664Z > Task :common:mergeDebugJavaResource
2022-06-22T07:46:20.8014863Z > Task :common:syncDebugLibJars
2022-06-22T07:46:20.8015405Z > Task :common:writeDebugAarMetadata
2022-06-22T07:46:20.8016282Z > Task :common:bundleDebugLocalLintAar
2022-06-22T07:46:20.8017023Z > Task :actions:preDebugAndroidTestBuild UP-TO-DATE
2022-06-22T07:46:20.8017718Z > Task :actions:extractDeepLinksDebug
2022-06-22T07:46:20.8018140Z > Task :common:extractDeepLinksDebug
2022-06-22T07:46:21.1016155Z > Task :actions:processDebugAndroidTestManifest
2022-06-22T07:46:21.1017243Z > Task :actions:compileDebugAndroidTestRenderscript NO-SOURCE
2022-06-22T07:46:21.1018038Z > Task :actions:bundleLibResDebug
2022-06-22T07:46:21.1018482Z > Task :actions:bundleLibRuntimeToJarDebug
2022-06-22T07:46:21.1019105Z > Task :actions:createFullJarDebug
2022-06-22T07:46:21.1019551Z > Task :actions:generateDebugAndroidTestResValues
2022-06-22T07:46:21.1020220Z > Task :actions:writeDebugLintModelMetadata
2022-06-22T07:46:21.1020646Z > Task :common:bundleLibResDebug
2022-06-22T07:46:21.1021261Z > Task :common:bundleLibRuntimeToJarDebug
2022-06-22T07:46:21.1021681Z > Task :common:createFullJarDebug
2022-06-22T07:46:21.1022298Z > Task :common:writeDebugLintModelMetadata
2022-06-22T07:46:21.7013606Z > Task :actions:verifyReleaseResources
2022-06-22T07:46:22.1017742Z > Task :actions:assembleRelease
2022-06-22T07:46:22.1018162Z > Task :actions:assemble
2022-06-22T07:46:22.1018530Z > Task :actions:bundleLibCompileToJarDebug
2022-06-22T07:46:22.1019161Z > Task :actions:preDebugUnitTestBuild UP-TO-DATE
2022-06-22T07:46:22.3013426Z > Task :actions:generateDebugUnitTestStubRFile
2022-06-22T07:46:22.4056768Z > Task :actions:compileDebugUnitTestKotlin NO-SOURCE
2022-06-22T07:46:22.4058244Z > Task :actions:javaPreCompileDebugUnitTest
2022-06-22T07:46:22.4058891Z > Task :actions:compileDebugUnitTestJavaWithJavac NO-SOURCE
2022-06-22T07:46:22.4059687Z > Task :actions:processDebugUnitTestJavaRes NO-SOURCE
2022-06-22T07:46:22.4060212Z > Task :actions:testDebugUnitTest NO-SOURCE
2022-06-22T07:46:22.4060842Z > Task :actions:bundleLibResRelease
2022-06-22T07:46:22.4061285Z > Task :actions:bundleLibRuntimeToJarRelease
2022-06-22T07:46:22.4061926Z > Task :actions:bundleLibCompileToJarRelease
2022-06-22T07:46:22.4062457Z > Task :actions:preReleaseUnitTestBuild UP-TO-DATE
2022-06-22T07:46:22.6048600Z > Task :actions:generateReleaseUnitTestStubRFile
2022-06-22T07:46:22.6049497Z > Task :actions:compileReleaseUnitTestKotlin NO-SOURCE
2022-06-22T07:46:22.6050236Z > Task :actions:javaPreCompileReleaseUnitTest
2022-06-22T07:46:22.6050850Z > Task :actions:compileReleaseUnitTestJavaWithJavac NO-SOURCE
2022-06-22T07:46:22.6051670Z > Task :actions:processReleaseUnitTestJavaRes NO-SOURCE
2022-06-22T07:46:22.6052208Z > Task :actions:testReleaseUnitTest NO-SOURCE
2022-06-22T07:46:22.6052895Z > Task :actions:test UP-TO-DATE
2022-06-22T07:46:22.6053355Z > Task :app:preBuild UP-TO-DATE
2022-06-22T07:46:22.6054018Z > Task :app:preDebugBuild UP-TO-DATE
2022-06-22T07:46:22.6054562Z > Task :app:mergeDebugNativeDebugMetadata NO-SOURCE
2022-06-22T07:46:26.3014999Z > Task :build-tools:builder-model-impl:compileKotlin
2022-06-22T07:46:26.3015481Z > Task :build-tools:builder-model-impl:compileJava NO-SOURCE
2022-06-22T07:46:27.9016715Z 
2022-06-22T07:46:27.9056973Z > Task :build-tools:jsonrpc:compileJava
2022-06-22T07:46:27.9057673Z Note: /home/runner/work/AndroidIDE/AndroidIDE/build-tools/jsonrpc/src/main/java/org/eclipse/lsp4j/jsonrpc/services/ServiceEndpoints.java uses or overrides a deprecated API.
2022-06-22T07:46:27.9058402Z Note: Recompile with -Xlint:deprecation for details.
2022-06-22T07:46:30.7013473Z 
2022-06-22T07:46:30.7014210Z > Task :build-tools:tooling-api-events:compileKotlin
2022-06-22T07:46:30.8016793Z > Task :build-tools:tooling-api-events:compileJava NO-SOURCE
2022-06-22T07:46:30.8017276Z > Task :build-tools:xml-dom:compileJava NO-SOURCE
2022-06-22T07:46:37.8017432Z > Task :build-tools:tooling-api-model:compileKotlin
2022-06-22T07:46:39.7013307Z > Task :build-tools:tooling-api-model:compileJava
2022-06-22T07:46:42.1014833Z > Task :build-tools:tooling-api:compileKotlin
2022-06-22T07:46:42.3062456Z > Task :build-tools:tooling-api:compileJava
2022-06-22T07:46:44.2013101Z > Task :actions:lintAnalyzeDebug
2022-06-22T07:46:44.5014004Z > Task :actions:lintReportDebug
2022-06-22T07:46:44.5014577Z > Task :actions:lintDebug
2022-06-22T07:46:44.5015137Z > Task :actions:lint
2022-06-22T07:46:44.5015516Z > Task :actions:check
2022-06-22T07:46:44.5016001Z > Task :actions:build
2022-06-22T07:46:44.6034036Z > Task :build-tools:tooling-api-impl:processSource
2022-06-22T07:46:44.6035041Z > Task :build-tools:tooling-api-impl:processResources NO-SOURCE
2022-06-22T07:46:44.6035703Z > Task :build-tools:builder-model-impl:processResources NO-SOURCE
2022-06-22T07:46:44.6036204Z > Task :build-tools:builder-model-impl:classes UP-TO-DATE
2022-06-22T07:46:44.6036715Z > Task :build-tools:builder-model-impl:inspectClassesForKotlinIC
2022-06-22T07:46:44.7021394Z > Task :build-tools:builder-model-impl:jar
2022-06-22T07:46:44.7022062Z > Task :build-tools:jsonrpc:processResources NO-SOURCE
2022-06-22T07:46:44.7022599Z > Task :build-tools:jsonrpc:classes
2022-06-22T07:46:44.7022985Z > Task :build-tools:jsonrpc:jar
2022-06-22T07:46:44.7023450Z > Task :build-tools:tooling-api:processResources NO-SOURCE
2022-06-22T07:46:44.7023869Z > Task :build-tools:tooling-api:classes
2022-06-22T07:46:44.7024324Z > Task :build-tools:tooling-api:inspectClassesForKotlinIC
2022-06-22T07:46:44.8039029Z > Task :build-tools:tooling-api:jar
2022-06-22T07:46:44.8040765Z > Task :build-tools:tooling-api-events:processResources NO-SOURCE
2022-06-22T07:46:44.8041363Z > Task :build-tools:tooling-api-events:classes UP-TO-DATE
2022-06-22T07:46:44.8041886Z > Task :build-tools:tooling-api-events:inspectClassesForKotlinIC
2022-06-22T07:46:44.8042359Z > Task :build-tools:tooling-api-events:jar
2022-06-22T07:46:44.8042841Z > Task :build-tools:tooling-api-model:processResources NO-SOURCE
2022-06-22T07:46:44.8043310Z > Task :build-tools:tooling-api-model:classes
2022-06-22T07:46:44.8043793Z > Task :build-tools:tooling-api-model:inspectClassesForKotlinIC
2022-06-22T07:46:44.8044242Z > Task :build-tools:tooling-api-model:jar
2022-06-22T07:46:44.9025765Z > Task :build-tools:tooling-api-model:copyToTestDir
2022-06-22T07:46:44.9026523Z > Task :build-tools:xml-dom:processResources NO-SOURCE
2022-06-22T07:46:44.9027481Z > Task :build-tools:xml-dom:classes UP-TO-DATE
2022-06-22T07:46:44.9027976Z > Task :build-tools:xml-dom:jar
2022-06-22T07:46:45.1050941Z > Task :emulatorview:preBuild UP-TO-DATE
2022-06-22T07:46:45.1051828Z > Task :emulatorview:preDebugBuild UP-TO-DATE
2022-06-22T07:46:45.1052613Z > Task :emulatorview:compileDebugAidl NO-SOURCE
2022-06-22T07:46:45.1053103Z > Task :lexers:preBuild UP-TO-DATE
2022-06-22T07:46:45.1053787Z > Task :lexers:preDebugBuild UP-TO-DATE
2022-06-22T07:46:45.1054269Z > Task :lexers:compileDebugAidl NO-SOURCE
2022-06-22T07:46:45.1054943Z > Task :sdk-info:preBuild UP-TO-DATE
2022-06-22T07:46:45.1055418Z > Task :sdk-info:preDebugBuild UP-TO-DATE
2022-06-22T07:46:45.1056399Z > Task :sdk-info:compileDebugAidl NO-SOURCE
2022-06-22T07:46:45.1056878Z > Task :treeview:preBuild UP-TO-DATE
2022-06-22T07:46:45.1057550Z > Task :treeview:preDebugBuild UP-TO-DATE
2022-06-22T07:46:45.1058085Z > Task :treeview:compileDebugAidl NO-SOURCE
2022-06-22T07:46:45.1058753Z > Task :xml-inflater:preBuild UP-TO-DATE
2022-06-22T07:46:45.1059248Z > Task :xml-inflater:preDebugBuild UP-TO-DATE
2022-06-22T07:46:45.1059946Z > Task :xml-inflater:compileDebugAidl NO-SOURCE
2022-06-22T07:46:45.1060419Z > Task :lsp:api:preBuild UP-TO-DATE
2022-06-22T07:46:45.1061093Z > Task :lsp:api:preDebugBuild UP-TO-DATE
2022-06-22T07:46:45.1061852Z > Task :lsp:api:compileDebugAidl NO-SOURCE
2022-06-22T07:46:45.1062533Z > Task :lsp:java:preBuild UP-TO-DATE
2022-06-22T07:46:45.1063004Z > Task :lsp:java:preDebugBuild UP-TO-DATE
2022-06-22T07:46:45.1063686Z > Task :lsp:java:compileDebugAidl NO-SOURCE
2022-06-22T07:46:45.1064161Z > Task :lsp:xml:preBuild UP-TO-DATE
2022-06-22T07:46:45.1064825Z > Task :lsp:xml:preDebugBuild UP-TO-DATE
2022-06-22T07:46:45.1065304Z > Task :lsp:xml:compileDebugAidl NO-SOURCE
2022-06-22T07:46:45.1065984Z > Task :app:compileDebugAidl NO-SOURCE
2022-06-22T07:46:45.1066511Z > Task :emulatorview:packageDebugRenderscript NO-SOURCE
2022-06-22T07:46:45.1067255Z > Task :lexers:packageDebugRenderscript NO-SOURCE
2022-06-22T07:46:45.1067794Z > Task :sdk-info:packageDebugRenderscript NO-SOURCE
2022-06-22T07:46:45.1073779Z > Task :treeview:packageDebugRenderscript NO-SOURCE
2022-06-22T07:46:45.1074471Z > Task :xml-inflater:packageDebugRenderscript NO-SOURCE
2022-06-22T07:46:45.1075425Z > Task :lsp:api:packageDebugRenderscript NO-SOURCE
2022-06-22T07:46:45.1075994Z > Task :lsp:java:packageDebugRenderscript NO-SOURCE
2022-06-22T07:46:45.1076745Z > Task :lsp:xml:packageDebugRenderscript NO-SOURCE
2022-06-22T07:46:45.1077264Z > Task :app:compileDebugRenderscript NO-SOURCE
2022-06-22T07:46:46.0014414Z > Task :app:dataBindingMergeDependencyArtifactsDebug
2022-06-22T07:46:46.0014961Z > Task :app:dataBindingMergeGenClassesDebug
2022-06-22T07:46:46.0015339Z > Task :app:generateDebugResValues
2022-06-22T07:46:46.0015900Z > Task :app:generateDebugResources
2022-06-22T07:46:46.0016537Z > Task :emulatorview:compileDebugRenderscript NO-SOURCE
2022-06-22T07:46:46.1056614Z > Task :emulatorview:generateDebugResValues
2022-06-22T07:46:46.1086468Z > Task :emulatorview:generateDebugResources
2022-06-22T07:46:46.1086939Z > Task :emulatorview:packageDebugResources
2022-06-22T07:46:46.1087587Z > Task :lexers:compileDebugRenderscript NO-SOURCE
2022-06-22T07:46:46.1087986Z > Task :lexers:generateDebugResValues
2022-06-22T07:46:46.1088343Z > Task :lexers:generateDebugResources
2022-06-22T07:46:46.2024800Z > Task :lexers:packageDebugResources
2022-06-22T07:46:46.2025689Z > Task :sdk-info:compileDebugRenderscript NO-SOURCE
2022-06-22T07:46:46.2026864Z > Task :sdk-info:generateDebugResValues
2022-06-22T07:46:46.2055125Z > Task :sdk-info:generateDebugResources
2022-06-22T07:46:46.4014387Z > Task :sdk-info:packageDebugResources
2022-06-22T07:46:46.4015068Z > Task :treeview:compileDebugRenderscript NO-SOURCE
2022-06-22T07:46:46.4016031Z > Task :treeview:generateDebugResValues
2022-06-22T07:46:46.4016350Z > Task :treeview:generateDebugResources
2022-06-22T07:46:46.4016624Z > Task :treeview:packageDebugResources
2022-06-22T07:46:46.4017171Z > Task :xml-inflater:compileDebugRenderscript NO-SOURCE
2022-06-22T07:46:46.4017573Z > Task :xml-inflater:generateDebugResValues
2022-06-22T07:46:46.4017925Z > Task :xml-inflater:generateDebugResources
2022-06-22T07:46:46.5014784Z > Task :xml-inflater:packageDebugResources
2022-06-22T07:46:46.5015811Z > Task :lsp:api:compileDebugRenderscript NO-SOURCE
2022-06-22T07:46:46.5016251Z > Task :lsp:api:generateDebugResValues
2022-06-22T07:46:46.5017012Z > Task :lsp:api:generateDebugResources
2022-06-22T07:46:46.5017352Z > Task :lsp:api:packageDebugResources
2022-06-22T07:46:46.5017867Z > Task :lsp:java:compileDebugRenderscript NO-SOURCE
2022-06-22T07:46:46.5018178Z > Task :lsp:java:generateDebugResValues
2022-06-22T07:46:46.5018451Z > Task :lsp:java:generateDebugResources
2022-06-22T07:46:46.6012899Z > Task :lsp:java:packageDebugResources
2022-06-22T07:46:46.6014034Z > Task :lsp:xml:compileDebugRenderscript NO-SOURCE
2022-06-22T07:46:46.6014384Z > Task :lsp:xml:generateDebugResValues
2022-06-22T07:46:46.6014656Z > Task :lsp:xml:generateDebugResources
2022-06-22T07:46:46.7012819Z > Task :lsp:xml:packageDebugResources
2022-06-22T07:46:47.3013305Z > Task :build-tools:tooling-api-impl:compileKotlin
2022-06-22T07:46:49.1012982Z > Task :app:mergeDebugResources
2022-06-22T07:46:49.3013539Z > Task :build-tools:tooling-api-impl:compileJava
2022-06-22T07:46:49.3014475Z > Task :build-tools:tooling-api-impl:classes
2022-06-22T07:46:49.3015137Z > Task :build-tools:tooling-api-impl:inspectClassesForKotlinIC
2022-06-22T07:46:49.3015925Z > Task :build-tools:tooling-api-impl:jar
2022-06-22T07:46:52.7013264Z > Task :build-tools:tooling-api-impl:shadowJar
2022-06-22T07:46:52.8013347Z > Task :build-tools:tooling-api-impl:copyJarToAssets
2022-06-22T07:46:53.0014840Z > Task :app:dataBindingGenBaseClassesDebug
2022-06-22T07:46:53.0015468Z > Task :app:generateDebugBuildConfig
2022-06-22T07:46:53.0016002Z > Task :actions:compileDebugLibraryResources
2022-06-22T07:46:53.0016376Z > Task :emulatorview:writeDebugAarMetadata
2022-06-22T07:46:53.0016952Z > Task :sdk-info:writeDebugAarMetadata
2022-06-22T07:46:53.0017301Z > Task :lexers:writeDebugAarMetadata
2022-06-22T07:46:53.0017645Z > Task :treeview:writeDebugAarMetadata
2022-06-22T07:46:53.0018045Z > Task :xml-inflater:writeDebugAarMetadata
2022-06-22T07:46:53.0018564Z > Task :lsp:api:writeDebugAarMetadata
2022-06-22T07:46:53.0018925Z > Task :lsp:java:writeDebugAarMetadata
2022-06-22T07:46:53.0019254Z > Task :lsp:xml:writeDebugAarMetadata
2022-06-22T07:46:53.0019594Z > Task :app:mapDebugSourceSetPaths
2022-06-22T07:46:53.1014557Z > Task :app:createDebugCompatibleScreenManifests
2022-06-22T07:46:53.1015060Z > Task :app:checkDebugAarMetadata
2022-06-22T07:46:53.1015408Z > Task :app:extractDeepLinksDebug
2022-06-22T07:46:53.1015987Z > Task :emulatorview:extractDeepLinksDebug
2022-06-22T07:46:53.1016361Z > Task :emulatorview:processDebugManifest
2022-06-22T07:46:53.1016717Z > Task :lexers:extractDeepLinksDebug
2022-06-22T07:46:53.1017300Z > Task :sdk-info:extractDeepLinksDebug
2022-06-22T07:46:53.1017657Z > Task :lexers:processDebugManifest
2022-06-22T07:46:53.1018059Z > Task :sdk-info:processDebugManifest
2022-06-22T07:46:53.1018405Z > Task :treeview:extractDeepLinksDebug
2022-06-22T07:46:53.1018814Z > Task :xml-inflater:extractDeepLinksDebug
2022-06-22T07:46:53.1019179Z > Task :treeview:processDebugManifest
2022-06-22T07:46:53.2021365Z > Task :xml-inflater:processDebugManifest
2022-06-22T07:46:53.2022611Z > Task :lsp:api:extractDeepLinksDebug
2022-06-22T07:46:53.2023087Z > Task :lsp:java:extractDeepLinksDebug
2022-06-22T07:46:53.2023717Z > Task :lsp:api:processDebugManifest
2022-06-22T07:46:53.2024134Z > Task :lsp:java:processDebugManifest
2022-06-22T07:46:53.2024747Z > Task :lsp:xml:extractDeepLinksDebug
2022-06-22T07:46:53.2025158Z > Task :lsp:xml:processDebugManifest
2022-06-22T07:46:53.4017458Z > Task :app:processDebugMainManifest
2022-06-22T07:46:53.4018395Z > Task :app:processDebugManifest
2022-06-22T07:46:53.4019333Z > Task :app:processDebugManifestForPackage
2022-06-22T07:46:53.4019808Z > Task :common:compileDebugLibraryResources
2022-06-22T07:46:53.4020475Z > Task :emulatorview:compileDebugLibraryResources
2022-06-22T07:46:53.4020942Z > Task :emulatorview:parseDebugLocalResources
2022-06-22T07:46:53.4021583Z > Task :emulatorview:generateDebugRFile
2022-06-22T07:46:53.5013921Z > Task :lexers:compileDebugLibraryResources
2022-06-22T07:46:53.5014507Z > Task :lexers:parseDebugLocalResources
2022-06-22T07:46:53.5015158Z > Task :lexers:generateDebugRFile
2022-06-22T07:46:53.6014091Z > Task :sdk-info:compileDebugLibraryResources
2022-06-22T07:46:53.6014729Z > Task :sdk-info:parseDebugLocalResources
2022-06-22T07:46:53.7013420Z > Task :treeview:compileDebugLibraryResources
2022-06-22T07:46:53.9013872Z > Task :sdk-info:generateDebugRFile
2022-06-22T07:46:54.0017835Z > Task :treeview:parseDebugLocalResources
2022-06-22T07:46:54.0018278Z > Task :treeview:generateDebugRFile
2022-06-22T07:46:54.1020472Z > Task :xml-inflater:compileDebugLibraryResources
2022-06-22T07:46:54.1023316Z > Task :xml-inflater:parseDebugLocalResources
2022-06-22T07:46:54.3014870Z > Task :xml-inflater:generateDebugRFile
2022-06-22T07:46:54.3015468Z > Task :lsp:api:compileDebugLibraryResources
2022-06-22T07:46:54.3016318Z > Task :lsp:api:parseDebugLocalResources
2022-06-22T07:46:54.5035923Z > Task :lsp:java:compileDebugLibraryResources
2022-06-22T07:46:54.5037466Z > Task :lsp:java:parseDebugLocalResources
2022-06-22T07:46:54.5038161Z > Task :lsp:api:generateDebugRFile
2022-06-22T07:46:54.5038611Z > Task :lsp:xml:compileDebugLibraryResources
2022-06-22T07:46:54.6013828Z > Task :lsp:xml:parseDebugLocalResources
2022-06-22T07:46:54.7055027Z > Task :lsp:java:generateDebugRFile
2022-06-22T07:46:54.7057824Z > Task :emulatorview:generateDebugBuildConfig
2022-06-22T07:46:54.7058572Z > Task :emulatorview:javaPreCompileDebug
2022-06-22T07:46:54.7058999Z > Task :lsp:xml:generateDebugRFile
2022-06-22T07:46:55.4023434Z 
2022-06-22T07:46:55.4024156Z > Task :emulatorview:compileDebugJavaWithJavac
2022-06-22T07:46:55.4026938Z Note: /home/runner/work/AndroidIDE/AndroidIDE/emulatorview/src/main/java/com/itsaky/terminal/view/TerminalView.java uses or overrides a deprecated API.
2022-06-22T07:46:55.4027758Z Note: Recompile with -Xlint:deprecation for details.
2022-06-22T07:46:56.1056744Z 
2022-06-22T07:46:56.1057759Z > Task :emulatorview:bundleLibCompileToJarDebug
2022-06-22T07:46:56.1058372Z > Task :lexers:generateDebugBuildConfig
2022-06-22T07:46:56.1059081Z > Task :lexers:compileDebugKotlin NO-SOURCE
2022-06-22T07:46:56.1059547Z > Task :lexers:javaPreCompileDebug
2022-06-22T07:46:57.2013349Z > Task :app:processDebugResources
2022-06-22T07:47:01.1024166Z > Task :lexers:compileDebugJavaWithJavac
2022-06-22T07:47:01.1024799Z > Task :lexers:bundleLibCompileToJarDebug
2022-06-22T07:47:01.1025527Z > Task :sdk-info:generateDebugBuildConfig
2022-06-22T07:47:01.1026042Z > Task :sdk-info:javaPreCompileDebug
2022-06-22T07:47:02.6020196Z > Task :sdk-info:compileDebugJavaWithJavac
2022-06-22T07:47:02.6023193Z > Task :sdk-info:bundleLibCompileToJarDebug
2022-06-22T07:47:02.6023940Z > Task :treeview:generateDebugBuildConfig
2022-06-22T07:47:02.6024379Z > Task :treeview:javaPreCompileDebug
2022-06-22T07:47:02.6025086Z > Task :xml-inflater:generateDebugBuildConfig
2022-06-22T07:47:02.8013981Z 
2022-06-22T07:47:02.8014595Z > Task :treeview:compileDebugJavaWithJavac
2022-06-22T07:47:02.8015222Z 
2022-06-22T07:47:02.8015521Z > Task :treeview:bundleLibCompileToJarDebug
2022-06-22T07:47:02.8016388Z Note: Some input files use unchecked or unsafe operations.
2022-06-22T07:47:02.8017107Z Note: Recompile with -Xlint:unchecked for details.
2022-06-22T07:47:04.1077368Z > Task :xml-inflater:javaPreCompileDebug
2022-06-22T07:47:04.4014153Z 
2022-06-22T07:47:04.4014985Z > Task :build-tools:fuzzysearch:compileJava
2022-06-22T07:47:04.4015829Z 
2022-06-22T07:47:04.4016256Z > Task :build-tools:fuzzysearch:processResources NO-SOURCE
2022-06-22T07:47:04.4016995Z > Task :build-tools:fuzzysearch:classes
2022-06-22T07:47:04.4017480Z > Task :build-tools:fuzzysearch:jar
2022-06-22T07:47:04.4018460Z Note: /home/runner/work/AndroidIDE/AndroidIDE/build-tools/fuzzysearch/src/main/java/com/itsaky/androidide/fuzzysearch/algorithms/Utils.java uses unchecked or unsafe operations.
2022-06-22T07:47:04.4019140Z Note: Recompile with -Xlint:unchecked for details.
2022-06-22T07:47:04.5013929Z > Task :lsp:api:generateDebugBuildConfig
2022-06-22T07:47:04.5014527Z > Task :lsp:api:javaPreCompileDebug
2022-06-22T07:47:04.5015482Z > Task :build-tools:javac:compileJava NO-SOURCE
2022-06-22T07:47:04.5016620Z > Task :build-tools:javac:processResources NO-SOURCE
2022-06-22T07:47:04.5017142Z > Task :build-tools:javac:classes UP-TO-DATE
2022-06-22T07:47:04.5017807Z > Task :build-tools:javac:jar
2022-06-22T07:47:05.5013060Z > Task :xml-inflater:compileDebugKotlin
2022-06-22T07:47:06.5015862Z 
2022-06-22T07:47:06.5016761Z > Task :build-tools:google-java-format:compileJava
2022-06-22T07:47:06.5018385Z /home/runner/work/AndroidIDE/AndroidIDE/build-tools/google-java-format/src/main/java/com/google/googlejavaformat/java/JavaInputAstVisitor.java:2335: warning: [AutoValueCouldNotWrite] Could not write generated class com.google.googlejavaformat.java.AutoOneOf_JavaInputAstVisitor_AnnotationOrModifier: javax.annotation.processing.FilerException: Attempt to recreate a file for type com.google.googlejavaformat.java.AutoOneOf_JavaInputAstVisitor_AnnotationOrModifier
2022-06-22T07:47:06.5019824Z   abstract static class AnnotationOrModifier implements Comparable<AnnotationOrModifier> {
2022-06-22T07:47:06.5020211Z                   ^
2022-06-22T07:47:06.5021743Z /home/runner/work/AndroidIDE/AndroidIDE/build-tools/google-java-format/src/main/java/com/google/googlejavaformat/java/JavaInputAstVisitor.java:2391: warning: [AutoValueCouldNotWrite] Could not write generated class com.google.googlejavaformat.java.AutoValue_JavaInputAstVisitor_DeclarationModifiersAndTypeAnnotations: javax.annotation.processing.FilerException: Attempt to recreate a file for type com.google.googlejavaformat.java.AutoValue_JavaInputAstVisitor_DeclarationModifiersAndTypeAnnotations
2022-06-22T07:47:06.5022984Z   abstract static class DeclarationModifiersAndTypeAnnotations {
2022-06-22T07:47:06.5023362Z                   ^
2022-06-22T07:47:06.6012938Z 2 warnings
2022-06-22T07:47:08.8013229Z 
2022-06-22T07:47:08.8014211Z > Task :xml-inflater:compileDebugJavaWithJavac
2022-06-22T07:47:08.8014564Z 
2022-06-22T07:47:08.8014854Z > Task :xml-inflater:bundleLibCompileToJarDebug
2022-06-22T07:47:08.8015255Z Note: Some input files use or override a deprecated API.
2022-06-22T07:47:08.8015908Z Note: Recompile with -Xlint:deprecation for details.
2022-06-22T07:47:11.3013696Z > Task :build-tools:google-java-format:processResources NO-SOURCE
2022-06-22T07:47:11.3016693Z > Task :build-tools:google-java-format:classes
2022-06-22T07:47:11.4013141Z > Task :build-tools:google-java-format:jar
2022-06-22T07:47:11.6013295Z > Task :lsp:java:generateDebugBuildConfig
2022-06-22T07:47:11.6013875Z > Task :lsp:java:javaPreCompileDebug
2022-06-22T07:47:12.0016381Z 
2022-06-22T07:47:12.0017587Z > Task :build-tools:xml-formatter:compileJava
2022-06-22T07:47:12.0018426Z 
2022-06-22T07:47:12.0018865Z > Task :build-tools:xml-formatter:processResources NO-SOURCE
2022-06-22T07:47:12.0019602Z > Task :build-tools:xml-formatter:classes
2022-06-22T07:47:12.0020384Z Note: /home/runner/work/AndroidIDE/AndroidIDE/build-tools/xml-formatter/src/main/java/com/android/ide/common/xml/XmlPrettyPrinter.java uses or overrides a deprecated API.
2022-06-22T07:47:12.0021281Z Note: Recompile with -Xlint:deprecation for details.
2022-06-22T07:47:12.1013797Z > Task :build-tools:xml-formatter:jar
2022-06-22T07:47:12.1014434Z > Task :lsp:xml:generateDebugBuildConfig
2022-06-22T07:47:12.1015110Z > Task :lsp:xml:javaPreCompileDebug
2022-06-22T07:47:12.2016983Z > Task :app:javaPreCompileDebug
2022-06-22T07:47:12.2020007Z > Task :app:mergeDebugShaders
2022-06-22T07:47:12.2021007Z > Task :app:compileDebugShaders NO-SOURCE
2022-06-22T07:47:12.2021546Z > Task :app:generateDebugAssets UP-TO-DATE
2022-06-22T07:47:12.2022181Z > Task :emulatorview:mergeDebugShaders
2022-06-22T07:47:12.2022696Z > Task :emulatorview:compileDebugShaders NO-SOURCE
2022-06-22T07:47:12.2023432Z > Task :emulatorview:generateDebugAssets UP-TO-DATE
2022-06-22T07:47:12.2023880Z > Task :emulatorview:packageDebugAssets
2022-06-22T07:47:12.2024504Z > Task :lexers:mergeDebugShaders
2022-06-22T07:47:12.2025005Z > Task :lexers:compileDebugShaders NO-SOURCE
2022-06-22T07:47:12.2025706Z > Task :lexers:generateDebugAssets UP-TO-DATE
2022-06-22T07:47:12.2026126Z > Task :lexers:packageDebugAssets
2022-06-22T07:47:12.2026772Z > Task :sdk-info:mergeDebugShaders
2022-06-22T07:47:12.2027261Z > Task :sdk-info:compileDebugShaders NO-SOURCE
2022-06-22T07:47:12.2027960Z > Task :sdk-info:generateDebugAssets UP-TO-DATE
2022-06-22T07:47:12.2028436Z > Task :sdk-info:packageDebugAssets
2022-06-22T07:47:12.2029039Z > Task :treeview:mergeDebugShaders
2022-06-22T07:47:12.2029520Z > Task :treeview:compileDebugShaders NO-SOURCE
2022-06-22T07:47:12.2030328Z > Task :treeview:generateDebugAssets UP-TO-DATE
2022-06-22T07:47:12.3014728Z > Task :treeview:packageDebugAssets
2022-06-22T07:47:12.3015499Z > Task :xml-inflater:mergeDebugShaders
2022-06-22T07:47:12.3016448Z > Task :xml-inflater:compileDebugShaders NO-SOURCE
2022-06-22T07:47:12.3017010Z > Task :xml-inflater:generateDebugAssets UP-TO-DATE
2022-06-22T07:47:12.3017932Z > Task :xml-inflater:packageDebugAssets
2022-06-22T07:47:12.3018352Z > Task :lsp:api:mergeDebugShaders
2022-06-22T07:47:12.3019048Z > Task :lsp:api:compileDebugShaders NO-SOURCE
2022-06-22T07:47:12.3019561Z > Task :lsp:api:generateDebugAssets UP-TO-DATE
2022-06-22T07:47:12.3020185Z > Task :lsp:api:packageDebugAssets
2022-06-22T07:47:12.3020584Z > Task :lsp:java:mergeDebugShaders
2022-06-22T07:47:12.3021256Z > Task :lsp:java:compileDebugShaders NO-SOURCE
2022-06-22T07:47:12.3021759Z > Task :lsp:java:generateDebugAssets UP-TO-DATE
2022-06-22T07:47:12.3022378Z > Task :lsp:java:packageDebugAssets
2022-06-22T07:47:12.3022772Z > Task :lsp:xml:mergeDebugShaders
2022-06-22T07:47:12.3023449Z > Task :lsp:xml:compileDebugShaders NO-SOURCE
2022-06-22T07:47:12.3023943Z > Task :lsp:xml:generateDebugAssets UP-TO-DATE
2022-06-22T07:47:12.3024554Z > Task :lsp:xml:packageDebugAssets
2022-06-22T07:47:13.0013523Z > Task :lsp:api:compileDebugKotlin
2022-06-22T07:47:13.6012075Z 
2022-06-22T07:47:13.6013105Z > Task :app:mergeDebugAssets
2022-06-22T07:47:13.6014120Z Execution optimizations have been disabled for task ':app:mergeDebugAssets' to ensure correctness due to the following reasons:
2022-06-22T07:47:13.6015890Z   - Gradle detected a problem with the following location: '/home/runner/work/AndroidIDE/AndroidIDE/app/src/main/assets'. Reason: Task ':app:mergeDebugAssets' uses this output of task ':build-tools:tooling-api-impl:copyJarToAssets' without declaring an explicit or implicit dependency. This can lead to incorrect results being produced, depending on what order the tasks are executed. Please refer to https://docs.gradle.org/7.4/userguide/validation_problems.html#implicit_dependency for more details about this problem.
2022-06-22T07:47:13.9013304Z 
2022-06-22T07:47:13.9013684Z > Task :lsp:api:compileDebugJavaWithJavac
2022-06-22T07:47:13.9014033Z > Task :lsp:api:bundleLibCompileToJarDebug
2022-06-22T07:47:19.3013117Z > Task :lsp:xml:compileDebugKotlin
2022-06-22T07:47:20.8013425Z > Task :lsp:xml:compileDebugJavaWithJavac
2022-06-22T07:47:20.8014100Z > Task :lsp:xml:bundleLibCompileToJarDebug
2022-06-22T07:47:27.2012963Z > Task :app:compressDebugAssets
2022-06-22T07:47:27.6016081Z > Task :app:l8DexDesugarLibDebug
2022-06-22T07:47:27.6016966Z > Task :app:processDebugJavaRes NO-SOURCE
2022-06-22T07:47:27.6017644Z > Task :emulatorview:processDebugJavaRes NO-SOURCE
2022-06-22T07:47:27.6018627Z > Task :emulatorview:bundleLibResDebug NO-SOURCE
2022-06-22T07:47:27.6019068Z > Task :lexers:processDebugJavaRes NO-SOURCE
2022-06-22T07:47:27.6019423Z > Task :lexers:bundleLibResDebug NO-SOURCE
2022-06-22T07:47:27.6120978Z > Task :sdk-info:processDebugJavaRes NO-SOURCE
2022-06-22T07:47:27.6123596Z > Task :sdk-info:bundleLibResDebug NO-SOURCE
2022-06-22T07:47:27.6126074Z > Task :treeview:processDebugJavaRes NO-SOURCE
2022-06-22T07:47:27.6128533Z > Task :treeview:bundleLibResDebug NO-SOURCE
2022-06-22T07:47:27.6130993Z > Task :xml-inflater:processDebugJavaRes NO-SOURCE
2022-06-22T07:47:27.6133446Z > Task :xml-inflater:bundleLibResDebug
2022-06-22T07:47:27.6136023Z > Task :lsp:api:processDebugJavaRes NO-SOURCE
2022-06-22T07:47:27.6138451Z > Task :lsp:api:bundleLibResDebug
2022-06-22T07:47:27.6140884Z > Task :lsp:java:processDebugJavaRes NO-SOURCE
2022-06-22T07:47:27.6143325Z > Task :lsp:xml:processDebugJavaRes NO-SOURCE
2022-06-22T07:47:27.6145687Z > Task :lsp:xml:bundleLibResDebug
2022-06-22T07:47:29.3013090Z > Task :app:checkDebugDuplicateClasses
2022-06-22T07:47:33.3012901Z > Task :lsp:java:compileDebugKotlin
2022-06-22T07:47:35.3012102Z 
2022-06-22T07:47:35.3012756Z > Task :lsp:java:compileDebugJavaWithJavac
2022-06-22T07:47:35.3013692Z Note: Some input files use or override a deprecated API.
2022-06-22T07:47:35.3014980Z Note: Recompile with -Xlint:deprecation for details.
2022-06-22T07:47:35.3015343Z Note: Some input files use unchecked or unsafe operations.
2022-06-22T07:47:35.3015860Z Note: Recompile with -Xlint:unchecked for details.
2022-06-22T07:47:35.8013271Z 
2022-06-22T07:47:35.8014006Z > Task :lsp:java:bundleLibCompileToJarDebug
2022-06-22T07:47:36.7013523Z > Task :app:desugarDebugFileDependencies
2022-06-22T07:47:36.7014088Z > Task :lsp:java:bundleLibResDebug
2022-06-22T07:47:49.0012832Z > Task :app:compileDebugKotlin
2022-06-22T07:48:06.7013500Z > Task :app:mergeExtDexDebug
2022-06-22T07:48:49.5013622Z 
2022-06-22T07:48:49.5014321Z > Task :app:compileDebugJavaWithJavac
2022-06-22T07:48:49.5014699Z Note: Some input files use or override a deprecated API.
2022-06-22T07:48:49.5015271Z Note: Recompile with -Xlint:deprecation for details.
2022-06-22T07:48:49.5015940Z Note: Some input files use unchecked or unsafe operations.
2022-06-22T07:48:49.5016410Z Note: Recompile with -Xlint:unchecked for details.
2022-06-22T07:48:53.4013011Z 
2022-06-22T07:48:53.4014029Z > Task :treeview:bundleLibRuntimeToDirDebug
2022-06-22T07:48:53.7013258Z > Task :emulatorview:bundleLibRuntimeToDirDebug
2022-06-22T07:48:54.5013579Z > Task :xml-inflater:bundleLibRuntimeToDirDebug
2022-06-22T07:48:55.1012443Z > Task :app:mergeDebugJavaResource
2022-06-22T07:48:55.1013102Z > Task :lsp:xml:bundleLibRuntimeToDirDebug
2022-06-22T07:48:55.4012860Z > Task :actions:bundleLibRuntimeToDirDebug
2022-06-22T07:48:55.5012934Z > Task :lexers:bundleLibRuntimeToDirDebug
2022-06-22T07:48:55.6013014Z > Task :common:bundleLibRuntimeToDirDebug
2022-06-22T07:48:56.0013043Z > Task :lsp:java:bundleLibRuntimeToDirDebug
2022-06-22T07:48:57.9059255Z > Task :lsp:api:bundleLibRuntimeToDirDebug
2022-06-22T07:48:58.2014153Z > Task :sdk-info:bundleLibRuntimeToDirDebug
2022-06-22T07:49:01.6012880Z > Task :app:dexBuilderDebug
2022-06-22T07:49:02.5018773Z > Task :app:mergeProjectDexDebug
2022-06-22T07:49:02.5019479Z > Task :actions:copyDebugJniLibsProjectOnly
2022-06-22T07:49:02.5019975Z > Task :app:mergeDebugJniLibFolders
2022-06-22T07:49:02.5020638Z > Task :common:copyDebugJniLibsProjectOnly
2022-06-22T07:49:02.5021141Z > Task :app:mergeLibDexDebug
2022-06-22T07:49:02.5021551Z > Task :emulatorview:mergeDebugJniLibFolders
2022-06-22T07:49:02.5022009Z > Task :lexers:mergeDebugJniLibFolders
2022-06-22T07:49:02.5118554Z > Task :lexers:mergeDebugNativeLibs NO-SOURCE
2022-06-22T07:49:02.5118930Z > Task :lexers:copyDebugJniLibsProjectOnly
2022-06-22T07:49:02.5119241Z > Task :emulatorview:mergeDebugNativeLibs
2022-06-22T07:49:02.5119584Z > Task :sdk-info:mergeDebugJniLibFolders
2022-06-22T07:49:02.5119941Z > Task :sdk-info:mergeDebugNativeLibs NO-SOURCE
2022-06-22T07:49:02.5120293Z > Task :sdk-info:copyDebugJniLibsProjectOnly
2022-06-22T07:49:02.5120598Z > Task :emulatorview:copyDebugJniLibsProjectOnly
2022-06-22T07:49:02.5120887Z > Task :treeview:mergeDebugJniLibFolders
2022-06-22T07:49:02.5121232Z > Task :treeview:mergeDebugNativeLibs NO-SOURCE
2022-06-22T07:49:02.5121576Z > Task :xml-inflater:mergeDebugJniLibFolders
2022-06-22T07:49:02.5121932Z > Task :xml-inflater:mergeDebugNativeLibs NO-SOURCE
2022-06-22T07:49:02.5122222Z > Task :treeview:copyDebugJniLibsProjectOnly
2022-06-22T07:49:02.5122579Z > Task :xml-inflater:copyDebugJniLibsProjectOnly
2022-06-22T07:49:02.5122873Z > Task :lsp:api:mergeDebugJniLibFolders
2022-06-22T07:49:02.5123222Z > Task :lsp:api:mergeDebugNativeLibs NO-SOURCE
2022-06-22T07:49:02.5123495Z > Task :lsp:java:mergeDebugJniLibFolders
2022-06-22T07:49:02.5123776Z > Task :lsp:api:copyDebugJniLibsProjectOnly
2022-06-22T07:49:02.5124123Z > Task :lsp:java:mergeDebugNativeLibs NO-SOURCE
2022-06-22T07:49:02.5124410Z > Task :lsp:java:copyDebugJniLibsProjectOnly
2022-06-22T07:49:02.6014159Z > Task :lsp:xml:mergeDebugJniLibFolders
2022-06-22T07:49:02.6015196Z > Task :lsp:xml:mergeDebugNativeLibs NO-SOURCE
2022-06-22T07:49:02.6015884Z > Task :app:validateSigningDebug
2022-06-22T07:49:02.6016592Z > Task :lsp:xml:copyDebugJniLibsProjectOnly
2022-06-22T07:49:02.6016929Z > Task :app:writeDebugAppMetadata
2022-06-22T07:49:02.6017226Z > Task :app:writeDebugSigningConfigVersions
2022-06-22T07:49:02.7013355Z > Task :treeview:preReleaseBuild UP-TO-DATE
2022-06-22T07:49:02.7014138Z > Task :treeview:compileReleaseAidl NO-SOURCE
2022-06-22T07:49:02.7014880Z > Task :app:mergeDebugNativeLibs
2022-06-22T07:49:02.7015496Z > Task :treeview:mergeReleaseJniLibFolders
2022-06-22T07:49:03.5013221Z > Task :app:stripDebugDebugSymbols
2022-06-22T07:49:03.6014084Z > Task :treeview:mergeReleaseNativeLibs NO-SOURCE
2022-06-22T07:49:03.6014546Z > Task :treeview:stripReleaseDebugSymbols NO-SOURCE
2022-06-22T07:49:03.6014928Z > Task :treeview:copyReleaseJniLibsProjectAndLocalJars
2022-06-22T07:49:03.6015344Z > Task :treeview:compileReleaseRenderscript NO-SOURCE
2022-06-22T07:49:03.6015790Z > Task :treeview:generateReleaseBuildConfig
2022-06-22T07:49:03.6016079Z > Task :treeview:generateReleaseResValues
2022-06-22T07:49:03.6016360Z > Task :treeview:generateReleaseResources
2022-06-22T07:49:03.6016648Z > Task :treeview:packageReleaseResources
2022-06-22T07:49:03.6016945Z > Task :treeview:parseReleaseLocalResources
2022-06-22T07:49:03.6017226Z > Task :treeview:processReleaseManifest
2022-06-22T07:49:03.7013290Z > Task :treeview:generateReleaseRFile
2022-06-22T07:49:03.7014059Z > Task :treeview:extractReleaseAnnotations
2022-06-22T07:49:03.7014464Z > Task :treeview:javaPreCompileRelease
2022-06-22T07:49:03.9014994Z 
2022-06-22T07:49:03.9015378Z > Task :treeview:compileReleaseJavaWithJavac
2022-06-22T07:49:03.9015872Z 
2022-06-22T07:49:03.9016229Z > Task :treeview:mergeReleaseGeneratedProguardFiles
2022-06-22T07:49:03.9016578Z > Task :treeview:mergeReleaseConsumerProguardFiles
2022-06-22T07:49:03.9016877Z > Task :treeview:mergeReleaseShaders
2022-06-22T07:49:03.9017404Z > Task :treeview:compileReleaseShaders NO-SOURCE
2022-06-22T07:49:03.9017860Z > Task :treeview:generateReleaseAssets UP-TO-DATE
2022-06-22T07:49:03.9028797Z > Task :treeview:packageReleaseAssets
2022-06-22T07:49:03.9029643Z > Task :treeview:packageReleaseRenderscript NO-SOURCE
2022-06-22T07:49:03.9030144Z > Task :treeview:prepareLintJarForPublish
2022-06-22T07:49:03.9030608Z > Task :treeview:prepareReleaseArtProfile
2022-06-22T07:49:03.9031140Z > Task :treeview:processReleaseJavaRes NO-SOURCE
2022-06-22T07:49:03.9031643Z > Task :treeview:mergeReleaseJavaResource
2022-06-22T07:49:03.9034049Z > Task :treeview:syncReleaseLibJars
2022-06-22T07:49:03.9035043Z > Task :treeview:writeReleaseAarMetadata
2022-06-22T07:49:03.9035497Z > Task :treeview:bundleReleaseLocalLintAar
2022-06-22T07:49:03.9035960Z Note: Some input files use unchecked or unsafe operations.
2022-06-22T07:49:03.9036513Z Note: Recompile with -Xlint:unchecked for details.
2022-06-22T07:49:04.0014397Z > Task :emulatorview:preReleaseBuild UP-TO-DATE
2022-06-22T07:49:04.0015156Z > Task :emulatorview:compileReleaseAidl NO-SOURCE
2022-06-22T07:49:04.0015707Z > Task :emulatorview:mergeReleaseJniLibFolders
2022-06-22T07:49:04.0016103Z > Task :emulatorview:mergeReleaseNativeLibs
2022-06-22T07:49:04.0016490Z > Task :emulatorview:stripReleaseDebugSymbols
2022-06-22T07:49:04.0016906Z > Task :emulatorview:copyReleaseJniLibsProjectAndLocalJars
2022-06-22T07:49:04.0017420Z > Task :emulatorview:compileReleaseRenderscript NO-SOURCE
2022-06-22T07:49:04.0017839Z > Task :emulatorview:generateReleaseBuildConfig
2022-06-22T07:49:04.0018236Z > Task :emulatorview:generateReleaseResValues
2022-06-22T07:49:04.0018602Z > Task :emulatorview:generateReleaseResources
2022-06-22T07:49:04.0018965Z > Task :emulatorview:packageReleaseResources
2022-06-22T07:49:04.0019340Z > Task :emulatorview:parseReleaseLocalResources
2022-06-22T07:49:04.0019710Z > Task :emulatorview:processReleaseManifest
2022-06-22T07:49:04.0020060Z > Task :emulatorview:generateReleaseRFile
2022-06-22T07:49:04.1013137Z > Task :emulatorview:extractReleaseAnnotations
2022-06-22T07:49:04.1013686Z > Task :emulatorview:javaPreCompileRelease
2022-06-22T07:49:04.5014641Z 
2022-06-22T07:49:04.5015173Z > Task :emulatorview:compileReleaseJavaWithJavac
2022-06-22T07:49:04.5015478Z 
2022-06-22T07:49:04.5015919Z > Task :emulatorview:mergeReleaseGeneratedProguardFiles
2022-06-22T07:49:04.5016373Z > Task :emulatorview:mergeReleaseConsumerProguardFiles
2022-06-22T07:49:04.5016762Z > Task :emulatorview:mergeReleaseShaders
2022-06-22T07:49:04.5017408Z > Task :emulatorview:compileReleaseShaders NO-SOURCE
2022-06-22T07:49:04.5018104Z > Task :emulatorview:generateReleaseAssets UP-TO-DATE
2022-06-22T07:49:04.5018499Z > Task :emulatorview:packageReleaseAssets
2022-06-22T07:49:04.5018968Z > Task :emulatorview:packageReleaseRenderscript NO-SOURCE
2022-06-22T07:49:04.5019370Z > Task :emulatorview:prepareLintJarForPublish
2022-06-22T07:49:04.5019747Z > Task :emulatorview:prepareReleaseArtProfile
2022-06-22T07:49:04.5020102Z > Task :emulatorview:extractProguardFiles
2022-06-22T07:49:04.5020494Z > Task :emulatorview:generateReleaseLibraryProguardRules
2022-06-22T07:49:04.5020968Z > Task :emulatorview:processReleaseJavaRes NO-SOURCE
2022-06-22T07:49:04.5021345Z > Task :emulatorview:mergeReleaseJavaResource
2022-06-22T07:49:04.5021859Z Note: /home/runner/work/AndroidIDE/AndroidIDE/emulatorview/src/main/java/com/itsaky/terminal/view/TerminalView.java uses or overrides a deprecated API.
2022-06-22T07:49:04.5022434Z Note: Recompile with -Xlint:deprecation for details.
2022-06-22T07:49:05.8013610Z > Task :emulatorview:minifyReleaseWithR8
2022-06-22T07:49:05.8014275Z > Task :emulatorview:syncReleaseLibJars
2022-06-22T07:49:05.8014853Z > Task :emulatorview:writeReleaseAarMetadata
2022-06-22T07:49:05.8015813Z > Task :emulatorview:bundleReleaseLocalLintAar
2022-06-22T07:49:05.8016447Z > Task :sdk-info:preReleaseBuild UP-TO-DATE
2022-06-22T07:49:05.8016812Z > Task :sdk-info:compileReleaseAidl NO-SOURCE
2022-06-22T07:49:05.8017172Z > Task :xml-inflater:preReleaseBuild UP-TO-DATE
2022-06-22T07:49:05.8017531Z > Task :xml-inflater:compileReleaseAidl NO-SOURCE
2022-06-22T07:49:05.9014075Z > Task :xml-inflater:mergeReleaseJniLibFolders
2022-06-22T07:49:05.9014526Z > Task :xml-inflater:mergeReleaseNativeLibs NO-SOURCE
2022-06-22T07:49:05.9014948Z > Task :xml-inflater:stripReleaseDebugSymbols NO-SOURCE
2022-06-22T07:49:05.9015389Z > Task :xml-inflater:copyReleaseJniLibsProjectAndLocalJars
2022-06-22T07:49:05.9015912Z > Task :sdk-info:compileReleaseRenderscript NO-SOURCE
2022-06-22T07:49:05.9016301Z > Task :sdk-info:generateReleaseBuildConfig
2022-06-22T07:49:05.9016651Z > Task :sdk-info:generateReleaseResValues
2022-06-22T07:49:05.9016985Z > Task :sdk-info:generateReleaseResources
2022-06-22T07:49:06.1013456Z > Task :sdk-info:packageReleaseResources
2022-06-22T07:49:06.1013861Z > Task :sdk-info:parseReleaseLocalResources
2022-06-22T07:49:06.1014196Z > Task :sdk-info:processReleaseManifest
2022-06-22T07:49:06.2013322Z > Task :sdk-info:generateReleaseRFile
2022-06-22T07:49:06.2014046Z > Task :sdk-info:javaPreCompileRelease
2022-06-22T07:49:06.8013092Z > Task :sdk-info:compileReleaseJavaWithJavac
2022-06-22T07:49:06.8013836Z > Task :sdk-info:bundleLibCompileToJarRelease
2022-06-22T07:49:07.1013211Z > Task :app:packageDebug
2022-06-22T07:49:07.1013787Z > Task :app:createDebugApkListingFileRedirect
2022-06-22T07:49:07.1014326Z > Task :app:assembleDebug
2022-06-22T07:49:07.1015295Z > Task :sdk-info:packageReleaseRenderscript NO-SOURCE
2022-06-22T07:49:07.1015908Z > Task :xml-inflater:compileReleaseRenderscript NO-SOURCE
2022-06-22T07:49:07.1016329Z > Task :xml-inflater:generateReleaseBuildConfig
2022-06-22T07:49:07.1016701Z > Task :xml-inflater:generateReleaseResValues
2022-06-22T07:49:07.1017050Z > Task :xml-inflater:generateReleaseResources
2022-06-22T07:49:07.2014641Z > Task :xml-inflater:packageReleaseResources
2022-06-22T07:49:07.2015393Z > Task :xml-inflater:parseReleaseLocalResources
2022-06-22T07:49:07.2017464Z > Task :xml-inflater:javaPreCompileRelease
2022-06-22T07:49:07.2017809Z > Task :xml-inflater:mergeReleaseShaders
2022-06-22T07:49:07.2018184Z > Task :xml-inflater:compileReleaseShaders NO-SOURCE
2022-06-22T07:49:07.2018589Z > Task :xml-inflater:generateReleaseAssets UP-TO-DATE
2022-06-22T07:49:07.2018955Z > Task :xml-inflater:packageReleaseAssets
2022-06-22T07:49:07.2019300Z > Task :xml-inflater:processReleaseManifest
2022-06-22T07:49:07.2019700Z > Task :xml-inflater:packageReleaseRenderscript NO-SOURCE
2022-06-22T07:49:07.2020087Z > Task :xml-inflater:prepareLintJarForPublish
2022-06-22T07:49:07.2020464Z > Task :xml-inflater:prepareReleaseArtProfile
2022-06-22T07:49:07.2021038Z > Task :sdk-info:mergeReleaseGeneratedProguardFiles
2022-06-22T07:49:07.2021438Z > Task :sdk-info:exportReleaseConsumerProguardFiles
2022-06-22T07:49:07.2021833Z > Task :sdk-info:processReleaseJavaRes NO-SOURCE
2022-06-22T07:49:07.2022200Z > Task :sdk-info:bundleLibResRelease NO-SOURCE
2022-06-22T07:49:07.2022550Z > Task :sdk-info:bundleLibRuntimeToJarRelease
2022-06-22T07:49:07.2022893Z > Task :xml-inflater:extractProguardFiles
2022-06-22T07:49:07.3015050Z > Task :xml-inflater:generateReleaseLibraryProguardRules
2022-06-22T07:49:07.3015909Z > Task :xml-inflater:processReleaseJavaRes NO-SOURCE
2022-06-22T07:49:07.3016547Z > Task :xml-inflater:writeReleaseAarMetadata
2022-06-22T07:49:07.3017165Z > Task :lexers:preReleaseBuild UP-TO-DATE
2022-06-22T07:49:07.3018106Z > Task :lexers:compileReleaseAidl NO-SOURCE
2022-06-22T07:49:07.3018504Z > Task :lsp:api:preReleaseBuild UP-TO-DATE
2022-06-22T07:49:07.3019130Z > Task :lsp:api:compileReleaseAidl NO-SOURCE
2022-06-22T07:49:07.3019493Z > Task :lsp:xml:preReleaseBuild UP-TO-DATE
2022-06-22T07:49:07.3019834Z > Task :lsp:xml:compileReleaseAidl NO-SOURCE
2022-06-22T07:49:07.3020120Z > Task :lsp:xml:mergeReleaseJniLibFolders
2022-06-22T07:49:07.3020499Z > Task :lsp:xml:mergeReleaseNativeLibs NO-SOURCE
2022-06-22T07:49:07.3020876Z > Task :lsp:xml:stripReleaseDebugSymbols NO-SOURCE
2022-06-22T07:49:07.3021226Z > Task :lsp:xml:copyReleaseJniLibsProjectAndLocalJars
2022-06-22T07:49:07.3021639Z > Task :lexers:compileReleaseRenderscript NO-SOURCE
2022-06-22T07:49:07.3021950Z > Task :lexers:generateReleaseBuildConfig
2022-06-22T07:49:07.3022228Z > Task :lexers:generateReleaseResValues
2022-06-22T07:49:07.3022490Z > Task :lexers:generateReleaseResources
2022-06-22T07:49:07.3022824Z > Task :xml-inflater:generateReleaseRFile
2022-06-22T07:49:07.3023101Z > Task :lexers:packageReleaseResources
2022-06-22T07:49:07.4016175Z > Task :lexers:parseReleaseLocalResources
2022-06-22T07:49:07.4016676Z > Task :lexers:processReleaseManifest
2022-06-22T07:49:07.4017047Z > Task :lexers:generateReleaseRFile
2022-06-22T07:49:07.4017648Z > Task :lexers:compileReleaseKotlin NO-SOURCE
2022-06-22T07:49:07.4018019Z > Task :lexers:javaPreCompileRelease
2022-06-22T07:49:08.2013203Z > Task :xml-inflater:compileReleaseKotlin
2022-06-22T07:49:09.5013032Z > Task :lexers:compileReleaseJavaWithJavac
2022-06-22T07:49:09.5013780Z > Task :xml-inflater:extractReleaseAnnotations
2022-06-22T07:49:09.9013497Z 
2022-06-22T07:49:09.9014467Z > Task :xml-inflater:compileReleaseJavaWithJavac
2022-06-22T07:49:09.9014706Z 
2022-06-22T07:49:09.9014959Z > Task :xml-inflater:mergeReleaseGeneratedProguardFiles
2022-06-22T07:49:09.9015392Z > Task :xml-inflater:mergeReleaseConsumerProguardFiles
2022-06-22T07:49:09.9016024Z > Task :xml-inflater:mergeReleaseJavaResource
2022-06-22T07:49:09.9016353Z Note: Some input files use or override a deprecated API.
2022-06-22T07:49:09.9016738Z Note: Recompile with -Xlint:deprecation for details.
2022-06-22T07:49:10.0012866Z > Task :lexers:bundleLibCompileToJarRelease
2022-06-22T07:49:13.2014987Z > Task :xml-inflater:minifyReleaseWithR8
2022-06-22T07:49:13.2015970Z > Task :xml-inflater:syncReleaseLibJars
2022-06-22T07:49:13.2016506Z > Task :xml-inflater:bundleReleaseLocalLintAar
2022-06-22T07:49:13.2017108Z > Task :xml-inflater:bundleLibCompileToJarRelease
2022-06-22T07:49:13.2018170Z > Task :lsp:api:compileReleaseRenderscript NO-SOURCE
2022-06-22T07:49:13.2018535Z > Task :lsp:api:generateReleaseBuildConfig
2022-06-22T07:49:13.2018815Z > Task :lsp:api:generateReleaseResValues
2022-06-22T07:49:13.2019090Z > Task :lsp:api:generateReleaseResources
2022-06-22T07:49:13.2019367Z > Task :lsp:api:packageReleaseResources
2022-06-22T07:49:13.2019655Z > Task :lsp:api:parseReleaseLocalResources
2022-06-22T07:49:13.2019928Z > Task :lsp:api:javaPreCompileRelease
2022-06-22T07:49:13.2020301Z > Task :lexers:packageReleaseRenderscript NO-SOURCE
2022-06-22T07:49:13.2020694Z > Task :lsp:api:packageReleaseRenderscript NO-SOURCE
2022-06-22T07:49:13.2021088Z > Task :lsp:xml:compileReleaseRenderscript NO-SOURCE
2022-06-22T07:49:13.2021611Z > Task :lsp:api:processReleaseManifest
2022-06-22T07:49:13.2021887Z > Task :lsp:xml:generateReleaseBuildConfig
2022-06-22T07:49:13.2022168Z > Task :lsp:xml:generateReleaseResValues
2022-06-22T07:49:13.2022439Z > Task :lsp:xml:generateReleaseResources
2022-06-22T07:49:13.2022709Z > Task :lsp:xml:packageReleaseResources
2022-06-22T07:49:13.3014589Z > Task :lsp:xml:parseReleaseLocalResources
2022-06-22T07:49:13.3014935Z > Task :lsp:xml:processReleaseManifest
2022-06-22T07:49:13.3016428Z > Task :lsp:xml:javaPreCompileRelease
2022-06-22T07:49:13.3016898Z > Task :lsp:xml:mergeReleaseShaders
2022-06-22T07:49:13.3017596Z > Task :lsp:xml:compileReleaseShaders NO-SOURCE
2022-06-22T07:49:13.3018065Z > Task :lsp:xml:generateReleaseAssets UP-TO-DATE
2022-06-22T07:49:13.3018445Z > Task :lsp:xml:packageReleaseAssets
2022-06-22T07:49:13.3018909Z > Task :lsp:xml:packageReleaseRenderscript NO-SOURCE
2022-06-22T07:49:13.3019515Z > Task :lsp:xml:prepareLintJarForPublish
2022-06-22T07:49:13.3019910Z > Task :lsp:xml:prepareReleaseArtProfile
2022-06-22T07:49:13.3020353Z > Task :lsp:xml:processReleaseJavaRes NO-SOURCE
2022-06-22T07:49:13.3020727Z > Task :lsp:xml:writeReleaseAarMetadata
2022-06-22T07:49:13.3021084Z > Task :lexers:mergeReleaseJniLibFolders
2022-06-22T07:49:13.3021509Z > Task :lexers:mergeReleaseNativeLibs NO-SOURCE
2022-06-22T07:49:13.3022012Z > Task :lexers:stripReleaseDebugSymbols NO-SOURCE
2022-06-22T07:49:13.3022432Z > Task :lexers:copyReleaseJniLibsProjectAndLocalJars
2022-06-22T07:49:13.3022811Z > Task :lsp:api:generateReleaseRFile
2022-06-22T07:49:13.4013077Z > Task :lexers:extractReleaseAnnotations
2022-06-22T07:49:13.5013123Z > Task :lsp:xml:generateReleaseRFile
2022-06-22T07:49:13.6014124Z > Task :lexers:mergeReleaseGeneratedProguardFiles
2022-06-22T07:49:13.6014514Z > Task :lexers:mergeReleaseConsumerProguardFiles
2022-06-22T07:49:13.6014814Z > Task :lexers:mergeReleaseShaders
2022-06-22T07:49:13.6016164Z > Task :lexers:compileReleaseShaders NO-SOURCE
2022-06-22T07:49:13.6016549Z > Task :lexers:generateReleaseAssets UP-TO-DATE
2022-06-22T07:49:13.6016833Z > Task :lexers:packageReleaseAssets
2022-06-22T07:49:13.6017110Z > Task :lexers:prepareLintJarForPublish
2022-06-22T07:49:13.6017385Z > Task :lexers:prepareReleaseArtProfile
2022-06-22T07:49:13.6017649Z > Task :lexers:extractProguardFiles
2022-06-22T07:49:13.6017939Z > Task :lexers:generateReleaseLibraryProguardRules
2022-06-22T07:49:13.6018309Z > Task :lexers:processReleaseJavaRes NO-SOURCE
2022-06-22T07:49:13.6018598Z > Task :lexers:mergeReleaseJavaResource
2022-06-22T07:49:16.1013706Z > Task :lexers:minifyReleaseWithR8
2022-06-22T07:49:16.1014062Z > Task :lexers:syncReleaseLibJars
2022-06-22T07:49:16.1014377Z > Task :lexers:writeReleaseAarMetadata
2022-06-22T07:49:16.1014660Z > Task :lexers:bundleReleaseLocalLintAar
2022-06-22T07:49:16.1014942Z > Task :actions:bundleReleaseLocalLintAar
2022-06-22T07:49:16.2014414Z > Task :common:mergeReleaseJniLibFolders
2022-06-22T07:49:16.2015223Z > Task :common:mergeReleaseNativeLibs NO-SOURCE
2022-06-22T07:49:16.2015949Z > Task :common:stripReleaseDebugSymbols NO-SOURCE
2022-06-22T07:49:16.2016295Z > Task :common:copyReleaseJniLibsProjectAndLocalJars
2022-06-22T07:49:16.2016613Z > Task :common:extractReleaseAnnotations
2022-06-22T07:49:16.2016918Z > Task :common:mergeReleaseConsumerProguardFiles
2022-06-22T07:49:16.2017211Z > Task :common:mergeReleaseShaders
2022-06-22T07:49:16.2017555Z > Task :common:compileReleaseShaders NO-SOURCE
2022-06-22T07:49:16.2017917Z > Task :common:generateReleaseAssets UP-TO-DATE
2022-06-22T07:49:16.2018198Z > Task :common:packageReleaseAssets
2022-06-22T07:49:16.2018469Z > Task :common:prepareReleaseArtProfile
2022-06-22T07:49:16.2018734Z > Task :common:extractProguardFiles
2022-06-22T07:49:16.2019031Z > Task :common:generateReleaseLibraryProguardRules
2022-06-22T07:49:16.2019325Z > Task :common:mergeReleaseJavaResource
2022-06-22T07:49:16.5013015Z > Task :lsp:api:compileReleaseKotlin
2022-06-22T07:49:18.7014286Z > Task :common:minifyReleaseWithR8
2022-06-22T07:49:18.9013252Z > Task :lsp:api:compileReleaseJavaWithJavac
2022-06-22T07:49:18.9013622Z > Task :lsp:api:bundleLibCompileToJarRelease
2022-06-22T07:49:18.9014072Z > Task :common:syncReleaseLibJars
2022-06-22T07:49:18.9014425Z > Task :common:writeReleaseAarMetadata
2022-06-22T07:49:19.0014169Z > Task :common:bundleReleaseLocalLintAar
2022-06-22T07:49:19.0014877Z > Task :lsp:java:preReleaseBuild UP-TO-DATE
2022-06-22T07:49:19.0015407Z > Task :lsp:java:compileReleaseAidl NO-SOURCE
2022-06-22T07:49:19.0018650Z > Task :lsp:java:mergeReleaseJniLibFolders
2022-06-22T07:49:19.0019043Z > Task :lsp:java:mergeReleaseNativeLibs NO-SOURCE
2022-06-22T07:49:19.0019434Z > Task :lsp:java:stripReleaseDebugSymbols NO-SOURCE
2022-06-22T07:49:19.0019792Z > Task :lsp:java:copyReleaseJniLibsProjectAndLocalJars
2022-06-22T07:49:19.0020213Z > Task :lsp:java:compileReleaseRenderscript NO-SOURCE
2022-06-22T07:49:19.0020534Z > Task :lsp:java:generateReleaseBuildConfig
2022-06-22T07:49:19.0021055Z > Task :lsp:java:generateReleaseResValues
2022-06-22T07:49:19.0021359Z > Task :lsp:java:generateReleaseResources
2022-06-22T07:49:19.1013354Z > Task :lsp:java:packageReleaseResources
2022-06-22T07:49:19.1013731Z > Task :lsp:java:parseReleaseLocalResources
2022-06-22T07:49:19.1015312Z > Task :lsp:java:processReleaseManifest
2022-06-22T07:49:19.3016700Z > Task :lsp:java:generateReleaseRFile
2022-06-22T07:49:20.4012865Z > Task :lsp:xml:compileReleaseKotlin
2022-06-22T07:49:20.7012904Z > Task :lsp:xml:extractReleaseAnnotations
2022-06-22T07:49:21.1014442Z > Task :lsp:xml:compileReleaseJavaWithJavac
2022-06-22T07:49:21.1015147Z > Task :lsp:xml:mergeReleaseGeneratedProguardFiles
2022-06-22T07:49:21.1015912Z > Task :lsp:xml:mergeReleaseConsumerProguardFiles
2022-06-22T07:49:21.1016719Z > Task :lsp:xml:mergeReleaseJavaResource
2022-06-22T07:49:21.1017048Z > Task :lsp:xml:syncReleaseLibJars
2022-06-22T07:49:21.1017341Z > Task :lsp:xml:bundleReleaseLocalLintAar
2022-06-22T07:49:21.1017648Z > Task :lsp:java:javaPreCompileRelease
2022-06-22T07:49:21.1017936Z > Task :lsp:java:mergeReleaseShaders
2022-06-22T07:49:21.1018493Z > Task :lsp:java:compileReleaseShaders NO-SOURCE
2022-06-22T07:49:21.1018894Z > Task :lsp:java:generateReleaseAssets UP-TO-DATE
2022-06-22T07:49:21.1019196Z > Task :lsp:java:packageReleaseAssets
2022-06-22T07:49:21.1019579Z > Task :lsp:java:packageReleaseRenderscript NO-SOURCE
2022-06-22T07:49:21.1019898Z > Task :lsp:java:prepareLintJarForPublish
2022-06-22T07:49:21.1020198Z > Task :lsp:java:prepareReleaseArtProfile
2022-06-22T07:49:21.1020567Z > Task :lsp:java:processReleaseJavaRes NO-SOURCE
2022-06-22T07:49:21.1020868Z > Task :lsp:java:writeReleaseAarMetadata
2022-06-22T07:49:21.1021161Z > Task :lsp:api:mergeReleaseJniLibFolders
2022-06-22T07:49:21.2014690Z > Task :lsp:api:mergeReleaseNativeLibs NO-SOURCE
2022-06-22T07:49:21.2015768Z > Task :lsp:api:stripReleaseDebugSymbols NO-SOURCE
2022-06-22T07:49:21.2016591Z > Task :lsp:api:copyReleaseJniLibsProjectAndLocalJars
2022-06-22T07:49:21.2016996Z > Task :lsp:api:extractReleaseAnnotations
2022-06-22T07:49:21.2017346Z > Task :lsp:api:mergeReleaseGeneratedProguardFiles
2022-06-22T07:49:21.2017716Z > Task :lsp:api:mergeReleaseConsumerProguardFiles
2022-06-22T07:49:21.2018029Z > Task :lsp:api:mergeReleaseShaders
2022-06-22T07:49:21.2018534Z > Task :lsp:api:compileReleaseShaders NO-SOURCE
2022-06-22T07:49:21.2018924Z > Task :lsp:api:generateReleaseAssets UP-TO-DATE
2022-06-22T07:49:21.2019221Z > Task :lsp:api:packageReleaseAssets
2022-06-22T07:49:21.2019513Z > Task :lsp:api:prepareLintJarForPublish
2022-06-22T07:49:21.2019810Z > Task :lsp:api:prepareReleaseArtProfile
2022-06-22T07:49:21.2020180Z > Task :lsp:api:processReleaseJavaRes NO-SOURCE
2022-06-22T07:49:21.2020479Z > Task :lsp:api:mergeReleaseJavaResource
2022-06-22T07:49:21.3013308Z > Task :lsp:api:syncReleaseLibJars
2022-06-22T07:49:21.3014180Z > Task :lsp:api:writeReleaseAarMetadata
2022-06-22T07:49:21.3014533Z > Task :lsp:api:bundleReleaseLocalLintAar
2022-06-22T07:49:21.3015118Z > Task :sdk-info:mergeReleaseJniLibFolders
2022-06-22T07:49:21.3015879Z > Task :sdk-info:mergeReleaseNativeLibs NO-SOURCE
2022-06-22T07:49:21.3016318Z > Task :sdk-info:stripReleaseDebugSymbols NO-SOURCE
2022-06-22T07:49:21.3016771Z > Task :sdk-info:copyReleaseJniLibsProjectAndLocalJars
2022-06-22T07:49:21.3017170Z > Task :sdk-info:extractReleaseAnnotations
2022-06-22T07:49:21.3017574Z > Task :sdk-info:mergeReleaseConsumerProguardFiles
2022-06-22T07:49:21.3017994Z > Task :sdk-info:mergeReleaseShaders
2022-06-22T07:49:21.3018373Z > Task :sdk-info:compileReleaseShaders NO-SOURCE
2022-06-22T07:49:21.3018775Z > Task :sdk-info:generateReleaseAssets UP-TO-DATE
2022-06-22T07:49:21.3019148Z > Task :sdk-info:packageReleaseAssets
2022-06-22T07:49:21.4013597Z > Task :sdk-info:prepareLintJarForPublish
2022-06-22T07:49:21.4014364Z > Task :sdk-info:prepareReleaseArtProfile
2022-06-22T07:49:21.4014813Z > Task :sdk-info:extractProguardFiles
2022-06-22T07:49:21.4015288Z > Task :sdk-info:generateReleaseLibraryProguardRules
2022-06-22T07:49:21.4016115Z > Task :sdk-info:mergeReleaseJavaResource
2022-06-22T07:49:24.8013652Z > Task :sdk-info:minifyReleaseWithR8
2022-06-22T07:49:24.8014202Z > Task :sdk-info:syncReleaseLibJars
2022-06-22T07:49:24.8014625Z > Task :sdk-info:writeReleaseAarMetadata
2022-06-22T07:49:24.9013726Z > Task :sdk-info:bundleReleaseLocalLintAar
2022-06-22T07:49:24.9014541Z > Task :actions:createFullJarRelease
2022-06-22T07:49:24.9015331Z > Task :actions:writeReleaseLintModelMetadata
2022-06-22T07:49:24.9015823Z > Task :app:buildKotlinToolingMetadata
2022-06-22T07:49:24.9016325Z > Task :app:preReleaseBuild UP-TO-DATE
2022-06-22T07:49:24.9016675Z > Task :app:compileReleaseAidl NO-SOURCE
2022-06-22T07:49:24.9017046Z > Task :app:compileReleaseRenderscript NO-SOURCE
2022-06-22T07:49:25.0013425Z > Task :app:dataBindingMergeDependencyArtifactsRelease
2022-06-22T07:49:25.0014200Z > Task :app:dataBindingMergeGenClassesRelease
2022-06-22T07:49:25.0014912Z > Task :app:generateReleaseResValues
2022-06-22T07:49:25.0015263Z > Task :app:generateReleaseResources
2022-06-22T07:49:30.1012615Z > Task :app:mergeReleaseResources
2022-06-22T07:49:30.2013728Z > Task :app:dataBindingGenBaseClassesRelease
2022-06-22T07:49:30.2014103Z > Task :app:generateReleaseBuildConfig
2022-06-22T07:49:30.2014404Z > Task :app:checkReleaseAarMetadata
2022-06-22T07:49:30.2014706Z > Task :app:mapReleaseSourceSetPaths
2022-06-22T07:49:30.2015013Z > Task :app:createReleaseCompatibleScreenManifests
2022-06-22T07:49:30.2015337Z > Task :actions:extractDeepLinksRelease
2022-06-22T07:49:30.2015736Z > Task :app:extractDeepLinksRelease
2022-06-22T07:49:30.2016018Z > Task :common:extractDeepLinksRelease
2022-06-22T07:49:30.2016311Z > Task :emulatorview:extractDeepLinksRelease
2022-06-22T07:49:30.2016604Z > Task :lexers:extractDeepLinksRelease
2022-06-22T07:49:30.2017132Z > Task :sdk-info:extractDeepLinksRelease
2022-06-22T07:49:30.2017422Z > Task :treeview:extractDeepLinksRelease
2022-06-22T07:49:30.3019388Z > Task :xml-inflater:extractDeepLinksRelease
2022-06-22T07:49:30.3020062Z > Task :lsp:api:extractDeepLinksRelease
2022-06-22T07:49:30.3020837Z > Task :lsp:java:extractDeepLinksRelease
2022-06-22T07:49:30.3021175Z > Task :lsp:xml:extractDeepLinksRelease
2022-06-22T07:49:30.4013316Z > Task :app:processReleaseMainManifest
2022-06-22T07:49:30.4013982Z > Task :app:processReleaseManifest
2022-06-22T07:49:30.4014512Z > Task :app:processReleaseManifestForPackage
2022-06-22T07:49:32.4013322Z > Task :app:processReleaseResources
2022-06-22T07:49:32.4014009Z > Task :emulatorview:bundleLibCompileToJarRelease
2022-06-22T07:49:32.4014878Z > Task :treeview:bundleLibCompileToJarRelease
2022-06-22T07:49:32.4015369Z > Task :lsp:xml:bundleLibCompileToJarRelease
2022-06-22T07:49:32.4016252Z > Task :app:javaPreCompileRelease
2022-06-22T07:49:32.4016673Z > Task :app:extractProguardFiles
2022-06-22T07:49:32.4017288Z > Task :common:createFullJarRelease
2022-06-22T07:49:32.4017733Z > Task :common:writeReleaseLintModelMetadata
2022-06-22T07:49:32.4018665Z > Task :emulatorview:bundleLibResRelease NO-SOURCE
2022-06-22T07:49:32.5013671Z > Task :emulatorview:bundleLibRuntimeToJarRelease
2022-06-22T07:49:32.5014479Z > Task :emulatorview:createFullJarRelease
2022-06-22T07:49:32.5015214Z > Task :emulatorview:writeReleaseLintModelMetadata
2022-06-22T07:49:32.5016080Z > Task :lexers:bundleLibResRelease NO-SOURCE
2022-06-22T07:49:32.5016775Z > Task :lexers:bundleLibRuntimeToJarRelease
2022-06-22T07:49:32.6014056Z > Task :lexers:createFullJarRelease
2022-06-22T07:49:32.6014691Z > Task :lexers:writeReleaseLintModelMetadata
2022-06-22T07:49:32.6015793Z > Task :sdk-info:createFullJarRelease
2022-06-22T07:49:32.6016352Z > Task :sdk-info:writeReleaseLintModelMetadata
2022-06-22T07:49:32.6017093Z > Task :treeview:bundleLibResRelease NO-SOURCE
2022-06-22T07:49:32.6017563Z > Task :treeview:bundleLibRuntimeToJarRelease
2022-06-22T07:49:32.6018201Z > Task :treeview:createFullJarRelease
2022-06-22T07:49:32.6018643Z > Task :treeview:writeReleaseLintModelMetadata
2022-06-22T07:49:32.6019341Z > Task :xml-inflater:bundleLibResRelease
2022-06-22T07:49:32.6020078Z > Task :xml-inflater:bundleLibRuntimeToJarRelease
2022-06-22T07:49:32.6020843Z > Task :xml-inflater:createFullJarRelease
2022-06-22T07:49:32.7015495Z > Task :xml-inflater:writeReleaseLintModelMetadata
2022-06-22T07:49:32.7016313Z > Task :lsp:api:bundleLibResRelease
2022-06-22T07:49:32.7017008Z > Task :lsp:api:bundleLibRuntimeToJarRelease
2022-06-22T07:49:32.7017470Z > Task :lsp:api:createFullJarRelease
2022-06-22T07:49:32.7018135Z > Task :lsp:api:writeReleaseLintModelMetadata
2022-06-22T07:49:32.7018606Z > Task :lsp:java:writeReleaseLintModelMetadata
2022-06-22T07:49:32.7019237Z > Task :lsp:xml:bundleLibResRelease
2022-06-22T07:49:32.7019678Z > Task :lsp:xml:bundleLibRuntimeToJarRelease
2022-06-22T07:49:32.7020308Z > Task :lsp:xml:createFullJarRelease
2022-06-22T07:49:32.7020747Z > Task :lsp:xml:writeReleaseLintModelMetadata
2022-06-22T07:49:32.7021398Z > Task :actions:copyReleaseJniLibsProjectOnly
2022-06-22T07:49:32.7021834Z > Task :app:mergeReleaseJniLibFolders
2022-06-22T07:49:32.7022497Z > Task :common:copyReleaseJniLibsProjectOnly
2022-06-22T07:49:32.7022975Z > Task :emulatorview:copyReleaseJniLibsProjectOnly
2022-06-22T07:49:32.7023666Z > Task :lexers:copyReleaseJniLibsProjectOnly
2022-06-22T07:49:32.7024201Z > Task :sdk-info:copyReleaseJniLibsProjectOnly
2022-06-22T07:49:32.7024867Z > Task :treeview:copyReleaseJniLibsProjectOnly
2022-06-22T07:49:32.7025399Z > Task :xml-inflater:copyReleaseJniLibsProjectOnly
2022-06-22T07:49:32.7026069Z > Task :lsp:api:copyReleaseJniLibsProjectOnly
2022-06-22T07:49:32.7026535Z > Task :lsp:java:copyReleaseJniLibsProjectOnly
2022-06-22T07:49:32.7027187Z > Task :lsp:xml:copyReleaseJniLibsProjectOnly
2022-06-22T07:49:32.7027629Z > Task :app:mergeReleaseNativeLibs
2022-06-22T07:49:32.8015813Z > Task :app:stripReleaseDebugSymbols
2022-06-22T07:49:33.0020769Z > Task :app:extractReleaseNativeSymbolTables
2022-06-22T07:49:33.1013032Z > Task :app:mergeReleaseNativeDebugMetadata NO-SOURCE
2022-06-22T07:49:33.1013454Z > Task :treeview:exportReleaseConsumerProguardFiles
2022-06-22T07:49:33.1013855Z > Task :emulatorview:exportReleaseConsumerProguardFiles
2022-06-22T07:49:33.1014174Z > Task :lsp:java:compileReleaseKotlin
2022-06-22T07:49:33.1014935Z > Task :lsp:java:extractReleaseAnnotations
2022-06-22T07:49:34.1014646Z 
2022-06-22T07:49:34.1015034Z > Task :lsp:java:compileReleaseJavaWithJavac
2022-06-22T07:49:34.1015279Z 
2022-06-22T07:49:34.1015453Z > Task :lsp:java:mergeReleaseGeneratedProguardFiles
2022-06-22T07:49:34.1016125Z > Task :lsp:java:mergeReleaseConsumerProguardFiles
2022-06-22T07:49:34.1016446Z > Task :lsp:java:mergeReleaseJavaResource
2022-06-22T07:49:34.1016764Z Note: Some input files use or override a deprecated API.
2022-06-22T07:49:34.1017331Z Note: Recompile with -Xlint:deprecation for details.
2022-06-22T07:49:34.1017664Z Note: Some input files use unchecked or unsafe operations.
2022-06-22T07:49:34.1018051Z Note: Recompile with -Xlint:unchecked for details.
2022-06-22T07:49:34.2011988Z > Task :lsp:java:bundleLibCompileToJarRelease
2022-06-22T07:49:34.2012660Z > Task :lsp:java:syncReleaseLibJars
2022-06-22T07:49:34.2013486Z > Task :lsp:java:bundleReleaseLocalLintAar
2022-06-22T07:49:34.3012063Z > Task :lsp:java:bundleLibResRelease
2022-06-22T07:49:34.4014127Z > Task :lsp:java:bundleLibRuntimeToJarRelease
2022-06-22T07:49:34.4015962Z > Task :lsp:java:createFullJarRelease
2022-06-22T07:49:34.4016563Z > Task :xml-inflater:exportReleaseConsumerProguardFiles
2022-06-22T07:49:34.4016941Z > Task :lsp:xml:exportReleaseConsumerProguardFiles
2022-06-22T07:49:34.4017585Z > Task :lexers:exportReleaseConsumerProguardFiles
2022-06-22T07:49:34.4017924Z > Task :actions:exportReleaseConsumerProguardFiles
2022-06-22T07:49:34.4018276Z > Task :lsp:java:exportReleaseConsumerProguardFiles
2022-06-22T07:49:34.4018618Z > Task :lsp:api:exportReleaseConsumerProguardFiles
2022-06-22T07:49:34.4018948Z > Task :app:checkReleaseDuplicateClasses
2022-06-22T07:49:34.4019339Z > Task :app:processReleaseJavaRes NO-SOURCE
2022-06-22T07:49:34.5013811Z > Task :app:mergeReleaseArtProfile
2022-06-22T07:49:34.5014358Z > Task :app:mergeReleaseShaders
2022-06-22T07:49:34.5014916Z > Task :app:compileReleaseShaders NO-SOURCE
2022-06-22T07:49:34.5015823Z > Task :app:generateReleaseAssets UP-TO-DATE
2022-06-22T07:49:35.4013129Z 
2022-06-22T07:49:35.4013756Z > Task :app:mergeReleaseAssets
2022-06-22T07:49:35.4014705Z Execution optimizations have been disabled for task ':app:mergeReleaseAssets' to ensure correctness due to the following reasons:
2022-06-22T07:49:35.4016574Z   - Gradle detected a problem with the following location: '/home/runner/work/AndroidIDE/AndroidIDE/app/src/main/assets'. Reason: Task ':app:mergeReleaseAssets' uses this output of task ':build-tools:tooling-api-impl:copyJarToAssets' without declaring an explicit or implicit dependency. This can lead to incorrect results being produced, depending on what order the tasks are executed. Please refer to https://docs.gradle.org/7.4/userguide/validation_problems.html#implicit_dependency for more details about this problem.
2022-06-22T07:49:42.6013532Z 
2022-06-22T07:49:42.6013905Z > Task :app:compressReleaseAssets
2022-06-22T07:49:42.6014302Z > Task :app:processApplicationManifestReleaseForBundle
2022-06-22T07:49:42.8012629Z > Task :app:compileReleaseKotlin
2022-06-22T07:49:44.5012651Z > Task :app:bundleReleaseResources
2022-06-22T07:49:45.2013257Z 
2022-06-22T07:49:45.2013880Z > Task :app:compileReleaseJavaWithJavac
2022-06-22T07:49:45.2014505Z Note: Some input files use or override a deprecated API.
2022-06-22T07:49:45.2015249Z Note: Recompile with -Xlint:deprecation for details.
2022-06-22T07:49:45.2016047Z Note: Some input files use unchecked or unsafe operations.
2022-06-22T07:49:45.2017014Z Note: Recompile with -Xlint:unchecked for details.
2022-06-22T07:49:47.2012265Z 
2022-06-22T07:49:47.2012934Z > Task :app:mergeReleaseGeneratedProguardFiles
2022-06-22T07:49:47.3012968Z 
2022-06-22T07:49:47.3013568Z > Task :app:lintVitalAnalyzeRelease
2022-06-22T07:49:47.3014544Z Execution optimizations have been disabled for task ':app:lintVitalAnalyzeRelease' to ensure correctness due to the following reasons:
2022-06-22T07:49:47.3016352Z   - Gradle detected a problem with the following location: '/home/runner/work/AndroidIDE/AndroidIDE/app/src/main/assets'. Reason: Task ':app:lintVitalAnalyzeRelease' uses this output of task ':build-tools:tooling-api-impl:copyJarToAssets' without declaring an explicit or implicit dependency. This can lead to incorrect results being produced, depending on what order the tasks are executed. Please refer to https://docs.gradle.org/7.4/userguide/validation_problems.html#implicit_dependency for more details about this problem.
2022-06-22T07:49:48.9012356Z 
2022-06-22T07:49:48.9012980Z > Task :app:mergeReleaseJavaResource
2022-06-22T07:49:53.1012881Z 
2022-06-22T07:49:53.1013361Z > Task :app:minifyReleaseWithR8
2022-06-22T07:49:53.1014009Z WARNING:R8: The following library types, prefixed by java., are present both as library and non library classes: java.lang.annotation.ElementType. Library classes will be ignored.
2022-06-22T07:51:50.6025895Z 
2022-06-22T07:51:50.6026920Z > Task :app:lintVitalReportRelease
2022-06-22T07:51:50.6028171Z Execution optimizations have been disabled for task ':app:lintVitalReportRelease' to ensure correctness due to the following reasons:
2022-06-22T07:51:50.6029799Z   - Gradle detected a problem with the following location: '/home/runner/work/AndroidIDE/AndroidIDE/app/src/main/assets'. Reason: Task ':app:lintVitalReportRelease' uses this output of task ':build-tools:tooling-api-impl:copyJarToAssets' without declaring an explicit or implicit dependency. This can lead to incorrect results being produced, depending on what order the tasks are executed. Please refer to https://docs.gradle.org/7.4/userguide/validation_problems.html#implicit_dependency for more details about this problem.
2022-06-22T07:51:50.6030621Z 
2022-06-22T07:51:50.6257133Z > Task :app:lintVitalRelease SKIPPED
2022-06-22T07:51:50.8013107Z > Task :app:l8DexDesugarLibRelease
2022-06-22T07:51:50.8013652Z > Task :app:compileReleaseArtProfile
2022-06-22T07:51:51.3012827Z > Task :app:collectReleaseDependencies
2022-06-22T07:51:51.5012782Z > Task :app:sdkReleaseDependencyData
2022-06-22T07:51:51.5013132Z > Task :app:validateSigningRelease
2022-06-22T07:51:51.6013801Z > Task :app:writeReleaseAppMetadata
2022-06-22T07:51:51.6014199Z > Task :app:writeReleaseSigningConfigVersions
2022-06-22T07:51:51.6014782Z > Task :treeview:stripDebugDebugSymbols NO-SOURCE
2022-06-22T07:51:51.6015133Z > Task :treeview:copyDebugJniLibsProjectAndLocalJars
2022-06-22T07:51:51.6015511Z > Task :treeview:extractDebugAnnotations
2022-06-22T07:51:51.6016074Z > Task :treeview:mergeDebugGeneratedProguardFiles
2022-06-22T07:51:51.6016405Z > Task :treeview:mergeDebugConsumerProguardFiles
2022-06-22T07:51:51.6016720Z > Task :treeview:prepareDebugArtProfile
2022-06-22T07:51:51.6017013Z > Task :treeview:mergeDebugJavaResource
2022-06-22T07:51:51.6017285Z > Task :treeview:syncDebugLibJars
2022-06-22T07:51:51.6017561Z > Task :treeview:bundleDebugLocalLintAar
2022-06-22T07:51:51.7012822Z > Task :emulatorview:stripDebugDebugSymbols
2022-06-22T07:51:51.7013271Z > Task :emulatorview:copyDebugJniLibsProjectAndLocalJars
2022-06-22T07:51:51.8013675Z > Task :emulatorview:extractDebugAnnotations
2022-06-22T07:51:51.8020929Z > Task :emulatorview:mergeDebugGeneratedProguardFiles
2022-06-22T07:51:51.8021318Z > Task :emulatorview:mergeDebugConsumerProguardFiles
2022-06-22T07:51:51.8021630Z > Task :emulatorview:prepareDebugArtProfile
2022-06-22T07:51:51.8021931Z > Task :emulatorview:mergeDebugJavaResource
2022-06-22T07:51:51.8022215Z > Task :emulatorview:syncDebugLibJars
2022-06-22T07:51:51.8022505Z > Task :emulatorview:bundleDebugLocalLintAar
2022-06-22T07:51:51.8023084Z > Task :xml-inflater:stripDebugDebugSymbols NO-SOURCE
2022-06-22T07:51:51.9013595Z > Task :xml-inflater:copyDebugJniLibsProjectAndLocalJars
2022-06-22T07:51:51.9014059Z > Task :xml-inflater:extractDebugAnnotations
2022-06-22T07:51:51.9014459Z > Task :xml-inflater:mergeDebugGeneratedProguardFiles
2022-06-22T07:51:52.0013708Z > Task :xml-inflater:mergeDebugConsumerProguardFiles
2022-06-22T07:51:52.0014311Z > Task :xml-inflater:prepareDebugArtProfile
2022-06-22T07:51:52.0014772Z > Task :xml-inflater:mergeDebugJavaResource
2022-06-22T07:51:52.0015185Z > Task :xml-inflater:syncDebugLibJars
2022-06-22T07:51:52.0015988Z > Task :xml-inflater:bundleDebugLocalLintAar
2022-06-22T07:51:52.0016392Z > Task :lsp:xml:stripDebugDebugSymbols NO-SOURCE
2022-06-22T07:51:52.0016733Z > Task :lsp:xml:copyDebugJniLibsProjectAndLocalJars
2022-06-22T07:51:52.0017051Z > Task :lsp:xml:extractDebugAnnotations
2022-06-22T07:51:52.1013732Z > Task :lsp:xml:mergeDebugGeneratedProguardFiles
2022-06-22T07:51:52.1014133Z > Task :lsp:xml:mergeDebugConsumerProguardFiles
2022-06-22T07:51:52.1014450Z > Task :lsp:xml:prepareDebugArtProfile
2022-06-22T07:51:52.1014740Z > Task :lsp:xml:mergeDebugJavaResource
2022-06-22T07:51:52.1015010Z > Task :lsp:xml:syncDebugLibJars
2022-06-22T07:51:52.1015286Z > Task :lsp:xml:bundleDebugLocalLintAar
2022-06-22T07:51:52.1015978Z > Task :lexers:stripDebugDebugSymbols NO-SOURCE
2022-06-22T07:51:52.1016617Z > Task :lexers:copyDebugJniLibsProjectAndLocalJars
2022-06-22T07:51:52.3012814Z > Task :lexers:extractDebugAnnotations
2022-06-22T07:51:52.3013206Z > Task :lexers:mergeDebugGeneratedProguardFiles
2022-06-22T07:51:52.3013547Z > Task :lexers:mergeDebugConsumerProguardFiles
2022-06-22T07:51:52.3013859Z > Task :lexers:prepareDebugArtProfile
2022-06-22T07:51:52.4012825Z > Task :lexers:mergeDebugJavaResource
2022-06-22T07:51:52.6012850Z > Task :lexers:syncDebugLibJars
2022-06-22T07:51:52.7014217Z > Task :lexers:bundleDebugLocalLintAar
2022-06-22T07:51:52.7014844Z > Task :lsp:java:stripDebugDebugSymbols NO-SOURCE
2022-06-22T07:51:52.7015215Z > Task :lsp:java:copyDebugJniLibsProjectAndLocalJars
2022-06-22T07:51:52.7015547Z > Task :lsp:java:extractDebugAnnotations
2022-06-22T07:51:52.7017528Z > Task :lsp:java:mergeDebugGeneratedProguardFiles
2022-06-22T07:51:52.7017869Z > Task :lsp:java:mergeDebugConsumerProguardFiles
2022-06-22T07:51:52.8012809Z > Task :lsp:java:prepareDebugArtProfile
2022-06-22T07:51:52.8013430Z > Task :lsp:java:mergeDebugJavaResource
2022-06-22T07:51:52.9012779Z > Task :lsp:java:syncDebugLibJars
2022-06-22T07:51:52.9013738Z > Task :lsp:java:bundleDebugLocalLintAar
2022-06-22T07:51:52.9014373Z > Task :lsp:api:stripDebugDebugSymbols NO-SOURCE
2022-06-22T07:51:52.9014729Z > Task :lsp:api:copyDebugJniLibsProjectAndLocalJars
2022-06-22T07:51:53.0012845Z > Task :lsp:api:extractDebugAnnotations
2022-06-22T07:51:53.0013448Z > Task :lsp:api:mergeDebugGeneratedProguardFiles
2022-06-22T07:51:53.0013802Z > Task :lsp:api:mergeDebugConsumerProguardFiles
2022-06-22T07:51:53.0014125Z > Task :lsp:api:prepareDebugArtProfile
2022-06-22T07:51:53.0014459Z > Task :lsp:api:mergeDebugJavaResource
2022-06-22T07:51:53.0014737Z > Task :lsp:api:syncDebugLibJars
2022-06-22T07:51:53.0015010Z > Task :lsp:api:bundleDebugLocalLintAar
2022-06-22T07:51:53.1013587Z > Task :sdk-info:stripDebugDebugSymbols NO-SOURCE
2022-06-22T07:51:53.1014433Z > Task :sdk-info:copyDebugJniLibsProjectAndLocalJars
2022-06-22T07:51:53.1015441Z > Task :sdk-info:extractDebugAnnotations
2022-06-22T07:51:53.1016059Z > Task :sdk-info:mergeDebugGeneratedProguardFiles
2022-06-22T07:51:53.1016461Z > Task :sdk-info:mergeDebugConsumerProguardFiles
2022-06-22T07:51:53.1016837Z > Task :sdk-info:prepareDebugArtProfile
2022-06-22T07:51:53.1017186Z > Task :sdk-info:mergeDebugJavaResource
2022-06-22T07:51:53.1017512Z > Task :sdk-info:syncDebugLibJars
2022-06-22T07:51:53.5013180Z > Task :sdk-info:bundleDebugLocalLintAar
2022-06-22T07:51:53.7012807Z > Task :app:bundleDebugClassesToCompileJar
2022-06-22T07:51:53.7013198Z > Task :app:preDebugAndroidTestBuild SKIPPED
2022-06-22T07:51:53.9013192Z > Task :app:processDebugAndroidTestManifest
2022-06-22T07:51:53.9013862Z > Task :app:compileDebugAndroidTestRenderscript NO-SOURCE
2022-06-22T07:51:53.9014239Z > Task :app:generateDebugAndroidTestResValues
2022-06-22T07:51:53.9014814Z > Task :emulatorview:bundleLibRuntimeToJarDebug
2022-06-22T07:51:53.9015142Z > Task :emulatorview:createFullJarDebug
2022-06-22T07:51:53.9015461Z > Task :emulatorview:writeDebugLintModelMetadata
2022-06-22T07:51:54.0013067Z > Task :lexers:bundleLibRuntimeToJarDebug
2022-06-22T07:51:54.0013435Z > Task :lexers:createFullJarDebug
2022-06-22T07:51:54.0013732Z > Task :lexers:writeDebugLintModelMetadata
2022-06-22T07:51:54.0014292Z > Task :sdk-info:bundleLibRuntimeToJarDebug
2022-06-22T07:51:54.0014631Z > Task :sdk-info:createFullJarDebug
2022-06-22T07:51:54.0014986Z > Task :sdk-info:writeDebugLintModelMetadata
2022-06-22T07:51:54.1013507Z > Task :treeview:bundleLibRuntimeToJarDebug
2022-06-22T07:51:54.1013974Z > Task :treeview:createFullJarDebug
2022-06-22T07:51:54.1016634Z > Task :treeview:writeDebugLintModelMetadata
2022-06-22T07:51:54.1017456Z > Task :xml-inflater:bundleLibRuntimeToJarDebug
2022-06-22T07:51:54.1018444Z > Task :xml-inflater:createFullJarDebug
2022-06-22T07:51:54.1018873Z > Task :xml-inflater:writeDebugLintModelMetadata
2022-06-22T07:51:54.1019199Z > Task :lsp:api:bundleLibRuntimeToJarDebug
2022-06-22T07:51:54.1019680Z > Task :lsp:api:createFullJarDebug
2022-06-22T07:51:54.1019954Z > Task :lsp:api:writeDebugLintModelMetadata
2022-06-22T07:51:54.1020255Z > Task :lsp:java:bundleLibRuntimeToJarDebug
2022-06-22T07:51:54.1020534Z > Task :lsp:java:createFullJarDebug
2022-06-22T07:51:54.2013075Z > Task :lsp:java:writeDebugLintModelMetadata
2022-06-22T07:51:54.2013678Z > Task :lsp:xml:bundleLibRuntimeToJarDebug
2022-06-22T07:51:54.2014408Z > Task :lsp:xml:createFullJarDebug
2022-06-22T07:51:54.2014755Z > Task :lsp:xml:writeDebugLintModelMetadata
2022-06-22T07:52:00.2020920Z 
2022-06-22T07:52:00.2021262Z > Task :app:lintAnalyzeDebug
2022-06-22T07:52:00.2022043Z Execution optimizations have been disabled for task ':app:lintAnalyzeDebug' to ensure correctness due to the following reasons:
2022-06-22T07:52:00.2023612Z   - Gradle detected a problem with the following location: '/home/runner/work/AndroidIDE/AndroidIDE/app/src/main/assets'. Reason: Task ':app:lintAnalyzeDebug' uses this output of task ':build-tools:tooling-api-impl:copyJarToAssets' without declaring an explicit or implicit dependency. This can lead to incorrect results being produced, depending on what order the tasks are executed. Please refer to https://docs.gradle.org/7.4/userguide/validation_problems.html#implicit_dependency for more details about this problem.
2022-06-22T07:52:00.3056277Z 
2022-06-22T07:52:00.3058180Z > Task :app:shrinkReleaseRes
2022-06-22T07:52:02.1013271Z > Task :app:optimizeReleaseResources
2022-06-22T07:52:04.4013552Z > Task :app:packageRelease
2022-06-22T07:52:04.4037822Z > Task :app:createReleaseApkListingFileRedirect
2022-06-22T07:52:04.4038208Z > Task :app:assembleRelease
2022-06-22T07:52:04.4038605Z > Task :app:assemble
2022-06-22T07:52:04.4038899Z > Task :app:bundleDebugClassesToRuntimeJar
2022-06-22T07:52:05.5013182Z > Task :app:compileDebugUnitTestKotlin
2022-06-22T07:52:05.5013818Z > Task :app:preDebugUnitTestBuild UP-TO-DATE
2022-06-22T07:52:05.5014258Z > Task :app:javaPreCompileDebugUnitTest
2022-06-22T07:52:05.5014768Z > Task :app:compileDebugUnitTestJavaWithJavac NO-SOURCE
2022-06-22T07:52:05.5015271Z > Task :app:processDebugUnitTestJavaRes NO-SOURCE
2022-06-22T07:52:18.1013377Z > Task :app:testDebugUnitTest
2022-06-22T07:52:18.2012649Z > Task :app:bundleReleaseClassesToRuntimeJar
2022-06-22T07:52:18.3012685Z > Task :app:bundleReleaseClassesToCompileJar
2022-06-22T07:52:19.3027530Z > Task :app:compileReleaseUnitTestKotlin
2022-06-22T07:52:19.3028540Z > Task :app:preReleaseUnitTestBuild UP-TO-DATE
2022-06-22T07:52:19.3029072Z > Task :app:javaPreCompileReleaseUnitTest
2022-06-22T07:52:19.3029672Z > Task :app:compileReleaseUnitTestJavaWithJavac NO-SOURCE
2022-06-22T07:52:19.3030236Z > Task :app:processReleaseUnitTestJavaRes NO-SOURCE
2022-06-22T07:52:26.5013124Z > Task :app:testReleaseUnitTest
2022-06-22T07:52:26.5013587Z > Task :app:test
2022-06-22T07:52:26.6012760Z > Task :common:bundleDebugAar
2022-06-22T07:52:26.6013221Z > Task :common:assembleDebug
2022-06-22T07:52:26.6013567Z > Task :common:bundleReleaseAar
2022-06-22T07:52:27.6012591Z > Task :common:mergeReleaseResources
2022-06-22T07:52:27.7013637Z > Task :common:mapReleaseSourceSetPaths
2022-06-22T07:52:29.5012969Z > Task :common:verifyReleaseResources
2022-06-22T07:52:29.5013725Z > Task :common:assembleRelease
2022-06-22T07:52:29.5014439Z > Task :common:assemble
2022-06-22T07:52:29.5015289Z > Task :common:preDebugAndroidTestBuild UP-TO-DATE
2022-06-22T07:52:29.6012991Z > Task :common:processDebugAndroidTestManifest
2022-06-22T07:52:29.6014023Z > Task :common:compileDebugAndroidTestRenderscript NO-SOURCE
2022-06-22T07:52:29.6014847Z > Task :common:generateDebugAndroidTestResValues
2022-06-22T07:52:33.2012863Z > Task :common:lintAnalyzeDebug
2022-06-22T07:52:33.3012640Z > Task :common:lintReportDebug
2022-06-22T07:52:33.3013239Z > Task :common:lintDebug
2022-06-22T07:52:33.3013925Z > Task :common:lint
2022-06-22T07:52:33.3014666Z > Task :common:preDebugUnitTestBuild UP-TO-DATE
2022-06-22T07:52:33.4013466Z > Task :common:generateDebugUnitTestStubRFile
2022-06-22T07:52:33.4014533Z > Task :common:compileDebugUnitTestKotlin NO-SOURCE
2022-06-22T07:52:33.4015437Z > Task :common:javaPreCompileDebugUnitTest
2022-06-22T07:52:33.4016261Z > Task :common:compileDebugUnitTestJavaWithJavac NO-SOURCE
2022-06-22T07:52:33.4016978Z > Task :common:processDebugUnitTestJavaRes NO-SOURCE
2022-06-22T07:52:33.4017499Z > Task :common:testDebugUnitTest NO-SOURCE
2022-06-22T07:52:33.4018038Z > Task :common:preReleaseUnitTestBuild UP-TO-DATE
2022-06-22T07:52:33.5038527Z > Task :common:generateReleaseUnitTestStubRFile
2022-06-22T07:52:33.5039768Z > Task :common:compileReleaseUnitTestKotlin NO-SOURCE
2022-06-22T07:52:33.5040393Z > Task :common:javaPreCompileReleaseUnitTest
2022-06-22T07:52:33.5041056Z > Task :common:compileReleaseUnitTestJavaWithJavac NO-SOURCE
2022-06-22T07:52:33.5041688Z > Task :common:processReleaseUnitTestJavaRes NO-SOURCE
2022-06-22T07:52:33.5042279Z > Task :common:testReleaseUnitTest NO-SOURCE
2022-06-22T07:52:33.5042760Z > Task :common:test UP-TO-DATE
2022-06-22T07:52:33.5043319Z > Task :common:check
2022-06-22T07:52:33.5043710Z > Task :common:build
2022-06-22T07:52:33.5044126Z > Task :emulatorview:bundleDebugAar
2022-06-22T07:52:33.5044544Z > Task :emulatorview:assembleDebug
2022-06-22T07:52:33.5044950Z > Task :emulatorview:bundleReleaseAar
2022-06-22T07:52:33.6013341Z > Task :emulatorview:mergeReleaseResources
2022-06-22T07:52:33.6014261Z > Task :emulatorview:mapReleaseSourceSetPaths
2022-06-22T07:52:33.9013311Z > Task :emulatorview:verifyReleaseResources
2022-06-22T07:52:33.9156010Z > Task :emulatorview:assembleRelease
2022-06-22T07:52:33.9207151Z > Task :emulatorview:assemble
2022-06-22T07:52:33.9207978Z > Task :emulatorview:preDebugAndroidTestBuild UP-TO-DATE
2022-06-22T07:52:33.9208544Z > Task :emulatorview:processDebugAndroidTestManifest
2022-06-22T07:52:33.9209157Z > Task :emulatorview:compileDebugAndroidTestRenderscript NO-SOURCE
2022-06-22T07:52:33.9209617Z > Task :emulatorview:generateDebugAndroidTestResValues
2022-06-22T07:52:36.2016210Z 
2022-06-22T07:52:36.2016728Z > Task :app:lintReportDebug
2022-06-22T07:52:36.2017543Z Execution optimizations have been disabled for task ':app:lintReportDebug' to ensure correctness due to the following reasons:
2022-06-22T07:52:36.2019063Z   - Gradle detected a problem with the following location: '/home/runner/work/AndroidIDE/AndroidIDE/app/src/main/assets'. Reason: Task ':app:lintReportDebug' uses this output of task ':build-tools:tooling-api-impl:copyJarToAssets' without declaring an explicit or implicit dependency. This can lead to incorrect results being produced, depending on what order the tasks are executed. Please refer to https://docs.gradle.org/7.4/userguide/validation_problems.html#implicit_dependency for more details about this problem.
2022-06-22T07:52:36.2020350Z Wrote HTML report to file:///home/runner/work/AndroidIDE/AndroidIDE/app/build/reports/lint-results-debug.html
2022-06-22T07:52:36.2020689Z 
2022-06-22T07:52:36.2020851Z > Task :app:lintDebug
2022-06-22T07:52:36.2021330Z > Task :app:lint
2022-06-22T07:52:36.2021614Z > Task :app:check
2022-06-22T07:52:36.2021891Z > Task :app:build
2022-06-22T07:52:36.2022310Z > Task :emulatorview:preDebugUnitTestBuild UP-TO-DATE
2022-06-22T07:52:36.2022717Z > Task :emulatorview:generateDebugUnitTestStubRFile
2022-06-22T07:52:36.2023115Z > Task :emulatorview:javaPreCompileDebugUnitTest
2022-06-22T07:52:36.2023621Z > Task :emulatorview:compileDebugUnitTestJavaWithJavac NO-SOURCE
2022-06-22T07:52:36.2024138Z > Task :emulatorview:processDebugUnitTestJavaRes NO-SOURCE
2022-06-22T07:52:36.2024601Z > Task :emulatorview:testDebugUnitTest NO-SOURCE
2022-06-22T07:52:36.2025058Z > Task :emulatorview:preReleaseUnitTestBuild UP-TO-DATE
2022-06-22T07:52:36.2025468Z > Task :emulatorview:generateReleaseUnitTestStubRFile
2022-06-22T07:52:36.2025868Z > Task :emulatorview:javaPreCompileReleaseUnitTest
2022-06-22T07:52:36.2026371Z > Task :emulatorview:compileReleaseUnitTestJavaWithJavac NO-SOURCE
2022-06-22T07:52:36.2026888Z > Task :emulatorview:processReleaseUnitTestJavaRes NO-SOURCE
2022-06-22T07:52:36.2027353Z > Task :emulatorview:testReleaseUnitTest NO-SOURCE
2022-06-22T07:52:36.2027928Z > Task :emulatorview:test UP-TO-DATE
2022-06-22T07:52:36.3012904Z > Task :gradle-plugin:extractPluginRequests NO-SOURCE
2022-06-22T07:52:36.3013572Z > Task :gradle-plugin:generatePluginAdapters
2022-06-22T07:52:36.3014027Z > Task :gradle-plugin:compileJava NO-SOURCE
2022-06-22T07:52:39.8012306Z > Task :emulatorview:lintAnalyzeDebug
2022-06-22T07:52:51.8059754Z > Task :gradle-plugin:compileGroovy
2022-06-22T07:52:51.9013939Z > Task :gradle-plugin:compileGroovyPlugins NO-SOURCE
2022-06-22T07:52:51.9014513Z > Task :gradle-plugin:pluginDescriptors
2022-06-22T07:52:51.9014942Z > Task :gradle-plugin:processResources
2022-06-22T07:52:51.9015330Z > Task :gradle-plugin:classes
2022-06-22T07:52:51.9015857Z > Task :gradle-plugin:jar
2022-06-22T07:52:51.9016246Z > Task :gradle-plugin:assemble
2022-06-22T07:52:51.9016665Z > Task :gradle-plugin:pluginUnderTestMetadata
2022-06-22T07:52:51.9017348Z > Task :gradle-plugin:compileTestJava NO-SOURCE
2022-06-22T07:52:51.9017733Z > Task :emulatorview:lintReportDebug
2022-06-22T07:52:51.9018168Z > Task :gradle-plugin:compileTestGroovy NO-SOURCE
2022-06-22T07:52:51.9018517Z > Task :emulatorview:lintDebug
2022-06-22T07:52:51.9018825Z > Task :emulatorview:lint
2022-06-22T07:52:51.9019121Z > Task :emulatorview:check
2022-06-22T07:52:51.9019421Z > Task :emulatorview:build
2022-06-22T07:52:51.9019834Z > Task :gradle-plugin:processTestResources NO-SOURCE
2022-06-22T07:52:51.9020274Z > Task :gradle-plugin:testClasses UP-TO-DATE
2022-06-22T07:52:51.9020675Z > Task :gradle-plugin:test NO-SOURCE
2022-06-22T07:52:52.0016680Z > Task :gradle-plugin:validatePlugins
2022-06-22T07:52:52.0018163Z > Task :gradle-plugin:check
2022-06-22T07:52:52.0018767Z > Task :gradle-plugin:build
2022-06-22T07:52:52.1012886Z > Task :lexers:bundleDebugAar
2022-06-22T07:52:52.1013548Z > Task :lexers:assembleDebug
2022-06-22T07:52:52.1014225Z > Task :lexers:bundleReleaseAar
2022-06-22T07:52:52.2013179Z > Task :lexers:mergeReleaseResources
2022-06-22T07:52:52.2013832Z > Task :lexers:mapReleaseSourceSetPaths
2022-06-22T07:52:52.2014613Z > Task :lexers:preDebugAndroidTestBuild UP-TO-DATE
2022-06-22T07:52:52.2015193Z > Task :lexers:processDebugAndroidTestManifest
2022-06-22T07:52:52.2016256Z > Task :lexers:compileDebugAndroidTestRenderscript NO-SOURCE
2022-06-22T07:52:52.2016610Z > Task :lexers:generateDebugAndroidTestResValues
2022-06-22T07:52:52.5012611Z > Task :lexers:verifyReleaseResources
2022-06-22T07:52:53.0013128Z > Task :lexers:assembleRelease
2022-06-22T07:52:53.0013694Z > Task :lexers:assemble
2022-06-22T07:52:53.0014542Z > Task :lexers:preDebugUnitTestBuild UP-TO-DATE
2022-06-22T07:52:53.0015018Z > Task :lexers:generateDebugUnitTestStubRFile
2022-06-22T07:52:53.7013017Z > Task :lexers:compileDebugUnitTestKotlin
2022-06-22T07:52:53.7013666Z > Task :lexers:javaPreCompileDebugUnitTest
2022-06-22T07:52:53.7014479Z > Task :lexers:compileDebugUnitTestJavaWithJavac NO-SOURCE
2022-06-22T07:52:53.8012767Z > Task :lexers:processDebugUnitTestJavaRes NO-SOURCE
2022-06-22T07:52:55.4014502Z 
2022-06-22T07:52:55.4015407Z > Task :lexers:testDebugUnitTest FAILED
2022-06-22T07:52:55.4015934Z 
2022-06-22T07:52:55.4016371Z com.itsaky.androidide.lexers.xml.XMLLexerTest > incompleteCommentEndBeforeTextTest FAILED
2022-06-22T07:52:55.4017387Z     com.google.common.truth.ComparisonFailureWithFacts at XMLLexerTest.kt:119
2022-06-22T07:52:55.4017700Z 
2022-06-22T07:52:55.4017942Z com.itsaky.androidide.lexers.xml.XMLLexerTest > incompleteCommentEndTest FAILED
2022-06-22T07:52:55.4018427Z     com.google.common.truth.ComparisonFailureWithFacts at XMLLexerTest.kt:110
2022-06-22T07:52:55.4018674Z 
2022-06-22T07:52:55.4018903Z com.itsaky.androidide.lexers.xml.XMLLexerTest > incompleteCommentStartTest FAILED
2022-06-22T07:52:55.4019379Z     com.google.common.truth.ComparisonFailureWithFacts at XMLLexerTest.kt:93
2022-06-22T07:52:55.4019632Z 
2022-06-22T07:52:55.4019882Z com.itsaky.androidide.lexers.xml.XMLLexerTest > incompleteCommentStartAfterTextTest FAILED
2022-06-22T07:52:55.4020703Z     com.google.common.truth.ComparisonFailureWithFacts at XMLLexerTest.kt:101
2022-06-22T07:52:55.4020955Z 
2022-06-22T07:52:55.4023965Z 10 tests completed, 4 failed
2022-06-22T07:53:05.9012560Z 
2022-06-22T07:53:05.9012850Z > Task :lexers:lintAnalyzeDebug
2022-06-22T07:53:06.0016157Z 
2022-06-22T07:53:06.0016510Z FAILURE: Build failed with an exception.
2022-06-22T07:53:06.0016834Z 
2022-06-22T07:53:06.0051290Z * What went wrong:
2022-06-22T07:53:06.0051845Z Execution failed for task ':lexers:testDebugUnitTest'.
2022-06-22T07:53:06.0052350Z > There were failing tests. See the report at: file:///home/runner/work/AndroidIDE/AndroidIDE/lexers/build/reports/tests/testDebugUnitTest/index.html
2022-06-22T07:53:06.0052654Z 
2022-06-22T07:53:06.0052732Z * Try:
2022-06-22T07:53:06.0053055Z > Run with --stacktrace option to get the stack trace.
2022-06-22T07:53:06.0053452Z > Run with --info or --debug option to get more log output.
2022-06-22T07:53:06.0054038Z > Run with --scan to get full insights.
2022-06-22T07:53:06.0054222Z 
2022-06-22T07:53:06.0054374Z * Get more help at https://help.gradle.org
2022-06-22T07:53:06.0054547Z 
2022-06-22T07:53:06.0054648Z BUILD FAILED in 8m 4s
2022-06-22T07:53:06.0054794Z 
2022-06-22T07:53:06.0054999Z Deprecated Gradle features were used in this build, making it incompatible with Gradle 8.0.
2022-06-22T07:53:06.0055238Z 
2022-06-22T07:53:06.0055959Z You can use '--warning-mode all' to show the individual deprecation warnings and determine if they come from your own scripts or plugins.
2022-06-22T07:53:06.0056267Z 
2022-06-22T07:53:06.0056493Z See https://docs.gradle.org/7.4/userguide/command_line_interface.html#sec:command_line_warnings
2022-06-22T07:53:06.0056731Z 
2022-06-22T07:53:06.0056961Z Execution optimizations have been disabled for 6 invalid unit(s) of work during this build to ensure correctness.
2022-06-22T07:53:06.0057350Z Please consult deprecation warnings for more details.
2022-06-22T07:53:06.0057742Z 838 actionable tasks: 811 executed, 27 up-to-date
2022-06-22T07:53:06.7531116Z ##[error]Gradle process exited with status 1
2022-06-22T07:53:06.7868962Z Post job cleanup.
2022-06-22T07:53:06.8465156Z Post job cleanup.
2022-06-22T07:53:06.9816698Z [command]/usr/bin/git version
2022-06-22T07:53:06.9893146Z git version 2.36.1
2022-06-22T07:53:06.9897626Z Temporarily overriding HOME='/home/runner/work/_temp/05f238ab-662c-405c-bc68-b40a2b3735de' before making global git config changes
2022-06-22T07:53:06.9898108Z Adding repository directory to the temporary git global config as a safe directory
2022-06-22T07:53:06.9898966Z [command]/usr/bin/git config --global --add safe.directory /home/runner/work/AndroidIDE/AndroidIDE
2022-06-22T07:53:06.9939534Z [command]/usr/bin/git config --local --name-only --get-regexp core\.sshCommand
2022-06-22T07:53:06.9973258Z [command]/usr/bin/git submodule foreach --recursive git config --local --name-only --get-regexp 'core\.sshCommand' && git config --local --unset-all 'core.sshCommand' || :
2022-06-22T07:53:07.0278434Z [command]/usr/bin/git config --local --name-only --get-regexp http\.https\:\/\/github\.com\/\.extraheader
2022-06-22T07:53:07.0298433Z http.https://github.com/.extraheader
2022-06-22T07:53:07.0342201Z [command]/usr/bin/git config --local --unset-all http.https://github.com/.extraheader
2022-06-22T07:53:07.0378917Z [command]/usr/bin/git submodule foreach --recursive git config --local --name-only --get-regexp 'http\.https\:\/\/github\.com\/\.extraheader' && git config --local --unset-all 'http.https://github.com/.extraheader' || :
2022-06-22T07:53:07.1108581Z Cleaning up orphan processes
2022-06-22T07:53:07.1469677Z Terminate orphan process: pid (1670) (java)
2022-06-22T07:53:07.1541532Z Terminate orphan process: pid (1772) (java)