2022-03-30T02:25:59.1147360Z Requested labels: ubuntu-latest
2022-03-30T02:25:59.1147422Z Job defined at: MycroftAI/mycroft-core/.github/workflows/unit_test.yml@refs/heads/mark-ii/qa
2022-03-30T02:25:59.1147447Z Waiting for a runner to pick up this job...
2022-03-30T02:26:01.4454802Z Job is waiting for a hosted runner to come online.
2022-03-30T02:26:04.6509923Z Job is about to start running on the hosted runner: Hosted Agent (hosted)
2022-03-30T02:26:08.2765413Z Current runner version: '2.289.1'
2022-03-30T02:26:08.2794165Z ##[group]Operating System
2022-03-30T02:26:08.2794878Z Ubuntu
2022-03-30T02:26:08.2795188Z 20.04.4
2022-03-30T02:26:08.2795446Z LTS
2022-03-30T02:26:08.2795753Z ##[endgroup]
2022-03-30T02:26:08.2796177Z ##[group]Virtual Environment
2022-03-30T02:26:08.2796571Z Environment: ubuntu-20.04
2022-03-30T02:26:08.2796991Z Version: 20220227.1
2022-03-30T02:26:08.2797910Z Included Software: https://github.com/actions/virtual-environments/blob/ubuntu20/20220227.1/images/linux/Ubuntu2004-Readme.md
2022-03-30T02:26:08.2798940Z Image Release: https://github.com/actions/virtual-environments/releases/tag/ubuntu20%2F20220227.1
2022-03-30T02:26:08.2799509Z ##[endgroup]
2022-03-30T02:26:08.2799835Z ##[group]Virtual Environment Provisioner
2022-03-30T02:26:08.2800235Z 1.0.0.0-main-20220307-1
2022-03-30T02:26:08.2800562Z ##[endgroup]
2022-03-30T02:26:08.2801728Z ##[group]GITHUB_TOKEN Permissions
2022-03-30T02:26:08.2802377Z Actions: write
2022-03-30T02:26:08.2802822Z Checks: write
2022-03-30T02:26:08.2803278Z Contents: write
2022-03-30T02:26:08.2803622Z Deployments: write
2022-03-30T02:26:08.2803957Z Discussions: write
2022-03-30T02:26:08.2804227Z Issues: write
2022-03-30T02:26:08.2804564Z Metadata: read
2022-03-30T02:26:08.2804923Z Packages: write
2022-03-30T02:26:08.2805209Z Pages: write
2022-03-30T02:26:08.2805529Z PullRequests: write
2022-03-30T02:26:08.2805882Z RepositoryProjects: write
2022-03-30T02:26:08.2806273Z SecurityEvents: write
2022-03-30T02:26:08.2806572Z Statuses: write
2022-03-30T02:26:08.2806895Z ##[endgroup]
2022-03-30T02:26:08.2810706Z Secret source: Actions
2022-03-30T02:26:08.2811765Z Prepare workflow directory
2022-03-30T02:26:08.3886638Z Prepare all required actions
2022-03-30T02:26:08.4101148Z Getting action download info
2022-03-30T02:26:08.6835410Z Download action repository 'actions/checkout@v2' (SHA:ec3a7ce113134d7a93b817d10a8272cb61118579)
2022-03-30T02:26:09.3402837Z Download action repository 'actions/setup-python@v2' (SHA:7f80679172b057fc5e90d70d197929d454754a5a)
2022-03-30T02:26:09.9151332Z Download action repository 'actions/cache@v2' (SHA:937d24475381cd9c75ae6db12cb4e79714b926ed)
2022-03-30T02:26:10.7691681Z ##[group]Run actions/checkout@v2
2022-03-30T02:26:10.7692134Z with:
2022-03-30T02:26:10.7692669Z   repository: MycroftAI/mycroft-core
2022-03-30T02:26:10.7693160Z   token: ***
2022-03-30T02:26:10.7693457Z   ssh-strict: true
2022-03-30T02:26:10.7693840Z   persist-credentials: true
2022-03-30T02:26:10.7694147Z   clean: true
2022-03-30T02:26:10.7694390Z   fetch-depth: 1
2022-03-30T02:26:10.7694819Z   lfs: false
2022-03-30T02:26:10.7695119Z   submodules: false
2022-03-30T02:26:10.7695408Z ##[endgroup]
2022-03-30T02:26:11.0614048Z Syncing repository: MycroftAI/mycroft-core
2022-03-30T02:26:11.0615976Z ##[group]Getting Git version info
2022-03-30T02:26:11.0616484Z Working directory is '/home/runner/work/mycroft-core/mycroft-core'
2022-03-30T02:26:11.0617010Z [command]/usr/bin/git version
2022-03-30T02:26:11.0774423Z git version 2.35.1
2022-03-30T02:26:11.0786073Z ##[endgroup]
2022-03-30T02:26:11.0792438Z Deleting the contents of '/home/runner/work/mycroft-core/mycroft-core'
2022-03-30T02:26:11.0799052Z ##[group]Initializing the repository
2022-03-30T02:26:11.0802440Z [command]/usr/bin/git init /home/runner/work/mycroft-core/mycroft-core
2022-03-30T02:26:11.0967239Z hint: Using 'master' as the name for the initial branch. This default branch name
2022-03-30T02:26:11.0968181Z hint: is subject to change. To configure the initial branch name to use in all
2022-03-30T02:26:11.0968612Z hint: of your new repositories, which will suppress this warning, call:
2022-03-30T02:26:11.0968898Z hint: 
2022-03-30T02:26:11.0969344Z hint: 	git config --global init.defaultBranch <name>
2022-03-30T02:26:11.0969772Z hint: 
2022-03-30T02:26:11.0970151Z hint: Names commonly chosen instead of 'master' are 'main', 'trunk' and
2022-03-30T02:26:11.0970655Z hint: 'development'. The just-created branch can be renamed via this command:
2022-03-30T02:26:11.0971000Z hint: 
2022-03-30T02:26:11.0971976Z hint: 	git branch -m <name>
2022-03-30T02:26:11.0981601Z Initialized empty Git repository in /home/runner/work/mycroft-core/mycroft-core/.git/
2022-03-30T02:26:11.0996672Z [command]/usr/bin/git remote add origin https://github.com/MycroftAI/mycroft-core
2022-03-30T02:26:11.1045283Z ##[endgroup]
2022-03-30T02:26:11.1048518Z ##[group]Disabling automatic garbage collection
2022-03-30T02:26:11.1056418Z [command]/usr/bin/git config --local gc.auto 0
2022-03-30T02:26:11.1161905Z ##[endgroup]
2022-03-30T02:26:11.1190421Z ##[group]Setting up auth
2022-03-30T02:26:11.1203364Z [command]/usr/bin/git config --local --name-only --get-regexp core\.sshCommand
2022-03-30T02:26:11.1243600Z [command]/usr/bin/git submodule foreach --recursive git config --local --name-only --get-regexp 'core\.sshCommand' && git config --local --unset-all 'core.sshCommand' || :
2022-03-30T02:26:11.1707508Z [command]/usr/bin/git config --local --name-only --get-regexp http\.https\:\/\/github\.com\/\.extraheader
2022-03-30T02:26:11.1746912Z [command]/usr/bin/git submodule foreach --recursive git config --local --name-only --get-regexp 'http\.https\:\/\/github\.com\/\.extraheader' && git config --local --unset-all 'http.https://github.com/.extraheader' || :
2022-03-30T02:26:11.2084484Z [command]/usr/bin/git config --local http.https://github.com/.extraheader AUTHORIZATION: basic ***
2022-03-30T02:26:11.2147831Z ##[endgroup]
2022-03-30T02:26:11.2148539Z ##[group]Fetching the repository
2022-03-30T02:26:11.2154604Z [command]/usr/bin/git -c protocol.version=2 fetch --no-tags --prune --progress --no-recurse-submodules --depth=1 origin +674f4afafade58ee910297a8d2bc5dd1513654a1:refs/remotes/origin/mark-ii/qa
2022-03-30T02:26:11.6604944Z remote: Enumerating objects: 969, done.        
2022-03-30T02:26:11.6605779Z remote: Counting objects:   0% (1/969)        
2022-03-30T02:26:11.6606398Z remote: Counting objects:   1% (10/969)        
2022-03-30T02:26:11.6606993Z remote: Counting objects:   2% (20/969)        
2022-03-30T02:26:11.6607614Z remote: Counting objects:   3% (30/969)        
2022-03-30T02:26:11.6608640Z remote: Counting objects:   4% (39/969)        
2022-03-30T02:26:11.6609442Z remote: Counting objects:   5% (49/969)        
2022-03-30T02:26:11.6610118Z remote: Counting objects:   6% (59/969)        
2022-03-30T02:26:11.6610614Z remote: Counting objects:   7% (68/969)        
2022-03-30T02:26:11.6611745Z remote: Counting objects:   8% (78/969)        
2022-03-30T02:26:11.6612150Z remote: Counting objects:   9% (88/969)        
2022-03-30T02:26:11.6612952Z remote: Counting objects:  10% (97/969)        
2022-03-30T02:26:11.6614492Z remote: Counting objects:  11% (107/969)        
2022-03-30T02:26:11.6615144Z remote: Counting objects:  12% (117/969)        
2022-03-30T02:26:11.6615816Z remote: Counting objects:  13% (126/969)        
2022-03-30T02:26:11.6616646Z remote: Counting objects:  14% (136/969)        
2022-03-30T02:26:11.6618455Z remote: Counting objects:  15% (146/969)        
2022-03-30T02:26:11.6620391Z remote: Counting objects:  16% (156/969)        
2022-03-30T02:26:11.6621654Z remote: Counting objects:  17% (165/969)        
2022-03-30T02:26:11.6622497Z remote: Counting objects:  18% (175/969)        
2022-03-30T02:26:11.6623125Z remote: Counting objects:  19% (185/969)        
2022-03-30T02:26:11.6623744Z remote: Counting objects:  20% (194/969)        
2022-03-30T02:26:11.6624442Z remote: Counting objects:  21% (204/969)        
2022-03-30T02:26:11.6625116Z remote: Counting objects:  22% (214/969)        
2022-03-30T02:26:11.6626035Z remote: Counting objects:  23% (223/969)        
2022-03-30T02:26:11.6626839Z remote: Counting objects:  24% (233/969)        
2022-03-30T02:26:11.6627589Z remote: Counting objects:  25% (243/969)        
2022-03-30T02:26:11.6628214Z remote: Counting objects:  26% (252/969)        
2022-03-30T02:26:11.6629137Z remote: Counting objects:  27% (262/969)        
2022-03-30T02:26:11.6630583Z remote: Counting objects:  28% (272/969)        
2022-03-30T02:26:11.6631045Z remote: Counting objects:  29% (282/969)        
2022-03-30T02:26:11.6631931Z remote: Counting objects:  30% (291/969)        
2022-03-30T02:26:11.6632868Z remote: Counting objects:  31% (301/969)        
2022-03-30T02:26:11.6634129Z remote: Counting objects:  32% (311/969)        
2022-03-30T02:26:11.6634557Z remote: Counting objects:  33% (320/969)        
2022-03-30T02:26:11.6635141Z remote: Counting objects:  34% (330/969)        
2022-03-30T02:26:11.6635881Z remote: Counting objects:  35% (340/969)        
2022-03-30T02:26:11.6636481Z remote: Counting objects:  36% (349/969)        
2022-03-30T02:26:11.6637163Z remote: Counting objects:  37% (359/969)        
2022-03-30T02:26:11.6638022Z remote: Counting objects:  38% (369/969)        
2022-03-30T02:26:11.6638690Z remote: Counting objects:  39% (378/969)        
2022-03-30T02:26:11.6639110Z remote: Counting objects:  40% (388/969)        
2022-03-30T02:26:11.6639624Z remote: Counting objects:  41% (398/969)        
2022-03-30T02:26:11.6640695Z remote: Counting objects:  42% (407/969)        
2022-03-30T02:26:11.6641239Z remote: Counting objects:  43% (417/969)        
2022-03-30T02:26:11.6641932Z remote: Counting objects:  44% (427/969)        
2022-03-30T02:26:11.6642729Z remote: Counting objects:  45% (437/969)        
2022-03-30T02:26:11.6643707Z remote: Counting objects:  46% (446/969)        
2022-03-30T02:26:11.6644590Z remote: Counting objects:  47% (456/969)        
2022-03-30T02:26:11.6645178Z remote: Counting objects:  48% (466/969)        
2022-03-30T02:26:11.6645868Z remote: Counting objects:  49% (475/969)        
2022-03-30T02:26:11.6646771Z remote: Counting objects:  50% (485/969)        
2022-03-30T02:26:11.6647467Z remote: Counting objects:  51% (495/969)        
2022-03-30T02:26:11.6648257Z remote: Counting objects:  52% (504/969)        
2022-03-30T02:26:11.6648766Z remote: Counting objects:  53% (514/969)        
2022-03-30T02:26:11.6649421Z remote: Counting objects:  54% (524/969)        
2022-03-30T02:26:11.6650630Z remote: Counting objects:  55% (533/969)        
2022-03-30T02:26:11.6651292Z remote: Counting objects:  56% (543/969)        
2022-03-30T02:26:11.6652132Z remote: Counting objects:  57% (553/969)        
2022-03-30T02:26:11.6652716Z remote: Counting objects:  58% (563/969)        
2022-03-30T02:26:11.6653513Z remote: Counting objects:  59% (572/969)        
2022-03-30T02:26:11.6654430Z remote: Counting objects:  60% (582/969)        
2022-03-30T02:26:11.6655294Z remote: Counting objects:  61% (592/969)        
2022-03-30T02:26:11.6656052Z remote: Counting objects:  62% (601/969)        
2022-03-30T02:26:11.6656845Z remote: Counting objects:  63% (611/969)        
2022-03-30T02:26:11.6657638Z remote: Counting objects:  64% (621/969)        
2022-03-30T02:26:11.6658479Z remote: Counting objects:  65% (630/969)        
2022-03-30T02:26:11.6659188Z remote: Counting objects:  66% (640/969)        
2022-03-30T02:26:11.6660018Z remote: Counting objects:  67% (650/969)        
2022-03-30T02:26:11.6661077Z remote: Counting objects:  68% (659/969)        
2022-03-30T02:26:11.6661834Z remote: Counting objects:  69% (669/969)        
2022-03-30T02:26:11.6662748Z remote: Counting objects:  70% (679/969)        
2022-03-30T02:26:11.6663292Z remote: Counting objects:  71% (688/969)        
2022-03-30T02:26:11.6664487Z remote: Counting objects:  72% (698/969)        
2022-03-30T02:26:11.6665490Z remote: Counting objects:  73% (708/969)        
2022-03-30T02:26:11.6666219Z remote: Counting objects:  74% (718/969)        
2022-03-30T02:26:11.6667045Z remote: Counting objects:  75% (727/969)        
2022-03-30T02:26:11.6667830Z remote: Counting objects:  76% (737/969)        
2022-03-30T02:26:11.6668781Z remote: Counting objects:  77% (747/969)        
2022-03-30T02:26:11.6669660Z remote: Counting objects:  78% (756/969)        
2022-03-30T02:26:11.6670491Z remote: Counting objects:  79% (766/969)        
2022-03-30T02:26:11.6671290Z remote: Counting objects:  80% (776/969)        
2022-03-30T02:26:11.6672276Z remote: Counting objects:  81% (785/969)        
2022-03-30T02:26:11.6672870Z remote: Counting objects:  82% (795/969)        
2022-03-30T02:26:11.6673973Z remote: Counting objects:  83% (805/969)        
2022-03-30T02:26:11.6674399Z remote: Counting objects:  84% (814/969)        
2022-03-30T02:26:11.6675445Z remote: Counting objects:  85% (824/969)        
2022-03-30T02:26:11.6676563Z remote: Counting objects:  86% (834/969)        
2022-03-30T02:26:11.6677467Z remote: Counting objects:  87% (844/969)        
2022-03-30T02:26:11.6678437Z remote: Counting objects:  88% (853/969)        
2022-03-30T02:26:11.6679458Z remote: Counting objects:  89% (863/969)        
2022-03-30T02:26:11.6680503Z remote: Counting objects:  90% (873/969)        
2022-03-30T02:26:11.6681272Z remote: Counting objects:  91% (882/969)        
2022-03-30T02:26:11.6682065Z remote: Counting objects:  92% (892/969)        
2022-03-30T02:26:11.6682911Z remote: Counting objects:  93% (902/969)        
2022-03-30T02:26:11.6683694Z remote: Counting objects:  94% (911/969)        
2022-03-30T02:26:11.6684309Z remote: Counting objects:  95% (921/969)        
2022-03-30T02:26:11.6685197Z remote: Counting objects:  96% (931/969)        
2022-03-30T02:26:11.6686134Z remote: Counting objects:  97% (940/969)        
2022-03-30T02:26:11.6686870Z remote: Counting objects:  98% (950/969)        
2022-03-30T02:26:11.6687645Z remote: Counting objects:  99% (960/969)        
2022-03-30T02:26:11.6688620Z remote: Counting objects: 100% (969/969)        
2022-03-30T02:26:11.6689411Z remote: Counting objects: 100% (969/969), done.        
2022-03-30T02:26:11.6712297Z remote: Compressing objects:   0% (1/626)        
2022-03-30T02:26:11.6713781Z remote: Compressing objects:   1% (7/626)        
2022-03-30T02:26:11.6715306Z remote: Compressing objects:   2% (13/626)        
2022-03-30T02:26:11.6718588Z remote: Compressing objects:   3% (19/626)        
2022-03-30T02:26:11.6720363Z remote: Compressing objects:   4% (26/626)        
2022-03-30T02:26:11.6722230Z remote: Compressing objects:   5% (32/626)        
2022-03-30T02:26:11.6725205Z remote: Compressing objects:   6% (38/626)        
2022-03-30T02:26:11.6726812Z remote: Compressing objects:   7% (44/626)        
2022-03-30T02:26:11.6728371Z remote: Compressing objects:   8% (51/626)        
2022-03-30T02:26:11.6728831Z remote: Compressing objects:   9% (57/626)        
2022-03-30T02:26:11.6729754Z remote: Compressing objects:  10% (63/626)        
2022-03-30T02:26:11.6730881Z remote: Compressing objects:  11% (69/626)        
2022-03-30T02:26:11.6774236Z remote: Compressing objects:  12% (76/626)        
2022-03-30T02:26:11.6776360Z remote: Compressing objects:  13% (82/626)        
2022-03-30T02:26:11.6810492Z remote: Compressing objects:  14% (88/626)        
2022-03-30T02:26:11.7026713Z remote: Compressing objects:  15% (94/626)        
2022-03-30T02:26:11.7027227Z remote: Compressing objects:  16% (101/626)        
2022-03-30T02:26:11.7027990Z remote: Compressing objects:  17% (107/626)        
2022-03-30T02:26:11.7029071Z remote: Compressing objects:  18% (113/626)        
2022-03-30T02:26:11.7029579Z remote: Compressing objects:  19% (119/626)        
2022-03-30T02:26:11.7030387Z remote: Compressing objects:  20% (126/626)        
2022-03-30T02:26:11.7031037Z remote: Compressing objects:  21% (132/626)        
2022-03-30T02:26:11.7057031Z remote: Compressing objects:  22% (138/626)        
2022-03-30T02:26:11.7075530Z remote: Compressing objects:  23% (144/626)        
2022-03-30T02:26:11.7088526Z remote: Compressing objects:  24% (151/626)        
2022-03-30T02:26:11.7125955Z remote: Compressing objects:  25% (157/626)        
2022-03-30T02:26:11.7127435Z remote: Compressing objects:  26% (163/626)        
2022-03-30T02:26:11.7292904Z remote: Compressing objects:  27% (170/626)        
2022-03-30T02:26:11.7293597Z remote: Compressing objects:  28% (176/626)        
2022-03-30T02:26:11.7295321Z remote: Compressing objects:  29% (182/626)        
2022-03-30T02:26:11.7296336Z remote: Compressing objects:  30% (188/626)        
2022-03-30T02:26:11.7296784Z remote: Compressing objects:  31% (195/626)        
2022-03-30T02:26:11.7322342Z remote: Compressing objects:  32% (201/626)        
2022-03-30T02:26:11.7341892Z remote: Compressing objects:  33% (207/626)        
2022-03-30T02:26:11.7352641Z remote: Compressing objects:  34% (213/626)        
2022-03-30T02:26:11.7363053Z remote: Compressing objects:  35% (220/626)        
2022-03-30T02:26:11.7374603Z remote: Compressing objects:  36% (226/626)        
2022-03-30T02:26:11.7375269Z remote: Compressing objects:  37% (232/626)        
2022-03-30T02:26:11.7391338Z remote: Compressing objects:  38% (238/626)        
2022-03-30T02:26:11.7400821Z remote: Compressing objects:  39% (245/626)        
2022-03-30T02:26:11.7425661Z remote: Compressing objects:  40% (251/626)        
2022-03-30T02:26:11.7426927Z remote: Compressing objects:  41% (257/626)        
2022-03-30T02:26:11.7427603Z remote: Compressing objects:  42% (263/626)        
2022-03-30T02:26:11.7428188Z remote: Compressing objects:  43% (270/626)        
2022-03-30T02:26:11.7558321Z remote: Compressing objects:  44% (276/626)        
2022-03-30T02:26:11.7583982Z remote: Compressing objects:  45% (282/626)        
2022-03-30T02:26:11.7592240Z remote: Compressing objects:  46% (288/626)        
2022-03-30T02:26:11.7597028Z remote: Compressing objects:  47% (295/626)        
2022-03-30T02:26:11.7605770Z remote: Compressing objects:  48% (301/626)        
2022-03-30T02:26:11.7606441Z remote: Compressing objects:  49% (307/626)        
2022-03-30T02:26:11.7607679Z remote: Compressing objects:  50% (313/626)        
2022-03-30T02:26:11.7608308Z remote: Compressing objects:  51% (320/626)        
2022-03-30T02:26:11.7608627Z remote: Compressing objects:  52% (326/626)        
2022-03-30T02:26:11.7608915Z remote: Compressing objects:  53% (332/626)        
2022-03-30T02:26:11.7609375Z remote: Compressing objects:  54% (339/626)        
2022-03-30T02:26:11.7609648Z remote: Compressing objects:  55% (345/626)        
2022-03-30T02:26:11.7609930Z remote: Compressing objects:  56% (351/626)        
2022-03-30T02:26:11.7610224Z remote: Compressing objects:  57% (357/626)        
2022-03-30T02:26:11.7610827Z remote: Compressing objects:  58% (364/626)        
2022-03-30T02:26:11.7611508Z remote: Compressing objects:  59% (370/626)        
2022-03-30T02:26:11.7612817Z remote: Compressing objects:  60% (376/626)        
2022-03-30T02:26:11.7615315Z remote: Compressing objects:  61% (382/626)        
2022-03-30T02:26:11.7616522Z remote: Compressing objects:  62% (389/626)        
2022-03-30T02:26:11.7618208Z remote: Compressing objects:  63% (395/626)        
2022-03-30T02:26:11.7619345Z remote: Compressing objects:  64% (401/626)        
2022-03-30T02:26:11.7620494Z remote: Compressing objects:  65% (407/626)        
2022-03-30T02:26:11.7621555Z remote: Compressing objects:  66% (414/626)        
2022-03-30T02:26:11.7622339Z remote: Compressing objects:  67% (420/626)        
2022-03-30T02:26:11.7622715Z remote: Compressing objects:  68% (426/626)        
2022-03-30T02:26:11.7623077Z remote: Compressing objects:  69% (432/626)        
2022-03-30T02:26:11.7623473Z remote: Compressing objects:  70% (439/626)        
2022-03-30T02:26:11.7623851Z remote: Compressing objects:  71% (445/626)        
2022-03-30T02:26:11.7624228Z remote: Compressing objects:  72% (451/626)        
2022-03-30T02:26:11.7624601Z remote: Compressing objects:  73% (457/626)        
2022-03-30T02:26:11.7624958Z remote: Compressing objects:  74% (464/626)        
2022-03-30T02:26:11.7625343Z remote: Compressing objects:  75% (470/626)        
2022-03-30T02:26:11.7626526Z remote: Compressing objects:  76% (476/626)        
2022-03-30T02:26:11.7629565Z remote: Compressing objects:  77% (483/626)        
2022-03-30T02:26:11.7641084Z remote: Compressing objects:  78% (489/626)        
2022-03-30T02:26:11.7646891Z remote: Compressing objects:  79% (495/626)        
2022-03-30T02:26:11.7647534Z remote: Compressing objects:  80% (501/626)        
2022-03-30T02:26:11.7650168Z remote: Compressing objects:  81% (508/626)        
2022-03-30T02:26:11.7695142Z remote: Compressing objects:  82% (514/626)        
2022-03-30T02:26:11.7695466Z remote: Compressing objects:  83% (520/626)        
2022-03-30T02:26:11.7695820Z remote: Compressing objects:  84% (526/626)        
2022-03-30T02:26:11.7696113Z remote: Compressing objects:  85% (533/626)        
2022-03-30T02:26:11.7696411Z remote: Compressing objects:  86% (539/626)        
2022-03-30T02:26:11.7696881Z remote: Compressing objects:  87% (545/626)        
2022-03-30T02:26:11.7697347Z remote: Compressing objects:  88% (551/626)        
2022-03-30T02:26:11.7697625Z remote: Compressing objects:  89% (558/626)        
2022-03-30T02:26:11.7697920Z remote: Compressing objects:  90% (564/626)        
2022-03-30T02:26:11.7698394Z remote: Compressing objects:  91% (570/626)        
2022-03-30T02:26:11.7698871Z remote: Compressing objects:  92% (576/626)        
2022-03-30T02:26:11.7699168Z remote: Compressing objects:  93% (583/626)        
2022-03-30T02:26:11.7699481Z remote: Compressing objects:  94% (589/626)        
2022-03-30T02:26:11.7699802Z remote: Compressing objects:  95% (595/626)        
2022-03-30T02:26:11.7700289Z remote: Compressing objects:  96% (601/626)        
2022-03-30T02:26:11.7700597Z remote: Compressing objects:  97% (608/626)        
2022-03-30T02:26:11.7700919Z remote: Compressing objects:  98% (614/626)        
2022-03-30T02:26:11.7701397Z remote: Compressing objects:  99% (620/626)        
2022-03-30T02:26:11.7701874Z remote: Compressing objects: 100% (626/626)        
2022-03-30T02:26:11.7702392Z remote: Compressing objects: 100% (626/626), done.        
2022-03-30T02:26:11.7782918Z Receiving objects:   0% (1/969)
2022-03-30T02:26:11.7806318Z Receiving objects:   1% (10/969)
2022-03-30T02:26:11.7834786Z Receiving objects:   2% (20/969)
2022-03-30T02:26:11.7863790Z Receiving objects:   3% (30/969)
2022-03-30T02:26:11.7886107Z Receiving objects:   4% (39/969)
2022-03-30T02:26:11.7886406Z Receiving objects:   5% (49/969)
2022-03-30T02:26:11.8122447Z Receiving objects:   6% (59/969)
2022-03-30T02:26:11.8197378Z Receiving objects:   7% (68/969)
2022-03-30T02:26:11.8363281Z Receiving objects:   8% (78/969)
2022-03-30T02:26:11.8411887Z Receiving objects:   9% (88/969)
2022-03-30T02:26:11.8420043Z Receiving objects:  10% (97/969)
2022-03-30T02:26:11.8522009Z Receiving objects:  11% (107/969)
2022-03-30T02:26:12.6487334Z Receiving objects:  12% (117/969)
2022-03-30T02:26:12.6561964Z Receiving objects:  13% (126/969), 2.46 MiB | 4.91 MiB/s
2022-03-30T02:26:12.6566203Z Receiving objects:  14% (136/969), 2.46 MiB | 4.91 MiB/s
2022-03-30T02:26:12.6572801Z Receiving objects:  15% (146/969), 2.46 MiB | 4.91 MiB/s
2022-03-30T02:26:12.6576745Z Receiving objects:  16% (156/969), 2.46 MiB | 4.91 MiB/s
2022-03-30T02:26:12.6582050Z Receiving objects:  17% (165/969), 2.46 MiB | 4.91 MiB/s
2022-03-30T02:26:12.6591318Z Receiving objects:  18% (175/969), 2.46 MiB | 4.91 MiB/s
2022-03-30T02:26:12.6591738Z Receiving objects:  19% (185/969), 2.46 MiB | 4.91 MiB/s
2022-03-30T02:26:12.6767625Z Receiving objects:  20% (194/969), 2.46 MiB | 4.91 MiB/s
2022-03-30T02:26:12.6767957Z Receiving objects:  21% (204/969), 2.46 MiB | 4.91 MiB/s
2022-03-30T02:26:12.6768293Z Receiving objects:  22% (214/969), 2.46 MiB | 4.91 MiB/s
2022-03-30T02:26:12.6768549Z Receiving objects:  23% (223/969), 2.46 MiB | 4.91 MiB/s
2022-03-30T02:26:12.6768815Z Receiving objects:  24% (233/969), 2.46 MiB | 4.91 MiB/s
2022-03-30T02:26:12.6769074Z Receiving objects:  25% (243/969), 2.46 MiB | 4.91 MiB/s
2022-03-30T02:26:12.6769336Z Receiving objects:  26% (252/969), 2.46 MiB | 4.91 MiB/s
2022-03-30T02:26:12.6769580Z Receiving objects:  27% (262/969), 2.46 MiB | 4.91 MiB/s
2022-03-30T02:26:12.6769845Z Receiving objects:  28% (272/969), 2.46 MiB | 4.91 MiB/s
2022-03-30T02:26:12.6770104Z Receiving objects:  29% (282/969), 2.46 MiB | 4.91 MiB/s
2022-03-30T02:26:12.6770364Z Receiving objects:  30% (291/969), 2.46 MiB | 4.91 MiB/s
2022-03-30T02:26:12.6770607Z Receiving objects:  31% (301/969), 2.46 MiB | 4.91 MiB/s
2022-03-30T02:26:12.6770864Z Receiving objects:  32% (311/969), 2.46 MiB | 4.91 MiB/s
2022-03-30T02:26:12.6771785Z Receiving objects:  33% (320/969), 2.46 MiB | 4.91 MiB/s
2022-03-30T02:26:12.6772064Z Receiving objects:  34% (330/969), 2.46 MiB | 4.91 MiB/s
2022-03-30T02:26:12.6772712Z Receiving objects:  35% (340/969), 2.46 MiB | 4.91 MiB/s
2022-03-30T02:26:12.6772998Z Receiving objects:  36% (349/969), 2.46 MiB | 4.91 MiB/s
2022-03-30T02:26:12.6773283Z Receiving objects:  37% (359/969), 2.46 MiB | 4.91 MiB/s
2022-03-30T02:26:12.6773564Z Receiving objects:  38% (369/969), 2.46 MiB | 4.91 MiB/s
2022-03-30T02:26:12.6773830Z Receiving objects:  39% (378/969), 2.46 MiB | 4.91 MiB/s
2022-03-30T02:26:12.6774109Z Receiving objects:  40% (388/969), 2.46 MiB | 4.91 MiB/s
2022-03-30T02:26:12.6774394Z Receiving objects:  41% (398/969), 2.46 MiB | 4.91 MiB/s
2022-03-30T02:26:12.6774678Z Receiving objects:  42% (407/969), 2.46 MiB | 4.91 MiB/s
2022-03-30T02:26:12.6774961Z Receiving objects:  43% (417/969), 2.46 MiB | 4.91 MiB/s
2022-03-30T02:26:12.6775229Z Receiving objects:  44% (427/969), 2.46 MiB | 4.91 MiB/s
2022-03-30T02:26:12.6775512Z Receiving objects:  45% (437/969), 2.46 MiB | 4.91 MiB/s
2022-03-30T02:26:12.6776141Z Receiving objects:  46% (446/969), 2.46 MiB | 4.91 MiB/s
2022-03-30T02:26:12.6776757Z Receiving objects:  47% (456/969), 2.46 MiB | 4.91 MiB/s
2022-03-30T02:26:12.6776991Z Receiving objects:  48% (466/969), 2.46 MiB | 4.91 MiB/s
2022-03-30T02:26:12.6777236Z Receiving objects:  49% (475/969), 2.46 MiB | 4.91 MiB/s
2022-03-30T02:26:12.6777489Z Receiving objects:  50% (485/969), 2.46 MiB | 4.91 MiB/s
2022-03-30T02:26:12.6777739Z Receiving objects:  51% (495/969), 2.46 MiB | 4.91 MiB/s
2022-03-30T02:26:12.6777981Z Receiving objects:  52% (504/969), 2.46 MiB | 4.91 MiB/s
2022-03-30T02:26:12.6778230Z Receiving objects:  53% (514/969), 2.46 MiB | 4.91 MiB/s
2022-03-30T02:26:12.6778477Z Receiving objects:  54% (524/969), 2.46 MiB | 4.91 MiB/s
2022-03-30T02:26:12.6778724Z Receiving objects:  55% (533/969), 2.46 MiB | 4.91 MiB/s
2022-03-30T02:26:12.6778962Z Receiving objects:  56% (543/969), 2.46 MiB | 4.91 MiB/s
2022-03-30T02:26:12.6779207Z Receiving objects:  57% (553/969), 2.46 MiB | 4.91 MiB/s
2022-03-30T02:26:12.6779560Z Receiving objects:  58% (563/969), 2.46 MiB | 4.91 MiB/s
2022-03-30T02:26:12.6779829Z Receiving objects:  59% (572/969), 2.46 MiB | 4.91 MiB/s
2022-03-30T02:26:12.6780065Z Receiving objects:  60% (582/969), 2.46 MiB | 4.91 MiB/s
2022-03-30T02:26:12.6780314Z Receiving objects:  61% (592/969), 2.46 MiB | 4.91 MiB/s
2022-03-30T02:26:12.6780565Z Receiving objects:  62% (601/969), 2.46 MiB | 4.91 MiB/s
2022-03-30T02:26:12.6780814Z Receiving objects:  63% (611/969), 2.46 MiB | 4.91 MiB/s
2022-03-30T02:26:12.6781060Z Receiving objects:  64% (621/969), 2.46 MiB | 4.91 MiB/s
2022-03-30T02:26:12.6781294Z Receiving objects:  65% (630/969), 2.46 MiB | 4.91 MiB/s
2022-03-30T02:26:12.6781544Z Receiving objects:  66% (640/969), 2.46 MiB | 4.91 MiB/s
2022-03-30T02:26:12.6781788Z Receiving objects:  67% (650/969), 2.46 MiB | 4.91 MiB/s
2022-03-30T02:26:12.6782057Z Receiving objects:  68% (659/969), 2.46 MiB | 4.91 MiB/s
2022-03-30T02:26:12.6830224Z Receiving objects:  69% (669/969), 2.46 MiB | 4.91 MiB/s
2022-03-30T02:26:12.6838435Z Receiving objects:  70% (679/969), 2.46 MiB | 4.91 MiB/s
2022-03-30T02:26:12.6850286Z Receiving objects:  71% (688/969), 2.46 MiB | 4.91 MiB/s
2022-03-30T02:26:12.6860263Z Receiving objects:  72% (698/969), 2.46 MiB | 4.91 MiB/s
2022-03-30T02:26:12.6869835Z Receiving objects:  73% (708/969), 2.46 MiB | 4.91 MiB/s
2022-03-30T02:26:12.6873552Z Receiving objects:  74% (718/969), 2.46 MiB | 4.91 MiB/s
2022-03-30T02:26:12.6881242Z Receiving objects:  75% (727/969), 2.46 MiB | 4.91 MiB/s
2022-03-30T02:26:12.6887887Z Receiving objects:  76% (737/969), 2.46 MiB | 4.91 MiB/s
2022-03-30T02:26:12.6894243Z Receiving objects:  77% (747/969), 2.46 MiB | 4.91 MiB/s
2022-03-30T02:26:12.6894753Z Receiving objects:  78% (756/969), 2.46 MiB | 4.91 MiB/s
2022-03-30T02:26:12.6901162Z Receiving objects:  79% (766/969), 2.46 MiB | 4.91 MiB/s
2022-03-30T02:26:12.6904342Z Receiving objects:  80% (776/969), 2.46 MiB | 4.91 MiB/s
2022-03-30T02:26:12.6910058Z Receiving objects:  81% (785/969), 2.46 MiB | 4.91 MiB/s
2022-03-30T02:26:12.6913358Z Receiving objects:  82% (795/969), 2.46 MiB | 4.91 MiB/s
2022-03-30T02:26:12.6916788Z Receiving objects:  83% (805/969), 2.46 MiB | 4.91 MiB/s
2022-03-30T02:26:12.6971946Z Receiving objects:  84% (814/969), 2.46 MiB | 4.91 MiB/s
2022-03-30T02:26:12.7033208Z Receiving objects:  85% (824/969), 2.46 MiB | 4.91 MiB/s
2022-03-30T02:26:12.7034956Z Receiving objects:  86% (834/969), 2.46 MiB | 4.91 MiB/s
2022-03-30T02:26:12.7035269Z Receiving objects:  87% (844/969), 2.46 MiB | 4.91 MiB/s
2022-03-30T02:26:12.7037101Z Receiving objects:  88% (853/969), 2.46 MiB | 4.91 MiB/s
2022-03-30T02:26:12.7037402Z Receiving objects:  89% (863/969), 2.46 MiB | 4.91 MiB/s
2022-03-30T02:26:12.7038190Z remote: Total 969 (delta 47), reused 670 (delta 15), pack-reused 0        
2022-03-30T02:26:12.7038536Z Receiving objects:  90% (873/969), 2.46 MiB | 4.91 MiB/s
2022-03-30T02:26:12.7038853Z Receiving objects:  91% (882/969), 2.46 MiB | 4.91 MiB/s
2022-03-30T02:26:12.7045085Z Receiving objects:  92% (892/969), 2.46 MiB | 4.91 MiB/s
2022-03-30T02:26:12.7050432Z Receiving objects:  93% (902/969), 2.46 MiB | 4.91 MiB/s
2022-03-30T02:26:12.7050732Z Receiving objects:  94% (911/969), 2.46 MiB | 4.91 MiB/s
2022-03-30T02:26:12.7051015Z Receiving objects:  95% (921/969), 2.46 MiB | 4.91 MiB/s
2022-03-30T02:26:12.7055790Z Receiving objects:  96% (931/969), 2.46 MiB | 4.91 MiB/s
2022-03-30T02:26:12.7068022Z Receiving objects:  97% (940/969), 2.46 MiB | 4.91 MiB/s
2022-03-30T02:26:12.7068358Z Receiving objects:  98% (950/969), 2.46 MiB | 4.91 MiB/s
2022-03-30T02:26:12.7078544Z Receiving objects:  99% (960/969), 2.46 MiB | 4.91 MiB/s
2022-03-30T02:26:12.7083646Z Receiving objects: 100% (969/969), 2.46 MiB | 4.91 MiB/s
2022-03-30T02:26:12.7083991Z Receiving objects: 100% (969/969), 10.00 MiB | 10.76 MiB/s, done.
2022-03-30T02:26:12.7084470Z Resolving deltas:   0% (0/47)
2022-03-30T02:26:12.7084726Z Resolving deltas:   2% (1/47)
2022-03-30T02:26:12.7084963Z Resolving deltas:   4% (2/47)
2022-03-30T02:26:12.7085395Z Resolving deltas:   6% (3/47)
2022-03-30T02:26:12.7085639Z Resolving deltas:   8% (4/47)
2022-03-30T02:26:12.7085881Z Resolving deltas:  10% (5/47)
2022-03-30T02:26:12.7086122Z Resolving deltas:  12% (6/47)
2022-03-30T02:26:12.7086342Z Resolving deltas:  14% (7/47)
2022-03-30T02:26:12.7086581Z Resolving deltas:  17% (8/47)
2022-03-30T02:26:12.7086818Z Resolving deltas:  19% (9/47)
2022-03-30T02:26:12.7087053Z Resolving deltas:  21% (10/47)
2022-03-30T02:26:12.7087477Z Resolving deltas:  23% (11/47)
2022-03-30T02:26:12.7087707Z Resolving deltas:  25% (12/47)
2022-03-30T02:26:12.7087936Z Resolving deltas:  27% (13/47)
2022-03-30T02:26:12.7088166Z Resolving deltas:  29% (14/47)
2022-03-30T02:26:12.7088381Z Resolving deltas:  31% (15/47)
2022-03-30T02:26:12.7088608Z Resolving deltas:  34% (16/47)
2022-03-30T02:26:12.7088835Z Resolving deltas:  36% (17/47)
2022-03-30T02:26:12.7089221Z Resolving deltas:  38% (18/47)
2022-03-30T02:26:12.7089428Z Resolving deltas:  40% (19/47)
2022-03-30T02:26:12.7089653Z Resolving deltas:  42% (20/47)
2022-03-30T02:26:12.7090045Z Resolving deltas:  44% (21/47)
2022-03-30T02:26:12.7090277Z Resolving deltas:  46% (22/47)
2022-03-30T02:26:12.7090496Z Resolving deltas:  48% (23/47)
2022-03-30T02:26:12.7090725Z Resolving deltas:  51% (24/47)
2022-03-30T02:26:12.7091374Z Resolving deltas:  53% (25/47)
2022-03-30T02:26:12.7091792Z Resolving deltas:  55% (26/47)
2022-03-30T02:26:12.7092029Z Resolving deltas:  57% (27/47)
2022-03-30T02:26:12.7092278Z Resolving deltas:  59% (28/47)
2022-03-30T02:26:12.7092529Z Resolving deltas:  61% (29/47)
2022-03-30T02:26:12.7092773Z Resolving deltas:  63% (30/47)
2022-03-30T02:26:12.7094808Z Resolving deltas:  65% (31/47)
2022-03-30T02:26:12.7095901Z Resolving deltas:  68% (32/47)
2022-03-30T02:26:12.7096134Z Resolving deltas:  70% (33/47)
2022-03-30T02:26:12.7096356Z Resolving deltas:  72% (34/47)
2022-03-30T02:26:12.7130654Z Resolving deltas:  74% (35/47)
2022-03-30T02:26:12.7130918Z Resolving deltas:  76% (36/47)
2022-03-30T02:26:12.7131614Z Resolving deltas:  78% (37/47)
2022-03-30T02:26:12.7132100Z Resolving deltas:  80% (38/47)
2022-03-30T02:26:12.7132357Z Resolving deltas:  82% (39/47)
2022-03-30T02:26:12.7132983Z Resolving deltas:  85% (40/47)
2022-03-30T02:26:12.7133265Z Resolving deltas:  87% (41/47)
2022-03-30T02:26:12.7133540Z Resolving deltas:  89% (42/47)
2022-03-30T02:26:12.7133795Z Resolving deltas:  91% (43/47)
2022-03-30T02:26:12.7134061Z Resolving deltas:  93% (44/47)
2022-03-30T02:26:12.7134327Z Resolving deltas:  95% (45/47)
2022-03-30T02:26:12.7134592Z Resolving deltas:  97% (46/47)
2022-03-30T02:26:12.7134843Z Resolving deltas: 100% (47/47)
2022-03-30T02:26:12.7135117Z Resolving deltas: 100% (47/47), done.
2022-03-30T02:26:12.7431419Z From https://github.com/MycroftAI/mycroft-core
2022-03-30T02:26:12.7431909Z  * [new ref]         674f4afafade58ee910297a8d2bc5dd1513654a1 -> origin/mark-ii/qa
2022-03-30T02:26:12.7449623Z ##[endgroup]
2022-03-30T02:26:12.7450068Z ##[group]Determining the checkout info
2022-03-30T02:26:12.7452258Z ##[endgroup]
2022-03-30T02:26:12.7452666Z ##[group]Checking out the ref
2022-03-30T02:26:12.7457850Z [command]/usr/bin/git checkout --progress --force -B mark-ii/qa refs/remotes/origin/mark-ii/qa
2022-03-30T02:26:12.8873481Z Switched to a new branch 'mark-ii/qa'
2022-03-30T02:26:12.8874115Z branch 'mark-ii/qa' set up to track 'origin/mark-ii/qa'.
2022-03-30T02:26:12.8880275Z ##[endgroup]
2022-03-30T02:26:12.8929780Z [command]/usr/bin/git log -1 --format='%H'
2022-03-30T02:26:12.8958130Z '674f4afafade58ee910297a8d2bc5dd1513654a1'
2022-03-30T02:26:12.9245117Z ##[group]Run actions/setup-python@v2
2022-03-30T02:26:12.9245405Z with:
2022-03-30T02:26:12.9245622Z   python-version: 3.7
2022-03-30T02:26:12.9246189Z   token: ***
2022-03-30T02:26:12.9246392Z ##[endgroup]
2022-03-30T02:26:13.1420805Z Successfully setup CPython (3.7.12)
2022-03-30T02:26:16.1132819Z ##[group]Run actions/cache@v2
2022-03-30T02:26:16.1133211Z with:
2022-03-30T02:26:16.1133588Z   path: ~/.cache/pip
2022-03-30T02:26:16.1134024Z   key: Linux-build-cache-pypi-modules-1a184bde04a16a515eeccd5e9f373265f026270d180ef4f6777e951dbd14bf19
2022-03-30T02:26:16.1134714Z   restore-keys: Linux-build-cache-pypi-modules-
Linux-build-
Linux-

2022-03-30T02:26:16.1135027Z env:
2022-03-30T02:26:16.1135297Z   pythonLocation: /opt/hostedtoolcache/Python/3.7.12/x64
2022-03-30T02:26:16.1135798Z   LD_LIBRARY_PATH: /opt/hostedtoolcache/Python/3.7.12/x64/lib
2022-03-30T02:26:16.1136104Z   cache-name: cache-pypi-modules
2022-03-30T02:26:16.1136350Z ##[endgroup]
2022-03-30T02:26:18.3954673Z Received 0 of 74473119 (0.0%), 0.0 MBs/sec
2022-03-30T02:26:19.2145133Z Received 74473119 of 74473119 (100.0%), 39.0 MBs/sec
2022-03-30T02:26:19.2149699Z Cache Size: ~71 MB (74473119 B)
2022-03-30T02:26:19.2183928Z [command]/usr/bin/tar --use-compress-program zstd -d -xf /home/runner/work/_temp/6eb742b8-8671-4082-a36a-605d33763b34/cache.tzst -P -C /home/runner/work/mycroft-core/mycroft-core
2022-03-30T02:26:19.4160431Z Cache restored successfully
2022-03-30T02:26:19.4963100Z 
2022-03-30T02:26:19.4965253Z Cache restored from key: Linux-build-cache-pypi-modules-7a1f52398e6bef20fc0fcccfbd46f6b99d3b11697c476c0add1c71a337ccced3
2022-03-30T02:26:19.5203784Z ##[group]Run sudo apt-get update -qq
2022-03-30T02:26:19.5204172Z [36;1msudo apt-get update -qq[0m
2022-03-30T02:26:19.5204441Z [36;1msudo apt-get install -y gcc g++[0m
2022-03-30T02:26:19.5260002Z shell: /usr/bin/bash -e {0}
2022-03-30T02:26:19.5260250Z env:
2022-03-30T02:26:19.5260532Z   pythonLocation: /opt/hostedtoolcache/Python/3.7.12/x64
2022-03-30T02:26:19.5260874Z   LD_LIBRARY_PATH: /opt/hostedtoolcache/Python/3.7.12/x64/lib
2022-03-30T02:26:19.5261130Z ##[endgroup]
2022-03-30T02:26:35.7194465Z Reading package lists...
2022-03-30T02:26:35.8755361Z Building dependency tree...
2022-03-30T02:26:35.8773905Z Reading state information...
2022-03-30T02:26:36.0522072Z g++ is already the newest version (4:9.3.0-1ubuntu2).
2022-03-30T02:26:36.0523619Z g++ set to manually installed.
2022-03-30T02:26:36.0524988Z gcc is already the newest version (4:9.3.0-1ubuntu2).
2022-03-30T02:26:36.0525522Z gcc set to manually installed.
2022-03-30T02:26:36.1407206Z 0 upgraded, 0 newly installed, 0 to remove and 139 not upgraded.
2022-03-30T02:26:36.1970576Z ##[group]Run pip install -r requirements/tests.txt
2022-03-30T02:26:36.1970946Z [36;1mpip install -r requirements/tests.txt[0m
2022-03-30T02:26:36.2022365Z shell: /usr/bin/bash -e {0}
2022-03-30T02:26:36.2022584Z env:
2022-03-30T02:26:36.2022853Z   pythonLocation: /opt/hostedtoolcache/Python/3.7.12/x64
2022-03-30T02:26:36.2023179Z   LD_LIBRARY_PATH: /opt/hostedtoolcache/Python/3.7.12/x64/lib
2022-03-30T02:26:36.2023433Z ##[endgroup]
2022-03-30T02:26:41.9534252Z Collecting git+https://github.com/krisgesling/tag-expressions-python@3.0.1.dev1 (from -r requirements/tests.txt (line 8))
2022-03-30T02:26:41.9542218Z   Cloning https://github.com/krisgesling/tag-expressions-python (to revision 3.0.1.dev1) to /tmp/pip-req-build-hvsty0zb
2022-03-30T02:26:41.9604504Z   Running command git clone --filter=blob:none --quiet https://github.com/krisgesling/tag-expressions-python /tmp/pip-req-build-hvsty0zb
2022-03-30T02:26:42.8616151Z   Resolved https://github.com/krisgesling/tag-expressions-python to commit d27e6edf5ad7735e9496f47a445af57536abbdf6
2022-03-30T02:26:42.8626310Z   Preparing metadata (setup.py): started
2022-03-30T02:26:44.1599253Z   Preparing metadata (setup.py): finished with status 'done'
2022-03-30T02:26:44.1711675Z Collecting git+https://github.com/behave/behave@v1.2.7.dev2 (from -r requirements/tests.txt (line 9))
2022-03-30T02:26:44.1722960Z   Cloning https://github.com/behave/behave (to revision v1.2.7.dev2) to /tmp/pip-req-build-vcvck0fc
2022-03-30T02:26:44.1777294Z   Running command git clone --filter=blob:none --quiet https://github.com/behave/behave /tmp/pip-req-build-vcvck0fc
2022-03-30T02:26:45.5884541Z   Running command git checkout -q 9520119376046aeff73804b5f1ea05d87a63f370
2022-03-30T02:26:46.1298137Z   Resolved https://github.com/behave/behave to commit 9520119376046aeff73804b5f1ea05d87a63f370
2022-03-30T02:26:46.1309437Z   Preparing metadata (setup.py): started
2022-03-30T02:26:46.4581387Z   Preparing metadata (setup.py): finished with status 'done'
2022-03-30T02:26:46.5535504Z Collecting coveralls==1.8.2
2022-03-30T02:26:46.5560082Z   Using cached coveralls-1.8.2-py2.py3-none-any.whl (11 kB)
2022-03-30T02:26:46.6199376Z Collecting flake8==3.7.9
2022-03-30T02:26:46.6227968Z   Using cached flake8-3.7.9-py2.py3-none-any.whl (69 kB)
2022-03-30T02:26:46.7384839Z Collecting pytest==5.2.4
2022-03-30T02:26:46.7418185Z   Using cached pytest-5.2.4-py3-none-any.whl (227 kB)
2022-03-30T02:26:46.7860251Z Collecting pytest-cov==2.8.1
2022-03-30T02:26:46.7883636Z   Using cached pytest_cov-2.8.1-py2.py3-none-any.whl (18 kB)
2022-03-30T02:26:46.8067049Z Collecting cov-core==1.15.0
2022-03-30T02:26:46.8069253Z   Using cached cov_core-1.15.0-py3-none-any.whl
2022-03-30T02:26:46.9529085Z Collecting sphinx==2.2.1
2022-03-30T02:26:46.9638327Z   Using cached Sphinx-2.2.1-py3-none-any.whl (3.3 MB)
2022-03-30T02:26:47.0121056Z Collecting sphinx-rtd-theme==0.4.3
2022-03-30T02:26:47.0301346Z   Using cached sphinx_rtd_theme-0.4.3-py2.py3-none-any.whl (6.4 MB)
2022-03-30T02:26:47.1199916Z Collecting allure-behave==2.8.10
2022-03-30T02:26:47.1219415Z   Using cached allure_behave-2.8.10-py3-none-any.whl (6.6 kB)
2022-03-30T02:26:47.1472688Z Collecting python-vlc==1.1.2
2022-03-30T02:26:47.1476867Z   Using cached python_vlc-1.1.2-py3-none-any.whl
2022-03-30T02:26:47.5799524Z Collecting coverage<5.0,>=3.6
2022-03-30T02:26:47.5845664Z   Using cached coverage-4.5.4-cp37-cp37m-manylinux1_x86_64.whl (205 kB)
2022-03-30T02:26:47.6049593Z Collecting docopt>=0.6.1
2022-03-30T02:26:47.6051504Z   Using cached docopt-0.6.2-py2.py3-none-any.whl
2022-03-30T02:26:47.6865499Z Collecting requests>=1.0.0
2022-03-30T02:26:47.6959966Z   Using cached requests-2.27.1-py2.py3-none-any.whl (63 kB)
2022-03-30T02:26:47.7318946Z Collecting pycodestyle<2.6.0,>=2.5.0
2022-03-30T02:26:47.7345285Z   Using cached pycodestyle-2.5.0-py2.py3-none-any.whl (51 kB)
2022-03-30T02:26:47.7694602Z Collecting mccabe<0.7.0,>=0.6.0
2022-03-30T02:26:47.7723501Z   Using cached mccabe-0.6.1-py2.py3-none-any.whl (8.6 kB)
2022-03-30T02:26:47.8032630Z Collecting pyflakes<2.2.0,>=2.1.0
2022-03-30T02:26:47.8059509Z   Using cached pyflakes-2.1.1-py2.py3-none-any.whl (59 kB)
2022-03-30T02:26:47.8243735Z Collecting entrypoints<0.4.0,>=0.3.0
2022-03-30T02:26:47.8267881Z   Using cached entrypoints-0.3-py2.py3-none-any.whl (11 kB)
2022-03-30T02:26:47.8680142Z Collecting wcwidth
2022-03-30T02:26:47.8707134Z   Using cached wcwidth-0.2.5-py2.py3-none-any.whl (30 kB)
2022-03-30T02:26:47.9091622Z Collecting more-itertools>=4.0.0
2022-03-30T02:26:47.9119568Z   Using cached more_itertools-8.12.0-py3-none-any.whl (54 kB)
2022-03-30T02:26:47.9526008Z Collecting py>=1.5.0
2022-03-30T02:26:47.9557297Z   Using cached py-1.11.0-py2.py3-none-any.whl (98 kB)
2022-03-30T02:26:48.0020741Z Collecting packaging
2022-03-30T02:26:48.0047393Z   Using cached packaging-21.3-py3-none-any.whl (40 kB)
2022-03-30T02:26:48.0442613Z Collecting pluggy<1.0,>=0.12
2022-03-30T02:26:48.0466914Z   Using cached pluggy-0.13.1-py2.py3-none-any.whl (18 kB)
2022-03-30T02:26:48.0724801Z Collecting atomicwrites>=1.0
2022-03-30T02:26:48.0754524Z   Using cached atomicwrites-1.4.0-py2.py3-none-any.whl (6.8 kB)
2022-03-30T02:26:48.1127100Z Collecting attrs>=17.4.0
2022-03-30T02:26:48.1151881Z   Using cached attrs-21.4.0-py2.py3-none-any.whl (60 kB)
2022-03-30T02:26:48.2094638Z Collecting importlib-metadata>=0.12
2022-03-30T02:26:48.2329769Z   Downloading importlib_metadata-4.11.3-py3-none-any.whl (18 kB)
2022-03-30T02:26:48.3326925Z Requirement already satisfied: setuptools in /opt/hostedtoolcache/Python/3.7.12/x64/lib/python3.7/site-packages (from sphinx==2.2.1->-r requirements/tests.txt (line 6)) (47.1.0)
2022-03-30T02:26:48.3491742Z Collecting sphinxcontrib-applehelp
2022-03-30T02:26:48.3517666Z   Using cached sphinxcontrib_applehelp-1.0.2-py2.py3-none-any.whl (121 kB)
2022-03-30T02:26:48.4037942Z Collecting Pygments>=2.0
2022-03-30T02:26:48.4091744Z   Using cached Pygments-2.11.2-py3-none-any.whl (1.1 MB)
2022-03-30T02:26:48.4641617Z Collecting docutils>=0.12
2022-03-30T02:26:48.4668990Z   Using cached docutils-0.18.1-py2.py3-none-any.whl (570 kB)
2022-03-30T02:26:48.4898282Z Collecting sphinxcontrib-serializinghtml
2022-03-30T02:26:48.4924004Z   Using cached sphinxcontrib_serializinghtml-1.1.5-py2.py3-none-any.whl (94 kB)
2022-03-30T02:26:48.5094698Z Collecting sphinxcontrib-jsmath
2022-03-30T02:26:48.5117524Z   Using cached sphinxcontrib_jsmath-1.0.1-py2.py3-none-any.whl (5.1 kB)
2022-03-30T02:26:48.5429692Z Collecting babel!=2.0,>=1.3
2022-03-30T02:26:48.5655811Z   Using cached Babel-2.9.1-py2.py3-none-any.whl (8.8 MB)
2022-03-30T02:26:48.6471551Z Collecting alabaster<0.8,>=0.7
2022-03-30T02:26:48.6498238Z   Using cached alabaster-0.7.12-py2.py3-none-any.whl (14 kB)
2022-03-30T02:26:48.6772094Z Collecting snowballstemmer>=1.1
2022-03-30T02:26:48.6798761Z   Using cached snowballstemmer-2.2.0-py2.py3-none-any.whl (93 kB)
2022-03-30T02:26:48.7221594Z Collecting Jinja2>=2.3
2022-03-30T02:26:48.7276175Z   Downloading Jinja2-3.1.1-py3-none-any.whl (132 kB)
2022-03-30T02:26:48.7367701Z      ━━━━━━━━━━━━━━━━━━━━━━━━━━━━━━━━━━━━━━ 132.6/132.6 KB 25.4 MB/s eta 0:00:00
2022-03-30T02:26:48.7565477Z Collecting sphinxcontrib-htmlhelp
2022-03-30T02:26:48.7596678Z   Using cached sphinxcontrib_htmlhelp-2.0.0-py2.py3-none-any.whl (100 kB)
2022-03-30T02:26:48.8032771Z Collecting sphinxcontrib-qthelp
2022-03-30T02:26:48.8058936Z   Using cached sphinxcontrib_qthelp-1.0.3-py2.py3-none-any.whl (90 kB)
2022-03-30T02:26:48.8318927Z Collecting imagesize
2022-03-30T02:26:48.8345072Z   Using cached imagesize-1.3.0-py2.py3-none-any.whl (5.2 kB)
2022-03-30T02:26:48.8549934Z Collecting sphinxcontrib-devhelp
2022-03-30T02:26:48.8575955Z   Using cached sphinxcontrib_devhelp-1.0.2-py2.py3-none-any.whl (84 kB)
2022-03-30T02:26:48.9115069Z Collecting allure-python-commons==2.8.10
2022-03-30T02:26:48.9142294Z   Using cached allure_python_commons-2.8.10-py3-none-any.whl (15 kB)
2022-03-30T02:26:48.9606493Z Collecting six>=1.9.0
2022-03-30T02:26:48.9633046Z   Using cached six-1.16.0-py2.py3-none-any.whl (11 kB)
2022-03-30T02:26:49.0213775Z Collecting parse>=1.18.0
2022-03-30T02:26:49.0216395Z   Using cached parse-1.19.0-py3-none-any.whl
2022-03-30T02:26:49.0440663Z Collecting parse_type>=0.4.2
2022-03-30T02:26:49.0470963Z   Using cached parse_type-0.6.0-py2.py3-none-any.whl (32 kB)
2022-03-30T02:26:49.0853914Z Collecting colorama
2022-03-30T02:26:49.0879663Z   Using cached colorama-0.4.4-py2.py3-none-any.whl (16 kB)
2022-03-30T02:26:49.2705681Z Collecting pytz>=2015.7
2022-03-30T02:26:49.2761896Z   Downloading pytz-2022.1-py2.py3-none-any.whl (503 kB)
2022-03-30T02:26:49.2896094Z      ━━━━━━━━━━━━━━━━━━━━━━━━━━━━━━━━━━━━━━ 503.5/503.5 KB 51.6 MB/s eta 0:00:00
2022-03-30T02:26:49.3974985Z Collecting zipp>=0.5
2022-03-30T02:26:49.4000818Z   Using cached zipp-3.7.0-py3-none-any.whl (5.3 kB)
2022-03-30T02:26:49.4311328Z Collecting typing-extensions>=3.6.4
2022-03-30T02:26:49.4338155Z   Using cached typing_extensions-4.1.1-py3-none-any.whl (26 kB)
2022-03-30T02:26:49.5395073Z Collecting MarkupSafe>=2.0
2022-03-30T02:26:49.5452173Z   Downloading MarkupSafe-2.1.1-cp37-cp37m-manylinux_2_17_x86_64.manylinux2014_x86_64.whl (25 kB)
2022-03-30T02:26:49.7195919Z Collecting charset-normalizer~=2.0.0
2022-03-30T02:26:49.7221006Z   Using cached charset_normalizer-2.0.12-py3-none-any.whl (39 kB)
2022-03-30T02:26:49.7574094Z Collecting certifi>=2017.4.17
2022-03-30T02:26:49.7600389Z   Using cached certifi-2021.10.8-py2.py3-none-any.whl (149 kB)
2022-03-30T02:26:49.7889700Z Collecting idna<4,>=2.5
2022-03-30T02:26:49.7916159Z   Using cached idna-3.3-py3-none-any.whl (61 kB)
2022-03-30T02:26:49.8575715Z Collecting urllib3<1.27,>=1.21.1
2022-03-30T02:26:49.8634682Z   Downloading urllib3-1.26.9-py2.py3-none-any.whl (138 kB)
2022-03-30T02:26:49.8706977Z      ━━━━━━━━━━━━━━━━━━━━━━━━━━━━━━━━━━━━━━ 139.0/139.0 KB 35.1 MB/s eta 0:00:00
2022-03-30T02:26:49.9964252Z Collecting pyparsing!=3.0.5,>=2.0.2
2022-03-30T02:26:49.9988765Z   Using cached pyparsing-3.0.7-py3-none-any.whl (98 kB)
2022-03-30T02:26:50.3333923Z Using legacy 'setup.py install' for cucumber-tag-expressions, since package 'wheel' is not installed.
2022-03-30T02:26:50.3349602Z Using legacy 'setup.py install' for behave, since package 'wheel' is not installed.
2022-03-30T02:26:50.6733018Z Installing collected packages: wcwidth, snowballstemmer, pytz, python-vlc, parse, mccabe, docopt, certifi, alabaster, zipp, urllib3, typing-extensions, sphinxcontrib-serializinghtml, sphinxcontrib-qthelp, sphinxcontrib-jsmath, sphinxcontrib-htmlhelp, sphinxcontrib-devhelp, sphinxcontrib-applehelp, six, pyparsing, Pygments, pyflakes, pycodestyle, py, more-itertools, MarkupSafe, imagesize, idna, entrypoints, docutils, cucumber-tag-expressions, coverage, colorama, charset-normalizer, babel, attrs, atomicwrites, requests, parse_type, packaging, Jinja2, importlib-metadata, flake8, cov-core, sphinx, pluggy, coveralls, behave, sphinx-rtd-theme, pytest, allure-python-commons, pytest-cov, allure-behave
2022-03-30T02:26:52.9163526Z   Running setup.py install for cucumber-tag-expressions: started
2022-03-30T02:26:53.3210501Z   Running setup.py install for cucumber-tag-expressions: finished with status 'done'
2022-03-30T02:26:55.2611828Z   Running setup.py install for behave: started
2022-03-30T02:26:55.7212356Z   Running setup.py install for behave: finished with status 'done'
2022-03-30T02:26:56.0273654Z Successfully installed Jinja2-3.1.1 MarkupSafe-2.1.1 Pygments-2.11.2 alabaster-0.7.12 allure-behave-2.8.10 allure-python-commons-2.8.10 atomicwrites-1.4.0 attrs-21.4.0 babel-2.9.1 behave-1.2.7.dev2 certifi-2021.10.8 charset-normalizer-2.0.12 colorama-0.4.4 cov-core-1.15.0 coverage-4.5.4 coveralls-1.8.2 cucumber-tag-expressions-3.0.1.dev1 docopt-0.6.2 docutils-0.18.1 entrypoints-0.3 flake8-3.7.9 idna-3.3 imagesize-1.3.0 importlib-metadata-4.11.3 mccabe-0.6.1 more-itertools-8.12.0 packaging-21.3 parse-1.19.0 parse_type-0.6.0 pluggy-0.13.1 py-1.11.0 pycodestyle-2.5.0 pyflakes-2.1.1 pyparsing-3.0.7 pytest-5.2.4 pytest-cov-2.8.1 python-vlc-1.1.2 pytz-2022.1 requests-2.27.1 six-1.16.0 snowballstemmer-2.2.0 sphinx-2.2.1 sphinx-rtd-theme-0.4.3 sphinxcontrib-applehelp-1.0.2 sphinxcontrib-devhelp-1.0.2 sphinxcontrib-htmlhelp-2.0.0 sphinxcontrib-jsmath-1.0.1 sphinxcontrib-qthelp-1.0.3 sphinxcontrib-serializinghtml-1.1.5 typing-extensions-4.1.1 urllib3-1.26.9 wcwidth-0.2.5 zipp-3.7.0
2022-03-30T02:26:56.6688625Z WARNING: You are using pip version 22.0.3; however, version 22.0.4 is available.
2022-03-30T02:26:56.6689508Z You should consider upgrading via the '/opt/hostedtoolcache/Python/3.7.12/x64/bin/python -m pip install --upgrade pip' command.
2022-03-30T02:26:56.8094183Z ##[group]Run if [[ 3.7 == 3.9 ]]; then ./dev_setup.sh; fi
2022-03-30T02:26:56.8094545Z [36;1mif [[ 3.7 == 3.9 ]]; then ./dev_setup.sh; fi[0m
2022-03-30T02:26:56.8094816Z [36;1mif [[ 3.7 != 3.9 ]]; then ./dev_setup.sh -sm; fi[0m
2022-03-30T02:26:56.8144529Z shell: /usr/bin/bash -e {0}
2022-03-30T02:26:56.8144752Z env:
2022-03-30T02:26:56.8145011Z   pythonLocation: /opt/hostedtoolcache/Python/3.7.12/x64
2022-03-30T02:26:56.8145337Z   LD_LIBRARY_PATH: /opt/hostedtoolcache/Python/3.7.12/x64/lib
2022-03-30T02:26:56.8145586Z   CI: true
2022-03-30T02:26:56.8145776Z ##[endgroup]
2022-03-30T02:26:56.8492690Z tput: No value for $TERM and no -T specified
2022-03-30T02:26:56.8506495Z Installing packages...
2022-03-30T02:26:56.8552150Z  Installing packages for Debian/Ubuntu/Mint...
2022-03-30T02:26:56.9448184Z Reading package lists...
2022-03-30T02:26:57.0942990Z Building dependency tree...
2022-03-30T02:26:57.0961295Z Reading state information...
2022-03-30T02:26:57.2553386Z autoconf is already the newest version (2.69-11.1).
2022-03-30T02:26:57.2553924Z autoconf set to manually installed.
2022-03-30T02:26:57.2554387Z automake is already the newest version (1:1.16.1-4ubuntu6).
2022-03-30T02:26:57.2554750Z automake set to manually installed.
2022-03-30T02:26:57.2555187Z bison is already the newest version (2:3.5.1+dfsg-1).
2022-03-30T02:26:57.2555619Z libffi-dev is already the newest version (3.3-4).
2022-03-30T02:26:57.2556022Z libffi-dev set to manually installed.
2022-03-30T02:26:57.2556473Z libjpeg-dev is already the newest version (8c-2ubuntu8).
2022-03-30T02:26:57.2556884Z libjpeg-dev set to manually installed.
2022-03-30T02:26:57.2557331Z libtool is already the newest version (2.4.6-14).
2022-03-30T02:26:57.2560257Z libtool set to manually installed.
2022-03-30T02:26:57.2560734Z pkg-config is already the newest version (0.29.1-0ubuntu4).
2022-03-30T02:26:57.2561178Z python3 is already the newest version (3.8.2-0ubuntu2).
2022-03-30T02:26:57.2561679Z python3-dev is already the newest version (3.8.2-0ubuntu2).
2022-03-30T02:26:57.2562106Z python3-setuptools is already the newest version (45.2.0-1).
2022-03-30T02:26:57.2562559Z swig is already the newest version (4.0.1-5build1).
2022-03-30T02:26:57.2563012Z build-essential is already the newest version (12.8ubuntu1.1).
2022-03-30T02:26:57.2563469Z curl is already the newest version (7.68.0-1ubuntu2.7).
2022-03-30T02:26:57.2563979Z libglib2.0-dev is already the newest version (2.64.6-1~ubuntu20.04.4).
2022-03-30T02:26:57.2564425Z libglib2.0-dev set to manually installed.
2022-03-30T02:26:57.2564857Z libicu-dev is already the newest version (66.1-2ubuntu2.1).
2022-03-30T02:26:57.2565327Z libicu-dev set to manually installed.
2022-03-30T02:26:57.2565808Z screen is already the newest version (4.8.0-1ubuntu0.1).
2022-03-30T02:26:57.2566102Z screen set to manually installed.
2022-03-30T02:26:57.2566520Z jq is already the newest version (1.6-1ubuntu0.20.04.1).
2022-03-30T02:26:57.2566979Z git is already the newest version (1:2.35.1-0ppa1~ubuntu20.04.1).
2022-03-30T02:26:57.2567394Z The following additional packages will be installed:
2022-03-30T02:26:57.2567916Z   gstreamer1.0-plugins-base libasound2-dev libasound2-plugins libasyncns0
2022-03-30T02:26:57.2568464Z   libaudio2 libcdparanoia0 libfann2 libflac8 libgstreamer-plugins-base1.0-0
2022-03-30T02:26:57.2569254Z   libjack-dev libjack0 libmpg123-0 libopenal-data libopenal1 libopus0
2022-03-30T02:26:57.2570046Z   liborc-0.4-0 libout123-0 libportaudio2 libportaudiocpp0 libpulse0
2022-03-30T02:26:57.2570774Z   libpulsedsp libsamplerate0 libsnapd-glib1 libsndfile1 libsndio7.0 libsoxr0
2022-03-30T02:26:57.2571526Z   libspeexdsp1 libssl1.1 libtheora0 libvisual-0.4-0 libvorbisenc2
2022-03-30T02:26:57.2572019Z   libwebrtc-audio-processing1 rtkit
2022-03-30T02:26:57.2572373Z Suggested packages:
2022-03-30T02:26:57.2572916Z   gvfs libasound2-doc nas libfann-doc libvisual-0.4-plugins jackd1 opus-tools
2022-03-30T02:26:57.2573866Z   sndiod libssl-doc alsa-utils jackd oss-compat oss4-base portaudio19-doc
2022-03-30T02:26:57.2575417Z   pavumeter pavucontrol paman paprefs ubuntu-sounds avahi-daemon
2022-03-30T02:26:57.3370731Z The following NEW packages will be installed:
2022-03-30T02:26:57.3372363Z   flac gstreamer1.0-plugins-base libasound2-dev libasound2-plugins libasyncns0
2022-03-30T02:26:57.3373595Z   libaudio2 libcdparanoia0 libfann-dev libfann2 libflac8
2022-03-30T02:26:57.3374325Z   libgstreamer-plugins-base1.0-0 libjack-dev libjack0 libmpg123-0
2022-03-30T02:26:57.3375266Z   libopenal-data libopenal1 libopus0 liborc-0.4-0 libout123-0 libportaudio2
2022-03-30T02:26:57.3376086Z   libportaudiocpp0 libpulse0 libpulsedsp libsamplerate0 libsnapd-glib1
2022-03-30T02:26:57.3377028Z   libsndfile1 libsndio7.0 libsoxr0 libspeexdsp1 libtheora0 libvisual-0.4-0
2022-03-30T02:26:57.3377762Z   libvorbisenc2 libwebrtc-audio-processing1 mpg123 portaudio19-dev pulseaudio
2022-03-30T02:26:57.3378577Z   pulseaudio-utils rtkit
2022-03-30T02:26:57.3380966Z The following packages will be upgraded:
2022-03-30T02:26:57.3383574Z   libssl-dev libssl1.1
2022-03-30T02:26:57.3631852Z 2 upgraded, 38 newly installed, 0 to remove and 137 not upgraded.
2022-03-30T02:26:57.5576267Z Need to get 9836 kB of archives.
2022-03-30T02:26:57.5577239Z After this operation, 27.2 MB of additional disk space will be used.
2022-03-30T02:26:57.5583360Z Get:1 http://azure.archive.ubuntu.com/ubuntu focal/main amd64 liborc-0.4-0 amd64 1:0.4.31-1 [188 kB]
2022-03-30T02:26:57.6512870Z Get:2 http://azure.archive.ubuntu.com/ubuntu focal-updates/main amd64 libgstreamer-plugins-base1.0-0 amd64 1.16.2-4ubuntu0.1 [735 kB]
2022-03-30T02:26:57.7790017Z Get:3 http://azure.archive.ubuntu.com/ubuntu focal/main amd64 libasyncns0 amd64 0.8-6 [12.1 kB]
2022-03-30T02:26:57.8603001Z Get:4 http://azure.archive.ubuntu.com/ubuntu focal/main amd64 libflac8 amd64 1.3.3-1build1 [103 kB]
2022-03-30T02:26:57.9452083Z Get:5 http://azure.archive.ubuntu.com/ubuntu focal/main amd64 libvorbisenc2 amd64 1.3.6-2ubuntu1 [70.7 kB]
2022-03-30T02:26:58.0287821Z Get:6 http://azure.archive.ubuntu.com/ubuntu focal-updates/main amd64 libsndfile1 amd64 1.0.28-7ubuntu0.1 [170 kB]
2022-03-30T02:26:58.1180697Z Get:7 http://azure.archive.ubuntu.com/ubuntu focal-updates/main amd64 libpulse0 amd64 1:13.99.1-1ubuntu3.13 [262 kB]
2022-03-30T02:26:58.2108119Z Get:8 http://azure.archive.ubuntu.com/ubuntu focal-updates/main amd64 libsnapd-glib1 amd64 1.58-0ubuntu0.20.04.0 [90.1 kB]
2022-03-30T02:26:58.3016404Z Get:9 http://azure.archive.ubuntu.com/ubuntu focal/main amd64 libsoxr0 amd64 0.1.3-2build1 [78.0 kB]
2022-03-30T02:26:58.3859805Z Get:10 http://azure.archive.ubuntu.com/ubuntu focal-updates/main amd64 libspeexdsp1 amd64 1.2~rc1.2-1.1ubuntu1.20.04.1 [40.4 kB]
2022-03-30T02:26:58.4683570Z Get:11 http://azure.archive.ubuntu.com/ubuntu focal/main amd64 libwebrtc-audio-processing1 amd64 0.3.1-0ubuntu3 [263 kB]
2022-03-30T02:26:58.5623499Z Get:12 http://azure.archive.ubuntu.com/ubuntu focal/universe amd64 libjack0 amd64 1:0.125.0-3build2 [93.3 kB]
2022-03-30T02:26:58.6476384Z Get:13 http://azure.archive.ubuntu.com/ubuntu focal/main amd64 libsamplerate0 amd64 0.1.9-2 [939 kB]
2022-03-30T02:26:58.7828424Z Get:14 http://azure.archive.ubuntu.com/ubuntu focal/main amd64 libasound2-plugins amd64 1.2.2-1ubuntu1 [66.0 kB]
2022-03-30T02:26:58.8652612Z Get:15 http://azure.archive.ubuntu.com/ubuntu focal-updates/main amd64 libpulsedsp amd64 1:13.99.1-1ubuntu3.13 [21.7 kB]
2022-03-30T02:26:58.9462497Z Get:16 http://azure.archive.ubuntu.com/ubuntu focal-updates/main amd64 pulseaudio-utils amd64 1:13.99.1-1ubuntu3.13 [55.0 kB]
2022-03-30T02:26:59.0290198Z Get:17 http://azure.archive.ubuntu.com/ubuntu focal-updates/main amd64 pulseaudio amd64 1:13.99.1-1ubuntu3.13 [814 kB]
2022-03-30T02:26:59.1362794Z Get:18 http://azure.archive.ubuntu.com/ubuntu focal-updates/main amd64 libssl-dev amd64 1.1.1f-1ubuntu2.12 [1584 kB]
2022-03-30T02:26:59.2872177Z Get:19 http://azure.archive.ubuntu.com/ubuntu focal-updates/main amd64 libssl1.1 amd64 1.1.1f-1ubuntu2.12 [1322 kB]
2022-03-30T02:26:59.3934861Z Get:20 http://azure.archive.ubuntu.com/ubuntu focal/universe amd64 flac amd64 1.3.3-1build1 [121 kB]
2022-03-30T02:26:59.4756767Z Get:21 http://azure.archive.ubuntu.com/ubuntu focal/main amd64 libcdparanoia0 amd64 3.10.2+debian-13 [46.7 kB]
2022-03-30T02:26:59.5581742Z Get:22 http://azure.archive.ubuntu.com/ubuntu focal/main amd64 libopus0 amd64 1.3.1-0ubuntu1 [191 kB]
2022-03-30T02:26:59.6453331Z Get:23 http://azure.archive.ubuntu.com/ubuntu focal/main amd64 libtheora0 amd64 1.1.1+dfsg.1-15ubuntu2 [162 kB]
2022-03-30T02:26:59.7295211Z Get:24 http://azure.archive.ubuntu.com/ubuntu focal/main amd64 libvisual-0.4-0 amd64 0.4.0-17 [99.8 kB]
2022-03-30T02:26:59.8112014Z Get:25 http://azure.archive.ubuntu.com/ubuntu focal-updates/main amd64 gstreamer1.0-plugins-base amd64 1.16.2-4ubuntu0.1 [620 kB]
2022-03-30T02:26:59.9074016Z Get:26 http://azure.archive.ubuntu.com/ubuntu focal-updates/main amd64 libasound2-dev amd64 1.2.2-2.1ubuntu2.5 [104 kB]
2022-03-30T02:26:59.9908445Z Get:27 http://azure.archive.ubuntu.com/ubuntu focal/universe amd64 libaudio2 amd64 1.9.4-6build1 [50.8 kB]
2022-03-30T02:27:00.0728272Z Get:28 http://azure.archive.ubuntu.com/ubuntu focal/universe amd64 libfann2 amd64 2.2.0+ds-6 [63.5 kB]
2022-03-30T02:27:00.1543105Z Get:29 http://azure.archive.ubuntu.com/ubuntu focal/universe amd64 libfann-dev amd64 2.2.0+ds-6 [88.0 kB]
2022-03-30T02:27:00.2360848Z Get:30 http://azure.archive.ubuntu.com/ubuntu focal/universe amd64 libjack-dev amd64 1:0.125.0-3build2 [206 kB]
2022-03-30T02:27:00.3215551Z Get:31 http://azure.archive.ubuntu.com/ubuntu focal/main amd64 libmpg123-0 amd64 1.25.13-1 [124 kB]
2022-03-30T02:27:00.4041399Z Get:32 http://azure.archive.ubuntu.com/ubuntu focal/universe amd64 libopenal-data all 1:1.19.1-1 [162 kB]
2022-03-30T02:27:00.4874764Z Get:33 http://azure.archive.ubuntu.com/ubuntu focal/main amd64 libout123-0 amd64 1.25.13-1 [23.3 kB]
2022-03-30T02:27:00.5697286Z Get:34 http://azure.archive.ubuntu.com/ubuntu focal/universe amd64 libportaudio2 amd64 19.6.0-1build1 [65.4 kB]
2022-03-30T02:27:00.6520532Z Get:35 http://azure.archive.ubuntu.com/ubuntu focal/universe amd64 libportaudiocpp0 amd64 19.6.0-1build1 [16.1 kB]
2022-03-30T02:27:00.7336360Z Get:36 http://azure.archive.ubuntu.com/ubuntu focal/universe amd64 libsndio7.0 amd64 1.5.0-3 [24.5 kB]
2022-03-30T02:27:00.8155383Z Get:37 http://azure.archive.ubuntu.com/ubuntu focal/universe amd64 libopenal1 amd64 1:1.19.1-1 [492 kB]
2022-03-30T02:27:00.9091357Z Get:38 http://azure.archive.ubuntu.com/ubuntu focal/universe amd64 mpg123 amd64 1.25.13-1 [128 kB]
2022-03-30T02:27:00.9918155Z Get:39 http://azure.archive.ubuntu.com/ubuntu focal/universe amd64 portaudio19-dev amd64 19.6.0-1build1 [106 kB]
2022-03-30T02:27:01.0750356Z Get:40 http://azure.archive.ubuntu.com/ubuntu focal/main amd64 rtkit amd64 0.12-4 [34.1 kB]
2022-03-30T02:27:01.6515191Z Preconfiguring packages ...
2022-03-30T02:27:01.7431688Z Fetched 9836 kB in 4s (2663 kB/s)
2022-03-30T02:27:01.8525454Z Selecting previously unselected package liborc-0.4-0:amd64.
2022-03-30T02:27:01.9649943Z (Reading database ... 
2022-03-30T02:27:01.9650919Z (Reading database ... 5%
2022-03-30T02:27:01.9655348Z (Reading database ... 10%
2022-03-30T02:27:01.9657262Z (Reading database ... 15%
2022-03-30T02:27:01.9657593Z (Reading database ... 20%
2022-03-30T02:27:01.9658226Z (Reading database ... 25%
2022-03-30T02:27:01.9659000Z (Reading database ... 30%
2022-03-30T02:27:01.9659489Z (Reading database ... 35%
2022-03-30T02:27:01.9659792Z (Reading database ... 40%
2022-03-30T02:27:01.9660131Z (Reading database ... 45%
2022-03-30T02:27:01.9660428Z (Reading database ... 50%
2022-03-30T02:27:02.5052418Z (Reading database ... 55%
2022-03-30T02:27:03.7254738Z (Reading database ... 60%
2022-03-30T02:27:05.2824998Z (Reading database ... 65%
2022-03-30T02:27:06.4837365Z (Reading database ... 70%
2022-03-30T02:27:08.0818070Z (Reading database ... 75%
2022-03-30T02:27:09.3973891Z (Reading database ... 80%
2022-03-30T02:27:11.1313645Z (Reading database ... 85%
2022-03-30T02:27:12.7915493Z (Reading database ... 90%
2022-03-30T02:27:14.1897639Z (Reading database ... 95%
2022-03-30T02:27:14.1898624Z (Reading database ... 100%
2022-03-30T02:27:14.1944619Z (Reading database ... 241056 files and directories currently installed.)
2022-03-30T02:27:14.2048005Z Preparing to unpack .../00-liborc-0.4-0_1%3a0.4.31-1_amd64.deb ...
2022-03-30T02:27:14.2223716Z Unpacking liborc-0.4-0:amd64 (1:0.4.31-1) ...
2022-03-30T02:27:14.2936018Z Selecting previously unselected package libgstreamer-plugins-base1.0-0:amd64.
2022-03-30T02:27:14.3203083Z Preparing to unpack .../01-libgstreamer-plugins-base1.0-0_1.16.2-4ubuntu0.1_amd64.deb ...
2022-03-30T02:27:14.3232955Z Unpacking libgstreamer-plugins-base1.0-0:amd64 (1.16.2-4ubuntu0.1) ...
2022-03-30T02:27:14.4408077Z Selecting previously unselected package libasyncns0:amd64.
2022-03-30T02:27:14.4699913Z Preparing to unpack .../02-libasyncns0_0.8-6_amd64.deb ...
2022-03-30T02:27:14.4718099Z Unpacking libasyncns0:amd64 (0.8-6) ...
2022-03-30T02:27:14.5056828Z Selecting previously unselected package libflac8:amd64.
2022-03-30T02:27:14.5332982Z Preparing to unpack .../03-libflac8_1.3.3-1build1_amd64.deb ...
2022-03-30T02:27:14.5364745Z Unpacking libflac8:amd64 (1.3.3-1build1) ...
2022-03-30T02:27:14.5853742Z Selecting previously unselected package libvorbisenc2:amd64.
2022-03-30T02:27:14.6124140Z Preparing to unpack .../04-libvorbisenc2_1.3.6-2ubuntu1_amd64.deb ...
2022-03-30T02:27:14.6145379Z Unpacking libvorbisenc2:amd64 (1.3.6-2ubuntu1) ...
2022-03-30T02:27:14.6776225Z Selecting previously unselected package libsndfile1:amd64.
2022-03-30T02:27:14.7040007Z Preparing to unpack .../05-libsndfile1_1.0.28-7ubuntu0.1_amd64.deb ...
2022-03-30T02:27:14.7054303Z Unpacking libsndfile1:amd64 (1.0.28-7ubuntu0.1) ...
2022-03-30T02:27:14.7530579Z Selecting previously unselected package libpulse0:amd64.
2022-03-30T02:27:14.7792343Z Preparing to unpack .../06-libpulse0_1%3a13.99.1-1ubuntu3.13_amd64.deb ...
2022-03-30T02:27:14.8032497Z Unpacking libpulse0:amd64 (1:13.99.1-1ubuntu3.13) ...
2022-03-30T02:27:14.8647865Z Selecting previously unselected package libsnapd-glib1:amd64.
2022-03-30T02:27:14.9053106Z Preparing to unpack .../07-libsnapd-glib1_1.58-0ubuntu0.20.04.0_amd64.deb ...
2022-03-30T02:27:14.9073949Z Unpacking libsnapd-glib1:amd64 (1.58-0ubuntu0.20.04.0) ...
2022-03-30T02:27:14.9592625Z Selecting previously unselected package libsoxr0:amd64.
2022-03-30T02:27:14.9867241Z Preparing to unpack .../08-libsoxr0_0.1.3-2build1_amd64.deb ...
2022-03-30T02:27:14.9880938Z Unpacking libsoxr0:amd64 (0.1.3-2build1) ...
2022-03-30T02:27:15.0234097Z Selecting previously unselected package libspeexdsp1:amd64.
2022-03-30T02:27:15.0489769Z Preparing to unpack .../09-libspeexdsp1_1.2~rc1.2-1.1ubuntu1.20.04.1_amd64.deb ...
2022-03-30T02:27:15.0507077Z Unpacking libspeexdsp1:amd64 (1.2~rc1.2-1.1ubuntu1.20.04.1) ...
2022-03-30T02:27:15.0980171Z Selecting previously unselected package libwebrtc-audio-processing1:amd64.
2022-03-30T02:27:15.1273291Z Preparing to unpack .../10-libwebrtc-audio-processing1_0.3.1-0ubuntu3_amd64.deb ...
2022-03-30T02:27:15.1288448Z Unpacking libwebrtc-audio-processing1:amd64 (0.3.1-0ubuntu3) ...
2022-03-30T02:27:15.2041069Z Selecting previously unselected package libjack0:amd64.
2022-03-30T02:27:15.2372487Z Preparing to unpack .../11-libjack0_1%3a0.125.0-3build2_amd64.deb ...
2022-03-30T02:27:15.2388530Z Unpacking libjack0:amd64 (1:0.125.0-3build2) ...
2022-03-30T02:27:15.2811778Z Selecting previously unselected package libsamplerate0:amd64.
2022-03-30T02:27:15.3094756Z Preparing to unpack .../12-libsamplerate0_0.1.9-2_amd64.deb ...
2022-03-30T02:27:15.3113890Z Unpacking libsamplerate0:amd64 (0.1.9-2) ...
2022-03-30T02:27:15.4386535Z Selecting previously unselected package libasound2-plugins:amd64.
2022-03-30T02:27:15.4653489Z Preparing to unpack .../13-libasound2-plugins_1.2.2-1ubuntu1_amd64.deb ...
2022-03-30T02:27:15.4665442Z Unpacking libasound2-plugins:amd64 (1.2.2-1ubuntu1) ...
2022-03-30T02:27:15.5201848Z Selecting previously unselected package libpulsedsp:amd64.
2022-03-30T02:27:15.5511299Z Preparing to unpack .../14-libpulsedsp_1%3a13.99.1-1ubuntu3.13_amd64.deb ...
2022-03-30T02:27:15.5526074Z Unpacking libpulsedsp:amd64 (1:13.99.1-1ubuntu3.13) ...
2022-03-30T02:27:15.6005836Z Selecting previously unselected package pulseaudio-utils.
2022-03-30T02:27:15.6282118Z Preparing to unpack .../15-pulseaudio-utils_1%3a13.99.1-1ubuntu3.13_amd64.deb ...
2022-03-30T02:27:15.6338780Z Unpacking pulseaudio-utils (1:13.99.1-1ubuntu3.13) ...
2022-03-30T02:27:15.6804549Z Selecting previously unselected package pulseaudio.
2022-03-30T02:27:15.7209948Z Preparing to unpack .../16-pulseaudio_1%3a13.99.1-1ubuntu3.13_amd64.deb ...
2022-03-30T02:27:15.7563162Z Unpacking pulseaudio (1:13.99.1-1ubuntu3.13) ...
2022-03-30T02:27:15.9502430Z Preparing to unpack .../17-libssl-dev_1.1.1f-1ubuntu2.12_amd64.deb ...
2022-03-30T02:27:15.9549199Z Unpacking libssl-dev:amd64 (1.1.1f-1ubuntu2.12) over (1.1.1f-1ubuntu2.10) ...
2022-03-30T02:27:16.2697822Z Preparing to unpack .../18-libssl1.1_1.1.1f-1ubuntu2.12_amd64.deb ...
2022-03-30T02:27:16.2795788Z Unpacking libssl1.1:amd64 (1.1.1f-1ubuntu2.12) over (1.1.1f-1ubuntu2.10) ...
2022-03-30T02:27:16.4464984Z Selecting previously unselected package flac.
2022-03-30T02:27:16.4739669Z Preparing to unpack .../19-flac_1.3.3-1build1_amd64.deb ...
2022-03-30T02:27:16.4760419Z Unpacking flac (1.3.3-1build1) ...
2022-03-30T02:27:16.5196482Z Selecting previously unselected package libcdparanoia0:amd64.
2022-03-30T02:27:16.5451865Z Preparing to unpack .../20-libcdparanoia0_3.10.2+debian-13_amd64.deb ...
2022-03-30T02:27:16.5468941Z Unpacking libcdparanoia0:amd64 (3.10.2+debian-13) ...
2022-03-30T02:27:16.5869451Z Selecting previously unselected package libopus0:amd64.
2022-03-30T02:27:16.6103576Z Preparing to unpack .../21-libopus0_1.3.1-0ubuntu1_amd64.deb ...
2022-03-30T02:27:16.6117987Z Unpacking libopus0:amd64 (1.3.1-0ubuntu1) ...
2022-03-30T02:27:16.6585843Z Selecting previously unselected package libtheora0:amd64.
2022-03-30T02:27:16.6840019Z Preparing to unpack .../22-libtheora0_1.1.1+dfsg.1-15ubuntu2_amd64.deb ...
2022-03-30T02:27:16.6859430Z Unpacking libtheora0:amd64 (1.1.1+dfsg.1-15ubuntu2) ...
2022-03-30T02:27:16.7391457Z Selecting previously unselected package libvisual-0.4-0:amd64.
2022-03-30T02:27:16.7680801Z Preparing to unpack .../23-libvisual-0.4-0_0.4.0-17_amd64.deb ...
2022-03-30T02:27:16.7698160Z Unpacking libvisual-0.4-0:amd64 (0.4.0-17) ...
2022-03-30T02:27:16.8073891Z Selecting previously unselected package gstreamer1.0-plugins-base:amd64.
2022-03-30T02:27:16.8340089Z Preparing to unpack .../24-gstreamer1.0-plugins-base_1.16.2-4ubuntu0.1_amd64.deb ...
2022-03-30T02:27:16.8352350Z Unpacking gstreamer1.0-plugins-base:amd64 (1.16.2-4ubuntu0.1) ...
2022-03-30T02:27:16.9366330Z Selecting previously unselected package libasound2-dev:amd64.
2022-03-30T02:27:16.9643884Z Preparing to unpack .../25-libasound2-dev_1.2.2-2.1ubuntu2.5_amd64.deb ...
2022-03-30T02:27:16.9687400Z Unpacking libasound2-dev:amd64 (1.2.2-2.1ubuntu2.5) ...
2022-03-30T02:27:17.0613383Z Selecting previously unselected package libaudio2:amd64.
2022-03-30T02:27:17.0916997Z Preparing to unpack .../26-libaudio2_1.9.4-6build1_amd64.deb ...
2022-03-30T02:27:17.0933833Z Unpacking libaudio2:amd64 (1.9.4-6build1) ...
2022-03-30T02:27:17.1396204Z Selecting previously unselected package libfann2:amd64.
2022-03-30T02:27:17.1687755Z Preparing to unpack .../27-libfann2_2.2.0+ds-6_amd64.deb ...
2022-03-30T02:27:17.1708052Z Unpacking libfann2:amd64 (2.2.0+ds-6) ...
2022-03-30T02:27:17.2052161Z Selecting previously unselected package libfann-dev:amd64.
2022-03-30T02:27:17.2314294Z Preparing to unpack .../28-libfann-dev_2.2.0+ds-6_amd64.deb ...
2022-03-30T02:27:17.2332322Z Unpacking libfann-dev:amd64 (2.2.0+ds-6) ...
2022-03-30T02:27:17.2831118Z Selecting previously unselected package libjack-dev.
2022-03-30T02:27:17.3102697Z Preparing to unpack .../29-libjack-dev_1%3a0.125.0-3build2_amd64.deb ...
2022-03-30T02:27:17.3126435Z Unpacking libjack-dev (1:0.125.0-3build2) ...
2022-03-30T02:27:17.3786166Z Selecting previously unselected package libmpg123-0:amd64.
2022-03-30T02:27:17.4063716Z Preparing to unpack .../30-libmpg123-0_1.25.13-1_amd64.deb ...
2022-03-30T02:27:17.4074738Z Unpacking libmpg123-0:amd64 (1.25.13-1) ...
2022-03-30T02:27:17.4551698Z Selecting previously unselected package libopenal-data.
2022-03-30T02:27:17.4816458Z Preparing to unpack .../31-libopenal-data_1%3a1.19.1-1_all.deb ...
2022-03-30T02:27:17.4837277Z Unpacking libopenal-data (1:1.19.1-1) ...
2022-03-30T02:27:17.5281203Z Selecting previously unselected package libout123-0:amd64.
2022-03-30T02:27:17.5560538Z Preparing to unpack .../32-libout123-0_1.25.13-1_amd64.deb ...
2022-03-30T02:27:17.5574680Z Unpacking libout123-0:amd64 (1.25.13-1) ...
2022-03-30T02:27:17.5889823Z Selecting previously unselected package libportaudio2:amd64.
2022-03-30T02:27:17.6167273Z Preparing to unpack .../33-libportaudio2_19.6.0-1build1_amd64.deb ...
2022-03-30T02:27:17.6188695Z Unpacking libportaudio2:amd64 (19.6.0-1build1) ...
2022-03-30T02:27:17.6627510Z Selecting previously unselected package libportaudiocpp0:amd64.
2022-03-30T02:27:17.6906096Z Preparing to unpack .../34-libportaudiocpp0_19.6.0-1build1_amd64.deb ...
2022-03-30T02:27:17.6924182Z Unpacking libportaudiocpp0:amd64 (19.6.0-1build1) ...
2022-03-30T02:27:17.7243828Z Selecting previously unselected package libsndio7.0:amd64.
2022-03-30T02:27:17.7491917Z Preparing to unpack .../35-libsndio7.0_1.5.0-3_amd64.deb ...
2022-03-30T02:27:17.7504815Z Unpacking libsndio7.0:amd64 (1.5.0-3) ...
2022-03-30T02:27:17.7830948Z Selecting previously unselected package libopenal1:amd64.
2022-03-30T02:27:17.8138588Z Preparing to unpack .../36-libopenal1_1%3a1.19.1-1_amd64.deb ...
2022-03-30T02:27:17.8154373Z Unpacking libopenal1:amd64 (1:1.19.1-1) ...
2022-03-30T02:27:17.8921550Z Selecting previously unselected package mpg123.
2022-03-30T02:27:17.9269534Z Preparing to unpack .../37-mpg123_1.25.13-1_amd64.deb ...
2022-03-30T02:27:17.9281188Z Unpacking mpg123 (1.25.13-1) ...
2022-03-30T02:27:17.9852754Z Selecting previously unselected package portaudio19-dev:amd64.
2022-03-30T02:27:18.0100193Z Preparing to unpack .../38-portaudio19-dev_19.6.0-1build1_amd64.deb ...
2022-03-30T02:27:18.0113811Z Unpacking portaudio19-dev:amd64 (19.6.0-1build1) ...
2022-03-30T02:27:18.0680921Z Selecting previously unselected package rtkit.
2022-03-30T02:27:18.1059274Z Preparing to unpack .../39-rtkit_0.12-4_amd64.deb ...
2022-03-30T02:27:18.1148973Z Unpacking rtkit (0.12-4) ...
2022-03-30T02:27:18.1944772Z Setting up libcdparanoia0:amd64 (3.10.2+debian-13) ...
2022-03-30T02:27:18.2053990Z Setting up rtkit (0.12-4) ...
2022-03-30T02:27:19.3501787Z Setting up libmpg123-0:amd64 (1.25.13-1) ...
2022-03-30T02:27:19.3563733Z Setting up libvisual-0.4-0:amd64 (0.4.0-17) ...
2022-03-30T02:27:19.3610100Z Setting up libsoxr0:amd64 (0.1.3-2build1) ...
2022-03-30T02:27:19.3654421Z Setting up libssl1.1:amd64 (1.1.1f-1ubuntu2.12) ...
2022-03-30T02:27:19.5325982Z Setting up libwebrtc-audio-processing1:amd64 (0.3.1-0ubuntu3) ...
2022-03-30T02:27:19.5371497Z Setting up libflac8:amd64 (1.3.3-1build1) ...
2022-03-30T02:27:19.5418696Z Setting up libout123-0:amd64 (1.25.13-1) ...
2022-03-30T02:27:19.5464876Z Setting up flac (1.3.3-1build1) ...
2022-03-30T02:27:19.5562731Z Setting up libjack0:amd64 (1:0.125.0-3build2) ...
2022-03-30T02:27:19.5616939Z Setting up libopus0:amd64 (1.3.1-0ubuntu1) ...
2022-03-30T02:27:19.5670180Z Setting up libssl-dev:amd64 (1.1.1f-1ubuntu2.12) ...
2022-03-30T02:27:19.5713587Z Setting up liborc-0.4-0:amd64 (1:0.4.31-1) ...
2022-03-30T02:27:19.5768207Z Setting up libaudio2:amd64 (1.9.4-6build1) ...
2022-03-30T02:27:19.5806021Z Setting up libsndio7.0:amd64 (1.5.0-3) ...
2022-03-30T02:27:19.5855519Z Setting up libasyncns0:amd64 (0.8-6) ...
2022-03-30T02:27:19.5894581Z Setting up libtheora0:amd64 (1.1.1+dfsg.1-15ubuntu2) ...
2022-03-30T02:27:19.5931703Z Setting up libspeexdsp1:amd64 (1.2~rc1.2-1.1ubuntu1.20.04.1) ...
2022-03-30T02:27:19.5973160Z Setting up libopenal-data (1:1.19.1-1) ...
2022-03-30T02:27:19.6037178Z Setting up libjack-dev (1:0.125.0-3build2) ...
2022-03-30T02:27:19.6081485Z Setting up libasound2-dev:amd64 (1.2.2-2.1ubuntu2.5) ...
2022-03-30T02:27:19.6117029Z Setting up libfann2:amd64 (2.2.0+ds-6) ...
2022-03-30T02:27:19.6153671Z Setting up libsamplerate0:amd64 (0.1.9-2) ...
2022-03-30T02:27:19.6269508Z Setting up libsnapd-glib1:amd64 (1.58-0ubuntu0.20.04.0) ...
2022-03-30T02:27:19.6314538Z Setting up libvorbisenc2:amd64 (1.3.6-2ubuntu1) ...
2022-03-30T02:27:19.6356146Z Setting up libfann-dev:amd64 (2.2.0+ds-6) ...
2022-03-30T02:27:19.6399929Z Setting up libportaudio2:amd64 (19.6.0-1build1) ...
2022-03-30T02:27:19.6440815Z Setting up libgstreamer-plugins-base1.0-0:amd64 (1.16.2-4ubuntu0.1) ...
2022-03-30T02:27:19.6490083Z Setting up libopenal1:amd64 (1:1.19.1-1) ...
2022-03-30T02:27:19.6532812Z Setting up libportaudiocpp0:amd64 (19.6.0-1build1) ...
2022-03-30T02:27:19.6569687Z Setting up portaudio19-dev:amd64 (19.6.0-1build1) ...
2022-03-30T02:27:19.6608985Z Setting up gstreamer1.0-plugins-base:amd64 (1.16.2-4ubuntu0.1) ...
2022-03-30T02:27:19.6649060Z Setting up libsndfile1:amd64 (1.0.28-7ubuntu0.1) ...
2022-03-30T02:27:19.6687190Z Setting up libpulse0:amd64 (1:13.99.1-1ubuntu3.13) ...
2022-03-30T02:27:19.6810423Z Setting up libpulsedsp:amd64 (1:13.99.1-1ubuntu3.13) ...
2022-03-30T02:27:19.6899746Z Setting up mpg123 (1.25.13-1) ...
2022-03-30T02:27:19.7086893Z update-alternatives: using /usr/bin/mpg123.bin to provide /usr/bin/mpg123 (mpg123) in auto mode
2022-03-30T02:27:19.7149947Z update-alternatives: using /usr/bin/mpg123.bin to provide /usr/bin/mp3-decoder (mp3-decoder) in auto mode
2022-03-30T02:27:19.7183803Z Setting up pulseaudio-utils (1:13.99.1-1ubuntu3.13) ...
2022-03-30T02:27:19.7229560Z Setting up libasound2-plugins:amd64 (1.2.2-1ubuntu1) ...
2022-03-30T02:27:19.7311119Z Setting up pulseaudio (1:13.99.1-1ubuntu3.13) ...
2022-03-30T02:27:19.9062182Z Adding user pulse to group audio
2022-03-30T02:27:20.1728143Z Created symlink /etc/systemd/user/default.target.wants/pulseaudio.service → /usr/lib/systemd/user/pulseaudio.service.
2022-03-30T02:27:20.1729705Z Created symlink /etc/systemd/user/sockets.target.wants/pulseaudio.socket → /usr/lib/systemd/user/pulseaudio.socket.
2022-03-30T02:27:21.0052506Z Processing triggers for mime-support (3.64ubuntu1) ...
2022-03-30T02:27:21.1934304Z Processing triggers for libc-bin (2.31-0ubuntu9.2) ...
2022-03-30T02:27:27.7476836Z Processing triggers for systemd (245.4-4ubuntu3.15) ...
2022-03-30T02:27:28.0894695Z Processing triggers for man-db (2.9.1-1) ...
2022-03-30T02:27:30.0466624Z Processing triggers for dbus (1.12.16-2ubuntu2.1) ...
2022-03-30T02:27:34.6610890Z   % Total    % Received % Xferd  Average Speed   Time    Time     Time  Current
2022-03-30T02:27:34.6614456Z                                  Dload  Upload   Total   Spent    Left  Speed
2022-03-30T02:27:34.6615128Z 
2022-03-30T02:27:34.7285947Z   0     0    0     0    0     0      0      0 --:--:-- --:--:-- --:--:--     0
2022-03-30T02:27:34.7292467Z 100 2596k  100 2596k    0     0  37.2M      0 --:--:-- --:--:-- --:--:-- 37.2M
2022-03-30T02:27:37.3982017Z Collecting pip==20.0.2
2022-03-30T02:27:37.4053984Z   Using cached pip-20.0.2-py2.py3-none-any.whl (1.4 MB)
2022-03-30T02:27:37.8211508Z Collecting setuptools
2022-03-30T02:27:37.8658208Z   Downloading setuptools-61.2.0-py3-none-any.whl (1.1 MB)
2022-03-30T02:27:37.8988935Z      ━━━━━━━━━━━━━━━━━━━━━━━━━━━━━━━━━━━━━━━━ 1.1/1.1 MB 39.9 MB/s eta 0:00:00
2022-03-30T02:27:37.9868002Z Collecting wheel
2022-03-30T02:27:37.9904211Z   Using cached wheel-0.37.1-py2.py3-none-any.whl (35 kB)
2022-03-30T02:27:38.1505736Z Installing collected packages: wheel, setuptools, pip
2022-03-30T02:27:39.8448965Z Successfully installed pip-20.0.2 setuptools-61.2.0 wheel-0.37.1
2022-03-30T02:27:40.5846007Z WARNING: You are using pip version 20.0.2; however, version 22.0.4 is available.
2022-03-30T02:27:40.5847386Z You should consider upgrading via the '/home/runner/work/mycroft-core/mycroft-core/.venv/bin/python3 -m pip install --upgrade pip' command.
2022-03-30T02:27:40.6817942Z grep: ./.git/hooks/pre-commit: No such file or directory
2022-03-30T02:27:41.1776280Z Collecting https://github.com/MycroftAI/adapt/tarball/feature/exclude_and_exactly (from -r requirements/requirements.txt (line 21))
2022-03-30T02:27:41.6437752Z   Downloading https://github.com/MycroftAI/adapt/tarball/feature/exclude_and_exactly
2022-03-30T02:27:43.6769965Z Collecting requests<2.26.0,>=2.20.0
2022-03-30T02:27:43.6805790Z   Using cached requests-2.25.1-py2.py3-none-any.whl (61 kB)
2022-03-30T02:27:43.7406707Z Collecting gTTS<2.3.0,>=2.2.2
2022-03-30T02:27:43.7677591Z   Downloading gTTS-2.2.4-py3-none-any.whl (26 kB)
2022-03-30T02:27:43.8404183Z Processing /home/runner/.cache/pip/wheels/40/2e/4c/b71e7e96c861a46e6213bc6bb482b94dcf293a92c5e736c1ec/PyAudio-0.2.11-cp37-cp37m-linux_x86_64.whl
2022-03-30T02:27:43.8839858Z Collecting pyee==8.1.0
2022-03-30T02:27:43.8890157Z   Using cached pyee-8.1.0-py2.py3-none-any.whl (12 kB)
2022-03-30T02:27:44.0255687Z Collecting SpeechRecognition==3.8.1
2022-03-30T02:27:44.1299878Z   Using cached SpeechRecognition-3.8.1-py2.py3-none-any.whl (32.8 MB)
2022-03-30T02:27:45.0246010Z Collecting tornado~=6.1
2022-03-30T02:27:45.0289945Z   Using cached tornado-6.1-cp37-cp37m-manylinux2010_x86_64.whl (428 kB)
2022-03-30T02:27:45.1220580Z Collecting websocket-client~=1.2.1
2022-03-30T02:27:45.1250385Z   Using cached websocket_client-1.2.3-py3-none-any.whl (53 kB)
2022-03-30T02:27:45.1959002Z Processing /home/runner/.cache/pip/wheels/25/73/cc/f75955ce5d76cff2947d3d663d28d68d57f95a29e07cbe3a25/requests_futures-0.9.5-py3-none-any.whl
2022-03-30T02:27:45.2275751Z Processing /home/runner/.cache/pip/wheels/dc/c2/65/d3c3fad101b33e9106f67b4daa17a75872f08b9a9edee5fd2c/pyserial-3.0-py3-none-any.whl
2022-03-30T02:27:45.5154015Z Processing /home/runner/.cache/pip/wheels/bd/e6/8a/74cbbc2e5a21d87f366206ea809fad8b77f2f2b7205f8e1c2f/psutil-5.6.6-cp37-cp37m-linux_x86_64.whl
2022-03-30T02:27:45.5896564Z Processing /home/runner/.cache/pip/wheels/fc/8e/c4/e61c23a63f1103df6216668862dd762c746a9ba478b88f4067/pocketsphinx-0.1.0-cp37-cp37m-linux_x86_64.whl
2022-03-30T02:27:46.1921882Z Collecting pillow==8.3.2
2022-03-30T02:27:46.2030577Z   Using cached Pillow-8.3.2-cp37-cp37m-manylinux_2_17_x86_64.manylinux2014_x86_64.whl (3.0 MB)
2022-03-30T02:27:46.3541767Z Collecting python-dateutil==2.6.0
2022-03-30T02:27:46.3571497Z   Using cached python_dateutil-2.6.0-py2.py3-none-any.whl (194 kB)
2022-03-30T02:27:46.4021745Z Collecting fasteners==0.14.1
2022-03-30T02:27:46.4045915Z   Using cached fasteners-0.14.1-py2.py3-none-any.whl (20 kB)
2022-03-30T02:27:46.5439216Z Collecting PyYAML==5.4
2022-03-30T02:27:46.5470396Z   Using cached PyYAML-5.4-cp37-cp37m-manylinux1_x86_64.whl (636 kB)
2022-03-30T02:27:46.6598190Z Collecting lingua-franca==0.4.2
2022-03-30T02:27:46.6627880Z   Using cached lingua_franca-0.4.2-py3-none-any.whl (591 kB)
2022-03-30T02:27:46.8387850Z Collecting msm==0.8.9
2022-03-30T02:27:46.8414350Z   Using cached msm-0.8.9-py3-none-any.whl (25 kB)
2022-03-30T02:27:46.8754910Z Collecting msk==0.3.16
2022-03-30T02:27:46.8779082Z   Using cached msk-0.3.16-py3-none-any.whl (47 kB)
2022-03-30T02:27:46.9829347Z Collecting mycroft-messagebus-client==0.9.4
2022-03-30T02:27:46.9857179Z   Using cached mycroft_messagebus_client-0.9.4-py3-none-any.whl (19 kB)
2022-03-30T02:27:47.0200925Z Processing /home/runner/.cache/pip/wheels/31/ee/0c/11f451cc2b88ee739d64187e80fbe4d37130cf32475b3151e3/padatious-0.4.8-py2.py3-none-any.whl
2022-03-30T02:27:47.1257066Z Processing /home/runner/.cache/pip/wheels/e6/a5/6d/5e99e49259523a3b375ce916edc035d2c3900a1ed3d052bf91/fann2-1.0.7-cp37-cp37m-linux_x86_64.whl
2022-03-30T02:27:47.2248792Z Processing /home/runner/.cache/pip/wheels/26/c1/f4/8c2f200d5ec27d647a27a52c624073b61e11be2a23d88f106a/padaos-0.1.9-py3-none-any.whl
2022-03-30T02:27:47.2555238Z Processing /home/runner/.cache/pip/wheels/bc/76/a3/c3fd11ce55ee1704a20518cc49c21cdf11df383fd9c6ab0c41/precise_runner-0.2.1-py3-none-any.whl
2022-03-30T02:27:47.3411227Z Processing /home/runner/.cache/pip/wheels/9d/c2/a8/7e1476213a9c2edc56c098b94a3cf523bc23c07f8b2f25dc6c/petact-0.1.2-py3-none-any.whl
2022-03-30T02:27:47.3617261Z Collecting pyxdg==0.27
2022-03-30T02:27:47.3640645Z   Using cached pyxdg-0.27-py2.py3-none-any.whl (49 kB)
2022-03-30T02:27:47.4463362Z Collecting dbus-next==0.2.3
2022-03-30T02:27:47.4550181Z   Downloading dbus_next-0.2.3-py3-none-any.whl (57 kB)
2022-03-30T02:27:47.6938297Z Collecting pysdl2==0.9.11
2022-03-30T02:27:47.7010745Z   Downloading PySDL2-0.9.11-py3-none-any.whl (538 kB)
2022-03-30T02:27:47.8418215Z Collecting onnxruntime<2.0,>=1.6
2022-03-30T02:27:47.8529727Z   Downloading onnxruntime-1.11.0-cp37-cp37m-manylinux_2_17_x86_64.manylinux2014_x86_64.whl (5.2 MB)
2022-03-30T02:27:48.1600700Z Collecting beautifulsoup4~=4.10.0
2022-03-30T02:27:48.1650191Z   Downloading beautifulsoup4-4.10.0-py3-none-any.whl (97 kB)
2022-03-30T02:27:48.2211813Z Collecting six>=1.10.0
2022-03-30T02:27:48.2240478Z   Using cached six-1.16.0-py2.py3-none-any.whl (11 kB)
2022-03-30T02:27:48.3063324Z Collecting urllib3<1.27,>=1.21.1
2022-03-30T02:27:48.3089716Z   Using cached urllib3-1.26.9-py2.py3-none-any.whl (138 kB)
2022-03-30T02:27:48.3772223Z Collecting idna<3,>=2.5
2022-03-30T02:27:48.3798522Z   Using cached idna-2.10-py2.py3-none-any.whl (58 kB)
2022-03-30T02:27:48.4084673Z Collecting chardet<5,>=3.0.2
2022-03-30T02:27:48.4108409Z   Using cached chardet-4.0.0-py2.py3-none-any.whl (178 kB)
2022-03-30T02:27:48.4944117Z Collecting certifi>=2017.4.17
2022-03-30T02:27:48.4974496Z   Using cached certifi-2021.10.8-py2.py3-none-any.whl (149 kB)
2022-03-30T02:27:48.5569790Z Collecting click
2022-03-30T02:27:48.5614655Z   Downloading click-8.1.0-py3-none-any.whl (96 kB)
2022-03-30T02:27:48.5979163Z Collecting monotonic>=0.1
2022-03-30T02:27:48.6001142Z   Using cached monotonic-1.6-py2.py3-none-any.whl (8.2 kB)
2022-03-30T02:27:48.6196050Z Collecting lazy
2022-03-30T02:27:48.6218322Z   Using cached lazy-1.4-py2.py3-none-any.whl (6.2 kB)
2022-03-30T02:27:48.7094701Z Collecting GitPython
2022-03-30T02:27:48.7122350Z   Using cached GitPython-3.1.27-py3-none-any.whl (181 kB)
2022-03-30T02:27:48.8151007Z Collecting pako
2022-03-30T02:27:48.8176470Z   Using cached pako-0.3.1-py3-none-any.whl (16 kB)
2022-03-30T02:27:48.8650548Z Collecting colorama
2022-03-30T02:27:48.8674489Z   Using cached colorama-0.4.4-py2.py3-none-any.whl (16 kB)
2022-03-30T02:27:48.9261500Z Collecting pygithub
2022-03-30T02:27:48.9290129Z   Using cached PyGithub-1.55-py3-none-any.whl (291 kB)
2022-03-30T02:27:49.1841097Z Collecting xxhash
2022-03-30T02:27:49.1870727Z   Using cached xxhash-3.0.0-cp37-cp37m-manylinux_2_17_x86_64.manylinux2014_x86_64.whl (212 kB)
2022-03-30T02:27:49.2192252Z Collecting flatbuffers
2022-03-30T02:27:49.2244400Z   Downloading flatbuffers-2.0-py2.py3-none-any.whl (26 kB)
2022-03-30T02:27:49.8469362Z Collecting numpy>=1.21.0
2022-03-30T02:27:49.8538204Z   Downloading numpy-1.21.5-cp37-cp37m-manylinux_2_12_x86_64.manylinux2010_x86_64.whl (15.7 MB)
2022-03-30T02:27:51.0008693Z Collecting protobuf
2022-03-30T02:27:51.0045338Z   Using cached protobuf-3.19.4-cp37-cp37m-manylinux_2_17_x86_64.manylinux2014_x86_64.whl (1.1 MB)
2022-03-30T02:27:51.0926756Z Collecting soupsieve>1.2
2022-03-30T02:27:51.0973171Z   Downloading soupsieve-2.3.1-py3-none-any.whl (37 kB)
2022-03-30T02:27:51.2220508Z Collecting importlib-metadata; python_version < "3.8"
2022-03-30T02:27:51.2246204Z   Using cached importlib_metadata-4.11.3-py3-none-any.whl (18 kB)
2022-03-30T02:27:51.2798127Z Collecting typing-extensions>=3.7.4.3; python_version < "3.8"
2022-03-30T02:27:51.2823839Z   Using cached typing_extensions-4.1.1-py3-none-any.whl (26 kB)
2022-03-30T02:27:51.3123220Z Collecting gitdb<5,>=4.0.1
2022-03-30T02:27:51.3147366Z   Using cached gitdb-4.0.9-py3-none-any.whl (63 kB)
2022-03-30T02:27:51.3434561Z Collecting appdirs
2022-03-30T02:27:51.3459252Z   Using cached appdirs-1.4.4-py2.py3-none-any.whl (9.6 kB)
2022-03-30T02:27:51.3895809Z Collecting deprecated
2022-03-30T02:27:51.3924025Z   Using cached Deprecated-1.2.13-py2.py3-none-any.whl (9.6 kB)
2022-03-30T02:27:51.4806385Z Collecting pynacl>=1.4.0
2022-03-30T02:27:51.4842741Z   Using cached PyNaCl-1.5.0-cp36-abi3-manylinux_2_17_x86_64.manylinux2014_x86_64.manylinux_2_24_x86_64.whl (856 kB)
2022-03-30T02:27:51.5888378Z Collecting pyjwt>=2.0
2022-03-30T02:27:51.5910765Z   Using cached PyJWT-2.3.0-py3-none-any.whl (16 kB)
2022-03-30T02:27:51.6573819Z Collecting zipp>=0.5
2022-03-30T02:27:51.6597983Z   Using cached zipp-3.7.0-py3-none-any.whl (5.3 kB)
2022-03-30T02:27:51.7019465Z Collecting smmap<6,>=3.0.1
2022-03-30T02:27:51.7042238Z   Using cached smmap-5.0.0-py3-none-any.whl (24 kB)
2022-03-30T02:27:51.8986154Z Collecting wrapt<2,>=1.10
2022-03-30T02:27:51.9040781Z   Downloading wrapt-1.14.0-cp37-cp37m-manylinux_2_5_x86_64.manylinux1_x86_64.manylinux_2_17_x86_64.manylinux2014_x86_64.whl (75 kB)
2022-03-30T02:27:52.2561609Z Collecting cffi>=1.4.1
2022-03-30T02:27:52.2601496Z   Using cached cffi-1.15.0-cp37-cp37m-manylinux_2_12_x86_64.manylinux2010_x86_64.whl (427 kB)
2022-03-30T02:27:52.3038439Z Collecting pycparser
2022-03-30T02:27:52.3062736Z   Using cached pycparser-2.21-py2.py3-none-any.whl (118 kB)
2022-03-30T02:27:52.3194047Z Building wheels for collected packages: adapt-parser
2022-03-30T02:27:52.3198745Z   Building wheel for adapt-parser (setup.py): started
2022-03-30T02:27:54.4012003Z   Building wheel for adapt-parser (setup.py): finished with status 'done'
2022-03-30T02:27:54.4017369Z   Created wheel for adapt-parser: filename=adapt_parser-1.0.0x-py3-none-any.whl size=31450 sha256=ae306e6c250526baa6839dbc7ad27922c371a9b4aaffe762de143768e898f214
2022-03-30T02:27:54.4018600Z   Stored in directory: /tmp/pip-ephem-wheel-cache-eyyig9cy/wheels/c1/76/4d/70047ec5708ff025475ac66b27d720c64311cee3af969bb468
2022-03-30T02:27:54.4025665Z Successfully built adapt-parser
2022-03-30T02:27:54.7015259Z Installing collected packages: urllib3, idna, chardet, certifi, requests, zipp, typing-extensions, importlib-metadata, click, six, gTTS, PyAudio, pyee, SpeechRecognition, tornado, websocket-client, requests-futures, pyserial, psutil, pocketsphinx, pillow, python-dateutil, monotonic, fasteners, PyYAML, lingua-franca, lazy, smmap, gitdb, GitPython, appdirs, pako, msm, colorama, wrapt, deprecated, pycparser, cffi, pynacl, pyjwt, pygithub, msk, mycroft-messagebus-client, xxhash, padaos, fann2, padatious, precise-runner, petact, pyxdg, dbus-next, pysdl2, flatbuffers, numpy, protobuf, onnxruntime, soupsieve, beautifulsoup4, adapt-parser
2022-03-30T02:28:01.3460044Z Successfully installed GitPython-3.1.27 PyAudio-0.2.11 PyYAML-5.4 SpeechRecognition-3.8.1 adapt-parser-1.0.0x appdirs-1.4.4 beautifulsoup4-4.10.0 certifi-2021.10.8 cffi-1.15.0 chardet-4.0.0 click-8.1.0 colorama-0.4.4 dbus-next-0.2.3 deprecated-1.2.13 fann2-1.0.7 fasteners-0.14.1 flatbuffers-2.0 gTTS-2.2.4 gitdb-4.0.9 idna-2.10 importlib-metadata-4.11.3 lazy-1.4 lingua-franca-0.4.2 monotonic-1.6 msk-0.3.16 msm-0.8.9 mycroft-messagebus-client-0.9.4 numpy-1.21.5 onnxruntime-1.11.0 padaos-0.1.9 padatious-0.4.8 pako-0.3.1 petact-0.1.2 pillow-8.3.2 pocketsphinx-0.1.0 precise-runner-0.2.1 protobuf-3.19.4 psutil-5.6.6 pycparser-2.21 pyee-8.1.0 pygithub-1.55 pyjwt-2.3.0 pynacl-1.5.0 pysdl2-0.9.11 pyserial-3.0 python-dateutil-2.6.0 pyxdg-0.27 requests-2.25.1 requests-futures-0.9.5 six-1.16.0 smmap-5.0.0 soupsieve-2.3.1 tornado-6.1 typing-extensions-4.1.1 urllib3-1.26.9 websocket-client-1.2.3 wrapt-1.14.0 xxhash-3.0.0 zipp-3.7.0
2022-03-30T02:28:01.4523066Z WARNING: You are using pip version 20.0.2; however, version 22.0.4 is available.
2022-03-30T02:28:01.4524353Z You should consider upgrading via the '/home/runner/work/mycroft-core/mycroft-core/.venv/bin/python3 -m pip install --upgrade pip' command.
2022-03-30T02:28:02.7979082Z WARNING: You are using pip version 20.0.2; however, version 22.0.4 is available.
2022-03-30T02:28:02.8025524Z You should consider upgrading via the '/home/runner/work/mycroft-core/mycroft-core/.venv/bin/python3 -m pip install --upgrade pip' command.
2022-03-30T02:28:04.9055686Z WARNING: You are using pip version 20.0.2; however, version 22.0.4 is available.
2022-03-30T02:28:04.9056906Z You should consider upgrading via the '/home/runner/work/mycroft-core/mycroft-core/.venv/bin/python3 -m pip install --upgrade pip' command.
2022-03-30T02:28:05.6590703Z WARNING: You are using pip version 20.0.2; however, version 22.0.4 is available.
2022-03-30T02:28:05.6592044Z You should consider upgrading via the '/home/runner/work/mycroft-core/mycroft-core/.venv/bin/python3 -m pip install --upgrade pip' command.
2022-03-30T02:28:19.4137864Z WARNING: You are using pip version 20.0.2; however, version 22.0.4 is available.
2022-03-30T02:28:19.4139021Z You should consider upgrading via the '/home/runner/work/mycroft-core/mycroft-core/.venv/bin/python3 -m pip install --upgrade pip' command.
2022-03-30T02:28:19.8664510Z Collecting git+https://github.com/krisgesling/tag-expressions-python@3.0.1.dev1 (from -r requirements/tests.txt (line 8))
2022-03-30T02:28:19.8668566Z   Cloning https://github.com/krisgesling/tag-expressions-python (to revision 3.0.1.dev1) to /tmp/pip-req-build-vm6v560d
2022-03-30T02:28:19.8670138Z   Running command git clone -q https://github.com/krisgesling/tag-expressions-python /tmp/pip-req-build-vm6v560d
2022-03-30T02:28:22.6403506Z Collecting git+https://github.com/behave/behave@v1.2.7.dev2 (from -r requirements/tests.txt (line 9))
2022-03-30T02:28:22.6410293Z   Cloning https://github.com/behave/behave (to revision v1.2.7.dev2) to /tmp/pip-req-build-cgnuv1vk
2022-03-30T02:28:22.6412004Z   Running command git clone -q https://github.com/behave/behave /tmp/pip-req-build-cgnuv1vk
2022-03-30T02:28:24.1757493Z   Running command git checkout -q 9520119376046aeff73804b5f1ea05d87a63f370
2022-03-30T02:28:26.6070199Z Collecting coveralls==1.8.2
2022-03-30T02:28:26.6117294Z   Using cached coveralls-1.8.2-py2.py3-none-any.whl (11 kB)
2022-03-30T02:28:26.7540066Z Collecting flake8==3.7.9
2022-03-30T02:28:26.7575586Z   Using cached flake8-3.7.9-py2.py3-none-any.whl (69 kB)
2022-03-30T02:28:26.9555144Z Collecting pytest==5.2.4
2022-03-30T02:28:26.9598236Z   Using cached pytest-5.2.4-py3-none-any.whl (227 kB)
2022-03-30T02:28:27.0739640Z Collecting pytest-cov==2.8.1
2022-03-30T02:28:27.0761323Z   Using cached pytest_cov-2.8.1-py2.py3-none-any.whl (18 kB)
2022-03-30T02:28:27.1353351Z Processing /home/runner/.cache/pip/wheels/b3/74/c7/30a4079f259fcf454544053bcd20451fd9f63a8e04ab419a7a/cov_core-1.15.0-py3-none-any.whl
2022-03-30T02:28:27.3248219Z Collecting sphinx==2.2.1
2022-03-30T02:28:27.3436333Z   Using cached Sphinx-2.2.1-py3-none-any.whl (3.3 MB)
2022-03-30T02:28:27.6567724Z Collecting sphinx-rtd-theme==0.4.3
2022-03-30T02:28:27.6781642Z   Using cached sphinx_rtd_theme-0.4.3-py2.py3-none-any.whl (6.4 MB)
2022-03-30T02:28:27.8841787Z Collecting allure-behave==2.8.10
2022-03-30T02:28:27.8872179Z   Using cached allure_behave-2.8.10-py3-none-any.whl (6.6 kB)
2022-03-30T02:28:27.9098719Z Requirement already satisfied: python-vlc==1.1.2 in ./.venv/lib/python3.7/site-packages (from -r requirements/tests.txt (line 12)) (1.1.2)
2022-03-30T02:28:27.9450678Z Processing /home/runner/.cache/pip/wheels/9c/aa/cc/f2228050ccb40f22144b073f15a2c84f11204f29fc0dce028e/parse-1.19.0-py3-none-any.whl
2022-03-30T02:28:27.9970654Z Collecting parse_type>=0.4.2
2022-03-30T02:28:27.9996195Z   Using cached parse_type-0.6.0-py2.py3-none-any.whl (32 kB)
2022-03-30T02:28:28.0366629Z Requirement already satisfied: six>=1.12.0 in ./.venv/lib/python3.7/site-packages (from behave==1.2.7.dev2->-r requirements/tests.txt (line 9)) (1.16.0)
2022-03-30T02:28:28.0380723Z Requirement already satisfied: colorama in ./.venv/lib/python3.7/site-packages (from behave==1.2.7.dev2->-r requirements/tests.txt (line 9)) (0.4.4)
2022-03-30T02:28:28.0406383Z Requirement already satisfied: requests>=1.0.0 in ./.venv/lib/python3.7/site-packages (from coveralls==1.8.2->-r requirements/tests.txt (line 1)) (2.25.1)
2022-03-30T02:28:28.6618591Z Collecting coverage<5.0,>=3.6
2022-03-30T02:28:28.6646740Z   Using cached coverage-4.5.4-cp37-cp37m-manylinux1_x86_64.whl (205 kB)
2022-03-30T02:28:28.7227665Z Processing /home/runner/.cache/pip/wheels/72/b0/3f/1d95f96ff986c7dfffe46ce2be4062f38ebd04b506c77c81b9/docopt-0.6.2-py2.py3-none-any.whl
2022-03-30T02:28:28.7674056Z Collecting entrypoints<0.4.0,>=0.3.0
2022-03-30T02:28:28.7697117Z   Using cached entrypoints-0.3-py2.py3-none-any.whl (11 kB)
2022-03-30T02:28:28.8249046Z Collecting pycodestyle<2.6.0,>=2.5.0
2022-03-30T02:28:28.8272376Z   Using cached pycodestyle-2.5.0-py2.py3-none-any.whl (51 kB)
2022-03-30T02:28:28.9019045Z Collecting pyflakes<2.2.0,>=2.1.0
2022-03-30T02:28:28.9043240Z   Using cached pyflakes-2.1.1-py2.py3-none-any.whl (59 kB)
2022-03-30T02:28:28.9610649Z Collecting mccabe<0.7.0,>=0.6.0
2022-03-30T02:28:28.9637710Z   Using cached mccabe-0.6.1-py2.py3-none-any.whl (8.6 kB)
2022-03-30T02:28:29.0304426Z Collecting attrs>=17.4.0
2022-03-30T02:28:29.0329164Z   Using cached attrs-21.4.0-py2.py3-none-any.whl (60 kB)
2022-03-30T02:28:29.1303582Z Collecting atomicwrites>=1.0
2022-03-30T02:28:29.1326812Z   Using cached atomicwrites-1.4.0-py2.py3-none-any.whl (6.8 kB)
2022-03-30T02:28:29.2124523Z Collecting py>=1.5.0
2022-03-30T02:28:29.2148877Z   Using cached py-1.11.0-py2.py3-none-any.whl (98 kB)
2022-03-30T02:28:29.3277888Z Collecting packaging
2022-03-30T02:28:29.3301984Z   Using cached packaging-21.3-py3-none-any.whl (40 kB)
2022-03-30T02:28:29.3557956Z Requirement already satisfied: importlib-metadata>=0.12; python_version < "3.8" in ./.venv/lib/python3.7/site-packages (from pytest==5.2.4->-r requirements/tests.txt (line 3)) (4.11.3)
2022-03-30T02:28:29.4412887Z Collecting more-itertools>=4.0.0
2022-03-30T02:28:29.4443031Z   Using cached more_itertools-8.12.0-py3-none-any.whl (54 kB)
2022-03-30T02:28:29.5161444Z Collecting wcwidth
2022-03-30T02:28:29.5182988Z   Using cached wcwidth-0.2.5-py2.py3-none-any.whl (30 kB)
2022-03-30T02:28:29.5793133Z Collecting pluggy<1.0,>=0.12
2022-03-30T02:28:29.5814064Z   Using cached pluggy-0.13.1-py2.py3-none-any.whl (18 kB)
2022-03-30T02:28:29.6512425Z Collecting babel!=2.0,>=1.3
2022-03-30T02:28:29.6745103Z   Using cached Babel-2.9.1-py2.py3-none-any.whl (8.8 MB)
2022-03-30T02:28:30.1355786Z Collecting sphinxcontrib-htmlhelp
2022-03-30T02:28:30.1380736Z   Using cached sphinxcontrib_htmlhelp-2.0.0-py2.py3-none-any.whl (100 kB)
2022-03-30T02:28:30.2170674Z Collecting snowballstemmer>=1.1
2022-03-30T02:28:30.2194047Z   Using cached snowballstemmer-2.2.0-py2.py3-none-any.whl (93 kB)
2022-03-30T02:28:30.2933998Z Collecting docutils>=0.12
2022-03-30T02:28:30.2974216Z   Using cached docutils-0.18.1-py2.py3-none-any.whl (570 kB)
2022-03-30T02:28:30.4402599Z Collecting Pygments>=2.0
2022-03-30T02:28:30.4446033Z   Using cached Pygments-2.11.2-py3-none-any.whl (1.1 MB)
2022-03-30T02:28:30.5750488Z Collecting imagesize
2022-03-30T02:28:30.5775815Z   Using cached imagesize-1.3.0-py2.py3-none-any.whl (5.2 kB)
2022-03-30T02:28:30.6202798Z Collecting sphinxcontrib-serializinghtml
2022-03-30T02:28:30.6227308Z   Using cached sphinxcontrib_serializinghtml-1.1.5-py2.py3-none-any.whl (94 kB)
2022-03-30T02:28:30.6935575Z Collecting sphinxcontrib-devhelp
2022-03-30T02:28:30.6961669Z   Using cached sphinxcontrib_devhelp-1.0.2-py2.py3-none-any.whl (84 kB)
2022-03-30T02:28:30.7759884Z Collecting alabaster<0.8,>=0.7
2022-03-30T02:28:30.7785542Z   Using cached alabaster-0.7.12-py2.py3-none-any.whl (14 kB)
2022-03-30T02:28:30.8246653Z Collecting sphinxcontrib-qthelp
2022-03-30T02:28:30.8274827Z   Using cached sphinxcontrib_qthelp-1.0.3-py2.py3-none-any.whl (90 kB)
2022-03-30T02:28:30.8722186Z Requirement already satisfied: setuptools in ./.venv/lib/python3.7/site-packages (from sphinx==2.2.1->-r requirements/tests.txt (line 6)) (61.2.0)
2022-03-30T02:28:30.9933547Z Collecting Jinja2>=2.3
2022-03-30T02:28:30.9960654Z   Using cached Jinja2-3.1.1-py3-none-any.whl (132 kB)
2022-03-30T02:28:31.0516750Z Collecting sphinxcontrib-applehelp
2022-03-30T02:28:31.0542459Z   Using cached sphinxcontrib_applehelp-1.0.2-py2.py3-none-any.whl (121 kB)
2022-03-30T02:28:31.1299713Z Collecting sphinxcontrib-jsmath
2022-03-30T02:28:31.1323234Z   Using cached sphinxcontrib_jsmath-1.0.1-py2.py3-none-any.whl (5.1 kB)
2022-03-30T02:28:31.2115768Z Collecting allure-python-commons==2.8.10
2022-03-30T02:28:31.2139828Z   Using cached allure_python_commons-2.8.10-py3-none-any.whl (15 kB)
2022-03-30T02:28:31.2379214Z Requirement already satisfied: idna<3,>=2.5 in ./.venv/lib/python3.7/site-packages (from requests>=1.0.0->coveralls==1.8.2->-r requirements/tests.txt (line 1)) (2.10)
2022-03-30T02:28:31.2403797Z Requirement already satisfied: chardet<5,>=3.0.2 in ./.venv/lib/python3.7/site-packages (from requests>=1.0.0->coveralls==1.8.2->-r requirements/tests.txt (line 1)) (4.0.0)
2022-03-30T02:28:31.2428549Z Requirement already satisfied: urllib3<1.27,>=1.21.1 in ./.venv/lib/python3.7/site-packages (from requests>=1.0.0->coveralls==1.8.2->-r requirements/tests.txt (line 1)) (1.26.9)
2022-03-30T02:28:31.2653078Z Requirement already satisfied: certifi>=2017.4.17 in ./.venv/lib/python3.7/site-packages (from requests>=1.0.0->coveralls==1.8.2->-r requirements/tests.txt (line 1)) (2021.10.8)
2022-03-30T02:28:31.2655211Z Requirement already satisfied: pyparsing!=3.0.5,>=2.0.2 in ./.venv/lib/python3.7/site-packages (from packaging->pytest==5.2.4->-r requirements/tests.txt (line 3)) (3.0.7)
2022-03-30T02:28:31.2686767Z Requirement already satisfied: typing-extensions>=3.6.4; python_version < "3.8" in ./.venv/lib/python3.7/site-packages (from importlib-metadata>=0.12; python_version < "3.8"->pytest==5.2.4->-r requirements/tests.txt (line 3)) (4.1.1)
2022-03-30T02:28:31.2703263Z Requirement already satisfied: zipp>=0.5 in ./.venv/lib/python3.7/site-packages (from importlib-metadata>=0.12; python_version < "3.8"->pytest==5.2.4->-r requirements/tests.txt (line 3)) (3.7.0)
2022-03-30T02:28:31.4474432Z Collecting pytz>=2015.7
2022-03-30T02:28:31.4505024Z   Using cached pytz-2022.1-py2.py3-none-any.whl (503 kB)
2022-03-30T02:28:31.7134284Z Collecting MarkupSafe>=2.0
2022-03-30T02:28:31.7160657Z   Using cached MarkupSafe-2.1.1-cp37-cp37m-manylinux_2_17_x86_64.manylinux2014_x86_64.whl (25 kB)
2022-03-30T02:28:31.7366302Z Building wheels for collected packages: cucumber-tag-expressions, behave
2022-03-30T02:28:31.7425847Z   Building wheel for cucumber-tag-expressions (setup.py): started
2022-03-30T02:28:34.2194868Z   Building wheel for cucumber-tag-expressions (setup.py): finished with status 'done'
2022-03-30T02:28:34.2199342Z   Created wheel for cucumber-tag-expressions: filename=cucumber_tag_expressions-3.0.1.dev1-py2.py3-none-any.whl size=8429 sha256=b6ea40f37b4e2b77158f376007ba93f1d08913bfca071d4f4559937bab98e71f
2022-03-30T02:28:34.2200436Z   Stored in directory: /tmp/pip-ephem-wheel-cache-ddw52u92/wheels/3b/0f/3d/9001781e3623b696b754809c4ec46d0f6563f406f15d85ac4d
2022-03-30T02:28:34.2261985Z   Building wheel for behave (setup.py): started
2022-03-30T02:28:36.7049828Z   Building wheel for behave (setup.py): finished with status 'done'
2022-03-30T02:28:36.7060921Z   Created wheel for behave: filename=behave-1.2.7.dev2-py2.py3-none-any.whl size=157627 sha256=80b6ea49e4e4b0fd177b28b87f3c45663709253eb874dbaad0775576c0433139
2022-03-30T02:28:36.7062756Z   Stored in directory: /tmp/pip-ephem-wheel-cache-ddw52u92/wheels/32/1b/08/6e269a8082888edca3d82c7217159761ad50925f8d7f223088
2022-03-30T02:28:36.7069460Z Successfully built cucumber-tag-expressions behave
2022-03-30T02:28:37.0790483Z Installing collected packages: coverage, docopt, coveralls, entrypoints, pycodestyle, pyflakes, mccabe, flake8, attrs, atomicwrites, py, packaging, more-itertools, wcwidth, pluggy, pytest, pytest-cov, cov-core, pytz, babel, sphinxcontrib-htmlhelp, snowballstemmer, docutils, Pygments, imagesize, sphinxcontrib-serializinghtml, sphinxcontrib-devhelp, alabaster, sphinxcontrib-qthelp, MarkupSafe, Jinja2, sphinxcontrib-applehelp, sphinxcontrib-jsmath, sphinx, sphinx-rtd-theme, allure-python-commons, cucumber-tag-expressions, parse, parse-type, behave, allure-behave
2022-03-30T02:28:41.5403727Z Successfully installed Jinja2-3.1.1 MarkupSafe-2.1.1 Pygments-2.11.2 alabaster-0.7.12 allure-behave-2.8.10 allure-python-commons-2.8.10 atomicwrites-1.4.0 attrs-21.4.0 babel-2.9.1 behave-1.2.7.dev2 cov-core-1.15.0 coverage-4.5.4 coveralls-1.8.2 cucumber-tag-expressions-3.0.1.dev1 docopt-0.6.2 docutils-0.18.1 entrypoints-0.3 flake8-3.7.9 imagesize-1.3.0 mccabe-0.6.1 more-itertools-8.12.0 packaging-21.3 parse-1.19.0 parse-type-0.6.0 pluggy-0.13.1 py-1.11.0 pycodestyle-2.5.0 pyflakes-2.1.1 pytest-5.2.4 pytest-cov-2.8.1 pytz-2022.1 snowballstemmer-2.2.0 sphinx-2.2.1 sphinx-rtd-theme-0.4.3 sphinxcontrib-applehelp-1.0.2 sphinxcontrib-devhelp-1.0.2 sphinxcontrib-htmlhelp-2.0.0 sphinxcontrib-jsmath-1.0.1 sphinxcontrib-qthelp-1.0.3 sphinxcontrib-serializinghtml-1.1.5 wcwidth-0.2.5
2022-03-30T02:28:41.7137101Z WARNING: You are using pip version 20.0.2; however, version 22.0.4 is available.
2022-03-30T02:28:41.7138077Z You should consider upgrading via the '/home/runner/work/mycroft-core/mycroft-core/.venv/bin/python3 -m pip install --upgrade pip' command.
2022-03-30T02:28:41.7836239Z Building with 2 cores.
2022-03-30T02:28:41.7836929Z Skipping mimic build.
2022-03-30T02:28:41.7947688Z Creating /var/log/mycroft/ directory
2022-03-30T02:28:41.8328981Z ##[group]Run pycodestyle mycroft test --max-line-length=88
2022-03-30T02:28:41.8329372Z [36;1mpycodestyle mycroft test --max-line-length=88[0m
2022-03-30T02:28:41.8329897Z [36;1mflake8 mycroft test --max-line-length=88 --count --select=E9,F63,F7,F82 --show-source --statistics[0m
2022-03-30T02:28:41.8384242Z shell: /usr/bin/bash -e {0}
2022-03-30T02:28:41.8384453Z env:
2022-03-30T02:28:41.8384717Z   pythonLocation: /opt/hostedtoolcache/Python/3.7.12/x64
2022-03-30T02:28:41.8385032Z   LD_LIBRARY_PATH: /opt/hostedtoolcache/Python/3.7.12/x64/lib
2022-03-30T02:28:41.8385285Z ##[endgroup]
2022-03-30T02:28:54.8956482Z 0
2022-03-30T02:28:54.9172150Z ##[group]Run if [[ 3.7 == 3.9 ]]; then ./start-mycroft.sh unittest --cov-report html; fi
2022-03-30T02:28:54.9183499Z [36;1mif [[ 3.7 == 3.9 ]]; then ./start-mycroft.sh unittest --cov-report html; fi[0m
2022-03-30T02:28:54.9183958Z [36;1mif [[ 3.7 != 3.9 ]]; then ./start-mycroft.sh unittest; fi[0m
2022-03-30T02:28:54.9250674Z shell: /usr/bin/bash -e {0}
2022-03-30T02:28:54.9250923Z env:
2022-03-30T02:28:54.9251742Z   pythonLocation: /opt/hostedtoolcache/Python/3.7.12/x64
2022-03-30T02:28:54.9252135Z   LD_LIBRARY_PATH: /opt/hostedtoolcache/Python/3.7.12/x64/lib
2022-03-30T02:28:54.9252446Z ##[endgroup]
2022-03-30T02:28:55.4329204Z ============================= test session starts ==============================
2022-03-30T02:28:55.4330437Z platform linux -- Python 3.7.12, pytest-5.2.4, py-1.11.0, pluggy-0.13.1
2022-03-30T02:28:55.4385133Z rootdir: /home/runner/work/mycroft-core/mycroft-core, inifile: pytest.ini
2022-03-30T02:28:55.4385821Z plugins: cov-2.8.1
2022-03-30T02:28:57.9178657Z collected 389 items / 13 errors / 376 selected
2022-03-30T02:28:59.1743300Z 
2022-03-30T02:28:59.1744250Z ==================================== ERRORS ====================================
2022-03-30T02:28:59.1745596Z ____________ ERROR collecting test/unittests/audio/test_service.py _____________
2022-03-30T02:28:59.1746733Z ImportError while importing test module '/home/runner/work/mycroft-core/mycroft-core/test/unittests/audio/test_service.py'.
2022-03-30T02:28:59.1747387Z Hint: make sure your test modules/packages have valid Python names.
2022-03-30T02:28:59.1747894Z Traceback:
2022-03-30T02:28:59.1801077Z test/unittests/audio/test_service.py:19: in <module>
2022-03-30T02:28:59.1801432Z     import mycroft.audio.audioservice as audio_service
2022-03-30T02:28:59.1801758Z mycroft/audio/audioservice.py:26: in <module>
2022-03-30T02:28:59.1802331Z     from mycroft.util.plugins import find_plugins
2022-03-30T02:28:59.1802663Z mycroft/util/plugins.py:17: in <module>
2022-03-30T02:28:59.1802976Z     from importlib.metadata import entry_points
2022-03-30T02:28:59.1803479Z E   ModuleNotFoundError: No module named 'importlib.metadata'
2022-03-30T02:28:59.1803855Z _____________ ERROR collecting test/unittests/audio/test_speech.py _____________
2022-03-30T02:28:59.1804421Z ImportError while importing test module '/home/runner/work/mycroft-core/mycroft-core/test/unittests/audio/test_speech.py'.
2022-03-30T02:28:59.1804859Z Hint: make sure your test modules/packages have valid Python names.
2022-03-30T02:28:59.1805141Z Traceback:
2022-03-30T02:28:59.1805405Z test/unittests/audio/test_speech.py:24: in <module>
2022-03-30T02:28:59.1805709Z     import mycroft.audio.speech as speech
2022-03-30T02:28:59.1805976Z mycroft/audio/speech.py:28: in <module>
2022-03-30T02:28:59.1806254Z     from mycroft.tts import TTSFactory
2022-03-30T02:28:59.1806533Z mycroft/tts/__init__.py:20: in <module>
2022-03-30T02:28:59.1806851Z     from .tts import TTSFactory, TTS, TTSValidator, PlaybackThread
2022-03-30T02:28:59.1807156Z mycroft/tts/tts.py:45: in <module>
2022-03-30T02:28:59.1807451Z     from mycroft.util.plugins import load_plugin
2022-03-30T02:28:59.1807743Z mycroft/util/plugins.py:17: in <module>
2022-03-30T02:28:59.1808039Z     from importlib.metadata import entry_points
2022-03-30T02:28:59.1808733Z E   ModuleNotFoundError: No module named 'importlib.metadata'
2022-03-30T02:28:59.1809102Z ________ ERROR collecting test/unittests/client/test_audio_consumer.py _________
2022-03-30T02:28:59.1809711Z ImportError while importing test module '/home/runner/work/mycroft-core/mycroft-core/test/unittests/client/test_audio_consumer.py'.
2022-03-30T02:28:59.1810167Z Hint: make sure your test modules/packages have valid Python names.
2022-03-30T02:28:59.1810453Z Traceback:
2022-03-30T02:28:59.1810735Z test/unittests/client/test_audio_consumer.py:21: in <module>
2022-03-30T02:28:59.1811381Z     from mycroft.client.speech.listener import (AudioConsumer, RecognizerLoop,
2022-03-30T02:28:59.1811934Z mycroft/client/speech/listener.py:24: in <module>
2022-03-30T02:28:59.1812497Z     from mycroft.client.speech.hotword_factory import HotWordFactory
2022-03-30T02:28:59.1812887Z mycroft/client/speech/hotword_factory.py:38: in <module>
2022-03-30T02:28:59.1813191Z     from mycroft.util.plugins import load_plugin
2022-03-30T02:28:59.1813488Z mycroft/util/plugins.py:17: in <module>
2022-03-30T02:28:59.1813786Z     from importlib.metadata import entry_points
2022-03-30T02:28:59.1814234Z E   ModuleNotFoundError: No module named 'importlib.metadata'
2022-03-30T02:28:59.1814612Z ________ ERROR collecting test/unittests/client/test_hotword_factory.py ________
2022-03-30T02:28:59.1815197Z ImportError while importing test module '/home/runner/work/mycroft-core/mycroft-core/test/unittests/client/test_hotword_factory.py'.
2022-03-30T02:28:59.1815634Z Hint: make sure your test modules/packages have valid Python names.
2022-03-30T02:28:59.1815917Z Traceback:
2022-03-30T02:28:59.1816191Z test/unittests/client/test_hotword_factory.py:17: in <module>
2022-03-30T02:28:59.1816542Z     from mycroft.client.speech.hotword_factory import HotWordFactory
2022-03-30T02:28:59.1816905Z mycroft/client/speech/hotword_factory.py:38: in <module>
2022-03-30T02:28:59.1817228Z     from mycroft.util.plugins import load_plugin
2022-03-30T02:28:59.1817698Z mycroft/util/plugins.py:17: in <module>
2022-03-30T02:28:59.1818006Z     from importlib.metadata import entry_points
2022-03-30T02:28:59.1818440Z E   ModuleNotFoundError: No module named 'importlib.metadata'
2022-03-30T02:28:59.1818824Z _______ ERROR collecting test/unittests/client/test_local_recognizer.py ________
2022-03-30T02:28:59.1819640Z ImportError while importing test module '/home/runner/work/mycroft-core/mycroft-core/test/unittests/client/test_local_recognizer.py'.
2022-03-30T02:28:59.1820109Z Hint: make sure your test modules/packages have valid Python names.
2022-03-30T02:28:59.1820539Z Traceback:
2022-03-30T02:28:59.1820815Z test/unittests/client/test_local_recognizer.py:21: in <module>
2022-03-30T02:28:59.1821201Z     from mycroft.client.speech.listener import RecognizerLoop
2022-03-30T02:28:59.1821562Z mycroft/client/speech/listener.py:24: in <module>
2022-03-30T02:28:59.1821938Z     from mycroft.client.speech.hotword_factory import HotWordFactory
2022-03-30T02:28:59.1822317Z mycroft/client/speech/hotword_factory.py:38: in <module>
2022-03-30T02:28:59.1822655Z     from mycroft.util.plugins import load_plugin
2022-03-30T02:28:59.1823226Z mycroft/util/plugins.py:17: in <module>
2022-03-30T02:28:59.1823736Z     from importlib.metadata import entry_points
2022-03-30T02:28:59.1824171Z E   ModuleNotFoundError: No module named 'importlib.metadata'
2022-03-30T02:28:59.1824515Z _______________ ERROR collecting test/unittests/stt/test_stt.py ________________
2022-03-30T02:28:59.1825062Z ImportError while importing test module '/home/runner/work/mycroft-core/mycroft-core/test/unittests/stt/test_stt.py'.
2022-03-30T02:28:59.1825494Z Hint: make sure your test modules/packages have valid Python names.
2022-03-30T02:28:59.1825775Z Traceback:
2022-03-30T02:28:59.1826028Z test/unittests/stt/test_stt.py:19: in <module>
2022-03-30T02:28:59.1826291Z     import mycroft.stt
2022-03-30T02:28:59.1826540Z mycroft/stt/__init__.py:26: in <module>
2022-03-30T02:28:59.1826839Z     from mycroft.util.plugins import load_plugin
2022-03-30T02:28:59.1827113Z mycroft/util/plugins.py:17: in <module>
2022-03-30T02:28:59.1827406Z     from importlib.metadata import entry_points
2022-03-30T02:28:59.1827830Z E   ModuleNotFoundError: No module named 'importlib.metadata'
2022-03-30T02:28:59.1828195Z ______________ ERROR collecting test/unittests/tts/test_cache.py _______________
2022-03-30T02:28:59.1828746Z ImportError while importing test module '/home/runner/work/mycroft-core/mycroft-core/test/unittests/tts/test_cache.py'.
2022-03-30T02:28:59.1829168Z Hint: make sure your test modules/packages have valid Python names.
2022-03-30T02:28:59.1829454Z Traceback:
2022-03-30T02:28:59.1829707Z test/unittests/tts/test_cache.py:7: in <module>
2022-03-30T02:28:59.1830147Z     from mycroft.tts.cache import hash_sentence, TextToSpeechCache
2022-03-30T02:28:59.1830480Z mycroft/tts/__init__.py:20: in <module>
2022-03-30T02:28:59.1830779Z     from .tts import TTSFactory, TTS, TTSValidator, PlaybackThread
2022-03-30T02:28:59.1831347Z mycroft/tts/tts.py:45: in <module>
2022-03-30T02:28:59.1831649Z     from mycroft.util.plugins import load_plugin
2022-03-30T02:28:59.1831949Z mycroft/util/plugins.py:17: in <module>
2022-03-30T02:28:59.1832253Z     from importlib.metadata import entry_points
2022-03-30T02:28:59.1832691Z E   ModuleNotFoundError: No module named 'importlib.metadata'
2022-03-30T02:28:59.1833071Z ____________ ERROR collecting test/unittests/tts/test_espeak_tts.py ____________
2022-03-30T02:28:59.1833649Z ImportError while importing test module '/home/runner/work/mycroft-core/mycroft-core/test/unittests/tts/test_espeak_tts.py'.
2022-03-30T02:28:59.1834100Z Hint: make sure your test modules/packages have valid Python names.
2022-03-30T02:28:59.1834538Z Traceback:
2022-03-30T02:28:59.1834805Z test/unittests/tts/test_espeak_tts.py:4: in <module>
2022-03-30T02:28:59.1835113Z     from mycroft.tts.espeak_tts import ESpeak
2022-03-30T02:28:59.1835582Z mycroft/tts/__init__.py:20: in <module>
2022-03-30T02:28:59.1835910Z     from .tts import TTSFactory, TTS, TTSValidator, PlaybackThread
2022-03-30T02:28:59.1836225Z mycroft/tts/tts.py:45: in <module>
2022-03-30T02:28:59.1836525Z     from mycroft.util.plugins import load_plugin
2022-03-30T02:28:59.1836823Z mycroft/util/plugins.py:17: in <module>
2022-03-30T02:28:59.1837107Z     from importlib.metadata import entry_points
2022-03-30T02:28:59.1837544Z E   ModuleNotFoundError: No module named 'importlib.metadata'
2022-03-30T02:28:59.1837941Z ____________ ERROR collecting test/unittests/tts/test_google_tts.py ____________
2022-03-30T02:28:59.1838799Z ImportError while importing test module '/home/runner/work/mycroft-core/mycroft-core/test/unittests/tts/test_google_tts.py'.
2022-03-30T02:28:59.1839232Z Hint: make sure your test modules/packages have valid Python names.
2022-03-30T02:28:59.1839510Z Traceback:
2022-03-30T02:28:59.1839772Z test/unittests/tts/test_google_tts.py:4: in <module>
2022-03-30T02:28:59.1840119Z     from mycroft.tts.google_tts import GoogleTTS, GoogleTTSValidator
2022-03-30T02:28:59.1840432Z mycroft/tts/__init__.py:20: in <module>
2022-03-30T02:28:59.1840733Z     from .tts import TTSFactory, TTS, TTSValidator, PlaybackThread
2022-03-30T02:28:59.1841040Z mycroft/tts/tts.py:45: in <module>
2022-03-30T02:28:59.1841333Z     from mycroft.util.plugins import load_plugin
2022-03-30T02:28:59.1841624Z mycroft/util/plugins.py:17: in <module>
2022-03-30T02:28:59.1841922Z     from importlib.metadata import entry_points
2022-03-30T02:28:59.1842531Z E   ModuleNotFoundError: No module named 'importlib.metadata'
2022-03-30T02:28:59.1843118Z ____________ ERROR collecting test/unittests/tts/test_mimic2_tts.py ____________
2022-03-30T02:28:59.1843730Z ImportError while importing test module '/home/runner/work/mycroft-core/mycroft-core/test/unittests/tts/test_mimic2_tts.py'.
2022-03-30T02:28:59.1844188Z Hint: make sure your test modules/packages have valid Python names.
2022-03-30T02:28:59.1844464Z Traceback:
2022-03-30T02:28:59.1844739Z test/unittests/tts/test_mimic2_tts.py:4: in <module>
2022-03-30T02:28:59.1845066Z     from mycroft.tts.mimic2_tts import Mimic2
2022-03-30T02:28:59.1845363Z mycroft/tts/__init__.py:20: in <module>
2022-03-30T02:28:59.1845696Z     from .tts import TTSFactory, TTS, TTSValidator, PlaybackThread
2022-03-30T02:28:59.1846329Z mycroft/tts/tts.py:45: in <module>
2022-03-30T02:28:59.1846621Z     from mycroft.util.plugins import load_plugin
2022-03-30T02:28:59.1846912Z mycroft/util/plugins.py:17: in <module>
2022-03-30T02:28:59.1847213Z     from importlib.metadata import entry_points
2022-03-30T02:28:59.1847623Z E   ModuleNotFoundError: No module named 'importlib.metadata'
2022-03-30T02:28:59.1847994Z ____________ ERROR collecting test/unittests/tts/test_mimic_tts.py _____________
2022-03-30T02:28:59.1848635Z ImportError while importing test module '/home/runner/work/mycroft-core/mycroft-core/test/unittests/tts/test_mimic_tts.py'.
2022-03-30T02:28:59.1849077Z Hint: make sure your test modules/packages have valid Python names.
2022-03-30T02:28:59.1849355Z Traceback:
2022-03-30T02:28:59.1849613Z test/unittests/tts/test_mimic_tts.py:6: in <module>
2022-03-30T02:28:59.1849957Z     from mycroft.tts.mimic_tts import (Mimic, download_subscriber_voices,
2022-03-30T02:28:59.1850271Z mycroft/tts/__init__.py:20: in <module>
2022-03-30T02:28:59.1850591Z     from .tts import TTSFactory, TTS, TTSValidator, PlaybackThread
2022-03-30T02:28:59.1850876Z mycroft/tts/tts.py:45: in <module>
2022-03-30T02:28:59.1852225Z     from mycroft.util.plugins import load_plugin
2022-03-30T02:28:59.1852541Z mycroft/util/plugins.py:17: in <module>
2022-03-30T02:28:59.1852847Z     from importlib.metadata import entry_points
2022-03-30T02:28:59.1853291Z E   ModuleNotFoundError: No module named 'importlib.metadata'
2022-03-30T02:28:59.1853802Z _______________ ERROR collecting test/unittests/tts/test_tts.py ________________
2022-03-30T02:28:59.1854344Z ImportError while importing test module '/home/runner/work/mycroft-core/mycroft-core/test/unittests/tts/test_tts.py'.
2022-03-30T02:28:59.1854765Z Hint: make sure your test modules/packages have valid Python names.
2022-03-30T02:28:59.1855045Z Traceback:
2022-03-30T02:28:59.1855275Z test/unittests/tts/test_tts.py:8: in <module>
2022-03-30T02:28:59.1855537Z     import mycroft.tts
2022-03-30T02:28:59.1855786Z mycroft/tts/__init__.py:20: in <module>
2022-03-30T02:28:59.1856101Z     from .tts import TTSFactory, TTS, TTSValidator, PlaybackThread
2022-03-30T02:28:59.1856403Z mycroft/tts/tts.py:45: in <module>
2022-03-30T02:28:59.1856695Z     from mycroft.util.plugins import load_plugin
2022-03-30T02:28:59.1856988Z mycroft/util/plugins.py:17: in <module>
2022-03-30T02:28:59.1857433Z     from importlib.metadata import entry_points
2022-03-30T02:28:59.1857846Z E   ModuleNotFoundError: No module named 'importlib.metadata'
2022-03-30T02:28:59.1858257Z _____________ ERROR collecting test/unittests/util/test_plugins.py _____________
2022-03-30T02:28:59.1858820Z ImportError while importing test module '/home/runner/work/mycroft-core/mycroft-core/test/unittests/util/test_plugins.py'.
2022-03-30T02:28:59.1859255Z Hint: make sure your test modules/packages have valid Python names.
2022-03-30T02:28:59.1859535Z Traceback:
2022-03-30T02:28:59.1859796Z test/unittests/util/test_plugins.py:18: in <module>
2022-03-30T02:28:59.1860113Z     import mycroft.util.plugins as mycroft_plugins
2022-03-30T02:28:59.1860411Z mycroft/util/plugins.py:17: in <module>
2022-03-30T02:28:59.1860703Z     from importlib.metadata import entry_points
2022-03-30T02:28:59.1861104Z E   ModuleNotFoundError: No module named 'importlib.metadata'
2022-03-30T02:28:59.1861310Z 
2022-03-30T02:28:59.1861585Z ---------- coverage: platform linux, python 3.7.12-final-0 -----------
2022-03-30T02:28:59.1861935Z Name                                                             Stmts   Miss  Cover
2022-03-30T02:28:59.1862391Z ------------------------------------------------------------------------------------
2022-03-30T02:28:59.1862756Z mycroft/__init__.py                                                 10      0   100%
2022-03-30T02:28:59.1863068Z mycroft/activity/__init__.py                                         1      1     0%
2022-03-30T02:28:59.1863390Z mycroft/activity/activity.py                                        28     28     0%
2022-03-30T02:28:59.1863881Z mycroft/api/__init__.py                                            242    180    26%
2022-03-30T02:28:59.1864199Z mycroft/audio/__init__.py                                            1      0   100%
2022-03-30T02:28:59.1864516Z mycroft/audio/__main__.py                                           38     38     0%
2022-03-30T02:28:59.1864845Z mycroft/audio/audio_hal.py                                         166    166     0%
2022-03-30T02:28:59.1865151Z mycroft/audio/audio_ui.py                                          227    227     0%
2022-03-30T02:28:59.1865587Z mycroft/audio/audioservice.py                                      271    260     4%
2022-03-30T02:28:59.1865952Z mycroft/audio/services/__init__.py                                  32     10    69%
2022-03-30T02:28:59.1866304Z mycroft/audio/services/chromecast/__init__.py                       96     96     0%
2022-03-30T02:28:59.1866659Z mycroft/audio/services/mopidy/__init__.py                           74     74     0%
2022-03-30T02:28:59.1867262Z mycroft/audio/services/mopidy/mopidypost.py                        154    154     0%
2022-03-30T02:28:59.1867611Z mycroft/audio/services/mplayer/__init__.py                          75     75     0%
2022-03-30T02:28:59.1867947Z mycroft/audio/services/simple/__init__.py                          157    126    20%
2022-03-30T02:28:59.1868284Z mycroft/audio/services/vlc/__init__.py                              98     76    22%
2022-03-30T02:28:59.1868602Z mycroft/audio/speech.py                                            166    153     8%
2022-03-30T02:28:59.1868914Z mycroft/audio/utils.py                                              14      9    36%
2022-03-30T02:28:59.1869205Z mycroft/client/__init__.py                                           0      0   100%
2022-03-30T02:28:59.1869521Z mycroft/client/enclosure/__init__.py                                 0      0   100%
2022-03-30T02:28:59.1869848Z mycroft/client/enclosure/__main__.py                                45     45     0%
2022-03-30T02:28:59.1870172Z mycroft/client/enclosure/base.py                                    73     73     0%
2022-03-30T02:28:59.1870503Z mycroft/client/enclosure/generic/__init__.py                        68     68     0%
2022-03-30T02:28:59.1870839Z mycroft/client/enclosure/mark1/__init__.py                         220    220     0%
2022-03-30T02:28:59.1871273Z mycroft/client/enclosure/mark1/arduino.py                           21     21     0%
2022-03-30T02:28:59.1871612Z mycroft/client/enclosure/mark1/eyes.py                              84     84     0%
2022-03-30T02:28:59.1871949Z mycroft/client/enclosure/mark1/mouth.py                            173    173     0%
2022-03-30T02:28:59.1872281Z mycroft/client/enclosure/mark2/__init__.py                           1      1     0%
2022-03-30T02:28:59.1872738Z mycroft/client/enclosure/mark2/activities/__init__.py                4      4     0%
2022-03-30T02:28:59.1873070Z mycroft/client/enclosure/mark2/activities/access_point.py           34     34     0%
2022-03-30T02:28:59.1873436Z mycroft/client/enclosure/mark2/activities/internet_connect.py       22     22     0%
2022-03-30T02:28:59.1873901Z mycroft/client/enclosure/mark2/activities/network_connect.py       135    135     0%
2022-03-30T02:28:59.1874273Z mycroft/client/enclosure/mark2/activities/system_clock_sync.py      18     18     0%
2022-03-30T02:28:59.1874635Z mycroft/client/enclosure/mark2/interface.py                        279    279     0%
2022-03-30T02:28:59.1876042Z mycroft/client/enclosure/mark2/leds.py                              65     65     0%
2022-03-30T02:28:59.1876849Z mycroft/client/speech/__init__.py                                    0      0   100%
2022-03-30T02:28:59.1877236Z mycroft/client/speech/__main__.py                                  137    137     0%
2022-03-30T02:28:59.1877629Z mycroft/client/speech/data_structures.py                            38     27    29%
2022-03-30T02:28:59.1878034Z mycroft/client/speech/hotword_factory.py                           294    273     7%
2022-03-30T02:28:59.1878428Z mycroft/client/speech/listener.py                                  283    274     3%
2022-03-30T02:28:59.1878783Z mycroft/client/speech/mic.py                                       312    233    25%
2022-03-30T02:28:59.1879173Z mycroft/client/speech/recognizer/__init__.py                         0      0   100%
2022-03-30T02:28:59.1879718Z mycroft/client/speech/silence.py                                   173    138    20%
2022-03-30T02:28:59.1880088Z mycroft/client/speech/silero_vad.py                                 26     19    27%
2022-03-30T02:28:59.1880970Z mycroft/client/speech/word_extractor.py                             39     39     0%
2022-03-30T02:28:59.1881498Z mycroft/client/text/__init__.py                                      0      0   100%
2022-03-30T02:28:59.1881819Z mycroft/client/text/__main__.py                                     39     39     0%
2022-03-30T02:28:59.1882517Z mycroft/client/text/gui_server.py                                   99     99     0%
2022-03-30T02:28:59.1883034Z mycroft/client/text/text_client.py                                 896    896     0%
2022-03-30T02:28:59.1883377Z mycroft/configuration/__init__.py                                    3      0   100%
2022-03-30T02:28:59.1883727Z mycroft/configuration/config.py                                    154     90    42%
2022-03-30T02:28:59.1884093Z mycroft/configuration/locale.py                                      4      1    75%
2022-03-30T02:28:59.1884448Z mycroft/configuration/locations.py                                   9      0   100%
2022-03-30T02:28:59.1884801Z mycroft/dialog/__init__.py                                           2      0   100%
2022-03-30T02:28:59.1885300Z mycroft/dialog/dialog.py                                            65     50    23%
2022-03-30T02:28:59.1885783Z mycroft/enclosure/__init__.py                                        2      0   100%
2022-03-30T02:28:59.1886278Z mycroft/enclosure/api.py                                            96     59    39%
2022-03-30T02:28:59.1886618Z mycroft/enclosure/display_manager.py                                90     75    17%
2022-03-30T02:28:59.1886954Z mycroft/enclosure/gui.py                                           127     94    26%
2022-03-30T02:28:59.1887293Z mycroft/enclosure/hardware/display/__init__.py                       1      0   100%
2022-03-30T02:28:59.1887757Z mycroft/enclosure/hardware/display/gui/__init__.py                   0      0   100%
2022-03-30T02:28:59.1888117Z mycroft/enclosure/hardware/display/gui/bus.py                       83     57    31%
2022-03-30T02:28:59.1888822Z mycroft/enclosure/hardware/display/gui/namespace.py                212    169    20%
2022-03-30T02:28:59.1889183Z mycroft/enclosure/hardware_enclosure.py                            112    112     0%
2022-03-30T02:28:59.1889526Z mycroft/filesystem/__init__.py                                      23     14    39%
2022-03-30T02:28:59.1889850Z mycroft/identity/__init__.py                                        70     47    33%
2022-03-30T02:28:59.1890327Z mycroft/lock/__init__.py                                            50     33    34%
2022-03-30T02:28:59.1890634Z mycroft/messagebus/__init__.py                                       4      0   100%
2022-03-30T02:28:59.1890952Z mycroft/messagebus/client/__init__.py                                2      0   100%
2022-03-30T02:28:59.1891496Z mycroft/messagebus/client/client.py                                 19     11    42%
2022-03-30T02:28:59.1892021Z mycroft/messagebus/load_config.py                                   19     13    32%
2022-03-30T02:28:59.1892358Z mycroft/messagebus/message.py                                       11      5    55%
2022-03-30T02:28:59.1892686Z mycroft/messagebus/send.py                                          27     27     0%
2022-03-30T02:28:59.1892999Z mycroft/messagebus/send_func.py                                     13      8    38%
2022-03-30T02:28:59.1893337Z mycroft/messagebus/service/__init__.py                               0      0   100%
2022-03-30T02:28:59.1893834Z mycroft/messagebus/service/__main__.py                              33     33     0%
2022-03-30T02:28:59.1894169Z mycroft/messagebus/service/event_handler.py                         40     23    42%
2022-03-30T02:28:59.1894495Z mycroft/metrics/__init__.py                                        119     76    36%
2022-03-30T02:28:59.1894807Z mycroft/session/__init__.py                                         28     13    54%
2022-03-30T02:28:59.1895219Z mycroft/skills/__init__.py                                           9      0   100%
2022-03-30T02:28:59.1895544Z mycroft/skills/__main__.py                                          71     71     0%
2022-03-30T02:28:59.1896022Z mycroft/skills/api.py                                               26     19    27%
2022-03-30T02:28:59.1896352Z mycroft/skills/audioservice.py                                      61     42    31%
2022-03-30T02:28:59.1896675Z mycroft/skills/common_iot_skill.py                                 167     67    60%
2022-03-30T02:28:59.1897009Z mycroft/skills/common_play_skill.py                                109     66    39%
2022-03-30T02:28:59.1897350Z mycroft/skills/common_query_skill.py                                98     69    30%
2022-03-30T02:28:59.1897684Z mycroft/skills/context.py                                           17      6    65%
2022-03-30T02:28:59.1898011Z mycroft/skills/core.py                                               8      0   100%
2022-03-30T02:28:59.1898340Z mycroft/skills/event_scheduler.py                                  200    158    21%
2022-03-30T02:28:59.1898675Z mycroft/skills/fallback_skill.py                                    80     64    20%
2022-03-30T02:28:59.1899009Z mycroft/skills/idle_display_skill.py                                14      5    64%
2022-03-30T02:28:59.1899345Z mycroft/skills/intent_service.py                                   253    208    18%
2022-03-30T02:28:59.1900153Z mycroft/skills/intent_service_interface.py                         205    167    19%
2022-03-30T02:28:59.1900666Z mycroft/skills/intent_services/__init__.py                           5      0   100%
2022-03-30T02:28:59.1901028Z mycroft/skills/intent_services/adapt_service.py                    144    115    20%
2022-03-30T02:28:59.1901372Z mycroft/skills/intent_services/base.py                               2      0   100%
2022-03-30T02:28:59.1901877Z mycroft/skills/intent_services/fallback_service.py                  20     10    50%
2022-03-30T02:28:59.1902260Z mycroft/skills/intent_services/padatious_service.py                120     93    22%
2022-03-30T02:28:59.1902633Z mycroft/skills/intent_services/regex_service.py                     26     18    31%
2022-03-30T02:28:59.1902988Z mycroft/skills/msm_wrapper.py                                       36     23    36%
2022-03-30T02:28:59.1903328Z mycroft/skills/mycroft_skill/__init__.py                             3      0   100%
2022-03-30T02:28:59.1903833Z mycroft/skills/mycroft_skill/decorators.py                          25     17    32%
2022-03-30T02:28:59.1904337Z mycroft/skills/mycroft_skill/event_container.py                     85     69    19%
2022-03-30T02:28:59.1904675Z mycroft/skills/mycroft_skill/mycroft_skill.py                      611    492    19%
2022-03-30T02:28:59.1905008Z mycroft/skills/mycroft_skill/skill_control.py                        4      0   100%
2022-03-30T02:28:59.1905336Z mycroft/skills/settings.py                                         223    177    21%
2022-03-30T02:28:59.1905635Z mycroft/skills/skill_data.py                                       259    198    24%
2022-03-30T02:28:59.1905961Z mycroft/skills/skill_loader.py                                     197    158    20%
2022-03-30T02:28:59.1906291Z mycroft/skills/skill_manager.py                                    260    209    20%
2022-03-30T02:28:59.1906609Z mycroft/skills/skill_updater.py                                    152    112    26%
2022-03-30T02:28:59.1906916Z mycroft/stt/__init__.py                                            311    300     4%
2022-03-30T02:28:59.1907210Z mycroft/tts/__init__.py                                              2      0   100%
2022-03-30T02:28:59.1907508Z mycroft/tts/bing_tts.py                                             31     31     0%
2022-03-30T02:28:59.1907806Z mycroft/tts/cache.py                                               160    160     0%
2022-03-30T02:28:59.1908121Z mycroft/tts/cache_handler.py                                        93     93     0%
2022-03-30T02:28:59.1908506Z mycroft/tts/dummy_tts.py                                            19     19     0%
2022-03-30T02:28:59.1908826Z mycroft/tts/espeak_tts.py                                           37     37     0%
2022-03-30T02:28:59.1909111Z mycroft/tts/fa_tts.py                                               28     28     0%
2022-03-30T02:28:59.1909413Z mycroft/tts/festival_tts.py                                         30     30     0%
2022-03-30T02:28:59.1909727Z mycroft/tts/google_tts.py                                           44     44     0%
2022-03-30T02:28:59.1910034Z mycroft/tts/ibm_tts.py                                              39     39     0%
2022-03-30T02:28:59.1910338Z mycroft/tts/mary_tts.py                                             27     27     0%
2022-03-30T02:28:59.1910643Z mycroft/tts/mimic2_tts.py                                          121    121     0%
2022-03-30T02:28:59.1910978Z mycroft/tts/mimic_tts.py                                           105    105     0%
2022-03-30T02:28:59.1911287Z mycroft/tts/mozilla_tts.py                                          30     30     0%
2022-03-30T02:28:59.1911597Z mycroft/tts/polly_tts.py                                            48     48     0%
2022-03-30T02:28:59.1911902Z mycroft/tts/remote_tts.py                                           50     50     0%
2022-03-30T02:28:59.1912218Z mycroft/tts/responsive_voice_tts.py                                 32     32     0%
2022-03-30T02:28:59.1912520Z mycroft/tts/spdsay_tts.py                                           21     21     0%
2022-03-30T02:28:59.1912820Z mycroft/tts/tts.py                                                 317    294     7%
2022-03-30T02:28:59.1913124Z mycroft/tts/yandex_tts.py                                           52     52     0%
2022-03-30T02:28:59.1913428Z mycroft/util/__init__.py                                            14      0   100%
2022-03-30T02:28:59.1913821Z mycroft/util/audio_test.py                                          75     75     0%
2022-03-30T02:28:59.1914136Z mycroft/util/audio_utils.py                                         75     57    24%
2022-03-30T02:28:59.1914446Z mycroft/util/combo_lock.py                                          32     16    50%
2022-03-30T02:28:59.1914759Z mycroft/util/download.py                                            58     41    29%
2022-03-30T02:28:59.1915066Z mycroft/util/file_utils.py                                         101     79    22%
2022-03-30T02:28:59.1915432Z mycroft/util/format.py                                             153    134    12%
2022-03-30T02:28:59.1915752Z mycroft/util/hardware_capabilities.py                               71     71     0%
2022-03-30T02:28:59.1916065Z mycroft/util/json_helper.py                                         20      2    90%
2022-03-30T02:28:59.1916377Z mycroft/util/log.py                                                 53      8    85%
2022-03-30T02:28:59.1916690Z mycroft/util/monotonic_event.py                                     19     12    37%
2022-03-30T02:28:59.1917011Z mycroft/util/network_utils.py                                       94     72    23%
2022-03-30T02:28:59.1917322Z mycroft/util/parse.py                                               17      7    59%
2022-03-30T02:28:59.1917631Z mycroft/util/platform.py                                             4      1    75%
2022-03-30T02:28:59.1917940Z mycroft/util/plugins.py                                             12     10    17%
2022-03-30T02:28:59.1918250Z mycroft/util/process_utils.py                                      131     94    28%
2022-03-30T02:28:59.1918557Z mycroft/util/signal.py                                              31     22    29%
2022-03-30T02:28:59.1918864Z mycroft/util/string_utils.py                                         6      3    50%
2022-03-30T02:28:59.1919149Z mycroft/util/time.py                                                32     23    28%
2022-03-30T02:28:59.1919458Z mycroft/version/__init__.py                                         24     11    54%
2022-03-30T02:28:59.1920059Z ------------------------------------------------------------------------------------
2022-03-30T02:28:59.1920419Z TOTAL                                                            12955  11031    15%
2022-03-30T02:28:59.1920581Z 
2022-03-30T02:28:59.1920742Z !!!!!!!!!!!!!!!!!!! Interrupted: 13 errors during collection !!!!!!!!!!!!!!!!!!!
2022-03-30T02:28:59.1921055Z ============================== 13 error in 3.74s ===============================
2022-03-30T02:28:59.2924133Z ##[error]Process completed with exit code 2.
2022-03-30T02:28:59.3002330Z Post job cleanup.
2022-03-30T02:28:59.4475130Z [command]/usr/bin/git version
2022-03-30T02:28:59.4533563Z git version 2.35.1
2022-03-30T02:28:59.4578761Z [command]/usr/bin/git config --local --name-only --get-regexp core\.sshCommand
2022-03-30T02:28:59.4621003Z [command]/usr/bin/git submodule foreach --recursive git config --local --name-only --get-regexp 'core\.sshCommand' && git config --local --unset-all 'core.sshCommand' || :
2022-03-30T02:28:59.4895878Z [command]/usr/bin/git config --local --name-only --get-regexp http\.https\:\/\/github\.com\/\.extraheader
2022-03-30T02:28:59.4965279Z http.https://github.com/.extraheader
2022-03-30T02:28:59.4966648Z [command]/usr/bin/git config --local --unset-all http.https://github.com/.extraheader
2022-03-30T02:28:59.5070182Z [command]/usr/bin/git submodule foreach --recursive git config --local --name-only --get-regexp 'http\.https\:\/\/github\.com\/\.extraheader' && git config --local --unset-all 'http.https://github.com/.extraheader' || :
2022-03-30T02:28:59.5661049Z Cleaning up orphan processes