2022-04-13T21:21:30.8142333Z Requested labels: ubuntu-20.04
2022-04-13T21:21:30.8142379Z Job defined at: cisco/mindmeld/.github/workflows/pythonpackage.yml@refs/heads/master
2022-04-13T21:21:30.8142399Z Waiting for a runner to pick up this job...
2022-04-13T21:21:33.2341456Z Job is waiting for a hosted runner to come online.
2022-04-13T21:21:37.5709295Z Job is about to start running on the hosted runner: GitHub Actions 9 (hosted)
2022-04-13T21:21:41.5001158Z Current runner version: '2.289.2'
2022-04-13T21:21:41.5026638Z ##[group]Operating System
2022-04-13T21:21:41.5027258Z Ubuntu
2022-04-13T21:21:41.5027549Z 20.04.4
2022-04-13T21:21:41.5027883Z LTS
2022-04-13T21:21:41.5028185Z ##[endgroup]
2022-04-13T21:21:41.5028661Z ##[group]Virtual Environment
2022-04-13T21:21:41.5029114Z Environment: ubuntu-20.04
2022-04-13T21:21:41.5029549Z Version: 20220405.4
2022-04-13T21:21:41.5030130Z Included Software: https://github.com/actions/virtual-environments/blob/ubuntu20/20220405.4/images/linux/Ubuntu2004-Readme.md
2022-04-13T21:21:41.5030955Z Image Release: https://github.com/actions/virtual-environments/releases/tag/ubuntu20%2F20220405.4
2022-04-13T21:21:41.5031550Z ##[endgroup]
2022-04-13T21:21:41.5031930Z ##[group]Virtual Environment Provisioner
2022-04-13T21:21:41.5032373Z 1.0.0.0-main-20220325-1
2022-04-13T21:21:41.5032768Z ##[endgroup]
2022-04-13T21:21:41.5033899Z ##[group]GITHUB_TOKEN Permissions
2022-04-13T21:21:41.5034725Z Actions: write
2022-04-13T21:21:41.5035217Z Checks: write
2022-04-13T21:21:41.5036233Z Contents: write
2022-04-13T21:21:41.5036563Z Deployments: write
2022-04-13T21:21:41.5036937Z Discussions: write
2022-04-13T21:21:41.5037309Z Issues: write
2022-04-13T21:21:41.5037609Z Metadata: read
2022-04-13T21:21:41.5037999Z Packages: write
2022-04-13T21:21:41.5038352Z Pages: write
2022-04-13T21:21:41.5038659Z PullRequests: write
2022-04-13T21:21:41.5039159Z RepositoryProjects: write
2022-04-13T21:21:41.5039545Z SecurityEvents: write
2022-04-13T21:21:41.5039852Z Statuses: write
2022-04-13T21:21:41.5040164Z ##[endgroup]
2022-04-13T21:21:41.5044179Z Secret source: Actions
2022-04-13T21:21:41.5044661Z Prepare workflow directory
2022-04-13T21:21:41.5818238Z Prepare all required actions
2022-04-13T21:21:41.5995462Z Getting action download info
2022-04-13T21:21:41.8229665Z Download action repository 'actions/checkout@v2' (SHA:ec3a7ce113134d7a93b817d10a8272cb61118579)
2022-04-13T21:21:42.1146749Z Download action repository 'nyaruka/elasticsearch-action@v1' (SHA:85a5e615e2d2bcf954c98f77e84edeb1f0cf97a1)
2022-04-13T21:21:42.2715349Z Download action repository 'actions/setup-python@v1' (SHA:152ba7c4dd6521b8e9c93f72d362ce03bf6c4f20)
2022-04-13T21:21:42.4428902Z Download action repository 'jakejarvis/wait-action@master' (SHA:919fc193e07906705e5b7a50f90ea9e74d20b2b0)
2022-04-13T21:21:42.6917795Z Download action repository 'actions/upload-artifact@v2' (SHA:82c141cc518b40d92cc801eee768e7aafc9c2fa2)
2022-04-13T21:21:43.0284483Z ##[group]Build container for action use: '/home/runner/work/_actions/nyaruka/elasticsearch-action/v1/Dockerfile'.
2022-04-13T21:21:43.0354266Z ##[command]/usr/bin/docker build -t 2bcf09:5251a6274c074996bb0d86620e1f1686 -f "/home/runner/work/_actions/nyaruka/elasticsearch-action/v1/Dockerfile" "/home/runner/work/_actions/nyaruka/elasticsearch-action/v1"
2022-04-13T21:21:43.2080458Z Sending build context to Docker daemon  7.168kB
2022-04-13T21:21:43.2143007Z 
2022-04-13T21:21:43.2404644Z Step 1/4 : FROM docker:stable
2022-04-13T21:21:43.5237803Z stable: Pulling from library/docker
2022-04-13T21:21:43.5823055Z 188c0c94c7c5: Pulling fs layer
2022-04-13T21:21:43.5823384Z 0c7c675703d6: Pulling fs layer
2022-04-13T21:21:43.5823654Z cc8c12a437cb: Pulling fs layer
2022-04-13T21:21:43.5823945Z f092543453df: Pulling fs layer
2022-04-13T21:21:43.5824219Z 65b6bc45957d: Pulling fs layer
2022-04-13T21:21:43.5824487Z 4de832df471b: Pulling fs layer
2022-04-13T21:21:43.5824816Z 79aa7fa92271: Pulling fs layer
2022-04-13T21:21:43.5829898Z f092543453df: Waiting
2022-04-13T21:21:43.5830174Z 65b6bc45957d: Waiting
2022-04-13T21:21:43.5830728Z 4de832df471b: Waiting
2022-04-13T21:21:43.5830932Z 79aa7fa92271: Waiting
2022-04-13T21:21:43.6566774Z 0c7c675703d6: Verifying Checksum
2022-04-13T21:21:43.6567490Z 0c7c675703d6: Download complete
2022-04-13T21:21:43.6575718Z cc8c12a437cb: Verifying Checksum
2022-04-13T21:21:43.6576271Z cc8c12a437cb: Download complete
2022-04-13T21:21:43.6690146Z 188c0c94c7c5: Verifying Checksum
2022-04-13T21:21:43.6690753Z 188c0c94c7c5: Download complete
2022-04-13T21:21:43.7287940Z 4de832df471b: Verifying Checksum
2022-04-13T21:21:43.7288505Z 4de832df471b: Download complete
2022-04-13T21:21:43.7658732Z 65b6bc45957d: Verifying Checksum
2022-04-13T21:21:43.7659548Z 65b6bc45957d: Download complete
2022-04-13T21:21:43.8008218Z 79aa7fa92271: Verifying Checksum
2022-04-13T21:21:43.8011708Z 79aa7fa92271: Download complete
2022-04-13T21:21:43.8436719Z 188c0c94c7c5: Pull complete
2022-04-13T21:21:44.2477729Z 0c7c675703d6: Pull complete
2022-04-13T21:21:44.3211231Z f092543453df: Verifying Checksum
2022-04-13T21:21:44.3214350Z f092543453df: Download complete
2022-04-13T21:21:44.3714390Z cc8c12a437cb: Pull complete
2022-04-13T21:21:46.7769936Z f092543453df: Pull complete
2022-04-13T21:21:46.8370234Z 65b6bc45957d: Pull complete
2022-04-13T21:21:46.8949036Z 4de832df471b: Pull complete
2022-04-13T21:21:46.9501553Z 79aa7fa92271: Pull complete
2022-04-13T21:21:46.9562412Z Digest: sha256:fd4d028713fd05a1fb896412805daed82c4a0cc84331d8dad00cb596d7ce3e3a
2022-04-13T21:21:46.9586869Z Status: Downloaded newer image for docker:stable
2022-04-13T21:21:46.9603104Z  ---> b0757c55a1fd
2022-04-13T21:21:46.9603449Z Step 2/4 : COPY entrypoint.sh /entrypoint.sh
2022-04-13T21:21:48.0126564Z  ---> 46650c3b41bb
2022-04-13T21:21:48.0187062Z Step 3/4 : RUN chmod +x /entrypoint.sh
2022-04-13T21:21:48.0366985Z  ---> Running in 726bc7062cf9
2022-04-13T21:21:49.0170017Z Removing intermediate container 726bc7062cf9
2022-04-13T21:21:49.0170368Z  ---> b20354773c26
2022-04-13T21:21:49.0171234Z Step 4/4 : ENTRYPOINT ["/entrypoint.sh"]
2022-04-13T21:21:49.0393085Z  ---> Running in 25bd0edda33a
2022-04-13T21:21:50.0139907Z Removing intermediate container 25bd0edda33a
2022-04-13T21:21:50.0140431Z  ---> 02187e98bf02
2022-04-13T21:21:50.0140672Z Successfully built 02187e98bf02
2022-04-13T21:21:50.0198564Z Successfully tagged 2bcf09:5251a6274c074996bb0d86620e1f1686
2022-04-13T21:21:50.0210911Z ##[endgroup]
2022-04-13T21:21:50.0235189Z ##[group]Build container for action use: '/home/runner/work/_actions/jakejarvis/wait-action/master/Dockerfile'.
2022-04-13T21:21:50.0237166Z ##[command]/usr/bin/docker build -t 2bcf09:f8289fdbb02244bb90c7e7839956c23a -f "/home/runner/work/_actions/jakejarvis/wait-action/master/Dockerfile" "/home/runner/work/_actions/jakejarvis/wait-action/master"
2022-04-13T21:21:50.0638402Z Sending build context to Docker daemon  8.192kB
2022-04-13T21:21:50.0640543Z 
2022-04-13T21:21:50.1129792Z Step 1/11 : FROM busybox:latest
2022-04-13T21:21:50.3264455Z latest: Pulling from library/busybox
2022-04-13T21:21:50.4005915Z 554879bb3004: Pulling fs layer
2022-04-13T21:21:50.4669754Z 554879bb3004: Download complete
2022-04-13T21:21:50.5508461Z 554879bb3004: Pull complete
2022-04-13T21:21:50.5570905Z Digest: sha256:caa382c432891547782ce7140fb3b7304613d3b0438834dce1cad68896ab110a
2022-04-13T21:21:50.5598935Z Status: Downloaded newer image for busybox:latest
2022-04-13T21:21:50.5610332Z  ---> 2fb6fc2d97e1
2022-04-13T21:21:50.5610954Z Step 2/11 : LABEL "com.github.actions.name"="Wait / Sleep"
2022-04-13T21:21:50.5889293Z  ---> Running in 58b7e0f3b0b8
2022-04-13T21:21:51.0117867Z Removing intermediate container 58b7e0f3b0b8
2022-04-13T21:21:51.0118312Z  ---> b56a7391acc8
2022-04-13T21:21:51.0118651Z Step 3/11 : LABEL "com.github.actions.description"="Very simple action to sleep for an amount of time (10s, 2m, etc.)"
2022-04-13T21:21:51.0366363Z  ---> Running in d82bdb147b08
2022-04-13T21:21:52.0097325Z Removing intermediate container d82bdb147b08
2022-04-13T21:21:52.0097779Z  ---> 8da8b82794e9
2022-04-13T21:21:52.0098227Z Step 4/11 : LABEL "com.github.actions.icon"="clock"
2022-04-13T21:21:52.0324401Z  ---> Running in b6b8aa41df31
2022-04-13T21:21:53.0091690Z Removing intermediate container b6b8aa41df31
2022-04-13T21:21:53.0091986Z  ---> 8319b771d0fb
2022-04-13T21:21:53.0092247Z Step 5/11 : LABEL "com.github.actions.color"="purple"
2022-04-13T21:21:53.0277635Z  ---> Running in 70dfaeb4b691
2022-04-13T21:21:54.0100365Z Removing intermediate container 70dfaeb4b691
2022-04-13T21:21:54.0100693Z  ---> 68a7a7a8cd9b
2022-04-13T21:21:54.0101174Z Step 6/11 : LABEL version="0.1.0"
2022-04-13T21:21:54.0311780Z  ---> Running in e37d946fe4e0
2022-04-13T21:21:55.0124745Z Removing intermediate container e37d946fe4e0
2022-04-13T21:21:55.0125257Z  ---> 4e2d8d8a12e7
2022-04-13T21:21:55.0125637Z Step 7/11 : LABEL repository="https://github.com/jakejarvis/wait-action"
2022-04-13T21:21:55.0303237Z  ---> Running in 51397d68c996
2022-04-13T21:21:56.0092414Z Removing intermediate container 51397d68c996
2022-04-13T21:21:56.0092739Z  ---> 3f3f6f87ba29
2022-04-13T21:21:56.0093028Z Step 8/11 : LABEL homepage="https://jarv.is/"
2022-04-13T21:21:56.0304971Z  ---> Running in 5b8e08e3804e
2022-04-13T21:21:57.0103479Z Removing intermediate container 5b8e08e3804e
2022-04-13T21:21:57.0103857Z  ---> 51bb4da6158d
2022-04-13T21:21:57.0104198Z Step 9/11 : LABEL maintainer="Jake Jarvis <jake@jarv.is>"
2022-04-13T21:21:57.0385420Z  ---> Running in ba3728f40edc
2022-04-13T21:21:58.0102480Z Removing intermediate container ba3728f40edc
2022-04-13T21:21:58.0102924Z  ---> f68742d870aa
2022-04-13T21:21:58.0103719Z Step 10/11 : ADD entrypoint.sh /entrypoint.sh
2022-04-13T21:21:59.0122362Z  ---> 0d97c0e71acf
2022-04-13T21:21:59.0122980Z Step 11/11 : ENTRYPOINT ["/entrypoint.sh"]
2022-04-13T21:21:59.0328042Z  ---> Running in 916dffa4eb73
2022-04-13T21:22:00.0113980Z Removing intermediate container 916dffa4eb73
2022-04-13T21:22:00.0114338Z  ---> d81203b85b36
2022-04-13T21:22:00.0114617Z Successfully built d81203b85b36
2022-04-13T21:22:00.0150350Z Successfully tagged 2bcf09:f8289fdbb02244bb90c7e7839956c23a
2022-04-13T21:22:00.0184994Z ##[endgroup]
2022-04-13T21:22:00.0541683Z ##[group]Run actions/checkout@v2
2022-04-13T21:22:00.0541929Z with:
2022-04-13T21:22:00.0542106Z   repository: cisco/mindmeld
2022-04-13T21:22:00.0542744Z   token: ***
2022-04-13T21:22:00.0542948Z   ssh-strict: true
2022-04-13T21:22:00.0543357Z   persist-credentials: true
2022-04-13T21:22:00.0543656Z   clean: true
2022-04-13T21:22:00.0543878Z   fetch-depth: 1
2022-04-13T21:22:00.0544100Z   lfs: false
2022-04-13T21:22:00.0544317Z   submodules: false
2022-04-13T21:22:00.0544549Z ##[endgroup]
2022-04-13T21:22:00.3051828Z Syncing repository: cisco/mindmeld
2022-04-13T21:22:00.3053730Z ##[group]Getting Git version info
2022-04-13T21:22:00.3054312Z Working directory is '/home/runner/work/mindmeld/mindmeld'
2022-04-13T21:22:00.3054924Z [command]/usr/bin/git version
2022-04-13T21:22:00.3154813Z git version 2.35.1
2022-04-13T21:22:00.3156163Z ##[endgroup]
2022-04-13T21:22:00.3156629Z Deleting the contents of '/home/runner/work/mindmeld/mindmeld'
2022-04-13T21:22:00.3164331Z ##[group]Initializing the repository
2022-04-13T21:22:00.3171052Z [command]/usr/bin/git init /home/runner/work/mindmeld/mindmeld
2022-04-13T21:22:00.3247372Z hint: Using 'master' as the name for the initial branch. This default branch name
2022-04-13T21:22:00.3247852Z hint: is subject to change. To configure the initial branch name to use in all
2022-04-13T21:22:00.3248276Z hint: of your new repositories, which will suppress this warning, call:
2022-04-13T21:22:00.3248779Z hint: 
2022-04-13T21:22:00.3249253Z hint: 	git config --global init.defaultBranch <name>
2022-04-13T21:22:00.3249549Z hint: 
2022-04-13T21:22:00.3249973Z hint: Names commonly chosen instead of 'master' are 'main', 'trunk' and
2022-04-13T21:22:00.3250500Z hint: 'development'. The just-created branch can be renamed via this command:
2022-04-13T21:22:00.3250823Z hint: 
2022-04-13T21:22:00.3251119Z hint: 	git branch -m <name>
2022-04-13T21:22:00.3273916Z Initialized empty Git repository in /home/runner/work/mindmeld/mindmeld/.git/
2022-04-13T21:22:00.3274432Z [command]/usr/bin/git remote add origin https://github.com/cisco/mindmeld
2022-04-13T21:22:00.3304390Z ##[endgroup]
2022-04-13T21:22:00.3305993Z ##[group]Disabling automatic garbage collection
2022-04-13T21:22:00.3313720Z [command]/usr/bin/git config --local gc.auto 0
2022-04-13T21:22:00.3390707Z ##[endgroup]
2022-04-13T21:22:00.3411958Z ##[group]Setting up auth
2022-04-13T21:22:00.3412928Z [command]/usr/bin/git config --local --name-only --get-regexp core\.sshCommand
2022-04-13T21:22:00.3442656Z [command]/usr/bin/git submodule foreach --recursive git config --local --name-only --get-regexp 'core\.sshCommand' && git config --local --unset-all 'core.sshCommand' || :
2022-04-13T21:22:00.3821471Z [command]/usr/bin/git config --local --name-only --get-regexp http\.https\:\/\/github\.com\/\.extraheader
2022-04-13T21:22:00.3850676Z [command]/usr/bin/git submodule foreach --recursive git config --local --name-only --get-regexp 'http\.https\:\/\/github\.com\/\.extraheader' && git config --local --unset-all 'http.https://github.com/.extraheader' || :
2022-04-13T21:22:00.4103046Z [command]/usr/bin/git config --local http.https://github.com/.extraheader AUTHORIZATION: basic ***
2022-04-13T21:22:00.4146342Z ##[endgroup]
2022-04-13T21:22:00.4148975Z ##[group]Fetching the repository
2022-04-13T21:22:00.4158457Z [command]/usr/bin/git -c protocol.version=2 fetch --no-tags --prune --progress --no-recurse-submodules --depth=1 origin +ccf41c85d033517b752631bc1995476f87acf451:refs/remotes/origin/master
2022-04-13T21:22:00.6351211Z remote: Enumerating objects: 607, done.        
2022-04-13T21:22:00.6352343Z remote: Counting objects:   0% (1/607)        
2022-04-13T21:22:00.6353457Z remote: Counting objects:   1% (7/607)        
2022-04-13T21:22:00.6354318Z remote: Counting objects:   2% (13/607)        
2022-04-13T21:22:00.6355164Z remote: Counting objects:   3% (19/607)        
2022-04-13T21:22:00.6356332Z remote: Counting objects:   4% (25/607)        
2022-04-13T21:22:00.6357048Z remote: Counting objects:   5% (31/607)        
2022-04-13T21:22:00.6358141Z remote: Counting objects:   6% (37/607)        
2022-04-13T21:22:00.6358893Z remote: Counting objects:   7% (43/607)        
2022-04-13T21:22:00.6359570Z remote: Counting objects:   8% (49/607)        
2022-04-13T21:22:00.6360358Z remote: Counting objects:   9% (55/607)        
2022-04-13T21:22:00.6361027Z remote: Counting objects:  10% (61/607)        
2022-04-13T21:22:00.6361692Z remote: Counting objects:  11% (67/607)        
2022-04-13T21:22:00.6362342Z remote: Counting objects:  12% (73/607)        
2022-04-13T21:22:00.6363257Z remote: Counting objects:  13% (79/607)        
2022-04-13T21:22:00.6363909Z remote: Counting objects:  14% (85/607)        
2022-04-13T21:22:00.6364549Z remote: Counting objects:  15% (92/607)        
2022-04-13T21:22:00.6365214Z remote: Counting objects:  16% (98/607)        
2022-04-13T21:22:00.6365903Z remote: Counting objects:  17% (104/607)        
2022-04-13T21:22:00.6366592Z remote: Counting objects:  18% (110/607)        
2022-04-13T21:22:00.6367260Z remote: Counting objects:  19% (116/607)        
2022-04-13T21:22:00.6367928Z remote: Counting objects:  20% (122/607)        
2022-04-13T21:22:00.6368597Z remote: Counting objects:  21% (128/607)        
2022-04-13T21:22:00.6369256Z remote: Counting objects:  22% (134/607)        
2022-04-13T21:22:00.6369920Z remote: Counting objects:  23% (140/607)        
2022-04-13T21:22:00.6370580Z remote: Counting objects:  24% (146/607)        
2022-04-13T21:22:00.6371231Z remote: Counting objects:  25% (152/607)        
2022-04-13T21:22:00.6371887Z remote: Counting objects:  26% (158/607)        
2022-04-13T21:22:00.6372541Z remote: Counting objects:  27% (164/607)        
2022-04-13T21:22:00.6373204Z remote: Counting objects:  28% (170/607)        
2022-04-13T21:22:00.6373840Z remote: Counting objects:  29% (177/607)        
2022-04-13T21:22:00.6374519Z remote: Counting objects:  30% (183/607)        
2022-04-13T21:22:00.6375156Z remote: Counting objects:  31% (189/607)        
2022-04-13T21:22:00.6375825Z remote: Counting objects:  32% (195/607)        
2022-04-13T21:22:00.6376482Z remote: Counting objects:  33% (201/607)        
2022-04-13T21:22:00.6377117Z remote: Counting objects:  34% (207/607)        
2022-04-13T21:22:00.6377781Z remote: Counting objects:  35% (213/607)        
2022-04-13T21:22:00.6378434Z remote: Counting objects:  36% (219/607)        
2022-04-13T21:22:00.6379092Z remote: Counting objects:  37% (225/607)        
2022-04-13T21:22:00.6379994Z remote: Counting objects:  38% (231/607)        
2022-04-13T21:22:00.6380658Z remote: Counting objects:  39% (237/607)        
2022-04-13T21:22:00.6381321Z remote: Counting objects:  40% (243/607)        
2022-04-13T21:22:00.6381971Z remote: Counting objects:  41% (249/607)        
2022-04-13T21:22:00.6382631Z remote: Counting objects:  42% (255/607)        
2022-04-13T21:22:00.6383272Z remote: Counting objects:  43% (262/607)        
2022-04-13T21:22:00.6383930Z remote: Counting objects:  44% (268/607)        
2022-04-13T21:22:00.6384592Z remote: Counting objects:  45% (274/607)        
2022-04-13T21:22:00.6385241Z remote: Counting objects:  46% (280/607)        
2022-04-13T21:22:00.6385900Z remote: Counting objects:  47% (286/607)        
2022-04-13T21:22:00.6386563Z remote: Counting objects:  48% (292/607)        
2022-04-13T21:22:00.6387202Z remote: Counting objects:  49% (298/607)        
2022-04-13T21:22:00.6387929Z remote: Counting objects:  50% (304/607)        
2022-04-13T21:22:00.6388598Z remote: Counting objects:  51% (310/607)        
2022-04-13T21:22:00.6389256Z remote: Counting objects:  52% (316/607)        
2022-04-13T21:22:00.6389913Z remote: Counting objects:  53% (322/607)        
2022-04-13T21:22:00.6390574Z remote: Counting objects:  54% (328/607)        
2022-04-13T21:22:00.6391230Z remote: Counting objects:  55% (334/607)        
2022-04-13T21:22:00.6391866Z remote: Counting objects:  56% (340/607)        
2022-04-13T21:22:00.6392532Z remote: Counting objects:  57% (346/607)        
2022-04-13T21:22:00.6393327Z remote: Counting objects:  58% (353/607)        
2022-04-13T21:22:00.6393995Z remote: Counting objects:  59% (359/607)        
2022-04-13T21:22:00.6394669Z remote: Counting objects:  60% (365/607)        
2022-04-13T21:22:00.6395340Z remote: Counting objects:  61% (371/607)        
2022-04-13T21:22:00.6396179Z remote: Counting objects:  62% (377/607)        
2022-04-13T21:22:00.6396870Z remote: Counting objects:  63% (383/607)        
2022-04-13T21:22:00.6397740Z remote: Counting objects:  64% (389/607)        
2022-04-13T21:22:00.6398422Z remote: Counting objects:  65% (395/607)        
2022-04-13T21:22:00.6399090Z remote: Counting objects:  66% (401/607)        
2022-04-13T21:22:00.6399750Z remote: Counting objects:  67% (407/607)        
2022-04-13T21:22:00.6400409Z remote: Counting objects:  68% (413/607)        
2022-04-13T21:22:00.6401305Z remote: Counting objects:  69% (419/607)        
2022-04-13T21:22:00.6402478Z remote: Counting objects:  70% (425/607)        
2022-04-13T21:22:00.6403411Z remote: Counting objects:  71% (431/607)        
2022-04-13T21:22:00.6404100Z remote: Counting objects:  72% (438/607)        
2022-04-13T21:22:00.6404771Z remote: Counting objects:  73% (444/607)        
2022-04-13T21:22:00.6405434Z remote: Counting objects:  74% (450/607)        
2022-04-13T21:22:00.6406102Z remote: Counting objects:  75% (456/607)        
2022-04-13T21:22:00.6406760Z remote: Counting objects:  76% (462/607)        
2022-04-13T21:22:00.6407399Z remote: Counting objects:  77% (468/607)        
2022-04-13T21:22:00.6408044Z remote: Counting objects:  78% (474/607)        
2022-04-13T21:22:00.6408712Z remote: Counting objects:  79% (480/607)        
2022-04-13T21:22:00.6409354Z remote: Counting objects:  80% (486/607)        
2022-04-13T21:22:00.6410011Z remote: Counting objects:  81% (492/607)        
2022-04-13T21:22:00.6410653Z remote: Counting objects:  82% (498/607)        
2022-04-13T21:22:00.6411310Z remote: Counting objects:  83% (504/607)        
2022-04-13T21:22:00.6411981Z remote: Counting objects:  84% (510/607)        
2022-04-13T21:22:00.6412679Z remote: Counting objects:  85% (516/607)        
2022-04-13T21:22:00.6413355Z remote: Counting objects:  86% (523/607)        
2022-04-13T21:22:00.6414018Z remote: Counting objects:  87% (529/607)        
2022-04-13T21:22:00.6414677Z remote: Counting objects:  88% (535/607)        
2022-04-13T21:22:00.6415335Z remote: Counting objects:  89% (541/607)        
2022-04-13T21:22:00.6415993Z remote: Counting objects:  90% (547/607)        
2022-04-13T21:22:00.6416881Z remote: Counting objects:  91% (553/607)        
2022-04-13T21:22:00.6417523Z remote: Counting objects:  92% (559/607)        
2022-04-13T21:22:00.6418195Z remote: Counting objects:  93% (565/607)        
2022-04-13T21:22:00.6418833Z remote: Counting objects:  94% (571/607)        
2022-04-13T21:22:00.6419503Z remote: Counting objects:  95% (577/607)        
2022-04-13T21:22:00.6420181Z remote: Counting objects:  96% (583/607)        
2022-04-13T21:22:00.6420847Z remote: Counting objects:  97% (589/607)        
2022-04-13T21:22:00.6421495Z remote: Counting objects:  98% (595/607)        
2022-04-13T21:22:00.6422156Z remote: Counting objects:  99% (601/607)        
2022-04-13T21:22:00.6422814Z remote: Counting objects: 100% (607/607)        
2022-04-13T21:22:00.6423507Z remote: Counting objects: 100% (607/607), done.        
2022-04-13T21:22:00.6424261Z remote: Compressing objects:   0% (1/536)        
2022-04-13T21:22:00.6424972Z remote: Compressing objects:   1% (6/536)        
2022-04-13T21:22:00.6425684Z remote: Compressing objects:   2% (11/536)        
2022-04-13T21:22:00.6426469Z remote: Compressing objects:   3% (17/536)        
2022-04-13T21:22:00.6427186Z remote: Compressing objects:   4% (22/536)        
2022-04-13T21:22:00.6427869Z remote: Compressing objects:   5% (27/536)        
2022-04-13T21:22:00.6428561Z remote: Compressing objects:   6% (33/536)        
2022-04-13T21:22:00.6429239Z remote: Compressing objects:   7% (38/536)        
2022-04-13T21:22:00.6430082Z remote: Compressing objects:   8% (43/536)        
2022-04-13T21:22:00.6430822Z remote: Compressing objects:   9% (49/536)        
2022-04-13T21:22:00.6431509Z remote: Compressing objects:  10% (54/536)        
2022-04-13T21:22:00.8477322Z remote: Compressing objects:  11% (59/536)        
2022-04-13T21:22:00.8478080Z remote: Compressing objects:  12% (65/536)        
2022-04-13T21:22:00.8478427Z remote: Compressing objects:  13% (70/536)        
2022-04-13T21:22:00.8478780Z remote: Compressing objects:  14% (76/536)        
2022-04-13T21:22:00.8479150Z remote: Compressing objects:  15% (81/536)        
2022-04-13T21:22:00.8479486Z remote: Compressing objects:  16% (86/536)        
2022-04-13T21:22:00.8480078Z remote: Compressing objects:  17% (92/536)        
2022-04-13T21:22:00.8480527Z remote: Compressing objects:  18% (97/536)        
2022-04-13T21:22:00.8480998Z remote: Compressing objects:  19% (102/536)        
2022-04-13T21:22:00.8481442Z remote: Compressing objects:  20% (108/536)        
2022-04-13T21:22:00.8481839Z remote: Compressing objects:  21% (113/536)        
2022-04-13T21:22:00.8482368Z remote: Compressing objects:  22% (118/536)        
2022-04-13T21:22:00.8482818Z remote: Compressing objects:  23% (124/536)        
2022-04-13T21:22:00.8483198Z remote: Compressing objects:  24% (129/536)        
2022-04-13T21:22:00.8483633Z remote: Compressing objects:  25% (134/536)        
2022-04-13T21:22:00.8484354Z remote: Compressing objects:  26% (140/536)        
2022-04-13T21:22:00.8484831Z remote: Compressing objects:  27% (145/536)        
2022-04-13T21:22:00.8485228Z remote: Compressing objects:  28% (151/536)        
2022-04-13T21:22:00.8485813Z remote: Compressing objects:  29% (156/536)        
2022-04-13T21:22:00.8486334Z remote: Compressing objects:  30% (161/536)        
2022-04-13T21:22:00.8486854Z remote: Compressing objects:  31% (167/536)        
2022-04-13T21:22:00.8487334Z remote: Compressing objects:  32% (172/536)        
2022-04-13T21:22:00.8487872Z remote: Compressing objects:  33% (177/536)        
2022-04-13T21:22:00.8488396Z remote: Compressing objects:  34% (183/536)        
2022-04-13T21:22:00.8488881Z remote: Compressing objects:  35% (188/536)        
2022-04-13T21:22:00.8489442Z remote: Compressing objects:  36% (193/536)        
2022-04-13T21:22:00.8489966Z remote: Compressing objects:  37% (199/536)        
2022-04-13T21:22:00.8490511Z remote: Compressing objects:  38% (204/536)        
2022-04-13T21:22:00.8490912Z remote: Compressing objects:  39% (210/536)        
2022-04-13T21:22:00.8491842Z remote: Compressing objects:  40% (215/536)        
2022-04-13T21:22:00.8492378Z remote: Compressing objects:  41% (220/536)        
2022-04-13T21:22:00.8492985Z remote: Compressing objects:  42% (226/536)        
2022-04-13T21:22:00.8493443Z remote: Compressing objects:  43% (231/536)        
2022-04-13T21:22:00.8494014Z remote: Compressing objects:  44% (236/536)        
2022-04-13T21:22:00.8494546Z remote: Compressing objects:  45% (242/536)        
2022-04-13T21:22:00.8495119Z remote: Compressing objects:  46% (247/536)        
2022-04-13T21:22:00.8495522Z remote: Compressing objects:  47% (252/536)        
2022-04-13T21:22:00.8496056Z remote: Compressing objects:  48% (258/536)        
2022-04-13T21:22:00.8496644Z remote: Compressing objects:  49% (263/536)        
2022-04-13T21:22:00.8497287Z remote: Compressing objects:  50% (268/536)        
2022-04-13T21:22:00.8497633Z remote: Compressing objects:  51% (274/536)        
2022-04-13T21:22:00.8498008Z remote: Compressing objects:  52% (279/536)        
2022-04-13T21:22:00.8498524Z remote: Compressing objects:  53% (285/536)        
2022-04-13T21:22:00.8498943Z remote: Compressing objects:  54% (290/536)        
2022-04-13T21:22:00.8499349Z remote: Compressing objects:  55% (295/536)        
2022-04-13T21:22:00.8499810Z remote: Compressing objects:  56% (301/536)        
2022-04-13T21:22:00.8500284Z remote: Compressing objects:  57% (306/536)        
2022-04-13T21:22:00.8500733Z remote: Compressing objects:  58% (311/536)        
2022-04-13T21:22:00.8501325Z remote: Compressing objects:  59% (317/536)        
2022-04-13T21:22:00.8501987Z remote: Compressing objects:  60% (322/536)        
2022-04-13T21:22:00.8502537Z remote: Compressing objects:  61% (327/536)        
2022-04-13T21:22:00.8502981Z remote: Compressing objects:  62% (333/536)        
2022-04-13T21:22:00.8532638Z remote: Compressing objects:  63% (338/536)        
2022-04-13T21:22:00.8533032Z remote: Compressing objects:  64% (344/536)        
2022-04-13T21:22:00.8533396Z remote: Compressing objects:  65% (349/536)        
2022-04-13T21:22:00.8687830Z remote: Compressing objects:  66% (354/536)        
2022-04-13T21:22:00.8712869Z remote: Compressing objects:  67% (360/536)        
2022-04-13T21:22:00.8713567Z remote: Compressing objects:  68% (365/536)        
2022-04-13T21:22:00.8982946Z remote: Compressing objects:  69% (370/536)        
2022-04-13T21:22:00.9114467Z remote: Compressing objects:  70% (376/536)        
2022-04-13T21:22:00.9226210Z remote: Compressing objects:  71% (381/536)        
2022-04-13T21:22:00.9245423Z remote: Compressing objects:  72% (386/536)        
2022-04-13T21:22:00.9827196Z remote: Compressing objects:  73% (392/536)        
2022-04-13T21:22:00.9962024Z remote: Compressing objects:  74% (397/536)        
2022-04-13T21:22:01.0020309Z remote: Compressing objects:  75% (402/536)        
2022-04-13T21:22:01.0025670Z remote: Compressing objects:  76% (408/536)        
2022-04-13T21:22:01.0026232Z remote: Compressing objects:  77% (413/536)        
2022-04-13T21:22:01.0026824Z remote: Compressing objects:  78% (419/536)        
2022-04-13T21:22:01.0027337Z remote: Compressing objects:  79% (424/536)        
2022-04-13T21:22:01.0065201Z remote: Compressing objects:  80% (429/536)        
2022-04-13T21:22:01.0065719Z remote: Compressing objects:  81% (435/536)        
2022-04-13T21:22:01.0066632Z remote: Compressing objects:  82% (440/536)        
2022-04-13T21:22:01.0067471Z remote: Compressing objects:  83% (445/536)        
2022-04-13T21:22:01.0086590Z remote: Compressing objects:  84% (451/536)        
2022-04-13T21:22:01.0087471Z remote: Compressing objects:  85% (456/536)        
2022-04-13T21:22:01.0088019Z remote: Compressing objects:  86% (461/536)        
2022-04-13T21:22:01.0088656Z remote: Compressing objects:  87% (467/536)        
2022-04-13T21:22:01.0089103Z remote: Compressing objects:  88% (472/536)        
2022-04-13T21:22:01.0089611Z remote: Compressing objects:  89% (478/536)        
2022-04-13T21:22:01.0090135Z remote: Compressing objects:  90% (483/536)        
2022-04-13T21:22:01.0090938Z remote: Compressing objects:  91% (488/536)        
2022-04-13T21:22:01.0091429Z remote: Compressing objects:  92% (494/536)        
2022-04-13T21:22:01.0091937Z remote: Compressing objects:  93% (499/536)        
2022-04-13T21:22:01.0092491Z remote: Compressing objects:  94% (504/536)        
2022-04-13T21:22:01.0093176Z remote: Compressing objects:  95% (510/536)        
2022-04-13T21:22:01.0093714Z remote: Compressing objects:  96% (515/536)        
2022-04-13T21:22:01.0094383Z remote: Compressing objects:  97% (520/536)        
2022-04-13T21:22:01.0097721Z remote: Compressing objects:  98% (526/536)        
2022-04-13T21:22:01.0103071Z remote: Compressing objects:  99% (531/536)        
2022-04-13T21:22:01.0105487Z remote: Compressing objects: 100% (536/536)        
2022-04-13T21:22:01.0107497Z remote: Compressing objects: 100% (536/536), done.        
2022-04-13T21:22:01.0141571Z Receiving objects:   0% (1/607)
2022-04-13T21:22:01.0143904Z Receiving objects:   1% (7/607)
2022-04-13T21:22:01.0148381Z Receiving objects:   2% (13/607)
2022-04-13T21:22:01.0148773Z Receiving objects:   3% (19/607)
2022-04-13T21:22:01.0149031Z Receiving objects:   4% (25/607)
2022-04-13T21:22:01.0150246Z Receiving objects:   5% (31/607)
2022-04-13T21:22:01.0150520Z Receiving objects:   6% (37/607)
2022-04-13T21:22:01.0150743Z Receiving objects:   7% (43/607)
2022-04-13T21:22:01.0153048Z Receiving objects:   8% (49/607)
2022-04-13T21:22:01.0153363Z Receiving objects:   9% (55/607)
2022-04-13T21:22:01.0161786Z Receiving objects:  10% (61/607)
2022-04-13T21:22:01.0661695Z Receiving objects:  11% (67/607)
2022-04-13T21:22:01.0663520Z Receiving objects:  12% (73/607)
2022-04-13T21:22:01.0666052Z Receiving objects:  13% (79/607)
2022-04-13T21:22:01.0668421Z Receiving objects:  14% (85/607)
2022-04-13T21:22:01.0670931Z Receiving objects:  15% (92/607)
2022-04-13T21:22:01.0678730Z Receiving objects:  16% (98/607)
2022-04-13T21:22:01.0681674Z Receiving objects:  17% (104/607)
2022-04-13T21:22:01.0710881Z Receiving objects:  18% (110/607)
2022-04-13T21:22:01.0939642Z Receiving objects:  19% (116/607)
2022-04-13T21:22:01.0959028Z Receiving objects:  20% (122/607)
2022-04-13T21:22:01.0961827Z Receiving objects:  21% (128/607)
2022-04-13T21:22:01.1005984Z Receiving objects:  22% (134/607)
2022-04-13T21:22:01.1015167Z Receiving objects:  23% (140/607)
2022-04-13T21:22:01.1031626Z Receiving objects:  24% (146/607)
2022-04-13T21:22:01.1040170Z Receiving objects:  25% (152/607)
2022-04-13T21:22:01.1053639Z Receiving objects:  26% (158/607)
2022-04-13T21:22:01.1069434Z Receiving objects:  27% (164/607)
2022-04-13T21:22:01.1088512Z Receiving objects:  28% (170/607)
2022-04-13T21:22:01.1094380Z Receiving objects:  29% (177/607)
2022-04-13T21:22:01.1102449Z Receiving objects:  30% (183/607)
2022-04-13T21:22:01.1108767Z Receiving objects:  31% (189/607)
2022-04-13T21:22:01.1119026Z Receiving objects:  32% (195/607)
2022-04-13T21:22:01.1127566Z Receiving objects:  33% (201/607)
2022-04-13T21:22:01.1139029Z Receiving objects:  34% (207/607)
2022-04-13T21:22:01.1158713Z Receiving objects:  35% (213/607)
2022-04-13T21:22:01.1166934Z Receiving objects:  36% (219/607)
2022-04-13T21:22:01.1176396Z Receiving objects:  37% (225/607)
2022-04-13T21:22:01.1185041Z Receiving objects:  38% (231/607)
2022-04-13T21:22:01.1192023Z Receiving objects:  39% (237/607)
2022-04-13T21:22:01.1255776Z Receiving objects:  40% (243/607)
2022-04-13T21:22:01.1257627Z Receiving objects:  41% (249/607)
2022-04-13T21:22:01.1259623Z Receiving objects:  42% (255/607)
2022-04-13T21:22:01.1281055Z Receiving objects:  43% (262/607)
2022-04-13T21:22:01.1292187Z Receiving objects:  44% (268/607)
2022-04-13T21:22:01.1308138Z Receiving objects:  45% (274/607)
2022-04-13T21:22:01.1711376Z Receiving objects:  46% (280/607)
2022-04-13T21:22:01.2170902Z Receiving objects:  47% (286/607)
2022-04-13T21:22:01.2333918Z Receiving objects:  48% (292/607)
2022-04-13T21:22:01.2524593Z Receiving objects:  49% (298/607)
2022-04-13T21:22:01.2710288Z Receiving objects:  50% (304/607)
2022-04-13T21:22:01.3029160Z Receiving objects:  51% (310/607)
2022-04-13T21:22:01.3309526Z Receiving objects:  52% (316/607)
2022-04-13T21:22:01.4177102Z Receiving objects:  53% (322/607)
2022-04-13T21:22:01.4630707Z Receiving objects:  54% (328/607)
2022-04-13T21:22:01.4858097Z Receiving objects:  55% (334/607)
2022-04-13T21:22:01.5066435Z Receiving objects:  56% (340/607)
2022-04-13T21:22:01.5223634Z Receiving objects:  57% (346/607)
2022-04-13T21:22:01.5225867Z Receiving objects:  58% (353/607), 14.39 MiB | 28.76 MiB/s
2022-04-13T21:22:01.5231510Z Receiving objects:  59% (359/607), 14.39 MiB | 28.76 MiB/s
2022-04-13T21:22:01.5235648Z Receiving objects:  60% (365/607), 14.39 MiB | 28.76 MiB/s
2022-04-13T21:22:01.5247856Z Receiving objects:  61% (371/607), 14.39 MiB | 28.76 MiB/s
2022-04-13T21:22:01.5258656Z Receiving objects:  62% (377/607), 14.39 MiB | 28.76 MiB/s
2022-04-13T21:22:01.5300892Z Receiving objects:  63% (383/607), 14.39 MiB | 28.76 MiB/s
2022-04-13T21:22:01.5314008Z Receiving objects:  64% (389/607), 14.39 MiB | 28.76 MiB/s
2022-04-13T21:22:01.5328473Z Receiving objects:  65% (395/607), 14.39 MiB | 28.76 MiB/s
2022-04-13T21:22:01.5337398Z Receiving objects:  66% (401/607), 14.39 MiB | 28.76 MiB/s
2022-04-13T21:22:01.5340747Z Receiving objects:  67% (407/607), 14.39 MiB | 28.76 MiB/s
2022-04-13T21:22:01.5345995Z Receiving objects:  68% (413/607), 14.39 MiB | 28.76 MiB/s
2022-04-13T21:22:01.5350624Z Receiving objects:  69% (419/607), 14.39 MiB | 28.76 MiB/s
2022-04-13T21:22:01.5358202Z Receiving objects:  70% (425/607), 14.39 MiB | 28.76 MiB/s
2022-04-13T21:22:01.5360537Z Receiving objects:  71% (431/607), 14.39 MiB | 28.76 MiB/s
2022-04-13T21:22:01.5361998Z Receiving objects:  72% (438/607), 14.39 MiB | 28.76 MiB/s
2022-04-13T21:22:01.5363880Z Receiving objects:  73% (444/607), 14.39 MiB | 28.76 MiB/s
2022-04-13T21:22:01.5366286Z Receiving objects:  74% (450/607), 14.39 MiB | 28.76 MiB/s
2022-04-13T21:22:01.5367865Z Receiving objects:  75% (456/607), 14.39 MiB | 28.76 MiB/s
2022-04-13T21:22:01.5368864Z Receiving objects:  76% (462/607), 14.39 MiB | 28.76 MiB/s
2022-04-13T21:22:01.5370775Z Receiving objects:  77% (468/607), 14.39 MiB | 28.76 MiB/s
2022-04-13T21:22:01.5372064Z Receiving objects:  78% (474/607), 14.39 MiB | 28.76 MiB/s
2022-04-13T21:22:01.5375840Z Receiving objects:  79% (480/607), 14.39 MiB | 28.76 MiB/s
2022-04-13T21:22:01.5378181Z Receiving objects:  80% (486/607), 14.39 MiB | 28.76 MiB/s
2022-04-13T21:22:01.5470703Z Receiving objects:  81% (492/607), 14.39 MiB | 28.76 MiB/s
2022-04-13T21:22:01.5520426Z Receiving objects:  82% (498/607), 14.39 MiB | 28.76 MiB/s
2022-04-13T21:22:01.5521611Z Receiving objects:  83% (504/607), 14.39 MiB | 28.76 MiB/s
2022-04-13T21:22:01.5522089Z Receiving objects:  84% (510/607), 14.39 MiB | 28.76 MiB/s
2022-04-13T21:22:01.5524404Z Receiving objects:  85% (516/607), 14.39 MiB | 28.76 MiB/s
2022-04-13T21:22:01.5526282Z Receiving objects:  86% (523/607), 14.39 MiB | 28.76 MiB/s
2022-04-13T21:22:01.5526654Z Receiving objects:  87% (529/607), 14.39 MiB | 28.76 MiB/s
2022-04-13T21:22:01.5527109Z Receiving objects:  88% (535/607), 14.39 MiB | 28.76 MiB/s
2022-04-13T21:22:01.5527767Z remote: Total 607 (delta 61), reused 357 (delta 39), pack-reused 0        
2022-04-13T21:22:01.5528888Z Receiving objects:  89% (541/607), 14.39 MiB | 28.76 MiB/s
2022-04-13T21:22:01.5531106Z Receiving objects:  90% (547/607), 14.39 MiB | 28.76 MiB/s
2022-04-13T21:22:01.5534204Z Receiving objects:  91% (553/607), 14.39 MiB | 28.76 MiB/s
2022-04-13T21:22:01.5535972Z Receiving objects:  92% (559/607), 14.39 MiB | 28.76 MiB/s
2022-04-13T21:22:01.5537690Z Receiving objects:  93% (565/607), 14.39 MiB | 28.76 MiB/s
2022-04-13T21:22:01.5543216Z Receiving objects:  94% (571/607), 14.39 MiB | 28.76 MiB/s
2022-04-13T21:22:01.5547795Z Receiving objects:  95% (577/607), 14.39 MiB | 28.76 MiB/s
2022-04-13T21:22:01.5552388Z Receiving objects:  96% (583/607), 14.39 MiB | 28.76 MiB/s
2022-04-13T21:22:01.5556740Z Receiving objects:  97% (589/607), 14.39 MiB | 28.76 MiB/s
2022-04-13T21:22:01.5560411Z Receiving objects:  98% (595/607), 14.39 MiB | 28.76 MiB/s
2022-04-13T21:22:01.5562735Z Receiving objects:  99% (601/607), 14.39 MiB | 28.76 MiB/s
2022-04-13T21:22:01.5563153Z Receiving objects: 100% (607/607), 14.39 MiB | 28.76 MiB/s
2022-04-13T21:22:01.5563604Z Receiving objects: 100% (607/607), 15.83 MiB | 29.16 MiB/s, done.
2022-04-13T21:22:01.5565427Z Resolving deltas:   0% (0/61)
2022-04-13T21:22:01.5566308Z Resolving deltas:   1% (1/61)
2022-04-13T21:22:01.5566673Z Resolving deltas:   3% (2/61)
2022-04-13T21:22:01.5567621Z Resolving deltas:   4% (3/61)
2022-04-13T21:22:01.5568522Z Resolving deltas:   6% (4/61)
2022-04-13T21:22:01.5568817Z Resolving deltas:   8% (5/61)
2022-04-13T21:22:01.5569772Z Resolving deltas:   9% (6/61)
2022-04-13T21:22:01.5570108Z Resolving deltas:  11% (7/61)
2022-04-13T21:22:01.5571350Z Resolving deltas:  13% (8/61)
2022-04-13T21:22:01.5571704Z Resolving deltas:  14% (9/61)
2022-04-13T21:22:01.5572049Z Resolving deltas:  16% (10/61)
2022-04-13T21:22:01.5572939Z Resolving deltas:  18% (11/61)
2022-04-13T21:22:01.5575186Z Resolving deltas:  19% (12/61)
2022-04-13T21:22:01.5575642Z Resolving deltas:  21% (13/61)
2022-04-13T21:22:01.5575974Z Resolving deltas:  22% (14/61)
2022-04-13T21:22:01.5576299Z Resolving deltas:  24% (15/61)
2022-04-13T21:22:01.5577771Z Resolving deltas:  26% (16/61)
2022-04-13T21:22:01.5578186Z Resolving deltas:  27% (17/61)
2022-04-13T21:22:01.5578551Z Resolving deltas:  29% (18/61)
2022-04-13T21:22:01.5580223Z Resolving deltas:  31% (19/61)
2022-04-13T21:22:01.5584354Z Resolving deltas:  32% (20/61)
2022-04-13T21:22:01.5584959Z Resolving deltas:  34% (21/61)
2022-04-13T21:22:01.5585414Z Resolving deltas:  36% (22/61)
2022-04-13T21:22:01.5588570Z Resolving deltas:  37% (23/61)
2022-04-13T21:22:01.5591939Z Resolving deltas:  39% (24/61)
2022-04-13T21:22:01.5592424Z Resolving deltas:  40% (25/61)
2022-04-13T21:22:01.5592900Z Resolving deltas:  42% (26/61)
2022-04-13T21:22:01.5593349Z Resolving deltas:  44% (27/61)
2022-04-13T21:22:01.5594706Z Resolving deltas:  45% (28/61)
2022-04-13T21:22:01.5595197Z Resolving deltas:  47% (29/61)
2022-04-13T21:22:01.5595479Z Resolving deltas:  49% (30/61)
2022-04-13T21:22:01.5600403Z Resolving deltas:  50% (31/61)
2022-04-13T21:22:01.5600756Z Resolving deltas:  52% (32/61)
2022-04-13T21:22:01.5601088Z Resolving deltas:  54% (33/61)
2022-04-13T21:22:01.5601370Z Resolving deltas:  55% (34/61)
2022-04-13T21:22:01.5601770Z Resolving deltas:  57% (35/61)
2022-04-13T21:22:01.5602100Z Resolving deltas:  59% (36/61)
2022-04-13T21:22:01.5602389Z Resolving deltas:  60% (37/61)
2022-04-13T21:22:01.5602713Z Resolving deltas:  62% (38/61)
2022-04-13T21:22:01.5603048Z Resolving deltas:  63% (39/61)
2022-04-13T21:22:01.5603569Z Resolving deltas:  65% (40/61)
2022-04-13T21:22:01.5604088Z Resolving deltas:  67% (41/61)
2022-04-13T21:22:01.5604493Z Resolving deltas:  68% (42/61)
2022-04-13T21:22:01.5604904Z Resolving deltas:  70% (43/61)
2022-04-13T21:22:01.5605331Z Resolving deltas:  72% (44/61)
2022-04-13T21:22:01.5605687Z Resolving deltas:  73% (45/61)
2022-04-13T21:22:01.5606080Z Resolving deltas:  75% (46/61)
2022-04-13T21:22:01.5606475Z Resolving deltas:  77% (47/61)
2022-04-13T21:22:01.5606897Z Resolving deltas:  78% (48/61)
2022-04-13T21:22:01.5607286Z Resolving deltas:  80% (49/61)
2022-04-13T21:22:01.5607695Z Resolving deltas:  81% (50/61)
2022-04-13T21:22:01.5608095Z Resolving deltas:  83% (51/61)
2022-04-13T21:22:01.5608453Z Resolving deltas:  85% (52/61)
2022-04-13T21:22:01.5608857Z Resolving deltas:  86% (53/61)
2022-04-13T21:22:01.5609176Z Resolving deltas:  88% (54/61)
2022-04-13T21:22:01.5609487Z Resolving deltas:  90% (55/61)
2022-04-13T21:22:01.5740349Z Resolving deltas:  91% (56/61)
2022-04-13T21:22:01.5740832Z Resolving deltas:  93% (57/61)
2022-04-13T21:22:01.5746518Z Resolving deltas:  95% (58/61)
2022-04-13T21:22:01.5746928Z Resolving deltas:  96% (59/61)
2022-04-13T21:22:01.5747304Z Resolving deltas:  98% (60/61)
2022-04-13T21:22:01.5747671Z Resolving deltas: 100% (61/61)
2022-04-13T21:22:01.5748311Z Resolving deltas: 100% (61/61), done.
2022-04-13T21:22:01.5989449Z From https://github.com/cisco/mindmeld
2022-04-13T21:22:01.5990229Z  * [new ref]         ccf41c85d033517b752631bc1995476f87acf451 -> origin/master
2022-04-13T21:22:01.6028438Z ##[endgroup]
2022-04-13T21:22:01.6028964Z ##[group]Determining the checkout info
2022-04-13T21:22:01.6029461Z ##[endgroup]
2022-04-13T21:22:01.6029916Z ##[group]Checking out the ref
2022-04-13T21:22:01.6030575Z [command]/usr/bin/git checkout --progress --force -B master refs/remotes/origin/master
2022-04-13T21:22:01.7234245Z Reset branch 'master'
2022-04-13T21:22:01.7234886Z branch 'master' set up to track 'origin/master'.
2022-04-13T21:22:01.7260643Z ##[endgroup]
2022-04-13T21:22:01.7293263Z [command]/usr/bin/git log -1 --format='%H'
2022-04-13T21:22:01.7327811Z 'ccf41c85d033517b752631bc1995476f87acf451'
2022-04-13T21:22:01.7610408Z ##[group]Run nyaruka/elasticsearch-action@v1
2022-04-13T21:22:01.7610701Z with:
2022-04-13T21:22:01.7610910Z   elastic version: 7.7.1
2022-04-13T21:22:01.7611157Z ##[endgroup]
2022-04-13T21:22:01.7813023Z ##[command]/usr/bin/docker run --name bcf095251a6274c074996bb0d86620e1f1686_a1cef6 --label 2bcf09 --workdir /github/workspace --rm -e INPUT_ELASTIC_VERSION -e HOME -e GITHUB_JOB -e GITHUB_REF -e GITHUB_SHA -e GITHUB_REPOSITORY -e GITHUB_REPOSITORY_OWNER -e GITHUB_RUN_ID -e GITHUB_RUN_NUMBER -e GITHUB_RETENTION_DAYS -e GITHUB_RUN_ATTEMPT -e GITHUB_ACTOR -e GITHUB_WORKFLOW -e GITHUB_HEAD_REF -e GITHUB_BASE_REF -e GITHUB_EVENT_NAME -e GITHUB_SERVER_URL -e GITHUB_API_URL -e GITHUB_GRAPHQL_URL -e GITHUB_REF_NAME -e GITHUB_REF_PROTECTED -e GITHUB_REF_TYPE -e GITHUB_WORKSPACE -e GITHUB_ACTION -e GITHUB_EVENT_PATH -e GITHUB_ACTION_REPOSITORY -e GITHUB_ACTION_REF -e GITHUB_PATH -e GITHUB_ENV -e GITHUB_STEP_SUMMARY -e RUNNER_OS -e RUNNER_ARCH -e RUNNER_NAME -e RUNNER_TOOL_CACHE -e RUNNER_TEMP -e RUNNER_WORKSPACE -e ACTIONS_RUNTIME_URL -e ACTIONS_RUNTIME_TOKEN -e ACTIONS_CACHE_URL -e GITHUB_ACTIONS=true -e CI=true -v "/var/run/docker.sock":"/var/run/docker.sock" -v "/home/runner/work/_temp/_github_home":"/github/home" -v "/home/runner/work/_temp/_github_workflow":"/github/workflow" -v "/home/runner/work/_temp/_runner_file_commands":"/github/file_commands" -v "/home/runner/work/mindmeld/mindmeld":"/github/workspace" 2bcf09:5251a6274c074996bb0d86620e1f1686
2022-04-13T21:22:02.1403786Z RUNNING: docker run -d -p 9200:9200 -p 9300:9300 -e 'discovery.type=single-node' elasticsearch:7.7.1
2022-04-13T21:22:02.1644726Z Unable to find image 'elasticsearch:7.7.1' locally
2022-04-13T21:22:02.4209290Z 7.7.1: Pulling from library/elasticsearch
2022-04-13T21:22:02.4936216Z 524b0c1e57f8: Pulling fs layer
2022-04-13T21:22:02.4937688Z 4f79045bc94a: Pulling fs layer
2022-04-13T21:22:02.4937968Z 4602c5830f92: Pulling fs layer
2022-04-13T21:22:02.4938254Z 10ef2eb1c9b1: Pulling fs layer
2022-04-13T21:22:02.4938571Z 47fca9194a1b: Pulling fs layer
2022-04-13T21:22:02.4938841Z c282e1371ecc: Pulling fs layer
2022-04-13T21:22:02.4939116Z 302e1effd34b: Pulling fs layer
2022-04-13T21:22:02.4939408Z 50acbec75309: Pulling fs layer
2022-04-13T21:22:02.4939674Z f89bc5c60b5f: Pulling fs layer
2022-04-13T21:22:02.4939940Z 47fca9194a1b: Waiting
2022-04-13T21:22:02.4940193Z c282e1371ecc: Waiting
2022-04-13T21:22:02.4940426Z 302e1effd34b: Waiting
2022-04-13T21:22:02.4940674Z 50acbec75309: Waiting
2022-04-13T21:22:02.4940923Z f89bc5c60b5f: Waiting
2022-04-13T21:22:02.4941155Z 10ef2eb1c9b1: Waiting
2022-04-13T21:22:02.5840501Z 4f79045bc94a: Verifying Checksum
2022-04-13T21:22:02.5840761Z 4f79045bc94a: Download complete
2022-04-13T21:22:02.6320975Z 10ef2eb1c9b1: Verifying Checksum
2022-04-13T21:22:02.6321511Z 10ef2eb1c9b1: Download complete
2022-04-13T21:22:02.9012871Z 4602c5830f92: Verifying Checksum
2022-04-13T21:22:02.9013161Z 4602c5830f92: Download complete
2022-04-13T21:22:03.0040427Z c282e1371ecc: Verifying Checksum
2022-04-13T21:22:03.0040721Z c282e1371ecc: Download complete
2022-04-13T21:22:03.0764848Z 302e1effd34b: Verifying Checksum
2022-04-13T21:22:03.0765151Z 302e1effd34b: Download complete
2022-04-13T21:22:03.1590125Z 50acbec75309: Verifying Checksum
2022-04-13T21:22:03.1592518Z 50acbec75309: Download complete
2022-04-13T21:22:03.2366152Z f89bc5c60b5f: Verifying Checksum
2022-04-13T21:22:03.3178678Z f89bc5c60b5f: Download complete
2022-04-13T21:22:03.3178962Z 524b0c1e57f8: Verifying Checksum
2022-04-13T21:22:03.3179184Z 524b0c1e57f8: Download complete
2022-04-13T21:22:05.5815610Z 47fca9194a1b: Verifying Checksum
2022-04-13T21:22:05.5818278Z 47fca9194a1b: Download complete
2022-04-13T21:22:06.5758092Z 524b0c1e57f8: Pull complete
2022-04-13T21:22:08.9302576Z 4f79045bc94a: Pull complete
2022-04-13T21:22:09.7077689Z 4602c5830f92: Pull complete
2022-04-13T21:22:09.7737220Z 10ef2eb1c9b1: Pull complete
2022-04-13T21:22:15.8257936Z 47fca9194a1b: Pull complete
2022-04-13T21:22:15.8814216Z c282e1371ecc: Pull complete
2022-04-13T21:22:15.9333778Z 302e1effd34b: Pull complete
2022-04-13T21:22:15.9845837Z 50acbec75309: Pull complete
2022-04-13T21:22:16.0488031Z f89bc5c60b5f: Pull complete
2022-04-13T21:22:16.0532229Z Digest: sha256:dff614393a31b93e8bbe9f8d1a77be041da37eac2a7a9567166dd5a2abab7c67
2022-04-13T21:22:16.0563709Z Status: Downloaded newer image for elasticsearch:7.7.1
2022-04-13T21:22:16.0801113Z 30a5aef4109826a4b8e4736da83ea13c4ce2214ad8f78972e69ed8f03f8adcbd
2022-04-13T21:22:16.6761523Z ##[warning]Unexpected input(s) 'java-version', 'java-package', valid inputs are ['python-version', 'architecture']
2022-04-13T21:22:16.6773699Z ##[group]Run actions/setup-python@v1
2022-04-13T21:22:16.6773909Z with:
2022-04-13T21:22:16.6774086Z   python-version: 3.7
2022-04-13T21:22:16.6774267Z   java-version: 9.0.4
2022-04-13T21:22:16.6774452Z   java-package: jdk
2022-04-13T21:22:16.6774636Z   architecture: x64
2022-04-13T21:22:16.6774798Z env:
2022-04-13T21:22:16.6775095Z   MM_EXTRAS: false
2022-04-13T21:22:16.6775280Z ##[endgroup]
2022-04-13T21:22:16.7447248Z Successfully setup CPython (3.7.12)
2022-04-13T21:22:16.7570148Z ##[group]Run ./scripts/py_dep_install.sh
2022-04-13T21:22:16.7570441Z [36;1m./scripts/py_dep_install.sh[0m
2022-04-13T21:22:16.7624263Z shell: /usr/bin/bash -e {0}
2022-04-13T21:22:16.7624474Z env:
2022-04-13T21:22:16.7624713Z   pythonLocation: /opt/hostedtoolcache/Python/3.7.12/x64
2022-04-13T21:22:16.7624938Z   MM_EXTRAS: false
2022-04-13T21:22:16.7625120Z ##[endgroup]
2022-04-13T21:22:16.7851955Z ~/work/mindmeld/mindmeld ~/work/mindmeld/mindmeld
2022-04-13T21:22:21.0870162Z Requirement already satisfied: pip in /opt/hostedtoolcache/Python/3.7.12/x64/lib/python3.7/site-packages (22.0.4)
2022-04-13T21:22:22.9477233Z Processing /home/runner/work/mindmeld/mindmeld
2022-04-13T21:22:22.9487941Z   Preparing metadata (setup.py): started
2022-04-13T21:22:25.9318339Z   Preparing metadata (setup.py): finished with status 'done'
2022-04-13T21:22:26.4235554Z Collecting aiohttp>=3.6.2
2022-04-13T21:22:26.4895573Z   Downloading aiohttp-3.8.1-cp37-cp37m-manylinux_2_5_x86_64.manylinux1_x86_64.manylinux_2_12_x86_64.manylinux2010_x86_64.whl (1.1 MB)
2022-04-13T21:22:26.5571744Z      ━━━━━━━━━━━━━━━━━━━━━━━━━━━━━━━━━━━━━━━━ 1.1/1.1 MB 17.6 MB/s eta 0:00:00
2022-04-13T21:22:26.6124253Z Collecting attrs>=18.2
2022-04-13T21:22:26.6216992Z   Downloading attrs-21.4.0-py2.py3-none-any.whl (60 kB)
2022-04-13T21:22:26.6278983Z      ━━━━━━━━━━━━━━━━━━━━━━━━━━━━━━━━━━━━━━━━ 60.6/60.6 KB 15.6 MB/s eta 0:00:00
2022-04-13T21:22:26.6736326Z Collecting Click~=7.1
2022-04-13T21:22:26.6831994Z   Downloading click-7.1.2-py2.py3-none-any.whl (82 kB)
2022-04-13T21:22:26.6919246Z      ━━━━━━━━━━━━━━━━━━━━━━━━━━━━━━━━━━━━━━━━ 82.8/82.8 KB 18.6 MB/s eta 0:00:00
2022-04-13T21:22:26.7144967Z Collecting click-log==0.1.8
2022-04-13T21:22:26.7226296Z   Downloading click_log-0.1.8-py2.py3-none-any.whl (4.5 kB)
2022-04-13T21:22:26.7489471Z Collecting distro~=1.3
2022-04-13T21:22:26.7604494Z   Downloading distro-1.7.0-py3-none-any.whl (20 kB)
2022-04-13T21:22:26.8569902Z Collecting elasticsearch<7.14,>=5.0
2022-04-13T21:22:26.8680581Z   Downloading elasticsearch-7.13.4-py2.py3-none-any.whl (356 kB)
2022-04-13T21:22:26.8785188Z      ━━━━━━━━━━━━━━━━━━━━━━━━━━━━━━━━━━━━━━ 356.3/356.3 KB 48.3 MB/s eta 0:00:00
2022-04-13T21:22:26.9187567Z Collecting Flask~=1.0
2022-04-13T21:22:26.9287429Z   Downloading Flask-1.1.4-py2.py3-none-any.whl (94 kB)
2022-04-13T21:22:26.9352851Z      ━━━━━━━━━━━━━━━━━━━━━━━━━━━━━━━━━━━━━━━━ 94.6/94.6 KB 22.8 MB/s eta 0:00:00
2022-04-13T21:22:26.9727821Z Collecting Flask-Cors~=3.0
2022-04-13T21:22:26.9807960Z   Downloading Flask_Cors-3.0.10-py2.py3-none-any.whl (14 kB)
2022-04-13T21:22:27.0115825Z Collecting future~=0.17
2022-04-13T21:22:27.0210623Z   Downloading future-0.18.2.tar.gz (829 kB)
2022-04-13T21:22:27.0449233Z      ━━━━━━━━━━━━━━━━━━━━━━━━━━━━━━━━━━━━━━ 829.2/829.2 KB 47.8 MB/s eta 0:00:00
2022-04-13T21:22:27.1513008Z   Preparing metadata (setup.py): started
2022-04-13T21:22:27.4077682Z   Preparing metadata (setup.py): finished with status 'done'
2022-04-13T21:22:27.4437056Z Collecting pycountry
2022-04-13T21:22:27.4527122Z   Downloading pycountry-22.3.5.tar.gz (10.1 MB)
2022-04-13T21:22:27.5759789Z      ━━━━━━━━━━━━━━━━━━━━━━━━━━━━━━━━━━━━━━━━ 10.1/10.1 MB 86.0 MB/s eta 0:00:00
2022-04-13T21:22:30.7014101Z   Installing build dependencies: started
2022-04-13T21:22:34.2711001Z   Installing build dependencies: finished with status 'done'
2022-04-13T21:22:34.2782588Z   Getting requirements to build wheel: started
2022-04-13T21:22:35.6329787Z   Getting requirements to build wheel: finished with status 'done'
2022-04-13T21:22:35.6375108Z   Preparing metadata (pyproject.toml): started
2022-04-13T21:22:37.0506070Z   Preparing metadata (pyproject.toml): finished with status 'done'
2022-04-13T21:22:37.0887665Z Collecting nltk~=3.2
2022-04-13T21:22:37.0989215Z   Downloading nltk-3.7-py3-none-any.whl (1.5 MB)
2022-04-13T21:22:37.1189218Z      ━━━━━━━━━━━━━━━━━━━━━━━━━━━━━━━━━━━━━━━━ 1.5/1.5 MB 88.5 MB/s eta 0:00:00
2022-04-13T21:22:37.4786424Z Collecting numpy~=1.15
2022-04-13T21:22:37.4853610Z   Downloading numpy-1.21.6-cp37-cp37m-manylinux_2_12_x86_64.manylinux2010_x86_64.whl (15.7 MB)
2022-04-13T21:22:37.6369807Z      ━━━━━━━━━━━━━━━━━━━━━━━━━━━━━━━━━━━━━━━━ 15.7/15.7 MB 87.4 MB/s eta 0:00:00
2022-04-13T21:22:37.6868806Z Requirement already satisfied: pip>=9.0.1 in /opt/hostedtoolcache/Python/3.7.12/x64/lib/python3.7/site-packages (from mindmeld==4.5.0) (22.0.4)
2022-04-13T21:22:37.7207529Z Collecting py~=1.4
2022-04-13T21:22:37.7264454Z   Downloading py-1.11.0-py2.py3-none-any.whl (98 kB)
2022-04-13T21:22:37.7319232Z      ━━━━━━━━━━━━━━━━━━━━━━━━━━━━━━━━━━━━━━━━ 98.7/98.7 KB 29.6 MB/s eta 0:00:00
2022-04-13T21:22:37.7582651Z Collecting python-dateutil~=2.6
2022-04-13T21:22:37.7724562Z   Downloading python_dateutil-2.8.2-py2.py3-none-any.whl (247 kB)
2022-04-13T21:22:37.7799538Z      ━━━━━━━━━━━━━━━━━━━━━━━━━━━━━━━━━━━━━━ 247.7/247.7 KB 49.5 MB/s eta 0:00:00
2022-04-13T21:22:37.8848672Z Collecting pytz
2022-04-13T21:22:37.8918093Z   Downloading pytz-2022.1-py2.py3-none-any.whl (503 kB)
2022-04-13T21:22:37.9033919Z      ━━━━━━━━━━━━━━━━━━━━━━━━━━━━━━━━━━━━━━ 503.5/503.5 KB 69.3 MB/s eta 0:00:00
2022-04-13T21:22:38.1142313Z Collecting scipy<2.0,>=0.13.3
2022-04-13T21:22:38.1192719Z   Downloading scipy-1.7.3-cp37-cp37m-manylinux_2_12_x86_64.manylinux2010_x86_64.whl (38.1 MB)
2022-04-13T21:22:38.4941161Z      ━━━━━━━━━━━━━━━━━━━━━━━━━━━━━━━━━━━━━━━━ 38.1/38.1 MB 53.2 MB/s eta 0:00:00
2022-04-13T21:22:38.6545296Z Collecting requests<3.0,>=2.20.1
2022-04-13T21:22:38.6625852Z   Downloading requests-2.27.1-py2.py3-none-any.whl (63 kB)
2022-04-13T21:22:38.6673063Z      ━━━━━━━━━━━━━━━━━━━━━━━━━━━━━━━━━━━━━━━━ 63.1/63.1 KB 22.7 MB/s eta 0:00:00
2022-04-13T21:22:38.7655785Z Collecting tqdm~=4.15
2022-04-13T21:22:38.7708478Z   Downloading tqdm-4.64.0-py2.py3-none-any.whl (78 kB)
2022-04-13T21:22:38.7766729Z      ━━━━━━━━━━━━━━━━━━━━━━━━━━━━━━━━━━━━━━━━ 78.4/78.4 KB 26.0 MB/s eta 0:00:00
2022-04-13T21:22:38.7948598Z Collecting sklearn-crfsuite<1.0,>=0.3.6
2022-04-13T21:22:38.8019883Z   Downloading sklearn_crfsuite-0.3.6-py2.py3-none-any.whl (12 kB)
2022-04-13T21:22:38.8575765Z Collecting immutables~=0.9
2022-04-13T21:22:38.8649314Z   Downloading immutables-0.17-cp37-cp37m-manylinux_2_5_x86_64.manylinux1_x86_64.manylinux_2_17_x86_64.manylinux2014_x86_64.whl (116 kB)
2022-04-13T21:22:38.8708212Z      ━━━━━━━━━━━━━━━━━━━━━━━━━━━━━━━━━━━━━━ 116.5/116.5 KB 31.7 MB/s eta 0:00:00
2022-04-13T21:22:38.9347102Z Collecting pyyaml>=5.1.1
2022-04-13T21:22:38.9404435Z   Downloading PyYAML-6.0-cp37-cp37m-manylinux_2_5_x86_64.manylinux1_x86_64.manylinux_2_12_x86_64.manylinux2010_x86_64.whl (596 kB)
2022-04-13T21:22:38.9509214Z      ━━━━━━━━━━━━━━━━━━━━━━━━━━━━━━━━━━━━━━ 596.3/596.3 KB 80.8 MB/s eta 0:00:00
2022-04-13T21:22:39.1210794Z Collecting spacy!=2.3.6,~=2.3
2022-04-13T21:22:39.1268834Z   Downloading spacy-2.3.7-cp37-cp37m-manylinux_2_17_x86_64.manylinux2014_x86_64.whl (10.4 MB)
2022-04-13T21:22:39.2266914Z      ━━━━━━━━━━━━━━━━━━━━━━━━━━━━━━━━━━━━━━━ 10.4/10.4 MB 107.5 MB/s eta 0:00:00
2022-04-13T21:22:39.3730494Z Collecting mypy>=0.782
2022-04-13T21:22:39.3865483Z   Downloading mypy-0.942-cp37-cp37m-manylinux_2_5_x86_64.manylinux1_x86_64.manylinux_2_12_x86_64.manylinux2010_x86_64.whl (14.4 MB)
2022-04-13T21:22:39.5138818Z      ━━━━━━━━━━━━━━━━━━━━━━━━━━━━━━━━━━━━━━━ 14.4/14.4 MB 101.7 MB/s eta 0:00:00
2022-04-13T21:22:39.6346770Z Collecting marshmallow~=3.7.1
2022-04-13T21:22:39.6408598Z   Downloading marshmallow-3.7.1-py2.py3-none-any.whl (45 kB)
2022-04-13T21:22:39.6465561Z      ━━━━━━━━━━━━━━━━━━━━━━━━━━━━━━━━━━━━━━━━ 45.9/45.9 KB 13.1 MB/s eta 0:00:00
2022-04-13T21:22:39.7174765Z Collecting markupsafe==2.0.1
2022-04-13T21:22:39.7224350Z   Downloading MarkupSafe-2.0.1-cp37-cp37m-manylinux_2_5_x86_64.manylinux1_x86_64.manylinux_2_12_x86_64.manylinux2010_x86_64.whl (31 kB)
2022-04-13T21:22:39.8911756Z Collecting scikit-learn<0.20,>=0.19.2
2022-04-13T21:22:39.9078080Z   Downloading scikit_learn-0.19.2-cp37-cp37m-manylinux1_x86_64.whl (4.9 MB)
2022-04-13T21:22:39.9624391Z      ━━━━━━━━━━━━━━━━━━━━━━━━━━━━━━━━━━━━━━━━ 4.9/4.9 MB 94.4 MB/s eta 0:00:00
2022-04-13T21:22:40.0264351Z Collecting python-crfsuite<1.0,>=0.9.6
2022-04-13T21:22:40.0390505Z   Downloading python_crfsuite-0.9.8-cp37-cp37m-manylinux_2_17_x86_64.manylinux2014_x86_64.whl (965 kB)
2022-04-13T21:22:40.0532263Z      ━━━━━━━━━━━━━━━━━━━━━━━━━━━━━━━━━━━━━━ 965.4/965.4 KB 86.5 MB/s eta 0:00:00
2022-04-13T21:22:40.0916690Z Collecting aiosignal>=1.1.2
2022-04-13T21:22:40.0961616Z   Downloading aiosignal-1.2.0-py3-none-any.whl (8.2 kB)
2022-04-13T21:22:40.1236222Z Collecting async-timeout<5.0,>=4.0.0a3
2022-04-13T21:22:40.1331771Z   Downloading async_timeout-4.0.2-py3-none-any.whl (5.8 kB)
2022-04-13T21:22:40.1559476Z Collecting asynctest==0.13.0
2022-04-13T21:22:40.1606174Z   Downloading asynctest-0.13.0-py3-none-any.whl (26 kB)
2022-04-13T21:22:40.3505485Z Collecting yarl<2.0,>=1.0
2022-04-13T21:22:40.3553334Z   Downloading yarl-1.7.2-cp37-cp37m-manylinux_2_5_x86_64.manylinux1_x86_64.manylinux_2_12_x86_64.manylinux2010_x86_64.whl (271 kB)
2022-04-13T21:22:40.3656588Z      ━━━━━━━━━━━━━━━━━━━━━━━━━━━━━━━━━━━━━━ 271.8/271.8 KB 36.9 MB/s eta 0:00:00
2022-04-13T21:22:40.3977672Z Collecting charset-normalizer<3.0,>=2.0
2022-04-13T21:22:40.4025218Z   Downloading charset_normalizer-2.0.12-py3-none-any.whl (39 kB)
2022-04-13T21:22:40.4322197Z Collecting typing-extensions>=3.7.4
2022-04-13T21:22:40.4375402Z   Downloading typing_extensions-4.1.1-py3-none-any.whl (26 kB)
2022-04-13T21:22:40.5134935Z Collecting frozenlist>=1.1.1
2022-04-13T21:22:40.5186222Z   Downloading frozenlist-1.3.0-cp37-cp37m-manylinux_2_5_x86_64.manylinux1_x86_64.manylinux_2_17_x86_64.manylinux2014_x86_64.whl (144 kB)
2022-04-13T21:22:40.5253204Z      ━━━━━━━━━━━━━━━━━━━━━━━━━━━━━━━━━━━━━━ 144.8/144.8 KB 36.0 MB/s eta 0:00:00
2022-04-13T21:22:40.8994185Z Collecting multidict<7.0,>=4.5
2022-04-13T21:22:40.9049225Z   Downloading multidict-6.0.2-cp37-cp37m-manylinux_2_17_x86_64.manylinux2014_x86_64.whl (94 kB)
2022-04-13T21:22:40.9104597Z      ━━━━━━━━━━━━━━━━━━━━━━━━━━━━━━━━━━━━━━━━ 94.8/94.8 KB 27.4 MB/s eta 0:00:00
2022-04-13T21:22:41.0216419Z Collecting urllib3<2,>=1.21.1
2022-04-13T21:22:41.0292126Z   Downloading urllib3-1.26.9-py2.py3-none-any.whl (138 kB)
2022-04-13T21:22:41.0359763Z      ━━━━━━━━━━━━━━━━━━━━━━━━━━━━━━━━━━━━━━ 139.0/139.0 KB 31.7 MB/s eta 0:00:00
2022-04-13T21:22:41.0646903Z Collecting certifi
2022-04-13T21:22:41.0712386Z   Downloading certifi-2021.10.8-py2.py3-none-any.whl (149 kB)
2022-04-13T21:22:41.0771295Z      ━━━━━━━━━━━━━━━━━━━━━━━━━━━━━━━━━━━━━━ 149.2/149.2 KB 42.0 MB/s eta 0:00:00
2022-04-13T21:22:41.1480858Z Collecting itsdangerous<2.0,>=0.24
2022-04-13T21:22:41.1526830Z   Downloading itsdangerous-1.1.0-py2.py3-none-any.whl (16 kB)
2022-04-13T21:22:41.1900477Z Collecting Jinja2<3.0,>=2.10.1
2022-04-13T21:22:41.1954766Z   Downloading Jinja2-2.11.3-py2.py3-none-any.whl (125 kB)
2022-04-13T21:22:41.2016071Z      ━━━━━━━━━━━━━━━━━━━━━━━━━━━━━━━━━━━━━━ 125.7/125.7 KB 33.5 MB/s eta 0:00:00
2022-04-13T21:22:41.2437531Z Collecting Werkzeug<2.0,>=0.15
2022-04-13T21:22:41.2507637Z   Downloading Werkzeug-1.0.1-py2.py3-none-any.whl (298 kB)
2022-04-13T21:22:41.2586080Z      ━━━━━━━━━━━━━━━━━━━━━━━━━━━━━━━━━━━━━━ 298.6/298.6 KB 58.2 MB/s eta 0:00:00
2022-04-13T21:22:41.2900337Z Collecting Six
2022-04-13T21:22:41.2948345Z   Downloading six-1.16.0-py2.py3-none-any.whl (11 kB)
2022-04-13T21:22:41.4454285Z Collecting typed-ast<2,>=1.4.0
2022-04-13T21:22:41.4519069Z   Downloading typed_ast-1.5.2-cp37-cp37m-manylinux_2_5_x86_64.manylinux1_x86_64.manylinux_2_12_x86_64.manylinux2010_x86_64.whl (843 kB)
2022-04-13T21:22:41.4649433Z      ━━━━━━━━━━━━━━━━━━━━━━━━━━━━━━━━━━━━━━ 843.7/843.7 KB 84.5 MB/s eta 0:00:00
2022-04-13T21:22:41.4830690Z Collecting mypy-extensions>=0.4.3
2022-04-13T21:22:41.4942270Z   Downloading mypy_extensions-0.4.3-py2.py3-none-any.whl (4.5 kB)
2022-04-13T21:22:41.5204751Z Collecting tomli>=1.1.0
2022-04-13T21:22:41.5254163Z   Downloading tomli-2.0.1-py3-none-any.whl (12 kB)
2022-04-13T21:22:42.1018710Z Collecting regex>=2021.8.3
2022-04-13T21:22:42.1153123Z   Downloading regex-2022.3.15-cp37-cp37m-manylinux_2_17_x86_64.manylinux2014_x86_64.whl (749 kB)
2022-04-13T21:22:42.1283697Z      ━━━━━━━━━━━━━━━━━━━━━━━━━━━━━━━━━━━━━━ 749.6/749.6 KB 74.3 MB/s eta 0:00:00
2022-04-13T21:22:42.1697083Z Collecting joblib
2022-04-13T21:22:42.1762027Z   Downloading joblib-1.1.0-py2.py3-none-any.whl (306 kB)
2022-04-13T21:22:42.1869674Z      ━━━━━━━━━━━━━━━━━━━━━━━━━━━━━━━━━━━━━━ 307.0/307.0 KB 51.8 MB/s eta 0:00:00
2022-04-13T21:22:42.2739042Z Collecting idna<4,>=2.5
2022-04-13T21:22:42.2790935Z   Downloading idna-3.3-py3-none-any.whl (61 kB)
2022-04-13T21:22:42.2840862Z      ━━━━━━━━━━━━━━━━━━━━━━━━━━━━━━━━━━━━━━━━ 61.2/61.2 KB 18.8 MB/s eta 0:00:00
2022-04-13T21:22:42.3884055Z Collecting tabulate
2022-04-13T21:22:42.3927940Z   Downloading tabulate-0.8.9-py3-none-any.whl (25 kB)
2022-04-13T21:22:42.4972327Z Collecting srsly<1.1.0,>=1.0.2
2022-04-13T21:22:42.5049288Z   Downloading srsly-1.0.5-cp37-cp37m-manylinux2014_x86_64.whl (184 kB)
2022-04-13T21:22:42.5113523Z      ━━━━━━━━━━━━━━━━━━━━━━━━━━━━━━━━━━━━━━ 184.3/184.3 KB 47.1 MB/s eta 0:00:00
2022-04-13T21:22:42.5440791Z Collecting cymem<2.1.0,>=2.0.2
2022-04-13T21:22:42.5519214Z   Downloading cymem-2.0.6-cp37-cp37m-manylinux_2_17_x86_64.manylinux2014_x86_64.whl (35 kB)
2022-04-13T21:22:42.5771738Z Collecting wasabi<1.1.0,>=0.4.0
2022-04-13T21:22:42.5821015Z   Downloading wasabi-0.9.1-py3-none-any.whl (26 kB)
2022-04-13T21:22:42.6292107Z Collecting preshed<3.1.0,>=3.0.2
2022-04-13T21:22:42.6371091Z   Downloading preshed-3.0.6-cp37-cp37m-manylinux_2_5_x86_64.manylinux1_x86_64.manylinux_2_17_x86_64.manylinux2014_x86_64.whl (125 kB)
2022-04-13T21:22:42.6430903Z      ━━━━━━━━━━━━━━━━━━━━━━━━━━━━━━━━━━━━━━ 125.9/125.9 KB 36.1 MB/s eta 0:00:00
2022-04-13T21:22:42.6452019Z Requirement already satisfied: setuptools in /opt/hostedtoolcache/Python/3.7.12/x64/lib/python3.7/site-packages (from spacy!=2.3.6,~=2.3->mindmeld==4.5.0) (47.1.0)
2022-04-13T21:22:42.6878662Z Collecting plac<1.2.0,>=0.9.6
2022-04-13T21:22:42.6926716Z   Downloading plac-1.1.3-py2.py3-none-any.whl (20 kB)
2022-04-13T21:22:42.9013336Z Collecting thinc<7.5.0,>=7.4.1
2022-04-13T21:22:42.9140599Z   Downloading thinc-7.4.5-cp37-cp37m-manylinux2014_x86_64.whl (1.0 MB)
2022-04-13T21:22:42.9293052Z      ━━━━━━━━━━━━━━━━━━━━━━━━━━━━━━━━━━━━━━━━ 1.0/1.0 MB 90.3 MB/s eta 0:00:00
2022-04-13T21:22:42.9832177Z Collecting blis<0.8.0,>=0.4.0
2022-04-13T21:22:42.9890617Z   Downloading blis-0.7.7-cp37-cp37m-manylinux_2_17_x86_64.manylinux2014_x86_64.whl (9.9 MB)
2022-04-13T21:22:43.0732386Z      ━━━━━━━━━━━━━━━━━━━━━━━━━━━━━━━━━━━━━━━━ 9.9/9.9 MB 121.3 MB/s eta 0:00:00
2022-04-13T21:22:43.1651850Z Collecting catalogue<1.1.0,>=0.0.7
2022-04-13T21:22:43.1697477Z   Downloading catalogue-1.0.0-py2.py3-none-any.whl (7.7 kB)
2022-04-13T21:22:43.2188501Z Collecting murmurhash<1.1.0,>=0.28.0
2022-04-13T21:22:43.2284408Z   Downloading murmurhash-1.0.6-cp37-cp37m-manylinux_2_5_x86_64.manylinux1_x86_64.manylinux_2_17_x86_64.manylinux2014_x86_64.whl (21 kB)
2022-04-13T21:22:43.3744631Z Collecting importlib-metadata>=0.20
2022-04-13T21:22:43.3788903Z   Downloading importlib_metadata-4.11.3-py3-none-any.whl (18 kB)
2022-04-13T21:22:43.8217152Z Collecting zipp>=0.5
2022-04-13T21:22:43.8269129Z   Downloading zipp-3.8.0-py3-none-any.whl (5.4 kB)
2022-04-13T21:22:43.8994163Z Using legacy 'setup.py install' for mindmeld, since package 'wheel' is not installed.
2022-04-13T21:22:43.8997150Z Using legacy 'setup.py install' for future, since package 'wheel' is not installed.
2022-04-13T21:22:43.9001453Z Building wheels for collected packages: pycountry
2022-04-13T21:22:43.9014227Z   Building wheel for pycountry (pyproject.toml): started
2022-04-13T21:22:47.8184138Z   Building wheel for pycountry (pyproject.toml): finished with status 'done'
2022-04-13T21:22:47.8520352Z   Created wheel for pycountry: filename=pycountry-22.3.5-py2.py3-none-any.whl size=10681845 sha256=f5afed0ea58c6f41214a87223ba3e17bd4c616b081297fd1fb528852de3d4796
2022-04-13T21:22:47.8521905Z   Stored in directory: /home/runner/.cache/pip/wheels/0e/06/e8/7ee176e95ea9a8a8c3b3afcb1869f20adbd42413d4611c6eb4
2022-04-13T21:22:47.8620697Z Successfully built pycountry
2022-04-13T21:22:48.2560301Z Installing collected packages: wasabi, tabulate, srsly, scikit-learn, pytz, python-crfsuite, plac, mypy-extensions, murmurhash, cymem, certifi, zipp, Werkzeug, urllib3, typing-extensions, typed-ast, tqdm, tomli, Six, regex, pyyaml, pycountry, py, preshed, numpy, multidict, marshmallow, markupsafe, joblib, itsdangerous, idna, future, frozenlist, distro, Click, charset-normalizer, attrs, asynctest, yarl, sklearn-crfsuite, scipy, requests, python-dateutil, nltk, mypy, Jinja2, importlib-metadata, immutables, elasticsearch, click-log, blis, async-timeout, aiosignal, Flask, catalogue, aiohttp, thinc, Flask-Cors, spacy, mindmeld
2022-04-13T21:22:52.4025038Z   Running setup.py install for future: started
2022-04-13T21:22:52.9532895Z   Running setup.py install for future: finished with status 'done'
2022-04-13T21:22:59.7966375Z   Running setup.py install for mindmeld: started
2022-04-13T21:23:00.3084793Z   Running setup.py install for mindmeld: finished with status 'done'
2022-04-13T21:23:00.3392439Z Successfully installed Click-7.1.2 Flask-1.1.4 Flask-Cors-3.0.10 Jinja2-2.11.3 Six-1.16.0 Werkzeug-1.0.1 aiohttp-3.8.1 aiosignal-1.2.0 async-timeout-4.0.2 asynctest-0.13.0 attrs-21.4.0 blis-0.7.7 catalogue-1.0.0 certifi-2021.10.8 charset-normalizer-2.0.12 click-log-0.1.8 cymem-2.0.6 distro-1.7.0 elasticsearch-7.13.4 frozenlist-1.3.0 future-0.18.2 idna-3.3 immutables-0.17 importlib-metadata-4.11.3 itsdangerous-1.1.0 joblib-1.1.0 markupsafe-2.0.1 marshmallow-3.7.1 mindmeld-4.5.0 multidict-6.0.2 murmurhash-1.0.6 mypy-0.942 mypy-extensions-0.4.3 nltk-3.7 numpy-1.21.6 plac-1.1.3 preshed-3.0.6 py-1.11.0 pycountry-22.3.5 python-crfsuite-0.9.8 python-dateutil-2.8.2 pytz-2022.1 pyyaml-6.0 regex-2022.3.15 requests-2.27.1 scikit-learn-0.19.2 scipy-1.7.3 sklearn-crfsuite-0.3.6 spacy-2.3.7 srsly-1.0.5 tabulate-0.8.9 thinc-7.4.5 tomli-2.0.1 tqdm-4.64.0 typed-ast-1.5.2 typing-extensions-4.1.1 urllib3-1.26.9 wasabi-0.9.1 yarl-1.7.2 zipp-3.8.0
2022-04-13T21:23:02.5110429Z Collecting coverage==4.2
2022-04-13T21:23:02.5423237Z   Downloading coverage-4.2.zip (483 kB)
2022-04-13T21:23:02.5610749Z      ━━━━━━━━━━━━━━━━━━━━━━━━━━━━━━━━━━━━━━ 483.9/483.9 KB 31.8 MB/s eta 0:00:00
2022-04-13T21:23:02.6068021Z   Preparing metadata (setup.py): started
2022-04-13T21:23:02.8654083Z   Preparing metadata (setup.py): finished with status 'done'
2022-04-13T21:23:02.9180306Z Collecting flake8==3.5.0
2022-04-13T21:23:02.9242223Z   Downloading flake8-3.5.0-py2.py3-none-any.whl (69 kB)
2022-04-13T21:23:02.9302939Z      ━━━━━━━━━━━━━━━━━━━━━━━━━━━━━━━━━━━━━━━━ 69.9/69.9 KB 21.8 MB/s eta 0:00:00
2022-04-13T21:23:03.0060117Z Collecting pylint~=2.6.0
2022-04-13T21:23:03.0150699Z   Downloading pylint-2.6.2-py3-none-any.whl (325 kB)
2022-04-13T21:23:03.0245157Z      ━━━━━━━━━━━━━━━━━━━━━━━━━━━━━━━━━━━━━━ 325.7/325.7 KB 51.0 MB/s eta 0:00:00
2022-04-13T21:23:03.1216966Z Collecting pytest>=5.4.0
2022-04-13T21:23:03.1271507Z   Downloading pytest-7.1.1-py3-none-any.whl (297 kB)
2022-04-13T21:23:03.1364955Z      ━━━━━━━━━━━━━━━━━━━━━━━━━━━━━━━━━━━━━━ 297.0/297.0 KB 46.7 MB/s eta 0:00:00
2022-04-13T21:23:03.1670872Z Collecting pytest-cov==2.4.0
2022-04-13T21:23:03.1766371Z   Downloading pytest_cov-2.4.0-py2.py3-none-any.whl (20 kB)
2022-04-13T21:23:03.2631968Z Collecting tox==2.6.0
2022-04-13T21:23:03.2695199Z   Downloading tox-2.6.0-py2.py3-none-any.whl (42 kB)
2022-04-13T21:23:03.2756443Z      ━━━━━━━━━━━━━━━━━━━━━━━━━━━━━━━━━━━━━━━━ 42.4/42.4 KB 9.3 MB/s eta 0:00:00
2022-04-13T21:23:03.3003582Z Collecting mock==2.0.0
2022-04-13T21:23:03.3054574Z   Downloading mock-2.0.0-py2.py3-none-any.whl (56 kB)
2022-04-13T21:23:03.3106433Z      ━━━━━━━━━━━━━━━━━━━━━━━━━━━━━━━━━━━━━━━━ 56.8/56.8 KB 18.0 MB/s eta 0:00:00
2022-04-13T21:23:03.3575589Z Collecting pytest-mock>=1.6.2
2022-04-13T21:23:03.3655124Z   Downloading pytest_mock-3.7.0-py3-none-any.whl (12 kB)
2022-04-13T21:23:03.3959458Z Collecting pytest-asyncio>=0.8.0
2022-04-13T21:23:03.4005934Z   Downloading pytest_asyncio-0.18.3-1-py3-none-any.whl (14 kB)
2022-04-13T21:23:03.4047383Z Requirement already satisfied: pyyaml>=5.1.1 in /opt/hostedtoolcache/Python/3.7.12/x64/lib/python3.7/site-packages (from -r test-requirements.txt (line 10)) (6.0)
2022-04-13T21:23:03.4465025Z Collecting black<22.1.0,>=19.10b0
2022-04-13T21:23:03.4533277Z   Downloading black-21.12b0-py3-none-any.whl (156 kB)
2022-04-13T21:23:03.4607694Z      ━━━━━━━━━━━━━━━━━━━━━━━━━━━━━━━━━━━━━━ 156.7/156.7 KB 30.4 MB/s eta 0:00:00
2022-04-13T21:23:03.4917844Z Collecting mccabe<0.7.0,>=0.6.0
2022-04-13T21:23:03.4971187Z   Downloading mccabe-0.6.1-py2.py3-none-any.whl (8.6 kB)
2022-04-13T21:23:03.5200715Z Collecting pycodestyle<2.4.0,>=2.0.0
2022-04-13T21:23:03.5245239Z   Downloading pycodestyle-2.3.1-py2.py3-none-any.whl (45 kB)
2022-04-13T21:23:03.5293336Z      ━━━━━━━━━━━━━━━━━━━━━━━━━━━━━━━━━━━━━━━━ 45.2/45.2 KB 14.7 MB/s eta 0:00:00
2022-04-13T21:23:03.5551185Z Collecting pyflakes<1.7.0,>=1.5.0
2022-04-13T21:23:03.5622349Z   Downloading pyflakes-1.6.0-py2.py3-none-any.whl (227 kB)
2022-04-13T21:23:03.5706211Z      ━━━━━━━━━━━━━━━━━━━━━━━━━━━━━━━━━━━━━━ 227.4/227.4 KB 36.0 MB/s eta 0:00:00
2022-04-13T21:23:03.6320928Z Collecting pluggy<1.0,>=0.3.0
2022-04-13T21:23:03.6367220Z   Downloading pluggy-0.13.1-py2.py3-none-any.whl (18 kB)
2022-04-13T21:23:03.7536062Z Collecting virtualenv>=1.11.2
2022-04-13T21:23:03.7732880Z   Downloading virtualenv-20.14.1-py2.py3-none-any.whl (8.8 MB)
2022-04-13T21:23:03.8709837Z      ━━━━━━━━━━━━━━━━━━━━━━━━━━━━━━━━━━━━━━━━ 8.8/8.8 MB 92.6 MB/s eta 0:00:00
2022-04-13T21:23:03.8986553Z Requirement already satisfied: py>=1.4.17 in /opt/hostedtoolcache/Python/3.7.12/x64/lib/python3.7/site-packages (from tox==2.6.0->-r test-requirements.txt (line 6)) (1.11.0)
2022-04-13T21:23:03.9537200Z Collecting pbr>=0.11
2022-04-13T21:23:03.9595032Z   Downloading pbr-5.8.1-py2.py3-none-any.whl (113 kB)
2022-04-13T21:23:03.9649478Z      ━━━━━━━━━━━━━━━━━━━━━━━━━━━━━━━━━━━━━━ 113.0/113.0 KB 34.3 MB/s eta 0:00:00
2022-04-13T21:23:03.9673736Z Requirement already satisfied: six>=1.9 in /opt/hostedtoolcache/Python/3.7.12/x64/lib/python3.7/site-packages (from mock==2.0.0->-r test-requirements.txt (line 7)) (1.16.0)
2022-04-13T21:23:03.9889522Z Collecting toml>=0.7.1
2022-04-13T21:23:03.9936426Z   Downloading toml-0.10.2-py2.py3-none-any.whl (16 kB)
2022-04-13T21:23:04.0694544Z Collecting isort<6,>=4.2.5
2022-04-13T21:23:04.0739464Z   Downloading isort-5.10.1-py3-none-any.whl (103 kB)
2022-04-13T21:23:04.0801229Z      ━━━━━━━━━━━━━━━━━━━━━━━━━━━━━━━━━━━━━━ 103.4/103.4 KB 26.5 MB/s eta 0:00:00
2022-04-13T21:23:04.1634234Z Collecting astroid<2.5,>=2.4.0
2022-04-13T21:23:04.1716326Z   Downloading astroid-2.4.2-py3-none-any.whl (213 kB)
2022-04-13T21:23:04.1778569Z      ━━━━━━━━━━━━━━━━━━━━━━━━━━━━━━━━━━━━━━ 214.0/214.0 KB 50.6 MB/s eta 0:00:00
2022-04-13T21:23:04.1973154Z Requirement already satisfied: tomli>=1.0.0 in /opt/hostedtoolcache/Python/3.7.12/x64/lib/python3.7/site-packages (from pytest>=5.4.0->-r test-requirements.txt (line 4)) (2.0.1)
2022-04-13T21:23:04.2008020Z Requirement already satisfied: importlib-metadata>=0.12 in /opt/hostedtoolcache/Python/3.7.12/x64/lib/python3.7/site-packages (from pytest>=5.4.0->-r test-requirements.txt (line 4)) (4.11.3)
2022-04-13T21:23:04.2132983Z Collecting iniconfig
2022-04-13T21:23:04.2258059Z   Downloading iniconfig-1.1.1-py2.py3-none-any.whl (5.0 kB)
2022-04-13T21:23:04.2329217Z Requirement already satisfied: attrs>=19.2.0 in /opt/hostedtoolcache/Python/3.7.12/x64/lib/python3.7/site-packages (from pytest>=5.4.0->-r test-requirements.txt (line 4)) (21.4.0)
2022-04-13T21:23:04.2819920Z Collecting packaging
2022-04-13T21:23:04.2871374Z   Downloading packaging-21.3-py3-none-any.whl (40 kB)
2022-04-13T21:23:04.2925674Z      ━━━━━━━━━━━━━━━━━━━━━━━━━━━━━━━━━━━━━━━━ 40.8/40.8 KB 11.1 MB/s eta 0:00:00
2022-04-13T21:23:04.3360677Z Requirement already satisfied: typing-extensions>=3.7.2 in /opt/hostedtoolcache/Python/3.7.12/x64/lib/python3.7/site-packages (from pytest-asyncio>=0.8.0->-r test-requirements.txt (line 9)) (4.1.1)
2022-04-13T21:23:04.3933185Z Requirement already satisfied: click>=7.1.2 in /opt/hostedtoolcache/Python/3.7.12/x64/lib/python3.7/site-packages (from black<22.1.0,>=19.10b0->-r test-requirements.txt (line 11)) (7.1.2)
2022-04-13T21:23:04.4135823Z Collecting pathspec<1,>=0.9.0
2022-04-13T21:23:04.4184019Z   Downloading pathspec-0.9.0-py2.py3-none-any.whl (31 kB)
2022-04-13T21:23:04.4233704Z Requirement already satisfied: mypy-extensions>=0.4.3 in /opt/hostedtoolcache/Python/3.7.12/x64/lib/python3.7/site-packages (from black<22.1.0,>=19.10b0->-r test-requirements.txt (line 11)) (0.4.3)
2022-04-13T21:23:04.4538059Z Collecting tomli>=1.0.0
2022-04-13T21:23:04.4591718Z   Downloading tomli-1.2.3-py3-none-any.whl (12 kB)
2022-04-13T21:23:04.4647053Z Requirement already satisfied: typed-ast>=1.4.2 in /opt/hostedtoolcache/Python/3.7.12/x64/lib/python3.7/site-packages (from black<22.1.0,>=19.10b0->-r test-requirements.txt (line 11)) (1.5.2)
2022-04-13T21:23:04.4863097Z Collecting platformdirs>=2
2022-04-13T21:23:04.4914059Z   Downloading platformdirs-2.5.1-py3-none-any.whl (14 kB)
2022-04-13T21:23:04.5917709Z Collecting lazy-object-proxy==1.4.*
2022-04-13T21:23:04.5968572Z   Downloading lazy_object_proxy-1.4.3-cp37-cp37m-manylinux1_x86_64.whl (56 kB)
2022-04-13T21:23:04.6022943Z      ━━━━━━━━━━━━━━━━━━━━━━━━━━━━━━━━━━━━━━━━ 56.5/56.5 KB 16.6 MB/s eta 0:00:00
2022-04-13T21:23:04.6933588Z Collecting typed-ast>=1.4.2
2022-04-13T21:23:04.7012945Z   Downloading typed_ast-1.4.3-cp37-cp37m-manylinux1_x86_64.whl (743 kB)
2022-04-13T21:23:04.7131600Z      ━━━━━━━━━━━━━━━━━━━━━━━━━━━━━━━━━━━━━━ 743.4/743.4 KB 80.3 MB/s eta 0:00:00
2022-04-13T21:23:04.8395511Z Collecting wrapt~=1.11
2022-04-13T21:23:04.8450360Z   Downloading wrapt-1.14.0-cp37-cp37m-manylinux_2_5_x86_64.manylinux1_x86_64.manylinux_2_17_x86_64.manylinux2014_x86_64.whl (75 kB)
2022-04-13T21:23:04.8508909Z      ━━━━━━━━━━━━━━━━━━━━━━━━━━━━━━━━━━━━━━━━ 75.2/75.2 KB 19.8 MB/s eta 0:00:00
2022-04-13T21:23:04.9184222Z Requirement already satisfied: zipp>=0.5 in /opt/hostedtoolcache/Python/3.7.12/x64/lib/python3.7/site-packages (from importlib-metadata>=0.12->pytest>=5.4.0->-r test-requirements.txt (line 4)) (3.8.0)
2022-04-13T21:23:05.0320080Z Collecting distlib<1,>=0.3.1
2022-04-13T21:23:05.0370832Z   Downloading distlib-0.3.4-py2.py3-none-any.whl (461 kB)
2022-04-13T21:23:05.0610665Z      ━━━━━━━━━━━━━━━━━━━━━━━━━━━━━━━━━━━━━━ 461.2/461.2 KB 21.4 MB/s eta 0:00:00
2022-04-13T21:23:05.0907566Z Collecting filelock<4,>=3.2
2022-04-13T21:23:05.0981673Z   Downloading filelock-3.6.0-py3-none-any.whl (10.0 kB)
2022-04-13T21:23:05.1681771Z Collecting pyparsing!=3.0.5,>=2.0.2
2022-04-13T21:23:05.1732787Z   Downloading pyparsing-3.0.8-py3-none-any.whl (98 kB)
2022-04-13T21:23:05.1795249Z      ━━━━━━━━━━━━━━━━━━━━━━━━━━━━━━━━━━━━━━━━ 98.5/98.5 KB 26.5 MB/s eta 0:00:00
2022-04-13T21:23:05.2332358Z Using legacy 'setup.py install' for coverage, since package 'wheel' is not installed.
2022-04-13T21:23:05.6540972Z Installing collected packages: typed-ast, pyflakes, pycodestyle, mccabe, iniconfig, distlib, coverage, wrapt, tomli, toml, pyparsing, platformdirs, pbr, pathspec, lazy-object-proxy, isort, flake8, filelock, virtualenv, pluggy, packaging, mock, black, astroid, tox, pytest, pylint, pytest-mock, pytest-cov, pytest-asyncio
2022-04-13T21:23:05.6543087Z   Attempting uninstall: typed-ast
2022-04-13T21:23:05.6545069Z     Found existing installation: typed-ast 1.5.2
2022-04-13T21:23:05.6593415Z     Uninstalling typed-ast-1.5.2:
2022-04-13T21:23:05.6603641Z       Successfully uninstalled typed-ast-1.5.2
2022-04-13T21:23:05.8308503Z   Running setup.py install for coverage: started
2022-04-13T21:23:10.1549344Z   Running setup.py install for coverage: finished with status 'done'
2022-04-13T21:23:10.1800871Z   Attempting uninstall: tomli
2022-04-13T21:23:10.1813254Z     Found existing installation: tomli 2.0.1
2022-04-13T21:23:10.1884563Z     Uninstalling tomli-2.0.1:
2022-04-13T21:23:10.1891394Z       Successfully uninstalled tomli-2.0.1
2022-04-13T21:23:11.3402894Z Successfully installed astroid-2.4.2 black-21.12b0 coverage-4.2 distlib-0.3.4 filelock-3.6.0 flake8-3.5.0 iniconfig-1.1.1 isort-5.10.1 lazy-object-proxy-1.4.3 mccabe-0.6.1 mock-2.0.0 packaging-21.3 pathspec-0.9.0 pbr-5.8.1 platformdirs-2.5.1 pluggy-0.13.1 pycodestyle-2.3.1 pyflakes-1.6.0 pylint-2.6.2 pyparsing-3.0.8 pytest-7.1.1 pytest-asyncio-0.18.3 pytest-cov-2.4.0 pytest-mock-3.7.0 toml-0.10.2 tomli-1.2.3 tox-2.6.0 typed-ast-1.4.3 virtualenv-20.14.1 wrapt-1.14.0
2022-04-13T21:23:11.8432705Z ~/work/mindmeld/mindmeld
2022-04-13T21:23:11.8483659Z ##[group]Run ./lintme
2022-04-13T21:23:11.8484130Z [36;1m./lintme[0m
2022-04-13T21:23:11.8535960Z shell: /usr/bin/bash -e {0}
2022-04-13T21:23:11.8536146Z env:
2022-04-13T21:23:11.8536381Z   pythonLocation: /opt/hostedtoolcache/Python/3.7.12/x64
2022-04-13T21:23:11.8536611Z ##[endgroup]
2022-04-13T21:23:12.4969150Z would reformat examples/whatsapp/whatsapp_bot_server.py
2022-04-13T21:23:12.5000417Z would reformat mindmeld/__init__.py
2022-04-13T21:23:12.6906701Z would reformat mindmeld/_util.py
2022-04-13T21:23:12.7786243Z would reformat mindmeld/active_learning/alp.py
2022-04-13T21:23:13.0922529Z would reformat mindmeld/active_learning/classifiers.py
2022-04-13T21:23:13.2153455Z would reformat mindmeld/active_learning/heuristics.py
2022-04-13T21:23:13.4337510Z would reformat mindmeld/app.py
2022-04-13T21:23:13.4568958Z would reformat mindmeld/app_manager.py
2022-04-13T21:23:13.8059299Z would reformat mindmeld/augmentation.py
2022-04-13T21:23:14.1298243Z would reformat mindmeld/auto_annotator.py
2022-04-13T21:23:14.5917468Z would reformat mindmeld/cli.py
2022-04-13T21:23:14.7483906Z would reformat mindmeld/components/_config.py
2022-04-13T21:23:15.0037743Z would reformat mindmeld/components/_util.py
2022-04-13T21:23:15.0856563Z would reformat mindmeld/components/_elasticsearch_helpers.py
2022-04-13T21:23:15.2358574Z would reformat mindmeld/components/classifier.py
2022-04-13T21:23:15.4276416Z would reformat mindmeld/components/entity_recognizer.py
2022-04-13T21:23:16.0749397Z would reformat mindmeld/components/dialogue.py
2022-04-13T21:23:16.1325543Z would reformat mindmeld/components/intent_classifier.py
2022-04-13T21:23:16.6333580Z would reformat mindmeld/components/entity_resolver.py
2022-04-13T21:23:17.1218967Z would reformat mindmeld/components/nlp.py
2022-04-13T21:23:17.2110822Z would reformat mindmeld/components/request.py
2022-04-13T21:23:17.4121207Z would reformat mindmeld/components/role_classifier.py
2022-04-13T21:23:17.7573249Z would reformat mindmeld/components/schemas.py
2022-04-13T21:23:17.9681338Z would reformat mindmeld/constants.py
2022-04-13T21:23:18.3478364Z would reformat mindmeld/converter/dialogflow.py
2022-04-13T21:23:18.8128066Z would reformat mindmeld/converter/rasa.py
2022-04-13T21:23:18.8675235Z would reformat mindmeld/components/question_answerer.py
2022-04-13T21:23:19.0700078Z would reformat mindmeld/gazetteer.py
2022-04-13T21:23:19.6132286Z would reformat mindmeld/core.py
2022-04-13T21:23:19.6294652Z would reformat mindmeld/models/__init__.py
2022-04-13T21:23:19.7340693Z would reformat mindmeld/markup.py
2022-04-13T21:23:19.9863411Z would reformat mindmeld/models/containers.py
2022-04-13T21:23:20.2448549Z would reformat mindmeld/models/features/entity_features.py
2022-04-13T21:23:20.3649803Z would reformat mindmeld/models/embedder_models.py
2022-04-13T21:23:20.5886662Z would reformat mindmeld/models/helpers.py
2022-04-13T21:23:20.6246611Z would reformat mindmeld/models/labels.py
2022-04-13T21:23:21.0454727Z would reformat mindmeld/models/features/query_features.py
2022-04-13T21:23:21.1149384Z would reformat mindmeld/models/model.py
2022-04-13T21:23:21.1185043Z would reformat mindmeld/models/model_factory.py
2022-04-13T21:23:21.1282646Z would reformat mindmeld/models/nn_utils/__init__.py
2022-04-13T21:23:21.2726088Z would reformat mindmeld/models/nn_utils/helpers.py
2022-04-13T21:23:21.5601509Z would reformat mindmeld/models/nn_utils/classification.py
2022-04-13T21:23:21.7975442Z would reformat mindmeld/models/nn_utils/layers.py
2022-04-13T21:23:21.9721628Z would reformat mindmeld/models/nn_utils/input_encoders.py
2022-04-13T21:23:22.1598667Z would reformat mindmeld/models/nn_utils/sequence_classification.py
2022-04-13T21:23:22.5587859Z would reformat mindmeld/models/nn_utils/token_classification.py
2022-04-13T21:23:22.6002194Z would reformat mindmeld/models/tagger_models.py
2022-04-13T21:23:22.7191684Z would reformat mindmeld/models/taggers/crf.py
2022-04-13T21:23:22.8677262Z would reformat mindmeld/models/taggers/memm.py
2022-04-13T21:23:23.1869618Z would reformat mindmeld/models/taggers/taggers.py
2022-04-13T21:23:23.3045802Z would reformat mindmeld/models/taggers/lstm.py
2022-04-13T21:23:23.5847518Z would reformat mindmeld/models/text_models.py
2022-04-13T21:23:23.7104864Z would reformat mindmeld/path.py
2022-04-13T21:23:23.7192746Z would reformat mindmeld/query_cache.py
2022-04-13T21:23:23.7979561Z would reformat mindmeld/query_factory.py
2022-04-13T21:23:23.8359217Z would reformat mindmeld/ser.py
2022-04-13T21:23:23.9797878Z would reformat mindmeld/server.py
2022-04-13T21:23:24.2976235Z would reformat mindmeld/system_entity_recognizer.py
2022-04-13T21:23:24.3456415Z would reformat mindmeld/resource_loader.py
2022-04-13T21:23:24.4893065Z would reformat mindmeld/text_preparation/stemmers.py
2022-04-13T21:23:24.4923479Z would reformat mindmeld/text_preparation/normalizers.py
2022-04-13T21:23:24.6259670Z would reformat mindmeld/text_preparation/tokenizers.py
2022-04-13T21:23:24.7091758Z would reformat setup.py
2022-04-13T21:23:24.8680826Z would reformat tests/active_learning/test_data_loading.py
2022-04-13T21:23:24.9288184Z would reformat mindmeld/text_preparation/text_preparation_pipeline.py
2022-04-13T21:23:25.2835181Z would reformat tests/components/test_custom_action.py
2022-04-13T21:23:25.3064014Z would reformat tests/components/test_dialogue.py
2022-04-13T21:23:25.5738960Z would reformat tests/components/test_entity_resolver.py
2022-04-13T21:23:26.1354203Z would reformat tests/components/test_question_answerer.py
2022-04-13T21:23:26.1909095Z would reformat tests/components/test_nlp.py
2022-04-13T21:23:26.2471845Z would reformat tests/components/test_role_classifier.py
2022-04-13T21:23:26.3437419Z would reformat tests/converter/test_rasa.py
2022-04-13T21:23:26.4106851Z would reformat tests/conftest.py
2022-04-13T21:23:26.5412971Z would reformat tests/kwik_e_mart/__init__.py
2022-04-13T21:23:26.5840738Z would reformat tests/kwik_e_mart/config.py
2022-04-13T21:23:26.8865282Z would reformat tests/models/nn_utils/test_layers.py
2022-04-13T21:23:27.2231349Z would reformat tests/models/nn_utils/test_sequence_classification_models.py
2022-04-13T21:23:27.3071434Z would reformat tests/models/test_embeddings.py
2022-04-13T21:23:27.3883642Z would reformat tests/models/test_model_factory.py
2022-04-13T21:23:27.5401591Z would reformat tests/models/nn_utils/test_token_classification_models.py
2022-04-13T21:23:27.6000989Z would reformat tests/test_app_manager_async.py
2022-04-13T21:23:27.6970881Z would reformat tests/test_augmentation.py
2022-04-13T21:23:28.0651261Z would reformat tests/test_core.py
2022-04-13T21:23:28.1116438Z would reformat tests/test_model_cache.py
2022-04-13T21:23:28.1705545Z would reformat tests/test_path.py
2022-04-13T21:23:28.2544939Z would reformat tests/test_query_cache.py
2022-04-13T21:23:28.6662768Z would reformat tests/test_markup.py
2022-04-13T21:23:28.6806961Z would reformat tests/test_query_features.py
2022-04-13T21:23:28.7536677Z would reformat tests/test_resource_loader.py
2022-04-13T21:23:28.8213358Z would reformat tests/test_request.py
2022-04-13T21:23:28.9085852Z would reformat tests/test_server.py
2022-04-13T21:23:29.1641418Z would reformat tests/test_ser.py
2022-04-13T21:23:29.2096102Z would reformat tests/text_preparation/test_normalizers.py
2022-04-13T21:23:29.5889524Z would reformat tests/text_preparation/test_tokenizers.py
2022-04-13T21:23:29.5969261Z Oh no! 💥 💔 💥
2022-04-13T21:23:29.5970052Z 94 files would be reformatted, 86 files would be left unchanged.
2022-04-13T21:23:30.1192630Z /opt/hostedtoolcache/Python/3.7.12/x64/lib/python3.7/site-packages/pycodestyle.py:113: FutureWarning: Possible nested set at position 1
2022-04-13T21:23:30.1194374Z   EXTRANEOUS_WHITESPACE_REGEX = re.compile(r'[[({] | []}),;:]')
2022-04-13T21:23:34.8391831Z mindmeld/constants.py:31:1: E302 expected 2 blank lines, found 1
2022-04-13T21:23:34.8392349Z mindmeld/augmentation.py:384:101: E501 line too long (105 > 100 characters)
2022-04-13T21:23:34.8392694Z mindmeld/augmentation.py:410:101: E501 line too long (109 > 100 characters)
2022-04-13T21:23:34.8393488Z mindmeld/augmentation.py:431:83: E226 missing whitespace around arithmetic operator
2022-04-13T21:23:34.8393928Z mindmeld/path.py:157:101: E501 line too long (105 > 100 characters)
2022-04-13T21:23:34.8394635Z mindmeld/models/model.py:63:1: F401 '.labels.LabelEncoder' imported but unused
2022-04-13T21:23:34.8395119Z mindmeld/models/model.py:63:1: F401 '.labels.EntityLabelEncoder' imported but unused
2022-04-13T21:23:34.8395553Z mindmeld/models/nn_utils/token_classification.py:314:9: E124 closing bracket does not match visual indentation
2022-04-13T21:23:34.8396874Z mindmeld/models/nn_utils/token_classification.py:418:9: E124 closing bracket does not match visual indentation
2022-04-13T21:23:34.8437711Z mindmeld/text_preparation/text_preparation_pipeline.py:378:90: W291 trailing whitespace
2022-04-13T21:23:34.8438254Z mindmeld/text_preparation/text_preparation_pipeline.py:903:101: E501 line too long (102 > 100 characters)
2022-04-13T21:23:34.8438786Z mindmeld/text_preparation/tokenizers.py:243:101: E501 line too long (108 > 100 characters)
2022-04-13T21:23:34.8439121Z mindmeld/text_preparation/tokenizers.py:297:101: E501 line too long (111 > 100 characters)
2022-04-13T21:23:34.8439468Z mindmeld/active_learning/heuristics.py:294:101: E501 line too long (111 > 100 characters)
2022-04-13T21:23:34.8439773Z mindmeld/active_learning/heuristics.py:295:101: E501 line too long (115 > 100 characters)
2022-04-13T21:23:34.8440094Z mindmeld/active_learning/results_manager.py:60:101: E501 line too long (101 > 100 characters)
2022-04-13T21:23:34.8440608Z mindmeld/active_learning/results_manager.py:88:41: E713 test for membership should be 'not in'
2022-04-13T21:23:34.8440943Z mindmeld/active_learning/results_manager.py:117:101: E501 line too long (101 > 100 characters)
2022-04-13T21:23:34.8441438Z mindmeld/active_learning/alp.py:69:101: E501 line too long (101 > 100 characters)
2022-04-13T21:23:34.8441738Z mindmeld/active_learning/alp.py:70:101: E501 line too long (107 > 100 characters)
2022-04-13T21:23:34.8442057Z mindmeld/active_learning/plot_manager.py:470:101: E501 line too long (102 > 100 characters)
2022-04-13T21:23:34.8442356Z tests/test_augmentation.py:51:101: E501 line too long (113 > 100 characters)
2022-04-13T21:23:34.8442659Z tests/test_augmentation.py:132:29: E225 missing whitespace around operator
2022-04-13T21:23:34.8443050Z tests/test_query_cache.py:16:1: F401 'hashlib.sha256' imported but unused
2022-04-13T21:23:34.8443365Z tests/test_model_cache.py:37:13: E131 continuation line unaligned for hanging indent
2022-04-13T21:23:34.8443676Z tests/test_model_cache.py:55:13: E131 continuation line unaligned for hanging indent
2022-04-13T21:23:34.8444014Z tests/components/test_role_classifier.py:87:13: E131 continuation line unaligned for hanging indent
2022-04-13T21:23:34.8444376Z tests/components/test_role_classifier.py:93:13: E131 continuation line unaligned for hanging indent
2022-04-13T21:23:34.8444729Z tests/components/test_role_classifier.py:112:13: E131 continuation line unaligned for hanging indent
2022-04-13T21:23:34.8445073Z tests/components/test_role_classifier.py:118:13: E131 continuation line unaligned for hanging indent
2022-04-13T21:23:34.8445411Z tests/text_preparation/test_tokenizers.py:27:101: E501 line too long (109 > 100 characters)
2022-04-13T21:24:40.0363270Z 
2022-04-13T21:24:40.0364660Z ------------------------------------
2022-04-13T21:24:40.0458551Z Your code has been rated at 10.00/10
2022-04-13T21:24:40.0458771Z 
2022-04-13T21:24:44.6015666Z ##[group]Run mindmeld num-parse
2022-04-13T21:24:44.6015979Z [36;1mmindmeld num-parse[0m
2022-04-13T21:24:44.6061442Z shell: /usr/bin/bash -e {0}
2022-04-13T21:24:44.6061646Z env:
2022-04-13T21:24:44.6061882Z   pythonLocation: /opt/hostedtoolcache/Python/3.7.12/x64
2022-04-13T21:24:44.6062118Z ##[endgroup]
2022-04-13T21:24:46.9280473Z Could not find /opt/hostedtoolcache/Python/3.7.12/x64/lib/python3.7/site-packages/mindmeld/resources/duckling-x86_64-linux-ubuntu-20 binary file, downloading from https://binaries.mindmeld.com/duckling/20211005/duckling-x86_64-linux-ubuntu-20
2022-04-13T21:24:47.2217182Z /opt/hostedtoolcache/Python/3.7.12/x64/lib/python3.7/site-packages/sklearn/feature_extraction/image.py:167: DeprecationWarning: `np.int` is a deprecated alias for the builtin `int`. To silence this warning, use `int` by itself. Doing this will not modify any behavior and is safe. When replacing `np.int`, you may wish to use e.g. `np.int64` or `np.int32` to specify the precision. If you wish to review your current use, check the release note link for additional information.
2022-04-13T21:24:47.2218502Z Deprecated in NumPy 1.20; for more details and guidance: https://numpy.org/devdocs/release/1.20.0-notes.html#deprecations
2022-04-13T21:24:47.2219713Z   dtype=np.int):
2022-04-13T21:24:47.2221853Z /opt/hostedtoolcache/Python/3.7.12/x64/lib/python3.7/site-packages/sklearn/feature_extraction/text.py:17: DeprecationWarning: Using or importing the ABCs from 'collections' instead of from 'collections.abc' is deprecated since Python 3.3,and in 3.9 it will stop working
2022-04-13T21:24:47.2223416Z   from collections import Mapping, defaultdict
2022-04-13T21:24:47.2225806Z /opt/hostedtoolcache/Python/3.7.12/x64/lib/python3.7/site-packages/sklearn/linear_model/least_angle.py:35: DeprecationWarning: `np.float` is a deprecated alias for the builtin `float`. To silence this warning, use `float` by itself. Doing this will not modify any behavior and is safe. If you specifically wanted the numpy scalar type, use `np.float64` here.
2022-04-13T21:24:47.2227824Z Deprecated in NumPy 1.20; for more details and guidance: https://numpy.org/devdocs/release/1.20.0-notes.html#deprecations
2022-04-13T21:24:47.2228742Z   eps=np.finfo(np.float).eps,
2022-04-13T21:24:47.2231346Z /opt/hostedtoolcache/Python/3.7.12/x64/lib/python3.7/site-packages/sklearn/linear_model/least_angle.py:597: DeprecationWarning: `np.float` is a deprecated alias for the builtin `float`. To silence this warning, use `float` by itself. Doing this will not modify any behavior and is safe. If you specifically wanted the numpy scalar type, use `np.float64` here.
2022-04-13T21:24:47.2233412Z Deprecated in NumPy 1.20; for more details and guidance: https://numpy.org/devdocs/release/1.20.0-notes.html#deprecations
2022-04-13T21:24:47.2234409Z   eps=np.finfo(np.float).eps, copy_X=True, fit_path=True,
2022-04-13T21:24:47.2237001Z /opt/hostedtoolcache/Python/3.7.12/x64/lib/python3.7/site-packages/sklearn/linear_model/least_angle.py:836: DeprecationWarning: `np.float` is a deprecated alias for the builtin `float`. To silence this warning, use `float` by itself. Doing this will not modify any behavior and is safe. If you specifically wanted the numpy scalar type, use `np.float64` here.
2022-04-13T21:24:47.2239091Z Deprecated in NumPy 1.20; for more details and guidance: https://numpy.org/devdocs/release/1.20.0-notes.html#deprecations
2022-04-13T21:24:47.2239994Z   eps=np.finfo(np.float).eps, copy_X=True, fit_path=True,
2022-04-13T21:24:47.2242259Z /opt/hostedtoolcache/Python/3.7.12/x64/lib/python3.7/site-packages/sklearn/linear_model/least_angle.py:862: DeprecationWarning: `np.float` is a deprecated alias for the builtin `float`. To silence this warning, use `float` by itself. Doing this will not modify any behavior and is safe. If you specifically wanted the numpy scalar type, use `np.float64` here.
2022-04-13T21:24:47.2244241Z Deprecated in NumPy 1.20; for more details and guidance: https://numpy.org/devdocs/release/1.20.0-notes.html#deprecations
2022-04-13T21:24:47.2245437Z   eps=np.finfo(np.float).eps, positive=False):
2022-04-13T21:24:47.2247662Z /opt/hostedtoolcache/Python/3.7.12/x64/lib/python3.7/site-packages/sklearn/linear_model/least_angle.py:1074: DeprecationWarning: `np.float` is a deprecated alias for the builtin `float`. To silence this warning, use `float` by itself. Doing this will not modify any behavior and is safe. If you specifically wanted the numpy scalar type, use `np.float64` here.
2022-04-13T21:24:47.2249704Z Deprecated in NumPy 1.20; for more details and guidance: https://numpy.org/devdocs/release/1.20.0-notes.html#deprecations
2022-04-13T21:24:47.2250673Z   max_n_alphas=1000, n_jobs=1, eps=np.finfo(np.float).eps,
2022-04-13T21:24:47.2252831Z /opt/hostedtoolcache/Python/3.7.12/x64/lib/python3.7/site-packages/sklearn/linear_model/least_angle.py:1306: DeprecationWarning: `np.float` is a deprecated alias for the builtin `float`. To silence this warning, use `float` by itself. Doing this will not modify any behavior and is safe. If you specifically wanted the numpy scalar type, use `np.float64` here.
2022-04-13T21:24:47.2253656Z Deprecated in NumPy 1.20; for more details and guidance: https://numpy.org/devdocs/release/1.20.0-notes.html#deprecations
2022-04-13T21:24:47.2254106Z   max_n_alphas=1000, n_jobs=1, eps=np.finfo(np.float).eps,
2022-04-13T21:24:47.2254955Z /opt/hostedtoolcache/Python/3.7.12/x64/lib/python3.7/site-packages/sklearn/linear_model/least_angle.py:1442: DeprecationWarning: `np.float` is a deprecated alias for the builtin `float`. To silence this warning, use `float` by itself. Doing this will not modify any behavior and is safe. If you specifically wanted the numpy scalar type, use `np.float64` here.
2022-04-13T21:24:47.2255751Z Deprecated in NumPy 1.20; for more details and guidance: https://numpy.org/devdocs/release/1.20.0-notes.html#deprecations
2022-04-13T21:24:47.2256156Z   eps=np.finfo(np.float).eps, copy_X=True, positive=False):
2022-04-13T21:24:47.2257560Z /opt/hostedtoolcache/Python/3.7.12/x64/lib/python3.7/site-packages/sklearn/linear_model/randomized_l1.py:152: DeprecationWarning: `np.float` is a deprecated alias for the builtin `float`. To silence this warning, use `float` by itself. Doing this will not modify any behavior and is safe. If you specifically wanted the numpy scalar type, use `np.float64` here.
2022-04-13T21:24:47.2258491Z Deprecated in NumPy 1.20; for more details and guidance: https://numpy.org/devdocs/release/1.20.0-notes.html#deprecations
2022-04-13T21:24:47.2258848Z   precompute=False, eps=np.finfo(np.float).eps,
2022-04-13T21:24:47.2259721Z /opt/hostedtoolcache/Python/3.7.12/x64/lib/python3.7/site-packages/sklearn/linear_model/randomized_l1.py:318: DeprecationWarning: `np.float` is a deprecated alias for the builtin `float`. To silence this warning, use `float` by itself. Doing this will not modify any behavior and is safe. If you specifically wanted the numpy scalar type, use `np.float64` here.
2022-04-13T21:24:47.2260563Z Deprecated in NumPy 1.20; for more details and guidance: https://numpy.org/devdocs/release/1.20.0-notes.html#deprecations
2022-04-13T21:24:47.2260955Z   eps=np.finfo(np.float).eps, random_state=None,
2022-04-13T21:24:47.2261802Z /opt/hostedtoolcache/Python/3.7.12/x64/lib/python3.7/site-packages/sklearn/linear_model/randomized_l1.py:575: DeprecationWarning: `np.float` is a deprecated alias for the builtin `float`. To silence this warning, use `float` by itself. Doing this will not modify any behavior and is safe. If you specifically wanted the numpy scalar type, use `np.float64` here.
2022-04-13T21:24:47.2262595Z Deprecated in NumPy 1.20; for more details and guidance: https://numpy.org/devdocs/release/1.20.0-notes.html#deprecations
2022-04-13T21:24:47.2263303Z   eps=4 * np.finfo(np.float).eps, n_jobs=1,
2022-04-13T21:24:47.2264246Z /opt/hostedtoolcache/Python/3.7.12/x64/lib/python3.7/site-packages/sklearn/ensemble/weight_boosting.py:29: DeprecationWarning: numpy.core.umath_tests is an internal NumPy module and should not be imported. It will be removed in a future NumPy release.
2022-04-13T21:24:47.2264854Z   from numpy.core.umath_tests import inner1d
2022-04-13T21:24:47.2265714Z /opt/hostedtoolcache/Python/3.7.12/x64/lib/python3.7/site-packages/sklearn/ensemble/gradient_boosting.py:34: DeprecationWarning: `np.bool` is a deprecated alias for the builtin `bool`. To silence this warning, use `bool` by itself. Doing this will not modify any behavior and is safe. If you specifically wanted the numpy scalar type, use `np.bool_` here.
2022-04-13T21:24:47.2266525Z Deprecated in NumPy 1.20; for more details and guidance: https://numpy.org/devdocs/release/1.20.0-notes.html#deprecations
2022-04-13T21:24:47.2267005Z   from ._gradient_boosting import predict_stages
2022-04-13T21:24:47.2267885Z /opt/hostedtoolcache/Python/3.7.12/x64/lib/python3.7/site-packages/sklearn/ensemble/gradient_boosting.py:34: DeprecationWarning: `np.bool` is a deprecated alias for the builtin `bool`. To silence this warning, use `bool` by itself. Doing this will not modify any behavior and is safe. If you specifically wanted the numpy scalar type, use `np.bool_` here.
2022-04-13T21:24:47.2269088Z Deprecated in NumPy 1.20; for more details and guidance: https://numpy.org/devdocs/release/1.20.0-notes.html#deprecations
2022-04-13T21:24:47.2269512Z   from ._gradient_boosting import predict_stages
2022-04-13T21:24:47.2269724Z 
2022-04-13T21:24:47.3244618Z   0%|          | 0.00/27.1k [00:00<?, ?KB/s]
2022-04-13T21:24:47.5321740Z  22%|██▏       | 5.88k/27.1k [00:00<00:00, 58.8kKB/s]
2022-04-13T21:24:47.6340802Z  43%|████▎     | 11.8k/27.1k [00:00<00:00, 36.0kKB/s]
2022-04-13T21:24:47.7340417Z  60%|██████    | 16.4k/27.1k [00:00<00:00, 39.2kKB/s]
2022-04-13T21:24:48.1092112Z  83%|████████▎ | 22.5k/27.1k [00:00<00:00, 46.4kKB/s]
2022-04-13T21:24:48.1936555Z Starting numerical parsing service, PID 2782
2022-04-13T21:24:48.1939638Z 27.1kKB [00:00, 30.7kKB/s]                           
2022-04-13T21:24:48.5779538Z Listening on http://0.0.0.0:7151
2022-04-13T21:24:53.3936351Z ##[group]Run jakejarvis/wait-action@master
2022-04-13T21:24:53.3936871Z with:
2022-04-13T21:24:53.3937223Z   time: 30s
2022-04-13T21:24:53.3937594Z env:
2022-04-13T21:24:53.3938124Z   pythonLocation: /opt/hostedtoolcache/Python/3.7.12/x64
2022-04-13T21:24:53.3938657Z ##[endgroup]
2022-04-13T21:24:53.3948963Z ##[command]/usr/bin/docker run --name bcf09f8289fdbb02244bb90c7e7839956c23a_db8743 --label 2bcf09 --workdir /github/workspace --rm -e pythonLocation -e INPUT_TIME -e HOME -e GITHUB_JOB -e GITHUB_REF -e GITHUB_SHA -e GITHUB_REPOSITORY -e GITHUB_REPOSITORY_OWNER -e GITHUB_RUN_ID -e GITHUB_RUN_NUMBER -e GITHUB_RETENTION_DAYS -e GITHUB_RUN_ATTEMPT -e GITHUB_ACTOR -e GITHUB_WORKFLOW -e GITHUB_HEAD_REF -e GITHUB_BASE_REF -e GITHUB_EVENT_NAME -e GITHUB_SERVER_URL -e GITHUB_API_URL -e GITHUB_GRAPHQL_URL -e GITHUB_REF_NAME -e GITHUB_REF_PROTECTED -e GITHUB_REF_TYPE -e GITHUB_WORKSPACE -e GITHUB_ACTION -e GITHUB_EVENT_PATH -e GITHUB_ACTION_REPOSITORY -e GITHUB_ACTION_REF -e GITHUB_PATH -e GITHUB_ENV -e GITHUB_STEP_SUMMARY -e RUNNER_OS -e RUNNER_ARCH -e RUNNER_NAME -e RUNNER_TOOL_CACHE -e RUNNER_TEMP -e RUNNER_WORKSPACE -e ACTIONS_RUNTIME_URL -e ACTIONS_RUNTIME_TOKEN -e ACTIONS_CACHE_URL -e GITHUB_ACTIONS=true -e CI=true -v "/var/run/docker.sock":"/var/run/docker.sock" -v "/home/runner/work/_temp/_github_home":"/github/home" -v "/home/runner/work/_temp/_github_workflow":"/github/workflow" -v "/home/runner/work/_temp/_runner_file_commands":"/github/file_commands" -v "/home/runner/work/mindmeld/mindmeld":"/github/workspace" 2bcf09:f8289fdbb02244bb90c7e7839956c23a
2022-04-13T21:24:53.7620895Z Sleeping for 30s...
2022-04-13T21:25:23.7630782Z Time to wake up!
2022-04-13T21:25:23.8959333Z ##[group]Run mkdir ~/test-reports
2022-04-13T21:25:23.8959683Z [36;1mmkdir ~/test-reports[0m
2022-04-13T21:25:23.8960118Z [36;1mpytest --junitxml=~/test-reports/junit.xml --cov-report html --cov=mindmeld --ignore=examples/[0m
2022-04-13T21:25:23.9008368Z shell: /usr/bin/bash -e {0}
2022-04-13T21:25:23.9008580Z env:
2022-04-13T21:25:23.9008802Z   pythonLocation: /opt/hostedtoolcache/Python/3.7.12/x64
2022-04-13T21:25:23.9009190Z   MM_EXTRAS: false
2022-04-13T21:25:23.9009379Z   MM_SUBPROCESS_COUNT: 0
2022-04-13T21:25:23.9009569Z ##[endgroup]
2022-04-13T21:25:28.2105625Z ============================= test session starts ==============================
2022-04-13T21:25:28.2106417Z platform linux -- Python 3.7.12, pytest-7.1.1, pluggy-0.13.1
2022-04-13T21:25:28.2106817Z rootdir: /home/runner/work/mindmeld/mindmeld, configfile: pytest.ini
2022-04-13T21:25:28.2107244Z plugins: asyncio-0.18.3, mock-3.7.0, cov-2.4.0
2022-04-13T21:25:28.2107524Z asyncio: mode=legacy
2022-04-13T21:25:28.2107823Z collected 871 items
2022-04-13T21:25:28.2107974Z 
2022-04-13T21:26:01.9267522Z tests/test_app_manager.py ..                                             [  0%]
2022-04-13T21:26:02.2115149Z tests/test_app_manager_async.py .                                        [  0%]
2022-04-13T21:26:02.2238798Z tests/test_augmentation.py ssssssss                                      [  1%]
2022-04-13T21:26:46.5389747Z tests/test_auto_annotator.py ........................................... [  6%]
2022-04-13T21:29:47.3647224Z ........................................................................ [ 14%]
2022-04-13T21:29:59.1999272Z ...                                                                      [ 14%]
2022-04-13T21:29:59.2177924Z tests/test_cli.py ....                                                   [ 15%]
2022-04-13T21:29:59.4704943Z tests/test_conversation.py .                                             [ 15%]
2022-04-13T21:30:16.9836822Z tests/test_core.py ...............................F.......               [ 19%]
2022-04-13T21:30:27.4997855Z tests/test_custom_features.py .                                          [ 19%]
2022-04-13T21:30:55.2320216Z tests/test_entity_features.py ....                                       [ 20%]
2022-04-13T21:30:55.2497309Z tests/test_get_app.py ......                                             [ 21%]
2022-04-13T21:30:55.2707334Z tests/test_hasher.py .....                                               [ 21%]
2022-04-13T21:30:57.7596634Z tests/test_markup.py ................................................... [ 27%]
2022-04-13T21:30:57.7599348Z                                                                          [ 27%]
2022-04-13T21:32:13.9595347Z tests/test_model_cache.py ..                                             [ 27%]
2022-04-13T21:32:13.9844754Z tests/test_path.py ...........                                           [ 29%]
2022-04-13T21:32:14.5891534Z tests/test_query_cache.py ...                                            [ 29%]
2022-04-13T21:35:52.1186292Z tests/test_query_features.py ...............................             [ 32%]
2022-04-13T21:35:52.1423162Z tests/test_request.py ............                                       [ 34%]
2022-04-13T21:36:16.2358718Z tests/test_resource_loader.py ...                                        [ 34%]
2022-04-13T21:36:16.7010668Z tests/test_ser.py ...................................................    [ 40%]
2022-04-13T21:36:17.2614716Z tests/test_server.py ......                                              [ 41%]
2022-04-13T21:36:54.7390426Z tests/active_learning/test_classifiers.py ......                         [ 41%]
2022-04-13T21:37:18.2157473Z tests/active_learning/test_data_loading.py .......                       [ 42%]
2022-04-13T21:37:18.2396418Z tests/active_learning/test_heuristics.py .........                       [ 43%]
2022-04-13T21:37:18.2435097Z tests/active_learning/test_plot_manager.py sss                           [ 44%]
2022-04-13T21:37:20.1256234Z tests/components/test_auto_fill.py ............                          [ 45%]
2022-04-13T21:37:20.1439163Z tests/components/test_config.py ..........                               [ 46%]
2022-04-13T21:37:40.0525272Z tests/components/test_custom_action.py ..........                        [ 47%]
2022-04-13T21:37:40.1508519Z tests/components/test_dialogue.py ............................           [ 50%]
2022-04-13T21:37:40.2958135Z tests/components/test_dialogue_async.py ....................             [ 53%]
2022-04-13T21:37:40.4181463Z tests/components/test_dialogue_flow.py ......                            [ 53%]
2022-04-13T21:37:44.7140203Z tests/components/test_domain_classifier.py ..                            [ 54%]
2022-04-13T21:37:53.3299615Z tests/components/test_entity_recognizer.py ..                            [ 54%]
2022-04-13T21:37:53.5783461Z tests/components/test_entity_resolver.py ..s.....s....                   [ 55%]
2022-04-13T21:38:44.2773914Z tests/components/test_intent_classifier.py ...                           [ 56%]
2022-04-13T21:41:26.4226755Z tests/components/test_nlp.py ....s...................................... [ 61%]
2022-04-13T21:41:50.0547826Z ..........................                                               [ 64%]
2022-04-13T21:41:52.8782405Z tests/components/test_parser.py ...............                          [ 65%]
2022-04-13T21:42:00.3800347Z tests/components/test_question_answerer.py ........ss.......ss...s       [ 68%]
2022-04-13T21:42:29.7193863Z tests/components/test_role_classifier.py .....                           [ 69%]
2022-04-13T21:42:29.7515827Z tests/components/test_schemas.py ...................                     [ 71%]
2022-04-13T21:42:29.7530446Z tests/converter/test_df_converter.py s                                   [ 71%]
2022-04-13T21:42:49.7594095Z tests/converter/test_rasa.py ............                                [ 72%]
2022-04-13T21:46:15.6493298Z tests/models/test_embeddings.py xssXs                                    [ 73%]
2022-04-13T21:46:15.6643632Z tests/models/test_helpers.py ...                                         [ 73%]
2022-04-13T21:46:15.6724335Z tests/models/test_model_factory.py .sss.s                                [ 74%]
2022-04-13T21:46:18.1153057Z tests/models/test_tagging.py ...............................s            [ 78%]
2022-04-13T21:46:18.5121136Z tests/models/test_text_models.py ....                                    [ 78%]
2022-04-13T21:46:18.5187600Z tests/models/nn_utils/test_layers.py sssss                               [ 79%]
2022-04-13T21:46:18.5342157Z tests/models/nn_utils/test_sequence_classification_models.py sssssssssss [ 80%]
2022-04-13T21:46:18.5433253Z sssssss                                                                  [ 81%]
2022-04-13T21:46:18.5620268Z tests/models/nn_utils/test_token_classification_models.py ssssssssssssss [ 82%]
2022-04-13T21:46:18.5633391Z s                                                                        [ 82%]
2022-04-13T21:46:18.6259299Z tests/text_preparation/test_normalizers.py ............................. [ 86%]
2022-04-13T21:46:18.8413176Z ..........................................                               [ 91%]
2022-04-13T21:46:18.8798400Z tests/text_preparation/test_preprocessor.py ...                          [ 91%]
2022-04-13T21:46:22.8470891Z tests/text_preparation/test_spacy_model_factory.py ......                [ 92%]
2022-04-13T21:46:23.1248225Z tests/text_preparation/test_stemmers.py ................................ [ 95%]
2022-04-13T21:46:23.1473760Z ......                                                                   [ 96%]
2022-04-13T21:46:27.0976720Z tests/text_preparation/test_text_preparation_pipeline.py ..........      [ 97%]
2022-04-13T21:46:50.3085338Z tests/text_preparation/test_tokenizers.py .....................          [100%]
2022-04-13T21:46:50.3085816Z 
2022-04-13T21:46:50.3086090Z =================================== FAILURES ===================================
2022-04-13T21:46:50.3144703Z _ test_sys_entities_normalized_token_span[ok 2:30pm now-valid_spans10-sys_time] _
2022-04-13T21:46:50.3145045Z 
2022-04-13T21:46:50.3145396Z query_factory = <QueryFactory id: 140589286007696>, raw_query = 'ok 2:30pm now'
2022-04-13T21:46:50.3145878Z valid_spans = {(1, 1), (2, 2)}, entity_type = 'sys_time'
2022-04-13T21:46:50.3146078Z 
2022-04-13T21:46:50.3146224Z     @pytest.mark.parametrize(
2022-04-13T21:46:50.3146668Z         "raw_query,valid_spans,entity_type",
2022-04-13T21:46:50.3146947Z         [
2022-04-13T21:46:50.3147322Z             ("3456$", {(0, 0)}, 'sys_amount-of-money'),
2022-04-13T21:46:50.3147743Z             ("ok 3456$ now", {(1, 1)}, 'sys_amount-of-money'),
2022-04-13T21:46:50.3148173Z             ("skk 3456$", {(1, 1)}, 'sys_amount-of-money'),
2022-04-13T21:46:50.3148606Z             ("$23.45", {(0, 0)}, 'sys_amount-of-money'),
2022-04-13T21:46:50.3149142Z             ("ok $23.45 now", {(1, 1)}, 'sys_amount-of-money'),
2022-04-13T21:46:50.3149561Z             ("skk $23.45", {(1, 1)}, 'sys_amount-of-money'),
2022-04-13T21:46:50.3149950Z             ("7:30", {(0, 0)}, 'sys_time'),
2022-04-13T21:46:50.3150340Z             ("ok 7:30 now", {(1, 1), (2, 2)}, 'sys_time'),
2022-04-13T21:46:50.3150703Z             ("skk 7:30", {(1, 1)}, 'sys_time'),
2022-04-13T21:46:50.3151065Z             ("2:30pm", {(0, 0)}, 'sys_time'),
2022-04-13T21:46:50.3151563Z             ("ok 2:30pm now", {(1, 1), (2, 2)}, 'sys_time'),
2022-04-13T21:46:50.3151933Z             ("skk 2:30pm", {(1, 1)}, 'sys_time'),
2022-04-13T21:46:50.3152330Z             ("2.00 am", {(0, 0), (0, 1), (1, 1)}, 'sys_time'),
2022-04-13T21:46:50.3152762Z             ("ok 2.00 am now", {(1, 1), (1, 2), (2, 2), (3, 3)}, 'sys_time'),
2022-04-13T21:46:50.3153285Z             ("skk 2.00 am", {(1, 1), (1, 2), (2, 2)}, 'sys_time'),
2022-04-13T21:46:50.3153719Z             ("$20 5", {(1, 1), (0, 0), (0, 1)}, 'sys_amount-of-money'),
2022-04-13T21:46:50.3154190Z             ("ok cool $20 5", {(3, 3), (2, 2), (2, 3)}, 'sys_amount-of-money'),
2022-04-13T21:46:50.3169330Z             ("1時間のミーティングを30分後から予約", {(0,1), (5,6)}, 'sys_duration'),
2022-04-13T21:46:50.3169609Z         ],
2022-04-13T21:46:50.3169829Z     )
2022-04-13T21:46:50.3170200Z     def test_sys_entities_normalized_token_span(query_factory, raw_query, valid_spans, entity_type):
2022-04-13T21:46:50.3170622Z         query = query_factory.create_query(raw_query)
2022-04-13T21:46:50.3171004Z         values = query.get_system_entity_candidates({entity_type})
2022-04-13T21:46:50.3171330Z         for val in values:
2022-04-13T21:46:50.3171627Z             span = val.normalized_token_span
2022-04-13T21:46:50.3171956Z >           assert (span.start, span.end) in valid_spans
2022-04-13T21:46:50.3172277Z E           assert (1, 2) in {(1, 1), (2, 2)}
2022-04-13T21:46:50.3172637Z 
2022-04-13T21:46:50.3172783Z tests/test_core.py:430: AssertionError
2022-04-13T21:46:50.3173110Z =============================== warnings summary ===============================
2022-04-13T21:46:50.3173759Z ../../../../../opt/hostedtoolcache/Python/3.7.12/x64/lib/python3.7/site-packages/sklearn/feature_extraction/image.py:167
2022-04-13T21:46:50.3175309Z   /opt/hostedtoolcache/Python/3.7.12/x64/lib/python3.7/site-packages/sklearn/feature_extraction/image.py:167: DeprecationWarning: `np.int` is a deprecated alias for the builtin `int`. To silence this warning, use `int` by itself. Doing this will not modify any behavior and is safe. When replacing `np.int`, you may wish to use e.g. `np.int64` or `np.int32` to specify the precision. If you wish to review your current use, check the release note link for additional information.
2022-04-13T21:46:50.3176539Z   Deprecated in NumPy 1.20; for more details and guidance: https://numpy.org/devdocs/release/1.20.0-notes.html#deprecations
2022-04-13T21:46:50.3176955Z     dtype=np.int):
2022-04-13T21:46:50.3177112Z 
2022-04-13T21:46:50.3177515Z ../../../../../opt/hostedtoolcache/Python/3.7.12/x64/lib/python3.7/site-packages/sklearn/feature_extraction/text.py:17
2022-04-13T21:46:50.3178710Z   /opt/hostedtoolcache/Python/3.7.12/x64/lib/python3.7/site-packages/sklearn/feature_extraction/text.py:17: DeprecationWarning: Using or importing the ABCs from 'collections' instead of from 'collections.abc' is deprecated since Python 3.3,and in 3.9 it will stop working
2022-04-13T21:46:50.3179389Z     from collections import Mapping, defaultdict
2022-04-13T21:46:50.3179600Z 
2022-04-13T21:46:50.3180021Z ../../../../../opt/hostedtoolcache/Python/3.7.12/x64/lib/python3.7/site-packages/sklearn/linear_model/least_angle.py:35
2022-04-13T21:46:50.3181274Z   /opt/hostedtoolcache/Python/3.7.12/x64/lib/python3.7/site-packages/sklearn/linear_model/least_angle.py:35: DeprecationWarning: `np.float` is a deprecated alias for the builtin `float`. To silence this warning, use `float` by itself. Doing this will not modify any behavior and is safe. If you specifically wanted the numpy scalar type, use `np.float64` here.
2022-04-13T21:46:50.3182310Z   Deprecated in NumPy 1.20; for more details and guidance: https://numpy.org/devdocs/release/1.20.0-notes.html#deprecations
2022-04-13T21:46:50.3182752Z     eps=np.finfo(np.float).eps,
2022-04-13T21:46:50.3182933Z 
2022-04-13T21:46:50.3183350Z ../../../../../opt/hostedtoolcache/Python/3.7.12/x64/lib/python3.7/site-packages/sklearn/linear_model/least_angle.py:597
2022-04-13T21:46:50.3184613Z   /opt/hostedtoolcache/Python/3.7.12/x64/lib/python3.7/site-packages/sklearn/linear_model/least_angle.py:597: DeprecationWarning: `np.float` is a deprecated alias for the builtin `float`. To silence this warning, use `float` by itself. Doing this will not modify any behavior and is safe. If you specifically wanted the numpy scalar type, use `np.float64` here.
2022-04-13T21:46:50.3185655Z   Deprecated in NumPy 1.20; for more details and guidance: https://numpy.org/devdocs/release/1.20.0-notes.html#deprecations
2022-04-13T21:46:50.3186124Z     eps=np.finfo(np.float).eps, copy_X=True, fit_path=True,
2022-04-13T21:46:50.3186338Z 
2022-04-13T21:46:50.3186755Z ../../../../../opt/hostedtoolcache/Python/3.7.12/x64/lib/python3.7/site-packages/sklearn/linear_model/least_angle.py:836
2022-04-13T21:46:50.3188019Z   /opt/hostedtoolcache/Python/3.7.12/x64/lib/python3.7/site-packages/sklearn/linear_model/least_angle.py:836: DeprecationWarning: `np.float` is a deprecated alias for the builtin `float`. To silence this warning, use `float` by itself. Doing this will not modify any behavior and is safe. If you specifically wanted the numpy scalar type, use `np.float64` here.
2022-04-13T21:46:50.3189056Z   Deprecated in NumPy 1.20; for more details and guidance: https://numpy.org/devdocs/release/1.20.0-notes.html#deprecations
2022-04-13T21:46:50.3189523Z     eps=np.finfo(np.float).eps, copy_X=True, fit_path=True,
2022-04-13T21:46:50.3189737Z 
2022-04-13T21:46:50.3190158Z ../../../../../opt/hostedtoolcache/Python/3.7.12/x64/lib/python3.7/site-packages/sklearn/linear_model/least_angle.py:862
2022-04-13T21:46:50.3191508Z   /opt/hostedtoolcache/Python/3.7.12/x64/lib/python3.7/site-packages/sklearn/linear_model/least_angle.py:862: DeprecationWarning: `np.float` is a deprecated alias for the builtin `float`. To silence this warning, use `float` by itself. Doing this will not modify any behavior and is safe. If you specifically wanted the numpy scalar type, use `np.float64` here.
2022-04-13T21:46:50.3192534Z   Deprecated in NumPy 1.20; for more details and guidance: https://numpy.org/devdocs/release/1.20.0-notes.html#deprecations
2022-04-13T21:46:50.3193176Z     eps=np.finfo(np.float).eps, positive=False):
2022-04-13T21:46:50.3193527Z 
2022-04-13T21:46:50.3193976Z ../../../../../opt/hostedtoolcache/Python/3.7.12/x64/lib/python3.7/site-packages/sklearn/linear_model/least_angle.py:1074
2022-04-13T21:46:50.3195342Z   /opt/hostedtoolcache/Python/3.7.12/x64/lib/python3.7/site-packages/sklearn/linear_model/least_angle.py:1074: DeprecationWarning: `np.float` is a deprecated alias for the builtin `float`. To silence this warning, use `float` by itself. Doing this will not modify any behavior and is safe. If you specifically wanted the numpy scalar type, use `np.float64` here.
2022-04-13T21:46:50.3196843Z   Deprecated in NumPy 1.20; for more details and guidance: https://numpy.org/devdocs/release/1.20.0-notes.html#deprecations
2022-04-13T21:46:50.3197334Z     max_n_alphas=1000, n_jobs=1, eps=np.finfo(np.float).eps,
2022-04-13T21:46:50.3197549Z 
2022-04-13T21:46:50.3197973Z ../../../../../opt/hostedtoolcache/Python/3.7.12/x64/lib/python3.7/site-packages/sklearn/linear_model/least_angle.py:1306
2022-04-13T21:46:50.3199211Z   /opt/hostedtoolcache/Python/3.7.12/x64/lib/python3.7/site-packages/sklearn/linear_model/least_angle.py:1306: DeprecationWarning: `np.float` is a deprecated alias for the builtin `float`. To silence this warning, use `float` by itself. Doing this will not modify any behavior and is safe. If you specifically wanted the numpy scalar type, use `np.float64` here.
2022-04-13T21:46:50.3200333Z   Deprecated in NumPy 1.20; for more details and guidance: https://numpy.org/devdocs/release/1.20.0-notes.html#deprecations
2022-04-13T21:46:50.3201055Z     max_n_alphas=1000, n_jobs=1, eps=np.finfo(np.float).eps,
2022-04-13T21:46:50.3201353Z 
2022-04-13T21:46:50.3201784Z ../../../../../opt/hostedtoolcache/Python/3.7.12/x64/lib/python3.7/site-packages/sklearn/linear_model/least_angle.py:1442
2022-04-13T21:46:50.3203047Z   /opt/hostedtoolcache/Python/3.7.12/x64/lib/python3.7/site-packages/sklearn/linear_model/least_angle.py:1442: DeprecationWarning: `np.float` is a deprecated alias for the builtin `float`. To silence this warning, use `float` by itself. Doing this will not modify any behavior and is safe. If you specifically wanted the numpy scalar type, use `np.float64` here.
2022-04-13T21:46:50.3204065Z   Deprecated in NumPy 1.20; for more details and guidance: https://numpy.org/devdocs/release/1.20.0-notes.html#deprecations
2022-04-13T21:46:50.3204553Z     eps=np.finfo(np.float).eps, copy_X=True, positive=False):
2022-04-13T21:46:50.3204773Z 
2022-04-13T21:46:50.3205196Z ../../../../../opt/hostedtoolcache/Python/3.7.12/x64/lib/python3.7/site-packages/sklearn/linear_model/randomized_l1.py:152
2022-04-13T21:46:50.3206458Z   /opt/hostedtoolcache/Python/3.7.12/x64/lib/python3.7/site-packages/sklearn/linear_model/randomized_l1.py:152: DeprecationWarning: `np.float` is a deprecated alias for the builtin `float`. To silence this warning, use `float` by itself. Doing this will not modify any behavior and is safe. If you specifically wanted the numpy scalar type, use `np.float64` here.
2022-04-13T21:46:50.3207490Z   Deprecated in NumPy 1.20; for more details and guidance: https://numpy.org/devdocs/release/1.20.0-notes.html#deprecations
2022-04-13T21:46:50.3207985Z     precompute=False, eps=np.finfo(np.float).eps,
2022-04-13T21:46:50.3208189Z 
2022-04-13T21:46:50.3208613Z ../../../../../opt/hostedtoolcache/Python/3.7.12/x64/lib/python3.7/site-packages/sklearn/linear_model/randomized_l1.py:318
2022-04-13T21:46:50.3210002Z   /opt/hostedtoolcache/Python/3.7.12/x64/lib/python3.7/site-packages/sklearn/linear_model/randomized_l1.py:318: DeprecationWarning: `np.float` is a deprecated alias for the builtin `float`. To silence this warning, use `float` by itself. Doing this will not modify any behavior and is safe. If you specifically wanted the numpy scalar type, use `np.float64` here.
2022-04-13T21:46:50.3211045Z   Deprecated in NumPy 1.20; for more details and guidance: https://numpy.org/devdocs/release/1.20.0-notes.html#deprecations
2022-04-13T21:46:50.3211514Z     eps=np.finfo(np.float).eps, random_state=None,
2022-04-13T21:46:50.3211722Z 
2022-04-13T21:46:50.3212126Z ../../../../../opt/hostedtoolcache/Python/3.7.12/x64/lib/python3.7/site-packages/sklearn/linear_model/randomized_l1.py:575
2022-04-13T21:46:50.3213393Z   /opt/hostedtoolcache/Python/3.7.12/x64/lib/python3.7/site-packages/sklearn/linear_model/randomized_l1.py:575: DeprecationWarning: `np.float` is a deprecated alias for the builtin `float`. To silence this warning, use `float` by itself. Doing this will not modify any behavior and is safe. If you specifically wanted the numpy scalar type, use `np.float64` here.
2022-04-13T21:46:50.3214498Z   Deprecated in NumPy 1.20; for more details and guidance: https://numpy.org/devdocs/release/1.20.0-notes.html#deprecations
2022-04-13T21:46:50.3214957Z     eps=4 * np.finfo(np.float).eps, n_jobs=1,
2022-04-13T21:46:50.3215148Z 
2022-04-13T21:46:50.3215575Z ../../../../../opt/hostedtoolcache/Python/3.7.12/x64/lib/python3.7/site-packages/sklearn/ensemble/weight_boosting.py:29
2022-04-13T21:46:50.3216597Z   /opt/hostedtoolcache/Python/3.7.12/x64/lib/python3.7/site-packages/sklearn/ensemble/weight_boosting.py:29: DeprecationWarning: numpy.core.umath_tests is an internal NumPy module and should not be imported. It will be removed in a future NumPy release.
2022-04-13T21:46:50.3217235Z     from numpy.core.umath_tests import inner1d
2022-04-13T21:46:50.3217439Z 
2022-04-13T21:46:50.3217857Z ../../../../../opt/hostedtoolcache/Python/3.7.12/x64/lib/python3.7/site-packages/sklearn/ensemble/gradient_boosting.py:34
2022-04-13T21:46:50.3218558Z ../../../../../opt/hostedtoolcache/Python/3.7.12/x64/lib/python3.7/site-packages/sklearn/ensemble/gradient_boosting.py:34
2022-04-13T21:46:50.3219799Z   /opt/hostedtoolcache/Python/3.7.12/x64/lib/python3.7/site-packages/sklearn/ensemble/gradient_boosting.py:34: DeprecationWarning: `np.bool` is a deprecated alias for the builtin `bool`. To silence this warning, use `bool` by itself. Doing this will not modify any behavior and is safe. If you specifically wanted the numpy scalar type, use `np.bool_` here.
2022-04-13T21:46:50.3220835Z   Deprecated in NumPy 1.20; for more details and guidance: https://numpy.org/devdocs/release/1.20.0-notes.html#deprecations
2022-04-13T21:46:50.3221306Z     from ._gradient_boosting import predict_stages
2022-04-13T21:46:50.3221518Z 
2022-04-13T21:46:50.3224230Z tests/test_app_manager.py::test_parse
2022-04-13T21:46:50.3226146Z tests/test_model_cache.py::test_model_accuracies_are_similar_before_and_after_caching
2022-04-13T21:46:50.3226615Z tests/test_model_cache.py::test_model_accuracies_are_similar_before_and_after_caching
2022-04-13T21:46:50.3227101Z tests/test_model_cache.py::test_model_cache_files_present_after_second_incremental_build
2022-04-13T21:46:50.3227590Z tests/test_model_cache.py::test_model_cache_files_present_after_second_incremental_build
2022-04-13T21:46:50.3228020Z tests/components/test_auto_fill.py::test_auto_fill_happy_path
2022-04-13T21:46:50.3228422Z tests/components/test_question_answerer.py::test_basic_search
2022-04-13T21:46:50.3228842Z tests/components/test_question_answerer.py::test_basic_search_validation
2022-04-13T21:46:50.3229768Z   /opt/hostedtoolcache/Python/3.7.12/x64/lib/python3.7/site-packages/elasticsearch/connection/base.py:208: ElasticsearchWarning: Deprecated field [template] used, replaced by [index_patterns]
2022-04-13T21:46:50.3230355Z     warnings.warn(message, category=ElasticsearchWarning)
2022-04-13T21:46:50.3230732Z 
2022-04-13T21:46:50.3230930Z tests/components/test_auto_fill.py::test_auto_fill_happy_path_async
2022-04-13T21:46:50.3231349Z tests/components/test_auto_fill.py::test_auto_fill_validation_async
2022-04-13T21:46:50.3231748Z tests/components/test_auto_fill.py::test_auto_fill_retry_async
2022-04-13T21:46:50.3232509Z   /home/runner/work/mindmeld/mindmeld/mindmeld/components/dialogue.py:1067: RuntimeWarning: coroutine 'AutoEntityFilling._end_slot_fill_async' was never awaited
2022-04-13T21:46:50.3232998Z     self(request, responder)
2022-04-13T21:46:50.3233359Z   Enable tracemalloc to get traceback where the object was allocated.
2022-04-13T21:46:50.3233994Z   See https://docs.pytest.org/en/stable/how-to/capture-warnings.html#resource-warnings for more info.
2022-04-13T21:46:50.3234310Z 
2022-04-13T21:46:50.3234500Z tests/components/test_dialogue_async.py::test_async_middleware
2022-04-13T21:46:50.3235263Z   /home/runner/work/mindmeld/mindmeld/tests/components/test_dialogue_async.py:255: RuntimeWarning: coroutine 'DialogueManager._apply_handler_async' was never awaited
2022-04-13T21:46:50.3235769Z     dm.apply_handler(request, response)
2022-04-13T21:46:50.3236372Z   Enable tracemalloc to get traceback where the object was allocated.
2022-04-13T21:46:50.3237119Z   See https://docs.pytest.org/en/stable/how-to/capture-warnings.html#resource-warnings for more info.
2022-04-13T21:46:50.3237434Z 
2022-04-13T21:46:50.3237765Z -- Docs: https://docs.pytest.org/en/stable/how-to/capture-warnings.html
2022-04-13T21:46:50.3238341Z ----------- generated xml file: /home/runner/test-reports/junit.xml ------------
2022-04-13T21:46:50.3238613Z 
2022-04-13T21:46:50.3238923Z ---------- coverage: platform linux, python 3.7.12-final-0 -----------
2022-04-13T21:46:50.3239333Z Coverage HTML written to dir htmlcov
2022-04-13T21:46:50.3239521Z 
2022-04-13T21:46:50.3239682Z =========================== short test summary info ============================
2022-04-13T21:46:50.3240267Z FAILED tests/test_core.py::test_sys_entities_normalized_token_span[ok 2:30pm now-valid_spans10-sys_time]
2022-04-13T21:46:50.3240760Z = 1 failed, 802 passed, 66 skipped, 1 xfailed, 1 xpassed, 27 warnings in 1284.21s (0:21:24) =
2022-04-13T21:46:50.9919342Z ##[error]Process completed with exit code 1.
2022-04-13T21:46:51.0203374Z Post job cleanup.
2022-04-13T21:46:51.1909926Z [command]/usr/bin/git version
2022-04-13T21:46:51.2001492Z git version 2.35.1
2022-04-13T21:46:51.2046571Z [command]/usr/bin/git config --local --name-only --get-regexp core\.sshCommand
2022-04-13T21:46:51.2096783Z [command]/usr/bin/git submodule foreach --recursive git config --local --name-only --get-regexp 'core\.sshCommand' && git config --local --unset-all 'core.sshCommand' || :
2022-04-13T21:46:51.2409005Z [command]/usr/bin/git config --local --name-only --get-regexp http\.https\:\/\/github\.com\/\.extraheader
2022-04-13T21:46:51.2441294Z http.https://github.com/.extraheader
2022-04-13T21:46:51.2451567Z [command]/usr/bin/git config --local --unset-all http.https://github.com/.extraheader
2022-04-13T21:46:51.2537794Z [command]/usr/bin/git submodule foreach --recursive git config --local --name-only --get-regexp 'http\.https\:\/\/github\.com\/\.extraheader' && git config --local --unset-all 'http.https://github.com/.extraheader' || :
2022-04-13T21:46:51.3050060Z Cleaning up orphan processes
2022-04-13T21:46:51.4332456Z Terminate orphan process: pid (2782) (duckling-x86_64-linux-ubuntu-20)