2022-05-19T08:55:48.7578224Z Requested labels: ubuntu-latest
2022-05-19T08:55:48.7578273Z Job defined at: shibing624/pycorrector/.github/workflows/ubuntu.yml@refs/heads/master
2022-05-19T08:55:48.7578294Z Waiting for a runner to pick up this job...
2022-05-19T08:55:49.5989700Z Job is waiting for a hosted runner to come online.
2022-05-19T08:55:55.5737675Z Job is about to start running on the hosted runner: GitHub Actions 2 (hosted)
2022-05-19T08:55:59.7460013Z Current runner version: '2.291.1'
2022-05-19T08:55:59.7485493Z ##[group]Operating System
2022-05-19T08:55:59.7486326Z Ubuntu
2022-05-19T08:55:59.7486565Z 20.04.4
2022-05-19T08:55:59.7486841Z LTS
2022-05-19T08:55:59.7487125Z ##[endgroup]
2022-05-19T08:55:59.7487394Z ##[group]Virtual Environment
2022-05-19T08:55:59.7487798Z Environment: ubuntu-20.04
2022-05-19T08:55:59.7488130Z Version: 20220515.1
2022-05-19T08:55:59.7488578Z Included Software: https://github.com/actions/virtual-environments/blob/ubuntu20/20220515.1/images/linux/Ubuntu2004-Readme.md
2022-05-19T08:55:59.7489224Z Image Release: https://github.com/actions/virtual-environments/releases/tag/ubuntu20%2F20220515.1
2022-05-19T08:55:59.7489702Z ##[endgroup]
2022-05-19T08:55:59.7490055Z ##[group]Virtual Environment Provisioner
2022-05-19T08:55:59.7490367Z 1.0.0.0-main-20220421-1
2022-05-19T08:55:59.7490675Z ##[endgroup]
2022-05-19T08:55:59.7491571Z ##[group]GITHUB_TOKEN Permissions
2022-05-19T08:55:59.7492323Z Actions: write
2022-05-19T08:55:59.7492750Z Checks: write
2022-05-19T08:55:59.7493070Z Contents: write
2022-05-19T08:55:59.7493481Z Deployments: write
2022-05-19T08:55:59.7493757Z Discussions: write
2022-05-19T08:55:59.7494055Z Issues: write
2022-05-19T08:55:59.7494350Z Metadata: read
2022-05-19T08:55:59.7494599Z Packages: write
2022-05-19T08:55:59.7494950Z Pages: write
2022-05-19T08:55:59.7495263Z PullRequests: write
2022-05-19T08:55:59.7495553Z RepositoryProjects: write
2022-05-19T08:55:59.7495902Z SecurityEvents: write
2022-05-19T08:55:59.7496258Z Statuses: write
2022-05-19T08:55:59.7496522Z ##[endgroup]
2022-05-19T08:55:59.7499853Z Secret source: Actions
2022-05-19T08:55:59.7500336Z Prepare workflow directory
2022-05-19T08:55:59.8306715Z Prepare all required actions
2022-05-19T08:55:59.8509695Z Getting action download info
2022-05-19T08:56:00.0425211Z Download action repository 'actions/checkout@v2' (SHA:7884fcad6b5d53d10323aee724dc68d8b9096a2e)
2022-05-19T08:56:00.4062611Z Download action repository 'actions/cache@v2' (SHA:937d24475381cd9c75ae6db12cb4e79714b926ed)
2022-05-19T08:56:00.6514527Z Download action repository 'actions/setup-python@v2' (SHA:7f80679172b057fc5e90d70d197929d454754a5a)
2022-05-19T08:56:01.1815829Z ##[group]Run actions/checkout@v2
2022-05-19T08:56:01.1816195Z with:
2022-05-19T08:56:01.1816499Z   repository: shibing624/pycorrector
2022-05-19T08:56:01.1817094Z   token: ***
2022-05-19T08:56:01.1817385Z   ssh-strict: true
2022-05-19T08:56:01.1817653Z   persist-credentials: true
2022-05-19T08:56:01.1817942Z   clean: true
2022-05-19T08:56:01.1818261Z   fetch-depth: 1
2022-05-19T08:56:01.1818653Z   lfs: false
2022-05-19T08:56:01.1819073Z   submodules: false
2022-05-19T08:56:01.1819335Z   set-safe-directory: true
2022-05-19T08:56:01.1819561Z ##[endgroup]
2022-05-19T08:56:01.4613602Z Syncing repository: shibing624/pycorrector
2022-05-19T08:56:01.4616121Z ##[group]Getting Git version info
2022-05-19T08:56:01.4616870Z Working directory is '/home/runner/work/pycorrector/pycorrector'
2022-05-19T08:56:01.4618183Z [command]/usr/bin/git version
2022-05-19T08:56:01.4655458Z git version 2.36.1
2022-05-19T08:56:01.4674642Z ##[endgroup]
2022-05-19T08:56:01.4692383Z Temporarily overriding HOME='/home/runner/work/_temp/07d44178-d32f-4442-8437-6fe4e6f7d8ff' before making global git config changes
2022-05-19T08:56:01.4692785Z Adding repository directory to the temporary git global config as a safe directory
2022-05-19T08:56:01.4695144Z [command]/usr/bin/git config --global --add safe.directory /home/runner/work/pycorrector/pycorrector
2022-05-19T08:56:01.4732274Z Deleting the contents of '/home/runner/work/pycorrector/pycorrector'
2022-05-19T08:56:01.4737995Z ##[group]Initializing the repository
2022-05-19T08:56:01.4741298Z [command]/usr/bin/git init /home/runner/work/pycorrector/pycorrector
2022-05-19T08:56:01.4818183Z hint: Using 'master' as the name for the initial branch. This default branch name
2022-05-19T08:56:01.4819169Z hint: is subject to change. To configure the initial branch name to use in all
2022-05-19T08:56:01.4819848Z hint: of your new repositories, which will suppress this warning, call:
2022-05-19T08:56:01.4821092Z hint: 
2022-05-19T08:56:01.4821769Z hint: 	git config --global init.defaultBranch <name>
2022-05-19T08:56:01.4823363Z hint: 
2022-05-19T08:56:01.4824936Z hint: Names commonly chosen instead of 'master' are 'main', 'trunk' and
2022-05-19T08:56:01.4825995Z hint: 'development'. The just-created branch can be renamed via this command:
2022-05-19T08:56:01.4826641Z hint: 
2022-05-19T08:56:01.4836344Z hint: 	git branch -m <name>
2022-05-19T08:56:01.4840857Z Initialized empty Git repository in /home/runner/work/pycorrector/pycorrector/.git/
2022-05-19T08:56:01.4887671Z [command]/usr/bin/git remote add origin https://github.com/shibing624/pycorrector
2022-05-19T08:56:01.4929440Z ##[endgroup]
2022-05-19T08:56:01.4930551Z ##[group]Disabling automatic garbage collection
2022-05-19T08:56:01.4934922Z [command]/usr/bin/git config --local gc.auto 0
2022-05-19T08:56:01.4968752Z ##[endgroup]
2022-05-19T08:56:01.4969929Z ##[group]Setting up auth
2022-05-19T08:56:01.4976916Z [command]/usr/bin/git config --local --name-only --get-regexp core\.sshCommand
2022-05-19T08:56:01.5008384Z [command]/usr/bin/git submodule foreach --recursive git config --local --name-only --get-regexp 'core\.sshCommand' && git config --local --unset-all 'core.sshCommand' || :
2022-05-19T08:56:01.5361516Z [command]/usr/bin/git config --local --name-only --get-regexp http\.https\:\/\/github\.com\/\.extraheader
2022-05-19T08:56:01.5391888Z [command]/usr/bin/git submodule foreach --recursive git config --local --name-only --get-regexp 'http\.https\:\/\/github\.com\/\.extraheader' && git config --local --unset-all 'http.https://github.com/.extraheader' || :
2022-05-19T08:56:01.5613288Z [command]/usr/bin/git config --local http.https://github.com/.extraheader AUTHORIZATION: basic ***
2022-05-19T08:56:01.5651599Z ##[endgroup]
2022-05-19T08:56:01.5652887Z ##[group]Fetching the repository
2022-05-19T08:56:01.5660469Z [command]/usr/bin/git -c protocol.version=2 fetch --no-tags --prune --progress --no-recurse-submodules --depth=1 origin +46df359e8b5206e60ccb36302c8a3aab76463128:refs/remotes/origin/master
2022-05-19T08:56:01.8249055Z remote: Enumerating objects: 251, done.        
2022-05-19T08:56:01.8307243Z remote: Counting objects:   0% (1/251)        
2022-05-19T08:56:01.8307929Z remote: Counting objects:   1% (3/251)        
2022-05-19T08:56:01.8308505Z remote: Counting objects:   2% (6/251)        
2022-05-19T08:56:01.8309110Z remote: Counting objects:   3% (8/251)        
2022-05-19T08:56:01.8309662Z remote: Counting objects:   4% (11/251)        
2022-05-19T08:56:01.8310209Z remote: Counting objects:   5% (13/251)        
2022-05-19T08:56:01.8310745Z remote: Counting objects:   6% (16/251)        
2022-05-19T08:56:01.8311265Z remote: Counting objects:   7% (18/251)        
2022-05-19T08:56:01.8311804Z remote: Counting objects:   8% (21/251)        
2022-05-19T08:56:01.8312344Z remote: Counting objects:   9% (23/251)        
2022-05-19T08:56:01.8312862Z remote: Counting objects:  10% (26/251)        
2022-05-19T08:56:01.8313878Z remote: Counting objects:  11% (28/251)        
2022-05-19T08:56:01.8314313Z remote: Counting objects:  12% (31/251)        
2022-05-19T08:56:01.8314955Z remote: Counting objects:  13% (33/251)        
2022-05-19T08:56:01.8315450Z remote: Counting objects:  14% (36/251)        
2022-05-19T08:56:01.8316245Z remote: Counting objects:  15% (38/251)        
2022-05-19T08:56:01.8316931Z remote: Counting objects:  16% (41/251)        
2022-05-19T08:56:01.8317464Z remote: Counting objects:  17% (43/251)        
2022-05-19T08:56:01.8318076Z remote: Counting objects:  18% (46/251)        
2022-05-19T08:56:01.8318649Z remote: Counting objects:  19% (48/251)        
2022-05-19T08:56:01.8319414Z remote: Counting objects:  20% (51/251)        
2022-05-19T08:56:01.8319991Z remote: Counting objects:  21% (53/251)        
2022-05-19T08:56:01.8320531Z remote: Counting objects:  22% (56/251)        
2022-05-19T08:56:01.8321065Z remote: Counting objects:  23% (58/251)        
2022-05-19T08:56:01.8321664Z remote: Counting objects:  24% (61/251)        
2022-05-19T08:56:01.8322213Z remote: Counting objects:  25% (63/251)        
2022-05-19T08:56:01.8323067Z remote: Counting objects:  26% (66/251)        
2022-05-19T08:56:01.8323902Z remote: Counting objects:  27% (68/251)        
2022-05-19T08:56:01.8324723Z remote: Counting objects:  28% (71/251)        
2022-05-19T08:56:01.8325235Z remote: Counting objects:  29% (73/251)        
2022-05-19T08:56:01.8326056Z remote: Counting objects:  30% (76/251)        
2022-05-19T08:56:01.8326550Z remote: Counting objects:  31% (78/251)        
2022-05-19T08:56:01.8327379Z remote: Counting objects:  32% (81/251)        
2022-05-19T08:56:01.8328040Z remote: Counting objects:  33% (83/251)        
2022-05-19T08:56:01.8328819Z remote: Counting objects:  34% (86/251)        
2022-05-19T08:56:01.8329514Z remote: Counting objects:  35% (88/251)        
2022-05-19T08:56:01.8330087Z remote: Counting objects:  36% (91/251)        
2022-05-19T08:56:01.8330909Z remote: Counting objects:  37% (93/251)        
2022-05-19T08:56:01.8331777Z remote: Counting objects:  38% (96/251)        
2022-05-19T08:56:01.8332377Z remote: Counting objects:  39% (98/251)        
2022-05-19T08:56:01.8332864Z remote: Counting objects:  40% (101/251)        
2022-05-19T08:56:01.8333553Z remote: Counting objects:  41% (103/251)        
2022-05-19T08:56:01.8334199Z remote: Counting objects:  42% (106/251)        
2022-05-19T08:56:01.8334823Z remote: Counting objects:  43% (108/251)        
2022-05-19T08:56:01.8335551Z remote: Counting objects:  44% (111/251)        
2022-05-19T08:56:01.8336419Z remote: Counting objects:  45% (113/251)        
2022-05-19T08:56:01.8337089Z remote: Counting objects:  46% (116/251)        
2022-05-19T08:56:01.8337935Z remote: Counting objects:  47% (118/251)        
2022-05-19T08:56:01.8338596Z remote: Counting objects:  48% (121/251)        
2022-05-19T08:56:01.8339531Z remote: Counting objects:  49% (123/251)        
2022-05-19T08:56:01.8340388Z remote: Counting objects:  50% (126/251)        
2022-05-19T08:56:01.8341169Z remote: Counting objects:  51% (129/251)        
2022-05-19T08:56:01.8341805Z remote: Counting objects:  52% (131/251)        
2022-05-19T08:56:01.8342383Z remote: Counting objects:  53% (134/251)        
2022-05-19T08:56:01.8343269Z remote: Counting objects:  54% (136/251)        
2022-05-19T08:56:01.8343579Z remote: Counting objects:  55% (139/251)        
2022-05-19T08:56:01.8344292Z remote: Counting objects:  56% (141/251)        
2022-05-19T08:56:01.8344831Z remote: Counting objects:  57% (144/251)        
2022-05-19T08:56:01.8345492Z remote: Counting objects:  58% (146/251)        
2022-05-19T08:56:01.8345973Z remote: Counting objects:  59% (149/251)        
2022-05-19T08:56:01.8346649Z remote: Counting objects:  60% (151/251)        
2022-05-19T08:56:01.8347431Z remote: Counting objects:  61% (154/251)        
2022-05-19T08:56:01.8347981Z remote: Counting objects:  62% (156/251)        
2022-05-19T08:56:01.8348470Z remote: Counting objects:  63% (159/251)        
2022-05-19T08:56:01.8349322Z remote: Counting objects:  64% (161/251)        
2022-05-19T08:56:01.8349833Z remote: Counting objects:  65% (164/251)        
2022-05-19T08:56:01.8350360Z remote: Counting objects:  66% (166/251)        
2022-05-19T08:56:01.8351055Z remote: Counting objects:  67% (169/251)        
2022-05-19T08:56:01.8351544Z remote: Counting objects:  68% (171/251)        
2022-05-19T08:56:01.8352244Z remote: Counting objects:  69% (174/251)        
2022-05-19T08:56:01.8353536Z remote: Counting objects:  70% (176/251)        
2022-05-19T08:56:01.8354422Z remote: Counting objects:  71% (179/251)        
2022-05-19T08:56:01.8355356Z remote: Counting objects:  72% (181/251)        
2022-05-19T08:56:01.8355871Z remote: Counting objects:  73% (184/251)        
2022-05-19T08:56:01.8356711Z remote: Counting objects:  74% (186/251)        
2022-05-19T08:56:01.8357546Z remote: Counting objects:  75% (189/251)        
2022-05-19T08:56:01.8358275Z remote: Counting objects:  76% (191/251)        
2022-05-19T08:56:01.8359059Z remote: Counting objects:  77% (194/251)        
2022-05-19T08:56:01.8359902Z remote: Counting objects:  78% (196/251)        
2022-05-19T08:56:01.8360464Z remote: Counting objects:  79% (199/251)        
2022-05-19T08:56:01.8361310Z remote: Counting objects:  80% (201/251)        
2022-05-19T08:56:01.8362124Z remote: Counting objects:  81% (204/251)        
2022-05-19T08:56:01.8362792Z remote: Counting objects:  82% (206/251)        
2022-05-19T08:56:01.8363443Z remote: Counting objects:  83% (209/251)        
2022-05-19T08:56:01.8365564Z remote: Counting objects:  84% (211/251)        
2022-05-19T08:56:01.8367383Z remote: Counting objects:  85% (214/251)        
2022-05-19T08:56:01.8367703Z remote: Counting objects:  86% (216/251)        
2022-05-19T08:56:01.8367991Z remote: Counting objects:  87% (219/251)        
2022-05-19T08:56:01.8368589Z remote: Counting objects:  88% (221/251)        
2022-05-19T08:56:01.8368827Z remote: Counting objects:  89% (224/251)        
2022-05-19T08:56:01.8369054Z remote: Counting objects:  90% (226/251)        
2022-05-19T08:56:01.8369290Z remote: Counting objects:  91% (229/251)        
2022-05-19T08:56:01.8369526Z remote: Counting objects:  92% (231/251)        
2022-05-19T08:56:01.8369743Z remote: Counting objects:  93% (234/251)        
2022-05-19T08:56:01.8369981Z remote: Counting objects:  94% (236/251)        
2022-05-19T08:56:01.8370215Z remote: Counting objects:  95% (239/251)        
2022-05-19T08:56:01.8370965Z remote: Counting objects:  96% (241/251)        
2022-05-19T08:56:01.8372077Z remote: Counting objects:  97% (244/251)        
2022-05-19T08:56:01.8372350Z remote: Counting objects:  98% (246/251)        
2022-05-19T08:56:01.8372825Z remote: Counting objects:  99% (249/251)        
2022-05-19T08:56:01.8373739Z remote: Counting objects: 100% (251/251)        
2022-05-19T08:56:01.8374154Z remote: Counting objects: 100% (251/251), done.        
2022-05-19T08:56:01.8375047Z remote: Compressing objects:   0% (1/234)        
2022-05-19T08:56:01.8375627Z remote: Compressing objects:   1% (3/234)        
2022-05-19T08:56:01.8594370Z remote: Compressing objects:   2% (5/234)        
2022-05-19T08:56:01.8594888Z remote: Compressing objects:   3% (8/234)        
2022-05-19T08:56:01.8596135Z remote: Compressing objects:   4% (10/234)        
2022-05-19T08:56:01.8596578Z remote: Compressing objects:   5% (12/234)        
2022-05-19T08:56:01.8597870Z remote: Compressing objects:   6% (15/234)        
2022-05-19T08:56:01.8598948Z remote: Compressing objects:   7% (17/234)        
2022-05-19T08:56:01.8612753Z remote: Compressing objects:   8% (19/234)        
2022-05-19T08:56:01.8623664Z remote: Compressing objects:   9% (22/234)        
2022-05-19T08:56:01.8712966Z remote: Compressing objects:  10% (24/234)        
2022-05-19T08:56:01.8713918Z remote: Compressing objects:  11% (26/234)        
2022-05-19T08:56:01.8714882Z remote: Compressing objects:  12% (29/234)        
2022-05-19T08:56:01.8722316Z remote: Compressing objects:  13% (31/234)        
2022-05-19T08:56:01.8725675Z remote: Compressing objects:  14% (33/234)        
2022-05-19T08:56:01.8739337Z remote: Compressing objects:  15% (36/234)        
2022-05-19T08:56:01.8739799Z remote: Compressing objects:  16% (38/234)        
2022-05-19T08:56:01.8742843Z remote: Compressing objects:  17% (40/234)        
2022-05-19T08:56:01.8752109Z remote: Compressing objects:  18% (43/234)        
2022-05-19T08:56:01.8765150Z remote: Compressing objects:  19% (45/234)        
2022-05-19T08:56:01.8765958Z remote: Compressing objects:  20% (47/234)        
2022-05-19T08:56:01.8769794Z remote: Compressing objects:  21% (50/234)        
2022-05-19T08:56:01.8770119Z remote: Compressing objects:  22% (52/234)        
2022-05-19T08:56:01.8770440Z remote: Compressing objects:  23% (54/234)        
2022-05-19T08:56:01.8774067Z remote: Compressing objects:  24% (57/234)        
2022-05-19T08:56:01.8774988Z remote: Compressing objects:  25% (59/234)        
2022-05-19T08:56:01.8797741Z remote: Compressing objects:  26% (61/234)        
2022-05-19T08:56:01.8798422Z remote: Compressing objects:  27% (64/234)        
2022-05-19T08:56:01.8798879Z remote: Compressing objects:  28% (66/234)        
2022-05-19T08:56:01.8816980Z remote: Compressing objects:  29% (68/234)        
2022-05-19T08:56:01.8818913Z remote: Compressing objects:  30% (71/234)        
2022-05-19T08:56:01.8819331Z remote: Compressing objects:  31% (73/234)        
2022-05-19T08:56:01.8820309Z remote: Compressing objects:  32% (75/234)        
2022-05-19T08:56:01.8820633Z remote: Compressing objects:  33% (78/234)        
2022-05-19T08:56:01.8830448Z remote: Compressing objects:  34% (80/234)        
2022-05-19T08:56:01.8830886Z remote: Compressing objects:  35% (82/234)        
2022-05-19T08:56:01.8831832Z remote: Compressing objects:  36% (85/234)        
2022-05-19T08:56:01.8838476Z remote: Compressing objects:  37% (87/234)        
2022-05-19T08:56:01.8845529Z remote: Compressing objects:  38% (89/234)        
2022-05-19T08:56:01.8854673Z remote: Compressing objects:  39% (92/234)        
2022-05-19T08:56:01.8866020Z remote: Compressing objects:  40% (94/234)        
2022-05-19T08:56:01.8867501Z remote: Compressing objects:  41% (96/234)        
2022-05-19T08:56:01.8870148Z remote: Compressing objects:  42% (99/234)        
2022-05-19T08:56:01.8870671Z remote: Compressing objects:  43% (101/234)        
2022-05-19T08:56:01.8878068Z remote: Compressing objects:  44% (103/234)        
2022-05-19T08:56:01.8878742Z remote: Compressing objects:  45% (106/234)        
2022-05-19T08:56:01.8879831Z remote: Compressing objects:  46% (108/234)        
2022-05-19T08:56:01.8890198Z remote: Compressing objects:  47% (110/234)        
2022-05-19T08:56:01.8890634Z remote: Compressing objects:  48% (113/234)        
2022-05-19T08:56:01.8901638Z remote: Compressing objects:  49% (115/234)        
2022-05-19T08:56:01.8902086Z remote: Compressing objects:  50% (117/234)        
2022-05-19T08:56:01.8903231Z remote: Compressing objects:  51% (120/234)        
2022-05-19T08:56:01.8909380Z remote: Compressing objects:  52% (122/234)        
2022-05-19T08:56:01.8911544Z remote: Compressing objects:  53% (125/234)        
2022-05-19T08:56:01.8918771Z remote: Compressing objects:  54% (127/234)        
2022-05-19T08:56:01.8933836Z remote: Compressing objects:  55% (129/234)        
2022-05-19T08:56:01.8936092Z remote: Compressing objects:  56% (132/234)        
2022-05-19T08:56:01.8954561Z remote: Compressing objects:  57% (134/234)        
2022-05-19T08:56:01.8992741Z remote: Compressing objects:  58% (136/234)        
2022-05-19T08:56:01.8993499Z remote: Compressing objects:  59% (139/234)        
2022-05-19T08:56:01.8994495Z remote: Compressing objects:  60% (141/234)        
2022-05-19T08:56:01.8995570Z remote: Compressing objects:  61% (143/234)        
2022-05-19T08:56:01.8998532Z remote: Compressing objects:  62% (146/234)        
2022-05-19T08:56:01.8999482Z remote: Compressing objects:  63% (148/234)        
2022-05-19T08:56:01.9020779Z remote: Compressing objects:  64% (150/234)        
2022-05-19T08:56:01.9021211Z remote: Compressing objects:  65% (153/234)        
2022-05-19T08:56:01.9022117Z remote: Compressing objects:  66% (155/234)        
2022-05-19T08:56:01.9022750Z remote: Compressing objects:  67% (157/234)        
2022-05-19T08:56:01.9023579Z remote: Compressing objects:  68% (160/234)        
2022-05-19T08:56:02.0948990Z remote: Compressing objects:  69% (162/234)        
2022-05-19T08:56:02.0949255Z remote: Compressing objects:  70% (164/234)        
2022-05-19T08:56:02.0949500Z remote: Compressing objects:  71% (167/234)        
2022-05-19T08:56:02.0949744Z remote: Compressing objects:  72% (169/234)        
2022-05-19T08:56:02.0949966Z remote: Compressing objects:  73% (171/234)        
2022-05-19T08:56:02.0950206Z remote: Compressing objects:  74% (174/234)        
2022-05-19T08:56:02.0950443Z remote: Compressing objects:  75% (176/234)        
2022-05-19T08:56:02.0950666Z remote: Compressing objects:  76% (178/234)        
2022-05-19T08:56:02.0950902Z remote: Compressing objects:  77% (181/234)        
2022-05-19T08:56:02.0951355Z remote: Compressing objects:  78% (183/234)        
2022-05-19T08:56:02.0951584Z remote: Compressing objects:  79% (185/234)        
2022-05-19T08:56:02.0951821Z remote: Compressing objects:  80% (188/234)        
2022-05-19T08:56:02.0952056Z remote: Compressing objects:  81% (190/234)        
2022-05-19T08:56:02.0952291Z remote: Compressing objects:  82% (192/234)        
2022-05-19T08:56:02.0952512Z remote: Compressing objects:  83% (195/234)        
2022-05-19T08:56:02.0952747Z remote: Compressing objects:  84% (197/234)        
2022-05-19T08:56:02.0967430Z remote: Compressing objects:  85% (199/234)        
2022-05-19T08:56:02.0967712Z remote: Compressing objects:  86% (202/234)        
2022-05-19T08:56:02.0967957Z remote: Compressing objects:  87% (204/234)        
2022-05-19T08:56:02.0968199Z remote: Compressing objects:  88% (206/234)        
2022-05-19T08:56:02.1022712Z remote: Compressing objects:  89% (209/234)        
2022-05-19T08:56:02.1023013Z remote: Compressing objects:  90% (211/234)        
2022-05-19T08:56:02.1023291Z remote: Compressing objects:  91% (213/234)        
2022-05-19T08:56:02.1023536Z remote: Compressing objects:  92% (216/234)        
2022-05-19T08:56:02.1023779Z remote: Compressing objects:  93% (218/234)        
2022-05-19T08:56:02.1024022Z remote: Compressing objects:  94% (220/234)        
2022-05-19T08:56:02.1024245Z remote: Compressing objects:  95% (223/234)        
2022-05-19T08:56:02.1024486Z remote: Compressing objects:  96% (225/234)        
2022-05-19T08:56:02.1024725Z remote: Compressing objects:  97% (227/234)        
2022-05-19T08:56:02.1024950Z remote: Compressing objects:  98% (230/234)        
2022-05-19T08:56:02.1025185Z remote: Compressing objects:  99% (232/234)        
2022-05-19T08:56:02.1025421Z remote: Compressing objects: 100% (234/234)        
2022-05-19T08:56:02.1025653Z remote: Compressing objects: 100% (234/234), done.        
2022-05-19T08:56:02.1057499Z Receiving objects:   0% (1/251)
2022-05-19T08:56:02.1066449Z Receiving objects:   1% (3/251)
2022-05-19T08:56:02.1066671Z Receiving objects:   2% (6/251)
2022-05-19T08:56:02.1069234Z Receiving objects:   3% (8/251)
2022-05-19T08:56:02.1069533Z Receiving objects:   4% (11/251)
2022-05-19T08:56:02.1069739Z Receiving objects:   5% (13/251)
2022-05-19T08:56:02.1080098Z Receiving objects:   6% (16/251)
2022-05-19T08:56:02.1080966Z Receiving objects:   7% (18/251)
2022-05-19T08:56:02.1844589Z Receiving objects:   8% (21/251)
2022-05-19T08:56:02.2310746Z Receiving objects:   9% (23/251)
2022-05-19T08:56:02.2400157Z Receiving objects:  10% (26/251)
2022-05-19T08:56:02.2926641Z Receiving objects:  11% (28/251)
2022-05-19T08:56:02.3047082Z Receiving objects:  12% (31/251)
2022-05-19T08:56:02.3586063Z Receiving objects:  13% (33/251)
2022-05-19T08:56:02.3706015Z Receiving objects:  14% (36/251)
2022-05-19T08:56:02.3826904Z Receiving objects:  15% (38/251)
2022-05-19T08:56:02.4636671Z Receiving objects:  16% (41/251)
2022-05-19T08:56:02.4637721Z Receiving objects:  17% (43/251)
2022-05-19T08:56:02.4638002Z Receiving objects:  18% (46/251)
2022-05-19T08:56:02.4638511Z Receiving objects:  19% (48/251)
2022-05-19T08:56:02.4642575Z Receiving objects:  20% (51/251)
2022-05-19T08:56:02.4643017Z Receiving objects:  21% (53/251)
2022-05-19T08:56:02.4655923Z Receiving objects:  22% (56/251)
2022-05-19T08:56:02.4656686Z Receiving objects:  23% (58/251)
2022-05-19T08:56:02.4656925Z Receiving objects:  24% (61/251)
2022-05-19T08:56:02.4657146Z Receiving objects:  25% (63/251)
2022-05-19T08:56:02.4657371Z Receiving objects:  26% (66/251)
2022-05-19T08:56:02.4657566Z Receiving objects:  27% (68/251)
2022-05-19T08:56:02.4657780Z Receiving objects:  28% (71/251)
2022-05-19T08:56:02.4657996Z Receiving objects:  29% (73/251)
2022-05-19T08:56:02.4658194Z Receiving objects:  30% (76/251)
2022-05-19T08:56:02.4658405Z Receiving objects:  31% (78/251)
2022-05-19T08:56:02.4794857Z Receiving objects:  32% (81/251)
2022-05-19T08:56:02.5371015Z Receiving objects:  33% (83/251)
2022-05-19T08:56:02.5931270Z Receiving objects:  34% (86/251)
2022-05-19T08:56:02.5964145Z Receiving objects:  35% (88/251)
2022-05-19T08:56:02.5969416Z Receiving objects:  36% (91/251)
2022-05-19T08:56:02.6023441Z Receiving objects:  37% (93/251)
2022-05-19T08:56:02.6041218Z Receiving objects:  38% (96/251)
2022-05-19T08:56:02.6120020Z Receiving objects:  39% (98/251)
2022-05-19T08:56:02.6334018Z Receiving objects:  40% (101/251), 8.62 MiB | 17.24 MiB/s
2022-05-19T08:56:02.6397555Z Receiving objects:  41% (103/251), 8.62 MiB | 17.24 MiB/s
2022-05-19T08:56:02.6521817Z Receiving objects:  42% (106/251), 8.62 MiB | 17.24 MiB/s
2022-05-19T08:56:02.6554575Z Receiving objects:  43% (108/251), 8.62 MiB | 17.24 MiB/s
2022-05-19T08:56:03.1365717Z Receiving objects:  44% (111/251), 8.62 MiB | 17.24 MiB/s
2022-05-19T08:56:03.2476867Z Receiving objects:  44% (111/251), 9.89 MiB | 9.59 MiB/s 
2022-05-19T08:56:03.2485422Z Receiving objects:  45% (113/251), 9.89 MiB | 9.59 MiB/s
2022-05-19T08:56:03.2486616Z Receiving objects:  46% (116/251), 9.89 MiB | 9.59 MiB/s
2022-05-19T08:56:03.2487471Z Receiving objects:  47% (118/251), 9.89 MiB | 9.59 MiB/s
2022-05-19T08:56:03.2488056Z Receiving objects:  48% (121/251), 9.89 MiB | 9.59 MiB/s
2022-05-19T08:56:03.2488419Z Receiving objects:  49% (123/251), 9.89 MiB | 9.59 MiB/s
2022-05-19T08:56:03.2488653Z Receiving objects:  50% (126/251), 9.89 MiB | 9.59 MiB/s
2022-05-19T08:56:03.2488888Z Receiving objects:  51% (129/251), 9.89 MiB | 9.59 MiB/s
2022-05-19T08:56:03.2489216Z Receiving objects:  52% (131/251), 9.89 MiB | 9.59 MiB/s
2022-05-19T08:56:03.2489986Z Receiving objects:  53% (134/251), 9.89 MiB | 9.59 MiB/s
2022-05-19T08:56:03.2497180Z Receiving objects:  54% (136/251), 9.89 MiB | 9.59 MiB/s
2022-05-19T08:56:03.2497783Z Receiving objects:  55% (139/251), 9.89 MiB | 9.59 MiB/s
2022-05-19T08:56:03.2500749Z Receiving objects:  56% (141/251), 9.89 MiB | 9.59 MiB/s
2022-05-19T08:56:03.2502161Z Receiving objects:  57% (144/251), 9.89 MiB | 9.59 MiB/s
2022-05-19T08:56:03.2504320Z Receiving objects:  58% (146/251), 9.89 MiB | 9.59 MiB/s
2022-05-19T08:56:03.2505659Z Receiving objects:  59% (149/251), 9.89 MiB | 9.59 MiB/s
2022-05-19T08:56:03.2507650Z Receiving objects:  60% (151/251), 9.89 MiB | 9.59 MiB/s
2022-05-19T08:56:03.2509030Z Receiving objects:  61% (154/251), 9.89 MiB | 9.59 MiB/s
2022-05-19T08:56:03.2512065Z Receiving objects:  62% (156/251), 9.89 MiB | 9.59 MiB/s
2022-05-19T08:56:03.2514019Z Receiving objects:  63% (159/251), 9.89 MiB | 9.59 MiB/s
2022-05-19T08:56:03.2515715Z Receiving objects:  64% (161/251), 9.89 MiB | 9.59 MiB/s
2022-05-19T08:56:03.2519840Z Receiving objects:  65% (164/251), 9.89 MiB | 9.59 MiB/s
2022-05-19T08:56:03.2521209Z Receiving objects:  66% (166/251), 9.89 MiB | 9.59 MiB/s
2022-05-19T08:56:03.2522861Z Receiving objects:  67% (169/251), 9.89 MiB | 9.59 MiB/s
2022-05-19T08:56:03.2524140Z Receiving objects:  68% (171/251), 9.89 MiB | 9.59 MiB/s
2022-05-19T08:56:03.2525132Z Receiving objects:  69% (174/251), 9.89 MiB | 9.59 MiB/s
2022-05-19T08:56:03.2525683Z Receiving objects:  70% (176/251), 9.89 MiB | 9.59 MiB/s
2022-05-19T08:56:03.2530026Z Receiving objects:  71% (179/251), 9.89 MiB | 9.59 MiB/s
2022-05-19T08:56:03.2531535Z Receiving objects:  72% (181/251), 9.89 MiB | 9.59 MiB/s
2022-05-19T08:56:03.2533721Z Receiving objects:  73% (184/251), 9.89 MiB | 9.59 MiB/s
2022-05-19T08:56:03.2535047Z Receiving objects:  74% (186/251), 9.89 MiB | 9.59 MiB/s
2022-05-19T08:56:03.2537873Z Receiving objects:  75% (189/251), 9.89 MiB | 9.59 MiB/s
2022-05-19T08:56:03.2538503Z Receiving objects:  76% (191/251), 9.89 MiB | 9.59 MiB/s
2022-05-19T08:56:03.2540592Z Receiving objects:  77% (194/251), 9.89 MiB | 9.59 MiB/s
2022-05-19T08:56:03.2541186Z Receiving objects:  78% (196/251), 9.89 MiB | 9.59 MiB/s
2022-05-19T08:56:03.2542108Z Receiving objects:  79% (199/251), 9.89 MiB | 9.59 MiB/s
2022-05-19T08:56:03.2544006Z Receiving objects:  80% (201/251), 9.89 MiB | 9.59 MiB/s
2022-05-19T08:56:03.2545126Z Receiving objects:  81% (204/251), 9.89 MiB | 9.59 MiB/s
2022-05-19T08:56:03.2545896Z Receiving objects:  82% (206/251), 9.89 MiB | 9.59 MiB/s
2022-05-19T08:56:03.2547829Z Receiving objects:  83% (209/251), 9.89 MiB | 9.59 MiB/s
2022-05-19T08:56:03.2549113Z Receiving objects:  84% (211/251), 9.89 MiB | 9.59 MiB/s
2022-05-19T08:56:03.2550539Z Receiving objects:  85% (214/251), 9.89 MiB | 9.59 MiB/s
2022-05-19T08:56:03.2564968Z Receiving objects:  86% (216/251), 9.89 MiB | 9.59 MiB/s
2022-05-19T08:56:03.2565840Z remote: Total 251 (delta 32), reused 100 (delta 13), pack-reused 0        
2022-05-19T08:56:03.2571827Z Receiving objects:  87% (219/251), 9.89 MiB | 9.59 MiB/s
2022-05-19T08:56:03.2573291Z Receiving objects:  88% (221/251), 9.89 MiB | 9.59 MiB/s
2022-05-19T08:56:03.2574240Z Receiving objects:  89% (224/251), 9.89 MiB | 9.59 MiB/s
2022-05-19T08:56:03.2574804Z Receiving objects:  90% (226/251), 9.89 MiB | 9.59 MiB/s
2022-05-19T08:56:03.2578498Z Receiving objects:  91% (229/251), 9.89 MiB | 9.59 MiB/s
2022-05-19T08:56:03.2579068Z Receiving objects:  92% (231/251), 9.89 MiB | 9.59 MiB/s
2022-05-19T08:56:03.2580756Z Receiving objects:  93% (234/251), 9.89 MiB | 9.59 MiB/s
2022-05-19T08:56:03.2582456Z Receiving objects:  94% (236/251), 9.89 MiB | 9.59 MiB/s
2022-05-19T08:56:03.2583493Z Receiving objects:  95% (239/251), 9.89 MiB | 9.59 MiB/s
2022-05-19T08:56:03.2584750Z Receiving objects:  96% (241/251), 9.89 MiB | 9.59 MiB/s
2022-05-19T08:56:03.2586843Z Receiving objects:  97% (244/251), 9.89 MiB | 9.59 MiB/s
2022-05-19T08:56:03.2587335Z Receiving objects:  98% (246/251), 9.89 MiB | 9.59 MiB/s
2022-05-19T08:56:03.2591069Z Receiving objects:  99% (249/251), 9.89 MiB | 9.59 MiB/s
2022-05-19T08:56:03.2591655Z Receiving objects: 100% (251/251), 9.89 MiB | 9.59 MiB/s
2022-05-19T08:56:03.2592366Z Receiving objects: 100% (251/251), 13.03 MiB | 11.29 MiB/s, done.
2022-05-19T08:56:03.2592890Z Resolving deltas:   0% (0/32)
2022-05-19T08:56:03.2593706Z Resolving deltas:   3% (1/32)
2022-05-19T08:56:03.2594093Z Resolving deltas:   6% (2/32)
2022-05-19T08:56:03.2594663Z Resolving deltas:   9% (3/32)
2022-05-19T08:56:03.2595064Z Resolving deltas:  12% (4/32)
2022-05-19T08:56:03.2595615Z Resolving deltas:  15% (5/32)
2022-05-19T08:56:03.2596146Z Resolving deltas:  18% (6/32)
2022-05-19T08:56:03.2598228Z Resolving deltas:  21% (7/32)
2022-05-19T08:56:03.2599057Z Resolving deltas:  25% (8/32)
2022-05-19T08:56:03.2602881Z Resolving deltas:  28% (9/32)
2022-05-19T08:56:03.2628220Z Resolving deltas:  31% (10/32)
2022-05-19T08:56:03.2673662Z Resolving deltas:  34% (11/32)
2022-05-19T08:56:03.2674032Z Resolving deltas:  37% (12/32)
2022-05-19T08:56:03.2674333Z Resolving deltas:  40% (13/32)
2022-05-19T08:56:03.2674625Z Resolving deltas:  43% (14/32)
2022-05-19T08:56:03.2674838Z Resolving deltas:  46% (15/32)
2022-05-19T08:56:03.2675039Z Resolving deltas:  50% (16/32)
2022-05-19T08:56:03.2675238Z Resolving deltas:  53% (17/32)
2022-05-19T08:56:03.2675528Z Resolving deltas:  56% (18/32)
2022-05-19T08:56:03.2675733Z Resolving deltas:  59% (19/32)
2022-05-19T08:56:03.2676017Z Resolving deltas:  62% (20/32)
2022-05-19T08:56:03.2681052Z Resolving deltas:  65% (21/32)
2022-05-19T08:56:03.2681389Z Resolving deltas:  68% (22/32)
2022-05-19T08:56:03.2681696Z Resolving deltas:  71% (23/32)
2022-05-19T08:56:03.2681921Z Resolving deltas:  75% (24/32)
2022-05-19T08:56:03.2682122Z Resolving deltas:  78% (25/32)
2022-05-19T08:56:03.2682410Z Resolving deltas:  81% (26/32)
2022-05-19T08:56:03.2682611Z Resolving deltas:  84% (27/32)
2022-05-19T08:56:03.2685963Z Resolving deltas:  87% (28/32)
2022-05-19T08:56:03.2686294Z Resolving deltas:  90% (29/32)
2022-05-19T08:56:03.2686588Z Resolving deltas:  93% (30/32)
2022-05-19T08:56:03.2697950Z Resolving deltas:  96% (31/32)
2022-05-19T08:56:03.2699804Z Resolving deltas: 100% (32/32)
2022-05-19T08:56:03.2701255Z Resolving deltas: 100% (32/32), done.
2022-05-19T08:56:03.3035926Z From https://github.com/shibing624/pycorrector
2022-05-19T08:56:03.3036889Z  * [new ref]         46df359e8b5206e60ccb36302c8a3aab76463128 -> origin/master
2022-05-19T08:56:03.3074069Z ##[endgroup]
2022-05-19T08:56:03.3075244Z ##[group]Determining the checkout info
2022-05-19T08:56:03.3076768Z ##[endgroup]
2022-05-19T08:56:03.3077388Z ##[group]Checking out the ref
2022-05-19T08:56:03.3078366Z [command]/usr/bin/git checkout --progress --force -B master refs/remotes/origin/master
2022-05-19T08:56:03.4641854Z Reset branch 'master'
2022-05-19T08:56:03.4643221Z branch 'master' set up to track 'origin/master'.
2022-05-19T08:56:03.4661899Z ##[endgroup]
2022-05-19T08:56:03.4691026Z [command]/usr/bin/git log -1 --format='%H'
2022-05-19T08:56:03.4747255Z '46df359e8b5206e60ccb36302c8a3aab76463128'
2022-05-19T08:56:03.7495656Z ##[group]Run actions/cache@v2
2022-05-19T08:56:03.7495895Z with:
2022-05-19T08:56:03.7496248Z   path: ~/.cache/pip
2022-05-19T08:56:03.7496559Z   key: Linux-pip-8236d7f4349974088090329fe6f302f083bad5da8dd4dab4e8dd623191d0a001
2022-05-19T08:56:03.7497195Z   restore-keys: Linux-pip-

2022-05-19T08:56:03.7497410Z ##[endgroup]
2022-05-19T08:56:05.2865579Z Cache not found for input keys: Linux-pip-8236d7f4349974088090329fe6f302f083bad5da8dd4dab4e8dd623191d0a001, Linux-pip-
2022-05-19T08:56:05.2979825Z ##[group]Run actions/cache@v2
2022-05-19T08:56:05.2980049Z with:
2022-05-19T08:56:05.2980210Z   path: ~/.cache/huggingface
2022-05-19T08:56:05.2980413Z   key: Linux-huggingface-
2022-05-19T08:56:05.2980602Z ##[endgroup]
2022-05-19T08:56:05.5897640Z Cache not found for input keys: Linux-huggingface-
2022-05-19T08:56:05.5988262Z ##[group]Run actions/cache@v2
2022-05-19T08:56:05.5988483Z with:
2022-05-19T08:56:05.5988658Z   path: ~/.pycorrector
2022-05-19T08:56:05.5988841Z   key: Linux-pycorrector-
2022-05-19T08:56:05.5989031Z ##[endgroup]
2022-05-19T08:56:05.8828835Z Cache not found for input keys: Linux-pycorrector-
2022-05-19T08:56:05.8921623Z ##[group]Run actions/setup-python@v2
2022-05-19T08:56:05.8921858Z with:
2022-05-19T08:56:05.8922020Z   python-version: 3.9
2022-05-19T08:56:05.8922305Z   token: ***
2022-05-19T08:56:05.8922474Z ##[endgroup]
2022-05-19T08:56:06.0407348Z Successfully setup CPython (3.9.12)
2022-05-19T08:56:06.0524086Z ##[group]Run python -m pip install --upgrade pip
2022-05-19T08:56:06.0524460Z [36;1mpython -m pip install --upgrade pip[0m
2022-05-19T08:56:06.0524681Z [36;1mpip install Cython[0m
2022-05-19T08:56:06.0524891Z [36;1mpip install torch[0m
2022-05-19T08:56:06.0574080Z shell: /usr/bin/bash -e {0}
2022-05-19T08:56:06.0574273Z env:
2022-05-19T08:56:06.0574513Z   pythonLocation: /opt/hostedtoolcache/Python/3.9.12/x64
2022-05-19T08:56:06.0574804Z   LD_LIBRARY_PATH: /opt/hostedtoolcache/Python/3.9.12/x64/lib
2022-05-19T08:56:06.0575022Z ##[endgroup]
2022-05-19T08:56:07.1985696Z Requirement already satisfied: pip in /opt/hostedtoolcache/Python/3.9.12/x64/lib/python3.9/site-packages (22.1)
2022-05-19T08:56:09.4063062Z Collecting Cython
2022-05-19T08:56:09.4481668Z   Downloading Cython-0.29.30-cp39-cp39-manylinux_2_17_x86_64.manylinux2014_x86_64.manylinux_2_24_x86_64.whl (2.0 MB)
2022-05-19T08:56:09.4940401Z      ━━━━━━━━━━━━━━━━━━━━━━━━━━━━━━━━━━━━━━━━ 2.0/2.0 MB 45.9 MB/s eta 0:00:00
2022-05-19T08:56:09.5348453Z Installing collected packages: Cython
2022-05-19T08:56:10.3070568Z Successfully installed Cython-0.29.30
2022-05-19T08:56:11.9760723Z Collecting torch
2022-05-19T08:56:12.0108505Z   Downloading torch-1.11.0-cp39-cp39-manylinux1_x86_64.whl (750.6 MB)
2022-05-19T08:56:24.6061965Z      ━━━━━━━━━━━━━━━━━━━━━━━━━━━━━━━━━━━━━━━ 750.6/750.6 MB 1.4 MB/s eta 0:00:00
2022-05-19T08:56:26.8035163Z Collecting typing-extensions
2022-05-19T08:56:26.8114131Z   Downloading typing_extensions-4.2.0-py3-none-any.whl (24 kB)
2022-05-19T08:56:26.9241762Z Installing collected packages: typing-extensions, torch
2022-05-19T08:56:41.8600532Z Successfully installed torch-1.11.0 typing-extensions-4.2.0
2022-05-19T08:56:42.5477269Z ##[group]Run pip install -U pycorrector
2022-05-19T08:56:42.5477761Z [36;1mpip install -U pycorrector[0m
2022-05-19T08:56:42.5478181Z [36;1mpip uninstall -y pycorrector[0m
2022-05-19T08:56:42.5525873Z shell: /usr/bin/bash -e {0}
2022-05-19T08:56:42.5526079Z env:
2022-05-19T08:56:42.5526442Z   pythonLocation: /opt/hostedtoolcache/Python/3.9.12/x64
2022-05-19T08:56:42.5526748Z   LD_LIBRARY_PATH: /opt/hostedtoolcache/Python/3.9.12/x64/lib
2022-05-19T08:56:42.5526989Z ##[endgroup]
2022-05-19T08:56:43.5846811Z Collecting pycorrector
2022-05-19T08:56:43.7377213Z   Downloading pycorrector-0.4.4.tar.gz (4.4 MB)
2022-05-19T08:56:43.8113881Z      ━━━━━━━━━━━━━━━━━━━━━━━━━━━━━━━━━━━━━━━━ 4.4/4.4 MB 63.3 MB/s eta 0:00:00
2022-05-19T08:56:43.9940212Z   Preparing metadata (setup.py): started
2022-05-19T08:56:44.3846674Z   Preparing metadata (setup.py): finished with status 'done'
2022-05-19T08:56:44.4164948Z Collecting jieba
2022-05-19T08:56:44.4272757Z   Downloading jieba-0.42.1.tar.gz (19.2 MB)
2022-05-19T08:56:44.8073077Z      ━━━━━━━━━━━━━━━━━━━━━━━━━━━━━━━━━━━━━━━━ 19.2/19.2 MB 32.4 MB/s eta 0:00:00
2022-05-19T08:56:45.3351679Z   Preparing metadata (setup.py): started
2022-05-19T08:56:45.5230014Z   Preparing metadata (setup.py): finished with status 'done'
2022-05-19T08:56:45.5912879Z Collecting pypinyin
2022-05-19T08:56:45.6042676Z   Downloading pypinyin-0.46.0-py2.py3-none-any.whl (1.3 MB)
2022-05-19T08:56:45.6247660Z      ━━━━━━━━━━━━━━━━━━━━━━━━━━━━━━━━━━━━━━━━ 1.3/1.3 MB 74.6 MB/s eta 0:00:00
2022-05-19T08:56:46.0682273Z Collecting numpy
2022-05-19T08:56:46.0790910Z   Downloading numpy-1.22.3-cp39-cp39-manylinux_2_17_x86_64.manylinux2014_x86_64.whl (16.8 MB)
2022-05-19T08:56:46.2714541Z      ━━━━━━━━━━━━━━━━━━━━━━━━━━━━━━━━━━━━━━━━ 16.8/16.8 MB 76.3 MB/s eta 0:00:00
2022-05-19T08:56:46.3531945Z Collecting six
2022-05-19T08:56:46.3611541Z   Downloading six-1.16.0-py2.py3-none-any.whl (11 kB)
2022-05-19T08:56:46.3722048Z Using legacy 'setup.py install' for pycorrector, since package 'wheel' is not installed.
2022-05-19T08:56:46.3724581Z Using legacy 'setup.py install' for jieba, since package 'wheel' is not installed.
2022-05-19T08:56:46.4135427Z Installing collected packages: jieba, six, pypinyin, numpy, pycorrector
2022-05-19T08:56:46.4170718Z   Running setup.py install for jieba: started
2022-05-19T08:56:48.1466238Z   Running setup.py install for jieba: finished with status 'done'
2022-05-19T08:56:53.0194092Z   Running setup.py install for pycorrector: started
2022-05-19T08:56:53.4848954Z   Running setup.py install for pycorrector: finished with status 'done'
2022-05-19T08:56:53.4970127Z Successfully installed jieba-0.42.1 numpy-1.22.3 pycorrector-0.4.4 pypinyin-0.46.0 six-1.16.0
2022-05-19T08:56:55.0851763Z Found existing installation: pycorrector 0.4.4
2022-05-19T08:56:55.1235424Z Uninstalling pycorrector-0.4.4:
2022-05-19T08:56:55.1963779Z   Successfully uninstalled pycorrector-0.4.4
2022-05-19T08:56:55.2595344Z ##[group]Run pip install -r requirements.txt
2022-05-19T08:56:55.2595687Z [36;1mpip install -r requirements.txt[0m
2022-05-19T08:56:55.2595922Z [36;1mpip install .[0m
2022-05-19T08:56:55.2596114Z [36;1mpip install pytest[0m
2022-05-19T08:56:55.2646527Z shell: /usr/bin/bash -e {0}
2022-05-19T08:56:55.2646711Z env:
2022-05-19T08:56:55.2646946Z   pythonLocation: /opt/hostedtoolcache/Python/3.9.12/x64
2022-05-19T08:56:55.2647260Z   LD_LIBRARY_PATH: /opt/hostedtoolcache/Python/3.9.12/x64/lib
2022-05-19T08:56:55.2647479Z ##[endgroup]
2022-05-19T08:56:55.9019381Z Requirement already satisfied: jieba>=0.39 in /opt/hostedtoolcache/Python/3.9.12/x64/lib/python3.9/site-packages (from -r requirements.txt (line 1)) (0.42.1)
2022-05-19T08:56:55.9028650Z Requirement already satisfied: pypinyin in /opt/hostedtoolcache/Python/3.9.12/x64/lib/python3.9/site-packages (from -r requirements.txt (line 2)) (0.46.0)
2022-05-19T08:56:55.9029927Z Requirement already satisfied: numpy in /opt/hostedtoolcache/Python/3.9.12/x64/lib/python3.9/site-packages (from -r requirements.txt (line 3)) (1.22.3)
2022-05-19T08:56:55.9033108Z Requirement already satisfied: six in /opt/hostedtoolcache/Python/3.9.12/x64/lib/python3.9/site-packages (from -r requirements.txt (line 4)) (1.16.0)
2022-05-19T08:56:56.6467573Z Processing /home/runner/work/pycorrector/pycorrector
2022-05-19T08:56:56.6468608Z   Preparing metadata (setup.py): started
2022-05-19T08:56:56.8476737Z   Preparing metadata (setup.py): finished with status 'done'
2022-05-19T08:56:56.8550264Z Requirement already satisfied: jieba in /opt/hostedtoolcache/Python/3.9.12/x64/lib/python3.9/site-packages (from pycorrector==0.4.5) (0.42.1)
2022-05-19T08:56:56.8555206Z Requirement already satisfied: pypinyin in /opt/hostedtoolcache/Python/3.9.12/x64/lib/python3.9/site-packages (from pycorrector==0.4.5) (0.46.0)
2022-05-19T08:56:56.8559728Z Requirement already satisfied: numpy in /opt/hostedtoolcache/Python/3.9.12/x64/lib/python3.9/site-packages (from pycorrector==0.4.5) (1.22.3)
2022-05-19T08:56:56.8563984Z Requirement already satisfied: six in /opt/hostedtoolcache/Python/3.9.12/x64/lib/python3.9/site-packages (from pycorrector==0.4.5) (1.16.0)
2022-05-19T08:56:56.8619584Z Using legacy 'setup.py install' for pycorrector, since package 'wheel' is not installed.
2022-05-19T08:56:56.8920569Z Installing collected packages: pycorrector
2022-05-19T08:56:56.8935106Z   Running setup.py install for pycorrector: started
2022-05-19T08:56:57.3185354Z   Running setup.py install for pycorrector: finished with status 'done'
2022-05-19T08:56:57.3293768Z Successfully installed pycorrector-0.4.5
2022-05-19T08:56:58.1420087Z Collecting pytest
2022-05-19T08:56:58.1830795Z   Downloading pytest-7.1.2-py3-none-any.whl (297 kB)
2022-05-19T08:56:58.2062415Z      ━━━━━━━━━━━━━━━━━━━━━━━━━━━━━━━━━━━━━━ 297.0/297.0 kB 14.9 MB/s eta 0:00:00
2022-05-19T08:56:58.2601160Z Collecting py>=1.8.2
2022-05-19T08:56:58.2682282Z   Downloading py-1.11.0-py2.py3-none-any.whl (98 kB)
2022-05-19T08:56:58.2738040Z      ━━━━━━━━━━━━━━━━━━━━━━━━━━━━━━━━━━━━━━━━ 98.7/98.7 kB 30.6 MB/s eta 0:00:00
2022-05-19T08:56:58.3053899Z Collecting pluggy<2.0,>=0.12
2022-05-19T08:56:58.3150198Z   Downloading pluggy-1.0.0-py2.py3-none-any.whl (13 kB)
2022-05-19T08:56:58.3352137Z Collecting iniconfig
2022-05-19T08:56:58.3433068Z   Downloading iniconfig-1.1.1-py2.py3-none-any.whl (5.0 kB)
2022-05-19T08:56:58.3754881Z Collecting tomli>=1.0.0
2022-05-19T08:56:58.3836630Z   Downloading tomli-2.0.1-py3-none-any.whl (12 kB)
2022-05-19T08:56:58.4203073Z Collecting attrs>=19.2.0
2022-05-19T08:56:58.4283228Z   Downloading attrs-21.4.0-py2.py3-none-any.whl (60 kB)
2022-05-19T08:56:58.4338379Z      ━━━━━━━━━━━━━━━━━━━━━━━━━━━━━━━━━━━━━━━━ 60.6/60.6 kB 17.2 MB/s eta 0:00:00
2022-05-19T08:56:58.4773408Z Collecting packaging
2022-05-19T08:56:58.4857067Z   Downloading packaging-21.3-py3-none-any.whl (40 kB)
2022-05-19T08:56:58.4902164Z      ━━━━━━━━━━━━━━━━━━━━━━━━━━━━━━━━━━━━━━━━ 40.8/40.8 kB 14.9 MB/s eta 0:00:00
2022-05-19T08:56:58.6037072Z Collecting pyparsing!=3.0.5,>=2.0.2
2022-05-19T08:56:58.6116604Z   Downloading pyparsing-3.0.9-py3-none-any.whl (98 kB)
2022-05-19T08:56:58.6175854Z      ━━━━━━━━━━━━━━━━━━━━━━━━━━━━━━━━━━━━━━━━ 98.3/98.3 kB 31.7 MB/s eta 0:00:00
2022-05-19T08:56:58.7173172Z Installing collected packages: iniconfig, tomli, pyparsing, py, pluggy, attrs, packaging, pytest
2022-05-19T08:56:59.1442431Z Successfully installed attrs-21.4.0 iniconfig-1.1.1 packaging-21.3 pluggy-1.0.0 py-1.11.0 pyparsing-3.0.9 pytest-7.1.2 tomli-2.0.1
2022-05-19T08:56:59.3075270Z ##[group]Run python -m pytest
2022-05-19T08:56:59.3075534Z [36;1mpython -m pytest[0m
2022-05-19T08:56:59.3121975Z shell: /usr/bin/bash -e {0}
2022-05-19T08:56:59.3122164Z env:
2022-05-19T08:56:59.3122392Z   pythonLocation: /opt/hostedtoolcache/Python/3.9.12/x64
2022-05-19T08:56:59.3122664Z   LD_LIBRARY_PATH: /opt/hostedtoolcache/Python/3.9.12/x64/lib
2022-05-19T08:56:59.3122889Z ##[endgroup]
2022-05-19T08:57:02.3268661Z ============================= test session starts ==============================
2022-05-19T08:57:02.3269470Z platform linux -- Python 3.9.12, pytest-7.1.2, pluggy-1.0.0
2022-05-19T08:57:02.3269837Z rootdir: /home/runner/work/pycorrector/pycorrector
2022-05-19T08:57:02.3270146Z collected 29 items / 11 errors
2022-05-19T08:57:02.3270339Z 
2022-05-19T08:57:02.3270523Z ==================================== ERRORS ====================================
2022-05-19T08:57:02.3270871Z ________________ ERROR collecting tests/bert_corrector_test.py _________________
2022-05-19T08:57:02.3271801Z ImportError while importing test module '/home/runner/work/pycorrector/pycorrector/tests/bert_corrector_test.py'.
2022-05-19T08:57:02.3272244Z Hint: make sure your test modules/packages have valid Python names.
2022-05-19T08:57:02.3272536Z Traceback:
2022-05-19T08:57:02.3272874Z /opt/hostedtoolcache/Python/3.9.12/x64/lib/python3.9/importlib/__init__.py:127: in import_module
2022-05-19T08:57:02.3273262Z     return _bootstrap._gcd_import(name[level:], package, level)
2022-05-19T08:57:02.3273860Z tests/bert_corrector_test.py:9: in <module>
2022-05-19T08:57:02.3274176Z     from pycorrector.bert import bert_corrector
2022-05-19T08:57:02.3274505Z pycorrector/bert/bert_corrector.py:12: in <module>
2022-05-19T08:57:02.3275124Z     from transformers import pipeline
2022-05-19T08:57:02.3275752Z E   ModuleNotFoundError: No module named 'transformers'
2022-05-19T08:57:02.3276237Z ___________________ ERROR collecting tests/detector_test.py ____________________
2022-05-19T08:57:02.3276947Z ImportError while importing test module '/home/runner/work/pycorrector/pycorrector/tests/detector_test.py'.
2022-05-19T08:57:02.3277514Z Hint: make sure your test modules/packages have valid Python names.
2022-05-19T08:57:02.3277913Z Traceback:
2022-05-19T08:57:02.3278279Z pycorrector/detector.py:72: in _initialize_detector
2022-05-19T08:57:02.3278809Z     import kenlm
2022-05-19T08:57:02.3279357Z E   ModuleNotFoundError: No module named 'kenlm'
2022-05-19T08:57:02.3279592Z 
2022-05-19T08:57:02.3279946Z During handling of the above exception, another exception occurred:
2022-05-19T08:57:02.3280351Z /opt/hostedtoolcache/Python/3.9.12/x64/lib/python3.9/importlib/__init__.py:127: in import_module
2022-05-19T08:57:02.3280737Z     return _bootstrap._gcd_import(name[level:], package, level)
2022-05-19T08:57:02.3281055Z tests/detector_test.py:71: in <module>
2022-05-19T08:57:02.3281324Z     print(i, d.detect(i))
2022-05-19T08:57:02.3281607Z pycorrector/detector.py:348: in detect
2022-05-19T08:57:02.3281910Z     self.check_detector_initialized()
2022-05-19T08:57:02.3282237Z pycorrector/detector.py:114: in check_detector_initialized
2022-05-19T08:57:02.3282533Z     self._initialize_detector()
2022-05-19T08:57:02.3282838Z pycorrector/detector.py:74: in _initialize_detector
2022-05-19T08:57:02.3283288Z     raise ImportError('pycorrector dependencies are not fully installed, '
2022-05-19T08:57:02.3283827Z E   ImportError: pycorrector dependencies are not fully installed, they are required for statistical language model.Please use "pip install kenlm" to install it.if you are Win, Please install kenlm in cgwin.
2022-05-19T08:57:02.3284314Z _______________ ERROR collecting tests/en_spell_bug_fix_test.py ________________
2022-05-19T08:57:02.3284670Z tests/en_spell_bug_fix_test.py:14: in <module>
2022-05-19T08:57:02.3284952Z     spell.check_init()
2022-05-19T08:57:02.3285235Z pycorrector/en_spell.py:45: in check_init
2022-05-19T08:57:02.3285494Z     self._init()
2022-05-19T08:57:02.3285770Z pycorrector/en_spell.py:33: in _init
2022-05-19T08:57:02.3286354Z     all_word_freq_dict = json.loads(f.read(), encoding="utf-8")
2022-05-19T08:57:02.3286778Z /opt/hostedtoolcache/Python/3.9.12/x64/lib/python3.9/json/__init__.py:359: in loads
2022-05-19T08:57:02.3287097Z     return cls(**kw).decode(s)
2022-05-19T08:57:02.3287513Z E   TypeError: __init__() got an unexpected keyword argument 'encoding'
2022-05-19T08:57:02.3287888Z _______________ ERROR collecting tests/en_spell_correct_test.py ________________
2022-05-19T08:57:02.3288422Z ImportError while importing test module '/home/runner/work/pycorrector/pycorrector/tests/en_spell_correct_test.py'.
2022-05-19T08:57:02.3288834Z Hint: make sure your test modules/packages have valid Python names.
2022-05-19T08:57:02.3289627Z Traceback:
2022-05-19T08:57:02.3290284Z /opt/hostedtoolcache/Python/3.9.12/x64/lib/python3.9/importlib/__init__.py:127: in import_module
2022-05-19T08:57:02.3291555Z     return _bootstrap._gcd_import(name[level:], package, level)
2022-05-19T08:57:02.3291953Z tests/en_spell_correct_test.py:11: in <module>
2022-05-19T08:57:02.3292235Z     from pycorrector.en_spell import en_correct, spell, en_probability
2022-05-19T08:57:02.3292802Z E   ImportError: cannot import name 'en_correct' from 'pycorrector.en_spell' (/home/runner/work/pycorrector/pycorrector/pycorrector/en_spell.py)
2022-05-19T08:57:02.3293182Z ______________ ERROR collecting tests/ernie_csc_corrector_test.py ______________
2022-05-19T08:57:02.3296487Z ImportError while importing test module '/home/runner/work/pycorrector/pycorrector/tests/ernie_csc_corrector_test.py'.
2022-05-19T08:57:02.3296916Z Hint: make sure your test modules/packages have valid Python names.
2022-05-19T08:57:02.3297508Z Traceback:
2022-05-19T08:57:02.3297761Z /opt/hostedtoolcache/Python/3.9.12/x64/lib/python3.9/importlib/__init__.py:127: in import_module
2022-05-19T08:57:02.3298083Z     return _bootstrap._gcd_import(name[level:], package, level)
2022-05-19T08:57:02.3298349Z tests/ernie_csc_corrector_test.py:19: in <module>
2022-05-19T08:57:02.3298655Z     from pycorrector.ernie_csc.ernie_csc_corrector import ErnieCSCCorrector
2022-05-19T08:57:02.3298949Z pycorrector/ernie_csc/ernie_csc_corrector.py:14: in <module>
2022-05-19T08:57:02.3299199Z     from paddlenlp import Taskflow
2022-05-19T08:57:02.3299520Z E   ModuleNotFoundError: No module named 'paddlenlp'
2022-05-19T08:57:02.3299791Z _________________ ERROR collecting tests/file_correct_test.py __________________
2022-05-19T08:57:02.3300050Z tests/file_correct_test.py:10: in <module>
2022-05-19T08:57:02.3300264Z     in_file = sys.argv[1]
2022-05-19T08:57:02.3300459Z E   IndexError: list index out of range
2022-05-19T08:57:02.3300712Z _____________________ ERROR collecting tests/kenlm_test.py _____________________
2022-05-19T08:57:02.3301142Z ImportError while importing test module '/home/runner/work/pycorrector/pycorrector/tests/kenlm_test.py'.
2022-05-19T08:57:02.3301484Z Hint: make sure your test modules/packages have valid Python names.
2022-05-19T08:57:02.3301703Z Traceback:
2022-05-19T08:57:02.3301968Z /opt/hostedtoolcache/Python/3.9.12/x64/lib/python3.9/importlib/__init__.py:127: in import_module
2022-05-19T08:57:02.3302282Z     return _bootstrap._gcd_import(name[level:], package, level)
2022-05-19T08:57:02.3302513Z tests/kenlm_test.py:6: in <module>
2022-05-19T08:57:02.3302708Z     import kenlm
2022-05-19T08:57:02.3302985Z E   ModuleNotFoundError: No module named 'kenlm'
2022-05-19T08:57:02.3303251Z _______________ ERROR collecting tests/macbert_corrector_test.py _______________
2022-05-19T08:57:02.3303706Z ImportError while importing test module '/home/runner/work/pycorrector/pycorrector/tests/macbert_corrector_test.py'.
2022-05-19T08:57:02.3304055Z Hint: make sure your test modules/packages have valid Python names.
2022-05-19T08:57:02.3304282Z Traceback:
2022-05-19T08:57:02.3304530Z /opt/hostedtoolcache/Python/3.9.12/x64/lib/python3.9/importlib/__init__.py:127: in import_module
2022-05-19T08:57:02.3304845Z     return _bootstrap._gcd_import(name[level:], package, level)
2022-05-19T08:57:02.3305296Z tests/macbert_corrector_test.py:10: in <module>
2022-05-19T08:57:02.3305571Z     from pycorrector.macbert import macbert_corrector
2022-05-19T08:57:02.3305846Z pycorrector/macbert/macbert_corrector.py:10: in <module>
2022-05-19T08:57:02.3306129Z     from transformers import BertTokenizer, BertForMaskedLM
2022-05-19T08:57:02.3306495Z E   ModuleNotFoundError: No module named 'transformers'
2022-05-19T08:57:02.3306783Z ________ ERROR collecting tests/simplified_traditional_sentence_test.py ________
2022-05-19T08:57:02.3307282Z ImportError while importing test module '/home/runner/work/pycorrector/pycorrector/tests/simplified_traditional_sentence_test.py'.
2022-05-19T08:57:02.3307650Z Hint: make sure your test modules/packages have valid Python names.
2022-05-19T08:57:02.3307864Z Traceback:
2022-05-19T08:57:02.3308126Z /opt/hostedtoolcache/Python/3.9.12/x64/lib/python3.9/importlib/__init__.py:127: in import_module
2022-05-19T08:57:02.3308437Z     return _bootstrap._gcd_import(name[level:], package, level)
2022-05-19T08:57:02.3308829Z tests/simplified_traditional_sentence_test.py:10: in <module>
2022-05-19T08:57:02.3309040Z     import opencc
2022-05-19T08:57:02.3309334Z E   ModuleNotFoundError: No module named 'opencc'
2022-05-19T08:57:02.3309605Z _____________________ ERROR collecting tests/speed_test.py _____________________
2022-05-19T08:57:02.3310017Z ImportError while importing test module '/home/runner/work/pycorrector/pycorrector/tests/speed_test.py'.
2022-05-19T08:57:02.3310354Z Hint: make sure your test modules/packages have valid Python names.
2022-05-19T08:57:02.3310580Z Traceback:
2022-05-19T08:57:02.3310781Z pycorrector/detector.py:72: in _initialize_detector
2022-05-19T08:57:02.3310996Z     import kenlm
2022-05-19T08:57:02.3311276Z E   ModuleNotFoundError: No module named 'kenlm'
2022-05-19T08:57:02.3311426Z 
2022-05-19T08:57:02.3311566Z During handling of the above exception, another exception occurred:
2022-05-19T08:57:02.3311882Z /opt/hostedtoolcache/Python/3.9.12/x64/lib/python3.9/importlib/__init__.py:127: in import_module
2022-05-19T08:57:02.3312200Z     return _bootstrap._gcd_import(name[level:], package, level)
2022-05-19T08:57:02.3312445Z tests/speed_test.py:38: in <module>
2022-05-19T08:57:02.3312636Z     idx_errors = detect(line)
2022-05-19T08:57:02.3312849Z pycorrector/detector.py:348: in detect
2022-05-19T08:57:02.3313075Z     self.check_detector_initialized()
2022-05-19T08:57:02.3313315Z pycorrector/detector.py:114: in check_detector_initialized
2022-05-19T08:57:02.3313911Z     self._initialize_detector()
2022-05-19T08:57:02.3314168Z pycorrector/detector.py:74: in _initialize_detector
2022-05-19T08:57:02.3314552Z     raise ImportError('pycorrector dependencies are not fully installed, '
2022-05-19T08:57:02.3315040Z E   ImportError: pycorrector dependencies are not fully installed, they are required for statistical language model.Please use "pip install kenlm" to install it.if you are Win, Please install kenlm in cgwin.
2022-05-19T08:57:02.3315497Z ____________________ ERROR collecting tests/trigram_test.py ____________________
2022-05-19T08:57:02.3315756Z tests/trigram_test.py:13: in <module>
2022-05-19T08:57:02.3315973Z     c.check_corrector_initialized()
2022-05-19T08:57:02.3316545Z E   AttributeError: module 'pycorrector.corrector' has no attribute 'check_corrector_initialized'
2022-05-19T08:57:02.3316858Z =============================== warnings summary ===============================
2022-05-19T08:57:02.3317091Z pycorrector/utils/text_utils.py:106
2022-05-19T08:57:02.3317416Z   /home/runner/work/pycorrector/pycorrector/pycorrector/utils/text_utils.py:106: DeprecationWarning: invalid escape sequence \s
2022-05-19T08:57:02.3318474Z     return re.sub("[\s+\.\!\/<>“”,$%^*(+\"\']+|[+——！，。？、~@#￥%……&*（）]+", "", strs.strip())
2022-05-19T08:57:02.3318653Z 
2022-05-19T08:57:02.3318931Z -- Docs: https://docs.pytest.org/en/stable/how-to/capture-warnings.html
2022-05-19T08:57:02.3319235Z =========================== short test summary info ============================
2022-05-19T08:57:02.3319591Z ERROR tests/bert_corrector_test.py
2022-05-19T08:57:02.3319824Z ERROR tests/detector_test.py
2022-05-19T08:57:02.3320180Z ERROR tests/en_spell_bug_fix_test.py - TypeError: __init__() got an unexpecte...
2022-05-19T08:57:02.3320436Z ERROR tests/en_spell_correct_test.py
2022-05-19T08:57:02.3320664Z ERROR tests/ernie_csc_corrector_test.py
2022-05-19T08:57:02.3321006Z ERROR tests/file_correct_test.py - IndexError: list index out of range
2022-05-19T08:57:02.3321251Z ERROR tests/kenlm_test.py
2022-05-19T08:57:02.3321446Z ERROR tests/macbert_corrector_test.py
2022-05-19T08:57:02.3321692Z ERROR tests/simplified_traditional_sentence_test.py
2022-05-19T08:57:02.3321922Z ERROR tests/speed_test.py
2022-05-19T08:57:02.3322264Z ERROR tests/trigram_test.py - AttributeError: module 'pycorrector.corrector' ...
2022-05-19T08:57:02.3322581Z !!!!!!!!!!!!!!!!!!! Interrupted: 11 errors during collection !!!!!!!!!!!!!!!!!!!
2022-05-19T08:57:02.3322842Z ======================== 1 warning, 11 errors in 2.80s =========================
2022-05-19T08:57:02.5164206Z ##[error]Process completed with exit code 2.
2022-05-19T08:57:02.5227851Z Post job cleanup.
2022-05-19T08:57:02.6516193Z [command]/usr/bin/git version
2022-05-19T08:57:02.6571614Z git version 2.36.1
2022-05-19T08:57:02.6629584Z Temporarily overriding HOME='/home/runner/work/_temp/eccc3d4a-a933-4862-a26b-8d90ae9cdca9' before making global git config changes
2022-05-19T08:57:02.6630430Z Adding repository directory to the temporary git global config as a safe directory
2022-05-19T08:57:02.6634121Z [command]/usr/bin/git config --global --add safe.directory /home/runner/work/pycorrector/pycorrector
2022-05-19T08:57:02.6676090Z [command]/usr/bin/git config --local --name-only --get-regexp core\.sshCommand
2022-05-19T08:57:02.6711060Z [command]/usr/bin/git submodule foreach --recursive git config --local --name-only --get-regexp 'core\.sshCommand' && git config --local --unset-all 'core.sshCommand' || :
2022-05-19T08:57:02.6969870Z [command]/usr/bin/git config --local --name-only --get-regexp http\.https\:\/\/github\.com\/\.extraheader
2022-05-19T08:57:02.7037062Z http.https://github.com/.extraheader
2022-05-19T08:57:02.7047172Z [command]/usr/bin/git config --local --unset-all http.https://github.com/.extraheader
2022-05-19T08:57:02.7084403Z [command]/usr/bin/git submodule foreach --recursive git config --local --name-only --get-regexp 'http\.https\:\/\/github\.com\/\.extraheader' && git config --local --unset-all 'http.https://github.com/.extraheader' || :
2022-05-19T08:57:02.7605732Z Cleaning up orphan processes