2022-06-01T15:39:13.8020634Z Requested labels: ubuntu-20.04
2022-06-01T15:39:13.8020721Z Job defined at: ros/rosdistro/.github/workflows/build_test.yaml@refs/heads/update_bond_branch
2022-06-01T15:39:13.8020755Z Waiting for a runner to pick up this job...
2022-06-01T15:39:15.6951914Z Job is waiting for a hosted runner to come online.
2022-06-01T15:39:19.1494153Z Job is about to start running on the hosted runner: Hosted Agent (hosted)
2022-06-01T15:39:22.6641882Z Current runner version: '2.291.1'
2022-06-01T15:39:22.6673727Z ##[group]Operating System
2022-06-01T15:39:22.6674407Z Ubuntu
2022-06-01T15:39:22.6674731Z 20.04.4
2022-06-01T15:39:22.6675098Z LTS
2022-06-01T15:39:22.6675460Z ##[endgroup]
2022-06-01T15:39:22.6675850Z ##[group]Virtual Environment
2022-06-01T15:39:22.6676216Z Environment: ubuntu-20.04
2022-06-01T15:39:22.6676586Z Version: 20220515.1
2022-06-01T15:39:22.6677237Z Included Software: https://github.com/actions/virtual-environments/blob/ubuntu20/20220515.1/images/linux/Ubuntu2004-Readme.md
2022-06-01T15:39:22.6677928Z Image Release: https://github.com/actions/virtual-environments/releases/tag/ubuntu20%2F20220515.1
2022-06-01T15:39:22.6678436Z ##[endgroup]
2022-06-01T15:39:22.6678832Z ##[group]Virtual Environment Provisioner
2022-06-01T15:39:22.6679192Z 1.0.0.0-main-20220516-1
2022-06-01T15:39:22.6679610Z ##[endgroup]
2022-06-01T15:39:22.6680683Z ##[group]GITHUB_TOKEN Permissions
2022-06-01T15:39:22.6681375Z Actions: write
2022-06-01T15:39:22.6681931Z Checks: write
2022-06-01T15:39:22.6682397Z Contents: write
2022-06-01T15:39:22.6682704Z Deployments: write
2022-06-01T15:39:22.6683069Z Discussions: write
2022-06-01T15:39:22.6683462Z Issues: write
2022-06-01T15:39:22.6683814Z Metadata: read
2022-06-01T15:39:22.6684134Z Packages: write
2022-06-01T15:39:22.6684476Z Pages: write
2022-06-01T15:39:22.6684841Z PullRequests: write
2022-06-01T15:39:22.6685232Z RepositoryProjects: write
2022-06-01T15:39:22.6685629Z SecurityEvents: write
2022-06-01T15:39:22.6685989Z Statuses: write
2022-06-01T15:39:22.6686293Z ##[endgroup]
2022-06-01T15:39:22.6693164Z Secret source: Actions
2022-06-01T15:39:22.6693858Z Prepare workflow directory
2022-06-01T15:39:22.7767831Z Prepare all required actions
2022-06-01T15:39:22.7997794Z Getting action download info
2022-06-01T15:39:23.0096000Z Download action repository 'actions/checkout@v2' (SHA:7884fcad6b5d53d10323aee724dc68d8b9096a2e)
2022-06-01T15:39:23.4131972Z Download action repository 'actions/setup-python@v1' (SHA:152ba7c4dd6521b8e9c93f72d362ce03bf6c4f20)
2022-06-01T15:39:23.8854842Z ##[group]Run actions/checkout@v2
2022-06-01T15:39:23.8855441Z with:
2022-06-01T15:39:23.8855881Z   repository: ros/rosdistro
2022-06-01T15:39:23.8856623Z   token: ***
2022-06-01T15:39:23.8856921Z   ssh-strict: true
2022-06-01T15:39:23.8857258Z   persist-credentials: true
2022-06-01T15:39:23.8857610Z   clean: true
2022-06-01T15:39:23.8857889Z   fetch-depth: 1
2022-06-01T15:39:23.8858180Z   lfs: false
2022-06-01T15:39:23.8858469Z   submodules: false
2022-06-01T15:39:23.8858784Z   set-safe-directory: true
2022-06-01T15:39:23.8859119Z ##[endgroup]
2022-06-01T15:39:24.2659339Z Syncing repository: ros/rosdistro
2022-06-01T15:39:24.2661954Z ##[group]Getting Git version info
2022-06-01T15:39:24.2663388Z Working directory is '/home/runner/work/rosdistro/rosdistro'
2022-06-01T15:39:24.2663998Z [command]/usr/bin/git version
2022-06-01T15:39:24.2830613Z git version 2.36.1
2022-06-01T15:39:24.2859033Z ##[endgroup]
2022-06-01T15:39:24.2881543Z Temporarily overriding HOME='/home/runner/work/_temp/aec7a58c-7b80-42e9-9828-bf789933b849' before making global git config changes
2022-06-01T15:39:24.2882068Z Adding repository directory to the temporary git global config as a safe directory
2022-06-01T15:39:24.2885504Z [command]/usr/bin/git config --global --add safe.directory /home/runner/work/rosdistro/rosdistro
2022-06-01T15:39:24.2934010Z Deleting the contents of '/home/runner/work/rosdistro/rosdistro'
2022-06-01T15:39:24.2943308Z ##[group]Initializing the repository
2022-06-01T15:39:24.2948259Z [command]/usr/bin/git init /home/runner/work/rosdistro/rosdistro
2022-06-01T15:39:24.3035366Z hint: Using 'master' as the name for the initial branch. This default branch name
2022-06-01T15:39:24.3036307Z hint: is subject to change. To configure the initial branch name to use in all
2022-06-01T15:39:24.3037848Z hint: of your new repositories, which will suppress this warning, call:
2022-06-01T15:39:24.3038922Z hint: 
2022-06-01T15:39:24.3040460Z hint: 	git config --global init.defaultBranch <name>
2022-06-01T15:39:24.3041787Z hint: 
2022-06-01T15:39:24.3042901Z hint: Names commonly chosen instead of 'master' are 'main', 'trunk' and
2022-06-01T15:39:24.3043800Z hint: 'development'. The just-created branch can be renamed via this command:
2022-06-01T15:39:24.3044781Z hint: 
2022-06-01T15:39:24.3045524Z hint: 	git branch -m <name>
2022-06-01T15:39:24.3047788Z Initialized empty Git repository in /home/runner/work/rosdistro/rosdistro/.git/
2022-06-01T15:39:24.3057835Z [command]/usr/bin/git remote add origin https://github.com/ros/rosdistro
2022-06-01T15:39:24.3145472Z ##[endgroup]
2022-06-01T15:39:24.3146601Z ##[group]Disabling automatic garbage collection
2022-06-01T15:39:24.3150504Z [command]/usr/bin/git config --local gc.auto 0
2022-06-01T15:39:24.3184145Z ##[endgroup]
2022-06-01T15:39:24.3185150Z ##[group]Setting up auth
2022-06-01T15:39:24.3194152Z [command]/usr/bin/git config --local --name-only --get-regexp core\.sshCommand
2022-06-01T15:39:24.3235608Z [command]/usr/bin/git submodule foreach --recursive git config --local --name-only --get-regexp 'core\.sshCommand' && git config --local --unset-all 'core.sshCommand' || :
2022-06-01T15:39:24.3691869Z [command]/usr/bin/git config --local --name-only --get-regexp http\.https\:\/\/github\.com\/\.extraheader
2022-06-01T15:39:24.3721177Z [command]/usr/bin/git submodule foreach --recursive git config --local --name-only --get-regexp 'http\.https\:\/\/github\.com\/\.extraheader' && git config --local --unset-all 'http.https://github.com/.extraheader' || :
2022-06-01T15:39:24.3986071Z [command]/usr/bin/git config --local http.https://github.com/.extraheader AUTHORIZATION: basic ***
2022-06-01T15:39:24.4023877Z ##[endgroup]
2022-06-01T15:39:24.4025021Z ##[group]Fetching the repository
2022-06-01T15:39:24.4034769Z [command]/usr/bin/git -c protocol.version=2 fetch --no-tags --prune --progress --no-recurse-submodules --depth=1 origin +523f3f143229a833c79b014e7db0403fb5972794:refs/remotes/origin/update_bond_branch
2022-06-01T15:39:24.6598250Z remote: Enumerating objects: 684, done.        
2022-06-01T15:39:24.6644413Z remote: Counting objects:   0% (1/684)        
2022-06-01T15:39:24.6644758Z remote: Counting objects:   1% (7/684)        
2022-06-01T15:39:24.6645471Z remote: Counting objects:   2% (14/684)        
2022-06-01T15:39:24.6645765Z remote: Counting objects:   3% (21/684)        
2022-06-01T15:39:24.6646060Z remote: Counting objects:   4% (28/684)        
2022-06-01T15:39:24.6646357Z remote: Counting objects:   5% (35/684)        
2022-06-01T15:39:24.6646640Z remote: Counting objects:   6% (42/684)        
2022-06-01T15:39:24.6646933Z remote: Counting objects:   7% (48/684)        
2022-06-01T15:39:24.6647227Z remote: Counting objects:   8% (55/684)        
2022-06-01T15:39:24.6647501Z remote: Counting objects:   9% (62/684)        
2022-06-01T15:39:24.6647797Z remote: Counting objects:  10% (69/684)        
2022-06-01T15:39:24.6648087Z remote: Counting objects:  11% (76/684)        
2022-06-01T15:39:24.6648376Z remote: Counting objects:  12% (83/684)        
2022-06-01T15:39:24.6648667Z remote: Counting objects:  13% (89/684)        
2022-06-01T15:39:24.6648955Z remote: Counting objects:  14% (96/684)        
2022-06-01T15:39:24.6649250Z remote: Counting objects:  15% (103/684)        
2022-06-01T15:39:24.6649540Z remote: Counting objects:  16% (110/684)        
2022-06-01T15:39:24.6649833Z remote: Counting objects:  17% (117/684)        
2022-06-01T15:39:24.6650129Z remote: Counting objects:  18% (124/684)        
2022-06-01T15:39:24.6650408Z remote: Counting objects:  19% (130/684)        
2022-06-01T15:39:24.6650697Z remote: Counting objects:  20% (137/684)        
2022-06-01T15:39:24.6650988Z remote: Counting objects:  21% (144/684)        
2022-06-01T15:39:24.6651263Z remote: Counting objects:  22% (151/684)        
2022-06-01T15:39:24.6651556Z remote: Counting objects:  23% (158/684)        
2022-06-01T15:39:24.6651845Z remote: Counting objects:  24% (165/684)        
2022-06-01T15:39:24.6652131Z remote: Counting objects:  25% (171/684)        
2022-06-01T15:39:24.6652700Z remote: Counting objects:  26% (178/684)        
2022-06-01T15:39:24.6653009Z remote: Counting objects:  27% (185/684)        
2022-06-01T15:39:24.6653315Z remote: Counting objects:  28% (192/684)        
2022-06-01T15:39:24.6653607Z remote: Counting objects:  29% (199/684)        
2022-06-01T15:39:24.6653884Z remote: Counting objects:  30% (206/684)        
2022-06-01T15:39:24.6654174Z remote: Counting objects:  31% (213/684)        
2022-06-01T15:39:24.6654466Z remote: Counting objects:  32% (219/684)        
2022-06-01T15:39:24.6656280Z remote: Counting objects:  33% (226/684)        
2022-06-01T15:39:24.6656622Z remote: Counting objects:  34% (233/684)        
2022-06-01T15:39:24.6656919Z remote: Counting objects:  35% (240/684)        
2022-06-01T15:39:24.6657195Z remote: Counting objects:  36% (247/684)        
2022-06-01T15:39:24.6657484Z remote: Counting objects:  37% (254/684)        
2022-06-01T15:39:24.6657773Z remote: Counting objects:  38% (260/684)        
2022-06-01T15:39:24.6658072Z remote: Counting objects:  39% (267/684)        
2022-06-01T15:39:24.6658350Z remote: Counting objects:  40% (274/684)        
2022-06-01T15:39:24.6658637Z remote: Counting objects:  41% (281/684)        
2022-06-01T15:39:24.6658922Z remote: Counting objects:  42% (288/684)        
2022-06-01T15:39:24.6659196Z remote: Counting objects:  43% (295/684)        
2022-06-01T15:39:24.6659479Z remote: Counting objects:  44% (301/684)        
2022-06-01T15:39:24.6659763Z remote: Counting objects:  45% (308/684)        
2022-06-01T15:39:24.6660036Z remote: Counting objects:  46% (315/684)        
2022-06-01T15:39:24.6660321Z remote: Counting objects:  47% (322/684)        
2022-06-01T15:39:24.6660607Z remote: Counting objects:  48% (329/684)        
2022-06-01T15:39:24.6660879Z remote: Counting objects:  49% (336/684)        
2022-06-01T15:39:24.6661169Z remote: Counting objects:  50% (342/684)        
2022-06-01T15:39:24.6661454Z remote: Counting objects:  51% (349/684)        
2022-06-01T15:39:24.6661939Z remote: Counting objects:  52% (356/684)        
2022-06-01T15:39:24.6662247Z remote: Counting objects:  53% (363/684)        
2022-06-01T15:39:24.6662537Z remote: Counting objects:  54% (370/684)        
2022-06-01T15:39:24.6662826Z remote: Counting objects:  55% (377/684)        
2022-06-01T15:39:24.6663096Z remote: Counting objects:  56% (384/684)        
2022-06-01T15:39:24.6663378Z remote: Counting objects:  57% (390/684)        
2022-06-01T15:39:24.6663664Z remote: Counting objects:  58% (397/684)        
2022-06-01T15:39:24.6664006Z remote: Counting objects:  59% (404/684)        
2022-06-01T15:39:24.6665239Z remote: Counting objects:  60% (411/684)        
2022-06-01T15:39:24.6665547Z remote: Counting objects:  61% (418/684)        
2022-06-01T15:39:24.6665836Z remote: Counting objects:  62% (425/684)        
2022-06-01T15:39:24.6666112Z remote: Counting objects:  63% (431/684)        
2022-06-01T15:39:24.6666397Z remote: Counting objects:  64% (438/684)        
2022-06-01T15:39:24.6666691Z remote: Counting objects:  65% (445/684)        
2022-06-01T15:39:24.6666970Z remote: Counting objects:  66% (452/684)        
2022-06-01T15:39:24.6667255Z remote: Counting objects:  67% (459/684)        
2022-06-01T15:39:24.6667541Z remote: Counting objects:  68% (466/684)        
2022-06-01T15:39:24.6667826Z remote: Counting objects:  69% (472/684)        
2022-06-01T15:39:24.6668100Z remote: Counting objects:  70% (479/684)        
2022-06-01T15:39:24.6668382Z remote: Counting objects:  71% (486/684)        
2022-06-01T15:39:24.6668667Z remote: Counting objects:  72% (493/684)        
2022-06-01T15:39:24.6668938Z remote: Counting objects:  73% (500/684)        
2022-06-01T15:39:24.6669222Z remote: Counting objects:  74% (507/684)        
2022-06-01T15:39:24.6669506Z remote: Counting objects:  75% (513/684)        
2022-06-01T15:39:24.6669776Z remote: Counting objects:  76% (520/684)        
2022-06-01T15:39:24.6670059Z remote: Counting objects:  77% (527/684)        
2022-06-01T15:39:24.6670353Z remote: Counting objects:  78% (534/684)        
2022-06-01T15:39:24.6670813Z remote: Counting objects:  79% (541/684)        
2022-06-01T15:39:24.6671103Z remote: Counting objects:  80% (548/684)        
2022-06-01T15:39:24.6671390Z remote: Counting objects:  81% (555/684)        
2022-06-01T15:39:24.6671676Z remote: Counting objects:  82% (561/684)        
2022-06-01T15:39:24.6671948Z remote: Counting objects:  83% (568/684)        
2022-06-01T15:39:24.6672235Z remote: Counting objects:  84% (575/684)        
2022-06-01T15:39:24.6672523Z remote: Counting objects:  85% (582/684)        
2022-06-01T15:39:24.6672798Z remote: Counting objects:  86% (589/684)        
2022-06-01T15:39:24.6673081Z remote: Counting objects:  87% (596/684)        
2022-06-01T15:39:24.6673625Z remote: Counting objects:  88% (602/684)        
2022-06-01T15:39:24.6673919Z remote: Counting objects:  89% (609/684)        
2022-06-01T15:39:24.6674209Z remote: Counting objects:  90% (616/684)        
2022-06-01T15:39:24.6674500Z remote: Counting objects:  91% (623/684)        
2022-06-01T15:39:24.6674786Z remote: Counting objects:  92% (630/684)        
2022-06-01T15:39:24.6675079Z remote: Counting objects:  93% (637/684)        
2022-06-01T15:39:24.6675367Z remote: Counting objects:  94% (643/684)        
2022-06-01T15:39:24.6675654Z remote: Counting objects:  95% (650/684)        
2022-06-01T15:39:24.6675928Z remote: Counting objects:  96% (657/684)        
2022-06-01T15:39:24.6676217Z remote: Counting objects:  97% (664/684)        
2022-06-01T15:39:24.6676503Z remote: Counting objects:  98% (671/684)        
2022-06-01T15:39:24.6676775Z remote: Counting objects:  99% (678/684)        
2022-06-01T15:39:24.6677058Z remote: Counting objects: 100% (684/684)        
2022-06-01T15:39:24.6677363Z remote: Counting objects: 100% (684/684), done.        
2022-06-01T15:39:24.6677677Z remote: Compressing objects:   0% (1/601)        
2022-06-01T15:39:24.6677989Z remote: Compressing objects:   1% (7/601)        
2022-06-01T15:39:24.6678423Z remote: Compressing objects:   2% (13/601)        
2022-06-01T15:39:24.6678753Z remote: Compressing objects:   3% (19/601)        
2022-06-01T15:39:24.6679065Z remote: Compressing objects:   4% (25/601)        
2022-06-01T15:39:24.6679377Z remote: Compressing objects:   5% (31/601)        
2022-06-01T15:39:24.6679688Z remote: Compressing objects:   6% (37/601)        
2022-06-01T15:39:24.7300287Z remote: Compressing objects:   7% (43/601)        
2022-06-01T15:39:24.8394074Z remote: Compressing objects:   8% (49/601)        
2022-06-01T15:39:24.8892478Z remote: Compressing objects:   9% (55/601)        
2022-06-01T15:39:24.8893242Z remote: Compressing objects:  10% (61/601)        
2022-06-01T15:39:24.8894029Z remote: Compressing objects:  11% (67/601)        
2022-06-01T15:39:24.8894381Z remote: Compressing objects:  12% (73/601)        
2022-06-01T15:39:24.8894693Z remote: Compressing objects:  13% (79/601)        
2022-06-01T15:39:24.8895002Z remote: Compressing objects:  14% (85/601)        
2022-06-01T15:39:24.8895313Z remote: Compressing objects:  15% (91/601)        
2022-06-01T15:39:24.8895634Z remote: Compressing objects:  16% (97/601)        
2022-06-01T15:39:24.8895943Z remote: Compressing objects:  17% (103/601)        
2022-06-01T15:39:24.8896238Z remote: Compressing objects:  18% (109/601)        
2022-06-01T15:39:24.8896551Z remote: Compressing objects:  19% (115/601)        
2022-06-01T15:39:24.8896857Z remote: Compressing objects:  20% (121/601)        
2022-06-01T15:39:24.8897167Z remote: Compressing objects:  21% (127/601)        
2022-06-01T15:39:24.8897456Z remote: Compressing objects:  22% (133/601)        
2022-06-01T15:39:24.8897798Z remote: Compressing objects:  23% (139/601)        
2022-06-01T15:39:24.8898104Z remote: Compressing objects:  24% (145/601)        
2022-06-01T15:39:24.8898395Z remote: Compressing objects:  25% (151/601)        
2022-06-01T15:39:24.8898699Z remote: Compressing objects:  26% (157/601)        
2022-06-01T15:39:24.8899001Z remote: Compressing objects:  27% (163/601)        
2022-06-01T15:39:24.8899649Z remote: Compressing objects:  28% (169/601)        
2022-06-01T15:39:24.8899953Z remote: Compressing objects:  29% (175/601)        
2022-06-01T15:39:24.8900254Z remote: Compressing objects:  30% (181/601)        
2022-06-01T15:39:24.8900557Z remote: Compressing objects:  31% (187/601)        
2022-06-01T15:39:24.8900907Z remote: Compressing objects:  32% (193/601)        
2022-06-01T15:39:24.8901196Z remote: Compressing objects:  33% (199/601)        
2022-06-01T15:39:24.8901497Z remote: Compressing objects:  34% (205/601)        
2022-06-01T15:39:24.8901799Z remote: Compressing objects:  35% (211/601)        
2022-06-01T15:39:24.8902085Z remote: Compressing objects:  36% (217/601)        
2022-06-01T15:39:24.8902386Z remote: Compressing objects:  37% (223/601)        
2022-06-01T15:39:24.8902685Z remote: Compressing objects:  38% (229/601)        
2022-06-01T15:39:24.8902969Z remote: Compressing objects:  39% (235/601)        
2022-06-01T15:39:24.8903268Z remote: Compressing objects:  40% (241/601)        
2022-06-01T15:39:24.8903577Z remote: Compressing objects:  41% (247/601)        
2022-06-01T15:39:24.8903864Z remote: Compressing objects:  42% (253/601)        
2022-06-01T15:39:24.8904162Z remote: Compressing objects:  43% (259/601)        
2022-06-01T15:39:24.8904461Z remote: Compressing objects:  44% (265/601)        
2022-06-01T15:39:24.8904763Z remote: Compressing objects:  45% (271/601)        
2022-06-01T15:39:24.8905048Z remote: Compressing objects:  46% (277/601)        
2022-06-01T15:39:24.8905346Z remote: Compressing objects:  47% (283/601)        
2022-06-01T15:39:24.8905646Z remote: Compressing objects:  48% (289/601)        
2022-06-01T15:39:24.8905931Z remote: Compressing objects:  49% (295/601)        
2022-06-01T15:39:24.8906232Z remote: Compressing objects:  50% (301/601)        
2022-06-01T15:39:24.8906530Z remote: Compressing objects:  51% (307/601)        
2022-06-01T15:39:24.8906816Z remote: Compressing objects:  52% (313/601)        
2022-06-01T15:39:24.8907232Z remote: Compressing objects:  53% (319/601)        
2022-06-01T15:39:24.8907558Z remote: Compressing objects:  54% (325/601)        
2022-06-01T15:39:24.8907858Z remote: Compressing objects:  55% (331/601)        
2022-06-01T15:39:24.8908143Z remote: Compressing objects:  56% (337/601)        
2022-06-01T15:39:24.8908442Z remote: Compressing objects:  57% (343/601)        
2022-06-01T15:39:24.8908741Z remote: Compressing objects:  58% (349/601)        
2022-06-01T15:39:24.8909029Z remote: Compressing objects:  59% (355/601)        
2022-06-01T15:39:24.8909797Z remote: Compressing objects:  60% (361/601)        
2022-06-01T15:39:24.8910463Z remote: Compressing objects:  61% (367/601)        
2022-06-01T15:39:24.8910781Z remote: Compressing objects:  62% (373/601)        
2022-06-01T15:39:24.8911082Z remote: Compressing objects:  63% (379/601)        
2022-06-01T15:39:24.8911383Z remote: Compressing objects:  64% (385/601)        
2022-06-01T15:39:24.8911669Z remote: Compressing objects:  65% (391/601)        
2022-06-01T15:39:24.8911981Z remote: Compressing objects:  66% (397/601)        
2022-06-01T15:39:24.8912283Z remote: Compressing objects:  67% (403/601)        
2022-06-01T15:39:24.8912584Z remote: Compressing objects:  68% (409/601)        
2022-06-01T15:39:24.8912871Z remote: Compressing objects:  69% (415/601)        
2022-06-01T15:39:24.8913171Z remote: Compressing objects:  70% (421/601)        
2022-06-01T15:39:24.8913671Z remote: Compressing objects:  71% (427/601)        
2022-06-01T15:39:24.8913958Z remote: Compressing objects:  72% (433/601)        
2022-06-01T15:39:24.8914258Z remote: Compressing objects:  73% (439/601)        
2022-06-01T15:39:24.8914557Z remote: Compressing objects:  74% (445/601)        
2022-06-01T15:39:24.8914842Z remote: Compressing objects:  75% (451/601)        
2022-06-01T15:39:24.8915146Z remote: Compressing objects:  76% (457/601)        
2022-06-01T15:39:24.8915447Z remote: Compressing objects:  77% (463/601)        
2022-06-01T15:39:24.8915750Z remote: Compressing objects:  78% (469/601)        
2022-06-01T15:39:24.8916209Z remote: Compressing objects:  79% (475/601)        
2022-06-01T15:39:24.8916509Z remote: Compressing objects:  80% (481/601)        
2022-06-01T15:39:24.8916811Z remote: Compressing objects:  81% (487/601)        
2022-06-01T15:39:24.8917098Z remote: Compressing objects:  82% (493/601)        
2022-06-01T15:39:24.8917397Z remote: Compressing objects:  83% (499/601)        
2022-06-01T15:39:24.8917696Z remote: Compressing objects:  84% (505/601)        
2022-06-01T15:39:24.8917982Z remote: Compressing objects:  85% (511/601)        
2022-06-01T15:39:24.8918280Z remote: Compressing objects:  86% (517/601)        
2022-06-01T15:39:24.8918581Z remote: Compressing objects:  87% (523/601)        
2022-06-01T15:39:24.8918882Z remote: Compressing objects:  88% (529/601)        
2022-06-01T15:39:24.8919169Z remote: Compressing objects:  89% (535/601)        
2022-06-01T15:39:24.8919469Z remote: Compressing objects:  90% (541/601)        
2022-06-01T15:39:24.8919778Z remote: Compressing objects:  91% (547/601)        
2022-06-01T15:39:24.8920064Z remote: Compressing objects:  92% (553/601)        
2022-06-01T15:39:24.8920364Z remote: Compressing objects:  93% (559/601)        
2022-06-01T15:39:24.8920663Z remote: Compressing objects:  94% (565/601)        
2022-06-01T15:39:24.8920948Z remote: Compressing objects:  95% (571/601)        
2022-06-01T15:39:24.8921247Z remote: Compressing objects:  96% (577/601)        
2022-06-01T15:39:24.8921546Z remote: Compressing objects:  97% (583/601)        
2022-06-01T15:39:24.8921830Z remote: Compressing objects:  98% (589/601)        
2022-06-01T15:39:24.8922129Z remote: Compressing objects:  99% (595/601)        
2022-06-01T15:39:24.8922498Z remote: Compressing objects: 100% (601/601)        
2022-06-01T15:39:24.8922885Z remote: Compressing objects: 100% (601/601), done.        
2022-06-01T15:39:24.8978654Z Receiving objects:   0% (1/684)
2022-06-01T15:39:24.9006816Z Receiving objects:   1% (7/684)
2022-06-01T15:39:24.9171958Z Receiving objects:   2% (14/684)
2022-06-01T15:39:24.9179784Z Receiving objects:   3% (21/684)
2022-06-01T15:39:24.9196184Z Receiving objects:   4% (28/684)
2022-06-01T15:39:24.9200443Z Receiving objects:   5% (35/684)
2022-06-01T15:39:24.9204292Z Receiving objects:   6% (42/684)
2022-06-01T15:39:24.9208288Z Receiving objects:   7% (48/684)
2022-06-01T15:39:24.9212258Z Receiving objects:   8% (55/684)
2022-06-01T15:39:24.9216528Z Receiving objects:   9% (62/684)
2022-06-01T15:39:24.9222538Z Receiving objects:  10% (69/684)
2022-06-01T15:39:24.9226545Z Receiving objects:  11% (76/684)
2022-06-01T15:39:24.9230210Z Receiving objects:  12% (83/684)
2022-06-01T15:39:24.9234121Z Receiving objects:  13% (89/684)
2022-06-01T15:39:24.9238336Z Receiving objects:  14% (96/684)
2022-06-01T15:39:24.9246046Z Receiving objects:  15% (103/684)
2022-06-01T15:39:24.9250422Z Receiving objects:  16% (110/684)
2022-06-01T15:39:24.9254271Z Receiving objects:  17% (117/684)
2022-06-01T15:39:24.9259866Z Receiving objects:  18% (124/684)
2022-06-01T15:39:24.9263855Z Receiving objects:  19% (130/684)
2022-06-01T15:39:24.9267672Z Receiving objects:  20% (137/684)
2022-06-01T15:39:24.9271732Z Receiving objects:  21% (144/684)
2022-06-01T15:39:24.9281127Z Receiving objects:  22% (151/684)
2022-06-01T15:39:24.9285612Z Receiving objects:  23% (158/684)
2022-06-01T15:39:24.9289343Z Receiving objects:  24% (165/684)
2022-06-01T15:39:24.9293915Z Receiving objects:  25% (171/684)
2022-06-01T15:39:24.9297761Z Receiving objects:  26% (178/684)
2022-06-01T15:39:24.9301914Z Receiving objects:  27% (185/684)
2022-06-01T15:39:24.9305938Z Receiving objects:  28% (192/684)
2022-06-01T15:39:24.9309763Z Receiving objects:  29% (199/684)
2022-06-01T15:39:24.9313912Z Receiving objects:  30% (206/684)
2022-06-01T15:39:24.9318114Z Receiving objects:  31% (213/684)
2022-06-01T15:39:24.9322119Z Receiving objects:  32% (219/684)
2022-06-01T15:39:24.9325927Z Receiving objects:  33% (226/684)
2022-06-01T15:39:24.9329869Z Receiving objects:  34% (233/684)
2022-06-01T15:39:24.9333946Z Receiving objects:  35% (240/684)
2022-06-01T15:39:24.9337737Z Receiving objects:  36% (247/684)
2022-06-01T15:39:24.9341350Z Receiving objects:  37% (254/684)
2022-06-01T15:39:24.9345527Z Receiving objects:  38% (260/684)
2022-06-01T15:39:24.9349365Z Receiving objects:  39% (267/684)
2022-06-01T15:39:24.9352930Z Receiving objects:  40% (274/684)
2022-06-01T15:39:24.9357046Z Receiving objects:  41% (281/684)
2022-06-01T15:39:24.9365532Z Receiving objects:  42% (288/684)
2022-06-01T15:39:24.9368500Z Receiving objects:  43% (295/684)
2022-06-01T15:39:24.9370815Z Receiving objects:  44% (301/684)
2022-06-01T15:39:24.9372281Z Receiving objects:  45% (308/684)
2022-06-01T15:39:24.9375419Z Receiving objects:  46% (315/684)
2022-06-01T15:39:24.9379071Z Receiving objects:  47% (322/684)
2022-06-01T15:39:24.9383451Z Receiving objects:  48% (329/684)
2022-06-01T15:39:24.9386506Z Receiving objects:  49% (336/684)
2022-06-01T15:39:24.9389783Z Receiving objects:  50% (342/684)
2022-06-01T15:39:24.9393473Z Receiving objects:  51% (349/684)
2022-06-01T15:39:24.9396657Z Receiving objects:  52% (356/684)
2022-06-01T15:39:24.9399556Z Receiving objects:  53% (363/684)
2022-06-01T15:39:24.9402710Z Receiving objects:  54% (370/684)
2022-06-01T15:39:24.9406574Z Receiving objects:  55% (377/684)
2022-06-01T15:39:24.9409963Z Receiving objects:  56% (384/684)
2022-06-01T15:39:24.9412779Z Receiving objects:  57% (390/684)
2022-06-01T15:39:24.9415775Z Receiving objects:  58% (397/684)
2022-06-01T15:39:24.9418835Z Receiving objects:  59% (404/684)
2022-06-01T15:39:24.9422314Z Receiving objects:  60% (411/684)
2022-06-01T15:39:24.9426050Z Receiving objects:  61% (418/684)
2022-06-01T15:39:24.9429392Z Receiving objects:  62% (425/684)
2022-06-01T15:39:24.9432473Z Receiving objects:  63% (431/684)
2022-06-01T15:39:24.9438529Z Receiving objects:  64% (438/684)
2022-06-01T15:39:24.9441623Z Receiving objects:  65% (445/684)
2022-06-01T15:39:24.9443709Z Receiving objects:  66% (452/684)
2022-06-01T15:39:24.9452372Z Receiving objects:  67% (459/684)
2022-06-01T15:39:24.9455825Z Receiving objects:  68% (466/684)
2022-06-01T15:39:24.9459170Z Receiving objects:  69% (472/684)
2022-06-01T15:39:24.9462283Z Receiving objects:  70% (479/684)
2022-06-01T15:39:24.9465524Z Receiving objects:  71% (486/684)
2022-06-01T15:39:24.9468578Z Receiving objects:  72% (493/684)
2022-06-01T15:39:24.9471605Z Receiving objects:  73% (500/684)
2022-06-01T15:39:24.9475550Z Receiving objects:  74% (507/684)
2022-06-01T15:39:24.9480056Z Receiving objects:  75% (513/684)
2022-06-01T15:39:24.9485947Z Receiving objects:  76% (520/684)
2022-06-01T15:39:24.9489142Z Receiving objects:  77% (527/684)
2022-06-01T15:39:24.9492508Z Receiving objects:  78% (534/684)
2022-06-01T15:39:24.9495577Z Receiving objects:  79% (541/684)
2022-06-01T15:39:24.9498543Z Receiving objects:  80% (548/684)
2022-06-01T15:39:24.9502118Z Receiving objects:  81% (555/684)
2022-06-01T15:39:24.9505277Z Receiving objects:  82% (561/684)
2022-06-01T15:39:24.9508420Z Receiving objects:  83% (568/684)
2022-06-01T15:39:24.9512368Z Receiving objects:  84% (575/684)
2022-06-01T15:39:24.9516028Z Receiving objects:  85% (582/684)
2022-06-01T15:39:24.9539184Z Receiving objects:  86% (589/684)
2022-06-01T15:39:24.9549872Z Receiving objects:  87% (596/684)
2022-06-01T15:39:24.9603728Z Receiving objects:  88% (602/684)
2022-06-01T15:39:24.9646820Z Receiving objects:  89% (609/684)
2022-06-01T15:39:24.9652672Z Receiving objects:  90% (616/684)
2022-06-01T15:39:24.9726436Z Receiving objects:  91% (623/684)
2022-06-01T15:39:24.9748165Z Receiving objects:  92% (630/684)
2022-06-01T15:39:24.9831544Z Receiving objects:  93% (637/684)
2022-06-01T15:39:24.9838481Z Receiving objects:  94% (643/684)
2022-06-01T15:39:24.9844085Z Receiving objects:  95% (650/684)
2022-06-01T15:39:24.9851175Z Receiving objects:  96% (657/684)
2022-06-01T15:39:24.9851591Z Receiving objects:  97% (664/684)
2022-06-01T15:39:24.9853189Z remote: Total 684 (delta 110), reused 493 (delta 67), pack-reused 0        
2022-06-01T15:39:24.9862203Z Receiving objects:  98% (671/684)
2022-06-01T15:39:24.9867376Z Receiving objects:  99% (678/684)
2022-06-01T15:39:24.9867770Z Receiving objects: 100% (684/684)
2022-06-01T15:39:24.9868258Z Receiving objects: 100% (684/684), 462.28 KiB | 5.02 MiB/s, done.
2022-06-01T15:39:24.9954306Z Resolving deltas:   0% (0/110)
2022-06-01T15:39:24.9970254Z Resolving deltas:   1% (2/110)
2022-06-01T15:39:24.9978201Z Resolving deltas:   2% (3/110)
2022-06-01T15:39:24.9990029Z Resolving deltas:   3% (4/110)
2022-06-01T15:39:24.9995030Z Resolving deltas:   4% (5/110)
2022-06-01T15:39:24.9998177Z Resolving deltas:   5% (6/110)
2022-06-01T15:39:25.0001385Z Resolving deltas:   6% (7/110)
2022-06-01T15:39:25.0004012Z Resolving deltas:   7% (8/110)
2022-06-01T15:39:25.0012343Z Resolving deltas:   8% (9/110)
2022-06-01T15:39:25.0018165Z Resolving deltas:   9% (10/110)
2022-06-01T15:39:25.0025282Z Resolving deltas:  10% (11/110)
2022-06-01T15:39:25.0034652Z Resolving deltas:  11% (13/110)
2022-06-01T15:39:25.0043272Z Resolving deltas:  12% (14/110)
2022-06-01T15:39:25.0059649Z Resolving deltas:  13% (15/110)
2022-06-01T15:39:25.0060548Z Resolving deltas:  14% (16/110)
2022-06-01T15:39:25.0060983Z Resolving deltas:  15% (17/110)
2022-06-01T15:39:25.0061269Z Resolving deltas:  16% (18/110)
2022-06-01T15:39:25.0061734Z Resolving deltas:  17% (19/110)
2022-06-01T15:39:25.0062063Z Resolving deltas:  18% (20/110)
2022-06-01T15:39:25.0062393Z Resolving deltas:  19% (21/110)
2022-06-01T15:39:25.0062676Z Resolving deltas:  20% (22/110)
2022-06-01T15:39:25.0063057Z Resolving deltas:  21% (24/110)
2022-06-01T15:39:25.0063390Z Resolving deltas:  22% (25/110)
2022-06-01T15:39:25.0063671Z Resolving deltas:  23% (26/110)
2022-06-01T15:39:25.0063999Z Resolving deltas:  24% (27/110)
2022-06-01T15:39:25.0064346Z Resolving deltas:  25% (28/110)
2022-06-01T15:39:25.0064664Z Resolving deltas:  26% (29/110)
2022-06-01T15:39:25.0064992Z Resolving deltas:  27% (30/110)
2022-06-01T15:39:25.0065320Z Resolving deltas:  28% (31/110)
2022-06-01T15:39:25.0065595Z Resolving deltas:  29% (32/110)
2022-06-01T15:39:25.0066226Z Resolving deltas:  30% (33/110)
2022-06-01T15:39:25.0066641Z Resolving deltas:  31% (35/110)
2022-06-01T15:39:25.0066916Z Resolving deltas:  32% (36/110)
2022-06-01T15:39:25.0067243Z Resolving deltas:  33% (37/110)
2022-06-01T15:39:25.0067583Z Resolving deltas:  34% (38/110)
2022-06-01T15:39:25.0067857Z Resolving deltas:  35% (39/110)
2022-06-01T15:39:25.0068254Z Resolving deltas:  36% (40/110)
2022-06-01T15:39:25.0068584Z Resolving deltas:  37% (41/110)
2022-06-01T15:39:25.0068858Z Resolving deltas:  38% (42/110)
2022-06-01T15:39:25.0069200Z Resolving deltas:  39% (43/110)
2022-06-01T15:39:25.0069560Z Resolving deltas:  40% (44/110)
2022-06-01T15:39:25.0069889Z Resolving deltas:  41% (46/110)
2022-06-01T15:39:25.0070168Z Resolving deltas:  42% (47/110)
2022-06-01T15:39:25.0070510Z Resolving deltas:  43% (48/110)
2022-06-01T15:39:25.0070832Z Resolving deltas:  44% (49/110)
2022-06-01T15:39:25.0071150Z Resolving deltas:  45% (50/110)
2022-06-01T15:39:25.0071488Z Resolving deltas:  46% (51/110)
2022-06-01T15:39:25.0071833Z Resolving deltas:  47% (52/110)
2022-06-01T15:39:25.0072108Z Resolving deltas:  48% (53/110)
2022-06-01T15:39:25.0072429Z Resolving deltas:  49% (54/110)
2022-06-01T15:39:25.0072796Z Resolving deltas:  50% (55/110)
2022-06-01T15:39:25.0073071Z Resolving deltas:  51% (57/110)
2022-06-01T15:39:25.0074117Z Resolving deltas:  52% (58/110)
2022-06-01T15:39:25.0074452Z Resolving deltas:  53% (59/110)
2022-06-01T15:39:25.0074727Z Resolving deltas:  54% (60/110)
2022-06-01T15:39:25.0075141Z Resolving deltas:  55% (61/110)
2022-06-01T15:39:25.0075493Z Resolving deltas:  56% (62/110)
2022-06-01T15:39:25.0075768Z Resolving deltas:  57% (63/110)
2022-06-01T15:39:25.0076092Z Resolving deltas:  58% (64/110)
2022-06-01T15:39:25.0076455Z Resolving deltas:  59% (65/110)
2022-06-01T15:39:25.0076736Z Resolving deltas:  60% (66/110)
2022-06-01T15:39:25.0077078Z Resolving deltas:  61% (68/110)
2022-06-01T15:39:25.0077403Z Resolving deltas:  62% (69/110)
2022-06-01T15:39:25.0077908Z Resolving deltas:  63% (70/110)
2022-06-01T15:39:25.0078235Z Resolving deltas:  64% (71/110)
2022-06-01T15:39:25.0078583Z Resolving deltas:  65% (72/110)
2022-06-01T15:39:25.0078909Z Resolving deltas:  66% (73/110)
2022-06-01T15:39:25.0079185Z Resolving deltas:  67% (74/110)
2022-06-01T15:39:25.0079508Z Resolving deltas:  68% (75/110)
2022-06-01T15:39:25.0079889Z Resolving deltas:  69% (76/110)
2022-06-01T15:39:25.0080165Z Resolving deltas:  70% (77/110)
2022-06-01T15:39:25.0080488Z Resolving deltas:  71% (79/110)
2022-06-01T15:39:25.0080823Z Resolving deltas:  72% (80/110)
2022-06-01T15:39:25.0081098Z Resolving deltas:  73% (81/110)
2022-06-01T15:39:25.0084884Z Resolving deltas:  74% (82/110)
2022-06-01T15:39:25.0086488Z Resolving deltas:  75% (83/110)
2022-06-01T15:39:25.0086781Z Resolving deltas:  76% (84/110)
2022-06-01T15:39:25.0087109Z Resolving deltas:  77% (85/110)
2022-06-01T15:39:25.0087550Z Resolving deltas:  78% (86/110)
2022-06-01T15:39:25.0087835Z Resolving deltas:  79% (87/110)
2022-06-01T15:39:25.0088178Z Resolving deltas:  80% (88/110)
2022-06-01T15:39:25.0088505Z Resolving deltas:  81% (90/110)
2022-06-01T15:39:25.0088790Z Resolving deltas:  82% (91/110)
2022-06-01T15:39:25.0089174Z Resolving deltas:  83% (92/110)
2022-06-01T15:39:25.0089505Z Resolving deltas:  84% (93/110)
2022-06-01T15:39:25.0089831Z Resolving deltas:  85% (94/110)
2022-06-01T15:39:25.0090108Z Resolving deltas:  86% (95/110)
2022-06-01T15:39:25.0090715Z Resolving deltas:  87% (96/110)
2022-06-01T15:39:25.0091148Z Resolving deltas:  88% (97/110)
2022-06-01T15:39:25.0091431Z Resolving deltas:  89% (98/110)
2022-06-01T15:39:25.0093121Z Resolving deltas:  90% (99/110)
2022-06-01T15:39:25.0095457Z Resolving deltas:  92% (102/110)
2022-06-01T15:39:25.0097659Z Resolving deltas:  93% (103/110)
2022-06-01T15:39:25.0100050Z Resolving deltas:  94% (104/110)
2022-06-01T15:39:25.0102149Z Resolving deltas:  95% (105/110)
2022-06-01T15:39:25.0103611Z Resolving deltas:  96% (106/110)
2022-06-01T15:39:25.0105173Z Resolving deltas:  97% (107/110)
2022-06-01T15:39:25.0106821Z Resolving deltas:  98% (108/110)
2022-06-01T15:39:25.0108689Z Resolving deltas:  99% (109/110)
2022-06-01T15:39:25.0114848Z Resolving deltas: 100% (110/110)
2022-06-01T15:39:25.0115274Z Resolving deltas: 100% (110/110), done.
2022-06-01T15:39:25.0256943Z From https://github.com/ros/rosdistro
2022-06-01T15:39:25.0258356Z  * [new ref]         523f3f143229a833c79b014e7db0403fb5972794 -> origin/update_bond_branch
2022-06-01T15:39:25.0407685Z ##[endgroup]
2022-06-01T15:39:25.0459495Z ##[group]Determining the checkout info
2022-06-01T15:39:25.0460796Z ##[endgroup]
2022-06-01T15:39:25.0461300Z ##[group]Checking out the ref
2022-06-01T15:39:25.0462166Z [command]/usr/bin/git checkout --progress --force -B update_bond_branch refs/remotes/origin/update_bond_branch
2022-06-01T15:39:25.0786748Z Switched to a new branch 'update_bond_branch'
2022-06-01T15:39:25.0787313Z branch 'update_bond_branch' set up to track 'origin/update_bond_branch'.
2022-06-01T15:39:25.0798280Z ##[endgroup]
2022-06-01T15:39:25.0847661Z [command]/usr/bin/git log -1 --format='%H'
2022-06-01T15:39:25.0878084Z '523f3f143229a833c79b014e7db0403fb5972794'
2022-06-01T15:39:25.1235794Z ##[group]Run actions/setup-python@v1
2022-06-01T15:39:25.1236088Z with:
2022-06-01T15:39:25.1236318Z   python-version: 3.8
2022-06-01T15:39:25.1236567Z   architecture: x64
2022-06-01T15:39:25.1236783Z ##[endgroup]
2022-06-01T15:39:25.1894353Z Successfully setup CPython (3.8.12)
2022-06-01T15:39:25.2032392Z ##[group]Run git remote add unittest_upstream_comparision https://github.com/ros/rosdistro.git || git remote set-url unittest_upstream_comparision https://github.com/ros/rosdistro.git
2022-06-01T15:39:25.2033253Z [36;1mgit remote add unittest_upstream_comparision https://github.com/ros/rosdistro.git || git remote set-url unittest_upstream_comparision https://github.com/ros/rosdistro.git[0m
2022-06-01T15:39:25.2034111Z [36;1mgit fetch --no-tags --depth=1 unittest_upstream_comparision master[0m
2022-06-01T15:39:25.2095887Z shell: /usr/bin/bash -e {0}
2022-06-01T15:39:25.2096403Z env:
2022-06-01T15:39:25.2096711Z   pythonLocation: /opt/hostedtoolcache/Python/3.8.12/x64
2022-06-01T15:39:25.2096998Z ##[endgroup]
2022-06-01T15:39:25.5137894Z From https://github.com/ros/rosdistro
2022-06-01T15:39:25.5138960Z  * branch            master     -> FETCH_HEAD
2022-06-01T15:39:25.5145800Z  * [new branch]      master     -> unittest_upstream_comparision/master
2022-06-01T15:39:25.5200754Z ##[group]Run python -m pip install --upgrade pip setuptools wheel
2022-06-01T15:39:25.5201213Z [36;1mpython -m pip install --upgrade pip setuptools wheel[0m
2022-06-01T15:39:25.5201524Z [36;1mpip install PyYAML argparse[0m
2022-06-01T15:39:25.5201870Z [36;1mpip install catkin-pkg ros-buildfarm rosdistro nose coverage[0m
2022-06-01T15:39:25.5202191Z [36;1mpip install unidiff[0m
2022-06-01T15:39:25.5202427Z [36;1mpip install rosdep[0m
2022-06-01T15:39:25.5202685Z [36;1mpip install PyGithub[0m
2022-06-01T15:39:25.5261993Z shell: /usr/bin/bash -e {0}
2022-06-01T15:39:25.5262249Z env:
2022-06-01T15:39:25.5262547Z   pythonLocation: /opt/hostedtoolcache/Python/3.8.12/x64
2022-06-01T15:39:25.5262849Z ##[endgroup]
2022-06-01T15:39:26.7429360Z Requirement already satisfied: pip in /opt/hostedtoolcache/Python/3.8.12/x64/lib/python3.8/site-packages (22.1)
2022-06-01T15:39:26.9106264Z Collecting pip
2022-06-01T15:39:26.9627184Z   Downloading pip-22.1.2-py3-none-any.whl (2.1 MB)
2022-06-01T15:39:27.0320813Z      ‚îÅ‚îÅ‚îÅ‚îÅ‚îÅ‚îÅ‚îÅ‚îÅ‚îÅ‚îÅ‚îÅ‚îÅ‚îÅ‚îÅ‚îÅ‚îÅ‚îÅ‚îÅ‚îÅ‚îÅ‚îÅ‚îÅ‚îÅ‚îÅ‚îÅ‚îÅ‚îÅ‚îÅ‚îÅ‚îÅ‚îÅ‚îÅ‚îÅ‚îÅ‚îÅ‚îÅ‚îÅ‚îÅ‚îÅ‚îÅ 2.1/2.1 MB 33.1 MB/s eta 0:00:00
2022-06-01T15:39:27.0472882Z Requirement already satisfied: setuptools in /opt/hostedtoolcache/Python/3.8.12/x64/lib/python3.8/site-packages (56.0.0)
2022-06-01T15:39:27.4720860Z Collecting setuptools
2022-06-01T15:39:27.4905507Z   Downloading setuptools-62.3.2-py3-none-any.whl (1.2 MB)
2022-06-01T15:39:27.5159754Z      ‚îÅ‚îÅ‚îÅ‚îÅ‚îÅ‚îÅ‚îÅ‚îÅ‚îÅ‚îÅ‚îÅ‚îÅ‚îÅ‚îÅ‚îÅ‚îÅ‚îÅ‚îÅ‚îÅ‚îÅ‚îÅ‚îÅ‚îÅ‚îÅ‚îÅ‚îÅ‚îÅ‚îÅ‚îÅ‚îÅ‚îÅ‚îÅ‚îÅ‚îÅ‚îÅ‚îÅ‚îÅ‚îÅ‚îÅ‚îÅ 1.2/1.2 MB 56.8 MB/s eta 0:00:00
2022-06-01T15:39:27.5847716Z Collecting wheel
2022-06-01T15:39:27.5956086Z   Downloading wheel-0.37.1-py2.py3-none-any.whl (35 kB)
2022-06-01T15:39:27.7635788Z Installing collected packages: wheel, setuptools, pip
2022-06-01T15:39:27.8019038Z   Attempting uninstall: setuptools
2022-06-01T15:39:27.8027876Z     Found existing installation: setuptools 56.0.0
2022-06-01T15:39:27.8739928Z     Uninstalling setuptools-56.0.0:
2022-06-01T15:39:27.8881862Z       Successfully uninstalled setuptools-56.0.0
2022-06-01T15:39:28.5335992Z   Attempting uninstall: pip
2022-06-01T15:39:28.5343287Z     Found existing installation: pip 22.1
2022-06-01T15:39:28.7848715Z     Uninstalling pip-22.1:
2022-06-01T15:39:28.8357126Z       Successfully uninstalled pip-22.1
2022-06-01T15:39:30.3072832Z Successfully installed pip-22.1.2 setuptools-62.3.2 wheel-0.37.1
2022-06-01T15:39:31.4019804Z Collecting PyYAML
2022-06-01T15:39:31.4370591Z   Downloading PyYAML-6.0-cp38-cp38-manylinux_2_5_x86_64.manylinux1_x86_64.manylinux_2_12_x86_64.manylinux2010_x86_64.whl (701 kB)
2022-06-01T15:39:31.4720782Z      ‚îÅ‚îÅ‚îÅ‚îÅ‚îÅ‚îÅ‚îÅ‚îÅ‚îÅ‚îÅ‚îÅ‚îÅ‚îÅ‚îÅ‚îÅ‚îÅ‚îÅ‚îÅ‚îÅ‚îÅ‚îÅ‚îÅ‚îÅ‚îÅ‚îÅ‚îÅ‚îÅ‚îÅ‚îÅ‚îÅ‚îÅ‚îÅ‚îÅ‚îÅ‚îÅ‚îÅ‚îÅ‚îÅ 701.2/701.2 kB 23.0 MB/s eta 0:00:00
2022-06-01T15:39:31.5058467Z Collecting argparse
2022-06-01T15:39:31.5148194Z   Downloading argparse-1.4.0-py2.py3-none-any.whl (23 kB)
2022-06-01T15:39:31.5765289Z Installing collected packages: argparse, PyYAML
2022-06-01T15:39:31.6815965Z Successfully installed PyYAML-6.0 argparse-1.4.0
2022-06-01T15:39:32.5892785Z Collecting catkin-pkg
2022-06-01T15:39:32.6325009Z   Downloading catkin_pkg-0.5.2-py3-none-any.whl (76 kB)
2022-06-01T15:39:32.6472605Z      ‚îÅ‚îÅ‚îÅ‚îÅ‚îÅ‚îÅ‚îÅ‚îÅ‚îÅ‚îÅ‚îÅ‚îÅ‚îÅ‚îÅ‚îÅ‚îÅ‚îÅ‚îÅ‚îÅ‚îÅ‚îÅ‚îÅ‚îÅ‚îÅ‚îÅ‚îÅ‚îÅ‚îÅ‚îÅ‚îÅ‚îÅ‚îÅ‚îÅ‚îÅ‚îÅ‚îÅ‚îÅ‚îÅ‚îÅ‚îÅ 76.1/76.1 kB 6.0 MB/s eta 0:00:00
2022-06-01T15:39:32.6740850Z Collecting ros-buildfarm
2022-06-01T15:39:32.6865676Z   Downloading ros_buildfarm-3.0.0-py3-none-any.whl (349 kB)
2022-06-01T15:39:32.7073705Z      ‚îÅ‚îÅ‚îÅ‚îÅ‚îÅ‚îÅ‚îÅ‚îÅ‚îÅ‚îÅ‚îÅ‚îÅ‚îÅ‚îÅ‚îÅ‚îÅ‚îÅ‚îÅ‚îÅ‚îÅ‚îÅ‚îÅ‚îÅ‚îÅ‚îÅ‚îÅ‚îÅ‚îÅ‚îÅ‚îÅ‚îÅ‚îÅ‚îÅ‚îÅ‚îÅ‚îÅ‚îÅ‚îÅ 349.2/349.2 kB 20.3 MB/s eta 0:00:00
2022-06-01T15:39:32.7469483Z Collecting rosdistro
2022-06-01T15:39:32.7763572Z   Downloading rosdistro-0.8.3-py3-none-any.whl (92 kB)
2022-06-01T15:39:32.7829457Z      ‚îÅ‚îÅ‚îÅ‚îÅ‚îÅ‚îÅ‚îÅ‚îÅ‚îÅ‚îÅ‚îÅ‚îÅ‚îÅ‚îÅ‚îÅ‚îÅ‚îÅ‚îÅ‚îÅ‚îÅ‚îÅ‚îÅ‚îÅ‚îÅ‚îÅ‚îÅ‚îÅ‚îÅ‚îÅ‚îÅ‚îÅ‚îÅ‚îÅ‚îÅ‚îÅ‚îÅ‚îÅ‚îÅ‚îÅ‚îÅ 92.5/92.5 kB 23.6 MB/s eta 0:00:00
2022-06-01T15:39:32.8078021Z Collecting nose
2022-06-01T15:39:32.8193855Z   Downloading nose-1.3.7-py3-none-any.whl (154 kB)
2022-06-01T15:39:32.8312147Z      ‚îÅ‚îÅ‚îÅ‚îÅ‚îÅ‚îÅ‚îÅ‚îÅ‚îÅ‚îÅ‚îÅ‚îÅ‚îÅ‚îÅ‚îÅ‚îÅ‚îÅ‚îÅ‚îÅ‚îÅ‚îÅ‚îÅ‚îÅ‚îÅ‚îÅ‚îÅ‚îÅ‚îÅ‚îÅ‚îÅ‚îÅ‚îÅ‚îÅ‚îÅ‚îÅ‚îÅ‚îÅ‚îÅ 154.7/154.7 kB 17.9 MB/s eta 0:00:00
2022-06-01T15:39:33.3697578Z Collecting coverage
2022-06-01T15:39:33.3809829Z   Downloading coverage-6.4-cp38-cp38-manylinux_2_5_x86_64.manylinux1_x86_64.manylinux_2_17_x86_64.manylinux2014_x86_64.whl (212 kB)
2022-06-01T15:39:33.3894936Z      ‚îÅ‚îÅ‚îÅ‚îÅ‚îÅ‚îÅ‚îÅ‚îÅ‚îÅ‚îÅ‚îÅ‚îÅ‚îÅ‚îÅ‚îÅ‚îÅ‚îÅ‚îÅ‚îÅ‚îÅ‚îÅ‚îÅ‚îÅ‚îÅ‚îÅ‚îÅ‚îÅ‚îÅ‚îÅ‚îÅ‚îÅ‚îÅ‚îÅ‚îÅ‚îÅ‚îÅ‚îÅ‚îÅ 212.9/212.9 kB 40.6 MB/s eta 0:00:00
2022-06-01T15:39:33.4840528Z Collecting pyparsing
2022-06-01T15:39:33.4977166Z   Downloading pyparsing-3.0.9-py3-none-any.whl (98 kB)
2022-06-01T15:39:33.5043088Z      ‚îÅ‚îÅ‚îÅ‚îÅ‚îÅ‚îÅ‚îÅ‚îÅ‚îÅ‚îÅ‚îÅ‚îÅ‚îÅ‚îÅ‚îÅ‚îÅ‚îÅ‚îÅ‚îÅ‚îÅ‚îÅ‚îÅ‚îÅ‚îÅ‚îÅ‚îÅ‚îÅ‚îÅ‚îÅ‚îÅ‚îÅ‚îÅ‚îÅ‚îÅ‚îÅ‚îÅ‚îÅ‚îÅ‚îÅ‚îÅ 98.3/98.3 kB 25.2 MB/s eta 0:00:00
2022-06-01T15:39:33.5461650Z Collecting python-dateutil
2022-06-01T15:39:33.5568901Z   Downloading python_dateutil-2.8.2-py2.py3-none-any.whl (247 kB)
2022-06-01T15:39:33.5656492Z      ‚îÅ‚îÅ‚îÅ‚îÅ‚îÅ‚îÅ‚îÅ‚îÅ‚îÅ‚îÅ‚îÅ‚îÅ‚îÅ‚îÅ‚îÅ‚îÅ‚îÅ‚îÅ‚îÅ‚îÅ‚îÅ‚îÅ‚îÅ‚îÅ‚îÅ‚îÅ‚îÅ‚îÅ‚îÅ‚îÅ‚îÅ‚îÅ‚îÅ‚îÅ‚îÅ‚îÅ‚îÅ‚îÅ 247.7/247.7 kB 43.7 MB/s eta 0:00:00
2022-06-01T15:39:33.5685788Z Requirement already satisfied: setuptools in /opt/hostedtoolcache/Python/3.8.12/x64/lib/python3.8/site-packages (from catkin-pkg) (62.3.2)
2022-06-01T15:39:33.6069976Z Collecting docutils
2022-06-01T15:39:33.6174471Z   Downloading docutils-0.18.1-py2.py3-none-any.whl (570 kB)
2022-06-01T15:39:33.6387090Z      ‚îÅ‚îÅ‚îÅ‚îÅ‚îÅ‚îÅ‚îÅ‚îÅ‚îÅ‚îÅ‚îÅ‚îÅ‚îÅ‚îÅ‚îÅ‚îÅ‚îÅ‚îÅ‚îÅ‚îÅ‚îÅ‚îÅ‚îÅ‚îÅ‚îÅ‚îÅ‚îÅ‚îÅ‚îÅ‚îÅ‚îÅ‚îÅ‚îÅ‚îÅ‚îÅ‚îÅ‚îÅ‚îÅ 570.0/570.0 kB 31.5 MB/s eta 0:00:00
2022-06-01T15:39:33.6501994Z Requirement already satisfied: PyYAML in /opt/hostedtoolcache/Python/3.8.12/x64/lib/python3.8/site-packages (from ros-buildfarm) (6.0)
2022-06-01T15:39:33.6772749Z Collecting empy
2022-06-01T15:39:33.7004423Z   Downloading empy-3.3.4.tar.gz (62 kB)
2022-06-01T15:39:33.7072517Z      ‚îÅ‚îÅ‚îÅ‚îÅ‚îÅ‚îÅ‚îÅ‚îÅ‚îÅ‚îÅ‚îÅ‚îÅ‚îÅ‚îÅ‚îÅ‚îÅ‚îÅ‚îÅ‚îÅ‚îÅ‚îÅ‚îÅ‚îÅ‚îÅ‚îÅ‚îÅ‚îÅ‚îÅ‚îÅ‚îÅ‚îÅ‚îÅ‚îÅ‚îÅ‚îÅ‚îÅ‚îÅ‚îÅ‚îÅ‚îÅ 62.9/62.9 kB 13.7 MB/s eta 0:00:00
2022-06-01T15:39:33.7135528Z   Preparing metadata (setup.py): started
2022-06-01T15:39:35.1549408Z   Preparing metadata (setup.py): finished with status 'done'
2022-06-01T15:39:35.2118734Z Collecting vcstool>=0.1.37
2022-06-01T15:39:35.2228717Z   Downloading vcstool-0.3.0-py3-none-any.whl (42 kB)
2022-06-01T15:39:35.2297741Z      ‚îÅ‚îÅ‚îÅ‚îÅ‚îÅ‚îÅ‚îÅ‚îÅ‚îÅ‚îÅ‚îÅ‚îÅ‚îÅ‚îÅ‚îÅ‚îÅ‚îÅ‚îÅ‚îÅ‚îÅ‚îÅ‚îÅ‚îÅ‚îÅ‚îÅ‚îÅ‚îÅ‚îÅ‚îÅ‚îÅ‚îÅ‚îÅ‚îÅ‚îÅ‚îÅ‚îÅ‚îÅ‚îÅ‚îÅ‚îÅ 42.2/42.2 kB 10.9 MB/s eta 0:00:00
2022-06-01T15:39:35.2798635Z Collecting rospkg
2022-06-01T15:39:35.2919079Z   Downloading rospkg-1.4.0-py3-none-any.whl (36 kB)
2022-06-01T15:39:35.3459598Z Collecting six>=1.5
2022-06-01T15:39:35.3565547Z   Downloading six-1.16.0-py2.py3-none-any.whl (11 kB)
2022-06-01T15:39:35.3937915Z Collecting distro>=1.4.0
2022-06-01T15:39:35.4044104Z   Downloading distro-1.7.0-py3-none-any.whl (20 kB)
2022-06-01T15:39:35.4678944Z Building wheels for collected packages: empy
2022-06-01T15:39:35.4686550Z   Building wheel for empy (setup.py): started
2022-06-01T15:39:37.4213307Z   Building wheel for empy (setup.py): finished with status 'done'
2022-06-01T15:39:37.4220325Z   Created wheel for empy: filename=empy-3.3.4-py3-none-any.whl size=29338 sha256=02babea4bef1f42e65f9e575916353fe198fc149dc9c70777a726f8675ec9c64
2022-06-01T15:39:37.4224921Z   Stored in directory: /home/runner/.cache/pip/wheels/b0/d7/80/0e8ad4f073e05b2435c3b4c12c230cb219135bae4f59978612
2022-06-01T15:39:37.4248301Z Successfully built empy
2022-06-01T15:39:37.4757954Z Installing collected packages: nose, empy, vcstool, six, pyparsing, docutils, distro, coverage, python-dateutil, catkin-pkg, rospkg, rosdistro, ros-buildfarm
2022-06-01T15:39:38.6641190Z Successfully installed catkin-pkg-0.5.2 coverage-6.4 distro-1.7.0 docutils-0.18.1 empy-3.3.4 nose-1.3.7 pyparsing-3.0.9 python-dateutil-2.8.2 ros-buildfarm-3.0.0 rosdistro-0.8.3 rospkg-1.4.0 six-1.16.0 vcstool-0.3.0
2022-06-01T15:39:39.5604025Z Collecting unidiff
2022-06-01T15:39:39.6400500Z   Downloading unidiff-0.7.3-py2.py3-none-any.whl (14 kB)
2022-06-01T15:39:39.7286603Z Installing collected packages: unidiff
2022-06-01T15:39:39.7502263Z Successfully installed unidiff-0.7.3
2022-06-01T15:39:40.6368390Z Collecting rosdep
2022-06-01T15:39:40.6764535Z   Downloading rosdep-0.21.0-py3-none-any.whl (105 kB)
2022-06-01T15:39:40.6919965Z      ‚îÅ‚îÅ‚îÅ‚îÅ‚îÅ‚îÅ‚îÅ‚îÅ‚îÅ‚îÅ‚îÅ‚îÅ‚îÅ‚îÅ‚îÅ‚îÅ‚îÅ‚îÅ‚îÅ‚îÅ‚îÅ‚îÅ‚îÅ‚îÅ‚îÅ‚îÅ‚îÅ‚îÅ‚îÅ‚îÅ‚îÅ‚îÅ‚îÅ‚îÅ‚îÅ‚îÅ‚îÅ‚îÅ‚îÅ 105.6/105.6 kB 8.9 MB/s eta 0:00:00
2022-06-01T15:39:40.7000177Z Requirement already satisfied: catkin-pkg>=0.4.0 in /opt/hostedtoolcache/Python/3.8.12/x64/lib/python3.8/site-packages (from rosdep) (0.5.2)
2022-06-01T15:39:40.7021289Z Requirement already satisfied: rospkg>=1.3.0 in /opt/hostedtoolcache/Python/3.8.12/x64/lib/python3.8/site-packages (from rosdep) (1.4.0)
2022-06-01T15:39:40.7029882Z Requirement already satisfied: rosdistro>=0.7.5 in /opt/hostedtoolcache/Python/3.8.12/x64/lib/python3.8/site-packages (from rosdep) (0.8.3)
2022-06-01T15:39:40.7039458Z Requirement already satisfied: PyYAML>=3.1 in /opt/hostedtoolcache/Python/3.8.12/x64/lib/python3.8/site-packages (from rosdep) (6.0)
2022-06-01T15:39:40.7196995Z Requirement already satisfied: pyparsing in /opt/hostedtoolcache/Python/3.8.12/x64/lib/python3.8/site-packages (from catkin-pkg>=0.4.0->rosdep) (3.0.9)
2022-06-01T15:39:40.7202139Z Requirement already satisfied: python-dateutil in /opt/hostedtoolcache/Python/3.8.12/x64/lib/python3.8/site-packages (from catkin-pkg>=0.4.0->rosdep) (2.8.2)
2022-06-01T15:39:40.7211260Z Requirement already satisfied: docutils in /opt/hostedtoolcache/Python/3.8.12/x64/lib/python3.8/site-packages (from catkin-pkg>=0.4.0->rosdep) (0.18.1)
2022-06-01T15:39:40.7217744Z Requirement already satisfied: setuptools in /opt/hostedtoolcache/Python/3.8.12/x64/lib/python3.8/site-packages (from catkin-pkg>=0.4.0->rosdep) (62.3.2)
2022-06-01T15:39:40.7306502Z Requirement already satisfied: distro>=1.4.0 in /opt/hostedtoolcache/Python/3.8.12/x64/lib/python3.8/site-packages (from rospkg>=1.3.0->rosdep) (1.7.0)
2022-06-01T15:39:40.7392540Z Requirement already satisfied: six>=1.5 in /opt/hostedtoolcache/Python/3.8.12/x64/lib/python3.8/site-packages (from python-dateutil->catkin-pkg>=0.4.0->rosdep) (1.16.0)
2022-06-01T15:39:40.8059231Z Installing collected packages: rosdep
2022-06-01T15:39:40.8821699Z Successfully installed rosdep-0.21.0
2022-06-01T15:39:41.8049186Z Collecting PyGithub
2022-06-01T15:39:41.8451093Z   Downloading PyGithub-1.55-py3-none-any.whl (291 kB)
2022-06-01T15:39:41.8685534Z      ‚îÅ‚îÅ‚îÅ‚îÅ‚îÅ‚îÅ‚îÅ‚îÅ‚îÅ‚îÅ‚îÅ‚îÅ‚îÅ‚îÅ‚îÅ‚îÅ‚îÅ‚îÅ‚îÅ‚îÅ‚îÅ‚îÅ‚îÅ‚îÅ‚îÅ‚îÅ‚îÅ‚îÅ‚îÅ‚îÅ‚îÅ‚îÅ‚îÅ‚îÅ‚îÅ‚îÅ‚îÅ‚îÅ 291.7/291.7 kB 15.1 MB/s eta 0:00:00
2022-06-01T15:39:41.9472446Z Collecting pynacl>=1.4.0
2022-06-01T15:39:41.9563372Z   Downloading PyNaCl-1.5.0-cp36-abi3-manylinux_2_17_x86_64.manylinux2014_x86_64.manylinux_2_24_x86_64.whl (856 kB)
2022-06-01T15:39:41.9757266Z      ‚îÅ‚îÅ‚îÅ‚îÅ‚îÅ‚îÅ‚îÅ‚îÅ‚îÅ‚îÅ‚îÅ‚îÅ‚îÅ‚îÅ‚îÅ‚îÅ‚îÅ‚îÅ‚îÅ‚îÅ‚îÅ‚îÅ‚îÅ‚îÅ‚îÅ‚îÅ‚îÅ‚îÅ‚îÅ‚îÅ‚îÅ‚îÅ‚îÅ‚îÅ‚îÅ‚îÅ‚îÅ‚îÅ 856.7/856.7 kB 53.5 MB/s eta 0:00:00
2022-06-01T15:39:42.0250645Z Collecting deprecated
2022-06-01T15:39:42.0346646Z   Downloading Deprecated-1.2.13-py2.py3-none-any.whl (9.6 kB)
2022-06-01T15:39:42.0801335Z Collecting pyjwt>=2.0
2022-06-01T15:39:42.0891592Z   Downloading PyJWT-2.4.0-py3-none-any.whl (18 kB)
2022-06-01T15:39:42.1672694Z Collecting requests>=2.14.0
2022-06-01T15:39:42.1762081Z   Downloading requests-2.27.1-py2.py3-none-any.whl (63 kB)
2022-06-01T15:39:42.1824326Z      ‚îÅ‚îÅ‚îÅ‚îÅ‚îÅ‚îÅ‚îÅ‚îÅ‚îÅ‚îÅ‚îÅ‚îÅ‚îÅ‚îÅ‚îÅ‚îÅ‚îÅ‚îÅ‚îÅ‚îÅ‚îÅ‚îÅ‚îÅ‚îÅ‚îÅ‚îÅ‚îÅ‚îÅ‚îÅ‚îÅ‚îÅ‚îÅ‚îÅ‚îÅ‚îÅ‚îÅ‚îÅ‚îÅ‚îÅ‚îÅ 63.1/63.1 kB 17.1 MB/s eta 0:00:00
2022-06-01T15:39:42.5171801Z Collecting cffi>=1.4.1
2022-06-01T15:39:42.5263769Z   Downloading cffi-1.15.0-cp38-cp38-manylinux_2_12_x86_64.manylinux2010_x86_64.whl (446 kB)
2022-06-01T15:39:42.5379166Z      ‚îÅ‚îÅ‚îÅ‚îÅ‚îÅ‚îÅ‚îÅ‚îÅ‚îÅ‚îÅ‚îÅ‚îÅ‚îÅ‚îÅ‚îÅ‚îÅ‚îÅ‚îÅ‚îÅ‚îÅ‚îÅ‚îÅ‚îÅ‚îÅ‚îÅ‚îÅ‚îÅ‚îÅ‚îÅ‚îÅ‚îÅ‚îÅ‚îÅ‚îÅ‚îÅ‚îÅ‚îÅ‚îÅ 446.7/446.7 kB 54.8 MB/s eta 0:00:00
2022-06-01T15:39:42.5969209Z Collecting idna<4,>=2.5
2022-06-01T15:39:42.6056962Z   Downloading idna-3.3-py3-none-any.whl (61 kB)
2022-06-01T15:39:42.6121387Z      ‚îÅ‚îÅ‚îÅ‚îÅ‚îÅ‚îÅ‚îÅ‚îÅ‚îÅ‚îÅ‚îÅ‚îÅ‚îÅ‚îÅ‚îÅ‚îÅ‚îÅ‚îÅ‚îÅ‚îÅ‚îÅ‚îÅ‚îÅ‚îÅ‚îÅ‚îÅ‚îÅ‚îÅ‚îÅ‚îÅ‚îÅ‚îÅ‚îÅ‚îÅ‚îÅ‚îÅ‚îÅ‚îÅ‚îÅ‚îÅ 61.2/61.2 kB 15.2 MB/s eta 0:00:00
2022-06-01T15:39:42.6570704Z Collecting charset-normalizer~=2.0.0
2022-06-01T15:39:42.6658782Z   Downloading charset_normalizer-2.0.12-py3-none-any.whl (39 kB)
2022-06-01T15:39:42.7424423Z Collecting urllib3<1.27,>=1.21.1
2022-06-01T15:39:42.7509481Z   Downloading urllib3-1.26.9-py2.py3-none-any.whl (138 kB)
2022-06-01T15:39:42.7584474Z      ‚îÅ‚îÅ‚îÅ‚îÅ‚îÅ‚îÅ‚îÅ‚îÅ‚îÅ‚îÅ‚îÅ‚îÅ‚îÅ‚îÅ‚îÅ‚îÅ‚îÅ‚îÅ‚îÅ‚îÅ‚îÅ‚îÅ‚îÅ‚îÅ‚îÅ‚îÅ‚îÅ‚îÅ‚îÅ‚îÅ‚îÅ‚îÅ‚îÅ‚îÅ‚îÅ‚îÅ‚îÅ‚îÅ 139.0/139.0 kB 33.7 MB/s eta 0:00:00
2022-06-01T15:39:42.8102132Z Collecting certifi>=2017.4.17
2022-06-01T15:39:42.8193119Z   Downloading certifi-2022.5.18.1-py3-none-any.whl (155 kB)
2022-06-01T15:39:42.8278093Z      ‚îÅ‚îÅ‚îÅ‚îÅ‚îÅ‚îÅ‚îÅ‚îÅ‚îÅ‚îÅ‚îÅ‚îÅ‚îÅ‚îÅ‚îÅ‚îÅ‚îÅ‚îÅ‚îÅ‚îÅ‚îÅ‚îÅ‚îÅ‚îÅ‚îÅ‚îÅ‚îÅ‚îÅ‚îÅ‚îÅ‚îÅ‚îÅ‚îÅ‚îÅ‚îÅ‚îÅ‚îÅ‚îÅ 155.2/155.2 kB 30.9 MB/s eta 0:00:00
2022-06-01T15:39:43.0442683Z Collecting wrapt<2,>=1.10
2022-06-01T15:39:43.0534554Z   Downloading wrapt-1.14.1-cp38-cp38-manylinux_2_5_x86_64.manylinux1_x86_64.manylinux_2_17_x86_64.manylinux2014_x86_64.whl (81 kB)
2022-06-01T15:39:43.0602493Z      ‚îÅ‚îÅ‚îÅ‚îÅ‚îÅ‚îÅ‚îÅ‚îÅ‚îÅ‚îÅ‚îÅ‚îÅ‚îÅ‚îÅ‚îÅ‚îÅ‚îÅ‚îÅ‚îÅ‚îÅ‚îÅ‚îÅ‚îÅ‚îÅ‚îÅ‚îÅ‚îÅ‚îÅ‚îÅ‚îÅ‚îÅ‚îÅ‚îÅ‚îÅ‚îÅ‚îÅ‚îÅ‚îÅ‚îÅ‚îÅ 81.0/81.0 kB 19.2 MB/s eta 0:00:00
2022-06-01T15:39:43.0946889Z Collecting pycparser
2022-06-01T15:39:43.1034353Z   Downloading pycparser-2.21-py2.py3-none-any.whl (118 kB)
2022-06-01T15:39:43.1105009Z      ‚îÅ‚îÅ‚îÅ‚îÅ‚îÅ‚îÅ‚îÅ‚îÅ‚îÅ‚îÅ‚îÅ‚îÅ‚îÅ‚îÅ‚îÅ‚îÅ‚îÅ‚îÅ‚îÅ‚îÅ‚îÅ‚îÅ‚îÅ‚îÅ‚îÅ‚îÅ‚îÅ‚îÅ‚îÅ‚îÅ‚îÅ‚îÅ‚îÅ‚îÅ‚îÅ‚îÅ‚îÅ‚îÅ 118.7/118.7 kB 28.2 MB/s eta 0:00:00
2022-06-01T15:39:43.3306405Z Installing collected packages: wrapt, urllib3, pyjwt, pycparser, idna, charset-normalizer, certifi, requests, deprecated, cffi, pynacl, PyGithub
2022-06-01T15:39:44.2560571Z Successfully installed PyGithub-1.55 certifi-2022.5.18.1 cffi-1.15.0 charset-normalizer-2.0.12 deprecated-1.2.13 idna-3.3 pycparser-2.21 pyjwt-2.4.0 pynacl-1.5.0 requests-2.27.1 urllib3-1.26.9 wrapt-1.14.1
2022-06-01T15:39:44.4678658Z ##[group]Run nosetests -s
2022-06-01T15:39:44.4679060Z [36;1mnosetests -s[0m
2022-06-01T15:39:44.4731341Z shell: /usr/bin/bash -e {0}
2022-06-01T15:39:44.4731558Z env:
2022-06-01T15:39:44.4731817Z   pythonLocation: /opt/hostedtoolcache/Python/3.8.12/x64
2022-06-01T15:39:44.4732066Z ##[endgroup]
2022-06-01T15:40:21.6558559Z Detecting changed rules with 'git diff --unified=0 unittest_upstream_comparision/master -- rosdep'
2022-06-01T15:40:21.6559988Z Running 'scripts/check_duplicates.py' on all '*.yaml' in the 'rosdep' directory.
2022-06-01T15:40:21.6806235Z Checking duplicates rosdep file: ['rosdep/ruby.yaml', 'rosdep/gentoo.yaml', 'rosdep/osx-homebrew.yaml', 'rosdep/base.yaml', 'rosdep/python.yaml']
2022-06-01T15:40:21.6807073Z loading file:///home/runner/work/rosdistro/rosdistro/ardent/distribution.yaml
2022-06-01T15:40:21.6807713Z loading file:///home/runner/work/rosdistro/rosdistro/bouncy/distribution.yaml
2022-06-01T15:40:21.6811329Z loading file:///home/runner/work/rosdistro/rosdistro/crystal/distribution.yaml
2022-06-01T15:40:21.6811877Z loading file:///home/runner/work/rosdistro/rosdistro/dashing/distribution.yaml
2022-06-01T15:40:21.6812485Z loading file:///home/runner/work/rosdistro/rosdistro/eloquent/distribution.yaml
2022-06-01T15:40:21.6815768Z loading file:///home/runner/work/rosdistro/rosdistro/foxy/distribution.yaml
2022-06-01T15:40:21.6816258Z loading file:///home/runner/work/rosdistro/rosdistro/galactic/distribution.yaml
2022-06-01T15:40:21.6816788Z loading file:///home/runner/work/rosdistro/rosdistro/groovy/distribution.yaml
2022-06-01T15:40:21.6820256Z loading file:///home/runner/work/rosdistro/rosdistro/humble/distribution.yaml
2022-06-01T15:40:21.6820763Z loading file:///home/runner/work/rosdistro/rosdistro/hydro/distribution.yaml
2022-06-01T15:40:21.6821860Z loading file:///home/runner/work/rosdistro/rosdistro/indigo/distribution.yaml
2022-06-01T15:40:21.6825147Z loading file:///home/runner/work/rosdistro/rosdistro/jade/distribution.yaml
2022-06-01T15:40:21.6825891Z loading file:///home/runner/work/rosdistro/rosdistro/kinetic/distribution.yaml
2022-06-01T15:40:21.6826576Z loading file:///home/runner/work/rosdistro/rosdistro/lunar/distribution.yaml
2022-06-01T15:40:21.6829905Z loading file:///home/runner/work/rosdistro/rosdistro/melodic/distribution.yaml
2022-06-01T15:40:21.6830491Z loading file:///home/runner/work/rosdistro/rosdistro/noetic/distribution.yaml
2022-06-01T15:40:21.6831330Z loading file:///home/runner/work/rosdistro/rosdistro/rolling/distribution.yaml
2022-06-01T15:40:21.6834849Z default sources
2022-06-01T15:40:21.6835687Z - file:///home/runner/work/rosdistro/rosdistro/ardent/distribution.yaml
2022-06-01T15:40:21.6836348Z - file:///home/runner/work/rosdistro/rosdistro/bouncy/distribution.yaml
2022-06-01T15:40:21.6839355Z - file:///home/runner/work/rosdistro/rosdistro/crystal/distribution.yaml
2022-06-01T15:40:21.6839940Z - file:///home/runner/work/rosdistro/rosdistro/dashing/distribution.yaml
2022-06-01T15:40:21.6840590Z - file:///home/runner/work/rosdistro/rosdistro/eloquent/distribution.yaml
2022-06-01T15:40:21.6843885Z - file:///home/runner/work/rosdistro/rosdistro/foxy/distribution.yaml
2022-06-01T15:40:21.6844708Z - file:///home/runner/work/rosdistro/rosdistro/galactic/distribution.yaml
2022-06-01T15:40:21.6845427Z - file:///home/runner/work/rosdistro/rosdistro/groovy/distribution.yaml
2022-06-01T15:40:21.6850919Z - file:///home/runner/work/rosdistro/rosdistro/humble/distribution.yaml
2022-06-01T15:40:21.6859938Z - file:///home/runner/work/rosdistro/rosdistro/hydro/distribution.yaml
2022-06-01T15:40:21.6860427Z - file:///home/runner/work/rosdistro/rosdistro/indigo/distribution.yaml
2022-06-01T15:40:21.6860918Z - file:///home/runner/work/rosdistro/rosdistro/jade/distribution.yaml
2022-06-01T15:40:21.6861409Z - file:///home/runner/work/rosdistro/rosdistro/kinetic/distribution.yaml
2022-06-01T15:40:21.6861896Z - file:///home/runner/work/rosdistro/rosdistro/lunar/distribution.yaml
2022-06-01T15:40:21.6862735Z - file:///home/runner/work/rosdistro/rosdistro/melodic/distribution.yaml
2022-06-01T15:40:21.6863260Z - file:///home/runner/work/rosdistro/rosdistro/noetic/distribution.yaml
2022-06-01T15:40:21.6863823Z - file:///home/runner/work/rosdistro/rosdistro/rolling/distribution.yaml
2022-06-01T15:40:21.6864237Z - file:///home/runner/work/rosdistro/rosdistro/rosdep/ruby.yaml
2022-06-01T15:40:21.6864656Z - file:///home/runner/work/rosdistro/rosdistro/rosdep/gentoo.yaml
2022-06-01T15:40:21.6865088Z - file:///home/runner/work/rosdistro/rosdistro/rosdep/osx-homebrew.yaml
2022-06-01T15:40:21.6865498Z - file:///home/runner/work/rosdistro/rosdistro/rosdep/base.yaml
2022-06-01T15:40:21.6865916Z - file:///home/runner/work/rosdistro/rosdistro/rosdep/python.yaml
2022-06-01T15:40:21.6866565Z checking with ['indigo', 'ubuntu', 'trusty']
2022-06-01T15:40:21.6866821Z checking sources
2022-06-01T15:40:21.6867229Z - file:///home/runner/work/rosdistro/rosdistro/indigo/distribution.yaml
2022-06-01T15:40:21.6867824Z - file:///home/runner/work/rosdistro/rosdistro/rosdep/ruby.yaml
2022-06-01T15:40:21.6868299Z - file:///home/runner/work/rosdistro/rosdistro/rosdep/gentoo.yaml
2022-06-01T15:40:21.6868755Z - file:///home/runner/work/rosdistro/rosdistro/rosdep/base.yaml
2022-06-01T15:40:21.6869227Z - file:///home/runner/work/rosdistro/rosdistro/rosdep/python.yaml
2022-06-01T15:40:21.6869541Z checking duplicates
2022-06-01T15:40:21.6869860Z * file:///home/runner/work/rosdistro/rosdistro/indigo/distribution.yaml
2022-06-01T15:40:21.6870471Z * file:///home/runner/work/rosdistro/rosdistro/rosdep/ruby.yaml
2022-06-01T15:40:21.6870824Z * file:///home/runner/work/rosdistro/rosdistro/rosdep/gentoo.yaml
2022-06-01T15:40:21.6871248Z * file:///home/runner/work/rosdistro/rosdistro/rosdep/base.yaml
2022-06-01T15:40:21.6871573Z * file:///home/runner/work/rosdistro/rosdistro/rosdep/python.yaml
2022-06-01T15:40:21.6871967Z * sources.list
2022-06-01T15:40:21.6872287Z checking with ['jade', 'ubuntu', 'trusty']
2022-06-01T15:40:21.6872510Z checking sources
2022-06-01T15:40:21.6872885Z - file:///home/runner/work/rosdistro/rosdistro/jade/distribution.yaml
2022-06-01T15:40:21.6873511Z - file:///home/runner/work/rosdistro/rosdistro/rosdep/ruby.yaml
2022-06-01T15:40:21.6873949Z - file:///home/runner/work/rosdistro/rosdistro/rosdep/gentoo.yaml
2022-06-01T15:40:21.6874362Z - file:///home/runner/work/rosdistro/rosdistro/rosdep/base.yaml
2022-06-01T15:40:21.6874778Z - file:///home/runner/work/rosdistro/rosdistro/rosdep/python.yaml
2022-06-01T15:40:21.6875037Z checking duplicates
2022-06-01T15:40:21.6875463Z * file:///home/runner/work/rosdistro/rosdistro/jade/distribution.yaml
2022-06-01T15:40:21.6875956Z * file:///home/runner/work/rosdistro/rosdistro/rosdep/ruby.yaml
2022-06-01T15:40:21.6876318Z * file:///home/runner/work/rosdistro/rosdistro/rosdep/gentoo.yaml
2022-06-01T15:40:21.6876666Z * file:///home/runner/work/rosdistro/rosdistro/rosdep/base.yaml
2022-06-01T15:40:21.6877034Z * file:///home/runner/work/rosdistro/rosdistro/rosdep/python.yaml
2022-06-01T15:40:21.6877437Z * sources.list
2022-06-01T15:40:21.6877784Z checking with ['kinetic', 'ubuntu', 'xenial']
2022-06-01T15:40:21.6878057Z checking sources
2022-06-01T15:40:21.6878483Z - file:///home/runner/work/rosdistro/rosdistro/kinetic/distribution.yaml
2022-06-01T15:40:21.6879059Z - file:///home/runner/work/rosdistro/rosdistro/rosdep/ruby.yaml
2022-06-01T15:40:21.6879511Z - file:///home/runner/work/rosdistro/rosdistro/rosdep/gentoo.yaml
2022-06-01T15:40:21.6879962Z - file:///home/runner/work/rosdistro/rosdistro/rosdep/base.yaml
2022-06-01T15:40:21.6880409Z - file:///home/runner/work/rosdistro/rosdistro/rosdep/python.yaml
2022-06-01T15:40:21.6880693Z checking duplicates
2022-06-01T15:40:21.6881016Z * file:///home/runner/work/rosdistro/rosdistro/kinetic/distribution.yaml
2022-06-01T15:40:21.6881642Z * file:///home/runner/work/rosdistro/rosdistro/rosdep/ruby.yaml
2022-06-01T15:40:21.6881960Z * file:///home/runner/work/rosdistro/rosdistro/rosdep/gentoo.yaml
2022-06-01T15:40:21.6882288Z * file:///home/runner/work/rosdistro/rosdistro/rosdep/base.yaml
2022-06-01T15:40:21.6882764Z * file:///home/runner/work/rosdistro/rosdistro/rosdep/python.yaml
2022-06-01T15:40:21.6883036Z * sources.list
2022-06-01T15:40:21.6883356Z checking with ['lunar', 'ubuntu', 'xenial']
2022-06-01T15:40:21.6883594Z checking sources
2022-06-01T15:40:21.6883950Z - file:///home/runner/work/rosdistro/rosdistro/lunar/distribution.yaml
2022-06-01T15:40:21.6884378Z - file:///home/runner/work/rosdistro/rosdistro/rosdep/ruby.yaml
2022-06-01T15:40:21.6884792Z - file:///home/runner/work/rosdistro/rosdistro/rosdep/gentoo.yaml
2022-06-01T15:40:21.6885201Z - file:///home/runner/work/rosdistro/rosdistro/rosdep/base.yaml
2022-06-01T15:40:21.6885595Z - file:///home/runner/work/rosdistro/rosdistro/rosdep/python.yaml
2022-06-01T15:40:21.6885870Z checking duplicates
2022-06-01T15:40:21.6886163Z * file:///home/runner/work/rosdistro/rosdistro/lunar/distribution.yaml
2022-06-01T15:40:21.6886495Z * file:///home/runner/work/rosdistro/rosdistro/rosdep/ruby.yaml
2022-06-01T15:40:21.6886829Z * file:///home/runner/work/rosdistro/rosdistro/rosdep/gentoo.yaml
2022-06-01T15:40:21.6887158Z * file:///home/runner/work/rosdistro/rosdistro/rosdep/base.yaml
2022-06-01T15:40:21.6887471Z * file:///home/runner/work/rosdistro/rosdistro/rosdep/python.yaml
2022-06-01T15:40:21.6887729Z * sources.list
2022-06-01T15:40:21.6888025Z checking with ['', 'osx', 'homebrew']
2022-06-01T15:40:21.6888258Z checking sources
2022-06-01T15:40:21.6888591Z - file:///home/runner/work/rosdistro/rosdistro/rosdep/ruby.yaml
2022-06-01T15:40:21.6889002Z - file:///home/runner/work/rosdistro/rosdistro/rosdep/gentoo.yaml
2022-06-01T15:40:21.6889579Z - file:///home/runner/work/rosdistro/rosdistro/rosdep/osx-homebrew.yaml
2022-06-01T15:40:21.6890018Z - file:///home/runner/work/rosdistro/rosdistro/rosdep/base.yaml
2022-06-01T15:40:21.6890459Z - file:///home/runner/work/rosdistro/rosdistro/rosdep/python.yaml
2022-06-01T15:40:21.6890872Z checking duplicates
2022-06-01T15:40:21.6891151Z * file:///home/runner/work/rosdistro/rosdistro/rosdep/ruby.yaml
2022-06-01T15:40:21.6891506Z * file:///home/runner/work/rosdistro/rosdistro/rosdep/gentoo.yaml
2022-06-01T15:40:21.6891978Z * file:///home/runner/work/rosdistro/rosdistro/rosdep/osx-homebrew.yaml
2022-06-01T15:40:21.6892345Z * file:///home/runner/work/rosdistro/rosdistro/rosdep/base.yaml
2022-06-01T15:40:21.6892685Z * file:///home/runner/work/rosdistro/rosdistro/rosdep/python.yaml
2022-06-01T15:40:21.6893065Z * sources.list
2022-06-01T15:40:21.6893444Z Running 'scripts/check_rosdep.py' on all '*.yaml' in the 'rosdep' directory.
2022-06-01T15:40:21.6893884Z If this fails you can run 'scripts/clean_rosdep_yaml.py' to help cleanup.
2022-06-01T15:40:21.6894089Z 
2022-06-01T15:40:21.6894208Z Checking rosdep file: rosdep/base.yaml
2022-06-01T15:40:21.6894466Z checking for trailing spaces...
2022-06-01T15:40:21.6894691Z checking for blank lines...
2022-06-01T15:40:21.6894948Z checking for incorrect indentation...
2022-06-01T15:40:21.6895410Z checking for non-bracket package lists...
2022-06-01T15:40:21.6895681Z checking for item order...
2022-06-01T15:40:21.6895908Z building yaml dict...
2022-06-01T15:40:21.6896168Z Checking rosdep file: rosdep/gentoo.yaml
2022-06-01T15:40:21.6896459Z skipping file with empty dict contents...
2022-06-01T15:40:21.6896833Z Checking rosdep file: rosdep/osx-homebrew.yaml
2022-06-01T15:40:21.6897122Z checking for trailing spaces...
2022-06-01T15:40:21.6897375Z checking for blank lines...
2022-06-01T15:40:21.6897625Z checking for incorrect indentation...
2022-06-01T15:40:21.6897979Z checking for non-bracket package lists...
2022-06-01T15:40:21.6898373Z checking for item order...
2022-06-01T15:40:21.6898604Z building yaml dict...
2022-06-01T15:40:21.6898874Z Checking rosdep file: rosdep/python.yaml
2022-06-01T15:40:21.6899157Z checking for trailing spaces...
2022-06-01T15:40:21.6899403Z checking for blank lines...
2022-06-01T15:40:21.6899680Z checking for incorrect indentation...
2022-06-01T15:40:21.6900056Z checking for non-bracket package lists...
2022-06-01T15:40:21.6900446Z checking for item order...
2022-06-01T15:40:21.6900792Z building yaml dict...
2022-06-01T15:40:21.6901083Z Checking rosdep file: rosdep/ruby.yaml
2022-06-01T15:40:21.6901373Z checking for trailing spaces...
2022-06-01T15:40:21.6901740Z checking for blank lines...
2022-06-01T15:40:21.6902016Z checking for incorrect indentation...
2022-06-01T15:40:21.6902398Z checking for non-bracket package lists...
2022-06-01T15:40:21.6902665Z checking for item order...
2022-06-01T15:40:21.6902908Z building yaml dict...
2022-06-01T15:40:22.6376180Z Skipping rosdep check of file rosdep/sources.list.d
2022-06-01T15:40:22.6377239Z Checking if the distribution files of 'foxy' contain valid urls for known hosting services.
2022-06-01T15:40:22.6378026Z If this fails you can run 'scripts/check_rosdistro_urls.py file://`pwd`/index.yaml foxy' to perform the same check locally.
2022-06-01T15:40:22.6378422Z 
2022-06-01T15:40:23.5121694Z .........................................................................................................................................................................................................................................................................................................................................................................................................
2022-06-01T15:40:23.5122941Z Checking if the distribution files of 'galactic' contain valid urls for known hosting services.
2022-06-01T15:40:23.5123740Z If this fails you can run 'scripts/check_rosdistro_urls.py file://`pwd`/index.yaml galactic' to perform the same check locally.
2022-06-01T15:40:23.5124134Z 
2022-06-01T15:40:24.2868435Z ........................................................................................................................................................................................................................................................................................................................................................................
2022-06-01T15:40:24.2870265Z Checking if the distribution files of 'humble' contain valid urls for known hosting services.
2022-06-01T15:40:24.2871555Z If this fails you can run 'scripts/check_rosdistro_urls.py file://`pwd`/index.yaml humble' to perform the same check locally.
2022-06-01T15:40:24.2872060Z 
2022-06-01T15:40:26.5352297Z ..............................................................................................................................................................................................................................................................................................................................................
2022-06-01T15:40:26.5353827Z Checking if the distribution files of 'melodic' contain valid urls for known hosting services.
2022-06-01T15:40:26.5355046Z If this fails you can run 'scripts/check_rosdistro_urls.py file://`pwd`/index.yaml melodic' to perform the same check locally.
2022-06-01T15:40:26.5355919Z 
2022-06-01T15:40:28.2349093Z ...................................................................................................................................................................................................................................................................................................................................................................................................................................................................................................................................................................................................................................................................................................................................................................................................................................................................................................................................................................................................................................
2022-06-01T15:40:28.2351722Z Checking if the distribution files of 'noetic' contain valid urls for known hosting services.
2022-06-01T15:40:28.2354070Z If this fails you can run 'scripts/check_rosdistro_urls.py file://`pwd`/index.yaml noetic' to perform the same check locally.
2022-06-01T15:40:28.2355714Z 
2022-06-01T15:40:29.0689055Z ..........................................................................................................................................................................................................................................................................................................................................................................................................................................................................................................................................................................................................................................................................................................
2022-06-01T15:40:29.0692307Z Checking if the distribution files of 'rolling' contain valid urls for known hosting services.
2022-06-01T15:40:29.0694850Z If this fails you can run 'scripts/check_rosdistro_urls.py file://`pwd`/index.yaml rolling' to perform the same check locally.
2022-06-01T15:40:29.0696861Z 
2022-06-01T15:40:57.2227193Z S...--- file:///home/runner/work/rosdistro/rosdistro/galactic/distribution.yaml
2022-06-01T15:40:57.2228240Z +++ loaded-and-saved
2022-06-01T15:40:57.2228920Z @@ -428,3 +428,3 @@
2022-06-01T15:40:57.2278911Z        url: https://github.com/ros/bond_core.git
2022-06-01T15:40:57.2279420Z -      version: galactic 
2022-06-01T15:40:57.2279735Z +      version: galactic
2022-06-01T15:40:57.2279986Z      status: maintained
2022-06-01T15:41:01.0839958Z ..............................................................................................................................................................................................................................................................................................................................................
2022-06-01T15:41:01.0841441Z Checking if index.yaml and all referenced files comply to the formatting rules.
2022-06-01T15:41:01.0842814Z If this fails you can run 'rosdistro_reformat index.yaml' to help cleanup.
2022-06-01T15:41:01.0843399Z 'rosdistro_reformat' shows the diff between the current files and their expected formatting.
2022-06-01T15:41:01.0843655Z 
2022-06-01T15:41:01.0843929Z Checking if the 'package.xml' files for all packages are fetchable.
2022-06-01T15:41:01.0844465Z If this fails you can run 'rosdistro_build_cache index.yaml' to perform the same check locally.
2022-06-01T15:41:01.0844714Z 
2022-06-01T15:41:01.0844803Z Build cache for "foxy"
2022-06-01T15:41:01.0845109Z - trying to use local cache
2022-06-01T15:41:01.0845408Z - trying to fetch cache
2022-06-01T15:41:01.0845667Z - update cache
2022-06-01T15:41:01.0846032Z - removing invalid release package cache entries.
2022-06-01T15:41:01.0846393Z - fetch missing release manifests
2022-06-01T15:41:05.9719272Z ............................................................................................................................................................................................................................................................................................................................................................................................................................................................................................................................................................................................................................................................................................................................................................................................................................................................................................................................................................................................................................................
2022-06-01T15:41:05.9722000Z 
2022-06-01T15:41:05.9724738Z Build cache for "galactic"
2022-06-01T15:41:05.9727578Z - trying to use local cache
2022-06-01T15:41:05.9730122Z - trying to fetch cache
2022-06-01T15:41:05.9732571Z - update cache
2022-06-01T15:41:05.9735130Z   - updated 'doc' entry for repository 'bond_core'
2022-06-01T15:41:05.9737671Z   - updated 'source' entry for repository 'bond_core'
2022-06-01T15:41:05.9739611Z - removing invalid release package cache entries.
2022-06-01T15:41:05.9740161Z - fetch missing release manifests
2022-06-01T15:41:10.4981493Z ...............................................................................................................................................................................................................................................................................................................................................................................................................................................................................................................................................................................................................................................................................................................................................................................................................................................................................................................................................................................................
2022-06-01T15:41:10.4984437Z 
2022-06-01T15:41:10.4986619Z Build cache for "humble"
2022-06-01T15:41:10.4989255Z - trying to use local cache
2022-06-01T15:41:10.4991699Z - trying to fetch cache
2022-06-01T15:41:10.4994358Z - update cache
2022-06-01T15:41:10.4996884Z - removing invalid release package cache entries.
2022-06-01T15:41:10.4999369Z - fetch missing release manifests
2022-06-01T15:41:19.5925897Z ................................................................................................................................................................................................................................................................................................................................................................................................................................................................................................................................................................................................................................................................................................................................................................................................................................
2022-06-01T15:41:19.5931640Z 
2022-06-01T15:41:19.5932236Z Build cache for "melodic"
2022-06-01T15:41:19.5932971Z - trying to use local cache
2022-06-01T15:41:19.5933773Z - trying to fetch cache
2022-06-01T15:41:19.5934411Z - update cache
2022-06-01T15:41:19.5935500Z - removing invalid release package cache entries.
2022-06-01T15:41:19.5936120Z - fetch missing release manifests
2022-06-01T15:41:29.0913863Z .....................................................................................................................................................................................................................................................................................................................................................................................................................................................................................................................................................................................................................................................................................................................................................................................................................................................................................................................................................................................................................................................................................................................................................................................................................................................................................................................................................................................................................................................................................................................................................................................................................................................................................................................................................................................................................................................................................................................................................................................................................................................................................................................................................................................................................................................................................................................................................................................................................................................
2022-06-01T15:41:29.0915414Z 
2022-06-01T15:41:29.0915620Z Build cache for "noetic"
2022-06-01T15:41:29.0916262Z - trying to use local cache
2022-06-01T15:41:29.0916700Z - trying to fetch cache
2022-06-01T15:41:29.0917101Z - update cache
2022-06-01T15:41:29.0917581Z - removing invalid release package cache entries.
2022-06-01T15:41:29.0918043Z - fetch missing release manifests
2022-06-01T15:41:34.8782526Z ................................................................................................................................................................................................................................................................................................................................................................................................................................................................................................................................................................................................................................................................................................................................................................................................................................................................................................................................................................................................................................................................................................................................................................................................................................................................................................................................................................................................................................................................................................................................................................................................................................................................................................................................................................................................................................................................................
2022-06-01T15:41:34.8798663Z 
2022-06-01T15:41:34.8800726Z Build cache for "rolling"
2022-06-01T15:41:34.8850343Z - trying to use local cache
2022-06-01T15:41:34.8850697Z - trying to fetch cache
2022-06-01T15:41:34.8850993Z - update cache
2022-06-01T15:41:34.8851357Z - removing invalid release package cache entries.
2022-06-01T15:41:34.8851749Z - fetch missing release manifests
2022-06-01T15:41:55.1103864Z F...
2022-06-01T15:41:55.1104233Z ======================================================================
2022-06-01T15:41:55.1104930Z FAIL: test.rosdistro_verify_test.test_verify_files_identical
2022-06-01T15:41:55.1105704Z ----------------------------------------------------------------------
2022-06-01T15:41:55.1106060Z Traceback (most recent call last):
2022-06-01T15:41:55.1117593Z   File "/opt/hostedtoolcache/Python/3.8.12/x64/lib/python3.8/site-packages/nose/case.py", line 198, in runTest
2022-06-01T15:41:55.1118083Z     self.test(*self.arg)
2022-06-01T15:41:55.1118559Z   File "/home/runner/work/rosdistro/rosdistro/test/rosdistro_verify_test.py", line 45, in test_verify_files_identical
2022-06-01T15:41:55.1119016Z     assert verify_files_identical(index_url), fold.get_message()
2022-06-01T15:41:55.1119329Z AssertionError: 
2022-06-01T15:41:55.1119826Z -------------------- >> begin captured logging << --------------------
2022-06-01T15:41:55.1120289Z rosdistro: DEBUG: Load index from "file:///home/runner/work/rosdistro/rosdistro/index.yaml"
2022-06-01T15:41:55.1120788Z rosdistro: DEBUG: Load file from "file:///home/runner/work/rosdistro/rosdistro/ardent/distribution.yaml"
2022-06-01T15:41:55.1121275Z rosdistro: DEBUG: Load file from "file:///home/runner/work/rosdistro/rosdistro/bouncy/distribution.yaml"
2022-06-01T15:41:55.1121775Z rosdistro: DEBUG: Load file from "file:///home/runner/work/rosdistro/rosdistro/crystal/distribution.yaml"
2022-06-01T15:41:55.1122274Z rosdistro: DEBUG: Load file from "file:///home/runner/work/rosdistro/rosdistro/dashing/distribution.yaml"
2022-06-01T15:41:55.1122775Z rosdistro: DEBUG: Load file from "file:///home/runner/work/rosdistro/rosdistro/eloquent/distribution.yaml"
2022-06-01T15:41:55.1123251Z rosdistro: DEBUG: Load file from "file:///home/runner/work/rosdistro/rosdistro/foxy/distribution.yaml"
2022-06-01T15:41:55.1123746Z rosdistro: DEBUG: Load file from "file:///home/runner/work/rosdistro/rosdistro/galactic/distribution.yaml"
2022-06-01T15:41:55.1124508Z rosdistro: DEBUG: Load file from "file:///home/runner/work/rosdistro/rosdistro/groovy/distribution.yaml"
2022-06-01T15:41:55.1125008Z rosdistro: DEBUG: Load file from "file:///home/runner/work/rosdistro/rosdistro/humble/distribution.yaml"
2022-06-01T15:41:55.1125488Z rosdistro: DEBUG: Load file from "file:///home/runner/work/rosdistro/rosdistro/hydro/distribution.yaml"
2022-06-01T15:41:55.1125976Z rosdistro: DEBUG: Load file from "file:///home/runner/work/rosdistro/rosdistro/indigo/distribution.yaml"
2022-06-01T15:41:55.1126466Z rosdistro: DEBUG: Load file from "file:///home/runner/work/rosdistro/rosdistro/jade/distribution.yaml"
2022-06-01T15:41:55.1126959Z rosdistro: DEBUG: Load file from "file:///home/runner/work/rosdistro/rosdistro/kinetic/distribution.yaml"
2022-06-01T15:41:55.1127433Z rosdistro: DEBUG: Load file from "file:///home/runner/work/rosdistro/rosdistro/lunar/distribution.yaml"
2022-06-01T15:41:55.1127919Z rosdistro: DEBUG: Load file from "file:///home/runner/work/rosdistro/rosdistro/melodic/distribution.yaml"
2022-06-01T15:41:55.1128419Z rosdistro: DEBUG: Load file from "file:///home/runner/work/rosdistro/rosdistro/noetic/distribution.yaml"
2022-06-01T15:41:55.1128894Z rosdistro: DEBUG: Load file from "file:///home/runner/work/rosdistro/rosdistro/rolling/distribution.yaml"
2022-06-01T15:41:55.1129472Z --------------------- >> end captured logging << ---------------------
2022-06-01T15:41:55.1129708Z 
2022-06-01T15:41:55.1129992Z ----------------------------------------------------------------------
2022-06-01T15:41:55.1130315Z Ran 7 tests in 130.309s
2022-06-01T15:41:55.1130468Z 
2022-06-01T15:41:55.1130566Z FAILED (SKIP=1, failures=1)
2022-06-01T15:41:55.1131254Z ......................................................................................................................................................................................................................................................................................................................................................................................................................................................................................................................................................................................................................................................................................................................................................................................................................................
2022-06-01T15:41:55.1132396Z 
2022-06-01T15:41:55.1132644Z Parsing manifest files for 'foxy'
2022-06-01T15:41:55.1133043Z Order all packages in 'foxy' topologically
2022-06-01T15:41:55.1133423Z Parsing manifest files for 'galactic'
2022-06-01T15:41:55.1133804Z Order all packages in 'galactic' topologically
2022-06-01T15:41:55.1134181Z Parsing manifest files for 'humble'
2022-06-01T15:41:55.1134567Z Order all packages in 'humble' topologically
2022-06-01T15:41:55.1134949Z Parsing manifest files for 'melodic'
2022-06-01T15:41:55.1135320Z Order all packages in 'melodic' topologically
2022-06-01T15:41:55.1135692Z Parsing manifest files for 'noetic'
2022-06-01T15:41:55.1136076Z Order all packages in 'noetic' topologically
2022-06-01T15:41:55.1136435Z Parsing manifest files for 'rolling'
2022-06-01T15:41:55.1136817Z Order all packages in 'rolling' topologically
2022-06-01T15:41:55.1137416Z Checking that the index.yaml and index-v4.yaml files contain the same information expect additional metadata in the v4.
2022-06-01T15:41:55.1138796Z verifying diff of file '/home/runner/work/rosdistro/rosdistro/galactic/distribution.yaml'
2022-06-01T15:41:55.1139290Z No ROSGHPRB_TOKEN set, continuing without checking hooks
2022-06-01T15:41:55.2517030Z ##[error]Process completed with exit code 1.
2022-06-01T15:41:55.2580452Z Post job cleanup.
2022-06-01T15:41:55.4016030Z [command]/usr/bin/git version
2022-06-01T15:41:55.4074312Z git version 2.36.1
2022-06-01T15:41:55.4124567Z Temporarily overriding HOME='/home/runner/work/_temp/3a25ad12-aed4-4c5b-a47f-f15b05c45a47' before making global git config changes
2022-06-01T15:41:55.4125784Z Adding repository directory to the temporary git global config as a safe directory
2022-06-01T15:41:55.4131138Z [command]/usr/bin/git config --global --add safe.directory /home/runner/work/rosdistro/rosdistro
2022-06-01T15:41:55.4179095Z [command]/usr/bin/git config --local --name-only --get-regexp core\.sshCommand
2022-06-01T15:41:55.4216887Z [command]/usr/bin/git submodule foreach --recursive git config --local --name-only --get-regexp 'core\.sshCommand' && git config --local --unset-all 'core.sshCommand' || :
2022-06-01T15:41:55.4521273Z [command]/usr/bin/git config --local --name-only --get-regexp http\.https\:\/\/github\.com\/\.extraheader
2022-06-01T15:41:55.4550817Z http.https://github.com/.extraheader
2022-06-01T15:41:55.4563114Z [command]/usr/bin/git config --local --unset-all http.https://github.com/.extraheader
2022-06-01T15:41:55.4602578Z [command]/usr/bin/git submodule foreach --recursive git config --local --name-only --get-regexp 'http\.https\:\/\/github\.com\/\.extraheader' && git config --local --unset-all 'http.https://github.com/.extraheader' || :
2022-06-01T15:41:55.5117004Z Cleaning up orphan processes
