2022-06-10T22:51:31.6076995Z Requested labels: ubuntu-20.04
2022-06-10T22:51:31.6077044Z Job defined at: ros/rosdistro/.github/workflows/build_test.yaml@refs/heads/master
2022-06-10T22:51:31.6077098Z Waiting for a runner to pick up this job...
2022-06-10T22:51:32.4006259Z Job is waiting for a hosted runner to come online.
2022-06-10T22:51:35.0136165Z Job is about to start running on the hosted runner: Hosted Agent (hosted)
2022-06-10T22:51:36.8785892Z Current runner version: '2.292.0'
2022-06-10T22:51:36.8811237Z ##[group]Operating System
2022-06-10T22:51:36.8811707Z Ubuntu
2022-06-10T22:51:36.8812005Z 20.04.4
2022-06-10T22:51:36.8812303Z LTS
2022-06-10T22:51:36.8812557Z ##[endgroup]
2022-06-10T22:51:36.8812984Z ##[group]Virtual Environment
2022-06-10T22:51:36.8813367Z Environment: ubuntu-20.04
2022-06-10T22:51:36.8813665Z Version: 20220605.1
2022-06-10T22:51:36.8814204Z Included Software: https://github.com/actions/virtual-environments/blob/ubuntu20/20220605.1/images/linux/Ubuntu2004-Readme.md
2022-06-10T22:51:36.8814914Z Image Release: https://github.com/actions/virtual-environments/releases/tag/ubuntu20%2F20220605.1
2022-06-10T22:51:36.8815334Z ##[endgroup]
2022-06-10T22:51:36.8815696Z ##[group]Virtual Environment Provisioner
2022-06-10T22:51:36.8816079Z 1.0.0.0-main-20220531-1
2022-06-10T22:51:36.8816348Z ##[endgroup]
2022-06-10T22:51:36.8817370Z ##[group]GITHUB_TOKEN Permissions
2022-06-10T22:51:36.8817963Z Actions: write
2022-06-10T22:51:36.8818432Z Checks: write
2022-06-10T22:51:36.8818802Z Contents: write
2022-06-10T22:51:36.8819134Z Deployments: write
2022-06-10T22:51:36.8819479Z Discussions: write
2022-06-10T22:51:36.8819755Z Issues: write
2022-06-10T22:51:36.8820069Z Metadata: read
2022-06-10T22:51:36.8820416Z Packages: write
2022-06-10T22:51:36.8820687Z Pages: write
2022-06-10T22:51:36.8821023Z PullRequests: write
2022-06-10T22:51:36.8821377Z RepositoryProjects: write
2022-06-10T22:51:36.8821691Z SecurityEvents: write
2022-06-10T22:51:36.8822050Z Statuses: write
2022-06-10T22:51:36.8822377Z ##[endgroup]
2022-06-10T22:51:36.8825972Z Secret source: Actions
2022-06-10T22:51:36.8826470Z Prepare workflow directory
2022-06-10T22:51:36.9636593Z Prepare all required actions
2022-06-10T22:51:36.9816617Z Getting action download info
2022-06-10T22:51:37.1802453Z Download action repository 'actions/checkout@v2' (SHA:7884fcad6b5d53d10323aee724dc68d8b9096a2e)
2022-06-10T22:51:37.4813922Z Download action repository 'actions/setup-python@v1' (SHA:152ba7c4dd6521b8e9c93f72d362ce03bf6c4f20)
2022-06-10T22:51:37.9845229Z ##[group]Run actions/checkout@v2
2022-06-10T22:51:37.9845570Z with:
2022-06-10T22:51:37.9845831Z   repository: ros/rosdistro
2022-06-10T22:51:37.9846342Z   token: ***
2022-06-10T22:51:37.9846579Z   ssh-strict: true
2022-06-10T22:51:37.9846861Z   persist-credentials: true
2022-06-10T22:51:37.9847152Z   clean: true
2022-06-10T22:51:37.9847378Z   fetch-depth: 1
2022-06-10T22:51:37.9847615Z   lfs: false
2022-06-10T22:51:37.9847857Z   submodules: false
2022-06-10T22:51:37.9848119Z   set-safe-directory: true
2022-06-10T22:51:37.9848386Z ##[endgroup]
2022-06-10T22:51:38.2542497Z Syncing repository: ros/rosdistro
2022-06-10T22:51:38.2544606Z ##[group]Getting Git version info
2022-06-10T22:51:38.2545471Z Working directory is '/home/runner/work/rosdistro/rosdistro'
2022-06-10T22:51:38.2546617Z [command]/usr/bin/git version
2022-06-10T22:51:38.2636329Z git version 2.36.1
2022-06-10T22:51:38.2637365Z ##[endgroup]
2022-06-10T22:51:38.2655601Z Temporarily overriding HOME='/home/runner/work/_temp/4559e49a-5d34-4d5d-8e78-d5a054f4e698' before making global git config changes
2022-06-10T22:51:38.2656191Z Adding repository directory to the temporary git global config as a safe directory
2022-06-10T22:51:38.2656805Z [command]/usr/bin/git config --global --add safe.directory /home/runner/work/rosdistro/rosdistro
2022-06-10T22:51:38.2693481Z Deleting the contents of '/home/runner/work/rosdistro/rosdistro'
2022-06-10T22:51:38.2697771Z ##[group]Initializing the repository
2022-06-10T22:51:38.2700985Z [command]/usr/bin/git init /home/runner/work/rosdistro/rosdistro
2022-06-10T22:51:38.2759712Z hint: Using 'master' as the name for the initial branch. This default branch name
2022-06-10T22:51:38.2760482Z hint: is subject to change. To configure the initial branch name to use in all
2022-06-10T22:51:38.2761935Z hint: of your new repositories, which will suppress this warning, call:
2022-06-10T22:51:38.2762447Z hint: 
2022-06-10T22:51:38.2763483Z hint: 	git config --global init.defaultBranch <name>
2022-06-10T22:51:38.2764214Z hint: 
2022-06-10T22:51:38.2765045Z hint: Names commonly chosen instead of 'master' are 'main', 'trunk' and
2022-06-10T22:51:38.2765691Z hint: 'development'. The just-created branch can be renamed via this command:
2022-06-10T22:51:38.2766120Z hint: 
2022-06-10T22:51:38.2767195Z hint: 	git branch -m <name>
2022-06-10T22:51:38.2773670Z Initialized empty Git repository in /home/runner/work/rosdistro/rosdistro/.git/
2022-06-10T22:51:38.2782309Z [command]/usr/bin/git remote add origin https://github.com/ros/rosdistro
2022-06-10T22:51:38.2860888Z ##[endgroup]
2022-06-10T22:51:38.2861762Z ##[group]Disabling automatic garbage collection
2022-06-10T22:51:38.2865503Z [command]/usr/bin/git config --local gc.auto 0
2022-06-10T22:51:38.2897368Z ##[endgroup]
2022-06-10T22:51:38.2898176Z ##[group]Setting up auth
2022-06-10T22:51:38.2905362Z [command]/usr/bin/git config --local --name-only --get-regexp core\.sshCommand
2022-06-10T22:51:38.2938580Z [command]/usr/bin/git submodule foreach --recursive git config --local --name-only --get-regexp 'core\.sshCommand' && git config --local --unset-all 'core.sshCommand' || :
2022-06-10T22:51:38.3276245Z [command]/usr/bin/git config --local --name-only --get-regexp http\.https\:\/\/github\.com\/\.extraheader
2022-06-10T22:51:38.3304661Z [command]/usr/bin/git submodule foreach --recursive git config --local --name-only --get-regexp 'http\.https\:\/\/github\.com\/\.extraheader' && git config --local --unset-all 'http.https://github.com/.extraheader' || :
2022-06-10T22:51:38.3520879Z [command]/usr/bin/git config --local http.https://github.com/.extraheader AUTHORIZATION: basic ***
2022-06-10T22:51:38.3557274Z ##[endgroup]
2022-06-10T22:51:38.3558040Z ##[group]Fetching the repository
2022-06-10T22:51:38.3564414Z [command]/usr/bin/git -c protocol.version=2 fetch --no-tags --prune --progress --no-recurse-submodules --depth=1 origin +28562ef9c1e558dc71099055c0f16db6ec30cc24:refs/remotes/origin/master
2022-06-10T22:51:38.5795590Z remote: Enumerating objects: 684, done.        
2022-06-10T22:51:38.5812643Z remote: Counting objects:   0% (1/684)        
2022-06-10T22:51:38.5813158Z remote: Counting objects:   1% (7/684)        
2022-06-10T22:51:38.5813836Z remote: Counting objects:   2% (14/684)        
2022-06-10T22:51:38.5814418Z remote: Counting objects:   3% (21/684)        
2022-06-10T22:51:38.5815054Z remote: Counting objects:   4% (28/684)        
2022-06-10T22:51:38.5815610Z remote: Counting objects:   5% (35/684)        
2022-06-10T22:51:38.5816233Z remote: Counting objects:   6% (42/684)        
2022-06-10T22:51:38.5817034Z remote: Counting objects:   7% (48/684)        
2022-06-10T22:51:38.5817459Z remote: Counting objects:   8% (55/684)        
2022-06-10T22:51:38.5817968Z remote: Counting objects:   9% (62/684)        
2022-06-10T22:51:38.5818532Z remote: Counting objects:  10% (69/684)        
2022-06-10T22:51:38.5819110Z remote: Counting objects:  11% (76/684)        
2022-06-10T22:51:38.5819662Z remote: Counting objects:  12% (83/684)        
2022-06-10T22:51:38.5820258Z remote: Counting objects:  13% (89/684)        
2022-06-10T22:51:38.5820715Z remote: Counting objects:  14% (96/684)        
2022-06-10T22:51:38.5821291Z remote: Counting objects:  15% (103/684)        
2022-06-10T22:51:38.5821736Z remote: Counting objects:  16% (110/684)        
2022-06-10T22:51:38.5822339Z remote: Counting objects:  17% (117/684)        
2022-06-10T22:51:38.5822906Z remote: Counting objects:  18% (124/684)        
2022-06-10T22:51:38.5823464Z remote: Counting objects:  19% (130/684)        
2022-06-10T22:51:38.5823980Z remote: Counting objects:  20% (137/684)        
2022-06-10T22:51:38.5824546Z remote: Counting objects:  21% (144/684)        
2022-06-10T22:51:38.5825110Z remote: Counting objects:  22% (151/684)        
2022-06-10T22:51:38.5825665Z remote: Counting objects:  23% (158/684)        
2022-06-10T22:51:38.5826157Z remote: Counting objects:  24% (165/684)        
2022-06-10T22:51:38.5826766Z remote: Counting objects:  25% (171/684)        
2022-06-10T22:51:38.5827388Z remote: Counting objects:  26% (178/684)        
2022-06-10T22:51:38.5828012Z remote: Counting objects:  27% (185/684)        
2022-06-10T22:51:38.5829139Z remote: Counting objects:  28% (192/684)        
2022-06-10T22:51:38.5830509Z remote: Counting objects:  29% (199/684)        
2022-06-10T22:51:38.5831210Z remote: Counting objects:  30% (206/684)        
2022-06-10T22:51:38.5831512Z remote: Counting objects:  31% (213/684)        
2022-06-10T22:51:38.5831810Z remote: Counting objects:  32% (219/684)        
2022-06-10T22:51:38.5832097Z remote: Counting objects:  33% (226/684)        
2022-06-10T22:51:38.5832394Z remote: Counting objects:  34% (233/684)        
2022-06-10T22:51:38.5832696Z remote: Counting objects:  35% (240/684)        
2022-06-10T22:51:38.5832976Z remote: Counting objects:  36% (247/684)        
2022-06-10T22:51:38.5833272Z remote: Counting objects:  37% (254/684)        
2022-06-10T22:51:38.5833565Z remote: Counting objects:  38% (260/684)        
2022-06-10T22:51:38.5833864Z remote: Counting objects:  39% (267/684)        
2022-06-10T22:51:38.5834158Z remote: Counting objects:  40% (274/684)        
2022-06-10T22:51:38.5834454Z remote: Counting objects:  41% (281/684)        
2022-06-10T22:51:38.5834736Z remote: Counting objects:  42% (288/684)        
2022-06-10T22:51:38.5835152Z remote: Counting objects:  43% (295/684)        
2022-06-10T22:51:38.5835451Z remote: Counting objects:  44% (301/684)        
2022-06-10T22:51:38.5835749Z remote: Counting objects:  45% (308/684)        
2022-06-10T22:51:38.5836030Z remote: Counting objects:  46% (315/684)        
2022-06-10T22:51:38.5836325Z remote: Counting objects:  47% (322/684)        
2022-06-10T22:51:38.5836706Z remote: Counting objects:  48% (329/684)        
2022-06-10T22:51:38.5836951Z remote: Counting objects:  49% (336/684)        
2022-06-10T22:51:38.5837207Z remote: Counting objects:  50% (342/684)        
2022-06-10T22:51:38.5837465Z remote: Counting objects:  51% (349/684)        
2022-06-10T22:51:38.5837842Z remote: Counting objects:  52% (356/684)        
2022-06-10T22:51:38.5838110Z remote: Counting objects:  53% (363/684)        
2022-06-10T22:51:38.5838370Z remote: Counting objects:  54% (370/684)        
2022-06-10T22:51:38.5838628Z remote: Counting objects:  55% (377/684)        
2022-06-10T22:51:38.5838877Z remote: Counting objects:  56% (384/684)        
2022-06-10T22:51:38.5839141Z remote: Counting objects:  57% (390/684)        
2022-06-10T22:51:38.5839399Z remote: Counting objects:  58% (397/684)        
2022-06-10T22:51:38.5839645Z remote: Counting objects:  59% (404/684)        
2022-06-10T22:51:38.5839902Z remote: Counting objects:  60% (411/684)        
2022-06-10T22:51:38.5840160Z remote: Counting objects:  61% (418/684)        
2022-06-10T22:51:38.5840410Z remote: Counting objects:  62% (425/684)        
2022-06-10T22:51:38.5840668Z remote: Counting objects:  63% (431/684)        
2022-06-10T22:51:38.5840930Z remote: Counting objects:  64% (438/684)        
2022-06-10T22:51:38.5841290Z remote: Counting objects:  65% (445/684)        
2022-06-10T22:51:38.5841544Z remote: Counting objects:  66% (452/684)        
2022-06-10T22:51:38.5841803Z remote: Counting objects:  67% (459/684)        
2022-06-10T22:51:38.5842061Z remote: Counting objects:  68% (466/684)        
2022-06-10T22:51:38.5842305Z remote: Counting objects:  69% (472/684)        
2022-06-10T22:51:38.5842564Z remote: Counting objects:  70% (479/684)        
2022-06-10T22:51:38.5842821Z remote: Counting objects:  71% (486/684)        
2022-06-10T22:51:38.5843078Z remote: Counting objects:  72% (493/684)        
2022-06-10T22:51:38.5843325Z remote: Counting objects:  73% (500/684)        
2022-06-10T22:51:38.5843817Z remote: Counting objects:  74% (507/684)        
2022-06-10T22:51:38.5844077Z remote: Counting objects:  75% (513/684)        
2022-06-10T22:51:38.5844321Z remote: Counting objects:  76% (520/684)        
2022-06-10T22:51:38.5844579Z remote: Counting objects:  77% (527/684)        
2022-06-10T22:51:38.5844839Z remote: Counting objects:  78% (534/684)        
2022-06-10T22:51:38.5845335Z remote: Counting objects:  79% (541/684)        
2022-06-10T22:51:38.5845591Z remote: Counting objects:  80% (548/684)        
2022-06-10T22:51:38.5845854Z remote: Counting objects:  81% (555/684)        
2022-06-10T22:51:38.5846113Z remote: Counting objects:  82% (561/684)        
2022-06-10T22:51:38.5846364Z remote: Counting objects:  83% (568/684)        
2022-06-10T22:51:38.5846626Z remote: Counting objects:  84% (575/684)        
2022-06-10T22:51:38.5846885Z remote: Counting objects:  85% (582/684)        
2022-06-10T22:51:38.5847131Z remote: Counting objects:  86% (589/684)        
2022-06-10T22:51:38.5847387Z remote: Counting objects:  87% (596/684)        
2022-06-10T22:51:38.5847645Z remote: Counting objects:  88% (602/684)        
2022-06-10T22:51:38.5847894Z remote: Counting objects:  89% (609/684)        
2022-06-10T22:51:38.5848149Z remote: Counting objects:  90% (616/684)        
2022-06-10T22:51:38.5848407Z remote: Counting objects:  91% (623/684)        
2022-06-10T22:51:38.5848659Z remote: Counting objects:  92% (630/684)        
2022-06-10T22:51:38.5848916Z remote: Counting objects:  93% (637/684)        
2022-06-10T22:51:38.5849176Z remote: Counting objects:  94% (643/684)        
2022-06-10T22:51:38.5849429Z remote: Counting objects:  95% (650/684)        
2022-06-10T22:51:38.5849678Z remote: Counting objects:  96% (657/684)        
2022-06-10T22:51:38.5849937Z remote: Counting objects:  97% (664/684)        
2022-06-10T22:51:38.5850194Z remote: Counting objects:  98% (671/684)        
2022-06-10T22:51:38.5850439Z remote: Counting objects:  99% (678/684)        
2022-06-10T22:51:38.5850697Z remote: Counting objects: 100% (684/684)        
2022-06-10T22:51:38.5850970Z remote: Counting objects: 100% (684/684), done.        
2022-06-10T22:51:38.5851249Z remote: Compressing objects:   0% (1/602)        
2022-06-10T22:51:38.5851531Z remote: Compressing objects:   1% (7/602)        
2022-06-10T22:51:38.5852111Z remote: Compressing objects:   2% (13/602)        
2022-06-10T22:51:38.5853439Z remote: Compressing objects:   3% (19/602)        
2022-06-10T22:51:38.5853868Z remote: Compressing objects:   4% (25/602)        
2022-06-10T22:51:38.5856130Z remote: Compressing objects:   5% (31/602)        
2022-06-10T22:51:38.5866492Z remote: Compressing objects:   6% (37/602)        
2022-06-10T22:51:38.6474574Z remote: Compressing objects:   7% (43/602)        
2022-06-10T22:51:38.7419488Z remote: Compressing objects:   8% (49/602)        
2022-06-10T22:51:38.8104241Z remote: Compressing objects:   9% (55/602)        
2022-06-10T22:51:38.8197983Z remote: Compressing objects:  10% (61/602)        
2022-06-10T22:51:38.8198358Z remote: Compressing objects:  11% (67/602)        
2022-06-10T22:51:38.8275344Z remote: Compressing objects:  12% (73/602)        
2022-06-10T22:51:38.8275656Z remote: Compressing objects:  13% (79/602)        
2022-06-10T22:51:38.8275943Z remote: Compressing objects:  14% (85/602)        
2022-06-10T22:51:38.8276240Z remote: Compressing objects:  15% (91/602)        
2022-06-10T22:51:38.8276517Z remote: Compressing objects:  16% (97/602)        
2022-06-10T22:51:38.8276800Z remote: Compressing objects:  17% (103/602)        
2022-06-10T22:51:38.8277083Z remote: Compressing objects:  18% (109/602)        
2022-06-10T22:51:38.8277347Z remote: Compressing objects:  19% (115/602)        
2022-06-10T22:51:38.8277622Z remote: Compressing objects:  20% (121/602)        
2022-06-10T22:51:38.8277897Z remote: Compressing objects:  21% (127/602)        
2022-06-10T22:51:38.8278175Z remote: Compressing objects:  22% (133/602)        
2022-06-10T22:51:38.8278450Z remote: Compressing objects:  23% (139/602)        
2022-06-10T22:51:38.8278726Z remote: Compressing objects:  24% (145/602)        
2022-06-10T22:51:38.8278998Z remote: Compressing objects:  25% (151/602)        
2022-06-10T22:51:38.8279257Z remote: Compressing objects:  26% (157/602)        
2022-06-10T22:51:38.8279529Z remote: Compressing objects:  27% (163/602)        
2022-06-10T22:51:38.8280064Z remote: Compressing objects:  28% (169/602)        
2022-06-10T22:51:38.8280325Z remote: Compressing objects:  29% (175/602)        
2022-06-10T22:51:38.8280600Z remote: Compressing objects:  30% (181/602)        
2022-06-10T22:51:38.8280877Z remote: Compressing objects:  31% (187/602)        
2022-06-10T22:51:38.8281149Z remote: Compressing objects:  32% (193/602)        
2022-06-10T22:51:38.8281408Z remote: Compressing objects:  33% (199/602)        
2022-06-10T22:51:38.8281680Z remote: Compressing objects:  34% (205/602)        
2022-06-10T22:51:38.8281954Z remote: Compressing objects:  35% (211/602)        
2022-06-10T22:51:38.8282212Z remote: Compressing objects:  36% (217/602)        
2022-06-10T22:51:38.8282482Z remote: Compressing objects:  37% (223/602)        
2022-06-10T22:51:38.8282755Z remote: Compressing objects:  38% (229/602)        
2022-06-10T22:51:38.8283011Z remote: Compressing objects:  39% (235/602)        
2022-06-10T22:51:38.8283285Z remote: Compressing objects:  40% (241/602)        
2022-06-10T22:51:38.8283566Z remote: Compressing objects:  41% (247/602)        
2022-06-10T22:51:38.8283825Z remote: Compressing objects:  42% (253/602)        
2022-06-10T22:51:38.8284095Z remote: Compressing objects:  43% (259/602)        
2022-06-10T22:51:38.8284365Z remote: Compressing objects:  44% (265/602)        
2022-06-10T22:51:38.8284639Z remote: Compressing objects:  45% (271/602)        
2022-06-10T22:51:38.8284897Z remote: Compressing objects:  46% (277/602)        
2022-06-10T22:51:38.8285167Z remote: Compressing objects:  47% (283/602)        
2022-06-10T22:51:38.8285439Z remote: Compressing objects:  48% (289/602)        
2022-06-10T22:51:38.8285699Z remote: Compressing objects:  49% (295/602)        
2022-06-10T22:51:38.8285974Z remote: Compressing objects:  50% (301/602)        
2022-06-10T22:51:38.8286245Z remote: Compressing objects:  51% (308/602)        
2022-06-10T22:51:38.8286502Z remote: Compressing objects:  52% (314/602)        
2022-06-10T22:51:38.8286857Z remote: Compressing objects:  53% (320/602)        
2022-06-10T22:51:38.8287185Z remote: Compressing objects:  54% (326/602)        
2022-06-10T22:51:38.8287457Z remote: Compressing objects:  55% (332/602)        
2022-06-10T22:51:38.8287715Z remote: Compressing objects:  56% (338/602)        
2022-06-10T22:51:38.8287989Z remote: Compressing objects:  57% (344/602)        
2022-06-10T22:51:38.8288261Z remote: Compressing objects:  58% (350/602)        
2022-06-10T22:51:38.8288520Z remote: Compressing objects:  59% (356/602)        
2022-06-10T22:51:38.8288795Z remote: Compressing objects:  60% (362/602)        
2022-06-10T22:51:38.8289066Z remote: Compressing objects:  61% (368/602)        
2022-06-10T22:51:38.8289324Z remote: Compressing objects:  62% (374/602)        
2022-06-10T22:51:38.8289596Z remote: Compressing objects:  63% (380/602)        
2022-06-10T22:51:38.8289866Z remote: Compressing objects:  64% (386/602)        
2022-06-10T22:51:38.8290135Z remote: Compressing objects:  65% (392/602)        
2022-06-10T22:51:38.8290398Z remote: Compressing objects:  66% (398/602)        
2022-06-10T22:51:38.8290672Z remote: Compressing objects:  67% (404/602)        
2022-06-10T22:51:38.8290945Z remote: Compressing objects:  68% (410/602)        
2022-06-10T22:51:38.8291201Z remote: Compressing objects:  69% (416/602)        
2022-06-10T22:51:38.8291470Z remote: Compressing objects:  70% (422/602)        
2022-06-10T22:51:38.8291738Z remote: Compressing objects:  71% (428/602)        
2022-06-10T22:51:38.8291992Z remote: Compressing objects:  72% (434/602)        
2022-06-10T22:51:38.8294506Z remote: Compressing objects:  73% (440/602)        
2022-06-10T22:51:38.8294806Z remote: Compressing objects:  74% (446/602)        
2022-06-10T22:51:38.8295066Z remote: Compressing objects:  75% (452/602)        
2022-06-10T22:51:38.8295344Z remote: Compressing objects:  76% (458/602)        
2022-06-10T22:51:38.8295620Z remote: Compressing objects:  77% (464/602)        
2022-06-10T22:51:38.8295897Z remote: Compressing objects:  78% (470/602)        
2022-06-10T22:51:38.8296327Z remote: Compressing objects:  79% (476/602)        
2022-06-10T22:51:38.8296601Z remote: Compressing objects:  80% (482/602)        
2022-06-10T22:51:38.8296878Z remote: Compressing objects:  81% (488/602)        
2022-06-10T22:51:38.8297139Z remote: Compressing objects:  82% (494/602)        
2022-06-10T22:51:38.8297416Z remote: Compressing objects:  83% (500/602)        
2022-06-10T22:51:38.8297689Z remote: Compressing objects:  84% (506/602)        
2022-06-10T22:51:38.8297947Z remote: Compressing objects:  85% (512/602)        
2022-06-10T22:51:38.8298218Z remote: Compressing objects:  86% (518/602)        
2022-06-10T22:51:38.8298488Z remote: Compressing objects:  87% (524/602)        
2022-06-10T22:51:38.8298760Z remote: Compressing objects:  88% (530/602)        
2022-06-10T22:51:38.8299017Z remote: Compressing objects:  89% (536/602)        
2022-06-10T22:51:38.8299293Z remote: Compressing objects:  90% (542/602)        
2022-06-10T22:51:38.8299585Z remote: Compressing objects:  91% (548/602)        
2022-06-10T22:51:38.8299860Z remote: Compressing objects:  92% (554/602)        
2022-06-10T22:51:38.8300131Z remote: Compressing objects:  93% (560/602)        
2022-06-10T22:51:38.8300386Z remote: Compressing objects:  94% (566/602)        
2022-06-10T22:51:38.8300662Z remote: Compressing objects:  95% (572/602)        
2022-06-10T22:51:38.8300934Z remote: Compressing objects:  96% (578/602)        
2022-06-10T22:51:38.8301192Z remote: Compressing objects:  97% (584/602)        
2022-06-10T22:51:38.8301468Z remote: Compressing objects:  98% (590/602)        
2022-06-10T22:51:38.8301739Z remote: Compressing objects:  99% (596/602)        
2022-06-10T22:51:38.8302154Z remote: Compressing objects: 100% (602/602)        
2022-06-10T22:51:38.8302618Z remote: Compressing objects: 100% (602/602), done.        
2022-06-10T22:51:38.8303329Z Receiving objects:   0% (1/684)
2022-06-10T22:51:38.8351686Z Receiving objects:   1% (7/684)
2022-06-10T22:51:38.8650153Z Receiving objects:   2% (14/684)
2022-06-10T22:51:38.8651426Z Receiving objects:   3% (21/684)
2022-06-10T22:51:38.8651857Z Receiving objects:   4% (28/684)
2022-06-10T22:51:38.8652605Z Receiving objects:   5% (35/684)
2022-06-10T22:51:38.8653190Z Receiving objects:   6% (42/684)
2022-06-10T22:51:38.8653792Z Receiving objects:   7% (48/684)
2022-06-10T22:51:38.8654376Z Receiving objects:   8% (55/684)
2022-06-10T22:51:38.8654981Z Receiving objects:   9% (62/684)
2022-06-10T22:51:38.8655669Z Receiving objects:  10% (69/684)
2022-06-10T22:51:38.8656247Z Receiving objects:  11% (76/684)
2022-06-10T22:51:38.8656846Z Receiving objects:  12% (83/684)
2022-06-10T22:51:38.8657535Z Receiving objects:  13% (89/684)
2022-06-10T22:51:38.8658083Z Receiving objects:  14% (96/684)
2022-06-10T22:51:38.8658650Z Receiving objects:  15% (103/684)
2022-06-10T22:51:38.8659324Z Receiving objects:  16% (110/684)
2022-06-10T22:51:38.8659985Z Receiving objects:  17% (117/684)
2022-06-10T22:51:38.8660641Z Receiving objects:  18% (124/684)
2022-06-10T22:51:38.8660985Z Receiving objects:  19% (130/684)
2022-06-10T22:51:38.8661687Z Receiving objects:  20% (137/684)
2022-06-10T22:51:38.8662356Z Receiving objects:  21% (144/684)
2022-06-10T22:51:38.8662932Z Receiving objects:  22% (151/684)
2022-06-10T22:51:38.8663569Z Receiving objects:  23% (158/684)
2022-06-10T22:51:38.8664235Z Receiving objects:  24% (165/684)
2022-06-10T22:51:38.8664777Z Receiving objects:  25% (171/684)
2022-06-10T22:51:38.8665296Z Receiving objects:  26% (178/684)
2022-06-10T22:51:38.8665925Z Receiving objects:  27% (185/684)
2022-06-10T22:51:38.8666593Z Receiving objects:  28% (192/684)
2022-06-10T22:51:38.8667233Z Receiving objects:  29% (199/684)
2022-06-10T22:51:38.8668518Z Receiving objects:  30% (206/684)
2022-06-10T22:51:38.8668773Z Receiving objects:  31% (213/684)
2022-06-10T22:51:38.8669011Z Receiving objects:  32% (219/684)
2022-06-10T22:51:38.8672893Z Receiving objects:  33% (226/684)
2022-06-10T22:51:38.8674392Z Receiving objects:  34% (233/684)
2022-06-10T22:51:38.8674838Z Receiving objects:  35% (240/684)
2022-06-10T22:51:38.8675212Z Receiving objects:  36% (247/684)
2022-06-10T22:51:38.8675670Z Receiving objects:  37% (254/684)
2022-06-10T22:51:38.8676580Z Receiving objects:  38% (260/684)
2022-06-10T22:51:38.8676970Z Receiving objects:  39% (267/684)
2022-06-10T22:51:38.8677497Z Receiving objects:  40% (274/684)
2022-06-10T22:51:38.8678189Z Receiving objects:  41% (281/684)
2022-06-10T22:51:38.8678744Z Receiving objects:  42% (288/684)
2022-06-10T22:51:38.8679459Z Receiving objects:  43% (295/684)
2022-06-10T22:51:38.8679988Z Receiving objects:  44% (301/684)
2022-06-10T22:51:38.8680543Z Receiving objects:  45% (308/684)
2022-06-10T22:51:38.8681072Z Receiving objects:  46% (315/684)
2022-06-10T22:51:38.8687760Z Receiving objects:  47% (322/684)
2022-06-10T22:51:38.8698998Z Receiving objects:  48% (329/684)
2022-06-10T22:51:38.8699283Z Receiving objects:  49% (336/684)
2022-06-10T22:51:38.8699526Z Receiving objects:  50% (342/684)
2022-06-10T22:51:38.8699749Z Receiving objects:  51% (349/684)
2022-06-10T22:51:38.8700001Z Receiving objects:  52% (356/684)
2022-06-10T22:51:38.8700236Z Receiving objects:  53% (363/684)
2022-06-10T22:51:38.8700455Z Receiving objects:  54% (370/684)
2022-06-10T22:51:38.8700686Z Receiving objects:  55% (377/684)
2022-06-10T22:51:38.8700916Z Receiving objects:  56% (384/684)
2022-06-10T22:51:38.8701133Z Receiving objects:  57% (390/684)
2022-06-10T22:51:38.8701370Z Receiving objects:  58% (397/684)
2022-06-10T22:51:38.8701599Z Receiving objects:  59% (404/684)
2022-06-10T22:51:38.8701830Z Receiving objects:  60% (411/684)
2022-06-10T22:51:38.8702050Z Receiving objects:  61% (418/684)
2022-06-10T22:51:38.8702279Z Receiving objects:  62% (425/684)
2022-06-10T22:51:38.8702508Z Receiving objects:  63% (431/684)
2022-06-10T22:51:38.8702729Z Receiving objects:  64% (438/684)
2022-06-10T22:51:38.8702960Z Receiving objects:  65% (445/684)
2022-06-10T22:51:38.8703189Z Receiving objects:  66% (452/684)
2022-06-10T22:51:38.8703407Z Receiving objects:  67% (459/684)
2022-06-10T22:51:38.8703802Z Receiving objects:  68% (466/684)
2022-06-10T22:51:38.8704045Z Receiving objects:  69% (472/684)
2022-06-10T22:51:38.8704275Z Receiving objects:  70% (479/684)
2022-06-10T22:51:38.8704510Z Receiving objects:  71% (486/684)
2022-06-10T22:51:38.8704743Z Receiving objects:  72% (493/684)
2022-06-10T22:51:38.8704962Z Receiving objects:  73% (500/684)
2022-06-10T22:51:38.8705195Z Receiving objects:  74% (507/684)
2022-06-10T22:51:38.8705428Z Receiving objects:  75% (513/684)
2022-06-10T22:51:38.8705647Z Receiving objects:  76% (520/684)
2022-06-10T22:51:38.8705880Z Receiving objects:  77% (527/684)
2022-06-10T22:51:38.8706109Z Receiving objects:  78% (534/684)
2022-06-10T22:51:38.8706327Z Receiving objects:  79% (541/684)
2022-06-10T22:51:38.8706560Z Receiving objects:  80% (548/684)
2022-06-10T22:51:38.8706793Z Receiving objects:  81% (555/684)
2022-06-10T22:51:38.8707023Z Receiving objects:  82% (561/684)
2022-06-10T22:51:38.8707288Z Receiving objects:  83% (568/684)
2022-06-10T22:51:38.8707525Z Receiving objects:  84% (575/684)
2022-06-10T22:51:38.8707758Z Receiving objects:  85% (582/684)
2022-06-10T22:51:38.8879504Z Receiving objects:  86% (589/684)
2022-06-10T22:51:38.8910163Z Receiving objects:  87% (596/684)
2022-06-10T22:51:38.9030015Z Receiving objects:  88% (602/684)
2022-06-10T22:51:38.9030330Z Receiving objects:  89% (609/684)
2022-06-10T22:51:38.9088603Z Receiving objects:  90% (616/684)
2022-06-10T22:51:38.9128068Z Receiving objects:  91% (623/684)
2022-06-10T22:51:38.9240862Z Receiving objects:  92% (630/684)
2022-06-10T22:51:38.9241146Z Receiving objects:  93% (637/684)
2022-06-10T22:51:38.9280594Z Receiving objects:  94% (643/684)
2022-06-10T22:51:38.9280868Z Receiving objects:  95% (650/684)
2022-06-10T22:51:38.9284142Z Receiving objects:  96% (657/684)
2022-06-10T22:51:38.9288513Z Receiving objects:  97% (664/684)
2022-06-10T22:51:38.9288774Z Receiving objects:  98% (671/684)
2022-06-10T22:51:38.9289408Z remote: Total 684 (delta 110), reused 490 (delta 66), pack-reused 0        
2022-06-10T22:51:38.9292057Z Receiving objects:  99% (678/684)
2022-06-10T22:51:38.9292465Z Receiving objects: 100% (684/684)
2022-06-10T22:51:38.9293056Z Receiving objects: 100% (684/684), 457.12 KiB | 4.48 MiB/s, done.
2022-06-10T22:51:38.9367691Z Resolving deltas:   0% (0/110)
2022-06-10T22:51:38.9377579Z Resolving deltas:   1% (2/110)
2022-06-10T22:51:38.9387544Z Resolving deltas:   2% (3/110)
2022-06-10T22:51:38.9390736Z Resolving deltas:   3% (4/110)
2022-06-10T22:51:38.9397051Z Resolving deltas:   4% (5/110)
2022-06-10T22:51:38.9400489Z Resolving deltas:   5% (6/110)
2022-06-10T22:51:38.9406587Z Resolving deltas:   6% (7/110)
2022-06-10T22:51:38.9409817Z Resolving deltas:   7% (8/110)
2022-06-10T22:51:38.9418506Z Resolving deltas:   8% (9/110)
2022-06-10T22:51:38.9421485Z Resolving deltas:   9% (10/110)
2022-06-10T22:51:38.9433689Z Resolving deltas:  10% (11/110)
2022-06-10T22:51:38.9437811Z Resolving deltas:  11% (13/110)
2022-06-10T22:51:38.9443656Z Resolving deltas:  12% (14/110)
2022-06-10T22:51:38.9451100Z Resolving deltas:  13% (15/110)
2022-06-10T22:51:38.9465615Z Resolving deltas:  14% (16/110)
2022-06-10T22:51:38.9466104Z Resolving deltas:  15% (17/110)
2022-06-10T22:51:38.9466730Z Resolving deltas:  16% (18/110)
2022-06-10T22:51:38.9467120Z Resolving deltas:  17% (19/110)
2022-06-10T22:51:38.9467716Z Resolving deltas:  18% (20/110)
2022-06-10T22:51:38.9468119Z Resolving deltas:  19% (21/110)
2022-06-10T22:51:38.9468697Z Resolving deltas:  20% (22/110)
2022-06-10T22:51:38.9469098Z Resolving deltas:  21% (24/110)
2022-06-10T22:51:38.9469682Z Resolving deltas:  22% (25/110)
2022-06-10T22:51:38.9470070Z Resolving deltas:  23% (26/110)
2022-06-10T22:51:38.9470659Z Resolving deltas:  24% (27/110)
2022-06-10T22:51:38.9471049Z Resolving deltas:  25% (28/110)
2022-06-10T22:51:38.9471625Z Resolving deltas:  26% (29/110)
2022-06-10T22:51:38.9472004Z Resolving deltas:  27% (30/110)
2022-06-10T22:51:38.9472594Z Resolving deltas:  28% (31/110)
2022-06-10T22:51:38.9472984Z Resolving deltas:  29% (32/110)
2022-06-10T22:51:38.9473752Z Resolving deltas:  30% (33/110)
2022-06-10T22:51:38.9474162Z Resolving deltas:  31% (35/110)
2022-06-10T22:51:38.9474752Z Resolving deltas:  32% (36/110)
2022-06-10T22:51:38.9475708Z Resolving deltas:  33% (37/110)
2022-06-10T22:51:38.9476289Z Resolving deltas:  34% (38/110)
2022-06-10T22:51:38.9476694Z Resolving deltas:  35% (39/110)
2022-06-10T22:51:38.9477284Z Resolving deltas:  36% (40/110)
2022-06-10T22:51:38.9477695Z Resolving deltas:  37% (41/110)
2022-06-10T22:51:38.9478666Z Resolving deltas:  38% (42/110)
2022-06-10T22:51:38.9479214Z Resolving deltas:  39% (43/110)
2022-06-10T22:51:38.9479890Z Resolving deltas:  40% (44/110)
2022-06-10T22:51:38.9480318Z Resolving deltas:  41% (46/110)
2022-06-10T22:51:38.9480902Z Resolving deltas:  42% (47/110)
2022-06-10T22:51:38.9481302Z Resolving deltas:  43% (48/110)
2022-06-10T22:51:38.9481900Z Resolving deltas:  44% (49/110)
2022-06-10T22:51:38.9482283Z Resolving deltas:  45% (50/110)
2022-06-10T22:51:38.9482868Z Resolving deltas:  46% (51/110)
2022-06-10T22:51:38.9483285Z Resolving deltas:  47% (52/110)
2022-06-10T22:51:38.9483872Z Resolving deltas:  48% (53/110)
2022-06-10T22:51:38.9484255Z Resolving deltas:  49% (54/110)
2022-06-10T22:51:38.9489798Z Resolving deltas:  50% (55/110)
2022-06-10T22:51:38.9490180Z Resolving deltas:  51% (57/110)
2022-06-10T22:51:38.9490722Z Resolving deltas:  52% (58/110)
2022-06-10T22:51:38.9491530Z Resolving deltas:  53% (59/110)
2022-06-10T22:51:38.9491905Z Resolving deltas:  54% (60/110)
2022-06-10T22:51:38.9492770Z Resolving deltas:  55% (61/110)
2022-06-10T22:51:38.9501745Z Resolving deltas:  56% (62/110)
2022-06-10T22:51:38.9502111Z Resolving deltas:  57% (63/110)
2022-06-10T22:51:38.9502665Z Resolving deltas:  58% (64/110)
2022-06-10T22:51:38.9503332Z Resolving deltas:  59% (65/110)
2022-06-10T22:51:38.9504002Z Resolving deltas:  60% (66/110)
2022-06-10T22:51:38.9504544Z Resolving deltas:  61% (68/110)
2022-06-10T22:51:38.9505066Z Resolving deltas:  62% (69/110)
2022-06-10T22:51:38.9517268Z Resolving deltas:  63% (70/110)
2022-06-10T22:51:38.9517935Z Resolving deltas:  64% (71/110)
2022-06-10T22:51:38.9518627Z Resolving deltas:  65% (72/110)
2022-06-10T22:51:38.9519159Z Resolving deltas:  66% (73/110)
2022-06-10T22:51:38.9519790Z Resolving deltas:  67% (74/110)
2022-06-10T22:51:38.9520334Z Resolving deltas:  68% (75/110)
2022-06-10T22:51:38.9520977Z Resolving deltas:  69% (76/110)
2022-06-10T22:51:38.9521488Z Resolving deltas:  70% (77/110)
2022-06-10T22:51:38.9522132Z Resolving deltas:  71% (79/110)
2022-06-10T22:51:38.9522664Z Resolving deltas:  72% (80/110)
2022-06-10T22:51:38.9523299Z Resolving deltas:  73% (81/110)
2022-06-10T22:51:38.9523919Z Resolving deltas:  74% (82/110)
2022-06-10T22:51:38.9524447Z Resolving deltas:  75% (83/110)
2022-06-10T22:51:38.9525094Z Resolving deltas:  76% (84/110)
2022-06-10T22:51:38.9526119Z Resolving deltas:  77% (85/110)
2022-06-10T22:51:38.9527424Z Resolving deltas:  78% (86/110)
2022-06-10T22:51:38.9528211Z Resolving deltas:  79% (87/110)
2022-06-10T22:51:38.9528875Z Resolving deltas:  80% (88/110)
2022-06-10T22:51:38.9529493Z Resolving deltas:  81% (90/110)
2022-06-10T22:51:38.9532023Z Resolving deltas:  82% (91/110)
2022-06-10T22:51:38.9532281Z Resolving deltas:  83% (92/110)
2022-06-10T22:51:38.9532898Z Resolving deltas:  84% (93/110)
2022-06-10T22:51:38.9534022Z Resolving deltas:  85% (94/110)
2022-06-10T22:51:38.9534352Z Resolving deltas:  86% (95/110)
2022-06-10T22:51:38.9534685Z Resolving deltas:  87% (96/110)
2022-06-10T22:51:38.9535459Z Resolving deltas:  88% (97/110)
2022-06-10T22:51:38.9535818Z Resolving deltas:  89% (98/110)
2022-06-10T22:51:38.9536573Z Resolving deltas:  90% (99/110)
2022-06-10T22:51:38.9537108Z Resolving deltas:  91% (101/110)
2022-06-10T22:51:38.9537736Z Resolving deltas:  92% (102/110)
2022-06-10T22:51:38.9538264Z Resolving deltas:  93% (103/110)
2022-06-10T22:51:38.9538905Z Resolving deltas:  94% (104/110)
2022-06-10T22:51:38.9539432Z Resolving deltas:  95% (105/110)
2022-06-10T22:51:38.9540083Z Resolving deltas:  96% (106/110)
2022-06-10T22:51:38.9540777Z Resolving deltas:  97% (107/110)
2022-06-10T22:51:38.9541123Z Resolving deltas:  98% (108/110)
2022-06-10T22:51:38.9541795Z Resolving deltas:  99% (109/110)
2022-06-10T22:51:38.9543218Z Resolving deltas: 100% (110/110)
2022-06-10T22:51:38.9543764Z Resolving deltas: 100% (110/110), done.
2022-06-10T22:51:38.9588265Z From https://github.com/ros/rosdistro
2022-06-10T22:51:38.9588986Z  * [new ref]         28562ef9c1e558dc71099055c0f16db6ec30cc24 -> origin/master
2022-06-10T22:51:38.9609938Z ##[endgroup]
2022-06-10T22:51:38.9610385Z ##[group]Determining the checkout info
2022-06-10T22:51:38.9612038Z ##[endgroup]
2022-06-10T22:51:38.9612412Z ##[group]Checking out the ref
2022-06-10T22:51:38.9616638Z [command]/usr/bin/git checkout --progress --force -B master refs/remotes/origin/master
2022-06-10T22:51:38.9991513Z Reset branch 'master'
2022-06-10T22:51:38.9996464Z branch 'master' set up to track 'origin/master'.
2022-06-10T22:51:38.9999711Z ##[endgroup]
2022-06-10T22:51:39.0044837Z [command]/usr/bin/git log -1 --format='%H'
2022-06-10T22:51:39.0072384Z '28562ef9c1e558dc71099055c0f16db6ec30cc24'
2022-06-10T22:51:39.0370589Z ##[group]Run actions/setup-python@v1
2022-06-10T22:51:39.0370831Z with:
2022-06-10T22:51:39.0371036Z   python-version: 3.8
2022-06-10T22:51:39.0371260Z   architecture: x64
2022-06-10T22:51:39.0371456Z ##[endgroup]
2022-06-10T22:51:39.0909260Z Successfully setup CPython (3.8.12)
2022-06-10T22:51:39.1047498Z ##[group]Run git remote add unittest_upstream_comparision https://github.com/ros/rosdistro.git || git remote set-url unittest_upstream_comparision https://github.com/ros/rosdistro.git
2022-06-10T22:51:39.1048259Z [36;1mgit remote add unittest_upstream_comparision https://github.com/ros/rosdistro.git || git remote set-url unittest_upstream_comparision https://github.com/ros/rosdistro.git[0m
2022-06-10T22:51:39.1048757Z [36;1mgit fetch --no-tags --depth=1 unittest_upstream_comparision master[0m
2022-06-10T22:51:39.1110250Z shell: /usr/bin/bash -e {0}
2022-06-10T22:51:39.1110753Z env:
2022-06-10T22:51:39.1111016Z   pythonLocation: /opt/hostedtoolcache/Python/3.8.12/x64
2022-06-10T22:51:39.1111293Z ##[endgroup]
2022-06-10T22:51:39.3641141Z From https://github.com/ros/rosdistro
2022-06-10T22:51:39.3659761Z  * branch            master     -> FETCH_HEAD
2022-06-10T22:51:39.3664099Z  * [new branch]      master     -> unittest_upstream_comparision/master
2022-06-10T22:51:39.3697768Z ##[group]Run python -m pip install --upgrade pip setuptools wheel
2022-06-10T22:51:39.3698175Z [36;1mpython -m pip install --upgrade pip setuptools wheel[0m
2022-06-10T22:51:39.3698525Z [36;1mpip install PyYAML argparse[0m
2022-06-10T22:51:39.3698910Z [36;1mpip install catkin-pkg ros-buildfarm rosdistro nose coverage[0m
2022-06-10T22:51:39.3699299Z [36;1mpip install unidiff[0m
2022-06-10T22:51:39.3699543Z [36;1mpip install rosdep[0m
2022-06-10T22:51:39.3699831Z [36;1mpip install PyGithub[0m
2022-06-10T22:51:39.3754003Z shell: /usr/bin/bash -e {0}
2022-06-10T22:51:39.3754288Z env:
2022-06-10T22:51:39.3754624Z   pythonLocation: /opt/hostedtoolcache/Python/3.8.12/x64
2022-06-10T22:51:39.3754930Z ##[endgroup]
2022-06-10T22:51:40.5553360Z Requirement already satisfied: pip in /opt/hostedtoolcache/Python/3.8.12/x64/lib/python3.8/site-packages (22.1.2)
2022-06-10T22:51:40.6879239Z Requirement already satisfied: setuptools in /opt/hostedtoolcache/Python/3.8.12/x64/lib/python3.8/site-packages (56.0.0)
2022-06-10T22:51:41.0107882Z Collecting setuptools
2022-06-10T22:51:41.0603713Z   Downloading setuptools-62.3.3-py3-none-any.whl (1.2 MB)
2022-06-10T22:51:41.1043361Z      ‚îÅ‚îÅ‚îÅ‚îÅ‚îÅ‚îÅ‚îÅ‚îÅ‚îÅ‚îÅ‚îÅ‚îÅ‚îÅ‚îÅ‚îÅ‚îÅ‚îÅ‚îÅ‚îÅ‚îÅ‚îÅ‚îÅ‚îÅ‚îÅ‚îÅ‚îÅ‚îÅ‚îÅ‚îÅ‚îÅ‚îÅ‚îÅ‚îÅ‚îÅ‚îÅ‚îÅ‚îÅ‚îÅ‚îÅ‚îÅ 1.2/1.2 MB 30.2 MB/s eta 0:00:00
2022-06-10T22:51:41.1622579Z Collecting wheel
2022-06-10T22:51:41.1724007Z   Downloading wheel-0.37.1-py2.py3-none-any.whl (35 kB)
2022-06-10T22:51:41.2913853Z Installing collected packages: wheel, setuptools
2022-06-10T22:51:41.3272867Z   Attempting uninstall: setuptools
2022-06-10T22:51:41.3280641Z     Found existing installation: setuptools 56.0.0
2022-06-10T22:51:41.3812543Z     Uninstalling setuptools-56.0.0:
2022-06-10T22:51:41.3923286Z       Successfully uninstalled setuptools-56.0.0
2022-06-10T22:51:41.9191482Z Successfully installed setuptools-62.3.3 wheel-0.37.1
2022-06-10T22:51:43.6418852Z Collecting PyYAML
2022-06-10T22:51:43.6764557Z   Downloading PyYAML-6.0-cp38-cp38-manylinux_2_5_x86_64.manylinux1_x86_64.manylinux_2_12_x86_64.manylinux2010_x86_64.whl (701 kB)
2022-06-10T22:51:43.7072679Z      ‚îÅ‚îÅ‚îÅ‚îÅ‚îÅ‚îÅ‚îÅ‚îÅ‚îÅ‚îÅ‚îÅ‚îÅ‚îÅ‚îÅ‚îÅ‚îÅ‚îÅ‚îÅ‚îÅ‚îÅ‚îÅ‚îÅ‚îÅ‚îÅ‚îÅ‚îÅ‚îÅ‚îÅ‚îÅ‚îÅ‚îÅ‚îÅ‚îÅ‚îÅ‚îÅ‚îÅ‚îÅ‚îÅ 701.2/701.2 kB 25.8 MB/s eta 0:00:00
2022-06-10T22:51:43.7327674Z Collecting argparse
2022-06-10T22:51:43.7427137Z   Downloading argparse-1.4.0-py2.py3-none-any.whl (23 kB)
2022-06-10T22:51:43.7901809Z Installing collected packages: argparse, PyYAML
2022-06-10T22:51:43.8736307Z Successfully installed PyYAML-6.0 argparse-1.4.0
2022-06-10T22:51:45.5019630Z Collecting catkin-pkg
2022-06-10T22:51:45.5595741Z   Downloading catkin_pkg-0.5.2-py3-none-any.whl (76 kB)
2022-06-10T22:51:45.5737134Z      ‚îÅ‚îÅ‚îÅ‚îÅ‚îÅ‚îÅ‚îÅ‚îÅ‚îÅ‚îÅ‚îÅ‚îÅ‚îÅ‚îÅ‚îÅ‚îÅ‚îÅ‚îÅ‚îÅ‚îÅ‚îÅ‚îÅ‚îÅ‚îÅ‚îÅ‚îÅ‚îÅ‚îÅ‚îÅ‚îÅ‚îÅ‚îÅ‚îÅ‚îÅ‚îÅ‚îÅ‚îÅ‚îÅ‚îÅ‚îÅ 76.1/76.1 kB 6.6 MB/s eta 0:00:00
2022-06-10T22:51:45.6168963Z Collecting ros-buildfarm
2022-06-10T22:51:45.6292924Z   Downloading ros_buildfarm-3.0.0-py3-none-any.whl (349 kB)
2022-06-10T22:51:45.6471895Z      ‚îÅ‚îÅ‚îÅ‚îÅ‚îÅ‚îÅ‚îÅ‚îÅ‚îÅ‚îÅ‚îÅ‚îÅ‚îÅ‚îÅ‚îÅ‚îÅ‚îÅ‚îÅ‚îÅ‚îÅ‚îÅ‚îÅ‚îÅ‚îÅ‚îÅ‚îÅ‚îÅ‚îÅ‚îÅ‚îÅ‚îÅ‚îÅ‚îÅ‚îÅ‚îÅ‚îÅ‚îÅ‚îÅ 349.2/349.2 kB 22.7 MB/s eta 0:00:00
2022-06-10T22:51:45.6950971Z Collecting rosdistro
2022-06-10T22:51:45.7068085Z   Downloading rosdistro-0.9.0-py3-none-any.whl (92 kB)
2022-06-10T22:51:45.7116849Z      ‚îÅ‚îÅ‚îÅ‚îÅ‚îÅ‚îÅ‚îÅ‚îÅ‚îÅ‚îÅ‚îÅ‚îÅ‚îÅ‚îÅ‚îÅ‚îÅ‚îÅ‚îÅ‚îÅ‚îÅ‚îÅ‚îÅ‚îÅ‚îÅ‚îÅ‚îÅ‚îÅ‚îÅ‚îÅ‚îÅ‚îÅ‚îÅ‚îÅ‚îÅ‚îÅ‚îÅ‚îÅ‚îÅ‚îÅ‚îÅ 92.7/92.7 kB 35.4 MB/s eta 0:00:00
2022-06-10T22:51:45.7327039Z Collecting nose
2022-06-10T22:51:45.7619796Z   Downloading nose-1.3.7-py3-none-any.whl (154 kB)
2022-06-10T22:51:45.7680828Z      ‚îÅ‚îÅ‚îÅ‚îÅ‚îÅ‚îÅ‚îÅ‚îÅ‚îÅ‚îÅ‚îÅ‚îÅ‚îÅ‚îÅ‚îÅ‚îÅ‚îÅ‚îÅ‚îÅ‚îÅ‚îÅ‚îÅ‚îÅ‚îÅ‚îÅ‚îÅ‚îÅ‚îÅ‚îÅ‚îÅ‚îÅ‚îÅ‚îÅ‚îÅ‚îÅ‚îÅ‚îÅ‚îÅ 154.7/154.7 kB 42.7 MB/s eta 0:00:00
2022-06-10T22:51:46.1892481Z Collecting coverage
2022-06-10T22:51:46.2001235Z   Downloading coverage-6.4.1-cp38-cp38-manylinux_2_5_x86_64.manylinux1_x86_64.manylinux_2_17_x86_64.manylinux2014_x86_64.whl (213 kB)
2022-06-10T22:51:46.2069171Z      ‚îÅ‚îÅ‚îÅ‚îÅ‚îÅ‚îÅ‚îÅ‚îÅ‚îÅ‚îÅ‚îÅ‚îÅ‚îÅ‚îÅ‚îÅ‚îÅ‚îÅ‚îÅ‚îÅ‚îÅ‚îÅ‚îÅ‚îÅ‚îÅ‚îÅ‚îÅ‚îÅ‚îÅ‚îÅ‚îÅ‚îÅ‚îÅ‚îÅ‚îÅ‚îÅ‚îÅ‚îÅ‚îÅ 213.3/213.3 kB 51.6 MB/s eta 0:00:00
2022-06-10T22:51:46.2523472Z Collecting python-dateutil
2022-06-10T22:51:46.2631363Z   Downloading python_dateutil-2.8.2-py2.py3-none-any.whl (247 kB)
2022-06-10T22:51:46.2701624Z      ‚îÅ‚îÅ‚îÅ‚îÅ‚îÅ‚îÅ‚îÅ‚îÅ‚îÅ‚îÅ‚îÅ‚îÅ‚îÅ‚îÅ‚îÅ‚îÅ‚îÅ‚îÅ‚îÅ‚îÅ‚îÅ‚îÅ‚îÅ‚îÅ‚îÅ‚îÅ‚îÅ‚îÅ‚îÅ‚îÅ‚îÅ‚îÅ‚îÅ‚îÅ‚îÅ‚îÅ‚îÅ‚îÅ 247.7/247.7 kB 59.5 MB/s eta 0:00:00
2022-06-10T22:51:46.3318261Z Collecting pyparsing
2022-06-10T22:51:46.3420713Z   Downloading pyparsing-3.0.9-py3-none-any.whl (98 kB)
2022-06-10T22:51:46.3470547Z      ‚îÅ‚îÅ‚îÅ‚îÅ‚îÅ‚îÅ‚îÅ‚îÅ‚îÅ‚îÅ‚îÅ‚îÅ‚îÅ‚îÅ‚îÅ‚îÅ‚îÅ‚îÅ‚îÅ‚îÅ‚îÅ‚îÅ‚îÅ‚îÅ‚îÅ‚îÅ‚îÅ‚îÅ‚îÅ‚îÅ‚îÅ‚îÅ‚îÅ‚îÅ‚îÅ‚îÅ‚îÅ‚îÅ‚îÅ‚îÅ 98.3/98.3 kB 34.7 MB/s eta 0:00:00
2022-06-10T22:51:46.3493289Z Requirement already satisfied: setuptools in /opt/hostedtoolcache/Python/3.8.12/x64/lib/python3.8/site-packages (from catkin-pkg) (62.3.3)
2022-06-10T22:51:46.3813077Z Collecting docutils
2022-06-10T22:51:46.3947552Z   Downloading docutils-0.18.1-py2.py3-none-any.whl (570 kB)
2022-06-10T22:51:46.4066610Z      ‚îÅ‚îÅ‚îÅ‚îÅ‚îÅ‚îÅ‚îÅ‚îÅ‚îÅ‚îÅ‚îÅ‚îÅ‚îÅ‚îÅ‚îÅ‚îÅ‚îÅ‚îÅ‚îÅ‚îÅ‚îÅ‚îÅ‚îÅ‚îÅ‚îÅ‚îÅ‚îÅ‚îÅ‚îÅ‚îÅ‚îÅ‚îÅ‚îÅ‚îÅ‚îÅ‚îÅ‚îÅ‚îÅ 570.0/570.0 kB 63.9 MB/s eta 0:00:00
2022-06-10T22:51:46.4461294Z Collecting vcstool>=0.1.37
2022-06-10T22:51:46.4569596Z   Downloading vcstool-0.3.0-py3-none-any.whl (42 kB)
2022-06-10T22:51:46.4614435Z      ‚îÅ‚îÅ‚îÅ‚îÅ‚îÅ‚îÅ‚îÅ‚îÅ‚îÅ‚îÅ‚îÅ‚îÅ‚îÅ‚îÅ‚îÅ‚îÅ‚îÅ‚îÅ‚îÅ‚îÅ‚îÅ‚îÅ‚îÅ‚îÅ‚îÅ‚îÅ‚îÅ‚îÅ‚îÅ‚îÅ‚îÅ‚îÅ‚îÅ‚îÅ‚îÅ‚îÅ‚îÅ‚îÅ‚îÅ‚îÅ 42.2/42.2 kB 15.9 MB/s eta 0:00:00
2022-06-10T22:51:46.4790790Z Collecting empy
2022-06-10T22:51:46.4931340Z   Downloading empy-3.3.4.tar.gz (62 kB)
2022-06-10T22:51:46.4977846Z      ‚îÅ‚îÅ‚îÅ‚îÅ‚îÅ‚îÅ‚îÅ‚îÅ‚îÅ‚îÅ‚îÅ‚îÅ‚îÅ‚îÅ‚îÅ‚îÅ‚îÅ‚îÅ‚îÅ‚îÅ‚îÅ‚îÅ‚îÅ‚îÅ‚îÅ‚îÅ‚îÅ‚îÅ‚îÅ‚îÅ‚îÅ‚îÅ‚îÅ‚îÅ‚îÅ‚îÅ‚îÅ‚îÅ‚îÅ‚îÅ 62.9/62.9 kB 22.2 MB/s eta 0:00:00
2022-06-10T22:51:46.5031896Z   Preparing metadata (setup.py): started
2022-06-10T22:51:47.8440691Z   Preparing metadata (setup.py): finished with status 'done'
2022-06-10T22:51:47.8600389Z Requirement already satisfied: PyYAML in /opt/hostedtoolcache/Python/3.8.12/x64/lib/python3.8/site-packages (from ros-buildfarm) (6.0)
2022-06-10T22:51:47.9016081Z Collecting rospkg
2022-06-10T22:51:47.9187805Z   Downloading rospkg-1.4.0-py3-none-any.whl (36 kB)
2022-06-10T22:51:47.9629763Z Collecting six>=1.5
2022-06-10T22:51:47.9726956Z   Downloading six-1.16.0-py2.py3-none-any.whl (11 kB)
2022-06-10T22:51:48.0080317Z Collecting distro>=1.4.0
2022-06-10T22:51:48.0178159Z   Downloading distro-1.7.0-py3-none-any.whl (20 kB)
2022-06-10T22:51:48.0653178Z Building wheels for collected packages: empy
2022-06-10T22:51:48.0659454Z   Building wheel for empy (setup.py): started
2022-06-10T22:51:49.6143405Z   Building wheel for empy (setup.py): finished with status 'done'
2022-06-10T22:51:49.6151856Z   Created wheel for empy: filename=empy-3.3.4-py3-none-any.whl size=29338 sha256=2140ebabd512a8d5950bdfaad5fbc81a81090f187c1e3130d57a0e0b113fe25c
2022-06-10T22:51:49.6153965Z   Stored in directory: /home/runner/.cache/pip/wheels/b0/d7/80/0e8ad4f073e05b2435c3b4c12c230cb219135bae4f59978612
2022-06-10T22:51:49.6178141Z Successfully built empy
2022-06-10T22:51:49.6596463Z Installing collected packages: nose, empy, vcstool, six, pyparsing, docutils, distro, coverage, python-dateutil, catkin-pkg, rospkg, rosdistro, ros-buildfarm
2022-06-10T22:51:50.5971647Z Successfully installed catkin-pkg-0.5.2 coverage-6.4.1 distro-1.7.0 docutils-0.18.1 empy-3.3.4 nose-1.3.7 pyparsing-3.0.9 python-dateutil-2.8.2 ros-buildfarm-3.0.0 rosdistro-0.9.0 rospkg-1.4.0 six-1.16.0 vcstool-0.3.0
2022-06-10T22:51:52.0069458Z Collecting unidiff
2022-06-10T22:51:52.0566802Z   Downloading unidiff-0.7.3-py2.py3-none-any.whl (14 kB)
2022-06-10T22:51:52.1257649Z Installing collected packages: unidiff
2022-06-10T22:51:52.1435487Z Successfully installed unidiff-0.7.3
2022-06-10T22:51:52.8940134Z Collecting rosdep
2022-06-10T22:51:52.9291710Z   Downloading rosdep-0.21.0-py3-none-any.whl (105 kB)
2022-06-10T22:51:52.9436499Z      ‚îÅ‚îÅ‚îÅ‚îÅ‚îÅ‚îÅ‚îÅ‚îÅ‚îÅ‚îÅ‚îÅ‚îÅ‚îÅ‚îÅ‚îÅ‚îÅ‚îÅ‚îÅ‚îÅ‚îÅ‚îÅ‚îÅ‚îÅ‚îÅ‚îÅ‚îÅ‚îÅ‚îÅ‚îÅ‚îÅ‚îÅ‚îÅ‚îÅ‚îÅ‚îÅ‚îÅ‚îÅ‚îÅ‚îÅ 105.6/105.6 kB 8.9 MB/s eta 0:00:00
2022-06-10T22:51:52.9502751Z Requirement already satisfied: rospkg>=1.3.0 in /opt/hostedtoolcache/Python/3.8.12/x64/lib/python3.8/site-packages (from rosdep) (1.4.0)
2022-06-10T22:51:52.9519317Z Requirement already satisfied: rosdistro>=0.7.5 in /opt/hostedtoolcache/Python/3.8.12/x64/lib/python3.8/site-packages (from rosdep) (0.9.0)
2022-06-10T22:51:52.9526317Z Requirement already satisfied: PyYAML>=3.1 in /opt/hostedtoolcache/Python/3.8.12/x64/lib/python3.8/site-packages (from rosdep) (6.0)
2022-06-10T22:51:52.9533633Z Requirement already satisfied: catkin-pkg>=0.4.0 in /opt/hostedtoolcache/Python/3.8.12/x64/lib/python3.8/site-packages (from rosdep) (0.5.2)
2022-06-10T22:51:52.9657503Z Requirement already satisfied: python-dateutil in /opt/hostedtoolcache/Python/3.8.12/x64/lib/python3.8/site-packages (from catkin-pkg>=0.4.0->rosdep) (2.8.2)
2022-06-10T22:51:52.9783472Z Requirement already satisfied: docutils in /opt/hostedtoolcache/Python/3.8.12/x64/lib/python3.8/site-packages (from catkin-pkg>=0.4.0->rosdep) (0.18.1)
2022-06-10T22:51:52.9839241Z Requirement already satisfied: setuptools in /opt/hostedtoolcache/Python/3.8.12/x64/lib/python3.8/site-packages (from catkin-pkg>=0.4.0->rosdep) (62.3.3)
2022-06-10T22:51:52.9839995Z Requirement already satisfied: pyparsing in /opt/hostedtoolcache/Python/3.8.12/x64/lib/python3.8/site-packages (from catkin-pkg>=0.4.0->rosdep) (3.0.9)
2022-06-10T22:51:52.9840723Z Requirement already satisfied: distro>=1.4.0 in /opt/hostedtoolcache/Python/3.8.12/x64/lib/python3.8/site-packages (from rospkg>=1.3.0->rosdep) (1.7.0)
2022-06-10T22:51:52.9841456Z Requirement already satisfied: six>=1.5 in /opt/hostedtoolcache/Python/3.8.12/x64/lib/python3.8/site-packages (from python-dateutil->catkin-pkg>=0.4.0->rosdep) (1.16.0)
2022-06-10T22:51:53.0331994Z Installing collected packages: rosdep
2022-06-10T22:51:53.0975969Z Successfully installed rosdep-0.21.0
2022-06-10T22:51:53.8496745Z Collecting PyGithub
2022-06-10T22:51:53.8850442Z   Downloading PyGithub-1.55-py3-none-any.whl (291 kB)
2022-06-10T22:51:53.9060143Z      ‚îÅ‚îÅ‚îÅ‚îÅ‚îÅ‚îÅ‚îÅ‚îÅ‚îÅ‚îÅ‚îÅ‚îÅ‚îÅ‚îÅ‚îÅ‚îÅ‚îÅ‚îÅ‚îÅ‚îÅ‚îÅ‚îÅ‚îÅ‚îÅ‚îÅ‚îÅ‚îÅ‚îÅ‚îÅ‚îÅ‚îÅ‚îÅ‚îÅ‚îÅ‚îÅ‚îÅ‚îÅ‚îÅ 291.7/291.7 kB 16.5 MB/s eta 0:00:00
2022-06-10T22:51:53.9762062Z Collecting requests>=2.14.0
2022-06-10T22:51:53.9841211Z   Downloading requests-2.28.0-py3-none-any.whl (62 kB)
2022-06-10T22:51:53.9890589Z      ‚îÅ‚îÅ‚îÅ‚îÅ‚îÅ‚îÅ‚îÅ‚îÅ‚îÅ‚îÅ‚îÅ‚îÅ‚îÅ‚îÅ‚îÅ‚îÅ‚îÅ‚îÅ‚îÅ‚îÅ‚îÅ‚îÅ‚îÅ‚îÅ‚îÅ‚îÅ‚îÅ‚îÅ‚îÅ‚îÅ‚îÅ‚îÅ‚îÅ‚îÅ‚îÅ‚îÅ‚îÅ‚îÅ‚îÅ‚îÅ 62.8/62.8 kB 21.8 MB/s eta 0:00:00
2022-06-10T22:51:54.0211574Z Collecting deprecated
2022-06-10T22:51:54.0295156Z   Downloading Deprecated-1.2.13-py2.py3-none-any.whl (9.6 kB)
2022-06-10T22:51:54.0673602Z Collecting pyjwt>=2.0
2022-06-10T22:51:54.0790252Z   Downloading PyJWT-2.4.0-py3-none-any.whl (18 kB)
2022-06-10T22:51:54.1303962Z Collecting pynacl>=1.4.0
2022-06-10T22:51:54.1526557Z   Downloading PyNaCl-1.5.0-cp36-abi3-manylinux_2_17_x86_64.manylinux2014_x86_64.manylinux_2_24_x86_64.whl (856 kB)
2022-06-10T22:51:54.1668512Z      ‚îÅ‚îÅ‚îÅ‚îÅ‚îÅ‚îÅ‚îÅ‚îÅ‚îÅ‚îÅ‚îÅ‚îÅ‚îÅ‚îÅ‚îÅ‚îÅ‚îÅ‚îÅ‚îÅ‚îÅ‚îÅ‚îÅ‚îÅ‚îÅ‚îÅ‚îÅ‚îÅ‚îÅ‚îÅ‚îÅ‚îÅ‚îÅ‚îÅ‚îÅ‚îÅ‚îÅ‚îÅ‚îÅ 856.7/856.7 kB 74.3 MB/s eta 0:00:00
2022-06-10T22:51:54.4358364Z Collecting cffi>=1.4.1
2022-06-10T22:51:54.4547372Z   Downloading cffi-1.15.0-cp38-cp38-manylinux_2_12_x86_64.manylinux2010_x86_64.whl (446 kB)
2022-06-10T22:51:54.4648427Z      ‚îÅ‚îÅ‚îÅ‚îÅ‚îÅ‚îÅ‚îÅ‚îÅ‚îÅ‚îÅ‚îÅ‚îÅ‚îÅ‚îÅ‚îÅ‚îÅ‚îÅ‚îÅ‚îÅ‚îÅ‚îÅ‚îÅ‚îÅ‚îÅ‚îÅ‚îÅ‚îÅ‚îÅ‚îÅ‚îÅ‚îÅ‚îÅ‚îÅ‚îÅ‚îÅ‚îÅ‚îÅ‚îÅ 446.7/446.7 kB 65.1 MB/s eta 0:00:00
2022-06-10T22:51:54.5082330Z Collecting certifi>=2017.4.17
2022-06-10T22:51:54.5162189Z   Downloading certifi-2022.5.18.1-py3-none-any.whl (155 kB)
2022-06-10T22:51:54.5216685Z      ‚îÅ‚îÅ‚îÅ‚îÅ‚îÅ‚îÅ‚îÅ‚îÅ‚îÅ‚îÅ‚îÅ‚îÅ‚îÅ‚îÅ‚îÅ‚îÅ‚îÅ‚îÅ‚îÅ‚îÅ‚îÅ‚îÅ‚îÅ‚îÅ‚îÅ‚îÅ‚îÅ‚îÅ‚îÅ‚îÅ‚îÅ‚îÅ‚îÅ‚îÅ‚îÅ‚îÅ‚îÅ‚îÅ 155.2/155.2 kB 50.9 MB/s eta 0:00:00
2022-06-10T22:51:54.5491784Z Collecting idna<4,>=2.5
2022-06-10T22:51:54.5578495Z   Downloading idna-3.3-py3-none-any.whl (61 kB)
2022-06-10T22:51:54.5625087Z      ‚îÅ‚îÅ‚îÅ‚îÅ‚îÅ‚îÅ‚îÅ‚îÅ‚îÅ‚îÅ‚îÅ‚îÅ‚îÅ‚îÅ‚îÅ‚îÅ‚îÅ‚îÅ‚îÅ‚îÅ‚îÅ‚îÅ‚îÅ‚îÅ‚îÅ‚îÅ‚îÅ‚îÅ‚îÅ‚îÅ‚îÅ‚îÅ‚îÅ‚îÅ‚îÅ‚îÅ‚îÅ‚îÅ‚îÅ‚îÅ 61.2/61.2 kB 23.2 MB/s eta 0:00:00
2022-06-10T22:51:54.5973961Z Collecting charset-normalizer~=2.0.0
2022-06-10T22:51:54.6050390Z   Downloading charset_normalizer-2.0.12-py3-none-any.whl (39 kB)
2022-06-10T22:51:54.6633714Z Collecting urllib3<1.27,>=1.21.1
2022-06-10T22:51:54.6712464Z   Downloading urllib3-1.26.9-py2.py3-none-any.whl (138 kB)
2022-06-10T22:51:54.6768305Z      ‚îÅ‚îÅ‚îÅ‚îÅ‚îÅ‚îÅ‚îÅ‚îÅ‚îÅ‚îÅ‚îÅ‚îÅ‚îÅ‚îÅ‚îÅ‚îÅ‚îÅ‚îÅ‚îÅ‚îÅ‚îÅ‚îÅ‚îÅ‚îÅ‚îÅ‚îÅ‚îÅ‚îÅ‚îÅ‚îÅ‚îÅ‚îÅ‚îÅ‚îÅ‚îÅ‚îÅ‚îÅ‚îÅ 139.0/139.0 kB 44.8 MB/s eta 0:00:00
2022-06-10T22:51:54.8419664Z Collecting wrapt<2,>=1.10
2022-06-10T22:51:54.8503358Z   Downloading wrapt-1.14.1-cp38-cp38-manylinux_2_5_x86_64.manylinux1_x86_64.manylinux_2_17_x86_64.manylinux2014_x86_64.whl (81 kB)
2022-06-10T22:51:54.8554670Z      ‚îÅ‚îÅ‚îÅ‚îÅ‚îÅ‚îÅ‚îÅ‚îÅ‚îÅ‚îÅ‚îÅ‚îÅ‚îÅ‚îÅ‚îÅ‚îÅ‚îÅ‚îÅ‚îÅ‚îÅ‚îÅ‚îÅ‚îÅ‚îÅ‚îÅ‚îÅ‚îÅ‚îÅ‚îÅ‚îÅ‚îÅ‚îÅ‚îÅ‚îÅ‚îÅ‚îÅ‚îÅ‚îÅ‚îÅ‚îÅ 81.0/81.0 kB 26.5 MB/s eta 0:00:00
2022-06-10T22:51:54.8800848Z Collecting pycparser
2022-06-10T22:51:54.8881103Z   Downloading pycparser-2.21-py2.py3-none-any.whl (118 kB)
2022-06-10T22:51:54.8935368Z      ‚îÅ‚îÅ‚îÅ‚îÅ‚îÅ‚îÅ‚îÅ‚îÅ‚îÅ‚îÅ‚îÅ‚îÅ‚îÅ‚îÅ‚îÅ‚îÅ‚îÅ‚îÅ‚îÅ‚îÅ‚îÅ‚îÅ‚îÅ‚îÅ‚îÅ‚îÅ‚îÅ‚îÅ‚îÅ‚îÅ‚îÅ‚îÅ‚îÅ‚îÅ‚îÅ‚îÅ‚îÅ‚îÅ 118.7/118.7 kB 38.9 MB/s eta 0:00:00
2022-06-10T22:51:55.0591582Z Installing collected packages: wrapt, urllib3, pyjwt, pycparser, idna, charset-normalizer, certifi, requests, deprecated, cffi, pynacl, PyGithub
2022-06-10T22:51:55.8061397Z Successfully installed PyGithub-1.55 certifi-2022.5.18.1 cffi-1.15.0 charset-normalizer-2.0.12 deprecated-1.2.13 idna-3.3 pycparser-2.21 pyjwt-2.4.0 pynacl-1.5.0 requests-2.28.0 urllib3-1.26.9 wrapt-1.14.1
2022-06-10T22:51:55.9930148Z ##[group]Run nosetests -s
2022-06-10T22:51:55.9930409Z [36;1mnosetests -s[0m
2022-06-10T22:51:55.9985163Z shell: /usr/bin/bash -e {0}
2022-06-10T22:51:55.9985408Z env:
2022-06-10T22:51:55.9985664Z   pythonLocation: /opt/hostedtoolcache/Python/3.8.12/x64
2022-06-10T22:51:55.9985953Z ##[endgroup]
2022-06-10T22:52:13.3625196Z SF.FFF..
2022-06-10T22:52:13.3625852Z ======================================================================
2022-06-10T22:52:13.3626255Z FAIL: test.rosdep_duplicates_test.test_rosdep_duplicates
2022-06-10T22:52:13.3627030Z ----------------------------------------------------------------------
2022-06-10T22:52:13.3627732Z Detecting changed rules with 'git diff --unified=0 unittest_upstream_comparision/master -- rosdep'
2022-06-10T22:52:13.3628352Z Running 'scripts/check_duplicates.py' on all '*.yaml' in the 'rosdep' directory.
2022-06-10T22:52:13.3629132Z Checking duplicates rosdep file: ['rosdep/python.yaml', 'rosdep/base.yaml', 'rosdep/ruby.yaml', 'rosdep/gentoo.yaml', 'rosdep/osx-homebrew.yaml']
2022-06-10T22:52:13.3629697Z loading file:///home/runner/work/rosdistro/rosdistro/ardent/distribution.yaml
2022-06-10T22:52:13.3630168Z loading file:///home/runner/work/rosdistro/rosdistro/bouncy/distribution.yaml
2022-06-10T22:52:13.3630622Z loading file:///home/runner/work/rosdistro/rosdistro/crystal/distribution.yaml
2022-06-10T22:52:13.3631098Z loading file:///home/runner/work/rosdistro/rosdistro/dashing/distribution.yaml
2022-06-10T22:52:13.3631539Z loading file:///home/runner/work/rosdistro/rosdistro/eloquent/distribution.yaml
2022-06-10T22:52:13.3631993Z loading file:///home/runner/work/rosdistro/rosdistro/foxy/distribution.yaml
2022-06-10T22:52:13.3632538Z Running 'scripts/check_rosdep.py' on all '*.yaml' in the 'rosdep' directory.
2022-06-10T22:52:13.3633072Z If this fails you can run 'scripts/clean_rosdep_yaml.py' to help cleanup.
2022-06-10T22:52:13.3633352Z 
2022-06-10T22:52:13.3633626Z Traceback (most recent call last):
2022-06-10T22:52:13.3633882Z Checking rosdep file: rosdep/base.yaml
2022-06-10T22:52:13.3634145Z checking for trailing spaces...
2022-06-10T22:52:13.3634393Z checking for blank lines...
2022-06-10T22:52:13.3634634Z checking for incorrect indentation...
2022-06-10T22:52:13.3635116Z checking for non-bracket package lists...
2022-06-10T22:52:13.3635662Z checking for item order...
2022-06-10T22:52:13.3635894Z building yaml dict...
2022-06-10T22:52:13.3636133Z Checking rosdep file: rosdep/gentoo.yaml
2022-06-10T22:52:13.3636414Z skipping file with empty dict contents...
2022-06-10T22:52:13.3636786Z Checking rosdep file: rosdep/osx-homebrew.yaml
2022-06-10T22:52:13.3637047Z checking for trailing spaces...
2022-06-10T22:52:13.3637423Z checking for blank lines...
2022-06-10T22:52:13.3637705Z checking for incorrect indentation...
2022-06-10T22:52:13.3638109Z checking for non-bracket package lists...
2022-06-10T22:52:13.3638446Z checking for item order...
2022-06-10T22:52:13.3638700Z building yaml dict...
2022-06-10T22:52:13.3638956Z Checking rosdep file: rosdep/python.yaml
2022-06-10T22:52:13.3639205Z checking for trailing spaces...
2022-06-10T22:52:13.3639446Z checking for blank lines...
2022-06-10T22:52:13.3639774Z checking for incorrect indentation...
2022-06-10T22:52:13.3640280Z checking for non-bracket package lists...
2022-06-10T22:52:13.3640613Z checking for item order...
2022-06-10T22:52:13.3640858Z building yaml dict...
2022-06-10T22:52:13.3641107Z Checking rosdep file: rosdep/ruby.yaml
2022-06-10T22:52:13.3641535Z checking for trailing spaces...
2022-06-10T22:52:13.3641853Z checking for blank lines...
2022-06-10T22:52:13.3642121Z checking for incorrect indentation...
2022-06-10T22:52:13.3642517Z checking for non-bracket package lists...
2022-06-10T22:52:13.3642847Z checking for item order...
2022-06-10T22:52:13.3643089Z building yaml dict...
2022-06-10T22:52:13.3643431Z Skipping rosdep check of file rosdep/sources.list.d
2022-06-10T22:52:13.3643957Z Checking if the distribution files of 'foxy' contain valid urls for known hosting services.
2022-06-10T22:52:13.3644837Z If this fails you can run 'scripts/check_rosdistro_urls.py file://`pwd`/index.yaml foxy' to perform the same check locally.
2022-06-10T22:52:13.3645198Z 
2022-06-10T22:52:13.3653455Z   File "/opt/hostedtoolcache/Python/3.8.12/x64/lib/python3.8/site-packages/nose/case.py", line 198, in runTest
2022-06-10T22:52:13.3653982Z Checking if index.yaml and all referenced files comply to the formatting rules.
2022-06-10T22:52:13.3654562Z If this fails you can run 'rosdistro_reformat index.yaml' to help cleanup.
2022-06-10T22:52:13.3655345Z 'rosdistro_reformat' shows the diff between the current files and their expected formatting.
2022-06-10T22:52:13.3655661Z 
2022-06-10T22:52:13.3656162Z     self.test(*self.arg)
2022-06-10T22:52:13.3656550Z Checking if the 'package.xml' files for all packages are fetchable.
2022-06-10T22:52:13.3657138Z If this fails you can run 'rosdistro_build_cache index.yaml' to perform the same check locally.
2022-06-10T22:52:13.3657450Z 
2022-06-10T22:52:13.3657858Z   File "/home/runner/work/rosdistro/rosdistro/test/rosdep_duplicates_test.py", line 17, in test_rosdep_duplicates
2022-06-10T22:52:13.3658197Z Build cache for "foxy"
2022-06-10T22:52:13.3658473Z - trying to use local cache
2022-06-10T22:52:13.3658757Z - trying to fetch cache
2022-06-10T22:52:13.3659102Z - update cache
2022-06-10T22:52:13.3659514Z   - updated 'doc' entry for repository 'clpe'
2022-06-10T22:52:13.3659948Z   - updated 'source' entry for repository 'clpe'
2022-06-10T22:52:13.3660570Z Checking that the index.yaml and index-v4.yaml files contain the same information expect additional metadata in the v4.
2022-06-10T22:52:13.3661065Z     assert check_duplicates(files), fold.get_message()
2022-06-10T22:52:13.3661569Z   File "/home/runner/work/rosdistro/rosdistro/scripts/check_duplicates.py", line 116, in main
2022-06-10T22:52:13.3661968Z     sources = create_default_sources()
2022-06-10T22:52:13.3662533Z   File "/home/runner/work/rosdistro/rosdistro/scripts/check_duplicates.py", line 62, in create_default_sources
2022-06-10T22:52:13.3662984Z     rosdep_data = get_gbprepo_as_rosdep_data(distro)
2022-06-10T22:52:13.3663703Z   File "/opt/hostedtoolcache/Python/3.8.12/x64/lib/python3.8/site-packages/rosdep2/gbpdistro_support.py", line 149, in get_gbprepo_as_rosdep_data
2022-06-10T22:52:13.3664191Z     distro_file = get_release_file(gbpdistro)
2022-06-10T22:52:13.3665036Z   File "/opt/hostedtoolcache/Python/3.8.12/x64/lib/python3.8/site-packages/rosdep2/rosdistrohelper.py", line 76, in get_release_file
2022-06-10T22:52:13.3665537Z     dist_file = rosdistro.get_distribution_file(get_index(), distro)
2022-06-10T22:52:13.3666222Z   File "/opt/hostedtoolcache/Python/3.8.12/x64/lib/python3.8/site-packages/rosdistro/__init__.py", line 120, in get_distribution_file
2022-06-10T22:52:13.3666702Z     return create_distribution_file(dist_name, data)
2022-06-10T22:52:13.3667411Z   File "/opt/hostedtoolcache/Python/3.8.12/x64/lib/python3.8/site-packages/rosdistro/distribution_file.py", line 134, in create_distribution_file
2022-06-10T22:52:13.3667896Z     dist_file = DistributionFile(dist_name, d)
2022-06-10T22:52:13.3668532Z   File "/opt/hostedtoolcache/Python/3.8.12/x64/lib/python3.8/site-packages/rosdistro/distribution_file.py", line 63, in __init__
2022-06-10T22:52:13.3668981Z     self._add_package(pkg_name, repo)
2022-06-10T22:52:13.3669680Z   File "/opt/hostedtoolcache/Python/3.8.12/x64/lib/python3.8/site-packages/rosdistro/distribution_file.py", line 112, in _add_package
2022-06-10T22:52:13.3670543Z     assert pkg_name not in self.release_packages, "Duplicate package name '%s' exists in repository '%s' as well as in repository '%s'" % (pkg_name, repo.name, self.release_packages[pkg_name].repository_name)
2022-06-10T22:52:13.3671317Z AssertionError: Duplicate package name 'clpe' exists in repository 'clpe_sdk' as well as in repository 'clpe'
2022-06-10T22:52:13.3671887Z -------------------- >> begin captured logging << --------------------
2022-06-10T22:52:13.3672570Z rosdistro: DEBUG: Load index from "file:///home/runner/work/rosdistro/rosdistro/index-v4.yaml"
2022-06-10T22:52:13.3673247Z rosdistro: DEBUG: Load index from "https://raw.githubusercontent.com/ros/rosdistro/master/index-v4.yaml"
2022-06-10T22:52:13.3673816Z rosdistro: DEBUG: Load file from "https://raw.githubusercontent.com/ros/rosdistro/master/ardent/distribution.yaml"
2022-06-10T22:52:13.3674411Z rosdistro: DEBUG: Load file from "https://raw.githubusercontent.com/ros/rosdistro/master/bouncy/distribution.yaml"
2022-06-10T22:52:13.3675201Z rosdistro: DEBUG: Load file from "https://raw.githubusercontent.com/ros/rosdistro/master/crystal/distribution.yaml"
2022-06-10T22:52:13.3675802Z rosdistro: DEBUG: Load file from "https://raw.githubusercontent.com/ros/rosdistro/master/dashing/distribution.yaml"
2022-06-10T22:52:13.3676387Z rosdistro: DEBUG: Load file from "https://raw.githubusercontent.com/ros/rosdistro/master/eloquent/distribution.yaml"
2022-06-10T22:52:13.3676975Z rosdistro: DEBUG: Load file from "https://raw.githubusercontent.com/ros/rosdistro/master/foxy/distribution.yaml"
2022-06-10T22:52:13.3677577Z --------------------- >> end captured logging << ---------------------
2022-06-10T22:52:13.3677860Z 
2022-06-10T22:52:13.3678050Z ======================================================================
2022-06-10T22:52:13.3678402Z FAIL: test.rosdistro_check_urls_test.test_rosdistro_urls
2022-06-10T22:52:13.3678972Z ----------------------------------------------------------------------
2022-06-10T22:52:13.3679351Z Traceback (most recent call last):
2022-06-10T22:52:13.3679934Z   File "/opt/hostedtoolcache/Python/3.8.12/x64/lib/python3.8/site-packages/nose/case.py", line 198, in runTest
2022-06-10T22:52:13.3680348Z     self.test(*self.arg)
2022-06-10T22:52:13.3680801Z   File "/home/runner/work/rosdistro/rosdistro/test/rosdistro_check_urls_test.py", line 26, in test_rosdistro_urls
2022-06-10T22:52:13.3681246Z     if not check_rosdistro_urls(index_url, distro_name):
2022-06-10T22:52:13.3681709Z   File "/home/runner/work/rosdistro/rosdistro/scripts/check_rosdistro_urls.py", line 41, in main
2022-06-10T22:52:13.3682174Z     distribution_file = get_distribution_file(index, rosdistro_name)
2022-06-10T22:52:13.3682971Z   File "/opt/hostedtoolcache/Python/3.8.12/x64/lib/python3.8/site-packages/rosdistro/__init__.py", line 120, in get_distribution_file
2022-06-10T22:52:13.3683566Z     return create_distribution_file(dist_name, data)
2022-06-10T22:52:13.3684297Z   File "/opt/hostedtoolcache/Python/3.8.12/x64/lib/python3.8/site-packages/rosdistro/distribution_file.py", line 134, in create_distribution_file
2022-06-10T22:52:13.3684785Z     dist_file = DistributionFile(dist_name, d)
2022-06-10T22:52:13.3685427Z   File "/opt/hostedtoolcache/Python/3.8.12/x64/lib/python3.8/site-packages/rosdistro/distribution_file.py", line 63, in __init__
2022-06-10T22:52:13.3685873Z     self._add_package(pkg_name, repo)
2022-06-10T22:52:13.3686514Z   File "/opt/hostedtoolcache/Python/3.8.12/x64/lib/python3.8/site-packages/rosdistro/distribution_file.py", line 112, in _add_package
2022-06-10T22:52:13.3687398Z     assert pkg_name not in self.release_packages, "Duplicate package name '%s' exists in repository '%s' as well as in repository '%s'" % (pkg_name, repo.name, self.release_packages[pkg_name].repository_name)
2022-06-10T22:52:13.3688167Z AssertionError: Duplicate package name 'clpe' exists in repository 'clpe_sdk' as well as in repository 'clpe'
2022-06-10T22:52:13.3688744Z -------------------- >> begin captured logging << --------------------
2022-06-10T22:52:13.3689225Z rosdistro: DEBUG: Load index from "file:///home/runner/work/rosdistro/rosdistro/index.yaml"
2022-06-10T22:52:13.3689693Z rosdistro: DEBUG: Load index from "file:///home/runner/work/rosdistro/rosdistro/index.yaml"
2022-06-10T22:52:13.3690185Z rosdistro: DEBUG: Load file from "file:///home/runner/work/rosdistro/rosdistro/foxy/distribution.yaml"
2022-06-10T22:52:13.3690744Z --------------------- >> end captured logging << ---------------------
2022-06-10T22:52:13.3691015Z 
2022-06-10T22:52:13.3691274Z ======================================================================
2022-06-10T22:52:13.3691638Z FAIL: test.rosdistro_verify_test.test_verify_files_identical
2022-06-10T22:52:13.3692131Z ----------------------------------------------------------------------
2022-06-10T22:52:13.3692511Z Traceback (most recent call last):
2022-06-10T22:52:13.3693106Z   File "/opt/hostedtoolcache/Python/3.8.12/x64/lib/python3.8/site-packages/nose/case.py", line 198, in runTest
2022-06-10T22:52:13.3693521Z     self.test(*self.arg)
2022-06-10T22:52:13.3693986Z   File "/home/runner/work/rosdistro/rosdistro/test/rosdistro_verify_test.py", line 45, in test_verify_files_identical
2022-06-10T22:52:13.3694454Z     assert verify_files_identical(index_url), fold.get_message()
2022-06-10T22:52:13.3695136Z   File "/opt/hostedtoolcache/Python/3.8.12/x64/lib/python3.8/site-packages/rosdistro/verify.py", line 63, in verify_files_identical
2022-06-10T22:52:13.3695620Z     return verify_files(index_url, _check_files_identical)
2022-06-10T22:52:13.3696270Z   File "/opt/hostedtoolcache/Python/3.8.12/x64/lib/python3.8/site-packages/rosdistro/verify.py", line 91, in verify_files
2022-06-10T22:52:13.3696733Z     identical &= callback(index, dist_name, p, yaml_url, file_type)
2022-06-10T22:52:13.3697415Z   File "/opt/hostedtoolcache/Python/3.8.12/x64/lib/python3.8/site-packages/rosdistro/verify.py", line 126, in _check_files_identical
2022-06-10T22:52:13.3697877Z     files = loader_function(index, dist_name)
2022-06-10T22:52:13.3698531Z   File "/opt/hostedtoolcache/Python/3.8.12/x64/lib/python3.8/site-packages/rosdistro/__init__.py", line 129, in get_distribution_files
2022-06-10T22:52:13.3698998Z     dist_file = DistributionFile(dist_name, d)
2022-06-10T22:52:13.3699736Z   File "/opt/hostedtoolcache/Python/3.8.12/x64/lib/python3.8/site-packages/rosdistro/distribution_file.py", line 63, in __init__
2022-06-10T22:52:13.3700193Z     self._add_package(pkg_name, repo)
2022-06-10T22:52:13.3700909Z   File "/opt/hostedtoolcache/Python/3.8.12/x64/lib/python3.8/site-packages/rosdistro/distribution_file.py", line 112, in _add_package
2022-06-10T22:52:13.3702142Z     assert pkg_name not in self.release_packages, "Duplicate package name '%s' exists in repository '%s' as well as in repository '%s'" % (pkg_name, repo.name, self.release_packages[pkg_name].repository_name)
2022-06-10T22:52:13.3703585Z AssertionError: Duplicate package name 'clpe' exists in repository 'clpe_sdk' as well as in repository 'clpe'
2022-06-10T22:52:13.3704253Z -------------------- >> begin captured logging << --------------------
2022-06-10T22:52:13.3704634Z rosdistro: DEBUG: Load index from "file:///home/runner/work/rosdistro/rosdistro/index.yaml"
2022-06-10T22:52:13.3705071Z rosdistro: DEBUG: Load file from "file:///home/runner/work/rosdistro/rosdistro/ardent/distribution.yaml"
2022-06-10T22:52:13.3705519Z rosdistro: DEBUG: Load file from "file:///home/runner/work/rosdistro/rosdistro/bouncy/distribution.yaml"
2022-06-10T22:52:13.3705968Z rosdistro: DEBUG: Load file from "file:///home/runner/work/rosdistro/rosdistro/crystal/distribution.yaml"
2022-06-10T22:52:13.3706397Z rosdistro: DEBUG: Load file from "file:///home/runner/work/rosdistro/rosdistro/dashing/distribution.yaml"
2022-06-10T22:52:13.3706839Z rosdistro: DEBUG: Load file from "file:///home/runner/work/rosdistro/rosdistro/eloquent/distribution.yaml"
2022-06-10T22:52:13.3707292Z rosdistro: DEBUG: Load file from "file:///home/runner/work/rosdistro/rosdistro/foxy/distribution.yaml"
2022-06-10T22:52:13.3707776Z --------------------- >> end captured logging << ---------------------
2022-06-10T22:52:13.3707965Z 
2022-06-10T22:52:13.3708081Z ======================================================================
2022-06-10T22:52:13.3708355Z FAIL: test.test_build_caches.test_build_caches
2022-06-10T22:52:13.3708769Z ----------------------------------------------------------------------
2022-06-10T22:52:13.3709060Z Traceback (most recent call last):
2022-06-10T22:52:13.3709589Z   File "/opt/hostedtoolcache/Python/3.8.12/x64/lib/python3.8/site-packages/nose/case.py", line 198, in runTest
2022-06-10T22:52:13.3709997Z     self.test(*self.arg)
2022-06-10T22:52:13.3710370Z   File "/home/runner/work/rosdistro/rosdistro/test/test_build_caches.py", line 31, in test_build_caches
2022-06-10T22:52:13.3710732Z     cache = generate_distribution_cache(index, dist_name)
2022-06-10T22:52:13.3711394Z   File "/opt/hostedtoolcache/Python/3.8.12/x64/lib/python3.8/site-packages/rosdistro/distribution_cache_generator.py", line 78, in generate_distribution_cache
2022-06-10T22:52:13.3711821Z     dist, cache = _get_cached_distribution(
2022-06-10T22:52:13.3712445Z   File "/opt/hostedtoolcache/Python/3.8.12/x64/lib/python3.8/site-packages/rosdistro/distribution_cache_generator.py", line 211, in _get_cached_distribution
2022-06-10T22:52:13.3712870Z     cache.update_distribution(rel_file_data)
2022-06-10T22:52:13.3713463Z   File "/opt/hostedtoolcache/Python/3.8.12/x64/lib/python3.8/site-packages/rosdistro/distribution_cache.py", line 112, in update_distribution
2022-06-10T22:52:13.3713947Z     dist_file = create_distribution_file(self.distribution_file.name, self._distribution_file_data)
2022-06-10T22:52:13.3714617Z   File "/opt/hostedtoolcache/Python/3.8.12/x64/lib/python3.8/site-packages/rosdistro/distribution_file.py", line 134, in create_distribution_file
2022-06-10T22:52:13.3715157Z     dist_file = DistributionFile(dist_name, d)
2022-06-10T22:52:13.3715799Z   File "/opt/hostedtoolcache/Python/3.8.12/x64/lib/python3.8/site-packages/rosdistro/distribution_file.py", line 63, in __init__
2022-06-10T22:52:13.3716157Z     self._add_package(pkg_name, repo)
2022-06-10T22:52:13.3716721Z   File "/opt/hostedtoolcache/Python/3.8.12/x64/lib/python3.8/site-packages/rosdistro/distribution_file.py", line 112, in _add_package
2022-06-10T22:52:13.3717515Z     assert pkg_name not in self.release_packages, "Duplicate package name '%s' exists in repository '%s' as well as in repository '%s'" % (pkg_name, repo.name, self.release_packages[pkg_name].repository_name)
2022-06-10T22:52:13.3718202Z AssertionError: Duplicate package name 'clpe' exists in repository 'clpe_sdk' as well as in repository 'clpe'
2022-06-10T22:52:13.3718709Z -------------------- >> begin captured logging << --------------------
2022-06-10T22:52:13.3719093Z rosdistro: DEBUG: Load index from "file:///home/runner/work/rosdistro/rosdistro/index.yaml"
2022-06-10T22:52:13.3719718Z rosdistro: DEBUG: Load cache from "http://repo.ros2.org/rosdistro_cache/foxy-cache.yaml.gz"
2022-06-10T22:52:13.3720159Z rosdistro: DEBUG: Load file from "file:///home/runner/work/rosdistro/rosdistro/foxy/distribution.yaml"
2022-06-10T22:52:13.3720626Z --------------------- >> end captured logging << ---------------------
2022-06-10T22:52:13.3720830Z 
2022-06-10T22:52:13.3721078Z ----------------------------------------------------------------------
2022-06-10T22:52:13.3721361Z Ran 7 tests in 16.999s
2022-06-10T22:52:13.3721499Z 
2022-06-10T22:52:13.3721607Z FAILED (SKIP=1, failures=4)
2022-06-10T22:52:13.4453909Z ##[error]Process completed with exit code 1.
2022-06-10T22:52:13.4508343Z Post job cleanup.
2022-06-10T22:52:13.5804010Z [command]/usr/bin/git version
2022-06-10T22:52:13.5837298Z git version 2.36.1
2022-06-10T22:52:13.5884457Z Temporarily overriding HOME='/home/runner/work/_temp/0b1894ea-e649-48ad-866d-a759e7d7cb7f' before making global git config changes
2022-06-10T22:52:13.5885008Z Adding repository directory to the temporary git global config as a safe directory
2022-06-10T22:52:13.5885644Z [command]/usr/bin/git config --global --add safe.directory /home/runner/work/rosdistro/rosdistro
2022-06-10T22:52:13.5930757Z [command]/usr/bin/git config --local --name-only --get-regexp core\.sshCommand
2022-06-10T22:52:13.5965100Z [command]/usr/bin/git submodule foreach --recursive git config --local --name-only --get-regexp 'core\.sshCommand' && git config --local --unset-all 'core.sshCommand' || :
2022-06-10T22:52:13.6241361Z [command]/usr/bin/git config --local --name-only --get-regexp http\.https\:\/\/github\.com\/\.extraheader
2022-06-10T22:52:13.6271554Z http.https://github.com/.extraheader
2022-06-10T22:52:13.6280097Z [command]/usr/bin/git config --local --unset-all http.https://github.com/.extraheader
2022-06-10T22:52:13.6314532Z [command]/usr/bin/git submodule foreach --recursive git config --local --name-only --get-regexp 'http\.https\:\/\/github\.com\/\.extraheader' && git config --local --unset-all 'http.https://github.com/.extraheader' || :
2022-06-10T22:52:13.6800587Z Cleaning up orphan processes