2022-06-16T03:31:49.5794874Z Requested labels: ubuntu-latest
2022-06-16T03:31:49.5794919Z Job defined at: inventree/InvenTree/.github/workflows/qc_checks.yaml@refs/heads/0.7.x
2022-06-16T03:31:49.5794940Z Waiting for a runner to pick up this job...
2022-06-16T03:31:51.0748562Z Job is waiting for a hosted runner to come online.
2022-06-16T03:31:54.0916423Z Job is about to start running on the hosted runner: Hosted Agent (hosted)
2022-06-16T03:31:57.5547977Z Current runner version: '2.293.0'
2022-06-16T03:31:57.5572007Z ##[group]Operating System
2022-06-16T03:31:57.5572559Z Ubuntu
2022-06-16T03:31:57.5572826Z 20.04.4
2022-06-16T03:31:57.5573178Z LTS
2022-06-16T03:31:57.5573479Z ##[endgroup]
2022-06-16T03:31:57.5573777Z ##[group]Virtual Environment
2022-06-16T03:31:57.5574165Z Environment: ubuntu-20.04
2022-06-16T03:31:57.5574526Z Version: 20220605.1
2022-06-16T03:31:57.5575064Z Included Software: https://github.com/actions/virtual-environments/blob/ubuntu20/20220605.1/images/linux/Ubuntu2004-Readme.md
2022-06-16T03:31:57.5575748Z Image Release: https://github.com/actions/virtual-environments/releases/tag/ubuntu20%2F20220605.1
2022-06-16T03:31:57.5576223Z ##[endgroup]
2022-06-16T03:31:57.5576604Z ##[group]Virtual Environment Provisioner
2022-06-16T03:31:57.5576933Z 1.0.0.0-main-20220531-1
2022-06-16T03:31:57.5577295Z ##[endgroup]
2022-06-16T03:31:57.5578232Z ##[group]GITHUB_TOKEN Permissions
2022-06-16T03:31:57.5578907Z Actions: write
2022-06-16T03:31:57.5579371Z Checks: write
2022-06-16T03:31:57.5579698Z Contents: write
2022-06-16T03:31:57.5580057Z Deployments: write
2022-06-16T03:31:57.5580400Z Discussions: write
2022-06-16T03:31:57.5580723Z Issues: write
2022-06-16T03:31:57.5580994Z Metadata: read
2022-06-16T03:31:57.5581314Z Packages: write
2022-06-16T03:31:57.5581639Z Pages: write
2022-06-16T03:31:57.5581958Z PullRequests: write
2022-06-16T03:31:57.5582298Z RepositoryProjects: write
2022-06-16T03:31:57.5582668Z SecurityEvents: write
2022-06-16T03:31:57.5583015Z Statuses: write
2022-06-16T03:31:57.5583284Z ##[endgroup]
2022-06-16T03:31:57.5586751Z Secret source: Actions
2022-06-16T03:31:57.5587302Z Prepare workflow directory
2022-06-16T03:31:57.6770482Z Prepare all required actions
2022-06-16T03:31:57.6952153Z Getting action download info
2022-06-16T03:31:57.9342059Z Download action repository 'actions/checkout@v2' (SHA:7884fcad6b5d53d10323aee724dc68d8b9096a2e)
2022-06-16T03:31:58.8899551Z ##[group]Run actions/checkout@v2
2022-06-16T03:31:58.8899915Z with:
2022-06-16T03:31:58.8900198Z   repository: inventree/InvenTree
2022-06-16T03:31:58.8900715Z   token: ***
2022-06-16T03:31:58.8901066Z   ssh-strict: true
2022-06-16T03:31:58.8901330Z   persist-credentials: true
2022-06-16T03:31:58.8901629Z   clean: true
2022-06-16T03:31:58.8901915Z   fetch-depth: 1
2022-06-16T03:31:58.8902212Z   lfs: false
2022-06-16T03:31:58.8902438Z   submodules: false
2022-06-16T03:31:58.8902728Z   set-safe-directory: true
2022-06-16T03:31:58.8903023Z env:
2022-06-16T03:31:58.8903243Z   python_version: 3.9
2022-06-16T03:31:58.8903566Z   node_version: 16
2022-06-16T03:31:58.8903843Z   server_start_sleep: 60
2022-06-16T03:31:58.8904208Z   GITHUB_TOKEN: ***
2022-06-16T03:31:58.8904554Z   INVENTREE_DB_ENGINE: django.db.backends.sqlite3
2022-06-16T03:31:58.8904928Z   INVENTREE_DB_NAME: ../inventree_unit_test_db.sqlite3
2022-06-16T03:31:58.8905271Z   INVENTREE_MEDIA_ROOT: ../test_inventree_media
2022-06-16T03:31:58.8905723Z   INVENTREE_STATIC_ROOT: ../test_inventree_static
2022-06-16T03:31:58.8906077Z   wrapper_name: inventree-python
2022-06-16T03:31:58.8906359Z   INVENTREE_ADMIN_USER: testuser
2022-06-16T03:31:58.8906687Z   INVENTREE_ADMIN_PASSWORD: testpassword
2022-06-16T03:31:58.8907020Z   INVENTREE_ADMIN_EMAIL: test@test.com
2022-06-16T03:31:58.8907413Z   INVENTREE_PYTHON_TEST_SERVER: http://localhost:12345
2022-06-16T03:31:58.8907732Z   INVENTREE_PYTHON_TEST_USERNAME: testuser
2022-06-16T03:31:58.8908082Z   INVENTREE_PYTHON_TEST_PASSWORD: testpassword
2022-06-16T03:31:58.8908420Z ##[endgroup]
2022-06-16T03:31:59.1174808Z Syncing repository: inventree/InvenTree
2022-06-16T03:31:59.1177424Z ##[group]Getting Git version info
2022-06-16T03:31:59.1177967Z Working directory is '/home/runner/work/InvenTree/InvenTree'
2022-06-16T03:31:59.1178599Z [command]/usr/bin/git version
2022-06-16T03:31:59.1274528Z git version 2.36.1
2022-06-16T03:31:59.1275625Z ##[endgroup]
2022-06-16T03:31:59.1291552Z Temporarily overriding HOME='/home/runner/work/_temp/6d51111b-4ead-4d99-801b-5e762efc0d7d' before making global git config changes
2022-06-16T03:31:59.1292219Z Adding repository directory to the temporary git global config as a safe directory
2022-06-16T03:31:59.1292904Z [command]/usr/bin/git config --global --add safe.directory /home/runner/work/InvenTree/InvenTree
2022-06-16T03:31:59.1322733Z Deleting the contents of '/home/runner/work/InvenTree/InvenTree'
2022-06-16T03:31:59.1327791Z ##[group]Initializing the repository
2022-06-16T03:31:59.1332197Z [command]/usr/bin/git init /home/runner/work/InvenTree/InvenTree
2022-06-16T03:31:59.1380709Z hint: Using 'master' as the name for the initial branch. This default branch name
2022-06-16T03:31:59.1381489Z hint: is subject to change. To configure the initial branch name to use in all
2022-06-16T03:31:59.1382546Z hint: of your new repositories, which will suppress this warning, call:
2022-06-16T03:31:59.1383015Z hint: 
2022-06-16T03:31:59.1383690Z hint: 	git config --global init.defaultBranch <name>
2022-06-16T03:31:59.1384116Z hint: 
2022-06-16T03:31:59.1396095Z hint: Names commonly chosen instead of 'master' are 'main', 'trunk' and
2022-06-16T03:31:59.1396877Z hint: 'development'. The just-created branch can be renamed via this command:
2022-06-16T03:31:59.1397581Z hint: 
2022-06-16T03:31:59.1398638Z hint: 	git branch -m <name>
2022-06-16T03:31:59.1402108Z Initialized empty Git repository in /home/runner/work/InvenTree/InvenTree/.git/
2022-06-16T03:31:59.1410306Z [command]/usr/bin/git remote add origin https://github.com/inventree/InvenTree
2022-06-16T03:31:59.1483442Z ##[endgroup]
2022-06-16T03:31:59.1529625Z ##[group]Disabling automatic garbage collection
2022-06-16T03:31:59.1573275Z [command]/usr/bin/git config --local gc.auto 0
2022-06-16T03:31:59.1575579Z ##[endgroup]
2022-06-16T03:31:59.1577136Z ##[group]Setting up auth
2022-06-16T03:31:59.1578778Z [command]/usr/bin/git config --local --name-only --get-regexp core\.sshCommand
2022-06-16T03:31:59.1580850Z [command]/usr/bin/git submodule foreach --recursive git config --local --name-only --get-regexp 'core\.sshCommand' && git config --local --unset-all 'core.sshCommand' || :
2022-06-16T03:31:59.1860869Z [command]/usr/bin/git config --local --name-only --get-regexp http\.https\:\/\/github\.com\/\.extraheader
2022-06-16T03:31:59.1890811Z [command]/usr/bin/git submodule foreach --recursive git config --local --name-only --get-regexp 'http\.https\:\/\/github\.com\/\.extraheader' && git config --local --unset-all 'http.https://github.com/.extraheader' || :
2022-06-16T03:31:59.2104447Z [command]/usr/bin/git config --local http.https://github.com/.extraheader AUTHORIZATION: basic ***
2022-06-16T03:31:59.2139747Z ##[endgroup]
2022-06-16T03:31:59.2148703Z ##[group]Fetching the repository
2022-06-16T03:31:59.2161438Z [command]/usr/bin/git -c protocol.version=2 fetch --no-tags --prune --progress --no-recurse-submodules --depth=1 origin +b9c6cd70d4c2eeb0f76a978332eb0f26754b2d04:refs/remotes/origin/0.7.x
2022-06-16T03:31:59.6476302Z remote: Enumerating objects: 3144, done.        
2022-06-16T03:31:59.6477736Z remote: Counting objects:   0% (1/3144)        
2022-06-16T03:31:59.6478419Z remote: Counting objects:   1% (32/3144)        
2022-06-16T03:31:59.6479023Z remote: Counting objects:   2% (63/3144)        
2022-06-16T03:31:59.6479495Z remote: Counting objects:   3% (95/3144)        
2022-06-16T03:31:59.6479939Z remote: Counting objects:   4% (126/3144)        
2022-06-16T03:31:59.6520124Z remote: Counting objects:   5% (158/3144)        
2022-06-16T03:31:59.6523214Z remote: Counting objects:   6% (189/3144)        
2022-06-16T03:31:59.6523594Z remote: Counting objects:   7% (221/3144)        
2022-06-16T03:31:59.6523947Z remote: Counting objects:   8% (252/3144)        
2022-06-16T03:31:59.6525991Z remote: Counting objects:   9% (283/3144)        
2022-06-16T03:31:59.6526650Z remote: Counting objects:  10% (315/3144)        
2022-06-16T03:31:59.6527062Z remote: Counting objects:  11% (346/3144)        
2022-06-16T03:31:59.6527411Z remote: Counting objects:  12% (378/3144)        
2022-06-16T03:31:59.6527923Z remote: Counting objects:  13% (409/3144)        
2022-06-16T03:31:59.6528352Z remote: Counting objects:  14% (441/3144)        
2022-06-16T03:31:59.6528744Z remote: Counting objects:  15% (472/3144)        
2022-06-16T03:31:59.6529083Z remote: Counting objects:  16% (504/3144)        
2022-06-16T03:31:59.6529377Z remote: Counting objects:  17% (535/3144)        
2022-06-16T03:31:59.6529701Z remote: Counting objects:  18% (566/3144)        
2022-06-16T03:31:59.6530054Z remote: Counting objects:  19% (598/3144)        
2022-06-16T03:31:59.6530376Z remote: Counting objects:  20% (629/3144)        
2022-06-16T03:31:59.6530651Z remote: Counting objects:  21% (661/3144)        
2022-06-16T03:31:59.6690751Z remote: Counting objects:  22% (692/3144)        
2022-06-16T03:31:59.6691327Z remote: Counting objects:  23% (724/3144)        
2022-06-16T03:31:59.6692632Z remote: Counting objects:  24% (755/3144)        
2022-06-16T03:31:59.6693157Z remote: Counting objects:  25% (786/3144)        
2022-06-16T03:31:59.6693488Z remote: Counting objects:  26% (818/3144)        
2022-06-16T03:31:59.6693773Z remote: Counting objects:  27% (849/3144)        
2022-06-16T03:31:59.6694142Z remote: Counting objects:  28% (881/3144)        
2022-06-16T03:31:59.6695555Z remote: Counting objects:  29% (912/3144)        
2022-06-16T03:31:59.6696298Z remote: Counting objects:  30% (944/3144)        
2022-06-16T03:31:59.6697169Z remote: Counting objects:  31% (975/3144)        
2022-06-16T03:31:59.6698008Z remote: Counting objects:  32% (1007/3144)        
2022-06-16T03:31:59.6698856Z remote: Counting objects:  33% (1038/3144)        
2022-06-16T03:31:59.6699609Z remote: Counting objects:  34% (1069/3144)        
2022-06-16T03:31:59.6700482Z remote: Counting objects:  35% (1101/3144)        
2022-06-16T03:31:59.6701297Z remote: Counting objects:  36% (1132/3144)        
2022-06-16T03:31:59.6702124Z remote: Counting objects:  37% (1164/3144)        
2022-06-16T03:31:59.6703125Z remote: Counting objects:  38% (1195/3144)        
2022-06-16T03:31:59.6703775Z remote: Counting objects:  39% (1227/3144)        
2022-06-16T03:31:59.6704590Z remote: Counting objects:  40% (1258/3144)        
2022-06-16T03:31:59.6705417Z remote: Counting objects:  41% (1290/3144)        
2022-06-16T03:31:59.6706321Z remote: Counting objects:  42% (1321/3144)        
2022-06-16T03:31:59.6707131Z remote: Counting objects:  43% (1352/3144)        
2022-06-16T03:31:59.6707957Z remote: Counting objects:  44% (1384/3144)        
2022-06-16T03:31:59.6708733Z remote: Counting objects:  45% (1415/3144)        
2022-06-16T03:31:59.6709599Z remote: Counting objects:  46% (1447/3144)        
2022-06-16T03:31:59.6710446Z remote: Counting objects:  47% (1478/3144)        
2022-06-16T03:31:59.6711249Z remote: Counting objects:  48% (1510/3144)        
2022-06-16T03:31:59.6712026Z remote: Counting objects:  49% (1541/3144)        
2022-06-16T03:31:59.6713019Z remote: Counting objects:  50% (1572/3144)        
2022-06-16T03:31:59.6713840Z remote: Counting objects:  51% (1604/3144)        
2022-06-16T03:31:59.6714302Z remote: Counting objects:  52% (1635/3144)        
2022-06-16T03:31:59.6714585Z remote: Counting objects:  53% (1667/3144)        
2022-06-16T03:31:59.6714924Z remote: Counting objects:  54% (1698/3144)        
2022-06-16T03:31:59.6715395Z remote: Counting objects:  55% (1730/3144)        
2022-06-16T03:31:59.6715746Z remote: Counting objects:  56% (1761/3144)        
2022-06-16T03:31:59.6716065Z remote: Counting objects:  57% (1793/3144)        
2022-06-16T03:31:59.6716395Z remote: Counting objects:  58% (1824/3144)        
2022-06-16T03:31:59.6716675Z remote: Counting objects:  59% (1855/3144)        
2022-06-16T03:31:59.6717007Z remote: Counting objects:  60% (1887/3144)        
2022-06-16T03:31:59.6717353Z remote: Counting objects:  61% (1918/3144)        
2022-06-16T03:31:59.6717682Z remote: Counting objects:  62% (1950/3144)        
2022-06-16T03:31:59.6717967Z remote: Counting objects:  63% (1981/3144)        
2022-06-16T03:31:59.6718406Z remote: Counting objects:  64% (2013/3144)        
2022-06-16T03:31:59.6905469Z remote: Counting objects:  65% (2044/3144)        
2022-06-16T03:31:59.6905850Z remote: Counting objects:  66% (2076/3144)        
2022-06-16T03:31:59.6906138Z remote: Counting objects:  67% (2107/3144)        
2022-06-16T03:31:59.6909647Z remote: Counting objects:  68% (2138/3144)        
2022-06-16T03:31:59.6909899Z remote: Counting objects:  69% (2170/3144)        
2022-06-16T03:31:59.6910149Z remote: Counting objects:  70% (2201/3144)        
2022-06-16T03:31:59.6910405Z remote: Counting objects:  71% (2233/3144)        
2022-06-16T03:31:59.6910643Z remote: Counting objects:  72% (2264/3144)        
2022-06-16T03:31:59.6910890Z remote: Counting objects:  73% (2296/3144)        
2022-06-16T03:31:59.6911134Z remote: Counting objects:  74% (2327/3144)        
2022-06-16T03:31:59.6911369Z remote: Counting objects:  75% (2358/3144)        
2022-06-16T03:31:59.6911617Z remote: Counting objects:  76% (2390/3144)        
2022-06-16T03:31:59.6911857Z remote: Counting objects:  77% (2421/3144)        
2022-06-16T03:31:59.6912115Z remote: Counting objects:  78% (2453/3144)        
2022-06-16T03:31:59.6912354Z remote: Counting objects:  79% (2484/3144)        
2022-06-16T03:31:59.6912715Z remote: Counting objects:  80% (2516/3144)        
2022-06-16T03:31:59.6912958Z remote: Counting objects:  81% (2547/3144)        
2022-06-16T03:31:59.6913194Z remote: Counting objects:  82% (2579/3144)        
2022-06-16T03:31:59.6913445Z remote: Counting objects:  83% (2610/3144)        
2022-06-16T03:31:59.6913687Z remote: Counting objects:  84% (2641/3144)        
2022-06-16T03:31:59.6913924Z remote: Counting objects:  85% (2673/3144)        
2022-06-16T03:31:59.6914163Z remote: Counting objects:  86% (2704/3144)        
2022-06-16T03:31:59.6914407Z remote: Counting objects:  87% (2736/3144)        
2022-06-16T03:31:59.6914652Z remote: Counting objects:  88% (2767/3144)        
2022-06-16T03:31:59.6915033Z remote: Counting objects:  89% (2799/3144)        
2022-06-16T03:31:59.6915281Z remote: Counting objects:  90% (2830/3144)        
2022-06-16T03:31:59.6915532Z remote: Counting objects:  91% (2862/3144)        
2022-06-16T03:31:59.6915767Z remote: Counting objects:  92% (2893/3144)        
2022-06-16T03:31:59.6916006Z remote: Counting objects:  93% (2924/3144)        
2022-06-16T03:31:59.6916246Z remote: Counting objects:  94% (2956/3144)        
2022-06-16T03:31:59.6916476Z remote: Counting objects:  95% (2987/3144)        
2022-06-16T03:31:59.6916721Z remote: Counting objects:  96% (3019/3144)        
2022-06-16T03:31:59.6916963Z remote: Counting objects:  97% (3050/3144)        
2022-06-16T03:31:59.6917192Z remote: Counting objects:  98% (3082/3144)        
2022-06-16T03:31:59.6917433Z remote: Counting objects:  99% (3113/3144)        
2022-06-16T03:31:59.6917678Z remote: Counting objects: 100% (3144/3144)        
2022-06-16T03:31:59.6917940Z remote: Counting objects: 100% (3144/3144), done.        
2022-06-16T03:31:59.6918217Z remote: Compressing objects:   0% (1/2586)        
2022-06-16T03:31:59.6918486Z remote: Compressing objects:   1% (26/2586)        
2022-06-16T03:31:59.6918754Z remote: Compressing objects:   2% (52/2586)        
2022-06-16T03:31:59.6919011Z remote: Compressing objects:   3% (78/2586)        
2022-06-16T03:31:59.6919279Z remote: Compressing objects:   4% (104/2586)        
2022-06-16T03:31:59.7058636Z remote: Compressing objects:   5% (130/2586)        
2022-06-16T03:31:59.7078136Z remote: Compressing objects:   6% (156/2586)        
2022-06-16T03:31:59.7135828Z remote: Compressing objects:   7% (182/2586)        
2022-06-16T03:31:59.7333919Z remote: Compressing objects:   8% (207/2586)        
2022-06-16T03:31:59.7350442Z remote: Compressing objects:   9% (233/2586)        
2022-06-16T03:31:59.7372254Z remote: Compressing objects:  10% (259/2586)        
2022-06-16T03:31:59.7376155Z remote: Compressing objects:  11% (285/2586)        
2022-06-16T03:31:59.7391662Z remote: Compressing objects:  12% (311/2586)        
2022-06-16T03:31:59.7417152Z remote: Compressing objects:  13% (337/2586)        
2022-06-16T03:31:59.7429465Z remote: Compressing objects:  14% (363/2586)        
2022-06-16T03:31:59.7434630Z remote: Compressing objects:  15% (388/2586)        
2022-06-16T03:31:59.7624753Z remote: Compressing objects:  16% (414/2586)        
2022-06-16T03:31:59.7718603Z remote: Compressing objects:  17% (440/2586)        
2022-06-16T03:31:59.7886424Z remote: Compressing objects:  18% (466/2586)        
2022-06-16T03:31:59.7908159Z remote: Compressing objects:  19% (492/2586)        
2022-06-16T03:31:59.7909224Z remote: Compressing objects:  20% (518/2586)        
2022-06-16T03:31:59.8165811Z remote: Compressing objects:  21% (544/2586)        
2022-06-16T03:31:59.8185097Z remote: Compressing objects:  22% (569/2586)        
2022-06-16T03:31:59.8233888Z remote: Compressing objects:  23% (595/2586)        
2022-06-16T03:31:59.8259095Z remote: Compressing objects:  24% (621/2586)        
2022-06-16T03:31:59.8292449Z remote: Compressing objects:  25% (647/2586)        
2022-06-16T03:31:59.8311021Z remote: Compressing objects:  26% (673/2586)        
2022-06-16T03:31:59.8337543Z remote: Compressing objects:  27% (699/2586)        
2022-06-16T03:31:59.8370306Z remote: Compressing objects:  28% (725/2586)        
2022-06-16T03:31:59.8408554Z remote: Compressing objects:  29% (750/2586)        
2022-06-16T03:31:59.8620049Z remote: Compressing objects:  30% (776/2586)        
2022-06-16T03:31:59.8636717Z remote: Compressing objects:  31% (802/2586)        
2022-06-16T03:31:59.8637028Z remote: Compressing objects:  32% (828/2586)        
2022-06-16T03:31:59.8637292Z remote: Compressing objects:  33% (854/2586)        
2022-06-16T03:31:59.8637567Z remote: Compressing objects:  34% (880/2586)        
2022-06-16T03:31:59.8637834Z remote: Compressing objects:  35% (906/2586)        
2022-06-16T03:31:59.8638093Z remote: Compressing objects:  36% (931/2586)        
2022-06-16T03:31:59.8638459Z remote: Compressing objects:  37% (957/2586)        
2022-06-16T03:31:59.8638727Z remote: Compressing objects:  38% (983/2586)        
2022-06-16T03:31:59.8639006Z remote: Compressing objects:  39% (1009/2586)        
2022-06-16T03:31:59.8639275Z remote: Compressing objects:  40% (1035/2586)        
2022-06-16T03:31:59.8639553Z remote: Compressing objects:  41% (1061/2586)        
2022-06-16T03:31:59.8639821Z remote: Compressing objects:  42% (1087/2586)        
2022-06-16T03:31:59.8640068Z remote: Compressing objects:  43% (1112/2586)        
2022-06-16T03:31:59.8640331Z remote: Compressing objects:  44% (1138/2586)        
2022-06-16T03:31:59.8640752Z remote: Compressing objects:  45% (1164/2586)        
2022-06-16T03:31:59.8641751Z remote: Compressing objects:  46% (1190/2586)        
2022-06-16T03:31:59.8642156Z remote: Compressing objects:  47% (1216/2586)        
2022-06-16T03:31:59.8642823Z remote: Compressing objects:  48% (1242/2586)        
2022-06-16T03:31:59.8643525Z remote: Compressing objects:  49% (1268/2586)        
2022-06-16T03:31:59.8644232Z remote: Compressing objects:  50% (1293/2586)        
2022-06-16T03:31:59.8644966Z remote: Compressing objects:  51% (1319/2586)        
2022-06-16T03:31:59.8645906Z remote: Compressing objects:  52% (1345/2586)        
2022-06-16T03:31:59.8646772Z remote: Compressing objects:  53% (1371/2586)        
2022-06-16T03:31:59.8647537Z remote: Compressing objects:  54% (1397/2586)        
2022-06-16T03:31:59.8648243Z remote: Compressing objects:  55% (1423/2586)        
2022-06-16T03:31:59.8659692Z remote: Compressing objects:  56% (1449/2586)        
2022-06-16T03:31:59.8660080Z remote: Compressing objects:  57% (1475/2586)        
2022-06-16T03:31:59.8660794Z remote: Compressing objects:  58% (1500/2586)        
2022-06-16T03:31:59.8661574Z remote: Compressing objects:  59% (1526/2586)        
2022-06-16T03:31:59.8662262Z remote: Compressing objects:  60% (1552/2586)        
2022-06-16T03:31:59.8663003Z remote: Compressing objects:  61% (1578/2586)        
2022-06-16T03:31:59.8663693Z remote: Compressing objects:  62% (1604/2586)        
2022-06-16T03:31:59.8664367Z remote: Compressing objects:  63% (1630/2586)        
2022-06-16T03:31:59.8664907Z remote: Compressing objects:  64% (1656/2586)        
2022-06-16T03:31:59.8665598Z remote: Compressing objects:  65% (1681/2586)        
2022-06-16T03:31:59.8666302Z remote: Compressing objects:  66% (1707/2586)        
2022-06-16T03:31:59.8666897Z remote: Compressing objects:  67% (1733/2586)        
2022-06-16T03:31:59.8667624Z remote: Compressing objects:  68% (1759/2586)        
2022-06-16T03:31:59.8668295Z remote: Compressing objects:  69% (1785/2586)        
2022-06-16T03:31:59.8668990Z remote: Compressing objects:  70% (1811/2586)        
2022-06-16T03:31:59.8669657Z remote: Compressing objects:  71% (1837/2586)        
2022-06-16T03:31:59.8670374Z remote: Compressing objects:  72% (1862/2586)        
2022-06-16T03:31:59.8671075Z remote: Compressing objects:  73% (1888/2586)        
2022-06-16T03:31:59.8671780Z remote: Compressing objects:  74% (1914/2586)        
2022-06-16T03:31:59.8672423Z remote: Compressing objects:  75% (1940/2586)        
2022-06-16T03:31:59.8673368Z remote: Compressing objects:  76% (1966/2586)        
2022-06-16T03:31:59.8674138Z remote: Compressing objects:  77% (1992/2586)        
2022-06-16T03:31:59.8674851Z remote: Compressing objects:  78% (2018/2586)        
2022-06-16T03:31:59.8675629Z remote: Compressing objects:  79% (2043/2586)        
2022-06-16T03:31:59.8676354Z remote: Compressing objects:  80% (2069/2586)        
2022-06-16T03:31:59.8677052Z remote: Compressing objects:  81% (2095/2586)        
2022-06-16T03:31:59.8677800Z remote: Compressing objects:  82% (2121/2586)        
2022-06-16T03:31:59.8678574Z remote: Compressing objects:  83% (2147/2586)        
2022-06-16T03:31:59.8679459Z remote: Compressing objects:  84% (2173/2586)        
2022-06-16T03:31:59.8679939Z remote: Compressing objects:  85% (2199/2586)        
2022-06-16T03:31:59.8680726Z remote: Compressing objects:  86% (2224/2586)        
2022-06-16T03:31:59.8681569Z remote: Compressing objects:  87% (2250/2586)        
2022-06-16T03:31:59.8681920Z remote: Compressing objects:  88% (2276/2586)        
2022-06-16T03:31:59.8682619Z remote: Compressing objects:  89% (2302/2586)        
2022-06-16T03:31:59.8683325Z remote: Compressing objects:  90% (2328/2586)        
2022-06-16T03:31:59.8955142Z remote: Compressing objects:  91% (2354/2586)        
2022-06-16T03:31:59.8955603Z remote: Compressing objects:  92% (2380/2586)        
2022-06-16T03:31:59.9050159Z remote: Compressing objects:  93% (2405/2586)        
2022-06-16T03:31:59.9050758Z remote: Compressing objects:  94% (2431/2586)        
2022-06-16T03:31:59.9051493Z remote: Compressing objects:  95% (2457/2586)        
2022-06-16T03:31:59.9055740Z remote: Compressing objects:  96% (2483/2586)        
2022-06-16T03:31:59.9056273Z remote: Compressing objects:  97% (2509/2586)        
2022-06-16T03:31:59.9056970Z remote: Compressing objects:  98% (2535/2586)        
2022-06-16T03:31:59.9057469Z remote: Compressing objects:  99% (2561/2586)        
2022-06-16T03:31:59.9058144Z remote: Compressing objects: 100% (2586/2586)        
2022-06-16T03:31:59.9058643Z remote: Compressing objects: 100% (2586/2586), done.        
2022-06-16T03:31:59.9107987Z Receiving objects:   0% (1/3144)
2022-06-16T03:32:00.0236835Z Receiving objects:   1% (32/3144)
2022-06-16T03:32:00.0785658Z Receiving objects:   2% (63/3144)
2022-06-16T03:32:00.0837950Z Receiving objects:   3% (95/3144)
2022-06-16T03:32:00.0866126Z Receiving objects:   4% (126/3144)
2022-06-16T03:32:00.1376791Z Receiving objects:   5% (158/3144)
2022-06-16T03:32:00.1509473Z Receiving objects:   6% (189/3144)
2022-06-16T03:32:00.1949985Z Receiving objects:   7% (221/3144)
2022-06-16T03:32:00.2278942Z Receiving objects:   8% (252/3144)
2022-06-16T03:32:00.2389896Z Receiving objects:   9% (283/3144)
2022-06-16T03:32:00.2485714Z Receiving objects:  10% (315/3144)
2022-06-16T03:32:00.2492306Z Receiving objects:  11% (346/3144)
2022-06-16T03:32:00.2500260Z Receiving objects:  12% (378/3144)
2022-06-16T03:32:00.2509846Z Receiving objects:  13% (409/3144)
2022-06-16T03:32:00.2516849Z Receiving objects:  14% (441/3144)
2022-06-16T03:32:00.2522333Z Receiving objects:  15% (472/3144)
2022-06-16T03:32:00.2528972Z Receiving objects:  16% (504/3144)
2022-06-16T03:32:00.2536339Z Receiving objects:  17% (535/3144)
2022-06-16T03:32:00.2544887Z Receiving objects:  18% (566/3144)
2022-06-16T03:32:00.2550704Z Receiving objects:  19% (598/3144)
2022-06-16T03:32:00.2557361Z Receiving objects:  20% (629/3144)
2022-06-16T03:32:00.2563219Z Receiving objects:  21% (661/3144)
2022-06-16T03:32:00.2569936Z Receiving objects:  22% (692/3144)
2022-06-16T03:32:00.2576424Z Receiving objects:  23% (724/3144)
2022-06-16T03:32:00.2581622Z Receiving objects:  24% (755/3144)
2022-06-16T03:32:00.2586469Z Receiving objects:  25% (786/3144)
2022-06-16T03:32:00.2591936Z Receiving objects:  26% (818/3144)
2022-06-16T03:32:00.2597251Z Receiving objects:  27% (849/3144)
2022-06-16T03:32:00.2601774Z Receiving objects:  28% (881/3144)
2022-06-16T03:32:00.2611738Z Receiving objects:  29% (912/3144)
2022-06-16T03:32:00.2616494Z Receiving objects:  30% (944/3144)
2022-06-16T03:32:00.2621185Z Receiving objects:  31% (975/3144)
2022-06-16T03:32:00.2625264Z Receiving objects:  32% (1007/3144)
2022-06-16T03:32:00.2629729Z Receiving objects:  33% (1038/3144)
2022-06-16T03:32:00.2633665Z Receiving objects:  34% (1069/3144)
2022-06-16T03:32:00.2638148Z Receiving objects:  35% (1101/3144)
2022-06-16T03:32:00.2642118Z Receiving objects:  36% (1132/3144)
2022-06-16T03:32:00.2646819Z Receiving objects:  37% (1164/3144)
2022-06-16T03:32:00.2651427Z Receiving objects:  38% (1195/3144)
2022-06-16T03:32:00.2655818Z Receiving objects:  39% (1227/3144)
2022-06-16T03:32:00.2660202Z Receiving objects:  40% (1258/3144)
2022-06-16T03:32:00.2665457Z Receiving objects:  41% (1290/3144)
2022-06-16T03:32:00.2669751Z Receiving objects:  42% (1321/3144)
2022-06-16T03:32:00.2675203Z Receiving objects:  43% (1352/3144)
2022-06-16T03:32:00.2680553Z Receiving objects:  44% (1384/3144)
2022-06-16T03:32:00.2684139Z Receiving objects:  45% (1415/3144)
2022-06-16T03:32:00.2688471Z Receiving objects:  46% (1447/3144)
2022-06-16T03:32:00.2692588Z Receiving objects:  47% (1478/3144)
2022-06-16T03:32:00.2697284Z Receiving objects:  48% (1510/3144)
2022-06-16T03:32:00.2701782Z Receiving objects:  49% (1541/3144)
2022-06-16T03:32:00.2706200Z Receiving objects:  50% (1572/3144)
2022-06-16T03:32:00.2710491Z Receiving objects:  51% (1604/3144)
2022-06-16T03:32:00.2715367Z Receiving objects:  52% (1635/3144)
2022-06-16T03:32:00.2720095Z Receiving objects:  53% (1667/3144)
2022-06-16T03:32:00.2724332Z Receiving objects:  54% (1698/3144)
2022-06-16T03:32:00.2728336Z Receiving objects:  55% (1730/3144)
2022-06-16T03:32:00.2733165Z Receiving objects:  56% (1761/3144)
2022-06-16T03:32:00.2737779Z Receiving objects:  57% (1793/3144)
2022-06-16T03:32:00.2741975Z Receiving objects:  58% (1824/3144)
2022-06-16T03:32:00.2746333Z Receiving objects:  59% (1855/3144)
2022-06-16T03:32:00.2935546Z Receiving objects:  60% (1887/3144)
2022-06-16T03:32:00.3154207Z Receiving objects:  61% (1918/3144)
2022-06-16T03:32:00.3157848Z Receiving objects:  62% (1950/3144)
2022-06-16T03:32:00.3234242Z Receiving objects:  63% (1981/3144)
2022-06-16T03:32:00.3713684Z Receiving objects:  64% (2013/3144)
2022-06-16T03:32:00.3805465Z Receiving objects:  65% (2044/3144)
2022-06-16T03:32:00.3814036Z Receiving objects:  66% (2076/3144)
2022-06-16T03:32:00.3818808Z Receiving objects:  67% (2107/3144)
2022-06-16T03:32:00.3897638Z Receiving objects:  68% (2138/3144)
2022-06-16T03:32:00.3915307Z Receiving objects:  69% (2170/3144)
2022-06-16T03:32:00.3928637Z Receiving objects:  70% (2201/3144)
2022-06-16T03:32:00.3931181Z Receiving objects:  71% (2233/3144)
2022-06-16T03:32:00.3949336Z Receiving objects:  72% (2264/3144)
2022-06-16T03:32:00.3957521Z Receiving objects:  73% (2296/3144)
2022-06-16T03:32:00.3973108Z Receiving objects:  74% (2327/3144)
2022-06-16T03:32:00.3978768Z Receiving objects:  75% (2358/3144)
2022-06-16T03:32:00.3994738Z Receiving objects:  76% (2390/3144)
2022-06-16T03:32:00.4005215Z Receiving objects:  77% (2421/3144)
2022-06-16T03:32:00.4063066Z Receiving objects:  78% (2453/3144)
2022-06-16T03:32:00.4074558Z Receiving objects:  79% (2484/3144)
2022-06-16T03:32:00.4087481Z Receiving objects:  80% (2516/3144)
2022-06-16T03:32:00.4088815Z Receiving objects:  81% (2547/3144)
2022-06-16T03:32:00.4096680Z Receiving objects:  82% (2579/3144)
2022-06-16T03:32:00.4109632Z Receiving objects:  83% (2610/3144), 7.67 MiB | 15.33 MiB/s
2022-06-16T03:32:00.4111434Z Receiving objects:  84% (2641/3144), 7.67 MiB | 15.33 MiB/s
2022-06-16T03:32:00.4113825Z Receiving objects:  85% (2673/3144), 7.67 MiB | 15.33 MiB/s
2022-06-16T03:32:00.4134834Z Receiving objects:  86% (2704/3144), 7.67 MiB | 15.33 MiB/s
2022-06-16T03:32:00.4155734Z Receiving objects:  87% (2736/3144), 7.67 MiB | 15.33 MiB/s
2022-06-16T03:32:00.4167619Z Receiving objects:  88% (2767/3144), 7.67 MiB | 15.33 MiB/s
2022-06-16T03:32:00.4176050Z Receiving objects:  89% (2799/3144), 7.67 MiB | 15.33 MiB/s
2022-06-16T03:32:00.4182053Z Receiving objects:  90% (2830/3144), 7.67 MiB | 15.33 MiB/s
2022-06-16T03:32:00.4454281Z Receiving objects:  91% (2862/3144), 7.67 MiB | 15.33 MiB/s
2022-06-16T03:32:00.4454603Z Receiving objects:  92% (2893/3144), 7.67 MiB | 15.33 MiB/s
2022-06-16T03:32:00.4473487Z Receiving objects:  93% (2924/3144), 7.67 MiB | 15.33 MiB/s
2022-06-16T03:32:00.4479754Z Receiving objects:  94% (2956/3144), 7.67 MiB | 15.33 MiB/s
2022-06-16T03:32:00.4487546Z Receiving objects:  95% (2987/3144), 7.67 MiB | 15.33 MiB/s
2022-06-16T03:32:00.4546670Z Receiving objects:  96% (3019/3144), 7.67 MiB | 15.33 MiB/s
2022-06-16T03:32:00.4551823Z Receiving objects:  97% (3050/3144), 7.67 MiB | 15.33 MiB/s
2022-06-16T03:32:00.4560758Z Receiving objects:  98% (3082/3144), 7.67 MiB | 15.33 MiB/s
2022-06-16T03:32:00.4617405Z Receiving objects:  99% (3113/3144), 7.67 MiB | 15.33 MiB/s
2022-06-16T03:32:00.4618379Z remote: Total 3144 (delta 549), reused 2589 (delta 472), pack-reused 0        
2022-06-16T03:32:00.4638411Z Receiving objects: 100% (3144/3144), 7.67 MiB | 15.33 MiB/s
2022-06-16T03:32:00.4639015Z Receiving objects: 100% (3144/3144), 8.46 MiB | 15.28 MiB/s, done.
2022-06-16T03:32:00.4659593Z Resolving deltas:   0% (0/549)
2022-06-16T03:32:00.4671385Z Resolving deltas:   1% (6/549)
2022-06-16T03:32:00.4680831Z Resolving deltas:   2% (11/549)
2022-06-16T03:32:00.4691854Z Resolving deltas:   3% (17/549)
2022-06-16T03:32:00.4697640Z Resolving deltas:   4% (22/549)
2022-06-16T03:32:00.4704183Z Resolving deltas:   5% (28/549)
2022-06-16T03:32:00.4715017Z Resolving deltas:   6% (33/549)
2022-06-16T03:32:00.4720164Z Resolving deltas:   7% (39/549)
2022-06-16T03:32:00.4726698Z Resolving deltas:   8% (44/549)
2022-06-16T03:32:00.4734442Z Resolving deltas:   9% (50/549)
2022-06-16T03:32:00.4797463Z Resolving deltas:  10% (55/549)
2022-06-16T03:32:00.4825106Z Resolving deltas:  11% (61/549)
2022-06-16T03:32:00.4848967Z Resolving deltas:  12% (66/549)
2022-06-16T03:32:00.4876132Z Resolving deltas:  13% (72/549)
2022-06-16T03:32:00.4944064Z Resolving deltas:  14% (77/549)
2022-06-16T03:32:00.4966292Z Resolving deltas:  15% (83/549)
2022-06-16T03:32:00.4972993Z Resolving deltas:  16% (88/549)
2022-06-16T03:32:00.4974110Z Resolving deltas:  17% (94/549)
2022-06-16T03:32:00.4976179Z Resolving deltas:  18% (99/549)
2022-06-16T03:32:00.4977233Z Resolving deltas:  19% (105/549)
2022-06-16T03:32:00.4979641Z Resolving deltas:  20% (110/549)
2022-06-16T03:32:00.4980099Z Resolving deltas:  21% (116/549)
2022-06-16T03:32:00.4981662Z Resolving deltas:  22% (121/549)
2022-06-16T03:32:00.4983943Z Resolving deltas:  23% (127/549)
2022-06-16T03:32:00.4986145Z Resolving deltas:  24% (132/549)
2022-06-16T03:32:00.4988503Z Resolving deltas:  25% (138/549)
2022-06-16T03:32:00.4989873Z Resolving deltas:  26% (143/549)
2022-06-16T03:32:00.4990634Z Resolving deltas:  27% (149/549)
2022-06-16T03:32:00.4994735Z Resolving deltas:  28% (154/549)
2022-06-16T03:32:00.4997829Z Resolving deltas:  29% (160/549)
2022-06-16T03:32:00.4999494Z Resolving deltas:  30% (165/549)
2022-06-16T03:32:00.5000485Z Resolving deltas:  31% (171/549)
2022-06-16T03:32:00.5002250Z Resolving deltas:  32% (176/549)
2022-06-16T03:32:00.5003263Z Resolving deltas:  33% (182/549)
2022-06-16T03:32:00.5018109Z Resolving deltas:  34% (187/549)
2022-06-16T03:32:00.5020376Z Resolving deltas:  35% (193/549)
2022-06-16T03:32:00.5024144Z Resolving deltas:  36% (198/549)
2022-06-16T03:32:00.5025195Z Resolving deltas:  37% (204/549)
2022-06-16T03:32:00.5028269Z Resolving deltas:  38% (209/549)
2022-06-16T03:32:00.5028699Z Resolving deltas:  39% (215/549)
2022-06-16T03:32:00.5031066Z Resolving deltas:  40% (220/549)
2022-06-16T03:32:00.5031476Z Resolving deltas:  41% (226/549)
2022-06-16T03:32:00.5034849Z Resolving deltas:  42% (231/549)
2022-06-16T03:32:00.5035253Z Resolving deltas:  43% (237/549)
2022-06-16T03:32:00.5037073Z Resolving deltas:  44% (242/549)
2022-06-16T03:32:00.5037486Z Resolving deltas:  45% (248/549)
2022-06-16T03:32:00.5039197Z Resolving deltas:  46% (253/549)
2022-06-16T03:32:00.5039590Z Resolving deltas:  47% (259/549)
2022-06-16T03:32:00.5040915Z Resolving deltas:  48% (264/549)
2022-06-16T03:32:00.5041317Z Resolving deltas:  49% (270/549)
2022-06-16T03:32:00.5042981Z Resolving deltas:  50% (275/549)
2022-06-16T03:32:00.5043377Z Resolving deltas:  51% (280/549)
2022-06-16T03:32:00.5044641Z Resolving deltas:  52% (286/549)
2022-06-16T03:32:00.5045037Z Resolving deltas:  53% (291/549)
2022-06-16T03:32:00.5046375Z Resolving deltas:  54% (297/549)
2022-06-16T03:32:00.5046771Z Resolving deltas:  55% (302/549)
2022-06-16T03:32:00.5047502Z Resolving deltas:  56% (308/549)
2022-06-16T03:32:00.5047884Z Resolving deltas:  57% (313/549)
2022-06-16T03:32:00.5049561Z Resolving deltas:  58% (319/549)
2022-06-16T03:32:00.5049962Z Resolving deltas:  59% (324/549)
2022-06-16T03:32:00.5050678Z Resolving deltas:  60% (330/549)
2022-06-16T03:32:00.5051052Z Resolving deltas:  61% (335/549)
2022-06-16T03:32:00.5051763Z Resolving deltas:  62% (341/549)
2022-06-16T03:32:00.5052312Z Resolving deltas:  63% (346/549)
2022-06-16T03:32:00.5053049Z Resolving deltas:  64% (352/549)
2022-06-16T03:32:00.5053432Z Resolving deltas:  65% (357/549)
2022-06-16T03:32:00.5058056Z Resolving deltas:  66% (363/549)
2022-06-16T03:32:00.5062265Z Resolving deltas:  67% (368/549)
2022-06-16T03:32:00.5064837Z Resolving deltas:  68% (374/549)
2022-06-16T03:32:00.5065279Z Resolving deltas:  69% (379/549)
2022-06-16T03:32:00.5066934Z Resolving deltas:  70% (385/549)
2022-06-16T03:32:00.5067373Z Resolving deltas:  71% (390/549)
2022-06-16T03:32:00.5068087Z Resolving deltas:  72% (396/549)
2022-06-16T03:32:00.5070367Z Resolving deltas:  73% (401/549)
2022-06-16T03:32:00.5070797Z Resolving deltas:  74% (407/549)
2022-06-16T03:32:00.5072448Z Resolving deltas:  75% (412/549)
2022-06-16T03:32:00.5072963Z Resolving deltas:  76% (418/549)
2022-06-16T03:32:00.5076562Z Resolving deltas:  77% (423/549)
2022-06-16T03:32:00.5079715Z Resolving deltas:  78% (429/549)
2022-06-16T03:32:00.5080712Z Resolving deltas:  79% (434/549)
2022-06-16T03:32:00.5085254Z Resolving deltas:  80% (440/549)
2022-06-16T03:32:00.5129791Z Resolving deltas:  81% (445/549)
2022-06-16T03:32:00.5285864Z Resolving deltas:  82% (451/549)
2022-06-16T03:32:00.5350791Z Resolving deltas:  83% (456/549)
2022-06-16T03:32:00.5392043Z Resolving deltas:  84% (462/549)
2022-06-16T03:32:00.5429131Z Resolving deltas:  85% (467/549)
2022-06-16T03:32:00.5465702Z Resolving deltas:  86% (473/549)
2022-06-16T03:32:00.5490751Z Resolving deltas:  87% (478/549)
2022-06-16T03:32:00.5492589Z Resolving deltas:  88% (484/549)
2022-06-16T03:32:00.5494405Z Resolving deltas:  89% (489/549)
2022-06-16T03:32:00.5496611Z Resolving deltas:  90% (495/549)
2022-06-16T03:32:00.5500517Z Resolving deltas:  91% (500/549)
2022-06-16T03:32:00.5504281Z Resolving deltas:  92% (506/549)
2022-06-16T03:32:00.5507164Z Resolving deltas:  93% (511/549)
2022-06-16T03:32:00.5509525Z Resolving deltas:  94% (517/549)
2022-06-16T03:32:00.5513707Z Resolving deltas:  95% (522/549)
2022-06-16T03:32:00.5516885Z Resolving deltas:  96% (528/549)
2022-06-16T03:32:00.5517491Z Resolving deltas:  97% (533/549)
2022-06-16T03:32:00.5520696Z Resolving deltas:  98% (539/549)
2022-06-16T03:32:00.5526388Z Resolving deltas:  99% (544/549)
2022-06-16T03:32:00.5539088Z Resolving deltas: 100% (549/549)
2022-06-16T03:32:00.5539517Z Resolving deltas: 100% (549/549), done.
2022-06-16T03:32:00.5761342Z From https://github.com/inventree/InvenTree
2022-06-16T03:32:00.5762118Z  * [new ref]         b9c6cd70d4c2eeb0f76a978332eb0f26754b2d04 -> origin/0.7.x
2022-06-16T03:32:00.5793747Z ##[endgroup]
2022-06-16T03:32:00.5794320Z ##[group]Determining the checkout info
2022-06-16T03:32:00.5799025Z ##[endgroup]
2022-06-16T03:32:00.5799657Z ##[group]Checking out the ref
2022-06-16T03:32:00.5800769Z [command]/usr/bin/git checkout --progress --force -B 0.7.x refs/remotes/origin/0.7.x
2022-06-16T03:32:00.8288108Z Switched to a new branch '0.7.x'
2022-06-16T03:32:00.8293633Z branch '0.7.x' set up to track 'origin/0.7.x'.
2022-06-16T03:32:00.8302946Z ##[endgroup]
2022-06-16T03:32:00.8340330Z [command]/usr/bin/git log -1 --format='%H'
2022-06-16T03:32:00.8367060Z 'b9c6cd70d4c2eeb0f76a978332eb0f26754b2d04'
2022-06-16T03:32:00.8648000Z ##[group]Run sudo apt-get update
2022-06-16T03:32:00.8648319Z [36;1msudo apt-get update[0m
2022-06-16T03:32:00.8648635Z [36;1msudo apt-get install python3-dev python3-pip python3-venv[0m
2022-06-16T03:32:00.8648933Z [36;1mpip3 install invoke[0m
2022-06-16T03:32:00.8649139Z [36;1minvoke install[0m
2022-06-16T03:32:00.8649349Z [36;1minvoke migrate[0m
2022-06-16T03:32:00.8705432Z shell: /usr/bin/bash -e {0}
2022-06-16T03:32:00.8705669Z env:
2022-06-16T03:32:00.8705870Z   python_version: 3.9
2022-06-16T03:32:00.8706069Z   node_version: 16
2022-06-16T03:32:00.8706277Z   server_start_sleep: 60
2022-06-16T03:32:00.8706754Z   GITHUB_TOKEN: ***
2022-06-16T03:32:00.8707011Z   INVENTREE_DB_ENGINE: django.db.backends.sqlite3
2022-06-16T03:32:00.8707303Z   INVENTREE_DB_NAME: ../inventree_unit_test_db.sqlite3
2022-06-16T03:32:00.8707591Z   INVENTREE_MEDIA_ROOT: ../test_inventree_media
2022-06-16T03:32:00.8707880Z   INVENTREE_STATIC_ROOT: ../test_inventree_static
2022-06-16T03:32:00.8708176Z   wrapper_name: inventree-python
2022-06-16T03:32:00.8708423Z   INVENTREE_ADMIN_USER: testuser
2022-06-16T03:32:00.8708664Z   INVENTREE_ADMIN_PASSWORD: testpassword
2022-06-16T03:32:00.8708920Z   INVENTREE_ADMIN_EMAIL: test@test.com
2022-06-16T03:32:00.8709211Z   INVENTREE_PYTHON_TEST_SERVER: http://localhost:12345
2022-06-16T03:32:00.8709489Z   INVENTREE_PYTHON_TEST_USERNAME: testuser
2022-06-16T03:32:00.8709761Z   INVENTREE_PYTHON_TEST_PASSWORD: testpassword
2022-06-16T03:32:00.8709999Z ##[endgroup]
2022-06-16T03:32:00.9938421Z Hit:1 http://azure.archive.ubuntu.com/ubuntu focal InRelease
2022-06-16T03:32:00.9939415Z Get:2 http://azure.archive.ubuntu.com/ubuntu focal-updates InRelease [114 kB]
2022-06-16T03:32:00.9967267Z Get:3 http://azure.archive.ubuntu.com/ubuntu focal-backports InRelease [108 kB]
2022-06-16T03:32:01.0027066Z Get:4 http://azure.archive.ubuntu.com/ubuntu focal-security InRelease [114 kB]
2022-06-16T03:32:01.1386964Z Get:5 https://packages.microsoft.com/ubuntu/20.04/prod focal InRelease [10.5 kB]
2022-06-16T03:32:01.2012441Z Get:6 http://azure.archive.ubuntu.com/ubuntu focal-updates/main amd64 Packages [1924 kB]
2022-06-16T03:32:01.2346951Z Get:7 http://azure.archive.ubuntu.com/ubuntu focal-updates/main Translation-en [348 kB]
2022-06-16T03:32:01.2392157Z Get:8 http://azure.archive.ubuntu.com/ubuntu focal-updates/main amd64 c-n-f Metadata [15.6 kB]
2022-06-16T03:32:01.2431724Z Get:9 http://azure.archive.ubuntu.com/ubuntu focal-updates/restricted amd64 Packages [1093 kB]
2022-06-16T03:32:01.2540610Z Hit:10 http://ppa.launchpad.net/ubuntu-toolchain-r/test/ubuntu focal InRelease
2022-06-16T03:32:01.2580089Z Get:11 http://azure.archive.ubuntu.com/ubuntu focal-updates/restricted Translation-en [156 kB]
2022-06-16T03:32:01.2598033Z Get:12 http://azure.archive.ubuntu.com/ubuntu focal-updates/restricted amd64 c-n-f Metadata [524 B]
2022-06-16T03:32:01.2673971Z Get:13 http://azure.archive.ubuntu.com/ubuntu focal-updates/universe amd64 Packages [931 kB]
2022-06-16T03:32:01.2750093Z Get:14 http://azure.archive.ubuntu.com/ubuntu focal-updates/universe Translation-en [209 kB]
2022-06-16T03:32:01.2773415Z Get:15 http://azure.archive.ubuntu.com/ubuntu focal-updates/universe amd64 c-n-f Metadata [20.9 kB]
2022-06-16T03:32:01.2787724Z Get:16 http://azure.archive.ubuntu.com/ubuntu focal-updates/multiverse amd64 Packages [24.4 kB]
2022-06-16T03:32:01.3240536Z Get:17 http://azure.archive.ubuntu.com/ubuntu focal-updates/multiverse amd64 c-n-f Metadata [596 B]
2022-06-16T03:32:01.3294140Z Get:18 http://azure.archive.ubuntu.com/ubuntu focal-backports/main amd64 Packages [44.8 kB]
2022-06-16T03:32:01.3308302Z Get:19 http://azure.archive.ubuntu.com/ubuntu focal-backports/main Translation-en [11.3 kB]
2022-06-16T03:32:01.3319661Z Get:20 http://azure.archive.ubuntu.com/ubuntu focal-backports/main amd64 c-n-f Metadata [976 B]
2022-06-16T03:32:01.3342283Z Get:21 http://azure.archive.ubuntu.com/ubuntu focal-backports/universe amd64 Packages [23.7 kB]
2022-06-16T03:32:01.3360776Z Get:22 http://azure.archive.ubuntu.com/ubuntu focal-backports/universe amd64 c-n-f Metadata [860 B]
2022-06-16T03:32:01.4274683Z Get:23 http://azure.archive.ubuntu.com/ubuntu focal-security/main amd64 Packages [1579 kB]
2022-06-16T03:32:01.4434100Z Get:24 http://azure.archive.ubuntu.com/ubuntu focal-security/main Translation-en [267 kB]
2022-06-16T03:32:01.4469546Z Get:25 http://azure.archive.ubuntu.com/ubuntu focal-security/main amd64 c-n-f Metadata [10.6 kB]
2022-06-16T03:32:01.4553955Z Get:26 http://azure.archive.ubuntu.com/ubuntu focal-security/restricted amd64 Packages [1031 kB]
2022-06-16T03:32:01.4634830Z Get:27 http://azure.archive.ubuntu.com/ubuntu focal-security/restricted Translation-en [146 kB]
2022-06-16T03:32:01.4653632Z Get:28 http://azure.archive.ubuntu.com/ubuntu focal-security/restricted amd64 c-n-f Metadata [524 B]
2022-06-16T03:32:01.4714023Z Get:29 http://azure.archive.ubuntu.com/ubuntu focal-security/universe amd64 Packages [708 kB]
2022-06-16T03:32:01.4773167Z Get:30 http://azure.archive.ubuntu.com/ubuntu focal-security/universe Translation-en [127 kB]
2022-06-16T03:32:01.5223150Z Get:31 http://azure.archive.ubuntu.com/ubuntu focal-security/universe amd64 c-n-f Metadata [14.6 kB]
2022-06-16T03:32:01.5238929Z Get:32 http://azure.archive.ubuntu.com/ubuntu focal-security/multiverse amd64 Packages [22.2 kB]
2022-06-16T03:32:01.5250322Z Get:33 http://azure.archive.ubuntu.com/ubuntu focal-security/multiverse amd64 c-n-f Metadata [512 B]
2022-06-16T03:32:01.7747459Z Get:34 https://packages.microsoft.com/ubuntu/20.04/prod focal/main armhf Packages [22.8 kB]
2022-06-16T03:32:01.7913509Z Get:35 https://packages.microsoft.com/ubuntu/20.04/prod focal/main amd64 Packages [166 kB]
2022-06-16T03:32:01.8386340Z Get:36 https://packages.microsoft.com/ubuntu/20.04/prod focal/main arm64 Packages [28.0 kB]
2022-06-16T03:32:07.5197562Z Fetched 9275 kB in 2s (5142 kB/s)
2022-06-16T03:32:08.3520098Z Reading package lists...
2022-06-16T03:32:08.4334188Z Reading package lists...
2022-06-16T03:32:08.5632037Z Building dependency tree...
2022-06-16T03:32:08.5646844Z Reading state information...
2022-06-16T03:32:08.6996828Z python3-dev is already the newest version (3.8.2-0ubuntu2).
2022-06-16T03:32:08.6999822Z python3-venv is already the newest version (3.8.2-0ubuntu2).
2022-06-16T03:32:08.7000678Z python3-pip is already the newest version (20.0.2-5ubuntu1.6).
2022-06-16T03:32:08.7720184Z 0 upgraded, 0 newly installed, 0 to remove and 60 not upgraded.
2022-06-16T03:32:10.5539382Z Collecting invoke
2022-06-16T03:32:10.6135622Z   Downloading invoke-1.7.1-py3-none-any.whl (215 kB)
2022-06-16T03:32:10.7720009Z Installing collected packages: invoke
2022-06-16T03:32:10.9059992Z Successfully installed invoke-1.7.1
2022-06-16T03:32:12.2375299Z Installing required python packages from 'requirements.txt'
2022-06-16T03:32:12.2375629Z Collecting Django==3.2.13
2022-06-16T03:32:12.2969590Z   Downloading Django-3.2.13-py3-none-any.whl (7.9 MB)
2022-06-16T03:32:13.0538209Z Collecting bleach==4.1.0
2022-06-16T03:32:13.0672399Z   Downloading bleach-4.1.0-py2.py3-none-any.whl (157 kB)
2022-06-16T03:32:13.1791591Z Collecting certifi
2022-06-16T03:32:13.1900175Z   Downloading certifi-2022.6.15-py3-none-any.whl (160 kB)
2022-06-16T03:32:13.2474918Z Collecting coreapi==2.3.0
2022-06-16T03:32:13.2604433Z   Downloading coreapi-2.3.0.tar.gz (18 kB)
2022-06-16T03:32:14.0642001Z Collecting coverage==5.3
2022-06-16T03:32:14.0769151Z   Downloading coverage-5.3-cp38-cp38-manylinux1_x86_64.whl (230 kB)
2022-06-16T03:32:14.1601609Z Collecting coveralls==2.1.2
2022-06-16T03:32:14.1730745Z   Downloading coveralls-2.1.2-py2.py3-none-any.whl (13 kB)
2022-06-16T03:32:14.4992965Z Collecting cryptography==3.4.8
2022-06-16T03:32:14.5194977Z   Downloading cryptography-3.4.8-cp36-abi3-manylinux_2_17_x86_64.manylinux2014_x86_64.whl (3.2 MB)
2022-06-16T03:32:14.7392382Z Collecting django-admin-shell==0.1.2
2022-06-16T03:32:14.7515856Z   Downloading django_admin_shell-0.1.2-py2.py3-none-any.whl (182 kB)
2022-06-16T03:32:14.8229381Z Collecting django-allauth==0.45.0
2022-06-16T03:32:14.8362782Z   Downloading django-allauth-0.45.0.tar.gz (581 kB)
2022-06-16T03:32:15.4090514Z Collecting django-allauth-2fa==0.8
2022-06-16T03:32:15.4212258Z   Downloading django_allauth_2fa-0.8-py3-none-any.whl (12 kB)
2022-06-16T03:32:15.5459660Z Collecting django-cleanup==5.1.0
2022-06-16T03:32:15.5794152Z   Downloading django_cleanup-5.1.0-py2.py3-none-any.whl (9.9 kB)
2022-06-16T03:32:15.6542823Z Collecting django-cors-headers==3.2.0
2022-06-16T03:32:15.6658925Z   Downloading django_cors_headers-3.2.0-py3-none-any.whl (14 kB)
2022-06-16T03:32:15.7308980Z Collecting django-crispy-forms==1.11.2
2022-06-16T03:32:15.7433664Z   Downloading django_crispy_forms-1.11.2-py3-none-any.whl (112 kB)
2022-06-16T03:32:15.8563652Z Collecting django-debug-toolbar==3.2.4
2022-06-16T03:32:15.8734795Z   Downloading django_debug_toolbar-3.2.4-py3-none-any.whl (216 kB)
2022-06-16T03:32:15.9491336Z Collecting django-error-report==0.2.0
2022-06-16T03:32:15.9607490Z   Downloading django-error-report-0.2.0.tar.gz (5.1 kB)
2022-06-16T03:32:16.2348457Z Collecting django-filter==2.4.0
2022-06-16T03:32:16.2472861Z   Downloading django_filter-2.4.0-py3-none-any.whl (73 kB)
2022-06-16T03:32:16.3101318Z Collecting django-formtools==2.3
2022-06-16T03:32:16.3277883Z   Downloading django_formtools-2.3-py3-none-any.whl (148 kB)
2022-06-16T03:32:16.4193549Z Collecting django-import-export==2.5.0
2022-06-16T03:32:16.4311069Z   Downloading django_import_export-2.5.0-py3-none-any.whl (94 kB)
2022-06-16T03:32:16.5625172Z Collecting django-maintenance-mode==0.16.1
2022-06-16T03:32:16.5738100Z   Downloading django_maintenance_mode-0.16.1-py3-none-any.whl (15 kB)
2022-06-16T03:32:16.7185719Z Collecting django-markdownify==0.8.0
2022-06-16T03:32:16.7300970Z   Downloading django-markdownify-0.8.0.tar.gz (5.1 kB)
2022-06-16T03:32:17.0638479Z Collecting django-markdownx==3.0.1
2022-06-16T03:32:17.0760631Z   Downloading django_markdownx-3.0.1-py2.py3-none-any.whl (46 kB)
2022-06-16T03:32:17.2294711Z Collecting django-money==1.1
2022-06-16T03:32:17.2443584Z   Downloading django_money-1.1-py3-none-any.whl (26 kB)
2022-06-16T03:32:17.3753272Z Collecting django-mptt==0.11.0
2022-06-16T03:32:17.3879156Z   Downloading django_mptt-0.11.0-py2.py3-none-any.whl (109 kB)
2022-06-16T03:32:17.4650709Z Collecting django-redis>=5.0.0
2022-06-16T03:32:17.4783544Z   Downloading django_redis-5.2.0-py3-none-any.whl (30 kB)
2022-06-16T03:32:17.6137531Z Collecting django-q==1.3.4
2022-06-16T03:32:17.6257720Z   Downloading django_q-1.3.4-py3-none-any.whl (67 kB)
2022-06-16T03:32:17.7496282Z Collecting django-sql-utils==0.5.0
2022-06-16T03:32:17.7632801Z   Downloading django_sql_utils-0.5.0-py3-none-any.whl (14 kB)
2022-06-16T03:32:17.8768085Z Collecting django-sslserver==0.22
2022-06-16T03:32:17.8881319Z   Downloading django_sslserver-0.22-py3-none-any.whl (10 kB)
2022-06-16T03:32:18.0284907Z Collecting django-stdimage==5.1.1
2022-06-16T03:32:18.0403521Z   Downloading django_stdimage-5.1.1-py2.py3-none-any.whl (14 kB)
2022-06-16T03:32:18.1545885Z Collecting django-test-migrations==1.1.0
2022-06-16T03:32:18.1667509Z   Downloading django_test_migrations-1.1.0-py3-none-any.whl (25 kB)
2022-06-16T03:32:18.2916224Z Collecting django-user-sessions==1.7.1
2022-06-16T03:32:18.3047548Z   Downloading django_user_sessions-1.7.1-py2.py3-none-any.whl (38 kB)
2022-06-16T03:32:18.4343751Z Collecting django-weasyprint==1.0.1
2022-06-16T03:32:18.4462722Z   Downloading django_weasyprint-1.0.1-py3-none-any.whl (8.2 kB)
2022-06-16T03:32:18.5429623Z Collecting djangorestframework==3.12.4
2022-06-16T03:32:18.5705527Z   Downloading djangorestframework-3.12.4-py3-none-any.whl (957 kB)
2022-06-16T03:32:18.6854430Z Collecting django-xforwardedfor-middleware==2.0
2022-06-16T03:32:18.6970238Z   Downloading django-xforwardedfor-middleware-2.0.tar.gz (1.6 kB)
2022-06-16T03:32:18.9814187Z Collecting flake8==3.8.3
2022-06-16T03:32:18.9932956Z   Downloading flake8-3.8.3-py2.py3-none-any.whl (72 kB)
2022-06-16T03:32:19.0660529Z Collecting flake8-docstrings==1.6.0
2022-06-16T03:32:19.0772971Z   Downloading flake8_docstrings-1.6.0-py2.py3-none-any.whl (5.7 kB)
2022-06-16T03:32:19.1475191Z Collecting gunicorn>=20.1.0
2022-06-16T03:32:19.1583235Z   Downloading gunicorn-20.1.0-py3-none-any.whl (79 kB)
2022-06-16T03:32:19.3568630Z Collecting importlib_metadata
2022-06-16T03:32:19.3675854Z   Downloading importlib_metadata-4.11.4-py3-none-any.whl (18 kB)
2022-06-16T03:32:19.4863498Z Collecting inventree
2022-06-16T03:32:19.4997414Z   Downloading inventree-0.7.1-py2.py3-none-any.whl (14 kB)
2022-06-16T03:32:19.6076444Z Collecting isort==5.10.1
2022-06-16T03:32:19.6198176Z   Downloading isort-5.10.1-py3-none-any.whl (103 kB)
2022-06-16T03:32:19.7004642Z Collecting markdown==3.3.4
2022-06-16T03:32:19.7151228Z   Downloading Markdown-3.3.4-py3-none-any.whl (97 kB)
2022-06-16T03:32:19.7873818Z Collecting pep8-naming==0.11.1
2022-06-16T03:32:19.7987098Z   Downloading pep8_naming-0.11.1-py2.py3-none-any.whl (8.4 kB)
2022-06-16T03:32:19.9110870Z Collecting pre-commit==2.19.0
2022-06-16T03:32:19.9236206Z   Downloading pre_commit-2.19.0-py2.py3-none-any.whl (199 kB)
2022-06-16T03:32:20.3769291Z Collecting pillow==9.1.0
2022-06-16T03:32:20.4030908Z   Downloading Pillow-9.1.0-cp38-cp38-manylinux_2_17_x86_64.manylinux2014_x86_64.whl (4.3 MB)
2022-06-16T03:32:20.6865292Z Collecting py-moneyed==0.8.0
2022-06-16T03:32:20.6982353Z   Downloading py_moneyed-0.8.0-py2.py3-none-any.whl (18 kB)
2022-06-16T03:32:20.7649125Z Collecting pygments==2.7.4
2022-06-16T03:32:20.7790931Z   Downloading Pygments-2.7.4-py3-none-any.whl (950 kB)
2022-06-16T03:32:20.8756182Z Collecting python-barcode[images]==0.13.1
2022-06-16T03:32:20.8881059Z   Downloading python_barcode-0.13.1-py3-none-any.whl (217 kB)
2022-06-16T03:32:20.9636930Z Collecting qrcode[pil]==6.1
2022-06-16T03:32:20.9781045Z   Downloading qrcode-6.1-py2.py3-none-any.whl (31 kB)
2022-06-16T03:32:21.7466287Z Collecting rapidfuzz==0.7.6
2022-06-16T03:32:21.7618789Z   Downloading rapidfuzz-0.7.6-cp38-cp38-manylinux2010_x86_64.whl (689 kB)
2022-06-16T03:32:21.8523622Z Collecting tablib[xls,xlsx,yaml]
2022-06-16T03:32:21.8638797Z   Downloading tablib-3.2.1-py3-none-any.whl (48 kB)
2022-06-16T03:32:21.9592374Z Collecting weasyprint==52.5
2022-06-16T03:32:21.9721147Z   Downloading WeasyPrint-52.5-py3-none-any.whl (365 kB)
2022-06-16T03:32:22.0800915Z Collecting asgiref<4,>=3.3.2
2022-06-16T03:32:22.0906914Z   Downloading asgiref-3.5.2-py3-none-any.whl (22 kB)
2022-06-16T03:32:22.1564677Z Collecting sqlparse>=0.2.2
2022-06-16T03:32:22.1669129Z   Downloading sqlparse-0.4.2-py3-none-any.whl (42 kB)
2022-06-16T03:32:22.3233592Z Collecting pytz
2022-06-16T03:32:22.3491351Z   Downloading pytz-2022.1-py2.py3-none-any.whl (503 kB)
2022-06-16T03:32:22.4423005Z Requirement already satisfied, skipping upgrade: packaging in /usr/local/lib/python3.8/dist-packages (from bleach==4.1.0->-r requirements.txt (line 3)) (21.3)
2022-06-16T03:32:22.4781987Z Collecting webencodings
2022-06-16T03:32:22.4887582Z   Downloading webencodings-0.5.1-py2.py3-none-any.whl (11 kB)
2022-06-16T03:32:22.5101629Z Requirement already satisfied, skipping upgrade: six>=1.9.0 in /usr/lib/python3/dist-packages (from bleach==4.1.0->-r requirements.txt (line 3)) (1.14.0)
2022-06-16T03:32:22.5424793Z Collecting coreschema
2022-06-16T03:32:22.5529464Z   Downloading coreschema-0.0.4.tar.gz (10 kB)
2022-06-16T03:32:22.8110888Z Collecting itypes
2022-06-16T03:32:22.8217551Z   Downloading itypes-1.2.0-py2.py3-none-any.whl (4.8 kB)
2022-06-16T03:32:22.8426242Z Requirement already satisfied, skipping upgrade: requests in /usr/lib/python3/dist-packages (from coreapi==2.3.0->-r requirements.txt (line 5)) (2.22.0)
2022-06-16T03:32:22.8823422Z Collecting uritemplate
2022-06-16T03:32:22.8927502Z   Downloading uritemplate-4.1.1-py2.py3-none-any.whl (10 kB)
2022-06-16T03:32:22.9463629Z Collecting docopt>=0.6.1
2022-06-16T03:32:22.9578265Z   Downloading docopt-0.6.2.tar.gz (25 kB)
2022-06-16T03:32:23.4484994Z Collecting cffi>=1.12
2022-06-16T03:32:23.4592148Z   Downloading cffi-1.15.0-cp38-cp38-manylinux_2_12_x86_64.manylinux2010_x86_64.whl (446 kB)
2022-06-16T03:32:23.4988743Z Requirement already satisfied, skipping upgrade: pyjwt[crypto]>=1.7 in /usr/lib/python3/dist-packages (from django-allauth==0.45.0->-r requirements.txt (line 10)) (1.7.1)
2022-06-16T03:32:23.5377112Z Collecting python3-openid>=3.0.8
2022-06-16T03:32:23.5499899Z   Downloading python3_openid-3.2.0-py3-none-any.whl (133 kB)
2022-06-16T03:32:23.6215975Z Collecting requests-oauthlib>=0.3.0
2022-06-16T03:32:23.6327212Z   Downloading requests_oauthlib-1.3.1-py2.py3-none-any.whl (23 kB)
2022-06-16T03:32:23.7753282Z Collecting django-otp>=0.3.12
2022-06-16T03:32:23.7947146Z   Downloading django_otp-1.1.3-py3-none-any.whl (61 kB)
2022-06-16T03:32:23.8629323Z Collecting diff-match-patch
2022-06-16T03:32:23.9057074Z   Downloading diff_match_patch-20200713-py3-none-any.whl (61 kB)
2022-06-16T03:32:23.9302904Z Requirement already satisfied, skipping upgrade: setuptools in /usr/lib/python3/dist-packages (from django-money==1.1->-r requirements.txt (line 23)) (45.2.0)
2022-06-16T03:32:24.0252054Z Collecting django-js-asset
2022-06-16T03:32:24.0365924Z   Downloading django_js_asset-2.0.0-py3-none-any.whl (4.9 kB)
2022-06-16T03:32:24.1391536Z Collecting redis!=4.0.0,!=4.0.1,>=3
2022-06-16T03:32:24.1532310Z   Downloading redis-4.3.3-py3-none-any.whl (244 kB)
2022-06-16T03:32:24.2581651Z Collecting arrow
2022-06-16T03:32:24.2692466Z   Downloading arrow-1.2.2-py3-none-any.whl (64 kB)
2022-06-16T03:32:24.3964910Z Collecting django-picklefield
2022-06-16T03:32:24.4083942Z   Downloading django_picklefield-3.0.1-py3-none-any.whl (9.4 kB)
2022-06-16T03:32:24.4816250Z Collecting blessed
2022-06-16T03:32:24.4933574Z   Downloading blessed-1.19.1-py2.py3-none-any.whl (58 kB)
2022-06-16T03:32:24.5968884Z Collecting progressbar2>=3.0.0
2022-06-16T03:32:24.6089961Z   Downloading progressbar2-4.0.0-py2.py3-none-any.whl (26 kB)
2022-06-16T03:32:24.6768240Z Collecting typing_extensions<4.0.0,>=3.7.4
2022-06-16T03:32:24.6966686Z   Downloading typing_extensions-3.10.0.2-py3-none-any.whl (26 kB)
2022-06-16T03:32:24.7611810Z Collecting pycodestyle<2.7.0,>=2.6.0a1
2022-06-16T03:32:24.7898271Z   Downloading pycodestyle-2.6.0-py2.py3-none-any.whl (41 kB)
2022-06-16T03:32:24.8625514Z Collecting pyflakes<2.3.0,>=2.2.0
2022-06-16T03:32:24.8733300Z   Downloading pyflakes-2.2.0-py2.py3-none-any.whl (66 kB)
2022-06-16T03:32:24.9355072Z Collecting mccabe<0.7.0,>=0.6.0
2022-06-16T03:32:24.9462590Z   Downloading mccabe-0.6.1-py2.py3-none-any.whl (8.6 kB)
2022-06-16T03:32:25.0090778Z Collecting pydocstyle>=2.1
2022-06-16T03:32:25.0369675Z   Downloading pydocstyle-6.1.1-py3-none-any.whl (37 kB)
2022-06-16T03:32:25.0633518Z Requirement already satisfied, skipping upgrade: zipp>=0.5 in /usr/lib/python3/dist-packages (from importlib_metadata->-r requirements.txt (line 38)) (1.0.0)
2022-06-16T03:32:25.1042096Z Collecting flake8-polyfill<2,>=1.0.2
2022-06-16T03:32:25.1155709Z   Downloading flake8_polyfill-1.0.2-py2.py3-none-any.whl (7.3 kB)
2022-06-16T03:32:25.1811887Z Collecting nodeenv>=0.11.1
2022-06-16T03:32:25.1917634Z   Downloading nodeenv-1.6.0-py2.py3-none-any.whl (21 kB)
2022-06-16T03:32:25.3512404Z Collecting virtualenv>=20.0.8
2022-06-16T03:32:25.3626383Z   Downloading virtualenv-20.14.1-py2.py3-none-any.whl (8.8 MB)
2022-06-16T03:32:25.6069819Z Collecting toml
2022-06-16T03:32:25.6185108Z   Downloading toml-0.10.2-py2.py3-none-any.whl (16 kB)
2022-06-16T03:32:25.7042561Z Collecting cfgv>=2.0.0
2022-06-16T03:32:25.7157546Z   Downloading cfgv-3.3.1-py2.py3-none-any.whl (7.3 kB)
2022-06-16T03:32:25.7371869Z Requirement already satisfied, skipping upgrade: pyyaml>=5.1 in /usr/lib/python3/dist-packages (from pre-commit==2.19.0->-r requirements.txt (line 43)) (5.3.1)
2022-06-16T03:32:25.8691860Z Collecting identify>=1.0.0
2022-06-16T03:32:25.8809099Z   Downloading identify-2.5.1-py2.py3-none-any.whl (98 kB)
2022-06-16T03:32:25.9516885Z Collecting xlrd; extra == "xls"
2022-06-16T03:32:25.9621799Z   Downloading xlrd-2.0.1-py2.py3-none-any.whl (96 kB)
2022-06-16T03:32:26.0354280Z Collecting xlwt; extra == "xls"
2022-06-16T03:32:26.0515968Z   Downloading xlwt-1.3.0-py2.py3-none-any.whl (99 kB)
2022-06-16T03:32:26.1301710Z Collecting openpyxl>=2.6.0; extra == "xlsx"
2022-06-16T03:32:26.1421303Z   Downloading openpyxl-3.0.10-py2.py3-none-any.whl (242 kB)
2022-06-16T03:32:26.2246706Z Collecting tinycss2>=1.0.0
2022-06-16T03:32:26.2364877Z   Downloading tinycss2-1.1.1-py3-none-any.whl (21 kB)
2022-06-16T03:32:26.3073850Z Collecting html5lib>=0.999999999
2022-06-16T03:32:26.3179935Z   Downloading html5lib-1.1-py2.py3-none-any.whl (112 kB)
2022-06-16T03:32:26.3892831Z Collecting cairocffi>=0.9.0
2022-06-16T03:32:26.4008426Z   Downloading cairocffi-1.3.0.tar.gz (88 kB)
2022-06-16T03:32:31.2124091Z Collecting Pyphen>=0.9.1
2022-06-16T03:32:31.2278067Z   Downloading pyphen-0.12.0-py3-none-any.whl (2.0 MB)
2022-06-16T03:32:31.3815573Z Collecting CairoSVG>=2.4.0
2022-06-16T03:32:31.3943096Z   Downloading CairoSVG-2.5.2-py3-none-any.whl (45 kB)
2022-06-16T03:32:31.4613456Z Collecting cssselect2>=0.1
2022-06-16T03:32:31.4748233Z   Downloading cssselect2-0.6.0-py3-none-any.whl (15 kB)
2022-06-16T03:32:31.5022523Z Requirement already satisfied, skipping upgrade: pyparsing!=3.0.5,>=2.0.2 in /usr/local/lib/python3.8/dist-packages (from packaging->bleach==4.1.0->-r requirements.txt (line 3)) (3.0.9)
2022-06-16T03:32:31.5046209Z Requirement already satisfied, skipping upgrade: jinja2 in /usr/lib/python3/dist-packages (from coreschema->coreapi==2.3.0->-r requirements.txt (line 5)) (2.10.1)
2022-06-16T03:32:31.5405851Z Collecting pycparser
2022-06-16T03:32:31.5422031Z   Using cached pycparser-2.21-py2.py3-none-any.whl (118 kB)
2022-06-16T03:32:31.6231708Z Collecting defusedxml
2022-06-16T03:32:31.6352884Z   Downloading defusedxml-0.7.1-py2.py3-none-any.whl (25 kB)
2022-06-16T03:32:31.6595132Z Requirement already satisfied, skipping upgrade: oauthlib>=3.0.0 in /usr/lib/python3/dist-packages (from requests-oauthlib>=0.3.0->django-allauth==0.45.0->-r requirements.txt (line 10)) (3.1.0)
2022-06-16T03:32:31.7021578Z Collecting async-timeout>=4.0.2
2022-06-16T03:32:31.7130553Z   Downloading async_timeout-4.0.2-py3-none-any.whl (5.8 kB)
2022-06-16T03:32:31.7803773Z Collecting deprecated>=1.2.3
2022-06-16T03:32:31.7909135Z   Downloading Deprecated-1.2.13-py2.py3-none-any.whl (9.6 kB)
2022-06-16T03:32:31.8688779Z Collecting python-dateutil>=2.7.0
2022-06-16T03:32:31.9057688Z   Downloading python_dateutil-2.8.2-py2.py3-none-any.whl (247 kB)
2022-06-16T03:32:31.9756301Z Collecting wcwidth>=0.1.4
2022-06-16T03:32:31.9862187Z   Downloading wcwidth-0.2.5-py2.py3-none-any.whl (30 kB)
2022-06-16T03:32:32.0569569Z Collecting python-utils>=3.0.0
2022-06-16T03:32:32.0683931Z   Downloading python_utils-3.3.3-py2.py3-none-any.whl (23 kB)
2022-06-16T03:32:32.1333653Z Collecting snowballstemmer
2022-06-16T03:32:32.1442024Z   Downloading snowballstemmer-2.2.0-py2.py3-none-any.whl (93 kB)
2022-06-16T03:32:32.2091323Z Collecting distlib<1,>=0.3.1
2022-06-16T03:32:32.2198022Z   Downloading distlib-0.3.4-py2.py3-none-any.whl (461 kB)
2022-06-16T03:32:32.3020530Z Collecting filelock<4,>=3.2
2022-06-16T03:32:32.3127208Z   Downloading filelock-3.7.1-py3-none-any.whl (10 kB)
2022-06-16T03:32:32.4012189Z Collecting platformdirs<3,>=2
2022-06-16T03:32:32.4119210Z   Downloading platformdirs-2.5.2-py3-none-any.whl (14 kB)
2022-06-16T03:32:32.4738790Z Collecting et-xmlfile
2022-06-16T03:32:32.4845254Z   Downloading et_xmlfile-1.1.0-py3-none-any.whl (4.7 kB)
2022-06-16T03:32:32.6723337Z Collecting wrapt<2,>=1.10
2022-06-16T03:32:32.6846989Z   Downloading wrapt-1.14.1-cp38-cp38-manylinux_2_5_x86_64.manylinux1_x86_64.manylinux_2_17_x86_64.manylinux2014_x86_64.whl (81 kB)
2022-06-16T03:32:32.7155164Z Building wheels for collected packages: coreapi, django-allauth, django-error-report, django-markdownify, django-xforwardedfor-middleware, coreschema, docopt, cairocffi
2022-06-16T03:32:32.7159030Z   Building wheel for coreapi (setup.py): started
2022-06-16T03:32:32.9668744Z   Building wheel for coreapi (setup.py): finished with status 'done'
2022-06-16T03:32:32.9677569Z   Created wheel for coreapi: filename=coreapi-2.3.0-py2.py3-none-any.whl size=24514 sha256=951ed0251d10dabd07f8fbe136636b8515be8ed3a3ef329eca5472228b548bee
2022-06-16T03:32:32.9678462Z   Stored in directory: /home/runner/.cache/pip/wheels/21/39/e8/b270365b82517f8811377771a885c555d1a3667dddf1533115
2022-06-16T03:32:32.9689904Z   Building wheel for django-allauth (setup.py): started
2022-06-16T03:32:33.7143028Z   Building wheel for django-allauth (setup.py): finished with status 'done'
2022-06-16T03:32:33.7182465Z   Created wheel for django-allauth: filename=django_allauth-0.45.0-py3-none-any.whl size=914488 sha256=a8bdaff621827fe619beaeb65c16e446af4bf47d2d69c3475af076b788ec3c17
2022-06-16T03:32:33.7183300Z   Stored in directory: /home/runner/.cache/pip/wheels/94/2d/f8/c63cadecc18b2ab065df9861876bab1a955f4f59ff1c79682e
2022-06-16T03:32:33.7195503Z   Building wheel for django-error-report (setup.py): started
2022-06-16T03:32:33.9566241Z   Building wheel for django-error-report (setup.py): finished with status 'done'
2022-06-16T03:32:33.9570029Z   Created wheel for django-error-report: filename=django_error_report-0.2.0-py3-none-any.whl size=7162 sha256=592946b77497750fb6dbae8933f64cf793c36be1d1bfa544cb2dfedff69865a5
2022-06-16T03:32:33.9570856Z   Stored in directory: /home/runner/.cache/pip/wheels/23/c7/94/2b3e80cdfc94d62431751f1dd747eda318b5c8ee25490b3992
2022-06-16T03:32:33.9582453Z   Building wheel for django-markdownify (setup.py): started
2022-06-16T03:32:34.1945934Z   Building wheel for django-markdownify (setup.py): finished with status 'done'
2022-06-16T03:32:34.1949341Z   Created wheel for django-markdownify: filename=django_markdownify-0.8.0-py3-none-any.whl size=5956 sha256=2085d1dc4fe2f2d3f30c51a503b5171a39e276154f7b4507ea0a80f1fe4b4c3f
2022-06-16T03:32:34.1952203Z   Stored in directory: /home/runner/.cache/pip/wheels/18/2d/48/85672379ffd8f395a4a48031b076e21a6d811f86c577706f90
2022-06-16T03:32:34.1960554Z   Building wheel for django-xforwardedfor-middleware (setup.py): started
2022-06-16T03:32:34.4513891Z   Building wheel for django-xforwardedfor-middleware (setup.py): finished with status 'done'
2022-06-16T03:32:34.4548001Z   Created wheel for django-xforwardedfor-middleware: filename=django_xforwardedfor_middleware-2.0-py3-none-any.whl size=1950 sha256=94884214f336d6300f9d32184463fe72fa3353fe51522f8ee651fdc8573f64af
2022-06-16T03:32:34.4548611Z   Stored in directory: /home/runner/.cache/pip/wheels/c9/ee/de/3d16f4e68d31ffca913bd69621b9b7a7d4c0ee18c4cf02ccc3
2022-06-16T03:32:34.4549000Z   Building wheel for coreschema (setup.py): started
2022-06-16T03:32:34.6928893Z   Building wheel for coreschema (setup.py): finished with status 'done'
2022-06-16T03:32:34.6953779Z   Created wheel for coreschema: filename=coreschema-0.0.4-py3-none-any.whl size=15031 sha256=5833fc38c5e70ca560b9e180fafbf97d7840d0e46a7e3b441f824adaeac660f2
2022-06-16T03:32:34.6954604Z   Stored in directory: /home/runner/.cache/pip/wheels/37/21/45/2ce3dd0189e3d2fb7a325b9d3e6491acb7882c8275466d5401
2022-06-16T03:32:34.6955287Z   Building wheel for docopt (setup.py): started
2022-06-16T03:32:34.9290539Z   Building wheel for docopt (setup.py): finished with status 'done'
2022-06-16T03:32:34.9294288Z   Created wheel for docopt: filename=docopt-0.6.2-py2.py3-none-any.whl size=13704 sha256=184eafa12db97f3f4396d70aa517a5428aeeaaac57f26c4cc7a15b4678ff4357
2022-06-16T03:32:34.9295265Z   Stored in directory: /home/runner/.cache/pip/wheels/56/ea/58/ead137b087d9e326852a851351d1debf4ada529b6ac0ec4e8c
2022-06-16T03:32:34.9308100Z   Building wheel for cairocffi (setup.py): started
2022-06-16T03:32:35.5872214Z   Building wheel for cairocffi (setup.py): finished with status 'done'
2022-06-16T03:32:35.5881852Z   Created wheel for cairocffi: filename=cairocffi-1.3.0-py3-none-any.whl size=89650 sha256=38ce8b90d5043e9f4ee01429170eb6c2ca5ca8d3c5687c3dfa14ac65850245fc
2022-06-16T03:32:35.5882764Z   Stored in directory: /home/runner/.cache/pip/wheels/f3/97/83/8022b9237866102e18d1b7ac0a269769e6fccba0f63dceb9b7
2022-06-16T03:32:35.5887100Z Successfully built coreapi django-allauth django-error-report django-markdownify django-xforwardedfor-middleware coreschema docopt cairocffi
2022-06-16T03:32:36.0408947Z Installing collected packages: asgiref, sqlparse, pytz, Django, webencodings, bleach, certifi, coreschema, itypes, uritemplate, coreapi, coverage, docopt, coveralls, pycparser, cffi, cryptography, django-admin-shell, defusedxml, python3-openid, requests-oauthlib, django-allauth, pillow, qrcode, django-otp, django-allauth-2fa, django-cleanup, django-cors-headers, django-crispy-forms, django-debug-toolbar, django-error-report, django-filter, django-formtools, diff-match-patch, xlrd, xlwt, et-xmlfile, openpyxl, tablib, django-import-export, django-maintenance-mode, markdown, django-markdownify, django-markdownx, py-moneyed, django-money, django-js-asset, django-mptt, async-timeout, wrapt, deprecated, redis, django-redis, python-dateutil, arrow, django-picklefield, wcwidth, blessed, django-q, django-sql-utils, django-sslserver, python-utils, progressbar2, django-stdimage, typing-extensions, django-test-migrations, django-user-sessions, tinycss2, html5lib, cairocffi, Pyphen, cssselect2, CairoSVG, weasyprint, django-weasyprint, djangorestframework, django-xforwardedfor-middleware, pycodestyle, pyflakes, mccabe, flake8, snowballstemmer, pydocstyle, flake8-docstrings, gunicorn, importlib-metadata, inventree, isort, flake8-polyfill, pep8-naming, nodeenv, distlib, filelock, platformdirs, virtualenv, toml, cfgv, identify, pre-commit, pygments, python-barcode, rapidfuzz
2022-06-16T03:32:43.5771035Z Successfully installed CairoSVG-2.5.2 Django-3.2.13 Pyphen-0.12.0 arrow-1.2.2 asgiref-3.5.2 async-timeout-4.0.2 bleach-4.1.0 blessed-1.19.1 cairocffi-1.3.0 certifi-2022.6.15 cffi-1.15.0 cfgv-3.3.1 coreapi-2.3.0 coreschema-0.0.4 coverage-5.3 coveralls-2.1.2 cryptography-3.4.8 cssselect2-0.6.0 defusedxml-0.7.1 deprecated-1.2.13 diff-match-patch-20200713 distlib-0.3.4 django-admin-shell-0.1.2 django-allauth-0.45.0 django-allauth-2fa-0.8 django-cleanup-5.1.0 django-cors-headers-3.2.0 django-crispy-forms-1.11.2 django-debug-toolbar-3.2.4 django-error-report-0.2.0 django-filter-2.4.0 django-formtools-2.3 django-import-export-2.5.0 django-js-asset-2.0.0 django-maintenance-mode-0.16.1 django-markdownify-0.8.0 django-markdownx-3.0.1 django-money-1.1 django-mptt-0.11.0 django-otp-1.1.3 django-picklefield-3.0.1 django-q-1.3.4 django-redis-5.2.0 django-sql-utils-0.5.0 django-sslserver-0.22 django-stdimage-5.1.1 django-test-migrations-1.1.0 django-user-sessions-1.7.1 django-weasyprint-1.0.1 django-xforwardedfor-middleware-2.0 djangorestframework-3.12.4 docopt-0.6.2 et-xmlfile-1.1.0 filelock-3.7.1 flake8-3.8.3 flake8-docstrings-1.6.0 flake8-polyfill-1.0.2 gunicorn-20.1.0 html5lib-1.1 identify-2.5.1 importlib-metadata-4.11.4 inventree-0.7.1 isort-5.10.1 itypes-1.2.0 markdown-3.3.4 mccabe-0.6.1 nodeenv-1.6.0 openpyxl-3.0.10 pep8-naming-0.11.1 pillow-9.1.0 platformdirs-2.5.2 pre-commit-2.19.0 progressbar2-4.0.0 py-moneyed-0.8.0 pycodestyle-2.6.0 pycparser-2.21 pydocstyle-6.1.1 pyflakes-2.2.0 pygments-2.7.4 python-barcode-0.13.1 python-dateutil-2.8.2 python-utils-3.3.3 python3-openid-3.2.0 pytz-2022.1 qrcode-6.1 rapidfuzz-0.7.6 redis-4.3.3 requests-oauthlib-1.3.1 snowballstemmer-2.2.0 sqlparse-0.4.2 tablib-3.2.1 tinycss2-1.1.1 toml-0.10.2 typing-extensions-3.10.0.2 uritemplate-4.1.1 virtualenv-20.14.1 wcwidth-0.2.5 weasyprint-52.5 webencodings-0.5.1 wrapt-1.14.1 xlrd-2.0.1 xlwt-1.3.0
2022-06-16T03:32:43.9274943Z Plugin configuration file does not exist
2022-06-16T03:32:44.8729105Z /usr/lib/python3/dist-packages/secretstorage/dhcrypto.py:15: CryptographyDeprecationWarning: int_from_bytes is deprecated, use int.from_bytes instead
2022-06-16T03:32:44.8729952Z   from cryptography.utils import int_from_bytes
2022-06-16T03:32:44.8731905Z /usr/lib/python3/dist-packages/secretstorage/util.py:19: CryptographyDeprecationWarning: int_from_bytes is deprecated, use int.from_bytes instead
2022-06-16T03:32:44.8732581Z   from cryptography.utils import int_from_bytes
2022-06-16T03:32:45.3507255Z InvenTree configuration file 'config.yaml' not found - creating default file
2022-06-16T03:32:45.3508152Z Created config file /home/runner/work/InvenTree/InvenTree/InvenTree/config.yaml
2022-06-16T03:32:45.3550813Z Installing plugin packages from '/home/runner/work/InvenTree/InvenTree/InvenTree/plugins.txt'
2022-06-16T03:32:47.8793522Z Running InvenTree database migrations...
2022-06-16T03:32:47.8793797Z ========================================
2022-06-16T03:32:47.8794004Z No changes detected
2022-06-16T03:32:49.7108643Z Operations to perform:
2022-06-16T03:32:49.7109192Z   Apply all migrations: account, admin, auth, authtoken, build, common, company, contenttypes, django_q, error_report, exchange, label, order, otp_static, otp_totp, part, plugin, report, sites, socialaccount, stock, user_sessions, users
2022-06-16T03:32:49.7144517Z Running migrations:
2022-06-16T03:32:49.7416722Z   Applying contenttypes.0001_initial... OK
2022-06-16T03:32:49.7569759Z   Applying auth.0001_initial... OK
2022-06-16T03:32:49.7723855Z   Applying account.0001_initial... OK
2022-06-16T03:32:49.7821142Z   Applying account.0002_email_max_length... OK
2022-06-16T03:32:49.7914956Z   Applying admin.0001_initial... OK
2022-06-16T03:32:49.8018969Z   Applying admin.0002_logentry_remove_auto_add... OK
2022-06-16T03:32:49.8118705Z   Applying admin.0003_logentry_add_action_flag_choices... OK
2022-06-16T03:32:49.8792018Z   Applying contenttypes.0002_remove_content_type_name... OK
2022-06-16T03:32:49.8891304Z   Applying auth.0002_alter_permission_name_max_length... OK
2022-06-16T03:32:49.8987246Z   Applying auth.0003_alter_user_email_max_length... OK
2022-06-16T03:32:49.9057156Z   Applying auth.0004_alter_user_username_opts... OK
2022-06-16T03:32:49.9153584Z   Applying auth.0005_alter_user_last_login_null... OK
2022-06-16T03:32:49.9168589Z   Applying auth.0006_require_contenttypes_0002... OK
2022-06-16T03:32:49.9250145Z   Applying auth.0007_alter_validators_add_error_messages... OK
2022-06-16T03:32:49.9350035Z   Applying auth.0008_alter_user_username_max_length... OK
2022-06-16T03:32:49.9442369Z   Applying auth.0009_alter_user_last_name_max_length... OK
2022-06-16T03:32:49.9538875Z   Applying auth.0010_alter_group_name_max_length... OK
2022-06-16T03:32:49.9619069Z   Applying auth.0011_update_proxy_permissions... OK
2022-06-16T03:32:49.9713000Z   Applying auth.0012_alter_user_first_name_max_length... OK
2022-06-16T03:32:49.9814960Z   Applying authtoken.0001_initial... OK
2022-06-16T03:32:50.0064752Z   Applying authtoken.0002_auto_20160226_1747... OK
2022-06-16T03:32:50.0094683Z   Applying authtoken.0003_tokenproxy... OK
2022-06-16T03:32:50.0207158Z   Applying users.0001_initial... OK
2022-06-16T03:32:50.0311698Z   Applying users.0002_auto_20201004_0158... OK
2022-06-16T03:32:50.0426106Z   Applying users.0003_auto_20201005_2227... OK
2022-06-16T03:32:50.0511976Z   Applying users.0004_auto_20210113_1909... OK
2022-06-16T03:32:50.0674306Z   Applying users.0005_owner_model... OK
2022-06-16T03:32:50.0878003Z   Applying part.0001_initial... OK
2022-06-16T03:32:50.0983945Z   Applying company.0001_initial... OK
2022-06-16T03:32:50.1973333Z   Applying stock.0001_initial... OK
2022-06-16T03:32:50.2125743Z   Applying stock.0002_auto_20190525_2226... OK
2022-06-16T03:32:50.2292394Z   Applying stock.0003_auto_20190525_2303... OK
2022-06-16T03:32:50.2458416Z   Applying stock.0004_auto_20190525_2356... OK
2022-06-16T03:32:50.2648387Z   Applying stock.0005_auto_20190602_1944... OK
2022-06-16T03:32:50.3287837Z   Applying company.0002_auto_20190520_2204... OK
2022-06-16T03:32:50.3403686Z   Applying company.0003_remove_supplierpart_minimum... OK
2022-06-16T03:32:50.3566560Z   Applying company.0004_auto_20190525_2354... OK
2022-06-16T03:32:50.3720561Z   Applying company.0005_auto_20190525_2356... OK
2022-06-16T03:32:50.4725551Z   Applying order.0001_initial... OK
2022-06-16T03:32:50.5148833Z   Applying order.0002_auto_20190604_2224... OK
2022-06-16T03:32:50.5310098Z   Applying order.0003_auto_20190604_2226... OK
2022-06-16T03:32:50.5474569Z   Applying order.0004_purchaseorder_status... OK
2022-06-16T03:32:50.5678608Z   Applying order.0005_purchaseorderlineitem_part... OK
2022-06-16T03:32:50.5773263Z   Applying order.0006_auto_20190605_2056... OK
2022-06-16T03:32:50.5945356Z   Applying order.0007_auto_20190605_2138... OK
2022-06-16T03:32:50.6107589Z   Applying order.0008_auto_20190605_2140... OK
2022-06-16T03:32:50.6231525Z   Applying order.0009_auto_20190606_2133... OK
2022-06-16T03:32:50.6387499Z   Applying order.0010_purchaseorderlineitem_notes... OK
2022-06-16T03:32:50.6614610Z   Applying stock.0006_stockitem_purchase_order... OK
2022-06-16T03:32:50.6660360Z   Applying stock.0007_auto_20190618_0042... OK
2022-06-16T03:32:50.6835041Z   Applying stock.0008_stockitemtracking_url... OK
2022-06-16T03:32:50.7116200Z   Applying stock.0009_auto_20190715_2351... OK
2022-06-16T03:32:50.7190314Z   Applying build.0001_initial... OK
2022-06-16T03:32:50.8105930Z   Applying build.0002_auto_20190520_2204... OK
2022-06-16T03:32:50.8286309Z   Applying build.0003_auto_20190525_2355... OK
2022-06-16T03:32:50.8516996Z   Applying build.0004_auto_20190525_2356... OK
2022-06-16T03:32:50.8699270Z   Applying build.0005_auto_20190604_2217... OK
2022-06-16T03:32:50.8954432Z   Applying stock.0010_stockitem_build... OK
2022-06-16T03:32:50.9276665Z   Applying stock.0011_auto_20190908_0404... OK
2022-06-16T03:32:50.9479109Z   Applying stock.0012_auto_20190908_0405... OK
2022-06-16T03:32:51.0452734Z   Applying stock.0013_auto_20190908_0916... OK
2022-06-16T03:32:51.0679115Z   Applying stock.0014_auto_20190908_0918... OK
2022-06-16T03:32:51.1062313Z   Applying stock.0015_auto_20190913_1407... OK
2022-06-16T03:32:51.1295458Z   Applying stock.0016_auto_20191118_2146... OK
2022-06-16T03:32:51.1500047Z   Applying stock.0017_auto_20191118_2311... OK
2022-06-16T03:32:51.1750008Z   Applying stock.0018_auto_20200202_0103... OK
2022-06-16T03:32:51.1850350Z   Applying stock.0019_auto_20200202_1024... OK
2022-06-16T03:32:51.2076629Z   Applying stock.0020_auto_20200206_1213... OK
2022-06-16T03:32:51.3161562Z   Applying stock.0021_auto_20200215_2232... OK
2022-06-16T03:32:51.3360454Z   Applying stock.0022_auto_20200217_1109... OK
2022-06-16T03:32:51.3543432Z   Applying stock.0023_auto_20200318_1027... OK
2022-06-16T03:32:51.3714726Z   Applying stock.0024_auto_20200405_2239... OK
2022-06-16T03:32:51.4052222Z   Applying stock.0025_auto_20200405_2243... OK
2022-06-16T03:32:51.4291858Z   Applying stock.0026_stockitem_uid... OK
2022-06-16T03:32:51.7334682Z   Applying part.0002_auto_20190520_2204... OK
2022-06-16T03:32:51.7804921Z   Applying part.0003_auto_20190525_2226... OK
2022-06-16T03:32:51.8189672Z   Applying part.0004_auto_20190525_2356... OK
2022-06-16T03:32:51.9089647Z   Applying part.0005_auto_20190526_1119... OK
2022-06-16T03:32:51.9939735Z   Applying part.0006_auto_20190526_1215... OK
2022-06-16T03:32:52.1915069Z   Applying part.0007_auto_20190602_1944... OK
2022-06-16T03:32:52.1991811Z   Applying part.0008_auto_20190618_0042... OK
2022-06-16T03:32:52.2219760Z   Applying part.0009_part_virtual... OK
2022-06-16T03:32:52.2458380Z   Applying part.0010_auto_20190620_2135... OK
2022-06-16T03:32:52.2728122Z   Applying part.0011_part_revision... OK
2022-06-16T03:32:52.3030529Z   Applying part.0012_auto_20190627_2144... OK
2022-06-16T03:32:52.3416355Z   Applying part.0013_auto_20190628_0951... OK
2022-06-16T03:32:52.3641131Z   Applying part.0014_partparameter... OK
2022-06-16T03:32:52.4196446Z   Applying part.0015_auto_20190820_0251... OK
2022-06-16T03:32:52.4336582Z   Applying part.0016_auto_20190820_0257... OK
2022-06-16T03:32:52.4515173Z   Applying part.0017_bomitem_checksum... OK
2022-06-16T03:32:52.4593291Z   Applying part.0018_auto_20190907_0941... OK
2022-06-16T03:32:52.5027730Z   Applying part.0019_auto_20190908_0404... OK
2022-06-16T03:32:52.5239266Z   Applying part.0020_auto_20190908_0404... OK
2022-06-16T03:32:52.6742789Z   Applying part.0021_auto_20190908_0916... OK
2022-06-16T03:32:52.7012841Z   Applying part.0022_auto_20190908_0918... OK
2022-06-16T03:32:52.7256470Z   Applying part.0023_auto_20190913_1401... OK
2022-06-16T03:32:52.7425487Z   Applying part.0024_auto_20191118_2139... OK
2022-06-16T03:32:52.7679309Z   Applying part.0025_auto_20191118_2316... OK
2022-06-16T03:32:52.7929507Z   Applying part.0026_auto_20200131_1022... OK
2022-06-16T03:32:52.8056630Z   Applying part.0027_auto_20200202_1024... OK
2022-06-16T03:32:52.8235571Z   Applying part.0028_auto_20200203_1007... OK
2022-06-16T03:32:52.8426105Z   Applying part.0029_auto_20200223_0901... OK
2022-06-16T03:32:52.8830135Z   Applying part.0030_auto_20200318_1027... OK
2022-06-16T03:32:52.9589034Z   Applying part.0031_auto_20200318_1044... OK
2022-06-16T03:32:52.9745430Z   Applying part.0032_auto_20200322_0453... OK
2022-06-16T03:32:53.0000642Z   Applying part.0033_auto_20200404_0445... OK
2022-06-16T03:32:53.0203034Z   Applying part.0034_auto_20200404_1238... OK
2022-06-16T03:32:53.0418438Z   Applying part.0035_auto_20200406_0045... OK
2022-06-16T03:32:53.0867594Z   Applying order.0011_auto_20190615_1928... OK
2022-06-16T03:32:53.1070329Z   Applying order.0012_auto_20190617_1943... OK
2022-06-16T03:32:53.1959821Z   Applying order.0013_auto_20191118_2323... OK
2022-06-16T03:32:53.2111750Z   Applying order.0014_auto_20191118_2328... OK
2022-06-16T03:32:53.2313225Z   Applying order.0015_auto_20200201_2346... OK
2022-06-16T03:32:53.2545423Z   Applying order.0016_purchaseorderattachment... OK
2022-06-16T03:32:53.2704205Z   Applying order.0017_auto_20200331_1000... OK
2022-06-16T03:32:53.2895484Z   Applying order.0018_auto_20200406_0151... OK
2022-06-16T03:32:53.3102481Z   Applying order.0019_purchaseorder_supplier_reference... OK
2022-06-16T03:32:53.3135360Z   Applying common.0001_initial... OK
2022-06-16T03:32:53.3169367Z   Applying common.0002_auto_20190902_2304... OK
2022-06-16T03:32:53.3240770Z   Applying common.0003_auto_20190902_2310... OK
2022-06-16T03:32:53.3518683Z   Applying company.0006_supplierpricebreak_currency... OK
2022-06-16T03:32:53.3715588Z   Applying company.0007_remove_supplierpart_lead_time... OK
2022-06-16T03:32:53.4018099Z   Applying company.0008_auto_20190913_1407... OK
2022-06-16T03:32:53.4150557Z   Applying company.0009_auto_20191118_2323... OK
2022-06-16T03:32:53.4260965Z   Applying company.0010_auto_20200201_1231... OK
2022-06-16T03:32:53.4406344Z   Applying company.0011_auto_20200318_1114... OK
2022-06-16T03:32:53.4536918Z   Applying company.0012_auto_20200318_1114... OK
2022-06-16T03:32:53.4788273Z   Applying company.0013_auto_20200406_0131... OK
2022-06-16T03:32:53.4910068Z   Applying company.0014_auto_20200407_0116... OK
2022-06-16T03:32:53.5023474Z   Applying company.0015_company_is_manufacturer... OK
2022-06-16T03:32:53.5097447Z   Applying company.0016_auto_20200412_2330... OK
2022-06-16T03:32:53.5279058Z   Applying company.0017_auto_20200413_0320... OK
2022-06-16T03:32:53.5563084Z   Applying company.0018_supplierpart_manufacturer... OK
2022-06-16T03:32:53.5802681Z   Applying company.0019_auto_20200413_0642... OK
2022-06-16T03:32:53.6024316Z   Applying company.0020_auto_20200413_0839... OK
2022-06-16T03:32:53.6236800Z   Applying company.0021_remove_supplierpart_manufacturer_name... OK
2022-06-16T03:32:53.8050288Z   Applying order.0020_auto_20200420_0940... OK
2022-06-16T03:32:53.8290964Z   Applying order.0021_auto_20200420_1010... OK
2022-06-16T03:32:53.8585562Z   Applying order.0022_salesorderlineitem_part... OK
2022-06-16T03:32:53.8834048Z   Applying order.0023_auto_20200420_2309... OK
2022-06-16T03:32:53.9182796Z   Applying stock.0027_stockitem_sales_order... OK
2022-06-16T03:32:53.9469318Z   Applying stock.0028_auto_20200421_0724... OK
2022-06-16T03:32:53.9767707Z   Applying stock.0029_auto_20200421_2359... OK
2022-06-16T03:32:54.0033712Z   Applying stock.0030_auto_20200422_0015... OK
2022-06-16T03:32:54.0314237Z   Applying order.0024_salesorderallocation... OK
2022-06-16T03:32:54.0980636Z   Applying stock.0031_auto_20200422_0209... OK
2022-06-16T03:32:54.1127270Z   Applying order.0025_auto_20200422_0222... OK
2022-06-16T03:32:54.1383985Z   Applying order.0026_auto_20200422_0224... OK
2022-06-16T03:32:54.1693217Z   Applying order.0027_auto_20200422_0236... OK
2022-06-16T03:32:54.3208710Z   Applying order.0028_auto_20200423_0956... OK
2022-06-16T03:32:54.3887995Z   Applying order.0029_auto_20200423_1042... OK
2022-06-16T03:32:54.4135039Z   Applying build.0006_auto_20190913_1407... OK
2022-06-16T03:32:54.4323813Z   Applying build.0007_auto_20191118_2321... OK
2022-06-16T03:32:54.4571962Z   Applying build.0008_auto_20200201_1247... OK
2022-06-16T03:32:54.4873341Z   Applying build.0009_auto_20200210_1032... OK
2022-06-16T03:32:54.5114328Z   Applying build.0010_auto_20200318_1027... OK
2022-06-16T03:32:54.5303463Z   Applying build.0011_auto_20200406_0123... OK
2022-06-16T03:32:54.5613870Z   Applying build.0012_build_sales_order... OK
2022-06-16T03:32:54.7514414Z   Applying build.0013_auto_20200425_0507... OK
2022-06-16T03:32:55.0375445Z   Applying build.0014_auto_20200425_1243... OK
2022-06-16T03:32:55.0763887Z   Applying build.0015_auto_20200425_1350... OK
2022-06-16T03:32:55.1131898Z   Applying stock.0032_stockitem_build_order... OK
2022-06-16T03:32:55.1436643Z   Applying stock.0033_auto_20200426_0539... OK
2022-06-16T03:32:55.1704866Z   Applying order.0030_auto_20200426_0551... OK
2022-06-16T03:32:55.1964573Z   Applying build.0016_auto_20200426_0551... OK
2022-06-16T03:32:55.6264587Z   Applying stock.0034_auto_20200426_0602... OK
2022-06-16T03:32:55.6573526Z   Applying stock.0035_auto_20200502_2308... OK
2022-06-16T03:32:55.6859707Z   Applying stock.0036_stockitemattachment... OK
2022-06-16T03:32:55.7947526Z   Applying stock.0037_stockitemattachment_user... OK
2022-06-16T03:32:55.8174943Z   Applying stock.0038_stockitemattachment_upload_date... OK
2022-06-16T03:32:55.8350727Z   Applying stock.0039_auto_20200513_0016... OK
2022-06-16T03:32:55.8639081Z   Applying stock.0040_stockitemtestresult... OK
2022-06-16T03:32:55.8877740Z   Applying stock.0041_stockitemtestresult_notes... OK
2022-06-16T03:32:55.9112645Z   Applying stock.0042_auto_20200523_0121... OK
2022-06-16T03:32:55.9433099Z   Applying part.0036_partattachment_user... OK
2022-06-16T03:32:55.9671126Z   Applying part.0037_partattachment_upload_date... OK
2022-06-16T03:32:55.9875399Z   Applying part.0038_auto_20200513_0016... OK
2022-06-16T03:32:56.1583941Z   Applying part.0039_auto_20200515_1127... OK
2022-06-16T03:32:56.1876928Z   Applying part.0040_parttesttemplate... OK
2022-06-16T03:32:56.2153702Z   Applying part.0041_auto_20200517_0348... OK
2022-06-16T03:32:56.3492555Z   Applying part.0042_auto_20200518_0900... OK
2022-06-16T03:32:56.3782242Z   Applying stock.0043_auto_20200525_0420... OK
2022-06-16T03:32:56.4383048Z   Applying stock.0044_auto_20200528_1036... OK
2022-06-16T03:32:56.4751026Z   Applying stock.0045_stockitem_customer... OK
2022-06-16T03:32:56.4909035Z   Applying stock.0046_auto_20200605_0931... OK
2022-06-16T03:32:56.5000975Z   Applying stock.0047_auto_20200605_0932... OK
2022-06-16T03:32:56.5354767Z   Applying stock.0048_auto_20200807_2344... OK
2022-06-16T03:32:56.5888361Z   Applying part.0043_auto_20200527_0005... OK
2022-06-16T03:32:56.6043012Z   Applying part.0044_auto_20200605_0931... OK
2022-06-16T03:32:56.6127583Z   Applying part.0045_auto_20200605_0932... OK
2022-06-16T03:32:56.6883610Z   Applying company.0022_auto_20200613_1045... OK
2022-06-16T03:32:56.6964428Z   Applying company.0023_auto_20200808_0715... OK
2022-06-16T03:32:56.7250045Z   Applying stock.0049_auto_20200820_0454... OK
2022-06-16T03:32:56.7583831Z   Applying stock.0050_auto_20200821_1403... OK
2022-06-16T03:32:56.8573880Z   Applying stock.0051_auto_20200928_0928... OK
2022-06-16T03:32:56.8903980Z   Applying stock.0052_stockitem_is_building... OK
2022-06-16T03:32:56.9535992Z   Applying stock.0053_auto_20201110_0513... OK
2022-06-16T03:32:56.9903444Z   Applying stock.0054_remove_stockitem_build_order... OK
2022-06-16T03:32:57.0158193Z   Applying stock.0055_auto_20201117_1453... OK
2022-06-16T03:32:57.0486813Z   Applying stock.0056_stockitem_expiry_date... OK
2022-06-16T03:32:57.1164032Z   Applying stock.0057_stock_location_item_owner... OK
2022-06-16T03:32:57.1506546Z   Applying stock.0058_stockitem_packaging... OK
2022-06-16T03:32:57.1651625Z   Applying part.0046_auto_20200804_0107... OK
2022-06-16T03:32:57.1890103Z   Applying part.0047_auto_20200808_0715... OK
2022-06-16T03:32:57.4364774Z   Applying part.0048_auto_20200902_1404... OK
2022-06-16T03:32:57.4400808Z   Applying common.0004_inventreesetting... OK
2022-06-16T03:32:57.4498837Z   Applying common.0005_auto_20190915_1256... OK
2022-06-16T03:32:57.4535463Z   Applying common.0006_auto_20200203_0951... OK
2022-06-16T03:32:57.4568158Z   Applying common.0007_colortheme... OK
2022-06-16T03:32:57.4876047Z   Applying part.0049_partsellpricebreak... OK
2022-06-16T03:32:57.5165054Z   Applying part.0050_auto_20200917_2315... OK
2022-06-16T03:32:57.5369189Z   Applying part.0051_bomitem_optional... OK
2022-06-16T03:32:57.5909469Z   Applying part.0052_partrelated... OK
2022-06-16T03:32:57.7582238Z   Applying part.0054_auto_20201109_1246... OK
2022-06-16T03:32:57.8007855Z   Applying part.0055_auto_20201110_1001... OK
2022-06-16T03:32:57.9098951Z   Applying part.0056_auto_20201110_1125... OK
2022-06-16T03:32:57.9441633Z   Applying part.0057_remove_partsellpricebreak_currency... OK
2022-06-16T03:32:57.9644628Z   Applying part.0058_remove_partsellpricebreak_cost... OK
2022-06-16T03:32:57.9811320Z   Applying part.0059_auto_20201112_1112... OK
2022-06-16T03:32:58.0220323Z   Applying part.0053_partcategoryparametertemplate... OK
2022-06-16T03:32:58.0233546Z   Applying part.0060_merge_20201112_1722... OK
2022-06-16T03:32:58.0989196Z   Applying company.0024_unique_name_email_constraint... OK
2022-06-16T03:32:58.1285719Z   Applying company.0025_auto_20201110_1001... OK
2022-06-16T03:32:58.1572973Z   Applying company.0026_auto_20201110_1011... OK
2022-06-16T03:32:58.1925685Z   Applying company.0027_remove_supplierpricebreak_currency... OK
2022-06-16T03:32:58.2070211Z   Applying company.0028_remove_supplierpricebreak_cost... OK
2022-06-16T03:32:58.2231501Z   Applying company.0029_company_currency... OK
2022-06-16T03:32:58.2325766Z   Applying company.0030_auto_20201112_1112... OK
2022-06-16T03:32:58.5359181Z   Applying company.0031_auto_20210103_2215... OK
2022-06-16T03:32:58.6433790Z   Applying part.0061_auto_20210104_2331... OK
2022-06-16T03:32:59.0573886Z   Applying part.0061_auto_20210103_2313... OK
2022-06-16T03:32:59.0588878Z   Applying part.0062_merge_20210105_0056... OK
2022-06-16T03:32:59.0808596Z   Applying part.0063_bomitem_inherited... OK
2022-06-16T03:33:00.0521077Z   Applying part.0064_auto_20210404_2016... OK
2022-06-16T03:33:00.1155310Z   Applying part.0065_auto_20210505_2144... OK
2022-06-16T03:33:00.1373385Z   Applying part.0066_bomitem_allow_variants... OK
2022-06-16T03:33:00.1668603Z   Applying build.0017_auto_20200426_0612... OK
2022-06-16T03:33:00.3485532Z   Applying build.0018_build_reference... OK
2022-06-16T03:33:00.3959928Z   Applying build.0019_auto_20201019_1302... OK
2022-06-16T03:33:00.4211095Z   Applying build.0020_auto_20201019_1325... OK
2022-06-16T03:33:00.6822471Z   Applying build.0021_auto_20201020_0908_squashed_0026_auto_20201023_1228... OK
2022-06-16T03:33:00.7137672Z   Applying build.0022_buildorderattachment... OK
2022-06-16T03:33:00.7439995Z   Applying build.0023_auto_20201110_0911... OK
2022-06-16T03:33:00.8528572Z   Applying build.0024_auto_20201201_1023... OK
2022-06-16T03:33:00.8854031Z   Applying build.0025_build_target_date... OK
2022-06-16T03:33:00.9601784Z   Applying build.0026_auto_20210216_1539... OK
2022-06-16T03:33:01.3533715Z   Applying build.0027_auto_20210404_2016... OK
2022-06-16T03:33:01.3896527Z   Applying build.0028_builditem_bom_item... OK
2022-06-16T03:33:01.4207786Z   Applying build.0029_auto_20210601_1525... OK
2022-06-16T03:33:01.4549668Z   Applying build.0030_alter_build_reference... OK
2022-06-16T03:33:01.4884670Z   Applying build.0031_build_reference_int... OK
2022-06-16T03:33:01.5187973Z   Applying build.0032_auto_20211014_0632... OK
2022-06-16T03:33:01.5671754Z   Applying build.0033_auto_20211128_0151... OK
2022-06-16T03:33:01.6015077Z   Applying build.0034_alter_build_reference_int... OK
2022-06-16T03:33:01.6094066Z   Applying common.0008_remove_inventreesetting_description... OK
2022-06-16T03:33:01.6124362Z   Applying common.0009_delete_currency... OK
2022-06-16T03:33:01.6450341Z   Applying common.0010_migrate_currency_setting... OK
2022-06-16T03:33:01.6981465Z   Applying common.0011_auto_20210722_2114... OK
2022-06-16T03:33:01.7024573Z   Applying common.0012_notificationentry... OK
2022-06-16T03:33:01.8416815Z   Applying common.0013_webhookendpoint_webhookmessage... OK
2022-06-16T03:33:01.8764882Z   Applying common.0014_notificationmessage... OK
2022-06-16T03:33:02.0101368Z   Applying company.0032_auto_20210403_1837... OK
2022-06-16T03:33:02.0218608Z   Applying company.0033_auto_20210410_1528... OK
2022-06-16T03:33:02.0572918Z   Applying company.0034_manufacturerpart... OK
2022-06-16T03:33:02.0980147Z   Applying company.0035_supplierpart_update_1... OK
2022-06-16T03:33:02.1319116Z   Applying company.0036_supplierpart_update_2... OK
2022-06-16T03:33:02.1970595Z   Applying company.0037_supplierpart_update_3... OK
2022-06-16T03:33:02.3073447Z   Applying company.0038_manufacturerpartparameter... OK
2022-06-16T03:33:02.3319829Z   Applying company.0039_auto_20210701_0509... OK
2022-06-16T03:33:02.3471503Z   Applying company.0040_alter_company_currency... OK
2022-06-16T03:33:02.3562956Z   Applying company.0041_alter_company_options... OK
2022-06-16T03:33:02.3729861Z   Applying company.0042_supplierpricebreak_updated... OK
2022-06-16T03:33:02.4084275Z   Applying company.0043_manufacturerpartattachment... OK
2022-06-16T03:33:02.4176082Z   Applying django_q.0001_initial... OK
2022-06-16T03:33:02.4339822Z   Applying django_q.0002_auto_20150630_1624... OK
2022-06-16T03:33:02.4571805Z   Applying django_q.0003_auto_20150708_1326... OK
2022-06-16T03:33:02.4650178Z   Applying django_q.0004_auto_20150710_1043... OK
2022-06-16T03:33:02.4814912Z   Applying django_q.0005_auto_20150718_1506... OK
2022-06-16T03:33:02.4986017Z   Applying django_q.0006_auto_20150805_1817... OK
2022-06-16T03:33:02.5021507Z   Applying django_q.0007_ormq... OK
2022-06-16T03:33:02.5065852Z   Applying django_q.0008_auto_20160224_1026... OK
2022-06-16T03:33:02.5157190Z   Applying django_q.0009_auto_20171009_0915... OK
2022-06-16T03:33:02.5410946Z   Applying django_q.0010_auto_20200610_0856... OK
2022-06-16T03:33:02.5575338Z   Applying django_q.0011_auto_20200628_1055... OK
2022-06-16T03:33:02.5617148Z   Applying django_q.0012_auto_20200702_1608... OK
2022-06-16T03:33:02.5712251Z   Applying django_q.0013_task_attempt_count... OK
2022-06-16T03:33:02.5765406Z   Applying error_report.0001_initial... OK
2022-06-16T03:33:02.5874601Z   Applying exchange.0001_initial... OK
2022-06-16T03:33:02.5920919Z   Applying label.0001_initial... OK
2022-06-16T03:33:02.6018397Z   Applying label.0002_stockitemlabel_enabled... OK
2022-06-16T03:33:02.6057475Z   Applying label.0003_stocklocationlabel... OK
2022-06-16T03:33:02.6473982Z   Applying label.0004_auto_20210111_2302... OK
2022-06-16T03:33:02.6542150Z   Applying label.0005_auto_20210113_2302... OK
2022-06-16T03:33:02.6847377Z   Applying label.0006_auto_20210222_1535... OK
2022-06-16T03:33:02.7014917Z   Applying label.0007_auto_20210513_1327... OK
2022-06-16T03:33:02.7090504Z   Applying label.0008_auto_20210708_2106... OK
2022-06-16T03:33:03.1168339Z   Applying stock.0059_auto_20210404_2016... OK
2022-06-16T03:33:03.1986577Z   Applying stock.0060_auto_20210511_1713... OK
2022-06-16T03:33:03.2398006Z   Applying stock.0061_auto_20210511_0911... OK
2022-06-16T03:33:03.3002608Z   Applying stock.0062_auto_20210511_2151... OK
2022-06-16T03:33:03.4969040Z   Applying stock.0063_auto_20210511_2343... OK
2022-06-16T03:33:03.5378635Z   Applying stock.0064_auto_20210621_1724... OK
2022-06-16T03:33:03.6095449Z   Applying stock.0065_auto_20210701_0509... OK
2022-06-16T03:33:03.6443741Z   Applying order.0031_auto_20200426_0612... OK
2022-06-16T03:33:03.6807163Z   Applying order.0032_auto_20200427_0044... OK
2022-06-16T03:33:03.7608472Z   Applying order.0033_auto_20200512_1033... OK
2022-06-16T03:33:03.8181226Z   Applying order.0034_auto_20200512_1054... OK
2022-06-16T03:33:03.8638628Z   Applying order.0035_auto_20200513_0016... OK
2022-06-16T03:33:04.0536740Z   Applying order.0036_auto_20200831_0912... OK
2022-06-16T03:33:04.0890963Z   Applying order.0037_auto_20201110_0911... OK
2022-06-16T03:33:04.1290116Z   Applying order.0038_auto_20201112_1737... OK
2022-06-16T03:33:04.1429815Z   Applying order.0039_auto_20201112_2203... OK
2022-06-16T03:33:04.1755174Z   Applying order.0040_salesorder_target_date... OK
2022-06-16T03:33:04.2551441Z   Applying order.0041_auto_20210114_1728... OK
2022-06-16T03:33:04.3388574Z   Applying order.0042_auto_20210310_1619... OK
2022-06-16T03:33:04.3696243Z   Applying order.0043_auto_20210330_0013... OK
2022-06-16T03:33:05.6830368Z   Applying order.0044_auto_20210404_2016... OK
2022-06-16T03:33:05.7345701Z   Applying order.0045_auto_20210504_1946... OK
2022-06-16T03:33:05.7785316Z   Applying order.0046_purchaseorderlineitem_destination... OK
2022-06-16T03:33:05.9411315Z   Applying order.0047_auto_20210701_0509... OK
2022-06-16T03:33:06.0084224Z   Applying order.0048_auto_20210702_2321... OK
2022-06-16T03:33:06.0405211Z   Applying order.0049_alter_purchaseorderlineitem_unique_together... OK
2022-06-16T03:33:06.0770898Z   Applying order.0050_alter_purchaseorderlineitem_destination... OK
2022-06-16T03:33:06.1424341Z   Applying order.0051_auto_20211014_0623... OK
2022-06-16T03:33:06.1843538Z   Applying order.0052_auto_20211014_0631... OK
2022-06-16T03:33:06.3009820Z   Applying order.0053_auto_20211128_0151... OK
2022-06-16T03:33:06.3393102Z   Applying order.0053_salesordershipment... OK
2022-06-16T03:33:06.4613347Z   Applying order.0054_salesorderallocation_shipment... OK
2022-06-16T03:33:06.5036143Z   Applying order.0055_auto_20211025_0645... OK
2022-06-16T03:33:06.5480217Z   Applying order.0056_alter_salesorderallocation_shipment... OK
2022-06-16T03:33:06.5771783Z   Applying order.0057_salesorderlineitem_shipped... OK
2022-06-16T03:33:06.6184654Z   Applying order.0058_auto_20211126_1210... OK
2022-06-16T03:33:06.6504575Z   Applying order.0059_salesordershipment_tracking_number... OK
2022-06-16T03:33:06.6994214Z   Applying order.0060_auto_20211129_1339... OK
2022-06-16T03:33:06.7687469Z   Applying order.0054_auto_20211201_2139... OK
2022-06-16T03:33:06.7704419Z   Applying order.0061_merge_0054_auto_20211201_2139_0060_auto_20211129_1339... OK
2022-06-16T03:33:06.8208143Z   Applying order.0062_auto_20220228_0321... OK
2022-06-16T03:33:06.8507851Z   Applying order.0063_alter_purchaseorderlineitem_unique_together... OK
2022-06-16T03:33:07.0425599Z   Applying order.0064_purchaseorderextraline_salesorderextraline... OK
2022-06-16T03:33:07.0815773Z   Applying order.0065_alter_purchaseorderlineitem_part... OK
2022-06-16T03:33:07.1283136Z   Applying order.0066_alter_purchaseorder_supplier... OK
2022-06-16T03:33:07.1990959Z   Applying order.0067_auto_20220516_1120... OK
2022-06-16T03:33:07.2278527Z   Applying order.0068_alter_salesorderallocation_unique_together... OK
2022-06-16T03:33:07.3057244Z   Applying otp_static.0001_initial... OK
2022-06-16T03:33:07.3640692Z   Applying otp_static.0002_throttling... OK
2022-06-16T03:33:07.4797239Z   Applying otp_totp.0001_initial... OK
2022-06-16T03:33:07.5382898Z   Applying otp_totp.0002_auto_20190420_0723... OK
2022-06-16T03:33:07.5805609Z   Applying part.0067_partinternalpricebreak... OK
2022-06-16T03:33:07.6242693Z   Applying part.0068_part_unique_part... OK
2022-06-16T03:33:07.7119457Z   Applying part.0069_auto_20210701_0509... OK
2022-06-16T03:33:07.7539252Z   Applying part.0070_alter_part_variant_of... OK
2022-06-16T03:33:07.7604215Z   Applying part.0071_alter_partparametertemplate_name... OK
2022-06-16T03:33:07.8026516Z   Applying part.0072_bomitemsubstitute... OK
2022-06-16T03:33:07.8399842Z   Applying part.0073_auto_20211013_1048... OK
2022-06-16T03:33:07.8833535Z   Applying part.0074_partcategorystar... OK
2022-06-16T03:33:08.0385455Z   Applying part.0075_auto_20211128_0151... OK
2022-06-16T03:33:08.1006583Z   Applying part.0076_auto_20220516_0819... OK
2022-06-16T03:33:08.1058075Z   Applying plugin.0001_initial... OK
2022-06-16T03:33:08.1102124Z   Applying plugin.0002_alter_pluginconfig_options... OK
2022-06-16T03:33:08.1174058Z   Applying plugin.0003_pluginsetting... OK
2022-06-16T03:33:08.1225055Z   Applying plugin.0004_alter_pluginsetting_key... OK
2022-06-16T03:33:08.1680925Z   Applying plugin.0005_notificationusersetting... OK
2022-06-16T03:33:08.1774028Z   Applying report.0001_initial... OK
2022-06-16T03:33:08.1815373Z   Applying report.0002_delete_reporttemplate... OK
2022-06-16T03:33:08.1918939Z   Applying report.0003_testreport_enabled... OK
2022-06-16T03:33:08.2020652Z   Applying report.0004_auto_20200823_1104... OK
2022-06-16T03:33:08.2155190Z   Applying report.0005_auto_20210119_0815... OK
2022-06-16T03:33:08.2200753Z   Applying report.0006_reportsnippet... OK
2022-06-16T03:33:08.2248321Z   Applying report.0007_auto_20210204_1617... OK
2022-06-16T03:33:08.2355103Z   Applying report.0008_auto_20210204_2100... OK
2022-06-16T03:33:08.2476889Z   Applying report.0009_testreport_revision... OK
2022-06-16T03:33:08.2527329Z   Applying report.0010_auto_20210205_1201... OK
2022-06-16T03:33:08.2607895Z   Applying report.0011_auto_20210212_2024... OK
2022-06-16T03:33:08.2653120Z   Applying report.0012_buildreport... OK
2022-06-16T03:33:08.2785559Z   Applying report.0013_testreport_include_installed... OK
2022-06-16T03:33:08.2857344Z   Applying report.0014_purchaseorderreport_salesorderreport... OK
2022-06-16T03:33:08.2991931Z   Applying report.0015_auto_20210403_1837... OK
2022-06-16T03:33:08.3459145Z   Applying report.0016_auto_20210513_1303... OK
2022-06-16T03:33:08.3502332Z   Applying sites.0001_initial... OK
2022-06-16T03:33:08.3618242Z   Applying sites.0002_alter_domain_unique... OK
2022-06-16T03:33:08.4865341Z   Applying socialaccount.0001_initial... OK
2022-06-16T03:33:08.5473625Z   Applying socialaccount.0002_token_max_lengths... OK
2022-06-16T03:33:08.6598180Z   Applying socialaccount.0003_extra_data_default_dict... OK
2022-06-16T03:33:08.7117688Z   Applying stock.0066_stockitem_scheduled_for_deletion... OK
2022-06-16T03:33:08.7608395Z   Applying stock.0067_alter_stockitem_part... OK
2022-06-16T03:33:08.8123824Z   Applying stock.0068_stockitem_serial_int... OK
2022-06-16T03:33:08.8672254Z   Applying stock.0069_auto_20211109_2347... OK
2022-06-16T03:33:08.9400771Z   Applying stock.0070_auto_20211128_0151... OK
2022-06-16T03:33:08.9943888Z   Applying stock.0071_auto_20211205_1733... OK
2022-06-16T03:33:09.0481691Z   Applying stock.0072_remove_stockitem_scheduled_for_deletion... OK
2022-06-16T03:33:09.0944476Z   Applying stock.0073_alter_stockitem_belongs_to... OK
2022-06-16T03:33:09.2228970Z   Applying stock.0074_alter_stockitem_batch... OK
2022-06-16T03:33:09.3215029Z   Applying stock.0075_auto_20220515_1440... OK
2022-06-16T03:33:09.3690922Z   Applying user_sessions.0001_initial... OK
2022-06-16T03:33:09.4238203Z   Applying user_sessions.0002_auto_20151208_1536... OK
2022-06-16T03:33:09.4911693Z   Applying user_sessions.0003_auto_20161205_1516... OK
2022-06-16T03:33:11.5827730Z Operations to perform:
2022-06-16T03:33:11.5828626Z   Synchronize unmigrated apps: InvenTree, allauth, allauth_2fa, corsheaders, crispy_forms, django_cleanup, django_filters, django_otp, djmoney, formtools, import_export, maintenance_mode, markdownify, markdownx, messages, mptt, rest_framework, sslserver, staticfiles
2022-06-16T03:33:11.5830075Z   Apply all migrations: account, admin, auth, authtoken, build, common, company, contenttypes, django_q, error_report, exchange, label, order, otp_static, otp_totp, part, plugin, report, sites, socialaccount, stock, user_sessions, users
2022-06-16T03:33:11.7378130Z Synchronizing apps without migrations:
2022-06-16T03:33:11.7383262Z   Creating tables...
2022-06-16T03:33:11.7386330Z     Running deferred SQL...
2022-06-16T03:33:11.7394070Z Running migrations:
2022-06-16T03:33:11.7394323Z   No migrations to apply.
2022-06-16T03:33:13.7471529Z System check identified no issues (1 silenced).
2022-06-16T03:33:15.4048720Z ========================================
2022-06-16T03:33:15.4049180Z InvenTree database migrations completed!
2022-06-16T03:33:15.4049515Z Rebuilding Part objects
2022-06-16T03:33:15.4057057Z Rebuilding PartCategory objects
2022-06-16T03:33:15.4063763Z Rebuilding StockItem objects
2022-06-16T03:33:15.4069039Z Rebuilding StockLocation objects
2022-06-16T03:33:15.4074354Z Rebuilding Build objects
2022-06-16T03:33:17.2546433Z [0m[0m
2022-06-16T03:33:17.2633160Z ##[group]Run git clone --depth 1 https://github.com/inventree/inventree-python ./inventree-python
2022-06-16T03:33:17.2633753Z [36;1mgit clone --depth 1 https://github.com/inventree/inventree-python ./inventree-python[0m
2022-06-16T03:33:17.2686521Z shell: /usr/bin/bash -e {0}
2022-06-16T03:33:17.2686800Z env:
2022-06-16T03:33:17.2687054Z   python_version: 3.9
2022-06-16T03:33:17.2687282Z   node_version: 16
2022-06-16T03:33:17.2687617Z   server_start_sleep: 60
2022-06-16T03:33:17.2688263Z   GITHUB_TOKEN: ***
2022-06-16T03:33:17.2688586Z   INVENTREE_DB_ENGINE: django.db.backends.sqlite3
2022-06-16T03:33:17.2688900Z   INVENTREE_DB_NAME: ../inventree_unit_test_db.sqlite3
2022-06-16T03:33:17.2689260Z   INVENTREE_MEDIA_ROOT: ../test_inventree_media
2022-06-16T03:33:17.2689638Z   INVENTREE_STATIC_ROOT: ../test_inventree_static
2022-06-16T03:33:17.2689923Z   wrapper_name: inventree-python
2022-06-16T03:33:17.2690230Z   INVENTREE_ADMIN_USER: testuser
2022-06-16T03:33:17.2690607Z   INVENTREE_ADMIN_PASSWORD: testpassword
2022-06-16T03:33:17.2690905Z   INVENTREE_ADMIN_EMAIL: test@test.com
2022-06-16T03:33:17.2691257Z   INVENTREE_PYTHON_TEST_SERVER: http://localhost:12345
2022-06-16T03:33:17.2691605Z   INVENTREE_PYTHON_TEST_USERNAME: testuser
2022-06-16T03:33:17.2691946Z   INVENTREE_PYTHON_TEST_PASSWORD: testpassword
2022-06-16T03:33:17.2692198Z ##[endgroup]
2022-06-16T03:33:17.2778557Z Cloning into './inventree-python'...
2022-06-16T03:33:17.7678838Z ##[group]Run invoke delete-data -f
2022-06-16T03:33:17.7679216Z [36;1minvoke delete-data -f[0m
2022-06-16T03:33:17.7679534Z [36;1minvoke import-fixtures[0m
2022-06-16T03:33:17.7679864Z [36;1minvoke server -a 127.0.0.1:12345 &[0m
2022-06-16T03:33:17.7680112Z [36;1minvoke wait[0m
2022-06-16T03:33:17.7733881Z shell: /usr/bin/bash -e {0}
2022-06-16T03:33:17.7734190Z env:
2022-06-16T03:33:17.7734514Z   python_version: 3.9
2022-06-16T03:33:17.7734752Z   node_version: 16
2022-06-16T03:33:17.7735027Z   server_start_sleep: 60
2022-06-16T03:33:17.7735503Z   GITHUB_TOKEN: ***
2022-06-16T03:33:17.7735826Z   INVENTREE_DB_ENGINE: django.db.backends.sqlite3
2022-06-16T03:33:17.7736184Z   INVENTREE_DB_NAME: ../inventree_unit_test_db.sqlite3
2022-06-16T03:33:17.7736537Z   INVENTREE_MEDIA_ROOT: ../test_inventree_media
2022-06-16T03:33:17.7736878Z   INVENTREE_STATIC_ROOT: ../test_inventree_static
2022-06-16T03:33:17.7737177Z   wrapper_name: inventree-python
2022-06-16T03:33:17.7737592Z   INVENTREE_ADMIN_USER: testuser
2022-06-16T03:33:17.7737907Z   INVENTREE_ADMIN_PASSWORD: testpassword
2022-06-16T03:33:17.7738182Z   INVENTREE_ADMIN_EMAIL: test@test.com
2022-06-16T03:33:17.7738557Z   INVENTREE_PYTHON_TEST_SERVER: http://localhost:12345
2022-06-16T03:33:17.7738896Z   INVENTREE_PYTHON_TEST_USERNAME: testuser
2022-06-16T03:33:17.7739314Z   INVENTREE_PYTHON_TEST_PASSWORD: testpassword
2022-06-16T03:33:17.7739620Z ##[endgroup]
2022-06-16T03:33:19.7057286Z Deleting all data from InvenTree database...
2022-06-16T03:33:21.4071308Z /home/runner/.local/lib/python3.8/site-packages/django/db/models/fields/__init__.py:1358: RuntimeWarning: DateTimeField StockItemTestResult.date received a naive datetime (2020-02-02 00:00:00) while time zone support is active.
2022-06-16T03:33:21.4072179Z   warnings.warn("DateTimeField %s.%s received a naive datetime "
2022-06-16T03:33:21.4087482Z /home/runner/.local/lib/python3.8/site-packages/django/db/models/fields/__init__.py:1358: RuntimeWarning: DateTimeField StockItemTestResult.date received a naive datetime (2020-05-16 00:00:00) while time zone support is active.
2022-06-16T03:33:21.4088240Z   warnings.warn("DateTimeField %s.%s received a naive datetime "
2022-06-16T03:33:21.4094115Z /home/runner/.local/lib/python3.8/site-packages/django/db/models/fields/__init__.py:1358: RuntimeWarning: DateTimeField StockItemTestResult.date received a naive datetime (2020-05-17 00:00:00) while time zone support is active.
2022-06-16T03:33:21.4094896Z   warnings.warn("DateTimeField %s.%s received a naive datetime "
2022-06-16T03:33:21.4106388Z /home/runner/.local/lib/python3.8/site-packages/django/db/models/fields/__init__.py:1358: RuntimeWarning: DateTimeField StockItemTestResult.date received a naive datetime (2020-05-18 00:00:00) while time zone support is active.
2022-06-16T03:33:21.4107095Z   warnings.warn("DateTimeField %s.%s received a naive datetime "
2022-06-16T03:33:21.4845592Z Installed 138 object(s) from 15 fixture(s)
2022-06-16T03:33:23.1361308Z [0mRebuilding Part objects
2022-06-16T03:33:23.1649754Z Rebuilding PartCategory objects
2022-06-16T03:33:23.1785803Z Rebuilding StockItem objects
2022-06-16T03:33:23.2327600Z Rebuilding StockLocation objects
2022-06-16T03:33:23.2448644Z Rebuilding Build objects
2022-06-16T03:33:26.6978988Z [0m[0mWaiting for database...
2022-06-16T03:33:31.7034022Z Database connection sucessful!
2022-06-16T03:33:32.0692933Z Watching for file changes with StatReloader
2022-06-16T03:33:32.0693622Z Watching for file changes with StatReloader
2022-06-16T03:33:32.0697744Z Performing system checks...
2022-06-16T03:33:32.0700335Z 
2022-06-16T03:33:32.4310832Z System check identified no issues (1 silenced).
2022-06-16T03:33:32.6230530Z June 16, 2022 - 03:33:32
2022-06-16T03:33:32.6234948Z Django version 3.2.13, using settings 'InvenTree.settings'
2022-06-16T03:33:32.6235447Z Starting development server at http://127.0.0.1:12345/
2022-06-16T03:33:32.6235880Z Quit the server with CONTROL-C.
2022-06-16T03:33:36.9035865Z ##[group]Run cd inventree-python
2022-06-16T03:33:36.9036182Z [36;1mcd inventree-python[0m
2022-06-16T03:33:36.9036501Z [36;1minvoke check-server[0m
2022-06-16T03:33:36.9036831Z [36;1mcoverage run -m unittest discover -s test/[0m
2022-06-16T03:33:36.9089361Z shell: /usr/bin/bash -e {0}
2022-06-16T03:33:36.9089685Z env:
2022-06-16T03:33:36.9089902Z   python_version: 3.9
2022-06-16T03:33:36.9090270Z   node_version: 16
2022-06-16T03:33:36.9090525Z   server_start_sleep: 60
2022-06-16T03:33:36.9194892Z   GITHUB_TOKEN: ***
2022-06-16T03:33:36.9195167Z   INVENTREE_DB_ENGINE: django.db.backends.sqlite3
2022-06-16T03:33:36.9195472Z   INVENTREE_DB_NAME: ../inventree_unit_test_db.sqlite3
2022-06-16T03:33:36.9195744Z   INVENTREE_MEDIA_ROOT: ../test_inventree_media
2022-06-16T03:33:36.9196019Z   INVENTREE_STATIC_ROOT: ../test_inventree_static
2022-06-16T03:33:36.9196280Z   wrapper_name: inventree-python
2022-06-16T03:33:36.9196513Z   INVENTREE_ADMIN_USER: testuser
2022-06-16T03:33:36.9196784Z   INVENTREE_ADMIN_PASSWORD: testpassword
2022-06-16T03:33:36.9197026Z   INVENTREE_ADMIN_EMAIL: test@test.com
2022-06-16T03:33:36.9197309Z   INVENTREE_PYTHON_TEST_SERVER: http://localhost:12345
2022-06-16T03:33:36.9197592Z   INVENTREE_PYTHON_TEST_USERNAME: testuser
2022-06-16T03:33:36.9197849Z   INVENTREE_PYTHON_TEST_PASSWORD: testpassword
2022-06-16T03:33:36.9198082Z ##[endgroup]
2022-06-16T03:33:37.2859696Z InvenTree server is available at http://localhost:12345
2022-06-16T03:33:38.2218495Z ..--- Logging error ---
2022-06-16T03:33:38.2218863Z Traceback (most recent call last):
2022-06-16T03:33:38.2219301Z   File "/usr/lib/python3/dist-packages/urllib3/connection.py", line 159, in _new_conn
2022-06-16T03:33:38.2219632Z     conn = connection.create_connection(
2022-06-16T03:33:38.2220070Z   File "/usr/lib/python3/dist-packages/urllib3/util/connection.py", line 84, in create_connection
2022-06-16T03:33:38.2220354Z     raise err
2022-06-16T03:33:38.2220755Z   File "/usr/lib/python3/dist-packages/urllib3/util/connection.py", line 74, in create_connection
2022-06-16T03:33:38.2221049Z     sock.connect(sa)
2022-06-16T03:33:38.2221300Z ConnectionRefusedError: [Errno 111] Connection refused
2022-06-16T03:33:38.2221479Z 
2022-06-16T03:33:38.2221642Z During handling of the above exception, another exception occurred:
2022-06-16T03:33:38.2221836Z 
2022-06-16T03:33:38.2221937Z Traceback (most recent call last):
2022-06-16T03:33:38.2222353Z   File "/usr/lib/python3/dist-packages/urllib3/connectionpool.py", line 665, in urlopen
2022-06-16T03:33:38.2222660Z     httplib_response = self._make_request(
2022-06-16T03:33:38.2223078Z   File "/usr/lib/python3/dist-packages/urllib3/connectionpool.py", line 387, in _make_request
2022-06-16T03:33:38.2223411Z     conn.request(method, url, **httplib_request_kw)
2022-06-16T03:33:38.2223698Z   File "/usr/lib/python3.8/http/client.py", line 1256, in request
2022-06-16T03:33:38.2224009Z     self._send_request(method, url, body, headers, encode_chunked)
2022-06-16T03:33:38.2224342Z   File "/usr/lib/python3.8/http/client.py", line 1302, in _send_request
2022-06-16T03:33:38.2224643Z     self.endheaders(body, encode_chunked=encode_chunked)
2022-06-16T03:33:38.2224952Z   File "/usr/lib/python3.8/http/client.py", line 1251, in endheaders
2022-06-16T03:33:38.2225267Z     self._send_output(message_body, encode_chunked=encode_chunked)
2022-06-16T03:33:38.2225591Z   File "/usr/lib/python3.8/http/client.py", line 1011, in _send_output
2022-06-16T03:33:38.2225835Z     self.send(msg)
2022-06-16T03:33:38.2226083Z   File "/usr/lib/python3.8/http/client.py", line 951, in send
2022-06-16T03:33:38.2226324Z     self.connect()
2022-06-16T03:33:38.2226682Z   File "/usr/lib/python3/dist-packages/urllib3/connection.py", line 187, in connect
2022-06-16T03:33:38.2226964Z     conn = self._new_conn()
2022-06-16T03:33:38.2227338Z   File "/usr/lib/python3/dist-packages/urllib3/connection.py", line 171, in _new_conn
2022-06-16T03:33:38.2227626Z     raise NewConnectionError(
2022-06-16T03:33:38.2228283Z urllib3.exceptions.NewConnectionError: <urllib3.connection.HTTPConnection object at 0x7f2a791c6cd0>: Failed to establish a new connection: [Errno 111] Connection refused
2022-06-16T03:33:38.2228623Z 
2022-06-16T03:33:38.2228782Z During handling of the above exception, another exception occurred:
2022-06-16T03:33:38.2228972Z 
2022-06-16T03:33:38.2229074Z Traceback (most recent call last):
2022-06-16T03:33:38.2229455Z   File "/usr/lib/python3/dist-packages/requests/adapters.py", line 439, in send
2022-06-16T03:33:38.2229746Z     resp = conn.urlopen(
2022-06-16T03:33:38.2230273Z   File "/usr/lib/python3/dist-packages/urllib3/connectionpool.py", line 719, in urlopen
2022-06-16T03:33:38.2230569Z     retries = retries.increment(
2022-06-16T03:33:38.2230955Z   File "/usr/lib/python3/dist-packages/urllib3/util/retry.py", line 436, in increment
2022-06-16T03:33:38.2231309Z     raise MaxRetryError(_pool, url, error or ResponseError(cause))
2022-06-16T03:33:38.2232155Z urllib3.exceptions.MaxRetryError: HTTPConnectionPool(host='127.0.0.1', port=9999): Max retries exceeded with url: /api/ (Caused by NewConnectionError('<urllib3.connection.HTTPConnection object at 0x7f2a791c6cd0>: Failed to establish a new connection: [Errno 111] Connection refused'))
2022-06-16T03:33:38.2232705Z 
2022-06-16T03:33:38.2232856Z During handling of the above exception, another exception occurred:
2022-06-16T03:33:38.2233046Z 
2022-06-16T03:33:38.2233147Z Traceback (most recent call last):
2022-06-16T03:33:38.2233702Z   File "/home/runner/work/InvenTree/InvenTree/inventree-python/inventree/api.py", line 100, in testServer
2022-06-16T03:33:38.2234060Z     response = requests.get(self.api_url, timeout=2.5)
2022-06-16T03:33:38.2234451Z   File "/usr/lib/python3/dist-packages/requests/api.py", line 75, in get
2022-06-16T03:33:38.2234827Z     return request('get', url, params=params, **kwargs)
2022-06-16T03:33:38.2235224Z   File "/usr/lib/python3/dist-packages/requests/api.py", line 60, in request
2022-06-16T03:33:38.2235544Z     return session.request(method=method, url=url, **kwargs)
2022-06-16T03:33:38.2235964Z   File "/usr/lib/python3/dist-packages/requests/sessions.py", line 533, in request
2022-06-16T03:33:38.2236270Z     resp = self.send(prep, **send_kwargs)
2022-06-16T03:33:38.2236659Z   File "/usr/lib/python3/dist-packages/requests/sessions.py", line 646, in send
2022-06-16T03:33:38.2236946Z     r = adapter.send(request, **kwargs)
2022-06-16T03:33:38.2237331Z   File "/usr/lib/python3/dist-packages/requests/adapters.py", line 516, in send
2022-06-16T03:33:38.2237644Z     raise ConnectionError(e, request=request)
2022-06-16T03:33:38.2238489Z requests.exceptions.ConnectionError: HTTPConnectionPool(host='127.0.0.1', port=9999): Max retries exceeded with url: /api/ (Caused by NewConnectionError('<urllib3.connection.HTTPConnection object at 0x7f2a791c6cd0>: Failed to establish a new connection: [Errno 111] Connection refused'))
2022-06-16T03:33:38.2238926Z 
2022-06-16T03:33:38.2239081Z During handling of the above exception, another exception occurred:
2022-06-16T03:33:38.2239270Z 
2022-06-16T03:33:38.2239372Z Traceback (most recent call last):
2022-06-16T03:33:38.2239648Z   File "/usr/lib/python3.8/logging/__init__.py", line 1085, in emit
2022-06-16T03:33:38.2239898Z     msg = self.format(record)
2022-06-16T03:33:38.2240166Z   File "/usr/lib/python3.8/logging/__init__.py", line 929, in format
2022-06-16T03:33:38.2240456Z     return fmt.format(record)
2022-06-16T03:33:38.2240720Z   File "/usr/lib/python3.8/logging/__init__.py", line 668, in format
2022-06-16T03:33:38.2240992Z     record.message = record.getMessage()
2022-06-16T03:33:38.2241285Z   File "/usr/lib/python3.8/logging/__init__.py", line 373, in getMessage
2022-06-16T03:33:38.2241545Z     msg = msg % self.args
2022-06-16T03:33:38.2241809Z TypeError: not all arguments converted during string formatting
2022-06-16T03:33:38.2242057Z Call stack:
2022-06-16T03:33:38.2242307Z   File "/home/runner/.local/bin/coverage", line 8, in <module>
2022-06-16T03:33:38.2242541Z     sys.exit(main())
2022-06-16T03:33:38.2242998Z   File "/home/runner/.local/lib/python3.8/site-packages/coverage/cmdline.py", line 865, in main
2022-06-16T03:33:38.2243341Z     status = CoverageScript().command_line(argv)
2022-06-16T03:33:38.2243777Z   File "/home/runner/.local/lib/python3.8/site-packages/coverage/cmdline.py", line 582, in command_line
2022-06-16T03:33:38.2244099Z     return self.do_run(options, args)
2022-06-16T03:33:38.2244517Z   File "/home/runner/.local/lib/python3.8/site-packages/coverage/cmdline.py", line 740, in do_run
2022-06-16T03:33:38.2244804Z     runner.run()
2022-06-16T03:33:38.2245180Z   File "/home/runner/.local/lib/python3.8/site-packages/coverage/execfile.py", line 247, in run
2022-06-16T03:33:38.2245482Z     exec(code, main_mod.__dict__)
2022-06-16T03:33:38.2245767Z   File "/usr/lib/python3.8/unittest/__main__.py", line 18, in <module>
2022-06-16T03:33:38.2246008Z     main(module=None)
2022-06-16T03:33:38.2246265Z   File "/usr/lib/python3.8/unittest/main.py", line 101, in __init__
2022-06-16T03:33:38.2246510Z     self.runTests()
2022-06-16T03:33:38.2246760Z   File "/usr/lib/python3.8/unittest/main.py", line 271, in runTests
2022-06-16T03:33:38.2247045Z     self.result = testRunner.run(self.test)
2022-06-16T03:33:38.2247348Z   File "/usr/lib/python3.8/unittest/runner.py", line 176, in run
2022-06-16T03:33:38.2247587Z     test(result)
2022-06-16T03:33:38.2247826Z   File "/usr/lib/python3.8/unittest/suite.py", line 84, in __call__
2022-06-16T03:33:38.2248142Z     return self.run(*args, **kwds)
2022-06-16T03:33:38.2248411Z   File "/usr/lib/python3.8/unittest/suite.py", line 122, in run
2022-06-16T03:33:38.2248638Z     test(result)
2022-06-16T03:33:38.2248878Z   File "/usr/lib/python3.8/unittest/suite.py", line 84, in __call__
2022-06-16T03:33:38.2249137Z     return self.run(*args, **kwds)
2022-06-16T03:33:38.2249395Z   File "/usr/lib/python3.8/unittest/suite.py", line 122, in run
2022-06-16T03:33:38.2249623Z     test(result)
2022-06-16T03:33:38.2249865Z   File "/usr/lib/python3.8/unittest/suite.py", line 84, in __call__
2022-06-16T03:33:38.2250116Z     return self.run(*args, **kwds)
2022-06-16T03:33:38.2250375Z   File "/usr/lib/python3.8/unittest/suite.py", line 122, in run
2022-06-16T03:33:38.2250615Z     test(result)
2022-06-16T03:33:38.2250846Z   File "/usr/lib/python3.8/unittest/case.py", line 736, in __call__
2022-06-16T03:33:38.2251108Z     return self.run(*args, **kwds)
2022-06-16T03:33:38.2251370Z   File "/usr/lib/python3.8/unittest/case.py", line 676, in run
2022-06-16T03:33:38.2251647Z     self._callTestMethod(testMethod)
2022-06-16T03:33:38.2251936Z   File "/usr/lib/python3.8/unittest/case.py", line 633, in _callTestMethod
2022-06-16T03:33:38.2252184Z     method()
2022-06-16T03:33:38.2252612Z   File "/home/runner/work/InvenTree/InvenTree/inventree-python/test/test_api.py", line 28, in test_failed_logins
2022-06-16T03:33:38.2253860Z     a = api.InvenTreeAPI("http://127.0.0.1:9999", username="admin", ***)
2022-06-16T03:33:38.2254350Z   File "/home/runner/work/InvenTree/InvenTree/inventree-python/inventree/api.py", line 69, in __init__
2022-06-16T03:33:38.2254665Z     if not self.testServer():
2022-06-16T03:33:38.2255093Z   File "/home/runner/work/InvenTree/InvenTree/inventree-python/inventree/api.py", line 102, in testServer
2022-06-16T03:33:38.2255441Z     logger.fatal("Server connection error:", type(e))
2022-06-16T03:33:38.2255758Z Message: 'Server connection error:'
2022-06-16T03:33:38.2256128Z Arguments: (<class 'requests.exceptions.ConnectionError'>,)
2022-06-16T03:33:38.2257001Z Error requesting token: 401 - {"detail":"Invalid username/password."}
2022-06-16T03:33:39.7087828Z .....ERROR:inventree:Error requesting token: 401 - {"detail":"Invalid username/password."}
2022-06-16T03:33:40.0267103Z .ERROR:inventree:Error requesting token: 401 - {"detail":"Invalid username/password."}
2022-06-16T03:33:42.4833811Z ........ERROR:inventree:POST request failed at 'http://localhost:12345/api/company/part/manufacturer/parameter/' - 400
2022-06-16T03:33:42.4834833Z ERROR:inventree:{"non_field_errors":["The fields manufacturer_part, name must make a unique set."]}
2022-06-16T03:33:42.4835609Z ERROR:inventree:Error creating new object
2022-06-16T03:33:44.7002653Z ......ERROR:inventree:POST request failed at 'http://localhost:12345/api/order/po-line/' - 400
2022-06-16T03:33:44.7003094Z ERROR:inventree:{"quantity":["Quantity must be greater than zero"]}
2022-06-16T03:33:44.7006279Z ERROR:inventree:Error creating new object
2022-06-16T03:33:52.3627987Z ............ERROR:inventree:POST request failed at 'http://localhost:12345/api/part/parameter/template/' - 400
2022-06-16T03:33:52.3628526Z ERROR:inventree:{"name":["This field is required."]}
2022-06-16T03:33:52.3628883Z ERROR:inventree:Error creating new object
2022-06-16T03:33:52.5140246Z ERROR:inventree:POST request failed at 'http://localhost:12345/api/part/parameter/' - 400
2022-06-16T03:33:52.5140825Z ERROR:inventree:{"data":["This field is required."]}
2022-06-16T03:33:52.5141179Z ERROR:inventree:Error creating new object
2022-06-16T03:33:52.5264546Z ERROR:inventree:POST request failed at 'http://localhost:12345/api/part/parameter/' - 400
2022-06-16T03:33:52.5265036Z ERROR:inventree:{"template":["This field is required."]}
2022-06-16T03:33:52.5265400Z ERROR:inventree:Error creating new object
2022-06-16T03:33:52.5585155Z ERROR:inventree:POST request failed at 'http://localhost:12345/api/part/parameter/' - 400
2022-06-16T03:33:52.5585701Z ERROR:inventree:{"non_field_errors":["The fields part, template must make a unique set."]}
2022-06-16T03:33:52.5586312Z ERROR:inventree:Error creating new object
2022-06-16T03:33:57.8815442Z E............
2022-06-16T03:33:57.8815958Z ======================================================================
2022-06-16T03:33:57.8816767Z ERROR: test_parameters (test_part.PartTest)
2022-06-16T03:33:57.8817291Z Test setting and getting Part parameter templates, as well as parameter values
2022-06-16T03:33:57.8818021Z ----------------------------------------------------------------------
2022-06-16T03:33:57.8818533Z Traceback (most recent call last):
2022-06-16T03:33:57.8819920Z   File "/home/runner/work/InvenTree/InvenTree/inventree-python/test/test_part.py", line 490, in test_parameters
2022-06-16T03:33:57.8820394Z     parametertemplate.delete()
2022-06-16T03:33:57.8912288Z   File "/home/runner/work/InvenTree/InvenTree/inventree-python/inventree/base.py", line 148, in delete
2022-06-16T03:33:57.8912762Z     return self._api.delete(self._url)
2022-06-16T03:33:57.8913199Z   File "/home/runner/work/InvenTree/InvenTree/inventree-python/inventree/api.py", line 289, in delete
2022-06-16T03:33:57.8913659Z     response = self.request(url, method='delete', headers=headers, **kwargs)
2022-06-16T03:33:57.8914135Z   File "/home/runner/work/InvenTree/InvenTree/inventree-python/inventree/api.py", line 266, in request
2022-06-16T03:33:57.8914495Z     raise requests.exceptions.HTTPError(detail)
2022-06-16T03:33:57.8915391Z requests.exceptions.HTTPError: {'detail': 'Error occurred during API request', 'url': 'http://localhost:12345/api/part/parameter/template/4/', 'method': 'DELETE', 'status_code': 405, 'body': '{"detail":"Method \\"DELETE\\" not allowed."}', 'headers': {'AUTHORIZATION': 'Token 3e5c4cba9581354a2ff1e4e4584f0394a138682f'}}
2022-06-16T03:33:57.8915871Z 
2022-06-16T03:33:57.8916091Z ----------------------------------------------------------------------
2022-06-16T03:33:57.8916364Z Ran 47 tests in 20.273s
2022-06-16T03:33:57.8916494Z 
2022-06-16T03:33:57.8916575Z FAILED (errors=1)
2022-06-16T03:33:57.9099377Z ##[error]Process completed with exit code 1.
2022-06-16T03:33:57.9152003Z Post job cleanup.
2022-06-16T03:33:58.0345558Z [command]/usr/bin/git version
2022-06-16T03:33:58.0391802Z git version 2.36.1
2022-06-16T03:33:58.0437750Z Temporarily overriding HOME='/home/runner/work/_temp/7a096556-0f4f-47cd-b5df-1ccad4637c50' before making global git config changes
2022-06-16T03:33:58.0441245Z Adding repository directory to the temporary git global config as a safe directory
2022-06-16T03:33:58.0449028Z [command]/usr/bin/git config --global --add safe.directory /home/runner/work/InvenTree/InvenTree
2022-06-16T03:33:58.0489597Z [command]/usr/bin/git config --local --name-only --get-regexp core\.sshCommand
2022-06-16T03:33:58.0523353Z [command]/usr/bin/git submodule foreach --recursive git config --local --name-only --get-regexp 'core\.sshCommand' && git config --local --unset-all 'core.sshCommand' || :
2022-06-16T03:33:58.0774848Z [command]/usr/bin/git config --local --name-only --get-regexp http\.https\:\/\/github\.com\/\.extraheader
2022-06-16T03:33:58.0829400Z http.https://github.com/.extraheader
2022-06-16T03:33:58.0840565Z [command]/usr/bin/git config --local --unset-all http.https://github.com/.extraheader
2022-06-16T03:33:58.0872955Z [command]/usr/bin/git submodule foreach --recursive git config --local --name-only --get-regexp 'http\.https\:\/\/github\.com\/\.extraheader' && git config --local --unset-all 'http.https://github.com/.extraheader' || :
2022-06-16T03:33:58.1317455Z Cleaning up orphan processes
2022-06-16T03:33:58.1561060Z Terminate orphan process: pid (2890) (invoke)
2022-06-16T03:33:58.1600335Z Terminate orphan process: pid (2893) (python3)
2022-06-16T03:33:58.1615626Z Terminate orphan process: pid (2985) (python3)