2022-06-16T19:25:25.9751385Z Requested labels: ubuntu-latest
2022-06-16T19:25:25.9751444Z Job defined at: obss/sahi/.github/workflows/ci_torch1.10.yml@refs/pull/484/merge
2022-06-16T19:25:25.9751470Z Waiting for a runner to pick up this job...
2022-06-16T19:29:52.5556752Z Job is waiting for a hosted runner to come online.
2022-06-16T19:29:56.3912969Z Job is about to start running on the hosted runner: GitHub Actions 20 (hosted)
2022-06-16T19:30:00.0046084Z Current runner version: '2.293.0'
2022-06-16T19:30:00.0077497Z ##[group]Operating System
2022-06-16T19:30:00.0078177Z Ubuntu
2022-06-16T19:30:00.0078524Z 20.04.4
2022-06-16T19:30:00.0078801Z LTS
2022-06-16T19:30:00.0079155Z ##[endgroup]
2022-06-16T19:30:00.0079629Z ##[group]Virtual Environment
2022-06-16T19:30:00.0080080Z Environment: ubuntu-20.04
2022-06-16T19:30:00.0080431Z Version: 20220614.0
2022-06-16T19:30:00.0081414Z Included Software: https://github.com/actions/virtual-environments/blob/ubuntu20/20220614.0/images/linux/Ubuntu2004-Readme.md
2022-06-16T19:30:00.0082277Z Image Release: https://github.com/actions/virtual-environments/releases/tag/ubuntu20%2F20220614.0
2022-06-16T19:30:00.0082798Z ##[endgroup]
2022-06-16T19:30:00.0083226Z ##[group]Virtual Environment Provisioner
2022-06-16T19:30:00.0083667Z 1.0.0.0-main-20220531-1
2022-06-16T19:30:00.0083987Z ##[endgroup]
2022-06-16T19:30:00.0085205Z ##[group]GITHUB_TOKEN Permissions
2022-06-16T19:30:00.0085950Z Actions: write
2022-06-16T19:30:00.0086522Z Checks: write
2022-06-16T19:30:00.0086991Z Contents: write
2022-06-16T19:30:00.0087388Z Deployments: write
2022-06-16T19:30:00.0087782Z Discussions: write
2022-06-16T19:30:00.0088105Z Issues: write
2022-06-16T19:30:00.0088479Z Metadata: read
2022-06-16T19:30:00.0088882Z Packages: write
2022-06-16T19:30:00.0089205Z Pages: write
2022-06-16T19:30:00.0089588Z PullRequests: write
2022-06-16T19:30:00.0090011Z RepositoryProjects: write
2022-06-16T19:30:00.0090399Z SecurityEvents: write
2022-06-16T19:30:00.0090820Z Statuses: write
2022-06-16T19:30:00.0091191Z ##[endgroup]
2022-06-16T19:30:00.0095793Z Secret source: Actions
2022-06-16T19:30:00.0096430Z Prepare workflow directory
2022-06-16T19:30:00.1104130Z Prepare all required actions
2022-06-16T19:30:00.1328224Z Getting action download info
2022-06-16T19:30:00.3394244Z Download action repository 'actions/checkout@v2' (SHA:7884fcad6b5d53d10323aee724dc68d8b9096a2e)
2022-06-16T19:30:00.7100389Z Download action repository 'actions/setup-python@v2' (SHA:7f80679172b057fc5e90d70d197929d454754a5a)
2022-06-16T19:30:00.9493515Z Download action repository 'actions/cache@v1' (SHA:70655ec8323daeeaa7ef06d7c56e1b9191396cbe)
2022-06-16T19:30:01.3761775Z ##[group]Run actions/checkout@v2
2022-06-16T19:30:01.3762246Z with:
2022-06-16T19:30:01.3762564Z   repository: obss/sahi
2022-06-16T19:30:01.3763233Z   token: ***
2022-06-16T19:30:01.3763534Z   ssh-strict: true
2022-06-16T19:30:01.3763896Z   persist-credentials: true
2022-06-16T19:30:01.3764212Z   clean: true
2022-06-16T19:30:01.3764504Z   fetch-depth: 1
2022-06-16T19:30:01.3764821Z   lfs: false
2022-06-16T19:30:01.3765101Z   submodules: false
2022-06-16T19:30:01.3765445Z   set-safe-directory: true
2022-06-16T19:30:01.3765791Z ##[endgroup]
2022-06-16T19:30:01.7488015Z Syncing repository: obss/sahi
2022-06-16T19:30:01.7490107Z ##[group]Getting Git version info
2022-06-16T19:30:01.7490780Z Working directory is '/home/runner/work/sahi/sahi'
2022-06-16T19:30:01.7491397Z [command]/usr/bin/git version
2022-06-16T19:30:01.7643875Z git version 2.36.1
2022-06-16T19:30:01.7670703Z ##[endgroup]
2022-06-16T19:30:01.7697170Z Temporarily overriding HOME='/home/runner/work/_temp/4dececb7-26b2-4951-bca5-32a930522654' before making global git config changes
2022-06-16T19:30:01.7697771Z Adding repository directory to the temporary git global config as a safe directory
2022-06-16T19:30:01.7698388Z [command]/usr/bin/git config --global --add safe.directory /home/runner/work/sahi/sahi
2022-06-16T19:30:01.7740620Z Deleting the contents of '/home/runner/work/sahi/sahi'
2022-06-16T19:30:01.7745619Z ##[group]Initializing the repository
2022-06-16T19:30:01.7748764Z [command]/usr/bin/git init /home/runner/work/sahi/sahi
2022-06-16T19:30:01.7852911Z hint: Using 'master' as the name for the initial branch. This default branch name
2022-06-16T19:30:01.7853982Z hint: is subject to change. To configure the initial branch name to use in all
2022-06-16T19:30:01.7854787Z hint: of your new repositories, which will suppress this warning, call:
2022-06-16T19:30:01.7855817Z hint: 
2022-06-16T19:30:01.7856709Z hint: 	git config --global init.defaultBranch <name>
2022-06-16T19:30:01.7857026Z hint: 
2022-06-16T19:30:01.7857473Z hint: Names commonly chosen instead of 'master' are 'main', 'trunk' and
2022-06-16T19:30:01.7858044Z hint: 'development'. The just-created branch can be renamed via this command:
2022-06-16T19:30:01.7858387Z hint: 
2022-06-16T19:30:01.7858679Z hint: 	git branch -m <name>
2022-06-16T19:30:01.7868565Z Initialized empty Git repository in /home/runner/work/sahi/sahi/.git/
2022-06-16T19:30:01.7880552Z [command]/usr/bin/git remote add origin https://github.com/obss/sahi
2022-06-16T19:30:01.7965745Z ##[endgroup]
2022-06-16T19:30:01.7966363Z ##[group]Disabling automatic garbage collection
2022-06-16T19:30:01.7967042Z [command]/usr/bin/git config --local gc.auto 0
2022-06-16T19:30:01.8016405Z ##[endgroup]
2022-06-16T19:30:01.8016935Z ##[group]Setting up auth
2022-06-16T19:30:01.8027837Z [command]/usr/bin/git config --local --name-only --get-regexp core\.sshCommand
2022-06-16T19:30:01.8095018Z [command]/usr/bin/git submodule foreach --recursive git config --local --name-only --get-regexp 'core\.sshCommand' && git config --local --unset-all 'core.sshCommand' || :
2022-06-16T19:30:01.8537868Z [command]/usr/bin/git config --local --name-only --get-regexp http\.https\:\/\/github\.com\/\.extraheader
2022-06-16T19:30:01.8577727Z [command]/usr/bin/git submodule foreach --recursive git config --local --name-only --get-regexp 'http\.https\:\/\/github\.com\/\.extraheader' && git config --local --unset-all 'http.https://github.com/.extraheader' || :
2022-06-16T19:30:01.8859172Z [command]/usr/bin/git config --local http.https://github.com/.extraheader AUTHORIZATION: basic ***
2022-06-16T19:30:01.8897245Z ##[endgroup]
2022-06-16T19:30:01.8900121Z ##[group]Fetching the repository
2022-06-16T19:30:01.8911772Z [command]/usr/bin/git -c protocol.version=2 fetch --no-tags --prune --progress --no-recurse-submodules --depth=1 origin +e22e5b4c336c7082bd6f6a1d91b98664f796d159:refs/remotes/pull/484/merge
2022-06-16T19:30:02.1935428Z remote: Enumerating objects: 123, done.        
2022-06-16T19:30:02.1936698Z remote: Counting objects:   0% (1/123)        
2022-06-16T19:30:02.1937049Z remote: Counting objects:   1% (2/123)        
2022-06-16T19:30:02.1937370Z remote: Counting objects:   2% (3/123)        
2022-06-16T19:30:02.1937690Z remote: Counting objects:   3% (4/123)        
2022-06-16T19:30:02.1937997Z remote: Counting objects:   4% (5/123)        
2022-06-16T19:30:02.1938310Z remote: Counting objects:   5% (7/123)        
2022-06-16T19:30:02.1938684Z remote: Counting objects:   6% (8/123)        
2022-06-16T19:30:02.1938985Z remote: Counting objects:   7% (9/123)        
2022-06-16T19:30:02.1939546Z remote: Counting objects:   8% (10/123)        
2022-06-16T19:30:02.1939874Z remote: Counting objects:   9% (12/123)        
2022-06-16T19:30:02.1940183Z remote: Counting objects:  10% (13/123)        
2022-06-16T19:30:02.1940505Z remote: Counting objects:  11% (14/123)        
2022-06-16T19:30:02.1940835Z remote: Counting objects:  12% (15/123)        
2022-06-16T19:30:02.1941158Z remote: Counting objects:  13% (16/123)        
2022-06-16T19:30:02.1941463Z remote: Counting objects:  14% (18/123)        
2022-06-16T19:30:02.1941829Z remote: Counting objects:  15% (19/123)        
2022-06-16T19:30:02.1942145Z remote: Counting objects:  16% (20/123)        
2022-06-16T19:30:02.1942444Z remote: Counting objects:  17% (21/123)        
2022-06-16T19:30:02.1942754Z remote: Counting objects:  18% (23/123)        
2022-06-16T19:30:02.1943072Z remote: Counting objects:  19% (24/123)        
2022-06-16T19:30:02.1943372Z remote: Counting objects:  20% (25/123)        
2022-06-16T19:30:02.1943683Z remote: Counting objects:  21% (26/123)        
2022-06-16T19:30:02.1943998Z remote: Counting objects:  22% (28/123)        
2022-06-16T19:30:02.1944293Z remote: Counting objects:  23% (29/123)        
2022-06-16T19:30:02.1944609Z remote: Counting objects:  24% (30/123)        
2022-06-16T19:30:02.1944926Z remote: Counting objects:  25% (31/123)        
2022-06-16T19:30:02.1945370Z remote: Counting objects:  26% (32/123)        
2022-06-16T19:30:02.1945677Z remote: Counting objects:  27% (34/123)        
2022-06-16T19:30:02.1946004Z remote: Counting objects:  28% (35/123)        
2022-06-16T19:30:02.1946319Z remote: Counting objects:  29% (36/123)        
2022-06-16T19:30:02.1946618Z remote: Counting objects:  30% (37/123)        
2022-06-16T19:30:02.1946931Z remote: Counting objects:  31% (39/123)        
2022-06-16T19:30:02.1947240Z remote: Counting objects:  32% (40/123)        
2022-06-16T19:30:02.1947537Z remote: Counting objects:  33% (41/123)        
2022-06-16T19:30:02.1947866Z remote: Counting objects:  34% (42/123)        
2022-06-16T19:30:02.1948184Z remote: Counting objects:  35% (44/123)        
2022-06-16T19:30:02.1948499Z remote: Counting objects:  36% (45/123)        
2022-06-16T19:30:02.1951527Z remote: Counting objects:  37% (46/123)        
2022-06-16T19:30:02.1952215Z remote: Counting objects:  38% (47/123)        
2022-06-16T19:30:02.1952668Z remote: Counting objects:  39% (48/123)        
2022-06-16T19:30:02.1973799Z remote: Counting objects:  40% (50/123)        
2022-06-16T19:30:02.1983282Z remote: Counting objects:  41% (51/123)        
2022-06-16T19:30:02.1986831Z remote: Counting objects:  42% (52/123)        
2022-06-16T19:30:02.1987289Z remote: Counting objects:  43% (53/123)        
2022-06-16T19:30:02.1987619Z remote: Counting objects:  44% (55/123)        
2022-06-16T19:30:02.1987926Z remote: Counting objects:  45% (56/123)        
2022-06-16T19:30:02.1988240Z remote: Counting objects:  46% (57/123)        
2022-06-16T19:30:02.1988557Z remote: Counting objects:  47% (58/123)        
2022-06-16T19:30:02.1988859Z remote: Counting objects:  48% (60/123)        
2022-06-16T19:30:02.1989171Z remote: Counting objects:  49% (61/123)        
2022-06-16T19:30:02.1989483Z remote: Counting objects:  50% (62/123)        
2022-06-16T19:30:02.1989778Z remote: Counting objects:  51% (63/123)        
2022-06-16T19:30:02.1990109Z remote: Counting objects:  52% (64/123)        
2022-06-16T19:30:02.1990416Z remote: Counting objects:  53% (66/123)        
2022-06-16T19:30:02.1991023Z remote: Counting objects:  54% (67/123)        
2022-06-16T19:30:02.1991330Z remote: Counting objects:  55% (68/123)        
2022-06-16T19:30:02.1991639Z remote: Counting objects:  56% (69/123)        
2022-06-16T19:30:02.1991955Z remote: Counting objects:  57% (71/123)        
2022-06-16T19:30:02.1992253Z remote: Counting objects:  58% (72/123)        
2022-06-16T19:30:02.1992563Z remote: Counting objects:  59% (73/123)        
2022-06-16T19:30:02.1993578Z remote: Counting objects:  60% (74/123)        
2022-06-16T19:30:02.1994193Z remote: Counting objects:  61% (76/123)        
2022-06-16T19:30:02.1994507Z remote: Counting objects:  62% (77/123)        
2022-06-16T19:30:02.1994822Z remote: Counting objects:  63% (78/123)        
2022-06-16T19:30:02.1995149Z remote: Counting objects:  64% (79/123)        
2022-06-16T19:30:02.1995447Z remote: Counting objects:  65% (80/123)        
2022-06-16T19:30:02.1995765Z remote: Counting objects:  66% (82/123)        
2022-06-16T19:30:02.1996203Z remote: Counting objects:  67% (83/123)        
2022-06-16T19:30:02.1996531Z remote: Counting objects:  68% (84/123)        
2022-06-16T19:30:02.1996831Z remote: Counting objects:  69% (85/123)        
2022-06-16T19:30:02.1997140Z remote: Counting objects:  70% (87/123)        
2022-06-16T19:30:02.1997457Z remote: Counting objects:  71% (88/123)        
2022-06-16T19:30:02.1997751Z remote: Counting objects:  72% (89/123)        
2022-06-16T19:30:02.1998059Z remote: Counting objects:  73% (90/123)        
2022-06-16T19:30:02.1998369Z remote: Counting objects:  74% (92/123)        
2022-06-16T19:30:02.1998663Z remote: Counting objects:  75% (93/123)        
2022-06-16T19:30:02.1998967Z remote: Counting objects:  76% (94/123)        
2022-06-16T19:30:02.1999279Z remote: Counting objects:  77% (95/123)        
2022-06-16T19:30:02.1999687Z remote: Counting objects:  78% (96/123)        
2022-06-16T19:30:02.2000196Z remote: Counting objects:  79% (98/123)        
2022-06-16T19:30:02.2000510Z remote: Counting objects:  80% (99/123)        
2022-06-16T19:30:02.2001017Z remote: Counting objects:  81% (100/123)        
2022-06-16T19:30:02.2001330Z remote: Counting objects:  82% (101/123)        
2022-06-16T19:30:02.2001645Z remote: Counting objects:  83% (103/123)        
2022-06-16T19:30:02.2001964Z remote: Counting objects:  84% (104/123)        
2022-06-16T19:30:02.2002268Z remote: Counting objects:  85% (105/123)        
2022-06-16T19:30:02.2002582Z remote: Counting objects:  86% (106/123)        
2022-06-16T19:30:02.2003369Z remote: Counting objects:  87% (108/123)        
2022-06-16T19:30:02.2003696Z remote: Counting objects:  88% (109/123)        
2022-06-16T19:30:02.2004010Z remote: Counting objects:  89% (110/123)        
2022-06-16T19:30:02.2004330Z remote: Counting objects:  90% (111/123)        
2022-06-16T19:30:02.2004631Z remote: Counting objects:  91% (112/123)        
2022-06-16T19:30:02.2005593Z remote: Counting objects:  92% (114/123)        
2022-06-16T19:30:02.2005921Z remote: Counting objects:  93% (115/123)        
2022-06-16T19:30:02.2006236Z remote: Counting objects:  94% (116/123)        
2022-06-16T19:30:02.2006540Z remote: Counting objects:  95% (117/123)        
2022-06-16T19:30:02.2006853Z remote: Counting objects:  96% (119/123)        
2022-06-16T19:30:02.2007171Z remote: Counting objects:  97% (120/123)        
2022-06-16T19:30:02.2007470Z remote: Counting objects:  98% (121/123)        
2022-06-16T19:30:02.2007781Z remote: Counting objects:  99% (122/123)        
2022-06-16T19:30:02.2008097Z remote: Counting objects: 100% (123/123)        
2022-06-16T19:30:02.2008417Z remote: Counting objects: 100% (123/123), done.        
2022-06-16T19:30:02.2008783Z remote: Compressing objects:   0% (1/114)        
2022-06-16T19:30:02.2021597Z remote: Compressing objects:   1% (2/114)        
2022-06-16T19:30:02.2021973Z remote: Compressing objects:   2% (3/114)        
2022-06-16T19:30:02.2022312Z remote: Compressing objects:   3% (4/114)        
2022-06-16T19:30:02.2023281Z remote: Compressing objects:   4% (5/114)        
2022-06-16T19:30:02.2023677Z remote: Compressing objects:   5% (6/114)        
2022-06-16T19:30:02.2023995Z remote: Compressing objects:   6% (7/114)        
2022-06-16T19:30:02.2024324Z remote: Compressing objects:   7% (8/114)        
2022-06-16T19:30:02.2024661Z remote: Compressing objects:   8% (10/114)        
2022-06-16T19:30:02.2024988Z remote: Compressing objects:   9% (11/114)        
2022-06-16T19:30:02.2025325Z remote: Compressing objects:  10% (12/114)        
2022-06-16T19:30:02.2025661Z remote: Compressing objects:  11% (13/114)        
2022-06-16T19:30:02.2025977Z remote: Compressing objects:  12% (14/114)        
2022-06-16T19:30:02.2026307Z remote: Compressing objects:  13% (15/114)        
2022-06-16T19:30:02.2026642Z remote: Compressing objects:  14% (16/114)        
2022-06-16T19:30:02.2026979Z remote: Compressing objects:  15% (18/114)        
2022-06-16T19:30:02.2027301Z remote: Compressing objects:  16% (19/114)        
2022-06-16T19:30:02.2027635Z remote: Compressing objects:  17% (20/114)        
2022-06-16T19:30:02.2028000Z remote: Compressing objects:  18% (21/114)        
2022-06-16T19:30:02.2028314Z remote: Compressing objects:  19% (22/114)        
2022-06-16T19:30:02.2028642Z remote: Compressing objects:  20% (23/114)        
2022-06-16T19:30:02.2028974Z remote: Compressing objects:  21% (24/114)        
2022-06-16T19:30:02.2029288Z remote: Compressing objects:  22% (26/114)        
2022-06-16T19:30:02.2029619Z remote: Compressing objects:  23% (27/114)        
2022-06-16T19:30:02.2029950Z remote: Compressing objects:  24% (28/114)        
2022-06-16T19:30:02.2030281Z remote: Compressing objects:  25% (29/114)        
2022-06-16T19:30:02.2030594Z remote: Compressing objects:  26% (30/114)        
2022-06-16T19:30:02.2030918Z remote: Compressing objects:  27% (31/114)        
2022-06-16T19:30:02.2031246Z remote: Compressing objects:  28% (32/114)        
2022-06-16T19:30:02.2031684Z remote: Compressing objects:  29% (34/114)        
2022-06-16T19:30:02.2049384Z remote: Compressing objects:  30% (35/114)        
2022-06-16T19:30:02.2050031Z remote: Compressing objects:  31% (36/114)        
2022-06-16T19:30:02.2051463Z remote: Compressing objects:  32% (37/114)        
2022-06-16T19:30:02.2051803Z remote: Compressing objects:  33% (38/114)        
2022-06-16T19:30:02.2052144Z remote: Compressing objects:  34% (39/114)        
2022-06-16T19:30:02.2052483Z remote: Compressing objects:  35% (40/114)        
2022-06-16T19:30:02.2052802Z remote: Compressing objects:  36% (42/114)        
2022-06-16T19:30:02.2053458Z remote: Compressing objects:  37% (43/114)        
2022-06-16T19:30:02.2054750Z remote: Compressing objects:  38% (44/114)        
2022-06-16T19:30:02.2064484Z remote: Compressing objects:  39% (45/114)        
2022-06-16T19:30:02.2064887Z remote: Compressing objects:  40% (46/114)        
2022-06-16T19:30:02.2068046Z remote: Compressing objects:  41% (47/114)        
2022-06-16T19:30:02.2068607Z remote: Compressing objects:  42% (48/114)        
2022-06-16T19:30:02.2069406Z remote: Compressing objects:  43% (50/114)        
2022-06-16T19:30:02.2069858Z remote: Compressing objects:  44% (51/114)        
2022-06-16T19:30:02.2070895Z remote: Compressing objects:  45% (52/114)        
2022-06-16T19:30:02.2071542Z remote: Compressing objects:  46% (53/114)        
2022-06-16T19:30:02.2072322Z remote: Compressing objects:  47% (54/114)        
2022-06-16T19:30:02.2073018Z remote: Compressing objects:  48% (55/114)        
2022-06-16T19:30:02.2082856Z remote: Compressing objects:  49% (56/114)        
2022-06-16T19:30:02.2083219Z remote: Compressing objects:  50% (57/114)        
2022-06-16T19:30:02.2083563Z remote: Compressing objects:  51% (59/114)        
2022-06-16T19:30:02.2083884Z remote: Compressing objects:  52% (60/114)        
2022-06-16T19:30:02.2084220Z remote: Compressing objects:  53% (61/114)        
2022-06-16T19:30:02.2084577Z remote: Compressing objects:  54% (62/114)        
2022-06-16T19:30:02.2084894Z remote: Compressing objects:  55% (63/114)        
2022-06-16T19:30:02.2085415Z remote: Compressing objects:  56% (64/114)        
2022-06-16T19:30:02.2085762Z remote: Compressing objects:  57% (65/114)        
2022-06-16T19:30:02.2086082Z remote: Compressing objects:  58% (67/114)        
2022-06-16T19:30:02.2086416Z remote: Compressing objects:  59% (68/114)        
2022-06-16T19:30:02.2088040Z remote: Compressing objects:  60% (69/114)        
2022-06-16T19:30:02.2098748Z remote: Compressing objects:  61% (70/114)        
2022-06-16T19:30:02.2099278Z remote: Compressing objects:  62% (71/114)        
2022-06-16T19:30:02.2100083Z remote: Compressing objects:  63% (72/114)        
2022-06-16T19:30:02.2100693Z remote: Compressing objects:  64% (73/114)        
2022-06-16T19:30:02.2101364Z remote: Compressing objects:  65% (75/114)        
2022-06-16T19:30:02.2101981Z remote: Compressing objects:  66% (76/114)        
2022-06-16T19:30:02.2102492Z remote: Compressing objects:  67% (77/114)        
2022-06-16T19:30:02.2103510Z remote: Compressing objects:  68% (78/114)        
2022-06-16T19:30:02.2104015Z remote: Compressing objects:  69% (79/114)        
2022-06-16T19:30:02.2104544Z remote: Compressing objects:  70% (80/114)        
2022-06-16T19:30:02.2105173Z remote: Compressing objects:  71% (81/114)        
2022-06-16T19:30:02.4793750Z remote: Compressing objects:  72% (83/114)        
2022-06-16T19:30:02.4794404Z remote: Compressing objects:  73% (84/114)        
2022-06-16T19:30:02.7540698Z remote: Compressing objects:  74% (85/114)        
2022-06-16T19:30:02.7541206Z remote: Compressing objects:  75% (86/114)        
2022-06-16T19:30:02.7541550Z remote: Compressing objects:  76% (87/114)        
2022-06-16T19:30:02.7559100Z remote: Compressing objects:  77% (88/114)        
2022-06-16T19:30:02.7560195Z remote: Compressing objects:  78% (89/114)        
2022-06-16T19:30:02.7561907Z remote: Compressing objects:  79% (91/114)        
2022-06-16T19:30:02.7564335Z remote: Compressing objects:  80% (92/114)        
2022-06-16T19:30:02.7569134Z remote: Compressing objects:  81% (93/114)        
2022-06-16T19:30:02.7570424Z remote: Compressing objects:  82% (94/114)        
2022-06-16T19:30:02.7570932Z remote: Compressing objects:  83% (95/114)        
2022-06-16T19:30:02.7571551Z remote: Compressing objects:  84% (96/114)        
2022-06-16T19:30:02.7572195Z remote: Compressing objects:  85% (97/114)        
2022-06-16T19:30:02.7572939Z remote: Compressing objects:  86% (99/114)        
2022-06-16T19:30:02.7573613Z remote: Compressing objects:  87% (100/114)        
2022-06-16T19:30:02.7574930Z remote: Compressing objects:  88% (101/114)        
2022-06-16T19:30:02.7575261Z remote: Compressing objects:  89% (102/114)        
2022-06-16T19:30:02.7575600Z remote: Compressing objects:  90% (103/114)        
2022-06-16T19:30:02.7575934Z remote: Compressing objects:  91% (104/114)        
2022-06-16T19:30:02.7576248Z remote: Compressing objects:  92% (105/114)        
2022-06-16T19:30:02.7576600Z remote: Compressing objects:  93% (107/114)        
2022-06-16T19:30:02.7576937Z remote: Compressing objects:  94% (108/114)        
2022-06-16T19:30:02.7577724Z remote: Compressing objects:  95% (109/114)        
2022-06-16T19:30:02.7578060Z remote: Compressing objects:  96% (110/114)        
2022-06-16T19:30:02.7578456Z remote: Compressing objects:  97% (111/114)        
2022-06-16T19:30:02.7578784Z remote: Compressing objects:  98% (112/114)        
2022-06-16T19:30:02.7579096Z remote: Compressing objects:  99% (113/114)        
2022-06-16T19:30:02.7579423Z remote: Compressing objects: 100% (114/114)        
2022-06-16T19:30:02.7579823Z remote: Compressing objects: 100% (114/114), done.        
2022-06-16T19:30:02.7622806Z Receiving objects:   0% (1/123)
2022-06-16T19:30:02.7623402Z Receiving objects:   1% (2/123)
2022-06-16T19:30:02.7624465Z Receiving objects:   2% (3/123)
2022-06-16T19:30:02.7624792Z Receiving objects:   3% (4/123)
2022-06-16T19:30:02.7625571Z Receiving objects:   4% (5/123)
2022-06-16T19:30:02.7626070Z Receiving objects:   5% (7/123)
2022-06-16T19:30:02.7627233Z Receiving objects:   6% (8/123)
2022-06-16T19:30:02.7627632Z Receiving objects:   7% (9/123)
2022-06-16T19:30:02.7629976Z Receiving objects:   8% (10/123)
2022-06-16T19:30:02.7630388Z Receiving objects:   9% (12/123)
2022-06-16T19:30:02.7633527Z Receiving objects:  10% (13/123)
2022-06-16T19:30:02.7637277Z Receiving objects:  11% (14/123)
2022-06-16T19:30:02.7637707Z Receiving objects:  12% (15/123)
2022-06-16T19:30:02.9130290Z Receiving objects:  13% (16/123)
2022-06-16T19:30:02.9133501Z Receiving objects:  14% (18/123)
2022-06-16T19:30:02.9136075Z Receiving objects:  15% (19/123)
2022-06-16T19:30:02.9138736Z Receiving objects:  16% (20/123)
2022-06-16T19:30:02.9870701Z Receiving objects:  17% (21/123)
2022-06-16T19:30:03.0441720Z Receiving objects:  18% (23/123)
2022-06-16T19:30:03.0996293Z Receiving objects:  19% (24/123)
2022-06-16T19:30:03.1474379Z Receiving objects:  20% (25/123)
2022-06-16T19:30:03.1481247Z Receiving objects:  21% (26/123)
2022-06-16T19:30:03.1486510Z Receiving objects:  22% (28/123)
2022-06-16T19:30:03.1491319Z Receiving objects:  23% (29/123)
2022-06-16T19:30:03.1495674Z Receiving objects:  24% (30/123)
2022-06-16T19:30:03.1499888Z Receiving objects:  25% (31/123)
2022-06-16T19:30:03.1504036Z Receiving objects:  26% (32/123)
2022-06-16T19:30:03.1508001Z Receiving objects:  27% (34/123)
2022-06-16T19:30:03.1511829Z Receiving objects:  28% (35/123)
2022-06-16T19:30:03.1516205Z Receiving objects:  29% (36/123)
2022-06-16T19:30:03.1918224Z Receiving objects:  30% (37/123)
2022-06-16T19:30:03.1923360Z Receiving objects:  31% (39/123)
2022-06-16T19:30:03.1929460Z Receiving objects:  32% (40/123)
2022-06-16T19:30:03.1935021Z Receiving objects:  33% (41/123)
2022-06-16T19:30:03.1942603Z Receiving objects:  34% (42/123)
2022-06-16T19:30:03.1946743Z Receiving objects:  35% (44/123)
2022-06-16T19:30:03.1950645Z Receiving objects:  36% (45/123)
2022-06-16T19:30:03.1957254Z Receiving objects:  37% (46/123)
2022-06-16T19:30:03.1957838Z Receiving objects:  38% (47/123)
2022-06-16T19:30:03.1961770Z Receiving objects:  39% (48/123)
2022-06-16T19:30:03.1966035Z Receiving objects:  40% (50/123)
2022-06-16T19:30:03.1970908Z Receiving objects:  41% (51/123)
2022-06-16T19:30:03.1976206Z Receiving objects:  42% (52/123)
2022-06-16T19:30:03.1978751Z Receiving objects:  43% (53/123)
2022-06-16T19:30:03.1979344Z Receiving objects:  44% (55/123)
2022-06-16T19:30:03.1984518Z Receiving objects:  45% (56/123)
2022-06-16T19:30:03.1989510Z Receiving objects:  46% (57/123)
2022-06-16T19:30:03.1990058Z Receiving objects:  47% (58/123)
2022-06-16T19:30:03.1993700Z Receiving objects:  48% (60/123)
2022-06-16T19:30:03.1998711Z Receiving objects:  49% (61/123)
2022-06-16T19:30:03.1999282Z Receiving objects:  50% (62/123)
2022-06-16T19:30:03.2011115Z Receiving objects:  51% (63/123)
2022-06-16T19:30:03.2017073Z Receiving objects:  52% (64/123)
2022-06-16T19:30:03.2017682Z Receiving objects:  53% (66/123)
2022-06-16T19:30:03.2021467Z Receiving objects:  54% (67/123)
2022-06-16T19:30:03.2026673Z Receiving objects:  55% (68/123)
2022-06-16T19:30:03.2030597Z Receiving objects:  56% (69/123)
2022-06-16T19:30:03.2036565Z Receiving objects:  57% (71/123)
2022-06-16T19:30:03.2037502Z Receiving objects:  58% (72/123)
2022-06-16T19:30:03.2041569Z Receiving objects:  59% (73/123)
2022-06-16T19:30:03.2042222Z Receiving objects:  60% (74/123)
2022-06-16T19:30:03.2042517Z Receiving objects:  61% (76/123)
2022-06-16T19:30:03.2042815Z Receiving objects:  62% (77/123)
2022-06-16T19:30:03.2043094Z Receiving objects:  63% (78/123)
2022-06-16T19:30:03.2043378Z Receiving objects:  64% (79/123)
2022-06-16T19:30:03.2049123Z Receiving objects:  65% (80/123)
2022-06-16T19:30:03.2050185Z Receiving objects:  66% (82/123)
2022-06-16T19:30:03.2052717Z Receiving objects:  67% (83/123)
2022-06-16T19:30:03.2053354Z Receiving objects:  68% (84/123)
2022-06-16T19:30:03.2146067Z Receiving objects:  69% (85/123)
2022-06-16T19:30:03.2146747Z Receiving objects:  70% (87/123)
2022-06-16T19:30:03.2149371Z Receiving objects:  71% (88/123)
2022-06-16T19:30:03.2212485Z Receiving objects:  72% (89/123)
2022-06-16T19:30:03.3655546Z Receiving objects:  73% (90/123)
2022-06-16T19:30:03.3656412Z Receiving objects:  74% (92/123), 14.28 MiB | 28.55 MiB/s
2022-06-16T19:30:03.3767563Z Receiving objects:  75% (93/123), 14.28 MiB | 28.55 MiB/s
2022-06-16T19:30:03.3785525Z Receiving objects:  76% (94/123), 14.28 MiB | 28.55 MiB/s
2022-06-16T19:30:03.3786677Z remote: Total 123 (delta 13), reused 60 (delta 4), pack-reused 0        
2022-06-16T19:30:03.3842210Z Receiving objects:  77% (95/123), 14.28 MiB | 28.55 MiB/s
2022-06-16T19:30:03.3842975Z Receiving objects:  78% (96/123), 14.28 MiB | 28.55 MiB/s
2022-06-16T19:30:03.3846833Z Receiving objects:  79% (98/123), 14.28 MiB | 28.55 MiB/s
2022-06-16T19:30:03.3847423Z Receiving objects:  80% (99/123), 14.28 MiB | 28.55 MiB/s
2022-06-16T19:30:03.3848373Z Receiving objects:  81% (100/123), 14.28 MiB | 28.55 MiB/s
2022-06-16T19:30:03.3852482Z Receiving objects:  82% (101/123), 14.28 MiB | 28.55 MiB/s
2022-06-16T19:30:03.3852862Z Receiving objects:  83% (103/123), 14.28 MiB | 28.55 MiB/s
2022-06-16T19:30:03.3853206Z Receiving objects:  84% (104/123), 14.28 MiB | 28.55 MiB/s
2022-06-16T19:30:03.3853522Z Receiving objects:  85% (105/123), 14.28 MiB | 28.55 MiB/s
2022-06-16T19:30:03.3855299Z Receiving objects:  86% (106/123), 14.28 MiB | 28.55 MiB/s
2022-06-16T19:30:03.3855903Z Receiving objects:  87% (108/123), 14.28 MiB | 28.55 MiB/s
2022-06-16T19:30:03.3856263Z Receiving objects:  88% (109/123), 14.28 MiB | 28.55 MiB/s
2022-06-16T19:30:03.3859260Z Receiving objects:  89% (110/123), 14.28 MiB | 28.55 MiB/s
2022-06-16T19:30:03.3859876Z Receiving objects:  90% (111/123), 14.28 MiB | 28.55 MiB/s
2022-06-16T19:30:03.3864248Z Receiving objects:  91% (112/123), 14.28 MiB | 28.55 MiB/s
2022-06-16T19:30:03.3864784Z Receiving objects:  92% (114/123), 14.28 MiB | 28.55 MiB/s
2022-06-16T19:30:03.3865260Z Receiving objects:  93% (115/123), 14.28 MiB | 28.55 MiB/s
2022-06-16T19:30:03.3866183Z Receiving objects:  94% (116/123), 14.28 MiB | 28.55 MiB/s
2022-06-16T19:30:03.3873845Z Receiving objects:  95% (117/123), 14.28 MiB | 28.55 MiB/s
2022-06-16T19:30:03.3874214Z Receiving objects:  96% (119/123), 14.28 MiB | 28.55 MiB/s
2022-06-16T19:30:03.3874545Z Receiving objects:  97% (120/123), 14.28 MiB | 28.55 MiB/s
2022-06-16T19:30:03.3874859Z Receiving objects:  98% (121/123), 14.28 MiB | 28.55 MiB/s
2022-06-16T19:30:03.3875194Z Receiving objects:  99% (122/123), 14.28 MiB | 28.55 MiB/s
2022-06-16T19:30:03.3875694Z Receiving objects: 100% (123/123), 14.28 MiB | 28.55 MiB/s
2022-06-16T19:30:03.3876372Z Receiving objects: 100% (123/123), 19.36 MiB | 30.97 MiB/s, done.
2022-06-16T19:30:03.3882127Z Resolving deltas:   0% (0/13)
2022-06-16T19:30:03.3887103Z Resolving deltas:   7% (1/13)
2022-06-16T19:30:03.3887441Z Resolving deltas:  15% (2/13)
2022-06-16T19:30:03.3888246Z Resolving deltas:  23% (3/13)
2022-06-16T19:30:03.3888918Z Resolving deltas:  30% (4/13)
2022-06-16T19:30:03.3889336Z Resolving deltas:  38% (5/13)
2022-06-16T19:30:03.3889699Z Resolving deltas:  46% (6/13)
2022-06-16T19:30:03.3890116Z Resolving deltas:  53% (7/13)
2022-06-16T19:30:03.3890492Z Resolving deltas:  61% (8/13)
2022-06-16T19:30:03.3890859Z Resolving deltas:  69% (9/13)
2022-06-16T19:30:03.3891167Z Resolving deltas:  76% (10/13)
2022-06-16T19:30:03.3895231Z Resolving deltas:  84% (11/13)
2022-06-16T19:30:03.3897880Z Resolving deltas:  92% (12/13)
2022-06-16T19:30:03.3901157Z Resolving deltas: 100% (13/13)
2022-06-16T19:30:03.3901895Z Resolving deltas: 100% (13/13), done.
2022-06-16T19:30:03.4532123Z From https://github.com/obss/sahi
2022-06-16T19:30:03.4533536Z  * [new ref]         e22e5b4c336c7082bd6f6a1d91b98664f796d159 -> pull/484/merge
2022-06-16T19:30:03.4584461Z ##[endgroup]
2022-06-16T19:30:03.4588514Z ##[group]Determining the checkout info
2022-06-16T19:30:03.4589235Z ##[endgroup]
2022-06-16T19:30:03.4589847Z ##[group]Checking out the ref
2022-06-16T19:30:03.4590647Z [command]/usr/bin/git checkout --progress --force refs/remotes/pull/484/merge
2022-06-16T19:30:03.6369938Z Note: switching to 'refs/remotes/pull/484/merge'.
2022-06-16T19:30:03.6370318Z 
2022-06-16T19:30:03.6370692Z You are in 'detached HEAD' state. You can look around, make experimental
2022-06-16T19:30:03.6371257Z changes and commit them, and you can discard any commits you make in this
2022-06-16T19:30:03.6371791Z state without impacting any branches by switching back to a branch.
2022-06-16T19:30:03.6372017Z 
2022-06-16T19:30:03.6372365Z If you want to create a new branch to retain commits you create, you may
2022-06-16T19:30:03.6372964Z do so (now or later) by using -c with the switch command. Example:
2022-06-16T19:30:03.6373233Z 
2022-06-16T19:30:03.6373481Z   git switch -c <new-branch-name>
2022-06-16T19:30:03.6373708Z 
2022-06-16T19:30:03.6373820Z Or undo this operation with:
2022-06-16T19:30:03.6374033Z 
2022-06-16T19:30:03.6374191Z   git switch -
2022-06-16T19:30:03.6374418Z 
2022-06-16T19:30:03.6374690Z Turn off this advice by setting config variable advice.detachedHead to false
2022-06-16T19:30:03.6374985Z 
2022-06-16T19:30:03.6375311Z HEAD is now at e22e5b4 Merge d3257e9289dca28eeb230e3efc5e6309470bdb9d into 018cde0ab59584a1cff0b8b86525b170a20eab6f
2022-06-16T19:30:03.6388765Z ##[endgroup]
2022-06-16T19:30:03.6461742Z [command]/usr/bin/git log -1 --format='%H'
2022-06-16T19:30:03.6493268Z 'e22e5b4c336c7082bd6f6a1d91b98664f796d159'
2022-06-16T19:30:03.6861898Z ##[group]Run actions/setup-python@v2
2022-06-16T19:30:03.6862307Z with:
2022-06-16T19:30:03.6862577Z   python-version: 3.7
2022-06-16T19:30:03.6863216Z   token: ***
2022-06-16T19:30:03.6863535Z ##[endgroup]
2022-06-16T19:30:03.8931544Z Successfully setup CPython (3.7.13)
2022-06-16T19:30:04.2462357Z ##[group]Run actions/cache@v1
2022-06-16T19:30:04.2462635Z with:
2022-06-16T19:30:04.2462870Z   path: ~/.cache/pip
2022-06-16T19:30:04.2463229Z   key: -3.7-1330a9cd6af8f46a78185bd3884c2076738ddd251ed6cf31b18bf6f77d4ad004
2022-06-16T19:30:04.2463746Z   restore-keys: -3.7-
2022-06-16T19:30:04.2464004Z env:
2022-06-16T19:30:04.2464311Z   pythonLocation: /opt/hostedtoolcache/Python/3.7.13/x64
2022-06-16T19:30:04.2464693Z   LD_LIBRARY_PATH: /opt/hostedtoolcache/Python/3.7.13/x64/lib
2022-06-16T19:30:04.2465001Z ##[endgroup]
2022-06-16T19:30:11.0572201Z Cache Size: ~761 MB (798061330 B)
2022-06-16T19:30:11.0613179Z [command]/usr/bin/tar -xz -f /home/runner/work/_temp/4d313f53-ef67-4eac-9916-f127d179f059/cache.tgz -C /home/runner/.cache/pip
2022-06-16T19:30:19.2167052Z Cache restored from key: -3.7-1330a9cd6af8f46a78185bd3884c2076738ddd251ed6cf31b18bf6f77d4ad004
2022-06-16T19:30:19.2352569Z ##[group]Run python -m pip install --upgrade pip
2022-06-16T19:30:19.2353029Z [36;1mpython -m pip install --upgrade pip[0m
2022-06-16T19:30:19.2420695Z shell: /usr/bin/bash -e {0}
2022-06-16T19:30:19.2420987Z env:
2022-06-16T19:30:19.2421322Z   pythonLocation: /opt/hostedtoolcache/Python/3.7.13/x64
2022-06-16T19:30:19.2421727Z   LD_LIBRARY_PATH: /opt/hostedtoolcache/Python/3.7.13/x64/lib
2022-06-16T19:30:19.2422044Z ##[endgroup]
2022-06-16T19:30:24.0151231Z Requirement already satisfied: pip in /opt/hostedtoolcache/Python/3.7.13/x64/lib/python3.7/site-packages (22.1.2)
2022-06-16T19:30:25.4177267Z ##[group]Run pip install -e .[dev]
2022-06-16T19:30:25.4177636Z [36;1mpip install -e .[dev][0m
2022-06-16T19:30:25.4178008Z [36;1m# stop the build if there are Python syntax errors or undefined names[0m
2022-06-16T19:30:25.4178464Z [36;1mflake8 . --count --select=E9,F63,F7,F82 --show-source --statistics[0m
2022-06-16T19:30:25.4178851Z [36;1mblack . --check --config pyproject.toml[0m
2022-06-16T19:30:25.4179155Z [36;1misort -c .[0m
2022-06-16T19:30:25.4179519Z [36;1m# exit-zero treats all errors as warnings. The GitHub editor is 127 chars wide[0m
2022-06-16T19:30:25.4180009Z [36;1mflake8 . --count --exit-zero --max-complexity=10 --max-line-length=127 --statistics[0m
2022-06-16T19:30:25.4242357Z shell: /usr/bin/bash -e {0}
2022-06-16T19:30:25.4242619Z env:
2022-06-16T19:30:25.4242956Z   pythonLocation: /opt/hostedtoolcache/Python/3.7.13/x64
2022-06-16T19:30:25.4243370Z   LD_LIBRARY_PATH: /opt/hostedtoolcache/Python/3.7.13/x64/lib
2022-06-16T19:30:25.4243742Z ##[endgroup]
2022-06-16T19:30:26.6535538Z Obtaining file:///home/runner/work/sahi/sahi
2022-06-16T19:30:28.7230717Z   Installing build dependencies: started
2022-06-16T19:30:32.3804770Z   Installing build dependencies: finished with status 'done'
2022-06-16T19:30:32.3866541Z   Checking if build backend supports build_editable: started
2022-06-16T19:30:32.7817714Z   Checking if build backend supports build_editable: finished with status 'done'
2022-06-16T19:30:32.7833454Z   Getting requirements to build wheel: started
2022-06-16T19:30:35.0876179Z   Getting requirements to build wheel: finished with status 'done'
2022-06-16T19:30:35.0918914Z   Preparing metadata (pyproject.toml): started
2022-06-16T19:30:37.5569735Z   Preparing metadata (pyproject.toml): finished with status 'done'
2022-06-16T19:30:37.7264338Z Collecting tqdm>=4.48.2
2022-06-16T19:30:37.7298686Z   Using cached tqdm-4.64.0-py2.py3-none-any.whl (78 kB)
2022-06-16T19:30:37.7496175Z Collecting fire
2022-06-16T19:30:37.7526687Z   Using cached fire-0.4.0.tar.gz (87 kB)
2022-06-16T19:30:37.7754367Z   Preparing metadata (setup.py): started
2022-06-16T19:30:38.8762356Z   Preparing metadata (setup.py): finished with status 'done'
2022-06-16T19:30:38.9141291Z Collecting terminaltables
2022-06-16T19:30:38.9176966Z   Using cached terminaltables-3.1.10-py2.py3-none-any.whl (15 kB)
2022-06-16T19:30:39.3274176Z Collecting pillow>=8.2.0
2022-06-16T19:30:39.3405740Z   Using cached Pillow-9.1.1-cp37-cp37m-manylinux_2_17_x86_64.manylinux2014_x86_64.whl (3.1 MB)
2022-06-16T19:30:39.6236538Z Collecting opencv-python>=4.2.0.32
2022-06-16T19:30:39.6474826Z   Downloading opencv_python-4.6.0.66-cp36-abi3-manylinux_2_17_x86_64.manylinux2014_x86_64.whl (60.9 MB)
2022-06-16T19:30:40.3207027Z      ━━━━━━━━━━━━━━━━━━━━━━━━━━━━━━━━━━━━━━━━ 60.9/60.9 MB 33.9 MB/s eta 0:00:00
2022-06-16T19:30:40.6222260Z Collecting requests
2022-06-16T19:30:40.6286481Z   Downloading requests-2.28.0-py3-none-any.whl (62 kB)
2022-06-16T19:30:40.6365250Z      ━━━━━━━━━━━━━━━━━━━━━━━━━━━━━━━━━━━━━━━━ 62.8/62.8 kB 13.6 MB/s eta 0:00:00
2022-06-16T19:30:40.7328745Z Collecting pyyaml
2022-06-16T19:30:40.7379784Z   Using cached PyYAML-6.0-cp37-cp37m-manylinux_2_5_x86_64.manylinux1_x86_64.manylinux_2_12_x86_64.manylinux2010_x86_64.whl (596 kB)
2022-06-16T19:30:40.7833781Z Collecting click==8.0.4
2022-06-16T19:30:40.7865083Z   Using cached click-8.0.4-py3-none-any.whl (97 kB)
2022-06-16T19:30:40.9245642Z Collecting shapely>=1.8.0
2022-06-16T19:30:40.9332548Z   Using cached Shapely-1.8.2-cp37-cp37m-manylinux_2_12_x86_64.manylinux2010_x86_64.whl (2.0 MB)
2022-06-16T19:30:41.0063623Z Collecting flake8==3.9.2
2022-06-16T19:30:41.0095176Z   Using cached flake8-3.9.2-py2.py3-none-any.whl (73 kB)
2022-06-16T19:30:41.0622339Z Collecting black==21.7b0
2022-06-16T19:30:41.0655669Z   Using cached black-21.7b0-py3-none-any.whl (141 kB)
2022-06-16T19:30:41.1520617Z Collecting isort==5.9.2
2022-06-16T19:30:41.1555489Z   Using cached isort-5.9.2-py3-none-any.whl (105 kB)
2022-06-16T19:30:41.3971800Z Collecting jupyterlab==3.0.14
2022-06-16T19:30:41.4200033Z   Using cached jupyterlab-3.0.14-py3-none-any.whl (8.3 MB)
2022-06-16T19:30:41.5157617Z Collecting mypy-extensions>=0.4.3
2022-06-16T19:30:41.5188025Z   Using cached mypy_extensions-0.4.3-py2.py3-none-any.whl (4.5 kB)
2022-06-16T19:30:42.3093089Z Collecting regex>=2020.1.8
2022-06-16T19:30:42.3183815Z   Downloading regex-2022.6.2-cp37-cp37m-manylinux_2_17_x86_64.manylinux2014_x86_64.whl (749 kB)
2022-06-16T19:30:42.3343383Z      ━━━━━━━━━━━━━━━━━━━━━━━━━━━━━━━━━━━━━━ 749.7/749.7 kB 72.2 MB/s eta 0:00:00
2022-06-16T19:30:42.3680446Z Collecting typing-extensions>=3.7.4
2022-06-16T19:30:42.3711048Z   Using cached typing_extensions-4.2.0-py3-none-any.whl (24 kB)
2022-06-16T19:30:42.4068988Z Collecting tomli<2.0.0,>=0.2.6
2022-06-16T19:30:42.4098310Z   Using cached tomli-1.2.3-py3-none-any.whl (12 kB)
2022-06-16T19:30:42.4317325Z Collecting pathspec<1,>=0.8.1
2022-06-16T19:30:42.4348552Z   Using cached pathspec-0.9.0-py2.py3-none-any.whl (31 kB)
2022-06-16T19:30:42.5469661Z Collecting typed-ast>=1.4.2
2022-06-16T19:30:42.5517808Z   Using cached typed_ast-1.5.4-cp37-cp37m-manylinux_2_5_x86_64.manylinux1_x86_64.manylinux_2_12_x86_64.manylinux2010_x86_64.whl (843 kB)
2022-06-16T19:30:42.5757560Z Collecting appdirs
2022-06-16T19:30:42.5786006Z   Using cached appdirs-1.4.4-py2.py3-none-any.whl (9.6 kB)
2022-06-16T19:30:42.6832219Z Collecting importlib-metadata
2022-06-16T19:30:42.6860819Z   Using cached importlib_metadata-4.11.4-py3-none-any.whl (18 kB)
2022-06-16T19:30:42.7294149Z Collecting pyflakes<2.4.0,>=2.3.0
2022-06-16T19:30:42.7324123Z   Using cached pyflakes-2.3.1-py2.py3-none-any.whl (68 kB)
2022-06-16T19:30:42.7587135Z Collecting pycodestyle<2.8.0,>=2.7.0
2022-06-16T19:30:42.7615658Z   Using cached pycodestyle-2.7.0-py2.py3-none-any.whl (41 kB)
2022-06-16T19:30:42.7840399Z Collecting mccabe<0.7.0,>=0.6.0
2022-06-16T19:30:42.7867314Z   Using cached mccabe-0.6.1-py2.py3-none-any.whl (8.6 kB)
2022-06-16T19:30:42.8631025Z Collecting jupyter-core
2022-06-16T19:30:42.8661078Z   Using cached jupyter_core-4.10.0-py3-none-any.whl (87 kB)
2022-06-16T19:30:42.9400224Z Collecting jupyter-server~=1.4
2022-06-16T19:30:42.9491252Z   Downloading jupyter_server-1.17.1-py3-none-any.whl (344 kB)
2022-06-16T19:30:42.9589194Z      ━━━━━━━━━━━━━━━━━━━━━━━━━━━━━━━━━━━━━━ 344.5/344.5 kB 50.8 MB/s eta 0:00:00
2022-06-16T19:30:43.0392787Z Collecting tornado>=6.1.0
2022-06-16T19:30:43.0429853Z   Using cached tornado-6.1-cp37-cp37m-manylinux2010_x86_64.whl (428 kB)
2022-06-16T19:30:43.0829938Z Collecting nbclassic~=0.2
2022-06-16T19:30:43.0859253Z   Using cached nbclassic-0.3.7-py3-none-any.whl (13 kB)
2022-06-16T19:30:43.1867942Z Collecting ipython
2022-06-16T19:30:43.1907024Z   Using cached ipython-7.34.0-py3-none-any.whl (793 kB)
2022-06-16T19:30:43.2381764Z Collecting jinja2>=2.10
2022-06-16T19:30:43.2411917Z   Using cached Jinja2-3.1.2-py3-none-any.whl (133 kB)
2022-06-16T19:30:43.2865485Z Collecting jupyter-packaging~=0.7
2022-06-16T19:30:43.2930786Z   Downloading jupyter_packaging-0.12.1-py3-none-any.whl (15 kB)
2022-06-16T19:30:43.3455489Z Collecting packaging
2022-06-16T19:30:43.3485188Z   Using cached packaging-21.3-py3-none-any.whl (40 kB)
2022-06-16T19:30:43.4218622Z Collecting jupyterlab-server~=2.3
2022-06-16T19:30:43.4247900Z   Using cached jupyterlab_server-2.14.0-py3-none-any.whl (54 kB)
2022-06-16T19:30:43.9129144Z Collecting numpy>=1.14.5
2022-06-16T19:30:43.9556688Z   Using cached numpy-1.21.6-cp37-cp37m-manylinux_2_12_x86_64.manylinux2010_x86_64.whl (15.7 MB)
2022-06-16T19:30:44.1386953Z Collecting six
2022-06-16T19:30:44.1416183Z   Using cached six-1.16.0-py2.py3-none-any.whl (11 kB)
2022-06-16T19:30:44.1588255Z Collecting termcolor
2022-06-16T19:30:44.1617486Z   Using cached termcolor-1.1.0.tar.gz (3.9 kB)
2022-06-16T19:30:44.1649790Z   Preparing metadata (setup.py): started
2022-06-16T19:30:44.3987521Z   Preparing metadata (setup.py): finished with status 'done'
2022-06-16T19:30:44.4571003Z Collecting charset-normalizer~=2.0.0
2022-06-16T19:30:44.4600585Z   Using cached charset_normalizer-2.0.12-py3-none-any.whl (39 kB)
2022-06-16T19:30:44.4893872Z Collecting idna<4,>=2.5
2022-06-16T19:30:44.4923436Z   Using cached idna-3.3-py3-none-any.whl (61 kB)
2022-06-16T19:30:44.5305395Z Collecting certifi>=2017.4.17
2022-06-16T19:30:44.5365030Z   Downloading certifi-2022.6.15-py3-none-any.whl (160 kB)
2022-06-16T19:30:44.5444231Z      ━━━━━━━━━━━━━━━━━━━━━━━━━━━━━━━━━━━━━━ 160.2/160.2 kB 36.5 MB/s eta 0:00:00
2022-06-16T19:30:44.6118484Z Collecting urllib3<1.27,>=1.21.1
2022-06-16T19:30:44.6136227Z   Using cached urllib3-1.26.9-py2.py3-none-any.whl (138 kB)
2022-06-16T19:30:44.7386423Z Collecting MarkupSafe>=2.0
2022-06-16T19:30:44.7418053Z   Using cached MarkupSafe-2.1.1-cp37-cp37m-manylinux_2_17_x86_64.manylinux2014_x86_64.whl (25 kB)
2022-06-16T19:30:45.1556060Z Collecting setuptools>=60.2.0
2022-06-16T19:30:45.1624395Z   Using cached setuptools-62.4.0-py3-none-any.whl (1.2 MB)
2022-06-16T19:30:45.2240194Z Collecting tomlkit
2022-06-16T19:30:45.2270917Z   Using cached tomlkit-0.11.0-py3-none-any.whl (34 kB)
2022-06-16T19:30:45.2507307Z Collecting deprecation
2022-06-16T19:30:45.2529097Z   Using cached deprecation-2.1.0-py2.py3-none-any.whl (11 kB)
2022-06-16T19:30:45.3090921Z Collecting wheel
2022-06-16T19:30:45.3120457Z   Using cached wheel-0.37.1-py2.py3-none-any.whl (35 kB)
2022-06-16T19:30:45.3881325Z Collecting anyio<4,>=3.1.0
2022-06-16T19:30:45.3913133Z   Using cached anyio-3.6.1-py3-none-any.whl (80 kB)
2022-06-16T19:30:45.4560576Z Collecting jupyter-client>=6.1.12
2022-06-16T19:30:45.4651608Z   Downloading jupyter_client-7.3.4-py3-none-any.whl (132 kB)
2022-06-16T19:30:45.4756136Z      ━━━━━━━━━━━━━━━━━━━━━━━━━━━━━━━━━━━━━━ 132.1/132.1 kB 17.3 MB/s eta 0:00:00
2022-06-16T19:30:45.5141106Z Collecting nbformat>=5.2.0
2022-06-16T19:30:45.5171861Z   Using cached nbformat-5.4.0-py3-none-any.whl (73 kB)
2022-06-16T19:30:45.5814449Z Collecting argon2-cffi
2022-06-16T19:30:45.5842882Z   Using cached argon2_cffi-21.3.0-py3-none-any.whl (14 kB)
2022-06-16T19:30:45.6331301Z Collecting nbconvert>=6.4.4
2022-06-16T19:30:45.6368495Z   Using cached nbconvert-6.5.0-py3-none-any.whl (561 kB)
2022-06-16T19:30:45.6834213Z Collecting traitlets>=5.1
2022-06-16T19:30:45.6947916Z   Downloading traitlets-5.3.0-py3-none-any.whl (106 kB)
2022-06-16T19:30:45.7089992Z      ━━━━━━━━━━━━━━━━━━━━━━━━━━━━━━━━━━━━━━━ 106.8/106.8 kB 9.0 MB/s eta 0:00:00
2022-06-16T19:30:45.7404893Z Collecting prometheus-client
2022-06-16T19:30:45.7435172Z   Using cached prometheus_client-0.14.1-py3-none-any.whl (59 kB)
2022-06-16T19:30:45.7674348Z Collecting Send2Trash
2022-06-16T19:30:45.7704379Z   Using cached Send2Trash-1.8.0-py3-none-any.whl (18 kB)
2022-06-16T19:30:45.8129872Z Collecting websocket-client
2022-06-16T19:30:45.8161887Z   Using cached websocket_client-1.3.2-py3-none-any.whl (54 kB)
2022-06-16T19:30:45.8532180Z Collecting terminado>=0.8.3
2022-06-16T19:30:45.8564120Z   Using cached terminado-0.15.0-py3-none-any.whl (16 kB)
2022-06-16T19:30:46.1772076Z Collecting pyzmq>=17
2022-06-16T19:30:46.1944121Z   Downloading pyzmq-23.1.0-cp37-cp37m-manylinux_2_5_x86_64.manylinux1_x86_64.whl (1.1 MB)
2022-06-16T19:30:46.2128104Z      ━━━━━━━━━━━━━━━━━━━━━━━━━━━━━━━━━━━━━━━━ 1.1/1.1 MB 75.4 MB/s eta 0:00:00
2022-06-16T19:30:46.2913514Z Collecting json5
2022-06-16T19:30:46.2945207Z   Using cached json5-0.9.8.tar.gz (22 kB)
2022-06-16T19:30:46.3038456Z   Preparing metadata (setup.py): started
2022-06-16T19:30:46.5549020Z   Preparing metadata (setup.py): finished with status 'done'
2022-06-16T19:30:46.6308913Z Collecting babel
2022-06-16T19:30:46.6410949Z   Downloading Babel-2.10.3-py3-none-any.whl (9.5 MB)
2022-06-16T19:30:46.7564780Z      ━━━━━━━━━━━━━━━━━━━━━━━━━━━━━━━━━━━━━━━━ 9.5/9.5 MB 85.6 MB/s eta 0:00:00
2022-06-16T19:30:46.8484363Z Collecting jsonschema>=3.0.1
2022-06-16T19:30:46.8571531Z   Downloading jsonschema-4.6.0-py3-none-any.whl (80 kB)
2022-06-16T19:30:46.8637745Z      ━━━━━━━━━━━━━━━━━━━━━━━━━━━━━━━━━━━━━━━━ 80.4/80.4 kB 20.7 MB/s eta 0:00:00
2022-06-16T19:30:46.9452767Z Collecting zipp>=0.5
2022-06-16T19:30:46.9483450Z   Using cached zipp-3.8.0-py3-none-any.whl (5.4 kB)
2022-06-16T19:30:46.9952810Z Collecting notebook-shim>=0.1.0
2022-06-16T19:30:46.9981621Z   Using cached notebook_shim-0.1.0-py3-none-any.whl (13 kB)
2022-06-16T19:30:47.0673439Z Collecting notebook<7
2022-06-16T19:30:47.0920072Z   Downloading notebook-6.4.12-py3-none-any.whl (9.9 MB)
2022-06-16T19:30:47.2053387Z      ━━━━━━━━━━━━━━━━━━━━━━━━━━━━━━━━━━━━━━━━ 9.9/9.9 MB 91.6 MB/s eta 0:00:00
2022-06-16T19:30:47.4665714Z Collecting pygments
2022-06-16T19:30:47.4710922Z   Using cached Pygments-2.12.0-py3-none-any.whl (1.1 MB)
2022-06-16T19:30:47.5061046Z Collecting pexpect>4.3
2022-06-16T19:30:47.5091423Z   Using cached pexpect-4.8.0-py2.py3-none-any.whl (59 kB)
2022-06-16T19:30:47.5293795Z Collecting matplotlib-inline
2022-06-16T19:30:47.5324108Z   Using cached matplotlib_inline-0.1.3-py3-none-any.whl (8.2 kB)
2022-06-16T19:30:47.5492959Z Collecting backcall
2022-06-16T19:30:47.5522293Z   Using cached backcall-0.2.0-py2.py3-none-any.whl (11 kB)
2022-06-16T19:30:47.6523368Z Collecting decorator
2022-06-16T19:30:47.6554004Z   Using cached decorator-5.1.1-py3-none-any.whl (9.1 kB)
2022-06-16T19:30:47.7475047Z Collecting prompt-toolkit!=3.0.0,!=3.0.1,<3.1.0,>=2.0.0
2022-06-16T19:30:47.7507878Z   Using cached prompt_toolkit-3.0.29-py3-none-any.whl (381 kB)
2022-06-16T19:30:47.8390082Z Collecting pickleshare
2022-06-16T19:30:47.8420546Z   Using cached pickleshare-0.7.5-py2.py3-none-any.whl (6.9 kB)
2022-06-16T19:30:47.8814991Z Collecting jedi>=0.16
2022-06-16T19:30:47.8830502Z   Using cached jedi-0.18.1-py2.py3-none-any.whl (1.6 MB)
2022-06-16T19:30:48.0041215Z Collecting pyparsing!=3.0.5,>=2.0.2
2022-06-16T19:30:48.0071690Z   Using cached pyparsing-3.0.9-py3-none-any.whl (98 kB)
2022-06-16T19:30:48.0853682Z Collecting sniffio>=1.1
2022-06-16T19:30:48.0880054Z   Using cached sniffio-1.2.0-py3-none-any.whl (10 kB)
2022-06-16T19:30:48.1398096Z Collecting parso<0.9.0,>=0.8.0
2022-06-16T19:30:48.1427680Z   Using cached parso-0.8.3-py2.py3-none-any.whl (100 kB)
2022-06-16T19:30:48.2301313Z Collecting pyrsistent!=0.17.0,!=0.17.1,!=0.17.2,>=0.14.0
2022-06-16T19:30:48.2330920Z   Using cached pyrsistent-0.18.1-cp37-cp37m-manylinux_2_17_x86_64.manylinux2014_x86_64.whl (117 kB)
2022-06-16T19:30:48.2957059Z Collecting importlib-resources>=1.4.0
2022-06-16T19:30:48.3091964Z   Downloading importlib_resources-5.8.0-py3-none-any.whl (28 kB)
2022-06-16T19:30:48.3463092Z Collecting attrs>=17.4.0
2022-06-16T19:30:48.3494151Z   Using cached attrs-21.4.0-py2.py3-none-any.whl (60 kB)
2022-06-16T19:30:48.4294077Z Collecting nest-asyncio>=1.5.4
2022-06-16T19:30:48.4324054Z   Using cached nest_asyncio-1.5.5-py3-none-any.whl (5.2 kB)
2022-06-16T19:30:48.4728728Z Collecting python-dateutil>=2.8.2
2022-06-16T19:30:48.4760715Z   Using cached python_dateutil-2.8.2-py2.py3-none-any.whl (247 kB)
2022-06-16T19:30:48.4986883Z Collecting entrypoints
2022-06-16T19:30:48.5015399Z   Using cached entrypoints-0.4-py3-none-any.whl (5.3 kB)
2022-06-16T19:30:48.5894854Z Collecting jupyterlab-pygments
2022-06-16T19:30:48.5924491Z   Using cached jupyterlab_pygments-0.2.2-py2.py3-none-any.whl (21 kB)
2022-06-16T19:30:48.6261212Z Collecting mistune<2,>=0.8.1
2022-06-16T19:30:48.6290802Z   Using cached mistune-0.8.4-py2.py3-none-any.whl (16 kB)
2022-06-16T19:30:48.6812666Z Collecting bleach
2022-06-16T19:30:48.6833705Z   Using cached bleach-5.0.0-py3-none-any.whl (160 kB)
2022-06-16T19:30:48.7111032Z Collecting tinycss2
2022-06-16T19:30:48.7140700Z   Using cached tinycss2-1.1.1-py3-none-any.whl (21 kB)
2022-06-16T19:30:48.7500641Z Collecting nbclient>=0.5.0
2022-06-16T19:30:48.7560440Z   Downloading nbclient-0.6.4-py3-none-any.whl (71 kB)
2022-06-16T19:30:48.7627406Z      ━━━━━━━━━━━━━━━━━━━━━━━━━━━━━━━━━━━━━━━━ 71.8/71.8 kB 17.1 MB/s eta 0:00:00
2022-06-16T19:30:48.7994796Z Collecting pandocfilters>=1.4.1
2022-06-16T19:30:48.8024372Z   Using cached pandocfilters-1.5.0-py2.py3-none-any.whl (8.7 kB)
2022-06-16T19:30:48.8267853Z Collecting defusedxml
2022-06-16T19:30:48.8297814Z   Using cached defusedxml-0.7.1-py2.py3-none-any.whl (25 kB)
2022-06-16T19:30:48.8658319Z Collecting beautifulsoup4
2022-06-16T19:30:48.8688423Z   Using cached beautifulsoup4-4.11.1-py3-none-any.whl (128 kB)
2022-06-16T19:30:48.9231716Z Collecting fastjsonschema
2022-06-16T19:30:48.9263393Z   Using cached fastjsonschema-2.15.3-py3-none-any.whl (22 kB)
2022-06-16T19:30:49.0827226Z Collecting ipykernel
2022-06-16T19:30:49.0887186Z   Downloading ipykernel-6.15.0-py3-none-any.whl (133 kB)
2022-06-16T19:30:49.0963027Z      ━━━━━━━━━━━━━━━━━━━━━━━━━━━━━━━━━━━━━━ 133.1/133.1 kB 29.4 MB/s eta 0:00:00
2022-06-16T19:30:49.1152882Z Collecting ipython-genutils
2022-06-16T19:30:49.1182175Z   Using cached ipython_genutils-0.2.0-py2.py3-none-any.whl (26 kB)
2022-06-16T19:30:49.1929902Z Collecting ptyprocess>=0.5
2022-06-16T19:30:49.1959934Z   Using cached ptyprocess-0.7.0-py2.py3-none-any.whl (13 kB)
2022-06-16T19:30:49.2354085Z Collecting wcwidth
2022-06-16T19:30:49.2384193Z   Using cached wcwidth-0.2.5-py2.py3-none-any.whl (30 kB)
2022-06-16T19:30:49.4300750Z Collecting argon2-cffi-bindings
2022-06-16T19:30:49.4364341Z   Using cached argon2_cffi_bindings-21.2.0-cp36-abi3-manylinux_2_17_x86_64.manylinux2014_x86_64.whl (86 kB)
2022-06-16T19:30:49.5592892Z Collecting pytz>=2015.7
2022-06-16T19:30:49.5628541Z   Using cached pytz-2022.1-py2.py3-none-any.whl (503 kB)
2022-06-16T19:30:50.2966660Z Collecting cffi>=1.0.1
2022-06-16T19:30:50.3000616Z   Using cached cffi-1.15.0-cp37-cp37m-manylinux_2_12_x86_64.manylinux2010_x86_64.whl (427 kB)
2022-06-16T19:30:50.3668944Z Collecting soupsieve>1.2
2022-06-16T19:30:50.3699362Z   Using cached soupsieve-2.3.2.post1-py3-none-any.whl (37 kB)
2022-06-16T19:30:50.4245995Z Collecting webencodings
2022-06-16T19:30:50.4275321Z   Using cached webencodings-0.5.1-py2.py3-none-any.whl (11 kB)
2022-06-16T19:30:50.6969753Z Collecting psutil
2022-06-16T19:30:50.7004515Z   Using cached psutil-5.9.1-cp37-cp37m-manylinux_2_12_x86_64.manylinux2010_x86_64.manylinux_2_17_x86_64.manylinux2014_x86_64.whl (281 kB)
2022-06-16T19:30:50.9659178Z Collecting debugpy>=1.0
2022-06-16T19:30:50.9710257Z   Using cached debugpy-1.6.0-cp37-cp37m-manylinux_2_5_x86_64.manylinux1_x86_64.manylinux_2_12_x86_64.manylinux2010_x86_64.whl (1.8 MB)
2022-06-16T19:30:51.3835754Z Collecting pycparser
2022-06-16T19:30:51.3870827Z   Using cached pycparser-2.21-py2.py3-none-any.whl (118 kB)
2022-06-16T19:30:51.5734606Z Using legacy 'setup.py install' for fire, since package 'wheel' is not installed.
2022-06-16T19:30:51.5739577Z Using legacy 'setup.py install' for termcolor, since package 'wheel' is not installed.
2022-06-16T19:30:51.5744532Z Using legacy 'setup.py install' for json5, since package 'wheel' is not installed.
2022-06-16T19:30:52.6026375Z Installing collected packages: webencodings, wcwidth, termcolor, Send2Trash, pytz, ptyprocess, pickleshare, mypy-extensions, mistune, mccabe, json5, ipython-genutils, fastjsonschema, backcall, appdirs, zipp, wheel, websocket-client, urllib3, typing-extensions, typed-ast, traitlets, tqdm, tornado, tomlkit, tomli, tinycss2, terminaltables, soupsieve, sniffio, six, shapely, setuptools, regex, pyzmq, pyyaml, pyrsistent, pyparsing, pygments, pyflakes, pycparser, pycodestyle, psutil, prompt-toolkit, prometheus-client, pillow, pexpect, pathspec, parso, pandocfilters, numpy, nest-asyncio, MarkupSafe, jupyterlab-pygments, isort, idna, entrypoints, defusedxml, decorator, debugpy, charset-normalizer, certifi, babel, attrs, terminado, requests, python-dateutil, packaging, opencv-python, matplotlib-inline, jupyter-core, jinja2, jedi, importlib-resources, importlib-metadata, fire, cffi, bleach, beautifulsoup4, anyio, jupyter-client, jsonschema, ipython, flake8, deprecation, click, argon2-cffi-bindings, sahi, nbformat, jupyter-packaging, ipykernel, black, argon2-cffi, nbclient, nbconvert, notebook, jupyter-server, notebook-shim, jupyterlab-server, nbclassic, jupyterlab
2022-06-16T19:30:52.6656147Z   Running setup.py install for termcolor: started
2022-06-16T19:30:53.0637896Z   Running setup.py install for termcolor: finished with status 'done'
2022-06-16T19:30:53.3219809Z   Running setup.py install for json5: started
2022-06-16T19:30:53.6077157Z   Running setup.py install for json5: finished with status 'done'
2022-06-16T19:30:54.6061464Z   Attempting uninstall: setuptools
2022-06-16T19:30:54.6072720Z     Found existing installation: setuptools 47.1.0
2022-06-16T19:30:54.6566504Z     Uninstalling setuptools-47.1.0:
2022-06-16T19:30:54.6821968Z       Successfully uninstalled setuptools-47.1.0
2022-06-16T19:31:03.8856533Z   Running setup.py install for fire: started
2022-06-16T19:31:06.5017404Z   Running setup.py install for fire: finished with status 'done'
2022-06-16T19:31:07.7277497Z   Running setup.py develop for sahi
2022-06-16T19:31:12.7538343Z Successfully installed MarkupSafe-2.1.1 Send2Trash-1.8.0 anyio-3.6.1 appdirs-1.4.4 argon2-cffi-21.3.0 argon2-cffi-bindings-21.2.0 attrs-21.4.0 babel-2.10.3 backcall-0.2.0 beautifulsoup4-4.11.1 black-21.7b0 bleach-5.0.0 certifi-2022.6.15 cffi-1.15.0 charset-normalizer-2.0.12 click-8.0.4 debugpy-1.6.0 decorator-5.1.1 defusedxml-0.7.1 deprecation-2.1.0 entrypoints-0.4 fastjsonschema-2.15.3 fire-0.4.0 flake8-3.9.2 idna-3.3 importlib-metadata-4.11.4 importlib-resources-5.8.0 ipykernel-6.15.0 ipython-7.34.0 ipython-genutils-0.2.0 isort-5.9.2 jedi-0.18.1 jinja2-3.1.2 json5-0.9.8 jsonschema-4.6.0 jupyter-client-7.3.4 jupyter-core-4.10.0 jupyter-packaging-0.12.1 jupyter-server-1.17.1 jupyterlab-3.0.14 jupyterlab-pygments-0.2.2 jupyterlab-server-2.14.0 matplotlib-inline-0.1.3 mccabe-0.6.1 mistune-0.8.4 mypy-extensions-0.4.3 nbclassic-0.3.7 nbclient-0.6.4 nbconvert-6.5.0 nbformat-5.4.0 nest-asyncio-1.5.5 notebook-6.4.12 notebook-shim-0.1.0 numpy-1.21.6 opencv-python-4.6.0.66 packaging-21.3 pandocfilters-1.5.0 parso-0.8.3 pathspec-0.9.0 pexpect-4.8.0 pickleshare-0.7.5 pillow-9.1.1 prometheus-client-0.14.1 prompt-toolkit-3.0.29 psutil-5.9.1 ptyprocess-0.7.0 pycodestyle-2.7.0 pycparser-2.21 pyflakes-2.3.1 pygments-2.12.0 pyparsing-3.0.9 pyrsistent-0.18.1 python-dateutil-2.8.2 pytz-2022.1 pyyaml-6.0 pyzmq-23.1.0 regex-2022.6.2 requests-2.28.0 sahi-0.10.0 setuptools-62.4.0 shapely-1.8.2 six-1.16.0 sniffio-1.2.0 soupsieve-2.3.2.post1 termcolor-1.1.0 terminado-0.15.0 terminaltables-3.1.10 tinycss2-1.1.1 tomli-1.2.3 tomlkit-0.11.0 tornado-6.1 tqdm-4.64.0 traitlets-5.3.0 typed-ast-1.5.4 typing-extensions-4.2.0 urllib3-1.26.9 wcwidth-0.2.5 webencodings-0.5.1 websocket-client-1.3.2 wheel-0.37.1 zipp-3.8.0
2022-06-16T19:31:16.6988522Z 0
2022-06-16T19:31:19.8100722Z All done! ✨ 🍰 ✨
2022-06-16T19:31:19.8101530Z 63 files would be left unchanged.
2022-06-16T19:31:20.1316094Z Skipped 1 files
2022-06-16T19:31:22.4472641Z ./sahi/predict.py:124:1: C901 'get_sliced_prediction' is too complex (13)
2022-06-16T19:31:22.4473252Z ./sahi/predict.py:295:1: C901 'predict' is too complex (28)
2022-06-16T19:31:22.4473925Z ./sahi/model.py:283:5: C901 'MmdetDetectionModel._create_object_prediction_list_from_original_predictions' is too complex (11)
2022-06-16T19:31:22.4474921Z ./sahi/model.py:403:12: E713 test for membership should be 'not in'
2022-06-16T19:31:22.4475611Z ./sahi/model.py:534:5: C901 'Detectron2DetectionModel.load_model' is too complex (11)
2022-06-16T19:31:22.4476166Z ./sahi/slicing.py:226:1: C901 'slice_image' is too complex (12)
2022-06-16T19:31:22.4476694Z ./sahi/slicing.py:305:5: F841 local variable 't0' is assigned to but never used
2022-06-16T19:31:22.4477335Z ./sahi/postprocess/combine.py:285:43: E712 comparison to False should be 'if cond is False:' or 'if not cond:'
2022-06-16T19:31:22.4477997Z ./sahi/postprocess/combine.py:286:41: E712 comparison to True should be 'if cond is True:' or 'if cond:'
2022-06-16T19:31:22.4478644Z ./sahi/postprocess/combine.py:429:53: E712 comparison to False should be 'if cond is False:' or 'if not cond:'
2022-06-16T19:31:22.4479112Z ./sahi/postprocess/legacy/__init__.py:1:1: W391 blank line at end of file
2022-06-16T19:31:22.4479651Z ./sahi/utils/coco.py:1108:5: C901 'Coco.calculate_stats' is too complex (11)
2022-06-16T19:31:22.4480200Z ./sahi/utils/coco.py:1226:5: C901 'Coco.export_as_yolov5' is too complex (13)
2022-06-16T19:31:22.4481009Z ./sahi/utils/coco.py:1313:5: C901 'Coco.get_subsampled_coco' is too complex (15)
2022-06-16T19:31:22.4481548Z ./sahi/utils/coco.py:1872:26: F541 f-string is missing placeholders
2022-06-16T19:31:22.4482053Z ./sahi/utils/coco.py:1945:26: F541 f-string is missing placeholders
2022-06-16T19:31:22.4482577Z ./sahi/utils/coco.py:2205:1: C901 'remove_invalid_coco_results' is too complex (12)
2022-06-16T19:31:22.4483094Z ./sahi/utils/mot.py:230:24: F541 f-string is missing placeholders
2022-06-16T19:31:22.4483624Z ./sahi/utils/cv.py:140:1: C901 'read_image_as_pil' is too complex (13)
2022-06-16T19:31:22.4484128Z ./sahi/utils/cv.py:216:1: C901 'get_video_reader' is too complex (15)
2022-06-16T19:31:22.4484691Z ./sahi/scripts/coco_error_analysis.py:286:1: C901 '_analyse_results' is too complex (14)
2022-06-16T19:31:22.4486701Z ./sahi/scripts/coco_evaluation.py:60:1: C901 'evaluate_core' is too complex (24)
2022-06-16T19:31:22.4487728Z ./tests/test_cocoutils.py:846:12: E262 inline comment should start with '# '
2022-06-16T19:31:22.4488704Z ./tests/test_cocoutils.py:849:12: E262 inline comment should start with '# '
2022-06-16T19:31:22.4489604Z ./tests/test_detectron2.py:17:1: C901 'If 17' is too complex (30)
2022-06-16T19:31:22.4490708Z 14    C901 'MmdetDetectionModel._create_object_prediction_list_from_original_predictions' is too complex (11)
2022-06-16T19:31:22.4491658Z 2     E262 inline comment should start with '# '
2022-06-16T19:31:22.4492546Z 3     E712 comparison to False should be 'if cond is False:' or 'if not cond:'
2022-06-16T19:31:22.4494397Z 1     E713 test for membership should be 'not in'
2022-06-16T19:31:22.4498543Z 3     F541 f-string is missing placeholders
2022-06-16T19:31:22.4499364Z 1     F841 local variable 't0' is assigned to but never used
2022-06-16T19:31:22.4499948Z 1     W391 blank line at end of file
2022-06-16T19:31:22.4500879Z 25
2022-06-16T19:31:22.4818284Z ##[group]Run pip install -r requirements.txt
2022-06-16T19:31:22.4818674Z [36;1mpip install -r requirements.txt[0m
2022-06-16T19:31:22.4885311Z shell: /usr/bin/bash -e {0}
2022-06-16T19:31:22.4885588Z env:
2022-06-16T19:31:22.4885922Z   pythonLocation: /opt/hostedtoolcache/Python/3.7.13/x64
2022-06-16T19:31:22.4886315Z   LD_LIBRARY_PATH: /opt/hostedtoolcache/Python/3.7.13/x64/lib
2022-06-16T19:31:22.4886639Z ##[endgroup]
2022-06-16T19:31:23.1898435Z Requirement already satisfied: opencv-python>=4.2.0.32 in /opt/hostedtoolcache/Python/3.7.13/x64/lib/python3.7/site-packages (from -r requirements.txt (line 1)) (4.6.0.66)
2022-06-16T19:31:23.1912186Z Requirement already satisfied: shapely>=1.8.0 in /opt/hostedtoolcache/Python/3.7.13/x64/lib/python3.7/site-packages (from -r requirements.txt (line 2)) (1.8.2)
2022-06-16T19:31:23.1926318Z Requirement already satisfied: tqdm>=4.48.2 in /opt/hostedtoolcache/Python/3.7.13/x64/lib/python3.7/site-packages (from -r requirements.txt (line 3)) (4.64.0)
2022-06-16T19:31:23.1938538Z Requirement already satisfied: pillow>=8.2.0 in /opt/hostedtoolcache/Python/3.7.13/x64/lib/python3.7/site-packages (from -r requirements.txt (line 4)) (9.1.1)
2022-06-16T19:31:23.1946858Z Requirement already satisfied: pyyaml in /opt/hostedtoolcache/Python/3.7.13/x64/lib/python3.7/site-packages (from -r requirements.txt (line 5)) (6.0)
2022-06-16T19:31:23.1954999Z Requirement already satisfied: fire in /opt/hostedtoolcache/Python/3.7.13/x64/lib/python3.7/site-packages (from -r requirements.txt (line 6)) (0.4.0)
2022-06-16T19:31:23.1963309Z Requirement already satisfied: terminaltables in /opt/hostedtoolcache/Python/3.7.13/x64/lib/python3.7/site-packages (from -r requirements.txt (line 7)) (3.1.10)
2022-06-16T19:31:23.1971496Z Requirement already satisfied: requests in /opt/hostedtoolcache/Python/3.7.13/x64/lib/python3.7/site-packages (from -r requirements.txt (line 8)) (2.28.0)
2022-06-16T19:31:23.1983790Z Requirement already satisfied: click==8.0.4 in /opt/hostedtoolcache/Python/3.7.13/x64/lib/python3.7/site-packages (from -r requirements.txt (line 9)) (8.0.4)
2022-06-16T19:31:23.2044949Z Requirement already satisfied: importlib-metadata in /opt/hostedtoolcache/Python/3.7.13/x64/lib/python3.7/site-packages (from click==8.0.4->-r requirements.txt (line 9)) (4.11.4)
2022-06-16T19:31:23.2196536Z Requirement already satisfied: numpy>=1.14.5 in /opt/hostedtoolcache/Python/3.7.13/x64/lib/python3.7/site-packages (from opencv-python>=4.2.0.32->-r requirements.txt (line 1)) (1.21.6)
2022-06-16T19:31:23.2685195Z Requirement already satisfied: six in /opt/hostedtoolcache/Python/3.7.13/x64/lib/python3.7/site-packages (from fire->-r requirements.txt (line 6)) (1.16.0)
2022-06-16T19:31:23.2690406Z Requirement already satisfied: termcolor in /opt/hostedtoolcache/Python/3.7.13/x64/lib/python3.7/site-packages (from fire->-r requirements.txt (line 6)) (1.1.0)
2022-06-16T19:31:23.2798369Z Requirement already satisfied: charset-normalizer~=2.0.0 in /opt/hostedtoolcache/Python/3.7.13/x64/lib/python3.7/site-packages (from requests->-r requirements.txt (line 8)) (2.0.12)
2022-06-16T19:31:23.2806910Z Requirement already satisfied: certifi>=2017.4.17 in /opt/hostedtoolcache/Python/3.7.13/x64/lib/python3.7/site-packages (from requests->-r requirements.txt (line 8)) (2022.6.15)
2022-06-16T19:31:23.2818781Z Requirement already satisfied: idna<4,>=2.5 in /opt/hostedtoolcache/Python/3.7.13/x64/lib/python3.7/site-packages (from requests->-r requirements.txt (line 8)) (3.3)
2022-06-16T19:31:23.2828326Z Requirement already satisfied: urllib3<1.27,>=1.21.1 in /opt/hostedtoolcache/Python/3.7.13/x64/lib/python3.7/site-packages (from requests->-r requirements.txt (line 8)) (1.26.9)
2022-06-16T19:31:23.3389129Z Requirement already satisfied: zipp>=0.5 in /opt/hostedtoolcache/Python/3.7.13/x64/lib/python3.7/site-packages (from importlib-metadata->click==8.0.4->-r requirements.txt (line 9)) (3.8.0)
2022-06-16T19:31:23.3407924Z Requirement already satisfied: typing-extensions>=3.6.4 in /opt/hostedtoolcache/Python/3.7.13/x64/lib/python3.7/site-packages (from importlib-metadata->click==8.0.4->-r requirements.txt (line 9)) (4.2.0)
2022-06-16T19:31:24.2656336Z ##[group]Run pip install torch==1.10.2+cpu torchvision==0.11.3+cpu -f https://download.pytorch.org/whl/torch_stable.html
2022-06-16T19:31:24.2656975Z [36;1mpip install torch==1.10.2+cpu torchvision==0.11.3+cpu -f https://download.pytorch.org/whl/torch_stable.html[0m
2022-06-16T19:31:24.2720511Z shell: /usr/bin/bash -e {0}
2022-06-16T19:31:24.2721276Z env:
2022-06-16T19:31:24.2721619Z   pythonLocation: /opt/hostedtoolcache/Python/3.7.13/x64
2022-06-16T19:31:24.2722031Z   LD_LIBRARY_PATH: /opt/hostedtoolcache/Python/3.7.13/x64/lib
2022-06-16T19:31:24.2722354Z ##[endgroup]
2022-06-16T19:31:24.9574785Z Looking in links: https://download.pytorch.org/whl/torch_stable.html
2022-06-16T19:31:25.6250634Z Collecting torch==1.10.2+cpu
2022-06-16T19:31:28.3030122Z   Using cached https://download.pytorch.org/whl/cpu/torch-1.10.2%2Bcpu-cp37-cp37m-linux_x86_64.whl (199.3 MB)
2022-06-16T19:31:29.0573417Z Collecting torchvision==0.11.3+cpu
2022-06-16T19:31:29.3223998Z   Using cached https://download.pytorch.org/whl/cpu/torchvision-0.11.3%2Bcpu-cp37-cp37m-linux_x86_64.whl (16.1 MB)
2022-06-16T19:31:29.3648547Z Requirement already satisfied: typing-extensions in /opt/hostedtoolcache/Python/3.7.13/x64/lib/python3.7/site-packages (from torch==1.10.2+cpu) (4.2.0)
2022-06-16T19:31:29.3801948Z Requirement already satisfied: pillow!=8.3.0,>=5.3.0 in /opt/hostedtoolcache/Python/3.7.13/x64/lib/python3.7/site-packages (from torchvision==0.11.3+cpu) (9.1.1)
2022-06-16T19:31:29.3805840Z Requirement already satisfied: numpy in /opt/hostedtoolcache/Python/3.7.13/x64/lib/python3.7/site-packages (from torchvision==0.11.3+cpu) (1.21.6)
2022-06-16T19:31:30.2071789Z Installing collected packages: torch, torchvision
2022-06-16T19:31:39.7932440Z Successfully installed torch-1.10.2+cpu torchvision-0.11.3+cpu
2022-06-16T19:31:40.0775964Z ##[group]Run pip install mmcv-full==1.5.3 -f https://download.openmmlab.com/mmcv/dist/cpu/torch1.10.0/index.html pip install mmdet==2.25.0
2022-06-16T19:31:40.0776676Z [36;1mpip install mmcv-full==1.5.3 -f https://download.openmmlab.com/mmcv/dist/cpu/torch1.10.0/index.html pip install mmdet==2.25.0[0m
2022-06-16T19:31:40.0839878Z shell: /usr/bin/bash -e {0}
2022-06-16T19:31:40.0840142Z env:
2022-06-16T19:31:40.0840474Z   pythonLocation: /opt/hostedtoolcache/Python/3.7.13/x64
2022-06-16T19:31:40.0841102Z   LD_LIBRARY_PATH: /opt/hostedtoolcache/Python/3.7.13/x64/lib
2022-06-16T19:31:40.0841428Z ##[endgroup]
2022-06-16T19:31:40.7611940Z Looking in links: https://download.openmmlab.com/mmcv/dist/cpu/torch1.10.0/index.html
2022-06-16T19:31:42.5425858Z Collecting mmcv-full==1.5.3
2022-06-16T19:31:42.8245775Z   Downloading https://download.openmmlab.com/mmcv/dist/cpu/torch1.10.0/mmcv_full-1.5.3-cp37-cp37m-manylinux1_x86_64.whl (31.7 MB)
2022-06-16T19:31:46.8867383Z      ━━━━━━━━━━━━━━━━━━━━━━━━━━━━━━━━━━━━━━━━ 31.7/31.7 MB 8.2 MB/s eta 0:00:00
2022-06-16T19:31:46.8964530Z Requirement already satisfied: pip in /opt/hostedtoolcache/Python/3.7.13/x64/lib/python3.7/site-packages (22.1.2)
2022-06-16T19:31:47.2341356Z Collecting install
2022-06-16T19:31:47.2370409Z   Using cached install-1.3.5-py3-none-any.whl (3.2 kB)
2022-06-16T19:31:47.5552323Z Collecting mmdet==2.25.0
2022-06-16T19:31:47.5906720Z   Downloading mmdet-2.25.0-py3-none-any.whl (1.4 MB)
2022-06-16T19:31:47.6196579Z      ━━━━━━━━━━━━━━━━━━━━━━━━━━━━━━━━━━━━━━━━ 1.4/1.4 MB 56.5 MB/s eta 0:00:00
2022-06-16T19:31:47.7003757Z Requirement already satisfied: Pillow in /opt/hostedtoolcache/Python/3.7.13/x64/lib/python3.7/site-packages (from mmcv-full==1.5.3) (9.1.1)
2022-06-16T19:31:47.7006458Z Requirement already satisfied: packaging in /opt/hostedtoolcache/Python/3.7.13/x64/lib/python3.7/site-packages (from mmcv-full==1.5.3) (21.3)
2022-06-16T19:31:47.7012014Z Requirement already satisfied: numpy in /opt/hostedtoolcache/Python/3.7.13/x64/lib/python3.7/site-packages (from mmcv-full==1.5.3) (1.21.6)
2022-06-16T19:31:47.9955512Z Collecting addict
2022-06-16T19:31:47.9986146Z   Using cached addict-2.4.0-py3-none-any.whl (3.8 kB)
2022-06-16T19:31:48.0011119Z Requirement already satisfied: opencv-python>=3 in /opt/hostedtoolcache/Python/3.7.13/x64/lib/python3.7/site-packages (from mmcv-full==1.5.3) (4.6.0.66)
2022-06-16T19:31:48.3364792Z Collecting yapf
2022-06-16T19:31:48.3399962Z   Using cached yapf-0.32.0-py2.py3-none-any.whl (190 kB)
2022-06-16T19:31:48.3441046Z Requirement already satisfied: pyyaml in /opt/hostedtoolcache/Python/3.7.13/x64/lib/python3.7/site-packages (from mmcv-full==1.5.3) (6.0)
2022-06-16T19:31:48.4036722Z Requirement already satisfied: terminaltables in /opt/hostedtoolcache/Python/3.7.13/x64/lib/python3.7/site-packages (from mmdet==2.25.0) (3.1.10)
2022-06-16T19:31:48.4042343Z Requirement already satisfied: six in /opt/hostedtoolcache/Python/3.7.13/x64/lib/python3.7/site-packages (from mmdet==2.25.0) (1.16.0)
2022-06-16T19:31:48.6978249Z Collecting pycocotools
2022-06-16T19:31:48.6980642Z   Using cached pycocotools-2.0.4-cp37-cp37m-linux_x86_64.whl
2022-06-16T19:31:49.2678253Z Collecting matplotlib
2022-06-16T19:31:49.2972874Z   Using cached matplotlib-3.5.2-cp37-cp37m-manylinux_2_5_x86_64.manylinux1_x86_64.whl (11.2 MB)
2022-06-16T19:31:49.4025001Z Requirement already satisfied: python-dateutil>=2.7 in /opt/hostedtoolcache/Python/3.7.13/x64/lib/python3.7/site-packages (from matplotlib->mmdet==2.25.0) (2.8.2)
2022-06-16T19:31:49.7582595Z Collecting cycler>=0.10
2022-06-16T19:31:49.7614739Z   Using cached cycler-0.11.0-py3-none-any.whl (6.4 kB)
2022-06-16T19:31:50.1551671Z Collecting fonttools>=4.22.0
2022-06-16T19:31:50.1594914Z   Using cached fonttools-4.33.3-py3-none-any.whl (930 kB)
2022-06-16T19:31:50.1715865Z Requirement already satisfied: pyparsing>=2.2.1 in /opt/hostedtoolcache/Python/3.7.13/x64/lib/python3.7/site-packages (from matplotlib->mmdet==2.25.0) (3.0.9)
2022-06-16T19:31:50.5305538Z Collecting kiwisolver>=1.0.1
2022-06-16T19:31:50.5403865Z   Downloading kiwisolver-1.4.3-cp37-cp37m-manylinux_2_5_x86_64.manylinux1_x86_64.whl (1.1 MB)
2022-06-16T19:31:50.5593502Z      ━━━━━━━━━━━━━━━━━━━━━━━━━━━━━━━━━━━━━━━━ 1.1/1.1 MB 72.8 MB/s eta 0:00:00
2022-06-16T19:31:50.6747273Z Requirement already satisfied: typing-extensions in /opt/hostedtoolcache/Python/3.7.13/x64/lib/python3.7/site-packages (from kiwisolver>=1.0.1->matplotlib->mmdet==2.25.0) (4.2.0)
2022-06-16T19:31:51.6392711Z Installing collected packages: yapf, addict, kiwisolver, install, fonttools, cycler, mmcv-full, matplotlib, pycocotools, mmdet
2022-06-16T19:31:56.3948919Z Successfully installed addict-2.4.0 cycler-0.11.0 fonttools-4.33.3 install-1.3.5 kiwisolver-1.4.3 matplotlib-3.5.2 mmcv-full-1.5.3 mmdet-2.25.0 pycocotools-2.0.4 yapf-0.32.0
2022-06-16T19:31:56.6943053Z ##[group]Run pip install yolov5==6.1.3 norfair==0.4.3
2022-06-16T19:31:56.6943533Z [36;1mpip install yolov5==6.1.3 norfair==0.4.3[0m
2022-06-16T19:31:56.7006440Z shell: /usr/bin/bash -e {0}
2022-06-16T19:31:56.7006807Z env:
2022-06-16T19:31:56.7007165Z   pythonLocation: /opt/hostedtoolcache/Python/3.7.13/x64
2022-06-16T19:31:56.7041975Z   LD_LIBRARY_PATH: /opt/hostedtoolcache/Python/3.7.13/x64/lib
2022-06-16T19:31:56.7042439Z ##[endgroup]
2022-06-16T19:31:57.4548070Z Collecting yolov5==6.1.3
2022-06-16T19:31:57.4945715Z   Downloading yolov5-6.1.3-py36.py37.py38-none-any.whl (853 kB)
2022-06-16T19:31:57.5414142Z      ━━━━━━━━━━━━━━━━━━━━━━━━━━━━━━━━━━━━━━ 853.2/853.2 kB 20.4 MB/s eta 0:00:00
2022-06-16T19:31:57.5751684Z Collecting norfair==0.4.3
2022-06-16T19:31:57.5782689Z   Using cached norfair-0.4.3-py3-none-any.whl (23 kB)
2022-06-16T19:31:57.6010960Z Requirement already satisfied: Pillow>=7.1.2 in /opt/hostedtoolcache/Python/3.7.13/x64/lib/python3.7/site-packages (from yolov5==6.1.3) (9.1.1)
2022-06-16T19:31:57.6020543Z Requirement already satisfied: torchvision>=0.8.1 in /opt/hostedtoolcache/Python/3.7.13/x64/lib/python3.7/site-packages (from yolov5==6.1.3) (0.11.3+cpu)
2022-06-16T19:31:57.9340977Z Collecting protobuf<=3.20.1
2022-06-16T19:31:57.9409768Z   Using cached protobuf-3.20.1-cp37-cp37m-manylinux_2_5_x86_64.manylinux1_x86_64.whl (1.0 MB)
2022-06-16T19:31:57.9493096Z Requirement already satisfied: fire in /opt/hostedtoolcache/Python/3.7.13/x64/lib/python3.7/site-packages (from yolov5==6.1.3) (0.4.0)
2022-06-16T19:31:57.9503123Z Requirement already satisfied: torch>=1.7.0 in /opt/hostedtoolcache/Python/3.7.13/x64/lib/python3.7/site-packages (from yolov5==6.1.3) (1.10.2+cpu)
2022-06-16T19:31:57.9947021Z Collecting tensorboard>=2.4.1
2022-06-16T19:31:58.0015566Z   Downloading tensorboard-2.9.1-py3-none-any.whl (5.8 MB)
2022-06-16T19:31:58.0749727Z      ━━━━━━━━━━━━━━━━━━━━━━━━━━━━━━━━━━━━━━━━ 5.8/5.8 MB 82.7 MB/s eta 0:00:00
2022-06-16T19:31:58.6848249Z Collecting boto3>=1.19.1
2022-06-16T19:31:58.6914195Z   Downloading boto3-1.24.10-py3-none-any.whl (132 kB)
2022-06-16T19:31:58.6988405Z      ━━━━━━━━━━━━━━━━━━━━━━━━━━━━━━━━━━━━━━ 132.5/132.5 kB 31.4 MB/s eta 0:00:00
2022-06-16T19:31:58.7025282Z Requirement already satisfied: matplotlib>=3.2.2 in /opt/hostedtoolcache/Python/3.7.13/x64/lib/python3.7/site-packages (from yolov5==6.1.3) (3.5.2)
2022-06-16T19:31:58.9608659Z Collecting pandas>=1.1.4
2022-06-16T19:31:58.9903085Z   Using cached pandas-1.3.5-cp37-cp37m-manylinux_2_17_x86_64.manylinux2014_x86_64.whl (11.3 MB)
2022-06-16T19:31:59.0722676Z Requirement already satisfied: tqdm>=4.41.0 in /opt/hostedtoolcache/Python/3.7.13/x64/lib/python3.7/site-packages (from yolov5==6.1.3) (4.64.0)
2022-06-16T19:31:59.0977596Z Collecting seaborn>=0.11.0
2022-06-16T19:31:59.1017731Z   Using cached seaborn-0.11.2-py3-none-any.whl (292 kB)
2022-06-16T19:31:59.1066947Z Requirement already satisfied: numpy>=1.18.5 in /opt/hostedtoolcache/Python/3.7.13/x64/lib/python3.7/site-packages (from yolov5==6.1.3) (1.21.6)
2022-06-16T19:31:59.1077082Z Requirement already satisfied: sahi>=0.9.1 in /home/runner/work/sahi/sahi (from yolov5==6.1.3) (0.10.0)
2022-06-16T19:31:59.1450906Z Collecting thop
2022-06-16T19:31:59.1518375Z   Downloading thop-0.1.0.post2206102148-py3-none-any.whl (15 kB)
2022-06-16T19:31:59.1577739Z Requirement already satisfied: opencv-python>=4.1.2 in /opt/hostedtoolcache/Python/3.7.13/x64/lib/python3.7/site-packages (from yolov5==6.1.3) (4.6.0.66)
2022-06-16T19:31:59.1591288Z Requirement already satisfied: PyYAML>=5.3.1 in /opt/hostedtoolcache/Python/3.7.13/x64/lib/python3.7/site-packages (from yolov5==6.1.3) (6.0)
2022-06-16T19:31:59.1603891Z Requirement already satisfied: requests>=2.23.0 in /opt/hostedtoolcache/Python/3.7.13/x64/lib/python3.7/site-packages (from yolov5==6.1.3) (2.28.0)
2022-06-16T19:31:59.4311285Z Collecting scipy>=1.4.1
2022-06-16T19:31:59.5247456Z   Using cached scipy-1.7.3-cp37-cp37m-manylinux_2_12_x86_64.manylinux2010_x86_64.whl (38.1 MB)
2022-06-16T19:31:59.7894134Z Collecting filterpy<2.0.0,>=1.4.5
2022-06-16T19:31:59.7895717Z   Using cached filterpy-1.4.5-py3-none-any.whl
2022-06-16T19:31:59.9256208Z Collecting rich<10.0.0,>=9.10.0
2022-06-16T19:31:59.9288592Z   Using cached rich-9.13.0-py3-none-any.whl (197 kB)
2022-06-16T19:31:59.9652322Z Collecting jmespath<2.0.0,>=0.7.1
2022-06-16T19:31:59.9682041Z   Using cached jmespath-1.0.0-py3-none-any.whl (23 kB)
2022-06-16T19:32:00.0034571Z Collecting s3transfer<0.7.0,>=0.6.0
2022-06-16T19:32:00.0093175Z   Downloading s3transfer-0.6.0-py3-none-any.whl (79 kB)
2022-06-16T19:32:00.0160439Z      ━━━━━━━━━━━━━━━━━━━━━━━━━━━━━━━━━━━━━━━━ 79.6/79.6 kB 18.1 MB/s eta 0:00:00
2022-06-16T19:32:00.8464766Z Collecting botocore<1.28.0,>=1.27.10
2022-06-16T19:32:00.8533667Z   Downloading botocore-1.27.10-py3-none-any.whl (8.9 MB)
2022-06-16T19:32:00.9581100Z      ━━━━━━━━━━━━━━━━━━━━━━━━━━━━━━━━━━━━━━━━ 8.9/8.9 MB 87.7 MB/s eta 0:00:00
2022-06-16T19:32:01.0179705Z Requirement already satisfied: fonttools>=4.22.0 in /opt/hostedtoolcache/Python/3.7.13/x64/lib/python3.7/site-packages (from matplotlib>=3.2.2->yolov5==6.1.3) (4.33.3)
2022-06-16T19:32:01.0190810Z Requirement already satisfied: python-dateutil>=2.7 in /opt/hostedtoolcache/Python/3.7.13/x64/lib/python3.7/site-packages (from matplotlib>=3.2.2->yolov5==6.1.3) (2.8.2)
2022-06-16T19:32:01.0200181Z Requirement already satisfied: cycler>=0.10 in /opt/hostedtoolcache/Python/3.7.13/x64/lib/python3.7/site-packages (from matplotlib>=3.2.2->yolov5==6.1.3) (0.11.0)
2022-06-16T19:32:01.0211153Z Requirement already satisfied: pyparsing>=2.2.1 in /opt/hostedtoolcache/Python/3.7.13/x64/lib/python3.7/site-packages (from matplotlib>=3.2.2->yolov5==6.1.3) (3.0.9)
2022-06-16T19:32:01.0220792Z Requirement already satisfied: packaging>=20.0 in /opt/hostedtoolcache/Python/3.7.13/x64/lib/python3.7/site-packages (from matplotlib>=3.2.2->yolov5==6.1.3) (21.3)
2022-06-16T19:32:01.0231812Z Requirement already satisfied: kiwisolver>=1.0.1 in /opt/hostedtoolcache/Python/3.7.13/x64/lib/python3.7/site-packages (from matplotlib>=3.2.2->yolov5==6.1.3) (1.4.3)
2022-06-16T19:32:01.0578798Z Requirement already satisfied: pytz>=2017.3 in /opt/hostedtoolcache/Python/3.7.13/x64/lib/python3.7/site-packages (from pandas>=1.1.4->yolov5==6.1.3) (2022.1)
2022-06-16T19:32:01.0941717Z Requirement already satisfied: idna<4,>=2.5 in /opt/hostedtoolcache/Python/3.7.13/x64/lib/python3.7/site-packages (from requests>=2.23.0->yolov5==6.1.3) (3.3)
2022-06-16T19:32:01.0951303Z Requirement already satisfied: urllib3<1.27,>=1.21.1 in /opt/hostedtoolcache/Python/3.7.13/x64/lib/python3.7/site-packages (from requests>=2.23.0->yolov5==6.1.3) (1.26.9)
2022-06-16T19:32:01.0961053Z Requirement already satisfied: certifi>=2017.4.17 in /opt/hostedtoolcache/Python/3.7.13/x64/lib/python3.7/site-packages (from requests>=2.23.0->yolov5==6.1.3) (2022.6.15)
2022-06-16T19:32:01.0971301Z Requirement already satisfied: charset-normalizer~=2.0.0 in /opt/hostedtoolcache/Python/3.7.13/x64/lib/python3.7/site-packages (from requests>=2.23.0->yolov5==6.1.3) (2.0.12)
2022-06-16T19:32:01.1100367Z Requirement already satisfied: pygments<3.0.0,>=2.6.0 in /opt/hostedtoolcache/Python/3.7.13/x64/lib/python3.7/site-packages (from rich<10.0.0,>=9.10.0->norfair==0.4.3) (2.12.0)
2022-06-16T19:32:01.1386449Z Collecting typing-extensions<4.0.0,>=3.7.4
2022-06-16T19:32:01.1415522Z   Using cached typing_extensions-3.10.0.2-py3-none-any.whl (26 kB)
2022-06-16T19:32:01.1805335Z Collecting colorama<0.5.0,>=0.4.0
2022-06-16T19:32:01.1862569Z   Downloading colorama-0.4.5-py2.py3-none-any.whl (16 kB)
2022-06-16T19:32:01.2162766Z Collecting commonmark<0.10.0,>=0.9.0
2022-06-16T19:32:01.2192025Z   Using cached commonmark-0.9.1-py2.py3-none-any.whl (51 kB)
2022-06-16T19:32:01.2353460Z Requirement already satisfied: shapely>=1.8.0 in /opt/hostedtoolcache/Python/3.7.13/x64/lib/python3.7/site-packages (from sahi>=0.9.1->yolov5==6.1.3) (1.8.2)
2022-06-16T19:32:01.2364475Z Requirement already satisfied: terminaltables in /opt/hostedtoolcache/Python/3.7.13/x64/lib/python3.7/site-packages (from sahi>=0.9.1->yolov5==6.1.3) (3.1.10)
2022-06-16T19:32:01.2375023Z Requirement already satisfied: click==8.0.4 in /opt/hostedtoolcache/Python/3.7.13/x64/lib/python3.7/site-packages (from sahi>=0.9.1->yolov5==6.1.3) (8.0.4)
2022-06-16T19:32:01.2447953Z Requirement already satisfied: importlib-metadata in /opt/hostedtoolcache/Python/3.7.13/x64/lib/python3.7/site-packages (from click==8.0.4->sahi>=0.9.1->yolov5==6.1.3) (4.11.4)
2022-06-16T19:32:01.3363779Z Collecting markdown>=2.6.8
2022-06-16T19:32:01.3392002Z   Using cached Markdown-3.3.7-py3-none-any.whl (97 kB)
2022-06-16T19:32:02.2097324Z Collecting grpcio>=1.24.3
2022-06-16T19:32:02.2189119Z   Using cached grpcio-1.46.3-cp37-cp37m-manylinux_2_17_x86_64.manylinux2014_x86_64.whl (4.4 MB)
2022-06-16T19:32:02.2731467Z Collecting google-auth-oauthlib<0.5,>=0.4.1
2022-06-16T19:32:02.2758250Z   Using cached google_auth_oauthlib-0.4.6-py2.py3-none-any.whl (18 kB)
2022-06-16T19:32:02.2790013Z Requirement already satisfied: wheel>=0.26 in /opt/hostedtoolcache/Python/3.7.13/x64/lib/python3.7/site-packages (from tensorboard>=2.4.1->yolov5==6.1.3) (0.37.1)
2022-06-16T19:32:02.2798345Z Requirement already satisfied: setuptools>=41.0.0 in /opt/hostedtoolcache/Python/3.7.13/x64/lib/python3.7/site-packages (from tensorboard>=2.4.1->yolov5==6.1.3) (62.4.0)
2022-06-16T19:32:02.2982889Z Collecting tensorboard-plugin-wit>=1.6.0
2022-06-16T19:32:02.3017817Z   Using cached tensorboard_plugin_wit-1.8.1-py3-none-any.whl (781 kB)
2022-06-16T19:32:02.3340273Z Collecting absl-py>=0.4
2022-06-16T19:32:02.3394084Z   Downloading absl_py-1.1.0-py3-none-any.whl (123 kB)
2022-06-16T19:32:02.3465332Z      ━━━━━━━━━━━━━━━━━━━━━━━━━━━━━━━━━━━━━━ 123.7/123.7 kB 30.4 MB/s eta 0:00:00
2022-06-16T19:32:02.3999157Z Collecting werkzeug>=1.0.1
2022-06-16T19:32:02.4030993Z   Using cached Werkzeug-2.1.2-py3-none-any.whl (224 kB)
2022-06-16T19:32:02.5785320Z Collecting google-auth<3,>=1.6.3
2022-06-16T19:32:02.5849643Z   Downloading google_auth-2.8.0-py2.py3-none-any.whl (164 kB)
2022-06-16T19:32:02.5926098Z      ━━━━━━━━━━━━━━━━━━━━━━━━━━━━━━━━━━━━━━ 164.2/164.2 kB 37.2 MB/s eta 0:00:00
2022-06-16T19:32:02.6271127Z Collecting protobuf<=3.20.1
2022-06-16T19:32:02.6382400Z   Downloading protobuf-3.19.4-cp37-cp37m-manylinux_2_17_x86_64.manylinux2014_x86_64.whl (1.1 MB)
2022-06-16T19:32:02.6549519Z      ━━━━━━━━━━━━━━━━━━━━━━━━━━━━━━━━━━━━━━━━ 1.1/1.1 MB 80.0 MB/s eta 0:00:00
2022-06-16T19:32:02.6848067Z Collecting tensorboard-data-server<0.7.0,>=0.6.0
2022-06-16T19:32:02.6938729Z   Using cached tensorboard_data_server-0.6.1-py3-none-manylinux2010_x86_64.whl (4.9 MB)
2022-06-16T19:32:02.7636401Z Requirement already satisfied: six in /opt/hostedtoolcache/Python/3.7.13/x64/lib/python3.7/site-packages (from fire->yolov5==6.1.3) (1.16.0)
2022-06-16T19:32:02.7641722Z Requirement already satisfied: termcolor in /opt/hostedtoolcache/Python/3.7.13/x64/lib/python3.7/site-packages (from fire->yolov5==6.1.3) (1.1.0)
2022-06-16T19:32:02.9298038Z Collecting cachetools<6.0,>=2.0.0
2022-06-16T19:32:02.9356106Z   Downloading cachetools-5.2.0-py3-none-any.whl (9.3 kB)
2022-06-16T19:32:02.9858819Z Collecting pyasn1-modules>=0.2.1
2022-06-16T19:32:02.9891123Z   Using cached pyasn1_modules-0.2.8-py2.py3-none-any.whl (155 kB)
2022-06-16T19:32:03.0283703Z Collecting rsa<5,>=3.1.4
2022-06-16T19:32:03.0312773Z   Using cached rsa-4.8-py3-none-any.whl (39 kB)
2022-06-16T19:32:03.1033435Z Collecting requests-oauthlib>=0.7.0
2022-06-16T19:32:03.1062386Z   Using cached requests_oauthlib-1.3.1-py2.py3-none-any.whl (23 kB)
2022-06-16T19:32:03.6693314Z Requirement already satisfied: zipp>=0.5 in /opt/hostedtoolcache/Python/3.7.13/x64/lib/python3.7/site-packages (from importlib-metadata->click==8.0.4->sahi>=0.9.1->yolov5==6.1.3) (3.8.0)
2022-06-16T19:32:03.7325741Z Collecting pyasn1<0.5.0,>=0.4.6
2022-06-16T19:32:03.7356861Z   Using cached pyasn1-0.4.8-py2.py3-none-any.whl (77 kB)
2022-06-16T19:32:03.7774597Z Collecting oauthlib>=3.0.0
2022-06-16T19:32:03.7806446Z   Using cached oauthlib-3.2.0-py3-none-any.whl (151 kB)
2022-06-16T19:32:04.7606818Z Installing collected packages: typing-extensions, tensorboard-plugin-wit, pyasn1, commonmark, werkzeug, tensorboard-data-server, scipy, rsa, pyasn1-modules, protobuf, oauthlib, jmespath, grpcio, colorama, cachetools, absl-py, thop, rich, requests-oauthlib, pandas, markdown, google-auth, botocore, seaborn, s3transfer, google-auth-oauthlib, filterpy, tensorboard, norfair, boto3, yolov5
2022-06-16T19:32:04.7608752Z   Attempting uninstall: typing-extensions
2022-06-16T19:32:04.7617905Z     Found existing installation: typing_extensions 4.2.0
2022-06-16T19:32:04.7667068Z     Uninstalling typing_extensions-4.2.0:
2022-06-16T19:32:04.9726767Z       Successfully uninstalled typing_extensions-4.2.0
2022-06-16T19:32:16.0025228Z Successfully installed absl-py-1.1.0 boto3-1.24.10 botocore-1.27.10 cachetools-5.2.0 colorama-0.4.5 commonmark-0.9.1 filterpy-1.4.5 google-auth-2.8.0 google-auth-oauthlib-0.4.6 grpcio-1.46.3 jmespath-1.0.0 markdown-3.3.7 norfair-0.4.3 oauthlib-3.2.0 pandas-1.3.5 protobuf-3.19.4 pyasn1-0.4.8 pyasn1-modules-0.2.8 requests-oauthlib-1.3.1 rich-9.13.0 rsa-4.8 s3transfer-0.6.0 scipy-1.7.3 seaborn-0.11.2 tensorboard-2.9.1 tensorboard-data-server-0.6.1 tensorboard-plugin-wit-1.8.1 thop-0.1.0.post2206102148 typing-extensions-3.10.0.2 werkzeug-2.1.2 yolov5-6.1.3
2022-06-16T19:32:16.4838827Z ##[group]Run python -m pip install detectron2 -f https://dl.fbaipublicfiles.com/detectron2/wheels/cpu/torch1.10/index.html
2022-06-16T19:32:16.4839587Z [36;1mpython -m pip install detectron2 -f https://dl.fbaipublicfiles.com/detectron2/wheels/cpu/torch1.10/index.html[0m
2022-06-16T19:32:16.4904144Z shell: /usr/bin/bash -e {0}
2022-06-16T19:32:16.4904420Z env:
2022-06-16T19:32:16.4904731Z   pythonLocation: /opt/hostedtoolcache/Python/3.7.13/x64
2022-06-16T19:32:16.4905139Z   LD_LIBRARY_PATH: /opt/hostedtoolcache/Python/3.7.13/x64/lib
2022-06-16T19:32:16.4905456Z ##[endgroup]
2022-06-16T19:32:17.1985010Z Looking in links: https://dl.fbaipublicfiles.com/detectron2/wheels/cpu/torch1.10/index.html
2022-06-16T19:32:17.6990031Z Collecting detectron2
2022-06-16T19:32:17.9085406Z   Using cached https://dl.fbaipublicfiles.com/detectron2/wheels/cpu/torch1.10/detectron2-0.6%2Bcpu-cp37-cp37m-linux_x86_64.whl (5.4 MB)
2022-06-16T19:32:17.9537088Z Requirement already satisfied: tqdm>4.29.0 in /opt/hostedtoolcache/Python/3.7.13/x64/lib/python3.7/site-packages (from detectron2) (4.64.0)
2022-06-16T19:32:18.0931156Z Collecting iopath<0.1.10,>=0.1.7
2022-06-16T19:32:18.0960577Z   Using cached iopath-0.1.9-py3-none-any.whl (27 kB)
2022-06-16T19:32:18.2452266Z Collecting yacs>=0.1.8
2022-06-16T19:32:18.2486600Z   Using cached yacs-0.1.8-py3-none-any.whl (14 kB)
2022-06-16T19:32:18.2512904Z Requirement already satisfied: pycocotools>=2.0.2 in /opt/hostedtoolcache/Python/3.7.13/x64/lib/python3.7/site-packages (from detectron2) (2.0.4)
2022-06-16T19:32:18.3942657Z Collecting tabulate
2022-06-16T19:32:18.3972767Z   Using cached tabulate-0.8.9-py3-none-any.whl (25 kB)
2022-06-16T19:32:18.5704025Z Collecting cloudpickle
2022-06-16T19:32:18.5734533Z   Using cached cloudpickle-2.1.0-py3-none-any.whl (25 kB)
2022-06-16T19:32:18.5759753Z Requirement already satisfied: termcolor>=1.1 in /opt/hostedtoolcache/Python/3.7.13/x64/lib/python3.7/site-packages (from detectron2) (1.1.0)
2022-06-16T19:32:18.7133082Z Collecting pydot
2022-06-16T19:32:18.7163416Z   Using cached pydot-1.4.2-py2.py3-none-any.whl (21 kB)
2022-06-16T19:32:18.7191942Z Requirement already satisfied: matplotlib in /opt/hostedtoolcache/Python/3.7.13/x64/lib/python3.7/site-packages (from detectron2) (3.5.2)
2022-06-16T19:32:18.7196151Z Requirement already satisfied: tensorboard in /opt/hostedtoolcache/Python/3.7.13/x64/lib/python3.7/site-packages (from detectron2) (2.9.1)
2022-06-16T19:32:18.9040530Z Collecting fvcore<0.1.6,>=0.1.5
2022-06-16T19:32:18.9044390Z   Using cached fvcore-0.1.5.post20220512-py3-none-any.whl
2022-06-16T19:32:19.0534651Z Collecting future
2022-06-16T19:32:19.0536512Z   Using cached future-0.18.2-py3-none-any.whl
2022-06-16T19:32:19.2671706Z Collecting omegaconf>=2.1
2022-06-16T19:32:19.2707429Z   Using cached omegaconf-2.2.2-py3-none-any.whl (79 kB)
2022-06-16T19:32:19.4271776Z Collecting hydra-core>=1.1
2022-06-16T19:32:19.4306108Z   Using cached hydra_core-1.2.0-py3-none-any.whl (151 kB)
2022-06-16T19:32:19.4352762Z Requirement already satisfied: Pillow>=7.1 in /opt/hostedtoolcache/Python/3.7.13/x64/lib/python3.7/site-packages (from detectron2) (9.1.1)
2022-06-16T19:32:19.5994380Z Collecting black==21.4b2
2022-06-16T19:32:19.6025014Z   Using cached black-21.4b2-py3-none-any.whl (130 kB)
2022-06-16T19:32:19.7687244Z Collecting toml>=0.10.1
2022-06-16T19:32:19.7717867Z   Using cached toml-0.10.2-py2.py3-none-any.whl (16 kB)
2022-06-16T19:32:19.7756020Z Requirement already satisfied: typing-extensions>=3.7.4 in /opt/hostedtoolcache/Python/3.7.13/x64/lib/python3.7/site-packages (from black==21.4b2->detectron2) (3.10.0.2)
2022-06-16T19:32:19.7764939Z Requirement already satisfied: click>=7.1.2 in /opt/hostedtoolcache/Python/3.7.13/x64/lib/python3.7/site-packages (from black==21.4b2->detectron2) (8.0.4)
2022-06-16T19:32:19.7777943Z Requirement already satisfied: pathspec<1,>=0.8.1 in /opt/hostedtoolcache/Python/3.7.13/x64/lib/python3.7/site-packages (from black==21.4b2->detectron2) (0.9.0)
2022-06-16T19:32:19.7787364Z Requirement already satisfied: regex>=2020.1.8 in /opt/hostedtoolcache/Python/3.7.13/x64/lib/python3.7/site-packages (from black==21.4b2->detectron2) (2022.6.2)
2022-06-16T19:32:19.7808249Z Requirement already satisfied: typed-ast>=1.4.2 in /opt/hostedtoolcache/Python/3.7.13/x64/lib/python3.7/site-packages (from black==21.4b2->detectron2) (1.5.4)
2022-06-16T19:32:19.7810874Z Requirement already satisfied: appdirs in /opt/hostedtoolcache/Python/3.7.13/x64/lib/python3.7/site-packages (from black==21.4b2->detectron2) (1.4.4)
2022-06-16T19:32:19.7823801Z Requirement already satisfied: mypy-extensions>=0.4.3 in /opt/hostedtoolcache/Python/3.7.13/x64/lib/python3.7/site-packages (from black==21.4b2->detectron2) (0.4.3)
2022-06-16T19:32:19.7944093Z Requirement already satisfied: pyyaml>=5.1 in /opt/hostedtoolcache/Python/3.7.13/x64/lib/python3.7/site-packages (from fvcore<0.1.6,>=0.1.5->detectron2) (6.0)
2022-06-16T19:32:19.7954628Z Requirement already satisfied: numpy in /opt/hostedtoolcache/Python/3.7.13/x64/lib/python3.7/site-packages (from fvcore<0.1.6,>=0.1.5->detectron2) (1.21.6)
2022-06-16T19:32:19.9481206Z Collecting antlr4-python3-runtime==4.9.*
2022-06-16T19:32:19.9482656Z   Using cached antlr4_python3_runtime-4.9.3-py3-none-any.whl
2022-06-16T19:32:19.9627801Z Requirement already satisfied: packaging in /opt/hostedtoolcache/Python/3.7.13/x64/lib/python3.7/site-packages (from hydra-core>=1.1->detectron2) (21.3)
2022-06-16T19:32:19.9643374Z Requirement already satisfied: importlib-resources in /opt/hostedtoolcache/Python/3.7.13/x64/lib/python3.7/site-packages (from hydra-core>=1.1->detectron2) (5.8.0)
2022-06-16T19:32:20.1138817Z Collecting portalocker
2022-06-16T19:32:20.1169477Z   Using cached portalocker-2.4.0-py2.py3-none-any.whl (16 kB)
2022-06-16T19:32:20.1620291Z Requirement already satisfied: kiwisolver>=1.0.1 in /opt/hostedtoolcache/Python/3.7.13/x64/lib/python3.7/site-packages (from matplotlib->detectron2) (1.4.3)
2022-06-16T19:32:20.1630465Z Requirement already satisfied: python-dateutil>=2.7 in /opt/hostedtoolcache/Python/3.7.13/x64/lib/python3.7/site-packages (from matplotlib->detectron2) (2.8.2)
2022-06-16T19:32:20.1639357Z Requirement already satisfied: cycler>=0.10 in /opt/hostedtoolcache/Python/3.7.13/x64/lib/python3.7/site-packages (from matplotlib->detectron2) (0.11.0)
2022-06-16T19:32:20.1649793Z Requirement already satisfied: fonttools>=4.22.0 in /opt/hostedtoolcache/Python/3.7.13/x64/lib/python3.7/site-packages (from matplotlib->detectron2) (4.33.3)
2022-06-16T19:32:20.1666395Z Requirement already satisfied: pyparsing>=2.2.1 in /opt/hostedtoolcache/Python/3.7.13/x64/lib/python3.7/site-packages (from matplotlib->detectron2) (3.0.9)
2022-06-16T19:32:20.2273055Z Requirement already satisfied: tensorboard-plugin-wit>=1.6.0 in /opt/hostedtoolcache/Python/3.7.13/x64/lib/python3.7/site-packages (from tensorboard->detectron2) (1.8.1)
2022-06-16T19:32:20.2284138Z Requirement already satisfied: grpcio>=1.24.3 in /opt/hostedtoolcache/Python/3.7.13/x64/lib/python3.7/site-packages (from tensorboard->detectron2) (1.46.3)
2022-06-16T19:32:20.2293880Z Requirement already satisfied: markdown>=2.6.8 in /opt/hostedtoolcache/Python/3.7.13/x64/lib/python3.7/site-packages (from tensorboard->detectron2) (3.3.7)
2022-06-16T19:32:20.2302887Z Requirement already satisfied: setuptools>=41.0.0 in /opt/hostedtoolcache/Python/3.7.13/x64/lib/python3.7/site-packages (from tensorboard->detectron2) (62.4.0)
2022-06-16T19:32:20.2314316Z Requirement already satisfied: google-auth-oauthlib<0.5,>=0.4.1 in /opt/hostedtoolcache/Python/3.7.13/x64/lib/python3.7/site-packages (from tensorboard->detectron2) (0.4.6)
2022-06-16T19:32:20.2326133Z Requirement already satisfied: werkzeug>=1.0.1 in /opt/hostedtoolcache/Python/3.7.13/x64/lib/python3.7/site-packages (from tensorboard->detectron2) (2.1.2)
2022-06-16T19:32:20.2335651Z Requirement already satisfied: protobuf<3.20,>=3.9.2 in /opt/hostedtoolcache/Python/3.7.13/x64/lib/python3.7/site-packages (from tensorboard->detectron2) (3.19.4)
2022-06-16T19:32:20.2346346Z Requirement already satisfied: tensorboard-data-server<0.7.0,>=0.6.0 in /opt/hostedtoolcache/Python/3.7.13/x64/lib/python3.7/site-packages (from tensorboard->detectron2) (0.6.1)
2022-06-16T19:32:20.2356634Z Requirement already satisfied: absl-py>=0.4 in /opt/hostedtoolcache/Python/3.7.13/x64/lib/python3.7/site-packages (from tensorboard->detectron2) (1.1.0)
2022-06-16T19:32:20.2371507Z Requirement already satisfied: google-auth<3,>=1.6.3 in /opt/hostedtoolcache/Python/3.7.13/x64/lib/python3.7/site-packages (from tensorboard->detectron2) (2.8.0)
2022-06-16T19:32:20.2382550Z Requirement already satisfied: requests<3,>=2.21.0 in /opt/hostedtoolcache/Python/3.7.13/x64/lib/python3.7/site-packages (from tensorboard->detectron2) (2.28.0)
2022-06-16T19:32:20.2392191Z Requirement already satisfied: wheel>=0.26 in /opt/hostedtoolcache/Python/3.7.13/x64/lib/python3.7/site-packages (from tensorboard->detectron2) (0.37.1)
2022-06-16T19:32:20.2496740Z Requirement already satisfied: importlib-metadata in /opt/hostedtoolcache/Python/3.7.13/x64/lib/python3.7/site-packages (from click>=7.1.2->black==21.4b2->detectron2) (4.11.4)
2022-06-16T19:32:20.3325534Z Requirement already satisfied: six>=1.9.0 in /opt/hostedtoolcache/Python/3.7.13/x64/lib/python3.7/site-packages (from google-auth<3,>=1.6.3->tensorboard->detectron2) (1.16.0)
2022-06-16T19:32:20.3335767Z Requirement already satisfied: cachetools<6.0,>=2.0.0 in /opt/hostedtoolcache/Python/3.7.13/x64/lib/python3.7/site-packages (from google-auth<3,>=1.6.3->tensorboard->detectron2) (5.2.0)
2022-06-16T19:32:20.3351761Z Requirement already satisfied: rsa<5,>=3.1.4 in /opt/hostedtoolcache/Python/3.7.13/x64/lib/python3.7/site-packages (from google-auth<3,>=1.6.3->tensorboard->detectron2) (4.8)
2022-06-16T19:32:20.3362674Z Requirement already satisfied: pyasn1-modules>=0.2.1 in /opt/hostedtoolcache/Python/3.7.13/x64/lib/python3.7/site-packages (from google-auth<3,>=1.6.3->tensorboard->detectron2) (0.2.8)
2022-06-16T19:32:20.3439404Z Requirement already satisfied: requests-oauthlib>=0.7.0 in /opt/hostedtoolcache/Python/3.7.13/x64/lib/python3.7/site-packages (from google-auth-oauthlib<0.5,>=0.4.1->tensorboard->detectron2) (1.3.1)
2022-06-16T19:32:20.4449902Z Requirement already satisfied: certifi>=2017.4.17 in /opt/hostedtoolcache/Python/3.7.13/x64/lib/python3.7/site-packages (from requests<3,>=2.21.0->tensorboard->detectron2) (2022.6.15)
2022-06-16T19:32:20.4461891Z Requirement already satisfied: charset-normalizer~=2.0.0 in /opt/hostedtoolcache/Python/3.7.13/x64/lib/python3.7/site-packages (from requests<3,>=2.21.0->tensorboard->detectron2) (2.0.12)
2022-06-16T19:32:20.4471370Z Requirement already satisfied: urllib3<1.27,>=1.21.1 in /opt/hostedtoolcache/Python/3.7.13/x64/lib/python3.7/site-packages (from requests<3,>=2.21.0->tensorboard->detectron2) (1.26.9)
2022-06-16T19:32:20.4480326Z Requirement already satisfied: idna<4,>=2.5 in /opt/hostedtoolcache/Python/3.7.13/x64/lib/python3.7/site-packages (from requests<3,>=2.21.0->tensorboard->detectron2) (3.3)
2022-06-16T19:32:20.5095450Z Requirement already satisfied: zipp>=3.1.0 in /opt/hostedtoolcache/Python/3.7.13/x64/lib/python3.7/site-packages (from importlib-resources->hydra-core>=1.1->detectron2) (3.8.0)
2022-06-16T19:32:20.5825773Z Requirement already satisfied: pyasn1<0.5.0,>=0.4.6 in /opt/hostedtoolcache/Python/3.7.13/x64/lib/python3.7/site-packages (from pyasn1-modules>=0.2.1->google-auth<3,>=1.6.3->tensorboard->detectron2) (0.4.8)
2022-06-16T19:32:20.5924111Z Requirement already satisfied: oauthlib>=3.0.0 in /opt/hostedtoolcache/Python/3.7.13/x64/lib/python3.7/site-packages (from requests-oauthlib>=0.7.0->google-auth-oauthlib<0.5,>=0.4.1->tensorboard->detectron2) (3.2.0)
2022-06-16T19:32:21.5357091Z Installing collected packages: tabulate, antlr4-python3-runtime, yacs, toml, pydot, portalocker, omegaconf, future, cloudpickle, iopath, hydra-core, fvcore, black, detectron2
2022-06-16T19:32:22.3795544Z   Attempting uninstall: black
2022-06-16T19:32:22.3822821Z     Found existing installation: black 21.7b0
2022-06-16T19:32:22.4085386Z     Uninstalling black-21.7b0:
2022-06-16T19:32:22.7028839Z       Successfully uninstalled black-21.7b0
2022-06-16T19:32:23.4459539Z Successfully installed antlr4-python3-runtime-4.9.3 black-21.4b2 cloudpickle-2.1.0 detectron2-0.6+cpu future-0.18.2 fvcore-0.1.5.post20220512 hydra-core-1.2.0 iopath-0.1.9 omegaconf-2.2.2 portalocker-2.4.0 pydot-1.4.2 tabulate-0.8.9 toml-0.10.2 yacs-0.1.8
2022-06-16T19:32:23.7181372Z ##[group]Run pip install -U "layer>=0.10.0,<0.11.0"
2022-06-16T19:32:23.7181771Z [36;1mpip install -U "layer>=0.10.0,<0.11.0"[0m
2022-06-16T19:32:23.7244546Z shell: /usr/bin/bash -e {0}
2022-06-16T19:32:23.7244829Z env:
2022-06-16T19:32:23.7245164Z   pythonLocation: /opt/hostedtoolcache/Python/3.7.13/x64
2022-06-16T19:32:23.7245579Z   LD_LIBRARY_PATH: /opt/hostedtoolcache/Python/3.7.13/x64/lib
2022-06-16T19:32:23.7245905Z ##[endgroup]
2022-06-16T19:32:24.5987622Z Collecting layer<0.11.0,>=0.10.0
2022-06-16T19:32:24.6276865Z   Downloading layer-0.10.2510447650-py3-none-any.whl (133 kB)
2022-06-16T19:32:24.6386745Z      ━━━━━━━━━━━━━━━━━━━━━━━━━━━━━━━━━━━━━━ 133.3/133.3 kB 21.3 MB/s eta 0:00:00
2022-06-16T19:32:24.7047243Z Collecting idna<3
2022-06-16T19:32:24.7082421Z   Using cached idna-2.10-py2.py3-none-any.whl (58 kB)
2022-06-16T19:32:24.8395893Z Collecting rich>=11
2022-06-16T19:32:24.8433908Z   Using cached rich-12.4.4-py3-none-any.whl (232 kB)
2022-06-16T19:32:24.8482522Z Requirement already satisfied: protobuf>=3.12.0 in /opt/hostedtoolcache/Python/3.7.13/x64/lib/python3.7/site-packages (from layer<0.11.0,>=0.10.0) (3.19.4)
2022-06-16T19:32:24.8661465Z Collecting validate-email==1.3
2022-06-16T19:32:24.8662723Z   Using cached validate_email-1.3-py3-none-any.whl
2022-06-16T19:32:24.9151753Z Collecting mlflow>=1.25.0
2022-06-16T19:32:24.9632129Z   Using cached mlflow-1.26.1-py3-none-any.whl (17.8 MB)
2022-06-16T19:32:25.0679986Z Requirement already satisfied: prompt_toolkit>=3.0.8 in /opt/hostedtoolcache/Python/3.7.13/x64/lib/python3.7/site-packages (from layer<0.11.0,>=0.10.0) (3.0.29)
2022-06-16T19:32:25.1211804Z Collecting docker<5,>=4
2022-06-16T19:32:25.1247546Z   Using cached docker-4.4.4-py2.py3-none-any.whl (147 kB)
2022-06-16T19:32:25.1287800Z Requirement already satisfied: cloudpickle>=2.0.0 in /opt/hostedtoolcache/Python/3.7.13/x64/lib/python3.7/site-packages (from layer<0.11.0,>=0.10.0) (2.1.0)
2022-06-16T19:32:25.1480068Z Collecting polling>=0.3.1
2022-06-16T19:32:25.1481209Z   Using cached polling-0.3.2-py3-none-any.whl
2022-06-16T19:32:25.5145796Z Collecting cryptography>=3.4.7
2022-06-16T19:32:25.5283763Z   Using cached cryptography-37.0.2-cp36-abi3-manylinux_2_24_x86_64.whl (4.0 MB)
2022-06-16T19:32:25.5919767Z Collecting pyjwt<3.0.0,>=2.0.0
2022-06-16T19:32:25.5949223Z   Using cached PyJWT-2.4.0-py3-none-any.whl (18 kB)
2022-06-16T19:32:26.5387413Z Collecting grpcio-tools==1.45.0
2022-06-16T19:32:26.5443795Z   Using cached grpcio_tools-1.45.0-cp37-cp37m-manylinux_2_17_x86_64.manylinux2014_x86_64.whl (2.4 MB)
2022-06-16T19:32:26.5608912Z Requirement already satisfied: boto3>=1.16.24 in /opt/hostedtoolcache/Python/3.7.13/x64/lib/python3.7/site-packages (from layer<0.11.0,>=0.10.0) (1.24.10)
2022-06-16T19:32:26.5877708Z Collecting pickle5<0.1.0,>=0.0.11
2022-06-16T19:32:26.5911229Z   Using cached pickle5-0.0.12-cp37-cp37m-manylinux_2_5_x86_64.manylinux1_x86_64.whl (256 kB)
2022-06-16T19:32:26.6375306Z Collecting layer-api==0.9.365026
2022-06-16T19:32:26.6468832Z   Downloading layer_api-0.9.365026-py3-none-any.whl (307 kB)
2022-06-16T19:32:26.6559078Z      ━━━━━━━━━━━━━━━━━━━━━━━━━━━━━━━━━━━━━━ 307.3/307.3 kB 51.5 MB/s eta 0:00:00
2022-06-16T19:32:26.7924097Z Collecting pyarrow==7.0.0
2022-06-16T19:32:26.8616673Z   Using cached pyarrow-7.0.0-cp37-cp37m-manylinux_2_17_x86_64.manylinux2014_x86_64.whl (26.7 MB)
2022-06-16T19:32:27.5382478Z Collecting aiohttp<3.8.0,>=3.7.3
2022-06-16T19:32:27.5428445Z   Using cached aiohttp-3.7.4.post0-cp37-cp37m-manylinux2014_x86_64.whl (1.3 MB)
2022-06-16T19:32:27.6438550Z Collecting jsonschema==3.1.1
2022-06-16T19:32:27.6473581Z   Using cached jsonschema-3.1.1-py2.py3-none-any.whl (56 kB)
2022-06-16T19:32:27.8205226Z Collecting wrapt>=1.13.3
2022-06-16T19:32:27.8236827Z   Using cached wrapt-1.14.1-cp37-cp37m-manylinux_2_5_x86_64.manylinux1_x86_64.manylinux_2_17_x86_64.manylinux2014_x86_64.whl (75 kB)
2022-06-16T19:32:27.8278491Z Requirement already satisfied: numpy<1.22 in /opt/hostedtoolcache/Python/3.7.13/x64/lib/python3.7/site-packages (from layer<0.11.0,>=0.10.0) (1.21.6)
2022-06-16T19:32:27.8656272Z Collecting humanize>=3.11.0
2022-06-16T19:32:27.8686582Z   Using cached humanize-4.1.0-py3-none-any.whl (101 kB)
2022-06-16T19:32:28.1442356Z Collecting yarl>=1.6.3
2022-06-16T19:32:28.1477285Z   Using cached yarl-1.7.2-cp37-cp37m-manylinux_2_5_x86_64.manylinux1_x86_64.manylinux_2_12_x86_64.manylinux2010_x86_64.whl (271 kB)
2022-06-16T19:32:28.1522332Z Requirement already satisfied: pandas==1.3.5 in /opt/hostedtoolcache/Python/3.7.13/x64/lib/python3.7/site-packages (from layer<0.11.0,>=0.10.0) (1.3.5)
2022-06-16T19:32:28.2042344Z Collecting networkx>=2.5
2022-06-16T19:32:28.2093025Z   Using cached networkx-2.6.3-py3-none-any.whl (1.9 MB)
2022-06-16T19:32:28.2304753Z Requirement already satisfied: Jinja2>=2.11.3 in /opt/hostedtoolcache/Python/3.7.13/x64/lib/python3.7/site-packages (from layer<0.11.0,>=0.10.0) (3.1.2)
2022-06-16T19:32:28.3040388Z Collecting transformers
2022-06-16T19:32:28.3371862Z   Downloading transformers-4.20.0-py3-none-any.whl (4.4 MB)
2022-06-16T19:32:28.3945933Z      ━━━━━━━━━━━━━━━━━━━━━━━━━━━━━━━━━━━━━━━━ 4.4/4.4 MB 82.3 MB/s eta 0:00:00
2022-06-16T19:32:29.3197885Z Collecting grpcio==1.45.0
2022-06-16T19:32:29.3283148Z   Using cached grpcio-1.45.0-cp37-cp37m-manylinux_2_17_x86_64.manylinux2014_x86_64.whl (4.4 MB)
2022-06-16T19:32:29.4060715Z Collecting packaging<=21.0
2022-06-16T19:32:29.4090419Z   Using cached packaging-21.0-py3-none-any.whl (40 kB)
2022-06-16T19:32:29.4195428Z Requirement already satisfied: six>=1.5.2 in /opt/hostedtoolcache/Python/3.7.13/x64/lib/python3.7/site-packages (from grpcio==1.45.0->layer<0.11.0,>=0.10.0) (1.16.0)
2022-06-16T19:32:29.4378703Z Requirement already satisfied: setuptools in /opt/hostedtoolcache/Python/3.7.13/x64/lib/python3.7/site-packages (from grpcio-tools==1.45.0->layer<0.11.0,>=0.10.0) (62.4.0)
2022-06-16T19:32:29.4513885Z Requirement already satisfied: importlib-metadata in /opt/hostedtoolcache/Python/3.7.13/x64/lib/python3.7/site-packages (from jsonschema==3.1.1->layer<0.11.0,>=0.10.0) (4.11.4)
2022-06-16T19:32:29.4524160Z Requirement already satisfied: pyrsistent>=0.14.0 in /opt/hostedtoolcache/Python/3.7.13/x64/lib/python3.7/site-packages (from jsonschema==3.1.1->layer<0.11.0,>=0.10.0) (0.18.1)
2022-06-16T19:32:29.4536339Z Requirement already satisfied: attrs>=17.4.0 in /opt/hostedtoolcache/Python/3.7.13/x64/lib/python3.7/site-packages (from jsonschema==3.1.1->layer<0.11.0,>=0.10.0) (21.4.0)
2022-06-16T19:32:29.7813906Z Collecting protobuf>=3.12.0
2022-06-16T19:32:29.7856010Z   Using cached protobuf-3.20.1-cp37-cp37m-manylinux_2_5_x86_64.manylinux1_x86_64.whl (1.0 MB)
2022-06-16T19:32:29.8135892Z Requirement already satisfied: pytz>=2017.3 in /opt/hostedtoolcache/Python/3.7.13/x64/lib/python3.7/site-packages (from pandas==1.3.5->layer<0.11.0,>=0.10.0) (2022.1)
2022-06-16T19:32:29.8144741Z Requirement already satisfied: python-dateutil>=2.7.3 in /opt/hostedtoolcache/Python/3.7.13/x64/lib/python3.7/site-packages (from pandas==1.3.5->layer<0.11.0,>=0.10.0) (2.8.2)
2022-06-16T19:32:29.8627722Z Collecting async-timeout<4.0,>=3.0
2022-06-16T19:32:29.8657771Z   Using cached async_timeout-3.0.1-py3-none-any.whl (8.2 kB)
2022-06-16T19:32:29.8684987Z Requirement already satisfied: typing-extensions>=3.6.5 in /opt/hostedtoolcache/Python/3.7.13/x64/lib/python3.7/site-packages (from aiohttp<3.8.0,>=3.7.3->layer<0.11.0,>=0.10.0) (3.10.0.2)
2022-06-16T19:32:30.3393540Z Collecting multidict<7.0,>=4.5
2022-06-16T19:32:30.3427718Z   Using cached multidict-6.0.2-cp37-cp37m-manylinux_2_17_x86_64.manylinux2014_x86_64.whl (94 kB)
2022-06-16T19:32:30.3674715Z Collecting chardet<5.0,>=2.0
2022-06-16T19:32:30.3706224Z   Using cached chardet-4.0.0-py2.py3-none-any.whl (178 kB)
2022-06-16T19:32:30.3924607Z Requirement already satisfied: s3transfer<0.7.0,>=0.6.0 in /opt/hostedtoolcache/Python/3.7.13/x64/lib/python3.7/site-packages (from boto3>=1.16.24->layer<0.11.0,>=0.10.0) (0.6.0)
2022-06-16T19:32:30.3936110Z Requirement already satisfied: botocore<1.28.0,>=1.27.10 in /opt/hostedtoolcache/Python/3.7.13/x64/lib/python3.7/site-packages (from boto3>=1.16.24->layer<0.11.0,>=0.10.0) (1.27.10)
2022-06-16T19:32:30.3946197Z Requirement already satisfied: jmespath<2.0.0,>=0.7.1 in /opt/hostedtoolcache/Python/3.7.13/x64/lib/python3.7/site-packages (from boto3>=1.16.24->layer<0.11.0,>=0.10.0) (1.0.0)
2022-06-16T19:32:30.4256719Z Requirement already satisfied: cffi>=1.12 in /opt/hostedtoolcache/Python/3.7.13/x64/lib/python3.7/site-packages (from cryptography>=3.4.7->layer<0.11.0,>=0.10.0) (1.15.0)
2022-06-16T19:32:30.4427171Z Requirement already satisfied: requests!=2.18.0,>=2.14.2 in /opt/hostedtoolcache/Python/3.7.13/x64/lib/python3.7/site-packages (from docker<5,>=4->layer<0.11.0,>=0.10.0) (2.28.0)
2022-06-16T19:32:30.4436237Z Requirement already satisfied: websocket-client>=0.32.0 in /opt/hostedtoolcache/Python/3.7.13/x64/lib/python3.7/site-packages (from docker<5,>=4->layer<0.11.0,>=0.10.0) (1.3.2)
2022-06-16T19:32:30.4654593Z Requirement already satisfied: MarkupSafe>=2.0 in /opt/hostedtoolcache/Python/3.7.13/x64/lib/python3.7/site-packages (from Jinja2>=2.11.3->layer<0.11.0,>=0.10.0) (2.1.1)
2022-06-16T19:32:30.5661976Z Requirement already satisfied: pyyaml>=5.1 in /opt/hostedtoolcache/Python/3.7.13/x64/lib/python3.7/site-packages (from mlflow>=1.25.0->layer<0.11.0,>=0.10.0) (6.0)
2022-06-16T19:32:30.6094179Z Collecting Flask
2022-06-16T19:32:30.6123857Z   Using cached Flask-2.1.2-py3-none-any.whl (95 kB)
2022-06-16T19:32:30.6343678Z Collecting querystring-parser
2022-06-16T19:32:30.6370268Z   Using cached querystring_parser-1.2.4-py2.py3-none-any.whl (7.9 kB)
2022-06-16T19:32:30.6390123Z Requirement already satisfied: entrypoints in /opt/hostedtoolcache/Python/3.7.13/x64/lib/python3.7/site-packages (from mlflow>=1.25.0->layer<0.11.0,>=0.10.0) (0.4)
2022-06-16T19:32:30.7066726Z Collecting gitpython>=2.1.0
2022-06-16T19:32:30.7098259Z   Using cached GitPython-3.1.27-py3-none-any.whl (181 kB)
2022-06-16T19:32:30.7138681Z Requirement already satisfied: click>=7.0 in /opt/hostedtoolcache/Python/3.7.13/x64/lib/python3.7/site-packages (from mlflow>=1.25.0->layer<0.11.0,>=0.10.0) (8.0.4)
2022-06-16T19:32:30.7572910Z Collecting gunicorn
2022-06-16T19:32:30.7605020Z   Using cached gunicorn-20.1.0-py3-none-any.whl (79 kB)
2022-06-16T19:32:30.7956206Z Collecting databricks-cli>=0.8.7
2022-06-16T19:32:30.8014521Z   Downloading databricks-cli-0.16.8.tar.gz (67 kB)
2022-06-16T19:32:30.8078911Z      ━━━━━━━━━━━━━━━━━━━━━━━━━━━━━━━━━━━━━━━━ 67.6/67.6 kB 16.3 MB/s eta 0:00:00
2022-06-16T19:32:30.8323434Z   Preparing metadata (setup.py): started
2022-06-16T19:32:33.1731995Z   Preparing metadata (setup.py): finished with status 'done'
2022-06-16T19:32:33.6363285Z Collecting sqlalchemy
2022-06-16T19:32:33.6459701Z   Downloading SQLAlchemy-1.4.37-cp37-cp37m-manylinux_2_5_x86_64.manylinux1_x86_64.manylinux_2_17_x86_64.manylinux2014_x86_64.whl (1.6 MB)
2022-06-16T19:32:33.6684417Z      ━━━━━━━━━━━━━━━━━━━━━━━━━━━━━━━━━━━━━━━━ 1.6/1.6 MB 84.9 MB/s eta 0:00:00
2022-06-16T19:32:33.7049504Z Collecting sqlparse>=0.3.1
2022-06-16T19:32:33.7078954Z   Using cached sqlparse-0.4.2-py3-none-any.whl (42 kB)
2022-06-16T19:32:33.7108584Z Requirement already satisfied: scipy in /opt/hostedtoolcache/Python/3.7.13/x64/lib/python3.7/site-packages (from mlflow>=1.25.0->layer<0.11.0,>=0.10.0) (1.7.3)
2022-06-16T19:32:33.7705012Z Collecting alembic
2022-06-16T19:32:33.7761946Z   Downloading alembic-1.8.0-py3-none-any.whl (209 kB)
2022-06-16T19:32:33.7843960Z      ━━━━━━━━━━━━━━━━━━━━━━━━━━━━━━━━━━━━━━ 209.3/209.3 kB 41.8 MB/s eta 0:00:00
2022-06-16T19:32:33.8170433Z Collecting prometheus-flask-exporter
2022-06-16T19:32:33.8305064Z   Downloading prometheus_flask_exporter-0.20.2-py3-none-any.whl (18 kB)
2022-06-16T19:32:33.8753614Z Requirement already satisfied: pyparsing>=2.0.2 in /opt/hostedtoolcache/Python/3.7.13/x64/lib/python3.7/site-packages (from packaging<=21.0->layer<0.11.0,>=0.10.0) (3.0.9)
2022-06-16T19:32:33.8894710Z Requirement already satisfied: wcwidth in /opt/hostedtoolcache/Python/3.7.13/x64/lib/python3.7/site-packages (from prompt_toolkit>=3.0.8->layer<0.11.0,>=0.10.0) (0.2.5)
2022-06-16T19:32:33.9307820Z Requirement already satisfied: commonmark<0.10.0,>=0.9.0 in /opt/hostedtoolcache/Python/3.7.13/x64/lib/python3.7/site-packages (from rich>=11->layer<0.11.0,>=0.10.0) (0.9.1)
2022-06-16T19:32:33.9317275Z Requirement already satisfied: pygments<3.0.0,>=2.6.0 in /opt/hostedtoolcache/Python/3.7.13/x64/lib/python3.7/site-packages (from rich>=11->layer<0.11.0,>=0.10.0) (2.12.0)
2022-06-16T19:32:33.9613936Z Collecting typing-extensions>=3.6.5
2022-06-16T19:32:33.9644713Z   Using cached typing_extensions-4.2.0-py3-none-any.whl (24 kB)
2022-06-16T19:32:34.7681866Z Collecting tokenizers!=0.11.3,<0.13,>=0.11.1
2022-06-16T19:32:34.7850204Z   Using cached tokenizers-0.12.1-cp37-cp37m-manylinux_2_12_x86_64.manylinux2010_x86_64.whl (6.6 MB)
2022-06-16T19:32:34.8718070Z Collecting huggingface-hub<1.0,>=0.1.0
2022-06-16T19:32:34.8748694Z   Using cached huggingface_hub-0.7.0-py3-none-any.whl (86 kB)
2022-06-16T19:32:34.8785008Z Requirement already satisfied: tqdm>=4.27 in /opt/hostedtoolcache/Python/3.7.13/x64/lib/python3.7/site-packages (from transformers->layer<0.11.0,>=0.10.0) (4.64.0)
2022-06-16T19:32:34.9119330Z Collecting filelock
2022-06-16T19:32:34.9176354Z   Downloading filelock-3.7.1-py3-none-any.whl (10 kB)
2022-06-16T19:32:34.9235346Z Requirement already satisfied: regex!=2019.12.17 in /opt/hostedtoolcache/Python/3.7.13/x64/lib/python3.7/site-packages (from transformers->layer<0.11.0,>=0.10.0) (2022.6.2)
2022-06-16T19:32:34.9904880Z Requirement already satisfied: urllib3<1.27,>=1.25.4 in /opt/hostedtoolcache/Python/3.7.13/x64/lib/python3.7/site-packages (from botocore<1.28.0,>=1.27.10->boto3>=1.16.24->layer<0.11.0,>=0.10.0) (1.26.9)
2022-06-16T19:32:34.9968049Z Requirement already satisfied: pycparser in /opt/hostedtoolcache/Python/3.7.13/x64/lib/python3.7/site-packages (from cffi>=1.12->cryptography>=3.4.7->layer<0.11.0,>=0.10.0) (2.21)
2022-06-16T19:32:35.0391713Z Requirement already satisfied: oauthlib>=3.1.0 in /opt/hostedtoolcache/Python/3.7.13/x64/lib/python3.7/site-packages (from databricks-cli>=0.8.7->mlflow>=1.25.0->layer<0.11.0,>=0.10.0) (3.2.0)
2022-06-16T19:32:35.0404982Z Requirement already satisfied: tabulate>=0.7.7 in /opt/hostedtoolcache/Python/3.7.13/x64/lib/python3.7/site-packages (from databricks-cli>=0.8.7->mlflow>=1.25.0->layer<0.11.0,>=0.10.0) (0.8.9)
2022-06-16T19:32:35.0838678Z Collecting gitdb<5,>=4.0.1
2022-06-16T19:32:35.0869232Z   Using cached gitdb-4.0.9-py3-none-any.whl (63 kB)
2022-06-16T19:32:35.1750009Z Requirement already satisfied: zipp>=0.5 in /opt/hostedtoolcache/Python/3.7.13/x64/lib/python3.7/site-packages (from importlib-metadata->jsonschema==3.1.1->layer<0.11.0,>=0.10.0) (3.8.0)
2022-06-16T19:32:35.2673870Z Requirement already satisfied: charset-normalizer~=2.0.0 in /opt/hostedtoolcache/Python/3.7.13/x64/lib/python3.7/site-packages (from requests!=2.18.0,>=2.14.2->docker<5,>=4->layer<0.11.0,>=0.10.0) (2.0.12)
2022-06-16T19:32:35.2683457Z Requirement already satisfied: certifi>=2017.4.17 in /opt/hostedtoolcache/Python/3.7.13/x64/lib/python3.7/site-packages (from requests!=2.18.0,>=2.14.2->docker<5,>=4->layer<0.11.0,>=0.10.0) (2022.6.15)
2022-06-16T19:32:35.3662456Z Requirement already satisfied: importlib-resources in /opt/hostedtoolcache/Python/3.7.13/x64/lib/python3.7/site-packages (from alembic->mlflow>=1.25.0->layer<0.11.0,>=0.10.0) (5.8.0)
2022-06-16T19:32:35.4326011Z Collecting Mako
2022-06-16T19:32:35.4358307Z   Using cached Mako-1.2.0-py3-none-any.whl (78 kB)
2022-06-16T19:32:35.7004340Z Collecting greenlet!=0.4.17
2022-06-16T19:32:35.7035905Z   Using cached greenlet-1.1.2-cp37-cp37m-manylinux_2_17_x86_64.manylinux2014_x86_64.whl (150 kB)
2022-06-16T19:32:35.8514537Z Collecting itsdangerous>=2.0
2022-06-16T19:32:35.8543643Z   Using cached itsdangerous-2.1.2-py3-none-any.whl (15 kB)
2022-06-16T19:32:35.8575954Z Requirement already satisfied: Werkzeug>=2.0 in /opt/hostedtoolcache/Python/3.7.13/x64/lib/python3.7/site-packages (from Flask->mlflow>=1.25.0->layer<0.11.0,>=0.10.0) (2.1.2)
2022-06-16T19:32:35.8891853Z Requirement already satisfied: prometheus-client in /opt/hostedtoolcache/Python/3.7.13/x64/lib/python3.7/site-packages (from prometheus-flask-exporter->mlflow>=1.25.0->layer<0.11.0,>=0.10.0) (0.14.1)
2022-06-16T19:32:35.9752347Z Collecting smmap<6,>=3.0.1
2022-06-16T19:32:35.9781431Z   Using cached smmap-5.0.0-py3-none-any.whl (24 kB)
2022-06-16T19:32:36.2450696Z WARNING: The candidate selected for download or install is a yanked version: 'grpcio' candidate (version 1.45.0 at https://files.pythonhosted.org/packages/b8/ab/c7abc950e222c4cab5f7fd92107f3b09553061f673f1a670e6569105f584/grpcio-1.45.0-cp37-cp37m-manylinux_2_17_x86_64.manylinux2014_x86_64.whl#sha256=cc135b77f384a84bac67a37947886986be136356446338d64160a30c85f20c6d (from https://pypi.org/simple/grpcio/) (requires-python:>=3.6))
2022-06-16T19:32:36.2452043Z Reason for being yanked: Segfaults
2022-06-16T19:32:36.2454272Z WARNING: The candidate selected for download or install is a yanked version: 'grpcio-tools' candidate (version 1.45.0 at https://files.pythonhosted.org/packages/be/e1/70dac693e6df7e4f3108dfd3a82f86f0cd3742d9afe98bb2fe4333a3edd7/grpcio_tools-1.45.0-cp37-cp37m-manylinux_2_17_x86_64.manylinux2014_x86_64.whl#sha256=7db11a65e07410db1c31cbeb9afe344a6bd88a63dcd819557707ca7318478727 (from https://pypi.org/simple/grpcio-tools/) (requires-python:>=3.6))
2022-06-16T19:32:36.2455630Z Reason for being yanked: grpcio 1.45.0 was yanked
2022-06-16T19:32:36.2460913Z Building wheels for collected packages: databricks-cli
2022-06-16T19:32:36.2469848Z   Building wheel for databricks-cli (setup.py): started
2022-06-16T19:32:39.2439757Z   Building wheel for databricks-cli (setup.py): finished with status 'done'
2022-06-16T19:32:39.2461825Z   Created wheel for databricks-cli: filename=databricks_cli-0.16.8-py3-none-any.whl size=119404 sha256=853486b009af7d794d3e88fbb790a793bf449bac86f90c474258c97821da9f4e
2022-06-16T19:32:39.2466269Z   Stored in directory: /home/runner/.cache/pip/wheels/e7/b3/94/fe92c0e01cdacf64a340b5e8fffcff576159f1f959d691e427
2022-06-16T19:32:39.2519862Z Successfully built databricks-cli
2022-06-16T19:32:40.9890867Z Installing collected packages: validate-email, tokenizers, polling, wrapt, typing-extensions, sqlparse, smmap, querystring-parser, pyjwt, pyarrow, protobuf, pickle5, packaging, networkx, multidict, itsdangerous, idna, gunicorn, grpcio, greenlet, filelock, chardet, async-timeout, yarl, rich, grpcio-tools, gitdb, cryptography, sqlalchemy, Mako, layer-api, jsonschema, humanize, huggingface-hub, gitpython, docker, aiohttp, transformers, Flask, databricks-cli, alembic, prometheus-flask-exporter, mlflow, layer
2022-06-16T19:32:41.2294635Z   Attempting uninstall: typing-extensions
2022-06-16T19:32:41.2304269Z     Found existing installation: typing-extensions 3.10.0.2
2022-06-16T19:32:41.2345630Z     Uninstalling typing-extensions-3.10.0.2:
2022-06-16T19:32:41.5325182Z       Successfully uninstalled typing-extensions-3.10.0.2
2022-06-16T19:32:42.9058889Z   Attempting uninstall: protobuf
2022-06-16T19:32:42.9068261Z     Found existing installation: protobuf 3.19.4
2022-06-16T19:32:42.9298593Z     Uninstalling protobuf-3.19.4:
2022-06-16T19:32:43.2309971Z       Successfully uninstalled protobuf-3.19.4
2022-06-16T19:32:43.4290024Z   Attempting uninstall: packaging
2022-06-16T19:32:43.4305179Z     Found existing installation: packaging 21.3
2022-06-16T19:32:43.4413583Z     Uninstalling packaging-21.3:
2022-06-16T19:32:43.4431633Z       Successfully uninstalled packaging-21.3
2022-06-16T19:32:44.5987206Z   Attempting uninstall: idna
2022-06-16T19:32:44.6004964Z     Found existing installation: idna 3.3
2022-06-16T19:32:44.6089710Z     Uninstalling idna-3.3:
2022-06-16T19:32:44.6101124Z       Successfully uninstalled idna-3.3
2022-06-16T19:32:44.7609197Z   Attempting uninstall: grpcio
2022-06-16T19:32:44.7630312Z     Found existing installation: grpcio 1.46.3
2022-06-16T19:32:44.7907425Z     Uninstalling grpcio-1.46.3:
2022-06-16T19:32:44.7932369Z       Successfully uninstalled grpcio-1.46.3
2022-06-16T19:32:45.2729629Z   Attempting uninstall: rich
2022-06-16T19:32:45.2743716Z     Found existing installation: rich 9.13.0
2022-06-16T19:32:45.3086329Z     Uninstalling rich-9.13.0:
2022-06-16T19:32:45.3106610Z       Successfully uninstalled rich-9.13.0
2022-06-16T19:32:47.1052802Z   Attempting uninstall: jsonschema
2022-06-16T19:32:47.1068802Z     Found existing installation: jsonschema 4.6.0
2022-06-16T19:32:47.1239171Z     Uninstalling jsonschema-4.6.0:
2022-06-16T19:32:47.1263274Z       Successfully uninstalled jsonschema-4.6.0
2022-06-16T19:32:52.0824145Z ERROR: pip's dependency resolver does not currently take into account all the packages that are installed. This behaviour is the source of the following dependency conflicts.
2022-06-16T19:32:52.0827036Z tensorboard 2.9.1 requires protobuf<3.20,>=3.9.2, but you have protobuf 3.20.1 which is incompatible.
2022-06-16T19:32:52.0831429Z Successfully installed Flask-2.1.2 Mako-1.2.0 aiohttp-3.7.4.post0 alembic-1.8.0 async-timeout-3.0.1 chardet-4.0.0 cryptography-37.0.2 databricks-cli-0.16.8 docker-4.4.4 filelock-3.7.1 gitdb-4.0.9 gitpython-3.1.27 greenlet-1.1.2 grpcio-1.45.0 grpcio-tools-1.45.0 gunicorn-20.1.0 huggingface-hub-0.7.0 humanize-4.1.0 idna-2.10 itsdangerous-2.1.2 jsonschema-3.1.1 layer-0.10.2510447650 layer-api-0.9.365026 mlflow-1.26.1 multidict-6.0.2 networkx-2.6.3 packaging-21.0 pickle5-0.0.12 polling-0.3.2 prometheus-flask-exporter-0.20.2 protobuf-3.20.1 pyarrow-7.0.0 pyjwt-2.4.0 querystring-parser-1.2.4 rich-12.4.4 smmap-5.0.0 sqlalchemy-1.4.37 sqlparse-0.4.2 tokenizers-0.12.1 transformers-4.20.0 typing-extensions-4.2.0 validate-email-1.3 wrapt-1.14.1 yarl-1.7.2
2022-06-16T19:32:52.0834455Z norfair 0.4.3 requires rich<10.0.0,>=9.10.0, but you have rich 12.4.4 which is incompatible.
2022-06-16T19:32:52.6756671Z ##[group]Run python -m unittest
2022-06-16T19:32:52.6757134Z [36;1mpython -m unittest[0m
2022-06-16T19:32:52.6833230Z shell: /usr/bin/bash -e {0}
2022-06-16T19:32:52.6833506Z env:
2022-06-16T19:32:52.6833829Z   pythonLocation: /opt/hostedtoolcache/Python/3.7.13/x64
2022-06-16T19:32:52.6834237Z   LD_LIBRARY_PATH: /opt/hostedtoolcache/Python/3.7.13/x64/lib
2022-06-16T19:32:52.6834553Z ##[endgroup]
2022-06-16T19:32:54.7874442Z 06/16/2022 19:32:54 - INFO - sahi.utils.import_utils -   torch version 1.10.2+cpu available.
2022-06-16T19:32:54.8798182Z 06/16/2022 19:32:54 - INFO - sahi.utils.import_utils -   torchvision version 0.11.3+cpu available.
2022-06-16T19:32:55.5460005Z 06/16/2022 19:32:55 - INFO - matplotlib.font_manager -   Failed to extract font properties from /usr/share/fonts/truetype/noto/NotoColorEmoji.ttf: In FT2Font: Can not load face.  Unknown file format.
2022-06-16T19:32:55.5604481Z 06/16/2022 19:32:55 - INFO - matplotlib.font_manager -   generated new fontManager
2022-06-16T19:32:57.4631872Z 06/16/2022 19:32:57 - INFO - sahi.utils.import_utils -   yolov5 version 6.1.3 available.
2022-06-16T19:32:57.4633771Z yolov5 version 6.1.3 available.
2022-06-16T19:32:57.9287639Z 06/16/2022 19:32:57 - INFO - sahi.utils.import_utils -   mmdet version 2.25.0 available.
2022-06-16T19:32:57.9288088Z mmdet version 2.25.0 available.
2022-06-16T19:32:57.9291139Z 06/16/2022 19:32:57 - INFO - sahi.utils.import_utils -   mmcv version 1.5.3 available.
2022-06-16T19:32:57.9291851Z mmcv version 1.5.3 available.
2022-06-16T19:32:57.9303429Z 06/16/2022 19:32:57 - INFO - sahi.utils.import_utils -   detectron2 version 0.6 available.
2022-06-16T19:32:57.9304100Z detectron2 version 0.6 available.
2022-06-16T19:32:58.2766425Z 06/16/2022 19:32:58 - INFO - sahi.utils.import_utils -   layer version 0.0.1b1 available.
2022-06-16T19:32:58.2767289Z layer version 0.0.1b1 available.
2022-06-16T19:32:58.3092977Z indexing coco dataset annotations...
2022-06-16T19:32:58.3093901Z .....
2022-06-16T19:32:58.3118567Z Loading coco annotations:   0%|          | 0/3 [00:00<?, ?it/s]
2022-06-16T19:32:58.3122682Z Loading coco annotations: 100%|██████████| 3/3 [00:00<00:00, 1308.68it/s]
2022-06-16T19:32:58.3123198Z indexing coco dataset annotations...
2022-06-16T19:32:58.3172336Z 
2022-06-16T19:32:58.3172563Z Loading coco annotations:   0%|          | 0/3 [00:00<?, ?it/s]
2022-06-16T19:32:58.3206812Z Loading coco annotations: 100%|██████████| 3/3 [00:00<00:00, 1188.64it/s]
2022-06-16T19:32:58.3211246Z .
2022-06-16T19:32:58.3211538Z indexing coco dataset annotations...
2022-06-16T19:32:58.3223606Z Loading coco annotations:   0%|          | 0/2 [00:00<?, ?it/s]
2022-06-16T19:32:58.3242827Z Loading coco annotations: 100%|██████████| 2/2 [00:00<00:00, 1631.39it/s]
2022-06-16T19:32:58.3243268Z generating image symlinks and annotation files for yolov5...
2022-06-16T19:32:58.3270288Z 
2022-06-16T19:32:58.3270435Z   0%|          | 0/1 [00:00<?, ?it/s]
2022-06-16T19:32:58.3271043Z 100%|██████████| 1/1 [00:00<00:00, 416.02it/s]
2022-06-16T19:32:58.3271249Z 
2022-06-16T19:32:58.3271502Z generating image symlinks and annotation files for yolov5...
2022-06-16T19:32:58.3301727Z   0%|          | 0/1 [00:00<?, ?it/s]
2022-06-16T19:32:58.3312750Z 100%|██████████| 1/1 [00:00<00:00, 319.74it/s]
2022-06-16T19:32:58.3335405Z ....
2022-06-16T19:32:58.3335672Z indexing coco dataset annotations...
2022-06-16T19:32:58.3343922Z Loading coco annotations:   0%|          | 0/1 [00:00<?, ?it/s]
2022-06-16T19:32:58.3348900Z Loading coco annotations: 100%|██████████| 1/1 [00:00<00:00, 1328.99it/s]
2022-06-16T19:32:58.3349128Z 
2022-06-16T19:32:58.3349277Z indexing coco dataset annotations...
2022-06-16T19:32:58.3354037Z Loading coco annotations:   0%|          | 0/1 [00:00<?, ?it/s]
2022-06-16T19:32:58.3356388Z Loading coco annotations: 100%|██████████| 1/1 [00:00<00:00, 1833.98it/s]
2022-06-16T19:32:58.3356616Z 
2022-06-16T19:32:58.3356764Z indexing coco dataset annotations...
2022-06-16T19:32:58.3369193Z Loading coco annotations:   0%|          | 0/1 [00:00<?, ?it/s]
2022-06-16T19:32:58.3731509Z Loading coco annotations: 100%|██████████| 1/1 [00:00<00:00, 887.50it/s]
2022-06-16T19:32:58.3739442Z .
2022-06-16T19:32:58.3740104Z 'desired_name2id' is not specified, combining all categories.
2022-06-16T19:32:58.3740580Z Categories are formed as:
2022-06-16T19:32:58.3741322Z  [{'id': 0, 'name': 'human', 'supercategory': 'human'}, {'id': 1, 'name': 'car', 'supercategory': 'car'}]
2022-06-16T19:32:58.3742068Z 'desired_name2id' is not specified, combining all categories.
2022-06-16T19:32:58.3742536Z Categories are formed as:
2022-06-16T19:32:58.3743272Z  [{'id': 0, 'name': 'human', 'supercategory': 'human'}, {'id': 1, 'name': 'car', 'supercategory': 'car'}]
2022-06-16T19:32:58.3743826Z indexing coco dataset annotations...
2022-06-16T19:32:58.3745156Z Loading coco annotations:   0%|          | 0/1 [00:00<?, ?it/s]
2022-06-16T19:32:58.3876428Z Loading coco annotations: 100%|██████████| 1/1 [00:00<00:00, 1476.87it/s]
2022-06-16T19:32:58.3898096Z indexing coco dataset annotations...
2022-06-16T19:32:58.3898915Z .....
2022-06-16T19:32:58.3909240Z Loading coco annotations:   0%|          | 0/2 [00:00<?, ?it/s]
2022-06-16T19:32:58.3917475Z Loading coco annotations: 100%|██████████| 2/2 [00:00<00:00, 1617.55it/s]
2022-06-16T19:32:58.3917786Z 
2022-06-16T19:32:58.3918052Z generating image symlinks and annotation files for yolov5...
2022-06-16T19:32:58.3975437Z   0%|          | 0/2 [00:00<?, ?it/s]
2022-06-16T19:32:58.3976132Z 100%|██████████| 2/2 [00:00<00:00, 348.19it/s]
2022-06-16T19:32:58.3976318Z 
2022-06-16T19:32:58.3976529Z generating image symlinks and annotation files for yolov5...
2022-06-16T19:32:58.4033224Z   0%|          | 0/2 [00:00<?, ?it/s]
2022-06-16T19:32:58.4045365Z 100%|██████████| 2/2 [00:00<00:00, 358.06it/s]
2022-06-16T19:32:58.4181264Z .
2022-06-16T19:32:58.4181745Z indexing coco dataset annotations...
2022-06-16T19:32:58.6259422Z Loading coco annotations:   0%|          | 0/50 [00:00<?, ?it/s]
2022-06-16T19:32:58.7280542Z Loading coco annotations:  10%|█         | 5/50 [00:00<00:01, 24.08it/s]
2022-06-16T19:32:58.8470888Z Loading coco annotations:  44%|████▍     | 22/50 [00:00<00:00, 82.85it/s]
2022-06-16T19:32:58.8852446Z Loading coco annotations:  82%|████████▏ | 41/50 [00:00<00:00, 114.14it/s]
2022-06-16T19:33:00.1454134Z Loading coco annotations: 100%|██████████| 50/50 [00:00<00:00, 107.08it/s]
2022-06-16T19:33:00.1570377Z indexing coco dataset annotations...
2022-06-16T19:33:00.1571243Z indexing coco dataset annotations...
2022-06-16T19:33:00.1574415Z ..
2022-06-16T19:33:00.2652346Z Loading coco annotations:   0%|          | 0/50 [00:00<?, ?it/s]
2022-06-16T19:33:00.3669523Z Loading coco annotations:  28%|██▊       | 14/50 [00:00<00:00, 129.86it/s]
2022-06-16T19:33:00.4651886Z Loading coco annotations:  66%|██████▌   | 33/50 [00:00<00:00, 162.75it/s]
2022-06-16T19:33:00.8191043Z Loading coco annotations: 100%|██████████| 50/50 [00:00<00:00, 162.56it/s]
2022-06-16T19:33:00.9343014Z .
2022-06-16T19:33:00.9343544Z indexing coco dataset annotations...
2022-06-16T19:33:01.0415435Z Loading coco annotations:   0%|          | 0/50 [00:00<?, ?it/s]
2022-06-16T19:33:01.1428958Z Loading coco annotations:  28%|██▊       | 14/50 [00:00<00:00, 131.36it/s]
2022-06-16T19:33:01.2411490Z Loading coco annotations:  66%|██████▌   | 33/50 [00:00<00:00, 163.50it/s]
2022-06-16T19:33:03.8359219Z Loading coco annotations: 100%|██████████| 50/50 [00:00<00:00, 163.18it/s]
2022-06-16T19:33:03.8408030Z ...
2022-06-16T19:33:03.8408720Z 'desired_name2id' is not specified, combining all categories.
2022-06-16T19:33:03.8409466Z Categories are formed as:
2022-06-16T19:33:03.8410566Z  [{'name': 'human', 'supercategory': 'human', 'id': 0}, {'name': 'car', 'supercategory': 'car', 'id': 1}]
2022-06-16T19:33:03.8411205Z indexing coco dataset annotations...
2022-06-16T19:33:03.8424412Z Loading coco annotations:   0%|          | 0/2 [00:00<?, ?it/s]
2022-06-16T19:33:03.8533406Z Loading coco annotations: 100%|██████████| 2/2 [00:00<00:00, 1489.45it/s]
2022-06-16T19:33:03.8838250Z skipping frame symlink creation since file_name is not set for mot frames
2022-06-16T19:33:03.8838953Z ..E..EEEEEE.EEEEEE..E.....
2022-06-16T19:33:03.8840442Z indexing coco dataset annotations...
2022-06-16T19:33:03.8848600Z Loading coco annotations:   0%|          | 0/1 [00:00<?, ?it/s]
2022-06-16T19:33:03.8850346Z Loading coco annotations: 100%|██████████| 1/1 [00:00<00:00, 1167.35it/s]
2022-06-16T19:33:03.8850690Z 
2022-06-16T19:33:04.2002260Z   0%|          | 0/1 [00:00<?, ?it/s]
2022-06-16T19:33:04.2002990Z 100%|██████████| 1/1 [00:00<00:00,  3.21it/s]
2022-06-16T19:33:04.2028753Z 100%|██████████| 1/1 [00:00<00:00,  3.21it/s]
2022-06-16T19:33:04.2029130Z indexing coco dataset annotations...
2022-06-16T19:33:04.2032195Z 
2022-06-16T19:33:04.2045600Z Loading coco annotations:   0%|          | 0/1 [00:00<?, ?it/s]
2022-06-16T19:33:04.2050258Z Loading coco annotations: 100%|██████████| 1/1 [00:00<00:00, 849.05it/s]
2022-06-16T19:33:04.2053906Z 
2022-06-16T19:33:04.7205953Z   0%|          | 0/1 [00:00<?, ?it/s]
2022-06-16T19:33:04.7207141Z 100%|██████████| 1/1 [00:00<00:00,  1.94it/s]
2022-06-16T19:33:04.7255815Z 100%|██████████| 1/1 [00:00<00:00,  1.94it/s]
2022-06-16T19:33:04.7263120Z indexing coco dataset annotations...
2022-06-16T19:33:04.7267236Z .
2022-06-16T19:33:04.7280269Z Loading coco annotations:   0%|          | 0/1 [00:00<?, ?it/s]
2022-06-16T19:33:05.1592143Z Loading coco annotations: 100%|██████████| 1/1 [00:00<00:00, 1131.46it/s]
2022-06-16T19:33:05.1612231Z .EEEE
2022-06-16T19:33:05.1613105Z ======================================================================
2022-06-16T19:33:05.1616778Z ERROR: tests.test_detectron2 (unittest.loader._FailedTest)
2022-06-16T19:33:05.1618216Z ----------------------------------------------------------------------
2022-06-16T19:33:05.1619298Z ImportError: Failed to import test module: tests.test_detectron2
2022-06-16T19:33:05.1620239Z Traceback (most recent call last):
2022-06-16T19:33:05.1651670Z   File "/opt/hostedtoolcache/Python/3.7.13/x64/lib/python3.7/unittest/loader.py", line 436, in _find_test_path
2022-06-16T19:33:05.1652350Z     module = self._get_module_from_name(name)
2022-06-16T19:33:05.1652877Z   File "/opt/hostedtoolcache/Python/3.7.13/x64/lib/python3.7/unittest/loader.py", line 377, in _get_module_from_name
2022-06-16T19:33:05.1653284Z     __import__(name)
2022-06-16T19:33:05.1653690Z   File "/home/runner/work/sahi/sahi/tests/test_detectron2.py", line 6, in <module>
2022-06-16T19:33:05.1654121Z     from sahi.model import Detectron2DetectionModel
2022-06-16T19:33:05.1654568Z   File "/home/runner/work/sahi/sahi/sahi/model.py", line 13, in <module>
2022-06-16T19:33:05.1654982Z     from sahi.utils.import_utils import is_torch_available
2022-06-16T19:33:05.1655778Z ImportError: cannot import name 'is_torch_available' from 'sahi.utils.import_utils' (/home/runner/work/sahi/sahi/sahi/utils/import_utils.py)
2022-06-16T19:33:05.1656122Z 
2022-06-16T19:33:05.1656131Z 
2022-06-16T19:33:05.1656273Z ======================================================================
2022-06-16T19:33:05.1656616Z ERROR: tests.test_layer (unittest.loader._FailedTest)
2022-06-16T19:33:05.1657142Z ----------------------------------------------------------------------
2022-06-16T19:33:05.1657575Z ImportError: Failed to import test module: tests.test_layer
2022-06-16T19:33:05.1657926Z Traceback (most recent call last):
2022-06-16T19:33:05.1658401Z   File "/opt/hostedtoolcache/Python/3.7.13/x64/lib/python3.7/unittest/loader.py", line 436, in _find_test_path
2022-06-16T19:33:05.1658835Z     module = self._get_module_from_name(name)
2022-06-16T19:33:05.1659324Z   File "/opt/hostedtoolcache/Python/3.7.13/x64/lib/python3.7/unittest/loader.py", line 377, in _get_module_from_name
2022-06-16T19:33:05.1659718Z     __import__(name)
2022-06-16T19:33:05.1660086Z   File "/home/runner/work/sahi/sahi/tests/test_layer.py", line 10, in <module>
2022-06-16T19:33:05.1660490Z     from sahi.model import Yolov5DetectionModel
2022-06-16T19:33:05.1660915Z   File "/home/runner/work/sahi/sahi/sahi/model.py", line 13, in <module>
2022-06-16T19:33:05.1661669Z     from sahi.utils.import_utils import is_torch_available
2022-06-16T19:33:05.1662391Z ImportError: cannot import name 'is_torch_available' from 'sahi.utils.import_utils' (/home/runner/work/sahi/sahi/sahi/utils/import_utils.py)
2022-06-16T19:33:05.1662728Z 
2022-06-16T19:33:05.1662736Z 
2022-06-16T19:33:05.1662877Z ======================================================================
2022-06-16T19:33:05.1663366Z ERROR: test_convert_original_predictions_with_mask_output (tests.test_mmdetectionmodel.TestMmdetDetectionModel)
2022-06-16T19:33:05.1664010Z ----------------------------------------------------------------------
2022-06-16T19:33:05.1664371Z Traceback (most recent call last):
2022-06-16T19:33:05.1664957Z   File "/home/runner/work/sahi/sahi/tests/test_mmdetectionmodel.py", line 109, in test_convert_original_predictions_with_mask_output
2022-06-16T19:33:05.1665446Z     from sahi.model import MmdetDetectionModel
2022-06-16T19:33:05.1665875Z   File "/home/runner/work/sahi/sahi/sahi/model.py", line 13, in <module>
2022-06-16T19:33:05.1666408Z     from sahi.utils.import_utils import is_torch_available
2022-06-16T19:33:05.1667105Z ImportError: cannot import name 'is_torch_available' from 'sahi.utils.import_utils' (/home/runner/work/sahi/sahi/sahi/utils/import_utils.py)
2022-06-16T19:33:05.1667442Z 
2022-06-16T19:33:05.1667580Z ======================================================================
2022-06-16T19:33:05.1668074Z ERROR: test_convert_original_predictions_without_mask_output (tests.test_mmdetectionmodel.TestMmdetDetectionModel)
2022-06-16T19:33:05.1668701Z ----------------------------------------------------------------------
2022-06-16T19:33:05.1669072Z Traceback (most recent call last):
2022-06-16T19:33:05.1669624Z   File "/home/runner/work/sahi/sahi/tests/test_mmdetectionmodel.py", line 153, in test_convert_original_predictions_without_mask_output
2022-06-16T19:33:05.1670116Z     from sahi.model import MmdetDetectionModel
2022-06-16T19:33:05.1670545Z   File "/home/runner/work/sahi/sahi/sahi/model.py", line 13, in <module>
2022-06-16T19:33:05.1670958Z     from sahi.utils.import_utils import is_torch_available
2022-06-16T19:33:05.1671644Z ImportError: cannot import name 'is_torch_available' from 'sahi.utils.import_utils' (/home/runner/work/sahi/sahi/sahi/utils/import_utils.py)
2022-06-16T19:33:05.1671977Z 
2022-06-16T19:33:05.1672116Z ======================================================================
2022-06-16T19:33:05.1672528Z ERROR: test_load_model (tests.test_mmdetectionmodel.TestMmdetDetectionModel)
2022-06-16T19:33:05.1673110Z ----------------------------------------------------------------------
2022-06-16T19:33:05.1673475Z Traceback (most recent call last):
2022-06-16T19:33:05.1673927Z   File "/home/runner/work/sahi/sahi/tests/test_mmdetectionmodel.py", line 18, in test_load_model
2022-06-16T19:33:05.1674429Z     from sahi.model import MmdetDetectionModel
2022-06-16T19:33:05.1674879Z   File "/home/runner/work/sahi/sahi/sahi/model.py", line 13, in <module>
2022-06-16T19:33:05.1675288Z     from sahi.utils.import_utils import is_torch_available
2022-06-16T19:33:05.1675966Z ImportError: cannot import name 'is_torch_available' from 'sahi.utils.import_utils' (/home/runner/work/sahi/sahi/sahi/utils/import_utils.py)
2022-06-16T19:33:05.1676300Z 
2022-06-16T19:33:05.1676439Z ======================================================================
2022-06-16T19:33:05.1676903Z ERROR: test_perform_inference_with_mask_output (tests.test_mmdetectionmodel.TestMmdetDetectionModel)
2022-06-16T19:33:05.1677530Z ----------------------------------------------------------------------
2022-06-16T19:33:05.1677900Z Traceback (most recent call last):
2022-06-16T19:33:05.1678419Z   File "/home/runner/work/sahi/sahi/tests/test_mmdetectionmodel.py", line 34, in test_perform_inference_with_mask_output
2022-06-16T19:33:05.1678886Z     from sahi.model import MmdetDetectionModel
2022-06-16T19:33:05.1679310Z   File "/home/runner/work/sahi/sahi/sahi/model.py", line 13, in <module>
2022-06-16T19:33:05.1679792Z     from sahi.utils.import_utils import is_torch_available
2022-06-16T19:33:05.1680491Z ImportError: cannot import name 'is_torch_available' from 'sahi.utils.import_utils' (/home/runner/work/sahi/sahi/sahi/utils/import_utils.py)
2022-06-16T19:33:05.1681252Z 
2022-06-16T19:33:05.1681396Z ======================================================================
2022-06-16T19:33:05.1682142Z ERROR: test_perform_inference_without_mask_output (tests.test_mmdetectionmodel.TestMmdetDetectionModel)
2022-06-16T19:33:05.1682777Z ----------------------------------------------------------------------
2022-06-16T19:33:05.1683144Z Traceback (most recent call last):
2022-06-16T19:33:05.1683683Z   File "/home/runner/work/sahi/sahi/tests/test_mmdetectionmodel.py", line 72, in test_perform_inference_without_mask_output
2022-06-16T19:33:05.1684141Z     from sahi.model import MmdetDetectionModel
2022-06-16T19:33:05.1684563Z   File "/home/runner/work/sahi/sahi/sahi/model.py", line 13, in <module>
2022-06-16T19:33:05.1684967Z     from sahi.utils.import_utils import is_torch_available
2022-06-16T19:33:05.1685779Z ImportError: cannot import name 'is_torch_available' from 'sahi.utils.import_utils' (/home/runner/work/sahi/sahi/sahi/utils/import_utils.py)
2022-06-16T19:33:05.1686114Z 
2022-06-16T19:33:05.1686253Z ======================================================================
2022-06-16T19:33:05.1686624Z ERROR: test_coco_json_prediction (tests.test_predict.TestPredict)
2022-06-16T19:33:05.1687159Z ----------------------------------------------------------------------
2022-06-16T19:33:05.1687527Z Traceback (most recent call last):
2022-06-16T19:33:05.1687975Z   File "/home/runner/work/sahi/sahi/tests/test_predict.py", line 298, in test_coco_json_prediction
2022-06-16T19:33:05.1688379Z     from sahi.predict import predict
2022-06-16T19:33:05.1688792Z   File "/home/runner/work/sahi/sahi/sahi/predict.py", line 15, in <module>
2022-06-16T19:33:05.1689171Z     from sahi.model import DetectionModel
2022-06-16T19:33:05.1689582Z   File "/home/runner/work/sahi/sahi/sahi/model.py", line 13, in <module>
2022-06-16T19:33:05.1689986Z     from sahi.utils.import_utils import is_torch_available
2022-06-16T19:33:05.1690674Z ImportError: cannot import name 'is_torch_available' from 'sahi.utils.import_utils' (/home/runner/work/sahi/sahi/sahi/utils/import_utils.py)
2022-06-16T19:33:05.1691009Z 
2022-06-16T19:33:05.1691147Z ======================================================================
2022-06-16T19:33:05.1691526Z ERROR: test_get_prediction_automodel_yolov5 (tests.test_predict.TestPredict)
2022-06-16T19:33:05.1692077Z ----------------------------------------------------------------------
2022-06-16T19:33:05.1692450Z Traceback (most recent call last):
2022-06-16T19:33:05.1692933Z   File "/home/runner/work/sahi/sahi/tests/test_predict.py", line 123, in test_get_prediction_automodel_yolov5
2022-06-16T19:33:05.1693369Z     from sahi.predict import get_prediction
2022-06-16T19:33:05.1693783Z   File "/home/runner/work/sahi/sahi/sahi/predict.py", line 15, in <module>
2022-06-16T19:33:05.1694161Z     from sahi.model import DetectionModel
2022-06-16T19:33:05.1694555Z   File "/home/runner/work/sahi/sahi/sahi/model.py", line 13, in <module>
2022-06-16T19:33:05.1694955Z     from sahi.utils.import_utils import is_torch_available
2022-06-16T19:33:05.1695641Z ImportError: cannot import name 'is_torch_available' from 'sahi.utils.import_utils' (/home/runner/work/sahi/sahi/sahi/utils/import_utils.py)
2022-06-16T19:33:05.1695976Z 
2022-06-16T19:33:05.1696115Z ======================================================================
2022-06-16T19:33:05.1696485Z ERROR: test_get_prediction_mmdet (tests.test_predict.TestPredict)
2022-06-16T19:33:05.1697016Z ----------------------------------------------------------------------
2022-06-16T19:33:05.1697381Z Traceback (most recent call last):
2022-06-16T19:33:05.1697819Z   File "/home/runner/work/sahi/sahi/tests/test_predict.py", line 30, in test_get_prediction_mmdet
2022-06-16T19:33:05.1698244Z     from sahi.model import MmdetDetectionModel
2022-06-16T19:33:05.1698744Z   File "/home/runner/work/sahi/sahi/sahi/model.py", line 13, in <module>
2022-06-16T19:33:05.1699153Z     from sahi.utils.import_utils import is_torch_available
2022-06-16T19:33:05.1699842Z ImportError: cannot import name 'is_torch_available' from 'sahi.utils.import_utils' (/home/runner/work/sahi/sahi/sahi/utils/import_utils.py)
2022-06-16T19:33:05.1700180Z 
2022-06-16T19:33:05.1700318Z ======================================================================
2022-06-16T19:33:05.1700691Z ERROR: test_get_prediction_yolov5 (tests.test_predict.TestPredict)
2022-06-16T19:33:05.1701226Z ----------------------------------------------------------------------
2022-06-16T19:33:05.1701584Z Traceback (most recent call last):
2022-06-16T19:33:05.1702053Z   File "/home/runner/work/sahi/sahi/tests/test_predict.py", line 76, in test_get_prediction_yolov5
2022-06-16T19:33:05.1702488Z     from sahi.model import Yolov5DetectionModel
2022-06-16T19:33:05.1702914Z   File "/home/runner/work/sahi/sahi/sahi/model.py", line 13, in <module>
2022-06-16T19:33:05.1703386Z     from sahi.utils.import_utils import is_torch_available
2022-06-16T19:33:05.1704079Z ImportError: cannot import name 'is_torch_available' from 'sahi.utils.import_utils' (/home/runner/work/sahi/sahi/sahi/utils/import_utils.py)
2022-06-16T19:33:05.1704417Z 
2022-06-16T19:33:05.1704555Z ======================================================================
2022-06-16T19:33:05.1704936Z ERROR: test_get_sliced_prediction_mmdet (tests.test_predict.TestPredict)
2022-06-16T19:33:05.1705472Z ----------------------------------------------------------------------
2022-06-16T19:33:05.1705847Z Traceback (most recent call last):
2022-06-16T19:33:05.1706320Z   File "/home/runner/work/sahi/sahi/tests/test_predict.py", line 169, in test_get_sliced_prediction_mmdet
2022-06-16T19:33:05.1706759Z     from sahi.model import MmdetDetectionModel
2022-06-16T19:33:05.1707179Z   File "/home/runner/work/sahi/sahi/sahi/model.py", line 13, in <module>
2022-06-16T19:33:05.1707584Z     from sahi.utils.import_utils import is_torch_available
2022-06-16T19:33:05.1708276Z ImportError: cannot import name 'is_torch_available' from 'sahi.utils.import_utils' (/home/runner/work/sahi/sahi/sahi/utils/import_utils.py)
2022-06-16T19:33:05.1708608Z 
2022-06-16T19:33:05.1708733Z ======================================================================
2022-06-16T19:33:05.1709113Z ERROR: test_get_sliced_prediction_yolov5 (tests.test_predict.TestPredict)
2022-06-16T19:33:05.1709655Z ----------------------------------------------------------------------
2022-06-16T19:33:05.1710026Z Traceback (most recent call last):
2022-06-16T19:33:05.1710499Z   File "/home/runner/work/sahi/sahi/tests/test_predict.py", line 234, in test_get_sliced_prediction_yolov5
2022-06-16T19:33:05.1711082Z     from sahi.model import Yolov5DetectionModel
2022-06-16T19:33:05.1711505Z   File "/home/runner/work/sahi/sahi/sahi/model.py", line 13, in <module>
2022-06-16T19:33:05.1711919Z     from sahi.utils.import_utils import is_torch_available
2022-06-16T19:33:05.1712608Z ImportError: cannot import name 'is_torch_available' from 'sahi.utils.import_utils' (/home/runner/work/sahi/sahi/sahi/utils/import_utils.py)
2022-06-16T19:33:05.1712940Z 
2022-06-16T19:33:05.1713079Z ======================================================================
2022-06-16T19:33:05.1713447Z ERROR: test_video_prediction (tests.test_predict.TestPredict)
2022-06-16T19:33:05.1713958Z ----------------------------------------------------------------------
2022-06-16T19:33:05.1714328Z Traceback (most recent call last):
2022-06-16T19:33:05.1714773Z   File "/home/runner/work/sahi/sahi/tests/test_predict.py", line 388, in test_video_prediction
2022-06-16T19:33:05.1715172Z     from sahi.predict import predict
2022-06-16T19:33:05.1715577Z   File "/home/runner/work/sahi/sahi/sahi/predict.py", line 15, in <module>
2022-06-16T19:33:05.1715960Z     from sahi.model import DetectionModel
2022-06-16T19:33:05.1716442Z   File "/home/runner/work/sahi/sahi/sahi/model.py", line 13, in <module>
2022-06-16T19:33:05.1716855Z     from sahi.utils.import_utils import is_torch_available
2022-06-16T19:33:05.1717538Z ImportError: cannot import name 'is_torch_available' from 'sahi.utils.import_utils' (/home/runner/work/sahi/sahi/sahi/utils/import_utils.py)
2022-06-16T19:33:05.1717872Z 
2022-06-16T19:33:05.1718012Z ======================================================================
2022-06-16T19:33:05.1718451Z ERROR: test_convert_original_predictions (tests.test_yolov5model.TestYolov5DetectionModel)
2022-06-16T19:33:05.1719050Z ----------------------------------------------------------------------
2022-06-16T19:33:05.1719418Z Traceback (most recent call last):
2022-06-16T19:33:05.1719901Z   File "/home/runner/work/sahi/sahi/tests/test_yolov5model.py", line 93, in test_convert_original_predictions
2022-06-16T19:33:05.1720347Z     from sahi.model import Yolov5DetectionModel
2022-06-16T19:33:05.1720937Z   File "/home/runner/work/sahi/sahi/sahi/model.py", line 13, in <module>
2022-06-16T19:33:05.1721340Z     from sahi.utils.import_utils import is_torch_available
2022-06-16T19:33:05.1722127Z ImportError: cannot import name 'is_torch_available' from 'sahi.utils.import_utils' (/home/runner/work/sahi/sahi/sahi/utils/import_utils.py)
2022-06-16T19:33:05.1722463Z 
2022-06-16T19:33:05.1722603Z ======================================================================
2022-06-16T19:33:05.1723006Z ERROR: test_load_model (tests.test_yolov5model.TestYolov5DetectionModel)
2022-06-16T19:33:05.1723567Z ----------------------------------------------------------------------
2022-06-16T19:33:05.1723933Z Traceback (most recent call last):
2022-06-16T19:33:05.1724377Z   File "/home/runner/work/sahi/sahi/tests/test_yolov5model.py", line 18, in test_load_model
2022-06-16T19:33:05.1724782Z     from sahi.model import Yolov5DetectionModel
2022-06-16T19:33:05.1725198Z   File "/home/runner/work/sahi/sahi/sahi/model.py", line 13, in <module>
2022-06-16T19:33:05.1725602Z     from sahi.utils.import_utils import is_torch_available
2022-06-16T19:33:05.1726293Z ImportError: cannot import name 'is_torch_available' from 'sahi.utils.import_utils' (/home/runner/work/sahi/sahi/sahi/utils/import_utils.py)
2022-06-16T19:33:05.1726632Z 
2022-06-16T19:33:05.1726772Z ======================================================================
2022-06-16T19:33:05.1727187Z ERROR: test_perform_inference (tests.test_yolov5model.TestYolov5DetectionModel)
2022-06-16T19:33:05.1727765Z ----------------------------------------------------------------------
2022-06-16T19:33:05.1728114Z Traceback (most recent call last):
2022-06-16T19:33:05.1728577Z   File "/home/runner/work/sahi/sahi/tests/test_yolov5model.py", line 52, in test_perform_inference
2022-06-16T19:33:05.1729007Z     from sahi.model import Yolov5DetectionModel
2022-06-16T19:33:05.1729429Z   File "/home/runner/work/sahi/sahi/sahi/model.py", line 13, in <module>
2022-06-16T19:33:05.1729833Z     from sahi.utils.import_utils import is_torch_available
2022-06-16T19:33:05.1730522Z ImportError: cannot import name 'is_torch_available' from 'sahi.utils.import_utils' (/home/runner/work/sahi/sahi/sahi/utils/import_utils.py)
2022-06-16T19:33:05.1730860Z 
2022-06-16T19:33:05.1730998Z ======================================================================
2022-06-16T19:33:05.1731393Z ERROR: test_set_model (tests.test_yolov5model.TestYolov5DetectionModel)
2022-06-16T19:33:05.1731939Z ----------------------------------------------------------------------
2022-06-16T19:33:05.1732303Z Traceback (most recent call last):
2022-06-16T19:33:05.1732738Z   File "/home/runner/work/sahi/sahi/tests/test_yolov5model.py", line 35, in test_set_model
2022-06-16T19:33:05.1733159Z     from sahi.model import Yolov5DetectionModel
2022-06-16T19:33:05.1733579Z   File "/home/runner/work/sahi/sahi/sahi/model.py", line 13, in <module>
2022-06-16T19:33:05.1733983Z     from sahi.utils.import_utils import is_torch_available
2022-06-16T19:33:05.1734802Z ImportError: cannot import name 'is_torch_available' from 'sahi.utils.import_utils' (/home/runner/work/sahi/sahi/sahi/utils/import_utils.py)
2022-06-16T19:33:05.1735146Z 
2022-06-16T19:33:05.1735450Z ----------------------------------------------------------------------
2022-06-16T19:33:05.1735784Z Ran 55 tests in 6.865s
2022-06-16T19:33:05.1735945Z 
2022-06-16T19:33:05.1736052Z FAILED (errors=18)
2022-06-16T19:33:05.7286284Z ##[error]Process completed with exit code 1.
2022-06-16T19:33:05.7418767Z Post job cleanup.
2022-06-16T19:33:05.8901797Z [command]/usr/bin/git version
2022-06-16T19:33:05.8957565Z git version 2.36.1
2022-06-16T19:33:05.9001770Z Temporarily overriding HOME='/home/runner/work/_temp/f6c69688-8ac0-471b-b943-6a0e6ed1c906' before making global git config changes
2022-06-16T19:33:05.9002514Z Adding repository directory to the temporary git global config as a safe directory
2022-06-16T19:33:05.9006973Z [command]/usr/bin/git config --global --add safe.directory /home/runner/work/sahi/sahi
2022-06-16T19:33:05.9057950Z [command]/usr/bin/git config --local --name-only --get-regexp core\.sshCommand
2022-06-16T19:33:05.9132201Z [command]/usr/bin/git submodule foreach --recursive git config --local --name-only --get-regexp 'core\.sshCommand' && git config --local --unset-all 'core.sshCommand' || :
2022-06-16T19:33:05.9454617Z [command]/usr/bin/git config --local --name-only --get-regexp http\.https\:\/\/github\.com\/\.extraheader
2022-06-16T19:33:05.9494369Z http.https://github.com/.extraheader
2022-06-16T19:33:05.9506089Z [command]/usr/bin/git config --local --unset-all http.https://github.com/.extraheader
2022-06-16T19:33:05.9554341Z [command]/usr/bin/git submodule foreach --recursive git config --local --name-only --get-regexp 'http\.https\:\/\/github\.com\/\.extraheader' && git config --local --unset-all 'http.https://github.com/.extraheader' || :
2022-06-16T19:33:06.0142951Z Cleaning up orphan processes