2022-06-16T22:10:02.7794261Z Requested labels: ubuntu-latest
2022-06-16T22:10:02.7794300Z Job defined at: kubernetes-client/python/.github/workflows/e2e-master.yaml@refs/heads/master
2022-06-16T22:10:02.7794319Z Waiting for a runner to pick up this job...
2022-06-16T22:10:04.9293045Z Job is waiting for a hosted runner to come online.
2022-06-16T22:10:09.1037583Z Job is about to start running on the hosted runner: GitHub Actions 9 (hosted)
2022-06-16T22:10:12.6644682Z Current runner version: '2.293.0'
2022-06-16T22:10:12.6675807Z ##[group]Operating System
2022-06-16T22:10:12.6676321Z Ubuntu
2022-06-16T22:10:12.6676631Z 20.04.4
2022-06-16T22:10:12.6676915Z LTS
2022-06-16T22:10:12.6677249Z ##[endgroup]
2022-06-16T22:10:12.6677589Z ##[group]Virtual Environment
2022-06-16T22:10:12.6677973Z Environment: ubuntu-20.04
2022-06-16T22:10:12.6678283Z Version: 20220614.0
2022-06-16T22:10:12.6678813Z Included Software: https://github.com/actions/virtual-environments/blob/ubuntu20/20220614.0/images/linux/Ubuntu2004-Readme.md
2022-06-16T22:10:12.6679519Z Image Release: https://github.com/actions/virtual-environments/releases/tag/ubuntu20%2F20220614.0
2022-06-16T22:10:12.6679944Z ##[endgroup]
2022-06-16T22:10:12.6680319Z ##[group]Virtual Environment Provisioner
2022-06-16T22:10:12.6680711Z 1.0.0.0-main-20220531-1
2022-06-16T22:10:12.6681055Z ##[endgroup]
2022-06-16T22:10:12.6681996Z ##[group]GITHUB_TOKEN Permissions
2022-06-16T22:10:12.6682625Z Actions: write
2022-06-16T22:10:12.6683103Z Checks: write
2022-06-16T22:10:12.6683481Z Contents: write
2022-06-16T22:10:12.6683830Z Deployments: write
2022-06-16T22:10:12.6684168Z Discussions: write
2022-06-16T22:10:12.6684445Z Issues: write
2022-06-16T22:10:12.6684784Z Metadata: read
2022-06-16T22:10:12.6685106Z Packages: write
2022-06-16T22:10:12.6685391Z Pages: write
2022-06-16T22:10:12.6685713Z PullRequests: write
2022-06-16T22:10:12.6686074Z RepositoryProjects: write
2022-06-16T22:10:12.6686417Z SecurityEvents: write
2022-06-16T22:10:12.6686765Z Statuses: write
2022-06-16T22:10:12.6687082Z ##[endgroup]
2022-06-16T22:10:12.6690853Z Secret source: Actions
2022-06-16T22:10:12.6691597Z Prepare workflow directory
2022-06-16T22:10:12.7521773Z Prepare all required actions
2022-06-16T22:10:12.7700837Z Getting action download info
2022-06-16T22:10:12.9657960Z Download action repository 'actions/checkout@v3' (SHA:2541b1294d2704b0964813337f33b291d3f8596b)
2022-06-16T22:10:13.2603033Z Download action repository 'helm/kind-action@v1.3.0' (SHA:d08cf6ff1575077dee99962540d77ce91c62387d)
2022-06-16T22:10:13.4753072Z Download action repository 'actions/setup-python@v4' (SHA:d09bd5e6005b175076f227b13d9730d56e9dcfcb)
2022-06-16T22:10:13.9615156Z ##[group]Run actions/checkout@v3
2022-06-16T22:10:13.9615470Z with:
2022-06-16T22:10:13.9615694Z   submodules: true
2022-06-16T22:10:13.9615949Z   repository: kubernetes-client/python
2022-06-16T22:10:13.9616475Z   token: ***
2022-06-16T22:10:13.9616689Z   ssh-strict: true
2022-06-16T22:10:13.9616914Z   persist-credentials: true
2022-06-16T22:10:13.9617147Z   clean: true
2022-06-16T22:10:13.9617355Z   fetch-depth: 1
2022-06-16T22:10:13.9617546Z   lfs: false
2022-06-16T22:10:13.9617772Z   set-safe-directory: true
2022-06-16T22:10:13.9618002Z ##[endgroup]
2022-06-16T22:10:14.2325590Z Syncing repository: kubernetes-client/python
2022-06-16T22:10:14.2327636Z ##[group]Getting Git version info
2022-06-16T22:10:14.2328129Z Working directory is '/home/runner/work/python/python'
2022-06-16T22:10:14.2328664Z [command]/usr/bin/git version
2022-06-16T22:10:14.2396748Z git version 2.36.1
2022-06-16T22:10:14.2397708Z ##[endgroup]
2022-06-16T22:10:14.2432609Z Temporarily overriding HOME='/home/runner/work/_temp/c7c1c3ac-4ce8-4779-a56c-03998fcbd668' before making global git config changes
2022-06-16T22:10:14.2433142Z Adding repository directory to the temporary git global config as a safe directory
2022-06-16T22:10:14.2433667Z [command]/usr/bin/git config --global --add safe.directory /home/runner/work/python/python
2022-06-16T22:10:14.2475865Z Deleting the contents of '/home/runner/work/python/python'
2022-06-16T22:10:14.2516026Z ##[group]Initializing the repository
2022-06-16T22:10:14.2516393Z [command]/usr/bin/git init /home/runner/work/python/python
2022-06-16T22:10:14.2552510Z hint: Using 'master' as the name for the initial branch. This default branch name
2022-06-16T22:10:14.2553131Z hint: is subject to change. To configure the initial branch name to use in all
2022-06-16T22:10:14.2553529Z hint: of your new repositories, which will suppress this warning, call:
2022-06-16T22:10:14.2554064Z hint: 
2022-06-16T22:10:14.2554445Z hint: 	git config --global init.defaultBranch <name>
2022-06-16T22:10:14.2554756Z hint: 
2022-06-16T22:10:14.2555125Z hint: Names commonly chosen instead of 'master' are 'main', 'trunk' and
2022-06-16T22:10:14.2555710Z hint: 'development'. The just-created branch can be renamed via this command:
2022-06-16T22:10:14.2555993Z hint: 
2022-06-16T22:10:14.2556254Z hint: 	git branch -m <name>
2022-06-16T22:10:14.2558891Z Initialized empty Git repository in /home/runner/work/python/python/.git/
2022-06-16T22:10:14.2577296Z [command]/usr/bin/git remote add origin https://github.com/kubernetes-client/python
2022-06-16T22:10:14.2611478Z ##[endgroup]
2022-06-16T22:10:14.2611935Z ##[group]Disabling automatic garbage collection
2022-06-16T22:10:14.2616515Z [command]/usr/bin/git config --local gc.auto 0
2022-06-16T22:10:14.2646308Z ##[endgroup]
2022-06-16T22:10:14.2647111Z ##[group]Setting up auth
2022-06-16T22:10:14.2654565Z [command]/usr/bin/git config --local --name-only --get-regexp core\.sshCommand
2022-06-16T22:10:14.2688583Z [command]/usr/bin/git submodule foreach --recursive git config --local --name-only --get-regexp 'core\.sshCommand' && git config --local --unset-all 'core.sshCommand' || :
2022-06-16T22:10:14.3026009Z [command]/usr/bin/git config --local --name-only --get-regexp http\.https\:\/\/github\.com\/\.extraheader
2022-06-16T22:10:14.3056519Z [command]/usr/bin/git submodule foreach --recursive git config --local --name-only --get-regexp 'http\.https\:\/\/github\.com\/\.extraheader' && git config --local --unset-all 'http.https://github.com/.extraheader' || :
2022-06-16T22:10:14.3278124Z [command]/usr/bin/git config --local http.https://github.com/.extraheader AUTHORIZATION: basic ***
2022-06-16T22:10:14.3314343Z ##[endgroup]
2022-06-16T22:10:14.3314783Z ##[group]Fetching the repository
2022-06-16T22:10:14.3326453Z [command]/usr/bin/git -c protocol.version=2 fetch --no-tags --prune --progress --no-recurse-submodules --depth=1 origin +e0dfc6b0da0db1ff2ea74cdfb6fcae3328ba8b0c:refs/remotes/origin/master
2022-06-16T22:10:14.5289875Z remote: Enumerating objects: 1461, done.        
2022-06-16T22:10:14.5293909Z remote: Counting objects:   0% (1/1461)        
2022-06-16T22:10:14.5294690Z remote: Counting objects:   1% (15/1461)        
2022-06-16T22:10:14.5295589Z remote: Counting objects:   2% (30/1461)        
2022-06-16T22:10:14.5297680Z remote: Counting objects:   3% (44/1461)        
2022-06-16T22:10:14.5298283Z remote: Counting objects:   4% (59/1461)        
2022-06-16T22:10:14.5299896Z remote: Counting objects:   5% (74/1461)        
2022-06-16T22:10:14.5300603Z remote: Counting objects:   6% (88/1461)        
2022-06-16T22:10:14.5302203Z remote: Counting objects:   7% (103/1461)        
2022-06-16T22:10:14.5302790Z remote: Counting objects:   8% (117/1461)        
2022-06-16T22:10:14.5303331Z remote: Counting objects:   9% (132/1461)        
2022-06-16T22:10:14.5304895Z remote: Counting objects:  10% (147/1461)        
2022-06-16T22:10:14.5305463Z remote: Counting objects:  11% (161/1461)        
2022-06-16T22:10:14.5306067Z remote: Counting objects:  12% (176/1461)        
2022-06-16T22:10:14.5306561Z remote: Counting objects:  13% (190/1461)        
2022-06-16T22:10:14.5307110Z remote: Counting objects:  14% (205/1461)        
2022-06-16T22:10:14.5307632Z remote: Counting objects:  15% (220/1461)        
2022-06-16T22:10:14.5310463Z remote: Counting objects:  16% (234/1461)        
2022-06-16T22:10:14.5312377Z remote: Counting objects:  17% (249/1461)        
2022-06-16T22:10:14.5312867Z remote: Counting objects:  18% (263/1461)        
2022-06-16T22:10:14.5313388Z remote: Counting objects:  19% (278/1461)        
2022-06-16T22:10:14.5313838Z remote: Counting objects:  20% (293/1461)        
2022-06-16T22:10:14.5314243Z remote: Counting objects:  21% (307/1461)        
2022-06-16T22:10:14.5314668Z remote: Counting objects:  22% (322/1461)        
2022-06-16T22:10:14.5315053Z remote: Counting objects:  23% (337/1461)        
2022-06-16T22:10:14.5315641Z remote: Counting objects:  24% (351/1461)        
2022-06-16T22:10:14.5316038Z remote: Counting objects:  25% (366/1461)        
2022-06-16T22:10:14.5316448Z remote: Counting objects:  26% (380/1461)        
2022-06-16T22:10:14.5316848Z remote: Counting objects:  27% (395/1461)        
2022-06-16T22:10:14.5317461Z remote: Counting objects:  28% (410/1461)        
2022-06-16T22:10:14.5317866Z remote: Counting objects:  29% (424/1461)        
2022-06-16T22:10:14.5318266Z remote: Counting objects:  30% (439/1461)        
2022-06-16T22:10:14.5318680Z remote: Counting objects:  31% (453/1461)        
2022-06-16T22:10:14.5319083Z remote: Counting objects:  32% (468/1461)        
2022-06-16T22:10:14.5319935Z remote: Counting objects:  33% (483/1461)        
2022-06-16T22:10:14.5320354Z remote: Counting objects:  34% (497/1461)        
2022-06-16T22:10:14.5320764Z remote: Counting objects:  35% (512/1461)        
2022-06-16T22:10:14.5321226Z remote: Counting objects:  36% (526/1461)        
2022-06-16T22:10:14.5321632Z remote: Counting objects:  37% (541/1461)        
2022-06-16T22:10:14.5322056Z remote: Counting objects:  38% (556/1461)        
2022-06-16T22:10:14.5322450Z remote: Counting objects:  39% (570/1461)        
2022-06-16T22:10:14.5322854Z remote: Counting objects:  40% (585/1461)        
2022-06-16T22:10:14.5323275Z remote: Counting objects:  41% (600/1461)        
2022-06-16T22:10:14.5323657Z remote: Counting objects:  42% (614/1461)        
2022-06-16T22:10:14.5324054Z remote: Counting objects:  43% (629/1461)        
2022-06-16T22:10:14.5324453Z remote: Counting objects:  44% (643/1461)        
2022-06-16T22:10:14.5324849Z remote: Counting objects:  45% (658/1461)        
2022-06-16T22:10:14.5325243Z remote: Counting objects:  46% (673/1461)        
2022-06-16T22:10:14.5325638Z remote: Counting objects:  47% (687/1461)        
2022-06-16T22:10:14.5326016Z remote: Counting objects:  48% (702/1461)        
2022-06-16T22:10:14.5326393Z remote: Counting objects:  49% (716/1461)        
2022-06-16T22:10:14.5326798Z remote: Counting objects:  50% (731/1461)        
2022-06-16T22:10:14.5327359Z remote: Counting objects:  51% (746/1461)        
2022-06-16T22:10:14.5327776Z remote: Counting objects:  52% (760/1461)        
2022-06-16T22:10:14.5328175Z remote: Counting objects:  53% (775/1461)        
2022-06-16T22:10:14.5328576Z remote: Counting objects:  54% (789/1461)        
2022-06-16T22:10:14.5328973Z remote: Counting objects:  55% (804/1461)        
2022-06-16T22:10:14.5329366Z remote: Counting objects:  56% (819/1461)        
2022-06-16T22:10:14.5329758Z remote: Counting objects:  57% (833/1461)        
2022-06-16T22:10:14.5330150Z remote: Counting objects:  58% (848/1461)        
2022-06-16T22:10:14.5330545Z remote: Counting objects:  59% (862/1461)        
2022-06-16T22:10:14.5330938Z remote: Counting objects:  60% (877/1461)        
2022-06-16T22:10:14.5331365Z remote: Counting objects:  61% (892/1461)        
2022-06-16T22:10:14.5331753Z remote: Counting objects:  62% (906/1461)        
2022-06-16T22:10:14.5332158Z remote: Counting objects:  63% (921/1461)        
2022-06-16T22:10:14.5332693Z remote: Counting objects:  64% (936/1461)        
2022-06-16T22:10:14.5333090Z remote: Counting objects:  65% (950/1461)        
2022-06-16T22:10:14.5333500Z remote: Counting objects:  66% (965/1461)        
2022-06-16T22:10:14.5333908Z remote: Counting objects:  67% (979/1461)        
2022-06-16T22:10:14.5334462Z remote: Counting objects:  68% (994/1461)        
2022-06-16T22:10:14.5334867Z remote: Counting objects:  69% (1009/1461)        
2022-06-16T22:10:14.5335288Z remote: Counting objects:  70% (1023/1461)        
2022-06-16T22:10:14.5335699Z remote: Counting objects:  71% (1038/1461)        
2022-06-16T22:10:14.5336144Z remote: Counting objects:  72% (1052/1461)        
2022-06-16T22:10:14.5336547Z remote: Counting objects:  73% (1067/1461)        
2022-06-16T22:10:14.5336951Z remote: Counting objects:  74% (1082/1461)        
2022-06-16T22:10:14.5337339Z remote: Counting objects:  75% (1096/1461)        
2022-06-16T22:10:14.5337876Z remote: Counting objects:  76% (1111/1461)        
2022-06-16T22:10:14.5338280Z remote: Counting objects:  77% (1125/1461)        
2022-06-16T22:10:14.5338696Z remote: Counting objects:  78% (1140/1461)        
2022-06-16T22:10:14.5339115Z remote: Counting objects:  79% (1155/1461)        
2022-06-16T22:10:14.5339518Z remote: Counting objects:  80% (1169/1461)        
2022-06-16T22:10:14.5339903Z remote: Counting objects:  81% (1184/1461)        
2022-06-16T22:10:14.5340295Z remote: Counting objects:  82% (1199/1461)        
2022-06-16T22:10:14.5340704Z remote: Counting objects:  83% (1213/1461)        
2022-06-16T22:10:14.5341216Z remote: Counting objects:  84% (1228/1461)        
2022-06-16T22:10:14.5341604Z remote: Counting objects:  85% (1242/1461)        
2022-06-16T22:10:14.5342013Z remote: Counting objects:  86% (1257/1461)        
2022-06-16T22:10:14.5342422Z remote: Counting objects:  87% (1272/1461)        
2022-06-16T22:10:14.5342829Z remote: Counting objects:  88% (1286/1461)        
2022-06-16T22:10:14.5343235Z remote: Counting objects:  89% (1301/1461)        
2022-06-16T22:10:14.5343669Z remote: Counting objects:  90% (1315/1461)        
2022-06-16T22:10:14.5344067Z remote: Counting objects:  91% (1330/1461)        
2022-06-16T22:10:14.5344467Z remote: Counting objects:  92% (1345/1461)        
2022-06-16T22:10:14.5344863Z remote: Counting objects:  93% (1359/1461)        
2022-06-16T22:10:14.5345261Z remote: Counting objects:  94% (1374/1461)        
2022-06-16T22:10:14.5345659Z remote: Counting objects:  95% (1388/1461)        
2022-06-16T22:10:14.5346051Z remote: Counting objects:  96% (1403/1461)        
2022-06-16T22:10:14.5346452Z remote: Counting objects:  97% (1418/1461)        
2022-06-16T22:10:14.5346822Z remote: Counting objects:  98% (1432/1461)        
2022-06-16T22:10:14.5347228Z remote: Counting objects:  99% (1447/1461)        
2022-06-16T22:10:14.5347630Z remote: Counting objects: 100% (1461/1461)        
2022-06-16T22:10:14.5348032Z remote: Counting objects: 100% (1461/1461), done.        
2022-06-16T22:10:14.5348489Z remote: Compressing objects:   0% (1/1132)        
2022-06-16T22:10:14.5358208Z remote: Compressing objects:   1% (12/1132)        
2022-06-16T22:10:14.5410071Z remote: Compressing objects:   2% (23/1132)        
2022-06-16T22:10:14.5497001Z remote: Compressing objects:   3% (34/1132)        
2022-06-16T22:10:14.5562581Z remote: Compressing objects:   4% (46/1132)        
2022-06-16T22:10:14.5627563Z remote: Compressing objects:   5% (57/1132)        
2022-06-16T22:10:14.5680011Z remote: Compressing objects:   6% (68/1132)        
2022-06-16T22:10:14.5705881Z remote: Compressing objects:   7% (80/1132)        
2022-06-16T22:10:14.5732893Z remote: Compressing objects:   8% (91/1132)        
2022-06-16T22:10:14.5761056Z remote: Compressing objects:   9% (102/1132)        
2022-06-16T22:10:14.5798489Z remote: Compressing objects:  10% (114/1132)        
2022-06-16T22:10:14.5814614Z remote: Compressing objects:  11% (125/1132)        
2022-06-16T22:10:14.5854239Z remote: Compressing objects:  12% (136/1132)        
2022-06-16T22:10:14.5911261Z remote: Compressing objects:  13% (148/1132)        
2022-06-16T22:10:14.5941746Z remote: Compressing objects:  14% (159/1132)        
2022-06-16T22:10:14.6013799Z remote: Compressing objects:  15% (170/1132)        
2022-06-16T22:10:14.6080718Z remote: Compressing objects:  16% (182/1132)        
2022-06-16T22:10:14.6206717Z remote: Compressing objects:  17% (193/1132)        
2022-06-16T22:10:14.6208090Z remote: Compressing objects:  18% (204/1132)        
2022-06-16T22:10:14.6242598Z remote: Compressing objects:  19% (216/1132)        
2022-06-16T22:10:14.6284451Z remote: Compressing objects:  20% (227/1132)        
2022-06-16T22:10:14.6330343Z remote: Compressing objects:  21% (238/1132)        
2022-06-16T22:10:14.6363918Z remote: Compressing objects:  22% (250/1132)        
2022-06-16T22:10:14.6399533Z remote: Compressing objects:  23% (261/1132)        
2022-06-16T22:10:14.6443564Z remote: Compressing objects:  24% (272/1132)        
2022-06-16T22:10:14.6488429Z remote: Compressing objects:  25% (283/1132)        
2022-06-16T22:10:14.6554234Z remote: Compressing objects:  26% (295/1132)        
2022-06-16T22:10:14.6616245Z remote: Compressing objects:  27% (306/1132)        
2022-06-16T22:10:14.6684506Z remote: Compressing objects:  28% (317/1132)        
2022-06-16T22:10:14.6749569Z remote: Compressing objects:  29% (329/1132)        
2022-06-16T22:10:14.6787283Z remote: Compressing objects:  30% (340/1132)        
2022-06-16T22:10:14.6793458Z remote: Compressing objects:  31% (351/1132)        
2022-06-16T22:10:14.7107039Z remote: Compressing objects:  32% (363/1132)        
2022-06-16T22:10:14.7143514Z remote: Compressing objects:  33% (374/1132)        
2022-06-16T22:10:14.7183650Z remote: Compressing objects:  34% (385/1132)        
2022-06-16T22:10:14.7213090Z remote: Compressing objects:  35% (397/1132)        
2022-06-16T22:10:14.7240255Z remote: Compressing objects:  36% (408/1132)        
2022-06-16T22:10:14.7294354Z remote: Compressing objects:  37% (419/1132)        
2022-06-16T22:10:14.7339592Z remote: Compressing objects:  38% (431/1132)        
2022-06-16T22:10:14.7379082Z remote: Compressing objects:  39% (442/1132)        
2022-06-16T22:10:14.7461127Z remote: Compressing objects:  40% (453/1132)        
2022-06-16T22:10:14.7480848Z remote: Compressing objects:  41% (465/1132)        
2022-06-16T22:10:14.7524171Z remote: Compressing objects:  42% (476/1132)        
2022-06-16T22:10:14.7611422Z remote: Compressing objects:  43% (487/1132)        
2022-06-16T22:10:14.7673655Z remote: Compressing objects:  44% (499/1132)        
2022-06-16T22:10:14.7734935Z remote: Compressing objects:  45% (510/1132)        
2022-06-16T22:10:14.7812575Z remote: Compressing objects:  46% (521/1132)        
2022-06-16T22:10:14.7833818Z remote: Compressing objects:  47% (533/1132)        
2022-06-16T22:10:14.7834525Z remote: Compressing objects:  48% (544/1132)        
2022-06-16T22:10:14.7835271Z remote: Compressing objects:  49% (555/1132)        
2022-06-16T22:10:14.7838670Z remote: Compressing objects:  50% (566/1132)        
2022-06-16T22:10:14.7839419Z remote: Compressing objects:  51% (578/1132)        
2022-06-16T22:10:14.7848762Z remote: Compressing objects:  52% (589/1132)        
2022-06-16T22:10:14.7861685Z remote: Compressing objects:  53% (600/1132)        
2022-06-16T22:10:14.7879989Z remote: Compressing objects:  54% (612/1132)        
2022-06-16T22:10:14.7882167Z remote: Compressing objects:  55% (623/1132)        
2022-06-16T22:10:14.7909689Z remote: Compressing objects:  56% (634/1132)        
2022-06-16T22:10:14.7910329Z remote: Compressing objects:  57% (646/1132)        
2022-06-16T22:10:14.7917856Z remote: Compressing objects:  58% (657/1132)        
2022-06-16T22:10:14.7929625Z remote: Compressing objects:  59% (668/1132)        
2022-06-16T22:10:14.7940464Z remote: Compressing objects:  60% (680/1132)        
2022-06-16T22:10:14.7945957Z remote: Compressing objects:  61% (691/1132)        
2022-06-16T22:10:14.7956063Z remote: Compressing objects:  62% (702/1132)        
2022-06-16T22:10:14.7963629Z remote: Compressing objects:  63% (714/1132)        
2022-06-16T22:10:14.7964162Z remote: Compressing objects:  64% (725/1132)        
2022-06-16T22:10:14.7968165Z remote: Compressing objects:  65% (736/1132)        
2022-06-16T22:10:14.7978401Z remote: Compressing objects:  66% (748/1132)        
2022-06-16T22:10:14.7996009Z remote: Compressing objects:  67% (759/1132)        
2022-06-16T22:10:14.8007303Z remote: Compressing objects:  68% (770/1132)        
2022-06-16T22:10:14.8018349Z remote: Compressing objects:  69% (782/1132)        
2022-06-16T22:10:14.8018658Z remote: Compressing objects:  70% (793/1132)        
2022-06-16T22:10:14.8035319Z remote: Compressing objects:  71% (804/1132)        
2022-06-16T22:10:14.8040262Z remote: Compressing objects:  72% (816/1132)        
2022-06-16T22:10:14.8040582Z remote: Compressing objects:  73% (827/1132)        
2022-06-16T22:10:14.8048188Z remote: Compressing objects:  74% (838/1132)        
2022-06-16T22:10:14.8056653Z remote: Compressing objects:  75% (849/1132)        
2022-06-16T22:10:14.8069000Z remote: Compressing objects:  76% (861/1132)        
2022-06-16T22:10:14.8078907Z remote: Compressing objects:  77% (872/1132)        
2022-06-16T22:10:14.8092345Z remote: Compressing objects:  78% (883/1132)        
2022-06-16T22:10:14.8096808Z remote: Compressing objects:  79% (895/1132)        
2022-06-16T22:10:14.8117456Z remote: Compressing objects:  80% (906/1132)        
2022-06-16T22:10:14.8181695Z remote: Compressing objects:  81% (917/1132)        
2022-06-16T22:10:14.8190224Z remote: Compressing objects:  82% (929/1132)        
2022-06-16T22:10:14.8199875Z remote: Compressing objects:  83% (940/1132)        
2022-06-16T22:10:14.8213241Z remote: Compressing objects:  84% (951/1132)        
2022-06-16T22:10:14.8222672Z remote: Compressing objects:  85% (963/1132)        
2022-06-16T22:10:14.8232218Z remote: Compressing objects:  86% (974/1132)        
2022-06-16T22:10:14.8256186Z remote: Compressing objects:  87% (985/1132)        
2022-06-16T22:10:14.8261478Z remote: Compressing objects:  88% (997/1132)        
2022-06-16T22:10:14.8269762Z remote: Compressing objects:  89% (1008/1132)        
2022-06-16T22:10:14.8278220Z remote: Compressing objects:  90% (1019/1132)        
2022-06-16T22:10:14.8289957Z remote: Compressing objects:  91% (1031/1132)        
2022-06-16T22:10:14.8297605Z remote: Compressing objects:  92% (1042/1132)        
2022-06-16T22:10:14.8310076Z remote: Compressing objects:  93% (1053/1132)        
2022-06-16T22:10:14.8319398Z remote: Compressing objects:  94% (1065/1132)        
2022-06-16T22:10:14.8361747Z remote: Compressing objects:  95% (1076/1132)        
2022-06-16T22:10:14.8374156Z remote: Compressing objects:  96% (1087/1132)        
2022-06-16T22:10:14.8374484Z remote: Compressing objects:  97% (1099/1132)        
2022-06-16T22:10:14.8374759Z remote: Compressing objects:  98% (1110/1132)        
2022-06-16T22:10:14.8375059Z remote: Compressing objects:  99% (1121/1132)        
2022-06-16T22:10:14.8375338Z remote: Compressing objects: 100% (1132/1132)        
2022-06-16T22:10:14.8375813Z remote: Compressing objects: 100% (1132/1132), done.        
2022-06-16T22:10:14.8428182Z Receiving objects:   0% (1/1461)
2022-06-16T22:10:14.8458287Z Receiving objects:   1% (15/1461)
2022-06-16T22:10:14.8464248Z Receiving objects:   2% (30/1461)
2022-06-16T22:10:14.8470921Z Receiving objects:   3% (44/1461)
2022-06-16T22:10:14.8475435Z Receiving objects:   4% (59/1461)
2022-06-16T22:10:14.8478868Z Receiving objects:   5% (74/1461)
2022-06-16T22:10:14.8485325Z Receiving objects:   6% (88/1461)
2022-06-16T22:10:14.8498592Z Receiving objects:   7% (103/1461)
2022-06-16T22:10:14.8504941Z Receiving objects:   8% (117/1461)
2022-06-16T22:10:14.8522696Z Receiving objects:   9% (132/1461)
2022-06-16T22:10:14.8527268Z Receiving objects:  10% (147/1461)
2022-06-16T22:10:14.8620424Z Receiving objects:  11% (161/1461)
2022-06-16T22:10:14.8670613Z Receiving objects:  12% (176/1461)
2022-06-16T22:10:14.9000455Z Receiving objects:  13% (190/1461)
2022-06-16T22:10:14.9003970Z Receiving objects:  14% (205/1461)
2022-06-16T22:10:14.9008020Z Receiving objects:  15% (220/1461)
2022-06-16T22:10:14.9017250Z Receiving objects:  16% (234/1461)
2022-06-16T22:10:14.9021059Z Receiving objects:  17% (249/1461)
2022-06-16T22:10:14.9025444Z Receiving objects:  18% (263/1461)
2022-06-16T22:10:14.9030333Z Receiving objects:  19% (278/1461)
2022-06-16T22:10:14.9035256Z Receiving objects:  20% (293/1461)
2022-06-16T22:10:14.9037440Z Receiving objects:  21% (307/1461)
2022-06-16T22:10:14.9046490Z Receiving objects:  22% (322/1461)
2022-06-16T22:10:14.9063691Z Receiving objects:  23% (337/1461)
2022-06-16T22:10:14.9083197Z Receiving objects:  24% (351/1461)
2022-06-16T22:10:14.9115054Z Receiving objects:  25% (366/1461)
2022-06-16T22:10:14.9126377Z Receiving objects:  26% (380/1461)
2022-06-16T22:10:14.9150957Z Receiving objects:  27% (395/1461)
2022-06-16T22:10:14.9171152Z Receiving objects:  28% (410/1461)
2022-06-16T22:10:14.9176295Z Receiving objects:  29% (424/1461)
2022-06-16T22:10:14.9195759Z Receiving objects:  30% (439/1461)
2022-06-16T22:10:14.9209296Z Receiving objects:  31% (453/1461)
2022-06-16T22:10:14.9238564Z Receiving objects:  32% (468/1461)
2022-06-16T22:10:14.9259685Z Receiving objects:  33% (483/1461)
2022-06-16T22:10:14.9266497Z Receiving objects:  34% (497/1461)
2022-06-16T22:10:14.9282369Z Receiving objects:  35% (512/1461)
2022-06-16T22:10:14.9291136Z Receiving objects:  36% (526/1461)
2022-06-16T22:10:14.9310574Z Receiving objects:  37% (541/1461)
2022-06-16T22:10:14.9332022Z Receiving objects:  38% (556/1461)
2022-06-16T22:10:14.9355194Z Receiving objects:  39% (570/1461)
2022-06-16T22:10:14.9362195Z Receiving objects:  40% (585/1461)
2022-06-16T22:10:14.9392127Z Receiving objects:  41% (600/1461)
2022-06-16T22:10:14.9395103Z Receiving objects:  42% (614/1461)
2022-06-16T22:10:14.9421000Z Receiving objects:  43% (629/1461)
2022-06-16T22:10:14.9434848Z Receiving objects:  44% (643/1461)
2022-06-16T22:10:14.9480006Z Receiving objects:  45% (658/1461)
2022-06-16T22:10:14.9481585Z Receiving objects:  46% (673/1461)
2022-06-16T22:10:14.9499233Z Receiving objects:  47% (687/1461)
2022-06-16T22:10:14.9501506Z Receiving objects:  48% (702/1461)
2022-06-16T22:10:14.9503726Z Receiving objects:  49% (716/1461)
2022-06-16T22:10:14.9504116Z Receiving objects:  50% (731/1461)
2022-06-16T22:10:14.9513861Z Receiving objects:  51% (746/1461)
2022-06-16T22:10:14.9514145Z Receiving objects:  52% (760/1461)
2022-06-16T22:10:14.9514388Z Receiving objects:  53% (775/1461)
2022-06-16T22:10:14.9582316Z Receiving objects:  54% (789/1461)
2022-06-16T22:10:14.9584483Z Receiving objects:  55% (804/1461)
2022-06-16T22:10:14.9803651Z Receiving objects:  56% (819/1461)
2022-06-16T22:10:14.9813021Z Receiving objects:  57% (833/1461)
2022-06-16T22:10:14.9815506Z Receiving objects:  58% (848/1461)
2022-06-16T22:10:14.9817228Z Receiving objects:  59% (862/1461)
2022-06-16T22:10:14.9820543Z Receiving objects:  60% (877/1461)
2022-06-16T22:10:14.9822759Z Receiving objects:  61% (892/1461)
2022-06-16T22:10:14.9825085Z Receiving objects:  62% (906/1461)
2022-06-16T22:10:14.9829388Z Receiving objects:  63% (921/1461)
2022-06-16T22:10:14.9833386Z Receiving objects:  64% (936/1461)
2022-06-16T22:10:14.9837039Z Receiving objects:  65% (950/1461)
2022-06-16T22:10:14.9839125Z Receiving objects:  66% (965/1461)
2022-06-16T22:10:14.9840955Z Receiving objects:  67% (979/1461)
2022-06-16T22:10:14.9843123Z Receiving objects:  68% (994/1461)
2022-06-16T22:10:14.9845208Z Receiving objects:  69% (1009/1461)
2022-06-16T22:10:14.9848562Z Receiving objects:  70% (1023/1461)
2022-06-16T22:10:14.9850561Z Receiving objects:  71% (1038/1461)
2022-06-16T22:10:14.9855377Z Receiving objects:  72% (1052/1461)
2022-06-16T22:10:14.9856765Z Receiving objects:  73% (1067/1461)
2022-06-16T22:10:14.9859438Z Receiving objects:  74% (1082/1461)
2022-06-16T22:10:14.9861139Z Receiving objects:  75% (1096/1461)
2022-06-16T22:10:14.9862764Z Receiving objects:  76% (1111/1461)
2022-06-16T22:10:14.9868999Z Receiving objects:  77% (1125/1461)
2022-06-16T22:10:14.9870602Z Receiving objects:  78% (1140/1461)
2022-06-16T22:10:14.9874428Z Receiving objects:  79% (1155/1461)
2022-06-16T22:10:14.9876657Z Receiving objects:  80% (1169/1461)
2022-06-16T22:10:14.9877973Z Receiving objects:  81% (1184/1461)
2022-06-16T22:10:14.9892418Z Receiving objects:  82% (1199/1461)
2022-06-16T22:10:14.9905558Z Receiving objects:  83% (1213/1461)
2022-06-16T22:10:14.9905910Z Receiving objects:  84% (1228/1461)
2022-06-16T22:10:14.9906163Z Receiving objects:  85% (1242/1461)
2022-06-16T22:10:14.9907215Z Receiving objects:  86% (1257/1461)
2022-06-16T22:10:14.9929879Z Receiving objects:  87% (1272/1461)
2022-06-16T22:10:14.9930165Z Receiving objects:  88% (1286/1461)
2022-06-16T22:10:14.9931916Z Receiving objects:  89% (1301/1461)
2022-06-16T22:10:14.9935043Z Receiving objects:  90% (1315/1461)
2022-06-16T22:10:14.9936232Z Receiving objects:  91% (1330/1461)
2022-06-16T22:10:14.9939446Z Receiving objects:  92% (1345/1461)
2022-06-16T22:10:14.9939728Z Receiving objects:  93% (1359/1461)
2022-06-16T22:10:14.9939972Z Receiving objects:  94% (1374/1461)
2022-06-16T22:10:14.9940219Z Receiving objects:  95% (1388/1461)
2022-06-16T22:10:15.0803831Z Receiving objects:  96% (1403/1461)
2022-06-16T22:10:15.0808730Z Receiving objects:  97% (1418/1461)
2022-06-16T22:10:15.1080663Z Receiving objects:  98% (1432/1461)
2022-06-16T22:10:15.1081525Z remote: Total 1461 (delta 931), reused 455 (delta 318), pack-reused 0        
2022-06-16T22:10:15.1103563Z Receiving objects:  99% (1447/1461)
2022-06-16T22:10:15.1104032Z Receiving objects: 100% (1461/1461)
2022-06-16T22:10:15.1105111Z Receiving objects: 100% (1461/1461), 1.38 MiB | 5.15 MiB/s, done.
2022-06-16T22:10:15.1112210Z Resolving deltas:   0% (0/931)
2022-06-16T22:10:15.1115189Z Resolving deltas:   1% (10/931)
2022-06-16T22:10:15.1118802Z Resolving deltas:   2% (19/931)
2022-06-16T22:10:15.1123846Z Resolving deltas:   3% (28/931)
2022-06-16T22:10:15.1128470Z Resolving deltas:   4% (39/931)
2022-06-16T22:10:15.1130255Z Resolving deltas:   5% (47/931)
2022-06-16T22:10:15.1142575Z Resolving deltas:   6% (56/931)
2022-06-16T22:10:15.1181652Z Resolving deltas:   7% (66/931)
2022-06-16T22:10:15.1206759Z Resolving deltas:   8% (75/931)
2022-06-16T22:10:15.1210853Z Resolving deltas:   9% (84/931)
2022-06-16T22:10:15.1215775Z Resolving deltas:  10% (94/931)
2022-06-16T22:10:15.1220213Z Resolving deltas:  11% (103/931)
2022-06-16T22:10:15.1225165Z Resolving deltas:  12% (112/931)
2022-06-16T22:10:15.1286555Z Resolving deltas:  13% (122/931)
2022-06-16T22:10:15.1309043Z Resolving deltas:  14% (131/931)
2022-06-16T22:10:15.1309678Z Resolving deltas:  15% (140/931)
2022-06-16T22:10:15.1310588Z Resolving deltas:  16% (149/931)
2022-06-16T22:10:15.1311015Z Resolving deltas:  17% (159/931)
2022-06-16T22:10:15.1312999Z Resolving deltas:  18% (168/931)
2022-06-16T22:10:15.1318022Z Resolving deltas:  19% (177/931)
2022-06-16T22:10:15.1321562Z Resolving deltas:  20% (187/931)
2022-06-16T22:10:15.1324322Z Resolving deltas:  21% (196/931)
2022-06-16T22:10:15.1327307Z Resolving deltas:  22% (205/931)
2022-06-16T22:10:15.1330373Z Resolving deltas:  23% (215/931)
2022-06-16T22:10:15.1333303Z Resolving deltas:  24% (224/931)
2022-06-16T22:10:15.1336548Z Resolving deltas:  25% (233/931)
2022-06-16T22:10:15.1340120Z Resolving deltas:  26% (243/931)
2022-06-16T22:10:15.1343819Z Resolving deltas:  27% (252/931)
2022-06-16T22:10:15.1348274Z Resolving deltas:  28% (261/931)
2022-06-16T22:10:15.1352504Z Resolving deltas:  29% (270/931)
2022-06-16T22:10:15.1356372Z Resolving deltas:  30% (280/931)
2022-06-16T22:10:15.1359010Z Resolving deltas:  31% (289/931)
2022-06-16T22:10:15.1363065Z Resolving deltas:  32% (298/931)
2022-06-16T22:10:15.1367308Z Resolving deltas:  33% (308/931)
2022-06-16T22:10:15.1370106Z Resolving deltas:  34% (317/931)
2022-06-16T22:10:15.1373906Z Resolving deltas:  35% (326/931)
2022-06-16T22:10:15.1378182Z Resolving deltas:  36% (336/931)
2022-06-16T22:10:15.1381743Z Resolving deltas:  37% (345/931)
2022-06-16T22:10:15.1385349Z Resolving deltas:  38% (354/931)
2022-06-16T22:10:15.1388758Z Resolving deltas:  39% (364/931)
2022-06-16T22:10:15.1392168Z Resolving deltas:  40% (373/931)
2022-06-16T22:10:15.1395372Z Resolving deltas:  41% (382/931)
2022-06-16T22:10:15.1400999Z Resolving deltas:  42% (392/931)
2022-06-16T22:10:15.1403683Z Resolving deltas:  43% (401/931)
2022-06-16T22:10:15.1406255Z Resolving deltas:  44% (410/931)
2022-06-16T22:10:15.1408990Z Resolving deltas:  45% (419/931)
2022-06-16T22:10:15.1412672Z Resolving deltas:  46% (429/931)
2022-06-16T22:10:15.1418399Z Resolving deltas:  47% (438/931)
2022-06-16T22:10:15.1423118Z Resolving deltas:  48% (447/931)
2022-06-16T22:10:15.1428234Z Resolving deltas:  49% (457/931)
2022-06-16T22:10:15.1433695Z Resolving deltas:  50% (466/931)
2022-06-16T22:10:15.1436886Z Resolving deltas:  51% (475/931)
2022-06-16T22:10:15.1441022Z Resolving deltas:  52% (485/931)
2022-06-16T22:10:15.1445940Z Resolving deltas:  53% (494/931)
2022-06-16T22:10:15.1450286Z Resolving deltas:  54% (503/931)
2022-06-16T22:10:15.1453652Z Resolving deltas:  55% (513/931)
2022-06-16T22:10:15.1478487Z Resolving deltas:  56% (522/931)
2022-06-16T22:10:15.1483303Z Resolving deltas:  57% (531/931)
2022-06-16T22:10:15.1487909Z Resolving deltas:  58% (540/931)
2022-06-16T22:10:15.1493742Z Resolving deltas:  59% (550/931)
2022-06-16T22:10:15.1496543Z Resolving deltas:  60% (559/931)
2022-06-16T22:10:15.1504505Z Resolving deltas:  61% (568/931)
2022-06-16T22:10:15.1507073Z Resolving deltas:  62% (578/931)
2022-06-16T22:10:15.1508716Z Resolving deltas:  63% (587/931)
2022-06-16T22:10:15.1511566Z Resolving deltas:  64% (596/931)
2022-06-16T22:10:15.1536160Z Resolving deltas:  65% (606/931)
2022-06-16T22:10:15.1549238Z Resolving deltas:  66% (615/931)
2022-06-16T22:10:15.1588331Z Resolving deltas:  67% (624/931)
2022-06-16T22:10:15.1598790Z Resolving deltas:  68% (634/931)
2022-06-16T22:10:15.1600848Z Resolving deltas:  69% (643/931)
2022-06-16T22:10:15.1603281Z Resolving deltas:  70% (652/931)
2022-06-16T22:10:15.1604050Z Resolving deltas:  71% (662/931)
2022-06-16T22:10:15.1605766Z Resolving deltas:  72% (671/931)
2022-06-16T22:10:15.1607491Z Resolving deltas:  73% (680/931)
2022-06-16T22:10:15.1609187Z Resolving deltas:  74% (689/931)
2022-06-16T22:10:15.1610759Z Resolving deltas:  75% (699/931)
2022-06-16T22:10:15.1612697Z Resolving deltas:  76% (708/931)
2022-06-16T22:10:15.1616146Z Resolving deltas:  77% (717/931)
2022-06-16T22:10:15.1616587Z Resolving deltas:  78% (727/931)
2022-06-16T22:10:15.1618814Z Resolving deltas:  79% (736/931)
2022-06-16T22:10:15.1620105Z Resolving deltas:  80% (745/931)
2022-06-16T22:10:15.1622105Z Resolving deltas:  81% (755/931)
2022-06-16T22:10:15.1624421Z Resolving deltas:  82% (764/931)
2022-06-16T22:10:15.1627941Z Resolving deltas:  83% (774/931)
2022-06-16T22:10:15.1631310Z Resolving deltas:  84% (783/931)
2022-06-16T22:10:15.1634351Z Resolving deltas:  85% (792/931)
2022-06-16T22:10:15.1637155Z Resolving deltas:  86% (801/931)
2022-06-16T22:10:15.1640221Z Resolving deltas:  87% (810/931)
2022-06-16T22:10:15.1642316Z Resolving deltas:  88% (820/931)
2022-06-16T22:10:15.1644512Z Resolving deltas:  89% (829/931)
2022-06-16T22:10:15.1647890Z Resolving deltas:  90% (838/931)
2022-06-16T22:10:15.1651295Z Resolving deltas:  91% (848/931)
2022-06-16T22:10:15.1655679Z Resolving deltas:  92% (857/931)
2022-06-16T22:10:15.1658267Z Resolving deltas:  93% (866/931)
2022-06-16T22:10:15.1660203Z Resolving deltas:  94% (876/931)
2022-06-16T22:10:15.1665147Z Resolving deltas:  95% (885/931)
2022-06-16T22:10:15.1665727Z Resolving deltas:  96% (894/931)
2022-06-16T22:10:15.1667040Z Resolving deltas:  97% (904/931)
2022-06-16T22:10:15.1668053Z Resolving deltas:  98% (913/931)
2022-06-16T22:10:15.2005930Z Resolving deltas:  99% (922/931)
2022-06-16T22:10:15.2012811Z Resolving deltas: 100% (931/931)
2022-06-16T22:10:15.2013248Z Resolving deltas: 100% (931/931), done.
2022-06-16T22:10:15.2139446Z From https://github.com/kubernetes-client/python
2022-06-16T22:10:15.2140125Z  * [new ref]         e0dfc6b0da0db1ff2ea74cdfb6fcae3328ba8b0c -> origin/master
2022-06-16T22:10:15.2160252Z ##[endgroup]
2022-06-16T22:10:15.2161015Z ##[group]Determining the checkout info
2022-06-16T22:10:15.2162205Z ##[endgroup]
2022-06-16T22:10:15.2162800Z ##[group]Checking out the ref
2022-06-16T22:10:15.2166848Z [command]/usr/bin/git checkout --progress --force -B master refs/remotes/origin/master
2022-06-16T22:10:15.3250601Z Reset branch 'master'
2022-06-16T22:10:15.3251146Z branch 'master' set up to track 'origin/master'.
2022-06-16T22:10:15.3266224Z ##[endgroup]
2022-06-16T22:10:15.3267028Z ##[group]Setting up auth for fetching submodules
2022-06-16T22:10:15.3272499Z [command]/usr/bin/git config --global http.https://github.com/.extraheader AUTHORIZATION: basic ***
2022-06-16T22:10:15.3315365Z [command]/usr/bin/git config --global --unset-all url.https://github.com/.insteadOf
2022-06-16T22:10:15.3349559Z [command]/usr/bin/git config --global --add url.https://github.com/.insteadOf git@github.com:
2022-06-16T22:10:15.3381946Z [command]/usr/bin/git config --global --add url.https://github.com/.insteadOf org-26615988@github.com:
2022-06-16T22:10:15.3411068Z ##[endgroup]
2022-06-16T22:10:15.3411765Z ##[group]Fetching submodules
2022-06-16T22:10:15.3415667Z [command]/usr/bin/git submodule sync
2022-06-16T22:10:15.3634179Z [command]/usr/bin/git -c protocol.version=2 submodule update --init --force --depth=1
2022-06-16T22:10:15.3848263Z [command]/usr/bin/git submodule foreach git config --local gc.auto 0
2022-06-16T22:10:15.4091708Z ##[endgroup]
2022-06-16T22:10:15.4092557Z ##[group]Persisting credentials for submodules
2022-06-16T22:10:15.4093744Z [command]/usr/bin/git submodule foreach --recursive git config --local --name-only --get-regexp 'url\.https\:\/\/github\.com\/\.insteadOf' && git config --local --unset-all 'url.https://github.com/.insteadOf' || :
2022-06-16T22:10:15.4297762Z [command]/usr/bin/git submodule foreach git config --local 'http.https://github.com/.extraheader' 'AUTHORIZATION: basic ***' && git config --local --show-origin --name-only --get-regexp remote.origin.url
2022-06-16T22:10:15.4513201Z [command]/usr/bin/git submodule foreach git config --local --add 'url.https://github.com/.insteadOf' 'git@github.com:'
2022-06-16T22:10:15.4723319Z [command]/usr/bin/git submodule foreach git config --local --add 'url.https://github.com/.insteadOf' 'org-26615988@github.com:'
2022-06-16T22:10:15.4935087Z ##[endgroup]
2022-06-16T22:10:15.4973268Z [command]/usr/bin/git log -1 --format='%H'
2022-06-16T22:10:15.5002254Z 'e0dfc6b0da0db1ff2ea74cdfb6fcae3328ba8b0c'
2022-06-16T22:10:15.5278380Z ##[group]Run helm/kind-action@v1.3.0
2022-06-16T22:10:15.5278746Z with:
2022-06-16T22:10:15.5279044Z   cluster_name: kubernetes-python-e2e-master-3.9
2022-06-16T22:10:15.5279384Z   version: v0.11.1
2022-06-16T22:10:15.5279726Z   config: .github/workflows/kind-configs/cluster-1.18.yaml
2022-06-16T22:10:15.5280085Z   wait: 60s
2022-06-16T22:10:15.5280314Z   verbosity: 0
2022-06-16T22:10:15.5280826Z   kubectl_version: v1.22.10
2022-06-16T22:10:15.5281124Z ##[endgroup]
2022-06-16T22:10:15.5732105Z Installing kind...
2022-06-16T22:10:15.6645520Z Adding kind directory to PATH...
2022-06-16T22:10:15.6646440Z Installing kubectl...
2022-06-16T22:10:15.9434431Z Adding kubectl directory to PATH...
2022-06-16T22:10:15.9480025Z kind v0.11.1 go1.16.4 linux/amd64
2022-06-16T22:10:15.9871959Z Client Version: version.Info{Major:"1", Minor:"22", GitVersion:"v1.22.10", GitCommit:"eae22ba6238096f5dec1ceb62766e97783f0ba2f", GitTreeState:"clean", BuildDate:"2022-05-24T12:56:35Z", GoVersion:"go1.16.15", Compiler:"gc", Platform:"linux/amd64"}
2022-06-16T22:10:15.9905129Z Creating kind cluster...
2022-06-16T22:10:16.5145960Z Creating cluster "kubernetes-python-e2e-master-3.9" ...
2022-06-16T22:10:16.5146872Z  • Ensuring node image (kindest/node:v1.18.19) 🖼  ...
2022-06-16T22:10:33.1177503Z  ✓ Ensuring node image (kindest/node:v1.18.19) 🖼
2022-06-16T22:10:33.1178513Z  • Preparing nodes 📦 📦   ...
2022-06-16T22:10:39.8340230Z  ✓ Preparing nodes 📦 📦 
2022-06-16T22:10:39.9611011Z  • Writing configuration 📜  ...
2022-06-16T22:10:40.9228748Z  ✓ Writing configuration 📜
2022-06-16T22:10:40.9229932Z  • Starting control-plane 🕹️  ...
2022-06-16T22:10:57.6726809Z  ✓ Starting control-plane 🕹️
2022-06-16T22:10:57.6728036Z  • Installing CNI 🔌  ...
2022-06-16T22:10:58.3480731Z  ✓ Installing CNI 🔌
2022-06-16T22:10:58.3481400Z  • Installing StorageClass 💾  ...
2022-06-16T22:10:58.7220176Z  ✓ Installing StorageClass 💾
2022-06-16T22:10:58.8446289Z  • Joining worker nodes 🚜  ...
2022-06-16T22:11:30.4982929Z  ✓ Joining worker nodes 🚜
2022-06-16T22:11:30.4984028Z  • Waiting ≤ 1m0s for control-plane = Ready ⏳  ...
2022-06-16T22:11:30.7278163Z  ✓ Waiting ≤ 1m0s for control-plane = Ready ⏳
2022-06-16T22:11:30.7278758Z  • Ready after 0s 💚
2022-06-16T22:11:31.2466387Z Set kubectl context to "kind-kubernetes-python-e2e-master-3.9"
2022-06-16T22:11:31.2469986Z You can now use your cluster with:
2022-06-16T22:11:31.2470368Z 
2022-06-16T22:11:31.2471143Z kubectl cluster-info --context kind-kubernetes-python-e2e-master-3.9
2022-06-16T22:11:31.2473577Z 
2022-06-16T22:11:31.2628814Z Have a question, bug, or feature request? Let us know! https://kind.sigs.k8s.io/#community 🙂
2022-06-16T22:11:31.2784103Z ##[group]Run actions/setup-python@v4
2022-06-16T22:11:31.2784336Z with:
2022-06-16T22:11:31.2784536Z   python-version: 3.9
2022-06-16T22:11:31.2784939Z   token: ***
2022-06-16T22:11:31.2785136Z ##[endgroup]
2022-06-16T22:11:31.4621428Z Successfully set up CPython (3.9.13)
2022-06-16T22:11:31.4811366Z ##[group]Run python -m pip install --upgrade pip
2022-06-16T22:11:31.4811727Z [36;1mpython -m pip install --upgrade pip[0m
2022-06-16T22:11:31.4812032Z [36;1mpython -m pip install -r requirements.txt[0m
2022-06-16T22:11:31.4812356Z [36;1mpython -m pip install -r test-requirements.txt[0m
2022-06-16T22:11:31.4885990Z shell: /usr/bin/bash -e {0}
2022-06-16T22:11:31.4886212Z env:
2022-06-16T22:11:31.4886486Z   pythonLocation: /opt/hostedtoolcache/Python/3.9.13/x64
2022-06-16T22:11:31.4886856Z   PKG_CONFIG_PATH: /opt/hostedtoolcache/Python/3.9.13/x64/lib/pkgconfig
2022-06-16T22:11:31.4887202Z   LD_LIBRARY_PATH: /opt/hostedtoolcache/Python/3.9.13/x64/lib
2022-06-16T22:11:31.4887452Z ##[endgroup]
2022-06-16T22:11:32.7319948Z Requirement already satisfied: pip in /opt/hostedtoolcache/Python/3.9.13/x64/lib/python3.9/site-packages (22.1.2)
2022-06-16T22:11:33.6237423Z Ignoring ipaddress: markers 'python_version == "2.7"' don't match your environment
2022-06-16T22:11:33.6841926Z Collecting certifi>=14.05.14
2022-06-16T22:11:33.7097934Z   Downloading certifi-2022.6.15-py3-none-any.whl (160 kB)
2022-06-16T22:11:33.7213621Z      ━━━━━━━━━━━━━━━━━━━━━━━━━━━━━━━━━━━━━━ 160.2/160.2 kB 20.1 MB/s eta 0:00:00
2022-06-16T22:11:33.7483989Z Collecting six>=1.9.0
2022-06-16T22:11:33.7532885Z   Downloading six-1.16.0-py2.py3-none-any.whl (11 kB)
2022-06-16T22:11:33.7848239Z Collecting python-dateutil>=2.5.3
2022-06-16T22:11:33.7904599Z   Downloading python_dateutil-2.8.2-py2.py3-none-any.whl (247 kB)
2022-06-16T22:11:33.8005578Z      ━━━━━━━━━━━━━━━━━━━━━━━━━━━━━━━━━━━━━━ 247.7/247.7 kB 41.3 MB/s eta 0:00:00
2022-06-16T22:11:33.8036930Z Requirement already satisfied: setuptools>=21.0.0 in /opt/hostedtoolcache/Python/3.9.13/x64/lib/python3.9/site-packages (from -r requirements.txt (line 4)) (58.1.0)
2022-06-16T22:11:33.8818461Z Collecting pyyaml>=5.4.1
2022-06-16T22:11:33.8904534Z   Downloading PyYAML-6.0-cp39-cp39-manylinux_2_5_x86_64.manylinux1_x86_64.manylinux_2_12_x86_64.manylinux2010_x86_64.whl (661 kB)
2022-06-16T22:11:33.9060861Z      ━━━━━━━━━━━━━━━━━━━━━━━━━━━━━━━━━━━━━━ 661.8/661.8 kB 76.5 MB/s eta 0:00:00
2022-06-16T22:11:34.0163966Z Collecting google-auth>=1.0.1
2022-06-16T22:11:34.0245333Z   Downloading google_auth-2.8.0-py2.py3-none-any.whl (164 kB)
2022-06-16T22:11:34.0327391Z      ━━━━━━━━━━━━━━━━━━━━━━━━━━━━━━━━━━━━━━ 164.2/164.2 kB 35.3 MB/s eta 0:00:00
2022-06-16T22:11:34.0802956Z Collecting websocket-client!=0.40.0,!=0.41.*,!=0.42.*,>=0.32.0
2022-06-16T22:11:34.0852908Z   Downloading websocket_client-1.3.2-py3-none-any.whl (54 kB)
2022-06-16T22:11:34.0942334Z      ━━━━━━━━━━━━━━━━━━━━━━━━━━━━━━━━━━━━━━━━ 54.3/54.3 kB 7.3 MB/s eta 0:00:00
2022-06-16T22:11:34.1610446Z Collecting requests
2022-06-16T22:11:34.1665659Z   Downloading requests-2.28.0-py3-none-any.whl (62 kB)
2022-06-16T22:11:34.1749339Z      ━━━━━━━━━━━━━━━━━━━━━━━━━━━━━━━━━━━━━━━━ 62.8/62.8 kB 16.8 MB/s eta 0:00:00
2022-06-16T22:11:34.1959064Z Collecting requests-oauthlib
2022-06-16T22:11:34.2058215Z   Downloading requests_oauthlib-1.3.1-py2.py3-none-any.whl (23 kB)
2022-06-16T22:11:34.2623291Z Collecting urllib3>=1.24.2
2022-06-16T22:11:34.2685428Z   Downloading urllib3-1.26.9-py2.py3-none-any.whl (138 kB)
2022-06-16T22:11:34.2766902Z      ━━━━━━━━━━━━━━━━━━━━━━━━━━━━━━━━━━━━━━ 139.0/139.0 kB 28.3 MB/s eta 0:00:00
2022-06-16T22:11:34.3562185Z Collecting pyasn1-modules>=0.2.1
2022-06-16T22:11:34.3625509Z   Downloading pyasn1_modules-0.2.8-py2.py3-none-any.whl (155 kB)
2022-06-16T22:11:34.3707069Z      ━━━━━━━━━━━━━━━━━━━━━━━━━━━━━━━━━━━━━━ 155.3/155.3 kB 40.1 MB/s eta 0:00:00
2022-06-16T22:11:34.4084653Z Collecting cachetools<6.0,>=2.0.0
2022-06-16T22:11:34.4161934Z   Downloading cachetools-5.2.0-py3-none-any.whl (9.3 kB)
2022-06-16T22:11:34.4514267Z Collecting rsa<5,>=3.1.4
2022-06-16T22:11:34.4641657Z   Downloading rsa-4.8-py3-none-any.whl (39 kB)
2022-06-16T22:11:34.5114466Z Collecting idna<4,>=2.5
2022-06-16T22:11:34.5218785Z   Downloading idna-3.3-py3-none-any.whl (61 kB)
2022-06-16T22:11:34.5287122Z      ━━━━━━━━━━━━━━━━━━━━━━━━━━━━━━━━━━━━━━━━ 61.2/61.2 kB 17.8 MB/s eta 0:00:00
2022-06-16T22:11:34.5598597Z Collecting charset-normalizer~=2.0.0
2022-06-16T22:11:34.5690856Z   Downloading charset_normalizer-2.0.12-py3-none-any.whl (39 kB)
2022-06-16T22:11:34.6387279Z Collecting oauthlib>=3.0.0
2022-06-16T22:11:34.6460565Z   Downloading oauthlib-3.2.0-py3-none-any.whl (151 kB)
2022-06-16T22:11:34.6554559Z      ━━━━━━━━━━━━━━━━━━━━━━━━━━━━━━━━━━━━━━ 151.5/151.5 kB 30.4 MB/s eta 0:00:00
2022-06-16T22:11:34.7733307Z Collecting pyasn1<0.5.0,>=0.4.6
2022-06-16T22:11:34.7801802Z   Downloading pyasn1-0.4.8-py2.py3-none-any.whl (77 kB)
2022-06-16T22:11:34.7884496Z      ━━━━━━━━━━━━━━━━━━━━━━━━━━━━━━━━━━━━━━━━ 77.1/77.1 kB 26.7 MB/s eta 0:00:00
2022-06-16T22:11:34.9182694Z Installing collected packages: pyasn1, websocket-client, urllib3, six, rsa, pyyaml, pyasn1-modules, oauthlib, idna, charset-normalizer, certifi, cachetools, requests, python-dateutil, google-auth, requests-oauthlib
2022-06-16T22:11:36.3088647Z Successfully installed cachetools-5.2.0 certifi-2022.6.15 charset-normalizer-2.0.12 google-auth-2.8.0 idna-3.3 oauthlib-3.2.0 pyasn1-0.4.8 pyasn1-modules-0.2.8 python-dateutil-2.8.2 pyyaml-6.0 requests-2.28.0 requests-oauthlib-1.3.1 rsa-4.8 six-1.16.0 urllib3-1.26.9 websocket-client-1.3.2
2022-06-16T22:11:37.5185502Z Collecting coverage>=4.0.3
2022-06-16T22:11:37.5409542Z   Downloading coverage-6.4.1-cp39-cp39-manylinux_2_5_x86_64.manylinux1_x86_64.manylinux_2_17_x86_64.manylinux2014_x86_64.whl (211 kB)
2022-06-16T22:11:37.5522204Z      ━━━━━━━━━━━━━━━━━━━━━━━━━━━━━━━━━━━━━━ 211.7/211.7 kB 35.5 MB/s eta 0:00:00
2022-06-16T22:11:38.5735124Z Collecting nose>=1.3.7
2022-06-16T22:11:38.5832183Z   Downloading nose-1.3.7-py3-none-any.whl (154 kB)
2022-06-16T22:11:38.5898180Z      ━━━━━━━━━━━━━━━━━━━━━━━━━━━━━━━━━━━━━━ 154.7/154.7 kB 40.4 MB/s eta 0:00:00
2022-06-16T22:11:38.9456093Z Collecting pytest
2022-06-16T22:11:38.9513126Z   Downloading pytest-7.1.2-py3-none-any.whl (297 kB)
2022-06-16T22:11:38.9650389Z      ━━━━━━━━━━━━━━━━━━━━━━━━━━━━━━━━━━━━━━ 297.0/297.0 kB 25.8 MB/s eta 0:00:00
2022-06-16T22:11:39.0078161Z Collecting pytest-cov
2022-06-16T22:11:39.0122169Z   Downloading pytest_cov-3.0.0-py3-none-any.whl (20 kB)
2022-06-16T22:11:39.0460135Z Collecting pluggy>=0.3.1
2022-06-16T22:11:39.0504510Z   Downloading pluggy-1.0.0-py2.py3-none-any.whl (13 kB)
2022-06-16T22:11:39.1211034Z Collecting py>=1.4.31
2022-06-16T22:11:39.1256559Z   Downloading py-1.11.0-py2.py3-none-any.whl (98 kB)
2022-06-16T22:11:39.1308360Z      ━━━━━━━━━━━━━━━━━━━━━━━━━━━━━━━━━━━━━━━━ 98.7/98.7 kB 36.3 MB/s eta 0:00:00
2022-06-16T22:11:39.1506204Z Collecting randomize>=0.13
2022-06-16T22:11:39.1571062Z   Downloading randomize-0.14-py2.py3-none-any.whl (4.7 kB)
2022-06-16T22:11:39.1866771Z Collecting mock>=2.0.0
2022-06-16T22:11:39.1926528Z   Downloading mock-4.0.3-py3-none-any.whl (28 kB)
2022-06-16T22:11:39.2908968Z Collecting sphinx>=1.4
2022-06-16T22:11:39.2960198Z   Downloading Sphinx-5.0.2-py3-none-any.whl (3.1 MB)
2022-06-16T22:11:39.3288146Z      ━━━━━━━━━━━━━━━━━━━━━━━━━━━━━━━━━━━━━━━━ 3.1/3.1 MB 104.6 MB/s eta 0:00:00
2022-06-16T22:11:39.3591589Z Collecting recommonmark
2022-06-16T22:11:39.3722261Z   Downloading recommonmark-0.7.1-py2.py3-none-any.whl (10 kB)
2022-06-16T22:11:39.3984261Z Collecting sphinx_markdown_tables
2022-06-16T22:11:39.4054887Z   Downloading sphinx_markdown_tables-0.0.15-py3-none-any.whl (28 kB)
2022-06-16T22:11:39.4311522Z Collecting pycodestyle
2022-06-16T22:11:39.4358938Z   Downloading pycodestyle-2.8.0-py2.py3-none-any.whl (42 kB)
2022-06-16T22:11:39.4406369Z      ━━━━━━━━━━━━━━━━━━━━━━━━━━━━━━━━━━━━━━━━ 42.1/42.1 kB 14.8 MB/s eta 0:00:00
2022-06-16T22:11:39.4645519Z Collecting autopep8
2022-06-16T22:11:39.4692971Z   Downloading autopep8-1.6.0-py2.py3-none-any.whl (45 kB)
2022-06-16T22:11:39.4737781Z      ━━━━━━━━━━━━━━━━━━━━━━━━━━━━━━━━━━━━━━━━ 45.3/45.3 kB 18.5 MB/s eta 0:00:00
2022-06-16T22:11:39.5560159Z Collecting isort
2022-06-16T22:11:39.5606685Z   Downloading isort-5.10.1-py3-none-any.whl (103 kB)
2022-06-16T22:11:39.5705095Z      ━━━━━━━━━━━━━━━━━━━━━━━━━━━━━━━━━━━━━━ 103.4/103.4 kB 13.4 MB/s eta 0:00:00
2022-06-16T22:11:39.6021674Z Collecting iniconfig
2022-06-16T22:11:39.6082090Z   Downloading iniconfig-1.1.1-py2.py3-none-any.whl (5.0 kB)
2022-06-16T22:11:39.6385950Z Collecting tomli>=1.0.0
2022-06-16T22:11:39.6425678Z   Downloading tomli-2.0.1-py3-none-any.whl (12 kB)
2022-06-16T22:11:39.6728945Z Collecting attrs>=19.2.0
2022-06-16T22:11:39.6772190Z   Downloading attrs-21.4.0-py2.py3-none-any.whl (60 kB)
2022-06-16T22:11:39.6816748Z      ━━━━━━━━━━━━━━━━━━━━━━━━━━━━━━━━━━━━━━━━ 60.6/60.6 kB 24.0 MB/s eta 0:00:00
2022-06-16T22:11:39.7208484Z Collecting packaging
2022-06-16T22:11:39.7272432Z   Downloading packaging-21.3-py3-none-any.whl (40 kB)
2022-06-16T22:11:39.7312034Z      ━━━━━━━━━━━━━━━━━━━━━━━━━━━━━━━━━━━━━━━━ 40.8/40.8 kB 15.4 MB/s eta 0:00:00
2022-06-16T22:11:39.8207567Z Collecting imagesize
2022-06-16T22:11:39.8248344Z   Downloading imagesize-1.3.0-py2.py3-none-any.whl (5.2 kB)
2022-06-16T22:11:39.8980314Z Collecting importlib-metadata>=4.4
2022-06-16T22:11:39.9023568Z   Downloading importlib_metadata-4.11.4-py3-none-any.whl (18 kB)
2022-06-16T22:11:39.9182572Z Collecting sphinxcontrib-htmlhelp>=2.0.0
2022-06-16T22:11:39.9233170Z   Downloading sphinxcontrib_htmlhelp-2.0.0-py2.py3-none-any.whl (100 kB)
2022-06-16T22:11:39.9283721Z      ━━━━━━━━━━━━━━━━━━━━━━━━━━━━━━━━━━━━━━ 100.5/100.5 kB 37.1 MB/s eta 0:00:00
2022-06-16T22:11:39.9461001Z Collecting snowballstemmer>=1.1
2022-06-16T22:11:39.9505453Z   Downloading snowballstemmer-2.2.0-py2.py3-none-any.whl (93 kB)
2022-06-16T22:11:39.9553111Z      ━━━━━━━━━━━━━━━━━━━━━━━━━━━━━━━━━━━━━━━━ 93.0/93.0 kB 37.4 MB/s eta 0:00:00
2022-06-16T22:11:39.9924463Z Collecting Jinja2>=2.3
2022-06-16T22:11:39.9967486Z   Downloading Jinja2-3.1.2-py3-none-any.whl (133 kB)
2022-06-16T22:11:40.0038684Z      ━━━━━━━━━━━━━━━━━━━━━━━━━━━━━━━━━━━━━━ 133.1/133.1 kB 38.9 MB/s eta 0:00:00
2022-06-16T22:11:40.0186140Z Collecting sphinxcontrib-jsmath
2022-06-16T22:11:40.0230513Z   Downloading sphinxcontrib_jsmath-1.0.1-py2.py3-none-any.whl (5.1 kB)
2022-06-16T22:11:40.0411450Z Collecting sphinxcontrib-qthelp
2022-06-16T22:11:40.0460868Z   Downloading sphinxcontrib_qthelp-1.0.3-py2.py3-none-any.whl (90 kB)
2022-06-16T22:11:40.0507279Z      ━━━━━━━━━━━━━━━━━━━━━━━━━━━━━━━━━━━━━━━━ 90.6/90.6 kB 38.3 MB/s eta 0:00:00
2022-06-16T22:11:40.0810013Z Collecting babel>=1.3
2022-06-16T22:11:40.0858867Z   Downloading Babel-2.10.3-py3-none-any.whl (9.5 MB)
2022-06-16T22:11:40.1698327Z      ━━━━━━━━━━━━━━━━━━━━━━━━━━━━━━━━━━━━━━━━ 9.5/9.5 MB 117.2 MB/s eta 0:00:00
2022-06-16T22:11:40.2451086Z Collecting Pygments>=2.0
2022-06-16T22:11:40.2511635Z   Downloading Pygments-2.12.0-py3-none-any.whl (1.1 MB)
2022-06-16T22:11:40.2644514Z      ━━━━━━━━━━━━━━━━━━━━━━━━━━━━━━━━━━━━━━━━ 1.1/1.1 MB 99.8 MB/s eta 0:00:00
2022-06-16T22:11:40.2845241Z Collecting sphinxcontrib-applehelp
2022-06-16T22:11:40.2930758Z   Downloading sphinxcontrib_applehelp-1.0.2-py2.py3-none-any.whl (121 kB)
2022-06-16T22:11:40.2982575Z      ━━━━━━━━━━━━━━━━━━━━━━━━━━━━━━━━━━━━━━ 121.2/121.2 kB 48.3 MB/s eta 0:00:00
2022-06-16T22:11:40.3136668Z Collecting sphinxcontrib-devhelp
2022-06-16T22:11:40.3195387Z   Downloading sphinxcontrib_devhelp-1.0.2-py2.py3-none-any.whl (84 kB)
2022-06-16T22:11:40.3239702Z      ━━━━━━━━━━━━━━━━━━━━━━━━━━━━━━━━━━━━━━━━ 84.7/84.7 kB 38.6 MB/s eta 0:00:00
2022-06-16T22:11:40.3542233Z Collecting docutils<0.19,>=0.14
2022-06-16T22:11:40.3605327Z   Downloading docutils-0.18.1-py2.py3-none-any.whl (570 kB)
2022-06-16T22:11:40.3694988Z      ━━━━━━━━━━━━━━━━━━━━━━━━━━━━━━━━━━━━━━ 570.0/570.0 kB 94.3 MB/s eta 0:00:00
2022-06-16T22:11:40.3912886Z Collecting alabaster<0.8,>=0.7
2022-06-16T22:11:40.3965386Z   Downloading alabaster-0.7.12-py2.py3-none-any.whl (14 kB)
2022-06-16T22:11:40.4003452Z Requirement already satisfied: requests>=2.5.0 in /opt/hostedtoolcache/Python/3.9.13/x64/lib/python3.9/site-packages (from sphinx>=1.4->-r test-requirements.txt (line 9)) (2.28.0)
2022-06-16T22:11:40.4215766Z Collecting sphinxcontrib-serializinghtml>=1.1.5
2022-06-16T22:11:40.4224403Z   Downloading sphinxcontrib_serializinghtml-1.1.5-py2.py3-none-any.whl (94 kB)
2022-06-16T22:11:40.4285178Z      ━━━━━━━━━━━━━━━━━━━━━━━━━━━━━━━━━━━━━━━━ 94.0/94.0 kB 25.0 MB/s eta 0:00:00
2022-06-16T22:11:40.4622665Z Collecting commonmark>=0.8.1
2022-06-16T22:11:40.4667739Z   Downloading commonmark-0.9.1-py2.py3-none-any.whl (51 kB)
2022-06-16T22:11:40.4711903Z      ━━━━━━━━━━━━━━━━━━━━━━━━━━━━━━━━━━━━━━━━ 51.1/51.1 kB 21.2 MB/s eta 0:00:00
2022-06-16T22:11:40.5349619Z Collecting markdown>=3.0.1
2022-06-16T22:11:40.5402080Z   Downloading Markdown-3.3.7-py3-none-any.whl (97 kB)
2022-06-16T22:11:40.5447731Z      ━━━━━━━━━━━━━━━━━━━━━━━━━━━━━━━━━━━━━━━━ 97.8/97.8 kB 37.8 MB/s eta 0:00:00
2022-06-16T22:11:40.5833345Z Collecting toml
2022-06-16T22:11:40.5875131Z   Downloading toml-0.10.2-py2.py3-none-any.whl (16 kB)
2022-06-16T22:11:40.7454539Z Collecting pytz>=2015.7
2022-06-16T22:11:40.7688943Z   Downloading pytz-2022.1-py2.py3-none-any.whl (503 kB)
2022-06-16T22:11:40.7799010Z      ━━━━━━━━━━━━━━━━━━━━━━━━━━━━━━━━━━━━━━ 503.5/503.5 kB 65.1 MB/s eta 0:00:00
2022-06-16T22:11:40.8601386Z Collecting zipp>=0.5
2022-06-16T22:11:40.8705405Z   Downloading zipp-3.8.0-py3-none-any.whl (5.4 kB)
2022-06-16T22:11:40.9548373Z Collecting MarkupSafe>=2.0
2022-06-16T22:11:40.9595850Z   Downloading MarkupSafe-2.1.1-cp39-cp39-manylinux_2_17_x86_64.manylinux2014_x86_64.whl (25 kB)
2022-06-16T22:11:40.9840937Z Requirement already satisfied: charset-normalizer~=2.0.0 in /opt/hostedtoolcache/Python/3.9.13/x64/lib/python3.9/site-packages (from requests>=2.5.0->sphinx>=1.4->-r test-requirements.txt (line 9)) (2.0.12)
2022-06-16T22:11:40.9847287Z Requirement already satisfied: idna<4,>=2.5 in /opt/hostedtoolcache/Python/3.9.13/x64/lib/python3.9/site-packages (from requests>=2.5.0->sphinx>=1.4->-r test-requirements.txt (line 9)) (3.3)
2022-06-16T22:11:40.9854710Z Requirement already satisfied: certifi>=2017.4.17 in /opt/hostedtoolcache/Python/3.9.13/x64/lib/python3.9/site-packages (from requests>=2.5.0->sphinx>=1.4->-r test-requirements.txt (line 9)) (2022.6.15)
2022-06-16T22:11:40.9863913Z Requirement already satisfied: urllib3<1.27,>=1.21.1 in /opt/hostedtoolcache/Python/3.9.13/x64/lib/python3.9/site-packages (from requests>=2.5.0->sphinx>=1.4->-r test-requirements.txt (line 9)) (1.26.9)
2022-06-16T22:11:41.0793326Z Collecting pyparsing!=3.0.5,>=2.0.2
2022-06-16T22:11:41.0819772Z   Downloading pyparsing-3.0.9-py3-none-any.whl (98 kB)
2022-06-16T22:11:41.0935600Z      ━━━━━━━━━━━━━━━━━━━━━━━━━━━━━━━━━━━━━━━━ 98.3/98.3 kB 29.1 MB/s eta 0:00:00
2022-06-16T22:11:41.4588514Z Installing collected packages: snowballstemmer, randomize, pytz, nose, iniconfig, commonmark, alabaster, zipp, tomli, toml, sphinxcontrib-serializinghtml, sphinxcontrib-qthelp, sphinxcontrib-jsmath, sphinxcontrib-htmlhelp, sphinxcontrib-devhelp, sphinxcontrib-applehelp, pyparsing, Pygments, pycodestyle, py, pluggy, mock, MarkupSafe, isort, imagesize, docutils, coverage, babel, attrs, packaging, Jinja2, importlib-metadata, autopep8, sphinx, pytest, markdown, sphinx_markdown_tables, recommonmark, pytest-cov
2022-06-16T22:11:44.8138216Z Successfully installed Jinja2-3.1.2 MarkupSafe-2.1.1 Pygments-2.12.0 alabaster-0.7.12 attrs-21.4.0 autopep8-1.6.0 babel-2.10.3 commonmark-0.9.1 coverage-6.4.1 docutils-0.18.1 imagesize-1.3.0 importlib-metadata-4.11.4 iniconfig-1.1.1 isort-5.10.1 markdown-3.3.7 mock-4.0.3 nose-1.3.7 packaging-21.3 pluggy-1.0.0 py-1.11.0 pycodestyle-2.8.0 pyparsing-3.0.9 pytest-7.1.2 pytest-cov-3.0.0 pytz-2022.1 randomize-0.14 recommonmark-0.7.1 snowballstemmer-2.2.0 sphinx-5.0.2 sphinx_markdown_tables-0.0.15 sphinxcontrib-applehelp-1.0.2 sphinxcontrib-devhelp-1.0.2 sphinxcontrib-htmlhelp-2.0.0 sphinxcontrib-jsmath-1.0.1 sphinxcontrib-qthelp-1.0.3 sphinxcontrib-serializinghtml-1.1.5 toml-0.10.2 tomli-2.0.1 zipp-3.8.0
2022-06-16T22:11:45.0313231Z ##[group]Run python -m pip install -e .
2022-06-16T22:11:45.0313565Z [36;1mpython -m pip install -e .[0m
2022-06-16T22:11:45.0366799Z shell: /usr/bin/bash -e {0}
2022-06-16T22:11:45.0367010Z env:
2022-06-16T22:11:45.0367280Z   pythonLocation: /opt/hostedtoolcache/Python/3.9.13/x64
2022-06-16T22:11:45.0367634Z   PKG_CONFIG_PATH: /opt/hostedtoolcache/Python/3.9.13/x64/lib/pkgconfig
2022-06-16T22:11:45.0367978Z   LD_LIBRARY_PATH: /opt/hostedtoolcache/Python/3.9.13/x64/lib
2022-06-16T22:11:45.0368227Z ##[endgroup]
2022-06-16T22:11:45.5692621Z Obtaining file:///home/runner/work/python/python
2022-06-16T22:11:45.5700006Z   Preparing metadata (setup.py): started
2022-06-16T22:11:45.9768897Z   Preparing metadata (setup.py): finished with status 'done'
2022-06-16T22:11:46.0005294Z Requirement already satisfied: certifi>=14.05.14 in /opt/hostedtoolcache/Python/3.9.13/x64/lib/python3.9/site-packages (from kubernetes===24.0.0-snapshot) (2022.6.15)
2022-06-16T22:11:46.0015586Z Requirement already satisfied: six>=1.9.0 in /opt/hostedtoolcache/Python/3.9.13/x64/lib/python3.9/site-packages (from kubernetes===24.0.0-snapshot) (1.16.0)
2022-06-16T22:11:46.0025447Z Requirement already satisfied: python-dateutil>=2.5.3 in /opt/hostedtoolcache/Python/3.9.13/x64/lib/python3.9/site-packages (from kubernetes===24.0.0-snapshot) (2.8.2)
2022-06-16T22:11:46.0036772Z Requirement already satisfied: setuptools>=21.0.0 in /opt/hostedtoolcache/Python/3.9.13/x64/lib/python3.9/site-packages (from kubernetes===24.0.0-snapshot) (58.1.0)
2022-06-16T22:11:46.0046530Z Requirement already satisfied: pyyaml>=5.4.1 in /opt/hostedtoolcache/Python/3.9.13/x64/lib/python3.9/site-packages (from kubernetes===24.0.0-snapshot) (6.0)
2022-06-16T22:11:46.0056631Z Requirement already satisfied: google-auth>=1.0.1 in /opt/hostedtoolcache/Python/3.9.13/x64/lib/python3.9/site-packages (from kubernetes===24.0.0-snapshot) (2.8.0)
2022-06-16T22:11:46.0067456Z Requirement already satisfied: websocket-client!=0.40.0,!=0.41.*,!=0.42.*,>=0.32.0 in /opt/hostedtoolcache/Python/3.9.13/x64/lib/python3.9/site-packages (from kubernetes===24.0.0-snapshot) (1.3.2)
2022-06-16T22:11:46.0074154Z Requirement already satisfied: requests in /opt/hostedtoolcache/Python/3.9.13/x64/lib/python3.9/site-packages (from kubernetes===24.0.0-snapshot) (2.28.0)
2022-06-16T22:11:46.0080688Z Requirement already satisfied: requests-oauthlib in /opt/hostedtoolcache/Python/3.9.13/x64/lib/python3.9/site-packages (from kubernetes===24.0.0-snapshot) (1.3.1)
2022-06-16T22:11:46.0091863Z Requirement already satisfied: urllib3>=1.24.2 in /opt/hostedtoolcache/Python/3.9.13/x64/lib/python3.9/site-packages (from kubernetes===24.0.0-snapshot) (1.26.9)
2022-06-16T22:11:46.0254574Z Requirement already satisfied: cachetools<6.0,>=2.0.0 in /opt/hostedtoolcache/Python/3.9.13/x64/lib/python3.9/site-packages (from google-auth>=1.0.1->kubernetes===24.0.0-snapshot) (5.2.0)
2022-06-16T22:11:46.0264838Z Requirement already satisfied: pyasn1-modules>=0.2.1 in /opt/hostedtoolcache/Python/3.9.13/x64/lib/python3.9/site-packages (from google-auth>=1.0.1->kubernetes===24.0.0-snapshot) (0.2.8)
2022-06-16T22:11:46.0282779Z Requirement already satisfied: rsa<5,>=3.1.4 in /opt/hostedtoolcache/Python/3.9.13/x64/lib/python3.9/site-packages (from google-auth>=1.0.1->kubernetes===24.0.0-snapshot) (4.8)
2022-06-16T22:11:46.0593167Z Requirement already satisfied: idna<4,>=2.5 in /opt/hostedtoolcache/Python/3.9.13/x64/lib/python3.9/site-packages (from requests->kubernetes===24.0.0-snapshot) (3.3)
2022-06-16T22:11:46.0604948Z Requirement already satisfied: charset-normalizer~=2.0.0 in /opt/hostedtoolcache/Python/3.9.13/x64/lib/python3.9/site-packages (from requests->kubernetes===24.0.0-snapshot) (2.0.12)
2022-06-16T22:11:46.0653708Z Requirement already satisfied: oauthlib>=3.0.0 in /opt/hostedtoolcache/Python/3.9.13/x64/lib/python3.9/site-packages (from requests-oauthlib->kubernetes===24.0.0-snapshot) (3.2.0)
2022-06-16T22:11:46.0784119Z Requirement already satisfied: pyasn1<0.5.0,>=0.4.6 in /opt/hostedtoolcache/Python/3.9.13/x64/lib/python3.9/site-packages (from pyasn1-modules>=0.2.1->google-auth>=1.0.1->kubernetes===24.0.0-snapshot) (0.4.8)
2022-06-16T22:11:46.2598285Z Installing collected packages: kubernetes
2022-06-16T22:11:46.2616968Z   Running setup.py develop for kubernetes
2022-06-16T22:11:46.7521675Z Successfully installed kubernetes-24.0.0-snapshot
2022-06-16T22:11:46.9263111Z ##[group]Run pytest -vvv -s kubernetes/e2e_test
2022-06-16T22:11:46.9263436Z [36;1mpytest -vvv -s kubernetes/e2e_test[0m
2022-06-16T22:11:46.9316982Z shell: /usr/bin/bash -e {0}
2022-06-16T22:11:46.9317193Z env:
2022-06-16T22:11:46.9317464Z   pythonLocation: /opt/hostedtoolcache/Python/3.9.13/x64
2022-06-16T22:11:46.9317817Z   PKG_CONFIG_PATH: /opt/hostedtoolcache/Python/3.9.13/x64/lib/pkgconfig
2022-06-16T22:11:46.9318156Z   LD_LIBRARY_PATH: /opt/hostedtoolcache/Python/3.9.13/x64/lib
2022-06-16T22:11:46.9318419Z ##[endgroup]
2022-06-16T22:11:47.4419468Z ============================= test session starts ==============================
2022-06-16T22:11:47.4420501Z platform linux -- Python 3.9.13, pytest-7.1.2, pluggy-1.0.0 -- /opt/hostedtoolcache/Python/3.9.13/x64/bin/python
2022-06-16T22:11:47.4421040Z cachedir: .pytest_cache
2022-06-16T22:11:47.4421720Z rootdir: /home/runner/work/python/python
2022-06-16T22:11:47.4422176Z plugins: cov-3.0.0
2022-06-16T22:11:49.2426397Z collecting ... collected 0 items / 5 errors
2022-06-16T22:11:49.2427009Z 
2022-06-16T22:11:49.2427329Z ==================================== ERRORS ====================================
2022-06-16T22:11:49.2428288Z ______________ ERROR collecting kubernetes/e2e_test/test_apps.py _______________
2022-06-16T22:11:49.2429132Z /opt/hostedtoolcache/Python/3.9.13/x64/lib/python3.9/site-packages/_pytest/python.py:608: in _importtestmodule
2022-06-16T22:11:49.2429823Z     mod = import_path(self.path, mode=importmode, root=self.config.rootpath)
2022-06-16T22:11:49.2430410Z /opt/hostedtoolcache/Python/3.9.13/x64/lib/python3.9/site-packages/_pytest/pathlib.py:533: in import_path
2022-06-16T22:11:49.2430789Z     importlib.import_module(module_name)
2022-06-16T22:11:49.2431160Z /opt/hostedtoolcache/Python/3.9.13/x64/lib/python3.9/importlib/__init__.py:127: in import_module
2022-06-16T22:11:49.2431555Z     return _bootstrap._gcd_import(name[level:], package, level)
2022-06-16T22:11:49.2431896Z <frozen importlib._bootstrap>:1030: in _gcd_import
2022-06-16T22:11:49.2432133Z     ???
2022-06-16T22:11:49.2432394Z <frozen importlib._bootstrap>:1007: in _find_and_load
2022-06-16T22:11:49.2432647Z     ???
2022-06-16T22:11:49.2432899Z <frozen importlib._bootstrap>:972: in _find_and_load_unlocked
2022-06-16T22:11:49.2433154Z     ???
2022-06-16T22:11:49.2433422Z <frozen importlib._bootstrap>:228: in _call_with_frames_removed
2022-06-16T22:11:49.2433675Z     ???
2022-06-16T22:11:49.2433924Z <frozen importlib._bootstrap>:1030: in _gcd_import
2022-06-16T22:11:49.2434169Z     ???
2022-06-16T22:11:49.2434409Z <frozen importlib._bootstrap>:1007: in _find_and_load
2022-06-16T22:11:49.2434653Z     ???
2022-06-16T22:11:49.2434915Z <frozen importlib._bootstrap>:972: in _find_and_load_unlocked
2022-06-16T22:11:49.2435158Z     ???
2022-06-16T22:11:49.2435421Z <frozen importlib._bootstrap>:228: in _call_with_frames_removed
2022-06-16T22:11:49.2435682Z     ???
2022-06-16T22:11:49.2435914Z <frozen importlib._bootstrap>:1030: in _gcd_import
2022-06-16T22:11:49.2436162Z     ???
2022-06-16T22:11:49.2436415Z <frozen importlib._bootstrap>:1007: in _find_and_load
2022-06-16T22:11:49.2436650Z     ???
2022-06-16T22:11:49.2436917Z <frozen importlib._bootstrap>:986: in _find_and_load_unlocked
2022-06-16T22:11:49.2437174Z     ???
2022-06-16T22:11:49.2437424Z <frozen importlib._bootstrap>:680: in _load_unlocked
2022-06-16T22:11:49.2437662Z     ???
2022-06-16T22:11:49.2437925Z <frozen importlib._bootstrap_external>:850: in exec_module
2022-06-16T22:11:49.2438183Z     ???
2022-06-16T22:11:49.2438438Z <frozen importlib._bootstrap>:228: in _call_with_frames_removed
2022-06-16T22:11:49.2438844Z     ???
2022-06-16T22:11:49.2439056Z kubernetes/__init__.py:20: in <module>
2022-06-16T22:11:49.2439320Z     import kubernetes.config
2022-06-16T22:11:49.2439595Z kubernetes/config/__init__.py:19: in <module>
2022-06-16T22:11:49.2439901Z     from .kube_config import (KUBE_CONFIG_DEFAULT_LOCATION,
2022-06-16T22:11:49.2440220Z kubernetes/config/kube_config.py:37: in <module>
2022-06-16T22:11:49.2440690Z     from kubernetes.config.exec_provider import ExecProvider
2022-06-16T22:11:49.2441082Z E     File "/home/runner/work/python/python/kubernetes/config/exec_provider.py", line 74
2022-06-16T22:11:49.2441484Z E       stderr=sys.stderr when is_interactive else subprocess.PIPE,
2022-06-16T22:11:49.2441775Z E                         ^
2022-06-16T22:11:49.2442004Z E   SyntaxError: invalid syntax
2022-06-16T22:11:49.2442324Z ______________ ERROR collecting kubernetes/e2e_test/test_batch.py ______________
2022-06-16T22:11:49.2442906Z /opt/hostedtoolcache/Python/3.9.13/x64/lib/python3.9/site-packages/_pytest/python.py:608: in _importtestmodule
2022-06-16T22:11:49.2443361Z     mod = import_path(self.path, mode=importmode, root=self.config.rootpath)
2022-06-16T22:11:49.2443918Z /opt/hostedtoolcache/Python/3.9.13/x64/lib/python3.9/site-packages/_pytest/pathlib.py:533: in import_path
2022-06-16T22:11:49.2444304Z     importlib.import_module(module_name)
2022-06-16T22:11:49.2444679Z /opt/hostedtoolcache/Python/3.9.13/x64/lib/python3.9/importlib/__init__.py:127: in import_module
2022-06-16T22:11:49.2445059Z     return _bootstrap._gcd_import(name[level:], package, level)
2022-06-16T22:11:49.2445392Z <frozen importlib._bootstrap>:1030: in _gcd_import
2022-06-16T22:11:49.2445639Z     ???
2022-06-16T22:11:49.2445893Z <frozen importlib._bootstrap>:1007: in _find_and_load
2022-06-16T22:11:49.2446189Z     ???
2022-06-16T22:11:49.2446455Z <frozen importlib._bootstrap>:972: in _find_and_load_unlocked
2022-06-16T22:11:49.2446713Z     ???
2022-06-16T22:11:49.2446967Z <frozen importlib._bootstrap>:228: in _call_with_frames_removed
2022-06-16T22:11:49.2447229Z     ???
2022-06-16T22:11:49.2447476Z <frozen importlib._bootstrap>:1030: in _gcd_import
2022-06-16T22:11:49.2447710Z     ???
2022-06-16T22:11:49.2447959Z <frozen importlib._bootstrap>:1007: in _find_and_load
2022-06-16T22:11:49.2448203Z     ???
2022-06-16T22:11:49.2448451Z <frozen importlib._bootstrap>:972: in _find_and_load_unlocked
2022-06-16T22:11:49.2448705Z     ???
2022-06-16T22:11:49.2448975Z <frozen importlib._bootstrap>:228: in _call_with_frames_removed
2022-06-16T22:11:49.2449225Z     ???
2022-06-16T22:11:49.2449478Z <frozen importlib._bootstrap>:1030: in _gcd_import
2022-06-16T22:11:49.2449725Z     ???
2022-06-16T22:11:49.2449969Z <frozen importlib._bootstrap>:1007: in _find_and_load
2022-06-16T22:11:49.2450219Z     ???
2022-06-16T22:11:49.2450486Z <frozen importlib._bootstrap>:986: in _find_and_load_unlocked
2022-06-16T22:11:49.2450743Z     ???
2022-06-16T22:11:49.2450982Z <frozen importlib._bootstrap>:680: in _load_unlocked
2022-06-16T22:11:49.2451230Z     ???
2022-06-16T22:11:49.2451495Z <frozen importlib._bootstrap_external>:850: in exec_module
2022-06-16T22:11:49.2451737Z     ???
2022-06-16T22:11:49.2452003Z <frozen importlib._bootstrap>:228: in _call_with_frames_removed
2022-06-16T22:11:49.2452264Z     ???
2022-06-16T22:11:49.2452476Z kubernetes/__init__.py:20: in <module>
2022-06-16T22:11:49.2452738Z     import kubernetes.config
2022-06-16T22:11:49.2453020Z kubernetes/config/__init__.py:19: in <module>
2022-06-16T22:11:49.2453325Z     from .kube_config import (KUBE_CONFIG_DEFAULT_LOCATION,
2022-06-16T22:11:49.2453648Z kubernetes/config/kube_config.py:37: in <module>
2022-06-16T22:11:49.2454197Z     from kubernetes.config.exec_provider import ExecProvider
2022-06-16T22:11:49.2454588Z E     File "/home/runner/work/python/python/kubernetes/config/exec_provider.py", line 74
2022-06-16T22:11:49.2454995Z E       stderr=sys.stderr when is_interactive else subprocess.PIPE,
2022-06-16T22:11:49.2455286Z E                         ^
2022-06-16T22:11:49.2455524Z E   SyntaxError: invalid syntax
2022-06-16T22:11:49.2455835Z _____________ ERROR collecting kubernetes/e2e_test/test_client.py ______________
2022-06-16T22:11:49.2456431Z /opt/hostedtoolcache/Python/3.9.13/x64/lib/python3.9/site-packages/_pytest/python.py:608: in _importtestmodule
2022-06-16T22:11:49.2456886Z     mod = import_path(self.path, mode=importmode, root=self.config.rootpath)
2022-06-16T22:11:49.2457536Z /opt/hostedtoolcache/Python/3.9.13/x64/lib/python3.9/site-packages/_pytest/pathlib.py:533: in import_path
2022-06-16T22:11:49.2457926Z     importlib.import_module(module_name)
2022-06-16T22:11:49.2458298Z /opt/hostedtoolcache/Python/3.9.13/x64/lib/python3.9/importlib/__init__.py:127: in import_module
2022-06-16T22:11:49.2458691Z     return _bootstrap._gcd_import(name[level:], package, level)
2022-06-16T22:11:49.2459010Z <frozen importlib._bootstrap>:1030: in _gcd_import
2022-06-16T22:11:49.2459257Z     ???
2022-06-16T22:11:49.2459511Z <frozen importlib._bootstrap>:1007: in _find_and_load
2022-06-16T22:11:49.2459745Z     ???
2022-06-16T22:11:49.2460006Z <frozen importlib._bootstrap>:972: in _find_and_load_unlocked
2022-06-16T22:11:49.2460270Z     ???
2022-06-16T22:11:49.2460523Z <frozen importlib._bootstrap>:228: in _call_with_frames_removed
2022-06-16T22:11:49.2460786Z     ???
2022-06-16T22:11:49.2461036Z <frozen importlib._bootstrap>:1030: in _gcd_import
2022-06-16T22:11:49.2461272Z     ???
2022-06-16T22:11:49.2461528Z <frozen importlib._bootstrap>:1007: in _find_and_load
2022-06-16T22:11:49.2461775Z     ???
2022-06-16T22:11:49.2462022Z <frozen importlib._bootstrap>:972: in _find_and_load_unlocked
2022-06-16T22:11:49.2462282Z     ???
2022-06-16T22:11:49.2462549Z <frozen importlib._bootstrap>:228: in _call_with_frames_removed
2022-06-16T22:11:49.2462798Z     ???
2022-06-16T22:11:49.2463103Z <frozen importlib._bootstrap>:1030: in _gcd_import
2022-06-16T22:11:49.2463350Z     ???
2022-06-16T22:11:49.2463603Z <frozen importlib._bootstrap>:1007: in _find_and_load
2022-06-16T22:11:49.2463841Z     ???
2022-06-16T22:11:49.2464105Z <frozen importlib._bootstrap>:986: in _find_and_load_unlocked
2022-06-16T22:11:49.2464361Z     ???
2022-06-16T22:11:49.2464601Z <frozen importlib._bootstrap>:680: in _load_unlocked
2022-06-16T22:11:49.2464849Z     ???
2022-06-16T22:11:49.2465108Z <frozen importlib._bootstrap_external>:850: in exec_module
2022-06-16T22:11:49.2465358Z     ???
2022-06-16T22:11:49.2465626Z <frozen importlib._bootstrap>:228: in _call_with_frames_removed
2022-06-16T22:11:49.2465882Z     ???
2022-06-16T22:11:49.2466084Z kubernetes/__init__.py:20: in <module>
2022-06-16T22:11:49.2466337Z     import kubernetes.config
2022-06-16T22:11:49.2466610Z kubernetes/config/__init__.py:19: in <module>
2022-06-16T22:11:49.2466900Z     from .kube_config import (KUBE_CONFIG_DEFAULT_LOCATION,
2022-06-16T22:11:49.2467207Z kubernetes/config/kube_config.py:37: in <module>
2022-06-16T22:11:49.2467529Z     from kubernetes.config.exec_provider import ExecProvider
2022-06-16T22:11:49.2467900Z E     File "/home/runner/work/python/python/kubernetes/config/exec_provider.py", line 74
2022-06-16T22:11:49.2468272Z E       stderr=sys.stderr when is_interactive else subprocess.PIPE,
2022-06-16T22:11:49.2468545Z E                         ^
2022-06-16T22:11:49.2468773Z E   SyntaxError: invalid syntax
2022-06-16T22:11:49.2469064Z ______________ ERROR collecting kubernetes/e2e_test/test_utils.py ______________
2022-06-16T22:11:49.2469618Z /opt/hostedtoolcache/Python/3.9.13/x64/lib/python3.9/site-packages/_pytest/python.py:608: in _importtestmodule
2022-06-16T22:11:49.2470048Z     mod = import_path(self.path, mode=importmode, root=self.config.rootpath)
2022-06-16T22:11:49.2470577Z /opt/hostedtoolcache/Python/3.9.13/x64/lib/python3.9/site-packages/_pytest/pathlib.py:533: in import_path
2022-06-16T22:11:49.2470938Z     importlib.import_module(module_name)
2022-06-16T22:11:49.2471286Z /opt/hostedtoolcache/Python/3.9.13/x64/lib/python3.9/importlib/__init__.py:127: in import_module
2022-06-16T22:11:49.2471658Z     return _bootstrap._gcd_import(name[level:], package, level)
2022-06-16T22:11:49.2471958Z <frozen importlib._bootstrap>:1030: in _gcd_import
2022-06-16T22:11:49.2472196Z     ???
2022-06-16T22:11:49.2472438Z <frozen importlib._bootstrap>:1007: in _find_and_load
2022-06-16T22:11:49.2472658Z     ???
2022-06-16T22:11:49.2472912Z <frozen importlib._bootstrap>:972: in _find_and_load_unlocked
2022-06-16T22:11:49.2473155Z     ???
2022-06-16T22:11:49.2473447Z <frozen importlib._bootstrap>:228: in _call_with_frames_removed
2022-06-16T22:11:49.2473696Z     ???
2022-06-16T22:11:49.2473932Z <frozen importlib._bootstrap>:1030: in _gcd_import
2022-06-16T22:11:49.2474153Z     ???
2022-06-16T22:11:49.2474388Z <frozen importlib._bootstrap>:1007: in _find_and_load
2022-06-16T22:11:49.2474622Z     ???
2022-06-16T22:11:49.2474872Z <frozen importlib._bootstrap>:972: in _find_and_load_unlocked
2022-06-16T22:11:49.2475105Z     ???
2022-06-16T22:11:49.2475355Z <frozen importlib._bootstrap>:228: in _call_with_frames_removed
2022-06-16T22:11:49.2475604Z     ???
2022-06-16T22:11:49.2475825Z <frozen importlib._bootstrap>:1030: in _gcd_import
2022-06-16T22:11:49.2476059Z     ???
2022-06-16T22:11:49.2476291Z <frozen importlib._bootstrap>:1007: in _find_and_load
2022-06-16T22:11:49.2476514Z     ???
2022-06-16T22:11:49.2476760Z <frozen importlib._bootstrap>:986: in _find_and_load_unlocked
2022-06-16T22:11:49.2477006Z     ???
2022-06-16T22:11:49.2477235Z <frozen importlib._bootstrap>:680: in _load_unlocked
2022-06-16T22:11:49.2477472Z     ???
2022-06-16T22:11:49.2477719Z <frozen importlib._bootstrap_external>:850: in exec_module
2022-06-16T22:11:49.2477949Z     ???
2022-06-16T22:11:49.2478197Z <frozen importlib._bootstrap>:228: in _call_with_frames_removed
2022-06-16T22:11:49.2478441Z     ???
2022-06-16T22:11:49.2478639Z kubernetes/__init__.py:20: in <module>
2022-06-16T22:11:49.2478949Z     import kubernetes.config
2022-06-16T22:11:49.2479215Z kubernetes/config/__init__.py:19: in <module>
2022-06-16T22:11:49.2479517Z     from .kube_config import (KUBE_CONFIG_DEFAULT_LOCATION,
2022-06-16T22:11:49.2479809Z kubernetes/config/kube_config.py:37: in <module>
2022-06-16T22:11:49.2480133Z     from kubernetes.config.exec_provider import ExecProvider
2022-06-16T22:11:49.2480507Z E     File "/home/runner/work/python/python/kubernetes/config/exec_provider.py", line 74
2022-06-16T22:11:49.2480871Z E       stderr=sys.stderr when is_interactive else subprocess.PIPE,
2022-06-16T22:11:49.2481151Z E                         ^
2022-06-16T22:11:49.2481375Z E   SyntaxError: invalid syntax
2022-06-16T22:11:49.2481669Z ______________ ERROR collecting kubernetes/e2e_test/test_watch.py ______________
2022-06-16T22:11:49.2482215Z /opt/hostedtoolcache/Python/3.9.13/x64/lib/python3.9/site-packages/_pytest/python.py:608: in _importtestmodule
2022-06-16T22:11:49.2482646Z     mod = import_path(self.path, mode=importmode, root=self.config.rootpath)
2022-06-16T22:11:49.2483192Z /opt/hostedtoolcache/Python/3.9.13/x64/lib/python3.9/site-packages/_pytest/pathlib.py:533: in import_path
2022-06-16T22:11:49.2483546Z     importlib.import_module(module_name)
2022-06-16T22:11:49.2483892Z /opt/hostedtoolcache/Python/3.9.13/x64/lib/python3.9/importlib/__init__.py:127: in import_module
2022-06-16T22:11:49.2484259Z     return _bootstrap._gcd_import(name[level:], package, level)
2022-06-16T22:11:49.2484560Z <frozen importlib._bootstrap>:1030: in _gcd_import
2022-06-16T22:11:49.2484795Z     ???
2022-06-16T22:11:49.2485037Z <frozen importlib._bootstrap>:1007: in _find_and_load
2022-06-16T22:11:49.2485258Z     ???
2022-06-16T22:11:49.2485507Z <frozen importlib._bootstrap>:972: in _find_and_load_unlocked
2022-06-16T22:11:49.2485746Z     ???
2022-06-16T22:11:49.2485995Z <frozen importlib._bootstrap>:228: in _call_with_frames_removed
2022-06-16T22:11:49.2486228Z     ???
2022-06-16T22:11:49.2486461Z <frozen importlib._bootstrap>:1030: in _gcd_import
2022-06-16T22:11:49.2486698Z     ???
2022-06-16T22:11:49.2486920Z <frozen importlib._bootstrap>:1007: in _find_and_load
2022-06-16T22:11:49.2487153Z     ???
2022-06-16T22:11:49.2487405Z <frozen importlib._bootstrap>:972: in _find_and_load_unlocked
2022-06-16T22:11:49.2487637Z     ???
2022-06-16T22:11:49.2487888Z <frozen importlib._bootstrap>:228: in _call_with_frames_removed
2022-06-16T22:11:49.2488130Z     ???
2022-06-16T22:11:49.2488347Z <frozen importlib._bootstrap>:1030: in _gcd_import
2022-06-16T22:11:49.2488580Z     ???
2022-06-16T22:11:49.2488813Z <frozen importlib._bootstrap>:1007: in _find_and_load
2022-06-16T22:11:49.2489086Z     ???
2022-06-16T22:11:49.2489341Z <frozen importlib._bootstrap>:986: in _find_and_load_unlocked
2022-06-16T22:11:49.2489585Z     ???
2022-06-16T22:11:49.2489810Z <frozen importlib._bootstrap>:680: in _load_unlocked
2022-06-16T22:11:49.2490047Z     ???
2022-06-16T22:11:49.2490295Z <frozen importlib._bootstrap_external>:850: in exec_module
2022-06-16T22:11:49.2490528Z     ???
2022-06-16T22:11:49.2490779Z <frozen importlib._bootstrap>:228: in _call_with_frames_removed
2022-06-16T22:11:49.2491026Z     ???
2022-06-16T22:11:49.2491243Z kubernetes/__init__.py:20: in <module>
2022-06-16T22:11:49.2491483Z     import kubernetes.config
2022-06-16T22:11:49.2491746Z kubernetes/config/__init__.py:19: in <module>
2022-06-16T22:11:49.2492048Z     from .kube_config import (KUBE_CONFIG_DEFAULT_LOCATION,
2022-06-16T22:11:49.2492339Z kubernetes/config/kube_config.py:37: in <module>
2022-06-16T22:11:49.2492664Z     from kubernetes.config.exec_provider import ExecProvider
2022-06-16T22:11:49.2493043Z E     File "/home/runner/work/python/python/kubernetes/config/exec_provider.py", line 74
2022-06-16T22:11:49.2493407Z E       stderr=sys.stderr when is_interactive else subprocess.PIPE,
2022-06-16T22:11:49.2493684Z E                         ^
2022-06-16T22:11:49.2493912Z E   SyntaxError: invalid syntax
2022-06-16T22:11:49.2494302Z =========================== short test summary info ============================
2022-06-16T22:11:49.2494678Z ERROR kubernetes/e2e_test/test_apps.py
2022-06-16T22:11:49.2494946Z ERROR kubernetes/e2e_test/test_batch.py
2022-06-16T22:11:49.2495222Z ERROR kubernetes/e2e_test/test_client.py
2022-06-16T22:11:49.2495475Z ERROR kubernetes/e2e_test/test_utils.py
2022-06-16T22:11:49.2495742Z ERROR kubernetes/e2e_test/test_watch.py
2022-06-16T22:11:49.2496051Z !!!!!!!!!!!!!!!!!!! Interrupted: 5 errors during collection !!!!!!!!!!!!!!!!!!!!
2022-06-16T22:11:49.2496343Z ============================== 5 errors in 1.81s ===============================
2022-06-16T22:11:49.3073295Z ##[error]Process completed with exit code 2.
2022-06-16T22:11:49.3124508Z Post job cleanup.
2022-06-16T22:11:49.4252370Z Deleting cluster "kubernetes-python-e2e-master-3.9" ...
2022-06-16T22:11:50.6756433Z Post job cleanup.
2022-06-16T22:11:50.8010574Z [command]/usr/bin/git version
2022-06-16T22:11:50.8063458Z git version 2.36.1
2022-06-16T22:11:50.8114410Z Temporarily overriding HOME='/home/runner/work/_temp/c9d1a33e-d036-497e-ba50-f817374c87de' before making global git config changes
2022-06-16T22:11:50.8117715Z Adding repository directory to the temporary git global config as a safe directory
2022-06-16T22:11:50.8123712Z [command]/usr/bin/git config --global --add safe.directory /home/runner/work/python/python
2022-06-16T22:11:50.8167499Z [command]/usr/bin/git config --local --name-only --get-regexp core\.sshCommand
2022-06-16T22:11:50.8207343Z [command]/usr/bin/git submodule foreach --recursive git config --local --name-only --get-regexp 'core\.sshCommand' && git config --local --unset-all 'core.sshCommand' || :
2022-06-16T22:11:50.8467235Z [command]/usr/bin/git config --local --name-only --get-regexp http\.https\:\/\/github\.com\/\.extraheader
2022-06-16T22:11:50.8487621Z http.https://github.com/.extraheader
2022-06-16T22:11:50.8500312Z [command]/usr/bin/git config --local --unset-all http.https://github.com/.extraheader
2022-06-16T22:11:50.8541969Z [command]/usr/bin/git submodule foreach --recursive git config --local --name-only --get-regexp 'http\.https\:\/\/github\.com\/\.extraheader' && git config --local --unset-all 'http.https://github.com/.extraheader' || :
2022-06-16T22:11:50.9020046Z Cleaning up orphan processes