2024-07-13T09:04:22.4736707Z Current runner version: '2.317.0'
2024-07-13T09:04:22.4763359Z ##[group]Operating System
2024-07-13T09:04:22.4763942Z Ubuntu
2024-07-13T09:04:22.4764293Z 22.04.4
2024-07-13T09:04:22.4764714Z LTS
2024-07-13T09:04:22.4765006Z ##[endgroup]
2024-07-13T09:04:22.4765387Z ##[group]Runner Image
2024-07-13T09:04:22.4765871Z Image: ubuntu-22.04
2024-07-13T09:04:22.4766237Z Version: 20240708.1.0
2024-07-13T09:04:22.4767198Z Included Software: https://github.com/actions/runner-images/blob/ubuntu22/20240708.1/images/ubuntu/Ubuntu2204-Readme.md
2024-07-13T09:04:22.4768707Z Image Release: https://github.com/actions/runner-images/releases/tag/ubuntu22%2F20240708.1
2024-07-13T09:04:22.4769552Z ##[endgroup]
2024-07-13T09:04:22.4769937Z ##[group]Runner Image Provisioner
2024-07-13T09:04:22.4770478Z 2.0.370.1
2024-07-13T09:04:22.4770796Z ##[endgroup]
2024-07-13T09:04:22.4773041Z ##[group]GITHUB_TOKEN Permissions
2024-07-13T09:04:22.4774750Z Actions: write
2024-07-13T09:04:22.4775280Z Attestations: write
2024-07-13T09:04:22.4775888Z Checks: write
2024-07-13T09:04:22.4776252Z Contents: write
2024-07-13T09:04:22.4776851Z Deployments: write
2024-07-13T09:04:22.4777243Z Discussions: write
2024-07-13T09:04:22.4777587Z Issues: write
2024-07-13T09:04:22.4778029Z Metadata: read
2024-07-13T09:04:22.4778415Z Packages: write
2024-07-13T09:04:22.4778752Z Pages: write
2024-07-13T09:04:22.4779219Z PullRequests: write
2024-07-13T09:04:22.4779599Z RepositoryProjects: write
2024-07-13T09:04:22.4780040Z SecurityEvents: write
2024-07-13T09:04:22.4780523Z Statuses: write
2024-07-13T09:04:22.4780857Z ##[endgroup]
2024-07-13T09:04:22.4783981Z Secret source: Actions
2024-07-13T09:04:22.4784645Z Prepare workflow directory
2024-07-13T09:04:22.5513481Z Prepare all required actions
2024-07-13T09:04:22.5668460Z Getting action download info
2024-07-13T09:04:22.7409614Z Download action repository 'actions/checkout@v4' (SHA:692973e3d937129bcbf40652eb9f2f61becf3332)
2024-07-13T09:04:23.3852027Z Download action repository 'actions/setup-python@v5' (SHA:39cd14951b08e74b54015e9e001cdefcf80e669f)
2024-07-13T09:04:23.8894438Z Download action repository 'pyvista/setup-headless-display-action@main' (SHA:4cf5c603091e085da8830e1480355ff03f3e171b)
2024-07-13T09:04:24.3707366Z Complete job name: PyVistaQt
2024-07-13T09:04:24.4653195Z ##[group]Run actions/checkout@v4
2024-07-13T09:04:24.4653651Z with:
2024-07-13T09:04:24.4654093Z   repository: pyvista/pyvista
2024-07-13T09:04:24.4654671Z   token: ***
2024-07-13T09:04:24.4654997Z   ssh-strict: true
2024-07-13T09:04:24.4655421Z   ssh-user: git
2024-07-13T09:04:24.4655762Z   persist-credentials: true
2024-07-13T09:04:24.4656120Z   clean: true
2024-07-13T09:04:24.4656521Z   sparse-checkout-cone-mode: true
2024-07-13T09:04:24.4656910Z   fetch-depth: 1
2024-07-13T09:04:24.4657214Z   fetch-tags: false
2024-07-13T09:04:24.4657628Z   show-progress: true
2024-07-13T09:04:24.4657977Z   lfs: false
2024-07-13T09:04:24.4658245Z   submodules: false
2024-07-13T09:04:24.4658644Z   set-safe-directory: true
2024-07-13T09:04:24.4659010Z env:
2024-07-13T09:04:24.4659284Z   ALLOW_PLOTTING: true
2024-07-13T09:04:24.4659724Z   SHELLOPTS: errexit:pipefail
2024-07-13T09:04:24.4660105Z ##[endgroup]
2024-07-13T09:04:27.0529654Z Syncing repository: pyvista/pyvista
2024-07-13T09:04:27.0531555Z ##[group]Getting Git version info
2024-07-13T09:04:27.0532252Z Working directory is '/home/runner/work/pyvista/pyvista'
2024-07-13T09:04:27.0533000Z [command]/usr/bin/git version
2024-07-13T09:04:27.2254278Z git version 2.45.2
2024-07-13T09:04:27.2280827Z ##[endgroup]
2024-07-13T09:04:27.2294404Z Temporarily overriding HOME='/home/runner/work/_temp/693a53af-9178-4ba8-b7b1-725bb3d18f4f' before making global git config changes
2024-07-13T09:04:27.2295529Z Adding repository directory to the temporary git global config as a safe directory
2024-07-13T09:04:27.2299577Z [command]/usr/bin/git config --global --add safe.directory /home/runner/work/pyvista/pyvista
2024-07-13T09:04:27.2337680Z Deleting the contents of '/home/runner/work/pyvista/pyvista'
2024-07-13T09:04:27.2341294Z ##[group]Initializing the repository
2024-07-13T09:04:27.2345502Z [command]/usr/bin/git init /home/runner/work/pyvista/pyvista
2024-07-13T09:04:27.2828699Z hint: Using 'master' as the name for the initial branch. This default branch name
2024-07-13T09:04:27.2830621Z hint: is subject to change. To configure the initial branch name to use in all
2024-07-13T09:04:27.2832382Z hint: of your new repositories, which will suppress this warning, call:
2024-07-13T09:04:27.2835535Z hint:
2024-07-13T09:04:27.2836621Z hint: 	git config --global init.defaultBranch <name>
2024-07-13T09:04:27.2837572Z hint:
2024-07-13T09:04:27.2838351Z hint: Names commonly chosen instead of 'master' are 'main', 'trunk' and
2024-07-13T09:04:27.2839205Z hint: 'development'. The just-created branch can be renamed via this command:
2024-07-13T09:04:27.2840172Z hint:
2024-07-13T09:04:27.2840521Z hint: 	git branch -m <name>
2024-07-13T09:04:27.2893269Z Initialized empty Git repository in /home/runner/work/pyvista/pyvista/.git/
2024-07-13T09:04:27.2903657Z [command]/usr/bin/git remote add origin https://github.com/pyvista/pyvista
2024-07-13T09:04:27.3008208Z ##[endgroup]
2024-07-13T09:04:27.3009117Z ##[group]Disabling automatic garbage collection
2024-07-13T09:04:27.3012597Z [command]/usr/bin/git config --local gc.auto 0
2024-07-13T09:04:27.3041802Z ##[endgroup]
2024-07-13T09:04:27.3042654Z ##[group]Setting up auth
2024-07-13T09:04:27.3049166Z [command]/usr/bin/git config --local --name-only --get-regexp core\.sshCommand
2024-07-13T09:04:27.3079425Z [command]/usr/bin/git submodule foreach --recursive sh -c "git config --local --name-only --get-regexp 'core\.sshCommand' && git config --local --unset-all 'core.sshCommand' || :"
2024-07-13T09:04:27.5406522Z [command]/usr/bin/git config --local --name-only --get-regexp http\.https\:\/\/github\.com\/\.extraheader
2024-07-13T09:04:27.5436012Z [command]/usr/bin/git submodule foreach --recursive sh -c "git config --local --name-only --get-regexp 'http\.https\:\/\/github\.com\/\.extraheader' && git config --local --unset-all 'http.https://github.com/.extraheader' || :"
2024-07-13T09:04:27.5672888Z [command]/usr/bin/git config --local http.https://github.com/.extraheader AUTHORIZATION: basic ***
2024-07-13T09:04:27.5707463Z ##[endgroup]
2024-07-13T09:04:27.5708805Z ##[group]Fetching the repository
2024-07-13T09:04:27.5716189Z [command]/usr/bin/git -c protocol.version=2 fetch --no-tags --prune --no-recurse-submodules --depth=1 origin +6ddf7d71cec6894d70f11c7b288b0aeedbb59467:refs/remotes/pull/6372/merge
2024-07-13T09:04:29.9788925Z From https://github.com/pyvista/pyvista
2024-07-13T09:04:29.9811541Z  * [new ref]         6ddf7d71cec6894d70f11c7b288b0aeedbb59467 -> pull/6372/merge
2024-07-13T09:04:29.9813435Z ##[endgroup]
2024-07-13T09:04:29.9814141Z ##[group]Determining the checkout info
2024-07-13T09:04:29.9815250Z ##[endgroup]
2024-07-13T09:04:29.9821028Z [command]/usr/bin/git sparse-checkout disable
2024-07-13T09:04:29.9933276Z [command]/usr/bin/git config --local --unset-all extensions.worktreeConfig
2024-07-13T09:04:29.9962266Z ##[group]Checking out the ref
2024-07-13T09:04:29.9966504Z [command]/usr/bin/git checkout --progress --force refs/remotes/pull/6372/merge
2024-07-13T09:04:30.7377232Z Note: switching to 'refs/remotes/pull/6372/merge'.
2024-07-13T09:04:30.7377857Z 
2024-07-13T09:04:30.7378522Z You are in 'detached HEAD' state. You can look around, make experimental
2024-07-13T09:04:30.7379802Z changes and commit them, and you can discard any commits you make in this
2024-07-13T09:04:30.7381250Z state without impacting any branches by switching back to a branch.
2024-07-13T09:04:30.7381963Z 
2024-07-13T09:04:30.7382498Z If you want to create a new branch to retain commits you create, you may
2024-07-13T09:04:30.7383747Z do so (now or later) by using -c with the switch command. Example:
2024-07-13T09:04:30.7384515Z 
2024-07-13T09:04:30.7384798Z   git switch -c <new-branch-name>
2024-07-13T09:04:30.7385189Z 
2024-07-13T09:04:30.7385448Z Or undo this operation with:
2024-07-13T09:04:30.7385807Z 
2024-07-13T09:04:30.7386449Z   git switch -
2024-07-13T09:04:30.7386721Z 
2024-07-13T09:04:30.7388936Z Turn off this advice by setting config variable advice.detachedHead to false
2024-07-13T09:04:30.7389681Z 
2024-07-13T09:04:30.7391478Z HEAD is now at 6ddf7d7 Merge 227d5fbe6132eafaefa839d0cfab2af5e9fce56d into 67c01aedbf7fd80db646db34e3123341940885e1
2024-07-13T09:04:30.7456642Z ##[endgroup]
2024-07-13T09:04:30.7498745Z [command]/usr/bin/git log -1 --format='%H'
2024-07-13T09:04:30.7524717Z '6ddf7d71cec6894d70f11c7b288b0aeedbb59467'
2024-07-13T09:04:30.7909293Z ##[group]Run actions/setup-python@v5
2024-07-13T09:04:30.7909847Z with:
2024-07-13T09:04:30.7910159Z   python-version: 3.10
2024-07-13T09:04:30.7910505Z   check-latest: false
2024-07-13T09:04:30.7911117Z   token: ***
2024-07-13T09:04:30.7911469Z   update-environment: true
2024-07-13T09:04:30.7911815Z   allow-prereleases: false
2024-07-13T09:04:30.7912234Z env:
2024-07-13T09:04:30.7912544Z   ALLOW_PLOTTING: true
2024-07-13T09:04:30.7912869Z   SHELLOPTS: errexit:pipefail
2024-07-13T09:04:30.7913319Z ##[endgroup]
2024-07-13T09:04:30.9434851Z ##[group]Installed versions
2024-07-13T09:04:30.9494829Z Successfully set up CPython (3.10.14)
2024-07-13T09:04:30.9496103Z ##[endgroup]
2024-07-13T09:04:30.9633426Z ##[group]Run git clone https://github.com/pyvista/pyvistaqt.git --single-branch
2024-07-13T09:04:30.9634389Z [36;1mgit clone https://github.com/pyvista/pyvistaqt.git --single-branch[0m
2024-07-13T09:04:30.9678867Z shell: /usr/bin/bash -e {0}
2024-07-13T09:04:30.9679435Z env:
2024-07-13T09:04:30.9680095Z   ALLOW_PLOTTING: true
2024-07-13T09:04:30.9680539Z   SHELLOPTS: errexit:pipefail
2024-07-13T09:04:30.9681138Z   pythonLocation: /opt/hostedtoolcache/Python/3.10.14/x64
2024-07-13T09:04:30.9681836Z   PKG_CONFIG_PATH: /opt/hostedtoolcache/Python/3.10.14/x64/lib/pkgconfig
2024-07-13T09:04:30.9682526Z   Python_ROOT_DIR: /opt/hostedtoolcache/Python/3.10.14/x64
2024-07-13T09:04:30.9683169Z   Python2_ROOT_DIR: /opt/hostedtoolcache/Python/3.10.14/x64
2024-07-13T09:04:30.9683786Z   Python3_ROOT_DIR: /opt/hostedtoolcache/Python/3.10.14/x64
2024-07-13T09:04:30.9684434Z   LD_LIBRARY_PATH: /opt/hostedtoolcache/Python/3.10.14/x64/lib
2024-07-13T09:04:30.9685051Z ##[endgroup]
2024-07-13T09:04:30.9831334Z Cloning into 'pyvistaqt'...
2024-07-13T09:04:31.4156738Z ##[group]Run pyvista/setup-headless-display-action@main
2024-07-13T09:04:31.4157374Z with:
2024-07-13T09:04:31.4157655Z   qt: true
2024-07-13T09:04:31.4157953Z   pyvista: false
2024-07-13T09:04:31.4158328Z env:
2024-07-13T09:04:31.4158599Z   ALLOW_PLOTTING: true
2024-07-13T09:04:31.4158954Z   SHELLOPTS: errexit:pipefail
2024-07-13T09:04:31.4159485Z   pythonLocation: /opt/hostedtoolcache/Python/3.10.14/x64
2024-07-13T09:04:31.4160395Z   PKG_CONFIG_PATH: /opt/hostedtoolcache/Python/3.10.14/x64/lib/pkgconfig
2024-07-13T09:04:31.4161034Z   Python_ROOT_DIR: /opt/hostedtoolcache/Python/3.10.14/x64
2024-07-13T09:04:31.4161665Z   Python2_ROOT_DIR: /opt/hostedtoolcache/Python/3.10.14/x64
2024-07-13T09:04:31.4162191Z   Python3_ROOT_DIR: /opt/hostedtoolcache/Python/3.10.14/x64
2024-07-13T09:04:31.4162763Z   LD_LIBRARY_PATH: /opt/hostedtoolcache/Python/3.10.14/x64/lib
2024-07-13T09:04:31.4163312Z ##[endgroup]
2024-07-13T09:04:31.4352211Z ##[group]Run sudo apt update
2024-07-13T09:04:31.4352717Z [36;1msudo apt update[0m
2024-07-13T09:04:31.4394317Z shell: /usr/bin/bash --noprofile --norc -e -o pipefail {0}
2024-07-13T09:04:31.4394827Z env:
2024-07-13T09:04:31.4395225Z   ALLOW_PLOTTING: true
2024-07-13T09:04:31.4395572Z   SHELLOPTS: errexit:pipefail
2024-07-13T09:04:31.4396044Z   pythonLocation: /opt/hostedtoolcache/Python/3.10.14/x64
2024-07-13T09:04:31.4396743Z   PKG_CONFIG_PATH: /opt/hostedtoolcache/Python/3.10.14/x64/lib/pkgconfig
2024-07-13T09:04:31.4397383Z   Python_ROOT_DIR: /opt/hostedtoolcache/Python/3.10.14/x64
2024-07-13T09:04:31.4397902Z   Python2_ROOT_DIR: /opt/hostedtoolcache/Python/3.10.14/x64
2024-07-13T09:04:31.4398514Z   Python3_ROOT_DIR: /opt/hostedtoolcache/Python/3.10.14/x64
2024-07-13T09:04:31.4399091Z   LD_LIBRARY_PATH: /opt/hostedtoolcache/Python/3.10.14/x64/lib
2024-07-13T09:04:31.4400090Z ##[endgroup]
2024-07-13T09:04:31.4968169Z 
2024-07-13T09:04:31.4968943Z WARNING: apt does not have a stable CLI interface. Use with caution in scripts.
2024-07-13T09:04:31.4969495Z 
2024-07-13T09:04:31.7294711Z Get:1 file:/etc/apt/apt-mirrors.txt Mirrorlist [142 B]
2024-07-13T09:04:31.7555028Z Get:6 https://packages.microsoft.com/repos/azure-cli jammy InRelease [3596 B]
2024-07-13T09:04:31.8299110Z Hit:2 http://azure.archive.ubuntu.com/ubuntu jammy InRelease
2024-07-13T09:04:31.8300709Z Get:7 https://packages.microsoft.com/ubuntu/22.04/prod jammy InRelease [3632 B]
2024-07-13T09:04:31.8302485Z Get:3 http://azure.archive.ubuntu.com/ubuntu jammy-updates InRelease [128 kB]
2024-07-13T09:04:31.8303870Z Hit:4 http://azure.archive.ubuntu.com/ubuntu jammy-backports InRelease
2024-07-13T09:04:31.8322083Z Get:5 http://azure.archive.ubuntu.com/ubuntu jammy-security InRelease [129 kB]
2024-07-13T09:04:32.0619936Z Get:8 https://packages.microsoft.com/repos/azure-cli jammy/main amd64 Packages [1681 B]
2024-07-13T09:04:32.3623988Z Get:9 https://packages.microsoft.com/ubuntu/22.04/prod jammy/main amd64 Packages [162 kB]
2024-07-13T09:04:32.4517479Z Get:10 http://azure.archive.ubuntu.com/ubuntu jammy-updates/main amd64 Packages [1794 kB]
2024-07-13T09:04:32.4672176Z Get:11 http://azure.archive.ubuntu.com/ubuntu jammy-updates/main Translation-en [326 kB]
2024-07-13T09:04:32.4703230Z Get:12 http://azure.archive.ubuntu.com/ubuntu jammy-updates/main amd64 c-n-f Metadata [17.7 kB]
2024-07-13T09:04:32.4717500Z Get:13 http://azure.archive.ubuntu.com/ubuntu jammy-updates/restricted amd64 Packages [2093 kB]
2024-07-13T09:04:32.4845979Z Get:14 http://azure.archive.ubuntu.com/ubuntu jammy-updates/restricted Translation-en [357 kB]
2024-07-13T09:04:32.4874176Z Get:15 http://azure.archive.ubuntu.com/ubuntu jammy-updates/restricted amd64 c-n-f Metadata [604 B]
2024-07-13T09:04:32.4895376Z Get:16 http://azure.archive.ubuntu.com/ubuntu jammy-updates/universe amd64 Packages [1101 kB]
2024-07-13T09:04:32.4965258Z Get:17 http://azure.archive.ubuntu.com/ubuntu jammy-updates/universe Translation-en [256 kB]
2024-07-13T09:04:32.4992515Z Get:18 http://azure.archive.ubuntu.com/ubuntu jammy-updates/universe amd64 c-n-f Metadata [25.4 kB]
2024-07-13T09:04:32.5006747Z Get:19 http://azure.archive.ubuntu.com/ubuntu jammy-updates/multiverse amd64 c-n-f Metadata [444 B]
2024-07-13T09:04:32.7069284Z Get:20 http://azure.archive.ubuntu.com/ubuntu jammy-security/main amd64 Packages [1587 kB]
2024-07-13T09:04:32.7153740Z Get:21 http://azure.archive.ubuntu.com/ubuntu jammy-security/main Translation-en [269 kB]
2024-07-13T09:04:32.7182026Z Get:22 http://azure.archive.ubuntu.com/ubuntu jammy-security/main amd64 c-n-f Metadata [13.0 kB]
2024-07-13T09:04:32.7203250Z Get:23 http://azure.archive.ubuntu.com/ubuntu jammy-security/restricted amd64 Packages [2037 kB]
2024-07-13T09:04:32.7306792Z Get:24 http://azure.archive.ubuntu.com/ubuntu jammy-security/restricted Translation-en [348 kB]
2024-07-13T09:04:32.7335281Z Get:25 http://azure.archive.ubuntu.com/ubuntu jammy-security/restricted amd64 c-n-f Metadata [572 B]
2024-07-13T09:04:32.7348163Z Get:26 http://azure.archive.ubuntu.com/ubuntu jammy-security/universe amd64 Packages [884 kB]
2024-07-13T09:04:32.7403629Z Get:27 http://azure.archive.ubuntu.com/ubuntu jammy-security/universe Translation-en [172 kB]
2024-07-13T09:04:32.7426511Z Get:28 http://azure.archive.ubuntu.com/ubuntu jammy-security/universe amd64 c-n-f Metadata [18.9 kB]
2024-07-13T09:04:32.7450199Z Get:29 http://azure.archive.ubuntu.com/ubuntu jammy-security/multiverse amd64 c-n-f Metadata [228 B]
2024-07-13T09:04:43.4843825Z Fetched 11.7 MB in 2s (6022 kB/s)
2024-07-13T09:04:44.1752248Z Reading package lists...
2024-07-13T09:04:44.2933700Z Building dependency tree...
2024-07-13T09:04:44.2945162Z Reading state information...
2024-07-13T09:04:44.3052470Z 44 packages can be upgraded. Run 'apt list --upgradable' to see them.
2024-07-13T09:04:44.3106824Z ##[group]Run sudo apt-get install -y \
2024-07-13T09:04:44.3107373Z [36;1msudo apt-get install -y \[0m
2024-07-13T09:04:44.3107681Z [36;1m  libglx-mesa0 \[0m
2024-07-13T09:04:44.3107945Z [36;1m  libgl1 \[0m
2024-07-13T09:04:44.3108176Z [36;1m  xvfb \[0m
2024-07-13T09:04:44.3108416Z [36;1m  x11-xserver-utils[0m
2024-07-13T09:04:44.3148545Z shell: /usr/bin/bash --noprofile --norc -e -o pipefail {0}
2024-07-13T09:04:44.3148945Z env:
2024-07-13T09:04:44.3149150Z   ALLOW_PLOTTING: true
2024-07-13T09:04:44.3149410Z   SHELLOPTS: errexit:pipefail
2024-07-13T09:04:44.3149786Z   pythonLocation: /opt/hostedtoolcache/Python/3.10.14/x64
2024-07-13T09:04:44.3150319Z   PKG_CONFIG_PATH: /opt/hostedtoolcache/Python/3.10.14/x64/lib/pkgconfig
2024-07-13T09:04:44.3150832Z   Python_ROOT_DIR: /opt/hostedtoolcache/Python/3.10.14/x64
2024-07-13T09:04:44.3151290Z   Python2_ROOT_DIR: /opt/hostedtoolcache/Python/3.10.14/x64
2024-07-13T09:04:44.3151750Z   Python3_ROOT_DIR: /opt/hostedtoolcache/Python/3.10.14/x64
2024-07-13T09:04:44.3152220Z   LD_LIBRARY_PATH: /opt/hostedtoolcache/Python/3.10.14/x64/lib
2024-07-13T09:04:44.3152606Z ##[endgroup]
2024-07-13T09:04:44.3874169Z Reading package lists...
2024-07-13T09:04:44.5071820Z Building dependency tree...
2024-07-13T09:04:44.5082829Z Reading state information...
2024-07-13T09:04:44.6201997Z libgl1 is already the newest version (1.4.0-1).
2024-07-13T09:04:44.6202692Z libgl1 set to manually installed.
2024-07-13T09:04:44.6203573Z libglx-mesa0 is already the newest version (23.2.1-1ubuntu3.1~22.04.2).
2024-07-13T09:04:44.6204470Z libglx-mesa0 set to manually installed.
2024-07-13T09:04:44.6205336Z xvfb is already the newest version (2:21.1.4-2ubuntu1.7~22.04.11).
2024-07-13T09:04:44.6205789Z Suggested packages:
2024-07-13T09:04:44.6206216Z   nickle cairo-5c xorg-docs-core
2024-07-13T09:04:44.6324115Z The following NEW packages will be installed:
2024-07-13T09:04:44.6324976Z   x11-xserver-utils
2024-07-13T09:04:44.6468537Z 0 upgraded, 1 newly installed, 0 to remove and 44 not upgraded.
2024-07-13T09:04:44.6469370Z Need to get 170 kB of archives.
2024-07-13T09:04:44.6470182Z After this operation, 581 kB of additional disk space will be used.
2024-07-13T09:04:44.6471254Z Get:1 file:/etc/apt/apt-mirrors.txt Mirrorlist [142 B]
2024-07-13T09:04:44.7372592Z Get:2 http://azure.archive.ubuntu.com/ubuntu jammy/main amd64 x11-xserver-utils amd64 7.7+9build1 [170 kB]
2024-07-13T09:04:45.1635205Z Fetched 170 kB in 0s (759 kB/s)
2024-07-13T09:04:45.2289252Z Selecting previously unselected package x11-xserver-utils.
2024-07-13T09:04:45.2708908Z (Reading database ... 
2024-07-13T09:04:45.2709446Z (Reading database ... 5%
2024-07-13T09:04:45.2709914Z (Reading database ... 10%
2024-07-13T09:04:45.2711426Z (Reading database ... 15%
2024-07-13T09:04:45.2712240Z (Reading database ... 20%
2024-07-13T09:04:45.2713042Z (Reading database ... 25%
2024-07-13T09:04:45.2713601Z (Reading database ... 30%
2024-07-13T09:04:45.2714192Z (Reading database ... 35%
2024-07-13T09:04:45.2714852Z (Reading database ... 40%
2024-07-13T09:04:45.2715435Z (Reading database ... 45%
2024-07-13T09:04:45.2716039Z (Reading database ... 50%
2024-07-13T09:04:45.6126371Z (Reading database ... 55%
2024-07-13T09:04:45.9636103Z (Reading database ... 60%
2024-07-13T09:04:46.0556449Z (Reading database ... 65%
2024-07-13T09:04:46.6898994Z (Reading database ... 70%
2024-07-13T09:04:47.9281341Z (Reading database ... 75%
2024-07-13T09:04:48.9868057Z (Reading database ... 80%
2024-07-13T09:04:50.6372048Z (Reading database ... 85%
2024-07-13T09:04:51.6330078Z (Reading database ... 90%
2024-07-13T09:04:53.0281745Z (Reading database ... 95%
2024-07-13T09:04:53.0282392Z (Reading database ... 100%
2024-07-13T09:04:53.0283203Z (Reading database ... 270042 files and directories currently installed.)
2024-07-13T09:04:53.0340052Z Preparing to unpack .../x11-xserver-utils_7.7+9build1_amd64.deb ...
2024-07-13T09:04:53.0407836Z Unpacking x11-xserver-utils (7.7+9build1) ...
2024-07-13T09:04:53.3003675Z Setting up x11-xserver-utils (7.7+9build1) ...
2024-07-13T09:04:53.3057882Z Processing triggers for man-db (2.10.2-1) ...
2024-07-13T09:04:55.7783122Z NEEDRESTART-VER: 3.5
2024-07-13T09:04:56.7193918Z NEEDRESTART-KCUR: 6.5.0-1023-azure
2024-07-13T09:04:56.7194592Z NEEDRESTART-KEXP: 6.5.0-1023-azure
2024-07-13T09:04:56.7195121Z NEEDRESTART-KSTA: 1
2024-07-13T09:04:58.1042178Z ##[group]Run sudo apt-get install -y \
2024-07-13T09:04:58.1042554Z [36;1msudo apt-get install -y \[0m
2024-07-13T09:04:58.1042866Z [36;1m  libdbus-1-3 \[0m
2024-07-13T09:04:58.1043122Z [36;1m  libegl1 \[0m
2024-07-13T09:04:58.1043369Z [36;1m  libopengl0 \[0m
2024-07-13T09:04:58.1043624Z [36;1m  libosmesa6 \[0m
2024-07-13T09:04:58.1043870Z [36;1m  libxcb-cursor0 \[0m
2024-07-13T09:04:58.1044151Z [36;1m  libxcb-icccm4 \[0m
2024-07-13T09:04:58.1044429Z [36;1m  libxcb-image0 \[0m
2024-07-13T09:04:58.1044710Z [36;1m  libxcb-keysyms1 \[0m
2024-07-13T09:04:58.1044989Z [36;1m  libxcb-randr0 \[0m
2024-07-13T09:04:58.1045271Z [36;1m  libxcb-render-util0 \[0m
2024-07-13T09:04:58.1045700Z [36;1m  libxcb-shape0 \[0m
2024-07-13T09:04:58.1045967Z [36;1m  libxcb-xfixes0 \[0m
2024-07-13T09:04:58.1046275Z [36;1m  libxcb-xinerama0 \[0m
2024-07-13T09:04:58.1046574Z [36;1m  libxcb-xinput0 \[0m
2024-07-13T09:04:58.1046850Z [36;1m  libxkbcommon-x11-0 \[0m
2024-07-13T09:04:58.1047140Z [36;1m  mesa-utils \[0m
2024-07-13T09:04:58.1047385Z [36;1m  x11-utils[0m
2024-07-13T09:04:58.1087636Z shell: /usr/bin/bash --noprofile --norc -e -o pipefail {0}
2024-07-13T09:04:58.1088043Z env:
2024-07-13T09:04:58.1088242Z   ALLOW_PLOTTING: true
2024-07-13T09:04:58.1088514Z   SHELLOPTS: errexit:pipefail
2024-07-13T09:04:58.1088885Z   pythonLocation: /opt/hostedtoolcache/Python/3.10.14/x64
2024-07-13T09:04:58.1089413Z   PKG_CONFIG_PATH: /opt/hostedtoolcache/Python/3.10.14/x64/lib/pkgconfig
2024-07-13T09:04:58.1089941Z   Python_ROOT_DIR: /opt/hostedtoolcache/Python/3.10.14/x64
2024-07-13T09:04:58.1090403Z   Python2_ROOT_DIR: /opt/hostedtoolcache/Python/3.10.14/x64
2024-07-13T09:04:58.1090855Z   Python3_ROOT_DIR: /opt/hostedtoolcache/Python/3.10.14/x64
2024-07-13T09:04:58.1091331Z   LD_LIBRARY_PATH: /opt/hostedtoolcache/Python/3.10.14/x64/lib
2024-07-13T09:04:58.1091718Z ##[endgroup]
2024-07-13T09:04:58.1637524Z Reading package lists...
2024-07-13T09:04:58.3018156Z Building dependency tree...
2024-07-13T09:04:58.3032571Z Reading state information...
2024-07-13T09:04:58.4237965Z libxcb-randr0 is already the newest version (1.14-3ubuntu3).
2024-07-13T09:04:58.4238981Z libxcb-randr0 set to manually installed.
2024-07-13T09:04:58.4240143Z libxcb-xfixes0 is already the newest version (1.14-3ubuntu3).
2024-07-13T09:04:58.4240787Z libxcb-xfixes0 set to manually installed.
2024-07-13T09:04:58.4241548Z libdbus-1-3 is already the newest version (1.12.20-2ubuntu4.1).
2024-07-13T09:04:58.4242188Z libdbus-1-3 set to manually installed.
2024-07-13T09:04:58.4242601Z The following additional packages will be installed:
2024-07-13T09:04:58.4243189Z   libegl-mesa0 libgles2 libxcb-util1 libxcb-xkb1 libxv1 libxxf86dga1
2024-07-13T09:04:58.4243645Z   mesa-utils-bin
2024-07-13T09:04:58.4387743Z The following NEW packages will be installed:
2024-07-13T09:04:58.4389443Z   libegl-mesa0 libegl1 libgles2 libopengl0 libosmesa6 libxcb-cursor0
2024-07-13T09:04:58.4390522Z   libxcb-icccm4 libxcb-image0 libxcb-keysyms1 libxcb-render-util0
2024-07-13T09:04:58.4391675Z   libxcb-shape0 libxcb-util1 libxcb-xinerama0 libxcb-xinput0 libxcb-xkb1
2024-07-13T09:04:58.4392903Z   libxkbcommon-x11-0 libxv1 libxxf86dga1 mesa-utils mesa-utils-bin x11-utils
2024-07-13T09:04:58.4547072Z 0 upgraded, 21 newly installed, 0 to remove and 44 not upgraded.
2024-07-13T09:04:58.4547934Z Need to get 4828 kB of archives.
2024-07-13T09:04:58.4548717Z After this operation, 17.4 MB of additional disk space will be used.
2024-07-13T09:04:58.4549789Z Get:1 file:/etc/apt/apt-mirrors.txt Mirrorlist [142 B]
2024-07-13T09:04:58.5096034Z Get:2 http://azure.archive.ubuntu.com/ubuntu jammy-updates/main amd64 libegl-mesa0 amd64 23.2.1-1ubuntu3.1~22.04.2 [118 kB]
2024-07-13T09:04:58.5469007Z Get:3 http://azure.archive.ubuntu.com/ubuntu jammy/main amd64 libxcb-shape0 amd64 1.14-3ubuntu3 [6158 B]
2024-07-13T09:04:58.5802360Z Get:4 http://azure.archive.ubuntu.com/ubuntu jammy/main amd64 libxcb-xinerama0 amd64 1.14-3ubuntu3 [5414 B]
2024-07-13T09:04:58.6136849Z Get:5 http://azure.archive.ubuntu.com/ubuntu jammy/main amd64 libxcb-xinput0 amd64 1.14-3ubuntu3 [34.3 kB]
2024-07-13T09:04:58.6474462Z Get:6 http://azure.archive.ubuntu.com/ubuntu jammy/main amd64 libxcb-xkb1 amd64 1.14-3ubuntu3 [32.8 kB]
2024-07-13T09:04:58.6816509Z Get:7 http://azure.archive.ubuntu.com/ubuntu jammy/main amd64 libxkbcommon-x11-0 amd64 1.4.0-1 [14.4 kB]
2024-07-13T09:04:58.7152708Z Get:8 http://azure.archive.ubuntu.com/ubuntu jammy/main amd64 libxv1 amd64 2:1.0.11-1build2 [11.2 kB]
2024-07-13T09:04:58.7491346Z Get:9 http://azure.archive.ubuntu.com/ubuntu jammy/main amd64 libxxf86dga1 amd64 2:1.1.5-0ubuntu3 [12.6 kB]
2024-07-13T09:04:58.7977129Z Get:10 http://azure.archive.ubuntu.com/ubuntu jammy/main amd64 libegl1 amd64 1.4.0-1 [28.6 kB]
2024-07-13T09:04:58.8317356Z Get:11 http://azure.archive.ubuntu.com/ubuntu jammy/main amd64 libgles2 amd64 1.4.0-1 [18.0 kB]
2024-07-13T09:04:58.8652785Z Get:12 http://azure.archive.ubuntu.com/ubuntu jammy/universe amd64 mesa-utils-bin amd64 8.4.0-1ubuntu1 [53.8 kB]
2024-07-13T09:04:58.8994035Z Get:13 http://azure.archive.ubuntu.com/ubuntu jammy/main amd64 x11-utils amd64 7.7+5build2 [206 kB]
2024-07-13T09:04:58.9380305Z Get:14 http://azure.archive.ubuntu.com/ubuntu jammy/main amd64 libopengl0 amd64 1.4.0-1 [36.5 kB]
2024-07-13T09:04:58.9722207Z Get:15 http://azure.archive.ubuntu.com/ubuntu jammy-updates/main amd64 libosmesa6 amd64 23.2.1-1ubuntu3.1~22.04.2 [3121 kB]
2024-07-13T09:04:59.0325289Z Get:16 http://azure.archive.ubuntu.com/ubuntu jammy/main amd64 libxcb-util1 amd64 0.4.0-1build2 [11.4 kB]
2024-07-13T09:04:59.0662406Z Get:17 http://azure.archive.ubuntu.com/ubuntu jammy/main amd64 libxcb-image0 amd64 0.4.0-2 [11.5 kB]
2024-07-13T09:04:59.1000378Z Get:18 http://azure.archive.ubuntu.com/ubuntu jammy/main amd64 libxcb-render-util0 amd64 0.3.9-1build3 [10.3 kB]
2024-07-13T09:04:59.1353798Z Get:19 http://azure.archive.ubuntu.com/ubuntu jammy/universe amd64 libxcb-cursor0 amd64 0.1.1-4ubuntu1 [10.5 kB]
2024-07-13T09:04:59.2110913Z Get:20 http://azure.archive.ubuntu.com/ubuntu jammy/main amd64 libxcb-icccm4 amd64 0.4.1-1.1build2 [11.5 kB]
2024-07-13T09:04:59.2445866Z Get:21 http://azure.archive.ubuntu.com/ubuntu jammy/main amd64 libxcb-keysyms1 amd64 0.4.0-1build3 [8746 B]
2024-07-13T09:04:59.2788658Z Get:22 http://azure.archive.ubuntu.com/ubuntu jammy/universe amd64 mesa-utils amd64 8.4.0-1ubuntu1 [1065 kB]
2024-07-13T09:04:59.5750953Z Fetched 4828 kB in 1s (5720 kB/s)
2024-07-13T09:04:59.5980390Z Selecting previously unselected package libegl-mesa0:amd64.
2024-07-13T09:04:59.6054573Z (Reading database ... 
2024-07-13T09:04:59.6055051Z (Reading database ... 5%
2024-07-13T09:04:59.6055529Z (Reading database ... 10%
2024-07-13T09:04:59.6057261Z (Reading database ... 15%
2024-07-13T09:04:59.6057881Z (Reading database ... 20%
2024-07-13T09:04:59.6058461Z (Reading database ... 25%
2024-07-13T09:04:59.6059029Z (Reading database ... 30%
2024-07-13T09:04:59.6059559Z (Reading database ... 35%
2024-07-13T09:04:59.6060094Z (Reading database ... 40%
2024-07-13T09:04:59.6060614Z (Reading database ... 45%
2024-07-13T09:04:59.6061165Z (Reading database ... 50%
2024-07-13T09:04:59.6083268Z (Reading database ... 55%
2024-07-13T09:04:59.6115659Z (Reading database ... 60%
2024-07-13T09:04:59.6136710Z (Reading database ... 65%
2024-07-13T09:04:59.6236942Z (Reading database ... 70%
2024-07-13T09:04:59.6414403Z (Reading database ... 75%
2024-07-13T09:04:59.6453416Z (Reading database ... 80%
2024-07-13T09:04:59.6693986Z (Reading database ... 85%
2024-07-13T09:04:59.6709068Z (Reading database ... 90%
2024-07-13T09:04:59.6911168Z (Reading database ... 95%
2024-07-13T09:04:59.6911640Z (Reading database ... 100%
2024-07-13T09:04:59.6912293Z (Reading database ... 270081 files and directories currently installed.)
2024-07-13T09:04:59.6962769Z Preparing to unpack .../00-libegl-mesa0_23.2.1-1ubuntu3.1~22.04.2_amd64.deb ...
2024-07-13T09:04:59.7187589Z Unpacking libegl-mesa0:amd64 (23.2.1-1ubuntu3.1~22.04.2) ...
2024-07-13T09:04:59.7466276Z Selecting previously unselected package libxcb-shape0:amd64.
2024-07-13T09:04:59.7625162Z Preparing to unpack .../01-libxcb-shape0_1.14-3ubuntu3_amd64.deb ...
2024-07-13T09:04:59.7636527Z Unpacking libxcb-shape0:amd64 (1.14-3ubuntu3) ...
2024-07-13T09:04:59.7952750Z Selecting previously unselected package libxcb-xinerama0:amd64.
2024-07-13T09:04:59.8113550Z Preparing to unpack .../02-libxcb-xinerama0_1.14-3ubuntu3_amd64.deb ...
2024-07-13T09:04:59.8123886Z Unpacking libxcb-xinerama0:amd64 (1.14-3ubuntu3) ...
2024-07-13T09:04:59.8369523Z Selecting previously unselected package libxcb-xinput0:amd64.
2024-07-13T09:04:59.8528019Z Preparing to unpack .../03-libxcb-xinput0_1.14-3ubuntu3_amd64.deb ...
2024-07-13T09:04:59.8540744Z Unpacking libxcb-xinput0:amd64 (1.14-3ubuntu3) ...
2024-07-13T09:04:59.8811345Z Selecting previously unselected package libxcb-xkb1:amd64.
2024-07-13T09:04:59.8969471Z Preparing to unpack .../04-libxcb-xkb1_1.14-3ubuntu3_amd64.deb ...
2024-07-13T09:04:59.8977879Z Unpacking libxcb-xkb1:amd64 (1.14-3ubuntu3) ...
2024-07-13T09:04:59.9211644Z Selecting previously unselected package libxkbcommon-x11-0:amd64.
2024-07-13T09:04:59.9371212Z Preparing to unpack .../05-libxkbcommon-x11-0_1.4.0-1_amd64.deb ...
2024-07-13T09:04:59.9379909Z Unpacking libxkbcommon-x11-0:amd64 (1.4.0-1) ...
2024-07-13T09:04:59.9615482Z Selecting previously unselected package libxv1:amd64.
2024-07-13T09:04:59.9776813Z Preparing to unpack .../06-libxv1_2%3a1.0.11-1build2_amd64.deb ...
2024-07-13T09:04:59.9803868Z Unpacking libxv1:amd64 (2:1.0.11-1build2) ...
2024-07-13T09:05:00.0039174Z Selecting previously unselected package libxxf86dga1:amd64.
2024-07-13T09:05:00.0199070Z Preparing to unpack .../07-libxxf86dga1_2%3a1.1.5-0ubuntu3_amd64.deb ...
2024-07-13T09:05:00.0207976Z Unpacking libxxf86dga1:amd64 (2:1.1.5-0ubuntu3) ...
2024-07-13T09:05:00.0437599Z Selecting previously unselected package libegl1:amd64.
2024-07-13T09:05:00.0597225Z Preparing to unpack .../08-libegl1_1.4.0-1_amd64.deb ...
2024-07-13T09:05:00.0610435Z Unpacking libegl1:amd64 (1.4.0-1) ...
2024-07-13T09:05:00.0892694Z Selecting previously unselected package libgles2:amd64.
2024-07-13T09:05:00.1050817Z Preparing to unpack .../09-libgles2_1.4.0-1_amd64.deb ...
2024-07-13T09:05:00.1131297Z Unpacking libgles2:amd64 (1.4.0-1) ...
2024-07-13T09:05:00.1376990Z Selecting previously unselected package mesa-utils-bin:amd64.
2024-07-13T09:05:00.1535303Z Preparing to unpack .../10-mesa-utils-bin_8.4.0-1ubuntu1_amd64.deb ...
2024-07-13T09:05:00.1578484Z Unpacking mesa-utils-bin:amd64 (8.4.0-1ubuntu1) ...
2024-07-13T09:05:00.1840276Z Selecting previously unselected package x11-utils.
2024-07-13T09:05:00.1999441Z Preparing to unpack .../11-x11-utils_7.7+5build2_amd64.deb ...
2024-07-13T09:05:00.2009534Z Unpacking x11-utils (7.7+5build2) ...
2024-07-13T09:05:00.2357799Z Selecting previously unselected package libopengl0:amd64.
2024-07-13T09:05:00.2518453Z Preparing to unpack .../12-libopengl0_1.4.0-1_amd64.deb ...
2024-07-13T09:05:00.2528979Z Unpacking libopengl0:amd64 (1.4.0-1) ...
2024-07-13T09:05:00.2780165Z Selecting previously unselected package libosmesa6:amd64.
2024-07-13T09:05:00.2939838Z Preparing to unpack .../13-libosmesa6_23.2.1-1ubuntu3.1~22.04.2_amd64.deb ...
2024-07-13T09:05:00.2951047Z Unpacking libosmesa6:amd64 (23.2.1-1ubuntu3.1~22.04.2) ...
2024-07-13T09:05:00.3758535Z Selecting previously unselected package libxcb-util1:amd64.
2024-07-13T09:05:00.3919066Z Preparing to unpack .../14-libxcb-util1_0.4.0-1build2_amd64.deb ...
2024-07-13T09:05:00.3930363Z Unpacking libxcb-util1:amd64 (0.4.0-1build2) ...
2024-07-13T09:05:00.4671607Z Selecting previously unselected package libxcb-image0:amd64.
2024-07-13T09:05:00.4832812Z Preparing to unpack .../15-libxcb-image0_0.4.0-2_amd64.deb ...
2024-07-13T09:05:00.4843534Z Unpacking libxcb-image0:amd64 (0.4.0-2) ...
2024-07-13T09:05:00.5088894Z Selecting previously unselected package libxcb-render-util0:amd64.
2024-07-13T09:05:00.5248741Z Preparing to unpack .../16-libxcb-render-util0_0.3.9-1build3_amd64.deb ...
2024-07-13T09:05:00.5258465Z Unpacking libxcb-render-util0:amd64 (0.3.9-1build3) ...
2024-07-13T09:05:00.5513322Z Selecting previously unselected package libxcb-cursor0:amd64.
2024-07-13T09:05:00.5673779Z Preparing to unpack .../17-libxcb-cursor0_0.1.1-4ubuntu1_amd64.deb ...
2024-07-13T09:05:00.5687168Z Unpacking libxcb-cursor0:amd64 (0.1.1-4ubuntu1) ...
2024-07-13T09:05:00.5945427Z Selecting previously unselected package libxcb-icccm4:amd64.
2024-07-13T09:05:00.6105106Z Preparing to unpack .../18-libxcb-icccm4_0.4.1-1.1build2_amd64.deb ...
2024-07-13T09:05:00.6119530Z Unpacking libxcb-icccm4:amd64 (0.4.1-1.1build2) ...
2024-07-13T09:05:00.6358987Z Selecting previously unselected package libxcb-keysyms1:amd64.
2024-07-13T09:05:00.6517454Z Preparing to unpack .../19-libxcb-keysyms1_0.4.0-1build3_amd64.deb ...
2024-07-13T09:05:00.6527892Z Unpacking libxcb-keysyms1:amd64 (0.4.0-1build3) ...
2024-07-13T09:05:00.6751885Z Selecting previously unselected package mesa-utils.
2024-07-13T09:05:00.6910140Z Preparing to unpack .../20-mesa-utils_8.4.0-1ubuntu1_amd64.deb ...
2024-07-13T09:05:00.6919872Z Unpacking mesa-utils (8.4.0-1ubuntu1) ...
2024-07-13T09:05:00.7882202Z Setting up libxcb-xinput0:amd64 (1.14-3ubuntu3) ...
2024-07-13T09:05:00.7918837Z Setting up libxcb-keysyms1:amd64 (0.4.0-1build3) ...
2024-07-13T09:05:00.7951006Z Setting up libxcb-shape0:amd64 (1.14-3ubuntu3) ...
2024-07-13T09:05:00.7981671Z Setting up libxxf86dga1:amd64 (2:1.1.5-0ubuntu3) ...
2024-07-13T09:05:00.8010249Z Setting up libxcb-render-util0:amd64 (0.3.9-1build3) ...
2024-07-13T09:05:00.8042998Z Setting up libxcb-icccm4:amd64 (0.4.1-1.1build2) ...
2024-07-13T09:05:00.8076366Z Setting up libopengl0:amd64 (1.4.0-1) ...
2024-07-13T09:05:00.8111878Z Setting up libxcb-util1:amd64 (0.4.0-1build2) ...
2024-07-13T09:05:00.8141695Z Setting up libxcb-xkb1:amd64 (1.14-3ubuntu3) ...
2024-07-13T09:05:00.8169785Z Setting up libxcb-image0:amd64 (0.4.0-2) ...
2024-07-13T09:05:00.8196832Z Setting up libegl-mesa0:amd64 (23.2.1-1ubuntu3.1~22.04.2) ...
2024-07-13T09:05:00.8221453Z Setting up libxcb-xinerama0:amd64 (1.14-3ubuntu3) ...
2024-07-13T09:05:00.8248225Z Setting up libgles2:amd64 (1.4.0-1) ...
2024-07-13T09:05:00.8272796Z Setting up libxcb-cursor0:amd64 (0.1.1-4ubuntu1) ...
2024-07-13T09:05:00.8296577Z Setting up libxkbcommon-x11-0:amd64 (1.4.0-1) ...
2024-07-13T09:05:00.8318649Z Setting up libxv1:amd64 (2:1.0.11-1build2) ...
2024-07-13T09:05:00.8344317Z Setting up libegl1:amd64 (1.4.0-1) ...
2024-07-13T09:05:00.8374808Z Setting up x11-utils (7.7+5build2) ...
2024-07-13T09:05:00.8503759Z Setting up libosmesa6:amd64 (23.2.1-1ubuntu3.1~22.04.2) ...
2024-07-13T09:05:00.8529301Z Setting up mesa-utils-bin:amd64 (8.4.0-1ubuntu1) ...
2024-07-13T09:05:00.8571915Z Setting up mesa-utils (8.4.0-1ubuntu1) ...
2024-07-13T09:05:00.8608194Z Processing triggers for man-db (2.10.2-1) ...
2024-07-13T09:05:01.1127650Z Processing triggers for libc-bin (2.35-0ubuntu3.8) ...
2024-07-13T09:05:01.4520329Z NEEDRESTART-VER: 3.5
2024-07-13T09:05:01.7091168Z NEEDRESTART-KCUR: 6.5.0-1023-azure
2024-07-13T09:05:01.7091720Z NEEDRESTART-KEXP: 6.5.0-1023-azure
2024-07-13T09:05:01.7092093Z NEEDRESTART-KSTA: 1
2024-07-13T09:05:03.1040088Z ##[group]Run export DISPLAY=:99.0
2024-07-13T09:05:03.1040449Z [36;1mexport DISPLAY=:99.0[0m
2024-07-13T09:05:03.1040784Z [36;1mecho "DISPLAY=:99.0" >> $GITHUB_ENV[0m
2024-07-13T09:05:03.1041202Z [36;1mXvfb :99 -screen 0 1024x768x24 > /dev/null 2>&1 &[0m
2024-07-13T09:05:03.1041589Z [36;1msleep 3[0m
2024-07-13T09:05:03.1081976Z shell: /usr/bin/bash --noprofile --norc -e -o pipefail {0}
2024-07-13T09:05:03.1082378Z env:
2024-07-13T09:05:03.1082590Z   ALLOW_PLOTTING: true
2024-07-13T09:05:03.1082871Z   SHELLOPTS: errexit:pipefail
2024-07-13T09:05:03.1083248Z   pythonLocation: /opt/hostedtoolcache/Python/3.10.14/x64
2024-07-13T09:05:03.1083803Z   PKG_CONFIG_PATH: /opt/hostedtoolcache/Python/3.10.14/x64/lib/pkgconfig
2024-07-13T09:05:03.1084542Z   Python_ROOT_DIR: /opt/hostedtoolcache/Python/3.10.14/x64
2024-07-13T09:05:03.1085014Z   Python2_ROOT_DIR: /opt/hostedtoolcache/Python/3.10.14/x64
2024-07-13T09:05:03.1085494Z   Python3_ROOT_DIR: /opt/hostedtoolcache/Python/3.10.14/x64
2024-07-13T09:05:03.1085983Z   LD_LIBRARY_PATH: /opt/hostedtoolcache/Python/3.10.14/x64/lib
2024-07-13T09:05:03.1086385Z ##[endgroup]
2024-07-13T09:05:06.1215821Z ##[group]Run pip install -ve ./pyvistaqt -r ./pyvistaqt/requirements_test.txt "PyQt6-Qt6!=6.6.0,!=6.7.0" "PyQt6!=6.6.0"
2024-07-13T09:05:06.1217046Z [36;1mpip install -ve ./pyvistaqt -r ./pyvistaqt/requirements_test.txt "PyQt6-Qt6!=6.6.0,!=6.7.0" "PyQt6!=6.6.0"[0m
2024-07-13T09:05:06.1257635Z shell: /usr/bin/bash -e {0}
2024-07-13T09:05:06.1257906Z env:
2024-07-13T09:05:06.1258115Z   ALLOW_PLOTTING: true
2024-07-13T09:05:06.1258391Z   SHELLOPTS: errexit:pipefail
2024-07-13T09:05:06.1258753Z   pythonLocation: /opt/hostedtoolcache/Python/3.10.14/x64
2024-07-13T09:05:06.1259287Z   PKG_CONFIG_PATH: /opt/hostedtoolcache/Python/3.10.14/x64/lib/pkgconfig
2024-07-13T09:05:06.1259828Z   Python_ROOT_DIR: /opt/hostedtoolcache/Python/3.10.14/x64
2024-07-13T09:05:06.1260284Z   Python2_ROOT_DIR: /opt/hostedtoolcache/Python/3.10.14/x64
2024-07-13T09:05:06.1260737Z   Python3_ROOT_DIR: /opt/hostedtoolcache/Python/3.10.14/x64
2024-07-13T09:05:06.1261231Z   LD_LIBRARY_PATH: /opt/hostedtoolcache/Python/3.10.14/x64/lib
2024-07-13T09:05:06.1261612Z   DISPLAY: :99.0
2024-07-13T09:05:06.1261834Z ##[endgroup]
2024-07-13T09:05:09.2726153Z Using pip 24.1.2 from /opt/hostedtoolcache/Python/3.10.14/x64/lib/python3.10/site-packages/pip (python 3.10)
2024-07-13T09:05:09.8853487Z Obtaining file:///home/runner/work/pyvista/pyvista/pyvistaqt
2024-07-13T09:05:09.8868916Z   Installing build dependencies: started
2024-07-13T09:05:09.8871779Z   Running command pip subprocess to install build dependencies
2024-07-13T09:05:10.1761862Z   Using pip 24.1.2 from /opt/hostedtoolcache/Python/3.10.14/x64/lib/python3.10/site-packages/pip (python 3.10)
2024-07-13T09:05:11.0081216Z   Collecting setuptools>=40.8.0
2024-07-13T09:05:11.0085860Z     Obtaining dependency information for setuptools>=40.8.0 from https://files.pythonhosted.org/packages/ef/15/88e46eb9387e905704b69849618e699dc2f54407d8953cc4ec4b8b46528d/setuptools-70.3.0-py3-none-any.whl.metadata
2024-07-13T09:05:11.0542845Z     Downloading setuptools-70.3.0-py3-none-any.whl.metadata (5.8 kB)
2024-07-13T09:05:11.0799104Z   Downloading setuptools-70.3.0-py3-none-any.whl (931 kB)
2024-07-13T09:05:11.1466791Z      ━━━━━━━━━━━━━━━━━━━━━━━━━━━━━━━━━━━━━━━━ 931.1/931.1 kB 14.7 MB/s eta 0:00:00
2024-07-13T09:05:11.1902676Z   Installing collected packages: setuptools
2024-07-13T09:05:11.6792656Z   Successfully installed setuptools-70.3.0
2024-07-13T09:05:11.8290416Z   Installing build dependencies: finished with status 'done'
2024-07-13T09:05:11.8297268Z   Checking if build backend supports build_editable: started
2024-07-13T09:05:11.8299610Z   Running command Checking if build backend supports build_editable
2024-07-13T09:05:12.2062189Z   Checking if build backend supports build_editable: finished with status 'done'
2024-07-13T09:05:12.2067556Z   Getting requirements to build editable: started
2024-07-13T09:05:12.2069857Z   Running command Getting requirements to build editable
2024-07-13T09:05:12.3368694Z   Getting requirements to build editable: finished with status 'done'
2024-07-13T09:05:12.3383491Z   Installing backend dependencies: started
2024-07-13T09:05:12.3385792Z   Running command pip subprocess to install backend dependencies
2024-07-13T09:05:12.6046326Z   Using pip 24.1.2 from /opt/hostedtoolcache/Python/3.10.14/x64/lib/python3.10/site-packages/pip (python 3.10)
2024-07-13T09:05:13.2412355Z   Collecting setuptools_scm>=6.2
2024-07-13T09:05:13.2415674Z     Obtaining dependency information for setuptools_scm>=6.2 from https://files.pythonhosted.org/packages/a0/b9/1906bfeb30f2fc13bb39bf7ddb8749784c05faadbd18a21cf141ba37bff2/setuptools_scm-8.1.0-py3-none-any.whl.metadata
2024-07-13T09:05:13.3006311Z     Downloading setuptools_scm-8.1.0-py3-none-any.whl.metadata (6.6 kB)
2024-07-13T09:05:13.3469668Z   Collecting packaging>=20 (from setuptools_scm>=6.2)
2024-07-13T09:05:13.3473283Z     Obtaining dependency information for packaging>=20 from https://files.pythonhosted.org/packages/08/aa/cc0199a5f0ad350994d660967a8efb233fe0416e4639146c089643407ce6/packaging-24.1-py3-none-any.whl.metadata
2024-07-13T09:05:13.3671693Z     Downloading packaging-24.1-py3-none-any.whl.metadata (3.2 kB)
2024-07-13T09:05:13.5773999Z   Collecting setuptools (from setuptools_scm>=6.2)
2024-07-13T09:05:13.5777142Z     Obtaining dependency information for setuptools from https://files.pythonhosted.org/packages/ef/15/88e46eb9387e905704b69849618e699dc2f54407d8953cc4ec4b8b46528d/setuptools-70.3.0-py3-none-any.whl.metadata
2024-07-13T09:05:13.5792773Z     Using cached setuptools-70.3.0-py3-none-any.whl.metadata (5.8 kB)
2024-07-13T09:05:13.6062657Z   Collecting tomli>=1 (from setuptools_scm>=6.2)
2024-07-13T09:05:13.6067248Z     Obtaining dependency information for tomli>=1 from https://files.pythonhosted.org/packages/97/75/10a9ebee3fd790d20926a90a2547f0bf78f371b2f13aa822c759680ca7b9/tomli-2.0.1-py3-none-any.whl.metadata
2024-07-13T09:05:13.6264638Z     Downloading tomli-2.0.1-py3-none-any.whl.metadata (8.9 kB)
2024-07-13T09:05:13.6530579Z   Downloading setuptools_scm-8.1.0-py3-none-any.whl (43 kB)
2024-07-13T09:05:13.6768218Z      ━━━━━━━━━━━━━━━━━━━━━━━━━━━━━━━━━━━━━━━━ 43.7/43.7 kB 1.7 MB/s eta 0:00:00
2024-07-13T09:05:13.6970973Z   Downloading packaging-24.1-py3-none-any.whl (53 kB)
2024-07-13T09:05:13.7055586Z      ━━━━━━━━━━━━━━━━━━━━━━━━━━━━━━━━━━━━━━━━ 54.0/54.0 kB 6.9 MB/s eta 0:00:00
2024-07-13T09:05:13.7255128Z   Downloading tomli-2.0.1-py3-none-any.whl (12 kB)
2024-07-13T09:05:13.7296971Z   Using cached setuptools-70.3.0-py3-none-any.whl (931 kB)
2024-07-13T09:05:13.7619835Z   Installing collected packages: tomli, setuptools, packaging, setuptools_scm
2024-07-13T09:05:14.3224743Z   Successfully installed packaging-24.1 setuptools-70.3.0 setuptools_scm-8.1.0 tomli-2.0.1
2024-07-13T09:05:14.3723974Z   Installing backend dependencies: finished with status 'done'
2024-07-13T09:05:14.3731512Z   Preparing editable metadata (pyproject.toml): started
2024-07-13T09:05:14.3734196Z   Running command Preparing editable metadata (pyproject.toml)
2024-07-13T09:05:14.5036233Z   WARNING setuptools_scm.pyproject_reading toml section missing 'pyproject.toml does not contain a tool.setuptools_scm section'
2024-07-13T09:05:14.5037700Z   Traceback (most recent call last):
2024-07-13T09:05:14.5048616Z     File "/tmp/pip-build-env-jg5ytc4k/normal/lib/python3.10/site-packages/setuptools_scm/_integration/pyproject_reading.py", line 36, in read_pyproject
2024-07-13T09:05:14.5050565Z       section = defn.get("tool", {})[tool_name]
2024-07-13T09:05:14.5051351Z   KeyError: 'setuptools_scm'
2024-07-13T09:05:14.5371125Z   running dist_info
2024-07-13T09:05:14.5383874Z   creating /tmp/pip-modern-metadata-vcogcqxv/pyvistaqt.egg-info
2024-07-13T09:05:14.5393188Z   writing /tmp/pip-modern-metadata-vcogcqxv/pyvistaqt.egg-info/PKG-INFO
2024-07-13T09:05:14.5397986Z   writing dependency_links to /tmp/pip-modern-metadata-vcogcqxv/pyvistaqt.egg-info/dependency_links.txt
2024-07-13T09:05:14.5401768Z   writing requirements to /tmp/pip-modern-metadata-vcogcqxv/pyvistaqt.egg-info/requires.txt
2024-07-13T09:05:14.5403629Z   writing top-level names to /tmp/pip-modern-metadata-vcogcqxv/pyvistaqt.egg-info/top_level.txt
2024-07-13T09:05:14.5405831Z   writing manifest file '/tmp/pip-modern-metadata-vcogcqxv/pyvistaqt.egg-info/SOURCES.txt'
2024-07-13T09:05:14.5680312Z   reading manifest template 'MANIFEST.in'
2024-07-13T09:05:14.5689307Z   adding license file 'LICENSE'
2024-07-13T09:05:14.5691590Z   adding license file 'AUTHORS.rst'
2024-07-13T09:05:14.5701638Z   writing manifest file '/tmp/pip-modern-metadata-vcogcqxv/pyvistaqt.egg-info/SOURCES.txt'
2024-07-13T09:05:14.5703846Z   creating '/tmp/pip-modern-metadata-vcogcqxv/pyvistaqt-0.12.0.dev6+g2812700.dist-info'
2024-07-13T09:05:14.6722487Z   Preparing editable metadata (pyproject.toml): finished with status 'done'
2024-07-13T09:05:14.7136196Z Collecting PyQt6-Qt6!=6.6.0,!=6.7.0
2024-07-13T09:05:14.7140944Z   Obtaining dependency information for PyQt6-Qt6!=6.6.0,!=6.7.0 from https://files.pythonhosted.org/packages/d1/ec/98a16d0609fda59866ad65aa37fb028b60ead4a9a8f405059ebd0e108766/PyQt6_Qt6-6.7.2-py3-none-manylinux_2_28_x86_64.whl.metadata
2024-07-13T09:05:14.7566267Z   Downloading PyQt6_Qt6-6.7.2-py3-none-manylinux_2_28_x86_64.whl.metadata (534 bytes)
2024-07-13T09:05:14.7875825Z Collecting PyQt6!=6.6.0
2024-07-13T09:05:14.7880266Z   Obtaining dependency information for PyQt6!=6.6.0 from https://files.pythonhosted.org/packages/b9/80/77fd0480c46129ddd4783882f97d5f471477d48eeebeb72ff845aaaab349/PyQt6-6.7.0-1-cp38-abi3-manylinux_2_28_x86_64.whl.metadata
2024-07-13T09:05:14.8021858Z   Downloading PyQt6-6.7.0-1-cp38-abi3-manylinux_2_28_x86_64.whl.metadata (2.1 kB)
2024-07-13T09:05:14.8762705Z Collecting ipython==8.14.0 (from -r ./pyvistaqt/requirements_test.txt (line 1))
2024-07-13T09:05:14.8766271Z   Obtaining dependency information for ipython==8.14.0 from https://files.pythonhosted.org/packages/52/d1/f70cdafba20030cbc1412d7a7d6a89c5035071835cc50e47fc5ed8da553c/ipython-8.14.0-py3-none-any.whl.metadata
2024-07-13T09:05:14.8910044Z   Downloading ipython-8.14.0-py3-none-any.whl.metadata (5.8 kB)
2024-07-13T09:05:15.1074342Z Collecting numpy==1.26.4 (from -r ./pyvistaqt/requirements_test.txt (line 2))
2024-07-13T09:05:15.1077297Z   Obtaining dependency information for numpy==1.26.4 from https://files.pythonhosted.org/packages/4b/d7/ecf66c1cd12dc28b4040b15ab4d17b773b87fa9d29ca16125de01adb36cd/numpy-1.26.4-cp310-cp310-manylinux_2_17_x86_64.manylinux2014_x86_64.whl.metadata
2024-07-13T09:05:15.1241890Z   Downloading numpy-1.26.4-cp310-cp310-manylinux_2_17_x86_64.manylinux2014_x86_64.whl.metadata (61 kB)
2024-07-13T09:05:15.1420601Z      ━━━━━━━━━━━━━━━━━━━━━━━━━━━━━━━━━━━━━━━━ 61.0/61.0 kB 3.3 MB/s eta 0:00:00
2024-07-13T09:05:15.2157719Z Collecting pytest==8.2.1 (from -r ./pyvistaqt/requirements_test.txt (line 3))
2024-07-13T09:05:15.2160894Z   Obtaining dependency information for pytest==8.2.1 from https://files.pythonhosted.org/packages/b4/c1/27a1274b73712232328cb5115030057b7dec377f36a518c83f2e01d4f305/pytest-8.2.1-py3-none-any.whl.metadata
2024-07-13T09:05:15.2305611Z   Downloading pytest-8.2.1-py3-none-any.whl.metadata (7.6 kB)
2024-07-13T09:05:15.2615145Z Collecting pytest-cov==5.0.0 (from -r ./pyvistaqt/requirements_test.txt (line 4))
2024-07-13T09:05:15.2617897Z   Obtaining dependency information for pytest-cov==5.0.0 from https://files.pythonhosted.org/packages/78/3a/af5b4fa5961d9a1e6237b530eb87dd04aea6eb83da09d2a4073d81b54ccf/pytest_cov-5.0.0-py3-none-any.whl.metadata
2024-07-13T09:05:15.2761447Z   Downloading pytest_cov-5.0.0-py3-none-any.whl.metadata (27 kB)
2024-07-13T09:05:15.3104043Z Collecting pytest-memprof==0.2.0 (from -r ./pyvistaqt/requirements_test.txt (line 5))
2024-07-13T09:05:15.3249205Z   Downloading pytest-memprof-0.2.0.tar.gz (4.1 kB)
2024-07-13T09:05:15.3325565Z   Installing build dependencies: started
2024-07-13T09:05:15.3327403Z   Running command pip subprocess to install build dependencies
2024-07-13T09:05:15.5975806Z   Using pip 24.1.2 from /opt/hostedtoolcache/Python/3.10.14/x64/lib/python3.10/site-packages/pip (python 3.10)
2024-07-13T09:05:16.3946699Z   Collecting setuptools>=40.8.0
2024-07-13T09:05:16.3951345Z     Obtaining dependency information for setuptools>=40.8.0 from https://files.pythonhosted.org/packages/ef/15/88e46eb9387e905704b69849618e699dc2f54407d8953cc4ec4b8b46528d/setuptools-70.3.0-py3-none-any.whl.metadata
2024-07-13T09:05:16.3967024Z     Using cached setuptools-70.3.0-py3-none-any.whl.metadata (5.8 kB)
2024-07-13T09:05:16.4064508Z   Using cached setuptools-70.3.0-py3-none-any.whl (931 kB)
2024-07-13T09:05:16.4319093Z   Installing collected packages: setuptools
2024-07-13T09:05:16.9170313Z   Successfully installed setuptools-70.3.0
2024-07-13T09:05:16.9657567Z   Installing build dependencies: finished with status 'done'
2024-07-13T09:05:16.9663660Z   Getting requirements to build wheel: started
2024-07-13T09:05:16.9666331Z   Running command Getting requirements to build wheel
2024-07-13T09:05:17.0925524Z   running egg_info
2024-07-13T09:05:17.0934062Z   writing pytest_memprof.egg-info/PKG-INFO
2024-07-13T09:05:17.0940010Z   writing dependency_links to pytest_memprof.egg-info/dependency_links.txt
2024-07-13T09:05:17.0941353Z   writing entry points to pytest_memprof.egg-info/entry_points.txt
2024-07-13T09:05:17.0943885Z   writing requirements to pytest_memprof.egg-info/requires.txt
2024-07-13T09:05:17.0948886Z   writing top-level names to pytest_memprof.egg-info/top_level.txt
2024-07-13T09:05:17.0985902Z   reading manifest file 'pytest_memprof.egg-info/SOURCES.txt'
2024-07-13T09:05:17.0990915Z   reading manifest template 'MANIFEST.in'
2024-07-13T09:05:17.0993809Z   warning: no previously-included files matching '__pycache__' found under directory '*'
2024-07-13T09:05:17.0995325Z   warning: no previously-included files matching '*.py[co]' found under directory '*'
2024-07-13T09:05:17.0996762Z   adding license file 'LICENSE'
2024-07-13T09:05:17.1002696Z   writing manifest file 'pytest_memprof.egg-info/SOURCES.txt'
2024-07-13T09:05:17.1160678Z   Getting requirements to build wheel: finished with status 'done'
2024-07-13T09:05:17.1170173Z   Preparing metadata (pyproject.toml): started
2024-07-13T09:05:17.1172880Z   Running command Preparing metadata (pyproject.toml)
2024-07-13T09:05:17.2408286Z   running dist_info
2024-07-13T09:05:17.2416699Z   creating /tmp/pip-modern-metadata-os4ss2g2/pytest_memprof.egg-info
2024-07-13T09:05:17.2423751Z   writing /tmp/pip-modern-metadata-os4ss2g2/pytest_memprof.egg-info/PKG-INFO
2024-07-13T09:05:17.2429189Z   writing dependency_links to /tmp/pip-modern-metadata-os4ss2g2/pytest_memprof.egg-info/dependency_links.txt
2024-07-13T09:05:17.2431410Z   writing entry points to /tmp/pip-modern-metadata-os4ss2g2/pytest_memprof.egg-info/entry_points.txt
2024-07-13T09:05:17.2435097Z   writing requirements to /tmp/pip-modern-metadata-os4ss2g2/pytest_memprof.egg-info/requires.txt
2024-07-13T09:05:17.2437298Z   writing top-level names to /tmp/pip-modern-metadata-os4ss2g2/pytest_memprof.egg-info/top_level.txt
2024-07-13T09:05:17.2439570Z   writing manifest file '/tmp/pip-modern-metadata-os4ss2g2/pytest_memprof.egg-info/SOURCES.txt'
2024-07-13T09:05:17.2473684Z   reading manifest file '/tmp/pip-modern-metadata-os4ss2g2/pytest_memprof.egg-info/SOURCES.txt'
2024-07-13T09:05:17.2477238Z   reading manifest template 'MANIFEST.in'
2024-07-13T09:05:17.2481878Z   warning: no previously-included files matching '__pycache__' found under directory '*'
2024-07-13T09:05:17.2484070Z   warning: no previously-included files matching '*.py[co]' found under directory '*'
2024-07-13T09:05:17.2486123Z   adding license file 'LICENSE'
2024-07-13T09:05:17.2490544Z   writing manifest file '/tmp/pip-modern-metadata-os4ss2g2/pytest_memprof.egg-info/SOURCES.txt'
2024-07-13T09:05:17.2492899Z   creating '/tmp/pip-modern-metadata-os4ss2g2/pytest_memprof-0.2.0.dist-info'
2024-07-13T09:05:17.2716073Z   Preparing metadata (pyproject.toml): finished with status 'done'
2024-07-13T09:05:17.3155488Z Collecting pytest-qt==4.4.0 (from -r ./pyvistaqt/requirements_test.txt (line 6))
2024-07-13T09:05:17.3158662Z   Obtaining dependency information for pytest-qt==4.4.0 from https://files.pythonhosted.org/packages/4c/51/6cc5b9c1ecdcd78e6cde97e03d05f5a4ace8f720c5ce0f26f9dce474a0da/pytest_qt-4.4.0-py3-none-any.whl.metadata
2024-07-13T09:05:17.3299143Z   Downloading pytest_qt-4.4.0-py3-none-any.whl.metadata (7.7 kB)
2024-07-13T09:05:17.3885000Z Collecting pyvista==0.42.2 (from -r ./pyvistaqt/requirements_test.txt (line 7))
2024-07-13T09:05:17.3888125Z   Obtaining dependency information for pyvista==0.42.2 from https://files.pythonhosted.org/packages/67/44/23211baa449bb9dd4f75d1a619a0b7e60900369da3993b5251cbfb657c1f/pyvista-0.42.2-py3-none-any.whl.metadata
2024-07-13T09:05:17.4030892Z   Downloading pyvista-0.42.2-py3-none-any.whl.metadata (13 kB)
2024-07-13T09:05:17.4317001Z Collecting QtPy==2.4.0 (from -r ./pyvistaqt/requirements_test.txt (line 8))
2024-07-13T09:05:17.4321010Z   Obtaining dependency information for QtPy==2.4.0 from https://files.pythonhosted.org/packages/be/a1/13bdd2f6237379744c52cec33d417a5819a07455d880e3c5f517c13a0f21/QtPy-2.4.0-py3-none-any.whl.metadata
2024-07-13T09:05:17.4462152Z   Downloading QtPy-2.4.0-py3-none-any.whl.metadata (12 kB)
2024-07-13T09:05:17.4882586Z Collecting scooby==0.9.2 (from -r ./pyvistaqt/requirements_test.txt (line 9))
2024-07-13T09:05:17.4886326Z   Obtaining dependency information for scooby==0.9.2 from https://files.pythonhosted.org/packages/df/7b/25af5b3327c23ec3053f54a50b120679baf319f5d67047203cf42a02b545/scooby-0.9.2-py3-none-any.whl.metadata
2024-07-13T09:05:17.5038826Z   Downloading scooby-0.9.2-py3-none-any.whl.metadata (15 kB)
2024-07-13T09:05:17.5438351Z Collecting check-jsonschema==0.28.6 (from -r ./pyvistaqt/requirements_test.txt (line 10))
2024-07-13T09:05:17.5442390Z   Obtaining dependency information for check-jsonschema==0.28.6 from https://files.pythonhosted.org/packages/da/95/7036630a66999d1cd6f51d876d5a617b10c5c0b9cc8e3fc363cc30d5bd2a/check_jsonschema-0.28.6-py3-none-any.whl.metadata
2024-07-13T09:05:17.5581970Z   Downloading check_jsonschema-0.28.6-py3-none-any.whl.metadata (3.0 kB)
2024-07-13T09:05:17.5774845Z Collecting toml==0.10.2 (from -r ./pyvistaqt/requirements_test.txt (line 11))
2024-07-13T09:05:17.5778342Z   Obtaining dependency information for toml==0.10.2 from https://files.pythonhosted.org/packages/44/6f/7120676b6d73228c96e17f1f794d8ab046fc910d781c8d151120c3f1569e/toml-0.10.2-py2.py3-none-any.whl.metadata
2024-07-13T09:05:17.5920798Z   Downloading toml-0.10.2-py2.py3-none-any.whl.metadata (7.1 kB)
2024-07-13T09:05:17.6320017Z Collecting sphinx_gallery==0.16.0 (from -r ./pyvistaqt/requirements_test.txt (line 12))
2024-07-13T09:05:17.6323197Z   Obtaining dependency information for sphinx_gallery==0.16.0 from https://files.pythonhosted.org/packages/2d/7a/64d176f78baaed269ae809e9386710064feedf3723ba910ef247530ea3d8/sphinx_gallery-0.16.0-py3-none-any.whl.metadata
2024-07-13T09:05:17.6463856Z   Downloading sphinx_gallery-0.16.0-py3-none-any.whl.metadata (8.3 kB)
2024-07-13T09:05:17.6900116Z Collecting nest_asyncio==1.6.0 (from -r ./pyvistaqt/requirements_test.txt (line 13))
2024-07-13T09:05:17.6903587Z   Obtaining dependency information for nest_asyncio==1.6.0 from https://files.pythonhosted.org/packages/a0/c4/c2971a3ba4c6103a3d10c4b0f24f461ddc027f0f09763220cf35ca1401b3/nest_asyncio-1.6.0-py3-none-any.whl.metadata
2024-07-13T09:05:17.7045950Z   Downloading nest_asyncio-1.6.0-py3-none-any.whl.metadata (2.8 kB)
2024-07-13T09:05:17.7705317Z Collecting trame==3.6.3 (from -r ./pyvistaqt/requirements_test.txt (line 14))
2024-07-13T09:05:17.7709866Z   Obtaining dependency information for trame==3.6.3 from https://files.pythonhosted.org/packages/b4/4a/fac37d120762fe52f98dda58aa58c8647072d5b2a7f43360d339101c4ac0/trame-3.6.3-py3-none-any.whl.metadata
2024-07-13T09:05:17.7852858Z   Downloading trame-3.6.3-py3-none-any.whl.metadata (7.2 kB)
2024-07-13T09:05:17.8343820Z Collecting trame-client==3.2.0 (from -r ./pyvistaqt/requirements_test.txt (line 15))
2024-07-13T09:05:17.8347014Z   Obtaining dependency information for trame-client==3.2.0 from https://files.pythonhosted.org/packages/4f/01/619f24660ab10adbeecbe659e6b9dd3125196dc413019298d5d02449b42d/trame_client-3.2.0-py3-none-any.whl.metadata
2024-07-13T09:05:17.8488432Z   Downloading trame_client-3.2.0-py3-none-any.whl.metadata (3.8 kB)
2024-07-13T09:05:17.8927171Z Collecting trame-server==3.0.2 (from -r ./pyvistaqt/requirements_test.txt (line 16))
2024-07-13T09:05:17.8930276Z   Obtaining dependency information for trame-server==3.0.2 from https://files.pythonhosted.org/packages/15/49/18493a0baf793d91ec836d9c3dfd42dac3bdcf288d5a4a97d50b0b872933/trame_server-3.0.2-py3-none-any.whl.metadata
2024-07-13T09:05:17.9072740Z   Downloading trame_server-3.0.2-py3-none-any.whl.metadata (4.5 kB)
2024-07-13T09:05:17.9503343Z Collecting trame-vtk==2.8.9 (from -r ./pyvistaqt/requirements_test.txt (line 17))
2024-07-13T09:05:17.9506760Z   Obtaining dependency information for trame-vtk==2.8.9 from https://files.pythonhosted.org/packages/54/c9/6aff2306ff438b2af76c0bf24a9abf417a4485dbfd6c22fb6a4ff4d56433/trame_vtk-2.8.9-py3-none-any.whl.metadata
2024-07-13T09:05:17.9648333Z   Downloading trame_vtk-2.8.9-py3-none-any.whl.metadata (12 kB)
2024-07-13T09:05:17.9815436Z Collecting backcall (from ipython==8.14.0->-r ./pyvistaqt/requirements_test.txt (line 1))
2024-07-13T09:05:17.9818446Z   Obtaining dependency information for backcall from https://files.pythonhosted.org/packages/4c/1c/ff6546b6c12603d8dd1070aa3c3d273ad4c07f5771689a7b69a550e8c951/backcall-0.2.0-py2.py3-none-any.whl.metadata
2024-07-13T09:05:17.9960022Z   Downloading backcall-0.2.0-py2.py3-none-any.whl.metadata (2.0 kB)
2024-07-13T09:05:18.0168583Z Collecting decorator (from ipython==8.14.0->-r ./pyvistaqt/requirements_test.txt (line 1))
2024-07-13T09:05:18.0171628Z   Obtaining dependency information for decorator from https://files.pythonhosted.org/packages/d5/50/83c593b07763e1161326b3b8c6686f0f4b0f24d5526546bee538c89837d6/decorator-5.1.1-py3-none-any.whl.metadata
2024-07-13T09:05:18.0311746Z   Downloading decorator-5.1.1-py3-none-any.whl.metadata (4.0 kB)
2024-07-13T09:05:18.0585469Z Collecting jedi>=0.16 (from ipython==8.14.0->-r ./pyvistaqt/requirements_test.txt (line 1))
2024-07-13T09:05:18.0589865Z   Obtaining dependency information for jedi>=0.16 from https://files.pythonhosted.org/packages/20/9f/bc63f0f0737ad7a60800bfd472a4836661adae21f9c2535f3957b1e54ceb/jedi-0.19.1-py2.py3-none-any.whl.metadata
2024-07-13T09:05:18.0733946Z   Downloading jedi-0.19.1-py2.py3-none-any.whl.metadata (22 kB)
2024-07-13T09:05:18.0982280Z Collecting matplotlib-inline (from ipython==8.14.0->-r ./pyvistaqt/requirements_test.txt (line 1))
2024-07-13T09:05:18.0986542Z   Obtaining dependency information for matplotlib-inline from https://files.pythonhosted.org/packages/8f/8e/9ad090d3553c280a8060fbf6e24dc1c0c29704ee7d1c372f0c174aa59285/matplotlib_inline-0.1.7-py3-none-any.whl.metadata
2024-07-13T09:05:18.1128622Z   Downloading matplotlib_inline-0.1.7-py3-none-any.whl.metadata (3.9 kB)
2024-07-13T09:05:18.1284665Z Collecting pickleshare (from ipython==8.14.0->-r ./pyvistaqt/requirements_test.txt (line 1))
2024-07-13T09:05:18.1288878Z   Obtaining dependency information for pickleshare from https://files.pythonhosted.org/packages/9a/41/220f49aaea88bc6fa6cba8d05ecf24676326156c23b991e80b3f2fc24c77/pickleshare-0.7.5-py2.py3-none-any.whl.metadata
2024-07-13T09:05:18.1429762Z   Downloading pickleshare-0.7.5-py2.py3-none-any.whl.metadata (1.5 kB)
2024-07-13T09:05:18.1978712Z Collecting prompt-toolkit!=3.0.37,<3.1.0,>=3.0.30 (from ipython==8.14.0->-r ./pyvistaqt/requirements_test.txt (line 1))
2024-07-13T09:05:18.1982314Z   Obtaining dependency information for prompt-toolkit!=3.0.37,<3.1.0,>=3.0.30 from https://files.pythonhosted.org/packages/e8/23/22750c4b768f09386d1c3cc4337953e8936f48a888fa6dddfb669b2c9088/prompt_toolkit-3.0.47-py3-none-any.whl.metadata
2024-07-13T09:05:18.2125132Z   Downloading prompt_toolkit-3.0.47-py3-none-any.whl.metadata (6.4 kB)
2024-07-13T09:05:18.2459248Z Collecting pygments>=2.4.0 (from ipython==8.14.0->-r ./pyvistaqt/requirements_test.txt (line 1))
2024-07-13T09:05:18.2463742Z   Obtaining dependency information for pygments>=2.4.0 from https://files.pythonhosted.org/packages/f7/3f/01c8b82017c199075f8f788d0d906b9ffbbc5a47dc9918a945e13d5a2bda/pygments-2.18.0-py3-none-any.whl.metadata
2024-07-13T09:05:18.2605771Z   Downloading pygments-2.18.0-py3-none-any.whl.metadata (2.5 kB)
2024-07-13T09:05:18.2967038Z Collecting stack-data (from ipython==8.14.0->-r ./pyvistaqt/requirements_test.txt (line 1))
2024-07-13T09:05:18.2970021Z   Obtaining dependency information for stack-data from https://files.pythonhosted.org/packages/f1/7b/ce1eafaf1a76852e2ec9b22edecf1daa58175c090266e9f6c64afcd81d91/stack_data-0.6.3-py3-none-any.whl.metadata
2024-07-13T09:05:18.3114071Z   Downloading stack_data-0.6.3-py3-none-any.whl.metadata (18 kB)
2024-07-13T09:05:18.3422918Z Collecting traitlets>=5 (from ipython==8.14.0->-r ./pyvistaqt/requirements_test.txt (line 1))
2024-07-13T09:05:18.3427013Z   Obtaining dependency information for traitlets>=5 from https://files.pythonhosted.org/packages/00/c0/8f5d070730d7836adc9c9b6408dec68c6ced86b304a9b26a14df072a6e8c/traitlets-5.14.3-py3-none-any.whl.metadata
2024-07-13T09:05:18.3570629Z   Downloading traitlets-5.14.3-py3-none-any.whl.metadata (10 kB)
2024-07-13T09:05:18.3765436Z Collecting pexpect>4.3 (from ipython==8.14.0->-r ./pyvistaqt/requirements_test.txt (line 1))
2024-07-13T09:05:18.3770038Z   Obtaining dependency information for pexpect>4.3 from https://files.pythonhosted.org/packages/9e/c3/059298687310d527a58bb01f3b1965787ee3b40dce76752eda8b44e9a2c5/pexpect-4.9.0-py2.py3-none-any.whl.metadata
2024-07-13T09:05:18.3913954Z   Downloading pexpect-4.9.0-py2.py3-none-any.whl.metadata (2.5 kB)
2024-07-13T09:05:18.4090914Z Collecting iniconfig (from pytest==8.2.1->-r ./pyvistaqt/requirements_test.txt (line 3))
2024-07-13T09:05:18.4095369Z   Obtaining dependency information for iniconfig from https://files.pythonhosted.org/packages/ef/a6/62565a6e1cf69e10f5727360368e451d4b7f58beeac6173dc9db836a5b46/iniconfig-2.0.0-py3-none-any.whl.metadata
2024-07-13T09:05:18.4237662Z   Downloading iniconfig-2.0.0-py3-none-any.whl.metadata (2.6 kB)
2024-07-13T09:05:18.4530775Z Collecting packaging (from pytest==8.2.1->-r ./pyvistaqt/requirements_test.txt (line 3))
2024-07-13T09:05:18.4534886Z   Obtaining dependency information for packaging from https://files.pythonhosted.org/packages/08/aa/cc0199a5f0ad350994d660967a8efb233fe0416e4639146c089643407ce6/packaging-24.1-py3-none-any.whl.metadata
2024-07-13T09:05:18.4549037Z   Using cached packaging-24.1-py3-none-any.whl.metadata (3.2 kB)
2024-07-13T09:05:18.4804818Z Collecting pluggy<2.0,>=1.5 (from pytest==8.2.1->-r ./pyvistaqt/requirements_test.txt (line 3))
2024-07-13T09:05:18.4809415Z   Obtaining dependency information for pluggy<2.0,>=1.5 from https://files.pythonhosted.org/packages/88/5f/e351af9a41f866ac3f1fac4ca0613908d9a41741cfcf2228f4ad853b697d/pluggy-1.5.0-py3-none-any.whl.metadata
2024-07-13T09:05:18.4951949Z   Downloading pluggy-1.5.0-py3-none-any.whl.metadata (4.8 kB)
2024-07-13T09:05:18.5169127Z Collecting exceptiongroup>=1.0.0rc8 (from pytest==8.2.1->-r ./pyvistaqt/requirements_test.txt (line 3))
2024-07-13T09:05:18.5173388Z   Obtaining dependency information for exceptiongroup>=1.0.0rc8 from https://files.pythonhosted.org/packages/02/cc/b7e31358aac6ed1ef2bb790a9746ac2c69bcb3c8588b41616914eb106eaf/exceptiongroup-1.2.2-py3-none-any.whl.metadata
2024-07-13T09:05:18.5316842Z   Downloading exceptiongroup-1.2.2-py3-none-any.whl.metadata (6.6 kB)
2024-07-13T09:05:18.5523012Z Collecting tomli>=1 (from pytest==8.2.1->-r ./pyvistaqt/requirements_test.txt (line 3))
2024-07-13T09:05:18.5527330Z   Obtaining dependency information for tomli>=1 from https://files.pythonhosted.org/packages/97/75/10a9ebee3fd790d20926a90a2547f0bf78f371b2f13aa822c759680ca7b9/tomli-2.0.1-py3-none-any.whl.metadata
2024-07-13T09:05:18.5540528Z   Using cached tomli-2.0.1-py3-none-any.whl.metadata (8.9 kB)
2024-07-13T09:05:18.8769802Z Collecting coverage>=5.2.1 (from coverage[toml]>=5.2.1->pytest-cov==5.0.0->-r ./pyvistaqt/requirements_test.txt (line 4))
2024-07-13T09:05:18.8773660Z   Obtaining dependency information for coverage>=5.2.1 from https://files.pythonhosted.org/packages/b1/7b/5ddf82c7bac217d2343efbd36657a3d848a8670f983767ffe2d3212b76bc/coverage-7.6.0-cp310-cp310-manylinux_2_5_x86_64.manylinux1_x86_64.manylinux_2_17_x86_64.manylinux2014_x86_64.whl.metadata
2024-07-13T09:05:18.8921198Z   Downloading coverage-7.6.0-cp310-cp310-manylinux_2_5_x86_64.manylinux1_x86_64.manylinux_2_17_x86_64.manylinux2014_x86_64.whl.metadata (8.2 kB)
2024-07-13T09:05:19.0029101Z Collecting psutil (from pytest-memprof==0.2.0->-r ./pyvistaqt/requirements_test.txt (line 5))
2024-07-13T09:05:19.0033092Z   Obtaining dependency information for psutil from https://files.pythonhosted.org/packages/19/74/f59e7e0d392bc1070e9a70e2f9190d652487ac115bb16e2eff6b22ad1d24/psutil-6.0.0-cp36-abi3-manylinux_2_12_x86_64.manylinux2010_x86_64.manylinux_2_17_x86_64.manylinux2014_x86_64.whl.metadata
2024-07-13T09:05:19.0180369Z   Downloading psutil-6.0.0-cp36-abi3-manylinux_2_12_x86_64.manylinux2010_x86_64.manylinux_2_17_x86_64.manylinux2014_x86_64.whl.metadata (21 kB)
2024-07-13T09:05:19.1990632Z Collecting matplotlib>=3.0.1 (from pyvista==0.42.2->-r ./pyvistaqt/requirements_test.txt (line 7))
2024-07-13T09:05:19.1994480Z   Obtaining dependency information for matplotlib>=3.0.1 from https://files.pythonhosted.org/packages/32/ad/58902b481f5a294101a53ed964d68a2c2355d55622a8e9cb09fc3f517385/matplotlib-3.9.1-cp310-cp310-manylinux_2_17_x86_64.manylinux2014_x86_64.whl.metadata
2024-07-13T09:05:19.2140675Z   Downloading matplotlib-3.9.1-cp310-cp310-manylinux_2_17_x86_64.manylinux2014_x86_64.whl.metadata (11 kB)
2024-07-13T09:05:19.4168947Z Collecting pillow (from pyvista==0.42.2->-r ./pyvistaqt/requirements_test.txt (line 7))
2024-07-13T09:05:19.4173201Z   Obtaining dependency information for pillow from https://files.pythonhosted.org/packages/b5/5b/6651c288b08df3b8c1e2f8c1152201e0b25d240e22ddade0f1e242fc9fa0/pillow-10.4.0-cp310-cp310-manylinux_2_28_x86_64.whl.metadata
2024-07-13T09:05:19.4320766Z   Downloading pillow-10.4.0-cp310-cp310-manylinux_2_28_x86_64.whl.metadata (9.2 kB)
2024-07-13T09:05:19.4659025Z Collecting pooch (from pyvista==0.42.2->-r ./pyvistaqt/requirements_test.txt (line 7))
2024-07-13T09:05:19.4663137Z   Obtaining dependency information for pooch from https://files.pythonhosted.org/packages/a8/87/77cc11c7a9ea9fd05503def69e3d18605852cd0d4b0d3b8f15bbeb3ef1d1/pooch-1.8.2-py3-none-any.whl.metadata
2024-07-13T09:05:19.4807150Z   Downloading pooch-1.8.2-py3-none-any.whl.metadata (10 kB)
2024-07-13T09:05:19.5390498Z Collecting vtk (from pyvista==0.42.2->-r ./pyvistaqt/requirements_test.txt (line 7))
2024-07-13T09:05:19.5393811Z   Obtaining dependency information for vtk from https://files.pythonhosted.org/packages/3b/d0/eda704215c82810cdb853ad5b8881bf1ea3ee4e963a5366258b30af520dd/vtk-9.3.1-cp310-cp310-manylinux_2_17_x86_64.manylinux2014_x86_64.whl.metadata
2024-07-13T09:05:19.5541803Z   Downloading vtk-9.3.1-cp310-cp310-manylinux_2_17_x86_64.manylinux2014_x86_64.whl.metadata (5.2 kB)
2024-07-13T09:05:19.7410367Z Collecting ruamel.yaml==0.18.6 (from check-jsonschema==0.28.6->-r ./pyvistaqt/requirements_test.txt (line 10))
2024-07-13T09:05:19.7413715Z   Obtaining dependency information for ruamel.yaml==0.18.6 from https://files.pythonhosted.org/packages/73/67/8ece580cc363331d9a53055130f86b096bf16e38156e33b1d3014fffda6b/ruamel.yaml-0.18.6-py3-none-any.whl.metadata
2024-07-13T09:05:19.7561773Z   Downloading ruamel.yaml-0.18.6-py3-none-any.whl.metadata (23 kB)
2024-07-13T09:05:19.8009742Z Collecting jsonschema<5.0,>=4.18.0 (from check-jsonschema==0.28.6->-r ./pyvistaqt/requirements_test.txt (line 10))
2024-07-13T09:05:19.8013374Z   Obtaining dependency information for jsonschema<5.0,>=4.18.0 from https://files.pythonhosted.org/packages/69/4a/4f9dbeb84e8850557c02365a0eee0649abe5eb1d84af92a25731c6c0f922/jsonschema-4.23.0-py3-none-any.whl.metadata
2024-07-13T09:05:19.8158259Z   Downloading jsonschema-4.23.0-py3-none-any.whl.metadata (7.9 kB)
2024-07-13T09:05:19.8626344Z Collecting regress>=0.4.0 (from check-jsonschema==0.28.6->-r ./pyvistaqt/requirements_test.txt (line 10))
2024-07-13T09:05:19.8630272Z   Obtaining dependency information for regress>=0.4.0 from https://files.pythonhosted.org/packages/87/11/ced12a357ea79bc133d8d9d8ccd8e7f76596fba50ec4c0c50fb22d2c7896/regress-0.4.5-cp310-cp310-manylinux_2_17_x86_64.manylinux2014_x86_64.whl.metadata
2024-07-13T09:05:19.8775042Z   Downloading regress-0.4.5-cp310-cp310-manylinux_2_17_x86_64.manylinux2014_x86_64.whl.metadata (2.1 kB)
2024-07-13T09:05:19.9591206Z Collecting requests<3.0 (from check-jsonschema==0.28.6->-r ./pyvistaqt/requirements_test.txt (line 10))
2024-07-13T09:05:19.9594429Z   Obtaining dependency information for requests<3.0 from https://files.pythonhosted.org/packages/f9/9b/335f9764261e915ed497fcdeb11df5dfd6f7bf257d4a6a2a686d80da4d54/requests-2.32.3-py3-none-any.whl.metadata
2024-07-13T09:05:19.9739569Z   Downloading requests-2.32.3-py3-none-any.whl.metadata (4.6 kB)
2024-07-13T09:05:20.0038142Z Collecting click<9,>=8 (from check-jsonschema==0.28.6->-r ./pyvistaqt/requirements_test.txt (line 10))
2024-07-13T09:05:20.0043127Z   Obtaining dependency information for click<9,>=8 from https://files.pythonhosted.org/packages/00/2e/d53fa4befbf2cfa713304affc7ca780ce4fc1fd8710527771b58311a3229/click-8.1.7-py3-none-any.whl.metadata
2024-07-13T09:05:20.0186282Z   Downloading click-8.1.7-py3-none-any.whl.metadata (3.0 kB)
2024-07-13T09:05:20.0952357Z Collecting sphinx>=4 (from sphinx_gallery==0.16.0->-r ./pyvistaqt/requirements_test.txt (line 12))
2024-07-13T09:05:20.0955349Z   Obtaining dependency information for sphinx>=4 from https://files.pythonhosted.org/packages/b4/fa/130c32ed94cf270e3d0b9ded16fb7b2c8fea86fa7263c29a696a30c1dde7/sphinx-7.3.7-py3-none-any.whl.metadata
2024-07-13T09:05:20.1095648Z   Downloading sphinx-7.3.7-py3-none-any.whl.metadata (6.0 kB)
2024-07-13T09:05:20.1717770Z Collecting wslink<3,>=2 (from trame-server==3.0.2->-r ./pyvistaqt/requirements_test.txt (line 16))
2024-07-13T09:05:20.1721458Z   Obtaining dependency information for wslink<3,>=2 from https://files.pythonhosted.org/packages/da/e8/d7f69fc29503bf05e733e3e80871cbe29be080e9637f1ec8f2f6669de2f9/wslink-2.1.1-py3-none-any.whl.metadata
2024-07-13T09:05:20.1863530Z   Downloading wslink-2.1.1-py3-none-any.whl.metadata (3.1 kB)
2024-07-13T09:05:20.2131529Z Collecting more-itertools (from trame-server==3.0.2->-r ./pyvistaqt/requirements_test.txt (line 16))
2024-07-13T09:05:20.2134603Z   Obtaining dependency information for more-itertools from https://files.pythonhosted.org/packages/bb/23/2d1cdb0427aecb2b150dc2ac2d15400990c4f05585b3fbc1b5177d74d7fb/more_itertools-10.3.0-py3-none-any.whl.metadata
2024-07-13T09:05:20.2275970Z   Downloading more_itertools-10.3.0-py3-none-any.whl.metadata (36 kB)
2024-07-13T09:05:20.2620529Z Collecting ruamel.yaml.clib>=0.2.7 (from ruamel.yaml==0.18.6->check-jsonschema==0.28.6->-r ./pyvistaqt/requirements_test.txt (line 10))
2024-07-13T09:05:20.2624176Z   Obtaining dependency information for ruamel.yaml.clib>=0.2.7 from https://files.pythonhosted.org/packages/d3/62/c60b034d9a008bbd566eeecf53a5a4c73d191c8de261290db6761802b72d/ruamel.yaml.clib-0.2.8-cp310-cp310-manylinux_2_17_x86_64.manylinux2014_x86_64.manylinux_2_24_x86_64.whl.metadata
2024-07-13T09:05:20.2766696Z   Downloading ruamel.yaml.clib-0.2.8-cp310-cp310-manylinux_2_17_x86_64.manylinux2014_x86_64.manylinux_2_24_x86_64.whl.metadata (2.2 kB)
2024-07-13T09:05:20.3093346Z Collecting PyQt6-sip<14,>=13.6 (from PyQt6!=6.6.0)
2024-07-13T09:05:20.3097147Z   Obtaining dependency information for PyQt6-sip<14,>=13.6 from https://files.pythonhosted.org/packages/14/5a/a8ddbfdc38a78a6ca2c0fad452256c60e6885f4af803b69636b6d67e475a/PyQt6_sip-13.8.0-cp310-cp310-manylinux_2_5_x86_64.manylinux1_x86_64.whl.metadata
2024-07-13T09:05:20.3238517Z   Downloading PyQt6_sip-13.8.0-cp310-cp310-manylinux_2_5_x86_64.manylinux1_x86_64.whl.metadata (420 bytes)
2024-07-13T09:05:20.3651670Z Collecting parso<0.9.0,>=0.8.3 (from jedi>=0.16->ipython==8.14.0->-r ./pyvistaqt/requirements_test.txt (line 1))
2024-07-13T09:05:20.3654845Z   Obtaining dependency information for parso<0.9.0,>=0.8.3 from https://files.pythonhosted.org/packages/c6/ac/dac4a63f978e4dcb3c6d3a78c4d8e0192a113d288502a1216950c41b1027/parso-0.8.4-py2.py3-none-any.whl.metadata
2024-07-13T09:05:20.3795984Z   Downloading parso-0.8.4-py2.py3-none-any.whl.metadata (7.7 kB)
2024-07-13T09:05:20.4065559Z Collecting attrs>=22.2.0 (from jsonschema<5.0,>=4.18.0->check-jsonschema==0.28.6->-r ./pyvistaqt/requirements_test.txt (line 10))
2024-07-13T09:05:20.4068301Z   Obtaining dependency information for attrs>=22.2.0 from https://files.pythonhosted.org/packages/e0/44/827b2a91a5816512fcaf3cc4ebc465ccd5d598c45cefa6703fcf4a79018f/attrs-23.2.0-py3-none-any.whl.metadata
2024-07-13T09:05:20.4210290Z   Downloading attrs-23.2.0-py3-none-any.whl.metadata (9.5 kB)
2024-07-13T09:05:20.4476660Z Collecting jsonschema-specifications>=2023.03.6 (from jsonschema<5.0,>=4.18.0->check-jsonschema==0.28.6->-r ./pyvistaqt/requirements_test.txt (line 10))
2024-07-13T09:05:20.4483213Z   Obtaining dependency information for jsonschema-specifications>=2023.03.6 from https://files.pythonhosted.org/packages/ee/07/44bd408781594c4d0a027666ef27fab1e441b109dc3b76b4f836f8fd04fe/jsonschema_specifications-2023.12.1-py3-none-any.whl.metadata
2024-07-13T09:05:20.4622834Z   Downloading jsonschema_specifications-2023.12.1-py3-none-any.whl.metadata (3.0 kB)
2024-07-13T09:05:20.5040790Z Collecting referencing>=0.28.4 (from jsonschema<5.0,>=4.18.0->check-jsonschema==0.28.6->-r ./pyvistaqt/requirements_test.txt (line 10))
2024-07-13T09:05:20.5044175Z   Obtaining dependency information for referencing>=0.28.4 from https://files.pythonhosted.org/packages/b7/59/2056f61236782a2c86b33906c025d4f4a0b17be0161b63b70fd9e8775d36/referencing-0.35.1-py3-none-any.whl.metadata
2024-07-13T09:05:20.5188357Z   Downloading referencing-0.35.1-py3-none-any.whl.metadata (2.8 kB)
2024-07-13T09:05:20.7431932Z Collecting rpds-py>=0.7.1 (from jsonschema<5.0,>=4.18.0->check-jsonschema==0.28.6->-r ./pyvistaqt/requirements_test.txt (line 10))
2024-07-13T09:05:20.7435626Z   Obtaining dependency information for rpds-py>=0.7.1 from https://files.pythonhosted.org/packages/b8/2a/319eecf21aa0e872a0ee8233507a2a42e02f4b732308834292458fe1302c/rpds_py-0.19.0-cp310-cp310-manylinux_2_17_x86_64.manylinux2014_x86_64.whl.metadata
2024-07-13T09:05:20.7580891Z   Downloading rpds_py-0.19.0-cp310-cp310-manylinux_2_17_x86_64.manylinux2014_x86_64.whl.metadata (4.1 kB)
2024-07-13T09:05:20.8331891Z Collecting contourpy>=1.0.1 (from matplotlib>=3.0.1->pyvista==0.42.2->-r ./pyvistaqt/requirements_test.txt (line 7))
2024-07-13T09:05:20.8335085Z   Obtaining dependency information for contourpy>=1.0.1 from https://files.pythonhosted.org/packages/67/0f/6e5b4879594cd1cbb6a2754d9230937be444f404cf07c360c07a10b36aac/contourpy-1.2.1-cp310-cp310-manylinux_2_17_x86_64.manylinux2014_x86_64.whl.metadata
2024-07-13T09:05:20.8480225Z   Downloading contourpy-1.2.1-cp310-cp310-manylinux_2_17_x86_64.manylinux2014_x86_64.whl.metadata (5.8 kB)
2024-07-13T09:05:20.8675032Z Collecting cycler>=0.10 (from matplotlib>=3.0.1->pyvista==0.42.2->-r ./pyvistaqt/requirements_test.txt (line 7))
2024-07-13T09:05:20.8677960Z   Obtaining dependency information for cycler>=0.10 from https://files.pythonhosted.org/packages/e7/05/c19819d5e3d95294a6f5947fb9b9629efb316b96de511b418c53d245aae6/cycler-0.12.1-py3-none-any.whl.metadata
2024-07-13T09:05:20.8819877Z   Downloading cycler-0.12.1-py3-none-any.whl.metadata (3.8 kB)
2024-07-13T09:05:21.0629607Z Collecting fonttools>=4.22.0 (from matplotlib>=3.0.1->pyvista==0.42.2->-r ./pyvistaqt/requirements_test.txt (line 7))
2024-07-13T09:05:21.0633411Z   Obtaining dependency information for fonttools>=4.22.0 from https://files.pythonhosted.org/packages/56/61/ad19cad430aacbc3418be503e1f6daed9375c997a4e32b78a91195b3054a/fonttools-4.53.1-cp310-cp310-manylinux_2_17_x86_64.manylinux2014_x86_64.whl.metadata
2024-07-13T09:05:21.0781547Z   Downloading fonttools-4.53.1-cp310-cp310-manylinux_2_17_x86_64.manylinux2014_x86_64.whl.metadata (162 kB)
2024-07-13T09:05:21.0968451Z      ━━━━━━━━━━━━━━━━━━━━━━━━━━━━━━━━━━━━━━━ 162.6/162.6 kB 9.5 MB/s eta 0:00:00
2024-07-13T09:05:21.1597178Z Collecting kiwisolver>=1.3.1 (from matplotlib>=3.0.1->pyvista==0.42.2->-r ./pyvistaqt/requirements_test.txt (line 7))
2024-07-13T09:05:21.1601295Z   Obtaining dependency information for kiwisolver>=1.3.1 from https://files.pythonhosted.org/packages/6f/40/4ab1fdb57fced80ce5903f04ae1aed7c1d5939dda4fd0c0aa526c12fe28a/kiwisolver-1.4.5-cp310-cp310-manylinux_2_12_x86_64.manylinux2010_x86_64.whl.metadata
2024-07-13T09:05:21.1746629Z   Downloading kiwisolver-1.4.5-cp310-cp310-manylinux_2_12_x86_64.manylinux2010_x86_64.whl.metadata (6.4 kB)
2024-07-13T09:05:21.2292312Z Collecting pyparsing>=2.3.1 (from matplotlib>=3.0.1->pyvista==0.42.2->-r ./pyvistaqt/requirements_test.txt (line 7))
2024-07-13T09:05:21.2295296Z   Obtaining dependency information for pyparsing>=2.3.1 from https://files.pythonhosted.org/packages/9d/ea/6d76df31432a0e6fdf81681a895f009a4bb47b3c39036db3e1b528191d52/pyparsing-3.1.2-py3-none-any.whl.metadata
2024-07-13T09:05:21.2442505Z   Downloading pyparsing-3.1.2-py3-none-any.whl.metadata (5.1 kB)
2024-07-13T09:05:21.2684287Z Collecting python-dateutil>=2.7 (from matplotlib>=3.0.1->pyvista==0.42.2->-r ./pyvistaqt/requirements_test.txt (line 7))
2024-07-13T09:05:21.2688006Z   Obtaining dependency information for python-dateutil>=2.7 from https://files.pythonhosted.org/packages/ec/57/56b9bcc3c9c6a792fcbaf139543cee77261f3651ca9da0c93f5c1221264b/python_dateutil-2.9.0.post0-py2.py3-none-any.whl.metadata
2024-07-13T09:05:21.2828810Z   Downloading python_dateutil-2.9.0.post0-py2.py3-none-any.whl.metadata (8.4 kB)
2024-07-13T09:05:21.3017402Z Collecting ptyprocess>=0.5 (from pexpect>4.3->ipython==8.14.0->-r ./pyvistaqt/requirements_test.txt (line 1))
2024-07-13T09:05:21.3021377Z   Obtaining dependency information for ptyprocess>=0.5 from https://files.pythonhosted.org/packages/22/a6/858897256d0deac81a172289110f31629fc4cee19b6f01283303e18c8db3/ptyprocess-0.7.0-py2.py3-none-any.whl.metadata
2024-07-13T09:05:21.3163351Z   Downloading ptyprocess-0.7.0-py2.py3-none-any.whl.metadata (1.3 kB)
2024-07-13T09:05:21.3373539Z Collecting wcwidth (from prompt-toolkit!=3.0.37,<3.1.0,>=3.0.30->ipython==8.14.0->-r ./pyvistaqt/requirements_test.txt (line 1))
2024-07-13T09:05:21.3377221Z   Obtaining dependency information for wcwidth from https://files.pythonhosted.org/packages/fd/84/fd2ba7aafacbad3c4201d395674fc6348826569da3c0937e75505ead3528/wcwidth-0.2.13-py2.py3-none-any.whl.metadata
2024-07-13T09:05:21.3543552Z   Downloading wcwidth-0.2.13-py2.py3-none-any.whl.metadata (14 kB)
2024-07-13T09:05:21.4415963Z Collecting charset-normalizer<4,>=2 (from requests<3.0->check-jsonschema==0.28.6->-r ./pyvistaqt/requirements_test.txt (line 10))
2024-07-13T09:05:21.4419651Z   Obtaining dependency information for charset-normalizer<4,>=2 from https://files.pythonhosted.org/packages/da/f1/3702ba2a7470666a62fd81c58a4c40be00670e5006a67f4d626e57f013ae/charset_normalizer-3.3.2-cp310-cp310-manylinux_2_17_x86_64.manylinux2014_x86_64.whl.metadata
2024-07-13T09:05:21.4566581Z   Downloading charset_normalizer-3.3.2-cp310-cp310-manylinux_2_17_x86_64.manylinux2014_x86_64.whl.metadata (33 kB)
2024-07-13T09:05:21.4829556Z Collecting idna<4,>=2.5 (from requests<3.0->check-jsonschema==0.28.6->-r ./pyvistaqt/requirements_test.txt (line 10))
2024-07-13T09:05:21.4833236Z   Obtaining dependency information for idna<4,>=2.5 from https://files.pythonhosted.org/packages/e5/3e/741d8c82801c347547f8a2a06aa57dbb1992be9e948df2ea0eda2c8b79e8/idna-3.7-py3-none-any.whl.metadata
2024-07-13T09:05:21.4976468Z   Downloading idna-3.7-py3-none-any.whl.metadata (9.9 kB)
2024-07-13T09:05:21.5504055Z Collecting urllib3<3,>=1.21.1 (from requests<3.0->check-jsonschema==0.28.6->-r ./pyvistaqt/requirements_test.txt (line 10))
2024-07-13T09:05:21.5507461Z   Obtaining dependency information for urllib3<3,>=1.21.1 from https://files.pythonhosted.org/packages/ca/1c/89ffc63a9605b583d5df2be791a27bc1a42b7c32bab68d3c8f2f73a98cd4/urllib3-2.2.2-py3-none-any.whl.metadata
2024-07-13T09:05:21.5650691Z   Downloading urllib3-2.2.2-py3-none-any.whl.metadata (6.4 kB)
2024-07-13T09:05:21.5959568Z Collecting certifi>=2017.4.17 (from requests<3.0->check-jsonschema==0.28.6->-r ./pyvistaqt/requirements_test.txt (line 10))
2024-07-13T09:05:21.5963709Z   Obtaining dependency information for certifi>=2017.4.17 from https://files.pythonhosted.org/packages/1c/d5/c84e1a17bf61d4df64ca866a1c9a913874b4e9bdc131ec689a0ad013fb36/certifi-2024.7.4-py3-none-any.whl.metadata
2024-07-13T09:05:21.6104905Z   Downloading certifi-2024.7.4-py3-none-any.whl.metadata (2.2 kB)
2024-07-13T09:05:21.6311181Z Collecting sphinxcontrib-applehelp (from sphinx>=4->sphinx_gallery==0.16.0->-r ./pyvistaqt/requirements_test.txt (line 12))
2024-07-13T09:05:21.6314768Z   Obtaining dependency information for sphinxcontrib-applehelp from https://files.pythonhosted.org/packages/56/89/fea3fbf6785b388e6cb8a1beaf62f96e80b37311bdeed6e133388a732426/sphinxcontrib_applehelp-1.0.8-py3-none-any.whl.metadata
2024-07-13T09:05:21.6458401Z   Downloading sphinxcontrib_applehelp-1.0.8-py3-none-any.whl.metadata (2.3 kB)
2024-07-13T09:05:21.6714829Z Collecting sphinxcontrib-devhelp (from sphinx>=4->sphinx_gallery==0.16.0->-r ./pyvistaqt/requirements_test.txt (line 12))
2024-07-13T09:05:21.6718103Z   Obtaining dependency information for sphinxcontrib-devhelp from https://files.pythonhosted.org/packages/a0/52/1049d918d1d1c72857d285c3f0c64c1cbe0be394ce1c93a3d2aa4f39fe3b/sphinxcontrib_devhelp-1.0.6-py3-none-any.whl.metadata
2024-07-13T09:05:21.6860511Z   Downloading sphinxcontrib_devhelp-1.0.6-py3-none-any.whl.metadata (2.3 kB)
2024-07-13T09:05:21.7058266Z Collecting sphinxcontrib-jsmath (from sphinx>=4->sphinx_gallery==0.16.0->-r ./pyvistaqt/requirements_test.txt (line 12))
2024-07-13T09:05:21.7061826Z   Obtaining dependency information for sphinxcontrib-jsmath from https://files.pythonhosted.org/packages/c2/42/4c8646762ee83602e3fb3fbe774c2fac12f317deb0b5dbeeedd2d3ba4b77/sphinxcontrib_jsmath-1.0.1-py2.py3-none-any.whl.metadata
2024-07-13T09:05:21.7204243Z   Downloading sphinxcontrib_jsmath-1.0.1-py2.py3-none-any.whl.metadata (1.4 kB)
2024-07-13T09:05:21.7404642Z Collecting sphinxcontrib-htmlhelp>=2.0.0 (from sphinx>=4->sphinx_gallery==0.16.0->-r ./pyvistaqt/requirements_test.txt (line 12))
2024-07-13T09:05:21.7407814Z   Obtaining dependency information for sphinxcontrib-htmlhelp>=2.0.0 from https://files.pythonhosted.org/packages/c2/e9/74c4cda5b409af3222fda38f0774e616011bc935f639dbc0da5ca2d1be7d/sphinxcontrib_htmlhelp-2.0.5-py3-none-any.whl.metadata
2024-07-13T09:05:21.7550536Z   Downloading sphinxcontrib_htmlhelp-2.0.5-py3-none-any.whl.metadata (2.3 kB)
2024-07-13T09:05:21.7732116Z Collecting sphinxcontrib-serializinghtml>=1.1.9 (from sphinx>=4->sphinx_gallery==0.16.0->-r ./pyvistaqt/requirements_test.txt (line 12))
2024-07-13T09:05:21.7735403Z   Obtaining dependency information for sphinxcontrib-serializinghtml>=1.1.9 from https://files.pythonhosted.org/packages/38/24/228bb903ea87b9e08ab33470e6102402a644127108c7117ac9c00d849f82/sphinxcontrib_serializinghtml-1.1.10-py3-none-any.whl.metadata
2024-07-13T09:05:21.7885138Z   Downloading sphinxcontrib_serializinghtml-1.1.10-py3-none-any.whl.metadata (2.4 kB)
2024-07-13T09:05:21.8126753Z Collecting sphinxcontrib-qthelp (from sphinx>=4->sphinx_gallery==0.16.0->-r ./pyvistaqt/requirements_test.txt (line 12))
2024-07-13T09:05:21.8130111Z   Obtaining dependency information for sphinxcontrib-qthelp from https://files.pythonhosted.org/packages/80/b3/1beac14a88654d2e5120d0143b49be5ad450b86eb1963523d8dbdcc51eb2/sphinxcontrib_qthelp-1.0.7-py3-none-any.whl.metadata
2024-07-13T09:05:21.8272540Z   Downloading sphinxcontrib_qthelp-1.0.7-py3-none-any.whl.metadata (2.2 kB)
2024-07-13T09:05:21.8539576Z Collecting Jinja2>=3.0 (from sphinx>=4->sphinx_gallery==0.16.0->-r ./pyvistaqt/requirements_test.txt (line 12))
2024-07-13T09:05:21.8542917Z   Obtaining dependency information for Jinja2>=3.0 from https://files.pythonhosted.org/packages/31/80/3a54838c3fb461f6fec263ebf3a3a41771bd05190238de3486aae8540c36/jinja2-3.1.4-py3-none-any.whl.metadata
2024-07-13T09:05:21.8686260Z   Downloading jinja2-3.1.4-py3-none-any.whl.metadata (2.6 kB)
2024-07-13T09:05:21.9025013Z Collecting docutils<0.22,>=0.18.1 (from sphinx>=4->sphinx_gallery==0.16.0->-r ./pyvistaqt/requirements_test.txt (line 12))
2024-07-13T09:05:21.9027790Z   Obtaining dependency information for docutils<0.22,>=0.18.1 from https://files.pythonhosted.org/packages/8f/d7/9322c609343d929e75e7e5e6255e614fcc67572cfd083959cdef3b7aad79/docutils-0.21.2-py3-none-any.whl.metadata
2024-07-13T09:05:21.9169514Z   Downloading docutils-0.21.2-py3-none-any.whl.metadata (2.8 kB)
2024-07-13T09:05:21.9345106Z Collecting snowballstemmer>=2.0 (from sphinx>=4->sphinx_gallery==0.16.0->-r ./pyvistaqt/requirements_test.txt (line 12))
2024-07-13T09:05:21.9349095Z   Obtaining dependency information for snowballstemmer>=2.0 from https://files.pythonhosted.org/packages/ed/dc/c02e01294f7265e63a7315fe086dd1df7dacb9f840a804da846b96d01b96/snowballstemmer-2.2.0-py2.py3-none-any.whl.metadata
2024-07-13T09:05:21.9491930Z   Downloading snowballstemmer-2.2.0-py2.py3-none-any.whl.metadata (6.5 kB)
2024-07-13T09:05:21.9742309Z Collecting babel>=2.9 (from sphinx>=4->sphinx_gallery==0.16.0->-r ./pyvistaqt/requirements_test.txt (line 12))
2024-07-13T09:05:21.9746049Z   Obtaining dependency information for babel>=2.9 from https://files.pythonhosted.org/packages/27/45/377f7e32a5c93d94cd56542349b34efab5ca3f9e2fd5a68c5e93169aa32d/Babel-2.15.0-py3-none-any.whl.metadata
2024-07-13T09:05:21.9889145Z   Downloading Babel-2.15.0-py3-none-any.whl.metadata (1.5 kB)
2024-07-13T09:05:22.0088682Z Collecting alabaster~=0.7.14 (from sphinx>=4->sphinx_gallery==0.16.0->-r ./pyvistaqt/requirements_test.txt (line 12))
2024-07-13T09:05:22.0092440Z   Obtaining dependency information for alabaster~=0.7.14 from https://files.pythonhosted.org/packages/32/34/d4e1c02d3bee589efb5dfa17f88ea08bdb3e3eac12bc475462aec52ed223/alabaster-0.7.16-py3-none-any.whl.metadata
2024-07-13T09:05:22.0231978Z   Downloading alabaster-0.7.16-py3-none-any.whl.metadata (2.9 kB)
2024-07-13T09:05:22.0453313Z Collecting imagesize>=1.3 (from sphinx>=4->sphinx_gallery==0.16.0->-r ./pyvistaqt/requirements_test.txt (line 12))
2024-07-13T09:05:22.0457257Z   Obtaining dependency information for imagesize>=1.3 from https://files.pythonhosted.org/packages/ff/62/85c4c919272577931d407be5ba5d71c20f0b616d31a0befe0ae45bb79abd/imagesize-1.4.1-py2.py3-none-any.whl.metadata
2024-07-13T09:05:22.0598572Z   Downloading imagesize-1.4.1-py2.py3-none-any.whl.metadata (1.5 kB)
2024-07-13T09:05:22.3335177Z Collecting aiohttp<4 (from wslink<3,>=2->trame-server==3.0.2->-r ./pyvistaqt/requirements_test.txt (line 16))
2024-07-13T09:05:22.3338435Z   Obtaining dependency information for aiohttp<4 from https://files.pythonhosted.org/packages/a0/09/e7637f4f0760cad4d67347bbd8311c6ad0259a3fc01f04555af9e84bd378/aiohttp-3.9.5-cp310-cp310-manylinux_2_17_x86_64.manylinux2014_x86_64.whl.metadata
2024-07-13T09:05:22.3484976Z   Downloading aiohttp-3.9.5-cp310-cp310-manylinux_2_17_x86_64.manylinux2014_x86_64.whl.metadata (7.5 kB)
2024-07-13T09:05:22.4893152Z Collecting msgpack<2,>=1 (from wslink<3,>=2->trame-server==3.0.2->-r ./pyvistaqt/requirements_test.txt (line 16))
2024-07-13T09:05:22.4897012Z   Obtaining dependency information for msgpack<2,>=1 from https://files.pythonhosted.org/packages/d9/96/a1868dd8997d65732476dfc70fef44d046c1b4dbe36ec1481ab744d87775/msgpack-1.0.8-cp310-cp310-manylinux_2_17_x86_64.manylinux2014_x86_64.whl.metadata
2024-07-13T09:05:22.5060353Z   Downloading msgpack-1.0.8-cp310-cp310-manylinux_2_17_x86_64.manylinux2014_x86_64.whl.metadata (9.1 kB)
2024-07-13T09:05:22.5484217Z Collecting platformdirs>=2.5.0 (from pooch->pyvista==0.42.2->-r ./pyvistaqt/requirements_test.txt (line 7))
2024-07-13T09:05:22.5486917Z   Obtaining dependency information for platformdirs>=2.5.0 from https://files.pythonhosted.org/packages/68/13/2aa1f0e1364feb2c9ef45302f387ac0bd81484e9c9a4c5688a322fbdfd08/platformdirs-4.2.2-py3-none-any.whl.metadata
2024-07-13T09:05:22.5633694Z   Downloading platformdirs-4.2.2-py3-none-any.whl.metadata (11 kB)
2024-07-13T09:05:22.5997178Z Collecting executing>=1.2.0 (from stack-data->ipython==8.14.0->-r ./pyvistaqt/requirements_test.txt (line 1))
2024-07-13T09:05:22.6000401Z   Obtaining dependency information for executing>=1.2.0 from https://files.pythonhosted.org/packages/80/03/6ea8b1b2a5ab40a7a60dc464d3daa7aa546e0a74d74a9f8ff551ea7905db/executing-2.0.1-py2.py3-none-any.whl.metadata
2024-07-13T09:05:22.6142153Z   Downloading executing-2.0.1-py2.py3-none-any.whl.metadata (9.0 kB)
2024-07-13T09:05:22.6378516Z Collecting asttokens>=2.1.0 (from stack-data->ipython==8.14.0->-r ./pyvistaqt/requirements_test.txt (line 1))
2024-07-13T09:05:22.6381691Z   Obtaining dependency information for asttokens>=2.1.0 from https://files.pythonhosted.org/packages/45/86/4736ac618d82a20d87d2f92ae19441ebc7ac9e7a581d7e58bbe79233b24a/asttokens-2.4.1-py2.py3-none-any.whl.metadata
2024-07-13T09:05:22.6524150Z   Downloading asttokens-2.4.1-py2.py3-none-any.whl.metadata (5.2 kB)
2024-07-13T09:05:22.6709955Z Collecting pure-eval (from stack-data->ipython==8.14.0->-r ./pyvistaqt/requirements_test.txt (line 1))
2024-07-13T09:05:22.6713500Z   Obtaining dependency information for pure-eval from https://files.pythonhosted.org/packages/2b/27/77f9d5684e6bce929f5cfe18d6cfbe5133013c06cb2fbf5933670e60761d/pure_eval-0.2.2-py3-none-any.whl.metadata
2024-07-13T09:05:22.6853095Z   Downloading pure_eval-0.2.2-py3-none-any.whl.metadata (6.2 kB)
2024-07-13T09:05:22.7115829Z Collecting aiosignal>=1.1.2 (from aiohttp<4->wslink<3,>=2->trame-server==3.0.2->-r ./pyvistaqt/requirements_test.txt (line 16))
2024-07-13T09:05:22.7118914Z   Obtaining dependency information for aiosignal>=1.1.2 from https://files.pythonhosted.org/packages/76/ac/a7305707cb852b7e16ff80eaf5692309bde30e2b1100a1fcacdc8f731d97/aiosignal-1.3.1-py3-none-any.whl.metadata
2024-07-13T09:05:22.7262562Z   Downloading aiosignal-1.3.1-py3-none-any.whl.metadata (4.0 kB)
2024-07-13T09:05:22.7873914Z Collecting frozenlist>=1.1.1 (from aiohttp<4->wslink<3,>=2->trame-server==3.0.2->-r ./pyvistaqt/requirements_test.txt (line 16))
2024-07-13T09:05:22.7877357Z   Obtaining dependency information for frozenlist>=1.1.1 from https://files.pythonhosted.org/packages/ec/25/0c87df2e53c0c5d90f7517ca0ff7aca78d050a8ec4d32c4278e8c0e52e51/frozenlist-1.4.1-cp310-cp310-manylinux_2_5_x86_64.manylinux1_x86_64.manylinux_2_17_x86_64.manylinux2014_x86_64.whl.metadata
2024-07-13T09:05:22.8024587Z   Downloading frozenlist-1.4.1-cp310-cp310-manylinux_2_5_x86_64.manylinux1_x86_64.manylinux_2_17_x86_64.manylinux2014_x86_64.whl.metadata (12 kB)
2024-07-13T09:05:22.9861844Z Collecting multidict<7.0,>=4.5 (from aiohttp<4->wslink<3,>=2->trame-server==3.0.2->-r ./pyvistaqt/requirements_test.txt (line 16))
2024-07-13T09:05:22.9865827Z   Obtaining dependency information for multidict<7.0,>=4.5 from https://files.pythonhosted.org/packages/33/62/2c9085e571318d51212a6914566fe41dd0e33d7f268f7e2f23dcd3f06c56/multidict-6.0.5-cp310-cp310-manylinux_2_17_x86_64.manylinux2014_x86_64.whl.metadata
2024-07-13T09:05:23.0012210Z   Downloading multidict-6.0.5-cp310-cp310-manylinux_2_17_x86_64.manylinux2014_x86_64.whl.metadata (4.2 kB)
2024-07-13T09:05:23.1280600Z Collecting yarl<2.0,>=1.0 (from aiohttp<4->wslink<3,>=2->trame-server==3.0.2->-r ./pyvistaqt/requirements_test.txt (line 16))
2024-07-13T09:05:23.1284231Z   Obtaining dependency information for yarl<2.0,>=1.0 from https://files.pythonhosted.org/packages/c3/a0/0ade1409d184cbc9e85acd403a386a7c0563b92ff0f26d138ff9e86e48b4/yarl-1.9.4-cp310-cp310-manylinux_2_17_x86_64.manylinux2014_x86_64.whl.metadata
2024-07-13T09:05:23.1431551Z   Downloading yarl-1.9.4-cp310-cp310-manylinux_2_17_x86_64.manylinux2014_x86_64.whl.metadata (31 kB)
2024-07-13T09:05:23.1675808Z Collecting async-timeout<5.0,>=4.0 (from aiohttp<4->wslink<3,>=2->trame-server==3.0.2->-r ./pyvistaqt/requirements_test.txt (line 16))
2024-07-13T09:05:23.1679447Z   Obtaining dependency information for async-timeout<5.0,>=4.0 from https://files.pythonhosted.org/packages/a7/fa/e01228c2938de91d47b307831c62ab9e4001e747789d0b05baf779a6488c/async_timeout-4.0.3-py3-none-any.whl.metadata
2024-07-13T09:05:23.1821596Z   Downloading async_timeout-4.0.3-py3-none-any.whl.metadata (4.2 kB)
2024-07-13T09:05:23.2077874Z Collecting six>=1.12.0 (from asttokens>=2.1.0->stack-data->ipython==8.14.0->-r ./pyvistaqt/requirements_test.txt (line 1))
2024-07-13T09:05:23.2081161Z   Obtaining dependency information for six>=1.12.0 from https://files.pythonhosted.org/packages/d9/5a/e7c31adbe875f2abbb91bd84cf2dc52d792b5a01506781dbcf25c91daf11/six-1.16.0-py2.py3-none-any.whl.metadata
2024-07-13T09:05:23.2224297Z   Downloading six-1.16.0-py2.py3-none-any.whl.metadata (1.8 kB)
2024-07-13T09:05:23.3070878Z Collecting MarkupSafe>=2.0 (from Jinja2>=3.0->sphinx>=4->sphinx_gallery==0.16.0->-r ./pyvistaqt/requirements_test.txt (line 12))
2024-07-13T09:05:23.3074401Z   Obtaining dependency information for MarkupSafe>=2.0 from https://files.pythonhosted.org/packages/7c/52/2b1b570f6b8b803cef5ac28fdf78c0da318916c7d2fe9402a84d591b394c/MarkupSafe-2.1.5-cp310-cp310-manylinux_2_17_x86_64.manylinux2014_x86_64.whl.metadata
2024-07-13T09:05:23.3227704Z   Downloading MarkupSafe-2.1.5-cp310-cp310-manylinux_2_17_x86_64.manylinux2014_x86_64.whl.metadata (3.0 kB)
2024-07-13T09:05:23.4410896Z Downloading ipython-8.14.0-py3-none-any.whl (798 kB)
2024-07-13T09:05:23.4666457Z    ━━━━━━━━━━━━━━━━━━━━━━━━━━━━━━━━━━━━━━━━ 798.7/798.7 kB 34.1 MB/s eta 0:00:00
2024-07-13T09:05:23.4811820Z Downloading numpy-1.26.4-cp310-cp310-manylinux_2_17_x86_64.manylinux2014_x86_64.whl (18.2 MB)
2024-07-13T09:05:23.6352322Z    ━━━━━━━━━━━━━━━━━━━━━━━━━━━━━━━━━━━━━━━━ 18.2/18.2 MB 100.5 MB/s eta 0:00:00
2024-07-13T09:05:23.6495563Z Downloading pytest-8.2.1-py3-none-any.whl (339 kB)
2024-07-13T09:05:23.6567668Z    ━━━━━━━━━━━━━━━━━━━━━━━━━━━━━━━━━━━━━━━━ 339.6/339.6 kB 63.1 MB/s eta 0:00:00
2024-07-13T09:05:23.6709599Z Downloading pytest_cov-5.0.0-py3-none-any.whl (21 kB)
2024-07-13T09:05:23.6876064Z Downloading pytest_qt-4.4.0-py3-none-any.whl (36 kB)
2024-07-13T09:05:23.7040141Z Downloading pyvista-0.42.2-py3-none-any.whl (1.6 MB)
2024-07-13T09:05:23.7210172Z    ━━━━━━━━━━━━━━━━━━━━━━━━━━━━━━━━━━━━━━━━ 1.6/1.6 MB 107.5 MB/s eta 0:00:00
2024-07-13T09:05:23.7354914Z Downloading QtPy-2.4.0-py3-none-any.whl (93 kB)
2024-07-13T09:05:23.7404387Z    ━━━━━━━━━━━━━━━━━━━━━━━━━━━━━━━━━━━━━━━━ 93.4/93.4 kB 31.0 MB/s eta 0:00:00
2024-07-13T09:05:23.7544880Z Downloading scooby-0.9.2-py3-none-any.whl (18 kB)
2024-07-13T09:05:23.7711717Z Downloading check_jsonschema-0.28.6-py3-none-any.whl (227 kB)
2024-07-13T09:05:23.7768522Z    ━━━━━━━━━━━━━━━━━━━━━━━━━━━━━━━━━━━━━━━━ 227.5/227.5 kB 58.4 MB/s eta 0:00:00
2024-07-13T09:05:23.7909486Z Downloading toml-0.10.2-py2.py3-none-any.whl (16 kB)
2024-07-13T09:05:23.8089419Z Downloading sphinx_gallery-0.16.0-py3-none-any.whl (413 kB)
2024-07-13T09:05:23.8185188Z    ━━━━━━━━━━━━━━━━━━━━━━━━━━━━━━━━━━━━━━━━ 413.5/413.5 kB 53.4 MB/s eta 0:00:00
2024-07-13T09:05:23.8326617Z Downloading nest_asyncio-1.6.0-py3-none-any.whl (5.2 kB)
2024-07-13T09:05:23.8492428Z Downloading trame-3.6.3-py3-none-any.whl (30 kB)
2024-07-13T09:05:23.8661366Z Downloading trame_client-3.2.0-py3-none-any.whl (233 kB)
2024-07-13T09:05:23.8728381Z    ━━━━━━━━━━━━━━━━━━━━━━━━━━━━━━━━━━━━━━━━ 233.8/233.8 kB 47.3 MB/s eta 0:00:00
2024-07-13T09:05:23.8870457Z Downloading trame_server-3.0.2-py3-none-any.whl (35 kB)
2024-07-13T09:05:23.9036620Z Downloading trame_vtk-2.8.9-py3-none-any.whl (743 kB)
2024-07-13T09:05:23.9145726Z    ━━━━━━━━━━━━━━━━━━━━━━━━━━━━━━━━━━━━━━━━ 743.8/743.8 kB 84.1 MB/s eta 0:00:00
2024-07-13T09:05:23.9296908Z Downloading ruamel.yaml-0.18.6-py3-none-any.whl (117 kB)
2024-07-13T09:05:23.9368666Z    ━━━━━━━━━━━━━━━━━━━━━━━━━━━━━━━━━━━━━━━━ 117.8/117.8 kB 20.8 MB/s eta 0:00:00
2024-07-13T09:05:23.9513210Z Downloading PyQt6_Qt6-6.7.2-py3-none-manylinux_2_28_x86_64.whl (74.3 MB)
2024-07-13T09:05:24.5839588Z    ━━━━━━━━━━━━━━━━━━━━━━━━━━━━━━━━━━━━━━━━ 74.3/74.3 MB 44.0 MB/s eta 0:00:00
2024-07-13T09:05:24.5995284Z Downloading PyQt6-6.7.0-1-cp38-abi3-manylinux_2_28_x86_64.whl (8.1 MB)
2024-07-13T09:05:24.6665424Z    ━━━━━━━━━━━━━━━━━━━━━━━━━━━━━━━━━━━━━━━━ 8.1/8.1 MB 125.5 MB/s eta 0:00:00
2024-07-13T09:05:24.6807773Z Downloading click-8.1.7-py3-none-any.whl (97 kB)
2024-07-13T09:05:24.6855823Z    ━━━━━━━━━━━━━━━━━━━━━━━━━━━━━━━━━━━━━━━━ 97.9/97.9 kB 30.6 MB/s eta 0:00:00
2024-07-13T09:05:24.6999503Z Downloading coverage-7.6.0-cp310-cp310-manylinux_2_5_x86_64.manylinux1_x86_64.manylinux_2_17_x86_64.manylinux2014_x86_64.whl (233 kB)
2024-07-13T09:05:24.7055186Z    ━━━━━━━━━━━━━━━━━━━━━━━━━━━━━━━━━━━━━━━━ 233.8/233.8 kB 59.0 MB/s eta 0:00:00
2024-07-13T09:05:24.7196642Z Downloading exceptiongroup-1.2.2-py3-none-any.whl (16 kB)
2024-07-13T09:05:24.7364089Z Downloading jedi-0.19.1-py2.py3-none-any.whl (1.6 MB)
2024-07-13T09:05:24.7535176Z    ━━━━━━━━━━━━━━━━━━━━━━━━━━━━━━━━━━━━━━━━ 1.6/1.6 MB 104.6 MB/s eta 0:00:00
2024-07-13T09:05:24.7677931Z Downloading jsonschema-4.23.0-py3-none-any.whl (88 kB)
2024-07-13T09:05:24.7727336Z    ━━━━━━━━━━━━━━━━━━━━━━━━━━━━━━━━━━━━━━━━ 88.5/88.5 kB 27.0 MB/s eta 0:00:00
2024-07-13T09:05:24.7870097Z Downloading matplotlib-3.9.1-cp310-cp310-manylinux_2_17_x86_64.manylinux2014_x86_64.whl (8.3 MB)
2024-07-13T09:05:24.8560439Z    ━━━━━━━━━━━━━━━━━━━━━━━━━━━━━━━━━━━━━━━━ 8.3/8.3 MB 124.0 MB/s eta 0:00:00
2024-07-13T09:05:24.8574688Z Using cached packaging-24.1-py3-none-any.whl (53 kB)
2024-07-13T09:05:24.8719101Z Downloading pexpect-4.9.0-py2.py3-none-any.whl (63 kB)
2024-07-13T09:05:24.8771581Z    ━━━━━━━━━━━━━━━━━━━━━━━━━━━━━━━━━━━━━━━━ 63.8/63.8 kB 16.5 MB/s eta 0:00:00
2024-07-13T09:05:24.8918194Z Downloading pillow-10.4.0-cp310-cp310-manylinux_2_28_x86_64.whl (4.5 MB)
2024-07-13T09:05:24.9329035Z    ━━━━━━━━━━━━━━━━━━━━━━━━━━━━━━━━━━━━━━━━ 4.5/4.5 MB 116.0 MB/s eta 0:00:00
2024-07-13T09:05:24.9473994Z Downloading pluggy-1.5.0-py3-none-any.whl (20 kB)
2024-07-13T09:05:24.9644139Z Downloading prompt_toolkit-3.0.47-py3-none-any.whl (386 kB)
2024-07-13T09:05:24.9720232Z    ━━━━━━━━━━━━━━━━━━━━━━━━━━━━━━━━━━━━━━━━ 386.4/386.4 kB 67.8 MB/s eta 0:00:00
2024-07-13T09:05:24.9868786Z Downloading pygments-2.18.0-py3-none-any.whl (1.2 MB)
2024-07-13T09:05:25.0026725Z    ━━━━━━━━━━━━━━━━━━━━━━━━━━━━━━━━━━━━━━━━ 1.2/1.2 MB 88.2 MB/s eta 0:00:00
2024-07-13T09:05:25.0174866Z Downloading PyQt6_sip-13.8.0-cp310-cp310-manylinux_2_5_x86_64.manylinux1_x86_64.whl (284 kB)
2024-07-13T09:05:25.0387713Z    ━━━━━━━━━━━━━━━━━━━━━━━━━━━━━━━━━━━━━━━━ 284.6/284.6 kB 14.2 MB/s eta 0:00:00
2024-07-13T09:05:25.0534464Z Downloading regress-0.4.5-cp310-cp310-manylinux_2_17_x86_64.manylinux2014_x86_64.whl (1.3 MB)
2024-07-13T09:05:25.0684558Z    ━━━━━━━━━━━━━━━━━━━━━━━━━━━━━━━━━━━━━━━━ 1.3/1.3 MB 98.6 MB/s eta 0:00:00
2024-07-13T09:05:25.1046529Z Downloading requests-2.32.3-py3-none-any.whl (64 kB)
2024-07-13T09:05:25.1105750Z    ━━━━━━━━━━━━━━━━━━━━━━━━━━━━━━━━━━━━━━━━ 64.9/64.9 kB 14.4 MB/s eta 0:00:00
2024-07-13T09:05:25.1252514Z Downloading sphinx-7.3.7-py3-none-any.whl (3.3 MB)
2024-07-13T09:05:25.1568040Z    ━━━━━━━━━━━━━━━━━━━━━━━━━━━━━━━━━━━━━━━━ 3.3/3.3 MB 113.3 MB/s eta 0:00:00
2024-07-13T09:05:25.1582491Z Using cached tomli-2.0.1-py3-none-any.whl (12 kB)
2024-07-13T09:05:25.1728026Z Downloading traitlets-5.14.3-py3-none-any.whl (85 kB)
2024-07-13T09:05:25.1794987Z    ━━━━━━━━━━━━━━━━━━━━━━━━━━━━━━━━━━━━━━━━ 85.4/85.4 kB 15.9 MB/s eta 0:00:00
2024-07-13T09:05:25.1937235Z Downloading wslink-2.1.1-py3-none-any.whl (35 kB)
2024-07-13T09:05:25.2140468Z Downloading backcall-0.2.0-py2.py3-none-any.whl (11 kB)
2024-07-13T09:05:25.2310316Z Downloading decorator-5.1.1-py3-none-any.whl (9.1 kB)
2024-07-13T09:05:25.2483664Z Downloading iniconfig-2.0.0-py3-none-any.whl (5.9 kB)
2024-07-13T09:05:25.2665808Z Downloading matplotlib_inline-0.1.7-py3-none-any.whl (9.9 kB)
2024-07-13T09:05:25.2842202Z Downloading more_itertools-10.3.0-py3-none-any.whl (59 kB)
2024-07-13T09:05:25.2897417Z    ━━━━━━━━━━━━━━━━━━━━━━━━━━━━━━━━━━━━━━━━ 59.2/59.2 kB 14.1 MB/s eta 0:00:00
2024-07-13T09:05:25.3038797Z Downloading pickleshare-0.7.5-py2.py3-none-any.whl (6.9 kB)
2024-07-13T09:05:25.3201471Z Downloading pooch-1.8.2-py3-none-any.whl (64 kB)
2024-07-13T09:05:25.3249065Z    ━━━━━━━━━━━━━━━━━━━━━━━━━━━━━━━━━━━━━━━━ 64.6/64.6 kB 19.6 MB/s eta 0:00:00
2024-07-13T09:05:25.3392886Z Downloading psutil-6.0.0-cp36-abi3-manylinux_2_12_x86_64.manylinux2010_x86_64.manylinux_2_17_x86_64.manylinux2014_x86_64.whl (290 kB)
2024-07-13T09:05:25.3461138Z    ━━━━━━━━━━━━━━━━━━━━━━━━━━━━━━━━━━━━━━━━ 290.5/290.5 kB 59.6 MB/s eta 0:00:00
2024-07-13T09:05:25.3602625Z Downloading stack_data-0.6.3-py3-none-any.whl (24 kB)
2024-07-13T09:05:25.3816342Z Downloading vtk-9.3.1-cp310-cp310-manylinux_2_17_x86_64.manylinux2014_x86_64.whl (92.1 MB)
2024-07-13T09:05:26.1147783Z    ━━━━━━━━━━━━━━━━━━━━━━━━━━━━━━━━━━━━━━━━ 92.1/92.1 MB 39.9 MB/s eta 0:00:00
2024-07-13T09:05:26.1294529Z Downloading aiohttp-3.9.5-cp310-cp310-manylinux_2_17_x86_64.manylinux2014_x86_64.whl (1.2 MB)
2024-07-13T09:05:26.1434426Z    ━━━━━━━━━━━━━━━━━━━━━━━━━━━━━━━━━━━━━━━━ 1.2/1.2 MB 102.5 MB/s eta 0:00:00
2024-07-13T09:05:26.1576689Z Downloading alabaster-0.7.16-py3-none-any.whl (13 kB)
2024-07-13T09:05:26.1741043Z Downloading asttokens-2.4.1-py2.py3-none-any.whl (27 kB)
2024-07-13T09:05:26.1909654Z Downloading attrs-23.2.0-py3-none-any.whl (60 kB)
2024-07-13T09:05:26.1954359Z    ━━━━━━━━━━━━━━━━━━━━━━━━━━━━━━━━━━━━━━━━ 60.8/60.8 kB 20.2 MB/s eta 0:00:00
2024-07-13T09:05:26.2098823Z Downloading Babel-2.15.0-py3-none-any.whl (9.6 MB)
2024-07-13T09:05:26.2935645Z    ━━━━━━━━━━━━━━━━━━━━━━━━━━━━━━━━━━━━━━━━ 9.6/9.6 MB 118.1 MB/s eta 0:00:00
2024-07-13T09:05:26.3083959Z Downloading certifi-2024.7.4-py3-none-any.whl (162 kB)
2024-07-13T09:05:26.3140335Z    ━━━━━━━━━━━━━━━━━━━━━━━━━━━━━━━━━━━━━━━━ 163.0/163.0 kB 43.2 MB/s eta 0:00:00
2024-07-13T09:05:26.3303213Z Downloading charset_normalizer-3.3.2-cp310-cp310-manylinux_2_17_x86_64.manylinux2014_x86_64.whl (142 kB)
2024-07-13T09:05:26.3357056Z    ━━━━━━━━━━━━━━━━━━━━━━━━━━━━━━━━━━━━━━━━ 142.1/142.1 kB 38.4 MB/s eta 0:00:00
2024-07-13T09:05:26.3499185Z Downloading contourpy-1.2.1-cp310-cp310-manylinux_2_17_x86_64.manylinux2014_x86_64.whl (305 kB)
2024-07-13T09:05:26.3568104Z    ━━━━━━━━━━━━━━━━━━━━━━━━━━━━━━━━━━━━━━━━ 305.2/305.2 kB 60.5 MB/s eta 0:00:00
2024-07-13T09:05:26.3710029Z Downloading cycler-0.12.1-py3-none-any.whl (8.3 kB)
2024-07-13T09:05:26.3872954Z Downloading docutils-0.21.2-py3-none-any.whl (587 kB)
2024-07-13T09:05:26.3960619Z    ━━━━━━━━━━━━━━━━━━━━━━━━━━━━━━━━━━━━━━━━ 587.4/587.4 kB 86.5 MB/s eta 0:00:00
2024-07-13T09:05:26.4101169Z Downloading executing-2.0.1-py2.py3-none-any.whl (24 kB)
2024-07-13T09:05:26.4278126Z Downloading fonttools-4.53.1-cp310-cp310-manylinux_2_17_x86_64.manylinux2014_x86_64.whl (4.6 MB)
2024-07-13T09:05:26.4719131Z    ━━━━━━━━━━━━━━━━━━━━━━━━━━━━━━━━━━━━━━━━ 4.6/4.6 MB 110.2 MB/s eta 0:00:00
2024-07-13T09:05:26.4862925Z Downloading idna-3.7-py3-none-any.whl (66 kB)
2024-07-13T09:05:26.4908404Z    ━━━━━━━━━━━━━━━━━━━━━━━━━━━━━━━━━━━━━━━━ 66.8/66.8 kB 22.0 MB/s eta 0:00:00
2024-07-13T09:05:26.5059829Z Downloading imagesize-1.4.1-py2.py3-none-any.whl (8.8 kB)
2024-07-13T09:05:26.5220395Z Downloading jinja2-3.1.4-py3-none-any.whl (133 kB)
2024-07-13T09:05:26.5269264Z    ━━━━━━━━━━━━━━━━━━━━━━━━━━━━━━━━━━━━━━━━ 133.3/133.3 kB 41.3 MB/s eta 0:00:00
2024-07-13T09:05:26.5412111Z Downloading jsonschema_specifications-2023.12.1-py3-none-any.whl (18 kB)
2024-07-13T09:05:26.5580137Z Downloading kiwisolver-1.4.5-cp310-cp310-manylinux_2_12_x86_64.manylinux2010_x86_64.whl (1.6 MB)
2024-07-13T09:05:26.5750734Z    ━━━━━━━━━━━━━━━━━━━━━━━━━━━━━━━━━━━━━━━━ 1.6/1.6 MB 108.4 MB/s eta 0:00:00
2024-07-13T09:05:26.5897268Z Downloading msgpack-1.0.8-cp310-cp310-manylinux_2_17_x86_64.manylinux2014_x86_64.whl (385 kB)
2024-07-13T09:05:26.5965102Z    ━━━━━━━━━━━━━━━━━━━━━━━━━━━━━━━━━━━━━━━━ 385.1/385.1 kB 75.4 MB/s eta 0:00:00
2024-07-13T09:05:26.6106232Z Downloading parso-0.8.4-py2.py3-none-any.whl (103 kB)
2024-07-13T09:05:26.6155884Z    ━━━━━━━━━━━━━━━━━━━━━━━━━━━━━━━━━━━━━━━━ 103.7/103.7 kB 30.9 MB/s eta 0:00:00
2024-07-13T09:05:26.6298224Z Downloading platformdirs-4.2.2-py3-none-any.whl (18 kB)
2024-07-13T09:05:26.6460774Z Downloading ptyprocess-0.7.0-py2.py3-none-any.whl (13 kB)
2024-07-13T09:05:26.6630594Z Downloading pyparsing-3.1.2-py3-none-any.whl (103 kB)
2024-07-13T09:05:26.6694498Z    ━━━━━━━━━━━━━━━━━━━━━━━━━━━━━━━━━━━━━━━━ 103.2/103.2 kB 21.8 MB/s eta 0:00:00
2024-07-13T09:05:26.6841117Z Downloading python_dateutil-2.9.0.post0-py2.py3-none-any.whl (229 kB)
2024-07-13T09:05:26.6916263Z    ━━━━━━━━━━━━━━━━━━━━━━━━━━━━━━━━━━━━━━━━ 229.9/229.9 kB 39.1 MB/s eta 0:00:00
2024-07-13T09:05:26.7066374Z Downloading referencing-0.35.1-py3-none-any.whl (26 kB)
2024-07-13T09:05:26.7237662Z Downloading rpds_py-0.19.0-cp310-cp310-manylinux_2_17_x86_64.manylinux2014_x86_64.whl (355 kB)
2024-07-13T09:05:26.7332200Z    ━━━━━━━━━━━━━━━━━━━━━━━━━━━━━━━━━━━━━━━━ 355.8/355.8 kB 46.4 MB/s eta 0:00:00
2024-07-13T09:05:26.7479628Z Downloading ruamel.yaml.clib-0.2.8-cp310-cp310-manylinux_2_17_x86_64.manylinux2014_x86_64.manylinux_2_24_x86_64.whl (526 kB)
2024-07-13T09:05:26.7569962Z    ━━━━━━━━━━━━━━━━━━━━━━━━━━━━━━━━━━━━━━━━ 526.7/526.7 kB 73.6 MB/s eta 0:00:00
2024-07-13T09:05:26.7712198Z Downloading snowballstemmer-2.2.0-py2.py3-none-any.whl (93 kB)
2024-07-13T09:05:26.7768720Z    ━━━━━━━━━━━━━━━━━━━━━━━━━━━━━━━━━━━━━━━━ 93.0/93.0 kB 22.5 MB/s eta 0:00:00
2024-07-13T09:05:26.7924409Z Downloading sphinxcontrib_htmlhelp-2.0.5-py3-none-any.whl (99 kB)
2024-07-13T09:05:26.7980226Z    ━━━━━━━━━━━━━━━━━━━━━━━━━━━━━━━━━━━━━━━━ 99.2/99.2 kB 24.6 MB/s eta 0:00:00
2024-07-13T09:05:26.8123747Z Downloading sphinxcontrib_serializinghtml-1.1.10-py3-none-any.whl (92 kB)
2024-07-13T09:05:26.8191335Z    ━━━━━━━━━━━━━━━━━━━━━━━━━━━━━━━━━━━━━━━━ 92.7/92.7 kB 17.3 MB/s eta 0:00:00
2024-07-13T09:05:26.8335288Z Downloading urllib3-2.2.2-py3-none-any.whl (121 kB)
2024-07-13T09:05:26.8391699Z    ━━━━━━━━━━━━━━━━━━━━━━━━━━━━━━━━━━━━━━━━ 121.4/121.4 kB 31.5 MB/s eta 0:00:00
2024-07-13T09:05:26.8534343Z Downloading pure_eval-0.2.2-py3-none-any.whl (11 kB)
2024-07-13T09:05:26.8704750Z Downloading sphinxcontrib_applehelp-1.0.8-py3-none-any.whl (120 kB)
2024-07-13T09:05:26.8771772Z    ━━━━━━━━━━━━━━━━━━━━━━━━━━━━━━━━━━━━━━━━ 120.0/120.0 kB 23.2 MB/s eta 0:00:00
2024-07-13T09:05:26.8916788Z Downloading sphinxcontrib_devhelp-1.0.6-py3-none-any.whl (83 kB)
2024-07-13T09:05:26.8982780Z    ━━━━━━━━━━━━━━━━━━━━━━━━━━━━━━━━━━━━━━━━ 83.5/83.5 kB 15.8 MB/s eta 0:00:00
2024-07-13T09:05:26.9123694Z Downloading sphinxcontrib_jsmath-1.0.1-py2.py3-none-any.whl (5.1 kB)
2024-07-13T09:05:26.9292728Z Downloading sphinxcontrib_qthelp-1.0.7-py3-none-any.whl (89 kB)
2024-07-13T09:05:26.9348773Z    ━━━━━━━━━━━━━━━━━━━━━━━━━━━━━━━━━━━━━━━━ 89.4/89.4 kB 21.2 MB/s eta 0:00:00
2024-07-13T09:05:26.9490626Z Downloading wcwidth-0.2.13-py2.py3-none-any.whl (34 kB)
2024-07-13T09:05:26.9678555Z Downloading aiosignal-1.3.1-py3-none-any.whl (7.6 kB)
2024-07-13T09:05:26.9858664Z Downloading async_timeout-4.0.3-py3-none-any.whl (5.7 kB)
2024-07-13T09:05:27.0042778Z Downloading frozenlist-1.4.1-cp310-cp310-manylinux_2_5_x86_64.manylinux1_x86_64.manylinux_2_17_x86_64.manylinux2014_x86_64.whl (239 kB)
2024-07-13T09:05:27.0110451Z    ━━━━━━━━━━━━━━━━━━━━━━━━━━━━━━━━━━━━━━━━ 239.5/239.5 kB 48.9 MB/s eta 0:00:00
2024-07-13T09:05:27.0253665Z Downloading MarkupSafe-2.1.5-cp310-cp310-manylinux_2_17_x86_64.manylinux2014_x86_64.whl (25 kB)
2024-07-13T09:05:27.0419149Z Downloading multidict-6.0.5-cp310-cp310-manylinux_2_17_x86_64.manylinux2014_x86_64.whl (124 kB)
2024-07-13T09:05:27.0495484Z    ━━━━━━━━━━━━━━━━━━━━━━━━━━━━━━━━━━━━━━━━ 124.3/124.3 kB 20.8 MB/s eta 0:00:00
2024-07-13T09:05:27.0637199Z Downloading six-1.16.0-py2.py3-none-any.whl (11 kB)
2024-07-13T09:05:27.0828609Z Downloading yarl-1.9.4-cp310-cp310-manylinux_2_17_x86_64.manylinux2014_x86_64.whl (301 kB)
2024-07-13T09:05:27.0898705Z    ━━━━━━━━━━━━━━━━━━━━━━━━━━━━━━━━━━━━━━━━ 301.6/301.6 kB 58.7 MB/s eta 0:00:00
2024-07-13T09:05:27.4208948Z Building wheels for collected packages: pytest-memprof, pyvistaqt
2024-07-13T09:05:27.4218472Z   Building wheel for pytest-memprof (pyproject.toml): started
2024-07-13T09:05:27.4220642Z   Running command Building wheel for pytest-memprof (pyproject.toml)
2024-07-13T09:05:27.5453169Z   running bdist_wheel
2024-07-13T09:05:27.5545263Z   running build
2024-07-13T09:05:27.5547964Z   running build_py
2024-07-13T09:05:27.5558188Z   creating build
2024-07-13T09:05:27.5560422Z   creating build/lib
2024-07-13T09:05:27.5563517Z   copying pytest_memprof.py -> build/lib
2024-07-13T09:05:27.5588742Z   installing to build/bdist.linux-x86_64/wheel
2024-07-13T09:05:27.5590707Z   running install
2024-07-13T09:05:27.5649674Z   running install_lib
2024-07-13T09:05:27.5660641Z   creating build/bdist.linux-x86_64
2024-07-13T09:05:27.5662853Z   creating build/bdist.linux-x86_64/wheel
2024-07-13T09:05:27.5665709Z   copying build/lib/pytest_memprof.py -> build/bdist.linux-x86_64/wheel
2024-07-13T09:05:27.5667234Z   running install_egg_info
2024-07-13T09:05:27.5691753Z   running egg_info
2024-07-13T09:05:27.5698833Z   writing pytest_memprof.egg-info/PKG-INFO
2024-07-13T09:05:27.5703397Z   writing dependency_links to pytest_memprof.egg-info/dependency_links.txt
2024-07-13T09:05:27.5707105Z   writing entry points to pytest_memprof.egg-info/entry_points.txt
2024-07-13T09:05:27.5709781Z   writing requirements to pytest_memprof.egg-info/requires.txt
2024-07-13T09:05:27.5712586Z   writing top-level names to pytest_memprof.egg-info/top_level.txt
2024-07-13T09:05:27.5724725Z   reading manifest file 'pytest_memprof.egg-info/SOURCES.txt'
2024-07-13T09:05:27.5728150Z   reading manifest template 'MANIFEST.in'
2024-07-13T09:05:27.5732420Z   warning: no previously-included files matching '__pycache__' found under directory '*'
2024-07-13T09:05:27.5735217Z   warning: no previously-included files matching '*.py[co]' found under directory '*'
2024-07-13T09:05:27.5737475Z   adding license file 'LICENSE'
2024-07-13T09:05:27.5744363Z   writing manifest file 'pytest_memprof.egg-info/SOURCES.txt'
2024-07-13T09:05:27.5746914Z   Copying pytest_memprof.egg-info to build/bdist.linux-x86_64/wheel/pytest_memprof-0.2.0-py3.10.egg-info
2024-07-13T09:05:27.5758015Z   running install_scripts
2024-07-13T09:05:27.5777836Z   creating build/bdist.linux-x86_64/wheel/pytest_memprof-0.2.0.dist-info/WHEEL
2024-07-13T09:05:27.5783196Z   creating '/tmp/pip-wheel-ivoztke4/.tmp-fx_g8whh/pytest_memprof-0.2.0-py3-none-any.whl' and adding 'build/bdist.linux-x86_64/wheel' to it
2024-07-13T09:05:27.5785960Z   adding 'pytest_memprof.py'
2024-07-13T09:05:27.5790912Z   adding 'pytest_memprof-0.2.0.dist-info/LICENSE'
2024-07-13T09:05:27.5793066Z   adding 'pytest_memprof-0.2.0.dist-info/METADATA'
2024-07-13T09:05:27.5795275Z   adding 'pytest_memprof-0.2.0.dist-info/WHEEL'
2024-07-13T09:05:27.5797565Z   adding 'pytest_memprof-0.2.0.dist-info/entry_points.txt'
2024-07-13T09:05:27.5799499Z   adding 'pytest_memprof-0.2.0.dist-info/top_level.txt'
2024-07-13T09:05:27.5801981Z   adding 'pytest_memprof-0.2.0.dist-info/RECORD'
2024-07-13T09:05:27.5804233Z   removing build/bdist.linux-x86_64/wheel
2024-07-13T09:05:27.5989849Z   Building wheel for pytest-memprof (pyproject.toml): finished with status 'done'
2024-07-13T09:05:27.5995095Z   Created wheel for pytest-memprof: filename=pytest_memprof-0.2.0-py3-none-any.whl size=4342 sha256=1c8f165a96399efb7788021d92bc2286b5643d8af48be93e6037429e6d90779b
2024-07-13T09:05:27.5996841Z   Stored in directory: /home/runner/.cache/pip/wheels/2e/46/4c/2d983a59c2f45f6c46a1d0c603fa50e17274152d0508cb223e
2024-07-13T09:05:27.6021022Z   Building editable for pyvistaqt (pyproject.toml): started
2024-07-13T09:05:27.6023662Z   Running command Building editable for pyvistaqt (pyproject.toml)
2024-07-13T09:05:27.7320199Z   WARNING setuptools_scm.pyproject_reading toml section missing 'pyproject.toml does not contain a tool.setuptools_scm section'
2024-07-13T09:05:27.7321637Z   Traceback (most recent call last):
2024-07-13T09:05:27.7325039Z     File "/tmp/pip-build-env-jg5ytc4k/normal/lib/python3.10/site-packages/setuptools_scm/_integration/pyproject_reading.py", line 36, in read_pyproject
2024-07-13T09:05:27.7326653Z       section = defn.get("tool", {})[tool_name]
2024-07-13T09:05:27.7327859Z   KeyError: 'setuptools_scm'
2024-07-13T09:05:27.7661406Z   running editable_wheel
2024-07-13T09:05:27.7682462Z   creating /tmp/pip-wheel-bu2oxp8i/.tmp-r8yxdk31/pyvistaqt.egg-info
2024-07-13T09:05:27.7692928Z   writing /tmp/pip-wheel-bu2oxp8i/.tmp-r8yxdk31/pyvistaqt.egg-info/PKG-INFO
2024-07-13T09:05:27.7696876Z   writing dependency_links to /tmp/pip-wheel-bu2oxp8i/.tmp-r8yxdk31/pyvistaqt.egg-info/dependency_links.txt
2024-07-13T09:05:27.7699634Z   writing requirements to /tmp/pip-wheel-bu2oxp8i/.tmp-r8yxdk31/pyvistaqt.egg-info/requires.txt
2024-07-13T09:05:27.7701803Z   writing top-level names to /tmp/pip-wheel-bu2oxp8i/.tmp-r8yxdk31/pyvistaqt.egg-info/top_level.txt
2024-07-13T09:05:27.7703962Z   writing manifest file '/tmp/pip-wheel-bu2oxp8i/.tmp-r8yxdk31/pyvistaqt.egg-info/SOURCES.txt'
2024-07-13T09:05:27.7968609Z   reading manifest template 'MANIFEST.in'
2024-07-13T09:05:27.7978062Z   adding license file 'LICENSE'
2024-07-13T09:05:27.7979006Z   adding license file 'AUTHORS.rst'
2024-07-13T09:05:27.7990695Z   writing manifest file '/tmp/pip-wheel-bu2oxp8i/.tmp-r8yxdk31/pyvistaqt.egg-info/SOURCES.txt'
2024-07-13T09:05:27.7992324Z   creating '/tmp/pip-wheel-bu2oxp8i/.tmp-r8yxdk31/pyvistaqt-0.12.0.dev6+g2812700.dist-info'
2024-07-13T09:05:27.8044945Z   creating /tmp/pip-wheel-bu2oxp8i/.tmp-r8yxdk31/pyvistaqt-0.12.0.dev6+g2812700.dist-info/WHEEL
2024-07-13T09:05:27.8136837Z   running build_py
2024-07-13T09:05:27.8148121Z   Editable install will be performed using a meta path finder.
2024-07-13T09:05:27.8149578Z 
2024-07-13T09:05:27.8152459Z   Options like `package-data`, `include/exclude-package-data` or
2024-07-13T09:05:27.8153750Z   `packages.find.exclude/include` may have no effect.
2024-07-13T09:05:27.8155101Z 
2024-07-13T09:05:27.8158811Z   adding '__editable___pyvistaqt_0_12_0_dev6_g2812700_finder.py'
2024-07-13T09:05:27.8160471Z   adding '__editable__.pyvistaqt-0.12.0.dev6+g2812700.pth'
2024-07-13T09:05:27.8163529Z   creating '/tmp/pip-wheel-bu2oxp8i/.tmp-r8yxdk31/pyvistaqt-0.12.0.dev6+g2812700-0.editable-py3-none-any.whl' and adding '/tmp/tmpn958ft4ipyvistaqt-0.12.0.dev6+g2812700-0.editable-py3-none-any.whl' to it
2024-07-13T09:05:27.8165854Z   adding 'pyvistaqt-0.12.0.dev6+g2812700.dist-info/AUTHORS.rst'
2024-07-13T09:05:27.8166938Z   adding 'pyvistaqt-0.12.0.dev6+g2812700.dist-info/LICENSE'
2024-07-13T09:05:27.8168570Z   adding 'pyvistaqt-0.12.0.dev6+g2812700.dist-info/METADATA'
2024-07-13T09:05:27.8170807Z   adding 'pyvistaqt-0.12.0.dev6+g2812700.dist-info/WHEEL'
2024-07-13T09:05:27.8173078Z   adding 'pyvistaqt-0.12.0.dev6+g2812700.dist-info/top_level.txt'
2024-07-13T09:05:27.8175024Z   adding 'pyvistaqt-0.12.0.dev6+g2812700.dist-info/RECORD'
2024-07-13T09:05:27.8178445Z   /tmp/pip-build-env-jg5ytc4k/overlay/lib/python3.10/site-packages/setuptools/command/editable_wheel.py:357: InformationOnly: Editable installation.
2024-07-13T09:05:27.8179920Z   !!
2024-07-13T09:05:27.8180930Z 
2024-07-13T09:05:27.8183600Z           ********************************************************************************
2024-07-13T09:05:27.8187104Z           Please be careful with folders in your working directory with the same
2024-07-13T09:05:27.8188172Z           name as your package as they may take precedence during imports.
2024-07-13T09:05:27.8190331Z           ********************************************************************************
2024-07-13T09:05:27.8192158Z 
2024-07-13T09:05:27.8194313Z   !!
2024-07-13T09:05:27.8196333Z     with strategy, WheelFile(wheel_path, "w") as wheel_obj:
2024-07-13T09:05:27.8385029Z   Building editable for pyvistaqt (pyproject.toml): finished with status 'done'
2024-07-13T09:05:27.8391142Z   Created wheel for pyvistaqt: filename=pyvistaqt-0.12.0.dev6+g2812700-0.editable-py3-none-any.whl size=6060 sha256=21f3baaeb74e951876dea6ba054c446ad3055ca10787293704d4d30b69949547
2024-07-13T09:05:27.8393460Z   Stored in directory: /tmp/pip-ephem-wheel-cache-c4oai5s_/wheels/cf/de/f2/502a62fd1e2695bd4b9e0d27eeb80ccca2ff22a8d2510a10dd
2024-07-13T09:05:27.8412991Z Successfully built pytest-memprof pyvistaqt
2024-07-13T09:05:28.0650374Z Installing collected packages: wcwidth, trame-client, snowballstemmer, PyQt6-Qt6, pure-eval, ptyprocess, pickleshare, backcall, urllib3, trame-vtk, traitlets, tomli, toml, sphinxcontrib-serializinghtml, sphinxcontrib-qthelp, sphinxcontrib-jsmath, sphinxcontrib-htmlhelp, sphinxcontrib-devhelp, sphinxcontrib-applehelp, six, scooby, ruamel.yaml.clib, rpds-py, regress, PyQt6-sip, pyparsing, pygments, psutil, prompt-toolkit, pluggy, platformdirs, pillow, pexpect, parso, packaging, numpy, nest_asyncio, multidict, msgpack, more-itertools, MarkupSafe, kiwisolver, iniconfig, imagesize, idna, frozenlist, fonttools, executing, exceptiongroup, docutils, decorator, cycler, coverage, click, charset-normalizer, certifi, babel, attrs, async-timeout, alabaster, yarl, ruamel.yaml, requests, referencing, QtPy, python-dateutil, pytest, PyQt6, matplotlib-inline, Jinja2, jedi, contourpy, asttokens, aiosignal, stack-data, sphinx, pytest-qt, pytest-memprof, pytest-cov, pooch, matplotlib, jsonschema-specifications, aiohttp, wslink, vtk, sphinx_gallery, jsonschema, ipython, trame-server, pyvista, check-jsonschema, trame, pyvistaqt
2024-07-13T09:05:30.0480529Z   changing mode of /opt/hostedtoolcache/Python/3.10.14/x64/bin/scooby to 777
2024-07-13T09:05:30.8085949Z   changing mode of /opt/hostedtoolcache/Python/3.10.14/x64/bin/pygmentize to 777
2024-07-13T09:05:33.7001609Z   changing mode of /opt/hostedtoolcache/Python/3.10.14/x64/bin/f2py to 777
2024-07-13T09:05:34.6744512Z   changing mode of /opt/hostedtoolcache/Python/3.10.14/x64/bin/fonttools to 777
2024-07-13T09:05:34.6746946Z   changing mode of /opt/hostedtoolcache/Python/3.10.14/x64/bin/pyftmerge to 777
2024-07-13T09:05:34.6750995Z   changing mode of /opt/hostedtoolcache/Python/3.10.14/x64/bin/pyftsubset to 777
2024-07-13T09:05:34.6753837Z   changing mode of /opt/hostedtoolcache/Python/3.10.14/x64/bin/ttx to 777
2024-07-13T09:05:34.9737724Z   changing mode of /opt/hostedtoolcache/Python/3.10.14/x64/bin/docutils to 777
2024-07-13T09:05:34.9741269Z   changing mode of /opt/hostedtoolcache/Python/3.10.14/x64/bin/rst2html to 777
2024-07-13T09:05:34.9744867Z   changing mode of /opt/hostedtoolcache/Python/3.10.14/x64/bin/rst2html4 to 777
2024-07-13T09:05:34.9748215Z   changing mode of /opt/hostedtoolcache/Python/3.10.14/x64/bin/rst2html5 to 777
2024-07-13T09:05:34.9751800Z   changing mode of /opt/hostedtoolcache/Python/3.10.14/x64/bin/rst2latex to 777
2024-07-13T09:05:34.9754795Z   changing mode of /opt/hostedtoolcache/Python/3.10.14/x64/bin/rst2man to 777
2024-07-13T09:05:34.9758140Z   changing mode of /opt/hostedtoolcache/Python/3.10.14/x64/bin/rst2odt to 777
2024-07-13T09:05:34.9761773Z   changing mode of /opt/hostedtoolcache/Python/3.10.14/x64/bin/rst2pseudoxml to 777
2024-07-13T09:05:34.9765127Z   changing mode of /opt/hostedtoolcache/Python/3.10.14/x64/bin/rst2s5 to 777
2024-07-13T09:05:34.9768493Z   changing mode of /opt/hostedtoolcache/Python/3.10.14/x64/bin/rst2xetex to 777
2024-07-13T09:05:34.9771860Z   changing mode of /opt/hostedtoolcache/Python/3.10.14/x64/bin/rst2xml to 777
2024-07-13T09:05:35.0875437Z   changing mode of /opt/hostedtoolcache/Python/3.10.14/x64/bin/coverage to 777
2024-07-13T09:05:35.0879581Z   changing mode of /opt/hostedtoolcache/Python/3.10.14/x64/bin/coverage-3.10 to 777
2024-07-13T09:05:35.0883400Z   changing mode of /opt/hostedtoolcache/Python/3.10.14/x64/bin/coverage3 to 777
2024-07-13T09:05:35.1720232Z   changing mode of /opt/hostedtoolcache/Python/3.10.14/x64/bin/normalizer to 777
2024-07-13T09:05:35.5715986Z   changing mode of /opt/hostedtoolcache/Python/3.10.14/x64/bin/pybabel to 777
2024-07-13T09:05:35.8744219Z   changing mode of /opt/hostedtoolcache/Python/3.10.14/x64/bin/qtpy to 777
2024-07-13T09:05:36.1293829Z   changing mode of /opt/hostedtoolcache/Python/3.10.14/x64/bin/py.test to 777
2024-07-13T09:05:36.1298462Z   changing mode of /opt/hostedtoolcache/Python/3.10.14/x64/bin/pytest to 777
2024-07-13T09:05:36.4580338Z   changing mode of /opt/hostedtoolcache/Python/3.10.14/x64/bin/pylupdate6 to 777
2024-07-13T09:05:36.4583178Z   changing mode of /opt/hostedtoolcache/Python/3.10.14/x64/bin/pyuic6 to 777
2024-07-13T09:05:37.7038998Z   changing mode of /opt/hostedtoolcache/Python/3.10.14/x64/bin/sphinx-apidoc to 777
2024-07-13T09:05:37.7042785Z   changing mode of /opt/hostedtoolcache/Python/3.10.14/x64/bin/sphinx-autogen to 777
2024-07-13T09:05:37.7047092Z   changing mode of /opt/hostedtoolcache/Python/3.10.14/x64/bin/sphinx-build to 777
2024-07-13T09:05:37.7051255Z   changing mode of /opt/hostedtoolcache/Python/3.10.14/x64/bin/sphinx-quickstart to 777
2024-07-13T09:05:41.1242352Z   changing mode of /opt/hostedtoolcache/Python/3.10.14/x64/bin/sphinx_gallery_py2jupyter to 777
2024-07-13T09:05:41.1936655Z   changing mode of /opt/hostedtoolcache/Python/3.10.14/x64/bin/jsonschema to 777
2024-07-13T09:05:41.6350151Z   changing mode of /opt/hostedtoolcache/Python/3.10.14/x64/bin/ipython to 777
2024-07-13T09:05:41.6353521Z   changing mode of /opt/hostedtoolcache/Python/3.10.14/x64/bin/ipython3 to 777
2024-07-13T09:05:42.0089136Z   changing mode of /opt/hostedtoolcache/Python/3.10.14/x64/bin/check-jsonschema to 777
2024-07-13T09:05:42.0774564Z Successfully installed Jinja2-3.1.4 MarkupSafe-2.1.5 PyQt6-6.7.0 PyQt6-Qt6-6.7.2 PyQt6-sip-13.8.0 QtPy-2.4.0 aiohttp-3.9.5 aiosignal-1.3.1 alabaster-0.7.16 asttokens-2.4.1 async-timeout-4.0.3 attrs-23.2.0 babel-2.15.0 backcall-0.2.0 certifi-2024.7.4 charset-normalizer-3.3.2 check-jsonschema-0.28.6 click-8.1.7 contourpy-1.2.1 coverage-7.6.0 cycler-0.12.1 decorator-5.1.1 docutils-0.21.2 exceptiongroup-1.2.2 executing-2.0.1 fonttools-4.53.1 frozenlist-1.4.1 idna-3.7 imagesize-1.4.1 iniconfig-2.0.0 ipython-8.14.0 jedi-0.19.1 jsonschema-4.23.0 jsonschema-specifications-2023.12.1 kiwisolver-1.4.5 matplotlib-3.9.1 matplotlib-inline-0.1.7 more-itertools-10.3.0 msgpack-1.0.8 multidict-6.0.5 nest_asyncio-1.6.0 numpy-1.26.4 packaging-24.1 parso-0.8.4 pexpect-4.9.0 pickleshare-0.7.5 pillow-10.4.0 platformdirs-4.2.2 pluggy-1.5.0 pooch-1.8.2 prompt-toolkit-3.0.47 psutil-6.0.0 ptyprocess-0.7.0 pure-eval-0.2.2 pygments-2.18.0 pyparsing-3.1.2 pytest-8.2.1 pytest-cov-5.0.0 pytest-memprof-0.2.0 pytest-qt-4.4.0 python-dateutil-2.9.0.post0 pyvista-0.42.2 pyvistaqt-0.12.0.dev6+g2812700 referencing-0.35.1 regress-0.4.5 requests-2.32.3 rpds-py-0.19.0 ruamel.yaml-0.18.6 ruamel.yaml.clib-0.2.8 scooby-0.9.2 six-1.16.0 snowballstemmer-2.2.0 sphinx-7.3.7 sphinx_gallery-0.16.0 sphinxcontrib-applehelp-1.0.8 sphinxcontrib-devhelp-1.0.6 sphinxcontrib-htmlhelp-2.0.5 sphinxcontrib-jsmath-1.0.1 sphinxcontrib-qthelp-1.0.7 sphinxcontrib-serializinghtml-1.1.10 stack-data-0.6.3 toml-0.10.2 tomli-2.0.1 traitlets-5.14.3 trame-3.6.3 trame-client-3.2.0 trame-server-3.0.2 trame-vtk-2.8.9 urllib3-2.2.2 vtk-9.3.1 wcwidth-0.2.13 wslink-2.1.1 yarl-1.9.4
2024-07-13T09:05:42.8461943Z ##[group]Run pip install -ve .
2024-07-13T09:05:42.8462337Z [36;1mpip install -ve .[0m
2024-07-13T09:05:42.8503459Z shell: /usr/bin/bash -e {0}
2024-07-13T09:05:42.8503778Z env:
2024-07-13T09:05:42.8504029Z   ALLOW_PLOTTING: true
2024-07-13T09:05:42.8504354Z   SHELLOPTS: errexit:pipefail
2024-07-13T09:05:42.8504763Z   pythonLocation: /opt/hostedtoolcache/Python/3.10.14/x64
2024-07-13T09:05:42.8505328Z   PKG_CONFIG_PATH: /opt/hostedtoolcache/Python/3.10.14/x64/lib/pkgconfig
2024-07-13T09:05:42.8505881Z   Python_ROOT_DIR: /opt/hostedtoolcache/Python/3.10.14/x64
2024-07-13T09:05:42.8506379Z   Python2_ROOT_DIR: /opt/hostedtoolcache/Python/3.10.14/x64
2024-07-13T09:05:42.8506872Z   Python3_ROOT_DIR: /opt/hostedtoolcache/Python/3.10.14/x64
2024-07-13T09:05:42.8507376Z   LD_LIBRARY_PATH: /opt/hostedtoolcache/Python/3.10.14/x64/lib
2024-07-13T09:05:42.8507810Z   DISPLAY: :99.0
2024-07-13T09:05:42.8508080Z ##[endgroup]
2024-07-13T09:05:43.1354941Z Using pip 24.1.2 from /opt/hostedtoolcache/Python/3.10.14/x64/lib/python3.10/site-packages/pip (python 3.10)
2024-07-13T09:05:43.7225109Z Obtaining file:///home/runner/work/pyvista/pyvista
2024-07-13T09:05:43.7263758Z   Installing build dependencies: started
2024-07-13T09:05:43.7265893Z   Running command pip subprocess to install build dependencies
2024-07-13T09:05:44.0116002Z   Using pip 24.1.2 from /opt/hostedtoolcache/Python/3.10.14/x64/lib/python3.10/site-packages/pip (python 3.10)
2024-07-13T09:05:44.8188065Z   Collecting setuptools
2024-07-13T09:05:44.8192682Z     Obtaining dependency information for setuptools from https://files.pythonhosted.org/packages/ef/15/88e46eb9387e905704b69849618e699dc2f54407d8953cc4ec4b8b46528d/setuptools-70.3.0-py3-none-any.whl.metadata
2024-07-13T09:05:44.8205926Z     Using cached setuptools-70.3.0-py3-none-any.whl.metadata (5.8 kB)
2024-07-13T09:05:44.8300540Z   Using cached setuptools-70.3.0-py3-none-any.whl (931 kB)
2024-07-13T09:05:44.9655689Z   Installing collected packages: setuptools
2024-07-13T09:05:45.4568063Z   Successfully installed setuptools-70.3.0
2024-07-13T09:05:45.5184112Z   Installing build dependencies: finished with status 'done'
2024-07-13T09:05:45.5191068Z   Checking if build backend supports build_editable: started
2024-07-13T09:05:45.5193275Z   Running command Checking if build backend supports build_editable
2024-07-13T09:05:45.6547760Z   Checking if build backend supports build_editable: finished with status 'done'
2024-07-13T09:05:45.6555294Z   Getting requirements to build editable: started
2024-07-13T09:05:45.6557447Z   Running command Getting requirements to build editable
2024-07-13T09:05:46.1724920Z   running egg_info
2024-07-13T09:05:46.1727566Z   creating pyvista.egg-info
2024-07-13T09:05:46.1734221Z   writing pyvista.egg-info/PKG-INFO
2024-07-13T09:05:46.1754792Z   writing dependency_links to pyvista.egg-info/dependency_links.txt
2024-07-13T09:05:46.1766627Z   writing requirements to pyvista.egg-info/requires.txt
2024-07-13T09:05:46.1768892Z   writing top-level names to pyvista.egg-info/top_level.txt
2024-07-13T09:05:46.1771014Z   writing manifest file 'pyvista.egg-info/SOURCES.txt'
2024-07-13T09:05:46.1839201Z   reading manifest file 'pyvista.egg-info/SOURCES.txt'
2024-07-13T09:05:46.1842340Z   reading manifest template 'MANIFEST.in'
2024-07-13T09:05:46.1845524Z   warning: no previously-included files matching '*.rst' found under directory 'doc'
2024-07-13T09:05:46.1848403Z   warning: no previously-included files matching '*.py' found under directory 'doc'
2024-07-13T09:05:46.2593825Z   warning: no files found matching '*.pyi' anywhere in distribution
2024-07-13T09:05:46.2611757Z   adding license file 'LICENSE'
2024-07-13T09:05:46.2614508Z   adding license file 'AUTHORS.rst'
2024-07-13T09:05:46.2631190Z   writing manifest file 'pyvista.egg-info/SOURCES.txt'
2024-07-13T09:05:46.2908280Z   Getting requirements to build editable: finished with status 'done'
2024-07-13T09:05:46.2918098Z   Preparing editable metadata (pyproject.toml): started
2024-07-13T09:05:46.2921533Z   Running command Preparing editable metadata (pyproject.toml)
2024-07-13T09:05:46.4785077Z   running dist_info
2024-07-13T09:05:46.4793553Z   creating /tmp/pip-modern-metadata-zpfi51gl/pyvista.egg-info
2024-07-13T09:05:46.4800631Z   writing /tmp/pip-modern-metadata-zpfi51gl/pyvista.egg-info/PKG-INFO
2024-07-13T09:05:46.4821061Z   writing dependency_links to /tmp/pip-modern-metadata-zpfi51gl/pyvista.egg-info/dependency_links.txt
2024-07-13T09:05:46.4831583Z   writing requirements to /tmp/pip-modern-metadata-zpfi51gl/pyvista.egg-info/requires.txt
2024-07-13T09:05:46.4833819Z   writing top-level names to /tmp/pip-modern-metadata-zpfi51gl/pyvista.egg-info/top_level.txt
2024-07-13T09:05:46.4836371Z   writing manifest file '/tmp/pip-modern-metadata-zpfi51gl/pyvista.egg-info/SOURCES.txt'
2024-07-13T09:05:46.4901755Z   reading manifest file '/tmp/pip-modern-metadata-zpfi51gl/pyvista.egg-info/SOURCES.txt'
2024-07-13T09:05:46.4905192Z   reading manifest template 'MANIFEST.in'
2024-07-13T09:05:46.4909642Z   warning: no previously-included files matching '*.rst' found under directory 'doc'
2024-07-13T09:05:46.4912415Z   warning: no previously-included files matching '*.py' found under directory 'doc'
2024-07-13T09:05:46.5662847Z   warning: no files found matching '*.pyi' anywhere in distribution
2024-07-13T09:05:46.5682376Z   adding license file 'LICENSE'
2024-07-13T09:05:46.5685441Z   adding license file 'AUTHORS.rst'
2024-07-13T09:05:46.5703581Z   writing manifest file '/tmp/pip-modern-metadata-zpfi51gl/pyvista.egg-info/SOURCES.txt'
2024-07-13T09:05:46.5706118Z   creating '/tmp/pip-modern-metadata-zpfi51gl/pyvista-0.45.dev0.dist-info'
2024-07-13T09:05:46.6026693Z   Preparing editable metadata (pyproject.toml): finished with status 'done'
2024-07-13T09:05:46.6093826Z Requirement already satisfied: matplotlib>=3.0.1 in /opt/hostedtoolcache/Python/3.10.14/x64/lib/python3.10/site-packages (from pyvista==0.45.dev0) (3.9.1)
2024-07-13T09:05:46.6099490Z Requirement already satisfied: numpy>=1.21.0 in /opt/hostedtoolcache/Python/3.10.14/x64/lib/python3.10/site-packages (from pyvista==0.45.dev0) (1.26.4)
2024-07-13T09:05:46.6104224Z Requirement already satisfied: pillow in /opt/hostedtoolcache/Python/3.10.14/x64/lib/python3.10/site-packages (from pyvista==0.45.dev0) (10.4.0)
2024-07-13T09:05:46.6109002Z Requirement already satisfied: pooch in /opt/hostedtoolcache/Python/3.10.14/x64/lib/python3.10/site-packages (from pyvista==0.45.dev0) (1.8.2)
2024-07-13T09:05:46.6114611Z Requirement already satisfied: scooby>=0.5.1 in /opt/hostedtoolcache/Python/3.10.14/x64/lib/python3.10/site-packages (from pyvista==0.45.dev0) (0.9.2)
2024-07-13T09:05:46.6119237Z Requirement already satisfied: vtk in /opt/hostedtoolcache/Python/3.10.14/x64/lib/python3.10/site-packages (from pyvista==0.45.dev0) (9.3.1)
2024-07-13T09:05:46.6506773Z Collecting typing-extensions (from pyvista==0.45.dev0)
2024-07-13T09:05:46.6510363Z   Obtaining dependency information for typing-extensions from https://files.pythonhosted.org/packages/26/9f/ad63fc0248c5379346306f8668cda6e2e2e9c95e01216d2b8ffd9ff037d0/typing_extensions-4.12.2-py3-none-any.whl.metadata
2024-07-13T09:05:46.7073675Z   Downloading typing_extensions-4.12.2-py3-none-any.whl.metadata (3.0 kB)
2024-07-13T09:05:46.7148501Z Requirement already satisfied: contourpy>=1.0.1 in /opt/hostedtoolcache/Python/3.10.14/x64/lib/python3.10/site-packages (from matplotlib>=3.0.1->pyvista==0.45.dev0) (1.2.1)
2024-07-13T09:05:46.7154404Z Requirement already satisfied: cycler>=0.10 in /opt/hostedtoolcache/Python/3.10.14/x64/lib/python3.10/site-packages (from matplotlib>=3.0.1->pyvista==0.45.dev0) (0.12.1)
2024-07-13T09:05:46.7160548Z Requirement already satisfied: fonttools>=4.22.0 in /opt/hostedtoolcache/Python/3.10.14/x64/lib/python3.10/site-packages (from matplotlib>=3.0.1->pyvista==0.45.dev0) (4.53.1)
2024-07-13T09:05:46.7166241Z Requirement already satisfied: kiwisolver>=1.3.1 in /opt/hostedtoolcache/Python/3.10.14/x64/lib/python3.10/site-packages (from matplotlib>=3.0.1->pyvista==0.45.dev0) (1.4.5)
2024-07-13T09:05:46.7173205Z Requirement already satisfied: packaging>=20.0 in /opt/hostedtoolcache/Python/3.10.14/x64/lib/python3.10/site-packages (from matplotlib>=3.0.1->pyvista==0.45.dev0) (24.1)
2024-07-13T09:05:46.7179397Z Requirement already satisfied: pyparsing>=2.3.1 in /opt/hostedtoolcache/Python/3.10.14/x64/lib/python3.10/site-packages (from matplotlib>=3.0.1->pyvista==0.45.dev0) (3.1.2)
2024-07-13T09:05:46.7185193Z Requirement already satisfied: python-dateutil>=2.7 in /opt/hostedtoolcache/Python/3.10.14/x64/lib/python3.10/site-packages (from matplotlib>=3.0.1->pyvista==0.45.dev0) (2.9.0.post0)
2024-07-13T09:05:46.7391967Z Requirement already satisfied: platformdirs>=2.5.0 in /opt/hostedtoolcache/Python/3.10.14/x64/lib/python3.10/site-packages (from pooch->pyvista==0.45.dev0) (4.2.2)
2024-07-13T09:05:46.7397754Z Requirement already satisfied: requests>=2.19.0 in /opt/hostedtoolcache/Python/3.10.14/x64/lib/python3.10/site-packages (from pooch->pyvista==0.45.dev0) (2.32.3)
2024-07-13T09:05:46.7643669Z Requirement already satisfied: six>=1.5 in /opt/hostedtoolcache/Python/3.10.14/x64/lib/python3.10/site-packages (from python-dateutil>=2.7->matplotlib>=3.0.1->pyvista==0.45.dev0) (1.16.0)
2024-07-13T09:05:46.7667766Z Requirement already satisfied: charset-normalizer<4,>=2 in /opt/hostedtoolcache/Python/3.10.14/x64/lib/python3.10/site-packages (from requests>=2.19.0->pooch->pyvista==0.45.dev0) (3.3.2)
2024-07-13T09:05:46.7673723Z Requirement already satisfied: idna<4,>=2.5 in /opt/hostedtoolcache/Python/3.10.14/x64/lib/python3.10/site-packages (from requests>=2.19.0->pooch->pyvista==0.45.dev0) (3.7)
2024-07-13T09:05:46.7679912Z Requirement already satisfied: urllib3<3,>=1.21.1 in /opt/hostedtoolcache/Python/3.10.14/x64/lib/python3.10/site-packages (from requests>=2.19.0->pooch->pyvista==0.45.dev0) (2.2.2)
2024-07-13T09:05:46.7685814Z Requirement already satisfied: certifi>=2017.4.17 in /opt/hostedtoolcache/Python/3.10.14/x64/lib/python3.10/site-packages (from requests>=2.19.0->pooch->pyvista==0.45.dev0) (2024.7.4)
2024-07-13T09:05:46.7887511Z Downloading typing_extensions-4.12.2-py3-none-any.whl (37 kB)
2024-07-13T09:05:46.7995460Z Building wheels for collected packages: pyvista
2024-07-13T09:05:46.8005276Z   Building editable for pyvista (pyproject.toml): started
2024-07-13T09:05:46.8008203Z   Running command Building editable for pyvista (pyproject.toml)
2024-07-13T09:05:46.9840915Z   running editable_wheel
2024-07-13T09:05:46.9853964Z   creating /tmp/pip-wheel-fm7pljrp/.tmp-bsv90ajs/pyvista.egg-info
2024-07-13T09:05:46.9859807Z   writing /tmp/pip-wheel-fm7pljrp/.tmp-bsv90ajs/pyvista.egg-info/PKG-INFO
2024-07-13T09:05:46.9879255Z   writing dependency_links to /tmp/pip-wheel-fm7pljrp/.tmp-bsv90ajs/pyvista.egg-info/dependency_links.txt
2024-07-13T09:05:46.9890632Z   writing requirements to /tmp/pip-wheel-fm7pljrp/.tmp-bsv90ajs/pyvista.egg-info/requires.txt
2024-07-13T09:05:46.9892750Z   writing top-level names to /tmp/pip-wheel-fm7pljrp/.tmp-bsv90ajs/pyvista.egg-info/top_level.txt
2024-07-13T09:05:46.9895249Z   writing manifest file '/tmp/pip-wheel-fm7pljrp/.tmp-bsv90ajs/pyvista.egg-info/SOURCES.txt'
2024-07-13T09:05:46.9960334Z   reading manifest file '/tmp/pip-wheel-fm7pljrp/.tmp-bsv90ajs/pyvista.egg-info/SOURCES.txt'
2024-07-13T09:05:46.9963450Z   reading manifest template 'MANIFEST.in'
2024-07-13T09:05:46.9968961Z   warning: no previously-included files matching '*.rst' found under directory 'doc'
2024-07-13T09:05:46.9971255Z   warning: no previously-included files matching '*.py' found under directory 'doc'
2024-07-13T09:05:47.0723338Z   warning: no files found matching '*.pyi' anywhere in distribution
2024-07-13T09:05:47.0743519Z   adding license file 'LICENSE'
2024-07-13T09:05:47.0746161Z   adding license file 'AUTHORS.rst'
2024-07-13T09:05:47.0766624Z   writing manifest file '/tmp/pip-wheel-fm7pljrp/.tmp-bsv90ajs/pyvista.egg-info/SOURCES.txt'
2024-07-13T09:05:47.0768124Z   creating '/tmp/pip-wheel-fm7pljrp/.tmp-bsv90ajs/pyvista-0.45.dev0.dist-info'
2024-07-13T09:05:47.0811370Z   creating /tmp/pip-wheel-fm7pljrp/.tmp-bsv90ajs/pyvista-0.45.dev0.dist-info/WHEEL
2024-07-13T09:05:47.0898932Z   running build_py
2024-07-13T09:05:47.0901668Z   running egg_info
2024-07-13T09:05:47.0905916Z   creating /tmp/tmpxoeotdk6.build-temp/pyvista.egg-info
2024-07-13T09:05:47.0909749Z   writing /tmp/tmpxoeotdk6.build-temp/pyvista.egg-info/PKG-INFO
2024-07-13T09:05:47.0929517Z   writing dependency_links to /tmp/tmpxoeotdk6.build-temp/pyvista.egg-info/dependency_links.txt
2024-07-13T09:05:47.0940197Z   writing requirements to /tmp/tmpxoeotdk6.build-temp/pyvista.egg-info/requires.txt
2024-07-13T09:05:47.0943641Z   writing top-level names to /tmp/tmpxoeotdk6.build-temp/pyvista.egg-info/top_level.txt
2024-07-13T09:05:47.0946956Z   writing manifest file '/tmp/tmpxoeotdk6.build-temp/pyvista.egg-info/SOURCES.txt'
2024-07-13T09:05:47.0995739Z   reading manifest file '/tmp/tmpxoeotdk6.build-temp/pyvista.egg-info/SOURCES.txt'
2024-07-13T09:05:47.0999444Z   reading manifest template 'MANIFEST.in'
2024-07-13T09:05:47.1004009Z   warning: no previously-included files matching '*.rst' found under directory 'doc'
2024-07-13T09:05:47.1007437Z   warning: no previously-included files matching '*.py' found under directory 'doc'
2024-07-13T09:05:47.1865764Z   warning: no files found matching '*.pyi' anywhere in distribution
2024-07-13T09:05:47.1880139Z   adding license file 'LICENSE'
2024-07-13T09:05:47.1882470Z   adding license file 'AUTHORS.rst'
2024-07-13T09:05:47.1895952Z   writing manifest file '/tmp/tmpxoeotdk6.build-temp/pyvista.egg-info/SOURCES.txt'
2024-07-13T09:05:47.1974470Z   Editable install will be performed using a meta path finder.
2024-07-13T09:05:47.1977595Z 
2024-07-13T09:05:47.1980935Z   Options like `package-data`, `include/exclude-package-data` or
2024-07-13T09:05:47.1984040Z   `packages.find.exclude/include` may have no effect.
2024-07-13T09:05:47.1986793Z 
2024-07-13T09:05:47.2009879Z   adding '__editable___pyvista_0_45_dev0_finder.py'
2024-07-13T09:05:47.2012087Z   adding '__editable__.pyvista-0.45.dev0.pth'
2024-07-13T09:05:47.2016044Z   creating '/tmp/pip-wheel-fm7pljrp/.tmp-bsv90ajs/pyvista-0.45.dev0-0.editable-py3-none-any.whl' and adding '/tmp/tmpxge3bv2ipyvista-0.45.dev0-0.editable-py3-none-any.whl' to it
2024-07-13T09:05:47.2018098Z   adding 'pyvista-0.45.dev0.dist-info/AUTHORS.rst'
2024-07-13T09:05:47.2020360Z   adding 'pyvista-0.45.dev0.dist-info/LICENSE'
2024-07-13T09:05:47.2024477Z   adding 'pyvista-0.45.dev0.dist-info/METADATA'
2024-07-13T09:05:47.2026483Z   adding 'pyvista-0.45.dev0.dist-info/WHEEL'
2024-07-13T09:05:47.2029047Z   adding 'pyvista-0.45.dev0.dist-info/top_level.txt'
2024-07-13T09:05:47.2031347Z   adding 'pyvista-0.45.dev0.dist-info/RECORD'
2024-07-13T09:05:47.2034974Z   /tmp/pip-build-env-whfu0h9_/overlay/lib/python3.10/site-packages/setuptools/command/editable_wheel.py:357: InformationOnly: Editable installation.
2024-07-13T09:05:47.2036512Z   !!
2024-07-13T09:05:47.2038038Z 
2024-07-13T09:05:47.2040849Z           ********************************************************************************
2024-07-13T09:05:47.2043809Z           Please be careful with folders in your working directory with the same
2024-07-13T09:05:47.2045262Z           name as your package as they may take precedence during imports.
2024-07-13T09:05:47.2047958Z           ********************************************************************************
2024-07-13T09:05:47.2049656Z 
2024-07-13T09:05:47.2052049Z   !!
2024-07-13T09:05:47.2053064Z     with strategy, WheelFile(wheel_path, "w") as wheel_obj:
2024-07-13T09:05:47.2307277Z   Building editable for pyvista (pyproject.toml): finished with status 'done'
2024-07-13T09:05:47.2311648Z   Created wheel for pyvista: filename=pyvista-0.45.dev0-0.editable-py3-none-any.whl size=9225 sha256=86dd00158f490fbd60321ae23ada9b1e12cc83c5e8a8147f217a85046198e71a
2024-07-13T09:05:47.2313646Z   Stored in directory: /tmp/pip-ephem-wheel-cache-l85lnvtp/wheels/0d/7d/e2/e0f677d6c0ade08bb023c65fe0d638b25855c8aa83f0920daf
2024-07-13T09:05:47.2332740Z Successfully built pyvista
2024-07-13T09:05:47.3248372Z Installing collected packages: typing-extensions, pyvista
2024-07-13T09:05:47.3479951Z   Attempting uninstall: pyvista
2024-07-13T09:05:47.3489444Z     Found existing installation: pyvista 0.42.2
2024-07-13T09:05:47.3623206Z     Uninstalling pyvista-0.42.2:
2024-07-13T09:05:47.3646360Z       Removing file or directory /opt/hostedtoolcache/Python/3.10.14/x64/lib/python3.10/site-packages/pyvista-0.42.2.dist-info/
2024-07-13T09:05:47.3650247Z       Removing file or directory /opt/hostedtoolcache/Python/3.10.14/x64/lib/python3.10/site-packages/pyvista/
2024-07-13T09:05:47.3651378Z       Successfully uninstalled pyvista-0.42.2
2024-07-13T09:05:47.3928445Z Successfully installed pyvista-0.45.dev0 typing-extensions-4.12.2
2024-07-13T09:05:47.4696965Z ##[group]Run pytest ./tests
2024-07-13T09:05:47.4697310Z [36;1mpytest ./tests[0m
2024-07-13T09:05:47.4737832Z shell: /usr/bin/bash -e {0}
2024-07-13T09:05:47.4738113Z env:
2024-07-13T09:05:47.4738314Z   ALLOW_PLOTTING: true
2024-07-13T09:05:47.4738596Z   SHELLOPTS: errexit:pipefail
2024-07-13T09:05:47.4738973Z   pythonLocation: /opt/hostedtoolcache/Python/3.10.14/x64
2024-07-13T09:05:47.4739516Z   PKG_CONFIG_PATH: /opt/hostedtoolcache/Python/3.10.14/x64/lib/pkgconfig
2024-07-13T09:05:47.4740071Z   Python_ROOT_DIR: /opt/hostedtoolcache/Python/3.10.14/x64
2024-07-13T09:05:47.4740558Z   Python2_ROOT_DIR: /opt/hostedtoolcache/Python/3.10.14/x64
2024-07-13T09:05:47.4741026Z   Python3_ROOT_DIR: /opt/hostedtoolcache/Python/3.10.14/x64
2024-07-13T09:05:47.4741502Z   LD_LIBRARY_PATH: /opt/hostedtoolcache/Python/3.10.14/x64/lib
2024-07-13T09:05:47.4741897Z   DISPLAY: :99.0
2024-07-13T09:05:47.4742115Z ##[endgroup]
2024-07-13T09:05:53.5241196Z ============================= test session starts ==============================
2024-07-13T09:05:53.5242525Z platform linux -- Python 3.10.14, pytest-8.2.1, pluggy-1.5.0
2024-07-13T09:05:53.5243834Z PyQt6 6.7.0 -- Qt runtime 6.7.2 -- Qt compiled 6.7.1
2024-07-13T09:05:53.5244755Z rootdir: /home/runner/work/pyvista/pyvista/pyvistaqt
2024-07-13T09:05:53.5245236Z configfile: pytest.ini
2024-07-13T09:05:53.5245788Z plugins: memprof-0.2.0, qt-4.4.0, cov-5.0.0
2024-07-13T09:05:53.5246233Z collected 48 items
2024-07-13T09:05:53.5246420Z 
2024-07-13T09:06:23.8383972Z tests/test_plotting.py ......................s.....................s.xx  [ 97%]
2024-07-13T09:06:24.0970353Z tests/test_qt.py .                                                       [100%]
2024-07-13T09:06:24.0971149Z 
2024-07-13T09:06:24.0971496Z ================================== XFAILURES ===================================
2024-07-13T09:06:24.0972585Z _____________________ test_background_plotting_plots[ssaa] _____________________
2024-07-13T09:06:24.0981550Z tests/test_plotting.py:1085: in test_background_plotting_plots
2024-07-13T09:06:24.0982793Z     assert 0.9 / ratio < non_black < 1. / ratio
2024-07-13T09:06:24.0983612Z E   assert (0.9 / 1.0) < 0.2350801855533466
2024-07-13T09:06:24.0984701Z ----------------------------- Captured stdout call -----------------------------
2024-07-13T09:06:24.0986110Z Shell is already running a gui event loop for qt6. Call with no arguments to disable the current loop.
2024-07-13T09:06:24.0987470Z _____________________ test_background_plotting_plots[ssaa] _____________________
2024-07-13T09:06:24.0988411Z   + Exception Group Traceback (most recent call last):
2024-07-13T09:06:24.0990116Z   |   File "/opt/hostedtoolcache/Python/3.10.14/x64/lib/python3.10/site-packages/_pytest/runner.py", line 341, in from_call
2024-07-13T09:06:24.0991462Z   |     result: Optional[TResult] = func()
2024-07-13T09:06:24.0992883Z   |   File "/opt/hostedtoolcache/Python/3.10.14/x64/lib/python3.10/site-packages/_pytest/runner.py", line 241, in <lambda>
2024-07-13T09:06:24.0994503Z   |     lambda: runtest_hook(item=item, **kwds), when=when, reraise=reraise
2024-07-13T09:06:24.0996137Z   |   File "/opt/hostedtoolcache/Python/3.10.14/x64/lib/python3.10/site-packages/pluggy/_hooks.py", line 513, in __call__
2024-07-13T09:06:24.0997769Z   |     return self._hookexec(self.name, self._hookimpls.copy(), kwargs, firstresult)
2024-07-13T09:06:24.0999494Z   |   File "/opt/hostedtoolcache/Python/3.10.14/x64/lib/python3.10/site-packages/pluggy/_manager.py", line 120, in _hookexec
2024-07-13T09:06:24.1004579Z   |     return self._inner_hookexec(hook_name, methods, kwargs, firstresult)
2024-07-13T09:06:24.1006481Z   |   File "/opt/hostedtoolcache/Python/3.10.14/x64/lib/python3.10/site-packages/pluggy/_callers.py", line 139, in _multicall
2024-07-13T09:06:24.1007730Z   |     raise exception.with_traceback(exception.__traceback__)
2024-07-13T09:06:24.1008741Z   |   File "/opt/hostedtoolcache/Python/3.10.14/x64/lib/python3.10/site-packages/pluggy/_callers.py", line 122, in _multicall
2024-07-13T09:06:24.1010325Z   |     teardown.throw(exception)  # type: ignore[union-attr]
2024-07-13T09:06:24.1012257Z   |   File "/opt/hostedtoolcache/Python/3.10.14/x64/lib/python3.10/site-packages/_pytest/threadexception.py", line 92, in pytest_runtest_teardown
2024-07-13T09:06:24.1013785Z   |     yield from thread_exception_runtest_hook()
2024-07-13T09:06:24.1015833Z   |   File "/opt/hostedtoolcache/Python/3.10.14/x64/lib/python3.10/site-packages/_pytest/threadexception.py", line 63, in thread_exception_runtest_hook
2024-07-13T09:06:24.1017102Z   |     yield
2024-07-13T09:06:24.1017970Z   |   File "/opt/hostedtoolcache/Python/3.10.14/x64/lib/python3.10/site-packages/pluggy/_callers.py", line 122, in _multicall
2024-07-13T09:06:24.1018901Z   |     teardown.throw(exception)  # type: ignore[union-attr]
2024-07-13T09:06:24.1019978Z   |   File "/opt/hostedtoolcache/Python/3.10.14/x64/lib/python3.10/site-packages/_pytest/unraisableexception.py", line 95, in pytest_runtest_teardown
2024-07-13T09:06:24.1021027Z   |     yield from unraisable_exception_runtest_hook()
2024-07-13T09:06:24.1022069Z   |   File "/opt/hostedtoolcache/Python/3.10.14/x64/lib/python3.10/site-packages/_pytest/unraisableexception.py", line 65, in unraisable_exception_runtest_hook
2024-07-13T09:06:24.1022958Z   |     yield
2024-07-13T09:06:24.1023812Z   |   File "/opt/hostedtoolcache/Python/3.10.14/x64/lib/python3.10/site-packages/pluggy/_callers.py", line 122, in _multicall
2024-07-13T09:06:24.1024697Z   |     teardown.throw(exception)  # type: ignore[union-attr]
2024-07-13T09:06:24.1025654Z   |   File "/opt/hostedtoolcache/Python/3.10.14/x64/lib/python3.10/site-packages/_pytest/logging.py", line 857, in pytest_runtest_teardown
2024-07-13T09:06:24.1026830Z   |     yield from self._runtest_for(item, "teardown")
2024-07-13T09:06:24.1027749Z   |   File "/opt/hostedtoolcache/Python/3.10.14/x64/lib/python3.10/site-packages/_pytest/logging.py", line 833, in _runtest_for
2024-07-13T09:06:24.1028628Z   |     yield
2024-07-13T09:06:24.1029372Z   |   File "/opt/hostedtoolcache/Python/3.10.14/x64/lib/python3.10/site-packages/pluggy/_callers.py", line 122, in _multicall
2024-07-13T09:06:24.1030265Z   |     teardown.throw(exception)  # type: ignore[union-attr]
2024-07-13T09:06:24.1031370Z   |   File "/opt/hostedtoolcache/Python/3.10.14/x64/lib/python3.10/site-packages/_pytest/capture.py", line 883, in pytest_runtest_teardown
2024-07-13T09:06:24.1032142Z   |     return (yield)
2024-07-13T09:06:24.1032935Z   |   File "/opt/hostedtoolcache/Python/3.10.14/x64/lib/python3.10/site-packages/pluggy/_callers.py", line 122, in _multicall
2024-07-13T09:06:24.1033893Z   |     teardown.throw(exception)  # type: ignore[union-attr]
2024-07-13T09:06:24.1034892Z   |   File "/opt/hostedtoolcache/Python/3.10.14/x64/lib/python3.10/site-packages/pytestqt/plugin.py", line 207, in pytest_runtest_teardown
2024-07-13T09:06:24.1035668Z   |     result = yield
2024-07-13T09:06:24.1036553Z   |   File "/opt/hostedtoolcache/Python/3.10.14/x64/lib/python3.10/site-packages/pluggy/_callers.py", line 103, in _multicall
2024-07-13T09:06:24.1037326Z   |     res = hook_impl.function(*args)
2024-07-13T09:06:24.1038212Z   |   File "/opt/hostedtoolcache/Python/3.10.14/x64/lib/python3.10/site-packages/_pytest/runner.py", line 188, in pytest_runtest_teardown
2024-07-13T09:06:24.1039220Z   |     item.session._setupstate.teardown_exact(nextitem)
2024-07-13T09:06:24.1040544Z   |   File "/opt/hostedtoolcache/Python/3.10.14/x64/lib/python3.10/site-packages/_pytest/runner.py", line 557, in teardown_exact
2024-07-13T09:06:24.1041376Z   |     raise exceptions[0]
2024-07-13T09:06:24.1042287Z   | exceptiongroup.ExceptionGroup: errors while tearing down <Function test_background_plotting_plots[ssaa]> (2 sub-exceptions)
2024-07-13T09:06:24.1043111Z   +-+---------------- 1 ----------------
2024-07-13T09:06:24.1043553Z     | Traceback (most recent call last):
2024-07-13T09:06:24.1044473Z     |   File "/opt/hostedtoolcache/Python/3.10.14/x64/lib/python3.10/site-packages/_pytest/runner.py", line 546, in teardown_exact
2024-07-13T09:06:24.1045436Z     |     fin()
2024-07-13T09:06:24.1046217Z     |   File "/opt/hostedtoolcache/Python/3.10.14/x64/lib/python3.10/site-packages/_pytest/fixtures.py", line 1020, in finish
2024-07-13T09:06:24.1047014Z     |     raise exceptions[0]
2024-07-13T09:06:24.1047846Z     |   File "/opt/hostedtoolcache/Python/3.10.14/x64/lib/python3.10/site-packages/_pytest/fixtures.py", line 1009, in finish
2024-07-13T09:06:24.1048569Z     |     fin()
2024-07-13T09:06:24.1049471Z     |   File "/opt/hostedtoolcache/Python/3.10.14/x64/lib/python3.10/site-packages/_pytest/fixtures.py", line 893, in _teardown_yield_fixture
2024-07-13T09:06:24.1050280Z     |     next(it)
2024-07-13T09:06:24.1050896Z     |   File "/home/runner/work/pyvista/pyvista/pyvistaqt/tests/conftest.py", line 97, in check_gc
2024-07-13T09:06:24.1051648Z     |     assert len(after) == 0, msg
2024-07-13T09:06:24.1052042Z     | AssertionError: Not all objects GCed:
2024-07-13T09:06:24.1052914Z     |   vtkSSAAPass: ["dict: d['_ssaa_pass']", '[<vtkmodules.vtkRenderingOpenGL2.vtkSSAAPass(0x5568ff4b6fd0) at 0x7f4db8663b20>]']
2024-07-13T09:06:24.1053937Z     |   vtkRenderPassCollection: ["dict: d['_RenderPasses__pass_collection']"]
2024-07-13T09:06:24.1054596Z     |   vtkSequencePass: ["dict: d['_RenderPasses__seq_pass']"]
2024-07-13T09:06:24.1055216Z     |   vtkCameraPass: ["dict: d['_RenderPasses__camera_pass']"]
2024-07-13T09:06:24.1056220Z     |   vtkSSAAPass: ["dict: d['_ssaa_pass']", '[<vtkmodules.vtkRenderingOpenGL2.vtkSSAAPass(0x556902227a30) at 0x7f4db845d420>]']
2024-07-13T09:06:24.1057148Z     |   vtkRenderPassCollection: ["dict: d['_RenderPasses__pass_collection']"]
2024-07-13T09:06:24.1057954Z     |   vtkSequencePass: ["dict: d['_RenderPasses__seq_pass']"]
2024-07-13T09:06:24.1058671Z     |   vtkCameraPass: ["dict: d['_RenderPasses__camera_pass']"]
2024-07-13T09:06:24.1059601Z     |   vtkSSAAPass: ["dict: d['_ssaa_pass']", '[<vtkmodules.vtkRenderingOpenGL2.vtkSSAAPass(0x5568fff4bc80) at 0x7f4db845db40>]']
2024-07-13T09:06:24.1060512Z     |   vtkRenderPassCollection: ["dict: d['_RenderPasses__pass_collection']"]
2024-07-13T09:06:24.1061323Z     |   vtkSequencePass: ["dict: d['_RenderPasses__seq_pass']"]
2024-07-13T09:06:24.1061934Z     |   vtkCameraPass: ["dict: d['_RenderPasses__camera_pass']"]
2024-07-13T09:06:24.1062849Z     |   vtkSSAAPass: ["dict: d['_ssaa_pass']", '[<vtkmodules.vtkRenderingOpenGL2.vtkSSAAPass(0x5568fd3b2e60) at 0x7f4db845dc60>]']
2024-07-13T09:06:24.1063814Z     |   vtkRenderPassCollection: ["dict: d['_RenderPasses__pass_collection']"]
2024-07-13T09:06:24.1064488Z     |   vtkSequencePass: ["dict: d['_RenderPasses__seq_pass']"]
2024-07-13T09:06:24.1065111Z     |   vtkCameraPass: ["dict: d['_RenderPasses__camera_pass']"]
2024-07-13T09:06:24.1065607Z     |   
2024-07-13T09:06:24.1065895Z     | assert 16 == 0
2024-07-13T09:06:24.1067195Z     |  +  where 16 = len([<vtkmodules.vtkRenderingOpenGL2.vtkSSAAPass(0x5568ff4b6fd0) at 0x7f4db8663b20>, <vtkmodules.vtkRenderingOpenGL2.vtkRe...0) at 0x7f4db845d420>, <vtkmodules.vtkRenderingOpenGL2.vtkRenderPassCollection(0x55690025e1f0) at 0x7f4db845cf40>, ...])
2024-07-13T09:06:24.1068712Z     +---------------- 2 ----------------
2024-07-13T09:06:24.1069131Z     | Traceback (most recent call last):
2024-07-13T09:06:24.1070017Z     |   File "/opt/hostedtoolcache/Python/3.10.14/x64/lib/python3.10/site-packages/_pytest/runner.py", line 546, in teardown_exact
2024-07-13T09:06:24.1070848Z     |     fin()
2024-07-13T09:06:24.1071646Z     |   File "/opt/hostedtoolcache/Python/3.10.14/x64/lib/python3.10/site-packages/_pytest/fixtures.py", line 1020, in finish
2024-07-13T09:06:24.1072401Z     |     raise exceptions[0]
2024-07-13T09:06:24.1073294Z     |   File "/opt/hostedtoolcache/Python/3.10.14/x64/lib/python3.10/site-packages/_pytest/fixtures.py", line 1009, in finish
2024-07-13T09:06:24.1074044Z     |     fin()
2024-07-13T09:06:24.1074953Z     |   File "/opt/hostedtoolcache/Python/3.10.14/x64/lib/python3.10/site-packages/_pytest/fixtures.py", line 893, in _teardown_yield_fixture
2024-07-13T09:06:24.1075973Z     |     next(it)
2024-07-13T09:06:24.1076620Z     |   File "/home/runner/work/pyvista/pyvista/pyvistaqt/tests/test_plotting.py", line 295, in ensure_closed
2024-07-13T09:06:24.1077351Z     |     assert len(_ALL_PLOTTERS) == WANT_AFTER
2024-07-13T09:06:24.1077907Z     | AssertionError: assert 1 == 0
2024-07-13T09:06:24.1078679Z     |  +  where 1 = len({'P_0x7f4db8449b40_0': <pyvistaqt.plotting.BackgroundPlotter object at 0x7f4db8449b40>})
2024-07-13T09:06:24.1079347Z     +------------------------------------
2024-07-13T09:06:24.1080261Z ----------------------------- Captured stdout call -----------------------------
2024-07-13T09:06:24.1081048Z Shell is already running a gui event loop for qt6. Call with no arguments to disable the current loop.
2024-07-13T09:06:24.1081902Z ========================= memory consumption estimates =========================
2024-07-13T09:06:24.1082677Z pyvistaqt::tests::test_plotting.py::test_mouse_interactions                              - 72.5 MB
2024-07-13T09:06:24.1083614Z pyvistaqt::tests::test_plotting.py::test_background_plotting_plots[msaa]                 - 63.9 MB
2024-07-13T09:06:24.1084632Z pyvistaqt::tests::test_plotting.py::test_background_plotting_axes_scale[True]            - 63.8 MB
2024-07-13T09:06:24.1085525Z pyvistaqt::tests::test_plotting.py::test_background_plotting_menu_bar                    - 52.6 MB
2024-07-13T09:06:24.1086439Z pyvistaqt::tests::test_plotting.py::test_background_plotter_export_files[True]           - 50.8 MB
2024-07-13T09:06:24.1087447Z pyvistaqt::tests::test_plotting.py::test_depth_peeling                                   - 46.6 MB
2024-07-13T09:06:24.1088539Z pyvistaqt::tests::test_plotting.py::test_background_plotting_camera                      - 36.9 MB
2024-07-13T09:06:24.1089438Z pyvistaqt::tests::test_plotting.py::test_background_plotting_plots[ssaa]                 - 36.7 MB
2024-07-13T09:06:24.1090386Z pyvistaqt::tests::test_plotting.py::test_editor                                          - 32.3 MB
2024-07-13T09:06:24.1091277Z pyvistaqt::tests::test_plotting.py::test_background_plotting_orbit                       - 31.8 MB
2024-07-13T09:06:24.1092155Z pyvistaqt::tests::test_plotting.py::test_background_plotting_axes_scale[False]           - 29.9 MB
2024-07-13T09:06:24.1093140Z pyvistaqt::tests::test_plotting.py::test_sphinx_gallery_scraping[2]                      - 28.9 MB
2024-07-13T09:06:24.1094042Z pyvistaqt::tests::test_plotting.py::test_background_plotting_add_callback                - 27.6 MB
2024-07-13T09:06:24.1094954Z pyvistaqt::tests::test_plotting.py::test_background_plotting_plots[False]                - 24.0 MB
2024-07-13T09:06:24.1095881Z pyvistaqt::tests::test_plotting.py::test_drop_event                                      - 17.4 MB
2024-07-13T09:06:24.1096790Z pyvistaqt::tests::test_plotting.py::test_background_plotting_close[True-q_key_press]     - 16.5 MB
2024-07-13T09:06:24.1097688Z pyvistaqt::tests::test_plotting.py::test_link_views_across_plotters[None]                - 16.4 MB
2024-07-13T09:06:24.1098680Z pyvistaqt::tests::test_plotting.py::test_ipython                                         - 16.2 MB
2024-07-13T09:06:24.1099552Z pyvistaqt::tests::test_plotting.py::test_background_plotting_close[False-q_key_press]    - 15.2 MB
2024-07-13T09:06:24.1100436Z pyvistaqt::tests::test_plotting.py::test_gesture_event                                   - 14.9 MB
2024-07-13T09:06:24.1101398Z pyvistaqt::tests::test_plotting.py::test_link_views_across_plotters[0]                   - 14.3 MB
2024-07-13T09:06:24.1102264Z pyvistaqt::tests::test_plotting.py::test_subplot_gc[False]                               - 12.2 MB
2024-07-13T09:06:24.1103160Z pyvistaqt::tests::test_plotting.py::test_sphinx_gallery_scraping[1]                      - 11.1 MB
2024-07-13T09:06:24.1104112Z pyvistaqt::tests::test_plotting.py::test_smoothing                                       - 10.7 MB
2024-07-13T09:06:24.1105015Z pyvistaqt::tests::test_plotting.py::test_background_plotting_close[True-window_close]    - 10.2 MB
2024-07-13T09:06:24.1106051Z pyvistaqt::tests::test_plotting.py::test_background_plotting_close[False-plotter_close]  - 9.8 MB
2024-07-13T09:06:24.1107127Z pyvistaqt::tests::test_plotting.py::test_background_plotting_close[False-menu_exit]      - 9.2 MB
2024-07-13T09:06:24.1108002Z pyvistaqt::tests::test_plotting.py::test_link_views_across_plotters[other_views2]        - 9.2 MB
2024-07-13T09:06:24.1108914Z pyvistaqt::tests::test_plotting.py::test_drag_event                                      - 8.4 MB
2024-07-13T09:06:24.1109883Z pyvistaqt::tests::test_plotting.py::test_background_plotting_close[True-plotter_close]   - 7.7 MB
2024-07-13T09:06:24.1110770Z pyvistaqt::tests::test_plotting.py::test_background_plotting_close[False-del_finalizer]  - 7.4 MB
2024-07-13T09:06:24.1111694Z pyvistaqt::tests::test_plotting.py::test_background_plotting_close[False-window_close]   - 7.0 MB
2024-07-13T09:06:24.1112664Z pyvistaqt::tests::test_plotting.py::test_background_plotting_close[True-del_finalizer]   - 6.6 MB
2024-07-13T09:06:24.1113538Z pyvistaqt::tests::test_plotting.py::test_file_dialog                                     - 1.5 MB
2024-07-13T09:06:24.1114186Z ============================= slowest 10 durations =============================
2024-07-13T09:06:24.1114841Z 2.91s call     tests/test_plotting.py::test_mouse_interactions
2024-07-13T09:06:24.1115495Z 1.15s call     tests/test_plotting.py::test_background_plotting_plots[ssaa]
2024-07-13T09:06:24.1116174Z 1.04s call     tests/test_plotting.py::test_background_plotting_add_callback
2024-07-13T09:06:24.1116829Z 0.91s call     tests/test_plotting.py::test_editor
2024-07-13T09:06:24.1117355Z 0.86s call     tests/test_plotting.py::test_ipython
2024-07-13T09:06:24.1118192Z 0.81s call     tests/test_plotting.py::test_background_plotting_close[False-plotter_close]
2024-07-13T09:06:24.1118946Z 0.74s call     tests/test_plotting.py::test_file_dialog
2024-07-13T09:06:24.1119557Z 0.57s call     tests/test_plotting.py::test_background_plotting_menu_bar
2024-07-13T09:06:24.1120648Z 0.57s call     tests/test_plotting.py::test_background_plotting_plots[msaa]
2024-07-13T09:06:24.1121322Z 0.57s call     tests/test_plotting.py::test_background_plotting_plots[False]
2024-07-13T09:06:24.1121960Z =========================== short test summary info ============================
2024-07-13T09:06:24.1122587Z SKIPPED [1] tests/test_plotting.py:520: unconditional skip
2024-07-13T09:06:24.1123130Z SKIPPED [1] tests/test_plotting.py:1061: FXAA broken on Mesa
2024-07-13T09:06:24.1123981Z XFAIL tests/test_plotting.py::test_background_plotting_plots[ssaa] - SSAA broken on multiple plots
2024-07-13T09:06:24.1125009Z XFAIL tests/test_plotting.py::test_background_plotting_plots[ssaa] - SSAA broken on multiple plots
2024-07-13T09:06:24.1125743Z ================== 45 passed, 2 skipped, 2 xfailed in 30.85s ===================
2024-07-13T09:06:24.6580329Z Post job cleanup.
2024-07-13T09:06:24.8126028Z Post job cleanup.
2024-07-13T09:06:24.9067159Z [command]/usr/bin/git version
2024-07-13T09:06:24.9105287Z git version 2.45.2
2024-07-13T09:06:24.9157765Z Temporarily overriding HOME='/home/runner/work/_temp/6ef33d00-b30d-47be-8ddf-f5a27ba0f6d7' before making global git config changes
2024-07-13T09:06:24.9159095Z Adding repository directory to the temporary git global config as a safe directory
2024-07-13T09:06:24.9163294Z [command]/usr/bin/git config --global --add safe.directory /home/runner/work/pyvista/pyvista
2024-07-13T09:06:24.9197720Z [command]/usr/bin/git config --local --name-only --get-regexp core\.sshCommand
2024-07-13T09:06:24.9230291Z [command]/usr/bin/git submodule foreach --recursive sh -c "git config --local --name-only --get-regexp 'core\.sshCommand' && git config --local --unset-all 'core.sshCommand' || :"
2024-07-13T09:06:24.9482495Z [command]/usr/bin/git config --local --name-only --get-regexp http\.https\:\/\/github\.com\/\.extraheader
2024-07-13T09:06:24.9505858Z http.https://github.com/.extraheader
2024-07-13T09:06:24.9517875Z [command]/usr/bin/git config --local --unset-all http.https://github.com/.extraheader
2024-07-13T09:06:24.9551411Z [command]/usr/bin/git submodule foreach --recursive sh -c "git config --local --name-only --get-regexp 'http\.https\:\/\/github\.com\/\.extraheader' && git config --local --unset-all 'http.https://github.com/.extraheader' || :"
2024-07-13T09:06:25.0042407Z Cleaning up orphan processes
2024-07-13T09:06:25.0431869Z Terminate orphan process: pid (2776) (Xvfb)
