2024-07-16T20:33:23.0572170Z Current runner version: '2.317.0'
2024-07-16T20:33:23.0593487Z ##[group]Operating System
2024-07-16T20:33:23.0594191Z Ubuntu
2024-07-16T20:33:23.0594545Z 22.04.4
2024-07-16T20:33:23.0594854Z LTS
2024-07-16T20:33:23.0595220Z ##[endgroup]
2024-07-16T20:33:23.0595606Z ##[group]Runner Image
2024-07-16T20:33:23.0596116Z Image: ubuntu-22.04
2024-07-16T20:33:23.0596558Z Version: 20240708.1.0
2024-07-16T20:33:23.0597544Z Included Software: https://github.com/actions/runner-images/blob/ubuntu22/20240708.1/images/ubuntu/Ubuntu2204-Readme.md
2024-07-16T20:33:23.0598958Z Image Release: https://github.com/actions/runner-images/releases/tag/ubuntu22%2F20240708.1
2024-07-16T20:33:23.0599859Z ##[endgroup]
2024-07-16T20:33:23.0600249Z ##[group]Runner Image Provisioner
2024-07-16T20:33:23.0600717Z 2.0.370.1
2024-07-16T20:33:23.0601112Z ##[endgroup]
2024-07-16T20:33:23.0603363Z ##[group]GITHUB_TOKEN Permissions
2024-07-16T20:33:23.0605114Z Actions: write
2024-07-16T20:33:23.0605670Z Attestations: write
2024-07-16T20:33:23.0606748Z Checks: write
2024-07-16T20:33:23.0607101Z Contents: write
2024-07-16T20:33:23.0607510Z Deployments: write
2024-07-16T20:33:23.0607964Z Discussions: write
2024-07-16T20:33:23.0608301Z Issues: write
2024-07-16T20:33:23.0608669Z Metadata: read
2024-07-16T20:33:23.0609102Z Packages: write
2024-07-16T20:33:23.0609440Z Pages: write
2024-07-16T20:33:23.0609820Z PullRequests: write
2024-07-16T20:33:23.0610257Z RepositoryProjects: write
2024-07-16T20:33:23.0610698Z SecurityEvents: write
2024-07-16T20:33:23.0611114Z Statuses: write
2024-07-16T20:33:23.0611514Z ##[endgroup]
2024-07-16T20:33:23.0614443Z Secret source: Actions
2024-07-16T20:33:23.0615053Z Prepare workflow directory
2024-07-16T20:33:23.1379084Z Prepare all required actions
2024-07-16T20:33:23.1534275Z Getting action download info
2024-07-16T20:33:23.3001790Z Download action repository 'actions/checkout@v4' (SHA:692973e3d937129bcbf40652eb9f2f61becf3332)
2024-07-16T20:33:23.4042389Z Download action repository 'actions/setup-python@v5' (SHA:39cd14951b08e74b54015e9e001cdefcf80e669f)
2024-07-16T20:33:23.7520740Z Complete job name: test-unit-vizro-ai on Py3.9 
2024-07-16T20:33:23.8325800Z ##[group]Run actions/checkout@v4
2024-07-16T20:33:23.8326619Z with:
2024-07-16T20:33:23.8327140Z   repository: mckinsey/vizro
2024-07-16T20:33:23.8327805Z   token: ***
2024-07-16T20:33:23.8328168Z   ssh-strict: true
2024-07-16T20:33:23.8328657Z   ssh-user: git
2024-07-16T20:33:23.8329050Z   persist-credentials: true
2024-07-16T20:33:23.8329470Z   clean: true
2024-07-16T20:33:23.8329957Z   sparse-checkout-cone-mode: true
2024-07-16T20:33:23.8330454Z   fetch-depth: 1
2024-07-16T20:33:23.8330801Z   fetch-tags: false
2024-07-16T20:33:23.8331288Z   show-progress: true
2024-07-16T20:33:23.8331693Z   lfs: false
2024-07-16T20:33:23.8332012Z   submodules: false
2024-07-16T20:33:23.8332495Z   set-safe-directory: true
2024-07-16T20:33:23.8332918Z env:
2024-07-16T20:33:23.8333250Z   PYTHONUNBUFFERED: 1
2024-07-16T20:33:23.8333728Z   FORCE_COLOR: 1
2024-07-16T20:33:23.8334095Z ##[endgroup]
2024-07-16T20:33:24.0091449Z Syncing repository: mckinsey/vizro
2024-07-16T20:33:24.0094413Z ##[group]Getting Git version info
2024-07-16T20:33:24.0095644Z Working directory is '/home/runner/work/vizro/vizro'
2024-07-16T20:33:24.0096720Z [command]/usr/bin/git version
2024-07-16T20:33:24.0097347Z git version 2.45.2
2024-07-16T20:33:24.0099509Z ##[endgroup]
2024-07-16T20:33:24.0113966Z Temporarily overriding HOME='/home/runner/work/_temp/e95025b2-3a87-4d27-a554-9e985be2aab0' before making global git config changes
2024-07-16T20:33:24.0116575Z Adding repository directory to the temporary git global config as a safe directory
2024-07-16T20:33:24.0118187Z [command]/usr/bin/git config --global --add safe.directory /home/runner/work/vizro/vizro
2024-07-16T20:33:24.0119996Z Deleting the contents of '/home/runner/work/vizro/vizro'
2024-07-16T20:33:24.0121458Z ##[group]Initializing the repository
2024-07-16T20:33:24.0122175Z [command]/usr/bin/git init /home/runner/work/vizro/vizro
2024-07-16T20:33:24.0195862Z hint: Using 'master' as the name for the initial branch. This default branch name
2024-07-16T20:33:24.0197933Z hint: is subject to change. To configure the initial branch name to use in all
2024-07-16T20:33:24.0199024Z hint: of your new repositories, which will suppress this warning, call:
2024-07-16T20:33:24.0199959Z hint:
2024-07-16T20:33:24.0200832Z hint: 	git config --global init.defaultBranch <name>
2024-07-16T20:33:24.0201933Z hint:
2024-07-16T20:33:24.0203293Z hint: Names commonly chosen instead of 'master' are 'main', 'trunk' and
2024-07-16T20:33:24.0205361Z hint: 'development'. The just-created branch can be renamed via this command:
2024-07-16T20:33:24.0207363Z hint:
2024-07-16T20:33:24.0208219Z hint: 	git branch -m <name>
2024-07-16T20:33:24.0209609Z Initialized empty Git repository in /home/runner/work/vizro/vizro/.git/
2024-07-16T20:33:24.0212905Z [command]/usr/bin/git remote add origin https://github.com/mckinsey/vizro
2024-07-16T20:33:24.0243100Z ##[endgroup]
2024-07-16T20:33:24.0244441Z ##[group]Disabling automatic garbage collection
2024-07-16T20:33:24.0246386Z [command]/usr/bin/git config --local gc.auto 0
2024-07-16T20:33:24.0278830Z ##[endgroup]
2024-07-16T20:33:24.0280253Z ##[group]Setting up auth
2024-07-16T20:33:24.0284798Z [command]/usr/bin/git config --local --name-only --get-regexp core\.sshCommand
2024-07-16T20:33:24.0317808Z [command]/usr/bin/git submodule foreach --recursive sh -c "git config --local --name-only --get-regexp 'core\.sshCommand' && git config --local --unset-all 'core.sshCommand' || :"
2024-07-16T20:33:24.0624180Z [command]/usr/bin/git config --local --name-only --get-regexp http\.https\:\/\/github\.com\/\.extraheader
2024-07-16T20:33:24.0656942Z [command]/usr/bin/git submodule foreach --recursive sh -c "git config --local --name-only --get-regexp 'http\.https\:\/\/github\.com\/\.extraheader' && git config --local --unset-all 'http.https://github.com/.extraheader' || :"
2024-07-16T20:33:24.0900606Z [command]/usr/bin/git config --local http.https://github.com/.extraheader AUTHORIZATION: basic ***
2024-07-16T20:33:24.0944443Z ##[endgroup]
2024-07-16T20:33:24.0946357Z ##[group]Fetching the repository
2024-07-16T20:33:24.0954163Z [command]/usr/bin/git -c protocol.version=2 fetch --no-tags --prune --no-recurse-submodules --depth=1 origin +89d6261e1833499757704e5042f07e254f950820:refs/remotes/pull/522/merge
2024-07-16T20:33:26.1163035Z From https://github.com/mckinsey/vizro
2024-07-16T20:33:26.1164668Z  * [new ref]         89d6261e1833499757704e5042f07e254f950820 -> pull/522/merge
2024-07-16T20:33:26.1185344Z ##[endgroup]
2024-07-16T20:33:26.1186323Z ##[group]Determining the checkout info
2024-07-16T20:33:26.1187727Z ##[endgroup]
2024-07-16T20:33:26.1193252Z [command]/usr/bin/git sparse-checkout disable
2024-07-16T20:33:26.1231977Z [command]/usr/bin/git config --local --unset-all extensions.worktreeConfig
2024-07-16T20:33:26.1260112Z ##[group]Checking out the ref
2024-07-16T20:33:26.1264195Z [command]/usr/bin/git checkout --progress --force refs/remotes/pull/522/merge
2024-07-16T20:33:26.7583749Z Note: switching to 'refs/remotes/pull/522/merge'.
2024-07-16T20:33:26.7584521Z 
2024-07-16T20:33:26.7585394Z You are in 'detached HEAD' state. You can look around, make experimental
2024-07-16T20:33:26.7587316Z changes and commit them, and you can discard any commits you make in this
2024-07-16T20:33:26.7588934Z state without impacting any branches by switching back to a branch.
2024-07-16T20:33:26.7589769Z 
2024-07-16T20:33:26.7590482Z If you want to create a new branch to retain commits you create, you may
2024-07-16T20:33:26.7591796Z do so (now or later) by using -c with the switch command. Example:
2024-07-16T20:33:26.7592535Z 
2024-07-16T20:33:26.7592851Z   git switch -c <new-branch-name>
2024-07-16T20:33:26.7593281Z 
2024-07-16T20:33:26.7593683Z Or undo this operation with:
2024-07-16T20:33:26.7594076Z 
2024-07-16T20:33:26.7594304Z   git switch -
2024-07-16T20:33:26.7594645Z 
2024-07-16T20:33:26.7595174Z Turn off this advice by setting config variable advice.detachedHead to false
2024-07-16T20:33:26.7596350Z 
2024-07-16T20:33:26.7596926Z HEAD is now at 89d6261 Merge 9973260679f04064aaa1951d8c6c80515a0d3e64 into 02781ccf33db6eb5e32976b7bb01780e4fe96513
2024-07-16T20:33:26.7637321Z ##[endgroup]
2024-07-16T20:33:26.7677077Z [command]/usr/bin/git log -1 --format='%H'
2024-07-16T20:33:26.7700511Z '89d6261e1833499757704e5042f07e254f950820'
2024-07-16T20:33:26.8015093Z ##[group]Run actions/setup-python@v5
2024-07-16T20:33:26.8015510Z with:
2024-07-16T20:33:26.8015941Z   python-version: 3.9
2024-07-16T20:33:26.8016307Z   check-latest: false
2024-07-16T20:33:26.8016769Z   token: ***
2024-07-16T20:33:26.8017193Z   update-environment: true
2024-07-16T20:33:26.8017575Z   allow-prereleases: false
2024-07-16T20:33:26.8017888Z env:
2024-07-16T20:33:26.8018271Z   PYTHONUNBUFFERED: 1
2024-07-16T20:33:26.8018617Z   FORCE_COLOR: 1
2024-07-16T20:33:26.8018897Z ##[endgroup]
2024-07-16T20:33:26.9534152Z ##[group]Installed versions
2024-07-16T20:33:26.9594217Z Successfully set up CPython (3.9.19)
2024-07-16T20:33:26.9595475Z ##[endgroup]
2024-07-16T20:33:26.9737389Z ##[group]Run pip install --upgrade hatch
2024-07-16T20:33:26.9738070Z [36;1mpip install --upgrade hatch[0m
2024-07-16T20:33:26.9782963Z shell: /usr/bin/bash -e {0}
2024-07-16T20:33:26.9783377Z env:
2024-07-16T20:33:26.9783656Z   PYTHONUNBUFFERED: 1
2024-07-16T20:33:26.9784114Z   FORCE_COLOR: 1
2024-07-16T20:33:26.9784539Z   pythonLocation: /opt/hostedtoolcache/Python/3.9.19/x64
2024-07-16T20:33:26.9785141Z   PKG_CONFIG_PATH: /opt/hostedtoolcache/Python/3.9.19/x64/lib/pkgconfig
2024-07-16T20:33:26.9785853Z   Python_ROOT_DIR: /opt/hostedtoolcache/Python/3.9.19/x64
2024-07-16T20:33:26.9786405Z   Python2_ROOT_DIR: /opt/hostedtoolcache/Python/3.9.19/x64
2024-07-16T20:33:26.9786967Z   Python3_ROOT_DIR: /opt/hostedtoolcache/Python/3.9.19/x64
2024-07-16T20:33:26.9787563Z   LD_LIBRARY_PATH: /opt/hostedtoolcache/Python/3.9.19/x64/lib
2024-07-16T20:33:26.9788042Z ##[endgroup]
2024-07-16T20:33:29.5417835Z Collecting hatch
2024-07-16T20:33:29.5528226Z   Downloading hatch-1.12.0-py3-none-any.whl.metadata (5.5 kB)
2024-07-16T20:33:29.5838512Z Collecting click>=8.0.6 (from hatch)
2024-07-16T20:33:29.5883786Z   Downloading click-8.1.7-py3-none-any.whl.metadata (3.0 kB)
2024-07-16T20:33:29.6312465Z Collecting hatchling>=1.24.2 (from hatch)
2024-07-16T20:33:29.6349580Z   Downloading hatchling-1.25.0-py3-none-any.whl.metadata (3.8 kB)
2024-07-16T20:33:29.6688786Z Collecting httpx>=0.22.0 (from hatch)
2024-07-16T20:33:29.6722899Z   Downloading httpx-0.27.0-py3-none-any.whl.metadata (7.2 kB)
2024-07-16T20:33:29.6898153Z Collecting hyperlink>=21.0.0 (from hatch)
2024-07-16T20:33:29.6932253Z   Downloading hyperlink-21.0.0-py2.py3-none-any.whl.metadata (1.5 kB)
2024-07-16T20:33:29.7487900Z Collecting keyring>=23.5.0 (from hatch)
2024-07-16T20:33:29.7523905Z   Downloading keyring-25.2.1-py3-none-any.whl.metadata (20 kB)
2024-07-16T20:33:29.7879715Z Collecting packaging>=23.2 (from hatch)
2024-07-16T20:33:29.7916451Z   Downloading packaging-24.1-py3-none-any.whl.metadata (3.2 kB)
2024-07-16T20:33:29.8087485Z Collecting pexpect~=4.8 (from hatch)
2024-07-16T20:33:29.8122260Z   Downloading pexpect-4.9.0-py2.py3-none-any.whl.metadata (2.5 kB)
2024-07-16T20:33:29.8419579Z Collecting platformdirs>=2.5.0 (from hatch)
2024-07-16T20:33:29.8460277Z   Downloading platformdirs-4.2.2-py3-none-any.whl.metadata (11 kB)
2024-07-16T20:33:29.9282210Z Collecting rich>=11.2.0 (from hatch)
2024-07-16T20:33:29.9318323Z   Downloading rich-13.7.1-py3-none-any.whl.metadata (18 kB)
2024-07-16T20:33:29.9577570Z Collecting shellingham>=1.4.0 (from hatch)
2024-07-16T20:33:29.9611523Z   Downloading shellingham-1.5.4-py2.py3-none-any.whl.metadata (3.5 kB)
2024-07-16T20:33:29.9767110Z Collecting tomli-w>=1.0 (from hatch)
2024-07-16T20:33:29.9803383Z   Downloading tomli_w-1.0.0-py3-none-any.whl.metadata (4.9 kB)
2024-07-16T20:33:30.0182478Z Collecting tomlkit>=0.11.1 (from hatch)
2024-07-16T20:33:30.0219473Z   Downloading tomlkit-0.13.0-py3-none-any.whl.metadata (2.7 kB)
2024-07-16T20:33:30.0392579Z Collecting userpath~=1.7 (from hatch)
2024-07-16T20:33:30.0428194Z   Downloading userpath-1.9.2-py3-none-any.whl.metadata (3.0 kB)
2024-07-16T20:33:30.1598212Z Collecting uv>=0.1.35 (from hatch)
2024-07-16T20:33:30.1638655Z   Downloading uv-0.2.25-py3-none-manylinux_2_17_x86_64.manylinux2014_x86_64.whl.metadata (35 kB)
2024-07-16T20:33:30.2623907Z Collecting virtualenv>=20.26.1 (from hatch)
2024-07-16T20:33:30.2657565Z   Downloading virtualenv-20.26.3-py3-none-any.whl.metadata (4.5 kB)
2024-07-16T20:33:30.3639067Z Collecting zstandard<1 (from hatch)
2024-07-16T20:33:30.3680783Z   Downloading zstandard-0.23.0-cp39-cp39-manylinux_2_17_x86_64.manylinux2014_x86_64.whl.metadata (3.0 kB)
2024-07-16T20:33:30.3890510Z Collecting pathspec>=0.10.1 (from hatchling>=1.24.2->hatch)
2024-07-16T20:33:30.3931315Z   Downloading pathspec-0.12.1-py3-none-any.whl.metadata (21 kB)
2024-07-16T20:33:30.4209441Z Collecting pluggy>=1.0.0 (from hatchling>=1.24.2->hatch)
2024-07-16T20:33:30.4243065Z   Downloading pluggy-1.5.0-py3-none-any.whl.metadata (4.8 kB)
2024-07-16T20:33:30.4453924Z Collecting tomli>=1.2.2 (from hatchling>=1.24.2->hatch)
2024-07-16T20:33:30.4488459Z   Downloading tomli-2.0.1-py3-none-any.whl.metadata (8.9 kB)
2024-07-16T20:33:30.4805142Z Collecting trove-classifiers (from hatchling>=1.24.2->hatch)
2024-07-16T20:33:30.4841459Z   Downloading trove_classifiers-2024.7.2-py3-none-any.whl.metadata (2.2 kB)
2024-07-16T20:33:30.5137142Z Collecting anyio (from httpx>=0.22.0->hatch)
2024-07-16T20:33:30.5172803Z   Downloading anyio-4.4.0-py3-none-any.whl.metadata (4.6 kB)
2024-07-16T20:33:30.5460713Z Collecting certifi (from httpx>=0.22.0->hatch)
2024-07-16T20:33:30.5495071Z   Downloading certifi-2024.7.4-py3-none-any.whl.metadata (2.2 kB)
2024-07-16T20:33:30.5825244Z Collecting httpcore==1.* (from httpx>=0.22.0->hatch)
2024-07-16T20:33:30.5861124Z   Downloading httpcore-1.0.5-py3-none-any.whl.metadata (20 kB)
2024-07-16T20:33:30.6089133Z Collecting idna (from httpx>=0.22.0->hatch)
2024-07-16T20:33:30.6122210Z   Downloading idna-3.7-py3-none-any.whl.metadata (9.9 kB)
2024-07-16T20:33:30.6268372Z Collecting sniffio (from httpx>=0.22.0->hatch)
2024-07-16T20:33:30.6302559Z   Downloading sniffio-1.3.1-py3-none-any.whl.metadata (3.9 kB)
2024-07-16T20:33:30.6471682Z Collecting h11<0.15,>=0.13 (from httpcore==1.*->httpx>=0.22.0->hatch)
2024-07-16T20:33:30.6505618Z   Downloading h11-0.14.0-py3-none-any.whl.metadata (8.2 kB)
2024-07-16T20:33:30.6741556Z Collecting jaraco.classes (from keyring>=23.5.0->hatch)
2024-07-16T20:33:30.6780876Z   Downloading jaraco.classes-3.4.0-py3-none-any.whl.metadata (2.6 kB)
2024-07-16T20:33:30.7071795Z Collecting jaraco.functools (from keyring>=23.5.0->hatch)
2024-07-16T20:33:30.7104484Z   Downloading jaraco.functools-4.0.1-py3-none-any.whl.metadata (2.9 kB)
2024-07-16T20:33:30.7320082Z Collecting jaraco.context (from keyring>=23.5.0->hatch)
2024-07-16T20:33:30.7354772Z   Downloading jaraco.context-5.3.0-py3-none-any.whl.metadata (4.0 kB)
2024-07-16T20:33:30.8163465Z Collecting importlib-metadata>=4.11.4 (from keyring>=23.5.0->hatch)
2024-07-16T20:33:30.8198541Z   Downloading importlib_metadata-8.0.0-py3-none-any.whl.metadata (4.6 kB)
2024-07-16T20:33:30.8401835Z Collecting SecretStorage>=3.2 (from keyring>=23.5.0->hatch)
2024-07-16T20:33:30.8447986Z   Downloading SecretStorage-3.3.3-py3-none-any.whl.metadata (4.0 kB)
2024-07-16T20:33:30.8622578Z Collecting jeepney>=0.4.2 (from keyring>=23.5.0->hatch)
2024-07-16T20:33:30.8656497Z   Downloading jeepney-0.8.0-py3-none-any.whl.metadata (1.3 kB)
2024-07-16T20:33:30.8825684Z Collecting ptyprocess>=0.5 (from pexpect~=4.8->hatch)
2024-07-16T20:33:30.8905491Z   Downloading ptyprocess-0.7.0-py2.py3-none-any.whl.metadata (1.3 kB)
2024-07-16T20:33:30.9191059Z Collecting markdown-it-py>=2.2.0 (from rich>=11.2.0->hatch)
2024-07-16T20:33:30.9227914Z   Downloading markdown_it_py-3.0.0-py3-none-any.whl.metadata (6.9 kB)
2024-07-16T20:33:30.9614985Z Collecting pygments<3.0.0,>=2.13.0 (from rich>=11.2.0->hatch)
2024-07-16T20:33:30.9649819Z   Downloading pygments-2.18.0-py3-none-any.whl.metadata (2.5 kB)
2024-07-16T20:33:30.9871918Z Collecting distlib<1,>=0.3.7 (from virtualenv>=20.26.1->hatch)
2024-07-16T20:33:30.9905413Z   Downloading distlib-0.3.8-py2.py3-none-any.whl.metadata (5.1 kB)
2024-07-16T20:33:31.0217747Z Collecting filelock<4,>=3.12.2 (from virtualenv>=20.26.1->hatch)
2024-07-16T20:33:31.0252426Z   Downloading filelock-3.15.4-py3-none-any.whl.metadata (2.9 kB)
2024-07-16T20:33:31.0685425Z Collecting zipp>=0.5 (from importlib-metadata>=4.11.4->keyring>=23.5.0->hatch)
2024-07-16T20:33:31.0734754Z   Downloading zipp-3.19.2-py3-none-any.whl.metadata (3.6 kB)
2024-07-16T20:33:31.0929946Z Collecting mdurl~=0.1 (from markdown-it-py>=2.2.0->rich>=11.2.0->hatch)
2024-07-16T20:33:31.0972543Z   Downloading mdurl-0.1.2-py3-none-any.whl.metadata (1.6 kB)
2024-07-16T20:33:31.3259634Z Collecting cryptography>=2.0 (from SecretStorage>=3.2->keyring>=23.5.0->hatch)
2024-07-16T20:33:31.3304704Z   Downloading cryptography-42.0.8-cp39-abi3-manylinux_2_28_x86_64.whl.metadata (5.3 kB)
2024-07-16T20:33:31.3826179Z Collecting exceptiongroup>=1.0.2 (from anyio->httpx>=0.22.0->hatch)
2024-07-16T20:33:31.3861454Z   Downloading exceptiongroup-1.2.2-py3-none-any.whl.metadata (6.6 kB)
2024-07-16T20:33:31.4123563Z Collecting typing-extensions>=4.1 (from anyio->httpx>=0.22.0->hatch)
2024-07-16T20:33:31.4160220Z   Downloading typing_extensions-4.12.2-py3-none-any.whl.metadata (3.0 kB)
2024-07-16T20:33:31.4551999Z Collecting more-itertools (from jaraco.classes->keyring>=23.5.0->hatch)
2024-07-16T20:33:31.4587059Z   Downloading more_itertools-10.3.0-py3-none-any.whl.metadata (36 kB)
2024-07-16T20:33:31.4872405Z Collecting backports.tarfile (from jaraco.context->keyring>=23.5.0->hatch)
2024-07-16T20:33:31.4908034Z   Downloading backports.tarfile-1.2.0-py3-none-any.whl.metadata (2.0 kB)
2024-07-16T20:33:31.6133531Z Collecting cffi>=1.12 (from cryptography>=2.0->SecretStorage>=3.2->keyring>=23.5.0->hatch)
2024-07-16T20:33:31.6169701Z   Downloading cffi-1.16.0-cp39-cp39-manylinux_2_17_x86_64.manylinux2014_x86_64.whl.metadata (1.5 kB)
2024-07-16T20:33:31.6471339Z Collecting pycparser (from cffi>=1.12->cryptography>=2.0->SecretStorage>=3.2->keyring>=23.5.0->hatch)
2024-07-16T20:33:31.6507279Z   Downloading pycparser-2.22-py3-none-any.whl.metadata (943 bytes)
2024-07-16T20:33:31.6596769Z Downloading hatch-1.12.0-py3-none-any.whl (125 kB)
2024-07-16T20:33:31.6681838Z [?25l   [90m━━━━━━━━━━━━━━━━━━━━━━━━━━━━━━━━━━━━━━━━[0m [32m0.0/125.4 kB[0m [31m?[0m eta [36m-:--:--[0m
2024-07-16T20:33:31.6683183Z [2K   [90m━━━━━━━━━━━━━━━━━━━━━━━━━━━━━━━━━━━━━━━━[0m [32m125.4/125.4 kB[0m [31m25.1 MB/s[0m eta [36m0:00:00[0m
2024-07-16T20:33:31.6737441Z [?25hDownloading click-8.1.7-py3-none-any.whl (97 kB)
2024-07-16T20:33:31.6793325Z [?25l   [90m━━━━━━━━━━━━━━━━━━━━━━━━━━━━━━━━━━━━━━━━[0m [32m0.0/97.9 kB[0m [31m?[0m eta [36m-:--:--[0m
2024-07-16T20:33:31.6794668Z [2K   [90m━━━━━━━━━━━━━━━━━━━━━━━━━━━━━━━━━━━━━━━━[0m [32m97.9/97.9 kB[0m [31m33.8 MB/s[0m eta [36m0:00:00[0m
2024-07-16T20:33:31.6828833Z [?25hDownloading hatchling-1.25.0-py3-none-any.whl (84 kB)
2024-07-16T20:33:31.6884206Z [?25l   [90m━━━━━━━━━━━━━━━━━━━━━━━━━━━━━━━━━━━━━━━━[0m [32m0.0/84.1 kB[0m [31m?[0m eta [36m-:--:--[0m
2024-07-16T20:33:31.6886189Z [2K   [90m━━━━━━━━━━━━━━━━━━━━━━━━━━━━━━━━━━━━━━━━[0m [32m84.1/84.1 kB[0m [31m27.7 MB/s[0m eta [36m0:00:00[0m
2024-07-16T20:33:31.6931815Z [?25hDownloading httpx-0.27.0-py3-none-any.whl (75 kB)
2024-07-16T20:33:31.6985121Z [?25l   [90m━━━━━━━━━━━━━━━━━━━━━━━━━━━━━━━━━━━━━━━━[0m [32m0.0/75.6 kB[0m [31m?[0m eta [36m-:--:--[0m
2024-07-16T20:33:31.6986643Z [2K   [90m━━━━━━━━━━━━━━━━━━━━━━━━━━━━━━━━━━━━━━━━[0m [32m75.6/75.6 kB[0m [31m26.1 MB/s[0m eta [36m0:00:00[0m
2024-07-16T20:33:31.7020626Z [?25hDownloading httpcore-1.0.5-py3-none-any.whl (77 kB)
2024-07-16T20:33:31.7074633Z [?25l   [90m━━━━━━━━━━━━━━━━━━━━━━━━━━━━━━━━━━━━━━━━[0m [32m0.0/77.9 kB[0m [31m?[0m eta [36m-:--:--[0m
2024-07-16T20:33:31.7075570Z [2K   [90m━━━━━━━━━━━━━━━━━━━━━━━━━━━━━━━━━━━━━━━━[0m [32m77.9/77.9 kB[0m [31m26.6 MB/s[0m eta [36m0:00:00[0m
2024-07-16T20:33:31.7109333Z [?25hDownloading hyperlink-21.0.0-py2.py3-none-any.whl (74 kB)
2024-07-16T20:33:31.7162344Z [?25l   [90m━━━━━━━━━━━━━━━━━━━━━━━━━━━━━━━━━━━━━━━━[0m [32m0.0/74.6 kB[0m [31m?[0m eta [36m-:--:--[0m
2024-07-16T20:33:31.7164059Z [2K   [90m━━━━━━━━━━━━━━━━━━━━━━━━━━━━━━━━━━━━━━━━[0m [32m74.6/74.6 kB[0m [31m26.1 MB/s[0m eta [36m0:00:00[0m
2024-07-16T20:33:31.7195547Z [?25hDownloading keyring-25.2.1-py3-none-any.whl (38 kB)
2024-07-16T20:33:31.7255437Z Downloading packaging-24.1-py3-none-any.whl (53 kB)
2024-07-16T20:33:31.7311346Z [?25l   [90m━━━━━━━━━━━━━━━━━━━━━━━━━━━━━━━━━━━━━━━━[0m [32m0.0/54.0 kB[0m [31m?[0m eta [36m-:--:--[0m
2024-07-16T20:33:31.7312247Z [2K   [90m━━━━━━━━━━━━━━━━━━━━━━━━━━━━━━━━━━━━━━━━[0m [32m54.0/54.0 kB[0m [31m16.6 MB/s[0m eta [36m0:00:00[0m
2024-07-16T20:33:31.7349577Z [?25hDownloading pexpect-4.9.0-py2.py3-none-any.whl (63 kB)
2024-07-16T20:33:31.7402301Z [?25l   [90m━━━━━━━━━━━━━━━━━━━━━━━━━━━━━━━━━━━━━━━━[0m [32m0.0/63.8 kB[0m [31m?[0m eta [36m-:--:--[0m
2024-07-16T20:33:31.7403894Z [2K   [90m━━━━━━━━━━━━━━━━━━━━━━━━━━━━━━━━━━━━━━━━[0m [32m63.8/63.8 kB[0m [31m22.6 MB/s[0m eta [36m0:00:00[0m
2024-07-16T20:33:31.7441177Z [?25hDownloading platformdirs-4.2.2-py3-none-any.whl (18 kB)
2024-07-16T20:33:31.7503004Z Downloading rich-13.7.1-py3-none-any.whl (240 kB)
2024-07-16T20:33:31.7569508Z [?25l   [90m━━━━━━━━━━━━━━━━━━━━━━━━━━━━━━━━━━━━━━━━[0m [32m0.0/240.7 kB[0m [31m?[0m eta [36m-:--:--[0m
2024-07-16T20:33:31.7570899Z [2K   [90m━━━━━━━━━━━━━━━━━━━━━━━━━━━━━━━━━━━━━━━━[0m [32m240.7/240.7 kB[0m [31m60.1 MB/s[0m eta [36m0:00:00[0m
2024-07-16T20:33:31.7606524Z [?25hDownloading shellingham-1.5.4-py2.py3-none-any.whl (9.8 kB)
2024-07-16T20:33:31.7661806Z Downloading tomli_w-1.0.0-py3-none-any.whl (6.0 kB)
2024-07-16T20:33:31.7715363Z Downloading tomlkit-0.13.0-py3-none-any.whl (37 kB)
2024-07-16T20:33:31.7774544Z Downloading userpath-1.9.2-py3-none-any.whl (9.1 kB)
2024-07-16T20:33:31.7864969Z Downloading uv-0.2.25-py3-none-manylinux_2_17_x86_64.manylinux2014_x86_64.whl (13.7 MB)
2024-07-16T20:33:31.8229447Z [?25l   [90m━━━━━━━━━━━━━━━━━━━━━━━━━━━━━━━━━━━━━━━━[0m [32m0.0/13.7 MB[0m [31m?[0m eta [36m-:--:--[0m
2024-07-16T20:33:31.8578156Z [2K   [91m━━━━━━━━━━━━━━━━[0m[90m╺[0m[90m━━━━━━━━━━━━━━━━━━━━━━━[0m [32m5.5/13.7 MB[0m [31m164.6 MB/s[0m eta [36m0:00:01[0m
2024-07-16T20:33:31.8926458Z [2K   [91m━━━━━━━━━━━━━━━━━━━━━━━━━━━━━━━[0m[90m╺[0m[90m━━━━━━━━[0m [32m10.8/13.7 MB[0m [31m157.3 MB/s[0m eta [36m0:00:01[0m
2024-07-16T20:33:31.9118779Z [2K   [91m━━━━━━━━━━━━━━━━━━━━━━━━━━━━━━━━━━━━━━━[0m[91m╸[0m [32m13.7/13.7 MB[0m [31m151.8 MB/s[0m eta [36m0:00:01[0m
2024-07-16T20:33:31.9119834Z [2K   [90m━━━━━━━━━━━━━━━━━━━━━━━━━━━━━━━━━━━━━━━━[0m [32m13.7/13.7 MB[0m [31m101.0 MB/s[0m eta [36m0:00:00[0m
2024-07-16T20:33:31.9169058Z [?25hDownloading virtualenv-20.26.3-py3-none-any.whl (5.7 MB)
2024-07-16T20:33:31.9533800Z [?25l   [90m━━━━━━━━━━━━━━━━━━━━━━━━━━━━━━━━━━━━━━━━[0m [32m0.0/5.7 MB[0m [31m?[0m eta [36m-:--:--[0m
2024-07-16T20:33:31.9696748Z [2K   [91m━━━━━━━━━━━━━━━━━━━━━━━━━━━━━━━━━━━━━━[0m[91m╸[0m[90m━[0m [32m5.5/5.7 MB[0m [31m166.3 MB/s[0m eta [36m0:00:01[0m
2024-07-16T20:33:31.9697724Z [2K   [90m━━━━━━━━━━━━━━━━━━━━━━━━━━━━━━━━━━━━━━━━[0m [32m5.7/5.7 MB[0m [31m114.1 MB/s[0m eta [36m0:00:00[0m
2024-07-16T20:33:31.9787585Z [?25hDownloading zstandard-0.23.0-cp39-cp39-manylinux_2_17_x86_64.manylinux2014_x86_64.whl (5.4 MB)
2024-07-16T20:33:32.0156183Z [?25l   [90m━━━━━━━━━━━━━━━━━━━━━━━━━━━━━━━━━━━━━━━━[0m [32m0.0/5.4 MB[0m [31m?[0m eta [36m-:--:--[0m
2024-07-16T20:33:32.0331371Z [2K   [91m━━━━━━━━━━━━━━━━━━━━━━━━━━━━━━━━━━━━━━[0m[90m╺[0m[90m━[0m [32m5.2/5.4 MB[0m [31m156.2 MB/s[0m eta [36m0:00:01[0m
2024-07-16T20:33:32.0332344Z [2K   [90m━━━━━━━━━━━━━━━━━━━━━━━━━━━━━━━━━━━━━━━━[0m [32m5.4/5.4 MB[0m [31m106.9 MB/s[0m eta [36m0:00:00[0m
2024-07-16T20:33:32.0371279Z [?25hDownloading distlib-0.3.8-py2.py3-none-any.whl (468 kB)
2024-07-16T20:33:32.0458143Z [?25l   [90m━━━━━━━━━━━━━━━━━━━━━━━━━━━━━━━━━━━━━━━━[0m [32m0.0/468.9 kB[0m [31m?[0m eta [36m-:--:--[0m
2024-07-16T20:33:32.0459577Z [2K   [90m━━━━━━━━━━━━━━━━━━━━━━━━━━━━━━━━━━━━━━━━[0m [32m468.9/468.9 kB[0m [31m80.7 MB/s[0m eta [36m0:00:00[0m
2024-07-16T20:33:32.0498141Z [?25hDownloading filelock-3.15.4-py3-none-any.whl (16 kB)
2024-07-16T20:33:32.0561550Z Downloading idna-3.7-py3-none-any.whl (66 kB)
2024-07-16T20:33:32.0614257Z [?25l   [90m━━━━━━━━━━━━━━━━━━━━━━━━━━━━━━━━━━━━━━━━[0m [32m0.0/66.8 kB[0m [31m?[0m eta [36m-:--:--[0m
2024-07-16T20:33:32.0615791Z [2K   [90m━━━━━━━━━━━━━━━━━━━━━━━━━━━━━━━━━━━━━━━━[0m [32m66.8/66.8 kB[0m [31m24.1 MB/s[0m eta [36m0:00:00[0m
2024-07-16T20:33:32.0655669Z [?25hDownloading importlib_metadata-8.0.0-py3-none-any.whl (24 kB)
2024-07-16T20:33:32.0732581Z Downloading jeepney-0.8.0-py3-none-any.whl (48 kB)
2024-07-16T20:33:32.0783743Z [?25l   [90m━━━━━━━━━━━━━━━━━━━━━━━━━━━━━━━━━━━━━━━━[0m [32m0.0/48.4 kB[0m [31m?[0m eta [36m-:--:--[0m
2024-07-16T20:33:32.0784836Z [2K   [90m━━━━━━━━━━━━━━━━━━━━━━━━━━━━━━━━━━━━━━━━[0m [32m48.4/48.4 kB[0m [31m17.2 MB/s[0m eta [36m0:00:00[0m
2024-07-16T20:33:32.0820704Z [?25hDownloading markdown_it_py-3.0.0-py3-none-any.whl (87 kB)
2024-07-16T20:33:32.0874576Z [?25l   [90m━━━━━━━━━━━━━━━━━━━━━━━━━━━━━━━━━━━━━━━━[0m [32m0.0/87.5 kB[0m [31m?[0m eta [36m-:--:--[0m
2024-07-16T20:33:32.0875635Z [2K   [90m━━━━━━━━━━━━━━━━━━━━━━━━━━━━━━━━━━━━━━━━[0m [32m87.5/87.5 kB[0m [31m29.8 MB/s[0m eta [36m0:00:00[0m
2024-07-16T20:33:32.0915610Z [?25hDownloading pathspec-0.12.1-py3-none-any.whl (31 kB)
2024-07-16T20:33:32.0973770Z Downloading pluggy-1.5.0-py3-none-any.whl (20 kB)
2024-07-16T20:33:32.1027258Z Downloading ptyprocess-0.7.0-py2.py3-none-any.whl (13 kB)
2024-07-16T20:33:32.1087500Z Downloading pygments-2.18.0-py3-none-any.whl (1.2 MB)
2024-07-16T20:33:32.1242309Z [?25l   [90m━━━━━━━━━━━━━━━━━━━━━━━━━━━━━━━━━━━━━━━━[0m [32m0.0/1.2 MB[0m [31m?[0m eta [36m-:--:--[0m
2024-07-16T20:33:32.1243553Z [2K   [90m━━━━━━━━━━━━━━━━━━━━━━━━━━━━━━━━━━━━━━━━[0m [32m1.2/1.2 MB[0m [31m101.5 MB/s[0m eta [36m0:00:00[0m
2024-07-16T20:33:32.1291347Z [?25hDownloading SecretStorage-3.3.3-py3-none-any.whl (15 kB)
2024-07-16T20:33:32.1353827Z Downloading tomli-2.0.1-py3-none-any.whl (12 kB)
2024-07-16T20:33:32.1411113Z Downloading anyio-4.4.0-py3-none-any.whl (86 kB)
2024-07-16T20:33:32.1465263Z [?25l   [90m━━━━━━━━━━━━━━━━━━━━━━━━━━━━━━━━━━━━━━━━[0m [32m0.0/86.8 kB[0m [31m?[0m eta [36m-:--:--[0m
2024-07-16T20:33:32.1466255Z [2K   [90m━━━━━━━━━━━━━━━━━━━━━━━━━━━━━━━━━━━━━━━━[0m [32m86.8/86.8 kB[0m [31m30.3 MB/s[0m eta [36m0:00:00[0m
2024-07-16T20:33:32.1547955Z [?25hDownloading sniffio-1.3.1-py3-none-any.whl (10 kB)
2024-07-16T20:33:32.1633748Z Downloading certifi-2024.7.4-py3-none-any.whl (162 kB)
2024-07-16T20:33:32.1710163Z [?25l   [90m━━━━━━━━━━━━━━━━━━━━━━━━━━━━━━━━━━━━━━━━[0m [32m0.0/163.0 kB[0m [31m?[0m eta [36m-:--:--[0m
2024-07-16T20:33:32.1711754Z [2K   [90m━━━━━━━━━━━━━━━━━━━━━━━━━━━━━━━━━━━━━━━━[0m [32m163.0/163.0 kB[0m [31m40.7 MB/s[0m eta [36m0:00:00[0m
2024-07-16T20:33:32.1761927Z [?25hDownloading jaraco.classes-3.4.0-py3-none-any.whl (6.8 kB)
2024-07-16T20:33:32.1841128Z Downloading jaraco.context-5.3.0-py3-none-any.whl (6.5 kB)
2024-07-16T20:33:32.1894291Z Downloading jaraco.functools-4.0.1-py3-none-any.whl (9.8 kB)
2024-07-16T20:33:32.1951934Z Downloading trove_classifiers-2024.7.2-py3-none-any.whl (13 kB)
2024-07-16T20:33:32.2005162Z Downloading cryptography-42.0.8-cp39-abi3-manylinux_2_28_x86_64.whl (3.9 MB)
2024-07-16T20:33:32.2366261Z [?25l   [90m━━━━━━━━━━━━━━━━━━━━━━━━━━━━━━━━━━━━━━━━[0m [32m0.0/3.9 MB[0m [31m?[0m eta [36m-:--:--[0m
2024-07-16T20:33:32.2379704Z [2K   [91m━━━━━━━━━━━━━━━━━━━━━━━━━━━━━━━━━━━━━━━[0m[91m╸[0m [32m3.9/3.9 MB[0m [31m164.7 MB/s[0m eta [36m0:00:01[0m
2024-07-16T20:33:32.2380707Z [2K   [90m━━━━━━━━━━━━━━━━━━━━━━━━━━━━━━━━━━━━━━━━[0m [32m3.9/3.9 MB[0m [31m111.2 MB/s[0m eta [36m0:00:00[0m
2024-07-16T20:33:32.2420345Z [?25hDownloading exceptiongroup-1.2.2-py3-none-any.whl (16 kB)
2024-07-16T20:33:32.2473646Z Downloading h11-0.14.0-py3-none-any.whl (58 kB)
2024-07-16T20:33:32.2526522Z [?25l   [90m━━━━━━━━━━━━━━━━━━━━━━━━━━━━━━━━━━━━━━━━[0m [32m0.0/58.3 kB[0m [31m?[0m eta [36m-:--:--[0m
2024-07-16T20:33:32.2528059Z [2K   [90m━━━━━━━━━━━━━━━━━━━━━━━━━━━━━━━━━━━━━━━━[0m [32m58.3/58.3 kB[0m [31m20.0 MB/s[0m eta [36m0:00:00[0m
2024-07-16T20:33:32.2565798Z [?25hDownloading mdurl-0.1.2-py3-none-any.whl (10.0 kB)
2024-07-16T20:33:32.2617871Z Downloading typing_extensions-4.12.2-py3-none-any.whl (37 kB)
2024-07-16T20:33:32.2673960Z Downloading zipp-3.19.2-py3-none-any.whl (9.0 kB)
2024-07-16T20:33:32.2725099Z Downloading backports.tarfile-1.2.0-py3-none-any.whl (30 kB)
2024-07-16T20:33:32.2779258Z Downloading more_itertools-10.3.0-py3-none-any.whl (59 kB)
2024-07-16T20:33:32.2829770Z [?25l   [90m━━━━━━━━━━━━━━━━━━━━━━━━━━━━━━━━━━━━━━━━[0m [32m0.0/59.2 kB[0m [31m?[0m eta [36m-:--:--[0m
2024-07-16T20:33:32.2831288Z [2K   [90m━━━━━━━━━━━━━━━━━━━━━━━━━━━━━━━━━━━━━━━━[0m [32m59.2/59.2 kB[0m [31m22.4 MB/s[0m eta [36m0:00:00[0m
2024-07-16T20:33:32.2974110Z [?25hDownloading cffi-1.16.0-cp39-cp39-manylinux_2_17_x86_64.manylinux2014_x86_64.whl (443 kB)
2024-07-16T20:33:32.3058842Z [?25l   [90m━━━━━━━━━━━━━━━━━━━━━━━━━━━━━━━━━━━━━━━━[0m [32m0.0/443.4 kB[0m [31m?[0m eta [36m-:--:--[0m
2024-07-16T20:33:32.3060366Z [2K   [90m━━━━━━━━━━━━━━━━━━━━━━━━━━━━━━━━━━━━━━━━[0m [32m443.4/443.4 kB[0m [31m76.8 MB/s[0m eta [36m0:00:00[0m
2024-07-16T20:33:32.3116419Z [?25hDownloading pycparser-2.22-py3-none-any.whl (117 kB)
2024-07-16T20:33:32.3182368Z [?25l   [90m━━━━━━━━━━━━━━━━━━━━━━━━━━━━━━━━━━━━━━━━[0m [32m0.0/117.6 kB[0m [31m?[0m eta [36m-:--:--[0m
2024-07-16T20:33:32.3183500Z [2K   [90m━━━━━━━━━━━━━━━━━━━━━━━━━━━━━━━━━━━━━━━━[0m [32m117.6/117.6 kB[0m [31m39.0 MB/s[0m eta [36m0:00:00[0m
2024-07-16T20:33:32.4841352Z [?25hInstalling collected packages: trove-classifiers, ptyprocess, distlib, zstandard, zipp, uv, typing-extensions, tomlkit, tomli-w, tomli, sniffio, shellingham, pygments, pycparser, pluggy, platformdirs, pexpect, pathspec, packaging, more-itertools, mdurl, jeepney, idna, h11, filelock, exceptiongroup, click, certifi, backports.tarfile, virtualenv, userpath, markdown-it-py, jaraco.functools, jaraco.context, jaraco.classes, importlib-metadata, hyperlink, httpcore, hatchling, cffi, anyio, rich, httpx, cryptography, SecretStorage, keyring, hatch
2024-07-16T20:33:35.2780933Z Successfully installed SecretStorage-3.3.3 anyio-4.4.0 backports.tarfile-1.2.0 certifi-2024.7.4 cffi-1.16.0 click-8.1.7 cryptography-42.0.8 distlib-0.3.8 exceptiongroup-1.2.2 filelock-3.15.4 h11-0.14.0 hatch-1.12.0 hatchling-1.25.0 httpcore-1.0.5 httpx-0.27.0 hyperlink-21.0.0 idna-3.7 importlib-metadata-8.0.0 jaraco.classes-3.4.0 jaraco.context-5.3.0 jaraco.functools-4.0.1 jeepney-0.8.0 keyring-25.2.1 markdown-it-py-3.0.0 mdurl-0.1.2 more-itertools-10.3.0 packaging-24.1 pathspec-0.12.1 pexpect-4.9.0 platformdirs-4.2.2 pluggy-1.5.0 ptyprocess-0.7.0 pycparser-2.22 pygments-2.18.0 rich-13.7.1 shellingham-1.5.4 sniffio-1.3.1 tomli-2.0.1 tomli-w-1.0.0 tomlkit-0.13.0 trove-classifiers-2024.7.2 typing-extensions-4.12.2 userpath-1.9.2 uv-0.2.25 virtualenv-20.26.3 zipp-3.19.2 zstandard-0.23.0
2024-07-16T20:33:35.4701182Z ##[group]Run hatch run all.py3.9:pip freeze
2024-07-16T20:33:35.4701596Z [36;1mhatch run all.py3.9:pip freeze[0m
2024-07-16T20:33:35.4741359Z shell: /usr/bin/bash -e {0}
2024-07-16T20:33:35.4741651Z env:
2024-07-16T20:33:35.4741860Z   PYTHONUNBUFFERED: 1
2024-07-16T20:33:35.4742119Z   FORCE_COLOR: 1
2024-07-16T20:33:35.4742443Z   pythonLocation: /opt/hostedtoolcache/Python/3.9.19/x64
2024-07-16T20:33:35.4742983Z   PKG_CONFIG_PATH: /opt/hostedtoolcache/Python/3.9.19/x64/lib/pkgconfig
2024-07-16T20:33:35.4743507Z   Python_ROOT_DIR: /opt/hostedtoolcache/Python/3.9.19/x64
2024-07-16T20:33:35.4744158Z   Python2_ROOT_DIR: /opt/hostedtoolcache/Python/3.9.19/x64
2024-07-16T20:33:35.4744612Z   Python3_ROOT_DIR: /opt/hostedtoolcache/Python/3.9.19/x64
2024-07-16T20:33:35.4745075Z   LD_LIBRARY_PATH: /opt/hostedtoolcache/Python/3.9.19/x64/lib
2024-07-16T20:33:35.4745460Z ##[endgroup]
2024-07-16T20:33:35.7193245Z [1;35mCreating environment: all.py3.9[0m
2024-07-16T20:33:36.0692827Z [1;35mInstalling project in development mode[0m
2024-07-16T20:34:08.8735236Z [1;35mChecking dependencies[0m
2024-07-16T20:34:08.9369745Z [1;35mSyncing dependencies[0m
2024-07-16T20:34:22.1444823Z aiohttp==3.9.5
2024-07-16T20:34:22.1445399Z aiosignal==1.3.1
2024-07-16T20:34:22.1487470Z annotated-types==0.7.0
2024-07-16T20:34:22.1487915Z anyio==4.4.0
2024-07-16T20:34:22.1488305Z argon2-cffi==23.1.0
2024-07-16T20:34:22.1488925Z argon2-cffi-bindings==21.2.0
2024-07-16T20:34:22.1489362Z arrow==1.3.0
2024-07-16T20:34:22.1489690Z asttokens==2.4.1
2024-07-16T20:34:22.1490071Z async-lru==2.0.4
2024-07-16T20:34:22.1490472Z async-timeout==4.0.3
2024-07-16T20:34:22.1490828Z attrs==23.2.0
2024-07-16T20:34:22.1491146Z Babel==2.15.0
2024-07-16T20:34:22.1491481Z beautifulsoup4==4.12.3
2024-07-16T20:34:22.1491845Z bleach==6.1.0
2024-07-16T20:34:22.1492156Z blinker==1.8.2
2024-07-16T20:34:22.1492464Z cachelib==0.9.0
2024-07-16T20:34:22.1492798Z certifi==2024.7.4
2024-07-16T20:34:22.1493127Z cffi==1.16.0
2024-07-16T20:34:22.1493518Z charset-normalizer==3.3.2
2024-07-16T20:34:22.1493911Z click==8.1.7
2024-07-16T20:34:22.1494219Z comm==0.2.2
2024-07-16T20:34:22.1494515Z coverage==7.6.0
2024-07-16T20:34:22.1494843Z dash==2.17.1
2024-07-16T20:34:22.1495263Z dash-bootstrap-components==1.6.0
2024-07-16T20:34:22.1495770Z dash-core-components==2.0.0
2024-07-16T20:34:22.1499758Z dash-html-components==2.0.0
2024-07-16T20:34:22.1500285Z dash-mantine-components==0.12.1
2024-07-16T20:34:22.1500758Z dash-table==5.0.0
2024-07-16T20:34:22.1502843Z dash_ag_grid==31.2.0
2024-07-16T20:34:22.1503603Z dataclasses-json==0.6.7
2024-07-16T20:34:22.1506890Z debugpy==1.8.2
2024-07-16T20:34:22.1507434Z decorator==5.1.1
2024-07-16T20:34:22.1510628Z defusedxml==0.7.1
2024-07-16T20:34:22.1511193Z devtools==0.12.2
2024-07-16T20:34:22.1514454Z distro==1.9.0
2024-07-16T20:34:22.1515007Z exceptiongroup==1.2.2
2024-07-16T20:34:22.1518240Z executing==2.0.1
2024-07-16T20:34:22.1518799Z fastjsonschema==2.20.0
2024-07-16T20:34:22.1520948Z Flask==3.0.3
2024-07-16T20:34:22.1521406Z Flask-Caching==2.3.0
2024-07-16T20:34:22.1521822Z fqdn==1.5.1
2024-07-16T20:34:22.1522192Z frozenlist==1.4.1
2024-07-16T20:34:22.1522617Z greenlet==3.0.3
2024-07-16T20:34:22.1522961Z h11==0.14.0
2024-07-16T20:34:22.1523295Z httpcore==1.0.5
2024-07-16T20:34:22.1523651Z httpx==0.27.0
2024-07-16T20:34:22.1523975Z idna==3.7
2024-07-16T20:34:22.1524347Z importlib_metadata==8.0.0
2024-07-16T20:34:22.1524782Z iniconfig==2.0.0
2024-07-16T20:34:22.1525142Z ipykernel==6.29.5
2024-07-16T20:34:22.1525456Z ipython==8.18.1
2024-07-16T20:34:22.1525677Z ipywidgets==8.1.3
2024-07-16T20:34:22.1527035Z isoduration==20.11.0
2024-07-16T20:34:22.1527464Z itsdangerous==2.2.0
2024-07-16T20:34:22.1527854Z jedi==0.19.1
2024-07-16T20:34:22.1528194Z Jinja2==3.1.4
2024-07-16T20:34:22.1528552Z json5==0.9.25
2024-07-16T20:34:22.1528902Z jsonpatch==1.33
2024-07-16T20:34:22.1529286Z jsonpointer==3.0.0
2024-07-16T20:34:22.1529673Z jsonschema==4.23.0
2024-07-16T20:34:22.1530201Z jsonschema-specifications==2023.12.1
2024-07-16T20:34:22.1531153Z jupyter==1.0.0
2024-07-16T20:34:22.1531603Z jupyter-console==6.6.3
2024-07-16T20:34:22.1532068Z jupyter-events==0.10.0
2024-07-16T20:34:22.1532521Z jupyter-lsp==2.2.5
2024-07-16T20:34:22.1532927Z jupyter_client==8.6.2
2024-07-16T20:34:22.1533337Z jupyter_core==5.7.2
2024-07-16T20:34:22.1533727Z jupyter_server==2.14.2
2024-07-16T20:34:22.1534164Z jupyter_server_terminals==0.5.3
2024-07-16T20:34:22.1534648Z jupyterlab==4.2.3
2024-07-16T20:34:22.1535042Z jupyterlab_pygments==0.3.0
2024-07-16T20:34:22.1535502Z jupyterlab_server==2.27.3
2024-07-16T20:34:22.1535954Z jupyterlab_widgets==3.0.11
2024-07-16T20:34:22.1536632Z langchain==0.2.8
2024-07-16T20:34:22.1537089Z langchain-community==0.2.7
2024-07-16T20:34:22.1537587Z langchain-core==0.2.19
2024-07-16T20:34:22.1538049Z langchain-openai==0.1.16
2024-07-16T20:34:22.1538572Z langchain-text-splitters==0.2.2
2024-07-16T20:34:22.1539059Z langgraph==0.1.8
2024-07-16T20:34:22.1539423Z langsmith==0.1.87
2024-07-16T20:34:22.1539800Z MarkupSafe==2.1.5
2024-07-16T20:34:22.1540188Z marshmallow==3.21.3
2024-07-16T20:34:22.1540635Z matplotlib-inline==0.1.7
2024-07-16T20:34:22.1541060Z mistune==3.0.2
2024-07-16T20:34:22.1541424Z multidict==6.0.5
2024-07-16T20:34:22.1541845Z mypy-extensions==1.0.0
2024-07-16T20:34:22.1542251Z nbclient==0.10.0
2024-07-16T20:34:22.1542618Z nbconvert==7.16.4
2024-07-16T20:34:22.1542979Z nbformat==5.10.4
2024-07-16T20:34:22.1543392Z nest-asyncio==1.6.0
2024-07-16T20:34:22.1543775Z notebook==7.2.1
2024-07-16T20:34:22.1544144Z notebook_shim==0.2.4
2024-07-16T20:34:22.1544537Z numpy==1.26.4
2024-07-16T20:34:22.1544893Z openai==1.35.14
2024-07-16T20:34:22.1545253Z orjson==3.10.6
2024-07-16T20:34:22.1545627Z overrides==7.7.0
2024-07-16T20:34:22.1546003Z packaging==24.1
2024-07-16T20:34:22.1546365Z pandas==2.2.2
2024-07-16T20:34:22.1546738Z pandocfilters==1.5.1
2024-07-16T20:34:22.1547134Z parso==0.8.4
2024-07-16T20:34:22.1547477Z pexpect==4.9.0
2024-07-16T20:34:22.1547844Z platformdirs==4.2.2
2024-07-16T20:34:22.1548230Z plotly==5.22.0
2024-07-16T20:34:22.1548584Z pluggy==1.5.0
2024-07-16T20:34:22.1548963Z prometheus_client==0.20.0
2024-07-16T20:34:22.1549403Z prompt_toolkit==3.0.47
2024-07-16T20:34:22.1549806Z psutil==6.0.0
2024-07-16T20:34:22.1550163Z ptyprocess==0.7.0
2024-07-16T20:34:22.1550580Z pure-eval==0.2.2
2024-07-16T20:34:22.1550956Z pycparser==2.22
2024-07-16T20:34:22.1551331Z pydantic==2.8.2
2024-07-16T20:34:22.1551705Z pydantic_core==2.20.1
2024-07-16T20:34:22.1552115Z Pygments==2.18.0
2024-07-16T20:34:22.1552491Z PyHamcrest==2.1.0
2024-07-16T20:34:22.1552858Z pytest==8.2.2
2024-07-16T20:34:22.1553300Z python-dateutil==2.9.0.post0
2024-07-16T20:34:22.1553818Z python-dotenv==1.0.1
2024-07-16T20:34:22.1554282Z python-json-logger==2.0.7
2024-07-16T20:34:22.1554711Z pytz==2024.1
2024-07-16T20:34:22.1555059Z PyYAML==6.0.1
2024-07-16T20:34:22.1555402Z pyzmq==26.0.3
2024-07-16T20:34:22.1555756Z qtconsole==5.5.2
2024-07-16T20:34:22.1556121Z QtPy==2.4.1
2024-07-16T20:34:22.1556465Z referencing==0.35.1
2024-07-16T20:34:22.1556845Z regex==2024.5.15
2024-07-16T20:34:22.1557210Z requests==2.32.3
2024-07-16T20:34:22.1557569Z retrying==1.3.4
2024-07-16T20:34:22.1557998Z rfc3339-validator==0.1.4
2024-07-16T20:34:22.1558483Z rfc3986-validator==0.1.1
2024-07-16T20:34:22.1558934Z rpds-py==0.19.0
2024-07-16T20:34:22.1559299Z Send2Trash==1.8.3
2024-07-16T20:34:22.1559666Z six==1.16.0
2024-07-16T20:34:22.1559994Z sniffio==1.3.1
2024-07-16T20:34:22.1560353Z soupsieve==2.5
2024-07-16T20:34:22.1560720Z SQLAlchemy==2.0.31
2024-07-16T20:34:22.1561136Z stack-data==0.6.3
2024-07-16T20:34:22.1561506Z tabulate==0.9.0
2024-07-16T20:34:22.1561863Z tenacity==8.5.0
2024-07-16T20:34:22.1562224Z terminado==0.18.1
2024-07-16T20:34:22.1562595Z tiktoken==0.7.0
2024-07-16T20:34:22.1562952Z tinycss2==1.3.0
2024-07-16T20:34:22.1563300Z toml==0.10.2
2024-07-16T20:34:22.1563642Z tomli==2.0.1
2024-07-16T20:34:22.1563979Z tornado==6.4.1
2024-07-16T20:34:22.1564326Z tqdm==4.66.4
2024-07-16T20:34:22.1564676Z traitlets==5.14.3
2024-07-16T20:34:22.1565330Z types-python-dateutil==2.9.0.20240316
2024-07-16T20:34:22.1566181Z typing-inspect==0.9.0
2024-07-16T20:34:22.1566720Z typing_extensions==4.12.2
2024-07-16T20:34:22.1567142Z tzdata==2024.1
2024-07-16T20:34:22.1567558Z uri-template==1.3.0
2024-07-16T20:34:22.1567941Z urllib3==2.2.2
2024-07-16T20:34:22.1568283Z vizro==0.1.19
2024-07-16T20:34:22.1569422Z -e git+https://github.com/mckinsey/vizro@89d6261e1833499757704e5042f07e254f950820#egg=vizro_ai&subdirectory=vizro-ai
2024-07-16T20:34:22.1570536Z wcwidth==0.2.13
2024-07-16T20:34:22.1570900Z webcolors==24.6.0
2024-07-16T20:34:22.1571281Z webencodings==0.5.1
2024-07-16T20:34:22.1571950Z websocket-client==1.8.0
2024-07-16T20:34:22.1572369Z Werkzeug==3.0.3
2024-07-16T20:34:22.1572759Z widgetsnbextension==4.0.11
2024-07-16T20:34:22.1573198Z wrapt==1.16.0
2024-07-16T20:34:22.1573538Z yarl==1.9.4
2024-07-16T20:34:22.1573874Z zipp==3.19.2
2024-07-16T20:34:22.2102461Z ##[group]Run hatch run all.py3.9:test-unit-coverage
2024-07-16T20:34:22.2102947Z [36;1mhatch run all.py3.9:test-unit-coverage[0m
2024-07-16T20:34:22.2142598Z shell: /usr/bin/bash -e {0}
2024-07-16T20:34:22.2142873Z env:
2024-07-16T20:34:22.2143089Z   PYTHONUNBUFFERED: 1
2024-07-16T20:34:22.2143350Z   FORCE_COLOR: 1
2024-07-16T20:34:22.2143668Z   pythonLocation: /opt/hostedtoolcache/Python/3.9.19/x64
2024-07-16T20:34:22.2144197Z   PKG_CONFIG_PATH: /opt/hostedtoolcache/Python/3.9.19/x64/lib/pkgconfig
2024-07-16T20:34:22.2144722Z   Python_ROOT_DIR: /opt/hostedtoolcache/Python/3.9.19/x64
2024-07-16T20:34:22.2145180Z   Python2_ROOT_DIR: /opt/hostedtoolcache/Python/3.9.19/x64
2024-07-16T20:34:22.2145624Z   Python3_ROOT_DIR: /opt/hostedtoolcache/Python/3.9.19/x64
2024-07-16T20:34:22.2146099Z   LD_LIBRARY_PATH: /opt/hostedtoolcache/Python/3.9.19/x64/lib
2024-07-16T20:34:22.2146482Z ##[endgroup]
2024-07-16T20:34:22.3673326Z [1mcmd [1] | coverage run -m pytest tests/unit[0m[1m
2024-07-16T20:34:25.2781781Z [0m[1m============================= test session starts ==============================[0m
2024-07-16T20:34:25.2782999Z platform linux -- Python 3.9.19, pytest-8.2.2, pluggy-1.5.0
2024-07-16T20:34:25.2816989Z rootdir: /home/runner/work/vizro/vizro/vizro-ai
2024-07-16T20:34:25.2817682Z configfile: pyproject.toml
2024-07-16T20:34:25.2818428Z plugins: dash-2.17.1, anyio-4.4.0, devtools-0.12.2
2024-07-16T20:34:28.3714305Z collected 33 items / 3 errors
2024-07-16T20:34:28.4509096Z 
2024-07-16T20:34:28.4509663Z ==================================== ERRORS ====================================
2024-07-16T20:34:28.4511418Z [31m[1m________ ERROR collecting tests/unit/vizro-ai/chains/test_llm_models.py ________[0m
2024-07-16T20:34:28.4513921Z [31mImportError while importing test module '/home/runner/work/vizro/vizro/vizro-ai/tests/unit/vizro-ai/chains/test_llm_models.py'.
2024-07-16T20:34:28.4515860Z Hint: make sure your test modules/packages have valid Python names.
2024-07-16T20:34:28.4516808Z Traceback:
2024-07-16T20:34:28.4517839Z [1m[31m/opt/hostedtoolcache/Python/3.9.19/x64/lib/python3.9/importlib/__init__.py[0m:127: in import_module
2024-07-16T20:34:28.4518841Z     [0m[94mreturn[39;49;00m _bootstrap._gcd_import(name[level:], package, level)[90m[39;49;00m
2024-07-16T20:34:28.4519631Z [1m[31mtests/unit/vizro-ai/chains/test_llm_models.py[0m:2: in <module>
2024-07-16T20:34:28.4521471Z     [0m[94mfrom[39;49;00m [04m[96mvizro_ai[39;49;00m[04m[96m.[39;49;00m[04m[96mchains[39;49;00m[04m[96m.[39;49;00m[04m[96m_llm_models[39;49;00m [94mimport[39;49;00m _get_llm_model[90m[39;49;00m
2024-07-16T20:34:28.4522749Z [1m[31msrc/vizro_ai/__init__.py[0m:8: in <module>
2024-07-16T20:34:28.4523843Z     [0m[94mfrom[39;49;00m [04m[96m.[39;49;00m[04m[96m_vizro_ai[39;49;00m [94mimport[39;49;00m VizroAI[90m[39;49;00m
2024-07-16T20:34:28.4524674Z [1m[31msrc/vizro_ai/_vizro_ai.py[0m:12: in <module>
2024-07-16T20:34:28.4526802Z     [0m[94mfrom[39;49;00m [04m[96mvizro_ai[39;49;00m[04m[96m.[39;49;00m[04m[96mdashboard[39;49;00m[04m[96m.[39;49;00m[04m[96mgraph[39;49;00m[04m[96m.[39;49;00m[04m[96mdashboard_creation[39;49;00m [94mimport[39;49;00m _create_and_compile_graph[90m[39;49;00m
2024-07-16T20:34:28.4528807Z [1m[31msrc/vizro_ai/dashboard/graph/dashboard_creation.py[0m:15: in <module>
2024-07-16T20:34:28.4530929Z     [0m[94mfrom[39;49;00m [04m[96mvizro_ai[39;49;00m[04m[96m.[39;49;00m[04m[96mdashboard[39;49;00m[04m[96m.[39;49;00m[04m[96mbuild[39;49;00m[04m[96m.[39;49;00m[04m[96mpage[39;49;00m [94mimport[39;49;00m PageBuilder[90m[39;49;00m
2024-07-16T20:34:28.4532359Z [1m[31mE   ModuleNotFoundError: No module named 'vizro_ai.dashboard.build'[0m[0m
2024-07-16T20:34:28.4533761Z [31m[1m_____________ ERROR collecting tests/unit/vizro-ai/dashboard/nodes _____________[0m
2024-07-16T20:34:28.4534752Z [1m[31m/opt/hostedtoolcache/Python/3.9.19/x64/lib/python3.9/importlib/__init__.py[0m:127: in import_module
2024-07-16T20:34:28.4536370Z     [0m[94mreturn[39;49;00m _bootstrap._gcd_import(name[level:], package, level)[90m[39;49;00m
2024-07-16T20:34:28.4537488Z [1m[31m<frozen importlib._bootstrap>[0m:1030: in _gcd_import
2024-07-16T20:34:28.4538208Z     [0m[04m[91m?[39;49;00m[04m[91m?[39;49;00m[04m[91m?[39;49;00m[90m[39;49;00m
2024-07-16T20:34:28.4539065Z [1m[31m<frozen importlib._bootstrap>[0m:1007: in _find_and_load
2024-07-16T20:34:28.4539953Z     [0m[04m[91m?[39;49;00m[04m[91m?[39;49;00m[04m[91m?[39;49;00m[90m[39;49;00m
2024-07-16T20:34:28.4540682Z [1m[31m<frozen importlib._bootstrap>[0m:986: in _find_and_load_unlocked
2024-07-16T20:34:28.4541793Z     [0m[04m[91m?[39;49;00m[04m[91m?[39;49;00m[04m[91m?[39;49;00m[90m[39;49;00m
2024-07-16T20:34:28.4542416Z [1m[31m<frozen importlib._bootstrap>[0m:680: in _load_unlocked
2024-07-16T20:34:28.4543310Z     [0m[04m[91m?[39;49;00m[04m[91m?[39;49;00m[04m[91m?[39;49;00m[90m[39;49;00m
2024-07-16T20:34:28.4544707Z [1m[31m../../../../.local/share/hatch/env/virtual/vizro-ai/97ifW-4j/all.py3.9/lib/python3.9/site-packages/_pytest/assertion/rewrite.py[0m:178: in exec_module
2024-07-16T20:34:28.4546277Z     [0mexec(co, module.[91m__dict__[39;49;00m)[90m[39;49;00m
2024-07-16T20:34:28.4546920Z [1m[31mtests/unit/vizro-ai/dashboard/nodes/conftest.py[0m:6: in <module>
2024-07-16T20:34:28.4548815Z     [0m[94mfrom[39;49;00m [04m[96mvizro_ai[39;49;00m[04m[96m.[39;49;00m[04m[96mdashboard[39;49;00m[04m[96m.[39;49;00m[04m[96mplan[39;49;00m[04m[96m.[39;49;00m[04m[96mcomponents[39;49;00m [94mimport[39;49;00m ComponentPlan[90m[39;49;00m
2024-07-16T20:34:28.4550579Z [1m[31m<frozen importlib._bootstrap>[0m:1007: in _find_and_load
2024-07-16T20:34:28.4551236Z     [0m[04m[91m?[39;49;00m[04m[91m?[39;49;00m[04m[91m?[39;49;00m[90m[39;49;00m
2024-07-16T20:34:28.4552326Z [1m[31m<frozen importlib._bootstrap>[0m:982: in _find_and_load_unlocked
2024-07-16T20:34:28.4553462Z     [0m[04m[91m?[39;49;00m[04m[91m?[39;49;00m[04m[91m?[39;49;00m[90m[39;49;00m
2024-07-16T20:34:28.4554457Z [1m[31m<frozen importlib._bootstrap>[0m:925: in _find_spec
2024-07-16T20:34:28.4555470Z     [0m[04m[91m?[39;49;00m[04m[91m?[39;49;00m[04m[91m?[39;49;00m[90m[39;49;00m
2024-07-16T20:34:28.4556527Z [1m[31m<frozen importlib._bootstrap_external>[0m:1423: in find_spec
2024-07-16T20:34:28.4557418Z     [0m[04m[91m?[39;49;00m[04m[91m?[39;49;00m[04m[91m?[39;49;00m[90m[39;49;00m
2024-07-16T20:34:28.4558229Z [1m[31m<frozen importlib._bootstrap_external>[0m:1389: in _get_spec
2024-07-16T20:34:28.4559304Z     [0m[04m[91m?[39;49;00m[04m[91m?[39;49;00m[04m[91m?[39;49;00m[90m[39;49;00m
2024-07-16T20:34:28.4560123Z [1m[31m<frozen importlib._bootstrap_external>[0m:1252: in __iter__
2024-07-16T20:34:28.4561025Z     [0m[04m[91m?[39;49;00m[04m[91m?[39;49;00m[04m[91m?[39;49;00m[90m[39;49;00m
2024-07-16T20:34:28.4561818Z [1m[31m<frozen importlib._bootstrap_external>[0m:1239: in _recalculate
2024-07-16T20:34:28.4562448Z     [0m[04m[91m?[39;49;00m[04m[91m?[39;49;00m[04m[91m?[39;49;00m[90m[39;49;00m
2024-07-16T20:34:28.4563074Z [1m[31m<frozen importlib._bootstrap_external>[0m:1235: in _get_parent_path
2024-07-16T20:34:28.4563709Z     [0m[04m[91m?[39;49;00m[04m[91m?[39;49;00m[04m[91m?[39;49;00m[90m[39;49;00m
2024-07-16T20:34:28.4564191Z [1m[31mE   KeyError: 'vizro_ai'[0m
2024-07-16T20:34:28.4564773Z [31m[1m______ ERROR collecting tests/unit/vizro-ai/utils/test_safeguard_code.py _______[0m
2024-07-16T20:34:28.4565811Z [31mImportError while importing test module '/home/runner/work/vizro/vizro/vizro-ai/tests/unit/vizro-ai/utils/test_safeguard_code.py'.
2024-07-16T20:34:28.4566927Z Hint: make sure your test modules/packages have valid Python names.
2024-07-16T20:34:28.4567538Z Traceback:
2024-07-16T20:34:28.4568178Z [1m[31m/opt/hostedtoolcache/Python/3.9.19/x64/lib/python3.9/importlib/__init__.py[0m:127: in import_module
2024-07-16T20:34:28.4569229Z     [0m[94mreturn[39;49;00m _bootstrap._gcd_import(name[level:], package, level)[90m[39;49;00m
2024-07-16T20:34:28.4570060Z [1m[31mtests/unit/vizro-ai/utils/test_safeguard_code.py[0m:4: in <module>
2024-07-16T20:34:28.4571381Z     [0m[94mfrom[39;49;00m [04m[96mvizro_ai[39;49;00m[04m[96m.[39;49;00m[04m[96mutils[39;49;00m[04m[96m.[39;49;00m[04m[96msafeguard[39;49;00m [94mimport[39;49;00m _safeguard_check[90m[39;49;00m
2024-07-16T20:34:28.4572346Z [1m[31msrc/vizro_ai/__init__.py[0m:8: in <module>
2024-07-16T20:34:28.4573056Z     [0m[94mfrom[39;49;00m [04m[96m.[39;49;00m[04m[96m_vizro_ai[39;49;00m [94mimport[39;49;00m VizroAI[90m[39;49;00m
2024-07-16T20:34:28.4573714Z [1m[31msrc/vizro_ai/_vizro_ai.py[0m:12: in <module>
2024-07-16T20:34:28.4575011Z     [0m[94mfrom[39;49;00m [04m[96mvizro_ai[39;49;00m[04m[96m.[39;49;00m[04m[96mdashboard[39;49;00m[04m[96m.[39;49;00m[04m[96mgraph[39;49;00m[04m[96m.[39;49;00m[04m[96mdashboard_creation[39;49;00m [94mimport[39;49;00m _create_and_compile_graph[90m[39;49;00m
2024-07-16T20:34:28.4576282Z [1m[31msrc/vizro_ai/dashboard/graph/dashboard_creation.py[0m:15: in <module>
2024-07-16T20:34:28.4577568Z     [0m[94mfrom[39;49;00m [04m[96mvizro_ai[39;49;00m[04m[96m.[39;49;00m[04m[96mdashboard[39;49;00m[04m[96m.[39;49;00m[04m[96mbuild[39;49;00m[04m[96m.[39;49;00m[04m[96mpage[39;49;00m [94mimport[39;49;00m PageBuilder[90m[39;49;00m
2024-07-16T20:34:28.4578760Z [1m[31mE   ModuleNotFoundError: No module named 'vizro_ai.dashboard.build'[0m[0m
2024-07-16T20:34:28.4579429Z [36m[1m=========================== short test summary info ============================[0m
2024-07-16T20:34:28.4579987Z [31mERROR[0m tests/unit/vizro-ai/chains/test_llm_models.py
2024-07-16T20:34:28.4580578Z [31mERROR[0m tests/unit/vizro-ai/dashboard/nodes - KeyError: 'vizro_ai'
2024-07-16T20:34:28.4581162Z [31mERROR[0m tests/unit/vizro-ai/utils/test_safeguard_code.py
2024-07-16T20:34:28.4581691Z !!!!!!!!!!!!!!!!!!! Interrupted: 3 errors during collection !!!!!!!!!!!!!!!!!!!!
2024-07-16T20:34:28.4582358Z [31m============================== [31m[1m3 errors[0m[31m in 3.18s[0m[31m ===============================[0m
2024-07-16T20:34:28.7486835Z ##[error]Process completed with exit code 2.
2024-07-16T20:34:28.7570990Z Post job cleanup.
2024-07-16T20:34:28.8499887Z [command]/usr/bin/git version
2024-07-16T20:34:28.8537886Z git version 2.45.2
2024-07-16T20:34:28.8585526Z Temporarily overriding HOME='/home/runner/work/_temp/06d9a98a-90ad-4e0e-9988-e2a9b236cb89' before making global git config changes
2024-07-16T20:34:28.8586530Z Adding repository directory to the temporary git global config as a safe directory
2024-07-16T20:34:28.8592406Z [command]/usr/bin/git config --global --add safe.directory /home/runner/work/vizro/vizro
2024-07-16T20:34:28.8631184Z [command]/usr/bin/git config --local --name-only --get-regexp core\.sshCommand
2024-07-16T20:34:28.8666119Z [command]/usr/bin/git submodule foreach --recursive sh -c "git config --local --name-only --get-regexp 'core\.sshCommand' && git config --local --unset-all 'core.sshCommand' || :"
2024-07-16T20:34:28.8910340Z [command]/usr/bin/git config --local --name-only --get-regexp http\.https\:\/\/github\.com\/\.extraheader
2024-07-16T20:34:28.8932324Z http.https://github.com/.extraheader
2024-07-16T20:34:28.8944622Z [command]/usr/bin/git config --local --unset-all http.https://github.com/.extraheader
2024-07-16T20:34:28.8977852Z [command]/usr/bin/git submodule foreach --recursive sh -c "git config --local --name-only --get-regexp 'http\.https\:\/\/github\.com\/\.extraheader' && git config --local --unset-all 'http.https://github.com/.extraheader' || :"
2024-07-16T20:34:28.9440264Z Cleaning up orphan processes
