2022-08-12T07:01:04.2415177Z Requested labels: ubuntu-latest
2022-08-12T07:01:04.2415310Z Job defined at: Grasscutters/Grasscutter/.github/workflows/build.yml@refs/pull/1606/merge
2022-08-12T07:01:04.2415341Z Waiting for a runner to pick up this job...
2022-08-12T07:01:05.0031961Z Job is waiting for a hosted runner to come online.
2022-08-12T07:01:08.4223551Z Job is about to start running on the hosted runner: Hosted Agent (hosted)
2022-08-12T07:01:10.4931170Z Current runner version: '2.294.0'
2022-08-12T07:01:10.4958505Z ##[group]Operating System
2022-08-12T07:01:10.4958999Z Ubuntu
2022-08-12T07:01:10.4959287Z 20.04.4
2022-08-12T07:01:10.4959562Z LTS
2022-08-12T07:01:10.4959803Z ##[endgroup]
2022-08-12T07:01:10.4960183Z ##[group]Virtual Environment
2022-08-12T07:01:10.4960555Z Environment: ubuntu-20.04
2022-08-12T07:01:10.4960915Z Version: 20220807.1
2022-08-12T07:01:10.4961387Z Included Software: https://github.com/actions/virtual-environments/blob/ubuntu20/20220807.1/images/linux/Ubuntu2004-Readme.md
2022-08-12T07:01:10.4962060Z Image Release: https://github.com/actions/virtual-environments/releases/tag/ubuntu20%2F20220807.1
2022-08-12T07:01:10.4962554Z ##[endgroup]
2022-08-12T07:01:10.4962861Z ##[group]Virtual Environment Provisioner
2022-08-12T07:01:10.4963225Z 1.0.0.0-main-20220805-2
2022-08-12T07:01:10.4963536Z ##[endgroup]
2022-08-12T07:01:10.4964476Z ##[group]GITHUB_TOKEN Permissions
2022-08-12T07:01:10.4965052Z Actions: read
2022-08-12T07:01:10.4965522Z Checks: read
2022-08-12T07:01:10.4965911Z Contents: read
2022-08-12T07:01:10.4966182Z Deployments: read
2022-08-12T07:01:10.4966505Z Discussions: read
2022-08-12T07:01:10.4966815Z Issues: read
2022-08-12T07:01:10.4967084Z Metadata: read
2022-08-12T07:01:10.4967417Z Packages: read
2022-08-12T07:01:10.4967738Z Pages: read
2022-08-12T07:01:10.4968005Z PullRequests: read
2022-08-12T07:01:10.4968351Z RepositoryProjects: read
2022-08-12T07:01:10.4968885Z SecurityEvents: read
2022-08-12T07:01:10.4969227Z Statuses: read
2022-08-12T07:01:10.4969573Z ##[endgroup]
2022-08-12T07:01:10.4974029Z Secret source: None
2022-08-12T07:01:10.4974554Z Prepare workflow directory
2022-08-12T07:01:10.5887305Z Prepare all required actions
2022-08-12T07:01:10.6091832Z Getting action download info
2022-08-12T07:01:10.9269143Z Download action repository 'actions/checkout@v3' (SHA:2541b1294d2704b0964813337f33b291d3f8596b)
2022-08-12T07:01:11.3337811Z Download action repository 'actions/setup-java@v3' (SHA:2c7a4878f5d120bd643426d54ae1209b29cc01a3)
2022-08-12T07:01:11.5890838Z Download action repository 'actions/cache@v2' (SHA:937d24475381cd9c75ae6db12cb4e79714b926ed)
2022-08-12T07:01:11.7934688Z Download action repository 'actions/upload-artifact@v3' (SHA:3cea5372237819ed00197afe530f5a7ea3e805c8)
2022-08-12T07:01:12.2108200Z ##[group]Run actions/checkout@v3
2022-08-12T07:01:12.2108581Z with:
2022-08-12T07:01:12.2108855Z   repository: Grasscutters/Grasscutter
2022-08-12T07:01:12.2109430Z   token: ***
2022-08-12T07:01:12.2109683Z   ssh-strict: true
2022-08-12T07:01:12.2109955Z   persist-credentials: true
2022-08-12T07:01:12.2110230Z   clean: true
2022-08-12T07:01:12.2110473Z   fetch-depth: 1
2022-08-12T07:01:12.2110707Z   lfs: false
2022-08-12T07:01:12.2110948Z   submodules: false
2022-08-12T07:01:12.2111230Z   set-safe-directory: true
2022-08-12T07:01:12.2111566Z ##[endgroup]
2022-08-12T07:01:12.5589421Z Syncing repository: Grasscutters/Grasscutter
2022-08-12T07:01:12.5664319Z ##[group]Getting Git version info
2022-08-12T07:01:12.5665460Z Working directory is '/home/runner/work/Grasscutter/Grasscutter'
2022-08-12T07:01:12.5666753Z [command]/usr/bin/git version
2022-08-12T07:01:12.5770091Z git version 2.37.1
2022-08-12T07:01:12.5771152Z ##[endgroup]
2022-08-12T07:01:12.5786654Z Temporarily overriding HOME='/home/runner/work/_temp/b84a3233-50cc-4608-af58-211f24375d4c' before making global git config changes
2022-08-12T07:01:12.5787206Z Adding repository directory to the temporary git global config as a safe directory
2022-08-12T07:01:12.5788171Z [command]/usr/bin/git config --global --add safe.directory /home/runner/work/Grasscutter/Grasscutter
2022-08-12T07:01:12.5804253Z Deleting the contents of '/home/runner/work/Grasscutter/Grasscutter'
2022-08-12T07:01:12.5809335Z ##[group]Initializing the repository
2022-08-12T07:01:12.5813335Z [command]/usr/bin/git init /home/runner/work/Grasscutter/Grasscutter
2022-08-12T07:01:12.5892119Z hint: Using 'master' as the name for the initial branch. This default branch name
2022-08-12T07:01:12.5892909Z hint: is subject to change. To configure the initial branch name to use in all
2022-08-12T07:01:12.5895189Z hint: of your new repositories, which will suppress this warning, call:
2022-08-12T07:01:12.5895616Z hint: 
2022-08-12T07:01:12.5896624Z hint: 	git config --global init.defaultBranch <name>
2022-08-12T07:01:12.5897032Z hint: 
2022-08-12T07:01:12.5897913Z hint: Names commonly chosen instead of 'master' are 'main', 'trunk' and
2022-08-12T07:01:12.5898540Z hint: 'development'. The just-created branch can be renamed via this command:
2022-08-12T07:01:12.5898987Z hint: 
2022-08-12T07:01:12.5899796Z hint: 	git branch -m <name>
2022-08-12T07:01:12.5914576Z Initialized empty Git repository in /home/runner/work/Grasscutter/Grasscutter/.git/
2022-08-12T07:01:12.5924492Z [command]/usr/bin/git remote add origin https://github.com/Grasscutters/Grasscutter
2022-08-12T07:01:12.5976792Z ##[endgroup]
2022-08-12T07:01:12.5977798Z ##[group]Disabling automatic garbage collection
2022-08-12T07:01:12.5982298Z [command]/usr/bin/git config --local gc.auto 0
2022-08-12T07:01:12.6017191Z ##[endgroup]
2022-08-12T07:01:12.6018033Z ##[group]Setting up auth
2022-08-12T07:01:12.6026472Z [command]/usr/bin/git config --local --name-only --get-regexp core\.sshCommand
2022-08-12T07:01:12.6067121Z [command]/usr/bin/git submodule foreach --recursive git config --local --name-only --get-regexp 'core\.sshCommand' && git config --local --unset-all 'core.sshCommand' || :
2022-08-12T07:01:12.6570096Z [command]/usr/bin/git config --local --name-only --get-regexp http\.https\:\/\/github\.com\/\.extraheader
2022-08-12T07:01:12.6596288Z [command]/usr/bin/git submodule foreach --recursive git config --local --name-only --get-regexp 'http\.https\:\/\/github\.com\/\.extraheader' && git config --local --unset-all 'http.https://github.com/.extraheader' || :
2022-08-12T07:01:12.6855648Z [command]/usr/bin/git config --local http.https://github.com/.extraheader AUTHORIZATION: basic ***
2022-08-12T07:01:12.6897768Z ##[endgroup]
2022-08-12T07:01:12.6898849Z ##[group]Fetching the repository
2022-08-12T07:01:12.6907529Z [command]/usr/bin/git -c protocol.version=2 fetch --no-tags --prune --progress --no-recurse-submodules --depth=1 origin +b397bdbacb5617acfa015277271126000249b14b:refs/remotes/pull/1606/merge
2022-08-12T07:01:12.9142313Z remote: Enumerating objects: 1977, done.        
2022-08-12T07:01:12.9151420Z remote: Counting objects:   0% (1/1977)        
2022-08-12T07:01:12.9153875Z remote: Counting objects:   1% (20/1977)        
2022-08-12T07:01:12.9155519Z remote: Counting objects:   2% (40/1977)        
2022-08-12T07:01:12.9164410Z remote: Counting objects:   3% (60/1977)        
2022-08-12T07:01:12.9172461Z remote: Counting objects:   4% (80/1977)        
2022-08-12T07:01:12.9178513Z remote: Counting objects:   5% (99/1977)        
2022-08-12T07:01:12.9184434Z remote: Counting objects:   6% (119/1977)        
2022-08-12T07:01:12.9190930Z remote: Counting objects:   7% (139/1977)        
2022-08-12T07:01:12.9198352Z remote: Counting objects:   8% (159/1977)        
2022-08-12T07:01:12.9205333Z remote: Counting objects:   9% (178/1977)        
2022-08-12T07:01:12.9210368Z remote: Counting objects:  10% (198/1977)        
2022-08-12T07:01:12.9216126Z remote: Counting objects:  11% (218/1977)        
2022-08-12T07:01:12.9220028Z remote: Counting objects:  12% (238/1977)        
2022-08-12T07:01:12.9225628Z remote: Counting objects:  13% (258/1977)        
2022-08-12T07:01:12.9229515Z remote: Counting objects:  14% (277/1977)        
2022-08-12T07:01:12.9233280Z remote: Counting objects:  15% (297/1977)        
2022-08-12T07:01:12.9237026Z remote: Counting objects:  16% (317/1977)        
2022-08-12T07:01:12.9240509Z remote: Counting objects:  17% (337/1977)        
2022-08-12T07:01:12.9244067Z remote: Counting objects:  18% (356/1977)        
2022-08-12T07:01:12.9247491Z remote: Counting objects:  19% (376/1977)        
2022-08-12T07:01:12.9251102Z remote: Counting objects:  20% (396/1977)        
2022-08-12T07:01:12.9253536Z remote: Counting objects:  21% (416/1977)        
2022-08-12T07:01:12.9256189Z remote: Counting objects:  22% (435/1977)        
2022-08-12T07:01:12.9258354Z remote: Counting objects:  23% (455/1977)        
2022-08-12T07:01:12.9260640Z remote: Counting objects:  24% (475/1977)        
2022-08-12T07:01:12.9262978Z remote: Counting objects:  25% (495/1977)        
2022-08-12T07:01:12.9265056Z remote: Counting objects:  26% (515/1977)        
2022-08-12T07:01:12.9267031Z remote: Counting objects:  27% (534/1977)        
2022-08-12T07:01:12.9269132Z remote: Counting objects:  28% (554/1977)        
2022-08-12T07:01:12.9271119Z remote: Counting objects:  29% (574/1977)        
2022-08-12T07:01:12.9273114Z remote: Counting objects:  30% (594/1977)        
2022-08-12T07:01:12.9275097Z remote: Counting objects:  31% (613/1977)        
2022-08-12T07:01:12.9277106Z remote: Counting objects:  32% (633/1977)        
2022-08-12T07:01:12.9282823Z remote: Counting objects:  33% (653/1977)        
2022-08-12T07:01:12.9283157Z remote: Counting objects:  34% (673/1977)        
2022-08-12T07:01:12.9283458Z remote: Counting objects:  35% (692/1977)        
2022-08-12T07:01:12.9283754Z remote: Counting objects:  36% (712/1977)        
2022-08-12T07:01:12.9284049Z remote: Counting objects:  37% (732/1977)        
2022-08-12T07:01:12.9284334Z remote: Counting objects:  38% (752/1977)        
2022-08-12T07:01:12.9284627Z remote: Counting objects:  39% (772/1977)        
2022-08-12T07:01:12.9284919Z remote: Counting objects:  40% (791/1977)        
2022-08-12T07:01:12.9285213Z remote: Counting objects:  41% (811/1977)        
2022-08-12T07:01:12.9285494Z remote: Counting objects:  42% (831/1977)        
2022-08-12T07:01:12.9285780Z remote: Counting objects:  43% (851/1977)        
2022-08-12T07:01:12.9286069Z remote: Counting objects:  44% (870/1977)        
2022-08-12T07:01:12.9286345Z remote: Counting objects:  45% (890/1977)        
2022-08-12T07:01:12.9286632Z remote: Counting objects:  46% (910/1977)        
2022-08-12T07:01:12.9286917Z remote: Counting objects:  47% (930/1977)        
2022-08-12T07:01:12.9287196Z remote: Counting objects:  48% (949/1977)        
2022-08-12T07:01:12.9287479Z remote: Counting objects:  49% (969/1977)        
2022-08-12T07:01:12.9287767Z remote: Counting objects:  50% (989/1977)        
2022-08-12T07:01:12.9288225Z remote: Counting objects:  51% (1009/1977)        
2022-08-12T07:01:12.9288547Z remote: Counting objects:  52% (1029/1977)        
2022-08-12T07:01:12.9288853Z remote: Counting objects:  53% (1048/1977)        
2022-08-12T07:01:12.9289161Z remote: Counting objects:  54% (1068/1977)        
2022-08-12T07:01:12.9289445Z remote: Counting objects:  55% (1088/1977)        
2022-08-12T07:01:12.9289751Z remote: Counting objects:  56% (1108/1977)        
2022-08-12T07:01:12.9290052Z remote: Counting objects:  57% (1127/1977)        
2022-08-12T07:01:12.9290335Z remote: Counting objects:  58% (1147/1977)        
2022-08-12T07:01:12.9290633Z remote: Counting objects:  59% (1167/1977)        
2022-08-12T07:01:12.9290930Z remote: Counting objects:  60% (1187/1977)        
2022-08-12T07:01:12.9291279Z remote: Counting objects:  61% (1206/1977)        
2022-08-12T07:01:12.9291583Z remote: Counting objects:  62% (1226/1977)        
2022-08-12T07:01:12.9291883Z remote: Counting objects:  63% (1246/1977)        
2022-08-12T07:01:12.9292184Z remote: Counting objects:  64% (1266/1977)        
2022-08-12T07:01:12.9292475Z remote: Counting objects:  65% (1286/1977)        
2022-08-12T07:01:12.9292775Z remote: Counting objects:  66% (1305/1977)        
2022-08-12T07:01:12.9293193Z remote: Counting objects:  67% (1325/1977)        
2022-08-12T07:01:12.9293494Z remote: Counting objects:  68% (1345/1977)        
2022-08-12T07:01:12.9293776Z remote: Counting objects:  69% (1365/1977)        
2022-08-12T07:01:12.9294074Z remote: Counting objects:  70% (1384/1977)        
2022-08-12T07:01:12.9294368Z remote: Counting objects:  71% (1404/1977)        
2022-08-12T07:01:12.9294648Z remote: Counting objects:  72% (1424/1977)        
2022-08-12T07:01:12.9294946Z remote: Counting objects:  73% (1444/1977)        
2022-08-12T07:01:12.9295341Z remote: Counting objects:  74% (1463/1977)        
2022-08-12T07:01:12.9295619Z remote: Counting objects:  75% (1483/1977)        
2022-08-12T07:01:12.9295919Z remote: Counting objects:  76% (1503/1977)        
2022-08-12T07:01:12.9296217Z remote: Counting objects:  77% (1523/1977)        
2022-08-12T07:01:12.9296516Z remote: Counting objects:  78% (1543/1977)        
2022-08-12T07:01:12.9296798Z remote: Counting objects:  79% (1562/1977)        
2022-08-12T07:01:12.9297096Z remote: Counting objects:  80% (1582/1977)        
2022-08-12T07:01:12.9297394Z remote: Counting objects:  81% (1602/1977)        
2022-08-12T07:01:12.9297675Z remote: Counting objects:  82% (1622/1977)        
2022-08-12T07:01:12.9297970Z remote: Counting objects:  83% (1641/1977)        
2022-08-12T07:01:12.9298537Z remote: Counting objects:  84% (1661/1977)        
2022-08-12T07:01:12.9298951Z remote: Counting objects:  85% (1681/1977)        
2022-08-12T07:01:12.9299371Z remote: Counting objects:  86% (1701/1977)        
2022-08-12T07:01:12.9299676Z remote: Counting objects:  87% (1720/1977)        
2022-08-12T07:01:12.9299972Z remote: Counting objects:  88% (1740/1977)        
2022-08-12T07:01:12.9300256Z remote: Counting objects:  89% (1760/1977)        
2022-08-12T07:01:12.9300549Z remote: Counting objects:  90% (1780/1977)        
2022-08-12T07:01:12.9300847Z remote: Counting objects:  91% (1800/1977)        
2022-08-12T07:01:12.9301127Z remote: Counting objects:  92% (1819/1977)        
2022-08-12T07:01:12.9301424Z remote: Counting objects:  93% (1839/1977)        
2022-08-12T07:01:12.9301718Z remote: Counting objects:  94% (1859/1977)        
2022-08-12T07:01:12.9302001Z remote: Counting objects:  95% (1879/1977)        
2022-08-12T07:01:12.9302297Z remote: Counting objects:  96% (1898/1977)        
2022-08-12T07:01:12.9302591Z remote: Counting objects:  97% (1918/1977)        
2022-08-12T07:01:12.9302871Z remote: Counting objects:  98% (1938/1977)        
2022-08-12T07:01:12.9303170Z remote: Counting objects:  99% (1958/1977)        
2022-08-12T07:01:12.9303464Z remote: Counting objects: 100% (1977/1977)        
2022-08-12T07:01:12.9303779Z remote: Counting objects: 100% (1977/1977), done.        
2022-08-12T07:01:12.9304187Z remote: Compressing objects:   0% (1/1045)        
2022-08-12T07:01:12.9304511Z remote: Compressing objects:   1% (11/1045)        
2022-08-12T07:01:12.9304831Z remote: Compressing objects:   2% (21/1045)        
2022-08-12T07:01:12.9305318Z remote: Compressing objects:   3% (32/1045)        
2022-08-12T07:01:12.9305659Z remote: Compressing objects:   4% (42/1045)        
2022-08-12T07:01:12.9305998Z remote: Compressing objects:   5% (53/1045)        
2022-08-12T07:01:12.9306316Z remote: Compressing objects:   6% (63/1045)        
2022-08-12T07:01:12.9306651Z remote: Compressing objects:   7% (74/1045)        
2022-08-12T07:01:12.9306983Z remote: Compressing objects:   8% (84/1045)        
2022-08-12T07:01:12.9307315Z remote: Compressing objects:   9% (95/1045)        
2022-08-12T07:01:12.9307640Z remote: Compressing objects:  10% (105/1045)        
2022-08-12T07:01:12.9559589Z remote: Compressing objects:  11% (115/1045)        
2022-08-12T07:01:12.9560343Z remote: Compressing objects:  12% (126/1045)        
2022-08-12T07:01:12.9601970Z remote: Compressing objects:  13% (136/1045)        
2022-08-12T07:01:12.9698986Z remote: Compressing objects:  14% (147/1045)        
2022-08-12T07:01:13.1469832Z remote: Compressing objects:  15% (157/1045)        
2022-08-12T07:01:13.1482630Z remote: Compressing objects:  16% (168/1045)        
2022-08-12T07:01:13.1498593Z remote: Compressing objects:  17% (178/1045)        
2022-08-12T07:01:13.1518421Z remote: Compressing objects:  18% (189/1045)        
2022-08-12T07:01:13.1519313Z remote: Compressing objects:  19% (199/1045)        
2022-08-12T07:01:13.1529007Z remote: Compressing objects:  20% (209/1045)        
2022-08-12T07:01:13.1536200Z remote: Compressing objects:  21% (220/1045)        
2022-08-12T07:01:13.1544188Z remote: Compressing objects:  22% (230/1045)        
2022-08-12T07:01:13.1578699Z remote: Compressing objects:  23% (241/1045)        
2022-08-12T07:01:13.1579656Z remote: Compressing objects:  24% (251/1045)        
2022-08-12T07:01:13.1580478Z remote: Compressing objects:  25% (262/1045)        
2022-08-12T07:01:13.1592630Z remote: Compressing objects:  26% (272/1045)        
2022-08-12T07:01:13.1596100Z remote: Compressing objects:  27% (283/1045)        
2022-08-12T07:01:13.1597485Z remote: Compressing objects:  28% (293/1045)        
2022-08-12T07:01:13.1610008Z remote: Compressing objects:  29% (304/1045)        
2022-08-12T07:01:13.1614069Z remote: Compressing objects:  30% (314/1045)        
2022-08-12T07:01:13.1620849Z remote: Compressing objects:  31% (324/1045)        
2022-08-12T07:01:13.1646344Z remote: Compressing objects:  32% (335/1045)        
2022-08-12T07:01:13.1650901Z remote: Compressing objects:  33% (345/1045)        
2022-08-12T07:01:13.1653362Z remote: Compressing objects:  34% (356/1045)        
2022-08-12T07:01:13.1678814Z remote: Compressing objects:  35% (366/1045)        
2022-08-12T07:01:13.1680061Z remote: Compressing objects:  36% (377/1045)        
2022-08-12T07:01:13.1694992Z remote: Compressing objects:  37% (387/1045)        
2022-08-12T07:01:13.1711088Z remote: Compressing objects:  38% (398/1045)        
2022-08-12T07:01:13.1727017Z remote: Compressing objects:  39% (408/1045)        
2022-08-12T07:01:13.1735941Z remote: Compressing objects:  40% (418/1045)        
2022-08-12T07:01:13.1747413Z remote: Compressing objects:  41% (429/1045)        
2022-08-12T07:01:13.1750384Z remote: Compressing objects:  42% (439/1045)        
2022-08-12T07:01:13.1753005Z remote: Compressing objects:  43% (450/1045)        
2022-08-12T07:01:13.1764738Z remote: Compressing objects:  44% (460/1045)        
2022-08-12T07:01:13.1768903Z remote: Compressing objects:  45% (471/1045)        
2022-08-12T07:01:13.1793360Z remote: Compressing objects:  46% (481/1045)        
2022-08-12T07:01:13.1794684Z remote: Compressing objects:  47% (492/1045)        
2022-08-12T07:01:13.1804223Z remote: Compressing objects:  48% (502/1045)        
2022-08-12T07:01:13.1810763Z remote: Compressing objects:  49% (513/1045)        
2022-08-12T07:01:13.1811421Z remote: Compressing objects:  50% (523/1045)        
2022-08-12T07:01:13.1825825Z remote: Compressing objects:  51% (533/1045)        
2022-08-12T07:01:13.1828802Z remote: Compressing objects:  52% (544/1045)        
2022-08-12T07:01:13.1838585Z remote: Compressing objects:  53% (554/1045)        
2022-08-12T07:01:13.1904234Z remote: Compressing objects:  54% (565/1045)        
2022-08-12T07:01:13.1946353Z remote: Compressing objects:  55% (575/1045)        
2022-08-12T07:01:13.1998225Z remote: Compressing objects:  56% (586/1045)        
2022-08-12T07:01:13.2002305Z remote: Compressing objects:  57% (596/1045)        
2022-08-12T07:01:13.2010826Z remote: Compressing objects:  58% (607/1045)        
2022-08-12T07:01:13.2020337Z remote: Compressing objects:  59% (617/1045)        
2022-08-12T07:01:13.2026881Z remote: Compressing objects:  60% (627/1045)        
2022-08-12T07:01:13.2041568Z remote: Compressing objects:  61% (638/1045)        
2022-08-12T07:01:13.2052289Z remote: Compressing objects:  62% (648/1045)        
2022-08-12T07:01:13.2073103Z remote: Compressing objects:  63% (659/1045)        
2022-08-12T07:01:13.2075408Z remote: Compressing objects:  64% (669/1045)        
2022-08-12T07:01:13.2079153Z remote: Compressing objects:  65% (680/1045)        
2022-08-12T07:01:13.2104361Z remote: Compressing objects:  66% (690/1045)        
2022-08-12T07:01:13.2105439Z remote: Compressing objects:  67% (701/1045)        
2022-08-12T07:01:13.2115190Z remote: Compressing objects:  68% (711/1045)        
2022-08-12T07:01:13.2138266Z remote: Compressing objects:  69% (722/1045)        
2022-08-12T07:01:13.2154250Z remote: Compressing objects:  70% (732/1045)        
2022-08-12T07:01:13.2178509Z remote: Compressing objects:  71% (742/1045)        
2022-08-12T07:01:13.2183419Z remote: Compressing objects:  72% (753/1045)        
2022-08-12T07:01:13.2187757Z remote: Compressing objects:  73% (763/1045)        
2022-08-12T07:01:13.2196733Z remote: Compressing objects:  74% (774/1045)        
2022-08-12T07:01:13.2201422Z remote: Compressing objects:  75% (784/1045)        
2022-08-12T07:01:13.2203650Z remote: Compressing objects:  76% (795/1045)        
2022-08-12T07:01:13.2233989Z remote: Compressing objects:  77% (805/1045)        
2022-08-12T07:01:13.2235270Z remote: Compressing objects:  78% (816/1045)        
2022-08-12T07:01:13.2271214Z remote: Compressing objects:  79% (826/1045)        
2022-08-12T07:01:13.2296962Z remote: Compressing objects:  80% (836/1045)        
2022-08-12T07:01:13.2310769Z remote: Compressing objects:  81% (847/1045)        
2022-08-12T07:01:13.2322399Z remote: Compressing objects:  82% (857/1045)        
2022-08-12T07:01:13.2326309Z remote: Compressing objects:  83% (868/1045)        
2022-08-12T07:01:13.2339605Z remote: Compressing objects:  84% (878/1045)        
2022-08-12T07:01:13.2347682Z remote: Compressing objects:  85% (889/1045)        
2022-08-12T07:01:13.2357010Z remote: Compressing objects:  86% (899/1045)        
2022-08-12T07:01:13.2404389Z remote: Compressing objects:  87% (910/1045)        
2022-08-12T07:01:13.2404987Z remote: Compressing objects:  88% (920/1045)        
2022-08-12T07:01:13.2406024Z remote: Compressing objects:  89% (931/1045)        
2022-08-12T07:01:13.2407199Z remote: Compressing objects:  90% (941/1045)        
2022-08-12T07:01:13.2407691Z remote: Compressing objects:  91% (951/1045)        
2022-08-12T07:01:13.2408461Z remote: Compressing objects:  92% (962/1045)        
2022-08-12T07:01:13.2409330Z remote: Compressing objects:  93% (972/1045)        
2022-08-12T07:01:13.2410144Z remote: Compressing objects:  94% (983/1045)        
2022-08-12T07:01:13.2411088Z remote: Compressing objects:  95% (993/1045)        
2022-08-12T07:01:13.2411655Z remote: Compressing objects:  96% (1004/1045)        
2022-08-12T07:01:13.2412441Z remote: Compressing objects:  97% (1014/1045)        
2022-08-12T07:01:13.2412932Z remote: Compressing objects:  98% (1025/1045)        
2022-08-12T07:01:13.2414175Z remote: Compressing objects:  99% (1035/1045)        
2022-08-12T07:01:13.2416352Z remote: Compressing objects: 100% (1045/1045)        
2022-08-12T07:01:13.2416991Z remote: Compressing objects: 100% (1045/1045), done.        
2022-08-12T07:01:13.2478599Z Receiving objects:   0% (1/1977)
2022-08-12T07:01:13.2507626Z Receiving objects:   1% (20/1977)
2022-08-12T07:01:13.5845823Z Receiving objects:   2% (40/1977)
2022-08-12T07:01:13.5846817Z Receiving objects:   3% (60/1977)
2022-08-12T07:01:13.5852120Z Receiving objects:   4% (80/1977)
2022-08-12T07:01:13.5857214Z Receiving objects:   5% (99/1977)
2022-08-12T07:01:13.5857640Z Receiving objects:   6% (119/1977)
2022-08-12T07:01:13.5860330Z Receiving objects:   7% (139/1977)
2022-08-12T07:01:13.5862287Z Receiving objects:   8% (159/1977)
2022-08-12T07:01:13.5864235Z Receiving objects:   9% (178/1977)
2022-08-12T07:01:13.5864775Z Receiving objects:  10% (198/1977)
2022-08-12T07:01:13.5868159Z Receiving objects:  11% (218/1977)
2022-08-12T07:01:13.5870156Z Receiving objects:  12% (238/1977)
2022-08-12T07:01:13.5872475Z Receiving objects:  13% (258/1977)
2022-08-12T07:01:13.5873132Z Receiving objects:  14% (277/1977)
2022-08-12T07:01:13.5877116Z Receiving objects:  15% (297/1977)
2022-08-12T07:01:13.5877545Z Receiving objects:  16% (317/1977)
2022-08-12T07:01:13.5878259Z Receiving objects:  17% (337/1977)
2022-08-12T07:01:13.5880659Z Receiving objects:  18% (356/1977)
2022-08-12T07:01:13.5884031Z Receiving objects:  19% (376/1977)
2022-08-12T07:01:13.5884474Z Receiving objects:  20% (396/1977)
2022-08-12T07:01:13.5886794Z Receiving objects:  21% (416/1977)
2022-08-12T07:01:13.5889335Z Receiving objects:  22% (435/1977)
2022-08-12T07:01:13.5889757Z Receiving objects:  23% (455/1977)
2022-08-12T07:01:13.5890368Z Receiving objects:  24% (475/1977)
2022-08-12T07:01:13.5894570Z Receiving objects:  25% (495/1977)
2022-08-12T07:01:13.5895191Z Receiving objects:  26% (515/1977)
2022-08-12T07:01:13.5896845Z Receiving objects:  27% (534/1977)
2022-08-12T07:01:13.5897490Z Receiving objects:  28% (554/1977)
2022-08-12T07:01:13.5901221Z Receiving objects:  29% (574/1977)
2022-08-12T07:01:13.5903770Z Receiving objects:  30% (594/1977)
2022-08-12T07:01:13.5904442Z Receiving objects:  31% (613/1977)
2022-08-12T07:01:13.5906718Z Receiving objects:  32% (633/1977)
2022-08-12T07:01:13.5908821Z Receiving objects:  33% (653/1977)
2022-08-12T07:01:13.5914967Z Receiving objects:  34% (673/1977)
2022-08-12T07:01:13.5916393Z Receiving objects:  35% (692/1977)
2022-08-12T07:01:13.5918665Z Receiving objects:  36% (712/1977)
2022-08-12T07:01:13.5922799Z Receiving objects:  37% (732/1977)
2022-08-12T07:01:13.5923205Z Receiving objects:  38% (752/1977)
2022-08-12T07:01:13.5923896Z Receiving objects:  39% (772/1977)
2022-08-12T07:01:13.5924461Z Receiving objects:  40% (791/1977)
2022-08-12T07:01:13.5926341Z Receiving objects:  41% (811/1977)
2022-08-12T07:01:13.5928247Z Receiving objects:  42% (831/1977)
2022-08-12T07:01:13.5936116Z Receiving objects:  43% (851/1977)
2022-08-12T07:01:13.5946117Z Receiving objects:  44% (870/1977)
2022-08-12T07:01:13.5954925Z Receiving objects:  45% (890/1977)
2022-08-12T07:01:13.5963234Z Receiving objects:  46% (910/1977)
2022-08-12T07:01:13.5968416Z Receiving objects:  47% (930/1977)
2022-08-12T07:01:13.5973808Z Receiving objects:  48% (949/1977)
2022-08-12T07:01:13.5979198Z Receiving objects:  49% (969/1977)
2022-08-12T07:01:13.5984338Z Receiving objects:  50% (989/1977)
2022-08-12T07:01:13.5994431Z Receiving objects:  51% (1009/1977)
2022-08-12T07:01:13.6005285Z Receiving objects:  52% (1029/1977)
2022-08-12T07:01:13.6009912Z Receiving objects:  53% (1048/1977)
2022-08-12T07:01:13.6020580Z Receiving objects:  54% (1068/1977)
2022-08-12T07:01:13.6025632Z Receiving objects:  55% (1088/1977)
2022-08-12T07:01:13.6034238Z Receiving objects:  56% (1108/1977)
2022-08-12T07:01:13.6045166Z Receiving objects:  57% (1127/1977)
2022-08-12T07:01:13.6053427Z Receiving objects:  58% (1147/1977)
2022-08-12T07:01:13.6070875Z Receiving objects:  59% (1167/1977)
2022-08-12T07:01:13.6076338Z Receiving objects:  60% (1187/1977)
2022-08-12T07:01:13.6084311Z Receiving objects:  61% (1206/1977)
2022-08-12T07:01:13.6084714Z Receiving objects:  62% (1226/1977)
2022-08-12T07:01:13.6088566Z Receiving objects:  63% (1246/1977)
2022-08-12T07:01:13.6097243Z Receiving objects:  64% (1266/1977)
2022-08-12T07:01:13.6116158Z Receiving objects:  65% (1286/1977)
2022-08-12T07:01:13.6126339Z Receiving objects:  66% (1305/1977)
2022-08-12T07:01:13.6131164Z Receiving objects:  67% (1325/1977)
2022-08-12T07:01:13.6134263Z Receiving objects:  68% (1345/1977)
2022-08-12T07:01:13.6137033Z Receiving objects:  69% (1365/1977)
2022-08-12T07:01:13.6145689Z Receiving objects:  70% (1384/1977)
2022-08-12T07:01:13.6153129Z Receiving objects:  71% (1404/1977)
2022-08-12T07:01:13.6156825Z Receiving objects:  72% (1424/1977)
2022-08-12T07:01:13.6161043Z Receiving objects:  73% (1444/1977)
2022-08-12T07:01:13.6161778Z Receiving objects:  74% (1463/1977)
2022-08-12T07:01:13.6164993Z Receiving objects:  75% (1483/1977)
2022-08-12T07:01:13.6167116Z Receiving objects:  76% (1503/1977)
2022-08-12T07:01:13.6170094Z Receiving objects:  77% (1523/1977)
2022-08-12T07:01:13.6173303Z Receiving objects:  78% (1543/1977)
2022-08-12T07:01:13.6176962Z Receiving objects:  79% (1562/1977)
2022-08-12T07:01:13.6181117Z Receiving objects:  80% (1582/1977)
2022-08-12T07:01:13.6184795Z Receiving objects:  81% (1602/1977)
2022-08-12T07:01:13.6187528Z Receiving objects:  82% (1622/1977)
2022-08-12T07:01:13.6191267Z Receiving objects:  83% (1641/1977)
2022-08-12T07:01:13.6195488Z Receiving objects:  84% (1661/1977)
2022-08-12T07:01:13.6199404Z Receiving objects:  85% (1681/1977)
2022-08-12T07:01:13.6203060Z Receiving objects:  86% (1701/1977)
2022-08-12T07:01:13.6207856Z Receiving objects:  87% (1720/1977)
2022-08-12T07:01:13.6211208Z Receiving objects:  88% (1740/1977)
2022-08-12T07:01:13.6216262Z Receiving objects:  89% (1760/1977)
2022-08-12T07:01:13.6219830Z Receiving objects:  90% (1780/1977)
2022-08-12T07:01:13.6222904Z Receiving objects:  91% (1800/1977)
2022-08-12T07:01:13.6226583Z Receiving objects:  92% (1819/1977)
2022-08-12T07:01:13.6229609Z Receiving objects:  93% (1839/1977)
2022-08-12T07:01:13.6234525Z Receiving objects:  94% (1859/1977)
2022-08-12T07:01:13.6242762Z Receiving objects:  95% (1879/1977)
2022-08-12T07:01:13.6487100Z Receiving objects:  96% (1898/1977)
2022-08-12T07:01:13.7312734Z Receiving objects:  97% (1918/1977)
2022-08-12T07:01:13.7314092Z Receiving objects:  98% (1938/1977)
2022-08-12T07:01:13.7375729Z Receiving objects:  99% (1958/1977)
2022-08-12T07:01:13.7378117Z remote: Total 1977 (delta 1044), reused 1345 (delta 923), pack-reused 0        
2022-08-12T07:01:13.7379394Z Receiving objects: 100% (1977/1977)
2022-08-12T07:01:13.7381843Z Receiving objects: 100% (1977/1977), 18.27 MiB | 37.64 MiB/s, done.
2022-08-12T07:01:13.7383199Z Resolving deltas:   0% (0/1044)
2022-08-12T07:01:13.7385148Z Resolving deltas:   1% (11/1044)
2022-08-12T07:01:13.7386970Z Resolving deltas:   2% (21/1044)
2022-08-12T07:01:13.7388822Z Resolving deltas:   3% (32/1044)
2022-08-12T07:01:13.7390714Z Resolving deltas:   4% (42/1044)
2022-08-12T07:01:13.7392540Z Resolving deltas:   5% (53/1044)
2022-08-12T07:01:13.7393266Z Resolving deltas:   6% (63/1044)
2022-08-12T07:01:13.7393579Z Resolving deltas:   7% (74/1044)
2022-08-12T07:01:13.7393849Z Resolving deltas:   8% (84/1044)
2022-08-12T07:01:13.7394112Z Resolving deltas:   9% (94/1044)
2022-08-12T07:01:13.7394365Z Resolving deltas:  10% (105/1044)
2022-08-12T07:01:13.7394633Z Resolving deltas:  11% (115/1044)
2022-08-12T07:01:13.7394900Z Resolving deltas:  12% (126/1044)
2022-08-12T07:01:13.7395146Z Resolving deltas:  13% (136/1044)
2022-08-12T07:01:13.7395405Z Resolving deltas:  14% (147/1044)
2022-08-12T07:01:13.7395662Z Resolving deltas:  15% (157/1044)
2022-08-12T07:01:13.7395903Z Resolving deltas:  16% (168/1044)
2022-08-12T07:01:13.7396168Z Resolving deltas:  17% (178/1044)
2022-08-12T07:01:13.7396592Z Resolving deltas:  18% (188/1044)
2022-08-12T07:01:13.7396858Z Resolving deltas:  19% (199/1044)
2022-08-12T07:01:13.7397133Z Resolving deltas:  20% (209/1044)
2022-08-12T07:01:13.7397587Z Resolving deltas:  21% (220/1044)
2022-08-12T07:01:13.7397938Z Resolving deltas:  22% (230/1044)
2022-08-12T07:01:13.7398205Z Resolving deltas:  23% (241/1044)
2022-08-12T07:01:13.7398482Z Resolving deltas:  24% (251/1044)
2022-08-12T07:01:13.7398756Z Resolving deltas:  25% (261/1044)
2022-08-12T07:01:13.7399031Z Resolving deltas:  26% (272/1044)
2022-08-12T07:01:13.7399289Z Resolving deltas:  27% (282/1044)
2022-08-12T07:01:13.7399601Z Resolving deltas:  28% (293/1044)
2022-08-12T07:01:13.7399857Z Resolving deltas:  29% (303/1044)
2022-08-12T07:01:13.7400135Z Resolving deltas:  30% (314/1044)
2022-08-12T07:01:13.7400407Z Resolving deltas:  31% (324/1044)
2022-08-12T07:01:13.7400663Z Resolving deltas:  32% (335/1044)
2022-08-12T07:01:13.7400931Z Resolving deltas:  33% (345/1044)
2022-08-12T07:01:13.7401209Z Resolving deltas:  34% (355/1044)
2022-08-12T07:01:13.7401476Z Resolving deltas:  35% (366/1044)
2022-08-12T07:01:13.7401733Z Resolving deltas:  36% (376/1044)
2022-08-12T07:01:13.7401990Z Resolving deltas:  37% (387/1044)
2022-08-12T07:01:13.7402471Z Resolving deltas:  38% (397/1044)
2022-08-12T07:01:13.7402778Z Resolving deltas:  39% (408/1044)
2022-08-12T07:01:13.7403113Z Resolving deltas:  40% (418/1044)
2022-08-12T07:01:13.7403540Z Resolving deltas:  41% (429/1044)
2022-08-12T07:01:13.7404062Z Resolving deltas:  42% (439/1044)
2022-08-12T07:01:13.7404362Z Resolving deltas:  43% (449/1044)
2022-08-12T07:01:13.7404712Z Resolving deltas:  44% (460/1044)
2022-08-12T07:01:13.7405081Z Resolving deltas:  45% (470/1044)
2022-08-12T07:01:13.7405375Z Resolving deltas:  46% (481/1044)
2022-08-12T07:01:13.7405763Z Resolving deltas:  47% (491/1044)
2022-08-12T07:01:13.7406195Z Resolving deltas:  48% (502/1044)
2022-08-12T07:01:13.7406558Z Resolving deltas:  49% (512/1044)
2022-08-12T07:01:13.7407039Z Resolving deltas:  50% (522/1044)
2022-08-12T07:01:13.7407407Z Resolving deltas:  51% (533/1044)
2022-08-12T07:01:13.7407742Z Resolving deltas:  52% (543/1044)
2022-08-12T07:01:13.7408023Z Resolving deltas:  53% (554/1044)
2022-08-12T07:01:13.7408637Z Resolving deltas:  54% (564/1044)
2022-08-12T07:01:13.7409008Z Resolving deltas:  55% (575/1044)
2022-08-12T07:01:13.7409424Z Resolving deltas:  56% (585/1044)
2022-08-12T07:01:13.7409746Z Resolving deltas:  57% (596/1044)
2022-08-12T07:01:13.7410116Z Resolving deltas:  58% (606/1044)
2022-08-12T07:01:13.7413605Z Resolving deltas:  59% (616/1044)
2022-08-12T07:01:13.7416753Z Resolving deltas:  60% (627/1044)
2022-08-12T07:01:13.7420083Z Resolving deltas:  61% (637/1044)
2022-08-12T07:01:13.7426493Z Resolving deltas:  62% (648/1044)
2022-08-12T07:01:13.7426858Z Resolving deltas:  63% (658/1044)
2022-08-12T07:01:13.7427146Z Resolving deltas:  64% (669/1044)
2022-08-12T07:01:13.7429053Z Resolving deltas:  65% (679/1044)
2022-08-12T07:01:13.7429488Z Resolving deltas:  66% (690/1044)
2022-08-12T07:01:13.7429872Z Resolving deltas:  67% (700/1044)
2022-08-12T07:01:13.7435252Z Resolving deltas:  68% (710/1044)
2022-08-12T07:01:13.7478564Z Resolving deltas:  69% (721/1044)
2022-08-12T07:01:13.7480983Z Resolving deltas:  70% (731/1044)
2022-08-12T07:01:13.7483226Z Resolving deltas:  71% (742/1044)
2022-08-12T07:01:13.7485469Z Resolving deltas:  72% (752/1044)
2022-08-12T07:01:13.7486731Z Resolving deltas:  73% (763/1044)
2022-08-12T07:01:13.7487231Z Resolving deltas:  74% (773/1044)
2022-08-12T07:01:13.7487803Z Resolving deltas:  75% (783/1044)
2022-08-12T07:01:13.7488327Z Resolving deltas:  76% (794/1044)
2022-08-12T07:01:13.7488896Z Resolving deltas:  77% (804/1044)
2022-08-12T07:01:13.7489366Z Resolving deltas:  78% (815/1044)
2022-08-12T07:01:13.7489915Z Resolving deltas:  79% (825/1044)
2022-08-12T07:01:13.7490458Z Resolving deltas:  80% (836/1044)
2022-08-12T07:01:13.7490936Z Resolving deltas:  81% (846/1044)
2022-08-12T07:01:13.7491462Z Resolving deltas:  82% (857/1044)
2022-08-12T07:01:13.7492006Z Resolving deltas:  83% (867/1044)
2022-08-12T07:01:13.7492562Z Resolving deltas:  84% (877/1044)
2022-08-12T07:01:13.7530304Z Resolving deltas:  85% (888/1044)
2022-08-12T07:01:13.7543755Z Resolving deltas:  86% (898/1044)
2022-08-12T07:01:13.7544845Z Resolving deltas:  87% (909/1044)
2022-08-12T07:01:13.7545830Z Resolving deltas:  88% (919/1044)
2022-08-12T07:01:13.7546756Z Resolving deltas:  89% (930/1044)
2022-08-12T07:01:13.7572143Z Resolving deltas:  90% (940/1044)
2022-08-12T07:01:13.7572630Z Resolving deltas:  91% (951/1044)
2022-08-12T07:01:13.7572963Z Resolving deltas:  92% (961/1044)
2022-08-12T07:01:13.7573613Z Resolving deltas:  93% (971/1044)
2022-08-12T07:01:13.7573990Z Resolving deltas:  94% (982/1044)
2022-08-12T07:01:13.7574295Z Resolving deltas:  95% (992/1044)
2022-08-12T07:01:13.7574698Z Resolving deltas:  96% (1003/1044)
2022-08-12T07:01:13.7575060Z Resolving deltas:  97% (1013/1044)
2022-08-12T07:01:13.7575533Z Resolving deltas:  98% (1024/1044)
2022-08-12T07:01:13.7575900Z Resolving deltas:  99% (1034/1044)
2022-08-12T07:01:13.7576297Z Resolving deltas: 100% (1044/1044)
2022-08-12T07:01:13.7576622Z Resolving deltas: 100% (1044/1044), done.
2022-08-12T07:01:13.7947635Z From https://github.com/Grasscutters/Grasscutter
2022-08-12T07:01:13.7948864Z  * [new ref]         b397bdbacb5617acfa015277271126000249b14b -> pull/1606/merge
2022-08-12T07:01:13.7980045Z ##[endgroup]
2022-08-12T07:01:13.7997518Z ##[group]Determining the checkout info
2022-08-12T07:01:13.7998429Z ##[endgroup]
2022-08-12T07:01:13.7999548Z ##[group]Checking out the ref
2022-08-12T07:01:13.8000352Z [command]/usr/bin/git checkout --progress --force refs/remotes/pull/1606/merge
2022-08-12T07:01:13.9955830Z Note: switching to 'refs/remotes/pull/1606/merge'.
2022-08-12T07:01:13.9956183Z 
2022-08-12T07:01:13.9956559Z You are in 'detached HEAD' state. You can look around, make experimental
2022-08-12T07:01:13.9957223Z changes and commit them, and you can discard any commits you make in this
2022-08-12T07:01:13.9957909Z state without impacting any branches by switching back to a branch.
2022-08-12T07:01:13.9958187Z 
2022-08-12T07:01:13.9958428Z If you want to create a new branch to retain commits you create, you may
2022-08-12T07:01:13.9959075Z do so (now or later) by using -c with the switch command. Example:
2022-08-12T07:01:13.9959367Z 
2022-08-12T07:01:13.9959618Z   git switch -c <new-branch-name>
2022-08-12T07:01:13.9959796Z 
2022-08-12T07:01:13.9960002Z Or undo this operation with:
2022-08-12T07:01:13.9960223Z 
2022-08-12T07:01:13.9960365Z   git switch -
2022-08-12T07:01:13.9960554Z 
2022-08-12T07:01:13.9960812Z Turn off this advice by setting config variable advice.detachedHead to false
2022-08-12T07:01:13.9961109Z 
2022-08-12T07:01:13.9961646Z HEAD is now at b397bdb Merge 18c288fe2a9bf4c6046001b4e7093726e95670b1 into 7b28eafddc63d6550dc47966d0883e6ce7fcac62
2022-08-12T07:01:13.9974950Z ##[endgroup]
2022-08-12T07:01:14.0028078Z [command]/usr/bin/git log -1 --format='%H'
2022-08-12T07:01:14.0065593Z 'b397bdbacb5617acfa015277271126000249b14b'
2022-08-12T07:01:14.0440018Z ##[group]Run actions/setup-java@v3
2022-08-12T07:01:14.0440377Z with:
2022-08-12T07:01:14.0440675Z   distribution: temurin
2022-08-12T07:01:14.0441006Z   java-version: 17
2022-08-12T07:01:14.0441318Z   java-package: jdk
2022-08-12T07:01:14.0441632Z   architecture: x64
2022-08-12T07:01:14.0441894Z   check-latest: false
2022-08-12T07:01:14.0442220Z   server-id: github
2022-08-12T07:01:14.0442578Z   server-username: GITHUB_ACTOR
2022-08-12T07:01:14.0442949Z   server-password: GITHUB_TOKEN
2022-08-12T07:01:14.0443247Z   overwrite-settings: true
2022-08-12T07:01:14.0443575Z   job-status: success
2022-08-12T07:01:14.0443920Z ##[endgroup]
2022-08-12T07:01:14.2780475Z Resolved Java 17.0.4+8 from tool-cache
2022-08-12T07:01:14.2844486Z Setting Java 17.0.4+8 as the default
2022-08-12T07:01:14.2925661Z 
2022-08-12T07:01:14.2925939Z Java configuration:
2022-08-12T07:01:14.2928024Z   Distribution: temurin
2022-08-12T07:01:14.2928458Z   Version: 17.0.4+8
2022-08-12T07:01:14.2929356Z   Path: /opt/hostedtoolcache/Java_Temurin-Hotspot_jdk/17.0.4-8/x64
2022-08-12T07:01:14.2929922Z 
2022-08-12T07:01:14.2953808Z Creating settings.xml with server-id: github
2022-08-12T07:01:14.3059182Z Writing to /home/runner/.m2/settings.xml
2022-08-12T07:01:14.6568709Z ##[group]Run actions/cache@v2
2022-08-12T07:01:14.6568947Z with:
2022-08-12T07:01:14.6569242Z   path: ~/.gradle/caches
~/.gradle/wrapper
./.gradle/loom-cache

2022-08-12T07:01:14.6569690Z   key: Linux-gradle-2355fe6516f539bd2a3763038088405b84a029bff707114c068934c41dbbc1f6
2022-08-12T07:01:14.6570075Z   restore-keys: Linux-gradle-

2022-08-12T07:01:14.6570309Z env:
2022-08-12T07:01:14.6570613Z   JAVA_HOME: /opt/hostedtoolcache/Java_Temurin-Hotspot_jdk/17.0.4-8/x64
2022-08-12T07:01:14.6570923Z ##[endgroup]
2022-08-12T07:01:16.1698662Z Received 218103808 of 265442794 (82.2%), 207.8 MBs/sec
2022-08-12T07:01:16.5386948Z Received 265442794 of 265442794 (100.0%), 184.9 MBs/sec
2022-08-12T07:01:16.5387339Z Cache Size: ~253 MB (265442794 B)
2022-08-12T07:01:16.5418772Z [command]/usr/bin/tar --use-compress-program zstd -d -xf /home/runner/work/_temp/986ad07b-a47f-42e9-8a5c-ff77ee9f70cf/cache.tzst -P -C /home/runner/work/Grasscutter/Grasscutter
2022-08-12T07:01:17.1427108Z Cache restored successfully
2022-08-12T07:01:17.1913790Z 
2022-08-12T07:01:17.1917775Z Cache restored from key: Linux-gradle-2355fe6516f539bd2a3763038088405b84a029bff707114c068934c41dbbc1f6
2022-08-12T07:01:17.2123720Z ##[group]Run ./gradlew && ./gradlew jar
2022-08-12T07:01:17.2124120Z [36;1m./gradlew && ./gradlew jar[0m
2022-08-12T07:01:17.2191061Z shell: /usr/bin/bash -e {0}
2022-08-12T07:01:17.2191355Z env:
2022-08-12T07:01:17.2191706Z   JAVA_HOME: /opt/hostedtoolcache/Java_Temurin-Hotspot_jdk/17.0.4-8/x64
2022-08-12T07:01:17.2192037Z ##[endgroup]
2022-08-12T07:01:17.9880970Z 
2022-08-12T07:01:17.9881765Z Welcome to Gradle 7.4.2!
2022-08-12T07:01:17.9882226Z 
2022-08-12T07:01:17.9882599Z Here are the highlights of this release:
2022-08-12T07:01:17.9884259Z  - Aggregated test and JaCoCo reports
2022-08-12T07:01:17.9884819Z  - Marking additional test source directories as tests in IntelliJ
2022-08-12T07:01:17.9885305Z  - Support for Adoptium JDKs in Java toolchains
2022-08-12T07:01:17.9885519Z 
2022-08-12T07:01:17.9885876Z For more details see https://docs.gradle.org/7.4.2/release-notes.html
2022-08-12T07:01:17.9886138Z 
2022-08-12T07:01:18.0858654Z Starting a Gradle Daemon (subsequent builds will be faster)
2022-08-12T07:01:23.8877611Z 
2022-08-12T07:01:23.8878356Z > Configure project :
2022-08-12T07:01:23.8879364Z Publishing to 4benj-maven
2022-08-12T07:01:24.5878628Z 
2022-08-12T07:01:24.5879324Z > Task :help
2022-08-12T07:01:24.5879818Z 
2022-08-12T07:01:24.5880151Z Welcome to Gradle 7.4.2.
2022-08-12T07:01:24.5881207Z 
2022-08-12T07:01:24.5881638Z To run a build, run gradlew <task> ...
2022-08-12T07:01:24.5882003Z 
2022-08-12T07:01:24.5882306Z To see a list of available tasks, run gradlew tasks
2022-08-12T07:01:24.5882673Z 
2022-08-12T07:01:24.5883329Z To see more detail about a task, run gradlew help --task <task>
2022-08-12T07:01:24.5883764Z 
2022-08-12T07:01:24.5884906Z To see a list of command-line options, run gradlew --help
2022-08-12T07:01:24.5885186Z 
2022-08-12T07:01:24.5885497Z For more detail on using Gradle, see https://docs.gradle.org/7.4.2/userguide/command_line_interface.html
2022-08-12T07:01:24.5885810Z 
2022-08-12T07:01:24.5886019Z For troubleshooting, visit https://help.gradle.org
2022-08-12T07:01:24.5886254Z 
2022-08-12T07:01:24.5886373Z BUILD SUCCESSFUL in 7s
2022-08-12T07:01:24.5886648Z 1 actionable task: 1 executed
2022-08-12T07:01:25.7405239Z 
2022-08-12T07:01:25.7431741Z > Configure project :
2022-08-12T07:01:25.7432696Z Publishing to 4benj-maven
2022-08-12T07:01:26.9396814Z 
2022-08-12T07:01:26.9397489Z > Task :extractIncludeProto
2022-08-12T07:01:27.4403869Z > Task :extractProto
2022-08-12T07:01:29.5398221Z > Task :generateProto
2022-08-12T07:01:59.5400299Z > Task :compileJava
2022-08-12T07:02:17.1408510Z /home/runner/work/Grasscutter/Grasscutter/src/main/java/emu/grasscutter/Grasscutter.java:275: warning: [removal] getGsonFactory() in JsonUtils has been deprecated and marked for removal
2022-08-12T07:02:17.1409299Z         return JsonUtils.getGsonFactory();
2022-08-12T07:02:17.1409703Z                         ^
2022-08-12T07:02:55.2396139Z Note: Some input files use or override a deprecated API.
2022-08-12T07:02:55.2419355Z Note: Recompile with -Xlint:deprecation for details.
2022-08-12T07:02:55.2420144Z Note: Some input files use unchecked or unsafe operations.
2022-08-12T07:02:55.2421380Z Note: Recompile with -Xlint:unchecked for details.
2022-08-12T07:02:55.2421702Z 1 warning
2022-08-12T07:02:57.9395456Z 
2022-08-12T07:02:57.9396571Z > Task :processResources
2022-08-12T07:02:57.9397082Z > Task :classes
2022-08-12T07:03:06.0176964Z > Task :jar
2022-08-12T07:03:06.0184401Z 
2022-08-12T07:03:06.0198308Z BUILD SUCCESSFUL in 1m 41s
2022-08-12T07:03:06.0198701Z 6 actionable tasks: 6 executed
2022-08-12T07:03:06.0305061Z ##[group]Run actions/upload-artifact@v3
2022-08-12T07:03:06.0305368Z with:
2022-08-12T07:03:06.0305598Z   name: Grasscutter
2022-08-12T07:03:06.0305873Z   path: grasscutter-*.jar
2022-08-12T07:03:06.0306162Z   if-no-files-found: warn
2022-08-12T07:03:06.0306418Z env:
2022-08-12T07:03:06.0306749Z   JAVA_HOME: /opt/hostedtoolcache/Java_Temurin-Hotspot_jdk/17.0.4-8/x64
2022-08-12T07:03:06.0307080Z ##[endgroup]
2022-08-12T07:03:06.1080382Z With the provided path, there will be 1 file uploaded
2022-08-12T07:03:06.1089378Z Starting artifact upload
2022-08-12T07:03:06.1090302Z For more detailed logs during the artifact upload process, enable step-debugging: https://docs.github.com/actions/monitoring-and-troubleshooting-workflows/enabling-debug-logging#enabling-step-debug-logging
2022-08-12T07:03:06.1090904Z Artifact name is valid!
2022-08-12T07:03:06.1697694Z Container for artifact "Grasscutter" successfully created. Starting upload of file(s)
2022-08-12T07:03:10.9979933Z Uploaded /home/runner/work/Grasscutter/Grasscutter/grasscutter-1.2.3-dev.jar (17.9%) bytes 0:8388607
2022-08-12T07:03:13.6237920Z Uploaded /home/runner/work/Grasscutter/Grasscutter/grasscutter-1.2.3-dev.jar (35.8%) bytes 8388608:16777215
2022-08-12T07:03:16.1705392Z Total file count: 1 ---- Processed file #0 (0.0%)
2022-08-12T07:03:16.2802827Z Uploaded /home/runner/work/Grasscutter/Grasscutter/grasscutter-1.2.3-dev.jar (53.7%) bytes 16777216:25165823
2022-08-12T07:03:19.1263529Z Uploaded /home/runner/work/Grasscutter/Grasscutter/grasscutter-1.2.3-dev.jar (71.6%) bytes 25165824:33554431
2022-08-12T07:03:21.7978355Z Uploaded /home/runner/work/Grasscutter/Grasscutter/grasscutter-1.2.3-dev.jar (89.5%) bytes 33554432:41943039
2022-08-12T07:03:23.3889039Z Uploaded /home/runner/work/Grasscutter/Grasscutter/grasscutter-1.2.3-dev.jar (100.0%) bytes 41943040:46833375
2022-08-12T07:03:23.3904663Z Total size of all the files uploaded is 46833376 bytes
2022-08-12T07:03:23.3905937Z File upload process has finished. Finalizing the artifact upload
2022-08-12T07:03:23.4161686Z Artifact has been finalized. All files have been successfully uploaded!
2022-08-12T07:03:23.4162898Z 
2022-08-12T07:03:23.4163549Z The raw size of all the files that were specified for upload is 50385770 bytes
2022-08-12T07:03:23.4164588Z The size of all the files that were uploaded is 46833376 bytes. This takes into account any gzip compression used to reduce the upload size, time and storage
2022-08-12T07:03:23.4165203Z 
2022-08-12T07:03:23.4166515Z Note: The size of downloaded zips can differ significantly from the reported size. For more information see: https://github.com/actions/upload-artifact#zipped-artifact-downloads 
2022-08-12T07:03:23.4167267Z 
2022-08-12T07:03:23.4167578Z Artifact Grasscutter has been successfully uploaded!
2022-08-12T07:03:24.5064786Z Post job cleanup.
2022-08-12T07:03:24.6643230Z Cache hit occurred on the primary key Linux-gradle-2355fe6516f539bd2a3763038088405b84a029bff707114c068934c41dbbc1f6, not saving cache.
2022-08-12T07:03:24.6759265Z Post job cleanup.
2022-08-12T07:03:24.8601102Z Post job cleanup.
2022-08-12T07:03:24.9994817Z [command]/usr/bin/git version
2022-08-12T07:03:25.0049457Z git version 2.37.1
2022-08-12T07:03:25.0097915Z Temporarily overriding HOME='/home/runner/work/_temp/c1726310-095e-4395-ba56-02a646ce59dc' before making global git config changes
2022-08-12T07:03:25.0098717Z Adding repository directory to the temporary git global config as a safe directory
2022-08-12T07:03:25.0103748Z [command]/usr/bin/git config --global --add safe.directory /home/runner/work/Grasscutter/Grasscutter
2022-08-12T07:03:25.0150841Z [command]/usr/bin/git config --local --name-only --get-regexp core\.sshCommand
2022-08-12T07:03:25.0192302Z [command]/usr/bin/git submodule foreach --recursive git config --local --name-only --get-regexp 'core\.sshCommand' && git config --local --unset-all 'core.sshCommand' || :
2022-08-12T07:03:25.0460777Z [command]/usr/bin/git config --local --name-only --get-regexp http\.https\:\/\/github\.com\/\.extraheader
2022-08-12T07:03:25.0490668Z http.https://github.com/.extraheader
2022-08-12T07:03:25.0503220Z [command]/usr/bin/git config --local --unset-all http.https://github.com/.extraheader
2022-08-12T07:03:25.0550558Z [command]/usr/bin/git submodule foreach --recursive git config --local --name-only --get-regexp 'http\.https\:\/\/github\.com\/\.extraheader' && git config --local --unset-all 'http.https://github.com/.extraheader' || :
2022-08-12T07:03:25.1076234Z Cleaning up orphan processes
2022-08-12T07:03:25.1408840Z Terminate orphan process: pid (1822) (java)
