2022-08-12T06:56:36.2455761Z Requested labels: ubuntu-latest
2022-08-12T06:56:36.2455811Z Job defined at: Grasscutters/Grasscutter/.github/workflows/build.yml@refs/pull/1606/merge
2022-08-12T06:56:36.2455829Z Waiting for a runner to pick up this job...
2022-08-12T06:56:36.5653389Z Job is waiting for a hosted runner to come online.
2022-08-12T06:56:40.8522064Z Job is about to start running on the hosted runner: GitHub Actions 2 (hosted)
2022-08-12T06:56:43.3087443Z Current runner version: '2.294.0'
2022-08-12T06:56:43.3120628Z ##[group]Operating System
2022-08-12T06:56:43.3121269Z Ubuntu
2022-08-12T06:56:43.3121717Z 20.04.4
2022-08-12T06:56:43.3122526Z LTS
2022-08-12T06:56:43.3123150Z ##[endgroup]
2022-08-12T06:56:43.3123484Z ##[group]Virtual Environment
2022-08-12T06:56:43.3123910Z Environment: ubuntu-20.04
2022-08-12T06:56:43.3124316Z Version: 20220807.1
2022-08-12T06:56:43.3124871Z Included Software: https://github.com/actions/virtual-environments/blob/ubuntu20/20220807.1/images/linux/Ubuntu2004-Readme.md
2022-08-12T06:56:43.3125827Z Image Release: https://github.com/actions/virtual-environments/releases/tag/ubuntu20%2F20220807.1
2022-08-12T06:56:43.3126331Z ##[endgroup]
2022-08-12T06:56:43.3126672Z ##[group]Virtual Environment Provisioner
2022-08-12T06:56:43.3127083Z 1.0.0.0-main-20220805-2
2022-08-12T06:56:43.3127440Z ##[endgroup]
2022-08-12T06:56:43.3128498Z ##[group]GITHUB_TOKEN Permissions
2022-08-12T06:56:43.3129399Z Actions: read
2022-08-12T06:56:43.3129915Z Checks: read
2022-08-12T06:56:43.3130390Z Contents: read
2022-08-12T06:56:43.3130699Z Deployments: read
2022-08-12T06:56:43.3131061Z Discussions: read
2022-08-12T06:56:43.3131432Z Issues: read
2022-08-12T06:56:43.3131720Z Metadata: read
2022-08-12T06:56:43.3132118Z Packages: read
2022-08-12T06:56:43.3132467Z Pages: read
2022-08-12T06:56:43.3132792Z PullRequests: read
2022-08-12T06:56:43.3133218Z RepositoryProjects: read
2022-08-12T06:56:43.3133655Z SecurityEvents: read
2022-08-12T06:56:43.3133973Z Statuses: read
2022-08-12T06:56:43.3134328Z ##[endgroup]
2022-08-12T06:56:43.3138850Z Secret source: None
2022-08-12T06:56:43.3139481Z Prepare workflow directory
2022-08-12T06:56:43.4309125Z Prepare all required actions
2022-08-12T06:56:43.4557394Z Getting action download info
2022-08-12T06:56:43.7111233Z Download action repository 'actions/checkout@v3' (SHA:2541b1294d2704b0964813337f33b291d3f8596b)
2022-08-12T06:56:44.4217973Z Download action repository 'actions/setup-java@v3' (SHA:2c7a4878f5d120bd643426d54ae1209b29cc01a3)
2022-08-12T06:56:45.0200624Z Download action repository 'actions/cache@v2' (SHA:937d24475381cd9c75ae6db12cb4e79714b926ed)
2022-08-12T06:56:45.7853582Z Download action repository 'actions/upload-artifact@v3' (SHA:3cea5372237819ed00197afe530f5a7ea3e805c8)
2022-08-12T06:56:46.5343677Z ##[group]Run actions/checkout@v3
2022-08-12T06:56:46.5344018Z with:
2022-08-12T06:56:46.5344251Z   repository: Grasscutters/Grasscutter
2022-08-12T06:56:46.5344718Z   token: ***
2022-08-12T06:56:46.5344941Z   ssh-strict: true
2022-08-12T06:56:46.5345186Z   persist-credentials: true
2022-08-12T06:56:46.5345403Z   clean: true
2022-08-12T06:56:46.5345610Z   fetch-depth: 1
2022-08-12T06:56:46.5345826Z   lfs: false
2022-08-12T06:56:46.5346020Z   submodules: false
2022-08-12T06:56:46.5346262Z   set-safe-directory: true
2022-08-12T06:56:46.5346498Z ##[endgroup]
2022-08-12T06:56:46.9514310Z Syncing repository: Grasscutters/Grasscutter
2022-08-12T06:56:46.9516302Z ##[group]Getting Git version info
2022-08-12T06:56:46.9516897Z Working directory is '/home/runner/work/Grasscutter/Grasscutter'
2022-08-12T06:56:46.9517538Z [command]/usr/bin/git version
2022-08-12T06:56:46.9620567Z git version 2.37.1
2022-08-12T06:56:46.9657399Z ##[endgroup]
2022-08-12T06:56:46.9680441Z Temporarily overriding HOME='/home/runner/work/_temp/00e35faa-c743-431a-ba97-d44b59d0a645' before making global git config changes
2022-08-12T06:56:46.9681174Z Adding repository directory to the temporary git global config as a safe directory
2022-08-12T06:56:46.9687048Z [command]/usr/bin/git config --global --add safe.directory /home/runner/work/Grasscutter/Grasscutter
2022-08-12T06:56:46.9745683Z Deleting the contents of '/home/runner/work/Grasscutter/Grasscutter'
2022-08-12T06:56:46.9750963Z ##[group]Initializing the repository
2022-08-12T06:56:46.9755020Z [command]/usr/bin/git init /home/runner/work/Grasscutter/Grasscutter
2022-08-12T06:56:46.9854588Z hint: Using 'master' as the name for the initial branch. This default branch name
2022-08-12T06:56:46.9855607Z hint: is subject to change. To configure the initial branch name to use in all
2022-08-12T06:56:46.9856616Z hint: of your new repositories, which will suppress this warning, call:
2022-08-12T06:56:46.9856964Z hint: 
2022-08-12T06:56:46.9857445Z hint: 	git config --global init.defaultBranch <name>
2022-08-12T06:56:46.9857741Z hint: 
2022-08-12T06:56:46.9858165Z hint: Names commonly chosen instead of 'master' are 'main', 'trunk' and
2022-08-12T06:56:46.9858686Z hint: 'development'. The just-created branch can be renamed via this command:
2022-08-12T06:56:46.9859009Z hint: 
2022-08-12T06:56:46.9859302Z hint: 	git branch -m <name>
2022-08-12T06:56:46.9877537Z Initialized empty Git repository in /home/runner/work/Grasscutter/Grasscutter/.git/
2022-08-12T06:56:46.9889541Z [command]/usr/bin/git remote add origin https://github.com/Grasscutters/Grasscutter
2022-08-12T06:56:46.9950137Z ##[endgroup]
2022-08-12T06:56:46.9950673Z ##[group]Disabling automatic garbage collection
2022-08-12T06:56:46.9954599Z [command]/usr/bin/git config --local gc.auto 0
2022-08-12T06:56:46.9992742Z ##[endgroup]
2022-08-12T06:56:46.9993756Z ##[group]Setting up auth
2022-08-12T06:56:47.0005268Z [command]/usr/bin/git config --local --name-only --get-regexp core\.sshCommand
2022-08-12T06:56:47.0048395Z [command]/usr/bin/git submodule foreach --recursive git config --local --name-only --get-regexp 'core\.sshCommand' && git config --local --unset-all 'core.sshCommand' || :
2022-08-12T06:56:47.0658281Z [command]/usr/bin/git config --local --name-only --get-regexp http\.https\:\/\/github\.com\/\.extraheader
2022-08-12T06:56:47.0705482Z [command]/usr/bin/git submodule foreach --recursive git config --local --name-only --get-regexp 'http\.https\:\/\/github\.com\/\.extraheader' && git config --local --unset-all 'http.https://github.com/.extraheader' || :
2022-08-12T06:56:47.0999887Z [command]/usr/bin/git config --local http.https://github.com/.extraheader AUTHORIZATION: basic ***
2022-08-12T06:56:47.1049489Z ##[endgroup]
2022-08-12T06:56:47.1051468Z ##[group]Fetching the repository
2022-08-12T06:56:47.1062248Z [command]/usr/bin/git -c protocol.version=2 fetch --no-tags --prune --progress --no-recurse-submodules --depth=1 origin +31310bd5e4925a78eeee1e7735fc3cb7d1454312:refs/remotes/pull/1606/merge
2022-08-12T06:56:47.4599001Z remote: Enumerating objects: 1977, done.        
2022-08-12T06:56:47.4599844Z remote: Counting objects:   0% (1/1977)        
2022-08-12T06:56:47.4600964Z remote: Counting objects:   1% (20/1977)        
2022-08-12T06:56:47.4601664Z remote: Counting objects:   2% (40/1977)        
2022-08-12T06:56:47.4601961Z remote: Counting objects:   3% (60/1977)        
2022-08-12T06:56:47.4602265Z remote: Counting objects:   4% (80/1977)        
2022-08-12T06:56:47.4602573Z remote: Counting objects:   5% (99/1977)        
2022-08-12T06:56:47.4602880Z remote: Counting objects:   6% (119/1977)        
2022-08-12T06:56:47.4603172Z remote: Counting objects:   7% (139/1977)        
2022-08-12T06:56:47.4603479Z remote: Counting objects:   8% (159/1977)        
2022-08-12T06:56:47.4603798Z remote: Counting objects:   9% (178/1977)        
2022-08-12T06:56:47.4604083Z remote: Counting objects:  10% (198/1977)        
2022-08-12T06:56:47.4604384Z remote: Counting objects:  11% (218/1977)        
2022-08-12T06:56:47.4604689Z remote: Counting objects:  12% (238/1977)        
2022-08-12T06:56:47.4604969Z remote: Counting objects:  13% (258/1977)        
2022-08-12T06:56:47.4605431Z remote: Counting objects:  14% (277/1977)        
2022-08-12T06:56:47.4605721Z remote: Counting objects:  15% (297/1977)        
2022-08-12T06:56:47.4606263Z remote: Counting objects:  16% (317/1977)        
2022-08-12T06:56:47.4606564Z remote: Counting objects:  17% (337/1977)        
2022-08-12T06:56:47.4606849Z remote: Counting objects:  18% (356/1977)        
2022-08-12T06:56:47.4607146Z remote: Counting objects:  19% (376/1977)        
2022-08-12T06:56:47.4607440Z remote: Counting objects:  20% (396/1977)        
2022-08-12T06:56:47.4607722Z remote: Counting objects:  21% (416/1977)        
2022-08-12T06:56:47.4608308Z remote: Counting objects:  22% (435/1977)        
2022-08-12T06:56:47.4608604Z remote: Counting objects:  23% (455/1977)        
2022-08-12T06:56:47.4609044Z remote: Counting objects:  24% (475/1977)        
2022-08-12T06:56:47.4609335Z remote: Counting objects:  25% (495/1977)        
2022-08-12T06:56:47.4609777Z remote: Counting objects:  26% (515/1977)        
2022-08-12T06:56:47.4610040Z remote: Counting objects:  27% (534/1977)        
2022-08-12T06:56:47.4610333Z remote: Counting objects:  28% (554/1977)        
2022-08-12T06:56:47.4610608Z remote: Counting objects:  29% (574/1977)        
2022-08-12T06:56:47.4610884Z remote: Counting objects:  30% (594/1977)        
2022-08-12T06:56:47.4611146Z remote: Counting objects:  31% (613/1977)        
2022-08-12T06:56:47.4611420Z remote: Counting objects:  32% (633/1977)        
2022-08-12T06:56:47.4611697Z remote: Counting objects:  33% (653/1977)        
2022-08-12T06:56:47.4612136Z remote: Counting objects:  34% (673/1977)        
2022-08-12T06:56:47.4612607Z remote: Counting objects:  35% (692/1977)        
2022-08-12T06:56:47.4612902Z remote: Counting objects:  36% (712/1977)        
2022-08-12T06:56:47.4613183Z remote: Counting objects:  37% (732/1977)        
2022-08-12T06:56:47.4613481Z remote: Counting objects:  38% (752/1977)        
2022-08-12T06:56:47.4613778Z remote: Counting objects:  39% (772/1977)        
2022-08-12T06:56:47.4614072Z remote: Counting objects:  40% (791/1977)        
2022-08-12T06:56:47.4614355Z remote: Counting objects:  41% (811/1977)        
2022-08-12T06:56:47.4614651Z remote: Counting objects:  42% (831/1977)        
2022-08-12T06:56:47.4615008Z remote: Counting objects:  43% (851/1977)        
2022-08-12T06:56:47.4615300Z remote: Counting objects:  44% (870/1977)        
2022-08-12T06:56:47.4615595Z remote: Counting objects:  45% (890/1977)        
2022-08-12T06:56:47.4615888Z remote: Counting objects:  46% (910/1977)        
2022-08-12T06:56:47.4616169Z remote: Counting objects:  47% (930/1977)        
2022-08-12T06:56:47.4616468Z remote: Counting objects:  48% (949/1977)        
2022-08-12T06:56:47.4616762Z remote: Counting objects:  49% (969/1977)        
2022-08-12T06:56:47.4617041Z remote: Counting objects:  50% (989/1977)        
2022-08-12T06:56:47.4617767Z remote: Counting objects:  51% (1009/1977)        
2022-08-12T06:56:47.4618077Z remote: Counting objects:  52% (1029/1977)        
2022-08-12T06:56:47.4618367Z remote: Counting objects:  53% (1048/1977)        
2022-08-12T06:56:47.4618634Z remote: Counting objects:  54% (1068/1977)        
2022-08-12T06:56:47.4618924Z remote: Counting objects:  55% (1088/1977)        
2022-08-12T06:56:47.4620282Z remote: Counting objects:  56% (1108/1977)        
2022-08-12T06:56:47.4620579Z remote: Counting objects:  57% (1127/1977)        
2022-08-12T06:56:47.4620867Z remote: Counting objects:  58% (1147/1977)        
2022-08-12T06:56:47.4621152Z remote: Counting objects:  59% (1167/1977)        
2022-08-12T06:56:47.4621422Z remote: Counting objects:  60% (1187/1977)        
2022-08-12T06:56:47.4621717Z remote: Counting objects:  61% (1206/1977)        
2022-08-12T06:56:47.4622004Z remote: Counting objects:  62% (1226/1977)        
2022-08-12T06:56:47.4622289Z remote: Counting objects:  63% (1246/1977)        
2022-08-12T06:56:47.4622804Z remote: Counting objects:  64% (1266/1977)        
2022-08-12T06:56:47.4623090Z remote: Counting objects:  65% (1286/1977)        
2022-08-12T06:56:47.4623379Z remote: Counting objects:  66% (1305/1977)        
2022-08-12T06:56:47.4623664Z remote: Counting objects:  67% (1325/1977)        
2022-08-12T06:56:47.4624091Z remote: Counting objects:  68% (1345/1977)        
2022-08-12T06:56:47.4624367Z remote: Counting objects:  69% (1365/1977)        
2022-08-12T06:56:47.4624639Z remote: Counting objects:  70% (1384/1977)        
2022-08-12T06:56:47.4624898Z remote: Counting objects:  71% (1404/1977)        
2022-08-12T06:56:47.4625171Z remote: Counting objects:  72% (1424/1977)        
2022-08-12T06:56:47.4625444Z remote: Counting objects:  73% (1444/1977)        
2022-08-12T06:56:47.4625898Z remote: Counting objects:  74% (1463/1977)        
2022-08-12T06:56:47.4626225Z remote: Counting objects:  75% (1483/1977)        
2022-08-12T06:56:47.4626502Z remote: Counting objects:  76% (1503/1977)        
2022-08-12T06:56:47.4626776Z remote: Counting objects:  77% (1523/1977)        
2022-08-12T06:56:47.4627033Z remote: Counting objects:  78% (1543/1977)        
2022-08-12T06:56:47.4627310Z remote: Counting objects:  79% (1562/1977)        
2022-08-12T06:56:47.4627583Z remote: Counting objects:  80% (1582/1977)        
2022-08-12T06:56:47.4627841Z remote: Counting objects:  81% (1602/1977)        
2022-08-12T06:56:47.4628114Z remote: Counting objects:  82% (1622/1977)        
2022-08-12T06:56:47.4628393Z remote: Counting objects:  83% (1641/1977)        
2022-08-12T06:56:47.4628650Z remote: Counting objects:  84% (1661/1977)        
2022-08-12T06:56:47.4628919Z remote: Counting objects:  85% (1681/1977)        
2022-08-12T06:56:47.4629190Z remote: Counting objects:  86% (1701/1977)        
2022-08-12T06:56:47.4629466Z remote: Counting objects:  87% (1720/1977)        
2022-08-12T06:56:47.4629720Z remote: Counting objects:  88% (1740/1977)        
2022-08-12T06:56:47.4629994Z remote: Counting objects:  89% (1760/1977)        
2022-08-12T06:56:47.4630270Z remote: Counting objects:  90% (1780/1977)        
2022-08-12T06:56:47.4630525Z remote: Counting objects:  91% (1800/1977)        
2022-08-12T06:56:47.4662299Z remote: Counting objects:  92% (1819/1977)        
2022-08-12T06:56:47.4662667Z remote: Counting objects:  93% (1839/1977)        
2022-08-12T06:56:47.4662967Z remote: Counting objects:  94% (1859/1977)        
2022-08-12T06:56:47.4663278Z remote: Counting objects:  95% (1879/1977)        
2022-08-12T06:56:47.4665756Z remote: Counting objects:  96% (1898/1977)        
2022-08-12T06:56:47.4666564Z remote: Counting objects:  97% (1918/1977)        
2022-08-12T06:56:47.4667061Z remote: Counting objects:  98% (1938/1977)        
2022-08-12T06:56:47.4667363Z remote: Counting objects:  99% (1958/1977)        
2022-08-12T06:56:47.4667651Z remote: Counting objects: 100% (1977/1977)        
2022-08-12T06:56:47.4667933Z remote: Counting objects: 100% (1977/1977), done.        
2022-08-12T06:56:47.4668439Z remote: Compressing objects:   0% (1/1045)        
2022-08-12T06:56:47.4668773Z remote: Compressing objects:   1% (11/1045)        
2022-08-12T06:56:47.4669062Z remote: Compressing objects:   2% (21/1045)        
2022-08-12T06:56:47.4669360Z remote: Compressing objects:   3% (32/1045)        
2022-08-12T06:56:47.4669660Z remote: Compressing objects:   4% (42/1045)        
2022-08-12T06:56:47.4669956Z remote: Compressing objects:   5% (53/1045)        
2022-08-12T06:56:47.4670236Z remote: Compressing objects:   6% (63/1045)        
2022-08-12T06:56:47.4670531Z remote: Compressing objects:   7% (74/1045)        
2022-08-12T06:56:47.4670827Z remote: Compressing objects:   8% (84/1045)        
2022-08-12T06:56:47.4671107Z remote: Compressing objects:   9% (95/1045)        
2022-08-12T06:56:47.4671409Z remote: Compressing objects:  10% (105/1045)        
2022-08-12T06:56:47.4997911Z remote: Compressing objects:  11% (115/1045)        
2022-08-12T06:56:47.5001941Z remote: Compressing objects:  12% (126/1045)        
2022-08-12T06:56:47.5052005Z remote: Compressing objects:  13% (136/1045)        
2022-08-12T06:56:47.5152946Z remote: Compressing objects:  14% (147/1045)        
2022-08-12T06:56:47.6835489Z remote: Compressing objects:  15% (157/1045)        
2022-08-12T06:56:47.6852537Z remote: Compressing objects:  16% (168/1045)        
2022-08-12T06:56:47.6867091Z remote: Compressing objects:  17% (178/1045)        
2022-08-12T06:56:47.6882182Z remote: Compressing objects:  18% (189/1045)        
2022-08-12T06:56:47.6899460Z remote: Compressing objects:  19% (199/1045)        
2022-08-12T06:56:47.6900420Z remote: Compressing objects:  20% (209/1045)        
2022-08-12T06:56:47.6910072Z remote: Compressing objects:  21% (220/1045)        
2022-08-12T06:56:47.6919484Z remote: Compressing objects:  22% (230/1045)        
2022-08-12T06:56:47.6928639Z remote: Compressing objects:  23% (241/1045)        
2022-08-12T06:56:47.6940426Z remote: Compressing objects:  24% (251/1045)        
2022-08-12T06:56:47.6941162Z remote: Compressing objects:  25% (262/1045)        
2022-08-12T06:56:47.6957161Z remote: Compressing objects:  26% (272/1045)        
2022-08-12T06:56:47.6958266Z remote: Compressing objects:  27% (283/1045)        
2022-08-12T06:56:47.6965996Z remote: Compressing objects:  28% (293/1045)        
2022-08-12T06:56:47.7061236Z remote: Compressing objects:  29% (304/1045)        
2022-08-12T06:56:47.7062080Z remote: Compressing objects:  30% (314/1045)        
2022-08-12T06:56:47.7063503Z remote: Compressing objects:  31% (324/1045)        
2022-08-12T06:56:47.7191053Z remote: Compressing objects:  32% (335/1045)        
2022-08-12T06:56:47.7191772Z remote: Compressing objects:  33% (345/1045)        
2022-08-12T06:56:47.7193146Z remote: Compressing objects:  34% (356/1045)        
2022-08-12T06:56:47.7193934Z remote: Compressing objects:  35% (366/1045)        
2022-08-12T06:56:47.7194431Z remote: Compressing objects:  36% (377/1045)        
2022-08-12T06:56:47.7195324Z remote: Compressing objects:  37% (387/1045)        
2022-08-12T06:56:47.7195796Z remote: Compressing objects:  38% (398/1045)        
2022-08-12T06:56:47.7197021Z remote: Compressing objects:  39% (408/1045)        
2022-08-12T06:56:47.7197555Z remote: Compressing objects:  40% (418/1045)        
2022-08-12T06:56:47.7198261Z remote: Compressing objects:  41% (429/1045)        
2022-08-12T06:56:47.7199189Z remote: Compressing objects:  42% (439/1045)        
2022-08-12T06:56:47.7199902Z remote: Compressing objects:  43% (450/1045)        
2022-08-12T06:56:47.7200648Z remote: Compressing objects:  44% (460/1045)        
2022-08-12T06:56:47.7201317Z remote: Compressing objects:  45% (471/1045)        
2022-08-12T06:56:47.7202208Z remote: Compressing objects:  46% (481/1045)        
2022-08-12T06:56:47.7203098Z remote: Compressing objects:  47% (492/1045)        
2022-08-12T06:56:47.7204177Z remote: Compressing objects:  48% (502/1045)        
2022-08-12T06:56:47.7205886Z remote: Compressing objects:  49% (513/1045)        
2022-08-12T06:56:47.7207895Z remote: Compressing objects:  50% (523/1045)        
2022-08-12T06:56:47.7209745Z remote: Compressing objects:  51% (533/1045)        
2022-08-12T06:56:47.7210568Z remote: Compressing objects:  52% (544/1045)        
2022-08-12T06:56:47.7212741Z remote: Compressing objects:  53% (554/1045)        
2022-08-12T06:56:47.7255831Z remote: Compressing objects:  54% (565/1045)        
2022-08-12T06:56:47.7328935Z remote: Compressing objects:  55% (575/1045)        
2022-08-12T06:56:47.7375476Z remote: Compressing objects:  56% (586/1045)        
2022-08-12T06:56:47.7376216Z remote: Compressing objects:  57% (596/1045)        
2022-08-12T06:56:47.7378248Z remote: Compressing objects:  58% (607/1045)        
2022-08-12T06:56:47.7386960Z remote: Compressing objects:  59% (617/1045)        
2022-08-12T06:56:47.7397374Z remote: Compressing objects:  60% (627/1045)        
2022-08-12T06:56:47.7408205Z remote: Compressing objects:  61% (638/1045)        
2022-08-12T06:56:47.7421848Z remote: Compressing objects:  62% (648/1045)        
2022-08-12T06:56:47.7438634Z remote: Compressing objects:  63% (659/1045)        
2022-08-12T06:56:47.7441407Z remote: Compressing objects:  64% (669/1045)        
2022-08-12T06:56:47.7451392Z remote: Compressing objects:  65% (680/1045)        
2022-08-12T06:56:47.7481622Z remote: Compressing objects:  66% (690/1045)        
2022-08-12T06:56:47.7483852Z remote: Compressing objects:  67% (701/1045)        
2022-08-12T06:56:47.7487466Z remote: Compressing objects:  68% (711/1045)        
2022-08-12T06:56:47.7507143Z remote: Compressing objects:  69% (722/1045)        
2022-08-12T06:56:47.7528597Z remote: Compressing objects:  70% (732/1045)        
2022-08-12T06:56:47.7545920Z remote: Compressing objects:  71% (742/1045)        
2022-08-12T06:56:47.7559076Z remote: Compressing objects:  72% (753/1045)        
2022-08-12T06:56:47.7559626Z remote: Compressing objects:  73% (763/1045)        
2022-08-12T06:56:47.7572062Z remote: Compressing objects:  74% (774/1045)        
2022-08-12T06:56:47.7573378Z remote: Compressing objects:  75% (784/1045)        
2022-08-12T06:56:47.7584049Z remote: Compressing objects:  76% (795/1045)        
2022-08-12T06:56:47.7591637Z remote: Compressing objects:  77% (805/1045)        
2022-08-12T06:56:47.7605363Z remote: Compressing objects:  78% (816/1045)        
2022-08-12T06:56:47.7636340Z remote: Compressing objects:  79% (826/1045)        
2022-08-12T06:56:47.7667050Z remote: Compressing objects:  80% (836/1045)        
2022-08-12T06:56:47.7678123Z remote: Compressing objects:  81% (847/1045)        
2022-08-12T06:56:47.7694029Z remote: Compressing objects:  82% (857/1045)        
2022-08-12T06:56:47.7700607Z remote: Compressing objects:  83% (868/1045)        
2022-08-12T06:56:47.7716189Z remote: Compressing objects:  84% (878/1045)        
2022-08-12T06:56:47.7717461Z remote: Compressing objects:  85% (889/1045)        
2022-08-12T06:56:47.7735971Z remote: Compressing objects:  86% (899/1045)        
2022-08-12T06:56:47.7736722Z remote: Compressing objects:  87% (910/1045)        
2022-08-12T06:56:47.7743767Z remote: Compressing objects:  88% (920/1045)        
2022-08-12T06:56:47.7752343Z remote: Compressing objects:  89% (931/1045)        
2022-08-12T06:56:47.7764439Z remote: Compressing objects:  90% (941/1045)        
2022-08-12T06:56:47.7765522Z remote: Compressing objects:  91% (951/1045)        
2022-08-12T06:56:47.7765903Z remote: Compressing objects:  92% (962/1045)        
2022-08-12T06:56:47.7772188Z remote: Compressing objects:  93% (972/1045)        
2022-08-12T06:56:47.7777081Z remote: Compressing objects:  94% (983/1045)        
2022-08-12T06:56:47.7777403Z remote: Compressing objects:  95% (993/1045)        
2022-08-12T06:56:47.7777721Z remote: Compressing objects:  96% (1004/1045)        
2022-08-12T06:56:47.7778050Z remote: Compressing objects:  97% (1014/1045)        
2022-08-12T06:56:47.7778506Z remote: Compressing objects:  98% (1025/1045)        
2022-08-12T06:56:47.7786663Z remote: Compressing objects:  99% (1035/1045)        
2022-08-12T06:56:47.7789213Z remote: Compressing objects: 100% (1045/1045)        
2022-08-12T06:56:47.7791292Z remote: Compressing objects: 100% (1045/1045), done.        
2022-08-12T06:56:47.7853653Z Receiving objects:   0% (1/1977)
2022-08-12T06:56:47.8519353Z Receiving objects:   1% (20/1977)
2022-08-12T06:56:48.3016151Z Receiving objects:   2% (40/1977)
2022-08-12T06:56:48.3017337Z Receiving objects:   3% (60/1977), 15.53 MiB | 31.05 MiB/s
2022-08-12T06:56:48.3021562Z Receiving objects:   4% (80/1977), 15.53 MiB | 31.05 MiB/s
2022-08-12T06:56:48.3022229Z Receiving objects:   5% (99/1977), 15.53 MiB | 31.05 MiB/s
2022-08-12T06:56:48.3023223Z Receiving objects:   6% (119/1977), 15.53 MiB | 31.05 MiB/s
2022-08-12T06:56:48.3027211Z Receiving objects:   7% (139/1977), 15.53 MiB | 31.05 MiB/s
2022-08-12T06:56:48.3027914Z Receiving objects:   8% (159/1977), 15.53 MiB | 31.05 MiB/s
2022-08-12T06:56:48.3028576Z Receiving objects:   9% (178/1977), 15.53 MiB | 31.05 MiB/s
2022-08-12T06:56:48.3031035Z Receiving objects:  10% (198/1977), 15.53 MiB | 31.05 MiB/s
2022-08-12T06:56:48.3035380Z Receiving objects:  11% (218/1977), 15.53 MiB | 31.05 MiB/s
2022-08-12T06:56:48.3036030Z Receiving objects:  12% (238/1977), 15.53 MiB | 31.05 MiB/s
2022-08-12T06:56:48.3036666Z Receiving objects:  13% (258/1977), 15.53 MiB | 31.05 MiB/s
2022-08-12T06:56:48.3037010Z Receiving objects:  14% (277/1977), 15.53 MiB | 31.05 MiB/s
2022-08-12T06:56:48.3043150Z Receiving objects:  15% (297/1977), 15.53 MiB | 31.05 MiB/s
2022-08-12T06:56:48.3044221Z Receiving objects:  16% (317/1977), 15.53 MiB | 31.05 MiB/s
2022-08-12T06:56:48.3048542Z Receiving objects:  17% (337/1977), 15.53 MiB | 31.05 MiB/s
2022-08-12T06:56:48.3049438Z Receiving objects:  18% (356/1977), 15.53 MiB | 31.05 MiB/s
2022-08-12T06:56:48.3049815Z Receiving objects:  19% (376/1977), 15.53 MiB | 31.05 MiB/s
2022-08-12T06:56:48.3053640Z Receiving objects:  20% (396/1977), 15.53 MiB | 31.05 MiB/s
2022-08-12T06:56:48.3054257Z Receiving objects:  21% (416/1977), 15.53 MiB | 31.05 MiB/s
2022-08-12T06:56:48.3054784Z Receiving objects:  22% (435/1977), 15.53 MiB | 31.05 MiB/s
2022-08-12T06:56:48.3057414Z Receiving objects:  23% (455/1977), 15.53 MiB | 31.05 MiB/s
2022-08-12T06:56:48.3057856Z Receiving objects:  24% (475/1977), 15.53 MiB | 31.05 MiB/s
2022-08-12T06:56:48.3058546Z Receiving objects:  25% (495/1977), 15.53 MiB | 31.05 MiB/s
2022-08-12T06:56:48.3059910Z Receiving objects:  26% (515/1977), 15.53 MiB | 31.05 MiB/s
2022-08-12T06:56:48.3060594Z Receiving objects:  27% (534/1977), 15.53 MiB | 31.05 MiB/s
2022-08-12T06:56:48.3061056Z Receiving objects:  28% (554/1977), 15.53 MiB | 31.05 MiB/s
2022-08-12T06:56:48.3068021Z Receiving objects:  29% (574/1977), 15.53 MiB | 31.05 MiB/s
2022-08-12T06:56:48.3068701Z Receiving objects:  30% (594/1977), 15.53 MiB | 31.05 MiB/s
2022-08-12T06:56:48.3069210Z Receiving objects:  31% (613/1977), 15.53 MiB | 31.05 MiB/s
2022-08-12T06:56:48.3069797Z Receiving objects:  32% (633/1977), 15.53 MiB | 31.05 MiB/s
2022-08-12T06:56:48.3070455Z Receiving objects:  33% (653/1977), 15.53 MiB | 31.05 MiB/s
2022-08-12T06:56:48.3070828Z Receiving objects:  34% (673/1977), 15.53 MiB | 31.05 MiB/s
2022-08-12T06:56:48.3071140Z Receiving objects:  35% (692/1977), 15.53 MiB | 31.05 MiB/s
2022-08-12T06:56:48.3071442Z Receiving objects:  36% (712/1977), 15.53 MiB | 31.05 MiB/s
2022-08-12T06:56:48.3071729Z Receiving objects:  37% (732/1977), 15.53 MiB | 31.05 MiB/s
2022-08-12T06:56:48.3072036Z Receiving objects:  38% (752/1977), 15.53 MiB | 31.05 MiB/s
2022-08-12T06:56:48.3084728Z Receiving objects:  39% (772/1977), 15.53 MiB | 31.05 MiB/s
2022-08-12T06:56:48.3085300Z Receiving objects:  40% (791/1977), 15.53 MiB | 31.05 MiB/s
2022-08-12T06:56:48.3085746Z Receiving objects:  41% (811/1977), 15.53 MiB | 31.05 MiB/s
2022-08-12T06:56:48.3086280Z Receiving objects:  42% (831/1977), 15.53 MiB | 31.05 MiB/s
2022-08-12T06:56:48.3092033Z Receiving objects:  43% (851/1977), 15.53 MiB | 31.05 MiB/s
2022-08-12T06:56:48.3102072Z Receiving objects:  44% (870/1977), 15.53 MiB | 31.05 MiB/s
2022-08-12T06:56:48.3110830Z Receiving objects:  45% (890/1977), 15.53 MiB | 31.05 MiB/s
2022-08-12T06:56:48.3119419Z Receiving objects:  46% (910/1977), 15.53 MiB | 31.05 MiB/s
2022-08-12T06:56:48.3123789Z Receiving objects:  47% (930/1977), 15.53 MiB | 31.05 MiB/s
2022-08-12T06:56:48.3127968Z Receiving objects:  48% (949/1977), 15.53 MiB | 31.05 MiB/s
2022-08-12T06:56:48.3133348Z Receiving objects:  49% (969/1977), 15.53 MiB | 31.05 MiB/s
2022-08-12T06:56:48.3137729Z Receiving objects:  50% (989/1977), 15.53 MiB | 31.05 MiB/s
2022-08-12T06:56:48.3151395Z Receiving objects:  51% (1009/1977), 15.53 MiB | 31.05 MiB/s
2022-08-12T06:56:48.3162342Z Receiving objects:  52% (1029/1977), 15.53 MiB | 31.05 MiB/s
2022-08-12T06:56:48.3168258Z Receiving objects:  53% (1048/1977), 15.53 MiB | 31.05 MiB/s
2022-08-12T06:56:48.3181512Z Receiving objects:  54% (1068/1977), 15.53 MiB | 31.05 MiB/s
2022-08-12T06:56:48.3185474Z Receiving objects:  55% (1088/1977), 15.53 MiB | 31.05 MiB/s
2022-08-12T06:56:48.3194268Z Receiving objects:  56% (1108/1977), 15.53 MiB | 31.05 MiB/s
2022-08-12T06:56:48.3204497Z Receiving objects:  57% (1127/1977), 15.53 MiB | 31.05 MiB/s
2022-08-12T06:56:48.3212367Z Receiving objects:  58% (1147/1977), 15.53 MiB | 31.05 MiB/s
2022-08-12T06:56:48.3231324Z Receiving objects:  59% (1167/1977), 15.53 MiB | 31.05 MiB/s
2022-08-12T06:56:48.3237558Z Receiving objects:  60% (1187/1977), 15.53 MiB | 31.05 MiB/s
2022-08-12T06:56:48.3249196Z Receiving objects:  61% (1206/1977), 15.53 MiB | 31.05 MiB/s
2022-08-12T06:56:48.3252589Z Receiving objects:  62% (1226/1977), 15.53 MiB | 31.05 MiB/s
2022-08-12T06:56:48.3253060Z Receiving objects:  63% (1246/1977), 15.53 MiB | 31.05 MiB/s
2022-08-12T06:56:48.3261422Z Receiving objects:  64% (1266/1977), 15.53 MiB | 31.05 MiB/s
2022-08-12T06:56:48.3279421Z Receiving objects:  65% (1286/1977), 15.53 MiB | 31.05 MiB/s
2022-08-12T06:56:48.3288963Z Receiving objects:  66% (1305/1977), 15.53 MiB | 31.05 MiB/s
2022-08-12T06:56:48.3300807Z Receiving objects:  67% (1325/1977), 15.53 MiB | 31.05 MiB/s
2022-08-12T06:56:48.3301302Z Receiving objects:  68% (1345/1977), 15.53 MiB | 31.05 MiB/s
2022-08-12T06:56:48.3301608Z Receiving objects:  69% (1365/1977), 15.53 MiB | 31.05 MiB/s
2022-08-12T06:56:48.3306211Z Receiving objects:  70% (1384/1977), 15.53 MiB | 31.05 MiB/s
2022-08-12T06:56:48.3380942Z Receiving objects:  71% (1404/1977), 15.53 MiB | 31.05 MiB/s
2022-08-12T06:56:48.3381736Z Receiving objects:  72% (1424/1977), 15.53 MiB | 31.05 MiB/s
2022-08-12T06:56:48.3382024Z Receiving objects:  73% (1444/1977), 15.53 MiB | 31.05 MiB/s
2022-08-12T06:56:48.3382325Z Receiving objects:  74% (1463/1977), 15.53 MiB | 31.05 MiB/s
2022-08-12T06:56:48.3382620Z Receiving objects:  75% (1483/1977), 15.53 MiB | 31.05 MiB/s
2022-08-12T06:56:48.3382914Z Receiving objects:  76% (1503/1977), 15.53 MiB | 31.05 MiB/s
2022-08-12T06:56:48.3383198Z Receiving objects:  77% (1523/1977), 15.53 MiB | 31.05 MiB/s
2022-08-12T06:56:48.3384501Z Receiving objects:  78% (1543/1977), 15.53 MiB | 31.05 MiB/s
2022-08-12T06:56:48.3385209Z Receiving objects:  79% (1562/1977), 15.53 MiB | 31.05 MiB/s
2022-08-12T06:56:48.3385521Z Receiving objects:  80% (1582/1977), 15.53 MiB | 31.05 MiB/s
2022-08-12T06:56:48.3385827Z Receiving objects:  81% (1602/1977), 15.53 MiB | 31.05 MiB/s
2022-08-12T06:56:48.3386136Z Receiving objects:  82% (1622/1977), 15.53 MiB | 31.05 MiB/s
2022-08-12T06:56:48.3386421Z Receiving objects:  83% (1641/1977), 15.53 MiB | 31.05 MiB/s
2022-08-12T06:56:48.3386957Z Receiving objects:  84% (1661/1977), 15.53 MiB | 31.05 MiB/s
2022-08-12T06:56:48.3387273Z Receiving objects:  85% (1681/1977), 15.53 MiB | 31.05 MiB/s
2022-08-12T06:56:48.3387584Z Receiving objects:  86% (1701/1977), 15.53 MiB | 31.05 MiB/s
2022-08-12T06:56:48.3387877Z Receiving objects:  87% (1720/1977), 15.53 MiB | 31.05 MiB/s
2022-08-12T06:56:48.3388195Z Receiving objects:  88% (1740/1977), 15.53 MiB | 31.05 MiB/s
2022-08-12T06:56:48.3388502Z Receiving objects:  89% (1760/1977), 15.53 MiB | 31.05 MiB/s
2022-08-12T06:56:48.3388994Z Receiving objects:  90% (1780/1977), 15.53 MiB | 31.05 MiB/s
2022-08-12T06:56:48.3389335Z Receiving objects:  91% (1800/1977), 15.53 MiB | 31.05 MiB/s
2022-08-12T06:56:48.3389647Z Receiving objects:  92% (1819/1977), 15.53 MiB | 31.05 MiB/s
2022-08-12T06:56:48.3389942Z Receiving objects:  93% (1839/1977), 15.53 MiB | 31.05 MiB/s
2022-08-12T06:56:48.3390251Z Receiving objects:  94% (1859/1977), 15.53 MiB | 31.05 MiB/s
2022-08-12T06:56:48.3390578Z Receiving objects:  95% (1879/1977), 15.53 MiB | 31.05 MiB/s
2022-08-12T06:56:48.3624205Z Receiving objects:  96% (1898/1977), 15.53 MiB | 31.05 MiB/s
2022-08-12T06:56:48.4375756Z Receiving objects:  97% (1918/1977), 15.53 MiB | 31.05 MiB/s
2022-08-12T06:56:48.4395956Z Receiving objects:  98% (1938/1977), 15.53 MiB | 31.05 MiB/s
2022-08-12T06:56:48.4410620Z Receiving objects:  99% (1958/1977), 15.53 MiB | 31.05 MiB/s
2022-08-12T06:56:48.4411545Z remote: Total 1977 (delta 1044), reused 1345 (delta 923), pack-reused 0        
2022-08-12T06:56:48.4432241Z Receiving objects: 100% (1977/1977), 15.53 MiB | 31.05 MiB/s
2022-08-12T06:56:48.4433978Z Receiving objects: 100% (1977/1977), 18.27 MiB | 27.63 MiB/s, done.
2022-08-12T06:56:48.4531416Z Resolving deltas:   0% (0/1044)
2022-08-12T06:56:48.4531655Z Resolving deltas:   1% (11/1044)
2022-08-12T06:56:48.4532041Z Resolving deltas:   2% (21/1044)
2022-08-12T06:56:48.4532260Z Resolving deltas:   3% (32/1044)
2022-08-12T06:56:48.4532463Z Resolving deltas:   4% (42/1044)
2022-08-12T06:56:48.4532680Z Resolving deltas:   5% (53/1044)
2022-08-12T06:56:48.4532895Z Resolving deltas:   6% (63/1044)
2022-08-12T06:56:48.4533097Z Resolving deltas:   7% (74/1044)
2022-08-12T06:56:48.4533315Z Resolving deltas:   8% (84/1044)
2022-08-12T06:56:48.4533526Z Resolving deltas:   9% (94/1044)
2022-08-12T06:56:48.4533742Z Resolving deltas:  10% (105/1044)
2022-08-12T06:56:48.4534176Z Resolving deltas:  11% (115/1044)
2022-08-12T06:56:48.4534396Z Resolving deltas:  12% (126/1044)
2022-08-12T06:56:48.4534619Z Resolving deltas:  13% (136/1044)
2022-08-12T06:56:48.4534825Z Resolving deltas:  14% (147/1044)
2022-08-12T06:56:48.4535042Z Resolving deltas:  15% (157/1044)
2022-08-12T06:56:48.4535257Z Resolving deltas:  16% (168/1044)
2022-08-12T06:56:48.4535455Z Resolving deltas:  17% (178/1044)
2022-08-12T06:56:48.4535664Z Resolving deltas:  18% (188/1044)
2022-08-12T06:56:48.4535878Z Resolving deltas:  19% (199/1044)
2022-08-12T06:56:48.4536077Z Resolving deltas:  20% (209/1044)
2022-08-12T06:56:48.4536290Z Resolving deltas:  21% (220/1044)
2022-08-12T06:56:48.4536501Z Resolving deltas:  22% (230/1044)
2022-08-12T06:56:48.4536696Z Resolving deltas:  23% (241/1044)
2022-08-12T06:56:48.4536908Z Resolving deltas:  24% (251/1044)
2022-08-12T06:56:48.4537299Z Resolving deltas:  25% (261/1044)
2022-08-12T06:56:48.4537507Z Resolving deltas:  26% (272/1044)
2022-08-12T06:56:48.4537741Z Resolving deltas:  27% (282/1044)
2022-08-12T06:56:48.4537961Z Resolving deltas:  28% (293/1044)
2022-08-12T06:56:48.4538183Z Resolving deltas:  29% (303/1044)
2022-08-12T06:56:48.4538563Z Resolving deltas:  30% (314/1044)
2022-08-12T06:56:48.4538798Z Resolving deltas:  31% (324/1044)
2022-08-12T06:56:48.4539028Z Resolving deltas:  32% (335/1044)
2022-08-12T06:56:48.4539243Z Resolving deltas:  33% (345/1044)
2022-08-12T06:56:48.4539470Z Resolving deltas:  34% (355/1044)
2022-08-12T06:56:48.4539700Z Resolving deltas:  35% (366/1044)
2022-08-12T06:56:48.4539914Z Resolving deltas:  36% (376/1044)
2022-08-12T06:56:48.4585544Z Resolving deltas:  37% (387/1044)
2022-08-12T06:56:48.4585791Z Resolving deltas:  38% (397/1044)
2022-08-12T06:56:48.4586001Z Resolving deltas:  39% (408/1044)
2022-08-12T06:56:48.4586224Z Resolving deltas:  40% (418/1044)
2022-08-12T06:56:48.4586449Z Resolving deltas:  41% (429/1044)
2022-08-12T06:56:48.4586654Z Resolving deltas:  42% (439/1044)
2022-08-12T06:56:48.4586881Z Resolving deltas:  43% (449/1044)
2022-08-12T06:56:48.4587102Z Resolving deltas:  44% (460/1044)
2022-08-12T06:56:48.4587308Z Resolving deltas:  45% (470/1044)
2022-08-12T06:56:48.4587535Z Resolving deltas:  46% (481/1044)
2022-08-12T06:56:48.4587930Z Resolving deltas:  47% (491/1044)
2022-08-12T06:56:48.4588174Z Resolving deltas:  48% (502/1044)
2022-08-12T06:56:48.4588381Z Resolving deltas:  49% (512/1044)
2022-08-12T06:56:48.4588600Z Resolving deltas:  50% (522/1044)
2022-08-12T06:56:48.4588817Z Resolving deltas:  51% (533/1044)
2022-08-12T06:56:48.4589021Z Resolving deltas:  52% (543/1044)
2022-08-12T06:56:48.4589242Z Resolving deltas:  53% (554/1044)
2022-08-12T06:56:48.4589461Z Resolving deltas:  54% (564/1044)
2022-08-12T06:56:48.4589667Z Resolving deltas:  55% (575/1044)
2022-08-12T06:56:48.4589889Z Resolving deltas:  56% (585/1044)
2022-08-12T06:56:48.4590110Z Resolving deltas:  57% (596/1044)
2022-08-12T06:56:48.4590313Z Resolving deltas:  58% (606/1044)
2022-08-12T06:56:48.4590531Z Resolving deltas:  59% (616/1044)
2022-08-12T06:56:48.4590756Z Resolving deltas:  60% (627/1044)
2022-08-12T06:56:48.4590958Z Resolving deltas:  61% (637/1044)
2022-08-12T06:56:48.4591176Z Resolving deltas:  62% (648/1044)
2022-08-12T06:56:48.4591397Z Resolving deltas:  63% (658/1044)
2022-08-12T06:56:48.4591601Z Resolving deltas:  64% (669/1044)
2022-08-12T06:56:48.4591825Z Resolving deltas:  65% (679/1044)
2022-08-12T06:56:48.4592044Z Resolving deltas:  66% (690/1044)
2022-08-12T06:56:48.4592262Z Resolving deltas:  67% (700/1044)
2022-08-12T06:56:48.4592468Z Resolving deltas:  68% (710/1044)
2022-08-12T06:56:48.4592713Z Resolving deltas:  69% (721/1044)
2022-08-12T06:56:48.4592931Z Resolving deltas:  70% (731/1044)
2022-08-12T06:56:48.4593136Z Resolving deltas:  71% (742/1044)
2022-08-12T06:56:48.4593353Z Resolving deltas:  72% (752/1044)
2022-08-12T06:56:48.4593572Z Resolving deltas:  73% (763/1044)
2022-08-12T06:56:48.4593775Z Resolving deltas:  74% (773/1044)
2022-08-12T06:56:48.4593993Z Resolving deltas:  75% (783/1044)
2022-08-12T06:56:48.4594313Z Resolving deltas:  76% (794/1044)
2022-08-12T06:56:48.4594515Z Resolving deltas:  77% (804/1044)
2022-08-12T06:56:48.4594733Z Resolving deltas:  78% (815/1044)
2022-08-12T06:56:48.4594954Z Resolving deltas:  79% (825/1044)
2022-08-12T06:56:48.4595162Z Resolving deltas:  80% (836/1044)
2022-08-12T06:56:48.4595387Z Resolving deltas:  81% (846/1044)
2022-08-12T06:56:48.4595784Z Resolving deltas:  82% (857/1044)
2022-08-12T06:56:48.4596008Z Resolving deltas:  83% (867/1044)
2022-08-12T06:56:48.4596215Z Resolving deltas:  84% (877/1044)
2022-08-12T06:56:48.4596439Z Resolving deltas:  85% (888/1044)
2022-08-12T06:56:48.4596664Z Resolving deltas:  86% (898/1044)
2022-08-12T06:56:48.4596873Z Resolving deltas:  87% (909/1044)
2022-08-12T06:56:48.4597279Z Resolving deltas:  88% (919/1044)
2022-08-12T06:56:48.4597507Z Resolving deltas:  89% (930/1044)
2022-08-12T06:56:48.4597879Z Resolving deltas:  90% (940/1044)
2022-08-12T06:56:48.4598102Z Resolving deltas:  91% (951/1044)
2022-08-12T06:56:48.4598333Z Resolving deltas:  92% (961/1044)
2022-08-12T06:56:48.4598541Z Resolving deltas:  93% (971/1044)
2022-08-12T06:56:48.4598766Z Resolving deltas:  94% (982/1044)
2022-08-12T06:56:48.4601044Z Resolving deltas:  95% (992/1044)
2022-08-12T06:56:48.4601292Z Resolving deltas:  96% (1003/1044)
2022-08-12T06:56:48.4601511Z Resolving deltas:  97% (1013/1044)
2022-08-12T06:56:48.4601740Z Resolving deltas:  98% (1024/1044)
2022-08-12T06:56:48.4601971Z Resolving deltas:  99% (1034/1044)
2022-08-12T06:56:48.4602364Z Resolving deltas: 100% (1044/1044)
2022-08-12T06:56:48.4602737Z Resolving deltas: 100% (1044/1044), done.
2022-08-12T06:56:48.5128487Z From https://github.com/Grasscutters/Grasscutter
2022-08-12T06:56:48.5129657Z  * [new ref]         31310bd5e4925a78eeee1e7735fc3cb7d1454312 -> pull/1606/merge
2022-08-12T06:56:48.5159911Z ##[endgroup]
2022-08-12T06:56:48.5160742Z ##[group]Determining the checkout info
2022-08-12T06:56:48.5163087Z ##[endgroup]
2022-08-12T06:56:48.5163789Z ##[group]Checking out the ref
2022-08-12T06:56:48.5171362Z [command]/usr/bin/git checkout --progress --force refs/remotes/pull/1606/merge
2022-08-12T06:56:48.7457687Z Note: switching to 'refs/remotes/pull/1606/merge'.
2022-08-12T06:56:48.7458637Z 
2022-08-12T06:56:48.7459149Z You are in 'detached HEAD' state. You can look around, make experimental
2022-08-12T06:56:48.7459608Z changes and commit them, and you can discard any commits you make in this
2022-08-12T06:56:48.7460275Z state without impacting any branches by switching back to a branch.
2022-08-12T06:56:48.7460519Z 
2022-08-12T06:56:48.7460708Z If you want to create a new branch to retain commits you create, you may
2022-08-12T06:56:48.7461212Z do so (now or later) by using -c with the switch command. Example:
2022-08-12T06:56:48.7461741Z 
2022-08-12T06:56:48.7461924Z   git switch -c <new-branch-name>
2022-08-12T06:56:48.7462094Z 
2022-08-12T06:56:48.7462392Z Or undo this operation with:
2022-08-12T06:56:48.7463072Z 
2022-08-12T06:56:48.7463267Z   git switch -
2022-08-12T06:56:48.7463421Z 
2022-08-12T06:56:48.7463866Z Turn off this advice by setting config variable advice.detachedHead to false
2022-08-12T06:56:48.7464194Z 
2022-08-12T06:56:48.7464715Z HEAD is now at 31310bd Merge 0cd7ac7b1240f54d33dec7c84aa8ed3b5d481eba into 7b28eafddc63d6550dc47966d0883e6ce7fcac62
2022-08-12T06:56:48.7478834Z ##[endgroup]
2022-08-12T06:56:48.7621378Z [command]/usr/bin/git log -1 --format='%H'
2022-08-12T06:56:48.7663492Z '31310bd5e4925a78eeee1e7735fc3cb7d1454312'
2022-08-12T06:56:48.8063383Z ##[group]Run actions/setup-java@v3
2022-08-12T06:56:48.8063833Z with:
2022-08-12T06:56:48.8064127Z   distribution: temurin
2022-08-12T06:56:48.8064398Z   java-version: 17
2022-08-12T06:56:48.8064807Z   java-package: jdk
2022-08-12T06:56:48.8065151Z   architecture: x64
2022-08-12T06:56:48.8065407Z   check-latest: false
2022-08-12T06:56:48.8065706Z   server-id: github
2022-08-12T06:56:48.8066035Z   server-username: GITHUB_ACTOR
2022-08-12T06:56:48.8066340Z   server-password: GITHUB_TOKEN
2022-08-12T06:56:48.8066893Z   overwrite-settings: true
2022-08-12T06:56:48.8067320Z   job-status: success
2022-08-12T06:56:48.8067576Z ##[endgroup]
2022-08-12T06:56:49.0707968Z Resolved Java 17.0.4+8 from tool-cache
2022-08-12T06:56:49.0708693Z Setting Java 17.0.4+8 as the default
2022-08-12T06:56:49.0727758Z 
2022-08-12T06:56:49.0728196Z Java configuration:
2022-08-12T06:56:49.0729394Z   Distribution: temurin
2022-08-12T06:56:49.0730076Z   Version: 17.0.4+8
2022-08-12T06:56:49.0732263Z   Path: /opt/hostedtoolcache/Java_Temurin-Hotspot_jdk/17.0.4-8/x64
2022-08-12T06:56:49.0732772Z 
2022-08-12T06:56:49.0756888Z Creating settings.xml with server-id: github
2022-08-12T06:56:49.0922505Z Writing to /home/runner/.m2/settings.xml
2022-08-12T06:56:49.5111447Z ##[group]Run actions/cache@v2
2022-08-12T06:56:49.5111704Z with:
2022-08-12T06:56:49.5112013Z   path: ~/.gradle/caches
~/.gradle/wrapper
./.gradle/loom-cache

2022-08-12T06:56:49.5112427Z   key: Linux-gradle-2355fe6516f539bd2a3763038088405b84a029bff707114c068934c41dbbc1f6
2022-08-12T06:56:49.5112769Z   restore-keys: Linux-gradle-

2022-08-12T06:56:49.5113122Z env:
2022-08-12T06:56:49.5113440Z   JAVA_HOME: /opt/hostedtoolcache/Java_Temurin-Hotspot_jdk/17.0.4-8/x64
2022-08-12T06:56:49.5113754Z ##[endgroup]
2022-08-12T06:56:51.4318680Z Received 37748736 of 265442794 (14.2%), 36.0 MBs/sec
2022-08-12T06:56:52.4335956Z Received 218103808 of 265442794 (82.2%), 103.8 MBs/sec
2022-08-12T06:56:53.2160575Z Received 265442794 of 265442794 (100.0%), 90.9 MBs/sec
2022-08-12T06:56:53.2161569Z Cache Size: ~253 MB (265442794 B)
2022-08-12T06:56:53.2212773Z [command]/usr/bin/tar --use-compress-program zstd -d -xf /home/runner/work/_temp/032ddb3d-7664-4b97-a97f-a62b54a8da4b/cache.tzst -P -C /home/runner/work/Grasscutter/Grasscutter
2022-08-12T06:56:53.9826483Z Cache restored successfully
2022-08-12T06:56:54.0494328Z 
2022-08-12T06:56:54.0497497Z Cache restored from key: Linux-gradle-2355fe6516f539bd2a3763038088405b84a029bff707114c068934c41dbbc1f6
2022-08-12T06:56:54.0777217Z ##[group]Run ./gradlew && ./gradlew jar
2022-08-12T06:56:54.0778045Z [36;1m./gradlew && ./gradlew jar[0m
2022-08-12T06:56:54.0908866Z shell: /usr/bin/bash -e {0}
2022-08-12T06:56:54.0909400Z env:
2022-08-12T06:56:54.0909769Z   JAVA_HOME: /opt/hostedtoolcache/Java_Temurin-Hotspot_jdk/17.0.4-8/x64
2022-08-12T06:56:54.0910190Z ##[endgroup]
2022-08-12T06:56:56.9967320Z 
2022-08-12T06:56:56.9968493Z Welcome to Gradle 7.4.2!
2022-08-12T06:56:56.9968867Z 
2022-08-12T06:56:56.9978222Z Here are the highlights of this release:
2022-08-12T06:56:56.9979141Z  - Aggregated test and JaCoCo reports
2022-08-12T06:56:56.9979878Z  - Marking additional test source directories as tests in IntelliJ
2022-08-12T06:56:56.9980971Z  - Support for Adoptium JDKs in Java toolchains
2022-08-12T06:56:56.9981291Z 
2022-08-12T06:56:56.9981725Z For more details see https://docs.gradle.org/7.4.2/release-notes.html
2022-08-12T06:56:56.9982262Z 
2022-08-12T06:56:57.3956245Z Starting a Gradle Daemon (subsequent builds will be faster)
2022-08-12T06:57:04.7965090Z 
2022-08-12T06:57:04.7992427Z > Configure project :
2022-08-12T06:57:04.7993301Z Publishing to 4benj-maven
2022-08-12T06:57:05.6949154Z 
2022-08-12T06:57:05.6950158Z > Task :help
2022-08-12T06:57:05.6950588Z 
2022-08-12T06:57:05.6951138Z Welcome to Gradle 7.4.2.
2022-08-12T06:57:05.6951984Z 
2022-08-12T06:57:05.6952618Z To run a build, run gradlew <task> ...
2022-08-12T06:57:05.6953211Z 
2022-08-12T06:57:05.6953622Z To see a list of available tasks, run gradlew tasks
2022-08-12T06:57:05.6954094Z 
2022-08-12T06:57:05.6955353Z To see more detail about a task, run gradlew help --task <task>
2022-08-12T06:57:05.6955842Z 
2022-08-12T06:57:05.6956323Z To see a list of command-line options, run gradlew --help
2022-08-12T06:57:05.6956711Z 
2022-08-12T06:57:05.6957454Z For more detail on using Gradle, see https://docs.gradle.org/7.4.2/userguide/command_line_interface.html
2022-08-12T06:57:05.7166281Z 
2022-08-12T06:57:05.7170373Z For troubleshooting, visit https://help.gradle.org
2022-08-12T06:57:05.7170682Z 
2022-08-12T06:57:05.7171092Z BUILD SUCCESSFUL in 10s
2022-08-12T06:57:05.7171390Z 1 actionable task: 1 executed
2022-08-12T06:57:07.0242637Z 
2022-08-12T06:57:07.0261623Z > Configure project :
2022-08-12T06:57:07.0262898Z Publishing to 4benj-maven
2022-08-12T06:57:08.4233427Z 
2022-08-12T06:57:08.4235393Z > Task :extractIncludeProto
2022-08-12T06:57:09.0237256Z > Task :extractProto
2022-08-12T06:57:11.3237281Z > Task :generateProto
2022-08-12T06:57:41.3242974Z > Task :compileJava
2022-08-12T06:58:03.4238353Z /home/runner/work/Grasscutter/Grasscutter/src/main/java/emu/grasscutter/Grasscutter.java:275: warning: [removal] getGsonFactory() in JsonUtils has been deprecated and marked for removal
2022-08-12T06:58:03.4251953Z         return JsonUtils.getGsonFactory();
2022-08-12T06:58:03.4252794Z                         ^
2022-08-12T06:58:35.6232517Z /home/runner/work/Grasscutter/Grasscutter/src/main/java/emu/grasscutter/game/dungeons/challenge/DungeonChallenge.java:91: error: cannot find symbol
2022-08-12T06:58:35.6234180Z             getScene().getDungeonSettleObservers().forEach(o -> o.onDungeonSettle(getScene()));
2022-08-12T06:58:35.6234978Z                       ^
2022-08-12T06:58:35.6237661Z   symbol:   method getDungeonSettleObservers()
2022-08-12T06:58:35.6238293Z   location: class Scene
2022-08-12T06:58:42.2292822Z Note: Some input files use or override a deprecated API.
2022-08-12T06:58:42.2293642Z Note: Recompile with -Xlint:deprecation for details.
2022-08-12T06:58:42.2294192Z Note: Some input files use unchecked or unsafe operations.
2022-08-12T06:58:42.2294704Z Note: Recompile with -Xlint:unchecked for details.
2022-08-12T06:58:42.2295153Z 1 error
2022-08-12T06:58:42.2295445Z 1 warning
2022-08-12T06:58:43.4239976Z 
2022-08-12T06:58:43.4241049Z > Task :compileJava FAILED
2022-08-12T06:58:43.4241780Z 4 actionable tasks: 4 executed
2022-08-12T06:58:43.4242447Z 
2022-08-12T06:58:43.4243095Z FAILURE: Build failed with an exception.
2022-08-12T06:58:43.4425299Z 
2022-08-12T06:58:43.4425878Z * What went wrong:
2022-08-12T06:58:43.4426613Z Execution failed for task ':compileJava'.
2022-08-12T06:58:43.4427044Z > Compilation failed; see the compiler error output for details.
2022-08-12T06:58:43.4427249Z 
2022-08-12T06:58:43.4427372Z * Try:
2022-08-12T06:58:43.4427912Z > Run with --stacktrace option to get the stack trace.
2022-08-12T06:58:43.4428427Z > Run with --info or --debug option to get more log output.
2022-08-12T06:58:43.4428909Z > Run with --scan to get full insights.
2022-08-12T06:58:43.4429118Z 
2022-08-12T06:58:43.4429314Z * Get more help at https://help.gradle.org
2022-08-12T06:58:43.4429591Z 
2022-08-12T06:58:43.4429746Z BUILD FAILED in 1m 37s
2022-08-12T06:58:43.6146582Z ##[error]Process completed with exit code 1.
2022-08-12T06:58:43.6282777Z Post job cleanup.
2022-08-12T06:58:43.8469603Z Post job cleanup.
2022-08-12T06:58:44.0097604Z [command]/usr/bin/git version
2022-08-12T06:58:44.0224646Z git version 2.37.1
2022-08-12T06:58:44.0296582Z Temporarily overriding HOME='/home/runner/work/_temp/f6628308-ac57-4a73-9e4a-8ebc328169f5' before making global git config changes
2022-08-12T06:58:44.0301140Z Adding repository directory to the temporary git global config as a safe directory
2022-08-12T06:58:44.0308821Z [command]/usr/bin/git config --global --add safe.directory /home/runner/work/Grasscutter/Grasscutter
2022-08-12T06:58:44.0361603Z [command]/usr/bin/git config --local --name-only --get-regexp core\.sshCommand
2022-08-12T06:58:44.0406966Z [command]/usr/bin/git submodule foreach --recursive git config --local --name-only --get-regexp 'core\.sshCommand' && git config --local --unset-all 'core.sshCommand' || :
2022-08-12T06:58:44.0745784Z [command]/usr/bin/git config --local --name-only --get-regexp http\.https\:\/\/github\.com\/\.extraheader
2022-08-12T06:58:44.0781184Z http.https://github.com/.extraheader
2022-08-12T06:58:44.0797559Z [command]/usr/bin/git config --local --unset-all http.https://github.com/.extraheader
2022-08-12T06:58:44.0843830Z [command]/usr/bin/git submodule foreach --recursive git config --local --name-only --get-regexp 'http\.https\:\/\/github\.com\/\.extraheader' && git config --local --unset-all 'http.https://github.com/.extraheader' || :
2022-08-12T06:58:44.1474452Z Cleaning up orphan processes
2022-08-12T06:58:44.1808977Z Terminate orphan process: pid (1702) (java)
