2022-08-14T08:46:46.4101227Z Requested labels: ubuntu-latest
2022-08-14T08:46:46.4101269Z Job defined at: Grasscutters/Grasscutter/.github/workflows/build.yml@refs/pull/1606/merge
2022-08-14T08:46:46.4101288Z Waiting for a runner to pick up this job...
2022-08-14T08:46:47.2918893Z Job is waiting for a hosted runner to come online.
2022-08-14T08:46:51.0030337Z Job is about to start running on the hosted runner: Hosted Agent (hosted)
2022-08-14T08:46:53.4311191Z Current runner version: '2.294.0'
2022-08-14T08:46:53.4341057Z ##[group]Operating System
2022-08-14T08:46:53.4341700Z Ubuntu
2022-08-14T08:46:53.4341991Z 20.04.4
2022-08-14T08:46:53.4342328Z LTS
2022-08-14T08:46:53.4342681Z ##[endgroup]
2022-08-14T08:46:53.4343089Z ##[group]Virtual Environment
2022-08-14T08:46:53.4343653Z Environment: ubuntu-20.04
2022-08-14T08:46:53.4344029Z Version: 20220807.1
2022-08-14T08:46:53.4344565Z Included Software: https://github.com/actions/virtual-environments/blob/ubuntu20/20220807.1/images/linux/Ubuntu2004-Readme.md
2022-08-14T08:46:53.4345504Z Image Release: https://github.com/actions/virtual-environments/releases/tag/ubuntu20%2F20220807.1
2022-08-14T08:46:53.4346113Z ##[endgroup]
2022-08-14T08:46:53.4346626Z ##[group]Virtual Environment Provisioner
2022-08-14T08:46:53.4347477Z 1.0.0.0-main-20220805-2
2022-08-14T08:46:53.4347837Z ##[endgroup]
2022-08-14T08:46:53.4348899Z ##[group]GITHUB_TOKEN Permissions
2022-08-14T08:46:53.4349593Z Actions: read
2022-08-14T08:46:53.4350068Z Checks: read
2022-08-14T08:46:53.4350509Z Contents: read
2022-08-14T08:46:53.4350822Z Deployments: read
2022-08-14T08:46:53.4351356Z Discussions: read
2022-08-14T08:46:53.4351844Z Issues: read
2022-08-14T08:46:53.4352147Z Metadata: read
2022-08-14T08:46:53.4352698Z Packages: read
2022-08-14T08:46:53.4353084Z Pages: read
2022-08-14T08:46:53.4353409Z PullRequests: read
2022-08-14T08:46:53.4353829Z RepositoryProjects: read
2022-08-14T08:46:53.4354268Z SecurityEvents: read
2022-08-14T08:46:53.4354688Z Statuses: read
2022-08-14T08:46:53.4355012Z ##[endgroup]
2022-08-14T08:46:53.4359321Z Secret source: None
2022-08-14T08:46:53.4359893Z Prepare workflow directory
2022-08-14T08:46:53.5311182Z Prepare all required actions
2022-08-14T08:46:53.5521921Z Getting action download info
2022-08-14T08:46:53.7546116Z Download action repository 'actions/checkout@v3' (SHA:2541b1294d2704b0964813337f33b291d3f8596b)
2022-08-14T08:46:54.1280776Z Download action repository 'actions/setup-java@v3' (SHA:2c7a4878f5d120bd643426d54ae1209b29cc01a3)
2022-08-14T08:46:54.3659639Z Download action repository 'actions/cache@v2' (SHA:937d24475381cd9c75ae6db12cb4e79714b926ed)
2022-08-14T08:46:54.6020759Z Download action repository 'actions/upload-artifact@v3' (SHA:3cea5372237819ed00197afe530f5a7ea3e805c8)
2022-08-14T08:46:54.9802878Z ##[group]Run actions/checkout@v3
2022-08-14T08:46:54.9803216Z with:
2022-08-14T08:46:54.9803468Z   repository: Grasscutters/Grasscutter
2022-08-14T08:46:54.9803957Z   token: ***
2022-08-14T08:46:54.9804192Z   ssh-strict: true
2022-08-14T08:46:54.9804709Z   persist-credentials: true
2022-08-14T08:46:54.9804962Z   clean: true
2022-08-14T08:46:54.9805231Z   fetch-depth: 1
2022-08-14T08:46:54.9805441Z   lfs: false
2022-08-14T08:46:54.9805663Z   submodules: false
2022-08-14T08:46:54.9805912Z   set-safe-directory: true
2022-08-14T08:46:54.9806155Z ##[endgroup]
2022-08-14T08:46:55.3479492Z Syncing repository: Grasscutters/Grasscutter
2022-08-14T08:46:55.3481526Z ##[group]Getting Git version info
2022-08-14T08:46:55.3482196Z Working directory is '/home/runner/work/Grasscutter/Grasscutter'
2022-08-14T08:46:55.3482861Z [command]/usr/bin/git version
2022-08-14T08:46:55.3651424Z git version 2.37.1
2022-08-14T08:46:55.3739361Z ##[endgroup]
2022-08-14T08:46:55.3756562Z Temporarily overriding HOME='/home/runner/work/_temp/b70112d2-85f4-4c05-af89-9a4b744d6d5a' before making global git config changes
2022-08-14T08:46:55.3757179Z Adding repository directory to the temporary git global config as a safe directory
2022-08-14T08:46:55.3757846Z [command]/usr/bin/git config --global --add safe.directory /home/runner/work/Grasscutter/Grasscutter
2022-08-14T08:46:55.3766398Z Deleting the contents of '/home/runner/work/Grasscutter/Grasscutter'
2022-08-14T08:46:55.3769514Z ##[group]Initializing the repository
2022-08-14T08:46:55.3773270Z [command]/usr/bin/git init /home/runner/work/Grasscutter/Grasscutter
2022-08-14T08:46:55.3881611Z hint: Using 'master' as the name for the initial branch. This default branch name
2022-08-14T08:46:55.3882454Z hint: is subject to change. To configure the initial branch name to use in all
2022-08-14T08:46:55.3884269Z hint: of your new repositories, which will suppress this warning, call:
2022-08-14T08:46:55.3885737Z hint: 
2022-08-14T08:46:55.3886549Z hint: 	git config --global init.defaultBranch <name>
2022-08-14T08:46:55.3887739Z hint: 
2022-08-14T08:46:55.3889143Z hint: Names commonly chosen instead of 'master' are 'main', 'trunk' and
2022-08-14T08:46:55.3889938Z hint: 'development'. The just-created branch can be renamed via this command:
2022-08-14T08:46:55.3890697Z hint: 
2022-08-14T08:46:55.3891323Z hint: 	git branch -m <name>
2022-08-14T08:46:55.3896725Z Initialized empty Git repository in /home/runner/work/Grasscutter/Grasscutter/.git/
2022-08-14T08:46:55.3906590Z [command]/usr/bin/git remote add origin https://github.com/Grasscutters/Grasscutter
2022-08-14T08:46:55.3962723Z ##[endgroup]
2022-08-14T08:46:55.3963658Z ##[group]Disabling automatic garbage collection
2022-08-14T08:46:55.3968670Z [command]/usr/bin/git config --local gc.auto 0
2022-08-14T08:46:55.4005825Z ##[endgroup]
2022-08-14T08:46:55.4006720Z ##[group]Setting up auth
2022-08-14T08:46:55.4015190Z [command]/usr/bin/git config --local --name-only --get-regexp core\.sshCommand
2022-08-14T08:46:55.4056535Z [command]/usr/bin/git submodule foreach --recursive git config --local --name-only --get-regexp 'core\.sshCommand' && git config --local --unset-all 'core.sshCommand' || :
2022-08-14T08:46:55.4598947Z [command]/usr/bin/git config --local --name-only --get-regexp http\.https\:\/\/github\.com\/\.extraheader
2022-08-14T08:46:55.4600148Z [command]/usr/bin/git submodule foreach --recursive git config --local --name-only --get-regexp 'http\.https\:\/\/github\.com\/\.extraheader' && git config --local --unset-all 'http.https://github.com/.extraheader' || :
2022-08-14T08:46:55.4839278Z [command]/usr/bin/git config --local http.https://github.com/.extraheader AUTHORIZATION: basic ***
2022-08-14T08:46:55.4883933Z ##[endgroup]
2022-08-14T08:46:55.4885338Z ##[group]Fetching the repository
2022-08-14T08:46:55.4894920Z [command]/usr/bin/git -c protocol.version=2 fetch --no-tags --prune --progress --no-recurse-submodules --depth=1 origin +fd121ca6b2c07da4b8ab5568cb8a1fbb5ed3f247:refs/remotes/pull/1606/merge
2022-08-14T08:46:55.6980425Z remote: Enumerating objects: 1977, done.        
2022-08-14T08:46:55.6981627Z remote: Counting objects:   0% (1/1977)        
2022-08-14T08:46:55.6982175Z remote: Counting objects:   1% (20/1977)        
2022-08-14T08:46:55.6982676Z remote: Counting objects:   2% (40/1977)        
2022-08-14T08:46:55.6983189Z remote: Counting objects:   3% (60/1977)        
2022-08-14T08:46:55.6983696Z remote: Counting objects:   4% (80/1977)        
2022-08-14T08:46:55.6984207Z remote: Counting objects:   5% (99/1977)        
2022-08-14T08:46:55.6985197Z remote: Counting objects:   6% (119/1977)        
2022-08-14T08:46:55.6985838Z remote: Counting objects:   7% (139/1977)        
2022-08-14T08:46:55.6986360Z remote: Counting objects:   8% (159/1977)        
2022-08-14T08:46:55.6986873Z remote: Counting objects:   9% (178/1977)        
2022-08-14T08:46:55.6987368Z remote: Counting objects:  10% (198/1977)        
2022-08-14T08:46:55.6987866Z remote: Counting objects:  11% (218/1977)        
2022-08-14T08:46:55.6988357Z remote: Counting objects:  12% (238/1977)        
2022-08-14T08:46:55.6988851Z remote: Counting objects:  13% (258/1977)        
2022-08-14T08:46:55.6989764Z remote: Counting objects:  14% (277/1977)        
2022-08-14T08:46:55.6990263Z remote: Counting objects:  15% (297/1977)        
2022-08-14T08:46:55.6990751Z remote: Counting objects:  16% (317/1977)        
2022-08-14T08:46:55.6991324Z remote: Counting objects:  17% (337/1977)        
2022-08-14T08:46:55.6991820Z remote: Counting objects:  18% (356/1977)        
2022-08-14T08:46:55.6992301Z remote: Counting objects:  19% (376/1977)        
2022-08-14T08:46:55.6992793Z remote: Counting objects:  20% (396/1977)        
2022-08-14T08:46:55.6993284Z remote: Counting objects:  21% (416/1977)        
2022-08-14T08:46:55.6994458Z remote: Counting objects:  22% (435/1977)        
2022-08-14T08:46:55.6995358Z remote: Counting objects:  23% (455/1977)        
2022-08-14T08:46:55.6995931Z remote: Counting objects:  24% (475/1977)        
2022-08-14T08:46:55.6996419Z remote: Counting objects:  25% (495/1977)        
2022-08-14T08:46:55.6996918Z remote: Counting objects:  26% (515/1977)        
2022-08-14T08:46:55.6997624Z remote: Counting objects:  27% (534/1977)        
2022-08-14T08:46:55.6998138Z remote: Counting objects:  28% (554/1977)        
2022-08-14T08:46:55.6998633Z remote: Counting objects:  29% (574/1977)        
2022-08-14T08:46:55.6999109Z remote: Counting objects:  30% (594/1977)        
2022-08-14T08:46:55.6999605Z remote: Counting objects:  31% (613/1977)        
2022-08-14T08:46:55.7000101Z remote: Counting objects:  32% (633/1977)        
2022-08-14T08:46:55.7000580Z remote: Counting objects:  33% (653/1977)        
2022-08-14T08:46:55.7001077Z remote: Counting objects:  34% (673/1977)        
2022-08-14T08:46:55.7003777Z remote: Counting objects:  35% (692/1977)        
2022-08-14T08:46:55.7005315Z remote: Counting objects:  36% (712/1977)        
2022-08-14T08:46:55.7005830Z remote: Counting objects:  37% (732/1977)        
2022-08-14T08:46:55.7006340Z remote: Counting objects:  38% (752/1977)        
2022-08-14T08:46:55.7006835Z remote: Counting objects:  39% (772/1977)        
2022-08-14T08:46:55.7007313Z remote: Counting objects:  40% (791/1977)        
2022-08-14T08:46:55.7007805Z remote: Counting objects:  41% (811/1977)        
2022-08-14T08:46:55.7008295Z remote: Counting objects:  42% (831/1977)        
2022-08-14T08:46:55.7008770Z remote: Counting objects:  43% (851/1977)        
2022-08-14T08:46:55.7009274Z remote: Counting objects:  44% (870/1977)        
2022-08-14T08:46:55.7009763Z remote: Counting objects:  45% (890/1977)        
2022-08-14T08:46:55.7010254Z remote: Counting objects:  46% (910/1977)        
2022-08-14T08:46:55.7010732Z remote: Counting objects:  47% (930/1977)        
2022-08-14T08:46:55.7011229Z remote: Counting objects:  48% (949/1977)        
2022-08-14T08:46:55.7011718Z remote: Counting objects:  49% (969/1977)        
2022-08-14T08:46:55.7012199Z remote: Counting objects:  50% (989/1977)        
2022-08-14T08:46:55.7012941Z remote: Counting objects:  51% (1009/1977)        
2022-08-14T08:46:55.7013474Z remote: Counting objects:  52% (1029/1977)        
2022-08-14T08:46:55.7014068Z remote: Counting objects:  53% (1048/1977)        
2022-08-14T08:46:55.7014586Z remote: Counting objects:  54% (1068/1977)        
2022-08-14T08:46:55.7015100Z remote: Counting objects:  55% (1088/1977)        
2022-08-14T08:46:55.7015608Z remote: Counting objects:  56% (1108/1977)        
2022-08-14T08:46:55.7016099Z remote: Counting objects:  57% (1127/1977)        
2022-08-14T08:46:55.7016611Z remote: Counting objects:  58% (1147/1977)        
2022-08-14T08:46:55.7017121Z remote: Counting objects:  59% (1167/1977)        
2022-08-14T08:46:55.7017609Z remote: Counting objects:  60% (1187/1977)        
2022-08-14T08:46:55.7018122Z remote: Counting objects:  61% (1206/1977)        
2022-08-14T08:46:55.7018631Z remote: Counting objects:  62% (1226/1977)        
2022-08-14T08:46:55.7019120Z remote: Counting objects:  63% (1246/1977)        
2022-08-14T08:46:55.7019628Z remote: Counting objects:  64% (1266/1977)        
2022-08-14T08:46:55.7020135Z remote: Counting objects:  65% (1286/1977)        
2022-08-14T08:46:55.7020623Z remote: Counting objects:  66% (1305/1977)        
2022-08-14T08:46:55.7021128Z remote: Counting objects:  67% (1325/1977)        
2022-08-14T08:46:55.7021630Z remote: Counting objects:  68% (1345/1977)        
2022-08-14T08:46:55.7022143Z remote: Counting objects:  69% (1365/1977)        
2022-08-14T08:46:55.7022626Z remote: Counting objects:  70% (1384/1977)        
2022-08-14T08:46:55.7023126Z remote: Counting objects:  71% (1404/1977)        
2022-08-14T08:46:55.7023728Z remote: Counting objects:  72% (1424/1977)        
2022-08-14T08:46:55.7024213Z remote: Counting objects:  73% (1444/1977)        
2022-08-14T08:46:55.7024854Z remote: Counting objects:  74% (1463/1977)        
2022-08-14T08:46:55.7025355Z remote: Counting objects:  75% (1483/1977)        
2022-08-14T08:46:55.7025847Z remote: Counting objects:  76% (1503/1977)        
2022-08-14T08:46:55.7026349Z remote: Counting objects:  77% (1523/1977)        
2022-08-14T08:46:55.7026848Z remote: Counting objects:  78% (1543/1977)        
2022-08-14T08:46:55.7027349Z remote: Counting objects:  79% (1562/1977)        
2022-08-14T08:46:55.7027831Z remote: Counting objects:  80% (1582/1977)        
2022-08-14T08:46:55.7028333Z remote: Counting objects:  81% (1602/1977)        
2022-08-14T08:46:55.7028837Z remote: Counting objects:  82% (1622/1977)        
2022-08-14T08:46:55.7029323Z remote: Counting objects:  83% (1641/1977)        
2022-08-14T08:46:55.7029914Z remote: Counting objects:  84% (1661/1977)        
2022-08-14T08:46:55.7030203Z remote: Counting objects:  85% (1681/1977)        
2022-08-14T08:46:55.7030777Z remote: Counting objects:  86% (1701/1977)        
2022-08-14T08:46:55.7044043Z remote: Counting objects:  87% (1720/1977)        
2022-08-14T08:46:55.7049276Z remote: Counting objects:  88% (1740/1977)        
2022-08-14T08:46:55.7050078Z remote: Counting objects:  89% (1760/1977)        
2022-08-14T08:46:55.7050528Z remote: Counting objects:  90% (1780/1977)        
2022-08-14T08:46:55.7051180Z remote: Counting objects:  91% (1800/1977)        
2022-08-14T08:46:55.7052465Z remote: Counting objects:  92% (1819/1977)        
2022-08-14T08:46:55.7052980Z remote: Counting objects:  93% (1839/1977)        
2022-08-14T08:46:55.7053695Z remote: Counting objects:  94% (1859/1977)        
2022-08-14T08:46:55.7054352Z remote: Counting objects:  95% (1879/1977)        
2022-08-14T08:46:55.7055269Z remote: Counting objects:  96% (1898/1977)        
2022-08-14T08:46:55.7055690Z remote: Counting objects:  97% (1918/1977)        
2022-08-14T08:46:55.7056439Z remote: Counting objects:  98% (1938/1977)        
2022-08-14T08:46:55.7057135Z remote: Counting objects:  99% (1958/1977)        
2022-08-14T08:46:55.7057833Z remote: Counting objects: 100% (1977/1977)        
2022-08-14T08:46:55.7058527Z remote: Counting objects: 100% (1977/1977), done.        
2022-08-14T08:46:55.7059493Z remote: Compressing objects:   0% (1/1141)        
2022-08-14T08:46:55.7059963Z remote: Compressing objects:   1% (12/1141)        
2022-08-14T08:46:55.7060673Z remote: Compressing objects:   2% (23/1141)        
2022-08-14T08:46:55.7061375Z remote: Compressing objects:   3% (35/1141)        
2022-08-14T08:46:55.7062032Z remote: Compressing objects:   4% (46/1141)        
2022-08-14T08:46:55.7062930Z remote: Compressing objects:   5% (58/1141)        
2022-08-14T08:46:55.7063789Z remote: Compressing objects:   6% (69/1141)        
2022-08-14T08:46:55.7064354Z remote: Compressing objects:   7% (80/1141)        
2022-08-14T08:46:55.7064996Z remote: Compressing objects:   8% (92/1141)        
2022-08-14T08:46:55.7065704Z remote: Compressing objects:   9% (103/1141)        
2022-08-14T08:46:55.7066320Z remote: Compressing objects:  10% (115/1141)        
2022-08-14T08:46:55.7066974Z remote: Compressing objects:  11% (126/1141)        
2022-08-14T08:46:55.7067669Z remote: Compressing objects:  12% (137/1141)        
2022-08-14T08:46:55.7068262Z remote: Compressing objects:  13% (149/1141)        
2022-08-14T08:46:55.7068881Z remote: Compressing objects:  14% (160/1141)        
2022-08-14T08:46:55.7069506Z remote: Compressing objects:  15% (172/1141)        
2022-08-14T08:46:55.7070095Z remote: Compressing objects:  16% (183/1141)        
2022-08-14T08:46:55.7355956Z remote: Compressing objects:  17% (194/1141)        
2022-08-14T08:46:55.7356491Z remote: Compressing objects:  18% (206/1141)        
2022-08-14T08:46:55.7548414Z remote: Compressing objects:  19% (217/1141)        
2022-08-14T08:46:55.9258578Z remote: Compressing objects:  20% (229/1141)        
2022-08-14T08:46:55.9302947Z remote: Compressing objects:  21% (240/1141)        
2022-08-14T08:46:55.9305663Z remote: Compressing objects:  22% (252/1141)        
2022-08-14T08:46:55.9330599Z remote: Compressing objects:  23% (263/1141)        
2022-08-14T08:46:55.9331212Z remote: Compressing objects:  24% (274/1141)        
2022-08-14T08:46:55.9340344Z remote: Compressing objects:  25% (286/1141)        
2022-08-14T08:46:55.9351194Z remote: Compressing objects:  26% (297/1141)        
2022-08-14T08:46:55.9359785Z remote: Compressing objects:  27% (309/1141)        
2022-08-14T08:46:55.9367735Z remote: Compressing objects:  28% (320/1141)        
2022-08-14T08:46:55.9380671Z remote: Compressing objects:  29% (331/1141)        
2022-08-14T08:46:55.9388925Z remote: Compressing objects:  30% (343/1141)        
2022-08-14T08:46:55.9400168Z remote: Compressing objects:  31% (354/1141)        
2022-08-14T08:46:55.9402260Z remote: Compressing objects:  32% (366/1141)        
2022-08-14T08:46:55.9413324Z remote: Compressing objects:  33% (377/1141)        
2022-08-14T08:46:55.9419807Z remote: Compressing objects:  34% (388/1141)        
2022-08-14T08:46:55.9434542Z remote: Compressing objects:  35% (400/1141)        
2022-08-14T08:46:55.9454583Z remote: Compressing objects:  36% (411/1141)        
2022-08-14T08:46:55.9456159Z remote: Compressing objects:  37% (423/1141)        
2022-08-14T08:46:55.9458221Z remote: Compressing objects:  38% (434/1141)        
2022-08-14T08:46:55.9466762Z remote: Compressing objects:  39% (445/1141)        
2022-08-14T08:46:55.9489490Z remote: Compressing objects:  40% (457/1141)        
2022-08-14T08:46:55.9505235Z remote: Compressing objects:  41% (468/1141)        
2022-08-14T08:46:55.9521659Z remote: Compressing objects:  42% (480/1141)        
2022-08-14T08:46:55.9529170Z remote: Compressing objects:  43% (491/1141)        
2022-08-14T08:46:55.9541007Z remote: Compressing objects:  44% (503/1141)        
2022-08-14T08:46:55.9542803Z remote: Compressing objects:  45% (514/1141)        
2022-08-14T08:46:55.9548417Z remote: Compressing objects:  46% (525/1141)        
2022-08-14T08:46:55.9560181Z remote: Compressing objects:  47% (537/1141)        
2022-08-14T08:46:55.9582400Z remote: Compressing objects:  48% (548/1141)        
2022-08-14T08:46:55.9583260Z remote: Compressing objects:  49% (560/1141)        
2022-08-14T08:46:55.9594144Z remote: Compressing objects:  50% (571/1141)        
2022-08-14T08:46:55.9603306Z remote: Compressing objects:  51% (582/1141)        
2022-08-14T08:46:55.9608420Z remote: Compressing objects:  52% (594/1141)        
2022-08-14T08:46:55.9616597Z remote: Compressing objects:  53% (605/1141)        
2022-08-14T08:46:55.9622182Z remote: Compressing objects:  54% (617/1141)        
2022-08-14T08:46:55.9629895Z remote: Compressing objects:  55% (628/1141)        
2022-08-14T08:46:55.9675831Z remote: Compressing objects:  56% (639/1141)        
2022-08-14T08:46:55.9734793Z remote: Compressing objects:  57% (651/1141)        
2022-08-14T08:46:55.9795210Z remote: Compressing objects:  58% (662/1141)        
2022-08-14T08:46:55.9798896Z remote: Compressing objects:  59% (674/1141)        
2022-08-14T08:46:55.9807578Z remote: Compressing objects:  60% (685/1141)        
2022-08-14T08:46:55.9816546Z remote: Compressing objects:  61% (697/1141)        
2022-08-14T08:46:55.9828789Z remote: Compressing objects:  62% (708/1141)        
2022-08-14T08:46:55.9846478Z remote: Compressing objects:  63% (719/1141)        
2022-08-14T08:46:55.9853086Z remote: Compressing objects:  64% (731/1141)        
2022-08-14T08:46:55.9863678Z remote: Compressing objects:  65% (742/1141)        
2022-08-14T08:46:55.9873652Z remote: Compressing objects:  66% (754/1141)        
2022-08-14T08:46:55.9883798Z remote: Compressing objects:  67% (765/1141)        
2022-08-14T08:46:55.9901041Z remote: Compressing objects:  68% (776/1141)        
2022-08-14T08:46:55.9955035Z remote: Compressing objects:  69% (788/1141)        
2022-08-14T08:46:55.9955692Z remote: Compressing objects:  70% (799/1141)        
2022-08-14T08:46:55.9956783Z remote: Compressing objects:  71% (811/1141)        
2022-08-14T08:46:55.9960827Z remote: Compressing objects:  72% (822/1141)        
2022-08-14T08:46:55.9996119Z remote: Compressing objects:  73% (833/1141)        
2022-08-14T08:46:55.9999795Z remote: Compressing objects:  74% (845/1141)        
2022-08-14T08:46:56.0005565Z remote: Compressing objects:  75% (856/1141)        
2022-08-14T08:46:56.0010697Z remote: Compressing objects:  76% (868/1141)        
2022-08-14T08:46:56.0016145Z remote: Compressing objects:  77% (879/1141)        
2022-08-14T08:46:56.0024417Z remote: Compressing objects:  78% (890/1141)        
2022-08-14T08:46:56.0040909Z remote: Compressing objects:  79% (902/1141)        
2022-08-14T08:46:56.0064994Z remote: Compressing objects:  80% (913/1141)        
2022-08-14T08:46:56.0093601Z remote: Compressing objects:  81% (925/1141)        
2022-08-14T08:46:56.0114265Z remote: Compressing objects:  82% (936/1141)        
2022-08-14T08:46:56.0125313Z remote: Compressing objects:  83% (948/1141)        
2022-08-14T08:46:56.0134089Z remote: Compressing objects:  84% (959/1141)        
2022-08-14T08:46:56.0142609Z remote: Compressing objects:  85% (970/1141)        
2022-08-14T08:46:56.0158944Z remote: Compressing objects:  86% (982/1141)        
2022-08-14T08:46:56.0163227Z remote: Compressing objects:  87% (993/1141)        
2022-08-14T08:46:56.0168133Z remote: Compressing objects:  88% (1005/1141)        
2022-08-14T08:46:56.0175466Z remote: Compressing objects:  89% (1016/1141)        
2022-08-14T08:46:56.0203686Z remote: Compressing objects:  90% (1027/1141)        
2022-08-14T08:46:56.0207192Z remote: Compressing objects:  91% (1039/1141)        
2022-08-14T08:46:56.0208309Z remote: Compressing objects:  92% (1050/1141)        
2022-08-14T08:46:56.0208979Z remote: Compressing objects:  93% (1062/1141)        
2022-08-14T08:46:56.0210910Z remote: Compressing objects:  94% (1073/1141)        
2022-08-14T08:46:56.0211560Z remote: Compressing objects:  95% (1084/1141)        
2022-08-14T08:46:56.0214628Z remote: Compressing objects:  96% (1096/1141)        
2022-08-14T08:46:56.0215249Z remote: Compressing objects:  97% (1107/1141)        
2022-08-14T08:46:56.0217259Z remote: Compressing objects:  98% (1119/1141)        
2022-08-14T08:46:56.0218404Z remote: Compressing objects:  99% (1130/1141)        
2022-08-14T08:46:56.0219049Z remote: Compressing objects: 100% (1141/1141)        
2022-08-14T08:46:56.0219535Z remote: Compressing objects: 100% (1141/1141), done.        
2022-08-14T08:46:56.0284975Z Receiving objects:   0% (1/1977)
2022-08-14T08:46:56.0315373Z Receiving objects:   1% (20/1977)
2022-08-14T08:46:56.4196491Z Receiving objects:   2% (40/1977)
2022-08-14T08:46:56.4202492Z Receiving objects:   3% (60/1977)
2022-08-14T08:46:56.4206108Z Receiving objects:   4% (80/1977)
2022-08-14T08:46:56.4208945Z Receiving objects:   5% (99/1977)
2022-08-14T08:46:56.4211498Z Receiving objects:   6% (119/1977)
2022-08-14T08:46:56.4212037Z Receiving objects:   7% (139/1977)
2022-08-14T08:46:56.4216140Z Receiving objects:   8% (159/1977)
2022-08-14T08:46:56.4219871Z Receiving objects:   9% (178/1977)
2022-08-14T08:46:56.4222671Z Receiving objects:  10% (198/1977)
2022-08-14T08:46:56.4225471Z Receiving objects:  11% (218/1977)
2022-08-14T08:46:56.4228189Z Receiving objects:  12% (238/1977)
2022-08-14T08:46:56.4231124Z Receiving objects:  13% (258/1977)
2022-08-14T08:46:56.4233453Z Receiving objects:  14% (277/1977)
2022-08-14T08:46:56.4235438Z Receiving objects:  15% (297/1977)
2022-08-14T08:46:56.4237969Z Receiving objects:  16% (317/1977)
2022-08-14T08:46:56.4238549Z Receiving objects:  17% (337/1977)
2022-08-14T08:46:56.4241606Z Receiving objects:  18% (356/1977)
2022-08-14T08:46:56.4243532Z Receiving objects:  19% (376/1977)
2022-08-14T08:46:56.4246199Z Receiving objects:  20% (396/1977)
2022-08-14T08:46:56.4248326Z Receiving objects:  21% (416/1977)
2022-08-14T08:46:56.4250066Z Receiving objects:  22% (435/1977)
2022-08-14T08:46:56.4252824Z Receiving objects:  23% (455/1977)
2022-08-14T08:46:56.4253459Z Receiving objects:  24% (475/1977)
2022-08-14T08:46:56.4255866Z Receiving objects:  25% (495/1977)
2022-08-14T08:46:56.4258361Z Receiving objects:  26% (515/1977)
2022-08-14T08:46:56.4260521Z Receiving objects:  27% (534/1977)
2022-08-14T08:46:56.4262797Z Receiving objects:  28% (554/1977)
2022-08-14T08:46:56.4263512Z Receiving objects:  29% (574/1977)
2022-08-14T08:46:56.4266476Z Receiving objects:  30% (594/1977)
2022-08-14T08:46:56.4270145Z Receiving objects:  31% (613/1977)
2022-08-14T08:46:56.4270758Z Receiving objects:  32% (633/1977)
2022-08-14T08:46:56.4273807Z Receiving objects:  33% (653/1977)
2022-08-14T08:46:56.4281327Z Receiving objects:  34% (673/1977)
2022-08-14T08:46:56.4281995Z Receiving objects:  35% (692/1977)
2022-08-14T08:46:56.4282615Z Receiving objects:  36% (712/1977)
2022-08-14T08:46:56.4288357Z Receiving objects:  37% (732/1977)
2022-08-14T08:46:56.4289122Z Receiving objects:  38% (752/1977)
2022-08-14T08:46:56.4289845Z Receiving objects:  39% (772/1977)
2022-08-14T08:46:56.4290514Z Receiving objects:  40% (791/1977)
2022-08-14T08:46:56.4291348Z Receiving objects:  41% (811/1977)
2022-08-14T08:46:56.4293637Z Receiving objects:  42% (831/1977)
2022-08-14T08:46:56.4302585Z Receiving objects:  43% (851/1977)
2022-08-14T08:46:56.4313823Z Receiving objects:  44% (870/1977)
2022-08-14T08:46:56.4322498Z Receiving objects:  45% (890/1977)
2022-08-14T08:46:56.4330730Z Receiving objects:  46% (910/1977)
2022-08-14T08:46:56.4337551Z Receiving objects:  47% (930/1977)
2022-08-14T08:46:56.4342539Z Receiving objects:  48% (949/1977)
2022-08-14T08:46:56.4347273Z Receiving objects:  49% (969/1977)
2022-08-14T08:46:56.4351723Z Receiving objects:  50% (989/1977)
2022-08-14T08:46:56.4360510Z Receiving objects:  51% (1009/1977)
2022-08-14T08:46:56.4370450Z Receiving objects:  52% (1029/1977)
2022-08-14T08:46:56.4375533Z Receiving objects:  53% (1048/1977)
2022-08-14T08:46:56.4386500Z Receiving objects:  54% (1068/1977)
2022-08-14T08:46:56.4390987Z Receiving objects:  55% (1088/1977)
2022-08-14T08:46:56.4400461Z Receiving objects:  56% (1108/1977)
2022-08-14T08:46:56.4412962Z Receiving objects:  57% (1127/1977)
2022-08-14T08:46:56.4422111Z Receiving objects:  58% (1147/1977)
2022-08-14T08:46:56.4441011Z Receiving objects:  59% (1167/1977)
2022-08-14T08:46:56.4446463Z Receiving objects:  60% (1187/1977)
2022-08-14T08:46:56.4453699Z Receiving objects:  61% (1206/1977)
2022-08-14T08:46:56.4454135Z Receiving objects:  62% (1226/1977)
2022-08-14T08:46:56.4457985Z Receiving objects:  63% (1246/1977)
2022-08-14T08:46:56.4466555Z Receiving objects:  64% (1266/1977)
2022-08-14T08:46:56.4485536Z Receiving objects:  65% (1286/1977)
2022-08-14T08:46:56.4496510Z Receiving objects:  66% (1305/1977)
2022-08-14T08:46:56.4501891Z Receiving objects:  67% (1325/1977)
2022-08-14T08:46:56.4505066Z Receiving objects:  68% (1345/1977)
2022-08-14T08:46:56.4508215Z Receiving objects:  69% (1365/1977)
2022-08-14T08:46:56.4516763Z Receiving objects:  70% (1384/1977)
2022-08-14T08:46:56.4524687Z Receiving objects:  71% (1404/1977)
2022-08-14T08:46:56.4528138Z Receiving objects:  72% (1424/1977)
2022-08-14T08:46:56.4532333Z Receiving objects:  73% (1444/1977)
2022-08-14T08:46:56.4533321Z Receiving objects:  74% (1463/1977)
2022-08-14T08:46:56.4537789Z Receiving objects:  75% (1483/1977)
2022-08-14T08:46:56.4538725Z Receiving objects:  76% (1503/1977)
2022-08-14T08:46:56.4542455Z Receiving objects:  77% (1523/1977)
2022-08-14T08:46:56.4545155Z Receiving objects:  78% (1543/1977)
2022-08-14T08:46:56.4548412Z Receiving objects:  79% (1562/1977)
2022-08-14T08:46:56.4552284Z Receiving objects:  80% (1582/1977)
2022-08-14T08:46:56.4555621Z Receiving objects:  81% (1602/1977)
2022-08-14T08:46:56.4558202Z Receiving objects:  82% (1622/1977)
2022-08-14T08:46:56.4562190Z Receiving objects:  83% (1641/1977)
2022-08-14T08:46:56.4567467Z Receiving objects:  84% (1661/1977)
2022-08-14T08:46:56.4570032Z Receiving objects:  85% (1681/1977)
2022-08-14T08:46:56.4574367Z Receiving objects:  86% (1701/1977)
2022-08-14T08:46:56.4579380Z Receiving objects:  87% (1720/1977)
2022-08-14T08:46:56.4582894Z Receiving objects:  88% (1740/1977)
2022-08-14T08:46:56.4587211Z Receiving objects:  89% (1760/1977)
2022-08-14T08:46:56.4591621Z Receiving objects:  90% (1780/1977)
2022-08-14T08:46:56.4594180Z Receiving objects:  91% (1800/1977)
2022-08-14T08:46:56.4597737Z Receiving objects:  92% (1819/1977)
2022-08-14T08:46:56.4600470Z Receiving objects:  93% (1839/1977)
2022-08-14T08:46:56.4604842Z Receiving objects:  94% (1859/1977)
2022-08-14T08:46:56.4612780Z Receiving objects:  95% (1879/1977)
2022-08-14T08:46:56.4843215Z Receiving objects:  96% (1898/1977)
2022-08-14T08:46:56.5605705Z Receiving objects:  97% (1918/1977)
2022-08-14T08:46:56.5641793Z Receiving objects:  98% (1938/1977), 17.82 MiB | 35.62 MiB/s
2022-08-14T08:46:56.5698383Z Receiving objects:  99% (1958/1977), 17.82 MiB | 35.62 MiB/s
2022-08-14T08:46:56.5699087Z remote: Total 1977 (delta 968), reused 1269 (delta 827), pack-reused 0        
2022-08-14T08:46:56.5745598Z Receiving objects: 100% (1977/1977), 17.82 MiB | 35.62 MiB/s
2022-08-14T08:46:56.5745920Z Receiving objects: 100% (1977/1977), 18.29 MiB | 33.88 MiB/s, done.
2022-08-14T08:46:56.5746214Z Resolving deltas:   0% (0/968)
2022-08-14T08:46:56.5833643Z Resolving deltas:   1% (10/968)
2022-08-14T08:46:56.5833982Z Resolving deltas:   2% (20/968)
2022-08-14T08:46:56.5834262Z Resolving deltas:   3% (30/968)
2022-08-14T08:46:56.5834676Z Resolving deltas:   4% (39/968)
2022-08-14T08:46:56.5834917Z Resolving deltas:   5% (49/968)
2022-08-14T08:46:56.5835169Z Resolving deltas:   6% (59/968)
2022-08-14T08:46:56.5835424Z Resolving deltas:   7% (68/968)
2022-08-14T08:46:56.5835663Z Resolving deltas:   8% (78/968)
2022-08-14T08:46:56.5835915Z Resolving deltas:   9% (88/968)
2022-08-14T08:46:56.5836167Z Resolving deltas:  10% (97/968)
2022-08-14T08:46:56.5836408Z Resolving deltas:  11% (107/968)
2022-08-14T08:46:56.5836666Z Resolving deltas:  12% (117/968)
2022-08-14T08:46:56.5836924Z Resolving deltas:  13% (126/968)
2022-08-14T08:46:56.5837353Z Resolving deltas:  14% (136/968)
2022-08-14T08:46:56.5837609Z Resolving deltas:  15% (146/968)
2022-08-14T08:46:56.5837881Z Resolving deltas:  16% (155/968)
2022-08-14T08:46:56.5838119Z Resolving deltas:  17% (165/968)
2022-08-14T08:46:56.5838366Z Resolving deltas:  18% (175/968)
2022-08-14T08:46:56.5838621Z Resolving deltas:  19% (184/968)
2022-08-14T08:46:56.5847033Z Resolving deltas:  20% (194/968)
2022-08-14T08:46:56.5847370Z Resolving deltas:  21% (204/968)
2022-08-14T08:46:56.5847628Z Resolving deltas:  22% (213/968)
2022-08-14T08:46:56.5847883Z Resolving deltas:  23% (223/968)
2022-08-14T08:46:56.5848125Z Resolving deltas:  24% (233/968)
2022-08-14T08:46:56.5848377Z Resolving deltas:  25% (242/968)
2022-08-14T08:46:56.5848648Z Resolving deltas:  26% (252/968)
2022-08-14T08:46:56.5848891Z Resolving deltas:  27% (262/968)
2022-08-14T08:46:56.5849176Z Resolving deltas:  28% (272/968)
2022-08-14T08:46:56.5849416Z Resolving deltas:  29% (281/968)
2022-08-14T08:46:56.5849664Z Resolving deltas:  30% (291/968)
2022-08-14T08:46:56.5849916Z Resolving deltas:  31% (301/968)
2022-08-14T08:46:56.5850154Z Resolving deltas:  32% (310/968)
2022-08-14T08:46:56.5873672Z Resolving deltas:  33% (320/968)
2022-08-14T08:46:56.5875431Z Resolving deltas:  34% (330/968)
2022-08-14T08:46:56.5875836Z Resolving deltas:  35% (339/968)
2022-08-14T08:46:56.5876107Z Resolving deltas:  36% (349/968)
2022-08-14T08:46:56.5876370Z Resolving deltas:  37% (359/968)
2022-08-14T08:46:56.5876623Z Resolving deltas:  38% (368/968)
2022-08-14T08:46:56.5876878Z Resolving deltas:  39% (378/968)
2022-08-14T08:46:56.5877903Z Resolving deltas:  40% (388/968)
2022-08-14T08:46:56.5880056Z Resolving deltas:  41% (397/968)
2022-08-14T08:46:56.5881839Z Resolving deltas:  42% (407/968)
2022-08-14T08:46:56.5883629Z Resolving deltas:  43% (418/968)
2022-08-14T08:46:56.5885283Z Resolving deltas:  44% (426/968)
2022-08-14T08:46:56.5887230Z Resolving deltas:  45% (436/968)
2022-08-14T08:46:56.5888547Z Resolving deltas:  46% (446/968)
2022-08-14T08:46:56.5890721Z Resolving deltas:  47% (455/968)
2022-08-14T08:46:56.5892861Z Resolving deltas:  48% (465/968)
2022-08-14T08:46:56.5895674Z Resolving deltas:  49% (475/968)
2022-08-14T08:46:56.5898039Z Resolving deltas:  50% (484/968)
2022-08-14T08:46:56.5900576Z Resolving deltas:  51% (494/968)
2022-08-14T08:46:56.5902228Z Resolving deltas:  52% (504/968)
2022-08-14T08:46:56.5904223Z Resolving deltas:  53% (514/968)
2022-08-14T08:46:56.5905535Z Resolving deltas:  54% (523/968)
2022-08-14T08:46:56.5907585Z Resolving deltas:  55% (533/968)
2022-08-14T08:46:56.5909492Z Resolving deltas:  56% (543/968)
2022-08-14T08:46:56.5912198Z Resolving deltas:  57% (552/968)
2022-08-14T08:46:56.5916150Z Resolving deltas:  58% (562/968)
2022-08-14T08:46:56.5919695Z Resolving deltas:  59% (572/968)
2022-08-14T08:46:56.5922092Z Resolving deltas:  60% (581/968)
2022-08-14T08:46:56.5923677Z Resolving deltas:  61% (591/968)
2022-08-14T08:46:56.5926321Z Resolving deltas:  62% (601/968)
2022-08-14T08:46:56.5941252Z Resolving deltas:  63% (610/968)
2022-08-14T08:46:56.5947038Z Resolving deltas:  64% (620/968)
2022-08-14T08:46:56.5951559Z Resolving deltas:  65% (630/968)
2022-08-14T08:46:56.5955155Z Resolving deltas:  66% (639/968)
2022-08-14T08:46:56.5959792Z Resolving deltas:  67% (649/968)
2022-08-14T08:46:56.5961870Z Resolving deltas:  68% (659/968)
2022-08-14T08:46:56.5970817Z Resolving deltas:  69% (668/968)
2022-08-14T08:46:56.5971262Z Resolving deltas:  70% (678/968)
2022-08-14T08:46:56.5971626Z Resolving deltas:  71% (688/968)
2022-08-14T08:46:56.5976928Z Resolving deltas:  72% (697/968)
2022-08-14T08:46:56.5980497Z Resolving deltas:  73% (707/968)
2022-08-14T08:46:56.5982546Z Resolving deltas:  74% (717/968)
2022-08-14T08:46:56.5984906Z Resolving deltas:  75% (726/968)
2022-08-14T08:46:56.5988486Z Resolving deltas:  76% (736/968)
2022-08-14T08:46:56.5993224Z Resolving deltas:  77% (746/968)
2022-08-14T08:46:56.6007875Z Resolving deltas:  78% (756/968)
2022-08-14T08:46:56.6008270Z Resolving deltas:  79% (765/968)
2022-08-14T08:46:56.6008690Z Resolving deltas:  80% (775/968)
2022-08-14T08:46:56.6008980Z Resolving deltas:  81% (785/968)
2022-08-14T08:46:56.6009328Z Resolving deltas:  82% (794/968)
2022-08-14T08:46:56.6009660Z Resolving deltas:  83% (804/968)
2022-08-14T08:46:56.6011547Z Resolving deltas:  84% (814/968)
2022-08-14T08:46:56.6014363Z Resolving deltas:  85% (823/968)
2022-08-14T08:46:56.6040664Z Resolving deltas:  86% (833/968)
2022-08-14T08:46:56.6041185Z Resolving deltas:  87% (843/968)
2022-08-14T08:46:56.6042644Z Resolving deltas:  88% (852/968)
2022-08-14T08:46:56.6044774Z Resolving deltas:  89% (862/968)
2022-08-14T08:46:56.6046659Z Resolving deltas:  90% (872/968)
2022-08-14T08:46:56.6048901Z Resolving deltas:  91% (881/968)
2022-08-14T08:46:56.6052123Z Resolving deltas:  92% (891/968)
2022-08-14T08:46:56.6055092Z Resolving deltas:  93% (901/968)
2022-08-14T08:46:56.6058185Z Resolving deltas:  94% (910/968)
2022-08-14T08:46:56.6061791Z Resolving deltas:  95% (920/968)
2022-08-14T08:46:56.6063858Z Resolving deltas:  96% (930/968)
2022-08-14T08:46:56.6067367Z Resolving deltas:  97% (939/968)
2022-08-14T08:46:56.6070909Z Resolving deltas:  98% (949/968)
2022-08-14T08:46:56.6082984Z Resolving deltas:  99% (959/968)
2022-08-14T08:46:56.6093338Z Resolving deltas: 100% (968/968)
2022-08-14T08:46:56.6093735Z Resolving deltas: 100% (968/968), done.
2022-08-14T08:46:56.6556323Z From https://github.com/Grasscutters/Grasscutter
2022-08-14T08:46:56.6557629Z  * [new ref]         fd121ca6b2c07da4b8ab5568cb8a1fbb5ed3f247 -> pull/1606/merge
2022-08-14T08:46:56.6585198Z ##[endgroup]
2022-08-14T08:46:56.6586305Z ##[group]Determining the checkout info
2022-08-14T08:46:56.6587230Z ##[endgroup]
2022-08-14T08:46:56.6674713Z ##[group]Checking out the ref
2022-08-14T08:46:56.6675553Z [command]/usr/bin/git checkout --progress --force refs/remotes/pull/1606/merge
2022-08-14T08:46:56.8526206Z Note: switching to 'refs/remotes/pull/1606/merge'.
2022-08-14T08:46:56.8526493Z 
2022-08-14T08:46:56.8526847Z You are in 'detached HEAD' state. You can look around, make experimental
2022-08-14T08:46:56.8527342Z changes and commit them, and you can discard any commits you make in this
2022-08-14T08:46:56.8527998Z state without impacting any branches by switching back to a branch.
2022-08-14T08:46:56.8528270Z 
2022-08-14T08:46:56.8528493Z If you want to create a new branch to retain commits you create, you may
2022-08-14T08:46:56.8529107Z do so (now or later) by using -c with the switch command. Example:
2022-08-14T08:46:56.8529356Z 
2022-08-14T08:46:56.8529539Z   git switch -c <new-branch-name>
2022-08-14T08:46:56.8529752Z 
2022-08-14T08:46:56.8529898Z Or undo this operation with:
2022-08-14T08:46:56.8530090Z 
2022-08-14T08:46:56.8530234Z   git switch -
2022-08-14T08:46:56.8530408Z 
2022-08-14T08:46:56.8530677Z Turn off this advice by setting config variable advice.detachedHead to false
2022-08-14T08:46:56.8530944Z 
2022-08-14T08:46:56.8531192Z HEAD is now at fd121ca Merge b0cbce4c3c0e4269ef01d5653e91bea8d42b348b into 7b28eafddc63d6550dc47966d0883e6ce7fcac62
2022-08-14T08:46:56.8554580Z ##[endgroup]
2022-08-14T08:46:56.8604072Z [command]/usr/bin/git log -1 --format='%H'
2022-08-14T08:46:56.8627847Z 'fd121ca6b2c07da4b8ab5568cb8a1fbb5ed3f247'
2022-08-14T08:46:56.8969111Z ##[group]Run actions/setup-java@v3
2022-08-14T08:46:56.8969410Z with:
2022-08-14T08:46:56.8969672Z   distribution: temurin
2022-08-14T08:46:56.8969963Z   java-version: 17
2022-08-14T08:46:56.8970192Z   java-package: jdk
2022-08-14T08:46:56.8970468Z   architecture: x64
2022-08-14T08:46:56.8970772Z   check-latest: false
2022-08-14T08:46:56.8971163Z   server-id: github
2022-08-14T08:46:56.8971502Z   server-username: GITHUB_ACTOR
2022-08-14T08:46:56.8971865Z   server-password: GITHUB_TOKEN
2022-08-14T08:46:56.8972158Z   overwrite-settings: true
2022-08-14T08:46:56.8972516Z   job-status: success
2022-08-14T08:46:56.8972830Z ##[endgroup]
2022-08-14T08:46:57.1234872Z Resolved Java 17.0.4+8 from tool-cache
2022-08-14T08:46:57.1235507Z Setting Java 17.0.4+8 as the default
2022-08-14T08:46:57.1248266Z 
2022-08-14T08:46:57.1249571Z Java configuration:
2022-08-14T08:46:57.1249879Z   Distribution: temurin
2022-08-14T08:46:57.1250311Z   Version: 17.0.4+8
2022-08-14T08:46:57.1299356Z   Path: /opt/hostedtoolcache/Java_Temurin-Hotspot_jdk/17.0.4-8/x64
2022-08-14T08:46:57.1349739Z 
2022-08-14T08:46:57.1376915Z Creating settings.xml with server-id: github
2022-08-14T08:46:57.1397255Z Writing to /home/runner/.m2/settings.xml
2022-08-14T08:46:57.4747162Z ##[group]Run actions/cache@v2
2022-08-14T08:46:57.4747435Z with:
2022-08-14T08:46:57.4747753Z   path: ~/.gradle/caches
~/.gradle/wrapper
./.gradle/loom-cache

2022-08-14T08:46:57.4748215Z   key: Linux-gradle-2355fe6516f539bd2a3763038088405b84a029bff707114c068934c41dbbc1f6
2022-08-14T08:46:57.4748635Z   restore-keys: Linux-gradle-

2022-08-14T08:46:57.4748914Z env:
2022-08-14T08:46:57.4749239Z   JAVA_HOME: /opt/hostedtoolcache/Java_Temurin-Hotspot_jdk/17.0.4-8/x64
2022-08-14T08:46:57.4749653Z ##[endgroup]
2022-08-14T08:46:59.0553029Z Received 155189248 of 265442794 (58.5%), 147.7 MBs/sec
2022-08-14T08:46:59.9578352Z Received 265442794 of 265442794 (100.0%), 132.9 MBs/sec
2022-08-14T08:46:59.9584154Z Cache Size: ~253 MB (265442794 B)
2022-08-14T08:46:59.9608586Z [command]/usr/bin/tar --use-compress-program zstd -d -xf /home/runner/work/_temp/9187781f-6064-4091-816b-6826205a384f/cache.tzst -P -C /home/runner/work/Grasscutter/Grasscutter
2022-08-14T08:47:00.6614189Z Cache restored successfully
2022-08-14T08:47:00.7044833Z 
2022-08-14T08:47:00.7048999Z Cache restored from key: Linux-gradle-2355fe6516f539bd2a3763038088405b84a029bff707114c068934c41dbbc1f6
2022-08-14T08:47:00.7287356Z ##[group]Run ./gradlew && ./gradlew jar
2022-08-14T08:47:00.7287730Z [36;1m./gradlew && ./gradlew jar[0m
2022-08-14T08:47:00.7353947Z shell: /usr/bin/bash -e {0}
2022-08-14T08:47:00.7354218Z env:
2022-08-14T08:47:00.7354546Z   JAVA_HOME: /opt/hostedtoolcache/Java_Temurin-Hotspot_jdk/17.0.4-8/x64
2022-08-14T08:47:00.7354881Z ##[endgroup]
2022-08-14T08:47:01.5829031Z 
2022-08-14T08:47:01.5829869Z Welcome to Gradle 7.4.2!
2022-08-14T08:47:01.5830087Z 
2022-08-14T08:47:01.5830263Z Here are the highlights of this release:
2022-08-14T08:47:01.5831807Z  - Aggregated test and JaCoCo reports
2022-08-14T08:47:01.5832264Z  - Marking additional test source directories as tests in IntelliJ
2022-08-14T08:47:01.5832720Z  - Support for Adoptium JDKs in Java toolchains
2022-08-14T08:47:01.5832904Z 
2022-08-14T08:47:01.5833240Z For more details see https://docs.gradle.org/7.4.2/release-notes.html
2022-08-14T08:47:01.5833483Z 
2022-08-14T08:47:01.7742245Z Starting a Gradle Daemon (subsequent builds will be faster)
2022-08-14T08:47:07.7745378Z 
2022-08-14T08:47:07.7765516Z > Configure project :
2022-08-14T08:47:07.7766517Z Publishing to 4benj-maven
2022-08-14T08:47:08.5669631Z 
2022-08-14T08:47:08.5673748Z > Task :help
2022-08-14T08:47:08.5676733Z 
2022-08-14T08:47:08.5682150Z Welcome to Gradle 7.4.2.
2022-08-14T08:47:08.5682347Z 
2022-08-14T08:47:08.5685131Z To run a build, run gradlew <task> ...
2022-08-14T08:47:08.5686556Z 
2022-08-14T08:47:08.5691841Z To see a list of available tasks, run gradlew tasks
2022-08-14T08:47:08.5694748Z 
2022-08-14T08:47:08.5708043Z To see more detail about a task, run gradlew help --task <task>
2022-08-14T08:47:08.5708325Z 
2022-08-14T08:47:08.5708617Z To see a list of command-line options, run gradlew --help
2022-08-14T08:47:08.5708845Z 
2022-08-14T08:47:08.5709148Z For more detail on using Gradle, see https://docs.gradle.org/7.4.2/userguide/command_line_interface.html
2022-08-14T08:47:08.5709458Z 
2022-08-14T08:47:08.5709666Z For troubleshooting, visit https://help.gradle.org
2022-08-14T08:47:08.5709898Z 
2022-08-14T08:47:08.5710020Z BUILD SUCCESSFUL in 7s
2022-08-14T08:47:08.5710292Z 1 actionable task: 1 executed
2022-08-14T08:47:09.8430106Z 
2022-08-14T08:47:09.8430600Z > Configure project :
2022-08-14T08:47:09.8431287Z Publishing to 4benj-maven
2022-08-14T08:47:10.7379365Z 
2022-08-14T08:47:10.7380009Z > Task :extractIncludeProto
2022-08-14T08:47:11.2415517Z > Task :extractProto
2022-08-14T08:47:13.4376934Z > Task :generateProto
2022-08-14T08:47:43.4379115Z > Task :compileJava
2022-08-14T08:47:59.8380464Z /home/runner/work/Grasscutter/Grasscutter/src/main/java/emu/grasscutter/Grasscutter.java:275: warning: [removal] getGsonFactory() in JsonUtils has been deprecated and marked for removal
2022-08-14T08:47:59.8388648Z         return JsonUtils.getGsonFactory();
2022-08-14T08:47:59.8389119Z                         ^
2022-08-14T08:48:11.2402144Z /home/runner/work/Grasscutter/Grasscutter/src/main/java/emu/grasscutter/game/managers/blossom/BlossomManager.java:86: error: variable activity is already defined in method initBlossom(EntityGadget)
2022-08-14T08:48:11.2402965Z                 for (BlossomActivity activity : this.blossomActivities) {
2022-08-14T08:48:11.2403381Z                                      ^
2022-08-14T08:48:26.6377991Z Note: Some input files use or override a deprecated API.
2022-08-14T08:48:26.6379211Z Note: Recompile with -Xlint:deprecation for details.
2022-08-14T08:48:26.6394111Z Note: Some input files use unchecked or unsafe operations.
2022-08-14T08:48:26.6395395Z Note: Recompile with -Xlint:unchecked for details.
2022-08-14T08:48:26.6395766Z 1 error
2022-08-14T08:48:26.6395979Z 1 warning
2022-08-14T08:48:26.8378427Z 
2022-08-14T08:48:26.8378498Z 
2022-08-14T08:48:26.8379449Z FAILURE: Build failed with an exception.
2022-08-14T08:48:26.8379700Z 
2022-08-14T08:48:26.8379819Z * What went wrong:
2022-08-14T08:48:26.8380435Z Execution failed for task ':compileJava'.
2022-08-14T08:48:26.8380770Z > Task :compileJava FAILED
2022-08-14T08:48:26.8395000Z > Compilation failed; see the compiler error output for details.
2022-08-14T08:48:26.8395383Z 4 actionable tasks: 4 executed
2022-08-14T08:48:26.8395831Z 
2022-08-14T08:48:26.8396091Z * Try:
2022-08-14T08:48:26.8396845Z > Run with --stacktrace option to get the stack trace.
2022-08-14T08:48:26.8397891Z > Run with --info or --debug option to get more log output.
2022-08-14T08:48:26.8398346Z > Run with --scan to get full insights.
2022-08-14T08:48:26.8398535Z 
2022-08-14T08:48:26.8398701Z * Get more help at https://help.gradle.org
2022-08-14T08:48:26.8398897Z 
2022-08-14T08:48:26.8399272Z BUILD FAILED in 1m 17s
2022-08-14T08:48:27.0372203Z ##[error]Process completed with exit code 1.
2022-08-14T08:48:27.0440605Z Post job cleanup.
2022-08-14T08:48:27.2326649Z Post job cleanup.
2022-08-14T08:48:27.3700987Z [command]/usr/bin/git version
2022-08-14T08:48:27.3753082Z git version 2.37.1
2022-08-14T08:48:27.3802439Z Temporarily overriding HOME='/home/runner/work/_temp/a2981d7d-3469-488e-b1ae-57b3efa9cecc' before making global git config changes
2022-08-14T08:48:27.3803579Z Adding repository directory to the temporary git global config as a safe directory
2022-08-14T08:48:27.3808393Z [command]/usr/bin/git config --global --add safe.directory /home/runner/work/Grasscutter/Grasscutter
2022-08-14T08:48:27.3851908Z [command]/usr/bin/git config --local --name-only --get-regexp core\.sshCommand
2022-08-14T08:48:27.3890052Z [command]/usr/bin/git submodule foreach --recursive git config --local --name-only --get-regexp 'core\.sshCommand' && git config --local --unset-all 'core.sshCommand' || :
2022-08-14T08:48:27.4144184Z [command]/usr/bin/git config --local --name-only --get-regexp http\.https\:\/\/github\.com\/\.extraheader
2022-08-14T08:48:27.4174286Z http.https://github.com/.extraheader
2022-08-14T08:48:27.4186848Z [command]/usr/bin/git config --local --unset-all http.https://github.com/.extraheader
2022-08-14T08:48:27.4225652Z [command]/usr/bin/git submodule foreach --recursive git config --local --name-only --get-regexp 'http\.https\:\/\/github\.com\/\.extraheader' && git config --local --unset-all 'http.https://github.com/.extraheader' || :
2022-08-14T08:48:27.4754508Z Cleaning up orphan processes
2022-08-14T08:48:27.5111463Z Terminate orphan process: pid (1830) (java)
