2022-08-14T08:48:25.4834603Z Requested labels: ubuntu-latest
2022-08-14T08:48:25.4834652Z Job defined at: Grasscutters/Grasscutter/.github/workflows/build.yml@refs/pull/1606/merge
2022-08-14T08:48:25.4834677Z Waiting for a runner to pick up this job...
2022-08-14T08:48:25.8145331Z Job is waiting for a hosted runner to come online.
2022-08-14T08:48:29.9932630Z Job is about to start running on the hosted runner: GitHub Actions 2 (hosted)
2022-08-14T08:48:31.9067457Z Current runner version: '2.294.0'
2022-08-14T08:48:31.9094412Z ##[group]Operating System
2022-08-14T08:48:31.9095128Z Ubuntu
2022-08-14T08:48:31.9095422Z 20.04.4
2022-08-14T08:48:31.9095658Z LTS
2022-08-14T08:48:31.9095956Z ##[endgroup]
2022-08-14T08:48:31.9096353Z ##[group]Virtual Environment
2022-08-14T08:48:31.9096733Z Environment: ubuntu-20.04
2022-08-14T08:48:31.9097028Z Version: 20220807.1
2022-08-14T08:48:31.9097562Z Included Software: https://github.com/actions/virtual-environments/blob/ubuntu20/20220807.1/images/linux/Ubuntu2004-Readme.md
2022-08-14T08:48:31.9098256Z Image Release: https://github.com/actions/virtual-environments/releases/tag/ubuntu20%2F20220807.1
2022-08-14T08:48:31.9098712Z ##[endgroup]
2022-08-14T08:48:31.9099075Z ##[group]Virtual Environment Provisioner
2022-08-14T08:48:31.9099448Z 1.0.0.0-main-20220805-2
2022-08-14T08:48:31.9099718Z ##[endgroup]
2022-08-14T08:48:31.9100732Z ##[group]GITHUB_TOKEN Permissions
2022-08-14T08:48:31.9101321Z Actions: read
2022-08-14T08:48:31.9101799Z Checks: read
2022-08-14T08:48:31.9102164Z Contents: read
2022-08-14T08:48:31.9102532Z Deployments: read
2022-08-14T08:48:31.9102867Z Discussions: read
2022-08-14T08:48:31.9103136Z Issues: read
2022-08-14T08:48:31.9103454Z Metadata: read
2022-08-14T08:48:31.9103797Z Packages: read
2022-08-14T08:48:31.9104064Z Pages: read
2022-08-14T08:48:31.9104383Z PullRequests: read
2022-08-14T08:48:31.9104747Z RepositoryProjects: read
2022-08-14T08:48:31.9105062Z SecurityEvents: read
2022-08-14T08:48:31.9105416Z Statuses: read
2022-08-14T08:48:31.9105732Z ##[endgroup]
2022-08-14T08:48:31.9109261Z Secret source: None
2022-08-14T08:48:31.9109836Z Prepare workflow directory
2022-08-14T08:48:31.9963637Z Prepare all required actions
2022-08-14T08:48:32.0146551Z Getting action download info
2022-08-14T08:48:32.3935102Z Download action repository 'actions/checkout@v3' (SHA:2541b1294d2704b0964813337f33b291d3f8596b)
2022-08-14T08:48:32.8130474Z Download action repository 'actions/setup-java@v3' (SHA:2c7a4878f5d120bd643426d54ae1209b29cc01a3)
2022-08-14T08:48:33.1583315Z Download action repository 'actions/cache@v2' (SHA:937d24475381cd9c75ae6db12cb4e79714b926ed)
2022-08-14T08:48:33.4297477Z Download action repository 'actions/upload-artifact@v3' (SHA:3cea5372237819ed00197afe530f5a7ea3e805c8)
2022-08-14T08:48:33.8707861Z ##[group]Run actions/checkout@v3
2022-08-14T08:48:33.8708226Z with:
2022-08-14T08:48:33.8708473Z   repository: Grasscutters/Grasscutter
2022-08-14T08:48:33.8708984Z   token: ***
2022-08-14T08:48:33.8709180Z   ssh-strict: true
2022-08-14T08:48:33.8709427Z   persist-credentials: true
2022-08-14T08:48:33.8709659Z   clean: true
2022-08-14T08:48:33.8709847Z   fetch-depth: 1
2022-08-14T08:48:33.8710063Z   lfs: false
2022-08-14T08:48:33.8710262Z   submodules: false
2022-08-14T08:48:33.8710491Z   set-safe-directory: true
2022-08-14T08:48:33.8710726Z ##[endgroup]
2022-08-14T08:48:34.1358461Z Syncing repository: Grasscutters/Grasscutter
2022-08-14T08:48:34.1360306Z ##[group]Getting Git version info
2022-08-14T08:48:34.1360935Z Working directory is '/home/runner/work/Grasscutter/Grasscutter'
2022-08-14T08:48:34.1361512Z [command]/usr/bin/git version
2022-08-14T08:48:34.1460597Z git version 2.37.1
2022-08-14T08:48:34.1489299Z ##[endgroup]
2022-08-14T08:48:34.1509902Z Temporarily overriding HOME='/home/runner/work/_temp/4589d9a8-0a39-476d-973b-89655e015f3e' before making global git config changes
2022-08-14T08:48:34.1510394Z Adding repository directory to the temporary git global config as a safe directory
2022-08-14T08:48:34.1510965Z [command]/usr/bin/git config --global --add safe.directory /home/runner/work/Grasscutter/Grasscutter
2022-08-14T08:48:34.1556019Z Deleting the contents of '/home/runner/work/Grasscutter/Grasscutter'
2022-08-14T08:48:34.1559826Z ##[group]Initializing the repository
2022-08-14T08:48:34.1563196Z [command]/usr/bin/git init /home/runner/work/Grasscutter/Grasscutter
2022-08-14T08:48:34.1626827Z hint: Using 'master' as the name for the initial branch. This default branch name
2022-08-14T08:48:34.1627601Z hint: is subject to change. To configure the initial branch name to use in all
2022-08-14T08:48:34.1628523Z hint: of your new repositories, which will suppress this warning, call:
2022-08-14T08:48:34.1629297Z hint: 
2022-08-14T08:48:34.1629954Z hint: 	git config --global init.defaultBranch <name>
2022-08-14T08:48:34.1630224Z hint: 
2022-08-14T08:48:34.1630584Z hint: Names commonly chosen instead of 'master' are 'main', 'trunk' and
2022-08-14T08:48:34.1631066Z hint: 'development'. The just-created branch can be renamed via this command:
2022-08-14T08:48:34.1631354Z hint: 
2022-08-14T08:48:34.1631624Z hint: 	git branch -m <name>
2022-08-14T08:48:34.1642135Z Initialized empty Git repository in /home/runner/work/Grasscutter/Grasscutter/.git/
2022-08-14T08:48:34.1653422Z [command]/usr/bin/git remote add origin https://github.com/Grasscutters/Grasscutter
2022-08-14T08:48:34.1702585Z ##[endgroup]
2022-08-14T08:48:34.1703088Z ##[group]Disabling automatic garbage collection
2022-08-14T08:48:34.1711049Z [command]/usr/bin/git config --local gc.auto 0
2022-08-14T08:48:34.1747639Z ##[endgroup]
2022-08-14T08:48:34.1748701Z ##[group]Setting up auth
2022-08-14T08:48:34.1760072Z [command]/usr/bin/git config --local --name-only --get-regexp core\.sshCommand
2022-08-14T08:48:34.1798340Z [command]/usr/bin/git submodule foreach --recursive git config --local --name-only --get-regexp 'core\.sshCommand' && git config --local --unset-all 'core.sshCommand' || :
2022-08-14T08:48:34.2161002Z [command]/usr/bin/git config --local --name-only --get-regexp http\.https\:\/\/github\.com\/\.extraheader
2022-08-14T08:48:34.2203694Z [command]/usr/bin/git submodule foreach --recursive git config --local --name-only --get-regexp 'http\.https\:\/\/github\.com\/\.extraheader' && git config --local --unset-all 'http.https://github.com/.extraheader' || :
2022-08-14T08:48:34.2443623Z [command]/usr/bin/git config --local http.https://github.com/.extraheader AUTHORIZATION: basic ***
2022-08-14T08:48:34.2487876Z ##[endgroup]
2022-08-14T08:48:34.2490070Z ##[group]Fetching the repository
2022-08-14T08:48:34.2504530Z [command]/usr/bin/git -c protocol.version=2 fetch --no-tags --prune --progress --no-recurse-submodules --depth=1 origin +f3edd2c58efcaea6deeb8d0f2b801ac2c3aa4983:refs/remotes/pull/1606/merge
2022-08-14T08:48:34.4659897Z remote: Enumerating objects: 1977, done.        
2022-08-14T08:48:34.4663935Z remote: Counting objects:   0% (1/1977)        
2022-08-14T08:48:34.4665061Z remote: Counting objects:   1% (20/1977)        
2022-08-14T08:48:34.4668064Z remote: Counting objects:   2% (40/1977)        
2022-08-14T08:48:34.4674152Z remote: Counting objects:   3% (60/1977)        
2022-08-14T08:48:34.4674483Z remote: Counting objects:   4% (80/1977)        
2022-08-14T08:48:34.4674799Z remote: Counting objects:   5% (99/1977)        
2022-08-14T08:48:34.4675113Z remote: Counting objects:   6% (119/1977)        
2022-08-14T08:48:34.4675464Z remote: Counting objects:   7% (139/1977)        
2022-08-14T08:48:34.4675763Z remote: Counting objects:   8% (159/1977)        
2022-08-14T08:48:34.4676096Z remote: Counting objects:   9% (178/1977)        
2022-08-14T08:48:34.4676396Z remote: Counting objects:  10% (198/1977)        
2022-08-14T08:48:34.4676697Z remote: Counting objects:  11% (218/1977)        
2022-08-14T08:48:34.4676997Z remote: Counting objects:  12% (238/1977)        
2022-08-14T08:48:34.4677300Z remote: Counting objects:  13% (258/1977)        
2022-08-14T08:48:34.4677599Z remote: Counting objects:  14% (277/1977)        
2022-08-14T08:48:34.4677885Z remote: Counting objects:  15% (297/1977)        
2022-08-14T08:48:34.4678183Z remote: Counting objects:  16% (317/1977)        
2022-08-14T08:48:34.4678481Z remote: Counting objects:  17% (337/1977)        
2022-08-14T08:48:34.4678767Z remote: Counting objects:  18% (356/1977)        
2022-08-14T08:48:34.4679065Z remote: Counting objects:  19% (376/1977)        
2022-08-14T08:48:34.4679364Z remote: Counting objects:  20% (396/1977)        
2022-08-14T08:48:34.4679649Z remote: Counting objects:  21% (416/1977)        
2022-08-14T08:48:34.4680182Z remote: Counting objects:  22% (435/1977)        
2022-08-14T08:48:34.4680483Z remote: Counting objects:  23% (455/1977)        
2022-08-14T08:48:34.4680785Z remote: Counting objects:  24% (475/1977)        
2022-08-14T08:48:34.4681075Z remote: Counting objects:  25% (495/1977)        
2022-08-14T08:48:34.4681373Z remote: Counting objects:  26% (515/1977)        
2022-08-14T08:48:34.4681671Z remote: Counting objects:  27% (534/1977)        
2022-08-14T08:48:34.4681987Z remote: Counting objects:  28% (554/1977)        
2022-08-14T08:48:34.4682288Z remote: Counting objects:  29% (574/1977)        
2022-08-14T08:48:34.4682585Z remote: Counting objects:  30% (594/1977)        
2022-08-14T08:48:34.4682871Z remote: Counting objects:  31% (613/1977)        
2022-08-14T08:48:34.4683167Z remote: Counting objects:  32% (633/1977)        
2022-08-14T08:48:34.4683462Z remote: Counting objects:  33% (653/1977)        
2022-08-14T08:48:34.4683757Z remote: Counting objects:  34% (673/1977)        
2022-08-14T08:48:34.4684048Z remote: Counting objects:  35% (692/1977)        
2022-08-14T08:48:34.4684346Z remote: Counting objects:  36% (712/1977)        
2022-08-14T08:48:34.4684643Z remote: Counting objects:  37% (732/1977)        
2022-08-14T08:48:34.4684933Z remote: Counting objects:  38% (752/1977)        
2022-08-14T08:48:34.4685231Z remote: Counting objects:  39% (772/1977)        
2022-08-14T08:48:34.4685525Z remote: Counting objects:  40% (791/1977)        
2022-08-14T08:48:34.4685809Z remote: Counting objects:  41% (811/1977)        
2022-08-14T08:48:34.4686104Z remote: Counting objects:  42% (831/1977)        
2022-08-14T08:48:34.4686402Z remote: Counting objects:  43% (851/1977)        
2022-08-14T08:48:34.4686682Z remote: Counting objects:  44% (870/1977)        
2022-08-14T08:48:34.4686982Z remote: Counting objects:  45% (890/1977)        
2022-08-14T08:48:34.4687281Z remote: Counting objects:  46% (910/1977)        
2022-08-14T08:48:34.4688057Z remote: Counting objects:  47% (930/1977)        
2022-08-14T08:48:34.4697677Z remote: Counting objects:  48% (949/1977)        
2022-08-14T08:48:34.4698020Z remote: Counting objects:  49% (969/1977)        
2022-08-14T08:48:34.4698328Z remote: Counting objects:  50% (989/1977)        
2022-08-14T08:48:34.4698845Z remote: Counting objects:  51% (1009/1977)        
2022-08-14T08:48:34.4699172Z remote: Counting objects:  52% (1029/1977)        
2022-08-14T08:48:34.4699488Z remote: Counting objects:  53% (1048/1977)        
2022-08-14T08:48:34.4699788Z remote: Counting objects:  54% (1068/1977)        
2022-08-14T08:48:34.4700102Z remote: Counting objects:  55% (1088/1977)        
2022-08-14T08:48:34.4700415Z remote: Counting objects:  56% (1108/1977)        
2022-08-14T08:48:34.4700723Z remote: Counting objects:  57% (1127/1977)        
2022-08-14T08:48:34.4701017Z remote: Counting objects:  58% (1147/1977)        
2022-08-14T08:48:34.4701332Z remote: Counting objects:  59% (1167/1977)        
2022-08-14T08:48:34.4701642Z remote: Counting objects:  60% (1187/1977)        
2022-08-14T08:48:34.4701938Z remote: Counting objects:  61% (1206/1977)        
2022-08-14T08:48:34.4702246Z remote: Counting objects:  62% (1226/1977)        
2022-08-14T08:48:34.4702554Z remote: Counting objects:  63% (1246/1977)        
2022-08-14T08:48:34.4702882Z remote: Counting objects:  64% (1266/1977)        
2022-08-14T08:48:34.4703177Z remote: Counting objects:  65% (1286/1977)        
2022-08-14T08:48:34.4712427Z remote: Counting objects:  66% (1305/1977)        
2022-08-14T08:48:34.4714302Z remote: Counting objects:  67% (1325/1977)        
2022-08-14T08:48:34.4714620Z remote: Counting objects:  68% (1345/1977)        
2022-08-14T08:48:34.4714914Z remote: Counting objects:  69% (1365/1977)        
2022-08-14T08:48:34.4715230Z remote: Counting objects:  70% (1384/1977)        
2022-08-14T08:48:34.4715539Z remote: Counting objects:  71% (1404/1977)        
2022-08-14T08:48:34.4715835Z remote: Counting objects:  72% (1424/1977)        
2022-08-14T08:48:34.4716146Z remote: Counting objects:  73% (1444/1977)        
2022-08-14T08:48:34.4716628Z remote: Counting objects:  74% (1463/1977)        
2022-08-14T08:48:34.4716937Z remote: Counting objects:  75% (1483/1977)        
2022-08-14T08:48:34.4717236Z remote: Counting objects:  76% (1503/1977)        
2022-08-14T08:48:34.4717547Z remote: Counting objects:  77% (1523/1977)        
2022-08-14T08:48:34.4717859Z remote: Counting objects:  78% (1543/1977)        
2022-08-14T08:48:34.4718149Z remote: Counting objects:  79% (1562/1977)        
2022-08-14T08:48:34.4718457Z remote: Counting objects:  80% (1582/1977)        
2022-08-14T08:48:34.4718763Z remote: Counting objects:  81% (1602/1977)        
2022-08-14T08:48:34.4719053Z remote: Counting objects:  82% (1622/1977)        
2022-08-14T08:48:34.4719359Z remote: Counting objects:  83% (1641/1977)        
2022-08-14T08:48:34.4719664Z remote: Counting objects:  84% (1661/1977)        
2022-08-14T08:48:34.4719955Z remote: Counting objects:  85% (1681/1977)        
2022-08-14T08:48:34.4720261Z remote: Counting objects:  86% (1701/1977)        
2022-08-14T08:48:34.4720574Z remote: Counting objects:  87% (1720/1977)        
2022-08-14T08:48:34.4720879Z remote: Counting objects:  88% (1740/1977)        
2022-08-14T08:48:34.4721177Z remote: Counting objects:  89% (1760/1977)        
2022-08-14T08:48:34.4721483Z remote: Counting objects:  90% (1780/1977)        
2022-08-14T08:48:34.4721794Z remote: Counting objects:  91% (1800/1977)        
2022-08-14T08:48:34.4722086Z remote: Counting objects:  92% (1819/1977)        
2022-08-14T08:48:34.4722396Z remote: Counting objects:  93% (1839/1977)        
2022-08-14T08:48:34.4722700Z remote: Counting objects:  94% (1859/1977)        
2022-08-14T08:48:34.4723221Z remote: Counting objects:  95% (1879/1977)        
2022-08-14T08:48:34.4723753Z remote: Counting objects:  96% (1898/1977)        
2022-08-14T08:48:34.4724124Z remote: Counting objects:  97% (1918/1977)        
2022-08-14T08:48:34.4724432Z remote: Counting objects:  98% (1938/1977)        
2022-08-14T08:48:34.4724728Z remote: Counting objects:  99% (1958/1977)        
2022-08-14T08:48:34.4725035Z remote: Counting objects: 100% (1977/1977)        
2022-08-14T08:48:34.4725359Z remote: Counting objects: 100% (1977/1977), done.        
2022-08-14T08:48:34.4725788Z remote: Compressing objects:   0% (1/1106)        
2022-08-14T08:48:34.4726133Z remote: Compressing objects:   1% (12/1106)        
2022-08-14T08:48:34.4726464Z remote: Compressing objects:   2% (23/1106)        
2022-08-14T08:48:34.4726778Z remote: Compressing objects:   3% (34/1106)        
2022-08-14T08:48:34.4727106Z remote: Compressing objects:   4% (45/1106)        
2022-08-14T08:48:34.4727429Z remote: Compressing objects:   5% (56/1106)        
2022-08-14T08:48:34.4727750Z remote: Compressing objects:   6% (67/1106)        
2022-08-14T08:48:34.4728058Z remote: Compressing objects:   7% (78/1106)        
2022-08-14T08:48:34.4728382Z remote: Compressing objects:   8% (89/1106)        
2022-08-14T08:48:34.4728713Z remote: Compressing objects:   9% (100/1106)        
2022-08-14T08:48:34.4729036Z remote: Compressing objects:  10% (111/1106)        
2022-08-14T08:48:34.4729367Z remote: Compressing objects:  11% (122/1106)        
2022-08-14T08:48:34.4729701Z remote: Compressing objects:  12% (133/1106)        
2022-08-14T08:48:34.4730013Z remote: Compressing objects:  13% (144/1106)        
2022-08-14T08:48:34.4730345Z remote: Compressing objects:  14% (155/1106)        
2022-08-14T08:48:34.4730670Z remote: Compressing objects:  15% (166/1106)        
2022-08-14T08:48:34.5075405Z remote: Compressing objects:  16% (177/1106)        
2022-08-14T08:48:34.5075805Z remote: Compressing objects:  17% (189/1106)        
2022-08-14T08:48:34.5103259Z remote: Compressing objects:  18% (200/1106)        
2022-08-14T08:48:34.5240621Z remote: Compressing objects:  19% (211/1106)        
2022-08-14T08:48:34.7056241Z remote: Compressing objects:  20% (222/1106)        
2022-08-14T08:48:34.7056784Z remote: Compressing objects:  21% (233/1106)        
2022-08-14T08:48:34.7057484Z remote: Compressing objects:  22% (244/1106)        
2022-08-14T08:48:34.7057903Z remote: Compressing objects:  23% (255/1106)        
2022-08-14T08:48:34.7058685Z remote: Compressing objects:  24% (266/1106)        
2022-08-14T08:48:34.7059461Z remote: Compressing objects:  25% (277/1106)        
2022-08-14T08:48:34.7060178Z remote: Compressing objects:  26% (288/1106)        
2022-08-14T08:48:34.7060916Z remote: Compressing objects:  27% (299/1106)        
2022-08-14T08:48:34.7061609Z remote: Compressing objects:  28% (310/1106)        
2022-08-14T08:48:34.7083540Z remote: Compressing objects:  29% (321/1106)        
2022-08-14T08:48:34.7083947Z remote: Compressing objects:  30% (332/1106)        
2022-08-14T08:48:34.7084323Z remote: Compressing objects:  31% (343/1106)        
2022-08-14T08:48:34.7084682Z remote: Compressing objects:  32% (354/1106)        
2022-08-14T08:48:34.7085057Z remote: Compressing objects:  33% (365/1106)        
2022-08-14T08:48:34.7085459Z remote: Compressing objects:  34% (377/1106)        
2022-08-14T08:48:34.7085856Z remote: Compressing objects:  35% (388/1106)        
2022-08-14T08:48:34.7086149Z remote: Compressing objects:  36% (399/1106)        
2022-08-14T08:48:34.7086531Z remote: Compressing objects:  37% (410/1106)        
2022-08-14T08:48:34.7086896Z remote: Compressing objects:  38% (421/1106)        
2022-08-14T08:48:34.7128956Z remote: Compressing objects:  39% (432/1106)        
2022-08-14T08:48:34.7129343Z remote: Compressing objects:  40% (443/1106)        
2022-08-14T08:48:34.7149816Z remote: Compressing objects:  41% (454/1106)        
2022-08-14T08:48:34.7150118Z remote: Compressing objects:  42% (465/1106)        
2022-08-14T08:48:34.7150683Z remote: Compressing objects:  43% (476/1106)        
2022-08-14T08:48:34.7150957Z remote: Compressing objects:  44% (487/1106)        
2022-08-14T08:48:34.7151242Z remote: Compressing objects:  45% (498/1106)        
2022-08-14T08:48:34.7151713Z remote: Compressing objects:  46% (509/1106)        
2022-08-14T08:48:34.7152019Z remote: Compressing objects:  47% (520/1106)        
2022-08-14T08:48:34.7152298Z remote: Compressing objects:  48% (531/1106)        
2022-08-14T08:48:34.7157291Z remote: Compressing objects:  49% (542/1106)        
2022-08-14T08:48:34.7165335Z remote: Compressing objects:  50% (553/1106)        
2022-08-14T08:48:34.7180850Z remote: Compressing objects:  51% (565/1106)        
2022-08-14T08:48:34.7187214Z remote: Compressing objects:  52% (576/1106)        
2022-08-14T08:48:34.7192834Z remote: Compressing objects:  53% (587/1106)        
2022-08-14T08:48:34.7198458Z remote: Compressing objects:  54% (598/1106)        
2022-08-14T08:48:34.7207475Z remote: Compressing objects:  55% (609/1106)        
2022-08-14T08:48:34.7218260Z remote: Compressing objects:  56% (620/1106)        
2022-08-14T08:48:34.7269368Z remote: Compressing objects:  57% (631/1106)        
2022-08-14T08:48:34.7319578Z remote: Compressing objects:  58% (642/1106)        
2022-08-14T08:48:34.7371818Z remote: Compressing objects:  59% (653/1106)        
2022-08-14T08:48:34.7375899Z remote: Compressing objects:  60% (664/1106)        
2022-08-14T08:48:34.7385602Z remote: Compressing objects:  61% (675/1106)        
2022-08-14T08:48:34.7392557Z remote: Compressing objects:  62% (686/1106)        
2022-08-14T08:48:34.7416965Z remote: Compressing objects:  63% (697/1106)        
2022-08-14T08:48:34.7421500Z remote: Compressing objects:  64% (708/1106)        
2022-08-14T08:48:34.7428556Z remote: Compressing objects:  65% (719/1106)        
2022-08-14T08:48:34.7439345Z remote: Compressing objects:  66% (730/1106)        
2022-08-14T08:48:34.7449282Z remote: Compressing objects:  67% (742/1106)        
2022-08-14T08:48:34.7652271Z remote: Compressing objects:  68% (753/1106)        
2022-08-14T08:48:34.7652606Z remote: Compressing objects:  69% (764/1106)        
2022-08-14T08:48:34.7653039Z remote: Compressing objects:  70% (775/1106)        
2022-08-14T08:48:34.7653362Z remote: Compressing objects:  71% (786/1106)        
2022-08-14T08:48:34.7653959Z remote: Compressing objects:  72% (797/1106)        
2022-08-14T08:48:34.7654260Z remote: Compressing objects:  73% (808/1106)        
2022-08-14T08:48:34.7654578Z remote: Compressing objects:  74% (819/1106)        
2022-08-14T08:48:34.7654906Z remote: Compressing objects:  75% (830/1106)        
2022-08-14T08:48:34.7655207Z remote: Compressing objects:  76% (841/1106)        
2022-08-14T08:48:34.7655524Z remote: Compressing objects:  77% (852/1106)        
2022-08-14T08:48:34.7685019Z remote: Compressing objects:  78% (863/1106)        
2022-08-14T08:48:34.7685654Z remote: Compressing objects:  79% (874/1106)        
2022-08-14T08:48:34.7686084Z remote: Compressing objects:  80% (885/1106)        
2022-08-14T08:48:34.7719981Z remote: Compressing objects:  81% (896/1106)        
2022-08-14T08:48:34.7720510Z remote: Compressing objects:  82% (907/1106)        
2022-08-14T08:48:34.7732295Z remote: Compressing objects:  83% (918/1106)        
2022-08-14T08:48:34.7734069Z remote: Compressing objects:  84% (930/1106)        
2022-08-14T08:48:34.7734514Z remote: Compressing objects:  85% (941/1106)        
2022-08-14T08:48:34.7734897Z remote: Compressing objects:  86% (952/1106)        
2022-08-14T08:48:34.7735270Z remote: Compressing objects:  87% (963/1106)        
2022-08-14T08:48:34.7735650Z remote: Compressing objects:  88% (974/1106)        
2022-08-14T08:48:34.7736029Z remote: Compressing objects:  89% (985/1106)        
2022-08-14T08:48:34.7777699Z remote: Compressing objects:  90% (996/1106)        
2022-08-14T08:48:34.7778027Z remote: Compressing objects:  91% (1007/1106)        
2022-08-14T08:48:34.7778325Z remote: Compressing objects:  92% (1018/1106)        
2022-08-14T08:48:34.7778614Z remote: Compressing objects:  93% (1029/1106)        
2022-08-14T08:48:34.7778897Z remote: Compressing objects:  94% (1040/1106)        
2022-08-14T08:48:34.7779163Z remote: Compressing objects:  95% (1051/1106)        
2022-08-14T08:48:34.7779449Z remote: Compressing objects:  96% (1062/1106)        
2022-08-14T08:48:34.7779861Z remote: Compressing objects:  97% (1073/1106)        
2022-08-14T08:48:34.7780219Z remote: Compressing objects:  98% (1084/1106)        
2022-08-14T08:48:34.7780507Z remote: Compressing objects:  99% (1095/1106)        
2022-08-14T08:48:34.7781038Z remote: Compressing objects: 100% (1106/1106)        
2022-08-14T08:48:34.7781328Z remote: Compressing objects: 100% (1106/1106), done.        
2022-08-14T08:48:34.7824245Z Receiving objects:   0% (1/1977)
2022-08-14T08:48:34.7903236Z Receiving objects:   1% (20/1977)
2022-08-14T08:48:35.2058551Z Receiving objects:   2% (40/1977)
2022-08-14T08:48:35.2068100Z Receiving objects:   3% (60/1977)
2022-08-14T08:48:35.2072649Z Receiving objects:   4% (80/1977)
2022-08-14T08:48:35.2074054Z Receiving objects:   5% (99/1977)
2022-08-14T08:48:35.2076908Z Receiving objects:   6% (119/1977)
2022-08-14T08:48:35.2078441Z Receiving objects:   7% (139/1977)
2022-08-14T08:48:35.2080407Z Receiving objects:   8% (159/1977)
2022-08-14T08:48:35.2082955Z Receiving objects:   9% (178/1977)
2022-08-14T08:48:35.2084316Z Receiving objects:  10% (198/1977)
2022-08-14T08:48:35.2086558Z Receiving objects:  11% (218/1977)
2022-08-14T08:48:35.2088602Z Receiving objects:  12% (238/1977)
2022-08-14T08:48:35.2091011Z Receiving objects:  13% (258/1977)
2022-08-14T08:48:35.2093024Z Receiving objects:  14% (277/1977)
2022-08-14T08:48:35.2094638Z Receiving objects:  15% (297/1977)
2022-08-14T08:48:35.2096442Z Receiving objects:  16% (317/1977)
2022-08-14T08:48:35.2098342Z Receiving objects:  17% (337/1977)
2022-08-14T08:48:35.2100456Z Receiving objects:  18% (356/1977)
2022-08-14T08:48:35.2101754Z Receiving objects:  19% (376/1977)
2022-08-14T08:48:35.2103939Z Receiving objects:  20% (396/1977)
2022-08-14T08:48:35.2105494Z Receiving objects:  21% (416/1977)
2022-08-14T08:48:35.2106970Z Receiving objects:  22% (435/1977)
2022-08-14T08:48:35.2108326Z Receiving objects:  23% (455/1977)
2022-08-14T08:48:35.2109774Z Receiving objects:  24% (475/1977)
2022-08-14T08:48:35.2112043Z Receiving objects:  25% (495/1977)
2022-08-14T08:48:35.2113840Z Receiving objects:  26% (515/1977)
2022-08-14T08:48:35.2115736Z Receiving objects:  27% (534/1977)
2022-08-14T08:48:35.2116918Z Receiving objects:  28% (554/1977)
2022-08-14T08:48:35.2118556Z Receiving objects:  29% (574/1977)
2022-08-14T08:48:35.2121126Z Receiving objects:  30% (594/1977)
2022-08-14T08:48:35.2123012Z Receiving objects:  31% (613/1977)
2022-08-14T08:48:35.2125210Z Receiving objects:  32% (633/1977)
2022-08-14T08:48:35.2132075Z Receiving objects:  33% (653/1977)
2022-08-14T08:48:35.2134473Z Receiving objects:  34% (673/1977)
2022-08-14T08:48:35.2136159Z Receiving objects:  35% (692/1977)
2022-08-14T08:48:35.2137474Z Receiving objects:  36% (712/1977)
2022-08-14T08:48:35.2139868Z Receiving objects:  37% (732/1977)
2022-08-14T08:48:35.2141475Z Receiving objects:  38% (752/1977)
2022-08-14T08:48:35.2142491Z Receiving objects:  39% (772/1977)
2022-08-14T08:48:35.2144421Z Receiving objects:  40% (791/1977)
2022-08-14T08:48:35.2146196Z Receiving objects:  41% (811/1977)
2022-08-14T08:48:35.2148200Z Receiving objects:  42% (831/1977)
2022-08-14T08:48:35.2156239Z Receiving objects:  43% (851/1977)
2022-08-14T08:48:35.2165305Z Receiving objects:  44% (870/1977)
2022-08-14T08:48:35.2172518Z Receiving objects:  45% (890/1977)
2022-08-14T08:48:35.2180518Z Receiving objects:  46% (910/1977)
2022-08-14T08:48:35.2184983Z Receiving objects:  47% (930/1977)
2022-08-14T08:48:35.2189329Z Receiving objects:  48% (949/1977)
2022-08-14T08:48:35.2193421Z Receiving objects:  49% (969/1977)
2022-08-14T08:48:35.2198275Z Receiving objects:  50% (989/1977)
2022-08-14T08:48:35.2207034Z Receiving objects:  51% (1009/1977)
2022-08-14T08:48:35.2217912Z Receiving objects:  52% (1029/1977)
2022-08-14T08:48:35.2223324Z Receiving objects:  53% (1048/1977)
2022-08-14T08:48:35.2232498Z Receiving objects:  54% (1068/1977)
2022-08-14T08:48:35.2237768Z Receiving objects:  55% (1088/1977)
2022-08-14T08:48:35.2246415Z Receiving objects:  56% (1108/1977)
2022-08-14T08:48:35.2257384Z Receiving objects:  57% (1127/1977)
2022-08-14T08:48:35.2265301Z Receiving objects:  58% (1147/1977)
2022-08-14T08:48:35.2282282Z Receiving objects:  59% (1167/1977)
2022-08-14T08:48:35.2287547Z Receiving objects:  60% (1187/1977)
2022-08-14T08:48:35.2295303Z Receiving objects:  61% (1206/1977)
2022-08-14T08:48:35.2298008Z Receiving objects:  62% (1226/1977)
2022-08-14T08:48:35.2302668Z Receiving objects:  63% (1246/1977)
2022-08-14T08:48:35.2310240Z Receiving objects:  64% (1266/1977)
2022-08-14T08:48:35.2328179Z Receiving objects:  65% (1286/1977)
2022-08-14T08:48:35.2337436Z Receiving objects:  66% (1305/1977)
2022-08-14T08:48:35.2342201Z Receiving objects:  67% (1325/1977)
2022-08-14T08:48:35.2346377Z Receiving objects:  68% (1345/1977)
2022-08-14T08:48:35.2349561Z Receiving objects:  69% (1365/1977)
2022-08-14T08:48:35.2357366Z Receiving objects:  70% (1384/1977)
2022-08-14T08:48:35.2364352Z Receiving objects:  71% (1404/1977)
2022-08-14T08:48:35.2368006Z Receiving objects:  72% (1424/1977)
2022-08-14T08:48:35.2371637Z Receiving objects:  73% (1444/1977)
2022-08-14T08:48:35.2374779Z Receiving objects:  74% (1463/1977)
2022-08-14T08:48:35.2377469Z Receiving objects:  75% (1483/1977)
2022-08-14T08:48:35.2380465Z Receiving objects:  76% (1503/1977)
2022-08-14T08:48:35.2383969Z Receiving objects:  77% (1523/1977)
2022-08-14T08:48:35.2386795Z Receiving objects:  78% (1543/1977)
2022-08-14T08:48:35.2390520Z Receiving objects:  79% (1562/1977)
2022-08-14T08:48:35.2395502Z Receiving objects:  80% (1582/1977)
2022-08-14T08:48:35.2398882Z Receiving objects:  81% (1602/1977)
2022-08-14T08:48:35.2402228Z Receiving objects:  82% (1622/1977)
2022-08-14T08:48:35.2406560Z Receiving objects:  83% (1641/1977)
2022-08-14T08:48:35.2410395Z Receiving objects:  84% (1661/1977)
2022-08-14T08:48:35.2420420Z Receiving objects:  85% (1681/1977)
2022-08-14T08:48:35.2421590Z Receiving objects:  86% (1701/1977)
2022-08-14T08:48:35.2421884Z Receiving objects:  87% (1720/1977)
2022-08-14T08:48:35.2426513Z Receiving objects:  88% (1740/1977)
2022-08-14T08:48:35.2430892Z Receiving objects:  89% (1760/1977)
2022-08-14T08:48:35.2433873Z Receiving objects:  90% (1780/1977)
2022-08-14T08:48:35.2437163Z Receiving objects:  91% (1800/1977)
2022-08-14T08:48:35.2455317Z Receiving objects:  92% (1819/1977)
2022-08-14T08:48:35.2455627Z Receiving objects:  93% (1839/1977)
2022-08-14T08:48:35.2455877Z Receiving objects:  94% (1859/1977)
2022-08-14T08:48:35.2456109Z Receiving objects:  95% (1879/1977)
2022-08-14T08:48:35.2656864Z Receiving objects:  96% (1898/1977)
2022-08-14T08:48:35.3334962Z Receiving objects:  97% (1918/1977)
2022-08-14T08:48:35.3358596Z Receiving objects:  98% (1938/1977), 17.42 MiB | 34.83 MiB/s
2022-08-14T08:48:35.3358934Z Receiving objects:  99% (1958/1977), 17.42 MiB | 34.83 MiB/s
2022-08-14T08:48:35.3359573Z remote: Total 1977 (delta 974), reused 1310 (delta 862), pack-reused 0        
2022-08-14T08:48:35.3384506Z Receiving objects: 100% (1977/1977), 17.42 MiB | 34.83 MiB/s
2022-08-14T08:48:35.3384834Z Receiving objects: 100% (1977/1977), 18.29 MiB | 32.80 MiB/s, done.
2022-08-14T08:48:35.3395029Z Resolving deltas:   0% (0/974)
2022-08-14T08:48:35.3398122Z Resolving deltas:   1% (10/974)
2022-08-14T08:48:35.3398669Z Resolving deltas:   2% (20/974)
2022-08-14T08:48:35.3399197Z Resolving deltas:   3% (30/974)
2022-08-14T08:48:35.3399467Z Resolving deltas:   4% (39/974)
2022-08-14T08:48:35.3399711Z Resolving deltas:   5% (49/974)
2022-08-14T08:48:35.3403179Z Resolving deltas:   6% (59/974)
2022-08-14T08:48:35.3406467Z Resolving deltas:   7% (69/974)
2022-08-14T08:48:35.3407214Z Resolving deltas:   8% (78/974)
2022-08-14T08:48:35.3407635Z Resolving deltas:   9% (88/974)
2022-08-14T08:48:35.3509911Z Resolving deltas:  10% (98/974)
2022-08-14T08:48:35.3510530Z Resolving deltas:  11% (108/974)
2022-08-14T08:48:35.3510963Z Resolving deltas:  12% (117/974)
2022-08-14T08:48:35.3511364Z Resolving deltas:  13% (127/974)
2022-08-14T08:48:35.3511784Z Resolving deltas:  14% (137/974)
2022-08-14T08:48:35.3534090Z Resolving deltas:  15% (147/974)
2022-08-14T08:48:35.3535059Z Resolving deltas:  16% (156/974)
2022-08-14T08:48:35.3535346Z Resolving deltas:  17% (166/974)
2022-08-14T08:48:35.3535585Z Resolving deltas:  18% (176/974)
2022-08-14T08:48:35.3535864Z Resolving deltas:  19% (186/974)
2022-08-14T08:48:35.3536285Z Resolving deltas:  20% (195/974)
2022-08-14T08:48:35.3536525Z Resolving deltas:  21% (205/974)
2022-08-14T08:48:35.3536755Z Resolving deltas:  22% (215/974)
2022-08-14T08:48:35.3536988Z Resolving deltas:  23% (225/974)
2022-08-14T08:48:35.3537209Z Resolving deltas:  24% (234/974)
2022-08-14T08:48:35.3537440Z Resolving deltas:  25% (244/974)
2022-08-14T08:48:35.3537670Z Resolving deltas:  26% (254/974)
2022-08-14T08:48:35.3537886Z Resolving deltas:  27% (263/974)
2022-08-14T08:48:35.3538134Z Resolving deltas:  28% (273/974)
2022-08-14T08:48:35.3538365Z Resolving deltas:  29% (283/974)
2022-08-14T08:48:35.3538592Z Resolving deltas:  30% (293/974)
2022-08-14T08:48:35.3538821Z Resolving deltas:  31% (302/974)
2022-08-14T08:48:35.3539036Z Resolving deltas:  32% (312/974)
2022-08-14T08:48:35.3539268Z Resolving deltas:  33% (322/974)
2022-08-14T08:48:35.3539501Z Resolving deltas:  34% (332/974)
2022-08-14T08:48:35.3539718Z Resolving deltas:  35% (341/974)
2022-08-14T08:48:35.3539950Z Resolving deltas:  36% (351/974)
2022-08-14T08:48:35.3540179Z Resolving deltas:  37% (361/974)
2022-08-14T08:48:35.3540392Z Resolving deltas:  38% (371/974)
2022-08-14T08:48:35.3540619Z Resolving deltas:  39% (380/974)
2022-08-14T08:48:35.3540850Z Resolving deltas:  40% (390/974)
2022-08-14T08:48:35.3541064Z Resolving deltas:  41% (400/974)
2022-08-14T08:48:35.3541291Z Resolving deltas:  42% (410/974)
2022-08-14T08:48:35.3541520Z Resolving deltas:  43% (419/974)
2022-08-14T08:48:35.3541734Z Resolving deltas:  44% (429/974)
2022-08-14T08:48:35.3541959Z Resolving deltas:  45% (439/974)
2022-08-14T08:48:35.3542186Z Resolving deltas:  46% (449/974)
2022-08-14T08:48:35.3542559Z Resolving deltas:  47% (458/974)
2022-08-14T08:48:35.3542879Z Resolving deltas:  48% (468/974)
2022-08-14T08:48:35.3543278Z Resolving deltas:  49% (478/974)
2022-08-14T08:48:35.3543551Z Resolving deltas:  50% (487/974)
2022-08-14T08:48:35.3543856Z Resolving deltas:  51% (497/974)
2022-08-14T08:48:35.3544196Z Resolving deltas:  52% (507/974)
2022-08-14T08:48:35.3544460Z Resolving deltas:  53% (517/974)
2022-08-14T08:48:35.3544764Z Resolving deltas:  54% (526/974)
2022-08-14T08:48:35.3545074Z Resolving deltas:  55% (536/974)
2022-08-14T08:48:35.3545329Z Resolving deltas:  56% (546/974)
2022-08-14T08:48:35.3545669Z Resolving deltas:  57% (556/974)
2022-08-14T08:48:35.3545978Z Resolving deltas:  58% (565/974)
2022-08-14T08:48:35.3546243Z Resolving deltas:  59% (575/974)
2022-08-14T08:48:35.3546543Z Resolving deltas:  60% (585/974)
2022-08-14T08:48:35.3546867Z Resolving deltas:  61% (595/974)
2022-08-14T08:48:35.3547123Z Resolving deltas:  62% (604/974)
2022-08-14T08:48:35.3547419Z Resolving deltas:  63% (614/974)
2022-08-14T08:48:35.3547728Z Resolving deltas:  64% (624/974)
2022-08-14T08:48:35.3547981Z Resolving deltas:  65% (634/974)
2022-08-14T08:48:35.3548316Z Resolving deltas:  66% (643/974)
2022-08-14T08:48:35.3548622Z Resolving deltas:  67% (653/974)
2022-08-14T08:48:35.3548935Z Resolving deltas:  68% (663/974)
2022-08-14T08:48:35.3549192Z Resolving deltas:  69% (673/974)
2022-08-14T08:48:35.3549491Z Resolving deltas:  70% (682/974)
2022-08-14T08:48:35.3549827Z Resolving deltas:  71% (692/974)
2022-08-14T08:48:35.3550083Z Resolving deltas:  72% (702/974)
2022-08-14T08:48:35.3550393Z Resolving deltas:  73% (712/974)
2022-08-14T08:48:35.3550696Z Resolving deltas:  74% (721/974)
2022-08-14T08:48:35.3550947Z Resolving deltas:  75% (731/974)
2022-08-14T08:48:35.3551276Z Resolving deltas:  76% (741/974)
2022-08-14T08:48:35.3551590Z Resolving deltas:  77% (750/974)
2022-08-14T08:48:35.3551848Z Resolving deltas:  78% (760/974)
2022-08-14T08:48:35.3552143Z Resolving deltas:  79% (770/974)
2022-08-14T08:48:35.3552469Z Resolving deltas:  80% (780/974)
2022-08-14T08:48:35.3552724Z Resolving deltas:  81% (789/974)
2022-08-14T08:48:35.3553037Z Resolving deltas:  82% (799/974)
2022-08-14T08:48:35.3553339Z Resolving deltas:  83% (809/974)
2022-08-14T08:48:35.3553590Z Resolving deltas:  84% (819/974)
2022-08-14T08:48:35.3553914Z Resolving deltas:  85% (828/974)
2022-08-14T08:48:35.3554786Z Resolving deltas:  86% (838/974)
2022-08-14T08:48:35.3555116Z Resolving deltas:  87% (848/974)
2022-08-14T08:48:35.3555423Z Resolving deltas:  88% (858/974)
2022-08-14T08:48:35.3555725Z Resolving deltas:  89% (867/974)
2022-08-14T08:48:35.3556080Z Resolving deltas:  90% (877/974)
2022-08-14T08:48:35.3556333Z Resolving deltas:  91% (887/974)
2022-08-14T08:48:35.3556632Z Resolving deltas:  92% (897/974)
2022-08-14T08:48:35.3556933Z Resolving deltas:  93% (906/974)
2022-08-14T08:48:35.3557183Z Resolving deltas:  94% (916/974)
2022-08-14T08:48:35.3557524Z Resolving deltas:  95% (926/974)
2022-08-14T08:48:35.3557829Z Resolving deltas:  96% (936/974)
2022-08-14T08:48:35.3558083Z Resolving deltas:  97% (945/974)
2022-08-14T08:48:35.3558385Z Resolving deltas:  98% (955/974)
2022-08-14T08:48:35.3558725Z Resolving deltas:  99% (965/974)
2022-08-14T08:48:35.3558994Z Resolving deltas: 100% (974/974)
2022-08-14T08:48:35.3559302Z Resolving deltas: 100% (974/974), done.
2022-08-14T08:48:35.3915560Z From https://github.com/Grasscutters/Grasscutter
2022-08-14T08:48:35.3916428Z  * [new ref]         f3edd2c58efcaea6deeb8d0f2b801ac2c3aa4983 -> pull/1606/merge
2022-08-14T08:48:35.3943559Z ##[endgroup]
2022-08-14T08:48:35.3944800Z ##[group]Determining the checkout info
2022-08-14T08:48:35.3945753Z ##[endgroup]
2022-08-14T08:48:35.3946480Z ##[group]Checking out the ref
2022-08-14T08:48:35.3963131Z [command]/usr/bin/git checkout --progress --force refs/remotes/pull/1606/merge
2022-08-14T08:48:35.5717946Z Note: switching to 'refs/remotes/pull/1606/merge'.
2022-08-14T08:48:35.5718583Z 
2022-08-14T08:48:35.5719026Z You are in 'detached HEAD' state. You can look around, make experimental
2022-08-14T08:48:35.5720416Z changes and commit them, and you can discard any commits you make in this
2022-08-14T08:48:35.5721145Z state without impacting any branches by switching back to a branch.
2022-08-14T08:48:35.5733297Z 
2022-08-14T08:48:35.5741822Z If you want to create a new branch to retain commits you create, you may
2022-08-14T08:48:35.5742652Z do so (now or later) by using -c with the switch command. Example:
2022-08-14T08:48:35.5742893Z 
2022-08-14T08:48:35.5743110Z   git switch -c <new-branch-name>
2022-08-14T08:48:35.5743310Z 
2022-08-14T08:48:35.5743405Z Or undo this operation with:
2022-08-14T08:48:35.5743794Z 
2022-08-14T08:48:35.5744029Z   git switch -
2022-08-14T08:48:35.5744192Z 
2022-08-14T08:48:35.5744494Z Turn off this advice by setting config variable advice.detachedHead to false
2022-08-14T08:48:35.5744843Z 
2022-08-14T08:48:35.5745198Z HEAD is now at f3edd2c Merge 3b25bdcb9512f46267f954b58a5452add340b622 into 7b28eafddc63d6550dc47966d0883e6ce7fcac62
2022-08-14T08:48:35.5746090Z ##[endgroup]
2022-08-14T08:48:35.5779971Z [command]/usr/bin/git log -1 --format='%H'
2022-08-14T08:48:35.5813025Z 'f3edd2c58efcaea6deeb8d0f2b801ac2c3aa4983'
2022-08-14T08:48:35.6134071Z ##[group]Run actions/setup-java@v3
2022-08-14T08:48:35.6134405Z with:
2022-08-14T08:48:35.6134677Z   distribution: temurin
2022-08-14T08:48:35.6134937Z   java-version: 17
2022-08-14T08:48:35.6135221Z   java-package: jdk
2022-08-14T08:48:35.6135538Z   architecture: x64
2022-08-14T08:48:35.6135779Z   check-latest: false
2022-08-14T08:48:35.6136075Z   server-id: github
2022-08-14T08:48:35.6136372Z   server-username: GITHUB_ACTOR
2022-08-14T08:48:35.6136662Z   server-password: GITHUB_TOKEN
2022-08-14T08:48:35.6137013Z   overwrite-settings: true
2022-08-14T08:48:35.6137314Z   job-status: success
2022-08-14T08:48:35.6137596Z ##[endgroup]
2022-08-14T08:48:35.8246013Z Resolved Java 17.0.4+8 from tool-cache
2022-08-14T08:48:35.8247850Z Setting Java 17.0.4+8 as the default
2022-08-14T08:48:35.8271658Z 
2022-08-14T08:48:35.8273357Z Java configuration:
2022-08-14T08:48:35.8275223Z   Distribution: temurin
2022-08-14T08:48:35.8275789Z   Version: 17.0.4+8
2022-08-14T08:48:35.8276664Z   Path: /opt/hostedtoolcache/Java_Temurin-Hotspot_jdk/17.0.4-8/x64
2022-08-14T08:48:35.8277008Z 
2022-08-14T08:48:35.8302913Z Creating settings.xml with server-id: github
2022-08-14T08:48:35.8408383Z Writing to /home/runner/.m2/settings.xml
2022-08-14T08:48:36.1898912Z ##[group]Run actions/cache@v2
2022-08-14T08:48:36.1899163Z with:
2022-08-14T08:48:36.1899436Z   path: ~/.gradle/caches
~/.gradle/wrapper
./.gradle/loom-cache

2022-08-14T08:48:36.1899841Z   key: Linux-gradle-2355fe6516f539bd2a3763038088405b84a029bff707114c068934c41dbbc1f6
2022-08-14T08:48:36.1900192Z   restore-keys: Linux-gradle-

2022-08-14T08:48:36.1900405Z env:
2022-08-14T08:48:36.1900679Z   JAVA_HOME: /opt/hostedtoolcache/Java_Temurin-Hotspot_jdk/17.0.4-8/x64
2022-08-14T08:48:36.1900958Z ##[endgroup]
2022-08-14T08:48:37.6919600Z Received 138412032 of 265442794 (52.1%), 132.0 MBs/sec
2022-08-14T08:48:38.5392687Z Received 265442794 of 265442794 (100.0%), 137.0 MBs/sec
2022-08-14T08:48:38.5393806Z Cache Size: ~253 MB (265442794 B)
2022-08-14T08:48:38.5416915Z [command]/usr/bin/tar --use-compress-program zstd -d -xf /home/runner/work/_temp/f28f27b5-3b81-4373-b30e-1e1c4290c129/cache.tzst -P -C /home/runner/work/Grasscutter/Grasscutter
2022-08-14T08:48:39.0949104Z Cache restored successfully
2022-08-14T08:48:39.1374179Z 
2022-08-14T08:48:39.1377233Z Cache restored from key: Linux-gradle-2355fe6516f539bd2a3763038088405b84a029bff707114c068934c41dbbc1f6
2022-08-14T08:48:39.1579578Z ##[group]Run ./gradlew && ./gradlew jar
2022-08-14T08:48:39.1579939Z [36;1m./gradlew && ./gradlew jar[0m
2022-08-14T08:48:39.1638533Z shell: /usr/bin/bash -e {0}
2022-08-14T08:48:39.1638791Z env:
2022-08-14T08:48:39.1639084Z   JAVA_HOME: /opt/hostedtoolcache/Java_Temurin-Hotspot_jdk/17.0.4-8/x64
2022-08-14T08:48:39.1639381Z ##[endgroup]
2022-08-14T08:48:39.8244738Z 
2022-08-14T08:48:39.8245770Z Welcome to Gradle 7.4.2!
2022-08-14T08:48:39.8246571Z 
2022-08-14T08:48:39.8246985Z Here are the highlights of this release:
2022-08-14T08:48:39.8248419Z  - Aggregated test and JaCoCo reports
2022-08-14T08:48:39.8249511Z  - Marking additional test source directories as tests in IntelliJ
2022-08-14T08:48:39.8250734Z  - Support for Adoptium JDKs in Java toolchains
2022-08-14T08:48:39.8251071Z 
2022-08-14T08:48:39.8253053Z For more details see https://docs.gradle.org/7.4.2/release-notes.html
2022-08-14T08:48:39.8253398Z 
2022-08-14T08:48:39.9217542Z Starting a Gradle Daemon (subsequent builds will be faster)
2022-08-14T08:48:44.7221649Z 
2022-08-14T08:48:44.7230361Z > Configure project :
2022-08-14T08:48:44.7231242Z Publishing to 4benj-maven
2022-08-14T08:48:45.6162099Z 
2022-08-14T08:48:45.6162548Z > Task :help
2022-08-14T08:48:45.6162746Z 
2022-08-14T08:48:45.6167931Z Welcome to Gradle 7.4.2.
2022-08-14T08:48:45.6169105Z 
2022-08-14T08:48:45.6183498Z To run a build, run gradlew <task> ...
2022-08-14T08:48:45.6185024Z 
2022-08-14T08:48:45.6202262Z To see a list of available tasks, run gradlew tasks
2022-08-14T08:48:45.6203763Z 
2022-08-14T08:48:45.6208456Z To see more detail about a task, run gradlew help --task <task>
2022-08-14T08:48:45.6209931Z 
2022-08-14T08:48:45.6214860Z To see a list of command-line options, run gradlew --help
2022-08-14T08:48:45.6216281Z 
2022-08-14T08:48:45.6224775Z For more detail on using Gradle, see https://docs.gradle.org/7.4.2/userguide/command_line_interface.html
2022-08-14T08:48:45.6227742Z 
2022-08-14T08:48:45.6229663Z For troubleshooting, visit https://help.gradle.org
2022-08-14T08:48:45.6231355Z 
2022-08-14T08:48:45.6233065Z BUILD SUCCESSFUL in 6s
2022-08-14T08:48:45.6239810Z 1 actionable task: 1 executed
2022-08-14T08:48:46.7411447Z 
2022-08-14T08:48:46.7433776Z > Configure project :
2022-08-14T08:48:46.7434658Z Publishing to 4benj-maven
2022-08-14T08:48:47.8398028Z 
2022-08-14T08:48:47.8398939Z > Task :extractIncludeProto
2022-08-14T08:48:48.3399004Z > Task :extractProto
2022-08-14T08:48:50.1398896Z > Task :generateProto
2022-08-14T08:49:20.1460393Z > Task :compileJava
2022-08-14T08:49:31.7403277Z /home/runner/work/Grasscutter/Grasscutter/src/main/java/emu/grasscutter/Grasscutter.java:275: warning: [removal] getGsonFactory() in JsonUtils has been deprecated and marked for removal
2022-08-14T08:49:31.7409394Z         return JsonUtils.getGsonFactory();
2022-08-14T08:49:31.7409687Z                         ^
2022-08-14T08:50:07.6398407Z Note: Some input files use or override a deprecated API.
2022-08-14T08:50:07.6422403Z Note: Recompile with -Xlint:deprecation for details.
2022-08-14T08:50:07.6422923Z Note: Some input files use unchecked or unsafe operations.
2022-08-14T08:50:07.6423415Z Note: Recompile with -Xlint:unchecked for details.
2022-08-14T08:50:07.6423754Z 1 warning
2022-08-14T08:50:10.3398203Z 
2022-08-14T08:50:10.3399020Z > Task :processResources
2022-08-14T08:50:10.3399496Z > Task :classes
2022-08-14T08:50:17.5399352Z > Task :jar
2022-08-14T08:50:17.5399813Z 
2022-08-14T08:50:17.5434302Z BUILD SUCCESSFUL in 1m 31s
2022-08-14T08:50:17.5494113Z 6 actionable tasks: 6 executed
2022-08-14T08:50:17.5903502Z ##[group]Run actions/upload-artifact@v3
2022-08-14T08:50:17.5903776Z with:
2022-08-14T08:50:17.5903979Z   name: Grasscutter
2022-08-14T08:50:17.5904204Z   path: grasscutter-*.jar
2022-08-14T08:50:17.5904431Z   if-no-files-found: warn
2022-08-14T08:50:17.5904642Z env:
2022-08-14T08:50:17.5904919Z   JAVA_HOME: /opt/hostedtoolcache/Java_Temurin-Hotspot_jdk/17.0.4-8/x64
2022-08-14T08:50:17.5905206Z ##[endgroup]
2022-08-14T08:50:17.6598063Z With the provided path, there will be 1 file uploaded
2022-08-14T08:50:17.6602818Z Starting artifact upload
2022-08-14T08:50:17.6604223Z For more detailed logs during the artifact upload process, enable step-debugging: https://docs.github.com/actions/monitoring-and-troubleshooting-workflows/enabling-debug-logging#enabling-step-debug-logging
2022-08-14T08:50:17.6605006Z Artifact name is valid!
2022-08-14T08:50:17.7105806Z Container for artifact "Grasscutter" successfully created. Starting upload of file(s)
2022-08-14T08:50:22.0677081Z Uploaded /home/runner/work/Grasscutter/Grasscutter/grasscutter-1.2.3-dev.jar (17.9%) bytes 0:8388607
2022-08-14T08:50:24.6105138Z Uploaded /home/runner/work/Grasscutter/Grasscutter/grasscutter-1.2.3-dev.jar (35.8%) bytes 8388608:16777215
2022-08-14T08:50:26.9531634Z Uploaded /home/runner/work/Grasscutter/Grasscutter/grasscutter-1.2.3-dev.jar (53.7%) bytes 16777216:25165823
2022-08-14T08:50:27.7185891Z Total file count: 1 ---- Processed file #0 (0.0%)
2022-08-14T08:50:29.3587492Z Uploaded /home/runner/work/Grasscutter/Grasscutter/grasscutter-1.2.3-dev.jar (71.6%) bytes 25165824:33554431
2022-08-14T08:50:31.7787126Z Uploaded /home/runner/work/Grasscutter/Grasscutter/grasscutter-1.2.3-dev.jar (89.5%) bytes 33554432:41943039
2022-08-14T08:50:33.2197374Z Uploaded /home/runner/work/Grasscutter/Grasscutter/grasscutter-1.2.3-dev.jar (100.0%) bytes 41943040:46832145
2022-08-14T08:50:33.2207235Z Total size of all the files uploaded is 46832146 bytes
2022-08-14T08:50:33.2209096Z File upload process has finished. Finalizing the artifact upload
2022-08-14T08:50:33.2480567Z Artifact has been finalized. All files have been successfully uploaded!
2022-08-14T08:50:33.2480850Z 
2022-08-14T08:50:33.2481067Z The raw size of all the files that were specified for upload is 50384924 bytes
2022-08-14T08:50:33.2481620Z The size of all the files that were uploaded is 46832146 bytes. This takes into account any gzip compression used to reduce the upload size, time and storage
2022-08-14T08:50:33.2481955Z 
2022-08-14T08:50:33.2482790Z Note: The size of downloaded zips can differ significantly from the reported size. For more information see: https://github.com/actions/upload-artifact#zipped-artifact-downloads 
2022-08-14T08:50:33.2483202Z 
2022-08-14T08:50:33.2485975Z Artifact Grasscutter has been successfully uploaded!
2022-08-14T08:50:34.3162184Z Post job cleanup.
2022-08-14T08:50:34.4601372Z Cache hit occurred on the primary key Linux-gradle-2355fe6516f539bd2a3763038088405b84a029bff707114c068934c41dbbc1f6, not saving cache.
2022-08-14T08:50:34.4727798Z Post job cleanup.
2022-08-14T08:50:34.6492451Z Post job cleanup.
2022-08-14T08:50:34.7747704Z [command]/usr/bin/git version
2022-08-14T08:50:34.7799265Z git version 2.37.1
2022-08-14T08:50:34.7877360Z Temporarily overriding HOME='/home/runner/work/_temp/631fb08d-d87c-4a2a-9f73-d2eddff90d82' before making global git config changes
2022-08-14T08:50:34.7880861Z Adding repository directory to the temporary git global config as a safe directory
2022-08-14T08:50:34.7888478Z [command]/usr/bin/git config --global --add safe.directory /home/runner/work/Grasscutter/Grasscutter
2022-08-14T08:50:34.7952113Z [command]/usr/bin/git config --local --name-only --get-regexp core\.sshCommand
2022-08-14T08:50:34.8004762Z [command]/usr/bin/git submodule foreach --recursive git config --local --name-only --get-regexp 'core\.sshCommand' && git config --local --unset-all 'core.sshCommand' || :
2022-08-14T08:50:34.8288606Z [command]/usr/bin/git config --local --name-only --get-regexp http\.https\:\/\/github\.com\/\.extraheader
2022-08-14T08:50:34.8314783Z http.https://github.com/.extraheader
2022-08-14T08:50:34.8327516Z [command]/usr/bin/git config --local --unset-all http.https://github.com/.extraheader
2022-08-14T08:50:34.8368726Z [command]/usr/bin/git submodule foreach --recursive git config --local --name-only --get-regexp 'http\.https\:\/\/github\.com\/\.extraheader' && git config --local --unset-all 'http.https://github.com/.extraheader' || :
2022-08-14T08:50:34.8840801Z Cleaning up orphan processes
2022-08-14T08:50:34.9096073Z Terminate orphan process: pid (1783) (java)
