2022-09-09T09:57:40.1955338Z Requested labels: ubuntu-latest
2022-09-09T09:57:40.1955384Z Job defined at: alibaba/transmittable-thread-local/.github/workflows/ci.yaml@refs/heads/wip-v3
2022-09-09T09:57:40.1955406Z Waiting for a runner to pick up this job...
2022-09-09T09:57:45.3351239Z Job is waiting for a hosted runner to come online.
2022-09-09T09:57:46.0033864Z Job is about to start running on the hosted runner: GitHub Actions 17 (hosted)
2022-09-09T09:57:49.1796736Z Current runner version: '2.296.1'
2022-09-09T09:57:49.1827947Z ##[group]Operating System
2022-09-09T09:57:49.1828735Z Ubuntu
2022-09-09T09:57:49.1829031Z 20.04.5
2022-09-09T09:57:49.1829363Z LTS
2022-09-09T09:57:49.1829658Z ##[endgroup]
2022-09-09T09:57:49.1830043Z ##[group]Runner Image
2022-09-09T09:57:49.1830508Z Image: ubuntu-20.04
2022-09-09T09:57:49.1830890Z Version: 20220905.1
2022-09-09T09:57:49.1831442Z Included Software: https://github.com/actions/runner-images/blob/ubuntu20/20220905.1/images/linux/Ubuntu2004-Readme.md
2022-09-09T09:57:49.1832208Z Image Release: https://github.com/actions/runner-images/releases/tag/ubuntu20%2F20220905.1
2022-09-09T09:57:49.1832784Z ##[endgroup]
2022-09-09T09:57:49.1833142Z ##[group]Runner Image Provisioner
2022-09-09T09:57:49.1833559Z 1.0.0.0-main-20220825-1
2022-09-09T09:57:49.1833930Z ##[endgroup]
2022-09-09T09:57:49.1835041Z ##[group]GITHUB_TOKEN Permissions
2022-09-09T09:57:49.1835822Z Actions: write
2022-09-09T09:57:49.1836406Z Checks: write
2022-09-09T09:57:49.1836801Z Contents: write
2022-09-09T09:57:49.1837225Z Deployments: write
2022-09-09T09:57:49.1837620Z Discussions: write
2022-09-09T09:57:49.1837994Z Issues: write
2022-09-09T09:57:49.1838304Z Metadata: read
2022-09-09T09:57:49.1838697Z Packages: write
2022-09-09T09:57:49.1839102Z Pages: write
2022-09-09T09:57:49.1839427Z PullRequests: write
2022-09-09T09:57:49.1839845Z RepositoryProjects: write
2022-09-09T09:57:49.1840288Z SecurityEvents: write
2022-09-09T09:57:49.1840628Z Statuses: write
2022-09-09T09:57:49.1841030Z ##[endgroup]
2022-09-09T09:57:49.1845342Z Secret source: Actions
2022-09-09T09:57:49.1845887Z Prepare workflow directory
2022-09-09T09:57:49.2847127Z Prepare all required actions
2022-09-09T09:57:49.3065517Z Getting action download info
2022-09-09T09:57:49.6545890Z Download action repository 'actions/checkout@v2' (SHA:7884fcad6b5d53d10323aee724dc68d8b9096a2e)
2022-09-09T09:57:50.3467906Z Download action repository 'actions/setup-java@v3' (SHA:d854b6da19cdadd9a010605529e522c2393ebd38)
2022-09-09T09:57:51.2301374Z ##[group]Run actions/checkout@v2
2022-09-09T09:57:51.2301742Z with:
2022-09-09T09:57:51.2302054Z   repository: alibaba/transmittable-thread-local
2022-09-09T09:57:51.2302656Z   token: ***
2022-09-09T09:57:51.2302943Z   ssh-strict: true
2022-09-09T09:57:51.2303221Z   persist-credentials: true
2022-09-09T09:57:51.2303478Z   clean: true
2022-09-09T09:57:51.2303718Z   fetch-depth: 1
2022-09-09T09:57:51.2303955Z   lfs: false
2022-09-09T09:57:51.2304175Z   submodules: false
2022-09-09T09:57:51.2304441Z   set-safe-directory: true
2022-09-09T09:57:51.2304713Z ##[endgroup]
2022-09-09T09:57:51.5869129Z Syncing repository: alibaba/transmittable-thread-local
2022-09-09T09:57:51.5949363Z ##[group]Getting Git version info
2022-09-09T09:57:51.5950194Z Working directory is '/home/runner/work/transmittable-thread-local/transmittable-thread-local'
2022-09-09T09:57:51.5993140Z [command]/usr/bin/git version
2022-09-09T09:57:51.6183532Z git version 2.37.3
2022-09-09T09:57:51.6208144Z ##[endgroup]
2022-09-09T09:57:51.6230775Z Temporarily overriding HOME='/home/runner/work/_temp/f7754f47-2462-4e97-8018-74a62e64268f' before making global git config changes
2022-09-09T09:57:51.6231668Z Adding repository directory to the temporary git global config as a safe directory
2022-09-09T09:57:51.6233034Z [command]/usr/bin/git config --global --add safe.directory /home/runner/work/transmittable-thread-local/transmittable-thread-local
2022-09-09T09:57:51.6285526Z Deleting the contents of '/home/runner/work/transmittable-thread-local/transmittable-thread-local'
2022-09-09T09:57:51.6290589Z ##[group]Initializing the repository
2022-09-09T09:57:51.6294866Z [command]/usr/bin/git init /home/runner/work/transmittable-thread-local/transmittable-thread-local
2022-09-09T09:57:51.6424856Z hint: Using 'master' as the name for the initial branch. This default branch name
2022-09-09T09:57:51.6425610Z hint: is subject to change. To configure the initial branch name to use in all
2022-09-09T09:57:51.6426517Z hint: of your new repositories, which will suppress this warning, call:
2022-09-09T09:57:51.6427613Z hint: 
2022-09-09T09:57:51.6428675Z hint: 	git config --global init.defaultBranch <name>
2022-09-09T09:57:51.6429214Z hint: 
2022-09-09T09:57:51.6430280Z hint: Names commonly chosen instead of 'master' are 'main', 'trunk' and
2022-09-09T09:57:51.6431089Z hint: 'development'. The just-created branch can be renamed via this command:
2022-09-09T09:57:51.6432428Z hint: 
2022-09-09T09:57:51.6433445Z hint: 	git branch -m <name>
2022-09-09T09:57:51.6438095Z Initialized empty Git repository in /home/runner/work/transmittable-thread-local/transmittable-thread-local/.git/
2022-09-09T09:57:51.6448087Z [command]/usr/bin/git remote add origin https://github.com/alibaba/transmittable-thread-local
2022-09-09T09:57:51.6499671Z ##[endgroup]
2022-09-09T09:57:51.6500789Z ##[group]Disabling automatic garbage collection
2022-09-09T09:57:51.6505847Z [command]/usr/bin/git config --local gc.auto 0
2022-09-09T09:57:51.6542604Z ##[endgroup]
2022-09-09T09:57:51.6543515Z ##[group]Setting up auth
2022-09-09T09:57:51.6552063Z [command]/usr/bin/git config --local --name-only --get-regexp core\.sshCommand
2022-09-09T09:57:51.6591709Z [command]/usr/bin/git submodule foreach --recursive git config --local --name-only --get-regexp 'core\.sshCommand' && git config --local --unset-all 'core.sshCommand' || :
2022-09-09T09:57:51.7079679Z [command]/usr/bin/git config --local --name-only --get-regexp http\.https\:\/\/github\.com\/\.extraheader
2022-09-09T09:57:51.7124388Z [command]/usr/bin/git submodule foreach --recursive git config --local --name-only --get-regexp 'http\.https\:\/\/github\.com\/\.extraheader' && git config --local --unset-all 'http.https://github.com/.extraheader' || :
2022-09-09T09:57:51.7409041Z [command]/usr/bin/git config --local http.https://github.com/.extraheader AUTHORIZATION: basic ***
2022-09-09T09:57:51.7468649Z ##[endgroup]
2022-09-09T09:57:51.7469757Z ##[group]Fetching the repository
2022-09-09T09:57:51.7471828Z [command]/usr/bin/git -c protocol.version=2 fetch --no-tags --prune --progress --no-recurse-submodules --depth=1 origin +cf6f0594a2382cb50cedc706411d52fd37346389:refs/remotes/origin/wip-v3
2022-09-09T09:57:52.0906974Z remote: Enumerating objects: 469, done.        
2022-09-09T09:57:52.0912848Z remote: Counting objects:   0% (1/469)        
2022-09-09T09:57:52.0914352Z remote: Counting objects:   1% (5/469)        
2022-09-09T09:57:52.0914904Z remote: Counting objects:   2% (10/469)        
2022-09-09T09:57:52.0915903Z remote: Counting objects:   3% (15/469)        
2022-09-09T09:57:52.0916430Z remote: Counting objects:   4% (19/469)        
2022-09-09T09:57:52.0917405Z remote: Counting objects:   5% (24/469)        
2022-09-09T09:57:52.0917977Z remote: Counting objects:   6% (29/469)        
2022-09-09T09:57:52.0918883Z remote: Counting objects:   7% (33/469)        
2022-09-09T09:57:52.0919383Z remote: Counting objects:   8% (38/469)        
2022-09-09T09:57:52.0920410Z remote: Counting objects:   9% (43/469)        
2022-09-09T09:57:52.0920923Z remote: Counting objects:  10% (47/469)        
2022-09-09T09:57:52.0922212Z remote: Counting objects:  11% (52/469)        
2022-09-09T09:57:52.0922717Z remote: Counting objects:  12% (57/469)        
2022-09-09T09:57:52.0923688Z remote: Counting objects:  13% (61/469)        
2022-09-09T09:57:52.0924165Z remote: Counting objects:  14% (66/469)        
2022-09-09T09:57:52.0924585Z remote: Counting objects:  15% (71/469)        
2022-09-09T09:57:52.0927342Z remote: Counting objects:  16% (76/469)        
2022-09-09T09:57:52.0927898Z remote: Counting objects:  17% (80/469)        
2022-09-09T09:57:52.0928303Z remote: Counting objects:  18% (85/469)        
2022-09-09T09:57:52.0930026Z remote: Counting objects:  19% (90/469)        
2022-09-09T09:57:52.0930632Z remote: Counting objects:  20% (94/469)        
2022-09-09T09:57:52.0932152Z remote: Counting objects:  21% (99/469)        
2022-09-09T09:57:52.0932713Z remote: Counting objects:  22% (104/469)        
2022-09-09T09:57:52.0934209Z remote: Counting objects:  23% (108/469)        
2022-09-09T09:57:52.0935122Z remote: Counting objects:  24% (113/469)        
2022-09-09T09:57:52.0936346Z remote: Counting objects:  25% (118/469)        
2022-09-09T09:57:52.0936831Z remote: Counting objects:  26% (122/469)        
2022-09-09T09:57:52.0938573Z remote: Counting objects:  27% (127/469)        
2022-09-09T09:57:52.0939093Z remote: Counting objects:  28% (132/469)        
2022-09-09T09:57:52.0944293Z remote: Counting objects:  29% (137/469)        
2022-09-09T09:57:52.0946032Z remote: Counting objects:  30% (141/469)        
2022-09-09T09:57:52.0946724Z remote: Counting objects:  31% (146/469)        
2022-09-09T09:57:52.0947305Z remote: Counting objects:  32% (151/469)        
2022-09-09T09:57:52.0947942Z remote: Counting objects:  33% (155/469)        
2022-09-09T09:57:52.0948506Z remote: Counting objects:  34% (160/469)        
2022-09-09T09:57:52.0949081Z remote: Counting objects:  35% (165/469)        
2022-09-09T09:57:52.0949808Z remote: Counting objects:  36% (169/469)        
2022-09-09T09:57:52.0950365Z remote: Counting objects:  37% (174/469)        
2022-09-09T09:57:52.0951191Z remote: Counting objects:  38% (179/469)        
2022-09-09T09:57:52.0951901Z remote: Counting objects:  39% (183/469)        
2022-09-09T09:57:52.0952610Z remote: Counting objects:  40% (188/469)        
2022-09-09T09:57:52.0953291Z remote: Counting objects:  41% (193/469)        
2022-09-09T09:57:52.0953962Z remote: Counting objects:  42% (197/469)        
2022-09-09T09:57:52.0954618Z remote: Counting objects:  43% (202/469)        
2022-09-09T09:57:52.0955318Z remote: Counting objects:  44% (207/469)        
2022-09-09T09:57:52.0956095Z remote: Counting objects:  45% (212/469)        
2022-09-09T09:57:52.0956763Z remote: Counting objects:  46% (216/469)        
2022-09-09T09:57:52.0957468Z remote: Counting objects:  47% (221/469)        
2022-09-09T09:57:52.0958118Z remote: Counting objects:  48% (226/469)        
2022-09-09T09:57:52.0959099Z remote: Counting objects:  49% (230/469)        
2022-09-09T09:57:52.0959568Z remote: Counting objects:  50% (235/469)        
2022-09-09T09:57:52.0960258Z remote: Counting objects:  51% (240/469)        
2022-09-09T09:57:52.0960928Z remote: Counting objects:  52% (244/469)        
2022-09-09T09:57:52.0961612Z remote: Counting objects:  53% (249/469)        
2022-09-09T09:57:52.0962419Z remote: Counting objects:  54% (254/469)        
2022-09-09T09:57:52.0963096Z remote: Counting objects:  55% (258/469)        
2022-09-09T09:57:52.0963861Z remote: Counting objects:  56% (263/469)        
2022-09-09T09:57:52.0964503Z remote: Counting objects:  57% (268/469)        
2022-09-09T09:57:52.0965177Z remote: Counting objects:  58% (273/469)        
2022-09-09T09:57:52.0965859Z remote: Counting objects:  59% (277/469)        
2022-09-09T09:57:52.0966534Z remote: Counting objects:  60% (282/469)        
2022-09-09T09:57:52.0967194Z remote: Counting objects:  61% (287/469)        
2022-09-09T09:57:52.0968125Z remote: Counting objects:  62% (291/469)        
2022-09-09T09:57:52.0968818Z remote: Counting objects:  63% (296/469)        
2022-09-09T09:57:52.0969535Z remote: Counting objects:  64% (301/469)        
2022-09-09T09:57:52.0970193Z remote: Counting objects:  65% (305/469)        
2022-09-09T09:57:52.0970775Z remote: Counting objects:  66% (310/469)        
2022-09-09T09:57:52.0971452Z remote: Counting objects:  67% (315/469)        
2022-09-09T09:57:52.0972103Z remote: Counting objects:  68% (319/469)        
2022-09-09T09:57:52.0972934Z remote: Counting objects:  69% (324/469)        
2022-09-09T09:57:52.0973511Z remote: Counting objects:  70% (329/469)        
2022-09-09T09:57:52.0974218Z remote: Counting objects:  71% (333/469)        
2022-09-09T09:57:52.0974874Z remote: Counting objects:  72% (338/469)        
2022-09-09T09:57:52.0975574Z remote: Counting objects:  73% (343/469)        
2022-09-09T09:57:52.0976586Z remote: Counting objects:  74% (348/469)        
2022-09-09T09:57:52.0977208Z remote: Counting objects:  75% (352/469)        
2022-09-09T09:57:52.0977845Z remote: Counting objects:  76% (357/469)        
2022-09-09T09:57:52.0978158Z remote: Counting objects:  77% (362/469)        
2022-09-09T09:57:52.0978488Z remote: Counting objects:  78% (366/469)        
2022-09-09T09:57:52.0978785Z remote: Counting objects:  79% (371/469)        
2022-09-09T09:57:52.0979096Z remote: Counting objects:  80% (376/469)        
2022-09-09T09:57:52.0979562Z remote: Counting objects:  81% (380/469)        
2022-09-09T09:57:52.0979869Z remote: Counting objects:  82% (385/469)        
2022-09-09T09:57:52.0980181Z remote: Counting objects:  83% (390/469)        
2022-09-09T09:57:52.0980502Z remote: Counting objects:  84% (394/469)        
2022-09-09T09:57:52.0981016Z remote: Counting objects:  85% (399/469)        
2022-09-09T09:57:52.0981718Z remote: Counting objects:  86% (404/469)        
2022-09-09T09:57:52.0982032Z remote: Counting objects:  87% (409/469)        
2022-09-09T09:57:52.0982433Z remote: Counting objects:  88% (413/469)        
2022-09-09T09:57:52.0983005Z remote: Counting objects:  89% (418/469)        
2022-09-09T09:57:52.0983324Z remote: Counting objects:  90% (423/469)        
2022-09-09T09:57:52.0983636Z remote: Counting objects:  91% (427/469)        
2022-09-09T09:57:52.0984069Z remote: Counting objects:  92% (432/469)        
2022-09-09T09:57:52.0984944Z remote: Counting objects:  93% (437/469)        
2022-09-09T09:57:52.0985589Z remote: Counting objects:  94% (441/469)        
2022-09-09T09:57:52.0986033Z remote: Counting objects:  95% (446/469)        
2022-09-09T09:57:52.0986442Z remote: Counting objects:  96% (451/469)        
2022-09-09T09:57:52.0987131Z remote: Counting objects:  97% (455/469)        
2022-09-09T09:57:52.0987890Z remote: Counting objects:  98% (460/469)        
2022-09-09T09:57:52.0988317Z remote: Counting objects:  99% (465/469)        
2022-09-09T09:57:52.0988618Z remote: Counting objects: 100% (469/469)        
2022-09-09T09:57:52.0989045Z remote: Counting objects: 100% (469/469), done.        
2022-09-09T09:57:52.0990160Z remote: Compressing objects:   0% (1/331)        
2022-09-09T09:57:52.0990787Z remote: Compressing objects:   1% (4/331)        
2022-09-09T09:57:52.0991224Z remote: Compressing objects:   2% (7/331)        
2022-09-09T09:57:52.0991660Z remote: Compressing objects:   3% (10/331)        
2022-09-09T09:57:52.0992428Z remote: Compressing objects:   4% (14/331)        
2022-09-09T09:57:52.0993060Z remote: Compressing objects:   5% (17/331)        
2022-09-09T09:57:52.0993702Z remote: Compressing objects:   6% (20/331)        
2022-09-09T09:57:52.0994341Z remote: Compressing objects:   7% (24/331)        
2022-09-09T09:57:52.0994995Z remote: Compressing objects:   8% (27/331)        
2022-09-09T09:57:52.0995617Z remote: Compressing objects:   9% (30/331)        
2022-09-09T09:57:52.0996254Z remote: Compressing objects:  10% (34/331)        
2022-09-09T09:57:52.1190949Z remote: Compressing objects:  11% (37/331)        
2022-09-09T09:57:52.1191493Z remote: Compressing objects:  12% (40/331)        
2022-09-09T09:57:52.1192311Z remote: Compressing objects:  13% (44/331)        
2022-09-09T09:57:52.1192987Z remote: Compressing objects:  14% (47/331)        
2022-09-09T09:57:52.1194125Z remote: Compressing objects:  15% (50/331)        
2022-09-09T09:57:52.1194595Z remote: Compressing objects:  16% (53/331)        
2022-09-09T09:57:52.1195426Z remote: Compressing objects:  17% (57/331)        
2022-09-09T09:57:52.1195842Z remote: Compressing objects:  18% (60/331)        
2022-09-09T09:57:52.1196450Z remote: Compressing objects:  19% (63/331)        
2022-09-09T09:57:52.1197414Z remote: Compressing objects:  20% (67/331)        
2022-09-09T09:57:52.1198180Z remote: Compressing objects:  21% (70/331)        
2022-09-09T09:57:52.1199019Z remote: Compressing objects:  22% (73/331)        
2022-09-09T09:57:52.1199899Z remote: Compressing objects:  23% (77/331)        
2022-09-09T09:57:52.1200637Z remote: Compressing objects:  24% (80/331)        
2022-09-09T09:57:52.1201472Z remote: Compressing objects:  25% (83/331)        
2022-09-09T09:57:52.1202245Z remote: Compressing objects:  26% (87/331)        
2022-09-09T09:57:52.1203044Z remote: Compressing objects:  27% (90/331)        
2022-09-09T09:57:52.1203949Z remote: Compressing objects:  28% (93/331)        
2022-09-09T09:57:52.1204627Z remote: Compressing objects:  29% (96/331)        
2022-09-09T09:57:52.1205606Z remote: Compressing objects:  30% (100/331)        
2022-09-09T09:57:52.1206243Z remote: Compressing objects:  31% (103/331)        
2022-09-09T09:57:52.1207299Z remote: Compressing objects:  32% (106/331)        
2022-09-09T09:57:52.1207972Z remote: Compressing objects:  33% (110/331)        
2022-09-09T09:57:52.1208784Z remote: Compressing objects:  34% (113/331)        
2022-09-09T09:57:52.1209681Z remote: Compressing objects:  35% (116/331)        
2022-09-09T09:57:52.1210440Z remote: Compressing objects:  36% (120/331)        
2022-09-09T09:57:52.1211290Z remote: Compressing objects:  37% (123/331)        
2022-09-09T09:57:52.1211974Z remote: Compressing objects:  38% (126/331)        
2022-09-09T09:57:52.1212617Z remote: Compressing objects:  39% (130/331)        
2022-09-09T09:57:52.1213361Z remote: Compressing objects:  40% (133/331)        
2022-09-09T09:57:52.1214289Z remote: Compressing objects:  41% (136/331)        
2022-09-09T09:57:52.1215036Z remote: Compressing objects:  42% (140/331)        
2022-09-09T09:57:52.1215856Z remote: Compressing objects:  43% (143/331)        
2022-09-09T09:57:52.1216499Z remote: Compressing objects:  44% (146/331)        
2022-09-09T09:57:52.1217347Z remote: Compressing objects:  45% (149/331)        
2022-09-09T09:57:52.1218188Z remote: Compressing objects:  46% (153/331)        
2022-09-09T09:57:52.1218931Z remote: Compressing objects:  47% (156/331)        
2022-09-09T09:57:52.1219753Z remote: Compressing objects:  48% (159/331)        
2022-09-09T09:57:52.1263147Z remote: Compressing objects:  49% (163/331)        
2022-09-09T09:57:52.1264061Z remote: Compressing objects:  50% (166/331)        
2022-09-09T09:57:52.1265482Z remote: Compressing objects:  51% (169/331)        
2022-09-09T09:57:52.1265968Z remote: Compressing objects:  52% (173/331)        
2022-09-09T09:57:52.1267025Z remote: Compressing objects:  53% (176/331)        
2022-09-09T09:57:52.1268221Z remote: Compressing objects:  54% (179/331)        
2022-09-09T09:57:52.1269022Z remote: Compressing objects:  55% (183/331)        
2022-09-09T09:57:52.1271622Z remote: Compressing objects:  56% (186/331)        
2022-09-09T09:57:52.1272756Z remote: Compressing objects:  57% (189/331)        
2022-09-09T09:57:52.1273534Z remote: Compressing objects:  58% (192/331)        
2022-09-09T09:57:52.1274335Z remote: Compressing objects:  59% (196/331)        
2022-09-09T09:57:52.1275192Z remote: Compressing objects:  60% (199/331)        
2022-09-09T09:57:52.1275985Z remote: Compressing objects:  61% (202/331)        
2022-09-09T09:57:52.1276890Z remote: Compressing objects:  62% (206/331)        
2022-09-09T09:57:52.1277808Z remote: Compressing objects:  63% (209/331)        
2022-09-09T09:57:52.1278506Z remote: Compressing objects:  64% (212/331)        
2022-09-09T09:57:52.1279287Z remote: Compressing objects:  65% (216/331)        
2022-09-09T09:57:52.1280052Z remote: Compressing objects:  66% (219/331)        
2022-09-09T09:57:52.1280929Z remote: Compressing objects:  67% (222/331)        
2022-09-09T09:57:52.1281883Z remote: Compressing objects:  68% (226/331)        
2022-09-09T09:57:52.1302835Z remote: Compressing objects:  69% (229/331)        
2022-09-09T09:57:52.1303375Z remote: Compressing objects:  70% (232/331)        
2022-09-09T09:57:52.1304111Z remote: Compressing objects:  71% (236/331)        
2022-09-09T09:57:52.1305135Z remote: Compressing objects:  72% (239/331)        
2022-09-09T09:57:52.1306039Z remote: Compressing objects:  73% (242/331)        
2022-09-09T09:57:52.1306906Z remote: Compressing objects:  74% (245/331)        
2022-09-09T09:57:52.1307772Z remote: Compressing objects:  75% (249/331)        
2022-09-09T09:57:52.1308606Z remote: Compressing objects:  76% (252/331)        
2022-09-09T09:57:52.1309253Z remote: Compressing objects:  77% (255/331)        
2022-09-09T09:57:52.1310236Z remote: Compressing objects:  78% (259/331)        
2022-09-09T09:57:52.1310871Z remote: Compressing objects:  79% (262/331)        
2022-09-09T09:57:52.1311686Z remote: Compressing objects:  80% (265/331)        
2022-09-09T09:57:52.1312505Z remote: Compressing objects:  81% (269/331)        
2022-09-09T09:57:52.1313336Z remote: Compressing objects:  82% (272/331)        
2022-09-09T09:57:52.1314007Z remote: Compressing objects:  83% (275/331)        
2022-09-09T09:57:52.1314885Z remote: Compressing objects:  84% (279/331)        
2022-09-09T09:57:52.1315792Z remote: Compressing objects:  85% (282/331)        
2022-09-09T09:57:52.1316930Z remote: Compressing objects:  86% (285/331)        
2022-09-09T09:57:52.1321211Z remote: Compressing objects:  87% (288/331)        
2022-09-09T09:57:52.1322370Z remote: Compressing objects:  88% (292/331)        
2022-09-09T09:57:52.1323761Z remote: Compressing objects:  89% (295/331)        
2022-09-09T09:57:52.1325122Z remote: Compressing objects:  90% (298/331)        
2022-09-09T09:57:52.1326511Z remote: Compressing objects:  91% (302/331)        
2022-09-09T09:57:52.1327468Z remote: Compressing objects:  92% (305/331)        
2022-09-09T09:57:52.1328796Z remote: Compressing objects:  93% (308/331)        
2022-09-09T09:57:52.1329751Z remote: Compressing objects:  94% (312/331)        
2022-09-09T09:57:52.1331101Z remote: Compressing objects:  95% (315/331)        
2022-09-09T09:57:52.1332027Z remote: Compressing objects:  96% (318/331)        
2022-09-09T09:57:52.1333348Z remote: Compressing objects:  97% (322/331)        
2022-09-09T09:57:52.1334239Z remote: Compressing objects:  98% (325/331)        
2022-09-09T09:57:52.1335581Z remote: Compressing objects:  99% (328/331)        
2022-09-09T09:57:52.1337494Z remote: Compressing objects: 100% (331/331)        
2022-09-09T09:57:52.1339172Z remote: Compressing objects: 100% (331/331), done.        
2022-09-09T09:57:52.1366965Z Receiving objects:   0% (1/469)
2022-09-09T09:57:52.1367588Z Receiving objects:   1% (5/469)
2022-09-09T09:57:52.1692858Z Receiving objects:   2% (10/469)
2022-09-09T09:57:52.1976821Z Receiving objects:   3% (15/469)
2022-09-09T09:57:52.2053633Z Receiving objects:   4% (19/469)
2022-09-09T09:57:52.2247892Z Receiving objects:   5% (24/469)
2022-09-09T09:57:52.2250909Z Receiving objects:   6% (29/469)
2022-09-09T09:57:52.2265064Z Receiving objects:   7% (33/469)
2022-09-09T09:57:52.2265784Z Receiving objects:   8% (38/469)
2022-09-09T09:57:52.2267320Z Receiving objects:   9% (43/469)
2022-09-09T09:57:52.2344751Z Receiving objects:  10% (47/469)
2022-09-09T09:57:52.2346015Z Receiving objects:  11% (52/469)
2022-09-09T09:57:52.2351163Z Receiving objects:  12% (57/469)
2022-09-09T09:57:52.2351486Z Receiving objects:  13% (61/469)
2022-09-09T09:57:52.2360259Z Receiving objects:  14% (66/469)
2022-09-09T09:57:52.2361777Z Receiving objects:  15% (71/469)
2022-09-09T09:57:52.2362119Z Receiving objects:  16% (76/469)
2022-09-09T09:57:52.2362390Z Receiving objects:  17% (80/469)
2022-09-09T09:57:52.2362665Z Receiving objects:  18% (85/469)
2022-09-09T09:57:52.2362943Z Receiving objects:  19% (90/469)
2022-09-09T09:57:52.2363206Z Receiving objects:  20% (94/469)
2022-09-09T09:57:52.2363479Z Receiving objects:  21% (99/469)
2022-09-09T09:57:52.2363758Z Receiving objects:  22% (104/469)
2022-09-09T09:57:52.2364233Z Receiving objects:  23% (108/469)
2022-09-09T09:57:52.2382935Z Receiving objects:  24% (113/469)
2022-09-09T09:57:52.2385373Z Receiving objects:  25% (118/469)
2022-09-09T09:57:52.2387183Z Receiving objects:  26% (122/469)
2022-09-09T09:57:52.2407696Z Receiving objects:  27% (127/469)
2022-09-09T09:57:52.2408192Z Receiving objects:  28% (132/469)
2022-09-09T09:57:52.2440753Z Receiving objects:  29% (137/469)
2022-09-09T09:57:52.2441084Z Receiving objects:  30% (141/469)
2022-09-09T09:57:52.2441760Z Receiving objects:  31% (146/469)
2022-09-09T09:57:52.2442072Z Receiving objects:  32% (151/469)
2022-09-09T09:57:52.2442593Z Receiving objects:  33% (155/469)
2022-09-09T09:57:52.2442857Z Receiving objects:  34% (160/469)
2022-09-09T09:57:52.2443133Z Receiving objects:  35% (165/469)
2022-09-09T09:57:52.2443409Z Receiving objects:  36% (169/469)
2022-09-09T09:57:52.2443673Z Receiving objects:  37% (174/469)
2022-09-09T09:57:52.2443946Z Receiving objects:  38% (179/469)
2022-09-09T09:57:52.2444218Z Receiving objects:  39% (183/469)
2022-09-09T09:57:52.2444479Z Receiving objects:  40% (188/469)
2022-09-09T09:57:52.2444753Z Receiving objects:  41% (193/469)
2022-09-09T09:57:52.2445024Z Receiving objects:  42% (197/469)
2022-09-09T09:57:52.2445281Z Receiving objects:  43% (202/469)
2022-09-09T09:57:52.2445565Z Receiving objects:  44% (207/469)
2022-09-09T09:57:52.2445837Z Receiving objects:  45% (212/469)
2022-09-09T09:57:52.2446652Z Receiving objects:  46% (216/469)
2022-09-09T09:57:52.2446917Z Receiving objects:  47% (221/469)
2022-09-09T09:57:52.2447296Z Receiving objects:  48% (226/469)
2022-09-09T09:57:52.2448021Z remote: Total 469 (delta 111), reused 308 (delta 44), pack-reused 0        
2022-09-09T09:57:52.2458243Z Receiving objects:  49% (230/469)
2022-09-09T09:57:52.2458653Z Receiving objects:  50% (235/469)
2022-09-09T09:57:52.2458943Z Receiving objects:  51% (240/469)
2022-09-09T09:57:52.2459207Z Receiving objects:  52% (244/469)
2022-09-09T09:57:52.2459721Z Receiving objects:  53% (249/469)
2022-09-09T09:57:52.2460005Z Receiving objects:  54% (254/469)
2022-09-09T09:57:52.2460265Z Receiving objects:  55% (258/469)
2022-09-09T09:57:52.2460541Z Receiving objects:  56% (263/469)
2022-09-09T09:57:52.2460812Z Receiving objects:  57% (268/469)
2022-09-09T09:57:52.2461086Z Receiving objects:  58% (273/469)
2022-09-09T09:57:52.2461346Z Receiving objects:  59% (277/469)
2022-09-09T09:57:52.2461616Z Receiving objects:  60% (282/469)
2022-09-09T09:57:52.2462537Z Receiving objects:  61% (287/469)
2022-09-09T09:57:52.2462802Z Receiving objects:  62% (291/469)
2022-09-09T09:57:52.2463651Z Receiving objects:  63% (296/469)
2022-09-09T09:57:52.2463952Z Receiving objects:  64% (301/469)
2022-09-09T09:57:52.2464212Z Receiving objects:  65% (305/469)
2022-09-09T09:57:52.2464480Z Receiving objects:  66% (310/469)
2022-09-09T09:57:52.2464753Z Receiving objects:  67% (315/469)
2022-09-09T09:57:52.2465011Z Receiving objects:  68% (319/469)
2022-09-09T09:57:52.2465283Z Receiving objects:  69% (324/469)
2022-09-09T09:57:52.2465551Z Receiving objects:  70% (329/469)
2022-09-09T09:57:52.2465825Z Receiving objects:  71% (333/469)
2022-09-09T09:57:52.2466517Z Receiving objects:  72% (338/469)
2022-09-09T09:57:52.2466790Z Receiving objects:  73% (343/469)
2022-09-09T09:57:52.2467060Z Receiving objects:  74% (348/469)
2022-09-09T09:57:52.2468758Z Receiving objects:  75% (352/469)
2022-09-09T09:57:52.2470273Z Receiving objects:  76% (357/469)
2022-09-09T09:57:52.2471203Z Receiving objects:  77% (362/469)
2022-09-09T09:57:52.2476500Z Receiving objects:  78% (366/469)
2022-09-09T09:57:52.2478307Z Receiving objects:  79% (371/469)
2022-09-09T09:57:52.2482076Z Receiving objects:  80% (376/469)
2022-09-09T09:57:52.2484188Z Receiving objects:  81% (380/469)
2022-09-09T09:57:52.2484470Z Receiving objects:  82% (385/469)
2022-09-09T09:57:52.2484745Z Receiving objects:  83% (390/469)
2022-09-09T09:57:52.2485021Z Receiving objects:  84% (394/469)
2022-09-09T09:57:52.2485281Z Receiving objects:  85% (399/469)
2022-09-09T09:57:52.2485556Z Receiving objects:  86% (404/469)
2022-09-09T09:57:52.2485831Z Receiving objects:  87% (409/469)
2022-09-09T09:57:52.2486088Z Receiving objects:  88% (413/469)
2022-09-09T09:57:52.2486358Z Receiving objects:  89% (418/469)
2022-09-09T09:57:52.2486630Z Receiving objects:  90% (423/469)
2022-09-09T09:57:52.2487299Z Receiving objects:  91% (427/469)
2022-09-09T09:57:52.2487562Z Receiving objects:  92% (432/469)
2022-09-09T09:57:52.2487835Z Receiving objects:  93% (437/469)
2022-09-09T09:57:52.2491982Z Receiving objects:  94% (441/469)
2022-09-09T09:57:52.2496237Z Receiving objects:  95% (446/469)
2022-09-09T09:57:52.2496999Z Receiving objects:  96% (451/469)
2022-09-09T09:57:52.2497385Z Receiving objects:  97% (455/469)
2022-09-09T09:57:52.2497742Z Receiving objects:  98% (460/469)
2022-09-09T09:57:52.2498832Z Receiving objects:  99% (465/469)
2022-09-09T09:57:52.2499326Z Receiving objects: 100% (469/469)
2022-09-09T09:57:52.2500481Z Receiving objects: 100% (469/469), 408.75 KiB | 3.49 MiB/s, done.
2022-09-09T09:57:52.2506308Z Resolving deltas:   0% (0/111)
2022-09-09T09:57:52.2509080Z Resolving deltas:   1% (2/111)
2022-09-09T09:57:52.2511340Z Resolving deltas:   2% (3/111)
2022-09-09T09:57:52.2512102Z Resolving deltas:   3% (4/111)
2022-09-09T09:57:52.2515335Z Resolving deltas:   4% (5/111)
2022-09-09T09:57:52.2517151Z Resolving deltas:   5% (6/111)
2022-09-09T09:57:52.2520501Z Resolving deltas:   6% (7/111)
2022-09-09T09:57:52.2521356Z Resolving deltas:   7% (8/111)
2022-09-09T09:57:52.2523753Z Resolving deltas:   8% (9/111)
2022-09-09T09:57:52.2526578Z Resolving deltas:   9% (10/111)
2022-09-09T09:57:52.2530035Z Resolving deltas:  10% (12/111)
2022-09-09T09:57:52.2530574Z Resolving deltas:  11% (13/111)
2022-09-09T09:57:52.2531642Z Resolving deltas:  12% (14/111)
2022-09-09T09:57:52.2533203Z Resolving deltas:  13% (15/111)
2022-09-09T09:57:52.2533934Z Resolving deltas:  14% (16/111)
2022-09-09T09:57:52.2535379Z Resolving deltas:  15% (17/111)
2022-09-09T09:57:52.2539298Z Resolving deltas:  16% (18/111)
2022-09-09T09:57:52.2540239Z Resolving deltas:  17% (19/111)
2022-09-09T09:57:52.2540864Z Resolving deltas:  18% (20/111)
2022-09-09T09:57:52.2543117Z Resolving deltas:  19% (22/111)
2022-09-09T09:57:52.2544887Z Resolving deltas:  20% (23/111)
2022-09-09T09:57:52.2547252Z Resolving deltas:  21% (24/111)
2022-09-09T09:57:52.2547772Z Resolving deltas:  22% (25/111)
2022-09-09T09:57:52.2548761Z Resolving deltas:  23% (26/111)
2022-09-09T09:57:52.2551537Z Resolving deltas:  24% (27/111)
2022-09-09T09:57:52.2553942Z Resolving deltas:  25% (28/111)
2022-09-09T09:57:52.2556006Z Resolving deltas:  26% (29/111)
2022-09-09T09:57:52.2560167Z Resolving deltas:  27% (30/111)
2022-09-09T09:57:52.2561605Z Resolving deltas:  28% (32/111)
2022-09-09T09:57:52.2563097Z Resolving deltas:  29% (33/111)
2022-09-09T09:57:52.2565231Z Resolving deltas:  30% (34/111)
2022-09-09T09:57:52.2567161Z Resolving deltas:  31% (35/111)
2022-09-09T09:57:52.2568723Z Resolving deltas:  32% (36/111)
2022-09-09T09:57:52.2570273Z Resolving deltas:  33% (37/111)
2022-09-09T09:57:52.2571739Z Resolving deltas:  34% (38/111)
2022-09-09T09:57:52.2573388Z Resolving deltas:  35% (39/111)
2022-09-09T09:57:52.2579188Z Resolving deltas:  36% (40/111)
2022-09-09T09:57:52.2581128Z Resolving deltas:  37% (42/111)
2022-09-09T09:57:52.2581624Z Resolving deltas:  38% (43/111)
2022-09-09T09:57:52.2583238Z Resolving deltas:  39% (44/111)
2022-09-09T09:57:52.2584850Z Resolving deltas:  40% (45/111)
2022-09-09T09:57:52.2585864Z Resolving deltas:  41% (46/111)
2022-09-09T09:57:52.2587030Z Resolving deltas:  42% (47/111)
2022-09-09T09:57:52.2590293Z Resolving deltas:  43% (48/111)
2022-09-09T09:57:52.2591806Z Resolving deltas:  44% (49/111)
2022-09-09T09:57:52.2592511Z Resolving deltas:  45% (50/111)
2022-09-09T09:57:52.2594467Z Resolving deltas:  46% (52/111)
2022-09-09T09:57:52.2596652Z Resolving deltas:  47% (53/111)
2022-09-09T09:57:52.2598461Z Resolving deltas:  48% (54/111)
2022-09-09T09:57:52.2599960Z Resolving deltas:  49% (55/111)
2022-09-09T09:57:52.2601060Z Resolving deltas:  50% (56/111)
2022-09-09T09:57:52.2602162Z Resolving deltas:  51% (57/111)
2022-09-09T09:57:52.2602443Z Resolving deltas:  52% (58/111)
2022-09-09T09:57:52.2603740Z Resolving deltas:  53% (59/111)
2022-09-09T09:57:52.2605719Z Resolving deltas:  54% (60/111)
2022-09-09T09:57:52.2607764Z Resolving deltas:  55% (62/111)
2022-09-09T09:57:52.2610375Z Resolving deltas:  56% (63/111)
2022-09-09T09:57:52.2615230Z Resolving deltas:  57% (64/111)
2022-09-09T09:57:52.2615546Z Resolving deltas:  58% (65/111)
2022-09-09T09:57:52.2615824Z Resolving deltas:  59% (66/111)
2022-09-09T09:57:52.2616092Z Resolving deltas:  60% (67/111)
2022-09-09T09:57:52.2616583Z Resolving deltas:  61% (68/111)
2022-09-09T09:57:52.2616855Z Resolving deltas:  62% (69/111)
2022-09-09T09:57:52.2620620Z Resolving deltas:  63% (70/111)
2022-09-09T09:57:52.2620905Z Resolving deltas:  64% (72/111)
2022-09-09T09:57:52.2624196Z Resolving deltas:  65% (73/111)
2022-09-09T09:57:52.2624483Z Resolving deltas:  66% (74/111)
2022-09-09T09:57:52.2624746Z Resolving deltas:  67% (75/111)
2022-09-09T09:57:52.2625020Z Resolving deltas:  68% (76/111)
2022-09-09T09:57:52.2625293Z Resolving deltas:  69% (77/111)
2022-09-09T09:57:52.2625548Z Resolving deltas:  70% (78/111)
2022-09-09T09:57:52.2625816Z Resolving deltas:  71% (79/111)
2022-09-09T09:57:52.2626086Z Resolving deltas:  72% (80/111)
2022-09-09T09:57:52.2629263Z Resolving deltas:  73% (82/111)
2022-09-09T09:57:52.2629557Z Resolving deltas:  74% (83/111)
2022-09-09T09:57:52.2629833Z Resolving deltas:  75% (84/111)
2022-09-09T09:57:52.2630087Z Resolving deltas:  76% (85/111)
2022-09-09T09:57:52.2630377Z Resolving deltas:  77% (86/111)
2022-09-09T09:57:52.2630647Z Resolving deltas:  78% (87/111)
2022-09-09T09:57:52.2630917Z Resolving deltas:  79% (88/111)
2022-09-09T09:57:52.2631174Z Resolving deltas:  80% (89/111)
2022-09-09T09:57:52.2631444Z Resolving deltas:  81% (90/111)
2022-09-09T09:57:52.2631711Z Resolving deltas:  82% (92/111)
2022-09-09T09:57:52.2631966Z Resolving deltas:  83% (93/111)
2022-09-09T09:57:52.2632233Z Resolving deltas:  84% (94/111)
2022-09-09T09:57:52.2632503Z Resolving deltas:  85% (95/111)
2022-09-09T09:57:52.2632759Z Resolving deltas:  86% (96/111)
2022-09-09T09:57:52.2633027Z Resolving deltas:  87% (97/111)
2022-09-09T09:57:52.2633295Z Resolving deltas:  88% (98/111)
2022-09-09T09:57:52.2636143Z Resolving deltas:  89% (99/111)
2022-09-09T09:57:52.2643344Z Resolving deltas:  90% (101/111)
2022-09-09T09:57:52.2643776Z Resolving deltas:  91% (102/111)
2022-09-09T09:57:52.2644045Z Resolving deltas:  92% (103/111)
2022-09-09T09:57:52.2644480Z Resolving deltas:  93% (104/111)
2022-09-09T09:57:52.2644771Z Resolving deltas:  94% (105/111)
2022-09-09T09:57:52.2645033Z Resolving deltas:  95% (106/111)
2022-09-09T09:57:52.2645652Z Resolving deltas:  96% (107/111)
2022-09-09T09:57:52.2655733Z Resolving deltas:  97% (108/111)
2022-09-09T09:57:52.2656199Z Resolving deltas:  98% (109/111)
2022-09-09T09:57:52.2658950Z Resolving deltas:  99% (110/111)
2022-09-09T09:57:52.2659608Z Resolving deltas: 100% (111/111)
2022-09-09T09:57:52.2660543Z Resolving deltas: 100% (111/111), done.
2022-09-09T09:57:52.2796905Z From https://github.com/alibaba/transmittable-thread-local
2022-09-09T09:57:52.2797913Z  * [new ref]         cf6f0594a2382cb50cedc706411d52fd37346389 -> origin/wip-v3
2022-09-09T09:57:52.2822497Z ##[endgroup]
2022-09-09T09:57:52.2823369Z ##[group]Determining the checkout info
2022-09-09T09:57:52.2824874Z ##[endgroup]
2022-09-09T09:57:52.2825607Z ##[group]Checking out the ref
2022-09-09T09:57:52.2830493Z [command]/usr/bin/git checkout --progress --force -B wip-v3 refs/remotes/origin/wip-v3
2022-09-09T09:57:52.3108285Z Switched to a new branch 'wip-v3'
2022-09-09T09:57:52.3109431Z branch 'wip-v3' set up to track 'origin/wip-v3'.
2022-09-09T09:57:52.3110714Z ##[endgroup]
2022-09-09T09:57:52.3158864Z [command]/usr/bin/git log -1 --format='%H'
2022-09-09T09:57:52.3193563Z 'cf6f0594a2382cb50cedc706411d52fd37346389'
2022-09-09T09:57:52.3568178Z ##[group]Run actions/setup-java@v3
2022-09-09T09:57:52.3568603Z with:
2022-09-09T09:57:52.3568947Z   java-version: 8
2022-09-09T09:57:52.3569233Z   distribution: zulu
2022-09-09T09:57:52.3569636Z   cache: maven
2022-09-09T09:57:52.3569973Z   java-package: jdk
2022-09-09T09:57:52.3570257Z   architecture: x64
2022-09-09T09:57:52.3570609Z   check-latest: false
2022-09-09T09:57:52.3570943Z   server-id: github
2022-09-09T09:57:52.3571333Z   server-username: GITHUB_ACTOR
2022-09-09T09:57:52.3571676Z   server-password: GITHUB_TOKEN
2022-09-09T09:57:52.3572061Z   overwrite-settings: true
2022-09-09T09:57:52.3572411Z   job-status: success
2022-09-09T09:57:52.3572683Z ##[endgroup]
2022-09-09T09:57:52.7921552Z ##[group]Installed distributions
2022-09-09T09:57:52.7929708Z Trying to resolve the latest version from remote
2022-09-09T09:57:52.8860532Z Resolved latest version as 8.0.345+1
2022-09-09T09:57:52.8861961Z Trying to download...
2022-09-09T09:57:52.8864357Z Downloading Java 8.0.345+1 (Zulu) from https://cdn.azul.com/zulu/bin/zulu8.64.0.19-ca-jdk8.0.345-linux_x64.tar.gz ...
2022-09-09T09:57:53.7103053Z Extracting Java archive...
2022-09-09T09:57:53.7252901Z [command]/usr/bin/tar xz --warning=no-unknown-keyword -C /home/runner/work/_temp/727d44bb-1040-4200-9c02-eae94aea996f -f /home/runner/work/_temp/a0bc50d4-5623-43d8-8604-6817be6bce78
2022-09-09T09:57:56.3642276Z Java 8.0.345+1 was downloaded
2022-09-09T09:57:56.3643186Z Setting Java 8.0.345+1 as the default
2022-09-09T09:57:56.3654462Z 
2022-09-09T09:57:56.3661521Z 
2022-09-09T09:57:56.3663358Z 
2022-09-09T09:57:56.3664409Z 
2022-09-09T09:57:56.3665806Z Java configuration:
2022-09-09T09:57:56.3666309Z   Distribution: zulu
2022-09-09T09:57:56.3667084Z   Version: 8.0.345+1
2022-09-09T09:57:56.3667814Z   Path: /opt/hostedtoolcache/Java_Zulu_jdk/8.0.345-1/x64
2022-09-09T09:57:56.3668593Z 
2022-09-09T09:57:56.3669243Z ##[endgroup]
2022-09-09T09:57:56.3696784Z Creating settings.xml with server-id: github
2022-09-09T09:57:56.3766293Z Writing to /home/runner/.m2/settings.xml
2022-09-09T09:57:57.8358999Z Received 67108864 of 117620173 (57.1%), 63.9 MBs/sec
2022-09-09T09:57:58.1954934Z Received 117620173 of 117620173 (100.0%), 82.5 MBs/sec
2022-09-09T09:57:58.1959409Z Cache Size: ~112 MB (117620173 B)
2022-09-09T09:57:58.2006520Z [command]/usr/bin/tar --use-compress-program zstd -d -xf /home/runner/work/_temp/9469b357-46d4-4fb4-a015-33f6a3704f97/cache.tzst -P -C /home/runner/work/transmittable-thread-local/transmittable-thread-local
2022-09-09T09:57:58.5228086Z Cache restored successfully
2022-09-09T09:57:58.5432590Z 
2022-09-09T09:57:58.5462237Z Cache restored from key: setup-java-Linux-maven-e366094c086f196530b0fbd7b38371287ffd117b650907f1a3f49ab344bd0ac8
2022-09-09T09:57:58.5758247Z ##[group]Run ./mvnw -V --no-transfer-progress clean package
2022-09-09T09:57:58.5758894Z [36;1m./mvnw -V --no-transfer-progress clean package[0m
2022-09-09T09:57:58.5833435Z shell: /usr/bin/bash -e {0}
2022-09-09T09:57:58.5833849Z env:
2022-09-09T09:57:58.5834212Z   JAVA_HOME: /opt/hostedtoolcache/Java_Zulu_jdk/8.0.345-1/x64
2022-09-09T09:57:58.5834711Z   JAVA_HOME_8_X64: /opt/hostedtoolcache/Java_Zulu_jdk/8.0.345-1/x64
2022-09-09T09:57:58.5835195Z ##[endgroup]
2022-09-09T09:57:59.7285908Z Apache Maven 3.8.6 (84538c9988a25aec085021c365c560670ad80f63)
2022-09-09T09:57:59.7287180Z Maven home: /home/runner/.m2/wrapper/dists/apache-maven-3.8.6-bin/1ks0nkde5v1pk9vtc31i9d0lcd/apache-maven-3.8.6
2022-09-09T09:57:59.7288078Z Java version: 1.8.0_345, vendor: Azul Systems, Inc., runtime: /opt/hostedtoolcache/Java_Zulu_jdk/8.0.345-1/x64/jre
2022-09-09T09:57:59.7288791Z Default locale: en, platform encoding: UTF-8
2022-09-09T09:57:59.7495267Z OS name: "linux", version: "5.15.0-1019-azure", arch: "amd64", family: "unix"
2022-09-09T09:58:00.7170392Z [INFO] Scanning for projects...
2022-09-09T09:58:00.9125913Z [INFO] ------------------------------------------------------------------------
2022-09-09T09:58:00.9126366Z [INFO] Reactor Build Order:
2022-09-09T09:58:00.9130866Z [INFO] 
2022-09-09T09:58:00.9145986Z [INFO] ttl3-parent                                                        [pom]
2022-09-09T09:58:00.9149644Z [INFO] TransmittableThreadLocal(TTL)                                      [jar]
2022-09-09T09:58:00.9153174Z [INFO] TransmittableThreadLocal(TTL) kotlin support                       [jar]
2022-09-09T09:58:00.9156749Z [INFO] TransmittableThreadLocal(TTL) Agent                                [jar]
2022-09-09T09:58:00.9160293Z [INFO] TransmittableThreadLocal(TTL) v2 compatible                        [jar]
2022-09-09T09:58:00.9163957Z [INFO] vertx4-ttl-integration                                             [jar]
2022-09-09T09:58:00.9168164Z [INFO] vertx3-ttl-integration                                             [jar]
2022-09-09T09:58:00.9172318Z [INFO] sample-ttl-agent-extension-transformlet                            [jar]
2022-09-09T09:58:00.9236379Z [INFO] 
2022-09-09T09:58:00.9240741Z [INFO] --------------------< com.alibaba.ttl3:ttl3-parent >--------------------
2022-09-09T09:58:00.9244550Z [INFO] Building ttl3-parent 3.x-SNAPSHOT                                  [1/8]
2022-09-09T09:58:00.9248073Z [INFO] --------------------------------[ pom ]---------------------------------
2022-09-09T09:58:01.2269600Z [INFO] 
2022-09-09T09:58:01.2279314Z [INFO] --- maven-clean-plugin:3.2.0:clean (default-clean) @ ttl3-parent ---
2022-09-09T09:58:01.3043474Z [INFO] 
2022-09-09T09:58:01.3047682Z [INFO] --- maven-enforcer-plugin:3.1.0:enforce (enforce-maven) @ ttl3-parent ---
2022-09-09T09:58:01.5207610Z [INFO] 
2022-09-09T09:58:01.5211021Z [INFO] --- kotlin-maven-plugin:1.7.10:compile (compile) @ ttl3-parent ---
2022-09-09T09:58:01.7977582Z [WARNING] No sources found skipping Kotlin compile
2022-09-09T09:58:01.7978549Z [INFO] 
2022-09-09T09:58:01.7980106Z [INFO] --- maven-compiler-plugin:3.10.1:compile (java-compile) @ ttl3-parent ---
2022-09-09T09:58:01.8604559Z [INFO] No sources to compile
2022-09-09T09:58:01.8612468Z [INFO] 
2022-09-09T09:58:01.8616693Z [INFO] --- kotlin-maven-plugin:1.7.10:test-compile (test-compile) @ ttl3-parent ---
2022-09-09T09:58:01.8624842Z [WARNING] No sources found skipping Kotlin compile
2022-09-09T09:58:01.8625431Z [INFO] 
2022-09-09T09:58:01.8626582Z [INFO] --- maven-compiler-plugin:3.10.1:testCompile (java-test-compile) @ ttl3-parent ---
2022-09-09T09:58:01.8695841Z [INFO] No sources to compile
2022-09-09T09:58:01.8696361Z [INFO] 
2022-09-09T09:58:01.8699223Z [INFO] ---------------------< com.alibaba.ttl3:ttl-core >----------------------
2022-09-09T09:58:01.8700294Z [INFO] Building TransmittableThreadLocal(TTL) 3.x-SNAPSHOT                [2/8]
2022-09-09T09:58:01.8701336Z [INFO] --------------------------------[ jar ]---------------------------------
2022-09-09T09:58:01.9169203Z [INFO] 
2022-09-09T09:58:01.9170345Z [INFO] --- maven-clean-plugin:3.2.0:clean (default-clean) @ ttl-core ---
2022-09-09T09:58:01.9184437Z [INFO] 
2022-09-09T09:58:01.9185287Z [INFO] --- maven-enforcer-plugin:3.1.0:enforce (enforce-maven) @ ttl-core ---
2022-09-09T09:58:01.9192289Z [INFO] 
2022-09-09T09:58:01.9193208Z [INFO] --- maven-resources-plugin:3.3.0:resources (default-resources) @ ttl-core ---
2022-09-09T09:58:01.9622306Z [INFO] skip non existing resourceDirectory /home/runner/work/transmittable-thread-local/transmittable-thread-local/ttl-core/src/main/resources
2022-09-09T09:58:01.9623148Z [INFO] 
2022-09-09T09:58:01.9624092Z [INFO] --- kotlin-maven-plugin:1.7.10:compile (compile) @ ttl-core ---
2022-09-09T09:58:02.0117245Z [WARNING] No sources found skipping Kotlin compile
2022-09-09T09:58:02.0117883Z [INFO] 
2022-09-09T09:58:02.0121325Z [INFO] --- maven-compiler-plugin:3.10.1:compile (java-compile) @ ttl-core ---
2022-09-09T09:58:02.0264049Z [INFO] Changes detected - recompiling the module!
2022-09-09T09:58:02.0310627Z [INFO] Compiling 39 source files to /home/runner/work/transmittable-thread-local/transmittable-thread-local/ttl-core/target/classes
2022-09-09T09:58:03.0495430Z [INFO] 
2022-09-09T09:58:03.0496644Z [INFO] --- maven-resources-plugin:3.3.0:testResources (default-testResources) @ ttl-core ---
2022-09-09T09:58:03.0518572Z [INFO] skip non existing resourceDirectory /home/runner/work/transmittable-thread-local/transmittable-thread-local/ttl-core/src/test/resources
2022-09-09T09:58:03.0519378Z [INFO] 
2022-09-09T09:58:03.0520132Z [INFO] --- kotlin-maven-plugin:1.7.10:test-compile (test-compile) @ ttl-core ---
2022-09-09T09:58:19.6338258Z [INFO] 
2022-09-09T09:58:19.6346452Z [INFO] --- maven-compiler-plugin:3.10.1:testCompile (java-test-compile) @ ttl-core ---
2022-09-09T09:58:19.6394164Z [INFO] Changes detected - recompiling the module!
2022-09-09T09:58:19.6420582Z [INFO] Compiling 3 source files to /home/runner/work/transmittable-thread-local/transmittable-thread-local/ttl-core/target/test-classes
2022-09-09T09:58:19.7969120Z [INFO] 
2022-09-09T09:58:19.7978273Z [INFO] --- maven-surefire-plugin:3.0.0-M7:test (default-test) @ ttl-core ---
2022-09-09T09:58:19.9570144Z [INFO] Using auto detected provider org.apache.maven.surefire.junitplatform.JUnitPlatformProvider
2022-09-09T09:58:20.1896629Z [INFO] 
2022-09-09T09:58:20.1897619Z [INFO] -------------------------------------------------------
2022-09-09T09:58:20.1898364Z [INFO]  T E S T S
2022-09-09T09:58:20.1899151Z [INFO] -------------------------------------------------------
2022-09-09T09:58:23.8592652Z [INFO] Running com.alibaba.third_part_lib_test.ExecutorsTest
2022-09-09T09:58:24.4385494Z [INFO] Tests run: 1, Failures: 0, Errors: 0, Skipped: 0, Time elapsed: 0.512 s - in com.alibaba.third_part_lib_test.ExecutorsTest
2022-09-09T09:58:24.4399042Z [INFO] Running com.alibaba.third_part_lib_test.ForkJoinPoolTest
2022-09-09T09:58:24.4569261Z [INFO] Tests run: 1, Failures: 0, Errors: 0, Skipped: 0, Time elapsed: 0.072 s - in com.alibaba.third_part_lib_test.ForkJoinPoolTest
2022-09-09T09:58:24.4570168Z [INFO] Running com.alibaba.ttl3.TtlCallableTest
2022-09-09T09:58:24.6239788Z [INFO] Tests run: 9, Failures: 0, Errors: 0, Skipped: 0, Time elapsed: 0.172 s - in com.alibaba.ttl3.TtlCallableTest
2022-09-09T09:58:24.6246888Z [INFO] Running com.alibaba.ttl3.TtlRunnableTest
2022-09-09T09:58:24.7226898Z [INFO] Tests run: 9, Failures: 0, Errors: 0, Skipped: 0, Time elapsed: 0.088 s - in com.alibaba.ttl3.TtlRunnableTest
2022-09-09T09:58:24.7227521Z [INFO] Running com.alibaba.ttl3.TtlTimerTaskTest
2022-09-09T09:58:24.7449242Z [INFO] Tests run: 2, Failures: 0, Errors: 0, Skipped: 0, Time elapsed: 0.024 s - in com.alibaba.ttl3.TtlTimerTaskTest
2022-09-09T09:58:24.7459290Z [INFO] Running com.alibaba.user_api_test.ttl3.DisableIgnoreNullValueSemanticsTest
2022-09-09T09:58:24.8071119Z [INFO] Tests run: 4, Failures: 0, Errors: 0, Skipped: 0, Time elapsed: 0.053 s - in com.alibaba.user_api_test.ttl3.DisableIgnoreNullValueSemanticsTest
2022-09-09T09:58:24.8078407Z [INFO] Running com.alibaba.user_api_test.ttl3.TransmittableThreadLocal_Transmitter_UserTest
2022-09-09T09:58:24.8971753Z [INFO] Tests run: 6, Failures: 0, Errors: 0, Skipped: 0, Time elapsed: 0.085 s - in com.alibaba.user_api_test.ttl3.TransmittableThreadLocal_Transmitter_UserTest
2022-09-09T09:58:24.9023262Z [INFO] Running com.alibaba.user_api_test.ttl3.TransmittableThreadLocal_Transmitter_registerTransmittee_UserTest
2022-09-09T09:58:26.6461867Z [INFO] Tests run: 2, Failures: 0, Errors: 0, Skipped: 0, Time elapsed: 1.746 s - in com.alibaba.user_api_test.ttl3.TransmittableThreadLocal_Transmitter_registerTransmittee_UserTest
2022-09-09T09:58:26.6497967Z [INFO] Running com.alibaba.user_api_test.ttl3.TransmittableThreadLocal_withInit_Test
2022-09-09T09:58:26.7362712Z [INFO] Tests run: 3, Failures: 0, Errors: 0, Skipped: 0, Time elapsed: 0.078 s - in com.alibaba.user_api_test.ttl3.TransmittableThreadLocal_withInit_Test
2022-09-09T09:58:26.8553718Z [INFO] Running com.alibaba.user_api_test.ttl3.TransmittableThreadLocal_withInit_Null_Test
2022-09-09T09:58:26.9058705Z [INFO] Tests run: 3, Failures: 0, Errors: 0, Skipped: 0, Time elapsed: 0.042 s - in com.alibaba.user_api_test.ttl3.TransmittableThreadLocal_withInit_Null_Test
2022-09-09T09:58:26.9381102Z [INFO] 
2022-09-09T09:58:26.9381592Z [INFO] Results:
2022-09-09T09:58:26.9381932Z [INFO] 
2022-09-09T09:58:26.9382338Z [INFO] Tests run: 40, Failures: 0, Errors: 0, Skipped: 0
2022-09-09T09:58:26.9382712Z [INFO] 
2022-09-09T09:58:26.9412577Z [INFO] 
2022-09-09T09:58:26.9415170Z [INFO] --- maven-jar-plugin:3.2.2:jar (default-jar) @ ttl-core ---
2022-09-09T09:58:27.1557021Z [INFO] Building jar: /home/runner/work/transmittable-thread-local/transmittable-thread-local/ttl-core/target/ttl-core-3.x-SNAPSHOT.jar
2022-09-09T09:58:27.2087049Z [INFO] 
2022-09-09T09:58:27.2089877Z [INFO] --------------------< com.alibaba.ttl3:ttl-kotlin >---------------------
2022-09-09T09:58:27.2092304Z [INFO] Building TransmittableThreadLocal(TTL) kotlin support 3.x-SNAPSHOT [3/8]
2022-09-09T09:58:27.2095032Z [INFO] --------------------------------[ jar ]---------------------------------
2022-09-09T09:58:27.2187079Z [INFO] 
2022-09-09T09:58:27.2189973Z [INFO] --- maven-clean-plugin:3.2.0:clean (default-clean) @ ttl-kotlin ---
2022-09-09T09:58:27.2200447Z [INFO] 
2022-09-09T09:58:27.2203073Z [INFO] --- maven-enforcer-plugin:3.1.0:enforce (enforce-maven) @ ttl-kotlin ---
2022-09-09T09:58:27.2211178Z [INFO] 
2022-09-09T09:58:27.2213889Z [INFO] --- maven-resources-plugin:3.3.0:resources (default-resources) @ ttl-kotlin ---
2022-09-09T09:58:27.2226849Z [INFO] skip non existing resourceDirectory /home/runner/work/transmittable-thread-local/transmittable-thread-local/ttl-kotlin/src/main/resources
2022-09-09T09:58:27.2229957Z [INFO] 
2022-09-09T09:58:27.2232329Z [INFO] --- kotlin-maven-plugin:1.7.10:compile (compile) @ ttl-kotlin ---
2022-09-09T09:58:28.0182281Z [INFO] 
2022-09-09T09:58:28.0183304Z [INFO] --- maven-compiler-plugin:3.10.1:compile (java-compile) @ ttl-kotlin ---
2022-09-09T09:58:28.0240562Z [INFO] Not compiling main sources
2022-09-09T09:58:28.0241052Z [INFO] 
2022-09-09T09:58:28.0241875Z [INFO] --- maven-resources-plugin:3.3.0:testResources (default-testResources) @ ttl-kotlin ---
2022-09-09T09:58:28.0305936Z [INFO] skip non existing resourceDirectory /home/runner/work/transmittable-thread-local/transmittable-thread-local/ttl-kotlin/src/test/resources
2022-09-09T09:58:28.0306648Z [INFO] 
2022-09-09T09:58:28.0307249Z [INFO] --- kotlin-maven-plugin:1.7.10:test-compile (test-compile) @ ttl-kotlin ---
2022-09-09T09:58:29.6145263Z [INFO] 
2022-09-09T09:58:29.6146470Z [INFO] --- maven-compiler-plugin:3.10.1:testCompile (java-test-compile) @ ttl-kotlin ---
2022-09-09T09:58:29.6162800Z [INFO] Not compiling test sources
2022-09-09T09:58:29.6163563Z [INFO] 
2022-09-09T09:58:29.6165002Z [INFO] --- maven-surefire-plugin:3.0.0-M7:test (default-test) @ ttl-kotlin ---
2022-09-09T09:58:29.6226239Z [INFO] Using auto detected provider org.apache.maven.surefire.junitplatform.JUnitPlatformProvider
2022-09-09T09:58:29.6331962Z [INFO] 
2022-09-09T09:58:29.6335674Z [INFO] -------------------------------------------------------
2022-09-09T09:58:29.6338723Z [INFO]  T E S T S
2022-09-09T09:58:29.6342199Z [INFO] -------------------------------------------------------
2022-09-09T09:58:33.2237121Z [INFO] Running com.alibaba.ttl3.kotlin.TtlExtensionsTests
2022-09-09T09:58:33.4656637Z [INFO] Tests run: 9, Failures: 0, Errors: 0, Skipped: 0, Time elapsed: 0.235 s - in com.alibaba.ttl3.kotlin.TtlExtensionsTests
2022-09-09T09:58:33.5449520Z [INFO] 
2022-09-09T09:58:33.5451327Z [INFO] Results:
2022-09-09T09:58:33.5451601Z [INFO] 
2022-09-09T09:58:33.5451927Z [INFO] Tests run: 9, Failures: 0, Errors: 0, Skipped: 0
2022-09-09T09:58:33.5452296Z [INFO] 
2022-09-09T09:58:33.5472006Z [INFO] 
2022-09-09T09:58:33.5476155Z [INFO] --- maven-jar-plugin:3.2.2:jar (default-jar) @ ttl-kotlin ---
2022-09-09T09:58:33.5516078Z [INFO] Building jar: /home/runner/work/transmittable-thread-local/transmittable-thread-local/ttl-kotlin/target/ttl-kotlin-3.x-SNAPSHOT.jar
2022-09-09T09:58:33.5661237Z [INFO] 
2022-09-09T09:58:33.5662206Z [INFO] ---------------------< com.alibaba.ttl3:ttl-agent >---------------------
2022-09-09T09:58:33.5662967Z [INFO] Building TransmittableThreadLocal(TTL) Agent 3.x-SNAPSHOT          [4/8]
2022-09-09T09:58:33.5663659Z [INFO] --------------------------------[ jar ]---------------------------------
2022-09-09T09:58:33.5733000Z [INFO] 
2022-09-09T09:58:33.5733808Z [INFO] --- maven-clean-plugin:3.2.0:clean (default-clean) @ ttl-agent ---
2022-09-09T09:58:33.5741045Z [INFO] 
2022-09-09T09:58:33.5742051Z [INFO] --- maven-enforcer-plugin:3.1.0:enforce (enforce-maven) @ ttl-agent ---
2022-09-09T09:58:33.5747536Z [INFO] 
2022-09-09T09:58:33.5748456Z [INFO] --- maven-resources-plugin:3.3.0:resources (default-resources) @ ttl-agent ---
2022-09-09T09:58:33.5758395Z [INFO] skip non existing resourceDirectory /home/runner/work/transmittable-thread-local/transmittable-thread-local/ttl-agent/src/main/resources
2022-09-09T09:58:33.5759357Z [INFO] 
2022-09-09T09:58:33.5760040Z [INFO] --- kotlin-maven-plugin:1.7.10:compile (compile) @ ttl-agent ---
2022-09-09T09:58:33.5775364Z [WARNING] No sources found skipping Kotlin compile
2022-09-09T09:58:33.5776279Z [INFO] 
2022-09-09T09:58:33.5777071Z [INFO] --- maven-compiler-plugin:3.10.1:compile (java-compile) @ ttl-agent ---
2022-09-09T09:58:33.5795261Z [INFO] Changes detected - recompiling the module!
2022-09-09T09:58:33.5799876Z [INFO] Compiling 18 source files to /home/runner/work/transmittable-thread-local/transmittable-thread-local/ttl-agent/target/classes
2022-09-09T09:58:33.8418253Z [INFO] 
2022-09-09T09:58:33.8423090Z [INFO] --- maven-resources-plugin:3.3.0:testResources (default-testResources) @ ttl-agent ---
2022-09-09T09:58:33.8462081Z [INFO] skip non existing resourceDirectory /home/runner/work/transmittable-thread-local/transmittable-thread-local/ttl-agent/src/test/resources
2022-09-09T09:58:33.8462928Z [INFO] 
2022-09-09T09:58:33.8463909Z [INFO] --- kotlin-maven-plugin:1.7.10:test-compile (test-compile) @ ttl-agent ---
2022-09-09T09:58:33.8481505Z [WARNING] No sources found skipping Kotlin compile
2022-09-09T09:58:33.8482139Z [INFO] 
2022-09-09T09:58:33.8483228Z [INFO] --- maven-compiler-plugin:3.10.1:testCompile (java-test-compile) @ ttl-agent ---
2022-09-09T09:58:33.8493363Z [INFO] No sources to compile
2022-09-09T09:58:33.8493938Z [INFO] 
2022-09-09T09:58:33.8494948Z [INFO] --- maven-surefire-plugin:3.0.0-M7:test (default-test) @ ttl-agent ---
2022-09-09T09:58:33.8514337Z [INFO] No tests to run.
2022-09-09T09:58:33.8523955Z [INFO] 
2022-09-09T09:58:33.8524824Z [INFO] --- maven-jar-plugin:3.2.2:jar (default-jar) @ ttl-agent ---
2022-09-09T09:58:33.8580363Z [INFO] Building jar: /home/runner/work/transmittable-thread-local/transmittable-thread-local/ttl-agent/target/ttl-agent-3.x-SNAPSHOT.jar
2022-09-09T09:58:33.8911384Z [INFO] 
2022-09-09T09:58:33.8912542Z [INFO] --- maven-shade-plugin:3.3.0:shade (shade-when-package) @ ttl-agent ---
2022-09-09T09:58:34.0030116Z [INFO] Including com.alibaba.ttl3:ttl-core:jar:3.x-SNAPSHOT in the shaded jar.
2022-09-09T09:58:34.0033727Z [INFO] Including org.javassist:javassist:jar:3.29.0-GA in the shaded jar.
2022-09-09T09:58:34.0036650Z [INFO] Excluding com.github.spotbugs:spotbugs-annotations:jar:4.7.1 from the shaded jar.
2022-09-09T09:58:34.0038883Z [INFO] Excluding com.google.code.findbugs:jsr305:jar:3.0.2 from the shaded jar.
2022-09-09T09:58:34.0040984Z [INFO] Excluding org.jetbrains:annotations:jar:23.0.0 from the shaded jar.
2022-09-09T09:58:34.0071701Z [INFO] Dependency-reduced POM written at: /home/runner/work/transmittable-thread-local/transmittable-thread-local/ttl-agent/dependency-reduced-pom.xml
2022-09-09T09:58:35.0021207Z [WARNING] ttl-agent-3.x-SNAPSHOT.jar, ttl-core-3.x-SNAPSHOT.jar define 1 overlapping classes: 
2022-09-09T09:58:35.0022829Z [WARNING]   - com.alibaba.ttl3.agent.package-info
2022-09-09T09:58:35.0023607Z [WARNING] maven-shade-plugin has detected that some class files are
2022-09-09T09:58:35.0028544Z [WARNING] present in two or more JARs. When this happens, only one
2022-09-09T09:58:35.0029242Z [WARNING] single version of the class is copied to the uber jar.
2022-09-09T09:58:35.0030078Z [WARNING] Usually this is not harmful and you can skip these warnings,
2022-09-09T09:58:35.0030677Z [WARNING] otherwise try to manually exclude artifacts based on
2022-09-09T09:58:35.0031648Z [WARNING] mvn dependency:tree -Ddetail=true and the above output.
2022-09-09T09:58:35.0032413Z [WARNING] See https://maven.apache.org/plugins/maven-shade-plugin/
2022-09-09T09:58:35.0060000Z [INFO] Replacing original artifact with shaded artifact.
2022-09-09T09:58:35.0061558Z [INFO] Replacing /home/runner/work/transmittable-thread-local/transmittable-thread-local/ttl-agent/target/ttl-agent-3.x-SNAPSHOT.jar with /home/runner/work/transmittable-thread-local/transmittable-thread-local/ttl-agent/target/ttl-agent-3.x-SNAPSHOT-shaded.jar
2022-09-09T09:58:35.0070062Z [INFO] 
2022-09-09T09:58:35.0070831Z [INFO] ---------------< com.alibaba:transmittable-thread-local >---------------
2022-09-09T09:58:35.0072211Z [INFO] Building TransmittableThreadLocal(TTL) v2 compatible 3.x-SNAPSHOT  [5/8]
2022-09-09T09:58:35.0072985Z [INFO] --------------------------------[ jar ]---------------------------------
2022-09-09T09:58:35.0222759Z [INFO] 
2022-09-09T09:58:35.0230199Z [INFO] --- maven-clean-plugin:3.2.0:clean (default-clean) @ transmittable-thread-local ---
2022-09-09T09:58:35.0248590Z [INFO] 
2022-09-09T09:58:35.0249466Z [INFO] --- maven-enforcer-plugin:3.1.0:enforce (enforce-maven) @ transmittable-thread-local ---
2022-09-09T09:58:35.0253669Z [INFO] 
2022-09-09T09:58:35.0256300Z [INFO] --- maven-resources-plugin:3.3.0:resources (default-resources) @ transmittable-thread-local ---
2022-09-09T09:58:35.0268888Z [INFO] skip non existing resourceDirectory /home/runner/work/transmittable-thread-local/transmittable-thread-local/ttl2-compatible/src/main/resources
2022-09-09T09:58:35.0269612Z [INFO] 
2022-09-09T09:58:35.0270572Z [INFO] --- kotlin-maven-plugin:1.7.10:compile (compile) @ transmittable-thread-local ---
2022-09-09T09:58:35.0321967Z [WARNING] No sources found skipping Kotlin compile
2022-09-09T09:58:35.0322518Z [INFO] 
2022-09-09T09:58:35.0323562Z [INFO] --- maven-compiler-plugin:3.10.1:compile (java-compile) @ transmittable-thread-local ---
2022-09-09T09:58:35.0405328Z [INFO] Changes detected - recompiling the module!
2022-09-09T09:58:35.0409876Z [INFO] Compiling 46 source files to /home/runner/work/transmittable-thread-local/transmittable-thread-local/ttl2-compatible/target/classes
2022-09-09T09:58:35.6063792Z [INFO] 
2022-09-09T09:58:35.6070407Z [INFO] --- maven-resources-plugin:3.3.0:testResources (default-testResources) @ transmittable-thread-local ---
2022-09-09T09:58:35.6157067Z [INFO] Copying 3 resources
2022-09-09T09:58:35.6246311Z [INFO] 
2022-09-09T09:58:35.6249220Z [INFO] --- kotlin-maven-plugin:1.7.10:test-compile (test-compile) @ transmittable-thread-local ---
2022-09-09T09:58:47.6481620Z [INFO] 
2022-09-09T09:58:47.6485810Z [INFO] --- maven-compiler-plugin:3.10.1:testCompile (java-test-compile) @ transmittable-thread-local ---
2022-09-09T09:58:47.6572385Z [INFO] Changes detected - recompiling the module!
2022-09-09T09:58:47.6616402Z [INFO] Compiling 5 source files to /home/runner/work/transmittable-thread-local/transmittable-thread-local/ttl2-compatible/target/test-classes
2022-09-09T09:58:47.7456782Z [INFO] 
2022-09-09T09:58:47.7457946Z [INFO] --- maven-surefire-plugin:3.0.0-M7:test (default-test) @ transmittable-thread-local ---
2022-09-09T09:58:47.7551909Z [INFO] Using auto detected provider org.apache.maven.surefire.junitplatform.JUnitPlatformProvider
2022-09-09T09:58:47.7729346Z [INFO] 
2022-09-09T09:58:47.7730325Z [INFO] -------------------------------------------------------
2022-09-09T09:58:47.7731131Z [INFO]  T E S T S
2022-09-09T09:58:47.7731772Z [INFO] -------------------------------------------------------
2022-09-09T09:58:51.9007898Z [INFO] Running com.alibaba.demo.coroutine.CoroutineThreadContextElementTest
2022-09-09T09:58:52.5407112Z [INFO] Tests run: 3, Failures: 0, Errors: 0, Skipped: 0, Time elapsed: 0.638 s - in com.alibaba.demo.coroutine.CoroutineThreadContextElementTest
2022-09-09T09:58:52.5501079Z [INFO] Running com.alibaba.demo.coroutine.ttl_intergration.usage.TtlCoroutineContextTest
2022-09-09T09:58:52.6159969Z [INFO] Tests run: 3, Failures: 0, Errors: 0, Skipped: 0, Time elapsed: 0.07 s - in com.alibaba.demo.coroutine.ttl_intergration.usage.TtlCoroutineContextTest
2022-09-09T09:58:52.6173495Z [INFO] Running com.alibaba.it.TimerAgentCheckTest
2022-09-09T09:58:52.6513139Z [WARNING] Tests run: 1, Failures: 0, Errors: 0, Skipped: 1, Time elapsed: 0.022 s - in com.alibaba.it.TimerAgentCheckTest
2022-09-09T09:58:52.6516468Z [INFO] Running com.alibaba.third_part_lib_test.ExecutorsTest
2022-09-09T09:58:52.7170403Z [INFO] Tests run: 1, Failures: 0, Errors: 0, Skipped: 0, Time elapsed: 0.066 s - in com.alibaba.third_part_lib_test.ExecutorsTest
2022-09-09T09:58:52.7171142Z [INFO] Running com.alibaba.third_part_lib_test.ForkJoinPoolTest
2022-09-09T09:58:52.7583423Z [INFO] Tests run: 1, Failures: 0, Errors: 0, Skipped: 0, Time elapsed: 0.038 s - in com.alibaba.third_part_lib_test.ForkJoinPoolTest
2022-09-09T09:58:52.7681586Z [INFO] Running com.alibaba.third_part_lib_test.JavassistTest
2022-09-09T09:58:52.8860031Z [INFO] Tests run: 2, Failures: 0, Errors: 0, Skipped: 0, Time elapsed: 0.12 s - in com.alibaba.third_part_lib_test.JavassistTest
2022-09-09T09:58:52.8860603Z [INFO] Running com.alibaba.ttl.InheritableTest
2022-09-09T09:58:53.0147860Z [INFO] Tests run: 12, Failures: 0, Errors: 0, Skipped: 0, Time elapsed: 0.117 s - in com.alibaba.ttl.InheritableTest
2022-09-09T09:58:53.0151618Z [INFO] Running com.alibaba.ttl.TtlCallableTest
2022-09-09T09:58:53.0905034Z [INFO] Tests run: 9, Failures: 0, Errors: 0, Skipped: 0, Time elapsed: 0.085 s - in com.alibaba.ttl.TtlCallableTest
2022-09-09T09:58:53.0905560Z [INFO] Running com.alibaba.ttl.TtlRunnableTest
2022-09-09T09:58:53.1612340Z [INFO] Tests run: 12, Failures: 0, Errors: 0, Skipped: 0, Time elapsed: 0.07 s - in com.alibaba.ttl.TtlRunnableTest
2022-09-09T09:58:53.1623051Z [INFO] Running com.alibaba.ttl.TtlTimerTaskTest
2022-09-09T09:58:53.1786292Z [INFO] Tests run: 2, Failures: 0, Errors: 0, Skipped: 0, Time elapsed: 0.016 s - in com.alibaba.ttl.TtlTimerTaskTest
2022-09-09T09:58:53.1829915Z [INFO] Running com.alibaba.ttl.TtlWrappersTest
2022-09-09T09:58:53.2136596Z [INFO] Tests run: 7, Failures: 0, Errors: 0, Skipped: 0, Time elapsed: 0.034 s - in com.alibaba.ttl.TtlWrappersTest
2022-09-09T09:58:53.2140379Z [INFO] Running com.alibaba.ttl.forkjoin.ForkJoinPool4RunnableCallableTest
2022-09-09T09:58:53.2260881Z [INFO] Tests run: 2, Failures: 0, Errors: 0, Skipped: 0, Time elapsed: 0.012 s - in com.alibaba.ttl.forkjoin.ForkJoinPool4RunnableCallableTest
2022-09-09T09:58:53.2264668Z [INFO] Running com.alibaba.ttl.forkjoin.ForkJoinPool4StreamTest
2022-09-09T09:58:53.2907574Z [INFO] Tests run: 2, Failures: 0, Errors: 0, Skipped: 0, Time elapsed: 0.064 s - in com.alibaba.ttl.forkjoin.ForkJoinPool4StreamTest
2022-09-09T09:58:53.2922548Z [INFO] Running com.alibaba.ttl.forkjoin.recursive_action.TtlRecursiveActionTest
2022-09-09T09:58:53.3198862Z [INFO] Tests run: 2, Failures: 0, Errors: 0, Skipped: 0, Time elapsed: 0.028 s - in com.alibaba.ttl.forkjoin.recursive_action.TtlRecursiveActionTest
2022-09-09T09:58:53.3201997Z [INFO] Running com.alibaba.ttl.forkjoin.recursive_task.TtlRecursiveTaskTest
2022-09-09T09:58:53.3736246Z [INFO] Tests run: 2, Failures: 0, Errors: 0, Skipped: 0, Time elapsed: 0.051 s - in com.alibaba.ttl.forkjoin.recursive_task.TtlRecursiveTaskTest
2022-09-09T09:58:53.3737395Z [INFO] Running com.alibaba.ttl.threadlocal_integration.ThreadLocalIntegrationTest
2022-09-09T09:58:53.4341931Z [INFO] Tests run: 6, Failures: 0, Errors: 0, Skipped: 0, Time elapsed: 0.061 s - in com.alibaba.ttl.threadlocal_integration.ThreadLocalIntegrationTest
2022-09-09T09:58:53.4377681Z [INFO] Running com.alibaba.ttl.threadpool.ScheduledExecutorServiceTtlWrapperTest
2022-09-09T09:58:53.7803875Z [INFO] Tests run: 12, Failures: 0, Errors: 0, Skipped: 0, Time elapsed: 0.332 s - in com.alibaba.ttl.threadpool.ScheduledExecutorServiceTtlWrapperTest
2022-09-09T09:58:53.7805169Z [INFO] Running com.alibaba.ttl.threadpool.TtlExecutorsTest
2022-09-09T09:58:53.8610781Z [INFO] Tests run: 14, Failures: 0, Errors: 0, Skipped: 0, Time elapsed: 0.09 s - in com.alibaba.ttl.threadpool.TtlExecutorsTest
2022-09-09T09:58:53.8614094Z [INFO] Running com.alibaba.ttl.threadpool.TtlForkJoinPoolHelperTest
2022-09-09T09:58:53.8724259Z [INFO] Tests run: 2, Failures: 0, Errors: 0, Skipped: 0, Time elapsed: 0.011 s - in com.alibaba.ttl.threadpool.TtlForkJoinPoolHelperTest
2022-09-09T09:58:53.8725262Z [INFO] Running com.alibaba.ttl.threadpool.agent.TtlAgentHelperTest
2022-09-09T09:58:53.9167780Z [INFO] Tests run: 4, Failures: 0, Errors: 0, Skipped: 0, Time elapsed: 0.04 s - in com.alibaba.ttl.threadpool.agent.TtlAgentHelperTest
2022-09-09T09:58:53.9170853Z [INFO] Running com.alibaba.ttl.threadpool.agent.TtlExtensionTransformletManagerTest
2022-09-09T09:58:53.9422888Z 2022-09-09 09:58:53.930 SEVERE [pool-8-thread-1 @coroutine#139] TtlExtensionTransformletManager: Illegal syntax spaceInside spacein configuration filefile:/home/runner/work/transmittable-thread-local/transmittable-thread-local/ttl2-compatible/target/test-classes/test_extension/foo.txt, contains space or tab; ignore this line!
2022-09-09T09:58:53.9425007Z 2022-09-09 09:58:53.931 SEVERE [pool-8-thread-1 @coroutine#139] TtlExtensionTransformletManager: Illegal syntax tabInside	tabin configuration filefile:/home/runner/work/transmittable-thread-local/transmittable-thread-local/ttl2-compatible/target/test-classes/test_extension/foo.txt, contains space or tab; ignore this line!
2022-09-09T09:58:53.9444825Z 2022-09-09 09:58:53.931 SEVERE [pool-8-thread-1 @coroutine#139] TtlExtensionTransformletManager: Illegal extension class name: hello.!IllegalName in configuration file file:/home/runner/work/transmittable-thread-local/transmittable-thread-local/ttl2-compatible/target/test-classes/test_extension/foo.txt; ignore this line!
2022-09-09T09:58:53.9460160Z [INFO] Tests run: 1, Failures: 0, Errors: 0, Skipped: 0, Time elapsed: 0.022 s - in com.alibaba.ttl.threadpool.agent.TtlExtensionTransformletManagerTest
2022-09-09T09:58:53.9465175Z [INFO] Running com.alibaba.ttl.threadpool.agent.transformlet.helper.TtlTransformletHelperTest
2022-09-09T09:58:53.9618202Z [INFO] Tests run: 3, Failures: 0, Errors: 0, Skipped: 0, Time elapsed: 0.022 s - in com.alibaba.ttl.threadpool.agent.transformlet.helper.TtlTransformletHelperTest
2022-09-09T09:58:53.9621506Z [INFO] Running com.alibaba.user_api_test.ttl.TransmittableThreadLocal_Transmitter_UserTest
2022-09-09T09:58:54.0012125Z [INFO] Tests run: 6, Failures: 0, Errors: 0, Skipped: 0, Time elapsed: 0.037 s - in com.alibaba.user_api_test.ttl.TransmittableThreadLocal_Transmitter_UserTest
2022-09-09T09:58:54.0015217Z [INFO] Running com.alibaba.user_api_test.ttl.TransmittableThreadLocal_Transmitter_registerTransmittee_UserTest
2022-09-09T09:58:55.9521857Z [INFO] Tests run: 2, Failures: 0, Errors: 0, Skipped: 0, Time elapsed: 1.952 s - in com.alibaba.user_api_test.ttl.TransmittableThreadLocal_Transmitter_registerTransmittee_UserTest
2022-09-09T09:58:55.9522644Z [INFO] Running com.alibaba.user_api_test.ttl.TransmittableThreadLocal_withInit_Test
2022-09-09T09:58:56.0004245Z [INFO] Tests run: 3, Failures: 0, Errors: 0, Skipped: 0, Time elapsed: 0.046 s - in com.alibaba.user_api_test.ttl.TransmittableThreadLocal_withInit_Test
2022-09-09T09:58:56.1375510Z [INFO] Running com.alibaba.ttl.threadpool.ExecutorClassesTest
2022-09-09T09:58:56.2195078Z [INFO] Tests run: 2, Failures: 0, Errors: 0, Skipped: 0, Time elapsed: 0.078 s - in com.alibaba.ttl.threadpool.ExecutorClassesTest
2022-09-09T09:58:56.2196167Z [INFO] Running com.alibaba.ttl.threadpool.agent.transformlet.internal.UtilsTest
2022-09-09T09:58:56.2243344Z [INFO] Tests run: 1, Failures: 0, Errors: 0, Skipped: 0, Time elapsed: 0 s - in com.alibaba.ttl.threadpool.agent.transformlet.internal.UtilsTest
2022-09-09T09:58:56.2250006Z [INFO] Running com.alibaba.ttl.reported_bugs.Bug70_Test
2022-09-09T09:58:56.2430874Z [INFO] Tests run: 1, Failures: 0, Errors: 0, Skipped: 0, Time elapsed: 0.013 s - in com.alibaba.ttl.reported_bugs.Bug70_Test
2022-09-09T09:58:56.2432012Z [INFO] Running com.alibaba.test.ttl.threadpool.BeforeAndAfterExecuteMethodOfExecutorSubclassTest
2022-09-09T09:58:56.2652303Z [INFO] Tests run: 4, Failures: 0, Errors: 0, Skipped: 0, Time elapsed: 0.021 s - in com.alibaba.test.ttl.threadpool.BeforeAndAfterExecuteMethodOfExecutorSubclassTest
2022-09-09T09:58:56.2701082Z [INFO] Running com.alibaba.user_api_test.ttl.DisableIgnoreNullValueSemanticsTest
2022-09-09T09:58:56.2981710Z [INFO] Tests run: 4, Failures: 0, Errors: 0, Skipped: 0, Time elapsed: 0.028 s - in com.alibaba.user_api_test.ttl.DisableIgnoreNullValueSemanticsTest
2022-09-09T09:58:56.2982743Z [INFO] Running com.alibaba.user_api_test.ttl.TransmittableThreadLocal_withInit_Null_Test
2022-09-09T09:58:56.3072520Z [INFO] Tests run: 3, Failures: 0, Errors: 0, Skipped: 0, Time elapsed: 0.016 s - in com.alibaba.user_api_test.ttl.TransmittableThreadLocal_withInit_Null_Test
2022-09-09T09:58:56.3280869Z [INFO] 
2022-09-09T09:58:56.3283628Z [INFO] Results:
2022-09-09T09:58:56.3284167Z [INFO] 
2022-09-09T09:58:56.3285348Z [WARNING] Tests run: 129, Failures: 0, Errors: 0, Skipped: 1
2022-09-09T09:58:56.3285991Z [INFO] 
2022-09-09T09:58:56.3286733Z [INFO] 
2022-09-09T09:58:56.3461776Z [INFO] --- maven-jar-plugin:3.2.2:jar (default-jar) @ transmittable-thread-local ---
2022-09-09T09:58:56.3462792Z [INFO] Building jar: /home/runner/work/transmittable-thread-local/transmittable-thread-local/ttl2-compatible/target/transmittable-thread-local-3.x-SNAPSHOT.jar
2022-09-09T09:58:56.4470874Z [INFO] 
2022-09-09T09:58:56.4471775Z [INFO] --- maven-shade-plugin:3.3.0:shade (shade-when-package) @ transmittable-thread-local ---
2022-09-09T09:58:56.4510784Z [INFO] Including org.javassist:javassist:jar:3.29.0-GA in the shaded jar.
2022-09-09T09:58:56.4514980Z [INFO] Excluding com.github.spotbugs:spotbugs-annotations:jar:4.7.1 from the shaded jar.
2022-09-09T09:58:56.4518276Z [INFO] Excluding com.google.code.findbugs:jsr305:jar:3.0.2 from the shaded jar.
2022-09-09T09:58:56.4521367Z [INFO] Excluding org.jetbrains:annotations:jar:23.0.0 from the shaded jar.
2022-09-09T09:58:56.4526071Z [INFO] Dependency-reduced POM written at: /home/runner/work/transmittable-thread-local/transmittable-thread-local/ttl2-compatible/dependency-reduced-pom.xml
2022-09-09T09:58:56.9048215Z [INFO] Replacing original artifact with shaded artifact.
2022-09-09T09:58:56.9053064Z [INFO] Replacing /home/runner/work/transmittable-thread-local/transmittable-thread-local/ttl2-compatible/target/transmittable-thread-local-3.x-SNAPSHOT.jar with /home/runner/work/transmittable-thread-local/transmittable-thread-local/ttl2-compatible/target/transmittable-thread-local-3.x-SNAPSHOT-shaded.jar
2022-09-09T09:58:56.9059141Z [INFO] 
2022-09-09T09:58:56.9063082Z [INFO] --------------< com.alibaba.ttl3:vertx4-ttl-integration >---------------
2022-09-09T09:58:56.9066616Z [INFO] Building vertx4-ttl-integration 0.1.0-SNAPSHOT                     [6/8]
2022-09-09T09:58:56.9080736Z [INFO] --------------------------------[ jar ]---------------------------------
2022-09-09T09:58:57.1211842Z [INFO] 
2022-09-09T09:58:57.1216118Z [INFO] --- maven-clean-plugin:3.2.0:clean (default-clean) @ vertx4-ttl-integration ---
2022-09-09T09:58:57.1238495Z [INFO] 
2022-09-09T09:58:57.1241982Z [INFO] --- maven-enforcer-plugin:3.1.0:enforce (enforce-maven) @ vertx4-ttl-integration ---
2022-09-09T09:58:57.1249668Z [INFO] 
2022-09-09T09:58:57.1252934Z [INFO] --- maven-resources-plugin:3.3.0:resources (default-resources) @ vertx4-ttl-integration ---
2022-09-09T09:58:57.1293705Z [INFO] Copying 1 resource
2022-09-09T09:58:57.1306451Z [INFO] 
2022-09-09T09:58:57.1310126Z [INFO] --- kotlin-maven-plugin:1.7.10:compile (compile) @ vertx4-ttl-integration ---
2022-09-09T09:58:57.1345967Z [WARNING] No sources found skipping Kotlin compile
2022-09-09T09:58:57.1349831Z [INFO] 
2022-09-09T09:58:57.1353350Z [INFO] --- maven-compiler-plugin:3.10.1:compile (java-compile) @ vertx4-ttl-integration ---
2022-09-09T09:58:57.1389751Z [INFO] Changes detected - recompiling the module!
2022-09-09T09:58:57.1398641Z [INFO] Compiling 3 source files to /home/runner/work/transmittable-thread-local/transmittable-thread-local/ttl-integrations/vertx4-ttl-integration/target/classes
2022-09-09T09:58:57.2131179Z [INFO] 
2022-09-09T09:58:57.2138800Z [INFO] --- maven-resources-plugin:3.3.0:testResources (default-testResources) @ vertx4-ttl-integration ---
2022-09-09T09:58:57.2153001Z [INFO] skip non existing resourceDirectory /home/runner/work/transmittable-thread-local/transmittable-thread-local/ttl-integrations/vertx4-ttl-integration/src/test/resources
2022-09-09T09:58:57.2156945Z [INFO] 
2022-09-09T09:58:57.2160627Z [INFO] --- kotlin-maven-plugin:1.7.10:test-compile (test-compile) @ vertx4-ttl-integration ---
2022-09-09T09:58:57.2189436Z [WARNING] No sources found skipping Kotlin compile
2022-09-09T09:58:57.2195330Z [INFO] 
2022-09-09T09:58:57.2198751Z [INFO] --- maven-compiler-plugin:3.10.1:testCompile (java-test-compile) @ vertx4-ttl-integration ---
2022-09-09T09:58:57.2222302Z [INFO] Changes detected - recompiling the module!
2022-09-09T09:58:57.2228513Z [INFO] Compiling 1 source file to /home/runner/work/transmittable-thread-local/transmittable-thread-local/ttl-integrations/vertx4-ttl-integration/target/test-classes
2022-09-09T09:58:57.3257544Z [INFO] 
2022-09-09T09:58:57.3258569Z [INFO] --- maven-surefire-plugin:3.0.0-M7:test (default-test) @ vertx4-ttl-integration ---
2022-09-09T09:58:57.3322618Z [INFO] Tests are skipped.
2022-09-09T09:58:57.3323444Z [INFO] 
2022-09-09T09:58:57.3324574Z [INFO] --- maven-jar-plugin:3.2.2:jar (default-jar) @ vertx4-ttl-integration ---
2022-09-09T09:58:57.3398385Z [INFO] Building jar: /home/runner/work/transmittable-thread-local/transmittable-thread-local/ttl-integrations/vertx4-ttl-integration/target/vertx4-ttl-integration-0.1.0-SNAPSHOT.jar
2022-09-09T09:58:57.3621678Z [INFO] 
2022-09-09T09:58:57.3622644Z [INFO] --------------< com.alibaba.ttl3:vertx3-ttl-integration >---------------
2022-09-09T09:58:57.3623368Z [INFO] Building vertx3-ttl-integration 0.1.0-SNAPSHOT                     [7/8]
2022-09-09T09:58:57.3624027Z [INFO] --------------------------------[ jar ]---------------------------------
2022-09-09T09:58:57.3845473Z [INFO] 
2022-09-09T09:58:57.3846532Z [INFO] --- maven-clean-plugin:3.2.0:clean (default-clean) @ vertx3-ttl-integration ---
2022-09-09T09:58:57.3856155Z [INFO] 
2022-09-09T09:58:57.3857499Z [INFO] --- maven-enforcer-plugin:3.1.0:enforce (enforce-maven) @ vertx3-ttl-integration ---
2022-09-09T09:58:57.3869414Z [INFO] 
2022-09-09T09:58:57.3870827Z [INFO] --- maven-resources-plugin:3.3.0:resources (default-resources) @ vertx3-ttl-integration ---
2022-09-09T09:58:57.3892456Z [INFO] Copying 1 resource
2022-09-09T09:58:57.3896975Z [INFO] 
2022-09-09T09:58:57.3898344Z [INFO] --- kotlin-maven-plugin:1.7.10:compile (compile) @ vertx3-ttl-integration ---
2022-09-09T09:58:57.3918339Z [WARNING] No sources found skipping Kotlin compile
2022-09-09T09:58:57.3919341Z [INFO] 
2022-09-09T09:58:57.3920747Z [INFO] --- maven-compiler-plugin:3.10.1:compile (java-compile) @ vertx3-ttl-integration ---
2022-09-09T09:58:57.3940275Z [INFO] Changes detected - recompiling the module!
2022-09-09T09:58:57.3945761Z [INFO] Compiling 3 source files to /home/runner/work/transmittable-thread-local/transmittable-thread-local/ttl-integrations/vertx3-ttl-integration/target/classes
2022-09-09T09:58:57.4645986Z [INFO] 
2022-09-09T09:58:57.4647200Z [INFO] --- maven-resources-plugin:3.3.0:testResources (default-testResources) @ vertx3-ttl-integration ---
2022-09-09T09:58:57.4654436Z [INFO] skip non existing resourceDirectory /home/runner/work/transmittable-thread-local/transmittable-thread-local/ttl-integrations/vertx3-ttl-integration/src/test/resources
2022-09-09T09:58:57.4655209Z [INFO] 
2022-09-09T09:58:57.4656142Z [INFO] --- kotlin-maven-plugin:1.7.10:test-compile (test-compile) @ vertx3-ttl-integration ---
2022-09-09T09:58:57.4725613Z [WARNING] No sources found skipping Kotlin compile
2022-09-09T09:58:57.4726265Z [INFO] 
2022-09-09T09:58:57.4727414Z [INFO] --- maven-compiler-plugin:3.10.1:testCompile (java-test-compile) @ vertx3-ttl-integration ---
2022-09-09T09:58:57.4746394Z [INFO] Changes detected - recompiling the module!
2022-09-09T09:58:57.4748564Z [INFO] Compiling 1 source file to /home/runner/work/transmittable-thread-local/transmittable-thread-local/ttl-integrations/vertx3-ttl-integration/target/test-classes
2022-09-09T09:58:57.5587320Z [INFO] /home/runner/work/transmittable-thread-local/transmittable-thread-local/ttl-integrations/vertx3-ttl-integration/src/test/java/com/alibaba/ttl/integration/vertx3/VertxTransformletTest.java: /home/runner/work/transmittable-thread-local/transmittable-thread-local/ttl-integrations/vertx3-ttl-integration/src/test/java/com/alibaba/ttl/integration/vertx3/VertxTransformletTest.java uses or overrides a deprecated API.
2022-09-09T09:58:57.5589681Z [INFO] /home/runner/work/transmittable-thread-local/transmittable-thread-local/ttl-integrations/vertx3-ttl-integration/src/test/java/com/alibaba/ttl/integration/vertx3/VertxTransformletTest.java: Recompile with -Xlint:deprecation for details.
2022-09-09T09:58:57.5591010Z [INFO] 
2022-09-09T09:58:57.5592290Z [INFO] --- maven-surefire-plugin:3.0.0-M7:test (default-test) @ vertx3-ttl-integration ---
2022-09-09T09:58:57.5629576Z [INFO] Tests are skipped.
2022-09-09T09:58:57.5630179Z [INFO] 
2022-09-09T09:58:57.5631409Z [INFO] --- maven-jar-plugin:3.2.2:jar (default-jar) @ vertx3-ttl-integration ---
2022-09-09T09:58:57.5725576Z [INFO] Building jar: /home/runner/work/transmittable-thread-local/transmittable-thread-local/ttl-integrations/vertx3-ttl-integration/target/vertx3-ttl-integration-0.1.0-SNAPSHOT.jar
2022-09-09T09:58:57.5829252Z [INFO] 
2022-09-09T09:58:57.5830347Z [INFO] ------< com.alibaba.ttl3:sample-ttl-agent-extension-transformlet >------
2022-09-09T09:58:57.5831368Z [INFO] Building sample-ttl-agent-extension-transformlet 1.0.0-SNAPSHOT    [8/8]
2022-09-09T09:58:57.5942412Z [INFO] --------------------------------[ jar ]---------------------------------
2022-09-09T09:58:57.6880033Z [INFO] 
2022-09-09T09:58:57.6881331Z [INFO] --- maven-clean-plugin:2.5:clean (default-clean) @ sample-ttl-agent-extension-transformlet ---
2022-09-09T09:58:57.7126979Z [INFO] 
2022-09-09T09:58:57.7128345Z [INFO] --- maven-resources-plugin:2.6:resources (default-resources) @ sample-ttl-agent-extension-transformlet ---
2022-09-09T09:58:57.7842316Z [INFO] Using 'UTF-8' encoding to copy filtered resources.
2022-09-09T09:58:57.7870776Z [INFO] Copying 1 resource
2022-09-09T09:58:57.7918253Z [INFO] 
2022-09-09T09:58:57.7919350Z [INFO] --- maven-compiler-plugin:3.1:compile (default-compile) @ sample-ttl-agent-extension-transformlet ---
2022-09-09T09:58:57.8756548Z [INFO] Changes detected - recompiling the module!
2022-09-09T09:58:57.8799913Z [INFO] Compiling 3 source files to /home/runner/work/transmittable-thread-local/transmittable-thread-local/ttl-integrations/sample-ttl-agent-extension-transformlet/target/classes
2022-09-09T09:58:57.9074134Z [INFO] 
2022-09-09T09:58:57.9078381Z [INFO] --- maven-resources-plugin:2.6:testResources (default-testResources) @ sample-ttl-agent-extension-transformlet ---
2022-09-09T09:58:57.9093108Z [INFO] Using 'UTF-8' encoding to copy filtered resources.
2022-09-09T09:58:57.9097373Z [INFO] skip non existing resourceDirectory /home/runner/work/transmittable-thread-local/transmittable-thread-local/ttl-integrations/sample-ttl-agent-extension-transformlet/src/test/resources
2022-09-09T09:58:57.9102232Z [INFO] 
2022-09-09T09:58:57.9105792Z [INFO] --- maven-compiler-plugin:3.1:testCompile (default-testCompile) @ sample-ttl-agent-extension-transformlet ---
2022-09-09T09:58:57.9148492Z [INFO] Changes detected - recompiling the module!
2022-09-09T09:58:57.9164159Z [INFO] Compiling 1 source file to /home/runner/work/transmittable-thread-local/transmittable-thread-local/ttl-integrations/sample-ttl-agent-extension-transformlet/target/test-classes
2022-09-09T09:58:57.9314298Z [INFO] 
2022-09-09T09:58:57.9318319Z [INFO] --- maven-surefire-plugin:2.22.2:test (default-test) @ sample-ttl-agent-extension-transformlet ---
2022-09-09T09:58:58.1230475Z [INFO] 
2022-09-09T09:58:58.1231276Z [INFO] -------------------------------------------------------
2022-09-09T09:58:58.1233899Z [INFO]  T E S T S
2022-09-09T09:58:58.1234865Z [INFO] -------------------------------------------------------
2022-09-09T09:58:58.4661828Z [INFO] Running com.alibaba.ttl.agent.extension_transformlet.sample.biz.ToBeTransformedClassTest
2022-09-09T09:58:58.5553801Z ========================================
2022-09-09T09:58:58.5579318Z Test WITHOUT TTL Agent
2022-09-09T09:58:58.5588890Z ========================================
2022-09-09T09:58:58.5774736Z [INFO] Tests run: 1, Failures: 0, Errors: 0, Skipped: 0, Time elapsed: 0.112 s - in com.alibaba.ttl.agent.extension_transformlet.sample.biz.ToBeTransformedClassTest
2022-09-09T09:58:58.9079850Z [INFO] 
2022-09-09T09:58:58.9082221Z [INFO] Results:
2022-09-09T09:58:58.9082727Z [INFO] 
2022-09-09T09:58:58.9083729Z [INFO] Tests run: 1, Failures: 0, Errors: 0, Skipped: 0
2022-09-09T09:58:58.9084303Z [INFO] 
2022-09-09T09:58:58.9157312Z [INFO] 
2022-09-09T09:58:58.9162213Z [INFO] --- maven-jar-plugin:2.4:jar (default-jar) @ sample-ttl-agent-extension-transformlet ---
2022-09-09T09:58:59.0601471Z [INFO] Building jar: /home/runner/work/transmittable-thread-local/transmittable-thread-local/ttl-integrations/sample-ttl-agent-extension-transformlet/target/sample-ttl-agent-extension-transformlet-1.0.0-SNAPSHOT.jar
2022-09-09T09:58:59.0727269Z [INFO] ------------------------------------------------------------------------
2022-09-09T09:58:59.0729505Z [INFO] Reactor Summary:
2022-09-09T09:58:59.0730991Z [INFO] 
2022-09-09T09:58:59.0735938Z [INFO] ttl3-parent 3.x-SNAPSHOT ........................... SUCCESS [  0.942 s]
2022-09-09T09:58:59.0738359Z [INFO] TransmittableThreadLocal(TTL) 3.x-SNAPSHOT ......... SUCCESS [ 25.343 s]
2022-09-09T09:58:59.0741167Z [INFO] TransmittableThreadLocal(TTL) kotlin support 3.x-SNAPSHOT SUCCESS [  6.351 s]
2022-09-09T09:58:59.0743436Z [INFO] TransmittableThreadLocal(TTL) Agent 3.x-SNAPSHOT ... SUCCESS [  1.447 s]
2022-09-09T09:58:59.0745734Z [INFO] TransmittableThreadLocal(TTL) v2 compatible 3.x-SNAPSHOT SUCCESS [ 21.899 s]
2022-09-09T09:58:59.0747918Z [INFO] vertx4-ttl-integration 0.1.0-SNAPSHOT .............. SUCCESS [  0.447 s]
2022-09-09T09:58:59.0750055Z [INFO] vertx3-ttl-integration 0.1.0-SNAPSHOT .............. SUCCESS [  0.230 s]
2022-09-09T09:58:59.0752227Z [INFO] sample-ttl-agent-extension-transformlet 1.0.0-SNAPSHOT SUCCESS [  1.490 s]
2022-09-09T09:58:59.0754317Z [INFO] ------------------------------------------------------------------------
2022-09-09T09:58:59.0756127Z [INFO] BUILD SUCCESS
2022-09-09T09:58:59.0757980Z [INFO] ------------------------------------------------------------------------
2022-09-09T09:58:59.0760644Z [INFO] Total time:  58.443 s
2022-09-09T09:58:59.0764375Z [INFO] Finished at: 2022-09-09T09:58:59Z
2022-09-09T09:58:59.0766545Z [INFO] ------------------------------------------------------------------------
2022-09-09T09:58:59.1295728Z ##[group]Run ../mvnw -V --no-transfer-progress -Penable-ttl-agent-for-test surefire:test '-Dttl.agent.extra.d.options=-Drun-ttl-test-under-agent-with-enable-timer-task=true'
2022-09-09T09:58:59.1297480Z [36;1m../mvnw -V --no-transfer-progress -Penable-ttl-agent-for-test surefire:test '-Dttl.agent.extra.d.options=-Drun-ttl-test-under-agent-with-enable-timer-task=true'[0m
2022-09-09T09:58:59.1367666Z shell: /usr/bin/bash -e {0}
2022-09-09T09:58:59.1367940Z env:
2022-09-09T09:58:59.1368242Z   JAVA_HOME: /opt/hostedtoolcache/Java_Zulu_jdk/8.0.345-1/x64
2022-09-09T09:58:59.1368644Z   JAVA_HOME_8_X64: /opt/hostedtoolcache/Java_Zulu_jdk/8.0.345-1/x64
2022-09-09T09:58:59.1368971Z ##[endgroup]
2022-09-09T09:58:59.3927391Z Apache Maven 3.8.6 (84538c9988a25aec085021c365c560670ad80f63)
2022-09-09T09:58:59.3940011Z Maven home: /home/runner/.m2/wrapper/dists/apache-maven-3.8.6-bin/1ks0nkde5v1pk9vtc31i9d0lcd/apache-maven-3.8.6
2022-09-09T09:58:59.3941470Z Java version: 1.8.0_345, vendor: Azul Systems, Inc., runtime: /opt/hostedtoolcache/Java_Zulu_jdk/8.0.345-1/x64/jre
2022-09-09T09:58:59.3942159Z Default locale: en, platform encoding: UTF-8
2022-09-09T09:58:59.3943199Z OS name: "linux", version: "5.15.0-1019-azure", arch: "amd64", family: "unix"
2022-09-09T09:59:00.4062141Z [INFO] Scanning for projects...
2022-09-09T09:59:00.6531872Z [INFO] 
2022-09-09T09:59:00.6533939Z [INFO] ---------------< com.alibaba:transmittable-thread-local >---------------
2022-09-09T09:59:00.6534617Z [INFO] Building TransmittableThreadLocal(TTL) v2 compatible 3.x-SNAPSHOT
2022-09-09T09:59:00.6535464Z [INFO] --------------------------------[ jar ]---------------------------------
2022-09-09T09:59:00.8733316Z [INFO] 
2022-09-09T09:59:00.8756698Z [INFO] --- maven-surefire-plugin:3.0.0-M7:test (default-cli) @ transmittable-thread-local ---
2022-09-09T09:59:01.2682675Z [INFO] Using auto detected provider org.apache.maven.surefire.junitplatform.JUnitPlatformProvider
2022-09-09T09:59:01.5515152Z [INFO] 
2022-09-09T09:59:01.5516268Z [INFO] -------------------------------------------------------
2022-09-09T09:59:01.5516861Z [INFO]  T E S T S
2022-09-09T09:59:01.5518019Z [INFO] -------------------------------------------------------
2022-09-09T09:59:06.9341501Z [INFO] Running com.alibaba.demo.coroutine.CoroutineThreadContextElementTest
2022-09-09T09:59:07.7106123Z [INFO] Tests run: 3, Failures: 0, Errors: 0, Skipped: 0, Time elapsed: 0.736 s - in com.alibaba.demo.coroutine.CoroutineThreadContextElementTest
2022-09-09T09:59:07.7110326Z [INFO] Running com.alibaba.demo.coroutine.ttl_intergration.usage.TtlCoroutineContextTest
2022-09-09T09:59:07.7930000Z [INFO] Tests run: 3, Failures: 0, Errors: 0, Skipped: 0, Time elapsed: 0.101 s - in com.alibaba.demo.coroutine.ttl_intergration.usage.TtlCoroutineContextTest
2022-09-09T09:59:07.7930655Z [INFO] Running com.alibaba.it.TimerAgentCheckTest
2022-09-09T09:59:07.8377087Z [INFO] Tests run: 1, Failures: 0, Errors: 0, Skipped: 0, Time elapsed: 0.043 s - in com.alibaba.it.TimerAgentCheckTest
2022-09-09T09:59:07.8378049Z [INFO] Running com.alibaba.third_part_lib_test.ExecutorsTest
2022-09-09T09:59:07.8845910Z [INFO] Tests run: 1, Failures: 0, Errors: 0, Skipped: 0, Time elapsed: 0.052 s - in com.alibaba.third_part_lib_test.ExecutorsTest
2022-09-09T09:59:07.8846882Z [INFO] Running com.alibaba.third_part_lib_test.ForkJoinPoolTest
2022-09-09T09:59:07.9235995Z [INFO] Tests run: 1, Failures: 0, Errors: 0, Skipped: 0, Time elapsed: 0.036 s - in com.alibaba.third_part_lib_test.ForkJoinPoolTest
2022-09-09T09:59:07.9303127Z [INFO] Running com.alibaba.third_part_lib_test.JavassistTest
2022-09-09T09:59:07.9702084Z [WARNING] Tests run: 2, Failures: 0, Errors: 0, Skipped: 2, Time elapsed: 0.041 s - in com.alibaba.third_part_lib_test.JavassistTest
2022-09-09T09:59:07.9702634Z [INFO] Running com.alibaba.ttl.InheritableTest
2022-09-09T09:59:08.0984196Z [INFO] Tests run: 12, Failures: 0, Errors: 0, Skipped: 0, Time elapsed: 0.116 s - in com.alibaba.ttl.InheritableTest
2022-09-09T09:59:08.0987739Z [INFO] Running com.alibaba.ttl.TtlCallableTest
2022-09-09T09:59:08.1521759Z [INFO] Tests run: 9, Failures: 0, Errors: 0, Skipped: 0, Time elapsed: 0.066 s - in com.alibaba.ttl.TtlCallableTest
2022-09-09T09:59:08.1544404Z [INFO] Running com.alibaba.ttl.TtlRunnableTest
2022-09-09T09:59:08.2261897Z [INFO] Tests run: 12, Failures: 0, Errors: 0, Skipped: 0, Time elapsed: 0.074 s - in com.alibaba.ttl.TtlRunnableTest
2022-09-09T09:59:08.2266777Z [INFO] Running com.alibaba.ttl.TtlTimerTaskTest
2022-09-09T09:59:08.2438478Z [INFO] Tests run: 2, Failures: 0, Errors: 0, Skipped: 0, Time elapsed: 0.02 s - in com.alibaba.ttl.TtlTimerTaskTest
2022-09-09T09:59:08.2449650Z [INFO] Running com.alibaba.ttl.TtlWrappersTest
2022-09-09T09:59:08.3171151Z [INFO] Tests run: 7, Failures: 0, Errors: 0, Skipped: 0, Time elapsed: 0.062 s - in com.alibaba.ttl.TtlWrappersTest
2022-09-09T09:59:08.3174628Z [INFO] Running com.alibaba.ttl.forkjoin.ForkJoinPool4RunnableCallableTest
2022-09-09T09:59:08.3395200Z [INFO] Tests run: 2, Failures: 0, Errors: 0, Skipped: 0, Time elapsed: 0.029 s - in com.alibaba.ttl.forkjoin.ForkJoinPool4RunnableCallableTest
2022-09-09T09:59:08.3405267Z [INFO] Running com.alibaba.ttl.forkjoin.ForkJoinPool4StreamTest
2022-09-09T09:59:08.4369963Z [INFO] Tests run: 2, Failures: 0, Errors: 0, Skipped: 0, Time elapsed: 0.09 s - in com.alibaba.ttl.forkjoin.ForkJoinPool4StreamTest
2022-09-09T09:59:08.4372922Z [INFO] Running com.alibaba.ttl.forkjoin.recursive_action.TtlRecursiveActionTest
2022-09-09T09:59:08.4776370Z [INFO] Tests run: 2, Failures: 0, Errors: 0, Skipped: 0, Time elapsed: 0.042 s - in com.alibaba.ttl.forkjoin.recursive_action.TtlRecursiveActionTest
2022-09-09T09:59:08.4779659Z [INFO] Running com.alibaba.ttl.forkjoin.recursive_task.TtlRecursiveTaskTest
2022-09-09T09:59:08.5113502Z [INFO] Tests run: 2, Failures: 0, Errors: 0, Skipped: 0, Time elapsed: 0.034 s - in com.alibaba.ttl.forkjoin.recursive_task.TtlRecursiveTaskTest
2022-09-09T09:59:08.5116172Z [INFO] Running com.alibaba.ttl.threadlocal_integration.ThreadLocalIntegrationTest
2022-09-09T09:59:08.5747314Z [INFO] Tests run: 6, Failures: 0, Errors: 0, Skipped: 0, Time elapsed: 0.063 s - in com.alibaba.ttl.threadlocal_integration.ThreadLocalIntegrationTest
2022-09-09T09:59:08.5750862Z [INFO] Running com.alibaba.ttl.threadpool.ScheduledExecutorServiceTtlWrapperTest
2022-09-09T09:59:08.9183021Z [INFO] Tests run: 12, Failures: 0, Errors: 0, Skipped: 0, Time elapsed: 0.332 s - in com.alibaba.ttl.threadpool.ScheduledExecutorServiceTtlWrapperTest
2022-09-09T09:59:08.9187240Z [INFO] Running com.alibaba.ttl.threadpool.TtlExecutorsTest
2022-09-09T09:59:09.0504223Z [INFO] Tests run: 14, Failures: 0, Errors: 0, Skipped: 0, Time elapsed: 0.135 s - in com.alibaba.ttl.threadpool.TtlExecutorsTest
2022-09-09T09:59:09.0557003Z [INFO] Running com.alibaba.ttl.threadpool.TtlForkJoinPoolHelperTest
2022-09-09T09:59:09.0584847Z [INFO] Tests run: 2, Failures: 0, Errors: 0, Skipped: 0, Time elapsed: 0.009 s - in com.alibaba.ttl.threadpool.TtlForkJoinPoolHelperTest
2022-09-09T09:59:09.0702140Z [INFO] Running com.alibaba.ttl.threadpool.agent.TtlAgentHelperTest
2022-09-09T09:59:09.0760191Z [WARNING] Tests run: 4, Failures: 0, Errors: 0, Skipped: 4, Time elapsed: 0.016 s - in com.alibaba.ttl.threadpool.agent.TtlAgentHelperTest
2022-09-09T09:59:09.0765948Z [INFO] Running com.alibaba.ttl.threadpool.agent.TtlExtensionTransformletManagerTest
2022-09-09T09:59:09.0821471Z [WARNING] Tests run: 1, Failures: 0, Errors: 0, Skipped: 1, Time elapsed: 0.009 s - in com.alibaba.ttl.threadpool.agent.TtlExtensionTransformletManagerTest
2022-09-09T09:59:09.0824897Z [INFO] Running com.alibaba.ttl.threadpool.agent.transformlet.helper.TtlTransformletHelperTest
2022-09-09T09:59:09.1096520Z [INFO] Tests run: 3, Failures: 0, Errors: 0, Skipped: 0, Time elapsed: 0.028 s - in com.alibaba.ttl.threadpool.agent.transformlet.helper.TtlTransformletHelperTest
2022-09-09T09:59:09.1101053Z [INFO] Running com.alibaba.user_api_test.ttl.TransmittableThreadLocal_Transmitter_UserTest
2022-09-09T09:59:09.1473619Z [INFO] Tests run: 6, Failures: 0, Errors: 0, Skipped: 0, Time elapsed: 0.037 s - in com.alibaba.user_api_test.ttl.TransmittableThreadLocal_Transmitter_UserTest
2022-09-09T09:59:09.1477763Z [INFO] Running com.alibaba.user_api_test.ttl.TransmittableThreadLocal_Transmitter_registerTransmittee_UserTest
2022-09-09T09:59:11.5302019Z [INFO] Tests run: 2, Failures: 0, Errors: 0, Skipped: 0, Time elapsed: 2.373 s - in com.alibaba.user_api_test.ttl.TransmittableThreadLocal_Transmitter_registerTransmittee_UserTest
2022-09-09T09:59:11.5310651Z [INFO] Running com.alibaba.user_api_test.ttl.TransmittableThreadLocal_withInit_Test
2022-09-09T09:59:11.5895970Z [INFO] Tests run: 3, Failures: 0, Errors: 0, Skipped: 0, Time elapsed: 0.052 s - in com.alibaba.user_api_test.ttl.TransmittableThreadLocal_withInit_Test
2022-09-09T09:59:11.7088604Z [INFO] Running com.alibaba.ttl.threadpool.ExecutorClassesTest
2022-09-09T09:59:11.8030407Z [INFO] Tests run: 2, Failures: 0, Errors: 0, Skipped: 0, Time elapsed: 0.088 s - in com.alibaba.ttl.threadpool.ExecutorClassesTest
2022-09-09T09:59:11.8037900Z [INFO] Running com.alibaba.ttl.threadpool.agent.transformlet.internal.UtilsTest
2022-09-09T09:59:11.8070421Z [INFO] Tests run: 1, Failures: 0, Errors: 0, Skipped: 0, Time elapsed: 0 s - in com.alibaba.ttl.threadpool.agent.transformlet.internal.UtilsTest
2022-09-09T09:59:11.8074244Z [INFO] Running com.alibaba.ttl.reported_bugs.Bug70_Test
2022-09-09T09:59:11.8275434Z [INFO] Tests run: 1, Failures: 0, Errors: 0, Skipped: 0, Time elapsed: 0.022 s - in com.alibaba.ttl.reported_bugs.Bug70_Test
2022-09-09T09:59:11.8279817Z [INFO] Running com.alibaba.test.ttl.threadpool.BeforeAndAfterExecuteMethodOfExecutorSubclassTest
2022-09-09T09:59:11.8507512Z [INFO] Tests run: 4, Failures: 0, Errors: 0, Skipped: 0, Time elapsed: 0.023 s - in com.alibaba.test.ttl.threadpool.BeforeAndAfterExecuteMethodOfExecutorSubclassTest
2022-09-09T09:59:11.8512828Z [INFO] Running com.alibaba.user_api_test.ttl.DisableIgnoreNullValueSemanticsTest
2022-09-09T09:59:11.8690951Z [INFO] Tests run: 4, Failures: 0, Errors: 0, Skipped: 0, Time elapsed: 0.019 s - in com.alibaba.user_api_test.ttl.DisableIgnoreNullValueSemanticsTest
2022-09-09T09:59:11.8695005Z [INFO] Running com.alibaba.user_api_test.ttl.TransmittableThreadLocal_withInit_Null_Test
2022-09-09T09:59:11.8721784Z [INFO] Tests run: 3, Failures: 0, Errors: 0, Skipped: 0, Time elapsed: 0.003 s - in com.alibaba.user_api_test.ttl.TransmittableThreadLocal_withInit_Null_Test
2022-09-09T09:59:11.9217113Z [INFO] 
2022-09-09T09:59:11.9217424Z [INFO] Results:
2022-09-09T09:59:11.9220507Z [INFO] 
2022-09-09T09:59:11.9221253Z [WARNING] Tests run: 125, Failures: 0, Errors: 0, Skipped: 3
2022-09-09T09:59:11.9221576Z [INFO] 
2022-09-09T09:59:11.9261061Z [WARNING] Corrupted channel by directly writing to native stream in forked JVM 1. See FAQ web page and the dump file /home/runner/work/transmittable-thread-local/transmittable-thread-local/ttl2-compatible/target/surefire-reports/2022-09-09T09-59-01_172-jvmRun1.dumpstream
2022-09-09T09:59:11.9266406Z [INFO] ------------------------------------------------------------------------
2022-09-09T09:59:11.9267057Z [INFO] BUILD SUCCESS
2022-09-09T09:59:11.9268081Z [INFO] ------------------------------------------------------------------------
2022-09-09T09:59:11.9301712Z [INFO] Total time:  11.545 s
2022-09-09T09:59:11.9302707Z [INFO] Finished at: 2022-09-09T09:59:11Z
2022-09-09T09:59:11.9304817Z [INFO] ------------------------------------------------------------------------
2022-09-09T09:59:11.9446810Z ##[group]Run ../mvnw -V --no-transfer-progress -Penable-ttl-agent-for-test surefire:test '-Dttl.agent.extra.args=ttl.agent.disable.inheritable.for.thread.pool:true' '-Dttl.agent.extra.d.options=-Drun-ttl-test-under-agent-with-disable-inheritable=true'
2022-09-09T09:59:11.9448147Z [36;1m../mvnw -V --no-transfer-progress -Penable-ttl-agent-for-test surefire:test '-Dttl.agent.extra.args=ttl.agent.disable.inheritable.for.thread.pool:true' '-Dttl.agent.extra.d.options=-Drun-ttl-test-under-agent-with-disable-inheritable=true'[0m
2022-09-09T09:59:11.9509344Z shell: /usr/bin/bash -e {0}
2022-09-09T09:59:11.9509623Z env:
2022-09-09T09:59:11.9509935Z   JAVA_HOME: /opt/hostedtoolcache/Java_Zulu_jdk/8.0.345-1/x64
2022-09-09T09:59:11.9510339Z   JAVA_HOME_8_X64: /opt/hostedtoolcache/Java_Zulu_jdk/8.0.345-1/x64
2022-09-09T09:59:11.9510669Z ##[endgroup]
2022-09-09T09:59:12.1998840Z Apache Maven 3.8.6 (84538c9988a25aec085021c365c560670ad80f63)
2022-09-09T09:59:12.1999932Z Maven home: /home/runner/.m2/wrapper/dists/apache-maven-3.8.6-bin/1ks0nkde5v1pk9vtc31i9d0lcd/apache-maven-3.8.6
2022-09-09T09:59:12.2001271Z Java version: 1.8.0_345, vendor: Azul Systems, Inc., runtime: /opt/hostedtoolcache/Java_Zulu_jdk/8.0.345-1/x64/jre
2022-09-09T09:59:12.2001777Z Default locale: en, platform encoding: UTF-8
2022-09-09T09:59:12.2005580Z OS name: "linux", version: "5.15.0-1019-azure", arch: "amd64", family: "unix"
2022-09-09T09:59:13.1900225Z [INFO] Scanning for projects...
2022-09-09T09:59:13.3764966Z [INFO] 
2022-09-09T09:59:13.3768332Z [INFO] ---------------< com.alibaba:transmittable-thread-local >---------------
2022-09-09T09:59:13.3769712Z [INFO] Building TransmittableThreadLocal(TTL) v2 compatible 3.x-SNAPSHOT
2022-09-09T09:59:13.3771317Z [INFO] --------------------------------[ jar ]---------------------------------
2022-09-09T09:59:13.6517222Z [INFO] 
2022-09-09T09:59:13.6524166Z [INFO] --- maven-surefire-plugin:3.0.0-M7:test (default-cli) @ transmittable-thread-local ---
2022-09-09T09:59:14.0100740Z [INFO] Using auto detected provider org.apache.maven.surefire.junitplatform.JUnitPlatformProvider
2022-09-09T09:59:14.2386346Z [INFO] 
2022-09-09T09:59:14.2390300Z [INFO] -------------------------------------------------------
2022-09-09T09:59:14.2393527Z [INFO]  T E S T S
2022-09-09T09:59:14.2396804Z [INFO] -------------------------------------------------------
2022-09-09T09:59:19.9981152Z [INFO] Running com.alibaba.demo.coroutine.CoroutineThreadContextElementTest
2022-09-09T09:59:20.7742197Z [INFO] Tests run: 3, Failures: 0, Errors: 0, Skipped: 0, Time elapsed: 0.721 s - in com.alibaba.demo.coroutine.CoroutineThreadContextElementTest
2022-09-09T09:59:20.7801395Z [INFO] Running com.alibaba.demo.coroutine.ttl_intergration.usage.TtlCoroutineContextTest
2022-09-09T09:59:20.8479320Z [INFO] Tests run: 3, Failures: 0, Errors: 0, Skipped: 0, Time elapsed: 0.094 s - in com.alibaba.demo.coroutine.ttl_intergration.usage.TtlCoroutineContextTest
2022-09-09T09:59:20.8483802Z [INFO] Running com.alibaba.it.TimerAgentCheckTest
2022-09-09T09:59:20.9404100Z [INFO] Tests run: 1, Failures: 0, Errors: 0, Skipped: 0, Time elapsed: 0.082 s - in com.alibaba.it.TimerAgentCheckTest
2022-09-09T09:59:20.9405176Z [INFO] Running com.alibaba.third_part_lib_test.ExecutorsTest
2022-09-09T09:59:21.0088378Z [INFO] Tests run: 1, Failures: 0, Errors: 0, Skipped: 0, Time elapsed: 0.065 s - in com.alibaba.third_part_lib_test.ExecutorsTest
2022-09-09T09:59:21.0089415Z [INFO] Running com.alibaba.third_part_lib_test.ForkJoinPoolTest
2022-09-09T09:59:21.0558238Z [INFO] Tests run: 1, Failures: 0, Errors: 0, Skipped: 0, Time elapsed: 0.037 s - in com.alibaba.third_part_lib_test.ForkJoinPoolTest
2022-09-09T09:59:21.0564335Z [INFO] Running com.alibaba.third_part_lib_test.JavassistTest
2022-09-09T09:59:21.0942077Z [WARNING] Tests run: 2, Failures: 0, Errors: 0, Skipped: 2, Time elapsed: 0.035 s - in com.alibaba.third_part_lib_test.JavassistTest
2022-09-09T09:59:21.0947832Z [INFO] Running com.alibaba.ttl.InheritableTest
2022-09-09T09:59:21.2083366Z [INFO] Tests run: 12, Failures: 0, Errors: 0, Skipped: 0, Time elapsed: 0.114 s - in com.alibaba.ttl.InheritableTest
2022-09-09T09:59:21.2091811Z [INFO] Running com.alibaba.ttl.TtlCallableTest
2022-09-09T09:59:21.2652485Z [INFO] Tests run: 9, Failures: 0, Errors: 0, Skipped: 0, Time elapsed: 0.057 s - in com.alibaba.ttl.TtlCallableTest
2022-09-09T09:59:21.2653103Z [INFO] Running com.alibaba.ttl.TtlRunnableTest
2022-09-09T09:59:21.3386610Z [INFO] Tests run: 12, Failures: 0, Errors: 0, Skipped: 0, Time elapsed: 0.074 s - in com.alibaba.ttl.TtlRunnableTest
2022-09-09T09:59:21.3387503Z [INFO] Running com.alibaba.ttl.TtlTimerTaskTest
2022-09-09T09:59:21.3541978Z [INFO] Tests run: 2, Failures: 0, Errors: 0, Skipped: 0, Time elapsed: 0.013 s - in com.alibaba.ttl.TtlTimerTaskTest
2022-09-09T09:59:21.3544581Z [INFO] Running com.alibaba.ttl.TtlWrappersTest
2022-09-09T09:59:21.4037770Z [INFO] Tests run: 7, Failures: 0, Errors: 0, Skipped: 0, Time elapsed: 0.045 s - in com.alibaba.ttl.TtlWrappersTest
2022-09-09T09:59:21.4060928Z [INFO] Running com.alibaba.ttl.forkjoin.ForkJoinPool4RunnableCallableTest
2022-09-09T09:59:21.4302217Z [INFO] Tests run: 2, Failures: 0, Errors: 0, Skipped: 0, Time elapsed: 0.018 s - in com.alibaba.ttl.forkjoin.ForkJoinPool4RunnableCallableTest
2022-09-09T09:59:21.4319474Z [INFO] Running com.alibaba.ttl.forkjoin.ForkJoinPool4StreamTest
2022-09-09T09:59:21.5128512Z [INFO] Tests run: 2, Failures: 0, Errors: 0, Skipped: 0, Time elapsed: 0.084 s - in com.alibaba.ttl.forkjoin.ForkJoinPool4StreamTest
2022-09-09T09:59:21.5129704Z [INFO] Running com.alibaba.ttl.forkjoin.recursive_action.TtlRecursiveActionTest
2022-09-09T09:59:21.5380443Z [INFO] Tests run: 2, Failures: 0, Errors: 0, Skipped: 0, Time elapsed: 0.025 s - in com.alibaba.ttl.forkjoin.recursive_action.TtlRecursiveActionTest
2022-09-09T09:59:21.5381629Z [INFO] Running com.alibaba.ttl.forkjoin.recursive_task.TtlRecursiveTaskTest
2022-09-09T09:59:21.5568123Z [INFO] Tests run: 2, Failures: 0, Errors: 0, Skipped: 0, Time elapsed: 0.021 s - in com.alibaba.ttl.forkjoin.recursive_task.TtlRecursiveTaskTest
2022-09-09T09:59:21.5569316Z [INFO] Running com.alibaba.ttl.threadlocal_integration.ThreadLocalIntegrationTest
2022-09-09T09:59:21.5971723Z [INFO] Tests run: 6, Failures: 0, Errors: 0, Skipped: 0, Time elapsed: 0.041 s - in com.alibaba.ttl.threadlocal_integration.ThreadLocalIntegrationTest
2022-09-09T09:59:21.5975077Z [INFO] Running com.alibaba.ttl.threadpool.ScheduledExecutorServiceTtlWrapperTest
2022-09-09T09:59:21.8901983Z [INFO] Tests run: 12, Failures: 0, Errors: 0, Skipped: 0, Time elapsed: 0.282 s - in com.alibaba.ttl.threadpool.ScheduledExecutorServiceTtlWrapperTest
2022-09-09T09:59:21.8905924Z [INFO] Running com.alibaba.ttl.threadpool.TtlExecutorsTest
2022-09-09T09:59:21.9890128Z [INFO] Tests run: 14, Failures: 0, Errors: 0, Skipped: 0, Time elapsed: 0.096 s - in com.alibaba.ttl.threadpool.TtlExecutorsTest
2022-09-09T09:59:21.9895010Z [INFO] Running com.alibaba.ttl.threadpool.TtlForkJoinPoolHelperTest
2022-09-09T09:59:21.9981497Z [INFO] Tests run: 2, Failures: 0, Errors: 0, Skipped: 0, Time elapsed: 0.021 s - in com.alibaba.ttl.threadpool.TtlForkJoinPoolHelperTest
2022-09-09T09:59:22.0069272Z [INFO] Running com.alibaba.ttl.threadpool.agent.TtlAgentHelperTest
2022-09-09T09:59:22.0339900Z [WARNING] Tests run: 4, Failures: 0, Errors: 0, Skipped: 4, Time elapsed: 0.027 s - in com.alibaba.ttl.threadpool.agent.TtlAgentHelperTest
2022-09-09T09:59:22.0378100Z [INFO] Running com.alibaba.ttl.threadpool.agent.TtlExtensionTransformletManagerTest
2022-09-09T09:59:22.0513750Z [WARNING] Tests run: 1, Failures: 0, Errors: 0, Skipped: 1, Time elapsed: 0.01 s - in com.alibaba.ttl.threadpool.agent.TtlExtensionTransformletManagerTest
2022-09-09T09:59:22.0537714Z [INFO] Running com.alibaba.ttl.threadpool.agent.transformlet.helper.TtlTransformletHelperTest
2022-09-09T09:59:22.0769249Z [INFO] Tests run: 3, Failures: 0, Errors: 0, Skipped: 0, Time elapsed: 0.017 s - in com.alibaba.ttl.threadpool.agent.transformlet.helper.TtlTransformletHelperTest
2022-09-09T09:59:22.0770347Z [INFO] Running com.alibaba.user_api_test.ttl.TransmittableThreadLocal_Transmitter_UserTest
2022-09-09T09:59:22.1220072Z [INFO] Tests run: 6, Failures: 0, Errors: 0, Skipped: 0, Time elapsed: 0.049 s - in com.alibaba.user_api_test.ttl.TransmittableThreadLocal_Transmitter_UserTest
2022-09-09T09:59:22.1235438Z [INFO] Running com.alibaba.user_api_test.ttl.TransmittableThreadLocal_Transmitter_registerTransmittee_UserTest
2022-09-09T09:59:24.3214781Z [INFO] Tests run: 2, Failures: 0, Errors: 0, Skipped: 0, Time elapsed: 2.188 s - in com.alibaba.user_api_test.ttl.TransmittableThreadLocal_Transmitter_registerTransmittee_UserTest
2022-09-09T09:59:24.3219997Z [INFO] Running com.alibaba.user_api_test.ttl.TransmittableThreadLocal_withInit_Test
2022-09-09T09:59:24.3827316Z [INFO] Tests run: 3, Failures: 0, Errors: 0, Skipped: 0, Time elapsed: 0.055 s - in com.alibaba.user_api_test.ttl.TransmittableThreadLocal_withInit_Test
2022-09-09T09:59:24.6533588Z [INFO] Running com.alibaba.ttl.threadpool.ExecutorClassesTest
2022-09-09T09:59:24.7332362Z [INFO] Tests run: 2, Failures: 0, Errors: 0, Skipped: 0, Time elapsed: 0.077 s - in com.alibaba.ttl.threadpool.ExecutorClassesTest
2022-09-09T09:59:24.7335995Z [INFO] Running com.alibaba.ttl.threadpool.agent.transformlet.internal.UtilsTest
2022-09-09T09:59:24.7388328Z [INFO] Tests run: 1, Failures: 0, Errors: 0, Skipped: 0, Time elapsed: 0.006 s - in com.alibaba.ttl.threadpool.agent.transformlet.internal.UtilsTest
2022-09-09T09:59:24.7390814Z [INFO] Running com.alibaba.ttl.reported_bugs.Bug70_Test
2022-09-09T09:59:24.7563502Z [INFO] Tests run: 1, Failures: 0, Errors: 0, Skipped: 0, Time elapsed: 0.007 s - in com.alibaba.ttl.reported_bugs.Bug70_Test
2022-09-09T09:59:24.7565591Z [INFO] Running com.alibaba.test.ttl.threadpool.BeforeAndAfterExecuteMethodOfExecutorSubclassTest
2022-09-09T09:59:24.7796784Z [INFO] Tests run: 4, Failures: 0, Errors: 0, Skipped: 0, Time elapsed: 0.028 s - in com.alibaba.test.ttl.threadpool.BeforeAndAfterExecuteMethodOfExecutorSubclassTest
2022-09-09T09:59:24.7808524Z [INFO] Running com.alibaba.user_api_test.ttl.DisableIgnoreNullValueSemanticsTest
2022-09-09T09:59:24.8060401Z [INFO] Tests run: 4, Failures: 0, Errors: 0, Skipped: 0, Time elapsed: 0.023 s - in com.alibaba.user_api_test.ttl.DisableIgnoreNullValueSemanticsTest
2022-09-09T09:59:24.8061279Z [INFO] Running com.alibaba.user_api_test.ttl.TransmittableThreadLocal_withInit_Null_Test
2022-09-09T09:59:24.8182365Z [INFO] Tests run: 3, Failures: 0, Errors: 0, Skipped: 0, Time elapsed: 0.002 s - in com.alibaba.user_api_test.ttl.TransmittableThreadLocal_withInit_Null_Test
2022-09-09T09:59:24.8529271Z [INFO] 
2022-09-09T09:59:24.8530048Z [INFO] Results:
2022-09-09T09:59:24.8532976Z [INFO] 
2022-09-09T09:59:24.8533617Z [WARNING] Tests run: 125, Failures: 0, Errors: 0, Skipped: 3
2022-09-09T09:59:24.8534142Z [INFO] 
2022-09-09T09:59:24.8535765Z [WARNING] Corrupted channel by directly writing to native stream in forked JVM 1. See FAQ web page and the dump file /home/runner/work/transmittable-thread-local/transmittable-thread-local/ttl2-compatible/target/surefire-reports/2022-09-09T09-59-13_926-jvmRun1.dumpstream
2022-09-09T09:59:24.8582084Z [INFO] ------------------------------------------------------------------------
2022-09-09T09:59:24.8582668Z [INFO] BUILD SUCCESS
2022-09-09T09:59:24.8583319Z [INFO] ------------------------------------------------------------------------
2022-09-09T09:59:24.8595293Z [INFO] Total time:  11.693 s
2022-09-09T09:59:24.8596739Z [INFO] Finished at: 2022-09-09T09:59:24Z
2022-09-09T09:59:24.8597519Z [INFO] ------------------------------------------------------------------------
2022-09-09T09:59:24.8756579Z ##[group]Run ../mvnw -V --no-transfer-progress -Penable-ttl-agent-for-test surefire:test '-Dttl.agent.extra.args=ttl.agent.enable.timer.task:true' '-Dttl.agent.extra.d.options=-Drun-ttl-test-under-agent-with-enable-timer-task=true'
2022-09-09T09:59:24.8757775Z [36;1m../mvnw -V --no-transfer-progress -Penable-ttl-agent-for-test surefire:test '-Dttl.agent.extra.args=ttl.agent.enable.timer.task:true' '-Dttl.agent.extra.d.options=-Drun-ttl-test-under-agent-with-enable-timer-task=true'[0m
2022-09-09T09:59:24.8820520Z shell: /usr/bin/bash -e {0}
2022-09-09T09:59:24.8820803Z env:
2022-09-09T09:59:24.8821132Z   JAVA_HOME: /opt/hostedtoolcache/Java_Zulu_jdk/8.0.345-1/x64
2022-09-09T09:59:24.8821540Z   JAVA_HOME_8_X64: /opt/hostedtoolcache/Java_Zulu_jdk/8.0.345-1/x64
2022-09-09T09:59:24.8821869Z ##[endgroup]
2022-09-09T09:59:25.1273443Z Apache Maven 3.8.6 (84538c9988a25aec085021c365c560670ad80f63)
2022-09-09T09:59:25.1275198Z Maven home: /home/runner/.m2/wrapper/dists/apache-maven-3.8.6-bin/1ks0nkde5v1pk9vtc31i9d0lcd/apache-maven-3.8.6
2022-09-09T09:59:25.1276533Z Java version: 1.8.0_345, vendor: Azul Systems, Inc., runtime: /opt/hostedtoolcache/Java_Zulu_jdk/8.0.345-1/x64/jre
2022-09-09T09:59:25.1277661Z Default locale: en, platform encoding: UTF-8
2022-09-09T09:59:25.1278286Z OS name: "linux", version: "5.15.0-1019-azure", arch: "amd64", family: "unix"
2022-09-09T09:59:26.0788610Z [INFO] Scanning for projects...
2022-09-09T09:59:26.2826176Z [INFO] 
2022-09-09T09:59:26.2836844Z [INFO] ---------------< com.alibaba:transmittable-thread-local >---------------
2022-09-09T09:59:26.2847256Z [INFO] Building TransmittableThreadLocal(TTL) v2 compatible 3.x-SNAPSHOT
2022-09-09T09:59:26.2875543Z [INFO] --------------------------------[ jar ]---------------------------------
2022-09-09T09:59:26.5271719Z [INFO] 
2022-09-09T09:59:26.5292238Z [INFO] --- maven-surefire-plugin:3.0.0-M7:test (default-cli) @ transmittable-thread-local ---
2022-09-09T09:59:26.9354502Z [INFO] Using auto detected provider org.apache.maven.surefire.junitplatform.JUnitPlatformProvider
2022-09-09T09:59:27.1246309Z [INFO] 
2022-09-09T09:59:27.1247223Z [INFO] -------------------------------------------------------
2022-09-09T09:59:27.1247665Z [INFO]  T E S T S
2022-09-09T09:59:27.1248117Z [INFO] -------------------------------------------------------
2022-09-09T09:59:32.3778796Z [INFO] Running com.alibaba.demo.coroutine.CoroutineThreadContextElementTest
2022-09-09T09:59:33.1164341Z [INFO] Tests run: 3, Failures: 0, Errors: 0, Skipped: 0, Time elapsed: 0.686 s - in com.alibaba.demo.coroutine.CoroutineThreadContextElementTest
2022-09-09T09:59:33.1167941Z [INFO] Running com.alibaba.demo.coroutine.ttl_intergration.usage.TtlCoroutineContextTest
2022-09-09T09:59:33.1957190Z [INFO] Tests run: 3, Failures: 0, Errors: 0, Skipped: 0, Time elapsed: 0.098 s - in com.alibaba.demo.coroutine.ttl_intergration.usage.TtlCoroutineContextTest
2022-09-09T09:59:33.1960914Z [INFO] Running com.alibaba.it.TimerAgentCheckTest
2022-09-09T09:59:33.2408324Z [INFO] Tests run: 1, Failures: 0, Errors: 0, Skipped: 0, Time elapsed: 0.042 s - in com.alibaba.it.TimerAgentCheckTest
2022-09-09T09:59:33.2412557Z [INFO] Running com.alibaba.third_part_lib_test.ExecutorsTest
2022-09-09T09:59:33.3064947Z [INFO] Tests run: 1, Failures: 0, Errors: 0, Skipped: 0, Time elapsed: 0.066 s - in com.alibaba.third_part_lib_test.ExecutorsTest
2022-09-09T09:59:33.3068880Z [INFO] Running com.alibaba.third_part_lib_test.ForkJoinPoolTest
2022-09-09T09:59:33.3582997Z [INFO] Tests run: 1, Failures: 0, Errors: 0, Skipped: 0, Time elapsed: 0.04 s - in com.alibaba.third_part_lib_test.ForkJoinPoolTest
2022-09-09T09:59:33.3587230Z [INFO] Running com.alibaba.third_part_lib_test.JavassistTest
2022-09-09T09:59:33.4021047Z [WARNING] Tests run: 2, Failures: 0, Errors: 0, Skipped: 2, Time elapsed: 0.052 s - in com.alibaba.third_part_lib_test.JavassistTest
2022-09-09T09:59:33.4025030Z [INFO] Running com.alibaba.ttl.InheritableTest
2022-09-09T09:59:33.6069758Z [INFO] Tests run: 12, Failures: 0, Errors: 0, Skipped: 0, Time elapsed: 0.196 s - in com.alibaba.ttl.InheritableTest
2022-09-09T09:59:33.6072190Z [INFO] Running com.alibaba.ttl.TtlCallableTest
2022-09-09T09:59:33.7069089Z [INFO] Tests run: 9, Failures: 0, Errors: 0, Skipped: 0, Time elapsed: 0.098 s - in com.alibaba.ttl.TtlCallableTest
2022-09-09T09:59:33.7069636Z [INFO] Running com.alibaba.ttl.TtlRunnableTest
2022-09-09T09:59:33.8124296Z [INFO] Tests run: 12, Failures: 0, Errors: 0, Skipped: 0, Time elapsed: 0.096 s - in com.alibaba.ttl.TtlRunnableTest
2022-09-09T09:59:33.8126047Z [INFO] Running com.alibaba.ttl.TtlTimerTaskTest
2022-09-09T09:59:33.8300832Z [INFO] Tests run: 2, Failures: 0, Errors: 0, Skipped: 0, Time elapsed: 0.025 s - in com.alibaba.ttl.TtlTimerTaskTest
2022-09-09T09:59:33.8307715Z [INFO] Running com.alibaba.ttl.TtlWrappersTest
2022-09-09T09:59:33.9013806Z [INFO] Tests run: 7, Failures: 0, Errors: 0, Skipped: 0, Time elapsed: 0.066 s - in com.alibaba.ttl.TtlWrappersTest
2022-09-09T09:59:33.9018836Z [INFO] Running com.alibaba.ttl.forkjoin.ForkJoinPool4RunnableCallableTest
2022-09-09T09:59:33.9319577Z [INFO] Tests run: 2, Failures: 0, Errors: 0, Skipped: 0, Time elapsed: 0.026 s - in com.alibaba.ttl.forkjoin.ForkJoinPool4RunnableCallableTest
2022-09-09T09:59:33.9382595Z [INFO] Running com.alibaba.ttl.forkjoin.ForkJoinPool4StreamTest
2022-09-09T09:59:34.0035761Z [INFO] Tests run: 2, Failures: 0, Errors: 0, Skipped: 0, Time elapsed: 0.072 s - in com.alibaba.ttl.forkjoin.ForkJoinPool4StreamTest
2022-09-09T09:59:34.0055043Z [INFO] Running com.alibaba.ttl.forkjoin.recursive_action.TtlRecursiveActionTest
2022-09-09T09:59:34.0207132Z [INFO] Tests run: 2, Failures: 0, Errors: 0, Skipped: 0, Time elapsed: 0.014 s - in com.alibaba.ttl.forkjoin.recursive_action.TtlRecursiveActionTest
2022-09-09T09:59:34.0208130Z [INFO] Running com.alibaba.ttl.forkjoin.recursive_task.TtlRecursiveTaskTest
2022-09-09T09:59:34.0444824Z [INFO] Tests run: 2, Failures: 0, Errors: 0, Skipped: 0, Time elapsed: 0.021 s - in com.alibaba.ttl.forkjoin.recursive_task.TtlRecursiveTaskTest
2022-09-09T09:59:34.0447581Z [INFO] Running com.alibaba.ttl.threadlocal_integration.ThreadLocalIntegrationTest
2022-09-09T09:59:34.0758214Z [INFO] Tests run: 6, Failures: 0, Errors: 0, Skipped: 0, Time elapsed: 0.034 s - in com.alibaba.ttl.threadlocal_integration.ThreadLocalIntegrationTest
2022-09-09T09:59:34.0765271Z [INFO] Running com.alibaba.ttl.threadpool.ScheduledExecutorServiceTtlWrapperTest
2022-09-09T09:59:34.3601346Z [INFO] Tests run: 12, Failures: 0, Errors: 0, Skipped: 0, Time elapsed: 0.279 s - in com.alibaba.ttl.threadpool.ScheduledExecutorServiceTtlWrapperTest
2022-09-09T09:59:34.3613040Z [INFO] Running com.alibaba.ttl.threadpool.TtlExecutorsTest
2022-09-09T09:59:34.4415012Z [INFO] Tests run: 14, Failures: 0, Errors: 0, Skipped: 0, Time elapsed: 0.079 s - in com.alibaba.ttl.threadpool.TtlExecutorsTest
2022-09-09T09:59:34.4416132Z [INFO] Running com.alibaba.ttl.threadpool.TtlForkJoinPoolHelperTest
2022-09-09T09:59:34.4593019Z [INFO] Tests run: 2, Failures: 0, Errors: 0, Skipped: 0, Time elapsed: 0.021 s - in com.alibaba.ttl.threadpool.TtlForkJoinPoolHelperTest
2022-09-09T09:59:34.4598579Z [INFO] Running com.alibaba.ttl.threadpool.agent.TtlAgentHelperTest
2022-09-09T09:59:34.4877451Z [WARNING] Tests run: 4, Failures: 0, Errors: 0, Skipped: 4, Time elapsed: 0.024 s - in com.alibaba.ttl.threadpool.agent.TtlAgentHelperTest
2022-09-09T09:59:34.4916853Z [INFO] Running com.alibaba.ttl.threadpool.agent.TtlExtensionTransformletManagerTest
2022-09-09T09:59:34.5056053Z [WARNING] Tests run: 1, Failures: 0, Errors: 0, Skipped: 1, Time elapsed: 0.011 s - in com.alibaba.ttl.threadpool.agent.TtlExtensionTransformletManagerTest
2022-09-09T09:59:34.5137902Z [INFO] Running com.alibaba.ttl.threadpool.agent.transformlet.helper.TtlTransformletHelperTest
2022-09-09T09:59:34.5333825Z [INFO] Tests run: 3, Failures: 0, Errors: 0, Skipped: 0, Time elapsed: 0.023 s - in com.alibaba.ttl.threadpool.agent.transformlet.helper.TtlTransformletHelperTest
2022-09-09T09:59:34.5335733Z [INFO] Running com.alibaba.user_api_test.ttl.TransmittableThreadLocal_Transmitter_UserTest
2022-09-09T09:59:34.5690100Z [INFO] Tests run: 6, Failures: 0, Errors: 0, Skipped: 0, Time elapsed: 0.031 s - in com.alibaba.user_api_test.ttl.TransmittableThreadLocal_Transmitter_UserTest
2022-09-09T09:59:34.5691379Z [INFO] Running com.alibaba.user_api_test.ttl.TransmittableThreadLocal_Transmitter_registerTransmittee_UserTest
2022-09-09T09:59:36.8061813Z [INFO] Tests run: 2, Failures: 0, Errors: 0, Skipped: 0, Time elapsed: 2.225 s - in com.alibaba.user_api_test.ttl.TransmittableThreadLocal_Transmitter_registerTransmittee_UserTest
2022-09-09T09:59:36.8062896Z [INFO] Running com.alibaba.user_api_test.ttl.TransmittableThreadLocal_withInit_Test
2022-09-09T09:59:36.8594627Z [INFO] Tests run: 3, Failures: 0, Errors: 0, Skipped: 0, Time elapsed: 0.056 s - in com.alibaba.user_api_test.ttl.TransmittableThreadLocal_withInit_Test
2022-09-09T09:59:36.9732150Z [INFO] Running com.alibaba.ttl.threadpool.ExecutorClassesTest
2022-09-09T09:59:37.0550920Z [INFO] Tests run: 2, Failures: 0, Errors: 0, Skipped: 0, Time elapsed: 0.077 s - in com.alibaba.ttl.threadpool.ExecutorClassesTest
2022-09-09T09:59:37.0552007Z [INFO] Running com.alibaba.ttl.threadpool.agent.transformlet.internal.UtilsTest
2022-09-09T09:59:37.0584819Z [INFO] Tests run: 1, Failures: 0, Errors: 0, Skipped: 0, Time elapsed: 0.003 s - in com.alibaba.ttl.threadpool.agent.transformlet.internal.UtilsTest
2022-09-09T09:59:37.0585858Z [INFO] Running com.alibaba.ttl.reported_bugs.Bug70_Test
2022-09-09T09:59:37.0736079Z [INFO] Tests run: 1, Failures: 0, Errors: 0, Skipped: 0, Time elapsed: 0.012 s - in com.alibaba.ttl.reported_bugs.Bug70_Test
2022-09-09T09:59:37.0775809Z [INFO] Running com.alibaba.test.ttl.threadpool.BeforeAndAfterExecuteMethodOfExecutorSubclassTest
2022-09-09T09:59:37.1182856Z [INFO] Tests run: 4, Failures: 0, Errors: 0, Skipped: 0, Time elapsed: 0.042 s - in com.alibaba.test.ttl.threadpool.BeforeAndAfterExecuteMethodOfExecutorSubclassTest
2022-09-09T09:59:37.1184130Z [INFO] Running com.alibaba.user_api_test.ttl.DisableIgnoreNullValueSemanticsTest
2022-09-09T09:59:37.1329813Z [INFO] Tests run: 4, Failures: 0, Errors: 0, Skipped: 0, Time elapsed: 0.016 s - in com.alibaba.user_api_test.ttl.DisableIgnoreNullValueSemanticsTest
2022-09-09T09:59:37.1330986Z [INFO] Running com.alibaba.user_api_test.ttl.TransmittableThreadLocal_withInit_Null_Test
2022-09-09T09:59:37.1350167Z [INFO] Tests run: 3, Failures: 0, Errors: 0, Skipped: 0, Time elapsed: 0.002 s - in com.alibaba.user_api_test.ttl.TransmittableThreadLocal_withInit_Null_Test
2022-09-09T09:59:37.1527783Z [INFO] 
2022-09-09T09:59:37.1528321Z [INFO] Results:
2022-09-09T09:59:37.1545766Z [INFO] 
2022-09-09T09:59:37.1546427Z [WARNING] Tests run: 125, Failures: 0, Errors: 0, Skipped: 3
2022-09-09T09:59:37.1547528Z [INFO] 
2022-09-09T09:59:37.1549272Z [WARNING] Corrupted channel by directly writing to native stream in forked JVM 1. See FAQ web page and the dump file /home/runner/work/transmittable-thread-local/transmittable-thread-local/ttl2-compatible/target/surefire-reports/2022-09-09T09-59-26_827-jvmRun1.dumpstream
2022-09-09T09:59:37.1621621Z [INFO] ------------------------------------------------------------------------
2022-09-09T09:59:37.1622349Z [INFO] BUILD SUCCESS
2022-09-09T09:59:37.1623322Z [INFO] ------------------------------------------------------------------------
2022-09-09T09:59:37.1623994Z [INFO] Total time:  11.103 s
2022-09-09T09:59:37.1624813Z [INFO] Finished at: 2022-09-09T09:59:37Z
2022-09-09T09:59:37.1625511Z [INFO] ------------------------------------------------------------------------
2022-09-09T09:59:37.1898214Z Post job cleanup.
2022-09-09T09:59:37.3918005Z Cache hit occurred on the primary key setup-java-Linux-maven-e366094c086f196530b0fbd7b38371287ffd117b650907f1a3f49ab344bd0ac8, not saving cache.
2022-09-09T09:59:37.4069894Z Post job cleanup.
2022-09-09T09:59:37.5549733Z [command]/usr/bin/git version
2022-09-09T09:59:37.5606779Z git version 2.37.3
2022-09-09T09:59:37.5656384Z Temporarily overriding HOME='/home/runner/work/_temp/e74bbb6e-2333-486c-bc58-f9cff156fe6f' before making global git config changes
2022-09-09T09:59:37.5657279Z Adding repository directory to the temporary git global config as a safe directory
2022-09-09T09:59:37.5662205Z [command]/usr/bin/git config --global --add safe.directory /home/runner/work/transmittable-thread-local/transmittable-thread-local
2022-09-09T09:59:37.5714543Z [command]/usr/bin/git config --local --name-only --get-regexp core\.sshCommand
2022-09-09T09:59:37.5757381Z [command]/usr/bin/git submodule foreach --recursive git config --local --name-only --get-regexp 'core\.sshCommand' && git config --local --unset-all 'core.sshCommand' || :
2022-09-09T09:59:37.6075754Z [command]/usr/bin/git config --local --name-only --get-regexp http\.https\:\/\/github\.com\/\.extraheader
2022-09-09T09:59:37.6099223Z http.https://github.com/.extraheader
2022-09-09T09:59:37.6112096Z [command]/usr/bin/git config --local --unset-all http.https://github.com/.extraheader
2022-09-09T09:59:37.6157344Z [command]/usr/bin/git submodule foreach --recursive git config --local --name-only --get-regexp 'http\.https\:\/\/github\.com\/\.extraheader' && git config --local --unset-all 'http.https://github.com/.extraheader' || :
2022-09-09T09:59:37.6716501Z Cleaning up orphan processes
