2022-09-09T09:37:45.9386159Z Requested labels: ubuntu-latest
2022-09-09T09:37:45.9386207Z Job defined at: alibaba/transmittable-thread-local/.github/workflows/ci.yaml@refs/heads/wip-v3
2022-09-09T09:37:45.9386418Z Waiting for a runner to pick up this job...
2022-09-09T09:37:52.1301441Z Job is waiting for a hosted runner to come online.
2022-09-09T09:37:52.3605764Z Job is about to start running on the hosted runner: GitHub Actions 12 (hosted)
2022-09-09T09:37:56.9971899Z Current runner version: '2.296.1'
2022-09-09T09:37:57.0004222Z ##[group]Operating System
2022-09-09T09:37:57.0004769Z Ubuntu
2022-09-09T09:37:57.0005085Z 20.04.5
2022-09-09T09:37:57.0005321Z LTS
2022-09-09T09:37:57.0005710Z ##[endgroup]
2022-09-09T09:37:57.0006037Z ##[group]Runner Image
2022-09-09T09:37:57.0006403Z Image: ubuntu-20.04
2022-09-09T09:37:57.0006681Z Version: 20220905.1
2022-09-09T09:37:57.0007188Z Included Software: https://github.com/actions/runner-images/blob/ubuntu20/20220905.1/images/linux/Ubuntu2004-Readme.md
2022-09-09T09:37:57.0007864Z Image Release: https://github.com/actions/runner-images/releases/tag/ubuntu20%2F20220905.1
2022-09-09T09:37:57.0008260Z ##[endgroup]
2022-09-09T09:37:57.0008615Z ##[group]Runner Image Provisioner
2022-09-09T09:37:57.0008970Z 1.0.0.0-main-20220825-1
2022-09-09T09:37:57.0009240Z ##[endgroup]
2022-09-09T09:37:57.0010238Z ##[group]GITHUB_TOKEN Permissions
2022-09-09T09:37:57.0010844Z Actions: write
2022-09-09T09:37:57.0011296Z Checks: write
2022-09-09T09:37:57.0011693Z Contents: write
2022-09-09T09:37:57.0012034Z Deployments: write
2022-09-09T09:37:57.0012369Z Discussions: write
2022-09-09T09:37:57.0012940Z Issues: write
2022-09-09T09:37:57.0013308Z Metadata: read
2022-09-09T09:37:57.0013644Z Packages: write
2022-09-09T09:37:57.0013912Z Pages: write
2022-09-09T09:37:57.0014233Z PullRequests: write
2022-09-09T09:37:57.0014590Z RepositoryProjects: write
2022-09-09T09:37:57.0014938Z SecurityEvents: write
2022-09-09T09:37:57.0015286Z Statuses: write
2022-09-09T09:37:57.0015603Z ##[endgroup]
2022-09-09T09:37:57.0019070Z Secret source: Actions
2022-09-09T09:37:57.0019572Z Prepare workflow directory
2022-09-09T09:37:57.0836942Z Prepare all required actions
2022-09-09T09:37:57.1017808Z Getting action download info
2022-09-09T09:37:57.2825578Z Download action repository 'actions/checkout@v2' (SHA:7884fcad6b5d53d10323aee724dc68d8b9096a2e)
2022-09-09T09:37:57.5657690Z Download action repository 'actions/setup-java@v3' (SHA:d854b6da19cdadd9a010605529e522c2393ebd38)
2022-09-09T09:37:58.1031563Z ##[group]Run actions/checkout@v2
2022-09-09T09:37:58.1031874Z with:
2022-09-09T09:37:58.1032142Z   repository: alibaba/transmittable-thread-local
2022-09-09T09:37:58.1032665Z   token: ***
2022-09-09T09:37:58.1032877Z   ssh-strict: true
2022-09-09T09:37:58.1033120Z   persist-credentials: true
2022-09-09T09:37:58.1033341Z   clean: true
2022-09-09T09:37:58.1033550Z   fetch-depth: 1
2022-09-09T09:37:58.1033759Z   lfs: false
2022-09-09T09:37:58.1033950Z   submodules: false
2022-09-09T09:37:58.1034186Z   set-safe-directory: true
2022-09-09T09:37:58.1034419Z ##[endgroup]
2022-09-09T09:37:58.3697499Z Syncing repository: alibaba/transmittable-thread-local
2022-09-09T09:37:58.3700194Z ##[group]Getting Git version info
2022-09-09T09:37:58.3700861Z Working directory is '/home/runner/work/transmittable-thread-local/transmittable-thread-local'
2022-09-09T09:37:58.3713500Z [command]/usr/bin/git version
2022-09-09T09:37:58.3837412Z git version 2.37.3
2022-09-09T09:37:58.3862552Z ##[endgroup]
2022-09-09T09:37:58.3893021Z Temporarily overriding HOME='/home/runner/work/_temp/3dc0e823-e220-42b2-b73f-11a1d9ba3a46' before making global git config changes
2022-09-09T09:37:58.3895564Z Adding repository directory to the temporary git global config as a safe directory
2022-09-09T09:37:58.3902024Z [command]/usr/bin/git config --global --add safe.directory /home/runner/work/transmittable-thread-local/transmittable-thread-local
2022-09-09T09:37:58.3953146Z Deleting the contents of '/home/runner/work/transmittable-thread-local/transmittable-thread-local'
2022-09-09T09:37:58.3960945Z ##[group]Initializing the repository
2022-09-09T09:37:58.3966729Z [command]/usr/bin/git init /home/runner/work/transmittable-thread-local/transmittable-thread-local
2022-09-09T09:37:58.4061342Z hint: Using 'master' as the name for the initial branch. This default branch name
2022-09-09T09:37:58.4061782Z hint: is subject to change. To configure the initial branch name to use in all
2022-09-09T09:37:58.4062181Z hint: of your new repositories, which will suppress this warning, call:
2022-09-09T09:37:58.4062722Z hint: 
2022-09-09T09:37:58.4063080Z hint: 	git config --global init.defaultBranch <name>
2022-09-09T09:37:58.4063346Z hint: 
2022-09-09T09:37:58.4063762Z hint: Names commonly chosen instead of 'master' are 'main', 'trunk' and
2022-09-09T09:37:58.4064232Z hint: 'development'. The just-created branch can be renamed via this command:
2022-09-09T09:37:58.4064506Z hint: 
2022-09-09T09:37:58.4064767Z hint: 	git branch -m <name>
2022-09-09T09:37:58.4072326Z Initialized empty Git repository in /home/runner/work/transmittable-thread-local/transmittable-thread-local/.git/
2022-09-09T09:37:58.4082529Z [command]/usr/bin/git remote add origin https://github.com/alibaba/transmittable-thread-local
2022-09-09T09:37:58.4126916Z ##[endgroup]
2022-09-09T09:37:58.4127657Z ##[group]Disabling automatic garbage collection
2022-09-09T09:37:58.4131003Z [command]/usr/bin/git config --local gc.auto 0
2022-09-09T09:37:58.4159873Z ##[endgroup]
2022-09-09T09:37:58.4160556Z ##[group]Setting up auth
2022-09-09T09:37:58.4167286Z [command]/usr/bin/git config --local --name-only --get-regexp core\.sshCommand
2022-09-09T09:37:58.4200152Z [command]/usr/bin/git submodule foreach --recursive git config --local --name-only --get-regexp 'core\.sshCommand' && git config --local --unset-all 'core.sshCommand' || :
2022-09-09T09:37:58.4526922Z [command]/usr/bin/git config --local --name-only --get-regexp http\.https\:\/\/github\.com\/\.extraheader
2022-09-09T09:37:58.4558844Z [command]/usr/bin/git submodule foreach --recursive git config --local --name-only --get-regexp 'http\.https\:\/\/github\.com\/\.extraheader' && git config --local --unset-all 'http.https://github.com/.extraheader' || :
2022-09-09T09:37:58.4782028Z [command]/usr/bin/git config --local http.https://github.com/.extraheader AUTHORIZATION: basic ***
2022-09-09T09:37:58.4811425Z ##[endgroup]
2022-09-09T09:37:58.4812092Z ##[group]Fetching the repository
2022-09-09T09:37:58.4822687Z [command]/usr/bin/git -c protocol.version=2 fetch --no-tags --prune --progress --no-recurse-submodules --depth=1 origin +73295e5fd8020ab3e5fda708cf7b2f1b5982cc69:refs/remotes/origin/wip-v3
2022-09-09T09:37:58.6574299Z remote: Enumerating objects: 469, done.        
2022-09-09T09:37:58.6574900Z remote: Counting objects:   0% (1/469)        
2022-09-09T09:37:58.6575371Z remote: Counting objects:   1% (5/469)        
2022-09-09T09:37:58.6575779Z remote: Counting objects:   2% (10/469)        
2022-09-09T09:37:58.6576197Z remote: Counting objects:   3% (15/469)        
2022-09-09T09:37:58.6576616Z remote: Counting objects:   4% (19/469)        
2022-09-09T09:37:58.6577277Z remote: Counting objects:   5% (24/469)        
2022-09-09T09:37:58.6577702Z remote: Counting objects:   6% (29/469)        
2022-09-09T09:37:58.6578117Z remote: Counting objects:   7% (33/469)        
2022-09-09T09:37:58.6578526Z remote: Counting objects:   8% (38/469)        
2022-09-09T09:37:58.6578939Z remote: Counting objects:   9% (43/469)        
2022-09-09T09:37:58.6579358Z remote: Counting objects:  10% (47/469)        
2022-09-09T09:37:58.6579802Z remote: Counting objects:  11% (52/469)        
2022-09-09T09:37:58.6580219Z remote: Counting objects:  12% (57/469)        
2022-09-09T09:37:58.6580612Z remote: Counting objects:  13% (61/469)        
2022-09-09T09:37:58.6581020Z remote: Counting objects:  14% (66/469)        
2022-09-09T09:37:58.6581427Z remote: Counting objects:  15% (71/469)        
2022-09-09T09:37:58.6581829Z remote: Counting objects:  16% (76/469)        
2022-09-09T09:37:58.6582225Z remote: Counting objects:  17% (80/469)        
2022-09-09T09:37:58.6582631Z remote: Counting objects:  18% (85/469)        
2022-09-09T09:37:58.6583033Z remote: Counting objects:  19% (90/469)        
2022-09-09T09:37:58.6583439Z remote: Counting objects:  20% (94/469)        
2022-09-09T09:37:58.6583836Z remote: Counting objects:  21% (99/469)        
2022-09-09T09:37:58.6584248Z remote: Counting objects:  22% (104/469)        
2022-09-09T09:37:58.6584670Z remote: Counting objects:  23% (108/469)        
2022-09-09T09:37:58.6585410Z remote: Counting objects:  24% (113/469)        
2022-09-09T09:37:58.6585827Z remote: Counting objects:  25% (118/469)        
2022-09-09T09:37:58.6586238Z remote: Counting objects:  26% (122/469)        
2022-09-09T09:37:58.6586650Z remote: Counting objects:  27% (127/469)        
2022-09-09T09:37:58.6587143Z remote: Counting objects:  28% (132/469)        
2022-09-09T09:37:58.6587572Z remote: Counting objects:  29% (137/469)        
2022-09-09T09:37:58.6587983Z remote: Counting objects:  30% (141/469)        
2022-09-09T09:37:58.6588394Z remote: Counting objects:  31% (146/469)        
2022-09-09T09:37:58.6588790Z remote: Counting objects:  32% (151/469)        
2022-09-09T09:37:58.6589197Z remote: Counting objects:  33% (155/469)        
2022-09-09T09:37:58.6589605Z remote: Counting objects:  34% (160/469)        
2022-09-09T09:37:58.6590192Z remote: Counting objects:  35% (165/469)        
2022-09-09T09:37:58.6590615Z remote: Counting objects:  36% (169/469)        
2022-09-09T09:37:58.6591027Z remote: Counting objects:  37% (174/469)        
2022-09-09T09:37:58.6591434Z remote: Counting objects:  38% (179/469)        
2022-09-09T09:37:58.6591831Z remote: Counting objects:  39% (183/469)        
2022-09-09T09:37:58.6592239Z remote: Counting objects:  40% (188/469)        
2022-09-09T09:37:58.6592643Z remote: Counting objects:  41% (193/469)        
2022-09-09T09:37:58.6593051Z remote: Counting objects:  42% (197/469)        
2022-09-09T09:37:58.6593441Z remote: Counting objects:  43% (202/469)        
2022-09-09T09:37:58.6593846Z remote: Counting objects:  44% (207/469)        
2022-09-09T09:37:58.6594251Z remote: Counting objects:  45% (212/469)        
2022-09-09T09:37:58.6594658Z remote: Counting objects:  46% (216/469)        
2022-09-09T09:37:58.6595051Z remote: Counting objects:  47% (221/469)        
2022-09-09T09:37:58.6595456Z remote: Counting objects:  48% (226/469)        
2022-09-09T09:37:58.6596504Z remote: Counting objects:  49% (230/469)        
2022-09-09T09:37:58.6596864Z remote: Counting objects:  50% (235/469)        
2022-09-09T09:37:58.6597176Z remote: Counting objects:  51% (240/469)        
2022-09-09T09:37:58.6597614Z remote: Counting objects:  52% (244/469)        
2022-09-09T09:37:58.6598034Z remote: Counting objects:  53% (249/469)        
2022-09-09T09:37:58.6598429Z remote: Counting objects:  54% (254/469)        
2022-09-09T09:37:58.6599598Z remote: Counting objects:  55% (258/469)        
2022-09-09T09:37:58.6600181Z remote: Counting objects:  56% (263/469)        
2022-09-09T09:37:58.6600570Z remote: Counting objects:  57% (268/469)        
2022-09-09T09:37:58.6600859Z remote: Counting objects:  58% (273/469)        
2022-09-09T09:37:58.6601158Z remote: Counting objects:  59% (277/469)        
2022-09-09T09:37:58.6601462Z remote: Counting objects:  60% (282/469)        
2022-09-09T09:37:58.6601753Z remote: Counting objects:  61% (287/469)        
2022-09-09T09:37:58.6602053Z remote: Counting objects:  62% (291/469)        
2022-09-09T09:37:58.6602368Z remote: Counting objects:  63% (296/469)        
2022-09-09T09:37:58.6602878Z remote: Counting objects:  64% (301/469)        
2022-09-09T09:37:58.6603338Z remote: Counting objects:  65% (305/469)        
2022-09-09T09:37:58.6603657Z remote: Counting objects:  66% (310/469)        
2022-09-09T09:37:58.6604109Z remote: Counting objects:  67% (315/469)        
2022-09-09T09:37:58.6604437Z remote: Counting objects:  68% (319/469)        
2022-09-09T09:37:58.6604836Z remote: Counting objects:  69% (324/469)        
2022-09-09T09:37:58.6605255Z remote: Counting objects:  70% (329/469)        
2022-09-09T09:37:58.6605672Z remote: Counting objects:  71% (333/469)        
2022-09-09T09:37:58.6606078Z remote: Counting objects:  72% (338/469)        
2022-09-09T09:37:58.6606475Z remote: Counting objects:  73% (343/469)        
2022-09-09T09:37:58.6606883Z remote: Counting objects:  74% (348/469)        
2022-09-09T09:37:58.6607294Z remote: Counting objects:  75% (352/469)        
2022-09-09T09:37:58.6608022Z remote: Counting objects:  76% (357/469)        
2022-09-09T09:37:58.6608339Z remote: Counting objects:  77% (362/469)        
2022-09-09T09:37:58.6608723Z remote: Counting objects:  78% (366/469)        
2022-09-09T09:37:58.6609640Z remote: Counting objects:  79% (371/469)        
2022-09-09T09:37:58.6609937Z remote: Counting objects:  80% (376/469)        
2022-09-09T09:37:58.6610239Z remote: Counting objects:  81% (380/469)        
2022-09-09T09:37:58.6610540Z remote: Counting objects:  82% (385/469)        
2022-09-09T09:37:58.6610957Z remote: Counting objects:  83% (390/469)        
2022-09-09T09:37:58.6611280Z remote: Counting objects:  84% (394/469)        
2022-09-09T09:37:58.6611706Z remote: Counting objects:  85% (399/469)        
2022-09-09T09:37:58.6612123Z remote: Counting objects:  86% (404/469)        
2022-09-09T09:37:58.6612534Z remote: Counting objects:  87% (409/469)        
2022-09-09T09:37:58.6613377Z remote: Counting objects:  88% (413/469)        
2022-09-09T09:37:58.6613727Z remote: Counting objects:  89% (418/469)        
2022-09-09T09:37:58.6621503Z remote: Counting objects:  90% (423/469)        
2022-09-09T09:37:58.6622338Z remote: Counting objects:  91% (427/469)        
2022-09-09T09:37:58.6622663Z remote: Counting objects:  92% (432/469)        
2022-09-09T09:37:58.6622935Z remote: Counting objects:  93% (437/469)        
2022-09-09T09:37:58.6623205Z remote: Counting objects:  94% (441/469)        
2022-09-09T09:37:58.6623461Z remote: Counting objects:  95% (446/469)        
2022-09-09T09:37:58.6623726Z remote: Counting objects:  96% (451/469)        
2022-09-09T09:37:58.6623994Z remote: Counting objects:  97% (455/469)        
2022-09-09T09:37:58.6624395Z remote: Counting objects:  98% (460/469)        
2022-09-09T09:37:58.6624691Z remote: Counting objects:  99% (465/469)        
2022-09-09T09:37:58.6626768Z remote: Counting objects: 100% (469/469)        
2022-09-09T09:37:58.6627375Z remote: Counting objects: 100% (469/469), done.        
2022-09-09T09:37:58.6627855Z remote: Compressing objects:   0% (1/331)        
2022-09-09T09:37:58.6628167Z remote: Compressing objects:   1% (4/331)        
2022-09-09T09:37:58.6628455Z remote: Compressing objects:   2% (7/331)        
2022-09-09T09:37:58.6628831Z remote: Compressing objects:   3% (10/331)        
2022-09-09T09:37:58.6629150Z remote: Compressing objects:   4% (14/331)        
2022-09-09T09:37:58.6629585Z remote: Compressing objects:   5% (17/331)        
2022-09-09T09:37:58.6629872Z remote: Compressing objects:   6% (20/331)        
2022-09-09T09:37:58.6630146Z remote: Compressing objects:   7% (24/331)        
2022-09-09T09:37:58.6636880Z remote: Compressing objects:   8% (27/331)        
2022-09-09T09:37:58.6643012Z remote: Compressing objects:   9% (30/331)        
2022-09-09T09:37:58.6643319Z remote: Compressing objects:  10% (34/331)        
2022-09-09T09:37:58.6646597Z remote: Compressing objects:  11% (37/331)        
2022-09-09T09:37:58.6663750Z remote: Compressing objects:  12% (40/331)        
2022-09-09T09:37:58.6664070Z remote: Compressing objects:  13% (44/331)        
2022-09-09T09:37:58.6669251Z remote: Compressing objects:  14% (47/331)        
2022-09-09T09:37:58.6669645Z remote: Compressing objects:  15% (50/331)        
2022-09-09T09:37:58.6678175Z remote: Compressing objects:  16% (53/331)        
2022-09-09T09:37:58.6680634Z remote: Compressing objects:  17% (57/331)        
2022-09-09T09:37:58.6692023Z remote: Compressing objects:  18% (60/331)        
2022-09-09T09:37:58.6693057Z remote: Compressing objects:  19% (63/331)        
2022-09-09T09:37:58.6693351Z remote: Compressing objects:  20% (67/331)        
2022-09-09T09:37:58.6693644Z remote: Compressing objects:  21% (70/331)        
2022-09-09T09:37:58.6699299Z remote: Compressing objects:  22% (73/331)        
2022-09-09T09:37:58.6700538Z remote: Compressing objects:  23% (77/331)        
2022-09-09T09:37:58.6700835Z remote: Compressing objects:  24% (80/331)        
2022-09-09T09:37:58.6701143Z remote: Compressing objects:  25% (83/331)        
2022-09-09T09:37:58.6707474Z remote: Compressing objects:  26% (87/331)        
2022-09-09T09:37:58.6715544Z remote: Compressing objects:  27% (90/331)        
2022-09-09T09:37:58.6721458Z remote: Compressing objects:  28% (93/331)        
2022-09-09T09:37:58.6754051Z remote: Compressing objects:  29% (96/331)        
2022-09-09T09:37:58.6754750Z remote: Compressing objects:  30% (100/331)        
2022-09-09T09:37:58.6758729Z remote: Compressing objects:  31% (103/331)        
2022-09-09T09:37:58.6759061Z remote: Compressing objects:  32% (106/331)        
2022-09-09T09:37:58.6759749Z remote: Compressing objects:  33% (110/331)        
2022-09-09T09:37:58.6762958Z remote: Compressing objects:  34% (113/331)        
2022-09-09T09:37:58.6774510Z remote: Compressing objects:  35% (116/331)        
2022-09-09T09:37:58.6774856Z remote: Compressing objects:  36% (120/331)        
2022-09-09T09:37:58.6775137Z remote: Compressing objects:  37% (123/331)        
2022-09-09T09:37:58.6775440Z remote: Compressing objects:  38% (126/331)        
2022-09-09T09:37:58.6794183Z remote: Compressing objects:  39% (130/331)        
2022-09-09T09:37:58.6794523Z remote: Compressing objects:  40% (133/331)        
2022-09-09T09:37:58.6799872Z remote: Compressing objects:  41% (136/331)        
2022-09-09T09:37:58.6801944Z remote: Compressing objects:  42% (140/331)        
2022-09-09T09:37:58.6812885Z remote: Compressing objects:  43% (143/331)        
2022-09-09T09:37:58.6837037Z remote: Compressing objects:  44% (146/331)        
2022-09-09T09:37:58.6837361Z remote: Compressing objects:  45% (149/331)        
2022-09-09T09:37:58.6837655Z remote: Compressing objects:  46% (153/331)        
2022-09-09T09:37:58.6837947Z remote: Compressing objects:  47% (156/331)        
2022-09-09T09:37:58.6839914Z remote: Compressing objects:  48% (159/331)        
2022-09-09T09:37:58.6840238Z remote: Compressing objects:  49% (163/331)        
2022-09-09T09:37:58.6845056Z remote: Compressing objects:  50% (166/331)        
2022-09-09T09:37:58.6849117Z remote: Compressing objects:  51% (169/331)        
2022-09-09T09:37:58.6857252Z remote: Compressing objects:  52% (173/331)        
2022-09-09T09:37:58.6875019Z remote: Compressing objects:  53% (176/331)        
2022-09-09T09:37:58.6875399Z remote: Compressing objects:  54% (179/331)        
2022-09-09T09:37:58.6875696Z remote: Compressing objects:  55% (183/331)        
2022-09-09T09:37:58.6875968Z remote: Compressing objects:  56% (186/331)        
2022-09-09T09:37:58.6880282Z remote: Compressing objects:  57% (189/331)        
2022-09-09T09:37:58.6880593Z remote: Compressing objects:  58% (192/331)        
2022-09-09T09:37:58.6880880Z remote: Compressing objects:  59% (196/331)        
2022-09-09T09:37:58.6881150Z remote: Compressing objects:  60% (199/331)        
2022-09-09T09:37:58.6885311Z remote: Compressing objects:  61% (202/331)        
2022-09-09T09:37:58.6887148Z remote: Compressing objects:  62% (206/331)        
2022-09-09T09:37:58.6897491Z remote: Compressing objects:  63% (209/331)        
2022-09-09T09:37:58.6908089Z remote: Compressing objects:  64% (212/331)        
2022-09-09T09:37:58.6909150Z remote: Compressing objects:  65% (216/331)        
2022-09-09T09:37:58.6923004Z remote: Compressing objects:  66% (219/331)        
2022-09-09T09:37:58.6923314Z remote: Compressing objects:  67% (222/331)        
2022-09-09T09:37:58.6939332Z remote: Compressing objects:  68% (226/331)        
2022-09-09T09:37:58.6972106Z remote: Compressing objects:  69% (229/331)        
2022-09-09T09:37:58.6972441Z remote: Compressing objects:  70% (232/331)        
2022-09-09T09:37:58.6972980Z remote: Compressing objects:  71% (236/331)        
2022-09-09T09:37:58.6973280Z remote: Compressing objects:  72% (239/331)        
2022-09-09T09:37:58.6973564Z remote: Compressing objects:  73% (242/331)        
2022-09-09T09:37:58.6973833Z remote: Compressing objects:  74% (245/331)        
2022-09-09T09:37:58.6974119Z remote: Compressing objects:  75% (249/331)        
2022-09-09T09:37:58.6974415Z remote: Compressing objects:  76% (252/331)        
2022-09-09T09:37:58.6974886Z remote: Compressing objects:  77% (255/331)        
2022-09-09T09:37:58.6975155Z remote: Compressing objects:  78% (259/331)        
2022-09-09T09:37:58.6975436Z remote: Compressing objects:  79% (262/331)        
2022-09-09T09:37:58.6975717Z remote: Compressing objects:  80% (265/331)        
2022-09-09T09:37:58.6975983Z remote: Compressing objects:  81% (269/331)        
2022-09-09T09:37:58.6976266Z remote: Compressing objects:  82% (272/331)        
2022-09-09T09:37:58.6976549Z remote: Compressing objects:  83% (275/331)        
2022-09-09T09:37:58.6977300Z remote: Compressing objects:  84% (279/331)        
2022-09-09T09:37:58.6977669Z remote: Compressing objects:  85% (282/331)        
2022-09-09T09:37:58.6978041Z remote: Compressing objects:  86% (285/331)        
2022-09-09T09:37:58.6978322Z remote: Compressing objects:  87% (288/331)        
2022-09-09T09:37:58.6979347Z remote: Compressing objects:  88% (292/331)        
2022-09-09T09:37:58.6979654Z remote: Compressing objects:  89% (295/331)        
2022-09-09T09:37:58.6979960Z remote: Compressing objects:  90% (298/331)        
2022-09-09T09:37:58.6980242Z remote: Compressing objects:  91% (302/331)        
2022-09-09T09:37:58.6980525Z remote: Compressing objects:  92% (305/331)        
2022-09-09T09:37:58.6980791Z remote: Compressing objects:  93% (308/331)        
2022-09-09T09:37:58.6981072Z remote: Compressing objects:  94% (312/331)        
2022-09-09T09:37:58.6981354Z remote: Compressing objects:  95% (315/331)        
2022-09-09T09:37:58.6981618Z remote: Compressing objects:  96% (318/331)        
2022-09-09T09:37:58.6981896Z remote: Compressing objects:  97% (322/331)        
2022-09-09T09:37:58.6982176Z remote: Compressing objects:  98% (325/331)        
2022-09-09T09:37:58.6982438Z remote: Compressing objects:  99% (328/331)        
2022-09-09T09:37:58.6982717Z remote: Compressing objects: 100% (331/331)        
2022-09-09T09:37:58.6983139Z remote: Compressing objects: 100% (331/331), done.        
2022-09-09T09:37:58.7020008Z Receiving objects:   0% (1/469)
2022-09-09T09:37:58.7022791Z Receiving objects:   1% (5/469)
2022-09-09T09:37:58.7036928Z Receiving objects:   2% (10/469)
2022-09-09T09:37:58.7045900Z Receiving objects:   3% (15/469)
2022-09-09T09:37:58.7061474Z Receiving objects:   4% (19/469)
2022-09-09T09:37:58.7069954Z Receiving objects:   5% (24/469)
2022-09-09T09:37:58.7073459Z Receiving objects:   6% (29/469)
2022-09-09T09:37:58.7083542Z Receiving objects:   7% (33/469)
2022-09-09T09:37:58.7083817Z Receiving objects:   8% (38/469)
2022-09-09T09:37:58.7084856Z Receiving objects:   9% (43/469)
2022-09-09T09:37:58.7086368Z Receiving objects:  10% (47/469)
2022-09-09T09:37:58.7087787Z Receiving objects:  11% (52/469)
2022-09-09T09:37:58.7092423Z Receiving objects:  12% (57/469)
2022-09-09T09:37:58.7094761Z Receiving objects:  13% (61/469)
2022-09-09T09:37:58.7098558Z Receiving objects:  14% (66/469)
2022-09-09T09:37:58.7100443Z Receiving objects:  15% (71/469)
2022-09-09T09:37:58.7101862Z Receiving objects:  16% (76/469)
2022-09-09T09:37:58.7103936Z Receiving objects:  17% (80/469)
2022-09-09T09:37:58.7107794Z Receiving objects:  18% (85/469)
2022-09-09T09:37:58.7109666Z Receiving objects:  19% (90/469)
2022-09-09T09:37:58.7110568Z Receiving objects:  20% (94/469)
2022-09-09T09:37:58.7111938Z Receiving objects:  21% (99/469)
2022-09-09T09:37:58.7113030Z Receiving objects:  22% (104/469)
2022-09-09T09:37:58.7114509Z Receiving objects:  23% (108/469)
2022-09-09T09:37:58.7121036Z Receiving objects:  24% (113/469)
2022-09-09T09:37:58.7121961Z Receiving objects:  25% (118/469)
2022-09-09T09:37:58.7125771Z Receiving objects:  26% (122/469)
2022-09-09T09:37:58.7127561Z Receiving objects:  27% (127/469)
2022-09-09T09:37:58.7129240Z Receiving objects:  28% (132/469)
2022-09-09T09:37:58.7132143Z Receiving objects:  29% (137/469)
2022-09-09T09:37:58.7136247Z Receiving objects:  30% (141/469)
2022-09-09T09:37:58.7137866Z Receiving objects:  31% (146/469)
2022-09-09T09:37:58.7140433Z Receiving objects:  32% (151/469)
2022-09-09T09:37:58.7141650Z Receiving objects:  33% (155/469)
2022-09-09T09:37:58.7144424Z Receiving objects:  34% (160/469)
2022-09-09T09:37:58.7148556Z Receiving objects:  35% (165/469)
2022-09-09T09:37:58.7149686Z Receiving objects:  36% (169/469)
2022-09-09T09:37:58.7152044Z Receiving objects:  37% (174/469)
2022-09-09T09:37:58.7153765Z Receiving objects:  38% (179/469)
2022-09-09T09:37:58.7155180Z Receiving objects:  39% (183/469)
2022-09-09T09:37:58.7157644Z Receiving objects:  40% (188/469)
2022-09-09T09:37:58.7158652Z Receiving objects:  41% (193/469)
2022-09-09T09:37:58.7185475Z Receiving objects:  42% (197/469)
2022-09-09T09:37:58.7189785Z Receiving objects:  43% (202/469)
2022-09-09T09:37:58.7190031Z Receiving objects:  44% (207/469)
2022-09-09T09:37:58.7190275Z Receiving objects:  45% (212/469)
2022-09-09T09:37:58.7190502Z Receiving objects:  46% (216/469)
2022-09-09T09:37:58.7190736Z Receiving objects:  47% (221/469)
2022-09-09T09:37:58.7190986Z Receiving objects:  48% (226/469)
2022-09-09T09:37:58.7191597Z remote: Total 469 (delta 111), reused 308 (delta 44), pack-reused 0        
2022-09-09T09:37:58.7191900Z Receiving objects:  49% (230/469)
2022-09-09T09:37:58.7192140Z Receiving objects:  50% (235/469)
2022-09-09T09:37:58.7192377Z Receiving objects:  51% (240/469)
2022-09-09T09:37:58.7192605Z Receiving objects:  52% (244/469)
2022-09-09T09:37:58.7192842Z Receiving objects:  53% (249/469)
2022-09-09T09:37:58.7193078Z Receiving objects:  54% (254/469)
2022-09-09T09:37:58.7193301Z Receiving objects:  55% (258/469)
2022-09-09T09:37:58.7193535Z Receiving objects:  56% (263/469)
2022-09-09T09:37:58.7193771Z Receiving objects:  57% (268/469)
2022-09-09T09:37:58.7216798Z Receiving objects:  58% (273/469)
2022-09-09T09:37:58.7217097Z Receiving objects:  59% (277/469)
2022-09-09T09:37:58.7217347Z Receiving objects:  60% (282/469)
2022-09-09T09:37:58.7217595Z Receiving objects:  61% (287/469)
2022-09-09T09:37:58.7217825Z Receiving objects:  62% (291/469)
2022-09-09T09:37:58.7218218Z Receiving objects:  63% (296/469)
2022-09-09T09:37:58.7218476Z Receiving objects:  64% (301/469)
2022-09-09T09:37:58.7219419Z Receiving objects:  65% (305/469)
2022-09-09T09:37:58.7219662Z Receiving objects:  66% (310/469)
2022-09-09T09:37:58.7219897Z Receiving objects:  67% (315/469)
2022-09-09T09:37:58.7220121Z Receiving objects:  68% (319/469)
2022-09-09T09:37:58.7220355Z Receiving objects:  69% (324/469)
2022-09-09T09:37:58.7220591Z Receiving objects:  70% (329/469)
2022-09-09T09:37:58.7220816Z Receiving objects:  71% (333/469)
2022-09-09T09:37:58.7221052Z Receiving objects:  72% (338/469)
2022-09-09T09:37:58.7221288Z Receiving objects:  73% (343/469)
2022-09-09T09:37:58.7221512Z Receiving objects:  74% (348/469)
2022-09-09T09:37:58.7221746Z Receiving objects:  75% (352/469)
2022-09-09T09:37:58.7221984Z Receiving objects:  76% (357/469)
2022-09-09T09:37:58.7222207Z Receiving objects:  77% (362/469)
2022-09-09T09:37:58.7223298Z Receiving objects:  78% (366/469)
2022-09-09T09:37:58.7223553Z Receiving objects:  79% (371/469)
2022-09-09T09:37:58.7224674Z Receiving objects:  80% (376/469)
2022-09-09T09:37:58.7226625Z Receiving objects:  81% (380/469)
2022-09-09T09:37:58.7226874Z Receiving objects:  82% (385/469)
2022-09-09T09:37:58.7227110Z Receiving objects:  83% (390/469)
2022-09-09T09:37:58.7229045Z Receiving objects:  84% (394/469)
2022-09-09T09:37:58.7229295Z Receiving objects:  85% (399/469)
2022-09-09T09:37:58.7229533Z Receiving objects:  86% (404/469)
2022-09-09T09:37:58.7229757Z Receiving objects:  87% (409/469)
2022-09-09T09:37:58.7229993Z Receiving objects:  88% (413/469)
2022-09-09T09:37:58.7230229Z Receiving objects:  89% (418/469)
2022-09-09T09:37:58.7230454Z Receiving objects:  90% (423/469)
2022-09-09T09:37:58.7230689Z Receiving objects:  91% (427/469)
2022-09-09T09:37:58.7230923Z Receiving objects:  92% (432/469)
2022-09-09T09:37:58.7231222Z Receiving objects:  93% (437/469)
2022-09-09T09:37:58.7231478Z Receiving objects:  94% (441/469)
2022-09-09T09:37:58.7231717Z Receiving objects:  95% (446/469)
2022-09-09T09:37:58.7232053Z Receiving objects:  96% (451/469)
2022-09-09T09:37:58.7232289Z Receiving objects:  97% (455/469)
2022-09-09T09:37:58.7232522Z Receiving objects:  98% (460/469)
2022-09-09T09:37:58.7232757Z Receiving objects:  99% (465/469)
2022-09-09T09:37:58.7232985Z Receiving objects: 100% (469/469)
2022-09-09T09:37:58.7233262Z Receiving objects: 100% (469/469), 408.58 KiB | 18.57 MiB/s, done.
2022-09-09T09:37:58.7257678Z Resolving deltas:   0% (0/111)
2022-09-09T09:37:58.7257948Z Resolving deltas:   1% (2/111)
2022-09-09T09:37:58.7258189Z Resolving deltas:   2% (3/111)
2022-09-09T09:37:58.7258431Z Resolving deltas:   3% (4/111)
2022-09-09T09:37:58.7331849Z Resolving deltas:   4% (5/111)
2022-09-09T09:37:58.7332113Z Resolving deltas:   5% (6/111)
2022-09-09T09:37:58.7332351Z Resolving deltas:   6% (7/111)
2022-09-09T09:37:58.7332575Z Resolving deltas:   7% (8/111)
2022-09-09T09:37:58.7333562Z Resolving deltas:   8% (9/111)
2022-09-09T09:37:58.7335910Z Resolving deltas:   9% (10/111)
2022-09-09T09:37:58.7336176Z Resolving deltas:  10% (12/111)
2022-09-09T09:37:58.7336402Z Resolving deltas:  11% (13/111)
2022-09-09T09:37:58.7336637Z Resolving deltas:  12% (14/111)
2022-09-09T09:37:58.7336878Z Resolving deltas:  13% (15/111)
2022-09-09T09:37:58.7354101Z Resolving deltas:  14% (16/111)
2022-09-09T09:37:58.7354353Z Resolving deltas:  15% (17/111)
2022-09-09T09:37:58.7354597Z Resolving deltas:  16% (18/111)
2022-09-09T09:37:58.7354824Z Resolving deltas:  17% (19/111)
2022-09-09T09:37:58.7355065Z Resolving deltas:  18% (20/111)
2022-09-09T09:37:58.7355301Z Resolving deltas:  19% (22/111)
2022-09-09T09:37:58.7355523Z Resolving deltas:  20% (23/111)
2022-09-09T09:37:58.7355751Z Resolving deltas:  21% (24/111)
2022-09-09T09:37:58.7355988Z Resolving deltas:  22% (25/111)
2022-09-09T09:37:58.7356207Z Resolving deltas:  23% (26/111)
2022-09-09T09:37:58.7356437Z Resolving deltas:  24% (27/111)
2022-09-09T09:37:58.7356669Z Resolving deltas:  25% (28/111)
2022-09-09T09:37:58.7360502Z Resolving deltas:  26% (29/111)
2022-09-09T09:37:58.7361004Z Resolving deltas:  27% (30/111)
2022-09-09T09:37:58.7361255Z Resolving deltas:  28% (32/111)
2022-09-09T09:37:58.7361552Z Resolving deltas:  29% (33/111)
2022-09-09T09:37:58.7361778Z Resolving deltas:  30% (34/111)
2022-09-09T09:37:58.7362021Z Resolving deltas:  31% (35/111)
2022-09-09T09:37:58.7362259Z Resolving deltas:  32% (36/111)
2022-09-09T09:37:58.7362496Z Resolving deltas:  33% (37/111)
2022-09-09T09:37:58.7362721Z Resolving deltas:  34% (38/111)
2022-09-09T09:37:58.7362952Z Resolving deltas:  35% (39/111)
2022-09-09T09:37:58.7363181Z Resolving deltas:  36% (40/111)
2022-09-09T09:37:58.7363613Z Resolving deltas:  37% (42/111)
2022-09-09T09:37:58.7363854Z Resolving deltas:  38% (43/111)
2022-09-09T09:37:58.7364089Z Resolving deltas:  39% (44/111)
2022-09-09T09:37:58.7364311Z Resolving deltas:  40% (45/111)
2022-09-09T09:37:58.7364549Z Resolving deltas:  41% (46/111)
2022-09-09T09:37:58.7364789Z Resolving deltas:  42% (47/111)
2022-09-09T09:37:58.7365013Z Resolving deltas:  43% (48/111)
2022-09-09T09:37:58.7365248Z Resolving deltas:  44% (49/111)
2022-09-09T09:37:58.7365479Z Resolving deltas:  45% (50/111)
2022-09-09T09:37:58.7365697Z Resolving deltas:  46% (52/111)
2022-09-09T09:37:58.7365926Z Resolving deltas:  47% (53/111)
2022-09-09T09:37:58.7366156Z Resolving deltas:  48% (54/111)
2022-09-09T09:37:58.7366372Z Resolving deltas:  49% (55/111)
2022-09-09T09:37:58.7366600Z Resolving deltas:  50% (56/111)
2022-09-09T09:37:58.7366833Z Resolving deltas:  51% (57/111)
2022-09-09T09:37:58.7367050Z Resolving deltas:  52% (58/111)
2022-09-09T09:37:58.7367283Z Resolving deltas:  53% (59/111)
2022-09-09T09:37:58.7367512Z Resolving deltas:  54% (60/111)
2022-09-09T09:37:58.7367742Z Resolving deltas:  55% (62/111)
2022-09-09T09:37:58.7367960Z Resolving deltas:  56% (63/111)
2022-09-09T09:37:58.7368186Z Resolving deltas:  57% (64/111)
2022-09-09T09:37:58.7368418Z Resolving deltas:  58% (65/111)
2022-09-09T09:37:58.7368635Z Resolving deltas:  59% (66/111)
2022-09-09T09:37:58.7368870Z Resolving deltas:  60% (67/111)
2022-09-09T09:37:58.7369240Z Resolving deltas:  61% (68/111)
2022-09-09T09:37:58.7369459Z Resolving deltas:  62% (69/111)
2022-09-09T09:37:58.7369691Z Resolving deltas:  63% (70/111)
2022-09-09T09:37:58.7369928Z Resolving deltas:  64% (72/111)
2022-09-09T09:37:58.7370151Z Resolving deltas:  65% (73/111)
2022-09-09T09:37:58.7370388Z Resolving deltas:  66% (74/111)
2022-09-09T09:37:58.7370622Z Resolving deltas:  67% (75/111)
2022-09-09T09:37:58.7370840Z Resolving deltas:  68% (76/111)
2022-09-09T09:37:58.7371071Z Resolving deltas:  69% (77/111)
2022-09-09T09:37:58.7371304Z Resolving deltas:  70% (78/111)
2022-09-09T09:37:58.7371521Z Resolving deltas:  71% (79/111)
2022-09-09T09:37:58.7371751Z Resolving deltas:  72% (80/111)
2022-09-09T09:37:58.7371984Z Resolving deltas:  73% (82/111)
2022-09-09T09:37:58.7372201Z Resolving deltas:  74% (83/111)
2022-09-09T09:37:58.7372438Z Resolving deltas:  75% (84/111)
2022-09-09T09:37:58.7372817Z Resolving deltas:  76% (85/111)
2022-09-09T09:37:58.7373063Z Resolving deltas:  77% (86/111)
2022-09-09T09:37:58.7373285Z Resolving deltas:  78% (87/111)
2022-09-09T09:37:58.7373522Z Resolving deltas:  79% (88/111)
2022-09-09T09:37:58.7373756Z Resolving deltas:  80% (89/111)
2022-09-09T09:37:58.7373979Z Resolving deltas:  81% (90/111)
2022-09-09T09:37:58.7374215Z Resolving deltas:  82% (92/111)
2022-09-09T09:37:58.7374449Z Resolving deltas:  83% (93/111)
2022-09-09T09:37:58.7374670Z Resolving deltas:  84% (94/111)
2022-09-09T09:37:58.7374905Z Resolving deltas:  85% (95/111)
2022-09-09T09:37:58.7375139Z Resolving deltas:  86% (96/111)
2022-09-09T09:37:58.7375357Z Resolving deltas:  87% (97/111)
2022-09-09T09:37:58.7375587Z Resolving deltas:  88% (98/111)
2022-09-09T09:37:58.7375822Z Resolving deltas:  89% (99/111)
2022-09-09T09:37:58.7376046Z Resolving deltas:  90% (100/111)
2022-09-09T09:37:58.7376289Z Resolving deltas:  91% (102/111)
2022-09-09T09:37:58.7376528Z Resolving deltas:  92% (103/111)
2022-09-09T09:37:58.7376831Z Resolving deltas:  93% (104/111)
2022-09-09T09:37:58.7377084Z Resolving deltas:  94% (105/111)
2022-09-09T09:37:58.7377327Z Resolving deltas:  95% (106/111)
2022-09-09T09:37:58.7377553Z Resolving deltas:  96% (107/111)
2022-09-09T09:37:58.7377792Z Resolving deltas:  97% (108/111)
2022-09-09T09:37:58.7378031Z Resolving deltas:  98% (109/111)
2022-09-09T09:37:58.7378253Z Resolving deltas:  99% (110/111)
2022-09-09T09:37:58.7378492Z Resolving deltas: 100% (111/111)
2022-09-09T09:37:58.7378737Z Resolving deltas: 100% (111/111), done.
2022-09-09T09:37:58.7494689Z From https://github.com/alibaba/transmittable-thread-local
2022-09-09T09:37:58.7495272Z  * [new ref]         73295e5fd8020ab3e5fda708cf7b2f1b5982cc69 -> origin/wip-v3
2022-09-09T09:37:58.7496078Z ##[endgroup]
2022-09-09T09:37:58.7496497Z ##[group]Determining the checkout info
2022-09-09T09:37:58.7497270Z ##[endgroup]
2022-09-09T09:37:58.7497676Z ##[group]Checking out the ref
2022-09-09T09:37:58.7498541Z [command]/usr/bin/git checkout --progress --force -B wip-v3 refs/remotes/origin/wip-v3
2022-09-09T09:37:58.7742795Z Switched to a new branch 'wip-v3'
2022-09-09T09:37:58.7743293Z branch 'wip-v3' set up to track 'origin/wip-v3'.
2022-09-09T09:37:58.7763273Z ##[endgroup]
2022-09-09T09:37:58.7803189Z [command]/usr/bin/git log -1 --format='%H'
2022-09-09T09:37:58.7824982Z '73295e5fd8020ab3e5fda708cf7b2f1b5982cc69'
2022-09-09T09:37:58.8133065Z ##[group]Run actions/setup-java@v3
2022-09-09T09:37:58.8133315Z with:
2022-09-09T09:37:58.8133516Z   java-version: 8
2022-09-09T09:37:58.8133735Z   distribution: zulu
2022-09-09T09:37:58.8133933Z   cache: maven
2022-09-09T09:37:58.8134148Z   java-package: jdk
2022-09-09T09:37:58.8134365Z   architecture: x64
2022-09-09T09:37:58.8134571Z   check-latest: false
2022-09-09T09:37:58.8134792Z   server-id: github
2022-09-09T09:37:58.8135023Z   server-username: GITHUB_ACTOR
2022-09-09T09:37:58.8135288Z   server-password: GITHUB_TOKEN
2022-09-09T09:37:58.8135528Z   overwrite-settings: true
2022-09-09T09:37:58.8135761Z   job-status: success
2022-09-09T09:37:58.8135970Z ##[endgroup]
2022-09-09T09:37:59.1367050Z ##[group]Installed distributions
2022-09-09T09:37:59.1408159Z Trying to resolve the latest version from remote
2022-09-09T09:37:59.1912711Z Resolved latest version as 8.0.345+1
2022-09-09T09:37:59.1913149Z Trying to download...
2022-09-09T09:37:59.1917131Z Downloading Java 8.0.345+1 (Zulu) from https://cdn.azul.com/zulu/bin/zulu8.64.0.19-ca-jdk8.0.345-linux_x64.tar.gz ...
2022-09-09T09:37:59.8454772Z Extracting Java archive...
2022-09-09T09:37:59.8586304Z [command]/usr/bin/tar xz --warning=no-unknown-keyword -C /home/runner/work/_temp/f98174d5-b189-4e01-a85a-57923bd0df7a -f /home/runner/work/_temp/5cb4cb75-dc78-4a9c-89fc-336cd0d70a14
2022-09-09T09:38:02.1548236Z Java 8.0.345+1 was downloaded
2022-09-09T09:38:02.1548989Z Setting Java 8.0.345+1 as the default
2022-09-09T09:38:02.1557833Z 
2022-09-09T09:38:02.1563556Z 
2022-09-09T09:38:02.1564522Z 
2022-09-09T09:38:02.1565004Z 
2022-09-09T09:38:02.1565225Z Java configuration:
2022-09-09T09:38:02.1565742Z   Distribution: zulu
2022-09-09T09:38:02.1566107Z   Version: 8.0.345+1
2022-09-09T09:38:02.1566636Z   Path: /opt/hostedtoolcache/Java_Zulu_jdk/8.0.345-1/x64
2022-09-09T09:38:02.1566933Z 
2022-09-09T09:38:02.1567368Z ##[endgroup]
2022-09-09T09:38:02.1591955Z Creating settings.xml with server-id: github
2022-09-09T09:38:02.1668011Z Writing to /home/runner/.m2/settings.xml
2022-09-09T09:38:03.1001798Z Received 117620173 of 117620173 (100.0%), 174.7 MBs/sec
2022-09-09T09:38:03.1002675Z Cache Size: ~112 MB (117620173 B)
2022-09-09T09:38:03.1028927Z [command]/usr/bin/tar --use-compress-program zstd -d -xf /home/runner/work/_temp/86ee3ce7-b040-4bf6-a499-fd17f95d7907/cache.tzst -P -C /home/runner/work/transmittable-thread-local/transmittable-thread-local
2022-09-09T09:38:03.3988174Z Cache restored successfully
2022-09-09T09:38:03.4147327Z 
2022-09-09T09:38:03.4150616Z Cache restored from key: setup-java-Linux-maven-e366094c086f196530b0fbd7b38371287ffd117b650907f1a3f49ab344bd0ac8
2022-09-09T09:38:03.4406600Z ##[group]Run ./mvnw -V --no-transfer-progress clean package
2022-09-09T09:38:03.4407122Z [36;1m./mvnw -V --no-transfer-progress clean package[0m
2022-09-09T09:38:03.4466661Z shell: /usr/bin/bash -e {0}
2022-09-09T09:38:03.4466984Z env:
2022-09-09T09:38:03.4467300Z   JAVA_HOME: /opt/hostedtoolcache/Java_Zulu_jdk/8.0.345-1/x64
2022-09-09T09:38:03.4467708Z   JAVA_HOME_8_X64: /opt/hostedtoolcache/Java_Zulu_jdk/8.0.345-1/x64
2022-09-09T09:38:03.4468136Z ##[endgroup]
2022-09-09T09:38:04.5418629Z Apache Maven 3.8.6 (84538c9988a25aec085021c365c560670ad80f63)
2022-09-09T09:38:04.5419835Z Maven home: /home/runner/.m2/wrapper/dists/apache-maven-3.8.6-bin/1ks0nkde5v1pk9vtc31i9d0lcd/apache-maven-3.8.6
2022-09-09T09:38:04.5420731Z Java version: 1.8.0_345, vendor: Azul Systems, Inc., runtime: /opt/hostedtoolcache/Java_Zulu_jdk/8.0.345-1/x64/jre
2022-09-09T09:38:04.5421456Z Default locale: en, platform encoding: UTF-8
2022-09-09T09:38:04.5423596Z OS name: "linux", version: "5.15.0-1019-azure", arch: "amd64", family: "unix"
2022-09-09T09:38:05.3149286Z [INFO] Scanning for projects...
2022-09-09T09:38:05.5279950Z [INFO] ------------------------------------------------------------------------
2022-09-09T09:38:05.5280737Z [INFO] Reactor Build Order:
2022-09-09T09:38:05.5281410Z [INFO] 
2022-09-09T09:38:05.5291390Z [INFO] ttl3-parent                                                        [pom]
2022-09-09T09:38:05.5292060Z [INFO] TransmittableThreadLocal(TTL)                                      [jar]
2022-09-09T09:38:05.5292903Z [INFO] TransmittableThreadLocal(TTL) kotlin support                       [jar]
2022-09-09T09:38:05.5293325Z [INFO] TransmittableThreadLocal(TTL) Agent                                [jar]
2022-09-09T09:38:05.5295393Z [INFO] TransmittableThreadLocal(TTL) v2 compatible                        [jar]
2022-09-09T09:38:05.5296131Z [INFO] vertx4-ttl-integration                                             [jar]
2022-09-09T09:38:05.5298176Z [INFO] vertx3-ttl-integration                                             [jar]
2022-09-09T09:38:05.5298839Z [INFO] sample-ttl-agent-extension-transformlet                            [jar]
2022-09-09T09:38:05.5370380Z [INFO] 
2022-09-09T09:38:05.5371395Z [INFO] --------------------< com.alibaba.ttl3:ttl3-parent >--------------------
2022-09-09T09:38:05.5372206Z [INFO] Building ttl3-parent 3.x-SNAPSHOT                                  [1/8]
2022-09-09T09:38:05.5373119Z [INFO] --------------------------------[ pom ]---------------------------------
2022-09-09T09:38:05.7985253Z [INFO] 
2022-09-09T09:38:05.7986269Z [INFO] --- maven-clean-plugin:3.2.0:clean (default-clean) @ ttl3-parent ---
2022-09-09T09:38:05.8621523Z [INFO] 
2022-09-09T09:38:05.8622590Z [INFO] --- maven-enforcer-plugin:3.1.0:enforce (enforce-maven) @ ttl3-parent ---
2022-09-09T09:38:06.0202809Z [INFO] 
2022-09-09T09:38:06.0206782Z [INFO] --- kotlin-maven-plugin:1.7.10:compile (compile) @ ttl3-parent ---
2022-09-09T09:38:06.2317037Z [WARNING] No sources found skipping Kotlin compile
2022-09-09T09:38:06.2321455Z [INFO] 
2022-09-09T09:38:06.2324978Z [INFO] --- maven-compiler-plugin:3.10.1:compile (java-compile) @ ttl3-parent ---
2022-09-09T09:38:06.2969722Z [INFO] No sources to compile
2022-09-09T09:38:06.2980339Z [INFO] 
2022-09-09T09:38:06.2984106Z [INFO] --- kotlin-maven-plugin:1.7.10:test-compile (test-compile) @ ttl3-parent ---
2022-09-09T09:38:06.3005511Z [WARNING] No sources found skipping Kotlin compile
2022-09-09T09:38:06.3009573Z [INFO] 
2022-09-09T09:38:06.3013094Z [INFO] --- maven-compiler-plugin:3.10.1:testCompile (java-test-compile) @ ttl3-parent ---
2022-09-09T09:38:06.3077149Z [INFO] No sources to compile
2022-09-09T09:38:06.3083469Z [INFO] 
2022-09-09T09:38:06.3086722Z [INFO] ---------------------< com.alibaba.ttl3:ttl-core >----------------------
2022-09-09T09:38:06.3089850Z [INFO] Building TransmittableThreadLocal(TTL) 3.x-SNAPSHOT                [2/8]
2022-09-09T09:38:06.3130853Z [INFO] --------------------------------[ jar ]---------------------------------
2022-09-09T09:38:06.3742382Z [INFO] 
2022-09-09T09:38:06.3746490Z [INFO] --- maven-clean-plugin:3.2.0:clean (default-clean) @ ttl-core ---
2022-09-09T09:38:06.3784901Z [INFO] 
2022-09-09T09:38:06.3788565Z [INFO] --- maven-enforcer-plugin:3.1.0:enforce (enforce-maven) @ ttl-core ---
2022-09-09T09:38:06.3807921Z [INFO] 
2022-09-09T09:38:06.3811527Z [INFO] --- maven-resources-plugin:3.3.0:resources (default-resources) @ ttl-core ---
2022-09-09T09:38:06.4343153Z [INFO] skip non existing resourceDirectory /home/runner/work/transmittable-thread-local/transmittable-thread-local/ttl-core/src/main/resources
2022-09-09T09:38:06.4348239Z [INFO] 
2022-09-09T09:38:06.4351613Z [INFO] --- kotlin-maven-plugin:1.7.10:compile (compile) @ ttl-core ---
2022-09-09T09:38:06.4803282Z [WARNING] No sources found skipping Kotlin compile
2022-09-09T09:38:06.4806307Z [INFO] 
2022-09-09T09:38:06.4810132Z [INFO] --- maven-compiler-plugin:3.10.1:compile (java-compile) @ ttl-core ---
2022-09-09T09:38:06.4938468Z [INFO] Changes detected - recompiling the module!
2022-09-09T09:38:06.4979618Z [INFO] Compiling 39 source files to /home/runner/work/transmittable-thread-local/transmittable-thread-local/ttl-core/target/classes
2022-09-09T09:38:07.3249415Z [INFO] 
2022-09-09T09:38:07.3253493Z [INFO] --- maven-resources-plugin:3.3.0:testResources (default-testResources) @ ttl-core ---
2022-09-09T09:38:07.3272628Z [INFO] skip non existing resourceDirectory /home/runner/work/transmittable-thread-local/transmittable-thread-local/ttl-core/src/test/resources
2022-09-09T09:38:07.3276487Z [INFO] 
2022-09-09T09:38:07.3279763Z [INFO] --- kotlin-maven-plugin:1.7.10:test-compile (test-compile) @ ttl-core ---
2022-09-09T09:38:21.8981025Z [INFO] 
2022-09-09T09:38:21.9005328Z [INFO] --- maven-compiler-plugin:3.10.1:testCompile (java-test-compile) @ ttl-core ---
2022-09-09T09:38:21.9103198Z [INFO] Changes detected - recompiling the module!
2022-09-09T09:38:21.9185541Z [INFO] Compiling 3 source files to /home/runner/work/transmittable-thread-local/transmittable-thread-local/ttl-core/target/test-classes
2022-09-09T09:38:22.0735068Z [INFO] 
2022-09-09T09:38:22.0738492Z [INFO] --- maven-surefire-plugin:3.0.0-M7:test (default-test) @ ttl-core ---
2022-09-09T09:38:22.2465481Z [INFO] Using auto detected provider org.apache.maven.surefire.junitplatform.JUnitPlatformProvider
2022-09-09T09:38:22.4847892Z [INFO] 
2022-09-09T09:38:22.4848735Z [INFO] -------------------------------------------------------
2022-09-09T09:38:22.4849112Z [INFO]  T E S T S
2022-09-09T09:38:22.4849565Z [INFO] -------------------------------------------------------
2022-09-09T09:38:25.8317142Z [INFO] Running com.alibaba.third_part_lib_test.ExecutorsTest
2022-09-09T09:38:26.2986727Z [INFO] Tests run: 1, Failures: 0, Errors: 0, Skipped: 0, Time elapsed: 0.425 s - in com.alibaba.third_part_lib_test.ExecutorsTest
2022-09-09T09:38:26.2990895Z [INFO] Running com.alibaba.third_part_lib_test.ForkJoinPoolTest
2022-09-09T09:38:26.3047796Z [INFO] Tests run: 1, Failures: 0, Errors: 0, Skipped: 0, Time elapsed: 0.036 s - in com.alibaba.third_part_lib_test.ForkJoinPoolTest
2022-09-09T09:38:26.3048291Z [INFO] Running com.alibaba.ttl3.TtlCallableTest
2022-09-09T09:38:26.4084965Z [INFO] Tests run: 9, Failures: 0, Errors: 0, Skipped: 0, Time elapsed: 0.112 s - in com.alibaba.ttl3.TtlCallableTest
2022-09-09T09:38:26.4098319Z [INFO] Running com.alibaba.ttl3.TtlRunnableTest
2022-09-09T09:38:26.4689622Z [INFO] Tests run: 9, Failures: 0, Errors: 0, Skipped: 0, Time elapsed: 0.059 s - in com.alibaba.ttl3.TtlRunnableTest
2022-09-09T09:38:26.4690165Z [INFO] Running com.alibaba.ttl3.TtlTimerTaskTest
2022-09-09T09:38:26.4924999Z [INFO] Tests run: 2, Failures: 0, Errors: 0, Skipped: 0, Time elapsed: 0.025 s - in com.alibaba.ttl3.TtlTimerTaskTest
2022-09-09T09:38:26.4932795Z [INFO] Running com.alibaba.user_api_test.ttl3.DisableIgnoreNullValueSemanticsTest
2022-09-09T09:38:26.5318359Z [INFO] Tests run: 4, Failures: 0, Errors: 0, Skipped: 0, Time elapsed: 0.035 s - in com.alibaba.user_api_test.ttl3.DisableIgnoreNullValueSemanticsTest
2022-09-09T09:38:26.5336393Z [INFO] Running com.alibaba.user_api_test.ttl3.TransmittableThreadLocal_Transmitter_UserTest
2022-09-09T09:38:26.6094787Z [INFO] Tests run: 6, Failures: 0, Errors: 0, Skipped: 0, Time elapsed: 0.07 s - in com.alibaba.user_api_test.ttl3.TransmittableThreadLocal_Transmitter_UserTest
2022-09-09T09:38:26.6095436Z [INFO] Running com.alibaba.user_api_test.ttl3.TransmittableThreadLocal_Transmitter_registerTransmittee_UserTest
2022-09-09T09:38:28.2383164Z [INFO] Tests run: 2, Failures: 0, Errors: 0, Skipped: 0, Time elapsed: 1.623 s - in com.alibaba.user_api_test.ttl3.TransmittableThreadLocal_Transmitter_registerTransmittee_UserTest
2022-09-09T09:38:28.2447679Z [INFO] Running com.alibaba.user_api_test.ttl3.TransmittableThreadLocal_withInit_Test
2022-09-09T09:38:28.3407984Z [INFO] Tests run: 3, Failures: 0, Errors: 0, Skipped: 0, Time elapsed: 0.089 s - in com.alibaba.user_api_test.ttl3.TransmittableThreadLocal_withInit_Test
2022-09-09T09:38:28.4365160Z [INFO] Running com.alibaba.user_api_test.ttl3.TransmittableThreadLocal_withInit_Null_Test
2022-09-09T09:38:28.4686132Z [INFO] Tests run: 3, Failures: 0, Errors: 0, Skipped: 0, Time elapsed: 0.027 s - in com.alibaba.user_api_test.ttl3.TransmittableThreadLocal_withInit_Null_Test
2022-09-09T09:38:28.4974109Z [INFO] 
2022-09-09T09:38:28.4974509Z [INFO] Results:
2022-09-09T09:38:28.4974801Z [INFO] 
2022-09-09T09:38:28.4975157Z [INFO] Tests run: 40, Failures: 0, Errors: 0, Skipped: 0
2022-09-09T09:38:28.4975494Z [INFO] 
2022-09-09T09:38:28.5014697Z [INFO] 
2022-09-09T09:38:28.5017354Z [INFO] --- maven-jar-plugin:3.2.2:jar (default-jar) @ ttl-core ---
2022-09-09T09:38:28.7680553Z [INFO] Building jar: /home/runner/work/transmittable-thread-local/transmittable-thread-local/ttl-core/target/ttl-core-3.x-SNAPSHOT.jar
2022-09-09T09:38:28.8325773Z [INFO] 
2022-09-09T09:38:28.8326875Z [INFO] --------------------< com.alibaba.ttl3:ttl-kotlin >---------------------
2022-09-09T09:38:28.8327663Z [INFO] Building TransmittableThreadLocal(TTL) kotlin support 3.x-SNAPSHOT [3/8]
2022-09-09T09:38:28.8328362Z [INFO] --------------------------------[ jar ]---------------------------------
2022-09-09T09:38:28.8465996Z [INFO] 
2022-09-09T09:38:28.8466721Z [INFO] --- maven-clean-plugin:3.2.0:clean (default-clean) @ ttl-kotlin ---
2022-09-09T09:38:28.8483692Z [INFO] 
2022-09-09T09:38:28.8484418Z [INFO] --- maven-enforcer-plugin:3.1.0:enforce (enforce-maven) @ ttl-kotlin ---
2022-09-09T09:38:28.8493766Z [INFO] 
2022-09-09T09:38:28.8497882Z [INFO] --- maven-resources-plugin:3.3.0:resources (default-resources) @ ttl-kotlin ---
2022-09-09T09:38:28.8524114Z [INFO] skip non existing resourceDirectory /home/runner/work/transmittable-thread-local/transmittable-thread-local/ttl-kotlin/src/main/resources
2022-09-09T09:38:28.8526805Z [INFO] 
2022-09-09T09:38:28.8527685Z [INFO] --- kotlin-maven-plugin:1.7.10:compile (compile) @ ttl-kotlin ---
2022-09-09T09:38:29.4932320Z [INFO] 
2022-09-09T09:38:29.4933398Z [INFO] --- maven-compiler-plugin:3.10.1:compile (java-compile) @ ttl-kotlin ---
2022-09-09T09:38:29.4947798Z [INFO] Not compiling main sources
2022-09-09T09:38:29.4948559Z [INFO] 
2022-09-09T09:38:29.4949574Z [INFO] --- maven-resources-plugin:3.3.0:testResources (default-testResources) @ ttl-kotlin ---
2022-09-09T09:38:29.4961022Z [INFO] skip non existing resourceDirectory /home/runner/work/transmittable-thread-local/transmittable-thread-local/ttl-kotlin/src/test/resources
2022-09-09T09:38:29.4964564Z [INFO] 
2022-09-09T09:38:29.4967544Z [INFO] --- kotlin-maven-plugin:1.7.10:test-compile (test-compile) @ ttl-kotlin ---
2022-09-09T09:38:30.7365397Z [INFO] 
2022-09-09T09:38:30.7369074Z [INFO] --- maven-compiler-plugin:3.10.1:testCompile (java-test-compile) @ ttl-kotlin ---
2022-09-09T09:38:30.7385916Z [INFO] Not compiling test sources
2022-09-09T09:38:30.7389660Z [INFO] 
2022-09-09T09:38:30.7392692Z [INFO] --- maven-surefire-plugin:3.0.0-M7:test (default-test) @ ttl-kotlin ---
2022-09-09T09:38:30.7472947Z [INFO] Using auto detected provider org.apache.maven.surefire.junitplatform.JUnitPlatformProvider
2022-09-09T09:38:30.7545549Z [INFO] 
2022-09-09T09:38:30.7546502Z [INFO] -------------------------------------------------------
2022-09-09T09:38:30.7547088Z [INFO]  T E S T S
2022-09-09T09:38:30.7548073Z [INFO] -------------------------------------------------------
2022-09-09T09:38:33.7276185Z [INFO] Running com.alibaba.ttl3.kotlin.TtlExtensionsTests
2022-09-09T09:38:33.9588168Z [ERROR] Tests run: 7, Failures: 1, Errors: 0, Skipped: 0, Time elapsed: 0.215 s <<< FAILURE! - in com.alibaba.ttl3.kotlin.TtlExtensionsTests
2022-09-09T09:38:33.9588886Z [ERROR] com.alibaba.ttl3.kotlin.TtlExtensionsTests  Time elapsed: 0.026 s  <<< FAILURE!
2022-09-09T09:38:33.9589678Z java.lang.AssertionError: java.util.concurrent.ThreadPoolExecutor@643b5e4e[Running, pool size = 0, active threads = 0, queued tasks = 0, completed tasks = 0] should be the same reference as java.util.concurrent.ThreadPoolExecutor@d0358f1[Running, pool size = 0, active threads = 0, queued tasks = 0, completed tasks = 0]
2022-09-09T09:38:33.9590516Z 	at com.alibaba.ttl3.kotlin.TtlExtensionsTests$1$7.invokeSuspend(TtlExtensionsTests.kt:159)
2022-09-09T09:38:33.9591019Z 	at com.alibaba.ttl3.kotlin.TtlExtensionsTests$1$7.invoke(TtlExtensionsTests.kt)
2022-09-09T09:38:33.9591477Z 	at com.alibaba.ttl3.kotlin.TtlExtensionsTests$1$7.invoke(TtlExtensionsTests.kt)
2022-09-09T09:38:33.9591962Z 	at io.kotest.core.spec.style.scopes.RootScopeKt$addTest$1.invokeSuspend(RootScope.kt:36)
2022-09-09T09:38:33.9592449Z 	at io.kotest.core.spec.style.scopes.RootScopeKt$addTest$1.invoke(RootScope.kt)
2022-09-09T09:38:33.9592916Z 	at io.kotest.core.spec.style.scopes.RootScopeKt$addTest$1.invoke(RootScope.kt)
2022-09-09T09:38:33.9593416Z 	at io.kotest.engine.test.TestCaseExecutor$execute$innerExecute$1.invokeSuspend(TestCaseExecutor.kt:81)
2022-09-09T09:38:33.9593933Z 	at io.kotest.engine.test.TestCaseExecutor$execute$innerExecute$1.invoke(TestCaseExecutor.kt)
2022-09-09T09:38:33.9594407Z 	at io.kotest.engine.test.TestCaseExecutor$execute$innerExecute$1.invoke(TestCaseExecutor.kt)
2022-09-09T09:38:33.9595056Z 	at io.kotest.engine.test.interceptors.CoroutineDebugProbeInterceptor.intercept(CoroutineDebugProbeInterceptor.kt:29)
2022-09-09T09:38:33.9595974Z 	at io.kotest.engine.test.TestCaseExecutor$execute$2$1.invokeSuspend(TestCaseExecutor.kt:90)
2022-09-09T09:38:33.9596451Z 	at io.kotest.engine.test.TestCaseExecutor$execute$2$1.invoke(TestCaseExecutor.kt)
2022-09-09T09:38:33.9596905Z 	at io.kotest.engine.test.TestCaseExecutor$execute$2$1.invoke(TestCaseExecutor.kt)
2022-09-09T09:38:33.9597506Z 	at io.kotest.engine.test.interceptors.InvocationTimeoutInterceptor$intercept$3.invokeSuspend(InvocationTimeoutInterceptor.kt:43)
2022-09-09T09:38:33.9598231Z 	at io.kotest.engine.test.interceptors.InvocationTimeoutInterceptor$intercept$3.invoke(InvocationTimeoutInterceptor.kt)
2022-09-09T09:38:33.9598921Z 	at io.kotest.engine.test.interceptors.InvocationTimeoutInterceptor$intercept$3.invoke(InvocationTimeoutInterceptor.kt)
2022-09-09T09:38:33.9599673Z 	at kotlinx.coroutines.intrinsics.UndispatchedKt.startUndispatchedOrReturnIgnoreTimeout(Undispatched.kt:100)
2022-09-09T09:38:33.9600282Z 	at kotlinx.coroutines.TimeoutKt.setupTimeout(Timeout.kt:146)
2022-09-09T09:38:33.9600716Z 	at kotlinx.coroutines.TimeoutKt.withTimeoutOrNull(Timeout.kt:103)
2022-09-09T09:38:33.9601326Z 	at io.kotest.engine.test.interceptors.InvocationTimeoutInterceptor.intercept(InvocationTimeoutInterceptor.kt:42)
2022-09-09T09:38:33.9601949Z 	at io.kotest.engine.test.TestCaseExecutor$execute$2$1.invokeSuspend(TestCaseExecutor.kt:90)
2022-09-09T09:38:33.9602424Z 	at io.kotest.engine.test.TestCaseExecutor$execute$2$1.invoke(TestCaseExecutor.kt)
2022-09-09T09:38:33.9602866Z 	at io.kotest.engine.test.TestCaseExecutor$execute$2$1.invoke(TestCaseExecutor.kt)
2022-09-09T09:38:33.9603403Z 	at io.kotest.engine.test.TestInvocationInterceptor$intercept$2$3.invokeSuspend(TestInvocationInterceptor.kt:36)
2022-09-09T09:38:33.9603995Z 	at io.kotest.engine.test.TestInvocationInterceptor$intercept$2$3.invoke(TestInvocationInterceptor.kt)
2022-09-09T09:38:33.9604648Z 	at io.kotest.engine.test.TestInvocationInterceptor$intercept$2$3.invoke(TestInvocationInterceptor.kt)
2022-09-09T09:38:33.9605107Z 	at io.kotest.mpp.ReplayKt.replay(replay.kt:18)
2022-09-09T09:38:33.9605585Z 	at io.kotest.engine.test.TestInvocationInterceptor$intercept$2.invokeSuspend(TestInvocationInterceptor.kt:31)
2022-09-09T09:38:33.9606169Z 	at io.kotest.engine.test.TestInvocationInterceptor$intercept$2.invoke(TestInvocationInterceptor.kt)
2022-09-09T09:38:33.9606722Z 	at io.kotest.engine.test.TestInvocationInterceptor$intercept$2.invoke(TestInvocationInterceptor.kt)
2022-09-09T09:38:33.9607333Z 	at kotlinx.coroutines.intrinsics.UndispatchedKt.startUndispatchedOrReturn(Undispatched.kt:89)
2022-09-09T09:38:33.9607909Z 	at kotlinx.coroutines.CoroutineScopeKt.coroutineScope(CoroutineScope.kt:264)
2022-09-09T09:38:33.9608463Z 	at io.kotest.engine.test.TestInvocationInterceptor.intercept(TestInvocationInterceptor.kt:30)
2022-09-09T09:38:33.9609003Z 	at io.kotest.engine.test.TestCaseExecutor$execute$2$1.invokeSuspend(TestCaseExecutor.kt:90)
2022-09-09T09:38:33.9609481Z 	at io.kotest.engine.test.TestCaseExecutor$execute$2$1.invoke(TestCaseExecutor.kt)
2022-09-09T09:38:33.9609940Z 	at io.kotest.engine.test.TestCaseExecutor$execute$2$1.invoke(TestCaseExecutor.kt)
2022-09-09T09:38:33.9610462Z 	at io.kotest.engine.test.interceptors.TimeoutInterceptor.intercept(TimeoutInterceptor.kt:33)
2022-09-09T09:38:33.9611010Z 	at io.kotest.engine.test.TestCaseExecutor$execute$2$1.invokeSuspend(TestCaseExecutor.kt:90)
2022-09-09T09:38:33.9611476Z 	at io.kotest.engine.test.TestCaseExecutor$execute$2$1.invoke(TestCaseExecutor.kt)
2022-09-09T09:38:33.9611924Z 	at io.kotest.engine.test.TestCaseExecutor$execute$2$1.invoke(TestCaseExecutor.kt)
2022-09-09T09:38:33.9612554Z 	at io.kotest.engine.test.interceptors.BlockedThreadTimeoutInterceptor.intercept(BlockedThreadTimeoutInterceptor.kt:74)
2022-09-09T09:38:33.9619399Z 	at io.kotest.engine.test.TestCaseExecutor$execute$2$1.invokeSuspend(TestCaseExecutor.kt:90)
2022-09-09T09:38:33.9619898Z 	at io.kotest.engine.test.TestCaseExecutor$execute$2$1.invoke(TestCaseExecutor.kt)
2022-09-09T09:38:33.9620579Z 	at io.kotest.engine.test.TestCaseExecutor$execute$2$1.invoke(TestCaseExecutor.kt)
2022-09-09T09:38:33.9621192Z 	at io.kotest.engine.test.interceptors.CoroutineLoggingInterceptor.intercept(CoroutineLoggingInterceptor.kt:30)
2022-09-09T09:38:33.9621809Z 	at io.kotest.engine.test.TestCaseExecutor$execute$2$1.invokeSuspend(TestCaseExecutor.kt:90)
2022-09-09T09:38:33.9622288Z 	at io.kotest.engine.test.TestCaseExecutor$execute$2$1.invoke(TestCaseExecutor.kt)
2022-09-09T09:38:33.9622742Z 	at io.kotest.engine.test.TestCaseExecutor$execute$2$1.invoke(TestCaseExecutor.kt)
2022-09-09T09:38:33.9623303Z 	at io.kotest.engine.test.interceptors.SoftAssertInterceptor.intercept(SoftAssertInterceptor.kt:27)
2022-09-09T09:38:33.9623863Z 	at io.kotest.engine.test.TestCaseExecutor$execute$2$1.invokeSuspend(TestCaseExecutor.kt:90)
2022-09-09T09:38:33.9624339Z 	at io.kotest.engine.test.TestCaseExecutor$execute$2$1.invoke(TestCaseExecutor.kt)
2022-09-09T09:38:33.9624794Z 	at io.kotest.engine.test.TestCaseExecutor$execute$2$1.invoke(TestCaseExecutor.kt)
2022-09-09T09:38:33.9625379Z 	at io.kotest.engine.test.interceptors.AssertionModeInterceptor.intercept(AssertionModeInterceptor.kt:25)
2022-09-09T09:38:33.9625965Z 	at io.kotest.engine.test.TestCaseExecutor$execute$2$1.invokeSuspend(TestCaseExecutor.kt:90)
2022-09-09T09:38:33.9626436Z 	at io.kotest.engine.test.TestCaseExecutor$execute$2$1.invoke(TestCaseExecutor.kt)
2022-09-09T09:38:33.9626888Z 	at io.kotest.engine.test.TestCaseExecutor$execute$2$1.invoke(TestCaseExecutor.kt)
2022-09-09T09:38:33.9627422Z 	at io.kotest.engine.test.interceptors.LifecycleInterceptor.intercept(LifecycleInterceptor.kt:51)
2022-09-09T09:38:33.9627983Z 	at io.kotest.engine.test.TestCaseExecutor$execute$2$1.invokeSuspend(TestCaseExecutor.kt:90)
2022-09-09T09:38:33.9628452Z 	at io.kotest.engine.test.TestCaseExecutor$execute$2$1.invoke(TestCaseExecutor.kt)
2022-09-09T09:38:33.9628968Z 	at io.kotest.engine.test.TestCaseExecutor$execute$2$1.invoke(TestCaseExecutor.kt)
2022-09-09T09:38:33.9629550Z 	at io.kotest.engine.test.interceptors.EnabledCheckInterceptor.intercept(EnabledCheckInterceptor.kt:31)
2022-09-09T09:38:33.9630139Z 	at io.kotest.engine.test.TestCaseExecutor$execute$2$1.invokeSuspend(TestCaseExecutor.kt:90)
2022-09-09T09:38:33.9630597Z 	at io.kotest.engine.test.TestCaseExecutor$execute$2$1.invoke(TestCaseExecutor.kt)
2022-09-09T09:38:33.9631042Z 	at io.kotest.engine.test.TestCaseExecutor$execute$2$1.invoke(TestCaseExecutor.kt)
2022-09-09T09:38:33.9631643Z 	at io.kotest.engine.test.interceptors.TestCaseExtensionInterceptor$intercept$2.invokeSuspend(TestCaseExtensionInterceptor.kt:24)
2022-09-09T09:38:33.9632366Z 	at io.kotest.engine.test.interceptors.TestCaseExtensionInterceptor$intercept$2.invoke(TestCaseExtensionInterceptor.kt)
2022-09-09T09:38:33.9633062Z 	at io.kotest.engine.test.interceptors.TestCaseExtensionInterceptor$intercept$2.invoke(TestCaseExtensionInterceptor.kt)
2022-09-09T09:38:33.9633644Z 	at io.kotest.engine.test.TestExtensions.intercept(TestExtensions.kt:154)
2022-09-09T09:38:33.9634260Z 	at io.kotest.engine.test.interceptors.TestCaseExtensionInterceptor.intercept(TestCaseExtensionInterceptor.kt:24)
2022-09-09T09:38:33.9634866Z 	at io.kotest.engine.test.TestCaseExecutor$execute$2$1.invokeSuspend(TestCaseExecutor.kt:90)
2022-09-09T09:38:33.9635338Z 	at io.kotest.engine.test.TestCaseExecutor$execute$2$1.invoke(TestCaseExecutor.kt)
2022-09-09T09:38:33.9635792Z 	at io.kotest.engine.test.TestCaseExecutor$execute$2$1.invoke(TestCaseExecutor.kt)
2022-09-09T09:38:33.9636434Z 	at io.kotest.engine.test.interceptors.CoroutineErrorCollectorInterceptor$intercept$3.invokeSuspend(CoroutineErrorCollectorInterceptor.kt:28)
2022-09-09T09:38:33.9637238Z 	at io.kotest.engine.test.interceptors.CoroutineErrorCollectorInterceptor$intercept$3.invoke(CoroutineErrorCollectorInterceptor.kt)
2022-09-09T09:38:33.9638023Z 	at io.kotest.engine.test.interceptors.CoroutineErrorCollectorInterceptor$intercept$3.invoke(CoroutineErrorCollectorInterceptor.kt)
2022-09-09T09:38:33.9638803Z 	at kotlinx.coroutines.intrinsics.UndispatchedKt.startUndispatchedOrReturn(Undispatched.kt:89)
2022-09-09T09:38:33.9639370Z 	at kotlinx.coroutines.BuildersKt__Builders_commonKt.withContext(Builders.common.kt:169)
2022-09-09T09:38:33.9639799Z 	at kotlinx.coroutines.BuildersKt.withContext(Unknown Source)
2022-09-09T09:38:33.9640429Z 	at io.kotest.engine.test.interceptors.CoroutineErrorCollectorInterceptor.intercept(CoroutineErrorCollectorInterceptor.kt:27)
2022-09-09T09:38:33.9641090Z 	at io.kotest.engine.test.TestCaseExecutor$execute$2$1.invokeSuspend(TestCaseExecutor.kt:90)
2022-09-09T09:38:33.9641560Z 	at io.kotest.engine.test.TestCaseExecutor$execute$2$1.invoke(TestCaseExecutor.kt)
2022-09-09T09:38:33.9642013Z 	at io.kotest.engine.test.TestCaseExecutor$execute$2$1.invoke(TestCaseExecutor.kt)
2022-09-09T09:38:33.9643084Z 	at io.kotest.engine.test.interceptors.CoroutineDispatcherFactoryInterceptor$intercept$4.invokeSuspend(coroutineDispatcherFactoryInterceptor.kt:57)
2022-09-09T09:38:33.9643959Z 	at io.kotest.engine.test.interceptors.CoroutineDispatcherFactoryInterceptor$intercept$4.invoke(coroutineDispatcherFactoryInterceptor.kt)
2022-09-09T09:38:33.9644780Z 	at io.kotest.engine.test.interceptors.CoroutineDispatcherFactoryInterceptor$intercept$4.invoke(coroutineDispatcherFactoryInterceptor.kt)
2022-09-09T09:38:33.9645616Z 	at io.kotest.engine.concurrency.FixedThreadCoroutineDispatcherFactory$withDispatcher$4.invokeSuspend(FixedThreadCoroutineDispatcherFactory.kt:53)
2022-09-09T09:38:33.9646378Z 	at (Coroutine boundary.()
2022-09-09T09:38:33.9646730Z 	at kotlinx.coroutines.TimeoutKt.withTimeoutOrNull(Timeout.kt:100)
2022-09-09T09:38:33.9647336Z 	at io.kotest.engine.test.interceptors.InvocationTimeoutInterceptor.intercept(InvocationTimeoutInterceptor.kt:42)
2022-09-09T09:38:33.9647954Z 	at io.kotest.engine.test.TestCaseExecutor$execute$2$1.invokeSuspend(TestCaseExecutor.kt:90)
2022-09-09T09:38:33.9648586Z 	at io.kotest.engine.test.TestInvocationInterceptor$intercept$2$3.invokeSuspend(TestInvocationInterceptor.kt:36)
2022-09-09T09:38:33.9649046Z 	at io.kotest.mpp.ReplayKt.replay(replay.kt:18)
2022-09-09T09:38:33.9649523Z 	at io.kotest.engine.test.TestInvocationInterceptor$intercept$2.invokeSuspend(TestInvocationInterceptor.kt:31)
2022-09-09T09:38:33.9650116Z 	at io.kotest.engine.test.TestInvocationInterceptor.intercept(TestInvocationInterceptor.kt:30)
2022-09-09T09:38:33.9650657Z 	at io.kotest.engine.test.TestCaseExecutor$execute$2$1.invokeSuspend(TestCaseExecutor.kt:90)
2022-09-09T09:38:33.9651207Z 	at io.kotest.engine.test.interceptors.TimeoutInterceptor.intercept(TimeoutInterceptor.kt:33)
2022-09-09T09:38:33.9651756Z 	at io.kotest.engine.test.TestCaseExecutor$execute$2$1.invokeSuspend(TestCaseExecutor.kt:90)
2022-09-09T09:38:33.9652400Z 	at io.kotest.engine.test.interceptors.BlockedThreadTimeoutInterceptor.intercept(BlockedThreadTimeoutInterceptor.kt:74)
2022-09-09T09:38:33.9653148Z 	at io.kotest.engine.test.TestCaseExecutor$execute$2$1.invokeSuspend(TestCaseExecutor.kt:90)
2022-09-09T09:38:33.9653762Z 	at io.kotest.engine.test.interceptors.CoroutineLoggingInterceptor.intercept(CoroutineLoggingInterceptor.kt:30)
2022-09-09T09:38:33.9654372Z 	at io.kotest.engine.test.TestCaseExecutor$execute$2$1.invokeSuspend(TestCaseExecutor.kt:90)
2022-09-09T09:38:33.9654942Z 	at io.kotest.engine.test.interceptors.SoftAssertInterceptor.intercept(SoftAssertInterceptor.kt:27)
2022-09-09T09:38:33.9655510Z 	at io.kotest.engine.test.TestCaseExecutor$execute$2$1.invokeSuspend(TestCaseExecutor.kt:90)
2022-09-09T09:38:33.9656105Z 	at io.kotest.engine.test.interceptors.AssertionModeInterceptor.intercept(AssertionModeInterceptor.kt:25)
2022-09-09T09:38:33.9656694Z 	at io.kotest.engine.test.TestCaseExecutor$execute$2$1.invokeSuspend(TestCaseExecutor.kt:90)
2022-09-09T09:38:33.9657238Z 	at io.kotest.engine.test.interceptors.LifecycleInterceptor.intercept(LifecycleInterceptor.kt:51)
2022-09-09T09:38:33.9657799Z 	at io.kotest.engine.test.TestCaseExecutor$execute$2$1.invokeSuspend(TestCaseExecutor.kt:90)
2022-09-09T09:38:33.9658380Z 	at io.kotest.engine.test.interceptors.EnabledCheckInterceptor.intercept(EnabledCheckInterceptor.kt:31)
2022-09-09T09:38:33.9659031Z 	at io.kotest.engine.test.TestCaseExecutor$execute$2$1.invokeSuspend(TestCaseExecutor.kt:90)
2022-09-09T09:38:33.9659645Z 	at io.kotest.engine.test.interceptors.TestCaseExtensionInterceptor$intercept$2.invokeSuspend(TestCaseExtensionInterceptor.kt:24)
2022-09-09T09:38:33.9660255Z 	at io.kotest.engine.test.TestCaseExecutor$execute$2$1.invokeSuspend(TestCaseExecutor.kt:90)
2022-09-09T09:38:33.9660912Z 	at io.kotest.engine.test.interceptors.CoroutineErrorCollectorInterceptor$intercept$3.invokeSuspend(CoroutineErrorCollectorInterceptor.kt:28)
2022-09-09T09:38:33.9661548Z 	at io.kotest.engine.test.TestCaseExecutor$execute$2$1.invokeSuspend(TestCaseExecutor.kt:90)
2022-09-09T09:38:33.9662235Z 	at io.kotest.engine.test.interceptors.CoroutineDispatcherFactoryInterceptor$intercept$4.invokeSuspend(coroutineDispatcherFactoryInterceptor.kt:57)
2022-09-09T09:38:33.9663083Z 	at io.kotest.engine.concurrency.FixedThreadCoroutineDispatcherFactory$withDispatcher$4.invokeSuspend(FixedThreadCoroutineDispatcherFactory.kt:53)
2022-09-09T09:38:33.9663744Z 	at io.kotest.engine.test.TestCaseExecutor$execute$2$1.invokeSuspend(TestCaseExecutor.kt:90)
2022-09-09T09:38:33.9664349Z 	at io.kotest.engine.test.interceptors.SupervisorScopeInterceptor$intercept$2.invokeSuspend(SupervisorScopeInterceptor.kt:23)
2022-09-09T09:38:33.9664949Z 	at io.kotest.engine.test.TestCaseExecutor$execute$2$1.invokeSuspend(TestCaseExecutor.kt:90)
2022-09-09T09:38:33.9665439Z 	at io.kotest.engine.test.TestCaseExecutor$execute$2$1.invokeSuspend(TestCaseExecutor.kt:90)
2022-09-09T09:38:33.9666040Z 	at io.kotest.engine.test.interceptors.TestFinishedInterceptor.intercept(TestFinishedInterceptor.kt:21)
2022-09-09T09:38:33.9666620Z 	at io.kotest.engine.test.TestCaseExecutor$execute$2$1.invokeSuspend(TestCaseExecutor.kt:90)
2022-09-09T09:38:33.9667284Z 	at io.kotest.engine.test.interceptors.TestNameContextInterceptor$intercept$2.invokeSuspend(TestPathContextInterceptor.kt:35)
2022-09-09T09:38:33.9667887Z 	at io.kotest.engine.test.TestCaseExecutor$execute$2$1.invokeSuspend(TestCaseExecutor.kt:90)
2022-09-09T09:38:33.9668483Z 	at io.kotest.engine.test.interceptors.TestPathContextInterceptor$intercept$2.invokeSuspend(TestPathContextInterceptor.kt:20)
2022-09-09T09:38:33.9669075Z 	at io.kotest.engine.test.TestCaseExecutor$execute$2$1.invokeSuspend(TestCaseExecutor.kt:90)
2022-09-09T09:38:33.9669637Z 	at io.kotest.engine.spec.runners.SingleInstanceSpecRunner.runTest(SingleInstanceSpecRunner.kt:121)
2022-09-09T09:38:33.9670300Z 	at io.kotest.engine.spec.runners.SingleInstanceSpecRunner$execute$interceptAndRun$2$2.invokeSuspend(SingleInstanceSpecRunner.kt:51)
2022-09-09T09:38:33.9670953Z 	at io.kotest.engine.test.scheduler.SequentialTestScheduler$schedule$3$1$1.invokeSuspend(SequentialTestScheduler.kt:20)
2022-09-09T09:38:33.9671828Z Caused by: java.lang.AssertionError: java.util.concurrent.ThreadPoolExecutor@643b5e4e[Running, pool size = 0, active threads = 0, queued tasks = 0, completed tasks = 0] should be the same reference as java.util.concurrent.ThreadPoolExecutor@d0358f1[Running, pool size = 0, active threads = 0, queued tasks = 0, completed tasks = 0]
2022-09-09T09:38:33.9672636Z 	at com.alibaba.ttl3.kotlin.TtlExtensionsTests$1$7.invokeSuspend(TtlExtensionsTests.kt:159)
2022-09-09T09:38:33.9673123Z 	at com.alibaba.ttl3.kotlin.TtlExtensionsTests$1$7.invoke(TtlExtensionsTests.kt)
2022-09-09T09:38:33.9673596Z 	at com.alibaba.ttl3.kotlin.TtlExtensionsTests$1$7.invoke(TtlExtensionsTests.kt)
2022-09-09T09:38:33.9674079Z 	at io.kotest.core.spec.style.scopes.RootScopeKt$addTest$1.invokeSuspend(RootScope.kt:36)
2022-09-09T09:38:33.9674565Z 	at io.kotest.core.spec.style.scopes.RootScopeKt$addTest$1.invoke(RootScope.kt)
2022-09-09T09:38:33.9675027Z 	at io.kotest.core.spec.style.scopes.RootScopeKt$addTest$1.invoke(RootScope.kt)
2022-09-09T09:38:33.9675516Z 	at io.kotest.engine.test.TestCaseExecutor$execute$innerExecute$1.invokeSuspend(TestCaseExecutor.kt:81)
2022-09-09T09:38:33.9676105Z 	at io.kotest.engine.test.TestCaseExecutor$execute$innerExecute$1.invoke(TestCaseExecutor.kt)
2022-09-09T09:38:33.9676593Z 	at io.kotest.engine.test.TestCaseExecutor$execute$innerExecute$1.invoke(TestCaseExecutor.kt)
2022-09-09T09:38:33.9677232Z 	at io.kotest.engine.test.interceptors.CoroutineDebugProbeInterceptor.intercept(CoroutineDebugProbeInterceptor.kt:29)
2022-09-09T09:38:33.9677861Z 	at io.kotest.engine.test.TestCaseExecutor$execute$2$1.invokeSuspend(TestCaseExecutor.kt:90)
2022-09-09T09:38:33.9678333Z 	at io.kotest.engine.test.TestCaseExecutor$execute$2$1.invoke(TestCaseExecutor.kt)
2022-09-09T09:38:33.9678769Z 	at io.kotest.engine.test.TestCaseExecutor$execute$2$1.invoke(TestCaseExecutor.kt)
2022-09-09T09:38:33.9679370Z 	at io.kotest.engine.test.interceptors.InvocationTimeoutInterceptor$intercept$3.invokeSuspend(InvocationTimeoutInterceptor.kt:43)
2022-09-09T09:38:33.9680086Z 	at io.kotest.engine.test.interceptors.InvocationTimeoutInterceptor$intercept$3.invoke(InvocationTimeoutInterceptor.kt)
2022-09-09T09:38:33.9680786Z 	at io.kotest.engine.test.interceptors.InvocationTimeoutInterceptor$intercept$3.invoke(InvocationTimeoutInterceptor.kt)
2022-09-09T09:38:33.9681528Z 	at kotlinx.coroutines.intrinsics.UndispatchedKt.startUndispatchedOrReturnIgnoreTimeout(Undispatched.kt:100)
2022-09-09T09:38:33.9682122Z 	at kotlinx.coroutines.TimeoutKt.setupTimeout(Timeout.kt:146)
2022-09-09T09:38:33.9682549Z 	at kotlinx.coroutines.TimeoutKt.withTimeoutOrNull(Timeout.kt:103)
2022-09-09T09:38:33.9683137Z 	at io.kotest.engine.test.interceptors.InvocationTimeoutInterceptor.intercept(InvocationTimeoutInterceptor.kt:42)
2022-09-09T09:38:33.9683747Z 	at io.kotest.engine.test.TestCaseExecutor$execute$2$1.invokeSuspend(TestCaseExecutor.kt:90)
2022-09-09T09:38:33.9684221Z 	at io.kotest.engine.test.TestCaseExecutor$execute$2$1.invoke(TestCaseExecutor.kt)
2022-09-09T09:38:33.9684726Z 	at io.kotest.engine.test.TestCaseExecutor$execute$2$1.invoke(TestCaseExecutor.kt)
2022-09-09T09:38:33.9685267Z 	at io.kotest.engine.test.TestInvocationInterceptor$intercept$2$3.invokeSuspend(TestInvocationInterceptor.kt:36)
2022-09-09T09:38:33.9685854Z 	at io.kotest.engine.test.TestInvocationInterceptor$intercept$2$3.invoke(TestInvocationInterceptor.kt)
2022-09-09T09:38:33.9686426Z 	at io.kotest.engine.test.TestInvocationInterceptor$intercept$2$3.invoke(TestInvocationInterceptor.kt)
2022-09-09T09:38:33.9686863Z 	at io.kotest.mpp.ReplayKt.replay(replay.kt:18)
2022-09-09T09:38:33.9687339Z 	at io.kotest.engine.test.TestInvocationInterceptor$intercept$2.invokeSuspend(TestInvocationInterceptor.kt:31)
2022-09-09T09:38:33.9687922Z 	at io.kotest.engine.test.TestInvocationInterceptor$intercept$2.invoke(TestInvocationInterceptor.kt)
2022-09-09T09:38:33.9688489Z 	at io.kotest.engine.test.TestInvocationInterceptor$intercept$2.invoke(TestInvocationInterceptor.kt)
2022-09-09T09:38:33.9689097Z 	at kotlinx.coroutines.intrinsics.UndispatchedKt.startUndispatchedOrReturn(Undispatched.kt:89)
2022-09-09T09:38:33.9689683Z 	at kotlinx.coroutines.CoroutineScopeKt.coroutineScope(CoroutineScope.kt:264)
2022-09-09T09:38:33.9690242Z 	at io.kotest.engine.test.TestInvocationInterceptor.intercept(TestInvocationInterceptor.kt:30)
2022-09-09T09:38:33.9690772Z 	at io.kotest.engine.test.TestCaseExecutor$execute$2$1.invokeSuspend(TestCaseExecutor.kt:90)
2022-09-09T09:38:33.9691245Z 	at io.kotest.engine.test.TestCaseExecutor$execute$2$1.invoke(TestCaseExecutor.kt)
2022-09-09T09:38:33.9691699Z 	at io.kotest.engine.test.TestCaseExecutor$execute$2$1.invoke(TestCaseExecutor.kt)
2022-09-09T09:38:33.9692235Z 	at io.kotest.engine.test.interceptors.TimeoutInterceptor.intercept(TimeoutInterceptor.kt:33)
2022-09-09T09:38:33.9692868Z 	at io.kotest.engine.test.TestCaseExecutor$execute$2$1.invokeSuspend(TestCaseExecutor.kt:90)
2022-09-09T09:38:33.9693342Z 	at io.kotest.engine.test.TestCaseExecutor$execute$2$1.invoke(TestCaseExecutor.kt)
2022-09-09T09:38:33.9693798Z 	at io.kotest.engine.test.TestCaseExecutor$execute$2$1.invoke(TestCaseExecutor.kt)
2022-09-09T09:38:33.9694415Z 	at io.kotest.engine.test.interceptors.BlockedThreadTimeoutInterceptor.intercept(BlockedThreadTimeoutInterceptor.kt:74)
2022-09-09T09:38:33.9695125Z 	at io.kotest.engine.test.TestCaseExecutor$execute$2$1.invokeSuspend(TestCaseExecutor.kt:90)
2022-09-09T09:38:33.9695603Z 	at io.kotest.engine.test.TestCaseExecutor$execute$2$1.invoke(TestCaseExecutor.kt)
2022-09-09T09:38:33.9696058Z 	at io.kotest.engine.test.TestCaseExecutor$execute$2$1.invoke(TestCaseExecutor.kt)
2022-09-09T09:38:33.9696655Z 	at io.kotest.engine.test.interceptors.CoroutineLoggingInterceptor.intercept(CoroutineLoggingInterceptor.kt:30)
2022-09-09T09:38:33.9697265Z 	at io.kotest.engine.test.TestCaseExecutor$execute$2$1.invokeSuspend(TestCaseExecutor.kt:90)
2022-09-09T09:38:33.9697716Z 	at io.kotest.engine.test.TestCaseExecutor$execute$2$1.invoke(TestCaseExecutor.kt)
2022-09-09T09:38:33.9698166Z 	at io.kotest.engine.test.TestCaseExecutor$execute$2$1.invoke(TestCaseExecutor.kt)
2022-09-09T09:38:33.9698722Z 	at io.kotest.engine.test.interceptors.SoftAssertInterceptor.intercept(SoftAssertInterceptor.kt:27)
2022-09-09T09:38:33.9699294Z 	at io.kotest.engine.test.TestCaseExecutor$execute$2$1.invokeSuspend(TestCaseExecutor.kt:90)
2022-09-09T09:38:33.9699766Z 	at io.kotest.engine.test.TestCaseExecutor$execute$2$1.invoke(TestCaseExecutor.kt)
2022-09-09T09:38:33.9700217Z 	at io.kotest.engine.test.TestCaseExecutor$execute$2$1.invoke(TestCaseExecutor.kt)
2022-09-09T09:38:33.9700795Z 	at io.kotest.engine.test.interceptors.AssertionModeInterceptor.intercept(AssertionModeInterceptor.kt:25)
2022-09-09T09:38:33.9701367Z 	at io.kotest.engine.test.TestCaseExecutor$execute$2$1.invokeSuspend(TestCaseExecutor.kt:90)
2022-09-09T09:38:33.9701832Z 	at io.kotest.engine.test.TestCaseExecutor$execute$2$1.invoke(TestCaseExecutor.kt)
2022-09-09T09:38:33.9702280Z 	at io.kotest.engine.test.TestCaseExecutor$execute$2$1.invoke(TestCaseExecutor.kt)
2022-09-09T09:38:33.9702885Z 	at io.kotest.engine.test.interceptors.LifecycleInterceptor.intercept(LifecycleInterceptor.kt:51)
2022-09-09T09:38:33.9703454Z 	at io.kotest.engine.test.TestCaseExecutor$execute$2$1.invokeSuspend(TestCaseExecutor.kt:90)
2022-09-09T09:38:33.9703920Z 	at io.kotest.engine.test.TestCaseExecutor$execute$2$1.invoke(TestCaseExecutor.kt)
2022-09-09T09:38:33.9704367Z 	at io.kotest.engine.test.TestCaseExecutor$execute$2$1.invoke(TestCaseExecutor.kt)
2022-09-09T09:38:33.9704920Z 	at io.kotest.engine.test.interceptors.EnabledCheckInterceptor.intercept(EnabledCheckInterceptor.kt:31)
2022-09-09T09:38:33.9705503Z 	at io.kotest.engine.test.TestCaseExecutor$execute$2$1.invokeSuspend(TestCaseExecutor.kt:90)
2022-09-09T09:38:33.9705970Z 	at io.kotest.engine.test.TestCaseExecutor$execute$2$1.invoke(TestCaseExecutor.kt)
2022-09-09T09:38:33.9706417Z 	at io.kotest.engine.test.TestCaseExecutor$execute$2$1.invoke(TestCaseExecutor.kt)
2022-09-09T09:38:33.9707013Z 	at io.kotest.engine.test.interceptors.TestCaseExtensionInterceptor$intercept$2.invokeSuspend(TestCaseExtensionInterceptor.kt:24)
2022-09-09T09:38:33.9707734Z 	at io.kotest.engine.test.interceptors.TestCaseExtensionInterceptor$intercept$2.invoke(TestCaseExtensionInterceptor.kt)
2022-09-09T09:38:33.9708436Z 	at io.kotest.engine.test.interceptors.TestCaseExtensionInterceptor$intercept$2.invoke(TestCaseExtensionInterceptor.kt)
2022-09-09T09:38:33.9708996Z 	at io.kotest.engine.test.TestExtensions.intercept(TestExtensions.kt:154)
2022-09-09T09:38:33.9709604Z 	at io.kotest.engine.test.interceptors.TestCaseExtensionInterceptor.intercept(TestCaseExtensionInterceptor.kt:24)
2022-09-09T09:38:33.9710219Z 	at io.kotest.engine.test.TestCaseExecutor$execute$2$1.invokeSuspend(TestCaseExecutor.kt:90)
2022-09-09T09:38:33.9710686Z 	at io.kotest.engine.test.TestCaseExecutor$execute$2$1.invoke(TestCaseExecutor.kt)
2022-09-09T09:38:33.9711137Z 	at io.kotest.engine.test.TestCaseExecutor$execute$2$1.invoke(TestCaseExecutor.kt)
2022-09-09T09:38:33.9711784Z 	at io.kotest.engine.test.interceptors.CoroutineErrorCollectorInterceptor$intercept$3.invokeSuspend(CoroutineErrorCollectorInterceptor.kt:28)
2022-09-09T09:38:33.9712583Z 	at io.kotest.engine.test.interceptors.CoroutineErrorCollectorInterceptor$intercept$3.invoke(CoroutineErrorCollectorInterceptor.kt)
2022-09-09T09:38:33.9713408Z 	at io.kotest.engine.test.interceptors.CoroutineErrorCollectorInterceptor$intercept$3.invoke(CoroutineErrorCollectorInterceptor.kt)
2022-09-09T09:38:33.9714125Z 	at kotlinx.coroutines.intrinsics.UndispatchedKt.startUndispatchedOrReturn(Undispatched.kt:89)
2022-09-09T09:38:33.9714690Z 	at kotlinx.coroutines.BuildersKt__Builders_commonKt.withContext(Builders.common.kt:169)
2022-09-09T09:38:33.9715131Z 	at kotlinx.coroutines.BuildersKt.withContext(Unknown Source)
2022-09-09T09:38:33.9715763Z 	at io.kotest.engine.test.interceptors.CoroutineErrorCollectorInterceptor.intercept(CoroutineErrorCollectorInterceptor.kt:27)
2022-09-09T09:38:33.9716422Z 	at io.kotest.engine.test.TestCaseExecutor$execute$2$1.invokeSuspend(TestCaseExecutor.kt:90)
2022-09-09T09:38:33.9716898Z 	at io.kotest.engine.test.TestCaseExecutor$execute$2$1.invoke(TestCaseExecutor.kt)
2022-09-09T09:38:33.9717337Z 	at io.kotest.engine.test.TestCaseExecutor$execute$2$1.invoke(TestCaseExecutor.kt)
2022-09-09T09:38:33.9718002Z 	at io.kotest.engine.test.interceptors.CoroutineDispatcherFactoryInterceptor$intercept$4.invokeSuspend(coroutineDispatcherFactoryInterceptor.kt:57)
2022-09-09T09:38:33.9718849Z 	at io.kotest.engine.test.interceptors.CoroutineDispatcherFactoryInterceptor$intercept$4.invoke(coroutineDispatcherFactoryInterceptor.kt)
2022-09-09T09:38:33.9719672Z 	at io.kotest.engine.test.interceptors.CoroutineDispatcherFactoryInterceptor$intercept$4.invoke(coroutineDispatcherFactoryInterceptor.kt)
2022-09-09T09:38:33.9720506Z 	at io.kotest.engine.concurrency.FixedThreadCoroutineDispatcherFactory$withDispatcher$4.invokeSuspend(FixedThreadCoroutineDispatcherFactory.kt:53)
2022-09-09T09:38:33.9721217Z 	at kotlin.coroutines.jvm.internal.BaseContinuationImpl.resumeWith(ContinuationImpl.kt:33)
2022-09-09T09:38:33.9721794Z 	at kotlinx.coroutines.DispatchedTask.run(DispatchedTask.kt:106)
2022-09-09T09:38:33.9722268Z 	at java.util.concurrent.ThreadPoolExecutor.runWorker(ThreadPoolExecutor.java:1149)
2022-09-09T09:38:33.9722779Z 	at java.util.concurrent.ThreadPoolExecutor$Worker.run(ThreadPoolExecutor.java:624)
2022-09-09T09:38:33.9723169Z 	at java.lang.Thread.run(Thread.java:750)
2022-09-09T09:38:33.9723348Z 
2022-09-09T09:38:34.0537079Z [INFO] 
2022-09-09T09:38:34.0537674Z [INFO] Results:
2022-09-09T09:38:34.0537955Z [INFO] 
2022-09-09T09:38:34.0538242Z [ERROR] Failures: 
2022-09-09T09:38:34.0538644Z [ERROR] com.alibaba.ttl3.kotlin.TtlExtensionsTests.null
2022-09-09T09:38:34.0539037Z [INFO]   Run 1: PASS
2022-09-09T09:38:34.0540121Z [INFO]   Run 2: PASS
2022-09-09T09:38:34.0540438Z [INFO]   Run 3: PASS
2022-09-09T09:38:34.0540724Z [INFO]   Run 4: PASS
2022-09-09T09:38:34.0541009Z [INFO]   Run 5: PASS
2022-09-09T09:38:34.0541291Z [INFO]   Run 6: PASS
2022-09-09T09:38:34.0542036Z [ERROR]   Run 7: TtlExtensionsTests java.util.concurrent.ThreadPoolExecutor@643b5e4e[Running, pool size = 0, active threads = 0, queued tasks = 0, completed tasks = 0] should be the same reference as java.util.concurrent.ThreadPoolExecutor@d0358f1[Running, pool size = 0, active threads = 0, queued tasks = 0, completed tasks = 0]
2022-09-09T09:38:34.0543156Z [INFO] 
2022-09-09T09:38:34.0543411Z [INFO] 
2022-09-09T09:38:34.0543743Z [ERROR] Tests run: 1, Failures: 1, Errors: 0, Skipped: 0
2022-09-09T09:38:34.0544070Z [INFO] 
2022-09-09T09:38:34.0552225Z [INFO] ------------------------------------------------------------------------
2022-09-09T09:38:34.0552715Z [INFO] Reactor Summary:
2022-09-09T09:38:34.0553003Z [INFO] 
2022-09-09T09:38:34.0554689Z [INFO] ttl3-parent 3.x-SNAPSHOT ........................... SUCCESS [  0.772 s]
2022-09-09T09:38:34.0555262Z [INFO] TransmittableThreadLocal(TTL) 3.x-SNAPSHOT ......... SUCCESS [ 22.521 s]
2022-09-09T09:38:34.0588418Z [INFO] TransmittableThreadLocal(TTL) kotlin support 3.x-SNAPSHOT FAILURE [  5.225 s]
2022-09-09T09:38:34.0589117Z [INFO] TransmittableThreadLocal(TTL) Agent 3.x-SNAPSHOT ... SKIPPED
2022-09-09T09:38:34.0589954Z [INFO] TransmittableThreadLocal(TTL) v2 compatible 3.x-SNAPSHOT SKIPPED
2022-09-09T09:38:34.0590497Z [INFO] vertx4-ttl-integration 0.1.0-SNAPSHOT .............. SKIPPED
2022-09-09T09:38:34.0591004Z [INFO] vertx3-ttl-integration 0.1.0-SNAPSHOT .............. SKIPPED
2022-09-09T09:38:34.0591568Z [INFO] sample-ttl-agent-extension-transformlet 1.0.0-SNAPSHOT SKIPPED
2022-09-09T09:38:34.0592139Z [INFO] ------------------------------------------------------------------------
2022-09-09T09:38:34.0592540Z [INFO] BUILD FAILURE
2022-09-09T09:38:34.0593021Z [INFO] ------------------------------------------------------------------------
2022-09-09T09:38:34.0593408Z [INFO] Total time:  28.764 s
2022-09-09T09:38:34.0593804Z [INFO] Finished at: 2022-09-09T09:38:34Z
2022-09-09T09:38:34.0594289Z [INFO] ------------------------------------------------------------------------
2022-09-09T09:38:34.0600335Z [ERROR] Failed to execute goal org.apache.maven.plugins:maven-surefire-plugin:3.0.0-M7:test (default-test) on project ttl-kotlin: There are test failures.
2022-09-09T09:38:34.0600865Z [ERROR] 
2022-09-09T09:38:34.0601563Z [ERROR] Please refer to /home/runner/work/transmittable-thread-local/transmittable-thread-local/ttl-kotlin/target/surefire-reports for the individual test results.
2022-09-09T09:38:34.0602329Z [ERROR] Please refer to dump files (if any exist) [date].dump, [date]-jvmRun[N].dump and [date].dumpstream.
2022-09-09T09:38:34.0602794Z [ERROR] -> [Help 1]
2022-09-09T09:38:34.0603077Z [ERROR] 
2022-09-09T09:38:34.0603544Z [ERROR] To see the full stack trace of the errors, re-run Maven with the -e switch.
2022-09-09T09:38:34.0604078Z [ERROR] Re-run Maven using the -X switch to enable full debug logging.
2022-09-09T09:38:34.0604411Z [ERROR] 
2022-09-09T09:38:34.0604815Z [ERROR] For more information about the errors and possible solutions, please read the following articles:
2022-09-09T09:38:34.0605488Z [ERROR] [Help 1] http://cwiki.apache.org/confluence/display/MAVEN/MojoFailureException
2022-09-09T09:38:34.0605890Z [ERROR] 
2022-09-09T09:38:34.0606275Z [ERROR] After correcting the problems, you can resume the build with the command
2022-09-09T09:38:34.0606740Z [ERROR]   mvn <args> -rf :ttl-kotlin
2022-09-09T09:38:34.1049260Z ##[error]Process completed with exit code 1.
2022-09-09T09:38:34.1119730Z Post job cleanup.
2022-09-09T09:38:34.2896810Z Post job cleanup.
2022-09-09T09:38:34.4154108Z [command]/usr/bin/git version
2022-09-09T09:38:34.4215849Z git version 2.37.3
2022-09-09T09:38:34.4265578Z Temporarily overriding HOME='/home/runner/work/_temp/7071a396-f7b5-4511-8e7e-68d9177696f2' before making global git config changes
2022-09-09T09:38:34.4269035Z Adding repository directory to the temporary git global config as a safe directory
2022-09-09T09:38:34.4276698Z [command]/usr/bin/git config --global --add safe.directory /home/runner/work/transmittable-thread-local/transmittable-thread-local
2022-09-09T09:38:34.4371867Z [command]/usr/bin/git config --local --name-only --get-regexp core\.sshCommand
2022-09-09T09:38:34.4414106Z [command]/usr/bin/git submodule foreach --recursive git config --local --name-only --get-regexp 'core\.sshCommand' && git config --local --unset-all 'core.sshCommand' || :
2022-09-09T09:38:34.4679902Z [command]/usr/bin/git config --local --name-only --get-regexp http\.https\:\/\/github\.com\/\.extraheader
2022-09-09T09:38:34.4763627Z http.https://github.com/.extraheader
2022-09-09T09:38:34.4784579Z [command]/usr/bin/git config --local --unset-all http.https://github.com/.extraheader
2022-09-09T09:38:34.4827594Z [command]/usr/bin/git submodule foreach --recursive git config --local --name-only --get-regexp 'http\.https\:\/\/github\.com\/\.extraheader' && git config --local --unset-all 'http.https://github.com/.extraheader' || :
2022-09-09T09:38:34.5314840Z Cleaning up orphan processes
