2022-09-09T09:57:39.9825401Z Requested labels: ubuntu-latest
2022-09-09T09:57:39.9825444Z Job defined at: alibaba/transmittable-thread-local/.github/workflows/ci.yaml@refs/heads/wip-v3
2022-09-09T09:57:39.9825467Z Waiting for a runner to pick up this job...
2022-09-09T09:57:45.3342173Z Job is waiting for a hosted runner to come online.
2022-09-09T09:57:46.0029077Z Job is about to start running on the hosted runner: GitHub Actions 13 (hosted)
2022-09-09T09:57:48.3521720Z Current runner version: '2.296.1'
2022-09-09T09:57:48.3547792Z ##[group]Operating System
2022-09-09T09:57:48.3548413Z Ubuntu
2022-09-09T09:57:48.3548713Z 20.04.5
2022-09-09T09:57:48.3548942Z LTS
2022-09-09T09:57:48.3549250Z ##[endgroup]
2022-09-09T09:57:48.3549583Z ##[group]Runner Image
2022-09-09T09:57:48.3549909Z Image: ubuntu-20.04
2022-09-09T09:57:48.3550223Z Version: 20220905.1
2022-09-09T09:57:48.3550720Z Included Software: https://github.com/actions/runner-images/blob/ubuntu20/20220905.1/images/linux/Ubuntu2004-Readme.md
2022-09-09T09:57:48.3551309Z Image Release: https://github.com/actions/runner-images/releases/tag/ubuntu20%2F20220905.1
2022-09-09T09:57:48.3551741Z ##[endgroup]
2022-09-09T09:57:48.3552101Z ##[group]Runner Image Provisioner
2022-09-09T09:57:48.3552405Z 1.0.0.0-main-20220825-1
2022-09-09T09:57:48.3552726Z ##[endgroup]
2022-09-09T09:57:48.3553673Z ##[group]GITHUB_TOKEN Permissions
2022-09-09T09:57:48.3554272Z Actions: write
2022-09-09T09:57:48.3554739Z Checks: write
2022-09-09T09:57:48.3555060Z Contents: write
2022-09-09T09:57:48.3555414Z Deployments: write
2022-09-09T09:57:48.3555694Z Discussions: write
2022-09-09T09:57:48.3556017Z Issues: write
2022-09-09T09:57:48.3556320Z Metadata: read
2022-09-09T09:57:48.3556582Z Packages: write
2022-09-09T09:57:48.3556931Z Pages: write
2022-09-09T09:57:48.3557245Z PullRequests: write
2022-09-09T09:57:48.3557555Z RepositoryProjects: write
2022-09-09T09:57:48.3557913Z SecurityEvents: write
2022-09-09T09:57:48.3558238Z Statuses: write
2022-09-09T09:57:48.3558526Z ##[endgroup]
2022-09-09T09:57:48.3562072Z Secret source: Actions
2022-09-09T09:57:48.3562562Z Prepare workflow directory
2022-09-09T09:57:48.4442254Z Prepare all required actions
2022-09-09T09:57:48.4634274Z Getting action download info
2022-09-09T09:57:48.6900597Z Download action repository 'actions/checkout@v2' (SHA:7884fcad6b5d53d10323aee724dc68d8b9096a2e)
2022-09-09T09:57:49.4196054Z Download action repository 'actions/setup-java@v3' (SHA:d854b6da19cdadd9a010605529e522c2393ebd38)
2022-09-09T09:57:50.3511326Z ##[group]Run actions/checkout@v2
2022-09-09T09:57:50.3511674Z with:
2022-09-09T09:57:50.3511996Z   repository: alibaba/transmittable-thread-local
2022-09-09T09:57:50.3512605Z   token: ***
2022-09-09T09:57:50.3512853Z   ssh-strict: true
2022-09-09T09:57:50.3513144Z   persist-credentials: true
2022-09-09T09:57:50.3513412Z   clean: true
2022-09-09T09:57:50.3513660Z   fetch-depth: 1
2022-09-09T09:57:50.3513903Z   lfs: false
2022-09-09T09:57:50.3514131Z   submodules: false
2022-09-09T09:57:50.3514412Z   set-safe-directory: true
2022-09-09T09:57:50.3514859Z ##[endgroup]
2022-09-09T09:57:50.6914358Z Syncing repository: alibaba/transmittable-thread-local
2022-09-09T09:57:50.6916604Z ##[group]Getting Git version info
2022-09-09T09:57:50.6917497Z Working directory is '/home/runner/work/transmittable-thread-local/transmittable-thread-local'
2022-09-09T09:57:50.6918433Z [command]/usr/bin/git version
2022-09-09T09:57:50.7059617Z git version 2.37.3
2022-09-09T09:57:50.7063168Z ##[endgroup]
2022-09-09T09:57:50.7084845Z Temporarily overriding HOME='/home/runner/work/_temp/42b45cdd-c205-4e40-b194-a054865275c8' before making global git config changes
2022-09-09T09:57:50.7085617Z Adding repository directory to the temporary git global config as a safe directory
2022-09-09T09:57:50.7086595Z [command]/usr/bin/git config --global --add safe.directory /home/runner/work/transmittable-thread-local/transmittable-thread-local
2022-09-09T09:57:50.7134510Z Deleting the contents of '/home/runner/work/transmittable-thread-local/transmittable-thread-local'
2022-09-09T09:57:50.7139281Z ##[group]Initializing the repository
2022-09-09T09:57:50.7144009Z [command]/usr/bin/git init /home/runner/work/transmittable-thread-local/transmittable-thread-local
2022-09-09T09:57:50.7224820Z hint: Using 'master' as the name for the initial branch. This default branch name
2022-09-09T09:57:50.7225663Z hint: is subject to change. To configure the initial branch name to use in all
2022-09-09T09:57:50.7226562Z hint: of your new repositories, which will suppress this warning, call:
2022-09-09T09:57:50.7227612Z hint: 
2022-09-09T09:57:50.7228390Z hint: 	git config --global init.defaultBranch <name>
2022-09-09T09:57:50.7228881Z hint: 
2022-09-09T09:57:50.7229536Z hint: Names commonly chosen instead of 'master' are 'main', 'trunk' and
2022-09-09T09:57:50.7230508Z hint: 'development'. The just-created branch can be renamed via this command:
2022-09-09T09:57:50.7231054Z hint: 
2022-09-09T09:57:50.7231539Z hint: 	git branch -m <name>
2022-09-09T09:57:50.7239183Z Initialized empty Git repository in /home/runner/work/transmittable-thread-local/transmittable-thread-local/.git/
2022-09-09T09:57:50.7295299Z [command]/usr/bin/git remote add origin https://github.com/alibaba/transmittable-thread-local
2022-09-09T09:57:50.7344314Z ##[endgroup]
2022-09-09T09:57:50.7345417Z ##[group]Disabling automatic garbage collection
2022-09-09T09:57:50.7349098Z [command]/usr/bin/git config --local gc.auto 0
2022-09-09T09:57:50.7384123Z ##[endgroup]
2022-09-09T09:57:50.7385200Z ##[group]Setting up auth
2022-09-09T09:57:50.7392255Z [command]/usr/bin/git config --local --name-only --get-regexp core\.sshCommand
2022-09-09T09:57:50.7428198Z [command]/usr/bin/git submodule foreach --recursive git config --local --name-only --get-regexp 'core\.sshCommand' && git config --local --unset-all 'core.sshCommand' || :
2022-09-09T09:57:50.7858683Z [command]/usr/bin/git config --local --name-only --get-regexp http\.https\:\/\/github\.com\/\.extraheader
2022-09-09T09:57:50.7894081Z [command]/usr/bin/git submodule foreach --recursive git config --local --name-only --get-regexp 'http\.https\:\/\/github\.com\/\.extraheader' && git config --local --unset-all 'http.https://github.com/.extraheader' || :
2022-09-09T09:57:50.8141417Z [command]/usr/bin/git config --local http.https://github.com/.extraheader AUTHORIZATION: basic ***
2022-09-09T09:57:50.8182013Z ##[endgroup]
2022-09-09T09:57:50.8182734Z ##[group]Fetching the repository
2022-09-09T09:57:50.8195718Z [command]/usr/bin/git -c protocol.version=2 fetch --no-tags --prune --progress --no-recurse-submodules --depth=1 origin +cf6f0594a2382cb50cedc706411d52fd37346389:refs/remotes/origin/wip-v3
2022-09-09T09:57:51.2441179Z remote: Enumerating objects: 469, done.        
2022-09-09T09:57:51.2445205Z remote: Counting objects:   0% (1/469)        
2022-09-09T09:57:51.2446251Z remote: Counting objects:   1% (5/469)        
2022-09-09T09:57:51.2446771Z remote: Counting objects:   2% (10/469)        
2022-09-09T09:57:51.2447495Z remote: Counting objects:   3% (15/469)        
2022-09-09T09:57:51.2447996Z remote: Counting objects:   4% (19/469)        
2022-09-09T09:57:51.2448716Z remote: Counting objects:   5% (24/469)        
2022-09-09T09:57:51.2449215Z remote: Counting objects:   6% (29/469)        
2022-09-09T09:57:51.2449974Z remote: Counting objects:   7% (33/469)        
2022-09-09T09:57:51.2450466Z remote: Counting objects:   8% (38/469)        
2022-09-09T09:57:51.2451179Z remote: Counting objects:   9% (43/469)        
2022-09-09T09:57:51.2451693Z remote: Counting objects:  10% (47/469)        
2022-09-09T09:57:51.2452448Z remote: Counting objects:  11% (52/469)        
2022-09-09T09:57:51.2453158Z remote: Counting objects:  12% (57/469)        
2022-09-09T09:57:51.2453889Z remote: Counting objects:  13% (61/469)        
2022-09-09T09:57:51.2454361Z remote: Counting objects:  14% (66/469)        
2022-09-09T09:57:51.2455093Z remote: Counting objects:  15% (71/469)        
2022-09-09T09:57:51.2455583Z remote: Counting objects:  16% (76/469)        
2022-09-09T09:57:51.2456499Z remote: Counting objects:  17% (80/469)        
2022-09-09T09:57:51.2457290Z remote: Counting objects:  18% (85/469)        
2022-09-09T09:57:51.2458112Z remote: Counting objects:  19% (90/469)        
2022-09-09T09:57:51.2458641Z remote: Counting objects:  20% (94/469)        
2022-09-09T09:57:51.2459413Z remote: Counting objects:  21% (99/469)        
2022-09-09T09:57:51.2459929Z remote: Counting objects:  22% (104/469)        
2022-09-09T09:57:51.2460709Z remote: Counting objects:  23% (108/469)        
2022-09-09T09:57:51.2461504Z remote: Counting objects:  24% (113/469)        
2022-09-09T09:57:51.2462306Z remote: Counting objects:  25% (118/469)        
2022-09-09T09:57:51.2462841Z remote: Counting objects:  26% (122/469)        
2022-09-09T09:57:51.2463688Z remote: Counting objects:  27% (127/469)        
2022-09-09T09:57:51.2464581Z remote: Counting objects:  28% (132/469)        
2022-09-09T09:57:51.2465299Z remote: Counting objects:  29% (137/469)        
2022-09-09T09:57:51.2465799Z remote: Counting objects:  30% (141/469)        
2022-09-09T09:57:51.2466734Z remote: Counting objects:  31% (146/469)        
2022-09-09T09:57:51.2467258Z remote: Counting objects:  32% (151/469)        
2022-09-09T09:57:51.2468013Z remote: Counting objects:  33% (155/469)        
2022-09-09T09:57:51.2468538Z remote: Counting objects:  34% (160/469)        
2022-09-09T09:57:51.2469401Z remote: Counting objects:  35% (165/469)        
2022-09-09T09:57:51.2469892Z remote: Counting objects:  36% (169/469)        
2022-09-09T09:57:51.2470603Z remote: Counting objects:  37% (174/469)        
2022-09-09T09:57:51.2471086Z remote: Counting objects:  38% (179/469)        
2022-09-09T09:57:51.2471824Z remote: Counting objects:  39% (183/469)        
2022-09-09T09:57:51.2472316Z remote: Counting objects:  40% (188/469)        
2022-09-09T09:57:51.2473053Z remote: Counting objects:  41% (193/469)        
2022-09-09T09:57:51.2473580Z remote: Counting objects:  42% (197/469)        
2022-09-09T09:57:51.2474749Z remote: Counting objects:  43% (202/469)        
2022-09-09T09:57:51.2475057Z remote: Counting objects:  44% (207/469)        
2022-09-09T09:57:51.2475753Z remote: Counting objects:  45% (212/469)        
2022-09-09T09:57:51.2477057Z remote: Counting objects:  46% (216/469)        
2022-09-09T09:57:51.2477508Z remote: Counting objects:  47% (221/469)        
2022-09-09T09:57:51.2478113Z remote: Counting objects:  48% (226/469)        
2022-09-09T09:57:51.2478966Z remote: Counting objects:  49% (230/469)        
2022-09-09T09:57:51.2479352Z remote: Counting objects:  50% (235/469)        
2022-09-09T09:57:51.2480030Z remote: Counting objects:  51% (240/469)        
2022-09-09T09:57:51.2480788Z remote: Counting objects:  52% (244/469)        
2022-09-09T09:57:51.2481378Z remote: Counting objects:  53% (249/469)        
2022-09-09T09:57:51.2482016Z remote: Counting objects:  54% (254/469)        
2022-09-09T09:57:51.2482713Z remote: Counting objects:  55% (258/469)        
2022-09-09T09:57:51.2483444Z remote: Counting objects:  56% (263/469)        
2022-09-09T09:57:51.2484028Z remote: Counting objects:  57% (268/469)        
2022-09-09T09:57:51.2484778Z remote: Counting objects:  58% (273/469)        
2022-09-09T09:57:51.2485538Z remote: Counting objects:  59% (277/469)        
2022-09-09T09:57:51.2486336Z remote: Counting objects:  60% (282/469)        
2022-09-09T09:57:51.2487130Z remote: Counting objects:  61% (287/469)        
2022-09-09T09:57:51.2487939Z remote: Counting objects:  62% (291/469)        
2022-09-09T09:57:51.2488652Z remote: Counting objects:  63% (296/469)        
2022-09-09T09:57:51.2489482Z remote: Counting objects:  64% (301/469)        
2022-09-09T09:57:51.2490027Z remote: Counting objects:  65% (305/469)        
2022-09-09T09:57:51.2490886Z remote: Counting objects:  66% (310/469)        
2022-09-09T09:57:51.2491545Z remote: Counting objects:  67% (315/469)        
2022-09-09T09:57:51.2492403Z remote: Counting objects:  68% (319/469)        
2022-09-09T09:57:51.2493057Z remote: Counting objects:  69% (324/469)        
2022-09-09T09:57:51.2493842Z remote: Counting objects:  70% (329/469)        
2022-09-09T09:57:51.2494480Z remote: Counting objects:  71% (333/469)        
2022-09-09T09:57:51.2495260Z remote: Counting objects:  72% (338/469)        
2022-09-09T09:57:51.2495974Z remote: Counting objects:  73% (343/469)        
2022-09-09T09:57:51.2496815Z remote: Counting objects:  74% (348/469)        
2022-09-09T09:57:51.2497815Z remote: Counting objects:  75% (352/469)        
2022-09-09T09:57:51.2498427Z remote: Counting objects:  76% (357/469)        
2022-09-09T09:57:51.2499080Z remote: Counting objects:  77% (362/469)        
2022-09-09T09:57:51.2499863Z remote: Counting objects:  78% (366/469)        
2022-09-09T09:57:51.2500932Z remote: Counting objects:  79% (371/469)        
2022-09-09T09:57:51.2501651Z remote: Counting objects:  80% (376/469)        
2022-09-09T09:57:51.2502498Z remote: Counting objects:  81% (380/469)        
2022-09-09T09:57:51.2503312Z remote: Counting objects:  82% (385/469)        
2022-09-09T09:57:51.2504153Z remote: Counting objects:  83% (390/469)        
2022-09-09T09:57:51.2504917Z remote: Counting objects:  84% (394/469)        
2022-09-09T09:57:51.2505622Z remote: Counting objects:  85% (399/469)        
2022-09-09T09:57:51.2506385Z remote: Counting objects:  86% (404/469)        
2022-09-09T09:57:51.2507235Z remote: Counting objects:  87% (409/469)        
2022-09-09T09:57:51.2507954Z remote: Counting objects:  88% (413/469)        
2022-09-09T09:57:51.2508749Z remote: Counting objects:  89% (418/469)        
2022-09-09T09:57:51.2509665Z remote: Counting objects:  90% (423/469)        
2022-09-09T09:57:51.2510378Z remote: Counting objects:  91% (427/469)        
2022-09-09T09:57:51.2511077Z remote: Counting objects:  92% (432/469)        
2022-09-09T09:57:51.2511898Z remote: Counting objects:  93% (437/469)        
2022-09-09T09:57:51.2512757Z remote: Counting objects:  94% (441/469)        
2022-09-09T09:57:51.2513643Z remote: Counting objects:  95% (446/469)        
2022-09-09T09:57:51.2514575Z remote: Counting objects:  96% (451/469)        
2022-09-09T09:57:51.2515429Z remote: Counting objects:  97% (455/469)        
2022-09-09T09:57:51.2516330Z remote: Counting objects:  98% (460/469)        
2022-09-09T09:57:51.2517234Z remote: Counting objects:  99% (465/469)        
2022-09-09T09:57:51.2518184Z remote: Counting objects: 100% (469/469)        
2022-09-09T09:57:51.2519039Z remote: Counting objects: 100% (469/469), done.        
2022-09-09T09:57:51.2520169Z remote: Compressing objects:   0% (1/331)        
2022-09-09T09:57:51.2520662Z remote: Compressing objects:   1% (4/331)        
2022-09-09T09:57:51.2521568Z remote: Compressing objects:   2% (7/331)        
2022-09-09T09:57:51.2522444Z remote: Compressing objects:   3% (10/331)        
2022-09-09T09:57:51.2578648Z remote: Compressing objects:   4% (14/331)        
2022-09-09T09:57:51.2580274Z remote: Compressing objects:   5% (17/331)        
2022-09-09T09:57:51.2581017Z remote: Compressing objects:   6% (20/331)        
2022-09-09T09:57:51.2581334Z remote: Compressing objects:   7% (24/331)        
2022-09-09T09:57:51.2581644Z remote: Compressing objects:   8% (27/331)        
2022-09-09T09:57:51.2581948Z remote: Compressing objects:   9% (30/331)        
2022-09-09T09:57:51.2582871Z remote: Compressing objects:  10% (34/331)        
2022-09-09T09:57:51.2583654Z remote: Compressing objects:  11% (37/331)        
2022-09-09T09:57:51.2584078Z remote: Compressing objects:  12% (40/331)        
2022-09-09T09:57:51.2584383Z remote: Compressing objects:  13% (44/331)        
2022-09-09T09:57:51.2584682Z remote: Compressing objects:  14% (47/331)        
2022-09-09T09:57:51.2585431Z remote: Compressing objects:  15% (50/331)        
2022-09-09T09:57:51.2586154Z remote: Compressing objects:  16% (53/331)        
2022-09-09T09:57:51.2586446Z remote: Compressing objects:  17% (57/331)        
2022-09-09T09:57:51.2586749Z remote: Compressing objects:  18% (60/331)        
2022-09-09T09:57:51.2587049Z remote: Compressing objects:  19% (63/331)        
2022-09-09T09:57:51.2587749Z remote: Compressing objects:  20% (67/331)        
2022-09-09T09:57:51.2588466Z remote: Compressing objects:  21% (70/331)        
2022-09-09T09:57:51.2588768Z remote: Compressing objects:  22% (73/331)        
2022-09-09T09:57:51.2589172Z remote: Compressing objects:  23% (77/331)        
2022-09-09T09:57:51.2589420Z remote: Compressing objects:  24% (80/331)        
2022-09-09T09:57:51.2589815Z remote: Compressing objects:  25% (83/331)        
2022-09-09T09:57:51.2591097Z remote: Compressing objects:  26% (87/331)        
2022-09-09T09:57:51.2591516Z remote: Compressing objects:  27% (90/331)        
2022-09-09T09:57:51.2592589Z remote: Compressing objects:  28% (93/331)        
2022-09-09T09:57:51.2717089Z remote: Compressing objects:  29% (96/331)        
2022-09-09T09:57:51.2717978Z remote: Compressing objects:  30% (100/331)        
2022-09-09T09:57:51.2718309Z remote: Compressing objects:  31% (103/331)        
2022-09-09T09:57:51.2719140Z remote: Compressing objects:  32% (106/331)        
2022-09-09T09:57:51.2719937Z remote: Compressing objects:  33% (110/331)        
2022-09-09T09:57:51.2720252Z remote: Compressing objects:  34% (113/331)        
2022-09-09T09:57:51.2720582Z remote: Compressing objects:  35% (116/331)        
2022-09-09T09:57:51.2721827Z remote: Compressing objects:  36% (120/331)        
2022-09-09T09:57:51.2722168Z remote: Compressing objects:  37% (123/331)        
2022-09-09T09:57:51.2722489Z remote: Compressing objects:  38% (126/331)        
2022-09-09T09:57:51.2722819Z remote: Compressing objects:  39% (130/331)        
2022-09-09T09:57:51.2723608Z remote: Compressing objects:  40% (133/331)        
2022-09-09T09:57:51.2724368Z remote: Compressing objects:  41% (136/331)        
2022-09-09T09:57:51.2724708Z remote: Compressing objects:  42% (140/331)        
2022-09-09T09:57:51.2725034Z remote: Compressing objects:  43% (143/331)        
2022-09-09T09:57:51.2725360Z remote: Compressing objects:  44% (146/331)        
2022-09-09T09:57:51.2726119Z remote: Compressing objects:  45% (149/331)        
2022-09-09T09:57:51.2726926Z remote: Compressing objects:  46% (153/331)        
2022-09-09T09:57:51.2727263Z remote: Compressing objects:  47% (156/331)        
2022-09-09T09:57:51.2727668Z remote: Compressing objects:  48% (159/331)        
2022-09-09T09:57:51.2727969Z remote: Compressing objects:  49% (163/331)        
2022-09-09T09:57:51.2728410Z remote: Compressing objects:  50% (166/331)        
2022-09-09T09:57:51.2729847Z remote: Compressing objects:  51% (169/331)        
2022-09-09T09:57:51.2730331Z remote: Compressing objects:  52% (173/331)        
2022-09-09T09:57:51.2759479Z remote: Compressing objects:  53% (176/331)        
2022-09-09T09:57:51.2759872Z remote: Compressing objects:  54% (179/331)        
2022-09-09T09:57:51.2760198Z remote: Compressing objects:  55% (183/331)        
2022-09-09T09:57:51.2761532Z remote: Compressing objects:  56% (186/331)        
2022-09-09T09:57:51.2761855Z remote: Compressing objects:  57% (189/331)        
2022-09-09T09:57:51.2762162Z remote: Compressing objects:  58% (192/331)        
2022-09-09T09:57:51.2762448Z remote: Compressing objects:  59% (196/331)        
2022-09-09T09:57:51.2763187Z remote: Compressing objects:  60% (199/331)        
2022-09-09T09:57:51.2763498Z remote: Compressing objects:  61% (202/331)        
2022-09-09T09:57:51.2763788Z remote: Compressing objects:  62% (206/331)        
2022-09-09T09:57:51.2764104Z remote: Compressing objects:  63% (209/331)        
2022-09-09T09:57:51.2764412Z remote: Compressing objects:  64% (212/331)        
2022-09-09T09:57:51.2764696Z remote: Compressing objects:  65% (216/331)        
2022-09-09T09:57:51.2771592Z remote: Compressing objects:  66% (219/331)        
2022-09-09T09:57:51.2772768Z remote: Compressing objects:  67% (222/331)        
2022-09-09T09:57:51.2784442Z remote: Compressing objects:  68% (226/331)        
2022-09-09T09:57:51.2801150Z remote: Compressing objects:  69% (229/331)        
2022-09-09T09:57:51.2801572Z remote: Compressing objects:  70% (232/331)        
2022-09-09T09:57:51.2801857Z remote: Compressing objects:  71% (236/331)        
2022-09-09T09:57:51.2802143Z remote: Compressing objects:  72% (239/331)        
2022-09-09T09:57:51.2802405Z remote: Compressing objects:  73% (242/331)        
2022-09-09T09:57:51.2802688Z remote: Compressing objects:  74% (245/331)        
2022-09-09T09:57:51.2802967Z remote: Compressing objects:  75% (249/331)        
2022-09-09T09:57:51.2803236Z remote: Compressing objects:  76% (252/331)        
2022-09-09T09:57:51.2803870Z remote: Compressing objects:  77% (255/331)        
2022-09-09T09:57:51.2804175Z remote: Compressing objects:  78% (259/331)        
2022-09-09T09:57:51.2804464Z remote: Compressing objects:  79% (262/331)        
2022-09-09T09:57:51.2804765Z remote: Compressing objects:  80% (265/331)        
2022-09-09T09:57:51.2805069Z remote: Compressing objects:  81% (269/331)        
2022-09-09T09:57:51.2805376Z remote: Compressing objects:  82% (272/331)        
2022-09-09T09:57:51.2805664Z remote: Compressing objects:  83% (275/331)        
2022-09-09T09:57:51.2805967Z remote: Compressing objects:  84% (279/331)        
2022-09-09T09:57:51.2806269Z remote: Compressing objects:  85% (282/331)        
2022-09-09T09:57:51.2806552Z remote: Compressing objects:  86% (285/331)        
2022-09-09T09:57:51.2877800Z remote: Compressing objects:  87% (288/331)        
2022-09-09T09:57:51.2878102Z remote: Compressing objects:  88% (292/331)        
2022-09-09T09:57:51.2878370Z remote: Compressing objects:  89% (295/331)        
2022-09-09T09:57:51.2878641Z remote: Compressing objects:  90% (298/331)        
2022-09-09T09:57:51.2878930Z remote: Compressing objects:  91% (302/331)        
2022-09-09T09:57:51.2879196Z remote: Compressing objects:  92% (305/331)        
2022-09-09T09:57:51.2879663Z remote: Compressing objects:  93% (308/331)        
2022-09-09T09:57:51.2879948Z remote: Compressing objects:  94% (312/331)        
2022-09-09T09:57:51.2880245Z remote: Compressing objects:  95% (315/331)        
2022-09-09T09:57:51.2880544Z remote: Compressing objects:  96% (318/331)        
2022-09-09T09:57:51.2880847Z remote: Compressing objects:  97% (322/331)        
2022-09-09T09:57:51.2881132Z remote: Compressing objects:  98% (325/331)        
2022-09-09T09:57:51.2881434Z remote: Compressing objects:  99% (328/331)        
2022-09-09T09:57:51.2881730Z remote: Compressing objects: 100% (331/331)        
2022-09-09T09:57:51.2882174Z remote: Compressing objects: 100% (331/331), done.        
2022-09-09T09:57:51.2922182Z Receiving objects:   0% (1/469)
2022-09-09T09:57:51.2922510Z Receiving objects:   1% (5/469)
2022-09-09T09:57:51.3324625Z Receiving objects:   2% (10/469)
2022-09-09T09:57:51.3646757Z Receiving objects:   3% (15/469)
2022-09-09T09:57:51.3759564Z Receiving objects:   4% (19/469)
2022-09-09T09:57:51.4032086Z Receiving objects:   5% (24/469)
2022-09-09T09:57:51.4195814Z Receiving objects:   6% (29/469)
2022-09-09T09:57:51.4220161Z Receiving objects:   7% (33/469)
2022-09-09T09:57:51.4223041Z Receiving objects:   8% (38/469)
2022-09-09T09:57:51.4224847Z Receiving objects:   9% (43/469)
2022-09-09T09:57:51.4227862Z Receiving objects:  10% (47/469)
2022-09-09T09:57:51.4230950Z Receiving objects:  11% (52/469)
2022-09-09T09:57:51.4234988Z Receiving objects:  12% (57/469)
2022-09-09T09:57:51.4240636Z Receiving objects:  13% (61/469)
2022-09-09T09:57:51.4247307Z Receiving objects:  14% (66/469)
2022-09-09T09:57:51.4251292Z Receiving objects:  15% (71/469)
2022-09-09T09:57:51.4253730Z Receiving objects:  16% (76/469)
2022-09-09T09:57:51.4258384Z Receiving objects:  17% (80/469)
2022-09-09T09:57:51.4261534Z Receiving objects:  18% (85/469)
2022-09-09T09:57:51.4265320Z Receiving objects:  19% (90/469)
2022-09-09T09:57:51.4267273Z Receiving objects:  20% (94/469)
2022-09-09T09:57:51.4270926Z Receiving objects:  21% (99/469)
2022-09-09T09:57:51.4273006Z Receiving objects:  22% (104/469)
2022-09-09T09:57:51.4276050Z Receiving objects:  23% (108/469)
2022-09-09T09:57:51.4286266Z Receiving objects:  24% (113/469)
2022-09-09T09:57:51.4287613Z Receiving objects:  25% (118/469)
2022-09-09T09:57:51.4331769Z Receiving objects:  26% (122/469)
2022-09-09T09:57:51.4334639Z Receiving objects:  27% (127/469)
2022-09-09T09:57:51.4337554Z Receiving objects:  28% (132/469)
2022-09-09T09:57:51.4340331Z Receiving objects:  29% (137/469)
2022-09-09T09:57:51.4343124Z Receiving objects:  30% (141/469)
2022-09-09T09:57:51.4345901Z Receiving objects:  31% (146/469)
2022-09-09T09:57:51.4348339Z Receiving objects:  32% (151/469)
2022-09-09T09:57:51.4351030Z Receiving objects:  33% (155/469)
2022-09-09T09:57:51.4353265Z Receiving objects:  34% (160/469)
2022-09-09T09:57:51.4355800Z Receiving objects:  35% (165/469)
2022-09-09T09:57:51.4358319Z Receiving objects:  36% (169/469)
2022-09-09T09:57:51.4360837Z Receiving objects:  37% (174/469)
2022-09-09T09:57:51.4363369Z Receiving objects:  38% (179/469)
2022-09-09T09:57:51.4366190Z Receiving objects:  39% (183/469)
2022-09-09T09:57:51.4368897Z Receiving objects:  40% (188/469)
2022-09-09T09:57:51.4371614Z Receiving objects:  41% (193/469)
2022-09-09T09:57:51.4374346Z Receiving objects:  42% (197/469)
2022-09-09T09:57:51.4377307Z Receiving objects:  43% (202/469)
2022-09-09T09:57:51.4379855Z Receiving objects:  44% (207/469)
2022-09-09T09:57:51.4382384Z Receiving objects:  45% (212/469)
2022-09-09T09:57:51.4385144Z Receiving objects:  46% (216/469)
2022-09-09T09:57:51.4387664Z Receiving objects:  47% (221/469)
2022-09-09T09:57:51.4390093Z Receiving objects:  48% (226/469)
2022-09-09T09:57:51.4390928Z remote: Total 469 (delta 111), reused 308 (delta 44), pack-reused 0        
2022-09-09T09:57:51.4391455Z Receiving objects:  49% (230/469)
2022-09-09T09:57:51.4391937Z Receiving objects:  50% (235/469)
2022-09-09T09:57:51.4392388Z Receiving objects:  51% (240/469)
2022-09-09T09:57:51.4392822Z Receiving objects:  52% (244/469)
2022-09-09T09:57:51.4393266Z Receiving objects:  53% (249/469)
2022-09-09T09:57:51.4393716Z Receiving objects:  54% (254/469)
2022-09-09T09:57:51.4394145Z Receiving objects:  55% (258/469)
2022-09-09T09:57:51.4394593Z Receiving objects:  56% (263/469)
2022-09-09T09:57:51.4395070Z Receiving objects:  57% (268/469)
2022-09-09T09:57:51.4395518Z Receiving objects:  58% (273/469)
2022-09-09T09:57:51.4395952Z Receiving objects:  59% (277/469)
2022-09-09T09:57:51.4396394Z Receiving objects:  60% (282/469)
2022-09-09T09:57:51.4396840Z Receiving objects:  61% (287/469)
2022-09-09T09:57:51.4397280Z Receiving objects:  62% (291/469)
2022-09-09T09:57:51.4398077Z Receiving objects:  63% (296/469)
2022-09-09T09:57:51.4398579Z Receiving objects:  64% (301/469)
2022-09-09T09:57:51.4399064Z Receiving objects:  65% (305/469)
2022-09-09T09:57:51.4399526Z Receiving objects:  66% (310/469)
2022-09-09T09:57:51.4400008Z Receiving objects:  67% (315/469)
2022-09-09T09:57:51.4400520Z Receiving objects:  68% (319/469)
2022-09-09T09:57:51.4401009Z Receiving objects:  69% (324/469)
2022-09-09T09:57:51.4401505Z Receiving objects:  70% (329/469)
2022-09-09T09:57:51.4401979Z Receiving objects:  71% (333/469)
2022-09-09T09:57:51.4402452Z Receiving objects:  72% (338/469)
2022-09-09T09:57:51.4402910Z Receiving objects:  73% (343/469)
2022-09-09T09:57:51.4403432Z Receiving objects:  74% (348/469)
2022-09-09T09:57:51.4404008Z Receiving objects:  75% (352/469)
2022-09-09T09:57:51.4404478Z Receiving objects:  76% (357/469)
2022-09-09T09:57:51.4404937Z Receiving objects:  77% (362/469)
2022-09-09T09:57:51.4405450Z Receiving objects:  78% (366/469)
2022-09-09T09:57:51.4405938Z Receiving objects:  79% (371/469)
2022-09-09T09:57:51.4406418Z Receiving objects:  80% (376/469)
2022-09-09T09:57:51.4406878Z Receiving objects:  81% (380/469)
2022-09-09T09:57:51.4407349Z Receiving objects:  82% (385/469)
2022-09-09T09:57:51.4407823Z Receiving objects:  83% (390/469)
2022-09-09T09:57:51.4408315Z Receiving objects:  84% (394/469)
2022-09-09T09:57:51.4408787Z Receiving objects:  85% (399/469)
2022-09-09T09:57:51.4409261Z Receiving objects:  86% (404/469)
2022-09-09T09:57:51.4409733Z Receiving objects:  87% (409/469)
2022-09-09T09:57:51.4410192Z Receiving objects:  88% (413/469)
2022-09-09T09:57:51.4410649Z Receiving objects:  89% (418/469)
2022-09-09T09:57:51.4411079Z Receiving objects:  90% (423/469)
2022-09-09T09:57:51.4411457Z Receiving objects:  91% (427/469)
2022-09-09T09:57:51.4411834Z Receiving objects:  92% (432/469)
2022-09-09T09:57:51.4412195Z Receiving objects:  93% (437/469)
2022-09-09T09:57:51.4412582Z Receiving objects:  94% (441/469)
2022-09-09T09:57:51.4415444Z Receiving objects:  95% (446/469)
2022-09-09T09:57:51.4416471Z Receiving objects:  96% (451/469)
2022-09-09T09:57:51.4417806Z Receiving objects:  97% (455/469)
2022-09-09T09:57:51.4418622Z Receiving objects:  98% (460/469)
2022-09-09T09:57:51.4420037Z Receiving objects:  99% (465/469)
2022-09-09T09:57:51.4420832Z Receiving objects: 100% (469/469)
2022-09-09T09:57:51.4421209Z Receiving objects: 100% (469/469), 408.75 KiB | 2.64 MiB/s, done.
2022-09-09T09:57:51.4435768Z Resolving deltas:   0% (0/111)
2022-09-09T09:57:51.4436328Z Resolving deltas:   1% (2/111)
2022-09-09T09:57:51.4436819Z Resolving deltas:   2% (3/111)
2022-09-09T09:57:51.4437211Z Resolving deltas:   3% (4/111)
2022-09-09T09:57:51.4437601Z Resolving deltas:   4% (5/111)
2022-09-09T09:57:51.4438009Z Resolving deltas:   5% (6/111)
2022-09-09T09:57:51.4438404Z Resolving deltas:   6% (7/111)
2022-09-09T09:57:51.4439187Z Resolving deltas:   7% (8/111)
2022-09-09T09:57:51.4439877Z Resolving deltas:   8% (9/111)
2022-09-09T09:57:51.4443187Z Resolving deltas:   9% (10/111)
2022-09-09T09:57:51.4444621Z Resolving deltas:  10% (12/111)
2022-09-09T09:57:51.4445323Z Resolving deltas:  11% (13/111)
2022-09-09T09:57:51.4446510Z Resolving deltas:  12% (14/111)
2022-09-09T09:57:51.4447263Z Resolving deltas:  13% (15/111)
2022-09-09T09:57:51.4448172Z Resolving deltas:  14% (16/111)
2022-09-09T09:57:51.4449555Z Resolving deltas:  15% (17/111)
2022-09-09T09:57:51.4450612Z Resolving deltas:  16% (18/111)
2022-09-09T09:57:51.4452642Z Resolving deltas:  17% (19/111)
2022-09-09T09:57:51.4518264Z Resolving deltas:  18% (20/111)
2022-09-09T09:57:51.4518910Z Resolving deltas:  19% (22/111)
2022-09-09T09:57:51.4519295Z Resolving deltas:  20% (23/111)
2022-09-09T09:57:51.4519658Z Resolving deltas:  21% (24/111)
2022-09-09T09:57:51.4519997Z Resolving deltas:  22% (25/111)
2022-09-09T09:57:51.4520351Z Resolving deltas:  23% (26/111)
2022-09-09T09:57:51.4520708Z Resolving deltas:  24% (27/111)
2022-09-09T09:57:51.4521065Z Resolving deltas:  25% (28/111)
2022-09-09T09:57:51.4521620Z Resolving deltas:  26% (29/111)
2022-09-09T09:57:51.4522005Z Resolving deltas:  27% (30/111)
2022-09-09T09:57:51.4522358Z Resolving deltas:  28% (32/111)
2022-09-09T09:57:51.4522696Z Resolving deltas:  29% (33/111)
2022-09-09T09:57:51.4523042Z Resolving deltas:  30% (34/111)
2022-09-09T09:57:51.4523398Z Resolving deltas:  31% (35/111)
2022-09-09T09:57:51.4523765Z Resolving deltas:  32% (36/111)
2022-09-09T09:57:51.4524101Z Resolving deltas:  33% (37/111)
2022-09-09T09:57:51.4524449Z Resolving deltas:  34% (38/111)
2022-09-09T09:57:51.4524795Z Resolving deltas:  35% (39/111)
2022-09-09T09:57:51.4525206Z Resolving deltas:  36% (40/111)
2022-09-09T09:57:51.4525559Z Resolving deltas:  37% (42/111)
2022-09-09T09:57:51.4525909Z Resolving deltas:  38% (43/111)
2022-09-09T09:57:51.4526256Z Resolving deltas:  39% (44/111)
2022-09-09T09:57:51.4526592Z Resolving deltas:  40% (45/111)
2022-09-09T09:57:51.4526941Z Resolving deltas:  41% (46/111)
2022-09-09T09:57:51.4527281Z Resolving deltas:  42% (47/111)
2022-09-09T09:57:51.4527635Z Resolving deltas:  43% (48/111)
2022-09-09T09:57:51.4527987Z Resolving deltas:  44% (49/111)
2022-09-09T09:57:51.4528337Z Resolving deltas:  45% (50/111)
2022-09-09T09:57:51.4528673Z Resolving deltas:  46% (52/111)
2022-09-09T09:57:51.4529212Z Resolving deltas:  47% (53/111)
2022-09-09T09:57:51.4529586Z Resolving deltas:  48% (54/111)
2022-09-09T09:57:51.4529942Z Resolving deltas:  49% (55/111)
2022-09-09T09:57:51.4530315Z Resolving deltas:  50% (56/111)
2022-09-09T09:57:51.4530686Z Resolving deltas:  51% (57/111)
2022-09-09T09:57:51.4531165Z Resolving deltas:  52% (58/111)
2022-09-09T09:57:51.4531497Z Resolving deltas:  53% (59/111)
2022-09-09T09:57:51.4531849Z Resolving deltas:  54% (60/111)
2022-09-09T09:57:51.4532196Z Resolving deltas:  55% (62/111)
2022-09-09T09:57:51.4532542Z Resolving deltas:  56% (63/111)
2022-09-09T09:57:51.4532886Z Resolving deltas:  57% (64/111)
2022-09-09T09:57:51.4533221Z Resolving deltas:  58% (65/111)
2022-09-09T09:57:51.4533551Z Resolving deltas:  59% (66/111)
2022-09-09T09:57:51.4533901Z Resolving deltas:  60% (67/111)
2022-09-09T09:57:51.4534547Z Resolving deltas:  61% (68/111)
2022-09-09T09:57:51.4534922Z Resolving deltas:  62% (69/111)
2022-09-09T09:57:51.4535298Z Resolving deltas:  63% (70/111)
2022-09-09T09:57:51.4535674Z Resolving deltas:  64% (72/111)
2022-09-09T09:57:51.4536031Z Resolving deltas:  65% (73/111)
2022-09-09T09:57:51.4536574Z Resolving deltas:  66% (74/111)
2022-09-09T09:57:51.4536951Z Resolving deltas:  67% (75/111)
2022-09-09T09:57:51.4537740Z Resolving deltas:  68% (76/111)
2022-09-09T09:57:51.4538019Z Resolving deltas:  69% (77/111)
2022-09-09T09:57:51.4538280Z Resolving deltas:  70% (78/111)
2022-09-09T09:57:51.4538556Z Resolving deltas:  71% (79/111)
2022-09-09T09:57:51.4538992Z Resolving deltas:  72% (80/111)
2022-09-09T09:57:51.4539263Z Resolving deltas:  73% (82/111)
2022-09-09T09:57:51.4539538Z Resolving deltas:  74% (83/111)
2022-09-09T09:57:51.4539815Z Resolving deltas:  75% (84/111)
2022-09-09T09:57:51.4540073Z Resolving deltas:  76% (85/111)
2022-09-09T09:57:51.4540362Z Resolving deltas:  77% (86/111)
2022-09-09T09:57:51.4540640Z Resolving deltas:  78% (87/111)
2022-09-09T09:57:51.4540898Z Resolving deltas:  79% (88/111)
2022-09-09T09:57:51.4541172Z Resolving deltas:  80% (89/111)
2022-09-09T09:57:51.4541448Z Resolving deltas:  81% (90/111)
2022-09-09T09:57:51.4541702Z Resolving deltas:  82% (92/111)
2022-09-09T09:57:51.4541976Z Resolving deltas:  83% (93/111)
2022-09-09T09:57:51.4542243Z Resolving deltas:  84% (94/111)
2022-09-09T09:57:51.4542517Z Resolving deltas:  85% (95/111)
2022-09-09T09:57:51.4543020Z Resolving deltas:  86% (96/111)
2022-09-09T09:57:51.4543400Z Resolving deltas:  87% (97/111)
2022-09-09T09:57:51.4543780Z Resolving deltas:  88% (98/111)
2022-09-09T09:57:51.4544140Z Resolving deltas:  89% (99/111)
2022-09-09T09:57:51.4544789Z Resolving deltas:  90% (100/111)
2022-09-09T09:57:51.4545870Z Resolving deltas:  91% (102/111)
2022-09-09T09:57:51.4546689Z Resolving deltas:  92% (103/111)
2022-09-09T09:57:51.4562078Z Resolving deltas:  93% (104/111)
2022-09-09T09:57:51.4562436Z Resolving deltas:  94% (105/111)
2022-09-09T09:57:51.4562709Z Resolving deltas:  95% (106/111)
2022-09-09T09:57:51.4562989Z Resolving deltas:  96% (107/111)
2022-09-09T09:57:51.4563273Z Resolving deltas:  97% (108/111)
2022-09-09T09:57:51.4563535Z Resolving deltas:  98% (109/111)
2022-09-09T09:57:51.4563809Z Resolving deltas:  99% (110/111)
2022-09-09T09:57:51.4564093Z Resolving deltas: 100% (111/111)
2022-09-09T09:57:51.4564366Z Resolving deltas: 100% (111/111), done.
2022-09-09T09:57:51.4668522Z From https://github.com/alibaba/transmittable-thread-local
2022-09-09T09:57:51.4669714Z  * [new ref]         cf6f0594a2382cb50cedc706411d52fd37346389 -> origin/wip-v3
2022-09-09T09:57:51.4694690Z ##[endgroup]
2022-09-09T09:57:51.4695385Z ##[group]Determining the checkout info
2022-09-09T09:57:51.4696536Z ##[endgroup]
2022-09-09T09:57:51.4697022Z ##[group]Checking out the ref
2022-09-09T09:57:51.4701778Z [command]/usr/bin/git checkout --progress --force -B wip-v3 refs/remotes/origin/wip-v3
2022-09-09T09:57:51.4974128Z Switched to a new branch 'wip-v3'
2022-09-09T09:57:51.4997430Z branch 'wip-v3' set up to track 'origin/wip-v3'.
2022-09-09T09:57:51.4998200Z ##[endgroup]
2022-09-09T09:57:51.5034565Z [command]/usr/bin/git log -1 --format='%H'
2022-09-09T09:57:51.5074251Z 'cf6f0594a2382cb50cedc706411d52fd37346389'
2022-09-09T09:57:51.5425982Z ##[group]Run actions/setup-java@v3
2022-09-09T09:57:51.5426369Z with:
2022-09-09T09:57:51.5426671Z   java-version: 11
2022-09-09T09:57:51.5427005Z   distribution: zulu
2022-09-09T09:57:51.5427265Z   cache: maven
2022-09-09T09:57:51.5427575Z   java-package: jdk
2022-09-09T09:57:51.5427910Z   architecture: x64
2022-09-09T09:57:51.5428174Z   check-latest: false
2022-09-09T09:57:51.5428493Z   server-id: github
2022-09-09T09:57:51.5428828Z   server-username: GITHUB_ACTOR
2022-09-09T09:57:51.5429145Z   server-password: GITHUB_TOKEN
2022-09-09T09:57:51.5429545Z   overwrite-settings: true
2022-09-09T09:57:51.5429885Z   job-status: success
2022-09-09T09:57:51.5430144Z ##[endgroup]
2022-09-09T09:57:51.9369240Z ##[group]Installed distributions
2022-09-09T09:57:51.9418558Z Trying to resolve the latest version from remote
2022-09-09T09:57:52.0329148Z Resolved latest version as 11.0.16+8
2022-09-09T09:57:52.0330458Z Trying to download...
2022-09-09T09:57:52.0332796Z Downloading Java 11.0.16+8 (Zulu) from https://cdn.azul.com/zulu/bin/zulu11.58.15-ca-jdk11.0.16-linux_x64.tar.gz ...
2022-09-09T09:57:53.2310090Z Extracting Java archive...
2022-09-09T09:57:53.2546565Z [command]/usr/bin/tar xz --warning=no-unknown-keyword -C /home/runner/work/_temp/2404e02f-81bd-42c2-b85a-8dc8ecc137ed -f /home/runner/work/_temp/a24847e8-a9ea-487a-a1ec-2a8f3ec3e374
2022-09-09T09:57:57.8282627Z Java 11.0.16+8 was downloaded
2022-09-09T09:57:57.8283378Z Setting Java 11.0.16+8 as the default
2022-09-09T09:57:57.8293141Z 
2022-09-09T09:57:57.8299408Z 
2022-09-09T09:57:57.8348046Z 
2022-09-09T09:57:57.8353772Z 
2022-09-09T09:57:57.8356622Z Java configuration:
2022-09-09T09:57:57.8359190Z   Distribution: zulu
2022-09-09T09:57:57.8361902Z   Version: 11.0.16+8
2022-09-09T09:57:57.8365375Z   Path: /opt/hostedtoolcache/Java_Zulu_jdk/11.0.16-8/x64
2022-09-09T09:57:57.8368095Z 
2022-09-09T09:57:57.8370967Z ##[endgroup]
2022-09-09T09:57:57.8403475Z Creating settings.xml with server-id: github
2022-09-09T09:57:57.8404333Z Writing to /home/runner/.m2/settings.xml
2022-09-09T09:57:59.3066428Z Received 54525952 of 117620173 (46.4%), 51.5 MBs/sec
2022-09-09T09:57:59.6838953Z Received 117620173 of 117620173 (100.0%), 80.9 MBs/sec
2022-09-09T09:57:59.6839793Z Cache Size: ~112 MB (117620173 B)
2022-09-09T09:57:59.6922580Z [command]/usr/bin/tar --use-compress-program zstd -d -xf /home/runner/work/_temp/2cf8729d-43ad-4d14-b11c-0cb0f836eb48/cache.tzst -P -C /home/runner/work/transmittable-thread-local/transmittable-thread-local
2022-09-09T09:58:00.0359418Z Cache restored successfully
2022-09-09T09:58:00.0579189Z 
2022-09-09T09:58:00.0580435Z Cache restored from key: setup-java-Linux-maven-e366094c086f196530b0fbd7b38371287ffd117b650907f1a3f49ab344bd0ac8
2022-09-09T09:58:00.1168090Z ##[group]Run ./mvnw -V --no-transfer-progress clean package
2022-09-09T09:58:00.1168696Z [36;1m./mvnw -V --no-transfer-progress clean package[0m
2022-09-09T09:58:00.1245652Z shell: /usr/bin/bash -e {0}
2022-09-09T09:58:00.1245963Z env:
2022-09-09T09:58:00.1246429Z   JAVA_HOME: /opt/hostedtoolcache/Java_Zulu_jdk/11.0.16-8/x64
2022-09-09T09:58:00.1246890Z   JAVA_HOME_11_X64: /opt/hostedtoolcache/Java_Zulu_jdk/11.0.16-8/x64
2022-09-09T09:58:00.1247293Z ##[endgroup]
2022-09-09T09:58:01.9751998Z Apache Maven 3.8.6 (84538c9988a25aec085021c365c560670ad80f63)
2022-09-09T09:58:01.9753345Z Maven home: /home/runner/.m2/wrapper/dists/apache-maven-3.8.6-bin/1ks0nkde5v1pk9vtc31i9d0lcd/apache-maven-3.8.6
2022-09-09T09:58:01.9754222Z Java version: 11.0.16, vendor: Azul Systems, Inc., runtime: /opt/hostedtoolcache/Java_Zulu_jdk/11.0.16-8/x64
2022-09-09T09:58:01.9755406Z Default locale: en, platform encoding: UTF-8
2022-09-09T09:58:01.9758016Z OS name: "linux", version: "5.15.0-1019-azure", arch: "amd64", family: "unix"
2022-09-09T09:58:03.0334689Z [INFO] Scanning for projects...
2022-09-09T09:58:03.2466883Z [INFO] ------------------------------------------------------------------------
2022-09-09T09:58:03.2467792Z [INFO] Reactor Build Order:
2022-09-09T09:58:03.2468804Z [INFO] 
2022-09-09T09:58:03.2478731Z [INFO] ttl3-parent                                                        [pom]
2022-09-09T09:58:03.2479516Z [INFO] TransmittableThreadLocal(TTL)                                      [jar]
2022-09-09T09:58:03.2480109Z [INFO] TransmittableThreadLocal(TTL) kotlin support                       [jar]
2022-09-09T09:58:03.2734881Z [INFO] TransmittableThreadLocal(TTL) Agent                                [jar]
2022-09-09T09:58:03.2735669Z [INFO] TransmittableThreadLocal(TTL) v2 compatible                        [jar]
2022-09-09T09:58:03.2736556Z [INFO] vertx4-ttl-integration                                             [jar]
2022-09-09T09:58:03.2737387Z [INFO] vertx3-ttl-integration                                             [jar]
2022-09-09T09:58:03.2821888Z [INFO] sample-ttl-agent-extension-transformlet                            [jar]
2022-09-09T09:58:03.2822260Z [INFO] 
2022-09-09T09:58:03.2822709Z [INFO] --------------------< com.alibaba.ttl3:ttl3-parent >--------------------
2022-09-09T09:58:03.2823235Z [INFO] Building ttl3-parent 3.x-SNAPSHOT                                  [1/8]
2022-09-09T09:58:03.2823735Z [INFO] --------------------------------[ pom ]---------------------------------
2022-09-09T09:58:03.5583359Z [INFO] 
2022-09-09T09:58:03.5585480Z [INFO] --- maven-clean-plugin:3.2.0:clean (default-clean) @ ttl3-parent ---
2022-09-09T09:58:03.6162659Z [INFO] 
2022-09-09T09:58:03.6167306Z [INFO] --- maven-enforcer-plugin:3.1.0:enforce (enforce-maven) @ ttl3-parent ---
2022-09-09T09:58:03.8871187Z [INFO] 
2022-09-09T09:58:03.8875976Z [INFO] --- kotlin-maven-plugin:1.7.10:compile (compile) @ ttl3-parent ---
2022-09-09T09:58:04.2431004Z [WARNING] No sources found skipping Kotlin compile
2022-09-09T09:58:04.2431780Z [INFO] 
2022-09-09T09:58:04.2433864Z [INFO] --- maven-compiler-plugin:3.10.1:compile (java-compile) @ ttl3-parent ---
2022-09-09T09:58:04.3248940Z [INFO] No sources to compile
2022-09-09T09:58:04.3255102Z [INFO] 
2022-09-09T09:58:04.3259572Z [INFO] --- kotlin-maven-plugin:1.7.10:test-compile (test-compile) @ ttl3-parent ---
2022-09-09T09:58:04.3303239Z [WARNING] No sources found skipping Kotlin compile
2022-09-09T09:58:04.3307829Z [INFO] 
2022-09-09T09:58:04.3312054Z [INFO] --- maven-compiler-plugin:3.10.1:testCompile (java-test-compile) @ ttl3-parent ---
2022-09-09T09:58:04.3426961Z [INFO] No sources to compile
2022-09-09T09:58:04.3434733Z [INFO] 
2022-09-09T09:58:04.3438649Z [INFO] ---------------------< com.alibaba.ttl3:ttl-core >----------------------
2022-09-09T09:58:04.3442278Z [INFO] Building TransmittableThreadLocal(TTL) 3.x-SNAPSHOT                [2/8]
2022-09-09T09:58:04.3445798Z [INFO] --------------------------------[ jar ]---------------------------------
2022-09-09T09:58:04.3972740Z [INFO] 
2022-09-09T09:58:04.3975954Z [INFO] --- maven-clean-plugin:3.2.0:clean (default-clean) @ ttl-core ---
2022-09-09T09:58:04.3991764Z [INFO] 
2022-09-09T09:58:04.3994240Z [INFO] --- maven-enforcer-plugin:3.1.0:enforce (enforce-maven) @ ttl-core ---
2022-09-09T09:58:04.4011139Z [INFO] 
2022-09-09T09:58:04.4013809Z [INFO] --- maven-resources-plugin:3.3.0:resources (default-resources) @ ttl-core ---
2022-09-09T09:58:04.4698735Z [INFO] skip non existing resourceDirectory /home/runner/work/transmittable-thread-local/transmittable-thread-local/ttl-core/src/main/resources
2022-09-09T09:58:04.4699382Z [INFO] 
2022-09-09T09:58:04.4699905Z [INFO] --- kotlin-maven-plugin:1.7.10:compile (compile) @ ttl-core ---
2022-09-09T09:58:04.5172978Z [WARNING] No sources found skipping Kotlin compile
2022-09-09T09:58:04.5173495Z [INFO] 
2022-09-09T09:58:04.5176271Z [INFO] --- maven-compiler-plugin:3.10.1:compile (java-compile) @ ttl-core ---
2022-09-09T09:58:04.5397211Z [INFO] Changes detected - recompiling the module!
2022-09-09T09:58:04.5440048Z [INFO] Compiling 39 source files to /home/runner/work/transmittable-thread-local/transmittable-thread-local/ttl-core/target/classes
2022-09-09T09:58:06.0349578Z [INFO] 
2022-09-09T09:58:06.0352278Z [INFO] --- maven-resources-plugin:3.3.0:testResources (default-testResources) @ ttl-core ---
2022-09-09T09:58:06.0465190Z [INFO] skip non existing resourceDirectory /home/runner/work/transmittable-thread-local/transmittable-thread-local/ttl-core/src/test/resources
2022-09-09T09:58:06.0466754Z [INFO] 
2022-09-09T09:58:06.0469150Z [INFO] --- kotlin-maven-plugin:1.7.10:test-compile (test-compile) @ ttl-core ---
2022-09-09T09:58:21.7738155Z [INFO] 
2022-09-09T09:58:21.7757138Z [INFO] --- maven-compiler-plugin:3.10.1:testCompile (java-test-compile) @ ttl-core ---
2022-09-09T09:58:21.7840594Z [INFO] Changes detected - recompiling the module!
2022-09-09T09:58:21.7878219Z [INFO] Compiling 3 source files to /home/runner/work/transmittable-thread-local/transmittable-thread-local/ttl-core/target/test-classes
2022-09-09T09:58:22.0286211Z [INFO] 
2022-09-09T09:58:22.0287339Z [INFO] --- maven-surefire-plugin:3.0.0-M7:test (default-test) @ ttl-core ---
2022-09-09T09:58:22.1949444Z [INFO] Using auto detected provider org.apache.maven.surefire.junitplatform.JUnitPlatformProvider
2022-09-09T09:58:22.4568111Z [INFO] 
2022-09-09T09:58:22.4571867Z [INFO] -------------------------------------------------------
2022-09-09T09:58:22.4574885Z [INFO]  T E S T S
2022-09-09T09:58:22.4578213Z [INFO] -------------------------------------------------------
2022-09-09T09:58:26.2429103Z [INFO] Running com.alibaba.third_part_lib_test.ExecutorsTest
2022-09-09T09:58:26.7945462Z [INFO] Tests run: 1, Failures: 0, Errors: 0, Skipped: 0, Time elapsed: 0.519 s - in com.alibaba.third_part_lib_test.ExecutorsTest
2022-09-09T09:58:26.7955386Z [INFO] Running com.alibaba.third_part_lib_test.ForkJoinPoolTest
2022-09-09T09:58:26.8175341Z [INFO] Tests run: 1, Failures: 0, Errors: 0, Skipped: 0, Time elapsed: 0.036 s - in com.alibaba.third_part_lib_test.ForkJoinPoolTest
2022-09-09T09:58:26.8176206Z [INFO] Running com.alibaba.ttl3.TtlCallableTest
2022-09-09T09:58:26.9244855Z [INFO] Tests run: 9, Failures: 0, Errors: 0, Skipped: 0, Time elapsed: 0.105 s - in com.alibaba.ttl3.TtlCallableTest
2022-09-09T09:58:26.9248382Z [INFO] Running com.alibaba.ttl3.TtlRunnableTest
2022-09-09T09:58:27.0135814Z [INFO] Tests run: 9, Failures: 0, Errors: 0, Skipped: 0, Time elapsed: 0.085 s - in com.alibaba.ttl3.TtlRunnableTest
2022-09-09T09:58:27.0136632Z [INFO] Running com.alibaba.ttl3.TtlTimerTaskTest
2022-09-09T09:58:27.0463949Z [INFO] Tests run: 2, Failures: 0, Errors: 0, Skipped: 0, Time elapsed: 0.032 s - in com.alibaba.ttl3.TtlTimerTaskTest
2022-09-09T09:58:27.0464699Z [INFO] Running com.alibaba.user_api_test.ttl3.DisableIgnoreNullValueSemanticsTest
2022-09-09T09:58:27.1089012Z [INFO] Tests run: 4, Failures: 0, Errors: 0, Skipped: 0, Time elapsed: 0.062 s - in com.alibaba.user_api_test.ttl3.DisableIgnoreNullValueSemanticsTest
2022-09-09T09:58:27.1132520Z [INFO] Running com.alibaba.user_api_test.ttl3.TransmittableThreadLocal_Transmitter_UserTest
2022-09-09T09:58:27.2064734Z [INFO] Tests run: 6, Failures: 0, Errors: 0, Skipped: 0, Time elapsed: 0.082 s - in com.alibaba.user_api_test.ttl3.TransmittableThreadLocal_Transmitter_UserTest
2022-09-09T09:58:27.2069387Z [INFO] Running com.alibaba.user_api_test.ttl3.TransmittableThreadLocal_Transmitter_registerTransmittee_UserTest
2022-09-09T09:58:29.5740943Z [INFO] Tests run: 2, Failures: 0, Errors: 0, Skipped: 0, Time elapsed: 2.361 s - in com.alibaba.user_api_test.ttl3.TransmittableThreadLocal_Transmitter_registerTransmittee_UserTest
2022-09-09T09:58:29.5746142Z [INFO] Running com.alibaba.user_api_test.ttl3.TransmittableThreadLocal_withInit_Test
2022-09-09T09:58:29.6668610Z [INFO] Tests run: 3, Failures: 0, Errors: 0, Skipped: 0, Time elapsed: 0.096 s - in com.alibaba.user_api_test.ttl3.TransmittableThreadLocal_withInit_Test
2022-09-09T09:58:29.7474156Z [INFO] Running com.alibaba.user_api_test.ttl3.TransmittableThreadLocal_withInit_Null_Test
2022-09-09T09:58:29.7998695Z [INFO] Tests run: 3, Failures: 0, Errors: 0, Skipped: 0, Time elapsed: 0.047 s - in com.alibaba.user_api_test.ttl3.TransmittableThreadLocal_withInit_Null_Test
2022-09-09T09:58:29.8512818Z [INFO] 
2022-09-09T09:58:29.8513495Z [INFO] Results:
2022-09-09T09:58:29.8514116Z [INFO] 
2022-09-09T09:58:29.8514591Z [INFO] Tests run: 40, Failures: 0, Errors: 0, Skipped: 0
2022-09-09T09:58:29.8515132Z [INFO] 
2022-09-09T09:58:29.8567349Z [INFO] 
2022-09-09T09:58:29.8578668Z [INFO] --- maven-jar-plugin:3.2.2:jar (default-jar) @ ttl-core ---
2022-09-09T09:58:30.1424588Z [INFO] Building jar: /home/runner/work/transmittable-thread-local/transmittable-thread-local/ttl-core/target/ttl-core-3.x-SNAPSHOT.jar
2022-09-09T09:58:30.2292823Z [INFO] 
2022-09-09T09:58:30.2293809Z [INFO] --------------------< com.alibaba.ttl3:ttl-kotlin >---------------------
2022-09-09T09:58:30.2294531Z [INFO] Building TransmittableThreadLocal(TTL) kotlin support 3.x-SNAPSHOT [3/8]
2022-09-09T09:58:30.2295998Z [INFO] --------------------------------[ jar ]---------------------------------
2022-09-09T09:58:30.2589574Z [INFO] 
2022-09-09T09:58:30.2590496Z [INFO] --- maven-clean-plugin:3.2.0:clean (default-clean) @ ttl-kotlin ---
2022-09-09T09:58:30.2618125Z [INFO] 
2022-09-09T09:58:30.2619137Z [INFO] --- maven-enforcer-plugin:3.1.0:enforce (enforce-maven) @ ttl-kotlin ---
2022-09-09T09:58:30.2619931Z [INFO] 
2022-09-09T09:58:30.2620654Z [INFO] --- maven-resources-plugin:3.3.0:resources (default-resources) @ ttl-kotlin ---
2022-09-09T09:58:30.2621502Z [INFO] skip non existing resourceDirectory /home/runner/work/transmittable-thread-local/transmittable-thread-local/ttl-kotlin/src/main/resources
2022-09-09T09:58:30.2621973Z [INFO] 
2022-09-09T09:58:30.2622423Z [INFO] --- kotlin-maven-plugin:1.7.10:compile (compile) @ ttl-kotlin ---
2022-09-09T09:58:31.1338749Z [INFO] 
2022-09-09T09:58:31.1366269Z [INFO] --- maven-compiler-plugin:3.10.1:compile (java-compile) @ ttl-kotlin ---
2022-09-09T09:58:31.1389941Z [INFO] Not compiling main sources
2022-09-09T09:58:31.1393989Z [INFO] 
2022-09-09T09:58:31.1397761Z [INFO] --- maven-resources-plugin:3.3.0:testResources (default-testResources) @ ttl-kotlin ---
2022-09-09T09:58:31.1435975Z [INFO] skip non existing resourceDirectory /home/runner/work/transmittable-thread-local/transmittable-thread-local/ttl-kotlin/src/test/resources
2022-09-09T09:58:31.1440581Z [INFO] 
2022-09-09T09:58:31.1445654Z [INFO] --- kotlin-maven-plugin:1.7.10:test-compile (test-compile) @ ttl-kotlin ---
2022-09-09T09:58:32.8358212Z [INFO] 
2022-09-09T09:58:32.8363718Z [INFO] --- maven-compiler-plugin:3.10.1:testCompile (java-test-compile) @ ttl-kotlin ---
2022-09-09T09:58:32.8379391Z [INFO] Not compiling test sources
2022-09-09T09:58:32.8382079Z [INFO] 
2022-09-09T09:58:32.8384563Z [INFO] --- maven-surefire-plugin:3.0.0-M7:test (default-test) @ ttl-kotlin ---
2022-09-09T09:58:32.8439258Z [INFO] Using auto detected provider org.apache.maven.surefire.junitplatform.JUnitPlatformProvider
2022-09-09T09:58:32.8511494Z [INFO] 
2022-09-09T09:58:32.8513652Z [INFO] -------------------------------------------------------
2022-09-09T09:58:32.8515541Z [INFO]  T E S T S
2022-09-09T09:58:32.8517350Z [INFO] -------------------------------------------------------
2022-09-09T09:58:36.0918497Z [INFO] Running com.alibaba.ttl3.kotlin.TtlExtensionsTests
2022-09-09T09:58:36.3460828Z [INFO] Tests run: 9, Failures: 0, Errors: 0, Skipped: 0, Time elapsed: 0.247 s - in com.alibaba.ttl3.kotlin.TtlExtensionsTests
2022-09-09T09:58:36.4123811Z [INFO] 
2022-09-09T09:58:36.4125188Z [INFO] Results:
2022-09-09T09:58:36.4125953Z [INFO] 
2022-09-09T09:58:36.4126861Z [INFO] Tests run: 9, Failures: 0, Errors: 0, Skipped: 0
2022-09-09T09:58:36.4127412Z [INFO] 
2022-09-09T09:58:36.4130340Z [INFO] 
2022-09-09T09:58:36.4131211Z [INFO] --- maven-jar-plugin:3.2.2:jar (default-jar) @ ttl-kotlin ---
2022-09-09T09:58:36.4231521Z [INFO] Building jar: /home/runner/work/transmittable-thread-local/transmittable-thread-local/ttl-kotlin/target/ttl-kotlin-3.x-SNAPSHOT.jar
2022-09-09T09:58:36.4538764Z [INFO] 
2022-09-09T09:58:36.4540255Z [INFO] ---------------------< com.alibaba.ttl3:ttl-agent >---------------------
2022-09-09T09:58:36.4540885Z [INFO] Building TransmittableThreadLocal(TTL) Agent 3.x-SNAPSHOT          [4/8]
2022-09-09T09:58:36.4541430Z [INFO] --------------------------------[ jar ]---------------------------------
2022-09-09T09:58:36.4898724Z [INFO] 
2022-09-09T09:58:36.4901640Z [INFO] --- maven-clean-plugin:3.2.0:clean (default-clean) @ ttl-agent ---
2022-09-09T09:58:36.4915878Z [INFO] 
2022-09-09T09:58:36.4918319Z [INFO] --- maven-enforcer-plugin:3.1.0:enforce (enforce-maven) @ ttl-agent ---
2022-09-09T09:58:36.4925666Z [INFO] 
2022-09-09T09:58:36.4927978Z [INFO] --- maven-resources-plugin:3.3.0:resources (default-resources) @ ttl-agent ---
2022-09-09T09:58:36.4940639Z [INFO] skip non existing resourceDirectory /home/runner/work/transmittable-thread-local/transmittable-thread-local/ttl-agent/src/main/resources
2022-09-09T09:58:36.4943700Z [INFO] 
2022-09-09T09:58:36.4945697Z [INFO] --- kotlin-maven-plugin:1.7.10:compile (compile) @ ttl-agent ---
2022-09-09T09:58:36.4964908Z [WARNING] No sources found skipping Kotlin compile
2022-09-09T09:58:36.4967696Z [INFO] 
2022-09-09T09:58:36.4969734Z [INFO] --- maven-compiler-plugin:3.10.1:compile (java-compile) @ ttl-agent ---
2022-09-09T09:58:36.5003835Z [INFO] Changes detected - recompiling the module!
2022-09-09T09:58:36.5038128Z [INFO] Compiling 18 source files to /home/runner/work/transmittable-thread-local/transmittable-thread-local/ttl-agent/target/classes
2022-09-09T09:58:36.8856405Z [INFO] 
2022-09-09T09:58:36.8858085Z [INFO] --- maven-resources-plugin:3.3.0:testResources (default-testResources) @ ttl-agent ---
2022-09-09T09:58:36.8868047Z [INFO] skip non existing resourceDirectory /home/runner/work/transmittable-thread-local/transmittable-thread-local/ttl-agent/src/test/resources
2022-09-09T09:58:36.8868909Z [INFO] 
2022-09-09T09:58:36.8870060Z [INFO] --- kotlin-maven-plugin:1.7.10:test-compile (test-compile) @ ttl-agent ---
2022-09-09T09:58:36.8880796Z [WARNING] No sources found skipping Kotlin compile
2022-09-09T09:58:36.8881443Z [INFO] 
2022-09-09T09:58:36.8882523Z [INFO] --- maven-compiler-plugin:3.10.1:testCompile (java-test-compile) @ ttl-agent ---
2022-09-09T09:58:36.8889101Z [INFO] No sources to compile
2022-09-09T09:58:36.8889610Z [INFO] 
2022-09-09T09:58:36.8890808Z [INFO] --- maven-surefire-plugin:3.0.0-M7:test (default-test) @ ttl-agent ---
2022-09-09T09:58:36.8910495Z [INFO] No tests to run.
2022-09-09T09:58:36.8919513Z [INFO] 
2022-09-09T09:58:36.8920353Z [INFO] --- maven-jar-plugin:3.2.2:jar (default-jar) @ ttl-agent ---
2022-09-09T09:58:36.8977492Z [INFO] Building jar: /home/runner/work/transmittable-thread-local/transmittable-thread-local/ttl-agent/target/ttl-agent-3.x-SNAPSHOT.jar
2022-09-09T09:58:36.9126817Z [INFO] 
2022-09-09T09:58:36.9127863Z [INFO] --- maven-shade-plugin:3.3.0:shade (shade-when-package) @ ttl-agent ---
2022-09-09T09:58:36.9899005Z [INFO] Including com.alibaba.ttl3:ttl-core:jar:3.x-SNAPSHOT in the shaded jar.
2022-09-09T09:58:36.9900021Z [INFO] Including org.javassist:javassist:jar:3.29.0-GA in the shaded jar.
2022-09-09T09:58:36.9901183Z [INFO] Excluding com.github.spotbugs:spotbugs-annotations:jar:4.7.1 from the shaded jar.
2022-09-09T09:58:36.9901859Z [INFO] Excluding com.google.code.findbugs:jsr305:jar:3.0.2 from the shaded jar.
2022-09-09T09:58:36.9902447Z [INFO] Excluding org.jetbrains:annotations:jar:23.0.0 from the shaded jar.
2022-09-09T09:58:36.9917824Z [INFO] Dependency-reduced POM written at: /home/runner/work/transmittable-thread-local/transmittable-thread-local/ttl-agent/dependency-reduced-pom.xml
2022-09-09T09:58:37.9558367Z [WARNING] ttl-agent-3.x-SNAPSHOT.jar, ttl-core-3.x-SNAPSHOT.jar define 1 overlapping classes: 
2022-09-09T09:58:37.9562417Z [WARNING]   - com.alibaba.ttl3.agent.package-info
2022-09-09T09:58:37.9565948Z [WARNING] maven-shade-plugin has detected that some class files are
2022-09-09T09:58:37.9569571Z [WARNING] present in two or more JARs. When this happens, only one
2022-09-09T09:58:37.9572898Z [WARNING] single version of the class is copied to the uber jar.
2022-09-09T09:58:37.9576109Z [WARNING] Usually this is not harmful and you can skip these warnings,
2022-09-09T09:58:37.9579656Z [WARNING] otherwise try to manually exclude artifacts based on
2022-09-09T09:58:37.9582949Z [WARNING] mvn dependency:tree -Ddetail=true and the above output.
2022-09-09T09:58:37.9586247Z [WARNING] See https://maven.apache.org/plugins/maven-shade-plugin/
2022-09-09T09:58:37.9600966Z [INFO] Replacing original artifact with shaded artifact.
2022-09-09T09:58:37.9605456Z [INFO] Replacing /home/runner/work/transmittable-thread-local/transmittable-thread-local/ttl-agent/target/ttl-agent-3.x-SNAPSHOT.jar with /home/runner/work/transmittable-thread-local/transmittable-thread-local/ttl-agent/target/ttl-agent-3.x-SNAPSHOT-shaded.jar
2022-09-09T09:58:37.9611793Z [INFO] 
2022-09-09T09:58:37.9615338Z [INFO] ---------------< com.alibaba:transmittable-thread-local >---------------
2022-09-09T09:58:37.9619864Z [INFO] Building TransmittableThreadLocal(TTL) v2 compatible 3.x-SNAPSHOT  [5/8]
2022-09-09T09:58:37.9623347Z [INFO] --------------------------------[ jar ]---------------------------------
2022-09-09T09:58:37.9726825Z [INFO] 
2022-09-09T09:58:37.9728009Z [INFO] --- maven-clean-plugin:3.2.0:clean (default-clean) @ transmittable-thread-local ---
2022-09-09T09:58:37.9751719Z [INFO] 
2022-09-09T09:58:37.9758733Z [INFO] --- maven-enforcer-plugin:3.1.0:enforce (enforce-maven) @ transmittable-thread-local ---
2022-09-09T09:58:37.9763700Z [INFO] 
2022-09-09T09:58:37.9765568Z [INFO] --- maven-resources-plugin:3.3.0:resources (default-resources) @ transmittable-thread-local ---
2022-09-09T09:58:37.9780928Z [INFO] skip non existing resourceDirectory /home/runner/work/transmittable-thread-local/transmittable-thread-local/ttl2-compatible/src/main/resources
2022-09-09T09:58:37.9781691Z [INFO] 
2022-09-09T09:58:37.9782525Z [INFO] --- kotlin-maven-plugin:1.7.10:compile (compile) @ transmittable-thread-local ---
2022-09-09T09:58:37.9828649Z [WARNING] No sources found skipping Kotlin compile
2022-09-09T09:58:37.9829251Z [INFO] 
2022-09-09T09:58:37.9830470Z [INFO] --- maven-compiler-plugin:3.10.1:compile (java-compile) @ transmittable-thread-local ---
2022-09-09T09:58:37.9892550Z [INFO] Changes detected - recompiling the module!
2022-09-09T09:58:37.9896519Z [INFO] Compiling 46 source files to /home/runner/work/transmittable-thread-local/transmittable-thread-local/ttl2-compatible/target/classes
2022-09-09T09:58:38.5336963Z [INFO] 
2022-09-09T09:58:38.5341562Z [INFO] --- maven-resources-plugin:3.3.0:testResources (default-testResources) @ transmittable-thread-local ---
2022-09-09T09:58:38.5397401Z [INFO] Copying 3 resources
2022-09-09T09:58:38.5459313Z [INFO] 
2022-09-09T09:58:38.5463071Z [INFO] --- kotlin-maven-plugin:1.7.10:test-compile (test-compile) @ transmittable-thread-local ---
2022-09-09T09:58:50.6873147Z [INFO] 
2022-09-09T09:58:50.6877099Z [INFO] --- maven-compiler-plugin:3.10.1:testCompile (java-test-compile) @ transmittable-thread-local ---
2022-09-09T09:58:50.6930335Z [INFO] Changes detected - recompiling the module!
2022-09-09T09:58:50.6973577Z [INFO] Compiling 5 source files to /home/runner/work/transmittable-thread-local/transmittable-thread-local/ttl2-compatible/target/test-classes
2022-09-09T09:58:50.9311383Z [INFO] 
2022-09-09T09:58:50.9312384Z [INFO] --- maven-surefire-plugin:3.0.0-M7:test (default-test) @ transmittable-thread-local ---
2022-09-09T09:58:50.9414462Z [INFO] Using auto detected provider org.apache.maven.surefire.junitplatform.JUnitPlatformProvider
2022-09-09T09:58:50.9502607Z [INFO] 
2022-09-09T09:58:50.9503363Z [INFO] -------------------------------------------------------
2022-09-09T09:58:50.9503767Z [INFO]  T E S T S
2022-09-09T09:58:50.9504280Z [INFO] -------------------------------------------------------
2022-09-09T09:58:55.0851431Z [INFO] Running com.alibaba.demo.coroutine.CoroutineThreadContextElementTest
2022-09-09T09:58:55.6205640Z [INFO] Tests run: 3, Failures: 0, Errors: 0, Skipped: 0, Time elapsed: 0.531 s - in com.alibaba.demo.coroutine.CoroutineThreadContextElementTest
2022-09-09T09:58:55.6206685Z [INFO] Running com.alibaba.demo.coroutine.ttl_intergration.usage.TtlCoroutineContextTest
2022-09-09T09:58:55.7019023Z [INFO] Tests run: 3, Failures: 0, Errors: 0, Skipped: 0, Time elapsed: 0.076 s - in com.alibaba.demo.coroutine.ttl_intergration.usage.TtlCoroutineContextTest
2022-09-09T09:58:55.7019963Z [INFO] Running com.alibaba.it.TimerAgentCheckTest
2022-09-09T09:58:55.7247607Z [WARNING] Tests run: 1, Failures: 0, Errors: 0, Skipped: 1, Time elapsed: 0.019 s - in com.alibaba.it.TimerAgentCheckTest
2022-09-09T09:58:55.7248576Z [INFO] Running com.alibaba.third_part_lib_test.ExecutorsTest
2022-09-09T09:58:55.7804765Z [INFO] Tests run: 1, Failures: 0, Errors: 0, Skipped: 0, Time elapsed: 0.051 s - in com.alibaba.third_part_lib_test.ExecutorsTest
2022-09-09T09:58:55.7813897Z [INFO] Running com.alibaba.third_part_lib_test.ForkJoinPoolTest
2022-09-09T09:58:55.8082787Z [INFO] Tests run: 1, Failures: 0, Errors: 0, Skipped: 0, Time elapsed: 0.029 s - in com.alibaba.third_part_lib_test.ForkJoinPoolTest
2022-09-09T09:58:55.8083730Z [INFO] Running com.alibaba.third_part_lib_test.JavassistTest
2022-09-09T09:58:55.8858885Z WARNING: An illegal reflective access operation has occurred
2022-09-09T09:58:55.8866974Z WARNING: Illegal reflective access by javassist.util.proxy.SecurityActions (file:/home/runner/.m2/repository/org/javassist/javassist/3.29.0-GA/javassist-3.29.0-GA.jar) to method java.lang.ClassLoader.defineClass(java.lang.String,byte[],int,int,java.security.ProtectionDomain)
2022-09-09T09:58:55.8868304Z WARNING: Please consider reporting this to the maintainers of javassist.util.proxy.SecurityActions
2022-09-09T09:58:55.8976887Z WARNING: Use --illegal-access=warn to enable warnings of further illegal reflective access operations
2022-09-09T09:58:55.8977621Z WARNING: All illegal access operations will be denied in a future release
2022-09-09T09:58:55.9165047Z [INFO] Tests run: 2, Failures: 0, Errors: 0, Skipped: 0, Time elapsed: 0.104 s - in com.alibaba.third_part_lib_test.JavassistTest
2022-09-09T09:58:55.9165595Z [INFO] Running com.alibaba.ttl.InheritableTest
2022-09-09T09:58:56.0219593Z [INFO] Tests run: 12, Failures: 0, Errors: 0, Skipped: 0, Time elapsed: 0.105 s - in com.alibaba.ttl.InheritableTest
2022-09-09T09:58:56.0225648Z [INFO] Running com.alibaba.ttl.TtlCallableTest
2022-09-09T09:58:56.0974221Z [INFO] Tests run: 9, Failures: 0, Errors: 0, Skipped: 0, Time elapsed: 0.079 s - in com.alibaba.ttl.TtlCallableTest
2022-09-09T09:58:56.1001136Z [INFO] Running com.alibaba.ttl.TtlRunnableTest
2022-09-09T09:58:56.1962638Z [INFO] Tests run: 12, Failures: 0, Errors: 0, Skipped: 0, Time elapsed: 0.097 s - in com.alibaba.ttl.TtlRunnableTest
2022-09-09T09:58:56.1966597Z [INFO] Running com.alibaba.ttl.TtlTimerTaskTest
2022-09-09T09:58:56.2132775Z [INFO] Tests run: 2, Failures: 0, Errors: 0, Skipped: 0, Time elapsed: 0.019 s - in com.alibaba.ttl.TtlTimerTaskTest
2022-09-09T09:58:56.2145070Z [INFO] Running com.alibaba.ttl.TtlWrappersTest
2022-09-09T09:58:56.2746617Z [INFO] Tests run: 7, Failures: 0, Errors: 0, Skipped: 0, Time elapsed: 0.057 s - in com.alibaba.ttl.TtlWrappersTest
2022-09-09T09:58:56.2751021Z [INFO] Running com.alibaba.ttl.forkjoin.ForkJoinPool4RunnableCallableTest
2022-09-09T09:58:56.3064636Z [INFO] Tests run: 2, Failures: 0, Errors: 0, Skipped: 0, Time elapsed: 0.031 s - in com.alibaba.ttl.forkjoin.ForkJoinPool4RunnableCallableTest
2022-09-09T09:58:56.3068838Z [INFO] Running com.alibaba.ttl.forkjoin.ForkJoinPool4StreamTest
2022-09-09T09:58:56.3760694Z [INFO] Tests run: 2, Failures: 0, Errors: 0, Skipped: 0, Time elapsed: 0.069 s - in com.alibaba.ttl.forkjoin.ForkJoinPool4StreamTest
2022-09-09T09:58:56.3779482Z [INFO] Running com.alibaba.ttl.forkjoin.recursive_action.TtlRecursiveActionTest
2022-09-09T09:58:56.4265552Z [INFO] Tests run: 2, Failures: 0, Errors: 0, Skipped: 0, Time elapsed: 0.041 s - in com.alibaba.ttl.forkjoin.recursive_action.TtlRecursiveActionTest
2022-09-09T09:58:56.4269859Z [INFO] Running com.alibaba.ttl.forkjoin.recursive_task.TtlRecursiveTaskTest
2022-09-09T09:58:56.4499536Z [INFO] Tests run: 2, Failures: 0, Errors: 0, Skipped: 0, Time elapsed: 0.019 s - in com.alibaba.ttl.forkjoin.recursive_task.TtlRecursiveTaskTest
2022-09-09T09:58:56.4503883Z [INFO] Running com.alibaba.ttl.threadlocal_integration.ThreadLocalIntegrationTest
2022-09-09T09:58:56.4916418Z [INFO] Tests run: 6, Failures: 0, Errors: 0, Skipped: 0, Time elapsed: 0.052 s - in com.alibaba.ttl.threadlocal_integration.ThreadLocalIntegrationTest
2022-09-09T09:58:56.4920534Z [INFO] Running com.alibaba.ttl.threadpool.ScheduledExecutorServiceTtlWrapperTest
2022-09-09T09:58:56.8299552Z [INFO] Tests run: 12, Failures: 0, Errors: 0, Skipped: 0, Time elapsed: 0.329 s - in com.alibaba.ttl.threadpool.ScheduledExecutorServiceTtlWrapperTest
2022-09-09T09:58:56.8304276Z [INFO] Running com.alibaba.ttl.threadpool.TtlExecutorsTest
2022-09-09T09:58:56.9060727Z [INFO] Tests run: 14, Failures: 0, Errors: 0, Skipped: 0, Time elapsed: 0.082 s - in com.alibaba.ttl.threadpool.TtlExecutorsTest
2022-09-09T09:58:56.9094838Z [INFO] Running com.alibaba.ttl.threadpool.TtlForkJoinPoolHelperTest
2022-09-09T09:58:56.9180718Z [INFO] Tests run: 2, Failures: 0, Errors: 0, Skipped: 0, Time elapsed: 0.013 s - in com.alibaba.ttl.threadpool.TtlForkJoinPoolHelperTest
2022-09-09T09:58:56.9201460Z [INFO] Running com.alibaba.ttl.threadpool.agent.TtlAgentHelperTest
2022-09-09T09:58:57.0077845Z [INFO] Tests run: 4, Failures: 0, Errors: 0, Skipped: 0, Time elapsed: 0.031 s - in com.alibaba.ttl.threadpool.agent.TtlAgentHelperTest
2022-09-09T09:58:57.0078918Z [INFO] Running com.alibaba.ttl.threadpool.agent.TtlExtensionTransformletManagerTest
2022-09-09T09:58:57.0183790Z 2022-09-09 09:58:57.009 SEVERE [pool-8-thread-1 @coroutine#139] TtlExtensionTransformletManager: Illegal syntax spaceInside spacein configuration filefile:/home/runner/work/transmittable-thread-local/transmittable-thread-local/ttl2-compatible/target/test-classes/test_extension/foo.txt, contains space or tab; ignore this line!
2022-09-09T09:58:57.0186069Z 2022-09-09 09:58:57.010 SEVERE [pool-8-thread-1 @coroutine#139] TtlExtensionTransformletManager: Illegal syntax tabInside	tabin configuration filefile:/home/runner/work/transmittable-thread-local/transmittable-thread-local/ttl2-compatible/target/test-classes/test_extension/foo.txt, contains space or tab; ignore this line!
2022-09-09T09:58:57.0187973Z 2022-09-09 09:58:57.010 SEVERE [pool-8-thread-1 @coroutine#139] TtlExtensionTransformletManager: Illegal extension class name: hello.!IllegalName in configuration file file:/home/runner/work/transmittable-thread-local/transmittable-thread-local/ttl2-compatible/target/test-classes/test_extension/foo.txt; ignore this line!
2022-09-09T09:58:57.0237060Z [INFO] Tests run: 1, Failures: 0, Errors: 0, Skipped: 0, Time elapsed: 0.062 s - in com.alibaba.ttl.threadpool.agent.TtlExtensionTransformletManagerTest
2022-09-09T09:58:57.0243967Z [INFO] Running com.alibaba.ttl.threadpool.agent.transformlet.helper.TtlTransformletHelperTest
2022-09-09T09:58:57.0473003Z [INFO] Tests run: 3, Failures: 0, Errors: 0, Skipped: 0, Time elapsed: 0.021 s - in com.alibaba.ttl.threadpool.agent.transformlet.helper.TtlTransformletHelperTest
2022-09-09T09:58:57.0477429Z [INFO] Running com.alibaba.user_api_test.ttl.TransmittableThreadLocal_Transmitter_UserTest
2022-09-09T09:58:57.1387827Z [INFO] Tests run: 6, Failures: 0, Errors: 0, Skipped: 0, Time elapsed: 0.034 s - in com.alibaba.user_api_test.ttl.TransmittableThreadLocal_Transmitter_UserTest
2022-09-09T09:58:57.1392762Z [INFO] Running com.alibaba.user_api_test.ttl.TransmittableThreadLocal_Transmitter_registerTransmittee_UserTest
2022-09-09T09:58:59.2345922Z [INFO] Tests run: 2, Failures: 0, Errors: 0, Skipped: 0, Time elapsed: 2.137 s - in com.alibaba.user_api_test.ttl.TransmittableThreadLocal_Transmitter_registerTransmittee_UserTest
2022-09-09T09:58:59.2364062Z [INFO] Running com.alibaba.user_api_test.ttl.TransmittableThreadLocal_withInit_Test
2022-09-09T09:58:59.3282840Z [INFO] Tests run: 3, Failures: 0, Errors: 0, Skipped: 0, Time elapsed: 0.077 s - in com.alibaba.user_api_test.ttl.TransmittableThreadLocal_withInit_Test
2022-09-09T09:58:59.4353821Z [INFO] Running com.alibaba.ttl.threadpool.ExecutorClassesTest
2022-09-09T09:58:59.5205592Z [INFO] Tests run: 2, Failures: 0, Errors: 0, Skipped: 0, Time elapsed: 0.077 s - in com.alibaba.ttl.threadpool.ExecutorClassesTest
2022-09-09T09:58:59.5238785Z [INFO] Running com.alibaba.ttl.threadpool.agent.transformlet.internal.UtilsTest
2022-09-09T09:58:59.5387081Z [INFO] Tests run: 1, Failures: 0, Errors: 0, Skipped: 0, Time elapsed: 0.007 s - in com.alibaba.ttl.threadpool.agent.transformlet.internal.UtilsTest
2022-09-09T09:58:59.5400875Z [INFO] Running com.alibaba.ttl.reported_bugs.Bug70_Test
2022-09-09T09:58:59.5548716Z [INFO] Tests run: 1, Failures: 0, Errors: 0, Skipped: 0, Time elapsed: 0.009 s - in com.alibaba.ttl.reported_bugs.Bug70_Test
2022-09-09T09:58:59.5614970Z [INFO] Running com.alibaba.test.ttl.threadpool.BeforeAndAfterExecuteMethodOfExecutorSubclassTest
2022-09-09T09:58:59.5936855Z [INFO] Tests run: 4, Failures: 0, Errors: 0, Skipped: 0, Time elapsed: 0.03 s - in com.alibaba.test.ttl.threadpool.BeforeAndAfterExecuteMethodOfExecutorSubclassTest
2022-09-09T09:58:59.5941223Z [INFO] Running com.alibaba.user_api_test.ttl.DisableIgnoreNullValueSemanticsTest
2022-09-09T09:58:59.6427786Z [INFO] Tests run: 4, Failures: 0, Errors: 0, Skipped: 0, Time elapsed: 0.043 s - in com.alibaba.user_api_test.ttl.DisableIgnoreNullValueSemanticsTest
2022-09-09T09:58:59.6431699Z [INFO] Running com.alibaba.user_api_test.ttl.TransmittableThreadLocal_withInit_Null_Test
2022-09-09T09:58:59.6574018Z [INFO] Tests run: 3, Failures: 0, Errors: 0, Skipped: 0, Time elapsed: 0.01 s - in com.alibaba.user_api_test.ttl.TransmittableThreadLocal_withInit_Null_Test
2022-09-09T09:58:59.7018948Z [INFO] 
2022-09-09T09:58:59.7019540Z [INFO] Results:
2022-09-09T09:58:59.7020232Z [INFO] 
2022-09-09T09:58:59.7020695Z [WARNING] Tests run: 129, Failures: 0, Errors: 0, Skipped: 1
2022-09-09T09:58:59.7021124Z [INFO] 
2022-09-09T09:58:59.7021485Z [INFO] 
2022-09-09T09:58:59.7022348Z [INFO] --- maven-jar-plugin:3.2.2:jar (default-jar) @ transmittable-thread-local ---
2022-09-09T09:58:59.7183894Z [INFO] Building jar: /home/runner/work/transmittable-thread-local/transmittable-thread-local/ttl2-compatible/target/transmittable-thread-local-3.x-SNAPSHOT.jar
2022-09-09T09:58:59.7555809Z [INFO] 
2022-09-09T09:58:59.7559589Z [INFO] --- maven-shade-plugin:3.3.0:shade (shade-when-package) @ transmittable-thread-local ---
2022-09-09T09:58:59.7585203Z [INFO] Including org.javassist:javassist:jar:3.29.0-GA in the shaded jar.
2022-09-09T09:58:59.7588749Z [INFO] Excluding com.github.spotbugs:spotbugs-annotations:jar:4.7.1 from the shaded jar.
2022-09-09T09:58:59.7591756Z [INFO] Excluding com.google.code.findbugs:jsr305:jar:3.0.2 from the shaded jar.
2022-09-09T09:58:59.7594654Z [INFO] Excluding org.jetbrains:annotations:jar:23.0.0 from the shaded jar.
2022-09-09T09:58:59.7599308Z [INFO] Dependency-reduced POM written at: /home/runner/work/transmittable-thread-local/transmittable-thread-local/ttl2-compatible/dependency-reduced-pom.xml
2022-09-09T09:59:00.1671226Z [INFO] Replacing original artifact with shaded artifact.
2022-09-09T09:59:00.1674713Z [INFO] Replacing /home/runner/work/transmittable-thread-local/transmittable-thread-local/ttl2-compatible/target/transmittable-thread-local-3.x-SNAPSHOT.jar with /home/runner/work/transmittable-thread-local/transmittable-thread-local/ttl2-compatible/target/transmittable-thread-local-3.x-SNAPSHOT-shaded.jar
2022-09-09T09:59:00.1679411Z [INFO] 
2022-09-09T09:59:00.1681345Z [INFO] --------------< com.alibaba.ttl3:vertx4-ttl-integration >---------------
2022-09-09T09:59:00.1683182Z [INFO] Building vertx4-ttl-integration 0.1.0-SNAPSHOT                     [6/8]
2022-09-09T09:59:00.1684993Z [INFO] --------------------------------[ jar ]---------------------------------
2022-09-09T09:59:00.2446400Z [INFO] 
2022-09-09T09:59:00.2448809Z [INFO] --- maven-clean-plugin:3.2.0:clean (default-clean) @ vertx4-ttl-integration ---
2022-09-09T09:59:00.2461215Z [INFO] 
2022-09-09T09:59:00.2463166Z [INFO] --- maven-enforcer-plugin:3.1.0:enforce (enforce-maven) @ vertx4-ttl-integration ---
2022-09-09T09:59:00.2469377Z [INFO] 
2022-09-09T09:59:00.2471405Z [INFO] --- maven-resources-plugin:3.3.0:resources (default-resources) @ vertx4-ttl-integration ---
2022-09-09T09:59:00.2484460Z [INFO] Copying 1 resource
2022-09-09T09:59:00.2489082Z [INFO] 
2022-09-09T09:59:00.2490804Z [INFO] --- kotlin-maven-plugin:1.7.10:compile (compile) @ vertx4-ttl-integration ---
2022-09-09T09:59:00.2509378Z [WARNING] No sources found skipping Kotlin compile
2022-09-09T09:59:00.2511817Z [INFO] 
2022-09-09T09:59:00.2514080Z [INFO] --- maven-compiler-plugin:3.10.1:compile (java-compile) @ vertx4-ttl-integration ---
2022-09-09T09:59:00.2536944Z [INFO] Changes detected - recompiling the module!
2022-09-09T09:59:00.2544521Z [INFO] Compiling 3 source files to /home/runner/work/transmittable-thread-local/transmittable-thread-local/ttl-integrations/vertx4-ttl-integration/target/classes
2022-09-09T09:59:00.3273960Z [INFO] 
2022-09-09T09:59:00.3276247Z [INFO] --- maven-resources-plugin:3.3.0:testResources (default-testResources) @ vertx4-ttl-integration ---
2022-09-09T09:59:00.3288072Z [INFO] skip non existing resourceDirectory /home/runner/work/transmittable-thread-local/transmittable-thread-local/ttl-integrations/vertx4-ttl-integration/src/test/resources
2022-09-09T09:59:00.3290819Z [INFO] 
2022-09-09T09:59:00.3292755Z [INFO] --- kotlin-maven-plugin:1.7.10:test-compile (test-compile) @ vertx4-ttl-integration ---
2022-09-09T09:59:00.3308837Z [WARNING] No sources found skipping Kotlin compile
2022-09-09T09:59:00.3311117Z [INFO] 
2022-09-09T09:59:00.3313071Z [INFO] --- maven-compiler-plugin:3.10.1:testCompile (java-test-compile) @ vertx4-ttl-integration ---
2022-09-09T09:59:00.3328755Z [INFO] Changes detected - recompiling the module!
2022-09-09T09:59:00.3333546Z [INFO] Compiling 1 source file to /home/runner/work/transmittable-thread-local/transmittable-thread-local/ttl-integrations/vertx4-ttl-integration/target/test-classes
2022-09-09T09:59:00.4738997Z [INFO] 
2022-09-09T09:59:00.4743011Z [INFO] --- maven-surefire-plugin:3.0.0-M7:test (default-test) @ vertx4-ttl-integration ---
2022-09-09T09:59:00.4768880Z [INFO] Tests are skipped.
2022-09-09T09:59:00.4772933Z [INFO] 
2022-09-09T09:59:00.4776279Z [INFO] --- maven-jar-plugin:3.2.2:jar (default-jar) @ vertx4-ttl-integration ---
2022-09-09T09:59:00.4814425Z [INFO] Building jar: /home/runner/work/transmittable-thread-local/transmittable-thread-local/ttl-integrations/vertx4-ttl-integration/target/vertx4-ttl-integration-0.1.0-SNAPSHOT.jar
2022-09-09T09:59:00.4978189Z [INFO] 
2022-09-09T09:59:00.4979029Z [INFO] --------------< com.alibaba.ttl3:vertx3-ttl-integration >---------------
2022-09-09T09:59:00.4979768Z [INFO] Building vertx3-ttl-integration 0.1.0-SNAPSHOT                     [7/8]
2022-09-09T09:59:00.4980691Z [INFO] --------------------------------[ jar ]---------------------------------
2022-09-09T09:59:00.5129455Z [INFO] 
2022-09-09T09:59:00.5132788Z [INFO] --- maven-clean-plugin:3.2.0:clean (default-clean) @ vertx3-ttl-integration ---
2022-09-09T09:59:00.5141993Z [INFO] 
2022-09-09T09:59:00.5145363Z [INFO] --- maven-enforcer-plugin:3.1.0:enforce (enforce-maven) @ vertx3-ttl-integration ---
2022-09-09T09:59:00.5152905Z [INFO] 
2022-09-09T09:59:00.5156293Z [INFO] --- maven-resources-plugin:3.3.0:resources (default-resources) @ vertx3-ttl-integration ---
2022-09-09T09:59:00.5171295Z [INFO] Copying 1 resource
2022-09-09T09:59:00.5185184Z [INFO] 
2022-09-09T09:59:00.5188890Z [INFO] --- kotlin-maven-plugin:1.7.10:compile (compile) @ vertx3-ttl-integration ---
2022-09-09T09:59:00.5203254Z [WARNING] No sources found skipping Kotlin compile
2022-09-09T09:59:00.5216384Z [INFO] 
2022-09-09T09:59:00.5221027Z [INFO] --- maven-compiler-plugin:3.10.1:compile (java-compile) @ vertx3-ttl-integration ---
2022-09-09T09:59:00.5243326Z [INFO] Changes detected - recompiling the module!
2022-09-09T09:59:00.5250270Z [INFO] Compiling 3 source files to /home/runner/work/transmittable-thread-local/transmittable-thread-local/ttl-integrations/vertx3-ttl-integration/target/classes
2022-09-09T09:59:00.6131925Z [INFO] 
2022-09-09T09:59:00.6135838Z [INFO] --- maven-resources-plugin:3.3.0:testResources (default-testResources) @ vertx3-ttl-integration ---
2022-09-09T09:59:00.6150410Z [INFO] skip non existing resourceDirectory /home/runner/work/transmittable-thread-local/transmittable-thread-local/ttl-integrations/vertx3-ttl-integration/src/test/resources
2022-09-09T09:59:00.6157062Z [INFO] 
2022-09-09T09:59:00.6160432Z [INFO] --- kotlin-maven-plugin:1.7.10:test-compile (test-compile) @ vertx3-ttl-integration ---
2022-09-09T09:59:00.6174197Z [WARNING] No sources found skipping Kotlin compile
2022-09-09T09:59:00.6178657Z [INFO] 
2022-09-09T09:59:00.6182168Z [INFO] --- maven-compiler-plugin:3.10.1:testCompile (java-test-compile) @ vertx3-ttl-integration ---
2022-09-09T09:59:00.6239728Z [INFO] Changes detected - recompiling the module!
2022-09-09T09:59:00.6246252Z [INFO] Compiling 1 source file to /home/runner/work/transmittable-thread-local/transmittable-thread-local/ttl-integrations/vertx3-ttl-integration/target/test-classes
2022-09-09T09:59:00.8077720Z [INFO] /home/runner/work/transmittable-thread-local/transmittable-thread-local/ttl-integrations/vertx3-ttl-integration/src/test/java/com/alibaba/ttl/integration/vertx3/VertxTransformletTest.java: /home/runner/work/transmittable-thread-local/transmittable-thread-local/ttl-integrations/vertx3-ttl-integration/src/test/java/com/alibaba/ttl/integration/vertx3/VertxTransformletTest.java uses or overrides a deprecated API.
2022-09-09T09:59:00.8082334Z [INFO] /home/runner/work/transmittable-thread-local/transmittable-thread-local/ttl-integrations/vertx3-ttl-integration/src/test/java/com/alibaba/ttl/integration/vertx3/VertxTransformletTest.java: Recompile with -Xlint:deprecation for details.
2022-09-09T09:59:00.8087285Z [INFO] 
2022-09-09T09:59:00.8090985Z [INFO] --- maven-surefire-plugin:3.0.0-M7:test (default-test) @ vertx3-ttl-integration ---
2022-09-09T09:59:00.8132619Z [INFO] Tests are skipped.
2022-09-09T09:59:00.8136338Z [INFO] 
2022-09-09T09:59:00.8139890Z [INFO] --- maven-jar-plugin:3.2.2:jar (default-jar) @ vertx3-ttl-integration ---
2022-09-09T09:59:00.8194929Z [INFO] Building jar: /home/runner/work/transmittable-thread-local/transmittable-thread-local/ttl-integrations/vertx3-ttl-integration/target/vertx3-ttl-integration-0.1.0-SNAPSHOT.jar
2022-09-09T09:59:00.8658481Z [INFO] 
2022-09-09T09:59:00.8659511Z [INFO] ------< com.alibaba.ttl3:sample-ttl-agent-extension-transformlet >------
2022-09-09T09:59:00.8660296Z [INFO] Building sample-ttl-agent-extension-transformlet 1.0.0-SNAPSHOT    [8/8]
2022-09-09T09:59:00.8661012Z [INFO] --------------------------------[ jar ]---------------------------------
2022-09-09T09:59:00.9936466Z [INFO] 
2022-09-09T09:59:00.9940912Z [INFO] --- maven-clean-plugin:2.5:clean (default-clean) @ sample-ttl-agent-extension-transformlet ---
2022-09-09T09:59:01.0109395Z [INFO] 
2022-09-09T09:59:01.0113259Z [INFO] --- maven-resources-plugin:2.6:resources (default-resources) @ sample-ttl-agent-extension-transformlet ---
2022-09-09T09:59:01.1365449Z [INFO] Using 'UTF-8' encoding to copy filtered resources.
2022-09-09T09:59:01.1398507Z [INFO] Copying 1 resource
2022-09-09T09:59:01.1447137Z [INFO] 
2022-09-09T09:59:01.1450666Z [INFO] --- maven-compiler-plugin:3.1:compile (default-compile) @ sample-ttl-agent-extension-transformlet ---
2022-09-09T09:59:01.2297912Z [INFO] Changes detected - recompiling the module!
2022-09-09T09:59:01.2363109Z [INFO] Compiling 3 source files to /home/runner/work/transmittable-thread-local/transmittable-thread-local/ttl-integrations/sample-ttl-agent-extension-transformlet/target/classes
2022-09-09T09:59:01.2746429Z [INFO] 
2022-09-09T09:59:01.2749915Z [INFO] --- maven-resources-plugin:2.6:testResources (default-testResources) @ sample-ttl-agent-extension-transformlet ---
2022-09-09T09:59:01.2771786Z [INFO] Using 'UTF-8' encoding to copy filtered resources.
2022-09-09T09:59:01.2776033Z [INFO] skip non existing resourceDirectory /home/runner/work/transmittable-thread-local/transmittable-thread-local/ttl-integrations/sample-ttl-agent-extension-transformlet/src/test/resources
2022-09-09T09:59:01.2780618Z [INFO] 
2022-09-09T09:59:01.2784279Z [INFO] --- maven-compiler-plugin:3.1:testCompile (default-testCompile) @ sample-ttl-agent-extension-transformlet ---
2022-09-09T09:59:01.2845565Z [INFO] Changes detected - recompiling the module!
2022-09-09T09:59:01.2852173Z [INFO] Compiling 1 source file to /home/runner/work/transmittable-thread-local/transmittable-thread-local/ttl-integrations/sample-ttl-agent-extension-transformlet/target/test-classes
2022-09-09T09:59:01.3139172Z [INFO] 
2022-09-09T09:59:01.3142631Z [INFO] --- maven-surefire-plugin:2.22.2:test (default-test) @ sample-ttl-agent-extension-transformlet ---
2022-09-09T09:59:01.4850007Z [INFO] 
2022-09-09T09:59:01.4853700Z [INFO] -------------------------------------------------------
2022-09-09T09:59:01.4857518Z [INFO]  T E S T S
2022-09-09T09:59:01.4860656Z [INFO] -------------------------------------------------------
2022-09-09T09:59:01.9008589Z [INFO] Running com.alibaba.ttl.agent.extension_transformlet.sample.biz.ToBeTransformedClassTest
2022-09-09T09:59:01.9885755Z ========================================
2022-09-09T09:59:01.9900837Z Test WITHOUT TTL Agent
2022-09-09T09:59:01.9903989Z ========================================
2022-09-09T09:59:02.0070608Z [INFO] Tests run: 1, Failures: 0, Errors: 0, Skipped: 0, Time elapsed: 0.099 s - in com.alibaba.ttl.agent.extension_transformlet.sample.biz.ToBeTransformedClassTest
2022-09-09T09:59:02.3356927Z [INFO] 
2022-09-09T09:59:02.3357408Z [INFO] Results:
2022-09-09T09:59:02.3357826Z [INFO] 
2022-09-09T09:59:02.3358372Z [INFO] Tests run: 1, Failures: 0, Errors: 0, Skipped: 0
2022-09-09T09:59:02.3358872Z [INFO] 
2022-09-09T09:59:02.3419803Z [INFO] 
2022-09-09T09:59:02.3421114Z [INFO] --- maven-jar-plugin:2.4:jar (default-jar) @ sample-ttl-agent-extension-transformlet ---
2022-09-09T09:59:02.4472012Z [INFO] Building jar: /home/runner/work/transmittable-thread-local/transmittable-thread-local/ttl-integrations/sample-ttl-agent-extension-transformlet/target/sample-ttl-agent-extension-transformlet-1.0.0-SNAPSHOT.jar
2022-09-09T09:59:02.4608715Z [INFO] ------------------------------------------------------------------------
2022-09-09T09:59:02.4609319Z [INFO] Reactor Summary:
2022-09-09T09:59:02.4609642Z [INFO] 
2022-09-09T09:59:02.4610717Z [INFO] ttl3-parent 3.x-SNAPSHOT ........................... SUCCESS [  1.091 s]
2022-09-09T09:59:02.4613265Z [INFO] TransmittableThreadLocal(TTL) 3.x-SNAPSHOT ......... SUCCESS [ 25.886 s]
2022-09-09T09:59:02.4614042Z [INFO] TransmittableThreadLocal(TTL) kotlin support 3.x-SNAPSHOT SUCCESS [  6.221 s]
2022-09-09T09:59:02.4614744Z [INFO] TransmittableThreadLocal(TTL) Agent 3.x-SNAPSHOT ... SUCCESS [  1.511 s]
2022-09-09T09:59:02.4615457Z [INFO] TransmittableThreadLocal(TTL) v2 compatible 3.x-SNAPSHOT SUCCESS [ 22.206 s]
2022-09-09T09:59:02.4616413Z [INFO] vertx4-ttl-integration 0.1.0-SNAPSHOT .............. SUCCESS [  0.323 s]
2022-09-09T09:59:02.4617236Z [INFO] vertx3-ttl-integration 0.1.0-SNAPSHOT .............. SUCCESS [  0.371 s]
2022-09-09T09:59:02.4617955Z [INFO] sample-ttl-agent-extension-transformlet 1.0.0-SNAPSHOT SUCCESS [  1.599 s]
2022-09-09T09:59:02.4618653Z [INFO] ------------------------------------------------------------------------
2022-09-09T09:59:02.4619126Z [INFO] BUILD SUCCESS
2022-09-09T09:59:02.4619689Z [INFO] ------------------------------------------------------------------------
2022-09-09T09:59:02.4620138Z [INFO] Total time:  59.451 s
2022-09-09T09:59:02.4620597Z [INFO] Finished at: 2022-09-09T09:59:02Z
2022-09-09T09:59:02.4621157Z [INFO] ------------------------------------------------------------------------
2022-09-09T09:59:02.5108260Z ##[group]Run ../mvnw -V --no-transfer-progress -Penable-ttl-agent-for-test surefire:test '-Dttl.agent.extra.d.options=-Drun-ttl-test-under-agent-with-enable-timer-task=true'
2022-09-09T09:59:02.5109256Z [36;1m../mvnw -V --no-transfer-progress -Penable-ttl-agent-for-test surefire:test '-Dttl.agent.extra.d.options=-Drun-ttl-test-under-agent-with-enable-timer-task=true'[0m
2022-09-09T09:59:02.5170617Z shell: /usr/bin/bash -e {0}
2022-09-09T09:59:02.5170873Z env:
2022-09-09T09:59:02.5171188Z   JAVA_HOME: /opt/hostedtoolcache/Java_Zulu_jdk/11.0.16-8/x64
2022-09-09T09:59:02.5171595Z   JAVA_HOME_11_X64: /opt/hostedtoolcache/Java_Zulu_jdk/11.0.16-8/x64
2022-09-09T09:59:02.5171916Z ##[endgroup]
2022-09-09T09:59:02.8339904Z Apache Maven 3.8.6 (84538c9988a25aec085021c365c560670ad80f63)
2022-09-09T09:59:02.8340953Z Maven home: /home/runner/.m2/wrapper/dists/apache-maven-3.8.6-bin/1ks0nkde5v1pk9vtc31i9d0lcd/apache-maven-3.8.6
2022-09-09T09:59:02.8341767Z Java version: 11.0.16, vendor: Azul Systems, Inc., runtime: /opt/hostedtoolcache/Java_Zulu_jdk/11.0.16-8/x64
2022-09-09T09:59:02.8342232Z Default locale: en, platform encoding: UTF-8
2022-09-09T09:59:02.8343084Z OS name: "linux", version: "5.15.0-1019-azure", arch: "amd64", family: "unix"
2022-09-09T09:59:03.9343783Z [INFO] Scanning for projects...
2022-09-09T09:59:04.2493642Z [INFO] 
2022-09-09T09:59:04.2500193Z [INFO] ---------------< com.alibaba:transmittable-thread-local >---------------
2022-09-09T09:59:04.2504405Z [INFO] Building TransmittableThreadLocal(TTL) v2 compatible 3.x-SNAPSHOT
2022-09-09T09:59:04.2508133Z [INFO] --------------------------------[ jar ]---------------------------------
2022-09-09T09:59:04.5020562Z [INFO] 
2022-09-09T09:59:04.5028078Z [INFO] --- maven-surefire-plugin:3.0.0-M7:test (default-cli) @ transmittable-thread-local ---
2022-09-09T09:59:04.8926721Z [INFO] Using auto detected provider org.apache.maven.surefire.junitplatform.JUnitPlatformProvider
2022-09-09T09:59:05.1157193Z [INFO] 
2022-09-09T09:59:05.1158389Z [INFO] -------------------------------------------------------
2022-09-09T09:59:05.1159314Z [INFO]  T E S T S
2022-09-09T09:59:05.1159971Z [INFO] -------------------------------------------------------
2022-09-09T09:59:10.3598664Z [INFO] Running com.alibaba.demo.coroutine.CoroutineThreadContextElementTest
2022-09-09T09:59:11.2639544Z [INFO] Tests run: 3, Failures: 0, Errors: 0, Skipped: 0, Time elapsed: 0.875 s - in com.alibaba.demo.coroutine.CoroutineThreadContextElementTest
2022-09-09T09:59:11.2651669Z [INFO] Running com.alibaba.demo.coroutine.ttl_intergration.usage.TtlCoroutineContextTest
2022-09-09T09:59:11.3333187Z [INFO] Tests run: 3, Failures: 0, Errors: 0, Skipped: 0, Time elapsed: 0.086 s - in com.alibaba.demo.coroutine.ttl_intergration.usage.TtlCoroutineContextTest
2022-09-09T09:59:11.3334969Z [INFO] Running com.alibaba.it.TimerAgentCheckTest
2022-09-09T09:59:11.4040875Z [INFO] Tests run: 1, Failures: 0, Errors: 0, Skipped: 0, Time elapsed: 0.069 s - in com.alibaba.it.TimerAgentCheckTest
2022-09-09T09:59:11.4059217Z [INFO] Running com.alibaba.third_part_lib_test.ExecutorsTest
2022-09-09T09:59:11.4639857Z [INFO] Tests run: 1, Failures: 0, Errors: 0, Skipped: 0, Time elapsed: 0.061 s - in com.alibaba.third_part_lib_test.ExecutorsTest
2022-09-09T09:59:11.4643268Z [INFO] Running com.alibaba.third_part_lib_test.ForkJoinPoolTest
2022-09-09T09:59:11.4983570Z [INFO] Tests run: 1, Failures: 0, Errors: 0, Skipped: 0, Time elapsed: 0.028 s - in com.alibaba.third_part_lib_test.ForkJoinPoolTest
2022-09-09T09:59:11.4988652Z [INFO] Running com.alibaba.third_part_lib_test.JavassistTest
2022-09-09T09:59:11.5172238Z [WARNING] Tests run: 2, Failures: 0, Errors: 0, Skipped: 2, Time elapsed: 0.015 s - in com.alibaba.third_part_lib_test.JavassistTest
2022-09-09T09:59:11.5175627Z [INFO] Running com.alibaba.ttl.InheritableTest
2022-09-09T09:59:11.5982678Z [INFO] Tests run: 12, Failures: 0, Errors: 0, Skipped: 0, Time elapsed: 0.086 s - in com.alibaba.ttl.InheritableTest
2022-09-09T09:59:11.5988640Z [INFO] Running com.alibaba.ttl.TtlCallableTest
2022-09-09T09:59:11.6662677Z [INFO] Tests run: 9, Failures: 0, Errors: 0, Skipped: 0, Time elapsed: 0.068 s - in com.alibaba.ttl.TtlCallableTest
2022-09-09T09:59:11.6666116Z [INFO] Running com.alibaba.ttl.TtlRunnableTest
2022-09-09T09:59:11.7699805Z [INFO] Tests run: 12, Failures: 0, Errors: 0, Skipped: 0, Time elapsed: 0.098 s - in com.alibaba.ttl.TtlRunnableTest
2022-09-09T09:59:11.7704677Z [INFO] Running com.alibaba.ttl.TtlTimerTaskTest
2022-09-09T09:59:11.7848138Z [INFO] Tests run: 2, Failures: 0, Errors: 0, Skipped: 0, Time elapsed: 0.026 s - in com.alibaba.ttl.TtlTimerTaskTest
2022-09-09T09:59:11.7858907Z [INFO] Running com.alibaba.ttl.TtlWrappersTest
2022-09-09T09:59:11.8332056Z [INFO] Tests run: 7, Failures: 0, Errors: 0, Skipped: 0, Time elapsed: 0.041 s - in com.alibaba.ttl.TtlWrappersTest
2022-09-09T09:59:11.8336114Z [INFO] Running com.alibaba.ttl.forkjoin.ForkJoinPool4RunnableCallableTest
2022-09-09T09:59:11.8567971Z [INFO] Tests run: 2, Failures: 0, Errors: 0, Skipped: 0, Time elapsed: 0.027 s - in com.alibaba.ttl.forkjoin.ForkJoinPool4RunnableCallableTest
2022-09-09T09:59:11.8571557Z [INFO] Running com.alibaba.ttl.forkjoin.ForkJoinPool4StreamTest
2022-09-09T09:59:11.9395240Z [INFO] Tests run: 2, Failures: 0, Errors: 0, Skipped: 0, Time elapsed: 0.072 s - in com.alibaba.ttl.forkjoin.ForkJoinPool4StreamTest
2022-09-09T09:59:11.9399255Z [INFO] Running com.alibaba.ttl.forkjoin.recursive_action.TtlRecursiveActionTest
2022-09-09T09:59:11.9623655Z [INFO] Tests run: 2, Failures: 0, Errors: 0, Skipped: 0, Time elapsed: 0.031 s - in com.alibaba.ttl.forkjoin.recursive_action.TtlRecursiveActionTest
2022-09-09T09:59:11.9627141Z [INFO] Running com.alibaba.ttl.forkjoin.recursive_task.TtlRecursiveTaskTest
2022-09-09T09:59:11.9939896Z [INFO] Tests run: 2, Failures: 0, Errors: 0, Skipped: 0, Time elapsed: 0.029 s - in com.alibaba.ttl.forkjoin.recursive_task.TtlRecursiveTaskTest
2022-09-09T09:59:11.9943584Z [INFO] Running com.alibaba.ttl.threadlocal_integration.ThreadLocalIntegrationTest
2022-09-09T09:59:12.0425658Z [INFO] Tests run: 6, Failures: 0, Errors: 0, Skipped: 0, Time elapsed: 0.049 s - in com.alibaba.ttl.threadlocal_integration.ThreadLocalIntegrationTest
2022-09-09T09:59:12.0429771Z [INFO] Running com.alibaba.ttl.threadpool.ScheduledExecutorServiceTtlWrapperTest
2022-09-09T09:59:12.3584163Z [INFO] Tests run: 12, Failures: 0, Errors: 0, Skipped: 0, Time elapsed: 0.301 s - in com.alibaba.ttl.threadpool.ScheduledExecutorServiceTtlWrapperTest
2022-09-09T09:59:12.3592964Z [INFO] Running com.alibaba.ttl.threadpool.TtlExecutorsTest
2022-09-09T09:59:12.4309940Z [INFO] Tests run: 14, Failures: 0, Errors: 0, Skipped: 0, Time elapsed: 0.082 s - in com.alibaba.ttl.threadpool.TtlExecutorsTest
2022-09-09T09:59:12.4358640Z [INFO] Running com.alibaba.ttl.threadpool.TtlForkJoinPoolHelperTest
2022-09-09T09:59:12.4441818Z [INFO] Tests run: 2, Failures: 0, Errors: 0, Skipped: 0, Time elapsed: 0.015 s - in com.alibaba.ttl.threadpool.TtlForkJoinPoolHelperTest
2022-09-09T09:59:12.4470105Z [INFO] Running com.alibaba.ttl.threadpool.agent.TtlAgentHelperTest
2022-09-09T09:59:12.4648830Z [WARNING] Tests run: 4, Failures: 0, Errors: 0, Skipped: 4, Time elapsed: 0.015 s - in com.alibaba.ttl.threadpool.agent.TtlAgentHelperTest
2022-09-09T09:59:12.4652219Z [INFO] Running com.alibaba.ttl.threadpool.agent.TtlExtensionTransformletManagerTest
2022-09-09T09:59:12.4704357Z [WARNING] Tests run: 1, Failures: 0, Errors: 0, Skipped: 1, Time elapsed: 0.011 s - in com.alibaba.ttl.threadpool.agent.TtlExtensionTransformletManagerTest
2022-09-09T09:59:12.4707737Z [INFO] Running com.alibaba.ttl.threadpool.agent.transformlet.helper.TtlTransformletHelperTest
2022-09-09T09:59:12.4933254Z [INFO] Tests run: 3, Failures: 0, Errors: 0, Skipped: 0, Time elapsed: 0.019 s - in com.alibaba.ttl.threadpool.agent.transformlet.helper.TtlTransformletHelperTest
2022-09-09T09:59:12.4938089Z [INFO] Running com.alibaba.user_api_test.ttl.TransmittableThreadLocal_Transmitter_UserTest
2022-09-09T09:59:12.5267834Z [INFO] Tests run: 6, Failures: 0, Errors: 0, Skipped: 0, Time elapsed: 0.034 s - in com.alibaba.user_api_test.ttl.TransmittableThreadLocal_Transmitter_UserTest
2022-09-09T09:59:12.5280866Z [INFO] Running com.alibaba.user_api_test.ttl.TransmittableThreadLocal_Transmitter_registerTransmittee_UserTest
2022-09-09T09:59:12.5434610Z [WARNING] Tests run: 2, Failures: 0, Errors: 0, Skipped: 2, Time elapsed: 0.017 s - in com.alibaba.user_api_test.ttl.TransmittableThreadLocal_Transmitter_registerTransmittee_UserTest
2022-09-09T09:59:12.5438807Z [INFO] Running com.alibaba.user_api_test.ttl.TransmittableThreadLocal_withInit_Test
2022-09-09T09:59:12.5870621Z [INFO] Tests run: 3, Failures: 0, Errors: 0, Skipped: 0, Time elapsed: 0.038 s - in com.alibaba.user_api_test.ttl.TransmittableThreadLocal_withInit_Test
2022-09-09T09:59:12.7281060Z [INFO] Running com.alibaba.ttl.threadpool.ExecutorClassesTest
2022-09-09T09:59:12.7942032Z [INFO] Tests run: 2, Failures: 0, Errors: 0, Skipped: 0, Time elapsed: 0.063 s - in com.alibaba.ttl.threadpool.ExecutorClassesTest
2022-09-09T09:59:12.7948207Z [INFO] Running com.alibaba.ttl.threadpool.agent.transformlet.internal.UtilsTest
2022-09-09T09:59:12.8021289Z [INFO] Tests run: 1, Failures: 0, Errors: 0, Skipped: 0, Time elapsed: 0.006 s - in com.alibaba.ttl.threadpool.agent.transformlet.internal.UtilsTest
2022-09-09T09:59:12.8029731Z [INFO] Running com.alibaba.ttl.reported_bugs.Bug70_Test
2022-09-09T09:59:12.8099996Z [INFO] Tests run: 1, Failures: 0, Errors: 0, Skipped: 0, Time elapsed: 0.005 s - in com.alibaba.ttl.reported_bugs.Bug70_Test
2022-09-09T09:59:12.8101116Z [INFO] Running com.alibaba.test.ttl.threadpool.BeforeAndAfterExecuteMethodOfExecutorSubclassTest
2022-09-09T09:59:12.8421754Z [INFO] Tests run: 4, Failures: 0, Errors: 0, Skipped: 0, Time elapsed: 0.028 s - in com.alibaba.test.ttl.threadpool.BeforeAndAfterExecuteMethodOfExecutorSubclassTest
2022-09-09T09:59:12.8422918Z [INFO] Running com.alibaba.user_api_test.ttl.DisableIgnoreNullValueSemanticsTest
2022-09-09T09:59:12.8539411Z [INFO] Tests run: 4, Failures: 0, Errors: 0, Skipped: 0, Time elapsed: 0.018 s - in com.alibaba.user_api_test.ttl.DisableIgnoreNullValueSemanticsTest
2022-09-09T09:59:12.8548283Z [INFO] Running com.alibaba.user_api_test.ttl.TransmittableThreadLocal_withInit_Null_Test
2022-09-09T09:59:12.8627200Z [INFO] Tests run: 3, Failures: 0, Errors: 0, Skipped: 0, Time elapsed: 0.007 s - in com.alibaba.user_api_test.ttl.TransmittableThreadLocal_withInit_Null_Test
2022-09-09T09:59:12.8976958Z [INFO] 
2022-09-09T09:59:12.8977896Z [INFO] Results:
2022-09-09T09:59:12.8978837Z [INFO] 
2022-09-09T09:59:12.8979359Z [WARNING] Tests run: 124, Failures: 0, Errors: 0, Skipped: 4
2022-09-09T09:59:12.8979848Z [INFO] 
2022-09-09T09:59:12.8992783Z [WARNING] Corrupted channel by directly writing to native stream in forked JVM 1. See FAQ web page and the dump file /home/runner/work/transmittable-thread-local/transmittable-thread-local/ttl2-compatible/target/surefire-reports/2022-09-09T09-59-04_847-jvmRun1.dumpstream
2022-09-09T09:59:12.9034938Z [INFO] ------------------------------------------------------------------------
2022-09-09T09:59:12.9035661Z [INFO] BUILD SUCCESS
2022-09-09T09:59:12.9036458Z [INFO] ------------------------------------------------------------------------
2022-09-09T09:59:12.9055246Z [INFO] Total time:  8.997 s
2022-09-09T09:59:12.9056001Z [INFO] Finished at: 2022-09-09T09:59:12Z
2022-09-09T09:59:12.9056835Z [INFO] ------------------------------------------------------------------------
2022-09-09T09:59:12.9334777Z ##[group]Run ../mvnw -V --no-transfer-progress -Penable-ttl-agent-for-test surefire:test '-Dttl.agent.extra.args=ttl.agent.disable.inheritable.for.thread.pool:true' '-Dttl.agent.extra.d.options=-Drun-ttl-test-under-agent-with-disable-inheritable=true'
2022-09-09T09:59:12.9336314Z [36;1m../mvnw -V --no-transfer-progress -Penable-ttl-agent-for-test surefire:test '-Dttl.agent.extra.args=ttl.agent.disable.inheritable.for.thread.pool:true' '-Dttl.agent.extra.d.options=-Drun-ttl-test-under-agent-with-disable-inheritable=true'[0m
2022-09-09T09:59:12.9405228Z shell: /usr/bin/bash -e {0}
2022-09-09T09:59:12.9405527Z env:
2022-09-09T09:59:12.9405881Z   JAVA_HOME: /opt/hostedtoolcache/Java_Zulu_jdk/11.0.16-8/x64
2022-09-09T09:59:12.9406330Z   JAVA_HOME_11_X64: /opt/hostedtoolcache/Java_Zulu_jdk/11.0.16-8/x64
2022-09-09T09:59:12.9406708Z ##[endgroup]
2022-09-09T09:59:13.2647094Z Apache Maven 3.8.6 (84538c9988a25aec085021c365c560670ad80f63)
2022-09-09T09:59:13.2661448Z Maven home: /home/runner/.m2/wrapper/dists/apache-maven-3.8.6-bin/1ks0nkde5v1pk9vtc31i9d0lcd/apache-maven-3.8.6
2022-09-09T09:59:13.2662500Z Java version: 11.0.16, vendor: Azul Systems, Inc., runtime: /opt/hostedtoolcache/Java_Zulu_jdk/11.0.16-8/x64
2022-09-09T09:59:13.2663672Z Default locale: en, platform encoding: UTF-8
2022-09-09T09:59:13.2664200Z OS name: "linux", version: "5.15.0-1019-azure", arch: "amd64", family: "unix"
2022-09-09T09:59:14.4064254Z [INFO] Scanning for projects...
2022-09-09T09:59:14.7533871Z [INFO] 
2022-09-09T09:59:14.7563805Z [INFO] ---------------< com.alibaba:transmittable-thread-local >---------------
2022-09-09T09:59:14.7564831Z [INFO] Building TransmittableThreadLocal(TTL) v2 compatible 3.x-SNAPSHOT
2022-09-09T09:59:14.7565896Z [INFO] --------------------------------[ jar ]---------------------------------
2022-09-09T09:59:14.9834808Z [INFO] 
2022-09-09T09:59:14.9845310Z [INFO] --- maven-surefire-plugin:3.0.0-M7:test (default-cli) @ transmittable-thread-local ---
2022-09-09T09:59:15.2952600Z [INFO] Using auto detected provider org.apache.maven.surefire.junitplatform.JUnitPlatformProvider
2022-09-09T09:59:15.4775674Z [INFO] 
2022-09-09T09:59:15.4778978Z [INFO] -------------------------------------------------------
2022-09-09T09:59:15.4781312Z [INFO]  T E S T S
2022-09-09T09:59:15.4786515Z [INFO] -------------------------------------------------------
2022-09-09T09:59:20.7691248Z [INFO] Running com.alibaba.demo.coroutine.CoroutineThreadContextElementTest
2022-09-09T09:59:21.6334752Z [INFO] Tests run: 3, Failures: 0, Errors: 0, Skipped: 0, Time elapsed: 0.84 s - in com.alibaba.demo.coroutine.CoroutineThreadContextElementTest
2022-09-09T09:59:21.6352871Z [INFO] Running com.alibaba.demo.coroutine.ttl_intergration.usage.TtlCoroutineContextTest
2022-09-09T09:59:21.7193533Z [INFO] Tests run: 3, Failures: 0, Errors: 0, Skipped: 0, Time elapsed: 0.08 s - in com.alibaba.demo.coroutine.ttl_intergration.usage.TtlCoroutineContextTest
2022-09-09T09:59:21.7194640Z [INFO] Running com.alibaba.it.TimerAgentCheckTest
2022-09-09T09:59:21.7781929Z [INFO] Tests run: 1, Failures: 0, Errors: 0, Skipped: 0, Time elapsed: 0.061 s - in com.alibaba.it.TimerAgentCheckTest
2022-09-09T09:59:21.7782928Z [INFO] Running com.alibaba.third_part_lib_test.ExecutorsTest
2022-09-09T09:59:21.8323200Z [INFO] Tests run: 1, Failures: 0, Errors: 0, Skipped: 0, Time elapsed: 0.057 s - in com.alibaba.third_part_lib_test.ExecutorsTest
2022-09-09T09:59:21.8376503Z [INFO] Running com.alibaba.third_part_lib_test.ForkJoinPoolTest
2022-09-09T09:59:21.9043612Z [INFO] Tests run: 1, Failures: 0, Errors: 0, Skipped: 0, Time elapsed: 0.061 s - in com.alibaba.third_part_lib_test.ForkJoinPoolTest
2022-09-09T09:59:21.9044606Z [INFO] Running com.alibaba.third_part_lib_test.JavassistTest
2022-09-09T09:59:21.9358107Z [WARNING] Tests run: 2, Failures: 0, Errors: 0, Skipped: 2, Time elapsed: 0.034 s - in com.alibaba.third_part_lib_test.JavassistTest
2022-09-09T09:59:21.9385495Z [INFO] Running com.alibaba.ttl.InheritableTest
2022-09-09T09:59:22.0770460Z [INFO] Tests run: 12, Failures: 0, Errors: 0, Skipped: 0, Time elapsed: 0.13 s - in com.alibaba.ttl.InheritableTest
2022-09-09T09:59:22.0771467Z [INFO] Running com.alibaba.ttl.TtlCallableTest
2022-09-09T09:59:22.1539597Z [INFO] Tests run: 9, Failures: 0, Errors: 0, Skipped: 0, Time elapsed: 0.071 s - in com.alibaba.ttl.TtlCallableTest
2022-09-09T09:59:22.1547560Z [INFO] Running com.alibaba.ttl.TtlRunnableTest
2022-09-09T09:59:22.2256956Z [INFO] Tests run: 12, Failures: 0, Errors: 0, Skipped: 0, Time elapsed: 0.074 s - in com.alibaba.ttl.TtlRunnableTest
2022-09-09T09:59:22.2332837Z [INFO] Running com.alibaba.ttl.TtlTimerTaskTest
2022-09-09T09:59:22.2481776Z [INFO] Tests run: 2, Failures: 0, Errors: 0, Skipped: 0, Time elapsed: 0.021 s - in com.alibaba.ttl.TtlTimerTaskTest
2022-09-09T09:59:22.2492830Z [INFO] Running com.alibaba.ttl.TtlWrappersTest
2022-09-09T09:59:22.3056526Z [INFO] Tests run: 7, Failures: 0, Errors: 0, Skipped: 0, Time elapsed: 0.046 s - in com.alibaba.ttl.TtlWrappersTest
2022-09-09T09:59:22.3061681Z [INFO] Running com.alibaba.ttl.forkjoin.ForkJoinPool4RunnableCallableTest
2022-09-09T09:59:22.3216504Z [INFO] Tests run: 2, Failures: 0, Errors: 0, Skipped: 0, Time elapsed: 0.019 s - in com.alibaba.ttl.forkjoin.ForkJoinPool4RunnableCallableTest
2022-09-09T09:59:22.3223065Z [INFO] Running com.alibaba.ttl.forkjoin.ForkJoinPool4StreamTest
2022-09-09T09:59:22.4038056Z [INFO] Tests run: 2, Failures: 0, Errors: 0, Skipped: 0, Time elapsed: 0.079 s - in com.alibaba.ttl.forkjoin.ForkJoinPool4StreamTest
2022-09-09T09:59:22.4042928Z [INFO] Running com.alibaba.ttl.forkjoin.recursive_action.TtlRecursiveActionTest
2022-09-09T09:59:22.4384505Z [INFO] Tests run: 2, Failures: 0, Errors: 0, Skipped: 0, Time elapsed: 0.034 s - in com.alibaba.ttl.forkjoin.recursive_action.TtlRecursiveActionTest
2022-09-09T09:59:22.4388987Z [INFO] Running com.alibaba.ttl.forkjoin.recursive_task.TtlRecursiveTaskTest
2022-09-09T09:59:22.4671250Z [INFO] Tests run: 2, Failures: 0, Errors: 0, Skipped: 0, Time elapsed: 0.03 s - in com.alibaba.ttl.forkjoin.recursive_task.TtlRecursiveTaskTest
2022-09-09T09:59:22.4676015Z [INFO] Running com.alibaba.ttl.threadlocal_integration.ThreadLocalIntegrationTest
2022-09-09T09:59:22.4922788Z [INFO] Tests run: 6, Failures: 0, Errors: 0, Skipped: 0, Time elapsed: 0.026 s - in com.alibaba.ttl.threadlocal_integration.ThreadLocalIntegrationTest
2022-09-09T09:59:22.4928059Z [INFO] Running com.alibaba.ttl.threadpool.ScheduledExecutorServiceTtlWrapperTest
2022-09-09T09:59:22.7934733Z [INFO] Tests run: 12, Failures: 0, Errors: 0, Skipped: 0, Time elapsed: 0.293 s - in com.alibaba.ttl.threadpool.ScheduledExecutorServiceTtlWrapperTest
2022-09-09T09:59:22.7935695Z [INFO] Running com.alibaba.ttl.threadpool.TtlExecutorsTest
2022-09-09T09:59:22.8576700Z [INFO] Tests run: 14, Failures: 0, Errors: 0, Skipped: 0, Time elapsed: 0.064 s - in com.alibaba.ttl.threadpool.TtlExecutorsTest
2022-09-09T09:59:22.8598845Z [INFO] Running com.alibaba.ttl.threadpool.TtlForkJoinPoolHelperTest
2022-09-09T09:59:22.8716394Z [INFO] Tests run: 2, Failures: 0, Errors: 0, Skipped: 0, Time elapsed: 0.016 s - in com.alibaba.ttl.threadpool.TtlForkJoinPoolHelperTest
2022-09-09T09:59:22.8732484Z [INFO] Running com.alibaba.ttl.threadpool.agent.TtlAgentHelperTest
2022-09-09T09:59:22.8864729Z [WARNING] Tests run: 4, Failures: 0, Errors: 0, Skipped: 4, Time elapsed: 0.01 s - in com.alibaba.ttl.threadpool.agent.TtlAgentHelperTest
2022-09-09T09:59:22.8874744Z [INFO] Running com.alibaba.ttl.threadpool.agent.TtlExtensionTransformletManagerTest
2022-09-09T09:59:22.9088980Z [WARNING] Tests run: 1, Failures: 0, Errors: 0, Skipped: 1, Time elapsed: 0.005 s - in com.alibaba.ttl.threadpool.agent.TtlExtensionTransformletManagerTest
2022-09-09T09:59:22.9098876Z [INFO] Running com.alibaba.ttl.threadpool.agent.transformlet.helper.TtlTransformletHelperTest
2022-09-09T09:59:22.9329095Z [INFO] Tests run: 3, Failures: 0, Errors: 0, Skipped: 0, Time elapsed: 0.018 s - in com.alibaba.ttl.threadpool.agent.transformlet.helper.TtlTransformletHelperTest
2022-09-09T09:59:22.9345815Z [INFO] Running com.alibaba.user_api_test.ttl.TransmittableThreadLocal_Transmitter_UserTest
2022-09-09T09:59:22.9769052Z [INFO] Tests run: 6, Failures: 0, Errors: 0, Skipped: 0, Time elapsed: 0.036 s - in com.alibaba.user_api_test.ttl.TransmittableThreadLocal_Transmitter_UserTest
2022-09-09T09:59:22.9782829Z [INFO] Running com.alibaba.user_api_test.ttl.TransmittableThreadLocal_Transmitter_registerTransmittee_UserTest
2022-09-09T09:59:23.0017921Z [WARNING] Tests run: 2, Failures: 0, Errors: 0, Skipped: 2, Time elapsed: 0.027 s - in com.alibaba.user_api_test.ttl.TransmittableThreadLocal_Transmitter_registerTransmittee_UserTest
2022-09-09T09:59:23.0145920Z [INFO] Running com.alibaba.user_api_test.ttl.TransmittableThreadLocal_withInit_Test
2022-09-09T09:59:23.0702724Z [INFO] Tests run: 3, Failures: 0, Errors: 0, Skipped: 0, Time elapsed: 0.046 s - in com.alibaba.user_api_test.ttl.TransmittableThreadLocal_withInit_Test
2022-09-09T09:59:23.1269397Z [INFO] Running com.alibaba.ttl.threadpool.ExecutorClassesTest
2022-09-09T09:59:23.1923756Z [INFO] Tests run: 2, Failures: 0, Errors: 0, Skipped: 0, Time elapsed: 0.061 s - in com.alibaba.ttl.threadpool.ExecutorClassesTest
2022-09-09T09:59:23.1924917Z [INFO] Running com.alibaba.ttl.threadpool.agent.transformlet.internal.UtilsTest
2022-09-09T09:59:23.1960888Z [INFO] Tests run: 1, Failures: 0, Errors: 0, Skipped: 0, Time elapsed: 0.001 s - in com.alibaba.ttl.threadpool.agent.transformlet.internal.UtilsTest
2022-09-09T09:59:23.1964051Z [INFO] Running com.alibaba.ttl.reported_bugs.Bug70_Test
2022-09-09T09:59:23.2074672Z [INFO] Tests run: 1, Failures: 0, Errors: 0, Skipped: 0, Time elapsed: 0.01 s - in com.alibaba.ttl.reported_bugs.Bug70_Test
2022-09-09T09:59:23.2099637Z [INFO] Running com.alibaba.test.ttl.threadpool.BeforeAndAfterExecuteMethodOfExecutorSubclassTest
2022-09-09T09:59:23.2301538Z [INFO] Tests run: 4, Failures: 0, Errors: 0, Skipped: 0, Time elapsed: 0.021 s - in com.alibaba.test.ttl.threadpool.BeforeAndAfterExecuteMethodOfExecutorSubclassTest
2022-09-09T09:59:23.2302636Z [INFO] Running com.alibaba.user_api_test.ttl.DisableIgnoreNullValueSemanticsTest
2022-09-09T09:59:23.2510312Z [INFO] Tests run: 4, Failures: 0, Errors: 0, Skipped: 0, Time elapsed: 0.023 s - in com.alibaba.user_api_test.ttl.DisableIgnoreNullValueSemanticsTest
2022-09-09T09:59:23.2511207Z [INFO] Running com.alibaba.user_api_test.ttl.TransmittableThreadLocal_withInit_Null_Test
2022-09-09T09:59:23.2630894Z [INFO] Tests run: 3, Failures: 0, Errors: 0, Skipped: 0, Time elapsed: 0.003 s - in com.alibaba.user_api_test.ttl.TransmittableThreadLocal_withInit_Null_Test
2022-09-09T09:59:23.2899445Z [INFO] 
2022-09-09T09:59:23.2922850Z [INFO] Results:
2022-09-09T09:59:23.2924333Z [INFO] 
2022-09-09T09:59:23.2924924Z [WARNING] Tests run: 124, Failures: 0, Errors: 0, Skipped: 4
2022-09-09T09:59:23.2925914Z [INFO] 
2022-09-09T09:59:23.2938774Z [WARNING] Corrupted channel by directly writing to native stream in forked JVM 1. See FAQ web page and the dump file /home/runner/work/transmittable-thread-local/transmittable-thread-local/ttl2-compatible/target/surefire-reports/2022-09-09T09-59-15_259-jvmRun1.dumpstream
2022-09-09T09:59:23.2980169Z [INFO] ------------------------------------------------------------------------
2022-09-09T09:59:23.2980821Z [INFO] BUILD SUCCESS
2022-09-09T09:59:23.2981763Z [INFO] ------------------------------------------------------------------------
2022-09-09T09:59:23.2993255Z [INFO] Total time:  8.918 s
2022-09-09T09:59:23.3002426Z [INFO] Finished at: 2022-09-09T09:59:23Z
2022-09-09T09:59:23.3003222Z [INFO] ------------------------------------------------------------------------
2022-09-09T09:59:23.3237184Z ##[group]Run ../mvnw -V --no-transfer-progress -Penable-ttl-agent-for-test surefire:test '-Dttl.agent.extra.args=ttl.agent.enable.timer.task:true' '-Dttl.agent.extra.d.options=-Drun-ttl-test-under-agent-with-enable-timer-task=true'
2022-09-09T09:59:23.3238393Z [36;1m../mvnw -V --no-transfer-progress -Penable-ttl-agent-for-test surefire:test '-Dttl.agent.extra.args=ttl.agent.enable.timer.task:true' '-Dttl.agent.extra.d.options=-Drun-ttl-test-under-agent-with-enable-timer-task=true'[0m
2022-09-09T09:59:23.3298047Z shell: /usr/bin/bash -e {0}
2022-09-09T09:59:23.3298268Z env:
2022-09-09T09:59:23.3298515Z   JAVA_HOME: /opt/hostedtoolcache/Java_Zulu_jdk/11.0.16-8/x64
2022-09-09T09:59:23.3298844Z   JAVA_HOME_11_X64: /opt/hostedtoolcache/Java_Zulu_jdk/11.0.16-8/x64
2022-09-09T09:59:23.3299112Z ##[endgroup]
2022-09-09T09:59:23.6427491Z Apache Maven 3.8.6 (84538c9988a25aec085021c365c560670ad80f63)
2022-09-09T09:59:23.6452036Z Maven home: /home/runner/.m2/wrapper/dists/apache-maven-3.8.6-bin/1ks0nkde5v1pk9vtc31i9d0lcd/apache-maven-3.8.6
2022-09-09T09:59:23.6453583Z Java version: 11.0.16, vendor: Azul Systems, Inc., runtime: /opt/hostedtoolcache/Java_Zulu_jdk/11.0.16-8/x64
2022-09-09T09:59:23.6454267Z Default locale: en, platform encoding: UTF-8
2022-09-09T09:59:23.6455161Z OS name: "linux", version: "5.15.0-1019-azure", arch: "amd64", family: "unix"
2022-09-09T09:59:24.7697758Z [INFO] Scanning for projects...
2022-09-09T09:59:25.0698168Z [INFO] 
2022-09-09T09:59:25.0715679Z [INFO] ---------------< com.alibaba:transmittable-thread-local >---------------
2022-09-09T09:59:25.0719266Z [INFO] Building TransmittableThreadLocal(TTL) v2 compatible 3.x-SNAPSHOT
2022-09-09T09:59:25.0722351Z [INFO] --------------------------------[ jar ]---------------------------------
2022-09-09T09:59:25.3754801Z [INFO] 
2022-09-09T09:59:25.3757488Z [INFO] --- maven-surefire-plugin:3.0.0-M7:test (default-cli) @ transmittable-thread-local ---
2022-09-09T09:59:25.6982623Z [INFO] Using auto detected provider org.apache.maven.surefire.junitplatform.JUnitPlatformProvider
2022-09-09T09:59:25.9229889Z [INFO] 
2022-09-09T09:59:25.9230970Z [INFO] -------------------------------------------------------
2022-09-09T09:59:25.9321655Z [INFO]  T E S T S
2022-09-09T09:59:25.9322697Z [INFO] -------------------------------------------------------
2022-09-09T09:59:31.1814883Z [INFO] Running com.alibaba.demo.coroutine.CoroutineThreadContextElementTest
2022-09-09T09:59:32.1235482Z [INFO] Tests run: 3, Failures: 0, Errors: 0, Skipped: 0, Time elapsed: 0.888 s - in com.alibaba.demo.coroutine.CoroutineThreadContextElementTest
2022-09-09T09:59:32.1246882Z [INFO] Running com.alibaba.demo.coroutine.ttl_intergration.usage.TtlCoroutineContextTest
2022-09-09T09:59:32.1818527Z [INFO] Tests run: 3, Failures: 0, Errors: 0, Skipped: 0, Time elapsed: 0.084 s - in com.alibaba.demo.coroutine.ttl_intergration.usage.TtlCoroutineContextTest
2022-09-09T09:59:32.1823131Z [INFO] Running com.alibaba.it.TimerAgentCheckTest
2022-09-09T09:59:32.2686725Z [INFO] Tests run: 1, Failures: 0, Errors: 0, Skipped: 0, Time elapsed: 0.072 s - in com.alibaba.it.TimerAgentCheckTest
2022-09-09T09:59:32.2688661Z [INFO] Running com.alibaba.third_part_lib_test.ExecutorsTest
2022-09-09T09:59:32.3375571Z [INFO] Tests run: 1, Failures: 0, Errors: 0, Skipped: 0, Time elapsed: 0.079 s - in com.alibaba.third_part_lib_test.ExecutorsTest
2022-09-09T09:59:32.3376583Z [INFO] Running com.alibaba.third_part_lib_test.ForkJoinPoolTest
2022-09-09T09:59:32.3660114Z [INFO] Tests run: 1, Failures: 0, Errors: 0, Skipped: 0, Time elapsed: 0.03 s - in com.alibaba.third_part_lib_test.ForkJoinPoolTest
2022-09-09T09:59:32.3699375Z [INFO] Running com.alibaba.third_part_lib_test.JavassistTest
2022-09-09T09:59:32.3917873Z [WARNING] Tests run: 2, Failures: 0, Errors: 0, Skipped: 2, Time elapsed: 0.025 s - in com.alibaba.third_part_lib_test.JavassistTest
2022-09-09T09:59:32.3930386Z [INFO] Running com.alibaba.ttl.InheritableTest
2022-09-09T09:59:32.4979760Z [INFO] Tests run: 12, Failures: 0, Errors: 0, Skipped: 0, Time elapsed: 0.092 s - in com.alibaba.ttl.InheritableTest
2022-09-09T09:59:32.4980997Z [INFO] Running com.alibaba.ttl.TtlCallableTest
2022-09-09T09:59:32.5848943Z [INFO] Tests run: 9, Failures: 0, Errors: 0, Skipped: 0, Time elapsed: 0.081 s - in com.alibaba.ttl.TtlCallableTest
2022-09-09T09:59:32.5853011Z [INFO] Running com.alibaba.ttl.TtlRunnableTest
2022-09-09T09:59:32.6659581Z [INFO] Tests run: 12, Failures: 0, Errors: 0, Skipped: 0, Time elapsed: 0.086 s - in com.alibaba.ttl.TtlRunnableTest
2022-09-09T09:59:32.6660520Z [INFO] Running com.alibaba.ttl.TtlTimerTaskTest
2022-09-09T09:59:32.6840291Z [INFO] Tests run: 2, Failures: 0, Errors: 0, Skipped: 0, Time elapsed: 0.026 s - in com.alibaba.ttl.TtlTimerTaskTest
2022-09-09T09:59:32.6841096Z [INFO] Running com.alibaba.ttl.TtlWrappersTest
2022-09-09T09:59:32.7819558Z [INFO] Tests run: 7, Failures: 0, Errors: 0, Skipped: 0, Time elapsed: 0.095 s - in com.alibaba.ttl.TtlWrappersTest
2022-09-09T09:59:32.7820359Z [INFO] Running com.alibaba.ttl.forkjoin.ForkJoinPool4RunnableCallableTest
2022-09-09T09:59:32.8045907Z [INFO] Tests run: 2, Failures: 0, Errors: 0, Skipped: 0, Time elapsed: 0.025 s - in com.alibaba.ttl.forkjoin.ForkJoinPool4RunnableCallableTest
2022-09-09T09:59:32.8047775Z [INFO] Running com.alibaba.ttl.forkjoin.ForkJoinPool4StreamTest
2022-09-09T09:59:32.8886474Z [INFO] Tests run: 2, Failures: 0, Errors: 0, Skipped: 0, Time elapsed: 0.077 s - in com.alibaba.ttl.forkjoin.ForkJoinPool4StreamTest
2022-09-09T09:59:32.8889979Z [INFO] Running com.alibaba.ttl.forkjoin.recursive_action.TtlRecursiveActionTest
2022-09-09T09:59:32.9140900Z [INFO] Tests run: 2, Failures: 0, Errors: 0, Skipped: 0, Time elapsed: 0.024 s - in com.alibaba.ttl.forkjoin.recursive_action.TtlRecursiveActionTest
2022-09-09T09:59:32.9143974Z [INFO] Running com.alibaba.ttl.forkjoin.recursive_task.TtlRecursiveTaskTest
2022-09-09T09:59:32.9415850Z [INFO] Tests run: 2, Failures: 0, Errors: 0, Skipped: 0, Time elapsed: 0.025 s - in com.alibaba.ttl.forkjoin.recursive_task.TtlRecursiveTaskTest
2022-09-09T09:59:32.9420026Z [INFO] Running com.alibaba.ttl.threadlocal_integration.ThreadLocalIntegrationTest
2022-09-09T09:59:32.9855888Z [INFO] Tests run: 6, Failures: 0, Errors: 0, Skipped: 0, Time elapsed: 0.042 s - in com.alibaba.ttl.threadlocal_integration.ThreadLocalIntegrationTest
2022-09-09T09:59:32.9857268Z [INFO] Running com.alibaba.ttl.threadpool.ScheduledExecutorServiceTtlWrapperTest
2022-09-09T09:59:33.2702194Z [INFO] Tests run: 12, Failures: 0, Errors: 0, Skipped: 0, Time elapsed: 0.289 s - in com.alibaba.ttl.threadpool.ScheduledExecutorServiceTtlWrapperTest
2022-09-09T09:59:33.2703414Z [INFO] Running com.alibaba.ttl.threadpool.TtlExecutorsTest
2022-09-09T09:59:33.3706398Z [INFO] Tests run: 14, Failures: 0, Errors: 0, Skipped: 0, Time elapsed: 0.095 s - in com.alibaba.ttl.threadpool.TtlExecutorsTest
2022-09-09T09:59:33.3711290Z [INFO] Running com.alibaba.ttl.threadpool.TtlForkJoinPoolHelperTest
2022-09-09T09:59:33.3883176Z [INFO] Tests run: 2, Failures: 0, Errors: 0, Skipped: 0, Time elapsed: 0.019 s - in com.alibaba.ttl.threadpool.TtlForkJoinPoolHelperTest
2022-09-09T09:59:33.3938401Z [INFO] Running com.alibaba.ttl.threadpool.agent.TtlAgentHelperTest
2022-09-09T09:59:33.4040739Z [WARNING] Tests run: 4, Failures: 0, Errors: 0, Skipped: 4, Time elapsed: 0.017 s - in com.alibaba.ttl.threadpool.agent.TtlAgentHelperTest
2022-09-09T09:59:33.4055443Z [INFO] Running com.alibaba.ttl.threadpool.agent.TtlExtensionTransformletManagerTest
2022-09-09T09:59:33.4259750Z [WARNING] Tests run: 1, Failures: 0, Errors: 0, Skipped: 1, Time elapsed: 0.012 s - in com.alibaba.ttl.threadpool.agent.TtlExtensionTransformletManagerTest
2022-09-09T09:59:33.4260777Z [INFO] Running com.alibaba.ttl.threadpool.agent.transformlet.helper.TtlTransformletHelperTest
2022-09-09T09:59:33.4489687Z [INFO] Tests run: 3, Failures: 0, Errors: 0, Skipped: 0, Time elapsed: 0.025 s - in com.alibaba.ttl.threadpool.agent.transformlet.helper.TtlTransformletHelperTest
2022-09-09T09:59:33.4498388Z [INFO] Running com.alibaba.user_api_test.ttl.TransmittableThreadLocal_Transmitter_UserTest
2022-09-09T09:59:33.4775065Z [INFO] Tests run: 6, Failures: 0, Errors: 0, Skipped: 0, Time elapsed: 0.025 s - in com.alibaba.user_api_test.ttl.TransmittableThreadLocal_Transmitter_UserTest
2022-09-09T09:59:33.4807804Z [INFO] Running com.alibaba.user_api_test.ttl.TransmittableThreadLocal_Transmitter_registerTransmittee_UserTest
2022-09-09T09:59:33.4952972Z [WARNING] Tests run: 2, Failures: 0, Errors: 0, Skipped: 2, Time elapsed: 0.011 s - in com.alibaba.user_api_test.ttl.TransmittableThreadLocal_Transmitter_registerTransmittee_UserTest
2022-09-09T09:59:33.5018476Z [INFO] Running com.alibaba.user_api_test.ttl.TransmittableThreadLocal_withInit_Test
2022-09-09T09:59:33.5323043Z [INFO] Tests run: 3, Failures: 0, Errors: 0, Skipped: 0, Time elapsed: 0.025 s - in com.alibaba.user_api_test.ttl.TransmittableThreadLocal_withInit_Test
2022-09-09T09:59:33.5992506Z [INFO] Running com.alibaba.ttl.threadpool.ExecutorClassesTest
2022-09-09T09:59:33.6700422Z [INFO] Tests run: 2, Failures: 0, Errors: 0, Skipped: 0, Time elapsed: 0.062 s - in com.alibaba.ttl.threadpool.ExecutorClassesTest
2022-09-09T09:59:33.6701247Z [INFO] Running com.alibaba.ttl.threadpool.agent.transformlet.internal.UtilsTest
2022-09-09T09:59:33.6779316Z [INFO] Tests run: 1, Failures: 0, Errors: 0, Skipped: 0, Time elapsed: 0.001 s - in com.alibaba.ttl.threadpool.agent.transformlet.internal.UtilsTest
2022-09-09T09:59:33.6780054Z [INFO] Running com.alibaba.ttl.reported_bugs.Bug70_Test
2022-09-09T09:59:33.6821020Z [INFO] Tests run: 1, Failures: 0, Errors: 0, Skipped: 0, Time elapsed: 0.002 s - in com.alibaba.ttl.reported_bugs.Bug70_Test
2022-09-09T09:59:33.6828477Z [INFO] Running com.alibaba.test.ttl.threadpool.BeforeAndAfterExecuteMethodOfExecutorSubclassTest
2022-09-09T09:59:33.7486617Z [INFO] Tests run: 4, Failures: 0, Errors: 0, Skipped: 0, Time elapsed: 0.077 s - in com.alibaba.test.ttl.threadpool.BeforeAndAfterExecuteMethodOfExecutorSubclassTest
2022-09-09T09:59:33.7487932Z [INFO] Running com.alibaba.user_api_test.ttl.DisableIgnoreNullValueSemanticsTest
2022-09-09T09:59:33.7798064Z [INFO] Tests run: 4, Failures: 0, Errors: 0, Skipped: 0, Time elapsed: 0.031 s - in com.alibaba.user_api_test.ttl.DisableIgnoreNullValueSemanticsTest
2022-09-09T09:59:33.7799030Z [INFO] Running com.alibaba.user_api_test.ttl.TransmittableThreadLocal_withInit_Null_Test
2022-09-09T09:59:33.7836909Z [INFO] Tests run: 3, Failures: 0, Errors: 0, Skipped: 0, Time elapsed: 0.002 s - in com.alibaba.user_api_test.ttl.TransmittableThreadLocal_withInit_Null_Test
2022-09-09T09:59:33.8081145Z [INFO] 
2022-09-09T09:59:33.8081426Z [INFO] Results:
2022-09-09T09:59:33.8081771Z [INFO] 
2022-09-09T09:59:33.8082084Z [WARNING] Tests run: 124, Failures: 0, Errors: 0, Skipped: 4
2022-09-09T09:59:33.8082353Z [INFO] 
2022-09-09T09:59:33.8098761Z [WARNING] Corrupted channel by directly writing to native stream in forked JVM 1. See FAQ web page and the dump file /home/runner/work/transmittable-thread-local/transmittable-thread-local/ttl2-compatible/target/surefire-reports/2022-09-09T09-59-25_641-jvmRun1.dumpstream
2022-09-09T09:59:33.8142066Z [INFO] ------------------------------------------------------------------------
2022-09-09T09:59:33.8143785Z [INFO] BUILD SUCCESS
2022-09-09T09:59:33.8145655Z [INFO] ------------------------------------------------------------------------
2022-09-09T09:59:33.8161126Z [INFO] Total time:  9.073 s
2022-09-09T09:59:33.8170324Z [INFO] Finished at: 2022-09-09T09:59:33Z
2022-09-09T09:59:33.8171142Z [INFO] ------------------------------------------------------------------------
2022-09-09T09:59:33.8621916Z Post job cleanup.
2022-09-09T09:59:34.0584130Z Cache hit occurred on the primary key setup-java-Linux-maven-e366094c086f196530b0fbd7b38371287ffd117b650907f1a3f49ab344bd0ac8, not saving cache.
2022-09-09T09:59:34.0689769Z Post job cleanup.
2022-09-09T09:59:34.2092806Z [command]/usr/bin/git version
2022-09-09T09:59:34.2146310Z git version 2.37.3
2022-09-09T09:59:34.2192719Z Temporarily overriding HOME='/home/runner/work/_temp/f8e7663f-96b5-4943-9364-7d4d45aba808' before making global git config changes
2022-09-09T09:59:34.2193799Z Adding repository directory to the temporary git global config as a safe directory
2022-09-09T09:59:34.2200043Z [command]/usr/bin/git config --global --add safe.directory /home/runner/work/transmittable-thread-local/transmittable-thread-local
2022-09-09T09:59:34.2249529Z [command]/usr/bin/git config --local --name-only --get-regexp core\.sshCommand
2022-09-09T09:59:34.2289007Z [command]/usr/bin/git submodule foreach --recursive git config --local --name-only --get-regexp 'core\.sshCommand' && git config --local --unset-all 'core.sshCommand' || :
2022-09-09T09:59:34.2549729Z [command]/usr/bin/git config --local --name-only --get-regexp http\.https\:\/\/github\.com\/\.extraheader
2022-09-09T09:59:34.2615695Z http.https://github.com/.extraheader
2022-09-09T09:59:34.2625554Z [command]/usr/bin/git config --local --unset-all http.https://github.com/.extraheader
2022-09-09T09:59:34.2669916Z [command]/usr/bin/git submodule foreach --recursive git config --local --name-only --get-regexp 'http\.https\:\/\/github\.com\/\.extraheader' && git config --local --unset-all 'http.https://github.com/.extraheader' || :
2022-09-09T09:59:34.3185304Z Cleaning up orphan processes
