2022-09-09T09:37:45.7181888Z Requested labels: ubuntu-latest
2022-09-09T09:37:45.7181939Z Job defined at: alibaba/transmittable-thread-local/.github/workflows/ci.yaml@refs/heads/wip-v3
2022-09-09T09:37:45.7181959Z Waiting for a runner to pick up this job...
2022-09-09T09:37:52.1310923Z Job is waiting for a hosted runner to come online.
2022-09-09T09:37:52.2609939Z Job is about to start running on the hosted runner: GitHub Actions 3 (hosted)
2022-09-09T09:37:55.8734760Z Current runner version: '2.296.1'
2022-09-09T09:37:55.8761479Z ##[group]Operating System
2022-09-09T09:37:55.8762069Z Ubuntu
2022-09-09T09:37:55.8762321Z 20.04.5
2022-09-09T09:37:55.8762605Z LTS
2022-09-09T09:37:55.8762854Z ##[endgroup]
2022-09-09T09:37:55.8763258Z ##[group]Runner Image
2022-09-09T09:37:55.8763628Z Image: ubuntu-20.04
2022-09-09T09:37:55.8763962Z Version: 20220905.1
2022-09-09T09:37:55.8764426Z Included Software: https://github.com/actions/runner-images/blob/ubuntu20/20220905.1/images/linux/Ubuntu2004-Readme.md
2022-09-09T09:37:55.8765101Z Image Release: https://github.com/actions/runner-images/releases/tag/ubuntu20%2F20220905.1
2022-09-09T09:37:55.8765560Z ##[endgroup]
2022-09-09T09:37:55.8765862Z ##[group]Runner Image Provisioner
2022-09-09T09:37:55.8766224Z 1.0.0.0-main-20220825-1
2022-09-09T09:37:55.8766540Z ##[endgroup]
2022-09-09T09:37:55.8767522Z ##[group]GITHUB_TOKEN Permissions
2022-09-09T09:37:55.8768174Z Actions: write
2022-09-09T09:37:55.8768625Z Checks: write
2022-09-09T09:37:55.8769050Z Contents: write
2022-09-09T09:37:55.8769337Z Deployments: write
2022-09-09T09:37:55.8769676Z Discussions: write
2022-09-09T09:37:55.8770003Z Issues: write
2022-09-09T09:37:55.8770267Z Metadata: read
2022-09-09T09:37:55.8770630Z Packages: write
2022-09-09T09:37:55.8770950Z Pages: write
2022-09-09T09:37:55.8771230Z PullRequests: write
2022-09-09T09:37:55.8771589Z RepositoryProjects: write
2022-09-09T09:37:55.8771991Z SecurityEvents: write
2022-09-09T09:37:55.8772283Z Statuses: write
2022-09-09T09:37:55.8772606Z ##[endgroup]
2022-09-09T09:37:55.8776305Z Secret source: Actions
2022-09-09T09:37:55.8776800Z Prepare workflow directory
2022-09-09T09:37:55.9607160Z Prepare all required actions
2022-09-09T09:37:55.9791694Z Getting action download info
2022-09-09T09:37:56.1804210Z Download action repository 'actions/checkout@v2' (SHA:7884fcad6b5d53d10323aee724dc68d8b9096a2e)
2022-09-09T09:37:56.5129243Z Download action repository 'actions/setup-java@v3' (SHA:d854b6da19cdadd9a010605529e522c2393ebd38)
2022-09-09T09:37:56.9822988Z ##[group]Run actions/checkout@v2
2022-09-09T09:37:56.9823316Z with:
2022-09-09T09:37:56.9823597Z   repository: alibaba/transmittable-thread-local
2022-09-09T09:37:56.9824135Z   token: ***
2022-09-09T09:37:56.9824351Z   ssh-strict: true
2022-09-09T09:37:56.9824590Z   persist-credentials: true
2022-09-09T09:37:56.9824821Z   clean: true
2022-09-09T09:37:56.9825014Z   fetch-depth: 1
2022-09-09T09:37:56.9825216Z   lfs: false
2022-09-09T09:37:56.9825420Z   submodules: false
2022-09-09T09:37:56.9825632Z   set-safe-directory: true
2022-09-09T09:37:56.9825860Z ##[endgroup]
2022-09-09T09:37:57.2470678Z Syncing repository: alibaba/transmittable-thread-local
2022-09-09T09:37:57.2473131Z ##[group]Getting Git version info
2022-09-09T09:37:57.2473788Z Working directory is '/home/runner/work/transmittable-thread-local/transmittable-thread-local'
2022-09-09T09:37:57.2474408Z [command]/usr/bin/git version
2022-09-09T09:37:57.2563299Z git version 2.37.3
2022-09-09T09:37:57.2583686Z ##[endgroup]
2022-09-09T09:37:57.2603943Z Temporarily overriding HOME='/home/runner/work/_temp/eb3e96d4-2d5f-429d-b0a4-c9581dba1c0a' before making global git config changes
2022-09-09T09:37:57.2604452Z Adding repository directory to the temporary git global config as a safe directory
2022-09-09T09:37:57.2605105Z [command]/usr/bin/git config --global --add safe.directory /home/runner/work/transmittable-thread-local/transmittable-thread-local
2022-09-09T09:37:57.2648746Z Deleting the contents of '/home/runner/work/transmittable-thread-local/transmittable-thread-local'
2022-09-09T09:37:57.2652788Z ##[group]Initializing the repository
2022-09-09T09:37:57.2656813Z [command]/usr/bin/git init /home/runner/work/transmittable-thread-local/transmittable-thread-local
2022-09-09T09:37:57.2719460Z hint: Using 'master' as the name for the initial branch. This default branch name
2022-09-09T09:37:57.2720072Z hint: is subject to change. To configure the initial branch name to use in all
2022-09-09T09:37:57.2720603Z hint: of your new repositories, which will suppress this warning, call:
2022-09-09T09:37:57.2721171Z hint: 
2022-09-09T09:37:57.2721643Z hint: 	git config --global init.defaultBranch <name>
2022-09-09T09:37:57.2722057Z hint: 
2022-09-09T09:37:57.2722578Z hint: Names commonly chosen instead of 'master' are 'main', 'trunk' and
2022-09-09T09:37:57.2723157Z hint: 'development'. The just-created branch can be renamed via this command:
2022-09-09T09:37:57.2723534Z hint: 
2022-09-09T09:37:57.2723892Z hint: 	git branch -m <name>
2022-09-09T09:37:57.2734802Z Initialized empty Git repository in /home/runner/work/transmittable-thread-local/transmittable-thread-local/.git/
2022-09-09T09:37:57.2744415Z [command]/usr/bin/git remote add origin https://github.com/alibaba/transmittable-thread-local
2022-09-09T09:37:57.2823860Z ##[endgroup]
2022-09-09T09:37:57.2825836Z ##[group]Disabling automatic garbage collection
2022-09-09T09:37:57.2830191Z [command]/usr/bin/git config --local gc.auto 0
2022-09-09T09:37:57.2861760Z ##[endgroup]
2022-09-09T09:37:57.2862555Z ##[group]Setting up auth
2022-09-09T09:37:57.2870069Z [command]/usr/bin/git config --local --name-only --get-regexp core\.sshCommand
2022-09-09T09:37:57.2904539Z [command]/usr/bin/git submodule foreach --recursive git config --local --name-only --get-regexp 'core\.sshCommand' && git config --local --unset-all 'core.sshCommand' || :
2022-09-09T09:37:57.3252131Z [command]/usr/bin/git config --local --name-only --get-regexp http\.https\:\/\/github\.com\/\.extraheader
2022-09-09T09:37:57.3284961Z [command]/usr/bin/git submodule foreach --recursive git config --local --name-only --get-regexp 'http\.https\:\/\/github\.com\/\.extraheader' && git config --local --unset-all 'http.https://github.com/.extraheader' || :
2022-09-09T09:37:57.3511237Z [command]/usr/bin/git config --local http.https://github.com/.extraheader AUTHORIZATION: basic ***
2022-09-09T09:37:57.3549768Z ##[endgroup]
2022-09-09T09:37:57.3550650Z ##[group]Fetching the repository
2022-09-09T09:37:57.3558965Z [command]/usr/bin/git -c protocol.version=2 fetch --no-tags --prune --progress --no-recurse-submodules --depth=1 origin +73295e5fd8020ab3e5fda708cf7b2f1b5982cc69:refs/remotes/origin/wip-v3
2022-09-09T09:37:57.5512608Z remote: Enumerating objects: 469, done.        
2022-09-09T09:37:57.5513165Z remote: Counting objects:   0% (1/469)        
2022-09-09T09:37:57.5513550Z remote: Counting objects:   1% (5/469)        
2022-09-09T09:37:57.5513904Z remote: Counting objects:   2% (10/469)        
2022-09-09T09:37:57.5514272Z remote: Counting objects:   3% (15/469)        
2022-09-09T09:37:57.5514637Z remote: Counting objects:   4% (19/469)        
2022-09-09T09:37:57.5514978Z remote: Counting objects:   5% (24/469)        
2022-09-09T09:37:57.5515325Z remote: Counting objects:   6% (29/469)        
2022-09-09T09:37:57.5515683Z remote: Counting objects:   7% (33/469)        
2022-09-09T09:37:57.5516038Z remote: Counting objects:   8% (38/469)        
2022-09-09T09:37:57.5516375Z remote: Counting objects:   9% (43/469)        
2022-09-09T09:37:57.5516678Z remote: Counting objects:  10% (47/469)        
2022-09-09T09:37:57.5517041Z remote: Counting objects:  11% (52/469)        
2022-09-09T09:37:57.5517396Z remote: Counting objects:  12% (57/469)        
2022-09-09T09:37:57.5517737Z remote: Counting objects:  13% (61/469)        
2022-09-09T09:37:57.5518096Z remote: Counting objects:  14% (66/469)        
2022-09-09T09:37:57.5518426Z remote: Counting objects:  15% (71/469)        
2022-09-09T09:37:57.5518775Z remote: Counting objects:  16% (76/469)        
2022-09-09T09:37:57.5519140Z remote: Counting objects:  17% (80/469)        
2022-09-09T09:37:57.5519489Z remote: Counting objects:  18% (85/469)        
2022-09-09T09:37:57.5519837Z remote: Counting objects:  19% (90/469)        
2022-09-09T09:37:57.5520185Z remote: Counting objects:  20% (94/469)        
2022-09-09T09:37:57.5520517Z remote: Counting objects:  21% (99/469)        
2022-09-09T09:37:57.5520879Z remote: Counting objects:  22% (104/469)        
2022-09-09T09:37:57.5521249Z remote: Counting objects:  23% (108/469)        
2022-09-09T09:37:57.5521953Z remote: Counting objects:  24% (113/469)        
2022-09-09T09:37:57.5522297Z remote: Counting objects:  25% (118/469)        
2022-09-09T09:37:57.5522657Z remote: Counting objects:  26% (122/469)        
2022-09-09T09:37:57.5523012Z remote: Counting objects:  27% (127/469)        
2022-09-09T09:37:57.5523399Z remote: Counting objects:  28% (132/469)        
2022-09-09T09:37:57.5523767Z remote: Counting objects:  29% (137/469)        
2022-09-09T09:37:57.5524125Z remote: Counting objects:  30% (141/469)        
2022-09-09T09:37:57.5524478Z remote: Counting objects:  31% (146/469)        
2022-09-09T09:37:57.5524814Z remote: Counting objects:  32% (151/469)        
2022-09-09T09:37:57.5525165Z remote: Counting objects:  33% (155/469)        
2022-09-09T09:37:57.5525521Z remote: Counting objects:  34% (160/469)        
2022-09-09T09:37:57.5525871Z remote: Counting objects:  35% (165/469)        
2022-09-09T09:37:57.5526214Z remote: Counting objects:  36% (169/469)        
2022-09-09T09:37:57.5526567Z remote: Counting objects:  37% (174/469)        
2022-09-09T09:37:57.5526921Z remote: Counting objects:  38% (179/469)        
2022-09-09T09:37:57.5527271Z remote: Counting objects:  39% (183/469)        
2022-09-09T09:37:57.5527608Z remote: Counting objects:  40% (188/469)        
2022-09-09T09:37:57.5527961Z remote: Counting objects:  41% (193/469)        
2022-09-09T09:37:57.5528312Z remote: Counting objects:  42% (197/469)        
2022-09-09T09:37:57.5528660Z remote: Counting objects:  43% (202/469)        
2022-09-09T09:37:57.5528998Z remote: Counting objects:  44% (207/469)        
2022-09-09T09:37:57.5529347Z remote: Counting objects:  45% (212/469)        
2022-09-09T09:37:57.5529697Z remote: Counting objects:  46% (216/469)        
2022-09-09T09:37:57.5530045Z remote: Counting objects:  47% (221/469)        
2022-09-09T09:37:57.5530381Z remote: Counting objects:  48% (226/469)        
2022-09-09T09:37:57.5530844Z remote: Counting objects:  49% (230/469)        
2022-09-09T09:37:57.5531208Z remote: Counting objects:  50% (235/469)        
2022-09-09T09:37:57.5531555Z remote: Counting objects:  51% (240/469)        
2022-09-09T09:37:57.5531893Z remote: Counting objects:  52% (244/469)        
2022-09-09T09:37:57.5532245Z remote: Counting objects:  53% (249/469)        
2022-09-09T09:37:57.5532593Z remote: Counting objects:  54% (254/469)        
2022-09-09T09:37:57.5532947Z remote: Counting objects:  55% (258/469)        
2022-09-09T09:37:57.5533284Z remote: Counting objects:  56% (263/469)        
2022-09-09T09:37:57.5533636Z remote: Counting objects:  57% (268/469)        
2022-09-09T09:37:57.5534108Z remote: Counting objects:  58% (273/469)        
2022-09-09T09:37:57.5534459Z remote: Counting objects:  59% (277/469)        
2022-09-09T09:37:57.5534807Z remote: Counting objects:  60% (282/469)        
2022-09-09T09:37:57.5535138Z remote: Counting objects:  61% (287/469)        
2022-09-09T09:37:57.5535489Z remote: Counting objects:  62% (291/469)        
2022-09-09T09:37:57.5535843Z remote: Counting objects:  63% (296/469)        
2022-09-09T09:37:57.5536179Z remote: Counting objects:  64% (301/469)        
2022-09-09T09:37:57.5536523Z remote: Counting objects:  65% (305/469)        
2022-09-09T09:37:57.5536874Z remote: Counting objects:  66% (310/469)        
2022-09-09T09:37:57.5537227Z remote: Counting objects:  67% (315/469)        
2022-09-09T09:37:57.5537572Z remote: Counting objects:  68% (319/469)        
2022-09-09T09:37:57.5537915Z remote: Counting objects:  69% (324/469)        
2022-09-09T09:37:57.5538263Z remote: Counting objects:  70% (329/469)        
2022-09-09T09:37:57.5538617Z remote: Counting objects:  71% (333/469)        
2022-09-09T09:37:57.5538955Z remote: Counting objects:  72% (338/469)        
2022-09-09T09:37:57.5539307Z remote: Counting objects:  73% (343/469)        
2022-09-09T09:37:57.5539653Z remote: Counting objects:  74% (348/469)        
2022-09-09T09:37:57.5540001Z remote: Counting objects:  75% (352/469)        
2022-09-09T09:37:57.5540438Z remote: Counting objects:  76% (357/469)        
2022-09-09T09:37:57.5540795Z remote: Counting objects:  77% (362/469)        
2022-09-09T09:37:57.5541146Z remote: Counting objects:  78% (366/469)        
2022-09-09T09:37:57.5541495Z remote: Counting objects:  79% (371/469)        
2022-09-09T09:37:57.5541829Z remote: Counting objects:  80% (376/469)        
2022-09-09T09:37:57.5542176Z remote: Counting objects:  81% (380/469)        
2022-09-09T09:37:57.5542711Z remote: Counting objects:  82% (385/469)        
2022-09-09T09:37:57.5543000Z remote: Counting objects:  83% (390/469)        
2022-09-09T09:37:57.5543253Z remote: Counting objects:  84% (394/469)        
2022-09-09T09:37:57.5556227Z remote: Counting objects:  85% (399/469)        
2022-09-09T09:37:57.5557641Z remote: Counting objects:  86% (404/469)        
2022-09-09T09:37:57.5557924Z remote: Counting objects:  87% (409/469)        
2022-09-09T09:37:57.5558194Z remote: Counting objects:  88% (413/469)        
2022-09-09T09:37:57.5558471Z remote: Counting objects:  89% (418/469)        
2022-09-09T09:37:57.5558738Z remote: Counting objects:  90% (423/469)        
2022-09-09T09:37:57.5558999Z remote: Counting objects:  91% (427/469)        
2022-09-09T09:37:57.5559268Z remote: Counting objects:  92% (432/469)        
2022-09-09T09:37:57.5559516Z remote: Counting objects:  93% (437/469)        
2022-09-09T09:37:57.5559774Z remote: Counting objects:  94% (441/469)        
2022-09-09T09:37:57.5560036Z remote: Counting objects:  95% (446/469)        
2022-09-09T09:37:57.5560282Z remote: Counting objects:  96% (451/469)        
2022-09-09T09:37:57.5560539Z remote: Counting objects:  97% (455/469)        
2022-09-09T09:37:57.5560800Z remote: Counting objects:  98% (460/469)        
2022-09-09T09:37:57.5561058Z remote: Counting objects:  99% (465/469)        
2022-09-09T09:37:57.5561305Z remote: Counting objects: 100% (469/469)        
2022-09-09T09:37:57.5561581Z remote: Counting objects: 100% (469/469), done.        
2022-09-09T09:37:57.5562067Z remote: Compressing objects:   0% (1/331)        
2022-09-09T09:37:57.5562350Z remote: Compressing objects:   1% (4/331)        
2022-09-09T09:37:57.5562627Z remote: Compressing objects:   2% (7/331)        
2022-09-09T09:37:57.5562906Z remote: Compressing objects:   3% (10/331)        
2022-09-09T09:37:57.5563175Z remote: Compressing objects:   4% (14/331)        
2022-09-09T09:37:57.5563455Z remote: Compressing objects:   5% (17/331)        
2022-09-09T09:37:57.5605168Z remote: Compressing objects:   6% (20/331)        
2022-09-09T09:37:57.5605504Z remote: Compressing objects:   7% (24/331)        
2022-09-09T09:37:57.5605775Z remote: Compressing objects:   8% (27/331)        
2022-09-09T09:37:57.5606057Z remote: Compressing objects:   9% (30/331)        
2022-09-09T09:37:57.5606338Z remote: Compressing objects:  10% (34/331)        
2022-09-09T09:37:57.5641242Z remote: Compressing objects:  11% (37/331)        
2022-09-09T09:37:57.5643393Z remote: Compressing objects:  12% (40/331)        
2022-09-09T09:37:57.5643731Z remote: Compressing objects:  13% (44/331)        
2022-09-09T09:37:57.5644198Z remote: Compressing objects:  14% (47/331)        
2022-09-09T09:37:57.5645302Z remote: Compressing objects:  15% (50/331)        
2022-09-09T09:37:57.5645677Z remote: Compressing objects:  16% (53/331)        
2022-09-09T09:37:57.5645963Z remote: Compressing objects:  17% (57/331)        
2022-09-09T09:37:57.5646227Z remote: Compressing objects:  18% (60/331)        
2022-09-09T09:37:57.5646510Z remote: Compressing objects:  19% (63/331)        
2022-09-09T09:37:57.5646787Z remote: Compressing objects:  20% (67/331)        
2022-09-09T09:37:57.5647047Z remote: Compressing objects:  21% (70/331)        
2022-09-09T09:37:57.5647327Z remote: Compressing objects:  22% (73/331)        
2022-09-09T09:37:57.5647604Z remote: Compressing objects:  23% (77/331)        
2022-09-09T09:37:57.5647870Z remote: Compressing objects:  24% (80/331)        
2022-09-09T09:37:57.5648153Z remote: Compressing objects:  25% (83/331)        
2022-09-09T09:37:57.5648659Z remote: Compressing objects:  26% (87/331)        
2022-09-09T09:37:57.5649184Z remote: Compressing objects:  27% (90/331)        
2022-09-09T09:37:57.5655125Z remote: Compressing objects:  28% (93/331)        
2022-09-09T09:37:57.5672284Z remote: Compressing objects:  29% (96/331)        
2022-09-09T09:37:57.5680416Z remote: Compressing objects:  30% (100/331)        
2022-09-09T09:37:57.5703397Z remote: Compressing objects:  31% (103/331)        
2022-09-09T09:37:57.5703841Z remote: Compressing objects:  32% (106/331)        
2022-09-09T09:37:57.5704803Z remote: Compressing objects:  33% (110/331)        
2022-09-09T09:37:57.5705246Z remote: Compressing objects:  34% (113/331)        
2022-09-09T09:37:57.5708991Z remote: Compressing objects:  35% (116/331)        
2022-09-09T09:37:57.5709592Z remote: Compressing objects:  36% (120/331)        
2022-09-09T09:37:57.5710143Z remote: Compressing objects:  37% (123/331)        
2022-09-09T09:37:57.5710852Z remote: Compressing objects:  38% (126/331)        
2022-09-09T09:37:57.5712736Z remote: Compressing objects:  39% (130/331)        
2022-09-09T09:37:57.5716285Z remote: Compressing objects:  40% (133/331)        
2022-09-09T09:37:57.5732660Z remote: Compressing objects:  41% (136/331)        
2022-09-09T09:37:57.5736245Z remote: Compressing objects:  42% (140/331)        
2022-09-09T09:37:57.5745979Z remote: Compressing objects:  43% (143/331)        
2022-09-09T09:37:57.5764648Z remote: Compressing objects:  44% (146/331)        
2022-09-09T09:37:57.5765105Z remote: Compressing objects:  45% (149/331)        
2022-09-09T09:37:57.5770780Z remote: Compressing objects:  46% (153/331)        
2022-09-09T09:37:57.5771960Z remote: Compressing objects:  47% (156/331)        
2022-09-09T09:37:57.5772340Z remote: Compressing objects:  48% (159/331)        
2022-09-09T09:37:57.5773158Z remote: Compressing objects:  49% (163/331)        
2022-09-09T09:37:57.5796141Z remote: Compressing objects:  50% (166/331)        
2022-09-09T09:37:57.5796873Z remote: Compressing objects:  51% (169/331)        
2022-09-09T09:37:57.5809489Z remote: Compressing objects:  52% (173/331)        
2022-09-09T09:37:57.5809908Z remote: Compressing objects:  53% (176/331)        
2022-09-09T09:37:57.5912154Z remote: Compressing objects:  54% (179/331)        
2022-09-09T09:37:57.5912793Z remote: Compressing objects:  55% (183/331)        
2022-09-09T09:37:57.5913558Z remote: Compressing objects:  56% (186/331)        
2022-09-09T09:37:57.5914075Z remote: Compressing objects:  57% (189/331)        
2022-09-09T09:37:57.5914785Z remote: Compressing objects:  58% (192/331)        
2022-09-09T09:37:57.5915293Z remote: Compressing objects:  59% (196/331)        
2022-09-09T09:37:57.5916738Z remote: Compressing objects:  60% (199/331)        
2022-09-09T09:37:57.5918322Z remote: Compressing objects:  61% (202/331)        
2022-09-09T09:37:57.5918865Z remote: Compressing objects:  62% (206/331)        
2022-09-09T09:37:57.5920118Z remote: Compressing objects:  63% (209/331)        
2022-09-09T09:37:57.5920406Z remote: Compressing objects:  64% (212/331)        
2022-09-09T09:37:57.5920689Z remote: Compressing objects:  65% (216/331)        
2022-09-09T09:37:57.5920951Z remote: Compressing objects:  66% (219/331)        
2022-09-09T09:37:57.5921229Z remote: Compressing objects:  67% (222/331)        
2022-09-09T09:37:57.5921505Z remote: Compressing objects:  68% (226/331)        
2022-09-09T09:37:57.5921769Z remote: Compressing objects:  69% (229/331)        
2022-09-09T09:37:57.5922049Z remote: Compressing objects:  70% (232/331)        
2022-09-09T09:37:57.5922541Z remote: Compressing objects:  71% (236/331)        
2022-09-09T09:37:57.5922811Z remote: Compressing objects:  72% (239/331)        
2022-09-09T09:37:57.5923441Z remote: Compressing objects:  73% (242/331)        
2022-09-09T09:37:57.5924012Z remote: Compressing objects:  74% (245/331)        
2022-09-09T09:37:57.5924465Z remote: Compressing objects:  75% (249/331)        
2022-09-09T09:37:57.5924733Z remote: Compressing objects:  76% (252/331)        
2022-09-09T09:37:57.5925244Z remote: Compressing objects:  77% (255/331)        
2022-09-09T09:37:57.5925523Z remote: Compressing objects:  78% (259/331)        
2022-09-09T09:37:57.5925784Z remote: Compressing objects:  79% (262/331)        
2022-09-09T09:37:57.5926059Z remote: Compressing objects:  80% (265/331)        
2022-09-09T09:37:57.5926334Z remote: Compressing objects:  81% (269/331)        
2022-09-09T09:37:57.5926594Z remote: Compressing objects:  82% (272/331)        
2022-09-09T09:37:57.5926867Z remote: Compressing objects:  83% (275/331)        
2022-09-09T09:37:57.5927141Z remote: Compressing objects:  84% (279/331)        
2022-09-09T09:37:57.5927400Z remote: Compressing objects:  85% (282/331)        
2022-09-09T09:37:57.5927674Z remote: Compressing objects:  86% (285/331)        
2022-09-09T09:37:57.5927949Z remote: Compressing objects:  87% (288/331)        
2022-09-09T09:37:57.5928225Z remote: Compressing objects:  88% (292/331)        
2022-09-09T09:37:57.5928863Z remote: Compressing objects:  89% (295/331)        
2022-09-09T09:37:57.5929142Z remote: Compressing objects:  90% (298/331)        
2022-09-09T09:37:57.5929417Z remote: Compressing objects:  91% (302/331)        
2022-09-09T09:37:57.5929675Z remote: Compressing objects:  92% (305/331)        
2022-09-09T09:37:57.5929949Z remote: Compressing objects:  93% (308/331)        
2022-09-09T09:37:57.5930222Z remote: Compressing objects:  94% (312/331)        
2022-09-09T09:37:57.5930483Z remote: Compressing objects:  95% (315/331)        
2022-09-09T09:37:57.5930753Z remote: Compressing objects:  96% (318/331)        
2022-09-09T09:37:57.5931024Z remote: Compressing objects:  97% (322/331)        
2022-09-09T09:37:57.5931298Z remote: Compressing objects:  98% (325/331)        
2022-09-09T09:37:57.5931558Z remote: Compressing objects:  99% (328/331)        
2022-09-09T09:37:57.5931831Z remote: Compressing objects: 100% (331/331)        
2022-09-09T09:37:57.5932215Z remote: Compressing objects: 100% (331/331), done.        
2022-09-09T09:37:57.5955274Z Receiving objects:   0% (1/469)
2022-09-09T09:37:57.5989861Z Receiving objects:   1% (5/469)
2022-09-09T09:37:57.5990155Z Receiving objects:   2% (10/469)
2022-09-09T09:37:57.5990386Z Receiving objects:   3% (15/469)
2022-09-09T09:37:57.5990853Z Receiving objects:   4% (19/469)
2022-09-09T09:37:57.5996378Z Receiving objects:   5% (24/469)
2022-09-09T09:37:57.5998657Z Receiving objects:   6% (29/469)
2022-09-09T09:37:57.6009428Z Receiving objects:   7% (33/469)
2022-09-09T09:37:57.6010288Z Receiving objects:   8% (38/469)
2022-09-09T09:37:57.6010548Z Receiving objects:   9% (43/469)
2022-09-09T09:37:57.6010773Z Receiving objects:  10% (47/469)
2022-09-09T09:37:57.6014253Z Receiving objects:  11% (52/469)
2022-09-09T09:37:57.6015918Z Receiving objects:  12% (57/469)
2022-09-09T09:37:57.6016177Z Receiving objects:  13% (61/469)
2022-09-09T09:37:57.6016982Z Receiving objects:  14% (66/469)
2022-09-09T09:37:57.6023384Z Receiving objects:  15% (71/469)
2022-09-09T09:37:57.6023679Z Receiving objects:  16% (76/469)
2022-09-09T09:37:57.6025006Z Receiving objects:  17% (80/469)
2022-09-09T09:37:57.6026608Z Receiving objects:  18% (85/469)
2022-09-09T09:37:57.6030338Z Receiving objects:  19% (90/469)
2022-09-09T09:37:57.6032306Z Receiving objects:  20% (94/469)
2022-09-09T09:37:57.6033195Z Receiving objects:  21% (99/469)
2022-09-09T09:37:57.6034838Z Receiving objects:  22% (104/469)
2022-09-09T09:37:57.6035077Z Receiving objects:  23% (108/469)
2022-09-09T09:37:57.6038958Z Receiving objects:  24% (113/469)
2022-09-09T09:37:57.6039231Z Receiving objects:  25% (118/469)
2022-09-09T09:37:57.6039455Z Receiving objects:  26% (122/469)
2022-09-09T09:37:57.6039694Z Receiving objects:  27% (127/469)
2022-09-09T09:37:57.6044478Z Receiving objects:  28% (132/469)
2022-09-09T09:37:57.6044822Z Receiving objects:  29% (137/469)
2022-09-09T09:37:57.6045049Z Receiving objects:  30% (141/469)
2022-09-09T09:37:57.6045869Z Receiving objects:  31% (146/469)
2022-09-09T09:37:57.6046119Z Receiving objects:  32% (151/469)
2022-09-09T09:37:57.6047327Z Receiving objects:  33% (155/469)
2022-09-09T09:37:57.6048154Z Receiving objects:  34% (160/469)
2022-09-09T09:37:57.6048393Z Receiving objects:  35% (165/469)
2022-09-09T09:37:57.6051207Z Receiving objects:  36% (169/469)
2022-09-09T09:37:57.6060128Z Receiving objects:  37% (174/469)
2022-09-09T09:37:57.6066037Z Receiving objects:  38% (179/469)
2022-09-09T09:37:57.6067128Z Receiving objects:  39% (183/469)
2022-09-09T09:37:57.6067359Z Receiving objects:  40% (188/469)
2022-09-09T09:37:57.6067595Z Receiving objects:  41% (193/469)
2022-09-09T09:37:57.6067829Z Receiving objects:  42% (197/469)
2022-09-09T09:37:57.6068309Z Receiving objects:  43% (202/469)
2022-09-09T09:37:57.6069111Z Receiving objects:  44% (207/469)
2022-09-09T09:37:57.6069353Z Receiving objects:  45% (212/469)
2022-09-09T09:37:57.6069574Z Receiving objects:  46% (216/469)
2022-09-09T09:37:57.6069808Z Receiving objects:  47% (221/469)
2022-09-09T09:37:57.6070048Z Receiving objects:  48% (226/469)
2022-09-09T09:37:57.6070272Z Receiving objects:  49% (230/469)
2022-09-09T09:37:57.6070506Z Receiving objects:  50% (235/469)
2022-09-09T09:37:57.6070737Z Receiving objects:  51% (240/469)
2022-09-09T09:37:57.6070954Z Receiving objects:  52% (244/469)
2022-09-09T09:37:57.6071185Z Receiving objects:  53% (249/469)
2022-09-09T09:37:57.6071417Z Receiving objects:  54% (254/469)
2022-09-09T09:37:57.6071634Z Receiving objects:  55% (258/469)
2022-09-09T09:37:57.6071870Z Receiving objects:  56% (263/469)
2022-09-09T09:37:57.6072098Z Receiving objects:  57% (268/469)
2022-09-09T09:37:57.6072326Z Receiving objects:  58% (273/469)
2022-09-09T09:37:57.6072546Z Receiving objects:  59% (277/469)
2022-09-09T09:37:57.6072774Z Receiving objects:  60% (282/469)
2022-09-09T09:37:57.6073003Z Receiving objects:  61% (287/469)
2022-09-09T09:37:57.6073218Z Receiving objects:  62% (291/469)
2022-09-09T09:37:57.6073445Z Receiving objects:  63% (296/469)
2022-09-09T09:37:57.6073674Z Receiving objects:  64% (301/469)
2022-09-09T09:37:57.6074091Z Receiving objects:  65% (305/469)
2022-09-09T09:37:57.6074333Z Receiving objects:  66% (310/469)
2022-09-09T09:37:57.6074564Z Receiving objects:  67% (315/469)
2022-09-09T09:37:57.6074782Z Receiving objects:  68% (319/469)
2022-09-09T09:37:57.6075012Z Receiving objects:  69% (324/469)
2022-09-09T09:37:57.6075242Z Receiving objects:  70% (329/469)
2022-09-09T09:37:57.6075457Z Receiving objects:  71% (333/469)
2022-09-09T09:37:57.6075685Z Receiving objects:  72% (338/469)
2022-09-09T09:37:57.6075946Z Receiving objects:  73% (343/469)
2022-09-09T09:37:57.6076178Z Receiving objects:  74% (348/469)
2022-09-09T09:37:57.6076750Z Receiving objects:  75% (352/469)
2022-09-09T09:37:57.6077787Z Receiving objects:  76% (357/469)
2022-09-09T09:37:57.6079338Z Receiving objects:  77% (362/469)
2022-09-09T09:37:57.6080485Z Receiving objects:  78% (366/469)
2022-09-09T09:37:57.6080737Z Receiving objects:  79% (371/469)
2022-09-09T09:37:57.6080964Z Receiving objects:  80% (376/469)
2022-09-09T09:37:57.6081629Z Receiving objects:  81% (380/469)
2022-09-09T09:37:57.6081873Z Receiving objects:  82% (385/469)
2022-09-09T09:37:57.6082098Z Receiving objects:  83% (390/469)
2022-09-09T09:37:57.6082329Z Receiving objects:  84% (394/469)
2022-09-09T09:37:57.6082564Z Receiving objects:  85% (399/469)
2022-09-09T09:37:57.6082782Z Receiving objects:  86% (404/469)
2022-09-09T09:37:57.6083017Z Receiving objects:  87% (409/469)
2022-09-09T09:37:57.6083530Z Receiving objects:  88% (413/469)
2022-09-09T09:37:57.6084093Z Receiving objects:  89% (418/469)
2022-09-09T09:37:57.6084781Z Receiving objects:  90% (423/469)
2022-09-09T09:37:57.6085016Z Receiving objects:  91% (427/469)
2022-09-09T09:37:57.6085252Z Receiving objects:  92% (432/469)
2022-09-09T09:37:57.6085851Z remote: Total 469 (delta 111), reused 308 (delta 44), pack-reused 0        
2022-09-09T09:37:57.6090895Z Receiving objects:  93% (437/469)
2022-09-09T09:37:57.6091166Z Receiving objects:  94% (441/469)
2022-09-09T09:37:57.6093679Z Receiving objects:  95% (446/469)
2022-09-09T09:37:57.6094129Z Receiving objects:  96% (451/469)
2022-09-09T09:37:57.6110952Z Receiving objects:  97% (455/469)
2022-09-09T09:37:57.6113215Z Receiving objects:  98% (460/469)
2022-09-09T09:37:57.6116158Z Receiving objects:  99% (465/469)
2022-09-09T09:37:57.6119810Z Receiving objects: 100% (469/469)
2022-09-09T09:37:57.6120230Z Receiving objects: 100% (469/469), 408.58 KiB | 24.03 MiB/s, done.
2022-09-09T09:37:57.6130478Z Resolving deltas:   0% (0/111)
2022-09-09T09:37:57.6130763Z Resolving deltas:   1% (2/111)
2022-09-09T09:37:57.6131003Z Resolving deltas:   2% (3/111)
2022-09-09T09:37:57.6132392Z Resolving deltas:   3% (4/111)
2022-09-09T09:37:57.6134787Z Resolving deltas:   4% (5/111)
2022-09-09T09:37:57.6137292Z Resolving deltas:   5% (6/111)
2022-09-09T09:37:57.6137556Z Resolving deltas:   6% (7/111)
2022-09-09T09:37:57.6137776Z Resolving deltas:   7% (8/111)
2022-09-09T09:37:57.6138007Z Resolving deltas:   8% (9/111)
2022-09-09T09:37:57.6139311Z Resolving deltas:   9% (10/111)
2022-09-09T09:37:57.6142726Z Resolving deltas:  10% (12/111)
2022-09-09T09:37:57.6143004Z Resolving deltas:  11% (13/111)
2022-09-09T09:37:57.6143239Z Resolving deltas:  12% (14/111)
2022-09-09T09:37:57.6143793Z Resolving deltas:  13% (15/111)
2022-09-09T09:37:57.6144023Z Resolving deltas:  14% (16/111)
2022-09-09T09:37:57.6144253Z Resolving deltas:  15% (17/111)
2022-09-09T09:37:57.6144819Z Resolving deltas:  16% (18/111)
2022-09-09T09:37:57.6147070Z Resolving deltas:  17% (19/111)
2022-09-09T09:37:57.6147322Z Resolving deltas:  18% (20/111)
2022-09-09T09:37:57.6148951Z Resolving deltas:  19% (22/111)
2022-09-09T09:37:57.6149177Z Resolving deltas:  20% (23/111)
2022-09-09T09:37:57.6151697Z Resolving deltas:  21% (24/111)
2022-09-09T09:37:57.6151957Z Resolving deltas:  22% (25/111)
2022-09-09T09:37:57.6152170Z Resolving deltas:  23% (26/111)
2022-09-09T09:37:57.6152399Z Resolving deltas:  24% (27/111)
2022-09-09T09:37:57.6153940Z Resolving deltas:  25% (28/111)
2022-09-09T09:37:57.6154659Z Resolving deltas:  26% (29/111)
2022-09-09T09:37:57.6156131Z Resolving deltas:  27% (30/111)
2022-09-09T09:37:57.6156677Z Resolving deltas:  28% (32/111)
2022-09-09T09:37:57.6162135Z Resolving deltas:  29% (33/111)
2022-09-09T09:37:57.6162690Z Resolving deltas:  30% (34/111)
2022-09-09T09:37:57.6165683Z Resolving deltas:  31% (35/111)
2022-09-09T09:37:57.6165942Z Resolving deltas:  32% (36/111)
2022-09-09T09:37:57.6166174Z Resolving deltas:  33% (37/111)
2022-09-09T09:37:57.6166390Z Resolving deltas:  34% (38/111)
2022-09-09T09:37:57.6166618Z Resolving deltas:  35% (39/111)
2022-09-09T09:37:57.6171514Z Resolving deltas:  36% (40/111)
2022-09-09T09:37:57.6171763Z Resolving deltas:  37% (42/111)
2022-09-09T09:37:57.6171992Z Resolving deltas:  38% (43/111)
2022-09-09T09:37:57.6172222Z Resolving deltas:  39% (44/111)
2022-09-09T09:37:57.6172439Z Resolving deltas:  40% (45/111)
2022-09-09T09:37:57.6173062Z Resolving deltas:  41% (46/111)
2022-09-09T09:37:57.6173294Z Resolving deltas:  42% (47/111)
2022-09-09T09:37:57.6173515Z Resolving deltas:  43% (48/111)
2022-09-09T09:37:57.6173745Z Resolving deltas:  44% (49/111)
2022-09-09T09:37:57.6174350Z Resolving deltas:  45% (50/111)
2022-09-09T09:37:57.6174570Z Resolving deltas:  46% (52/111)
2022-09-09T09:37:57.6175734Z Resolving deltas:  47% (53/111)
2022-09-09T09:37:57.6176270Z Resolving deltas:  48% (54/111)
2022-09-09T09:37:57.6190341Z Resolving deltas:  49% (55/111)
2022-09-09T09:37:57.6190581Z Resolving deltas:  50% (56/111)
2022-09-09T09:37:57.6191147Z Resolving deltas:  51% (57/111)
2022-09-09T09:37:57.6191380Z Resolving deltas:  52% (58/111)
2022-09-09T09:37:57.6191594Z Resolving deltas:  53% (59/111)
2022-09-09T09:37:57.6191827Z Resolving deltas:  54% (60/111)
2022-09-09T09:37:57.6192053Z Resolving deltas:  55% (62/111)
2022-09-09T09:37:57.6192279Z Resolving deltas:  56% (63/111)
2022-09-09T09:37:57.6192496Z Resolving deltas:  57% (64/111)
2022-09-09T09:37:57.6192759Z Resolving deltas:  58% (65/111)
2022-09-09T09:37:57.6192986Z Resolving deltas:  59% (66/111)
2022-09-09T09:37:57.6193205Z Resolving deltas:  60% (67/111)
2022-09-09T09:37:57.6193585Z Resolving deltas:  61% (68/111)
2022-09-09T09:37:57.6193815Z Resolving deltas:  62% (69/111)
2022-09-09T09:37:57.6194028Z Resolving deltas:  63% (70/111)
2022-09-09T09:37:57.6194255Z Resolving deltas:  64% (72/111)
2022-09-09T09:37:57.6194484Z Resolving deltas:  65% (73/111)
2022-09-09T09:37:57.6194699Z Resolving deltas:  66% (74/111)
2022-09-09T09:37:57.6194925Z Resolving deltas:  67% (75/111)
2022-09-09T09:37:57.6195157Z Resolving deltas:  68% (76/111)
2022-09-09T09:37:57.6195370Z Resolving deltas:  69% (77/111)
2022-09-09T09:37:57.6195595Z Resolving deltas:  70% (78/111)
2022-09-09T09:37:57.6195822Z Resolving deltas:  71% (79/111)
2022-09-09T09:37:57.6196033Z Resolving deltas:  72% (80/111)
2022-09-09T09:37:57.6196257Z Resolving deltas:  73% (82/111)
2022-09-09T09:37:57.6196484Z Resolving deltas:  74% (83/111)
2022-09-09T09:37:57.6196697Z Resolving deltas:  75% (84/111)
2022-09-09T09:37:57.6196927Z Resolving deltas:  76% (85/111)
2022-09-09T09:37:57.6197164Z Resolving deltas:  77% (86/111)
2022-09-09T09:37:57.6197389Z Resolving deltas:  78% (87/111)
2022-09-09T09:37:57.6197602Z Resolving deltas:  79% (88/111)
2022-09-09T09:37:57.6198292Z Resolving deltas:  80% (89/111)
2022-09-09T09:37:57.6198524Z Resolving deltas:  81% (90/111)
2022-09-09T09:37:57.6198738Z Resolving deltas:  82% (92/111)
2022-09-09T09:37:57.6199311Z Resolving deltas:  83% (93/111)
2022-09-09T09:37:57.6199542Z Resolving deltas:  84% (94/111)
2022-09-09T09:37:57.6199758Z Resolving deltas:  85% (95/111)
2022-09-09T09:37:57.6199985Z Resolving deltas:  86% (96/111)
2022-09-09T09:37:57.6200560Z Resolving deltas:  87% (97/111)
2022-09-09T09:37:57.6200778Z Resolving deltas:  88% (98/111)
2022-09-09T09:37:57.6201004Z Resolving deltas:  89% (99/111)
2022-09-09T09:37:57.6205399Z Resolving deltas:  90% (100/111)
2022-09-09T09:37:57.6205686Z Resolving deltas:  91% (102/111)
2022-09-09T09:37:57.6205915Z Resolving deltas:  92% (103/111)
2022-09-09T09:37:57.6206292Z Resolving deltas:  93% (104/111)
2022-09-09T09:37:57.6206541Z Resolving deltas:  94% (105/111)
2022-09-09T09:37:57.6207145Z Resolving deltas:  95% (106/111)
2022-09-09T09:37:57.6207386Z Resolving deltas:  96% (107/111)
2022-09-09T09:37:57.6208258Z Resolving deltas:  97% (108/111)
2022-09-09T09:37:57.6209263Z Resolving deltas:  98% (109/111)
2022-09-09T09:37:57.6213678Z Resolving deltas:  99% (110/111)
2022-09-09T09:37:57.6214762Z Resolving deltas: 100% (111/111)
2022-09-09T09:37:57.6215186Z Resolving deltas: 100% (111/111), done.
2022-09-09T09:37:57.6286632Z From https://github.com/alibaba/transmittable-thread-local
2022-09-09T09:37:57.6287303Z  * [new ref]         73295e5fd8020ab3e5fda708cf7b2f1b5982cc69 -> origin/wip-v3
2022-09-09T09:37:57.6309202Z ##[endgroup]
2022-09-09T09:37:57.6309967Z ##[group]Determining the checkout info
2022-09-09T09:37:57.6310836Z ##[endgroup]
2022-09-09T09:37:57.6311439Z ##[group]Checking out the ref
2022-09-09T09:37:57.6315410Z [command]/usr/bin/git checkout --progress --force -B wip-v3 refs/remotes/origin/wip-v3
2022-09-09T09:37:57.6532568Z Switched to a new branch 'wip-v3'
2022-09-09T09:37:57.6533320Z branch 'wip-v3' set up to track 'origin/wip-v3'.
2022-09-09T09:37:57.6539661Z ##[endgroup]
2022-09-09T09:37:57.6585304Z [command]/usr/bin/git log -1 --format='%H'
2022-09-09T09:37:57.6614936Z '73295e5fd8020ab3e5fda708cf7b2f1b5982cc69'
2022-09-09T09:37:57.6929530Z ##[group]Run actions/setup-java@v3
2022-09-09T09:37:57.6929782Z with:
2022-09-09T09:37:57.6929983Z   java-version: 11
2022-09-09T09:37:57.6930199Z   distribution: zulu
2022-09-09T09:37:57.6930393Z   cache: maven
2022-09-09T09:37:57.6930602Z   java-package: jdk
2022-09-09T09:37:57.6930811Z   architecture: x64
2022-09-09T09:37:57.6931010Z   check-latest: false
2022-09-09T09:37:57.6931226Z   server-id: github
2022-09-09T09:37:57.6931453Z   server-username: GITHUB_ACTOR
2022-09-09T09:37:57.6931717Z   server-password: GITHUB_TOKEN
2022-09-09T09:37:57.6931952Z   overwrite-settings: true
2022-09-09T09:37:57.6932180Z   job-status: success
2022-09-09T09:37:57.6932384Z ##[endgroup]
2022-09-09T09:37:58.0172261Z ##[group]Installed distributions
2022-09-09T09:37:58.0231487Z Trying to resolve the latest version from remote
2022-09-09T09:37:58.1087687Z Resolved latest version as 11.0.16+8
2022-09-09T09:37:58.1088047Z Trying to download...
2022-09-09T09:37:58.1088990Z Downloading Java 11.0.16+8 (Zulu) from https://cdn.azul.com/zulu/bin/zulu11.58.15-ca-jdk11.0.16-linux_x64.tar.gz ...
2022-09-09T09:37:59.2255101Z Extracting Java archive...
2022-09-09T09:37:59.2382159Z [command]/usr/bin/tar xz --warning=no-unknown-keyword -C /home/runner/work/_temp/2ffd844b-642a-44f2-b372-c0bdb1923b40 -f /home/runner/work/_temp/a329db85-30ef-495d-962d-e11bce570838
2022-09-09T09:38:03.3469439Z Java 11.0.16+8 was downloaded
2022-09-09T09:38:03.3472222Z Setting Java 11.0.16+8 as the default
2022-09-09T09:38:03.3489125Z 
2022-09-09T09:38:03.3495816Z 
2022-09-09T09:38:03.3499911Z 
2022-09-09T09:38:03.3505678Z 
2022-09-09T09:38:03.3505953Z Java configuration:
2022-09-09T09:38:03.3507606Z   Distribution: zulu
2022-09-09T09:38:03.3508445Z   Version: 11.0.16+8
2022-09-09T09:38:03.3509358Z   Path: /opt/hostedtoolcache/Java_Zulu_jdk/11.0.16-8/x64
2022-09-09T09:38:03.3509624Z 
2022-09-09T09:38:03.3509981Z ##[endgroup]
2022-09-09T09:38:03.3536730Z Creating settings.xml with server-id: github
2022-09-09T09:38:03.3628577Z Writing to /home/runner/.m2/settings.xml
2022-09-09T09:38:04.3473395Z Received 117620173 of 117620173 (100.0%), 165.4 MBs/sec
2022-09-09T09:38:04.3478297Z Cache Size: ~112 MB (117620173 B)
2022-09-09T09:38:04.3504981Z [command]/usr/bin/tar --use-compress-program zstd -d -xf /home/runner/work/_temp/fdac9bd0-96fc-4bbf-a6ae-eb392878ee45/cache.tzst -P -C /home/runner/work/transmittable-thread-local/transmittable-thread-local
2022-09-09T09:38:04.6480254Z Cache restored successfully
2022-09-09T09:38:04.6670563Z 
2022-09-09T09:38:04.6672173Z Cache restored from key: setup-java-Linux-maven-e366094c086f196530b0fbd7b38371287ffd117b650907f1a3f49ab344bd0ac8
2022-09-09T09:38:04.7968901Z ##[group]Run ./mvnw -V --no-transfer-progress clean package
2022-09-09T09:38:04.7969404Z [36;1m./mvnw -V --no-transfer-progress clean package[0m
2022-09-09T09:38:04.8029542Z shell: /usr/bin/bash -e {0}
2022-09-09T09:38:04.8029981Z env:
2022-09-09T09:38:04.8030361Z   JAVA_HOME: /opt/hostedtoolcache/Java_Zulu_jdk/11.0.16-8/x64
2022-09-09T09:38:04.8030781Z   JAVA_HOME_11_X64: /opt/hostedtoolcache/Java_Zulu_jdk/11.0.16-8/x64
2022-09-09T09:38:04.8031130Z ##[endgroup]
2022-09-09T09:38:06.0596703Z Apache Maven 3.8.6 (84538c9988a25aec085021c365c560670ad80f63)
2022-09-09T09:38:06.0750656Z Maven home: /home/runner/.m2/wrapper/dists/apache-maven-3.8.6-bin/1ks0nkde5v1pk9vtc31i9d0lcd/apache-maven-3.8.6
2022-09-09T09:38:06.0802744Z Java version: 11.0.16, vendor: Azul Systems, Inc., runtime: /opt/hostedtoolcache/Java_Zulu_jdk/11.0.16-8/x64
2022-09-09T09:38:06.0803193Z Default locale: en, platform encoding: UTF-8
2022-09-09T09:38:06.0803695Z OS name: "linux", version: "5.15.0-1019-azure", arch: "amd64", family: "unix"
2022-09-09T09:38:07.2035053Z [INFO] Scanning for projects...
2022-09-09T09:38:07.4299516Z [INFO] ------------------------------------------------------------------------
2022-09-09T09:38:07.4300245Z [INFO] Reactor Build Order:
2022-09-09T09:38:07.4301373Z [INFO] 
2022-09-09T09:38:07.4310277Z [INFO] ttl3-parent                                                        [pom]
2022-09-09T09:38:07.4310850Z [INFO] TransmittableThreadLocal(TTL)                                      [jar]
2022-09-09T09:38:07.4311419Z [INFO] TransmittableThreadLocal(TTL) kotlin support                       [jar]
2022-09-09T09:38:07.4312028Z [INFO] TransmittableThreadLocal(TTL) Agent                                [jar]
2022-09-09T09:38:07.4312642Z [INFO] TransmittableThreadLocal(TTL) v2 compatible                        [jar]
2022-09-09T09:38:07.4313351Z [INFO] vertx4-ttl-integration                                             [jar]
2022-09-09T09:38:07.4313972Z [INFO] vertx3-ttl-integration                                             [jar]
2022-09-09T09:38:07.4314655Z [INFO] sample-ttl-agent-extension-transformlet                            [jar]
2022-09-09T09:38:07.4410883Z [INFO] 
2022-09-09T09:38:07.4411900Z [INFO] --------------------< com.alibaba.ttl3:ttl3-parent >--------------------
2022-09-09T09:38:07.4412622Z [INFO] Building ttl3-parent 3.x-SNAPSHOT                                  [1/8]
2022-09-09T09:38:07.4413491Z [INFO] --------------------------------[ pom ]---------------------------------
2022-09-09T09:38:07.8037380Z [INFO] 
2022-09-09T09:38:07.8044555Z [INFO] --- maven-clean-plugin:3.2.0:clean (default-clean) @ ttl3-parent ---
2022-09-09T09:38:07.8780582Z [INFO] 
2022-09-09T09:38:07.8784626Z [INFO] --- maven-enforcer-plugin:3.1.0:enforce (enforce-maven) @ ttl3-parent ---
2022-09-09T09:38:08.0705065Z [INFO] 
2022-09-09T09:38:08.0709384Z [INFO] --- kotlin-maven-plugin:1.7.10:compile (compile) @ ttl3-parent ---
2022-09-09T09:38:08.4244072Z [WARNING] No sources found skipping Kotlin compile
2022-09-09T09:38:08.4244720Z [INFO] 
2022-09-09T09:38:08.4246502Z [INFO] --- maven-compiler-plugin:3.10.1:compile (java-compile) @ ttl3-parent ---
2022-09-09T09:38:08.4897946Z [INFO] No sources to compile
2022-09-09T09:38:08.4911113Z [INFO] 
2022-09-09T09:38:08.4912273Z [INFO] --- kotlin-maven-plugin:1.7.10:test-compile (test-compile) @ ttl3-parent ---
2022-09-09T09:38:08.4935999Z [WARNING] No sources found skipping Kotlin compile
2022-09-09T09:38:08.4936539Z [INFO] 
2022-09-09T09:38:08.4937746Z [INFO] --- maven-compiler-plugin:3.10.1:testCompile (java-test-compile) @ ttl3-parent ---
2022-09-09T09:38:08.4987835Z [INFO] No sources to compile
2022-09-09T09:38:08.4991070Z [INFO] 
2022-09-09T09:38:08.4991864Z [INFO] ---------------------< com.alibaba.ttl3:ttl-core >----------------------
2022-09-09T09:38:08.4992611Z [INFO] Building TransmittableThreadLocal(TTL) 3.x-SNAPSHOT                [2/8]
2022-09-09T09:38:08.4994558Z [INFO] --------------------------------[ jar ]---------------------------------
2022-09-09T09:38:08.5589025Z [INFO] 
2022-09-09T09:38:08.5590151Z [INFO] --- maven-clean-plugin:3.2.0:clean (default-clean) @ ttl-core ---
2022-09-09T09:38:08.5596473Z [INFO] 
2022-09-09T09:38:08.5597143Z [INFO] --- maven-enforcer-plugin:3.1.0:enforce (enforce-maven) @ ttl-core ---
2022-09-09T09:38:08.5603804Z [INFO] 
2022-09-09T09:38:08.5604558Z [INFO] --- maven-resources-plugin:3.3.0:resources (default-resources) @ ttl-core ---
2022-09-09T09:38:08.6155945Z [INFO] skip non existing resourceDirectory /home/runner/work/transmittable-thread-local/transmittable-thread-local/ttl-core/src/main/resources
2022-09-09T09:38:08.6156702Z [INFO] 
2022-09-09T09:38:08.6158184Z [INFO] --- kotlin-maven-plugin:1.7.10:compile (compile) @ ttl-core ---
2022-09-09T09:38:08.6619349Z [WARNING] No sources found skipping Kotlin compile
2022-09-09T09:38:08.6619954Z [INFO] 
2022-09-09T09:38:08.6622815Z [INFO] --- maven-compiler-plugin:3.10.1:compile (java-compile) @ ttl-core ---
2022-09-09T09:38:08.6831896Z [INFO] Changes detected - recompiling the module!
2022-09-09T09:38:08.6872621Z [INFO] Compiling 39 source files to /home/runner/work/transmittable-thread-local/transmittable-thread-local/ttl-core/target/classes
2022-09-09T09:38:10.0727545Z [INFO] 
2022-09-09T09:38:10.0731590Z [INFO] --- maven-resources-plugin:3.3.0:testResources (default-testResources) @ ttl-core ---
2022-09-09T09:38:10.0761224Z [INFO] skip non existing resourceDirectory /home/runner/work/transmittable-thread-local/transmittable-thread-local/ttl-core/src/test/resources
2022-09-09T09:38:10.0765399Z [INFO] 
2022-09-09T09:38:10.0768812Z [INFO] --- kotlin-maven-plugin:1.7.10:test-compile (test-compile) @ ttl-core ---
2022-09-09T09:38:25.6030405Z [INFO] 
2022-09-09T09:38:25.6034694Z [INFO] --- maven-compiler-plugin:3.10.1:testCompile (java-test-compile) @ ttl-core ---
2022-09-09T09:38:25.6056222Z [INFO] Changes detected - recompiling the module!
2022-09-09T09:38:25.6079206Z [INFO] Compiling 3 source files to /home/runner/work/transmittable-thread-local/transmittable-thread-local/ttl-core/target/test-classes
2022-09-09T09:38:25.8590674Z [INFO] 
2022-09-09T09:38:25.8597438Z [INFO] --- maven-surefire-plugin:3.0.0-M7:test (default-test) @ ttl-core ---
2022-09-09T09:38:26.0068820Z [INFO] Using auto detected provider org.apache.maven.surefire.junitplatform.JUnitPlatformProvider
2022-09-09T09:38:26.1782225Z [INFO] 
2022-09-09T09:38:26.1792257Z [INFO] -------------------------------------------------------
2022-09-09T09:38:26.1794102Z [INFO]  T E S T S
2022-09-09T09:38:26.1795891Z [INFO] -------------------------------------------------------
2022-09-09T09:38:29.5020486Z [INFO] Running com.alibaba.third_part_lib_test.ExecutorsTest
2022-09-09T09:38:29.9643254Z [INFO] Tests run: 1, Failures: 0, Errors: 0, Skipped: 0, Time elapsed: 0.427 s - in com.alibaba.third_part_lib_test.ExecutorsTest
2022-09-09T09:38:29.9650383Z [INFO] Running com.alibaba.third_part_lib_test.ForkJoinPoolTest
2022-09-09T09:38:30.0071053Z [INFO] Tests run: 1, Failures: 0, Errors: 0, Skipped: 0, Time elapsed: 0.047 s - in com.alibaba.third_part_lib_test.ForkJoinPoolTest
2022-09-09T09:38:30.0074692Z [INFO] Running com.alibaba.ttl3.TtlCallableTest
2022-09-09T09:38:30.1101533Z [INFO] Tests run: 9, Failures: 0, Errors: 0, Skipped: 0, Time elapsed: 0.11 s - in com.alibaba.ttl3.TtlCallableTest
2022-09-09T09:38:30.1102317Z [INFO] Running com.alibaba.ttl3.TtlRunnableTest
2022-09-09T09:38:30.1839229Z [INFO] Tests run: 9, Failures: 0, Errors: 0, Skipped: 0, Time elapsed: 0.068 s - in com.alibaba.ttl3.TtlRunnableTest
2022-09-09T09:38:30.1872828Z [INFO] Running com.alibaba.ttl3.TtlTimerTaskTest
2022-09-09T09:38:30.2097473Z [INFO] Tests run: 2, Failures: 0, Errors: 0, Skipped: 0, Time elapsed: 0.016 s - in com.alibaba.ttl3.TtlTimerTaskTest
2022-09-09T09:38:30.2098345Z [INFO] Running com.alibaba.user_api_test.ttl3.DisableIgnoreNullValueSemanticsTest
2022-09-09T09:38:30.2513603Z [INFO] Tests run: 4, Failures: 0, Errors: 0, Skipped: 0, Time elapsed: 0.04 s - in com.alibaba.user_api_test.ttl3.DisableIgnoreNullValueSemanticsTest
2022-09-09T09:38:30.2538973Z [INFO] Running com.alibaba.user_api_test.ttl3.TransmittableThreadLocal_Transmitter_UserTest
2022-09-09T09:38:30.3366225Z [INFO] Tests run: 6, Failures: 0, Errors: 0, Skipped: 0, Time elapsed: 0.086 s - in com.alibaba.user_api_test.ttl3.TransmittableThreadLocal_Transmitter_UserTest
2022-09-09T09:38:30.3369628Z [INFO] Running com.alibaba.user_api_test.ttl3.TransmittableThreadLocal_Transmitter_registerTransmittee_UserTest
2022-09-09T09:38:32.3176442Z [INFO] Tests run: 2, Failures: 0, Errors: 0, Skipped: 0, Time elapsed: 1.972 s - in com.alibaba.user_api_test.ttl3.TransmittableThreadLocal_Transmitter_registerTransmittee_UserTest
2022-09-09T09:38:32.3190786Z [INFO] Running com.alibaba.user_api_test.ttl3.TransmittableThreadLocal_withInit_Test
2022-09-09T09:38:32.3971719Z [INFO] Tests run: 3, Failures: 0, Errors: 0, Skipped: 0, Time elapsed: 0.07 s - in com.alibaba.user_api_test.ttl3.TransmittableThreadLocal_withInit_Test
2022-09-09T09:38:32.4817019Z [INFO] Running com.alibaba.user_api_test.ttl3.TransmittableThreadLocal_withInit_Null_Test
2022-09-09T09:38:32.5350828Z [INFO] Tests run: 3, Failures: 0, Errors: 0, Skipped: 0, Time elapsed: 0.041 s - in com.alibaba.user_api_test.ttl3.TransmittableThreadLocal_withInit_Null_Test
2022-09-09T09:38:32.5696735Z [INFO] 
2022-09-09T09:38:32.5992025Z [INFO] Results:
2022-09-09T09:38:32.5992289Z [INFO] 
2022-09-09T09:38:32.5992560Z [INFO] Tests run: 40, Failures: 0, Errors: 0, Skipped: 0
2022-09-09T09:38:32.5992800Z [INFO] 
2022-09-09T09:38:32.5992982Z [INFO] 
2022-09-09T09:38:32.5993558Z [INFO] --- maven-jar-plugin:3.2.2:jar (default-jar) @ ttl-core ---
2022-09-09T09:38:32.7701512Z [INFO] Building jar: /home/runner/work/transmittable-thread-local/transmittable-thread-local/ttl-core/target/ttl-core-3.x-SNAPSHOT.jar
2022-09-09T09:38:32.8167511Z [INFO] 
2022-09-09T09:38:32.8168277Z [INFO] --------------------< com.alibaba.ttl3:ttl-kotlin >---------------------
2022-09-09T09:38:32.8172150Z [INFO] Building TransmittableThreadLocal(TTL) kotlin support 3.x-SNAPSHOT [3/8]
2022-09-09T09:38:32.8175224Z [INFO] --------------------------------[ jar ]---------------------------------
2022-09-09T09:38:32.8263174Z [INFO] 
2022-09-09T09:38:32.8266324Z [INFO] --- maven-clean-plugin:3.2.0:clean (default-clean) @ ttl-kotlin ---
2022-09-09T09:38:32.8276842Z [INFO] 
2022-09-09T09:38:32.8280055Z [INFO] --- maven-enforcer-plugin:3.1.0:enforce (enforce-maven) @ ttl-kotlin ---
2022-09-09T09:38:32.8288100Z [INFO] 
2022-09-09T09:38:32.8291576Z [INFO] --- maven-resources-plugin:3.3.0:resources (default-resources) @ ttl-kotlin ---
2022-09-09T09:38:32.8304729Z [INFO] skip non existing resourceDirectory /home/runner/work/transmittable-thread-local/transmittable-thread-local/ttl-kotlin/src/main/resources
2022-09-09T09:38:32.8308421Z [INFO] 
2022-09-09T09:38:32.8311698Z [INFO] --- kotlin-maven-plugin:1.7.10:compile (compile) @ ttl-kotlin ---
2022-09-09T09:38:33.4824443Z [INFO] 
2022-09-09T09:38:33.4825180Z [INFO] --- maven-compiler-plugin:3.10.1:compile (java-compile) @ ttl-kotlin ---
2022-09-09T09:38:33.4845516Z [INFO] Not compiling main sources
2022-09-09T09:38:33.4848790Z [INFO] 
2022-09-09T09:38:33.4851921Z [INFO] --- maven-resources-plugin:3.3.0:testResources (default-testResources) @ ttl-kotlin ---
2022-09-09T09:38:33.4867421Z [INFO] skip non existing resourceDirectory /home/runner/work/transmittable-thread-local/transmittable-thread-local/ttl-kotlin/src/test/resources
2022-09-09T09:38:33.4870924Z [INFO] 
2022-09-09T09:38:33.4873856Z [INFO] --- kotlin-maven-plugin:1.7.10:test-compile (test-compile) @ ttl-kotlin ---
2022-09-09T09:38:34.7620014Z [INFO] 
2022-09-09T09:38:34.7621229Z [INFO] --- maven-compiler-plugin:3.10.1:testCompile (java-test-compile) @ ttl-kotlin ---
2022-09-09T09:38:34.7635871Z [INFO] Not compiling test sources
2022-09-09T09:38:34.7636442Z [INFO] 
2022-09-09T09:38:34.7637694Z [INFO] --- maven-surefire-plugin:3.0.0-M7:test (default-test) @ ttl-kotlin ---
2022-09-09T09:38:34.7744132Z [INFO] Using auto detected provider org.apache.maven.surefire.junitplatform.JUnitPlatformProvider
2022-09-09T09:38:34.7819148Z [INFO] 
2022-09-09T09:38:34.7819998Z [INFO] -------------------------------------------------------
2022-09-09T09:38:34.7820511Z [INFO]  T E S T S
2022-09-09T09:38:34.7821387Z [INFO] -------------------------------------------------------
2022-09-09T09:38:37.6636244Z [INFO] Running com.alibaba.ttl3.kotlin.TtlExtensionsTests
2022-09-09T09:38:37.8791599Z [ERROR] Tests run: 7, Failures: 1, Errors: 0, Skipped: 0, Time elapsed: 0.197 s <<< FAILURE! - in com.alibaba.ttl3.kotlin.TtlExtensionsTests
2022-09-09T09:38:37.8952221Z [ERROR] com.alibaba.ttl3.kotlin.TtlExtensionsTests  Time elapsed: 0.017 s  <<< FAILURE!
2022-09-09T09:38:37.8953355Z java.lang.AssertionError: java.util.concurrent.ThreadPoolExecutor@20f817bf[Running, pool size = 0, active threads = 0, queued tasks = 0, completed tasks = 0] should be the same reference as java.util.concurrent.ThreadPoolExecutor@73ebe104[Running, pool size = 0, active threads = 0, queued tasks = 0, completed tasks = 0]
2022-09-09T09:38:37.8954796Z 	at com.alibaba.ttl3.kotlin.TtlExtensionsTests$1$7.invokeSuspend(TtlExtensionsTests.kt:159)
2022-09-09T09:38:37.8955534Z 	at com.alibaba.ttl3.kotlin.TtlExtensionsTests$1$7.invoke(TtlExtensionsTests.kt)
2022-09-09T09:38:37.8956306Z 	at com.alibaba.ttl3.kotlin.TtlExtensionsTests$1$7.invoke(TtlExtensionsTests.kt)
2022-09-09T09:38:37.8956926Z 	at io.kotest.core.spec.style.scopes.RootScopeKt$addTest$1.invokeSuspend(RootScope.kt:36)
2022-09-09T09:38:37.8957560Z 	at io.kotest.core.spec.style.scopes.RootScopeKt$addTest$1.invoke(RootScope.kt)
2022-09-09T09:38:37.8958233Z 	at io.kotest.core.spec.style.scopes.RootScopeKt$addTest$1.invoke(RootScope.kt)
2022-09-09T09:38:37.8959267Z 	at io.kotest.engine.test.TestCaseExecutor$execute$innerExecute$1.invokeSuspend(TestCaseExecutor.kt:81)
2022-09-09T09:38:37.8959830Z 	at io.kotest.engine.test.TestCaseExecutor$execute$innerExecute$1.invoke(TestCaseExecutor.kt)
2022-09-09T09:38:37.8960332Z 	at io.kotest.engine.test.TestCaseExecutor$execute$innerExecute$1.invoke(TestCaseExecutor.kt)
2022-09-09T09:38:37.8960994Z 	at io.kotest.engine.test.interceptors.CoroutineDebugProbeInterceptor.intercept(CoroutineDebugProbeInterceptor.kt:29)
2022-09-09T09:38:37.8961957Z 	at io.kotest.engine.test.TestCaseExecutor$execute$2$1.invokeSuspend(TestCaseExecutor.kt:90)
2022-09-09T09:38:37.8962436Z 	at io.kotest.engine.test.TestCaseExecutor$execute$2$1.invoke(TestCaseExecutor.kt)
2022-09-09T09:38:37.8962876Z 	at io.kotest.engine.test.TestCaseExecutor$execute$2$1.invoke(TestCaseExecutor.kt)
2022-09-09T09:38:37.8963478Z 	at io.kotest.engine.test.interceptors.InvocationTimeoutInterceptor$intercept$3.invokeSuspend(InvocationTimeoutInterceptor.kt:43)
2022-09-09T09:38:37.8964198Z 	at io.kotest.engine.test.interceptors.InvocationTimeoutInterceptor$intercept$3.invoke(InvocationTimeoutInterceptor.kt)
2022-09-09T09:38:37.8964896Z 	at io.kotest.engine.test.interceptors.InvocationTimeoutInterceptor$intercept$3.invoke(InvocationTimeoutInterceptor.kt)
2022-09-09T09:38:37.8965635Z 	at kotlinx.coroutines.intrinsics.UndispatchedKt.startUndispatchedOrReturnIgnoreTimeout(Undispatched.kt:100)
2022-09-09T09:38:37.8966232Z 	at kotlinx.coroutines.TimeoutKt.setupTimeout(Timeout.kt:146)
2022-09-09T09:38:37.8966662Z 	at kotlinx.coroutines.TimeoutKt.withTimeoutOrNull(Timeout.kt:103)
2022-09-09T09:38:37.8967246Z 	at io.kotest.engine.test.interceptors.InvocationTimeoutInterceptor.intercept(InvocationTimeoutInterceptor.kt:42)
2022-09-09T09:38:37.8967855Z 	at io.kotest.engine.test.TestCaseExecutor$execute$2$1.invokeSuspend(TestCaseExecutor.kt:90)
2022-09-09T09:38:37.8968327Z 	at io.kotest.engine.test.TestCaseExecutor$execute$2$1.invoke(TestCaseExecutor.kt)
2022-09-09T09:38:37.8968774Z 	at io.kotest.engine.test.TestCaseExecutor$execute$2$1.invoke(TestCaseExecutor.kt)
2022-09-09T09:38:37.8969302Z 	at io.kotest.engine.test.TestInvocationInterceptor$intercept$2$3.invokeSuspend(TestInvocationInterceptor.kt:36)
2022-09-09T09:38:37.8969883Z 	at io.kotest.engine.test.TestInvocationInterceptor$intercept$2$3.invoke(TestInvocationInterceptor.kt)
2022-09-09T09:38:37.8970568Z 	at io.kotest.engine.test.TestInvocationInterceptor$intercept$2$3.invoke(TestInvocationInterceptor.kt)
2022-09-09T09:38:37.8971008Z 	at io.kotest.mpp.ReplayKt.replay(replay.kt:18)
2022-09-09T09:38:37.8971482Z 	at io.kotest.engine.test.TestInvocationInterceptor$intercept$2.invokeSuspend(TestInvocationInterceptor.kt:31)
2022-09-09T09:38:37.8972063Z 	at io.kotest.engine.test.TestInvocationInterceptor$intercept$2.invoke(TestInvocationInterceptor.kt)
2022-09-09T09:38:37.8972628Z 	at io.kotest.engine.test.TestInvocationInterceptor$intercept$2.invoke(TestInvocationInterceptor.kt)
2022-09-09T09:38:37.8973237Z 	at kotlinx.coroutines.intrinsics.UndispatchedKt.startUndispatchedOrReturn(Undispatched.kt:89)
2022-09-09T09:38:37.8973813Z 	at kotlinx.coroutines.CoroutineScopeKt.coroutineScope(CoroutineScope.kt:264)
2022-09-09T09:38:37.8974354Z 	at io.kotest.engine.test.TestInvocationInterceptor.intercept(TestInvocationInterceptor.kt:30)
2022-09-09T09:38:37.8974900Z 	at io.kotest.engine.test.TestCaseExecutor$execute$2$1.invokeSuspend(TestCaseExecutor.kt:90)
2022-09-09T09:38:37.8975427Z 	at io.kotest.engine.test.TestCaseExecutor$execute$2$1.invoke(TestCaseExecutor.kt)
2022-09-09T09:38:37.8975882Z 	at io.kotest.engine.test.TestCaseExecutor$execute$2$1.invoke(TestCaseExecutor.kt)
2022-09-09T09:38:37.8976412Z 	at io.kotest.engine.test.interceptors.TimeoutInterceptor.intercept(TimeoutInterceptor.kt:33)
2022-09-09T09:38:37.8976958Z 	at io.kotest.engine.test.TestCaseExecutor$execute$2$1.invokeSuspend(TestCaseExecutor.kt:90)
2022-09-09T09:38:37.8977428Z 	at io.kotest.engine.test.TestCaseExecutor$execute$2$1.invoke(TestCaseExecutor.kt)
2022-09-09T09:38:37.8977887Z 	at io.kotest.engine.test.TestCaseExecutor$execute$2$1.invoke(TestCaseExecutor.kt)
2022-09-09T09:38:37.8978516Z 	at io.kotest.engine.test.interceptors.BlockedThreadTimeoutInterceptor.intercept(BlockedThreadTimeoutInterceptor.kt:74)
2022-09-09T09:38:37.8979148Z 	at io.kotest.engine.test.TestCaseExecutor$execute$2$1.invokeSuspend(TestCaseExecutor.kt:90)
2022-09-09T09:38:37.8979616Z 	at io.kotest.engine.test.TestCaseExecutor$execute$2$1.invoke(TestCaseExecutor.kt)
2022-09-09T09:38:37.8980129Z 	at io.kotest.engine.test.TestCaseExecutor$execute$2$1.invoke(TestCaseExecutor.kt)
2022-09-09T09:38:37.8980731Z 	at io.kotest.engine.test.interceptors.CoroutineLoggingInterceptor.intercept(CoroutineLoggingInterceptor.kt:30)
2022-09-09T09:38:37.8981339Z 	at io.kotest.engine.test.TestCaseExecutor$execute$2$1.invokeSuspend(TestCaseExecutor.kt:90)
2022-09-09T09:38:37.8981792Z 	at io.kotest.engine.test.TestCaseExecutor$execute$2$1.invoke(TestCaseExecutor.kt)
2022-09-09T09:38:37.8982242Z 	at io.kotest.engine.test.TestCaseExecutor$execute$2$1.invoke(TestCaseExecutor.kt)
2022-09-09T09:38:37.8982790Z 	at io.kotest.engine.test.interceptors.SoftAssertInterceptor.intercept(SoftAssertInterceptor.kt:27)
2022-09-09T09:38:37.8983358Z 	at io.kotest.engine.test.TestCaseExecutor$execute$2$1.invokeSuspend(TestCaseExecutor.kt:90)
2022-09-09T09:38:37.8983827Z 	at io.kotest.engine.test.TestCaseExecutor$execute$2$1.invoke(TestCaseExecutor.kt)
2022-09-09T09:38:37.8984271Z 	at io.kotest.engine.test.TestCaseExecutor$execute$2$1.invoke(TestCaseExecutor.kt)
2022-09-09T09:38:37.8984848Z 	at io.kotest.engine.test.interceptors.AssertionModeInterceptor.intercept(AssertionModeInterceptor.kt:25)
2022-09-09T09:38:37.8985424Z 	at io.kotest.engine.test.TestCaseExecutor$execute$2$1.invokeSuspend(TestCaseExecutor.kt:90)
2022-09-09T09:38:37.8985891Z 	at io.kotest.engine.test.TestCaseExecutor$execute$2$1.invoke(TestCaseExecutor.kt)
2022-09-09T09:38:37.8986348Z 	at io.kotest.engine.test.TestCaseExecutor$execute$2$1.invoke(TestCaseExecutor.kt)
2022-09-09T09:38:37.8986894Z 	at io.kotest.engine.test.interceptors.LifecycleInterceptor.intercept(LifecycleInterceptor.kt:51)
2022-09-09T09:38:37.8987455Z 	at io.kotest.engine.test.TestCaseExecutor$execute$2$1.invokeSuspend(TestCaseExecutor.kt:90)
2022-09-09T09:38:37.8987927Z 	at io.kotest.engine.test.TestCaseExecutor$execute$2$1.invoke(TestCaseExecutor.kt)
2022-09-09T09:38:37.8997916Z 	at io.kotest.engine.test.TestCaseExecutor$execute$2$1.invoke(TestCaseExecutor.kt)
2022-09-09T09:38:37.8998533Z 	at io.kotest.engine.test.interceptors.EnabledCheckInterceptor.intercept(EnabledCheckInterceptor.kt:31)
2022-09-09T09:38:37.8999128Z 	at io.kotest.engine.test.TestCaseExecutor$execute$2$1.invokeSuspend(TestCaseExecutor.kt:90)
2022-09-09T09:38:37.8999606Z 	at io.kotest.engine.test.TestCaseExecutor$execute$2$1.invoke(TestCaseExecutor.kt)
2022-09-09T09:38:37.9000057Z 	at io.kotest.engine.test.TestCaseExecutor$execute$2$1.invoke(TestCaseExecutor.kt)
2022-09-09T09:38:37.9000660Z 	at io.kotest.engine.test.interceptors.TestCaseExtensionInterceptor$intercept$2.invokeSuspend(TestCaseExtensionInterceptor.kt:24)
2022-09-09T09:38:37.9001376Z 	at io.kotest.engine.test.interceptors.TestCaseExtensionInterceptor$intercept$2.invoke(TestCaseExtensionInterceptor.kt)
2022-09-09T09:38:37.9002069Z 	at io.kotest.engine.test.interceptors.TestCaseExtensionInterceptor$intercept$2.invoke(TestCaseExtensionInterceptor.kt)
2022-09-09T09:38:37.9002635Z 	at io.kotest.engine.test.TestExtensions.intercept(TestExtensions.kt:154)
2022-09-09T09:38:37.9003242Z 	at io.kotest.engine.test.interceptors.TestCaseExtensionInterceptor.intercept(TestCaseExtensionInterceptor.kt:24)
2022-09-09T09:38:37.9003861Z 	at io.kotest.engine.test.TestCaseExecutor$execute$2$1.invokeSuspend(TestCaseExecutor.kt:90)
2022-09-09T09:38:37.9004327Z 	at io.kotest.engine.test.TestCaseExecutor$execute$2$1.invoke(TestCaseExecutor.kt)
2022-09-09T09:38:37.9080878Z 	at io.kotest.engine.test.TestCaseExecutor$execute$2$1.invoke(TestCaseExecutor.kt)
2022-09-09T09:38:37.9081903Z 	at io.kotest.engine.test.interceptors.CoroutineErrorCollectorInterceptor$intercept$3.invokeSuspend(CoroutineErrorCollectorInterceptor.kt:28)
2022-09-09T09:38:37.9083328Z 	at io.kotest.engine.test.interceptors.CoroutineErrorCollectorInterceptor$intercept$3.invoke(CoroutineErrorCollectorInterceptor.kt)
2022-09-09T09:38:37.9084298Z 	at io.kotest.engine.test.interceptors.CoroutineErrorCollectorInterceptor$intercept$3.invoke(CoroutineErrorCollectorInterceptor.kt)
2022-09-09T09:38:37.9085376Z 	at kotlinx.coroutines.intrinsics.UndispatchedKt.startUndispatchedOrReturn(Undispatched.kt:89)
2022-09-09T09:38:37.9086347Z 	at kotlinx.coroutines.BuildersKt__Builders_commonKt.withContext(Builders.common.kt:169)
2022-09-09T09:38:37.9087167Z 	at kotlinx.coroutines.BuildersKt.withContext(Unknown Source)
2022-09-09T09:38:37.9087958Z 	at io.kotest.engine.test.interceptors.CoroutineErrorCollectorInterceptor.intercept(CoroutineErrorCollectorInterceptor.kt:27)
2022-09-09T09:38:37.9088982Z 	at io.kotest.engine.test.TestCaseExecutor$execute$2$1.invokeSuspend(TestCaseExecutor.kt:90)
2022-09-09T09:38:37.9089610Z 	at io.kotest.engine.test.TestCaseExecutor$execute$2$1.invoke(TestCaseExecutor.kt)
2022-09-09T09:38:37.9090422Z 	at io.kotest.engine.test.TestCaseExecutor$execute$2$1.invoke(TestCaseExecutor.kt)
2022-09-09T09:38:37.9091353Z 	at io.kotest.engine.test.interceptors.CoroutineDispatcherFactoryInterceptor$intercept$4.invokeSuspend(coroutineDispatcherFactoryInterceptor.kt:57)
2022-09-09T09:38:37.9092561Z 	at io.kotest.engine.test.interceptors.CoroutineDispatcherFactoryInterceptor$intercept$4.invoke(coroutineDispatcherFactoryInterceptor.kt)
2022-09-09T09:38:37.9094662Z 	at io.kotest.engine.test.interceptors.CoroutineDispatcherFactoryInterceptor$intercept$4.invoke(coroutineDispatcherFactoryInterceptor.kt)
2022-09-09T09:38:37.9095501Z 	at io.kotest.engine.concurrency.FixedThreadCoroutineDispatcherFactory$withDispatcher$4.invokeSuspend(FixedThreadCoroutineDispatcherFactory.kt:53)
2022-09-09T09:38:37.9096304Z 	at (Coroutine boundary.()
2022-09-09T09:38:37.9096657Z 	at kotlinx.coroutines.TimeoutKt.withTimeoutOrNull(Timeout.kt:100)
2022-09-09T09:38:37.9097241Z 	at io.kotest.engine.test.interceptors.InvocationTimeoutInterceptor.intercept(InvocationTimeoutInterceptor.kt:42)
2022-09-09T09:38:37.9097857Z 	at io.kotest.engine.test.TestCaseExecutor$execute$2$1.invokeSuspend(TestCaseExecutor.kt:90)
2022-09-09T09:38:37.9098532Z 	at io.kotest.engine.test.TestInvocationInterceptor$intercept$2$3.invokeSuspend(TestInvocationInterceptor.kt:36)
2022-09-09T09:38:37.9099004Z 	at io.kotest.mpp.ReplayKt.replay(replay.kt:18)
2022-09-09T09:38:37.9099478Z 	at io.kotest.engine.test.TestInvocationInterceptor$intercept$2.invokeSuspend(TestInvocationInterceptor.kt:31)
2022-09-09T09:38:37.9100073Z 	at io.kotest.engine.test.TestInvocationInterceptor.intercept(TestInvocationInterceptor.kt:30)
2022-09-09T09:38:37.9100617Z 	at io.kotest.engine.test.TestCaseExecutor$execute$2$1.invokeSuspend(TestCaseExecutor.kt:90)
2022-09-09T09:38:37.9101154Z 	at io.kotest.engine.test.interceptors.TimeoutInterceptor.intercept(TimeoutInterceptor.kt:33)
2022-09-09T09:38:37.9101699Z 	at io.kotest.engine.test.TestCaseExecutor$execute$2$1.invokeSuspend(TestCaseExecutor.kt:90)
2022-09-09T09:38:37.9102343Z 	at io.kotest.engine.test.interceptors.BlockedThreadTimeoutInterceptor.intercept(BlockedThreadTimeoutInterceptor.kt:74)
2022-09-09T09:38:37.9102980Z 	at io.kotest.engine.test.TestCaseExecutor$execute$2$1.invokeSuspend(TestCaseExecutor.kt:90)
2022-09-09T09:38:37.9103594Z 	at io.kotest.engine.test.interceptors.CoroutineLoggingInterceptor.intercept(CoroutineLoggingInterceptor.kt:30)
2022-09-09T09:38:37.9104206Z 	at io.kotest.engine.test.TestCaseExecutor$execute$2$1.invokeSuspend(TestCaseExecutor.kt:90)
2022-09-09T09:38:37.9104769Z 	at io.kotest.engine.test.interceptors.SoftAssertInterceptor.intercept(SoftAssertInterceptor.kt:27)
2022-09-09T09:38:37.9105317Z 	at io.kotest.engine.test.TestCaseExecutor$execute$2$1.invokeSuspend(TestCaseExecutor.kt:90)
2022-09-09T09:38:37.9105907Z 	at io.kotest.engine.test.interceptors.AssertionModeInterceptor.intercept(AssertionModeInterceptor.kt:25)
2022-09-09T09:38:37.9106488Z 	at io.kotest.engine.test.TestCaseExecutor$execute$2$1.invokeSuspend(TestCaseExecutor.kt:90)
2022-09-09T09:38:37.9107044Z 	at io.kotest.engine.test.interceptors.LifecycleInterceptor.intercept(LifecycleInterceptor.kt:51)
2022-09-09T09:38:37.9107594Z 	at io.kotest.engine.test.TestCaseExecutor$execute$2$1.invokeSuspend(TestCaseExecutor.kt:90)
2022-09-09T09:38:37.9108379Z 	at io.kotest.engine.test.interceptors.EnabledCheckInterceptor.intercept(EnabledCheckInterceptor.kt:31)
2022-09-09T09:38:37.9109088Z 	at io.kotest.engine.test.TestCaseExecutor$execute$2$1.invokeSuspend(TestCaseExecutor.kt:90)
2022-09-09T09:38:37.9109686Z 	at io.kotest.engine.test.interceptors.TestCaseExtensionInterceptor$intercept$2.invokeSuspend(TestCaseExtensionInterceptor.kt:24)
2022-09-09T09:38:37.9110285Z 	at io.kotest.engine.test.TestCaseExecutor$execute$2$1.invokeSuspend(TestCaseExecutor.kt:90)
2022-09-09T09:38:37.9110938Z 	at io.kotest.engine.test.interceptors.CoroutineErrorCollectorInterceptor$intercept$3.invokeSuspend(CoroutineErrorCollectorInterceptor.kt:28)
2022-09-09T09:38:37.9111584Z 	at io.kotest.engine.test.TestCaseExecutor$execute$2$1.invokeSuspend(TestCaseExecutor.kt:90)
2022-09-09T09:38:37.9112257Z 	at io.kotest.engine.test.interceptors.CoroutineDispatcherFactoryInterceptor$intercept$4.invokeSuspend(coroutineDispatcherFactoryInterceptor.kt:57)
2022-09-09T09:38:37.9113105Z 	at io.kotest.engine.concurrency.FixedThreadCoroutineDispatcherFactory$withDispatcher$4.invokeSuspend(FixedThreadCoroutineDispatcherFactory.kt:53)
2022-09-09T09:38:37.9113759Z 	at io.kotest.engine.test.TestCaseExecutor$execute$2$1.invokeSuspend(TestCaseExecutor.kt:90)
2022-09-09T09:38:37.9114358Z 	at io.kotest.engine.test.interceptors.SupervisorScopeInterceptor$intercept$2.invokeSuspend(SupervisorScopeInterceptor.kt:23)
2022-09-09T09:38:37.9114937Z 	at io.kotest.engine.test.TestCaseExecutor$execute$2$1.invokeSuspend(TestCaseExecutor.kt:90)
2022-09-09T09:38:37.9115422Z 	at io.kotest.engine.test.TestCaseExecutor$execute$2$1.invokeSuspend(TestCaseExecutor.kt:90)
2022-09-09T09:38:37.9116004Z 	at io.kotest.engine.test.interceptors.TestFinishedInterceptor.intercept(TestFinishedInterceptor.kt:21)
2022-09-09T09:38:37.9116582Z 	at io.kotest.engine.test.TestCaseExecutor$execute$2$1.invokeSuspend(TestCaseExecutor.kt:90)
2022-09-09T09:38:37.9117235Z 	at io.kotest.engine.test.interceptors.TestNameContextInterceptor$intercept$2.invokeSuspend(TestPathContextInterceptor.kt:35)
2022-09-09T09:38:37.9117827Z 	at io.kotest.engine.test.TestCaseExecutor$execute$2$1.invokeSuspend(TestCaseExecutor.kt:90)
2022-09-09T09:38:37.9118419Z 	at io.kotest.engine.test.interceptors.TestPathContextInterceptor$intercept$2.invokeSuspend(TestPathContextInterceptor.kt:20)
2022-09-09T09:38:37.9118995Z 	at io.kotest.engine.test.TestCaseExecutor$execute$2$1.invokeSuspend(TestCaseExecutor.kt:90)
2022-09-09T09:38:37.9119552Z 	at io.kotest.engine.spec.runners.SingleInstanceSpecRunner.runTest(SingleInstanceSpecRunner.kt:121)
2022-09-09T09:38:37.9120216Z 	at io.kotest.engine.spec.runners.SingleInstanceSpecRunner$execute$interceptAndRun$2$2.invokeSuspend(SingleInstanceSpecRunner.kt:51)
2022-09-09T09:38:37.9120880Z 	at io.kotest.engine.test.scheduler.SequentialTestScheduler$schedule$3$1$1.invokeSuspend(SequentialTestScheduler.kt:20)
2022-09-09T09:38:37.9121755Z Caused by: java.lang.AssertionError: java.util.concurrent.ThreadPoolExecutor@20f817bf[Running, pool size = 0, active threads = 0, queued tasks = 0, completed tasks = 0] should be the same reference as java.util.concurrent.ThreadPoolExecutor@73ebe104[Running, pool size = 0, active threads = 0, queued tasks = 0, completed tasks = 0]
2022-09-09T09:38:37.9122556Z 	at com.alibaba.ttl3.kotlin.TtlExtensionsTests$1$7.invokeSuspend(TtlExtensionsTests.kt:159)
2022-09-09T09:38:37.9123040Z 	at com.alibaba.ttl3.kotlin.TtlExtensionsTests$1$7.invoke(TtlExtensionsTests.kt)
2022-09-09T09:38:37.9123508Z 	at com.alibaba.ttl3.kotlin.TtlExtensionsTests$1$7.invoke(TtlExtensionsTests.kt)
2022-09-09T09:38:37.9123989Z 	at io.kotest.core.spec.style.scopes.RootScopeKt$addTest$1.invokeSuspend(RootScope.kt:36)
2022-09-09T09:38:37.9124458Z 	at io.kotest.core.spec.style.scopes.RootScopeKt$addTest$1.invoke(RootScope.kt)
2022-09-09T09:38:37.9124918Z 	at io.kotest.core.spec.style.scopes.RootScopeKt$addTest$1.invoke(RootScope.kt)
2022-09-09T09:38:37.9125413Z 	at io.kotest.engine.test.TestCaseExecutor$execute$innerExecute$1.invokeSuspend(TestCaseExecutor.kt:81)
2022-09-09T09:38:37.9125972Z 	at io.kotest.engine.test.TestCaseExecutor$execute$innerExecute$1.invoke(TestCaseExecutor.kt)
2022-09-09T09:38:37.9126459Z 	at io.kotest.engine.test.TestCaseExecutor$execute$innerExecute$1.invoke(TestCaseExecutor.kt)
2022-09-09T09:38:37.9127096Z 	at io.kotest.engine.test.interceptors.CoroutineDebugProbeInterceptor.intercept(CoroutineDebugProbeInterceptor.kt:29)
2022-09-09T09:38:37.9127722Z 	at io.kotest.engine.test.TestCaseExecutor$execute$2$1.invokeSuspend(TestCaseExecutor.kt:90)
2022-09-09T09:38:37.9128179Z 	at io.kotest.engine.test.TestCaseExecutor$execute$2$1.invoke(TestCaseExecutor.kt)
2022-09-09T09:38:37.9128629Z 	at io.kotest.engine.test.TestCaseExecutor$execute$2$1.invoke(TestCaseExecutor.kt)
2022-09-09T09:38:37.9129223Z 	at io.kotest.engine.test.interceptors.InvocationTimeoutInterceptor$intercept$3.invokeSuspend(InvocationTimeoutInterceptor.kt:43)
2022-09-09T09:38:37.9129938Z 	at io.kotest.engine.test.interceptors.InvocationTimeoutInterceptor$intercept$3.invoke(InvocationTimeoutInterceptor.kt)
2022-09-09T09:38:37.9130630Z 	at io.kotest.engine.test.interceptors.InvocationTimeoutInterceptor$intercept$3.invoke(InvocationTimeoutInterceptor.kt)
2022-09-09T09:38:37.9131363Z 	at kotlinx.coroutines.intrinsics.UndispatchedKt.startUndispatchedOrReturnIgnoreTimeout(Undispatched.kt:100)
2022-09-09T09:38:37.9131955Z 	at kotlinx.coroutines.TimeoutKt.setupTimeout(Timeout.kt:146)
2022-09-09T09:38:37.9132365Z 	at kotlinx.coroutines.TimeoutKt.withTimeoutOrNull(Timeout.kt:103)
2022-09-09T09:38:37.9132964Z 	at io.kotest.engine.test.interceptors.InvocationTimeoutInterceptor.intercept(InvocationTimeoutInterceptor.kt:42)
2022-09-09T09:38:37.9133573Z 	at io.kotest.engine.test.TestCaseExecutor$execute$2$1.invokeSuspend(TestCaseExecutor.kt:90)
2022-09-09T09:38:37.9134042Z 	at io.kotest.engine.test.TestCaseExecutor$execute$2$1.invoke(TestCaseExecutor.kt)
2022-09-09T09:38:37.9134537Z 	at io.kotest.engine.test.TestCaseExecutor$execute$2$1.invoke(TestCaseExecutor.kt)
2022-09-09T09:38:37.9135070Z 	at io.kotest.engine.test.TestInvocationInterceptor$intercept$2$3.invokeSuspend(TestInvocationInterceptor.kt:36)
2022-09-09T09:38:37.9135654Z 	at io.kotest.engine.test.TestInvocationInterceptor$intercept$2$3.invoke(TestInvocationInterceptor.kt)
2022-09-09T09:38:37.9136206Z 	at io.kotest.engine.test.TestInvocationInterceptor$intercept$2$3.invoke(TestInvocationInterceptor.kt)
2022-09-09T09:38:37.9136653Z 	at io.kotest.mpp.ReplayKt.replay(replay.kt:18)
2022-09-09T09:38:37.9137124Z 	at io.kotest.engine.test.TestInvocationInterceptor$intercept$2.invokeSuspend(TestInvocationInterceptor.kt:31)
2022-09-09T09:38:37.9137699Z 	at io.kotest.engine.test.TestInvocationInterceptor$intercept$2.invoke(TestInvocationInterceptor.kt)
2022-09-09T09:38:37.9138257Z 	at io.kotest.engine.test.TestInvocationInterceptor$intercept$2.invoke(TestInvocationInterceptor.kt)
2022-09-09T09:38:37.9138865Z 	at kotlinx.coroutines.intrinsics.UndispatchedKt.startUndispatchedOrReturn(Undispatched.kt:89)
2022-09-09T09:38:37.9139430Z 	at kotlinx.coroutines.CoroutineScopeKt.coroutineScope(CoroutineScope.kt:264)
2022-09-09T09:38:37.9139980Z 	at io.kotest.engine.test.TestInvocationInterceptor.intercept(TestInvocationInterceptor.kt:30)
2022-09-09T09:38:37.9140553Z 	at io.kotest.engine.test.TestCaseExecutor$execute$2$1.invokeSuspend(TestCaseExecutor.kt:90)
2022-09-09T09:38:37.9141028Z 	at io.kotest.engine.test.TestCaseExecutor$execute$2$1.invoke(TestCaseExecutor.kt)
2022-09-09T09:38:37.9141479Z 	at io.kotest.engine.test.TestCaseExecutor$execute$2$1.invoke(TestCaseExecutor.kt)
2022-09-09T09:38:37.9142009Z 	at io.kotest.engine.test.interceptors.TimeoutInterceptor.intercept(TimeoutInterceptor.kt:33)
2022-09-09T09:38:37.9142554Z 	at io.kotest.engine.test.TestCaseExecutor$execute$2$1.invokeSuspend(TestCaseExecutor.kt:90)
2022-09-09T09:38:37.9143007Z 	at io.kotest.engine.test.TestCaseExecutor$execute$2$1.invoke(TestCaseExecutor.kt)
2022-09-09T09:38:37.9143459Z 	at io.kotest.engine.test.TestCaseExecutor$execute$2$1.invoke(TestCaseExecutor.kt)
2022-09-09T09:38:37.9144088Z 	at io.kotest.engine.test.interceptors.BlockedThreadTimeoutInterceptor.intercept(BlockedThreadTimeoutInterceptor.kt:74)
2022-09-09T09:38:37.9144781Z 	at io.kotest.engine.test.TestCaseExecutor$execute$2$1.invokeSuspend(TestCaseExecutor.kt:90)
2022-09-09T09:38:37.9145244Z 	at io.kotest.engine.test.TestCaseExecutor$execute$2$1.invoke(TestCaseExecutor.kt)
2022-09-09T09:38:37.9145689Z 	at io.kotest.engine.test.TestCaseExecutor$execute$2$1.invoke(TestCaseExecutor.kt)
2022-09-09T09:38:37.9146279Z 	at io.kotest.engine.test.interceptors.CoroutineLoggingInterceptor.intercept(CoroutineLoggingInterceptor.kt:30)
2022-09-09T09:38:37.9146871Z 	at io.kotest.engine.test.TestCaseExecutor$execute$2$1.invokeSuspend(TestCaseExecutor.kt:90)
2022-09-09T09:38:37.9147333Z 	at io.kotest.engine.test.TestCaseExecutor$execute$2$1.invoke(TestCaseExecutor.kt)
2022-09-09T09:38:37.9147780Z 	at io.kotest.engine.test.TestCaseExecutor$execute$2$1.invoke(TestCaseExecutor.kt)
2022-09-09T09:38:37.9155619Z 	at io.kotest.engine.test.interceptors.SoftAssertInterceptor.intercept(SoftAssertInterceptor.kt:27)
2022-09-09T09:38:37.9156258Z 	at io.kotest.engine.test.TestCaseExecutor$execute$2$1.invokeSuspend(TestCaseExecutor.kt:90)
2022-09-09T09:38:37.9156732Z 	at io.kotest.engine.test.TestCaseExecutor$execute$2$1.invoke(TestCaseExecutor.kt)
2022-09-09T09:38:37.9157170Z 	at io.kotest.engine.test.TestCaseExecutor$execute$2$1.invoke(TestCaseExecutor.kt)
2022-09-09T09:38:37.9157746Z 	at io.kotest.engine.test.interceptors.AssertionModeInterceptor.intercept(AssertionModeInterceptor.kt:25)
2022-09-09T09:38:37.9158338Z 	at io.kotest.engine.test.TestCaseExecutor$execute$2$1.invokeSuspend(TestCaseExecutor.kt:90)
2022-09-09T09:38:37.9158805Z 	at io.kotest.engine.test.TestCaseExecutor$execute$2$1.invoke(TestCaseExecutor.kt)
2022-09-09T09:38:37.9159254Z 	at io.kotest.engine.test.TestCaseExecutor$execute$2$1.invoke(TestCaseExecutor.kt)
2022-09-09T09:38:37.9159916Z 	at io.kotest.engine.test.interceptors.LifecycleInterceptor.intercept(LifecycleInterceptor.kt:51)
2022-09-09T09:38:37.9160481Z 	at io.kotest.engine.test.TestCaseExecutor$execute$2$1.invokeSuspend(TestCaseExecutor.kt:90)
2022-09-09T09:38:37.9160936Z 	at io.kotest.engine.test.TestCaseExecutor$execute$2$1.invoke(TestCaseExecutor.kt)
2022-09-09T09:38:37.9161383Z 	at io.kotest.engine.test.TestCaseExecutor$execute$2$1.invoke(TestCaseExecutor.kt)
2022-09-09T09:38:37.9161952Z 	at io.kotest.engine.test.interceptors.EnabledCheckInterceptor.intercept(EnabledCheckInterceptor.kt:31)
2022-09-09T09:38:37.9162532Z 	at io.kotest.engine.test.TestCaseExecutor$execute$2$1.invokeSuspend(TestCaseExecutor.kt:90)
2022-09-09T09:38:37.9162998Z 	at io.kotest.engine.test.TestCaseExecutor$execute$2$1.invoke(TestCaseExecutor.kt)
2022-09-09T09:38:37.9163445Z 	at io.kotest.engine.test.TestCaseExecutor$execute$2$1.invoke(TestCaseExecutor.kt)
2022-09-09T09:38:37.9164043Z 	at io.kotest.engine.test.interceptors.TestCaseExtensionInterceptor$intercept$2.invokeSuspend(TestCaseExtensionInterceptor.kt:24)
2022-09-09T09:38:37.9164747Z 	at io.kotest.engine.test.interceptors.TestCaseExtensionInterceptor$intercept$2.invoke(TestCaseExtensionInterceptor.kt)
2022-09-09T09:38:37.9165443Z 	at io.kotest.engine.test.interceptors.TestCaseExtensionInterceptor$intercept$2.invoke(TestCaseExtensionInterceptor.kt)
2022-09-09T09:38:37.9166016Z 	at io.kotest.engine.test.TestExtensions.intercept(TestExtensions.kt:154)
2022-09-09T09:38:37.9166626Z 	at io.kotest.engine.test.interceptors.TestCaseExtensionInterceptor.intercept(TestCaseExtensionInterceptor.kt:24)
2022-09-09T09:38:37.9167245Z 	at io.kotest.engine.test.TestCaseExecutor$execute$2$1.invokeSuspend(TestCaseExecutor.kt:90)
2022-09-09T09:38:37.9167710Z 	at io.kotest.engine.test.TestCaseExecutor$execute$2$1.invoke(TestCaseExecutor.kt)
2022-09-09T09:38:37.9168157Z 	at io.kotest.engine.test.TestCaseExecutor$execute$2$1.invoke(TestCaseExecutor.kt)
2022-09-09T09:38:37.9168781Z 	at io.kotest.engine.test.interceptors.CoroutineErrorCollectorInterceptor$intercept$3.invokeSuspend(CoroutineErrorCollectorInterceptor.kt:28)
2022-09-09T09:38:37.9169578Z 	at io.kotest.engine.test.interceptors.CoroutineErrorCollectorInterceptor$intercept$3.invoke(CoroutineErrorCollectorInterceptor.kt)
2022-09-09T09:38:37.9170428Z 	at io.kotest.engine.test.interceptors.CoroutineErrorCollectorInterceptor$intercept$3.invoke(CoroutineErrorCollectorInterceptor.kt)
2022-09-09T09:38:37.9171141Z 	at kotlinx.coroutines.intrinsics.UndispatchedKt.startUndispatchedOrReturn(Undispatched.kt:89)
2022-09-09T09:38:37.9171700Z 	at kotlinx.coroutines.BuildersKt__Builders_commonKt.withContext(Builders.common.kt:169)
2022-09-09T09:38:37.9172140Z 	at kotlinx.coroutines.BuildersKt.withContext(Unknown Source)
2022-09-09T09:38:37.9172768Z 	at io.kotest.engine.test.interceptors.CoroutineErrorCollectorInterceptor.intercept(CoroutineErrorCollectorInterceptor.kt:27)
2022-09-09T09:38:37.9173411Z 	at io.kotest.engine.test.TestCaseExecutor$execute$2$1.invokeSuspend(TestCaseExecutor.kt:90)
2022-09-09T09:38:37.9173884Z 	at io.kotest.engine.test.TestCaseExecutor$execute$2$1.invoke(TestCaseExecutor.kt)
2022-09-09T09:38:37.9174341Z 	at io.kotest.engine.test.TestCaseExecutor$execute$2$1.invoke(TestCaseExecutor.kt)
2022-09-09T09:38:37.9175005Z 	at io.kotest.engine.test.interceptors.CoroutineDispatcherFactoryInterceptor$intercept$4.invokeSuspend(coroutineDispatcherFactoryInterceptor.kt:57)
2022-09-09T09:38:37.9175855Z 	at io.kotest.engine.test.interceptors.CoroutineDispatcherFactoryInterceptor$intercept$4.invoke(coroutineDispatcherFactoryInterceptor.kt)
2022-09-09T09:38:37.9176679Z 	at io.kotest.engine.test.interceptors.CoroutineDispatcherFactoryInterceptor$intercept$4.invoke(coroutineDispatcherFactoryInterceptor.kt)
2022-09-09T09:38:37.9177508Z 	at io.kotest.engine.concurrency.FixedThreadCoroutineDispatcherFactory$withDispatcher$4.invokeSuspend(FixedThreadCoroutineDispatcherFactory.kt:53)
2022-09-09T09:38:37.9178222Z 	at kotlin.coroutines.jvm.internal.BaseContinuationImpl.resumeWith(ContinuationImpl.kt:33)
2022-09-09T09:38:37.9178768Z 	at kotlinx.coroutines.DispatchedTask.run(DispatchedTask.kt:106)
2022-09-09T09:38:37.9179261Z 	at java.base/java.util.concurrent.ThreadPoolExecutor.runWorker(ThreadPoolExecutor.java:1128)
2022-09-09T09:38:37.9179788Z 	at java.base/java.util.concurrent.ThreadPoolExecutor$Worker.run(ThreadPoolExecutor.java:628)
2022-09-09T09:38:37.9180204Z 	at java.base/java.lang.Thread.run(Thread.java:829)
2022-09-09T09:38:37.9180395Z 
2022-09-09T09:38:38.0990681Z [INFO] 
2022-09-09T09:38:38.0992903Z [INFO] Results:
2022-09-09T09:38:38.1000389Z [INFO] 
2022-09-09T09:38:38.1003069Z [ERROR] Failures: 
2022-09-09T09:38:38.1006563Z [ERROR] com.alibaba.ttl3.kotlin.TtlExtensionsTests.null
2022-09-09T09:38:38.1030035Z [INFO]   Run 1: PASS
2022-09-09T09:38:38.1030567Z [INFO]   Run 2: PASS
2022-09-09T09:38:38.1031262Z [INFO]   Run 3: PASS
2022-09-09T09:38:38.1031694Z [INFO]   Run 4: PASS
2022-09-09T09:38:38.1032328Z [INFO]   Run 5: PASS
2022-09-09T09:38:38.1032752Z [INFO]   Run 6: PASS
2022-09-09T09:38:38.1033958Z [ERROR]   Run 7: TtlExtensionsTests java.util.concurrent.ThreadPoolExecutor@20f817bf[Running, pool size = 0, active threads = 0, queued tasks = 0, completed tasks = 0] should be the same reference as java.util.concurrent.ThreadPoolExecutor@73ebe104[Running, pool size = 0, active threads = 0, queued tasks = 0, completed tasks = 0]
2022-09-09T09:38:38.1034875Z [INFO] 
2022-09-09T09:38:38.1035494Z [INFO] 
2022-09-09T09:38:38.1035963Z [ERROR] Tests run: 1, Failures: 1, Errors: 0, Skipped: 0
2022-09-09T09:38:38.1036653Z [INFO] 
2022-09-09T09:38:38.1037610Z [INFO] ------------------------------------------------------------------------
2022-09-09T09:38:38.1038483Z [INFO] Reactor Summary:
2022-09-09T09:38:38.1038853Z [INFO] 
2022-09-09T09:38:38.1039594Z [INFO] ttl3-parent 3.x-SNAPSHOT ........................... SUCCESS [  1.058 s]
2022-09-09T09:38:38.1040235Z [INFO] TransmittableThreadLocal(TTL) 3.x-SNAPSHOT ......... SUCCESS [ 24.318 s]
2022-09-09T09:38:38.1041118Z [INFO] TransmittableThreadLocal(TTL) kotlin support 3.x-SNAPSHOT FAILURE [  5.284 s]
2022-09-09T09:38:38.1041778Z [INFO] TransmittableThreadLocal(TTL) Agent 3.x-SNAPSHOT ... SKIPPED
2022-09-09T09:38:38.1069594Z [INFO] TransmittableThreadLocal(TTL) v2 compatible 3.x-SNAPSHOT SKIPPED
2022-09-09T09:38:38.1070305Z [INFO] vertx4-ttl-integration 0.1.0-SNAPSHOT .............. SKIPPED
2022-09-09T09:38:38.1093097Z [INFO] vertx3-ttl-integration 0.1.0-SNAPSHOT .............. SKIPPED
2022-09-09T09:38:38.1093821Z [INFO] sample-ttl-agent-extension-transformlet 1.0.0-SNAPSHOT SKIPPED
2022-09-09T09:38:38.1094741Z [INFO] ------------------------------------------------------------------------
2022-09-09T09:38:38.1095793Z [INFO] BUILD FAILURE
2022-09-09T09:38:38.1096685Z [INFO] ------------------------------------------------------------------------
2022-09-09T09:38:38.1097408Z [INFO] Total time:  30.919 s
2022-09-09T09:38:38.1098114Z [INFO] Finished at: 2022-09-09T09:38:38Z
2022-09-09T09:38:38.1098713Z [INFO] ------------------------------------------------------------------------
2022-09-09T09:38:38.1099783Z [ERROR] Failed to execute goal org.apache.maven.plugins:maven-surefire-plugin:3.0.0-M7:test (default-test) on project ttl-kotlin: There are test failures.
2022-09-09T09:38:38.1100553Z [ERROR] 
2022-09-09T09:38:38.1101551Z [ERROR] Please refer to /home/runner/work/transmittable-thread-local/transmittable-thread-local/ttl-kotlin/target/surefire-reports for the individual test results.
2022-09-09T09:38:38.1102406Z [ERROR] Please refer to dump files (if any exist) [date].dump, [date]-jvmRun[N].dump and [date].dumpstream.
2022-09-09T09:38:38.1103150Z [ERROR] -> [Help 1]
2022-09-09T09:38:38.1103518Z [ERROR] 
2022-09-09T09:38:38.1104262Z [ERROR] To see the full stack trace of the errors, re-run Maven with the -e switch.
2022-09-09T09:38:38.1104881Z [ERROR] Re-run Maven using the -X switch to enable full debug logging.
2022-09-09T09:38:38.1105515Z [ERROR] 
2022-09-09T09:38:38.1106007Z [ERROR] For more information about the errors and possible solutions, please read the following articles:
2022-09-09T09:38:38.1107069Z [ERROR] [Help 1] http://cwiki.apache.org/confluence/display/MAVEN/MojoFailureException
2022-09-09T09:38:38.1107576Z [ERROR] 
2022-09-09T09:38:38.1108637Z [ERROR] After correcting the problems, you can resume the build with the command
2022-09-09T09:38:38.1109303Z [ERROR]   mvn <args> -rf :ttl-kotlin
2022-09-09T09:38:38.1448578Z ##[error]Process completed with exit code 1.
2022-09-09T09:38:38.1511210Z Post job cleanup.
2022-09-09T09:38:38.3299213Z Post job cleanup.
2022-09-09T09:38:38.4522397Z [command]/usr/bin/git version
2022-09-09T09:38:38.4571831Z git version 2.37.3
2022-09-09T09:38:38.4612172Z Temporarily overriding HOME='/home/runner/work/_temp/a093f8b0-c1b4-48b2-ae10-e666b1862596' before making global git config changes
2022-09-09T09:38:38.4612899Z Adding repository directory to the temporary git global config as a safe directory
2022-09-09T09:38:38.4617503Z [command]/usr/bin/git config --global --add safe.directory /home/runner/work/transmittable-thread-local/transmittable-thread-local
2022-09-09T09:38:38.4659755Z [command]/usr/bin/git config --local --name-only --get-regexp core\.sshCommand
2022-09-09T09:38:38.4695267Z [command]/usr/bin/git submodule foreach --recursive git config --local --name-only --get-regexp 'core\.sshCommand' && git config --local --unset-all 'core.sshCommand' || :
2022-09-09T09:38:38.4990002Z [command]/usr/bin/git config --local --name-only --get-regexp http\.https\:\/\/github\.com\/\.extraheader
2022-09-09T09:38:38.5021124Z http.https://github.com/.extraheader
2022-09-09T09:38:38.5030965Z [command]/usr/bin/git config --local --unset-all http.https://github.com/.extraheader
2022-09-09T09:38:38.5068691Z [command]/usr/bin/git submodule foreach --recursive git config --local --name-only --get-regexp 'http\.https\:\/\/github\.com\/\.extraheader' && git config --local --unset-all 'http.https://github.com/.extraheader' || :
2022-09-09T09:38:38.5554117Z Cleaning up orphan processes
