2022-09-11T21:28:40.5084433Z Requested labels: ubuntu-latest
2022-09-11T21:28:40.5084478Z Job defined at: Netflix/spectator/.github/workflows/pr.yml@refs/pull/989/merge
2022-09-11T21:28:40.5084501Z Waiting for a runner to pick up this job...
2022-09-11T21:28:41.2734336Z Job is waiting for a hosted runner to come online.
2022-09-11T21:28:43.7886700Z Job is about to start running on the hosted runner: GitHub Actions 3 (hosted)
2022-09-11T21:28:46.2674699Z Current runner version: '2.296.1'
2022-09-11T21:28:46.2703178Z ##[group]Operating System
2022-09-11T21:28:46.2703838Z Ubuntu
2022-09-11T21:28:46.2704161Z 20.04.5
2022-09-11T21:28:46.2704419Z LTS
2022-09-11T21:28:46.2704734Z ##[endgroup]
2022-09-11T21:28:46.2705074Z ##[group]Runner Image
2022-09-11T21:28:46.2705429Z Image: ubuntu-20.04
2022-09-11T21:28:46.2705794Z Version: 20220905.1
2022-09-11T21:28:46.2706328Z Included Software: https://github.com/actions/runner-images/blob/ubuntu20/20220905.1/images/linux/Ubuntu2004-Readme.md
2022-09-11T21:28:46.2706949Z Image Release: https://github.com/actions/runner-images/releases/tag/ubuntu20%2F20220905.1
2022-09-11T21:28:46.2707425Z ##[endgroup]
2022-09-11T21:28:46.2707839Z ##[group]Runner Image Provisioner
2022-09-11T21:28:46.2708176Z 1.0.0.0-main-20220825-1
2022-09-11T21:28:46.2708521Z ##[endgroup]
2022-09-11T21:28:46.2709557Z ##[group]GITHUB_TOKEN Permissions
2022-09-11T21:28:46.2710287Z Actions: write
2022-09-11T21:28:46.2710746Z Checks: write
2022-09-11T21:28:46.2711170Z Contents: write
2022-09-11T21:28:46.2711544Z Deployments: write
2022-09-11T21:28:46.2711856Z Discussions: write
2022-09-11T21:28:46.2712195Z Issues: write
2022-09-11T21:28:46.2712529Z Metadata: read
2022-09-11T21:28:46.2712820Z Packages: write
2022-09-11T21:28:46.2713195Z Pages: write
2022-09-11T21:28:46.2713539Z PullRequests: write
2022-09-11T21:28:46.2713869Z RepositoryProjects: write
2022-09-11T21:28:46.2714255Z SecurityEvents: write
2022-09-11T21:28:46.2714616Z Statuses: write
2022-09-11T21:28:46.2714930Z ##[endgroup]
2022-09-11T21:28:46.2718531Z Secret source: Actions
2022-09-11T21:28:46.2719061Z Prepare workflow directory
2022-09-11T21:28:46.3549277Z Prepare all required actions
2022-09-11T21:28:46.3731391Z Getting action download info
2022-09-11T21:28:46.7122944Z Download action repository 'actions/checkout@v3' (SHA:2541b1294d2704b0964813337f33b291d3f8596b)
2022-09-11T21:28:47.3749349Z Download action repository 'gradle/wrapper-validation-action@v1' (SHA:e6e38bacfdf1a337459f332974bb2327a31aaf4b)
2022-09-11T21:28:47.9379851Z Download action repository 'actions/setup-java@v3' (SHA:d854b6da19cdadd9a010605529e522c2393ebd38)
2022-09-11T21:28:48.6902998Z ##[group]Run actions/checkout@v3
2022-09-11T21:28:48.6903331Z with:
2022-09-11T21:28:48.6903544Z   fetch-depth: 0
2022-09-11T21:28:48.6903806Z   repository: Netflix/spectator
2022-09-11T21:28:48.6904260Z   token: ***
2022-09-11T21:28:48.6904475Z   ssh-strict: true
2022-09-11T21:28:48.6904736Z   persist-credentials: true
2022-09-11T21:28:48.6904991Z   clean: true
2022-09-11T21:28:48.6905190Z   lfs: false
2022-09-11T21:28:48.6905410Z   submodules: false
2022-09-11T21:28:48.6905669Z   set-safe-directory: true
2022-09-11T21:28:48.6905915Z ##[endgroup]
2022-09-11T21:28:48.9394593Z Syncing repository: Netflix/spectator
2022-09-11T21:28:48.9396388Z ##[group]Getting Git version info
2022-09-11T21:28:48.9397061Z Working directory is '/home/runner/work/spectator/spectator'
2022-09-11T21:28:48.9397663Z [command]/usr/bin/git version
2022-09-11T21:28:48.9446814Z git version 2.37.3
2022-09-11T21:28:48.9447905Z ##[endgroup]
2022-09-11T21:28:48.9466386Z Temporarily overriding HOME='/home/runner/work/_temp/c4afe06f-e981-4dab-9917-7787da18cf93' before making global git config changes
2022-09-11T21:28:48.9466970Z Adding repository directory to the temporary git global config as a safe directory
2022-09-11T21:28:48.9470313Z [command]/usr/bin/git config --global --add safe.directory /home/runner/work/spectator/spectator
2022-09-11T21:28:48.9514529Z Deleting the contents of '/home/runner/work/spectator/spectator'
2022-09-11T21:28:48.9518577Z ##[group]Initializing the repository
2022-09-11T21:28:48.9522127Z [command]/usr/bin/git init /home/runner/work/spectator/spectator
2022-09-11T21:28:48.9576768Z hint: Using 'master' as the name for the initial branch. This default branch name
2022-09-11T21:28:48.9577762Z hint: is subject to change. To configure the initial branch name to use in all
2022-09-11T21:28:48.9578280Z hint: of your new repositories, which will suppress this warning, call:
2022-09-11T21:28:48.9578910Z hint: 
2022-09-11T21:28:48.9579388Z hint: 	git config --global init.defaultBranch <name>
2022-09-11T21:28:48.9579687Z hint: 
2022-09-11T21:28:48.9580090Z hint: Names commonly chosen instead of 'master' are 'main', 'trunk' and
2022-09-11T21:28:48.9580835Z hint: 'development'. The just-created branch can be renamed via this command:
2022-09-11T21:28:48.9581143Z hint: 
2022-09-11T21:28:48.9581423Z hint: 	git branch -m <name>
2022-09-11T21:28:48.9590610Z Initialized empty Git repository in /home/runner/work/spectator/spectator/.git/
2022-09-11T21:28:48.9599493Z [command]/usr/bin/git remote add origin https://github.com/Netflix/spectator
2022-09-11T21:28:48.9642746Z ##[endgroup]
2022-09-11T21:28:48.9643611Z ##[group]Disabling automatic garbage collection
2022-09-11T21:28:48.9648596Z [command]/usr/bin/git config --local gc.auto 0
2022-09-11T21:28:48.9681351Z ##[endgroup]
2022-09-11T21:28:48.9682149Z ##[group]Setting up auth
2022-09-11T21:28:48.9690193Z [command]/usr/bin/git config --local --name-only --get-regexp core\.sshCommand
2022-09-11T21:28:48.9725829Z [command]/usr/bin/git submodule foreach --recursive git config --local --name-only --get-regexp 'core\.sshCommand' && git config --local --unset-all 'core.sshCommand' || :
2022-09-11T21:28:49.0055708Z [command]/usr/bin/git config --local --name-only --get-regexp http\.https\:\/\/github\.com\/\.extraheader
2022-09-11T21:28:49.0089390Z [command]/usr/bin/git submodule foreach --recursive git config --local --name-only --get-regexp 'http\.https\:\/\/github\.com\/\.extraheader' && git config --local --unset-all 'http.https://github.com/.extraheader' || :
2022-09-11T21:28:49.0323217Z [command]/usr/bin/git config --local http.https://github.com/.extraheader AUTHORIZATION: basic ***
2022-09-11T21:28:49.0358651Z ##[endgroup]
2022-09-11T21:28:49.0359483Z ##[group]Fetching the repository
2022-09-11T21:28:49.0368275Z [command]/usr/bin/git -c protocol.version=2 fetch --prune --progress --no-recurse-submodules origin +refs/heads/*:refs/remotes/origin/* +refs/tags/*:refs/tags/* +7539b3a6999f07d40d8a332f28330afb01a146cf:refs/remotes/pull/989/merge
2022-09-11T21:28:49.4422087Z remote: Enumerating objects: 46759, done.        
2022-09-11T21:28:49.4424125Z remote: Counting objects:   0% (1/2173)        
2022-09-11T21:28:49.4425663Z remote: Counting objects:   1% (22/2173)        
2022-09-11T21:28:49.4426352Z remote: Counting objects:   2% (44/2173)        
2022-09-11T21:28:49.4427330Z remote: Counting objects:   3% (66/2173)        
2022-09-11T21:28:49.4427781Z remote: Counting objects:   4% (87/2173)        
2022-09-11T21:28:49.4428454Z remote: Counting objects:   5% (109/2173)        
2022-09-11T21:28:49.4428903Z remote: Counting objects:   6% (131/2173)        
2022-09-11T21:28:49.4429617Z remote: Counting objects:   7% (153/2173)        
2022-09-11T21:28:49.4430049Z remote: Counting objects:   8% (174/2173)        
2022-09-11T21:28:49.4430697Z remote: Counting objects:   9% (196/2173)        
2022-09-11T21:28:49.4431612Z remote: Counting objects:  10% (218/2173)        
2022-09-11T21:28:49.4432405Z remote: Counting objects:  11% (240/2173)        
2022-09-11T21:28:49.4432854Z remote: Counting objects:  12% (261/2173)        
2022-09-11T21:28:49.4433519Z remote: Counting objects:  13% (283/2173)        
2022-09-11T21:28:49.4434033Z remote: Counting objects:  14% (305/2173)        
2022-09-11T21:28:49.4434897Z remote: Counting objects:  15% (326/2173)        
2022-09-11T21:28:49.4435748Z remote: Counting objects:  16% (348/2173)        
2022-09-11T21:28:49.4436440Z remote: Counting objects:  17% (370/2173)        
2022-09-11T21:28:49.4436991Z remote: Counting objects:  18% (392/2173)        
2022-09-11T21:28:49.4437659Z remote: Counting objects:  19% (413/2173)        
2022-09-11T21:28:49.4438967Z remote: Counting objects:  20% (435/2173)        
2022-09-11T21:28:49.4439441Z remote: Counting objects:  21% (457/2173)        
2022-09-11T21:28:49.4440110Z remote: Counting objects:  22% (479/2173)        
2022-09-11T21:28:49.4440560Z remote: Counting objects:  23% (500/2173)        
2022-09-11T21:28:49.4441906Z remote: Counting objects:  24% (522/2173)        
2022-09-11T21:28:49.4442398Z remote: Counting objects:  25% (544/2173)        
2022-09-11T21:28:49.4443074Z remote: Counting objects:  26% (565/2173)        
2022-09-11T21:28:49.4443527Z remote: Counting objects:  27% (587/2173)        
2022-09-11T21:28:49.4444254Z remote: Counting objects:  28% (609/2173)        
2022-09-11T21:28:49.4444735Z remote: Counting objects:  29% (631/2173)        
2022-09-11T21:28:49.4445364Z remote: Counting objects:  30% (652/2173)        
2022-09-11T21:28:49.4445810Z remote: Counting objects:  31% (674/2173)        
2022-09-11T21:28:49.4446470Z remote: Counting objects:  32% (696/2173)        
2022-09-11T21:28:49.4446911Z remote: Counting objects:  33% (718/2173)        
2022-09-11T21:28:49.4447534Z remote: Counting objects:  34% (739/2173)        
2022-09-11T21:28:49.4447999Z remote: Counting objects:  35% (761/2173)        
2022-09-11T21:28:49.4448646Z remote: Counting objects:  36% (783/2173)        
2022-09-11T21:28:49.4449094Z remote: Counting objects:  37% (805/2173)        
2022-09-11T21:28:49.4449764Z remote: Counting objects:  38% (826/2173)        
2022-09-11T21:28:49.4450210Z remote: Counting objects:  39% (848/2173)        
2022-09-11T21:28:49.4450879Z remote: Counting objects:  40% (870/2173)        
2022-09-11T21:28:49.4451322Z remote: Counting objects:  41% (891/2173)        
2022-09-11T21:28:49.4451980Z remote: Counting objects:  42% (913/2173)        
2022-09-11T21:28:49.4452415Z remote: Counting objects:  43% (935/2173)        
2022-09-11T21:28:49.4453056Z remote: Counting objects:  44% (957/2173)        
2022-09-11T21:28:49.4453491Z remote: Counting objects:  45% (978/2173)        
2022-09-11T21:28:49.4454202Z remote: Counting objects:  46% (1000/2173)        
2022-09-11T21:28:49.4454666Z remote: Counting objects:  47% (1022/2173)        
2022-09-11T21:28:49.4455314Z remote: Counting objects:  48% (1044/2173)        
2022-09-11T21:28:49.4455745Z remote: Counting objects:  49% (1065/2173)        
2022-09-11T21:28:49.4456397Z remote: Counting objects:  50% (1087/2173)        
2022-09-11T21:28:49.4456975Z remote: Counting objects:  51% (1109/2173)        
2022-09-11T21:28:49.4457710Z remote: Counting objects:  52% (1130/2173)        
2022-09-11T21:28:49.4458170Z remote: Counting objects:  53% (1152/2173)        
2022-09-11T21:28:49.4458820Z remote: Counting objects:  54% (1174/2173)        
2022-09-11T21:28:49.4459262Z remote: Counting objects:  55% (1196/2173)        
2022-09-11T21:28:49.4459909Z remote: Counting objects:  56% (1217/2173)        
2022-09-11T21:28:49.4460459Z remote: Counting objects:  57% (1239/2173)        
2022-09-11T21:28:49.4461134Z remote: Counting objects:  58% (1261/2173)        
2022-09-11T21:28:49.4461580Z remote: Counting objects:  59% (1283/2173)        
2022-09-11T21:28:49.4462206Z remote: Counting objects:  60% (1304/2173)        
2022-09-11T21:28:49.4462648Z remote: Counting objects:  61% (1326/2173)        
2022-09-11T21:28:49.4463289Z remote: Counting objects:  62% (1348/2173)        
2022-09-11T21:28:49.4463741Z remote: Counting objects:  63% (1369/2173)        
2022-09-11T21:28:49.4464562Z remote: Counting objects:  64% (1391/2173)        
2022-09-11T21:28:49.4464994Z remote: Counting objects:  65% (1413/2173)        
2022-09-11T21:28:49.4465638Z remote: Counting objects:  66% (1435/2173)        
2022-09-11T21:28:49.4466080Z remote: Counting objects:  67% (1456/2173)        
2022-09-11T21:28:49.4466720Z remote: Counting objects:  68% (1478/2173)        
2022-09-11T21:28:49.4467141Z remote: Counting objects:  69% (1500/2173)        
2022-09-11T21:28:49.4468740Z remote: Counting objects:  70% (1522/2173)        
2022-09-11T21:28:49.4469581Z remote: Counting objects:  71% (1543/2173)        
2022-09-11T21:28:49.4470887Z remote: Counting objects:  72% (1565/2173)        
2022-09-11T21:28:49.4471322Z remote: Counting objects:  73% (1587/2173)        
2022-09-11T21:28:49.4471979Z remote: Counting objects:  74% (1609/2173)        
2022-09-11T21:28:49.4472603Z remote: Counting objects:  75% (1630/2173)        
2022-09-11T21:28:49.4473857Z remote: Counting objects:  76% (1652/2173)        
2022-09-11T21:28:49.4474237Z remote: Counting objects:  77% (1674/2173)        
2022-09-11T21:28:49.4475474Z remote: Counting objects:  78% (1695/2173)        
2022-09-11T21:28:49.4475858Z remote: Counting objects:  79% (1717/2173)        
2022-09-11T21:28:49.4476521Z remote: Counting objects:  80% (1739/2173)        
2022-09-11T21:28:49.4479188Z remote: Counting objects:  81% (1761/2173)        
2022-09-11T21:28:49.4480221Z remote: Counting objects:  82% (1782/2173)        
2022-09-11T21:28:49.4481115Z remote: Counting objects:  83% (1804/2173)        
2022-09-11T21:28:49.4481666Z remote: Counting objects:  84% (1826/2173)        
2022-09-11T21:28:49.4482358Z remote: Counting objects:  85% (1848/2173)        
2022-09-11T21:28:49.4482975Z remote: Counting objects:  86% (1869/2173)        
2022-09-11T21:28:49.4483782Z remote: Counting objects:  87% (1891/2173)        
2022-09-11T21:28:49.4484388Z remote: Counting objects:  88% (1913/2173)        
2022-09-11T21:28:49.4485076Z remote: Counting objects:  89% (1934/2173)        
2022-09-11T21:28:49.4485659Z remote: Counting objects:  90% (1956/2173)        
2022-09-11T21:28:49.4486259Z remote: Counting objects:  91% (1978/2173)        
2022-09-11T21:28:49.4486982Z remote: Counting objects:  92% (2000/2173)        
2022-09-11T21:28:49.4487582Z remote: Counting objects:  93% (2021/2173)        
2022-09-11T21:28:49.4488178Z remote: Counting objects:  94% (2043/2173)        
2022-09-11T21:28:49.4488773Z remote: Counting objects:  95% (2065/2173)        
2022-09-11T21:28:49.4489484Z remote: Counting objects:  96% (2087/2173)        
2022-09-11T21:28:49.4490142Z remote: Counting objects:  97% (2108/2173)        
2022-09-11T21:28:49.4490673Z remote: Counting objects:  98% (2130/2173)        
2022-09-11T21:28:49.4491329Z remote: Counting objects:  99% (2152/2173)        
2022-09-11T21:28:49.4492004Z remote: Counting objects: 100% (2173/2173)        
2022-09-11T21:28:49.4492811Z remote: Counting objects: 100% (2173/2173), done.        
2022-09-11T21:28:49.4493500Z remote: Compressing objects:   0% (1/883)        
2022-09-11T21:28:49.4624439Z remote: Compressing objects:   1% (9/883)        
2022-09-11T21:28:49.4682038Z remote: Compressing objects:   2% (18/883)        
2022-09-11T21:28:49.4748303Z remote: Compressing objects:   3% (27/883)        
2022-09-11T21:28:49.4810249Z remote: Compressing objects:   4% (36/883)        
2022-09-11T21:28:49.4921870Z remote: Compressing objects:   5% (45/883)        
2022-09-11T21:28:49.4922848Z remote: Compressing objects:   6% (53/883)        
2022-09-11T21:28:49.4923312Z remote: Compressing objects:   7% (62/883)        
2022-09-11T21:28:49.4959258Z remote: Compressing objects:   8% (71/883)        
2022-09-11T21:28:49.4993242Z remote: Compressing objects:   9% (80/883)        
2022-09-11T21:28:49.5014075Z remote: Compressing objects:  10% (89/883)        
2022-09-11T21:28:49.5038022Z remote: Compressing objects:  11% (98/883)        
2022-09-11T21:28:49.5045306Z remote: Compressing objects:  12% (106/883)        
2022-09-11T21:28:49.5063060Z remote: Compressing objects:  13% (115/883)        
2022-09-11T21:28:49.5078036Z remote: Compressing objects:  14% (124/883)        
2022-09-11T21:28:49.5116623Z remote: Compressing objects:  15% (133/883)        
2022-09-11T21:28:49.5118229Z remote: Compressing objects:  16% (142/883)        
2022-09-11T21:28:49.5118528Z remote: Compressing objects:  17% (151/883)        
2022-09-11T21:28:49.5119546Z remote: Compressing objects:  18% (159/883)        
2022-09-11T21:28:49.5128575Z remote: Compressing objects:  19% (168/883)        
2022-09-11T21:28:49.5136899Z remote: Compressing objects:  20% (177/883)        
2022-09-11T21:28:49.5138598Z remote: Compressing objects:  21% (186/883)        
2022-09-11T21:28:49.5139183Z remote: Compressing objects:  22% (195/883)        
2022-09-11T21:28:49.5140029Z remote: Compressing objects:  23% (204/883)        
2022-09-11T21:28:49.5140901Z remote: Compressing objects:  24% (212/883)        
2022-09-11T21:28:49.5141526Z remote: Compressing objects:  25% (221/883)        
2022-09-11T21:28:49.5142082Z remote: Compressing objects:  26% (230/883)        
2022-09-11T21:28:49.5285007Z remote: Compressing objects:  27% (239/883)        
2022-09-11T21:28:49.5286555Z remote: Compressing objects:  28% (248/883)        
2022-09-11T21:28:49.5286859Z remote: Compressing objects:  29% (257/883)        
2022-09-11T21:28:49.5287156Z remote: Compressing objects:  30% (265/883)        
2022-09-11T21:28:49.5287426Z remote: Compressing objects:  31% (274/883)        
2022-09-11T21:28:49.5287715Z remote: Compressing objects:  32% (283/883)        
2022-09-11T21:28:49.5288001Z remote: Compressing objects:  33% (292/883)        
2022-09-11T21:28:49.5288272Z remote: Compressing objects:  34% (301/883)        
2022-09-11T21:28:49.5288553Z remote: Compressing objects:  35% (310/883)        
2022-09-11T21:28:49.5289158Z remote: Compressing objects:  36% (318/883)        
2022-09-11T21:28:49.5289440Z remote: Compressing objects:  37% (327/883)        
2022-09-11T21:28:49.5289732Z remote: Compressing objects:  38% (336/883)        
2022-09-11T21:28:49.5290017Z remote: Compressing objects:  39% (345/883)        
2022-09-11T21:28:49.5290301Z remote: Compressing objects:  40% (354/883)        
2022-09-11T21:28:49.5290567Z remote: Compressing objects:  41% (363/883)        
2022-09-11T21:28:49.5290847Z remote: Compressing objects:  42% (371/883)        
2022-09-11T21:28:49.5291126Z remote: Compressing objects:  43% (380/883)        
2022-09-11T21:28:49.5291390Z remote: Compressing objects:  44% (389/883)        
2022-09-11T21:28:49.5291671Z remote: Compressing objects:  45% (398/883)        
2022-09-11T21:28:49.5291946Z remote: Compressing objects:  46% (407/883)        
2022-09-11T21:28:49.5292211Z remote: Compressing objects:  47% (416/883)        
2022-09-11T21:28:49.5292491Z remote: Compressing objects:  48% (424/883)        
2022-09-11T21:28:49.5292769Z remote: Compressing objects:  49% (433/883)        
2022-09-11T21:28:49.5293051Z remote: Compressing objects:  50% (442/883)        
2022-09-11T21:28:49.5293543Z remote: Compressing objects:  51% (451/883)        
2022-09-11T21:28:49.5293832Z remote: Compressing objects:  52% (460/883)        
2022-09-11T21:28:49.5294116Z remote: Compressing objects:  53% (468/883)        
2022-09-11T21:28:49.5294384Z remote: Compressing objects:  54% (477/883)        
2022-09-11T21:28:49.5294661Z remote: Compressing objects:  55% (486/883)        
2022-09-11T21:28:49.5294942Z remote: Compressing objects:  56% (495/883)        
2022-09-11T21:28:49.5295209Z remote: Compressing objects:  57% (504/883)        
2022-09-11T21:28:49.5295488Z remote: Compressing objects:  58% (513/883)        
2022-09-11T21:28:49.5295767Z remote: Compressing objects:  59% (521/883)        
2022-09-11T21:28:49.5296034Z remote: Compressing objects:  60% (530/883)        
2022-09-11T21:28:49.5296312Z remote: Compressing objects:  61% (539/883)        
2022-09-11T21:28:49.5296599Z remote: Compressing objects:  62% (548/883)        
2022-09-11T21:28:49.5296880Z remote: Compressing objects:  63% (557/883)        
2022-09-11T21:28:49.5297143Z remote: Compressing objects:  64% (566/883)        
2022-09-11T21:28:49.5297421Z remote: Compressing objects:  65% (574/883)        
2022-09-11T21:28:49.5297702Z remote: Compressing objects:  66% (583/883)        
2022-09-11T21:28:49.5297966Z remote: Compressing objects:  67% (592/883)        
2022-09-11T21:28:49.5298243Z remote: Compressing objects:  68% (601/883)        
2022-09-11T21:28:49.5298523Z remote: Compressing objects:  69% (610/883)        
2022-09-11T21:28:49.5298785Z remote: Compressing objects:  70% (619/883)        
2022-09-11T21:28:49.5299064Z remote: Compressing objects:  71% (627/883)        
2022-09-11T21:28:49.5299344Z remote: Compressing objects:  72% (636/883)        
2022-09-11T21:28:49.5299624Z remote: Compressing objects:  73% (645/883)        
2022-09-11T21:28:49.5299887Z remote: Compressing objects:  74% (654/883)        
2022-09-11T21:28:49.5300439Z remote: Compressing objects:  75% (663/883)        
2022-09-11T21:28:49.5300731Z remote: Compressing objects:  76% (672/883)        
2022-09-11T21:28:49.5300996Z remote: Compressing objects:  77% (680/883)        
2022-09-11T21:28:49.5301276Z remote: Compressing objects:  78% (689/883)        
2022-09-11T21:28:49.5301555Z remote: Compressing objects:  79% (698/883)        
2022-09-11T21:28:49.5301822Z remote: Compressing objects:  80% (707/883)        
2022-09-11T21:28:49.5302101Z remote: Compressing objects:  81% (716/883)        
2022-09-11T21:28:49.5302380Z remote: Compressing objects:  82% (725/883)        
2022-09-11T21:28:49.5302642Z remote: Compressing objects:  83% (733/883)        
2022-09-11T21:28:49.5302921Z remote: Compressing objects:  84% (742/883)        
2022-09-11T21:28:49.5303204Z remote: Compressing objects:  85% (751/883)        
2022-09-11T21:28:49.5303486Z remote: Compressing objects:  86% (760/883)        
2022-09-11T21:28:49.5303751Z remote: Compressing objects:  87% (769/883)        
2022-09-11T21:28:49.5304038Z remote: Compressing objects:  88% (778/883)        
2022-09-11T21:28:49.5304313Z remote: Compressing objects:  89% (786/883)        
2022-09-11T21:28:49.5304608Z remote: Compressing objects:  90% (795/883)        
2022-09-11T21:28:49.5304886Z remote: Compressing objects:  91% (804/883)        
2022-09-11T21:28:49.5305150Z remote: Compressing objects:  92% (813/883)        
2022-09-11T21:28:49.5305429Z remote: Compressing objects:  93% (822/883)        
2022-09-11T21:28:49.5305709Z remote: Compressing objects:  94% (831/883)        
2022-09-11T21:28:49.5305974Z remote: Compressing objects:  95% (839/883)        
2022-09-11T21:28:49.5306250Z remote: Compressing objects:  96% (848/883)        
2022-09-11T21:28:49.5306528Z remote: Compressing objects:  97% (857/883)        
2022-09-11T21:28:49.5306790Z remote: Compressing objects:  98% (866/883)        
2022-09-11T21:28:49.5307067Z remote: Compressing objects:  99% (875/883)        
2022-09-11T21:28:49.5307349Z remote: Compressing objects: 100% (883/883)        
2022-09-11T21:28:49.5307716Z remote: Compressing objects: 100% (883/883), done.        
2022-09-11T21:28:49.5925292Z Receiving objects:   0% (1/46759)
2022-09-11T21:28:49.6169006Z Receiving objects:   1% (468/46759)
2022-09-11T21:28:49.6217310Z Receiving objects:   2% (936/46759)
2022-09-11T21:28:49.6488154Z Receiving objects:   3% (1403/46759)
2022-09-11T21:28:49.6555764Z Receiving objects:   4% (1871/46759)
2022-09-11T21:28:49.6611514Z Receiving objects:   5% (2338/46759)
2022-09-11T21:28:49.6760636Z Receiving objects:   6% (2806/46759)
2022-09-11T21:28:49.6780760Z Receiving objects:   7% (3274/46759)
2022-09-11T21:28:49.6795962Z Receiving objects:   8% (3741/46759)
2022-09-11T21:28:49.6806860Z Receiving objects:   9% (4209/46759)
2022-09-11T21:28:49.6934064Z Receiving objects:  10% (4676/46759)
2022-09-11T21:28:49.7135858Z Receiving objects:  11% (5144/46759)
2022-09-11T21:28:49.7199813Z Receiving objects:  12% (5612/46759)
2022-09-11T21:28:49.7250696Z Receiving objects:  13% (6079/46759)
2022-09-11T21:28:49.7320629Z Receiving objects:  14% (6547/46759)
2022-09-11T21:28:49.7360669Z Receiving objects:  15% (7014/46759)
2022-09-11T21:28:49.7412382Z Receiving objects:  16% (7482/46759)
2022-09-11T21:28:49.7462015Z Receiving objects:  17% (7950/46759)
2022-09-11T21:28:49.7544609Z Receiving objects:  18% (8417/46759)
2022-09-11T21:28:49.7640214Z Receiving objects:  19% (8885/46759)
2022-09-11T21:28:49.7746097Z Receiving objects:  20% (9352/46759)
2022-09-11T21:28:49.7795507Z Receiving objects:  21% (9820/46759)
2022-09-11T21:28:49.7889597Z Receiving objects:  22% (10287/46759)
2022-09-11T21:28:49.7996907Z Receiving objects:  23% (10755/46759)
2022-09-11T21:28:49.8087961Z Receiving objects:  24% (11223/46759)
2022-09-11T21:28:49.8158603Z Receiving objects:  25% (11690/46759)
2022-09-11T21:28:49.8248965Z Receiving objects:  26% (12158/46759)
2022-09-11T21:28:49.8329203Z Receiving objects:  27% (12625/46759)
2022-09-11T21:28:49.8397659Z Receiving objects:  28% (13093/46759)
2022-09-11T21:28:49.8475853Z Receiving objects:  29% (13561/46759)
2022-09-11T21:28:49.8544254Z Receiving objects:  30% (14028/46759)
2022-09-11T21:28:49.8603580Z Receiving objects:  31% (14496/46759)
2022-09-11T21:28:49.8866911Z Receiving objects:  32% (14963/46759)
2022-09-11T21:28:49.8923948Z Receiving objects:  33% (15431/46759)
2022-09-11T21:28:49.9005554Z Receiving objects:  34% (15899/46759)
2022-09-11T21:28:49.9054202Z Receiving objects:  35% (16366/46759)
2022-09-11T21:28:49.9192788Z Receiving objects:  36% (16834/46759)
2022-09-11T21:28:49.9237718Z Receiving objects:  37% (17301/46759)
2022-09-11T21:28:49.9281498Z Receiving objects:  38% (17769/46759)
2022-09-11T21:28:49.9312553Z Receiving objects:  39% (18237/46759)
2022-09-11T21:28:49.9323989Z Receiving objects:  40% (18704/46759)
2022-09-11T21:28:49.9346029Z Receiving objects:  41% (19172/46759)
2022-09-11T21:28:49.9384971Z Receiving objects:  42% (19639/46759)
2022-09-11T21:28:49.9407974Z Receiving objects:  43% (20107/46759)
2022-09-11T21:28:49.9417469Z Receiving objects:  44% (20574/46759)
2022-09-11T21:28:49.9443750Z Receiving objects:  45% (21042/46759)
2022-09-11T21:28:49.9457497Z Receiving objects:  46% (21510/46759)
2022-09-11T21:28:49.9463221Z Receiving objects:  47% (21977/46759)
2022-09-11T21:28:49.9470863Z Receiving objects:  48% (22445/46759)
2022-09-11T21:28:49.9478403Z Receiving objects:  49% (22912/46759)
2022-09-11T21:28:49.9512812Z Receiving objects:  50% (23380/46759)
2022-09-11T21:28:49.9520256Z Receiving objects:  51% (23848/46759)
2022-09-11T21:28:49.9529141Z Receiving objects:  52% (24315/46759)
2022-09-11T21:28:49.9581108Z Receiving objects:  53% (24783/46759)
2022-09-11T21:28:49.9608682Z Receiving objects:  54% (25250/46759)
2022-09-11T21:28:49.9643088Z Receiving objects:  55% (25718/46759)
2022-09-11T21:28:49.9714741Z Receiving objects:  56% (26186/46759)
2022-09-11T21:28:49.9736111Z Receiving objects:  57% (26653/46759)
2022-09-11T21:28:49.9784575Z Receiving objects:  58% (27121/46759)
2022-09-11T21:28:49.9805109Z Receiving objects:  59% (27588/46759)
2022-09-11T21:28:49.9840322Z Receiving objects:  60% (28056/46759)
2022-09-11T21:28:49.9849284Z Receiving objects:  61% (28523/46759)
2022-09-11T21:28:49.9892794Z Receiving objects:  62% (28991/46759)
2022-09-11T21:28:49.9907212Z Receiving objects:  63% (29459/46759)
2022-09-11T21:28:49.9925688Z Receiving objects:  64% (29926/46759)
2022-09-11T21:28:49.9937206Z Receiving objects:  65% (30394/46759)
2022-09-11T21:28:49.9949121Z Receiving objects:  66% (30861/46759)
2022-09-11T21:28:49.9974506Z Receiving objects:  67% (31329/46759)
2022-09-11T21:28:49.9996858Z Receiving objects:  68% (31797/46759)
2022-09-11T21:28:50.0024161Z Receiving objects:  69% (32264/46759)
2022-09-11T21:28:50.0039076Z Receiving objects:  70% (32732/46759)
2022-09-11T21:28:50.0048445Z Receiving objects:  71% (33199/46759)
2022-09-11T21:28:50.0070305Z Receiving objects:  72% (33667/46759)
2022-09-11T21:28:50.0089301Z Receiving objects:  73% (34135/46759)
2022-09-11T21:28:50.0102548Z Receiving objects:  74% (34602/46759)
2022-09-11T21:28:50.0132714Z Receiving objects:  75% (35070/46759)
2022-09-11T21:28:50.0147473Z Receiving objects:  76% (35537/46759)
2022-09-11T21:28:50.0158941Z Receiving objects:  77% (36005/46759)
2022-09-11T21:28:50.0176557Z Receiving objects:  78% (36473/46759)
2022-09-11T21:28:50.0195939Z Receiving objects:  79% (36940/46759)
2022-09-11T21:28:50.0458599Z Receiving objects:  80% (37408/46759)
2022-09-11T21:28:50.0471685Z Receiving objects:  81% (37875/46759), 13.61 MiB | 27.20 MiB/s
2022-09-11T21:28:50.0486715Z Receiving objects:  82% (38343/46759), 13.61 MiB | 27.20 MiB/s
2022-09-11T21:28:50.0502275Z Receiving objects:  83% (38810/46759), 13.61 MiB | 27.20 MiB/s
2022-09-11T21:28:50.0514480Z Receiving objects:  84% (39278/46759), 13.61 MiB | 27.20 MiB/s
2022-09-11T21:28:50.0527973Z Receiving objects:  85% (39746/46759), 13.61 MiB | 27.20 MiB/s
2022-09-11T21:28:50.0546099Z Receiving objects:  86% (40213/46759), 13.61 MiB | 27.20 MiB/s
2022-09-11T21:28:50.0565013Z Receiving objects:  87% (40681/46759), 13.61 MiB | 27.20 MiB/s
2022-09-11T21:28:50.0597974Z Receiving objects:  88% (41148/46759), 13.61 MiB | 27.20 MiB/s
2022-09-11T21:28:50.0647596Z Receiving objects:  89% (41616/46759), 13.61 MiB | 27.20 MiB/s
2022-09-11T21:28:50.0666113Z Receiving objects:  90% (42084/46759), 13.61 MiB | 27.20 MiB/s
2022-09-11T21:28:50.0701887Z Receiving objects:  91% (42551/46759), 13.61 MiB | 27.20 MiB/s
2022-09-11T21:28:50.0713974Z Receiving objects:  92% (43019/46759), 13.61 MiB | 27.20 MiB/s
2022-09-11T21:28:50.0731163Z Receiving objects:  93% (43486/46759), 13.61 MiB | 27.20 MiB/s
2022-09-11T21:28:50.0739588Z Receiving objects:  94% (43954/46759), 13.61 MiB | 27.20 MiB/s
2022-09-11T21:28:50.0774851Z Receiving objects:  95% (44422/46759), 13.61 MiB | 27.20 MiB/s
2022-09-11T21:28:50.0785069Z Receiving objects:  96% (44889/46759), 13.61 MiB | 27.20 MiB/s
2022-09-11T21:28:50.0794168Z Receiving objects:  97% (45357/46759), 13.61 MiB | 27.20 MiB/s
2022-09-11T21:28:50.0807626Z Receiving objects:  98% (45824/46759), 13.61 MiB | 27.20 MiB/s
2022-09-11T21:28:50.1087376Z Receiving objects:  99% (46292/46759), 13.61 MiB | 27.20 MiB/s
2022-09-11T21:28:50.1088312Z remote: Total 46759 (delta 818), reused 2055 (delta 748), pack-reused 44586        
2022-09-11T21:28:50.1115012Z Receiving objects: 100% (46759/46759), 13.61 MiB | 27.20 MiB/s
2022-09-11T21:28:50.1115574Z Receiving objects: 100% (46759/46759), 16.44 MiB | 28.35 MiB/s, done.
2022-09-11T21:28:50.1194771Z Resolving deltas:   0% (0/27766)
2022-09-11T21:28:50.1230372Z Resolving deltas:   1% (278/27766)
2022-09-11T21:28:50.1254791Z Resolving deltas:   2% (556/27766)
2022-09-11T21:28:50.1296256Z Resolving deltas:   3% (833/27766)
2022-09-11T21:28:50.1355265Z Resolving deltas:   4% (1111/27766)
2022-09-11T21:28:50.1415044Z Resolving deltas:   5% (1389/27766)
2022-09-11T21:28:50.1466893Z Resolving deltas:   6% (1666/27766)
2022-09-11T21:28:50.1530540Z Resolving deltas:   7% (1944/27766)
2022-09-11T21:28:50.1580732Z Resolving deltas:   8% (2222/27766)
2022-09-11T21:28:50.1630885Z Resolving deltas:   9% (2499/27766)
2022-09-11T21:28:50.1678951Z Resolving deltas:  10% (2777/27766)
2022-09-11T21:28:50.1710335Z Resolving deltas:  11% (3055/27766)
2022-09-11T21:28:50.1782428Z Resolving deltas:  12% (3332/27766)
2022-09-11T21:28:50.1836531Z Resolving deltas:  13% (3610/27766)
2022-09-11T21:28:50.1866149Z Resolving deltas:  14% (3889/27766)
2022-09-11T21:28:50.1904515Z Resolving deltas:  15% (4165/27766)
2022-09-11T21:28:50.1991866Z Resolving deltas:  16% (4443/27766)
2022-09-11T21:28:50.2109572Z Resolving deltas:  17% (4721/27766)
2022-09-11T21:28:50.2272683Z Resolving deltas:  18% (4998/27766)
2022-09-11T21:28:50.2415760Z Resolving deltas:  19% (5276/27766)
2022-09-11T21:28:50.2493704Z Resolving deltas:  20% (5554/27766)
2022-09-11T21:28:50.2608018Z Resolving deltas:  21% (5831/27766)
2022-09-11T21:28:50.2756513Z Resolving deltas:  22% (6109/27766)
2022-09-11T21:28:50.2878690Z Resolving deltas:  23% (6387/27766)
2022-09-11T21:28:50.3009067Z Resolving deltas:  24% (6664/27766)
2022-09-11T21:28:50.3152647Z Resolving deltas:  25% (6942/27766)
2022-09-11T21:28:50.3253361Z Resolving deltas:  26% (7220/27766)
2022-09-11T21:28:50.3379334Z Resolving deltas:  27% (7497/27766)
2022-09-11T21:28:50.3499924Z Resolving deltas:  28% (7775/27766)
2022-09-11T21:28:50.3695718Z Resolving deltas:  29% (8053/27766)
2022-09-11T21:28:50.3898082Z Resolving deltas:  30% (8330/27766)
2022-09-11T21:28:50.4023477Z Resolving deltas:  31% (8608/27766)
2022-09-11T21:28:50.4216473Z Resolving deltas:  32% (8886/27766)
2022-09-11T21:28:50.4285066Z Resolving deltas:  33% (9163/27766)
2022-09-11T21:28:50.4376051Z Resolving deltas:  34% (9441/27766)
2022-09-11T21:28:50.4546386Z Resolving deltas:  35% (9719/27766)
2022-09-11T21:28:50.4675608Z Resolving deltas:  36% (9996/27766)
2022-09-11T21:28:50.4742789Z Resolving deltas:  37% (10274/27766)
2022-09-11T21:28:50.4778641Z Resolving deltas:  38% (10552/27766)
2022-09-11T21:28:50.4852545Z Resolving deltas:  39% (10829/27766)
2022-09-11T21:28:50.4880179Z Resolving deltas:  40% (11107/27766)
2022-09-11T21:28:50.4901768Z Resolving deltas:  41% (11385/27766)
2022-09-11T21:28:50.4935955Z Resolving deltas:  42% (11662/27766)
2022-09-11T21:28:50.5454568Z Resolving deltas:  43% (11940/27766)
2022-09-11T21:28:50.5822648Z Resolving deltas:  44% (12218/27766)
2022-09-11T21:28:50.5883484Z Resolving deltas:  45% (12495/27766)
2022-09-11T21:28:50.5972476Z Resolving deltas:  46% (12773/27766)
2022-09-11T21:28:50.6061410Z Resolving deltas:  47% (13051/27766)
2022-09-11T21:28:50.6132240Z Resolving deltas:  48% (13328/27766)
2022-09-11T21:28:50.6198796Z Resolving deltas:  49% (13606/27766)
2022-09-11T21:28:50.6274294Z Resolving deltas:  50% (13883/27766)
2022-09-11T21:28:50.6342492Z Resolving deltas:  51% (14161/27766)
2022-09-11T21:28:50.6356879Z Resolving deltas:  52% (14439/27766)
2022-09-11T21:28:50.6383389Z Resolving deltas:  53% (14716/27766)
2022-09-11T21:28:50.6412615Z Resolving deltas:  54% (14994/27766)
2022-09-11T21:28:50.6468820Z Resolving deltas:  55% (15272/27766)
2022-09-11T21:28:50.6506448Z Resolving deltas:  56% (15549/27766)
2022-09-11T21:28:50.6534284Z Resolving deltas:  57% (15827/27766)
2022-09-11T21:28:50.6609280Z Resolving deltas:  58% (16105/27766)
2022-09-11T21:28:50.6636385Z Resolving deltas:  59% (16382/27766)
2022-09-11T21:28:50.6667947Z Resolving deltas:  60% (16660/27766)
2022-09-11T21:28:50.6770986Z Resolving deltas:  61% (16938/27766)
2022-09-11T21:28:50.6840049Z Resolving deltas:  62% (17215/27766)
2022-09-11T21:28:50.6877051Z Resolving deltas:  63% (17493/27766)
2022-09-11T21:28:50.6912644Z Resolving deltas:  64% (17771/27766)
2022-09-11T21:28:50.6937400Z Resolving deltas:  65% (18048/27766)
2022-09-11T21:28:50.6964258Z Resolving deltas:  66% (18326/27766)
2022-09-11T21:28:50.6987673Z Resolving deltas:  67% (18604/27766)
2022-09-11T21:28:50.7008388Z Resolving deltas:  68% (18881/27766)
2022-09-11T21:28:50.7067571Z Resolving deltas:  69% (19159/27766)
2022-09-11T21:28:50.7083318Z Resolving deltas:  70% (19437/27766)
2022-09-11T21:28:50.7109535Z Resolving deltas:  71% (19714/27766)
2022-09-11T21:28:50.7167416Z Resolving deltas:  72% (19992/27766)
2022-09-11T21:28:50.7227985Z Resolving deltas:  73% (20270/27766)
2022-09-11T21:28:50.7299360Z Resolving deltas:  74% (20547/27766)
2022-09-11T21:28:50.7493328Z Resolving deltas:  75% (20825/27766)
2022-09-11T21:28:50.7762783Z Resolving deltas:  76% (21103/27766)
2022-09-11T21:28:50.7803851Z Resolving deltas:  77% (21380/27766)
2022-09-11T21:28:50.7861709Z Resolving deltas:  78% (21658/27766)
2022-09-11T21:28:50.7913475Z Resolving deltas:  79% (21936/27766)
2022-09-11T21:28:50.7957990Z Resolving deltas:  80% (22213/27766)
2022-09-11T21:28:50.8041494Z Resolving deltas:  81% (22491/27766)
2022-09-11T21:28:50.8121281Z Resolving deltas:  82% (22769/27766)
2022-09-11T21:28:50.8164993Z Resolving deltas:  83% (23046/27766)
2022-09-11T21:28:50.8190964Z Resolving deltas:  84% (23324/27766)
2022-09-11T21:28:50.8219956Z Resolving deltas:  85% (23602/27766)
2022-09-11T21:28:50.8239575Z Resolving deltas:  86% (23880/27766)
2022-09-11T21:28:50.8281402Z Resolving deltas:  87% (24157/27766)
2022-09-11T21:28:50.8298665Z Resolving deltas:  88% (24435/27766)
2022-09-11T21:28:50.8331515Z Resolving deltas:  89% (24712/27766)
2022-09-11T21:28:50.8362380Z Resolving deltas:  90% (24990/27766)
2022-09-11T21:28:50.8389635Z Resolving deltas:  91% (25268/27766)
2022-09-11T21:28:50.8421689Z Resolving deltas:  92% (25545/27766)
2022-09-11T21:28:50.8464807Z Resolving deltas:  93% (25823/27766)
2022-09-11T21:28:50.8491237Z Resolving deltas:  94% (26101/27766)
2022-09-11T21:28:50.8518655Z Resolving deltas:  95% (26378/27766)
2022-09-11T21:28:50.8547921Z Resolving deltas:  96% (26656/27766)
2022-09-11T21:28:50.8571271Z Resolving deltas:  97% (26934/27766)
2022-09-11T21:28:50.8595985Z Resolving deltas:  98% (27211/27766)
2022-09-11T21:28:50.8740728Z Resolving deltas:  99% (27489/27766)
2022-09-11T21:28:50.8741293Z Resolving deltas: 100% (27766/27766)
2022-09-11T21:28:50.8741955Z Resolving deltas: 100% (27766/27766), done.
2022-09-11T21:28:50.9897101Z From https://github.com/Netflix/spectator
2022-09-11T21:28:50.9901375Z  * [new branch]        0.14.x                                   -> origin/0.14.x
2022-09-11T21:28:50.9908607Z  * [new branch]        array-tag-set-spliterator                -> origin/array-tag-set-spliterator
2022-09-11T21:28:50.9909478Z  * [new branch]        gh-pages                                 -> origin/gh-pages
2022-09-11T21:28:50.9910298Z  * [new branch]        main                                     -> origin/main
2022-09-11T21:28:50.9910934Z  * [new branch]        registry-spliterator                     -> origin/registry-spliterator
2022-09-11T21:28:50.9911813Z  * [new branch]        tag-list-spliterator                     -> origin/tag-list-spliterator
2022-09-11T21:28:50.9912434Z  * [new branch]        v0.29.x                                  -> origin/v0.29.x
2022-09-11T21:28:50.9913205Z  * [new branch]        v0.65.x                                  -> origin/v0.65.x
2022-09-11T21:28:50.9914807Z  * [new branch]        v0.92.x                                  -> origin/v0.92.x
2022-09-11T21:28:50.9919170Z  * [new branch]        v0.99.x                                  -> origin/v0.99.x
2022-09-11T21:28:50.9919819Z  * [new tag]           0.10                                     -> 0.10
2022-09-11T21:28:50.9921379Z  * [new tag]           0.11                                     -> 0.11
2022-09-11T21:28:50.9921935Z  * [new tag]           0.12                                     -> 0.12
2022-09-11T21:28:50.9923337Z  * [new tag]           0.13                                     -> 0.13
2022-09-11T21:28:50.9923885Z  * [new tag]           0.14                                     -> 0.14
2022-09-11T21:28:50.9925323Z  * [new tag]           0.14.1                                   -> 0.14.1
2022-09-11T21:28:50.9925884Z  * [new tag]           0.14.2                                   -> 0.14.2
2022-09-11T21:28:50.9927289Z  * [new tag]           0.16                                     -> 0.16
2022-09-11T21:28:50.9927832Z  * [new tag]           0.17                                     -> 0.17
2022-09-11T21:28:50.9930472Z  * [new tag]           0.18                                     -> 0.18
2022-09-11T21:28:50.9931149Z  * [new tag]           0.8                                      -> 0.8
2022-09-11T21:28:50.9933244Z  * [new tag]           0.9                                      -> 0.9
2022-09-11T21:28:50.9933827Z  * [new tag]           v0.100.0                                 -> v0.100.0
2022-09-11T21:28:50.9935513Z  * [new tag]           v0.101.0                                 -> v0.101.0
2022-09-11T21:28:50.9936125Z  * [new tag]           v0.101.1                                 -> v0.101.1
2022-09-11T21:28:50.9936868Z  * [new tag]           v0.102.0                                 -> v0.102.0
2022-09-11T21:28:50.9937407Z  * [new tag]           v0.103.0                                 -> v0.103.0
2022-09-11T21:28:50.9938115Z  * [new tag]           v0.104.0                                 -> v0.104.0
2022-09-11T21:28:50.9938746Z  * [new tag]           v0.105.0                                 -> v0.105.0
2022-09-11T21:28:50.9941655Z  * [new tag]           v0.106.0                                 -> v0.106.0
2022-09-11T21:28:50.9943251Z  * [new tag]           v0.107.0                                 -> v0.107.0
2022-09-11T21:28:50.9944633Z  * [new tag]           v0.108.0                                 -> v0.108.0
2022-09-11T21:28:50.9945227Z  * [new tag]           v0.109.0                                 -> v0.109.0
2022-09-11T21:28:50.9946606Z  * [new tag]           v0.110.0                                 -> v0.110.0
2022-09-11T21:28:50.9948007Z  * [new tag]           v0.111.0                                 -> v0.111.0
2022-09-11T21:28:50.9949383Z  * [new tag]           v0.112.0                                 -> v0.112.0
2022-09-11T21:28:50.9950606Z  * [new tag]           v0.113.0                                 -> v0.113.0
2022-09-11T21:28:50.9952443Z  * [new tag]           v0.114.0                                 -> v0.114.0
2022-09-11T21:28:50.9953813Z  * [new tag]           v0.115.0                                 -> v0.115.0
2022-09-11T21:28:50.9955588Z  * [new tag]           v0.116.0                                 -> v0.116.0
2022-09-11T21:28:50.9956761Z  * [new tag]           v0.117.0                                 -> v0.117.0
2022-09-11T21:28:50.9960121Z  * [new tag]           v0.118.0                                 -> v0.118.0
2022-09-11T21:28:50.9960704Z  * [new tag]           v0.119.0                                 -> v0.119.0
2022-09-11T21:28:50.9962535Z  * [new tag]           v0.120.0                                 -> v0.120.0
2022-09-11T21:28:50.9963154Z  * [new tag]           v0.121.0                                 -> v0.121.0
2022-09-11T21:28:50.9967356Z  * [new tag]           v0.122.0                                 -> v0.122.0
2022-09-11T21:28:50.9968679Z  * [new tag]           v0.123.0                                 -> v0.123.0
2022-09-11T21:28:50.9970031Z  * [new tag]           v0.123.1                                 -> v0.123.1
2022-09-11T21:28:50.9971485Z  * [new tag]           v0.124.0                                 -> v0.124.0
2022-09-11T21:28:50.9972890Z  * [new tag]           v0.125.0                                 -> v0.125.0
2022-09-11T21:28:50.9973454Z  * [new tag]           v0.126.0                                 -> v0.126.0
2022-09-11T21:28:50.9974222Z  * [new tag]           v0.127.0                                 -> v0.127.0
2022-09-11T21:28:50.9974762Z  * [new tag]           v0.128.0                                 -> v0.128.0
2022-09-11T21:28:50.9975485Z  * [new tag]           v0.129.0                                 -> v0.129.0
2022-09-11T21:28:50.9976010Z  * [new tag]           v0.130.0                                 -> v0.130.0
2022-09-11T21:28:50.9977051Z  * [new tag]           v0.131.0                                 -> v0.131.0
2022-09-11T21:28:50.9977417Z  * [new tag]           v0.132.0                                 -> v0.132.0
2022-09-11T21:28:50.9977775Z  * [new tag]           v0.133.0                                 -> v0.133.0
2022-09-11T21:28:50.9978300Z  * [new tag]           v0.134.0                                 -> v0.134.0
2022-09-11T21:28:50.9979027Z  * [new tag]           v0.135.0                                 -> v0.135.0
2022-09-11T21:28:50.9979397Z  * [new tag]           v0.19.0                                  -> v0.19.0
2022-09-11T21:28:50.9979766Z  * [new tag]           v0.20.0                                  -> v0.20.0
2022-09-11T21:28:50.9980118Z  * [new tag]           v0.21.0                                  -> v0.21.0
2022-09-11T21:28:50.9981185Z  * [new tag]           v0.22.0                                  -> v0.22.0
2022-09-11T21:28:50.9981553Z  * [new tag]           v0.23.0                                  -> v0.23.0
2022-09-11T21:28:51.0003108Z  * [new tag]           v0.24.0                                  -> v0.24.0
2022-09-11T21:28:51.0003591Z  * [new tag]           v0.25.0                                  -> v0.25.0
2022-09-11T21:28:51.0003964Z  * [new tag]           v0.26.0                                  -> v0.26.0
2022-09-11T21:28:51.0004325Z  * [new tag]           v0.27.0                                  -> v0.27.0
2022-09-11T21:28:51.0004690Z  * [new tag]           v0.28.0                                  -> v0.28.0
2022-09-11T21:28:51.0005048Z  * [new tag]           v0.29.0                                  -> v0.29.0
2022-09-11T21:28:51.0005388Z  * [new tag]           v0.29.1                                  -> v0.29.1
2022-09-11T21:28:51.0005752Z  * [new tag]           v0.30.0                                  -> v0.30.0
2022-09-11T21:28:51.0006108Z  * [new tag]           v0.31.0                                  -> v0.31.0
2022-09-11T21:28:51.0006463Z  * [new tag]           v0.32.0                                  -> v0.32.0
2022-09-11T21:28:51.0006802Z  * [new tag]           v0.33.0                                  -> v0.33.0
2022-09-11T21:28:51.0007161Z  * [new tag]           v0.34.0                                  -> v0.34.0
2022-09-11T21:28:51.0007704Z  * [new tag]           v0.34.1                                  -> v0.34.1
2022-09-11T21:28:51.0008047Z  * [new tag]           v0.35.0                                  -> v0.35.0
2022-09-11T21:28:51.0008408Z  * [new tag]           v0.35.1                                  -> v0.35.1
2022-09-11T21:28:51.0008767Z  * [new tag]           v0.36.0                                  -> v0.36.0
2022-09-11T21:28:51.0009125Z  * [new tag]           v0.37.0                                  -> v0.37.0
2022-09-11T21:28:51.0009464Z  * [new tag]           v0.38.0                                  -> v0.38.0
2022-09-11T21:28:51.0009819Z  * [new tag]           v0.38.1                                  -> v0.38.1
2022-09-11T21:28:51.0010175Z  * [new tag]           v0.39.0                                  -> v0.39.0
2022-09-11T21:28:51.0010515Z  * [new tag]           v0.40.0                                  -> v0.40.0
2022-09-11T21:28:51.0013877Z  * [new tag]           v0.41.0                                  -> v0.41.0
2022-09-11T21:28:51.0014257Z  * [new tag]           v0.42.0                                  -> v0.42.0
2022-09-11T21:28:51.0014645Z  * [new tag]           v0.42.0-rc.1                             -> v0.42.0-rc.1
2022-09-11T21:28:51.0015021Z  * [new tag]           v0.42.0-rc.2                             -> v0.42.0-rc.2
2022-09-11T21:28:51.0015397Z  * [new tag]           v0.42.0-rc.3                             -> v0.42.0-rc.3
2022-09-11T21:28:51.0015770Z  * [new tag]           v0.43.0                                  -> v0.43.0
2022-09-11T21:28:51.0016129Z  * [new tag]           v0.44.0                                  -> v0.44.0
2022-09-11T21:28:51.0016472Z  * [new tag]           v0.45.0                                  -> v0.45.0
2022-09-11T21:28:51.0016831Z  * [new tag]           v0.46.0                                  -> v0.46.0
2022-09-11T21:28:51.0017186Z  * [new tag]           v0.47.0                                  -> v0.47.0
2022-09-11T21:28:51.0017522Z  * [new tag]           v0.48.0                                  -> v0.48.0
2022-09-11T21:28:51.0018037Z  * [new tag]           v0.49.0                                  -> v0.49.0
2022-09-11T21:28:51.0018404Z  * [new tag]           v0.50.0                                  -> v0.50.0
2022-09-11T21:28:51.0022375Z  * [new tag]           v0.51.0                                  -> v0.51.0
2022-09-11T21:28:51.0022735Z  * [new tag]           v0.52.0                                  -> v0.52.0
2022-09-11T21:28:51.0023099Z  * [new tag]           v0.53.0                                  -> v0.53.0
2022-09-11T21:28:51.0023459Z  * [new tag]           v0.54.0                                  -> v0.54.0
2022-09-11T21:28:51.0023801Z  * [new tag]           v0.55.0                                  -> v0.55.0
2022-09-11T21:28:51.0024163Z  * [new tag]           v0.56.0                                  -> v0.56.0
2022-09-11T21:28:51.0024516Z  * [new tag]           v0.57.0                                  -> v0.57.0
2022-09-11T21:28:51.0024871Z  * [new tag]           v0.57.1                                  -> v0.57.1
2022-09-11T21:28:51.0025218Z  * [new tag]           v0.58.0                                  -> v0.58.0
2022-09-11T21:28:51.0027805Z  * [new tag]           v0.58.1                                  -> v0.58.1
2022-09-11T21:28:51.0028180Z  * [new tag]           v0.58.2                                  -> v0.58.2
2022-09-11T21:28:51.0028522Z  * [new tag]           v0.59.0                                  -> v0.59.0
2022-09-11T21:28:51.0028882Z  * [new tag]           v0.60.0                                  -> v0.60.0
2022-09-11T21:28:51.0029242Z  * [new tag]           v0.61.0                                  -> v0.61.0
2022-09-11T21:28:51.0029599Z  * [new tag]           v0.62.0                                  -> v0.62.0
2022-09-11T21:28:51.0032301Z  * [new tag]           v0.63.0                                  -> v0.63.0
2022-09-11T21:28:51.0032682Z  * [new tag]           v0.64.0                                  -> v0.64.0
2022-09-11T21:28:51.0033042Z  * [new tag]           v0.65.0                                  -> v0.65.0
2022-09-11T21:28:51.0033569Z  * [new tag]           v0.65.1                                  -> v0.65.1
2022-09-11T21:28:51.0033911Z  * [new tag]           v0.66.0                                  -> v0.66.0
2022-09-11T21:28:51.0038158Z  * [new tag]           v0.67.0                                  -> v0.67.0
2022-09-11T21:28:51.0039089Z  * [new tag]           v0.68.0                                  -> v0.68.0
2022-09-11T21:28:51.0039479Z  * [new tag]           v0.69.0                                  -> v0.69.0
2022-09-11T21:28:51.0040379Z  * [new tag]           v0.70.0                                  -> v0.70.0
2022-09-11T21:28:51.0041317Z  * [new tag]           v0.70.0-rc.1                             -> v0.70.0-rc.1
2022-09-11T21:28:51.0044143Z  * [new tag]           v0.70.1                                  -> v0.70.1
2022-09-11T21:28:51.0044509Z  * [new tag]           v0.70.2                                  -> v0.70.2
2022-09-11T21:28:51.0044880Z  * [new tag]           v0.71.0                                  -> v0.71.0
2022-09-11T21:28:51.0045240Z  * [new tag]           v0.72.0                                  -> v0.72.0
2022-09-11T21:28:51.0045580Z  * [new tag]           v0.73.0                                  -> v0.73.0
2022-09-11T21:28:51.0045936Z  * [new tag]           v0.74.0                                  -> v0.74.0
2022-09-11T21:28:51.0049107Z  * [new tag]           v0.74.1                                  -> v0.74.1
2022-09-11T21:28:51.0050063Z  * [new tag]           v0.74.2                                  -> v0.74.2
2022-09-11T21:28:51.0050972Z  * [new tag]           v0.74.3                                  -> v0.74.3
2022-09-11T21:28:51.0051375Z  * [new tag]           v0.74.4                                  -> v0.74.4
2022-09-11T21:28:51.0052306Z  * [new tag]           v0.75.0                                  -> v0.75.0
2022-09-11T21:28:51.0054786Z  * [new tag]           v0.76.0                                  -> v0.76.0
2022-09-11T21:28:51.0055218Z  * [new tag]           v0.77.0                                  -> v0.77.0
2022-09-11T21:28:51.0055745Z  * [new tag]           v0.78.0                                  -> v0.78.0
2022-09-11T21:28:51.0056116Z  * [new tag]           v0.79.0                                  -> v0.79.0
2022-09-11T21:28:51.0056458Z  * [new tag]           v0.80.0                                  -> v0.80.0
2022-09-11T21:28:51.0056816Z  * [new tag]           v0.80.1                                  -> v0.80.1
2022-09-11T21:28:51.0059316Z  * [new tag]           v0.81.0                                  -> v0.81.0
2022-09-11T21:28:51.0061328Z  * [new tag]           v0.81.1                                  -> v0.81.1
2022-09-11T21:28:51.0062295Z  * [new tag]           v0.81.2                                  -> v0.81.2
2022-09-11T21:28:51.0063186Z  * [new tag]           v0.82.0                                  -> v0.82.0
2022-09-11T21:28:51.0064160Z  * [new tag]           v0.83.0                                  -> v0.83.0
2022-09-11T21:28:51.0065057Z  * [new tag]           v0.84.0                                  -> v0.84.0
2022-09-11T21:28:51.0067872Z  * [new tag]           v0.85.0                                  -> v0.85.0
2022-09-11T21:28:51.0068311Z  * [new tag]           v0.86.0                                  -> v0.86.0
2022-09-11T21:28:51.0068673Z  * [new tag]           v0.87.0                                  -> v0.87.0
2022-09-11T21:28:51.0069014Z  * [new tag]           v0.88.0                                  -> v0.88.0
2022-09-11T21:28:51.0069369Z  * [new tag]           v0.90.0                                  -> v0.90.0
2022-09-11T21:28:51.0069729Z  * [new tag]           v0.91.0                                  -> v0.91.0
2022-09-11T21:28:51.0070085Z  * [new tag]           v0.92.0                                  -> v0.92.0
2022-09-11T21:28:51.0073058Z  * [new tag]           v0.92.1                                  -> v0.92.1
2022-09-11T21:28:51.0074536Z  * [new tag]           v0.92.1-rc.1                             -> v0.92.1-rc.1
2022-09-11T21:28:51.0075749Z  * [new tag]           v0.92.2                                  -> v0.92.2
2022-09-11T21:28:51.0076630Z  * [new tag]           v0.93.0                                  -> v0.93.0
2022-09-11T21:28:51.0077027Z  * [new tag]           v0.94.0                                  -> v0.94.0
2022-09-11T21:28:51.0078436Z  * [new tag]           v0.95.0                                  -> v0.95.0
2022-09-11T21:28:51.0080913Z  * [new tag]           v0.95.1                                  -> v0.95.1
2022-09-11T21:28:51.0081308Z  * [new tag]           v0.96.0                                  -> v0.96.0
2022-09-11T21:28:51.0081675Z  * [new tag]           v0.97.0                                  -> v0.97.0
2022-09-11T21:28:51.0082035Z  * [new tag]           v0.98.0                                  -> v0.98.0
2022-09-11T21:28:51.0082391Z  * [new tag]           v0.99.0                                  -> v0.99.0
2022-09-11T21:28:51.0082731Z  * [new tag]           v0.99.1                                  -> v0.99.1
2022-09-11T21:28:51.0083102Z  * [new tag]           v0.99.2                                  -> v0.99.2
2022-09-11T21:28:51.0085265Z  * [new tag]           v1.0.0                                   -> v1.0.0
2022-09-11T21:28:51.0087744Z  * [new tag]           v1.0.1                                   -> v1.0.1
2022-09-11T21:28:51.0088684Z  * [new tag]           v1.0.10                                  -> v1.0.10
2022-09-11T21:28:51.0089630Z  * [new tag]           v1.0.11                                  -> v1.0.11
2022-09-11T21:28:51.0090531Z  * [new tag]           v1.0.12                                  -> v1.0.12
2022-09-11T21:28:51.0091420Z  * [new tag]           v1.0.13                                  -> v1.0.13
2022-09-11T21:28:51.0092313Z  * [new tag]           v1.0.14                                  -> v1.0.14
2022-09-11T21:28:51.0092713Z  * [new tag]           v1.0.2                                   -> v1.0.2
2022-09-11T21:28:51.0094780Z  * [new tag]           v1.0.3                                   -> v1.0.3
2022-09-11T21:28:51.0097274Z  * [new tag]           v1.0.4                                   -> v1.0.4
2022-09-11T21:28:51.0098267Z  * [new tag]           v1.0.5                                   -> v1.0.5
2022-09-11T21:28:51.0099166Z  * [new tag]           v1.0.6                                   -> v1.0.6
2022-09-11T21:28:51.0099554Z  * [new tag]           v1.0.7                                   -> v1.0.7
2022-09-11T21:28:51.0100658Z  * [new tag]           v1.0.8                                   -> v1.0.8
2022-09-11T21:28:51.0101571Z  * [new tag]           v1.0.9                                   -> v1.0.9
2022-09-11T21:28:51.0102487Z  * [new tag]           v1.1.0                                   -> v1.1.0
2022-09-11T21:28:51.0103985Z  * [new tag]           v1.1.1                                   -> v1.1.1
2022-09-11T21:28:51.0104352Z  * [new tag]           v1.1.2                                   -> v1.1.2
2022-09-11T21:28:51.0104718Z  * [new tag]           v1.2.0                                   -> v1.2.0
2022-09-11T21:28:51.0105084Z  * [new tag]           v1.2.1                                   -> v1.2.1
2022-09-11T21:28:51.0105428Z  * [new tag]           v1.2.2                                   -> v1.2.2
2022-09-11T21:28:51.0105783Z  * [new tag]           v1.3.0                                   -> v1.3.0
2022-09-11T21:28:51.0106134Z  * [new tag]           v1.3.1                                   -> v1.3.1
2022-09-11T21:28:51.0106475Z  * [new tag]           v1.3.2                                   -> v1.3.2
2022-09-11T21:28:51.0106826Z  * [new tag]           v1.3.3                                   -> v1.3.3
2022-09-11T21:28:51.0108816Z  * [new tag]           v1.3.4                                   -> v1.3.4
2022-09-11T21:28:51.0110191Z  * [new tag]           v1.3.5                                   -> v1.3.5
2022-09-11T21:28:51.0110592Z  * [new tag]           v1.3.6                                   -> v1.3.6
2022-09-11T21:28:51.0110949Z  * [new tag]           v1.3.7                                   -> v1.3.7
2022-09-11T21:28:51.0111982Z  * [new ref]           7539b3a6999f07d40d8a332f28330afb01a146cf -> pull/989/merge
2022-09-11T21:28:51.0160100Z ##[endgroup]
2022-09-11T21:28:51.0160889Z ##[group]Determining the checkout info
2022-09-11T21:28:51.0161696Z ##[endgroup]
2022-09-11T21:28:51.0162255Z ##[group]Checking out the ref
2022-09-11T21:28:51.0165369Z [command]/usr/bin/git checkout --progress --force refs/remotes/pull/989/merge
2022-09-11T21:28:51.0627432Z Note: switching to 'refs/remotes/pull/989/merge'.
2022-09-11T21:28:51.0627792Z 
2022-09-11T21:28:51.0628220Z You are in 'detached HEAD' state. You can look around, make experimental
2022-09-11T21:28:51.0628604Z changes and commit them, and you can discard any commits you make in this
2022-09-11T21:28:51.0629063Z state without impacting any branches by switching back to a branch.
2022-09-11T21:28:51.0629751Z 
2022-09-11T21:28:51.0630102Z If you want to create a new branch to retain commits you create, you may
2022-09-11T21:28:51.0630573Z do so (now or later) by using -c with the switch command. Example:
2022-09-11T21:28:51.0630771Z 
2022-09-11T21:28:51.0631042Z   git switch -c <new-branch-name>
2022-09-11T21:28:51.0631201Z 
2022-09-11T21:28:51.0631611Z Or undo this operation with:
2022-09-11T21:28:51.0632097Z 
2022-09-11T21:28:51.0632320Z   git switch -
2022-09-11T21:28:51.0632449Z 
2022-09-11T21:28:51.0632863Z Turn off this advice by setting config variable advice.detachedHead to false
2022-09-11T21:28:51.0633278Z 
2022-09-11T21:28:51.0633631Z HEAD is now at 7539b3a6 Merge b8a11d6d5b1d9f8cc9c7624d4c1d0873b953c139 into 2412c627c1c991d923e7ac31eb0e22d41e82a8a6
2022-09-11T21:28:51.0641902Z ##[endgroup]
2022-09-11T21:28:51.0696039Z [command]/usr/bin/git log -1 --format='%H'
2022-09-11T21:28:51.0727428Z '7539b3a6999f07d40d8a332f28330afb01a146cf'
2022-09-11T21:28:51.0990604Z ##[group]Run gradle/wrapper-validation-action@v1
2022-09-11T21:28:51.0990886Z with:
2022-09-11T21:28:51.0991083Z   min-wrapper-count: 1
2022-09-11T21:28:51.0991331Z   allow-snapshots: false
2022-09-11T21:28:51.0991552Z ##[endgroup]
2022-09-11T21:28:52.0625148Z  Found known Gradle Wrapper JAR files:
2022-09-11T21:28:52.0625866Z   575098db54a998ff1c6770b352c3b16766c09848bee7555dab09afc34e8cf590 gradle/wrapper/gradle-wrapper.jar
2022-09-11T21:28:52.0733983Z ##[group]Run actions/setup-java@v3
2022-09-11T21:28:52.0734224Z with:
2022-09-11T21:28:52.0734406Z   java-version: 8
2022-09-11T21:28:52.0734624Z   distribution: zulu
2022-09-11T21:28:52.0734837Z   cache: gradle
2022-09-11T21:28:52.0735034Z   java-package: jdk
2022-09-11T21:28:52.0735253Z   architecture: x64
2022-09-11T21:28:52.0735472Z   check-latest: false
2022-09-11T21:28:52.0735671Z   server-id: github
2022-09-11T21:28:52.0735898Z   server-username: GITHUB_ACTOR
2022-09-11T21:28:52.0736166Z   server-password: GITHUB_TOKEN
2022-09-11T21:28:52.0736400Z   overwrite-settings: true
2022-09-11T21:28:52.0736628Z   job-status: success
2022-09-11T21:28:52.0736837Z ##[endgroup]
2022-09-11T21:28:52.2842289Z ##[group]Installed distributions
2022-09-11T21:28:52.2885389Z Trying to resolve the latest version from remote
2022-09-11T21:28:52.3956753Z Resolved latest version as 8.0.345+1
2022-09-11T21:28:52.3957366Z Trying to download...
2022-09-11T21:28:52.3962275Z Downloading Java 8.0.345+1 (Zulu) from https://cdn.azul.com/zulu/bin/zulu8.64.0.19-ca-jdk8.0.345-linux_x64.tar.gz ...
2022-09-11T21:28:53.8230857Z Extracting Java archive...
2022-09-11T21:28:53.8363858Z [command]/usr/bin/tar xz --warning=no-unknown-keyword -C /home/runner/work/_temp/4fe02bbf-428e-49d7-b97c-1b40a985fc1b -f /home/runner/work/_temp/70d281ad-1bd9-4a38-8ac3-e9ea3ed13b7d
2022-09-11T21:28:56.1870420Z Java 8.0.345+1 was downloaded
2022-09-11T21:28:56.1871127Z Setting Java 8.0.345+1 as the default
2022-09-11T21:28:56.1883283Z 
2022-09-11T21:28:56.1890829Z 
2022-09-11T21:28:56.1896638Z 
2022-09-11T21:28:56.1907080Z 
2022-09-11T21:28:56.1907360Z Java configuration:
2022-09-11T21:28:56.1909308Z   Distribution: zulu
2022-09-11T21:28:56.1909893Z   Version: 8.0.345+1
2022-09-11T21:28:56.1910427Z   Path: /opt/hostedtoolcache/Java_Zulu_jdk/8.0.345-1/x64
2022-09-11T21:28:56.1912189Z 
2022-09-11T21:28:56.1914309Z ##[endgroup]
2022-09-11T21:28:56.1948996Z Creating settings.xml with server-id: github
2022-09-11T21:28:56.2034043Z Writing to /home/runner/.m2/settings.xml
2022-09-11T21:28:57.6823172Z Received 121634816 of 458631962 (26.5%), 115.9 MBs/sec
2022-09-11T21:28:58.6822388Z Received 369098752 of 458631962 (80.5%), 175.8 MBs/sec
2022-09-11T21:28:59.5894310Z Received 458631962 of 458631962 (100.0%), 150.3 MBs/sec
2022-09-11T21:28:59.5894997Z Cache Size: ~437 MB (458631962 B)
2022-09-11T21:28:59.5933182Z [command]/usr/bin/tar --use-compress-program zstd -d -xf /home/runner/work/_temp/1825f311-ce65-4d7c-b6ad-e03f3fe80d2a/cache.tzst -P -C /home/runner/work/spectator/spectator
2022-09-11T21:29:01.5695827Z Cache restored successfully
2022-09-11T21:29:01.6343761Z 
2022-09-11T21:29:01.6345085Z Cache restored from key: setup-java-Linux-gradle-d643f14da3f208ff2d5d24e97436b68e23eeff456cf97cdbe5699bf2960a6327
2022-09-11T21:29:01.6512829Z ##[group]Run echo "JDK8=$JAVA_HOME" >> $GITHUB_ENV
2022-09-11T21:29:01.6513295Z [36;1mecho "JDK8=$JAVA_HOME" >> $GITHUB_ENV[0m
2022-09-11T21:29:01.6572789Z shell: /usr/bin/bash -e {0}
2022-09-11T21:29:01.6573127Z env:
2022-09-11T21:29:01.6573427Z   JAVA_HOME: /opt/hostedtoolcache/Java_Zulu_jdk/8.0.345-1/x64
2022-09-11T21:29:01.6573926Z   JAVA_HOME_8_X64: /opt/hostedtoolcache/Java_Zulu_jdk/8.0.345-1/x64
2022-09-11T21:29:01.6574275Z ##[endgroup]
2022-09-11T21:29:01.9601018Z ##[group]Run actions/setup-java@v3
2022-09-11T21:29:01.9601250Z with:
2022-09-11T21:29:01.9601454Z   java-version: 11
2022-09-11T21:29:01.9601675Z   distribution: zulu
2022-09-11T21:29:01.9601890Z   cache: gradle
2022-09-11T21:29:01.9602103Z   java-package: jdk
2022-09-11T21:29:01.9602309Z   architecture: x64
2022-09-11T21:29:01.9602528Z   check-latest: false
2022-09-11T21:29:01.9602749Z   server-id: github
2022-09-11T21:29:01.9602982Z   server-username: GITHUB_ACTOR
2022-09-11T21:29:01.9603252Z   server-password: GITHUB_TOKEN
2022-09-11T21:29:01.9603510Z   overwrite-settings: true
2022-09-11T21:29:01.9603732Z   job-status: success
2022-09-11T21:29:01.9603951Z env:
2022-09-11T21:29:01.9604216Z   JAVA_HOME: /opt/hostedtoolcache/Java_Zulu_jdk/8.0.345-1/x64
2022-09-11T21:29:01.9604556Z   JAVA_HOME_8_X64: /opt/hostedtoolcache/Java_Zulu_jdk/8.0.345-1/x64
2022-09-11T21:29:01.9604885Z   JDK8: /opt/hostedtoolcache/Java_Zulu_jdk/8.0.345-1/x64
2022-09-11T21:29:01.9605126Z ##[endgroup]
2022-09-11T21:29:02.1678401Z ##[group]Installed distributions
2022-09-11T21:29:02.1729224Z Trying to resolve the latest version from remote
2022-09-11T21:29:02.3123629Z Resolved latest version as 11.0.16+8
2022-09-11T21:29:02.3124492Z Trying to download...
2022-09-11T21:29:02.3125667Z Downloading Java 11.0.16+8 (Zulu) from https://cdn.azul.com/zulu/bin/zulu11.58.15-ca-jdk11.0.16-linux_x64.tar.gz ...
2022-09-11T21:29:04.0468810Z Extracting Java archive...
2022-09-11T21:29:04.0599375Z [command]/usr/bin/tar xz --warning=no-unknown-keyword -C /home/runner/work/_temp/37192c0a-b03d-4fd1-a1b5-03dcb4308314 -f /home/runner/work/_temp/5a146d16-465f-4b22-8502-31fe588c0239
2022-09-11T21:29:08.8668945Z Java 11.0.16+8 was downloaded
2022-09-11T21:29:08.8670517Z Setting Java 11.0.16+8 as the default
2022-09-11T21:29:08.8683221Z 
2022-09-11T21:29:08.8686557Z 
2022-09-11T21:29:08.8687544Z 
2022-09-11T21:29:08.8692133Z 
2022-09-11T21:29:08.8693522Z Java configuration:
2022-09-11T21:29:08.8695028Z   Distribution: zulu
2022-09-11T21:29:08.8696382Z   Version: 11.0.16+8
2022-09-11T21:29:08.8698018Z   Path: /opt/hostedtoolcache/Java_Zulu_jdk/11.0.16-8/x64
2022-09-11T21:29:08.8699311Z 
2022-09-11T21:29:08.8702589Z ##[endgroup]
2022-09-11T21:29:08.8714783Z Creating settings.xml with server-id: github
2022-09-11T21:29:08.8810878Z Overwriting existing file /home/runner/.m2/settings.xml
2022-09-11T21:29:10.3984592Z Received 117440512 of 458631962 (25.6%), 112.0 MBs/sec
2022-09-11T21:29:11.3984921Z Received 352321536 of 458631962 (76.8%), 168.0 MBs/sec
2022-09-11T21:29:12.6739319Z Received 458631962 of 458631962 (100.0%), 133.6 MBs/sec
2022-09-11T21:29:12.6740629Z Cache Size: ~437 MB (458631962 B)
2022-09-11T21:29:12.6803680Z [command]/usr/bin/tar --use-compress-program zstd -d -xf /home/runner/work/_temp/87569739-e8a1-4b6a-ba73-6b8be2ce62f6/cache.tzst -P -C /home/runner/work/spectator/spectator
2022-09-11T21:29:14.7818951Z Cache restored successfully
2022-09-11T21:29:14.8502162Z 
2022-09-11T21:29:14.8503206Z Cache restored from key: setup-java-Linux-gradle-d643f14da3f208ff2d5d24e97436b68e23eeff456cf97cdbe5699bf2960a6327
2022-09-11T21:29:14.9702090Z ##[group]Run echo "JDK11=$JAVA_HOME" >> $GITHUB_ENV
2022-09-11T21:29:14.9702433Z [36;1mecho "JDK11=$JAVA_HOME" >> $GITHUB_ENV[0m
2022-09-11T21:29:14.9756876Z shell: /usr/bin/bash -e {0}
2022-09-11T21:29:14.9757103Z env:
2022-09-11T21:29:14.9757395Z   JAVA_HOME: /opt/hostedtoolcache/Java_Zulu_jdk/11.0.16-8/x64
2022-09-11T21:29:14.9757754Z   JAVA_HOME_8_X64: /opt/hostedtoolcache/Java_Zulu_jdk/8.0.345-1/x64
2022-09-11T21:29:14.9758111Z   JDK8: /opt/hostedtoolcache/Java_Zulu_jdk/8.0.345-1/x64
2022-09-11T21:29:14.9758453Z   JAVA_HOME_11_X64: /opt/hostedtoolcache/Java_Zulu_jdk/11.0.16-8/x64
2022-09-11T21:29:14.9758734Z ##[endgroup]
2022-09-11T21:29:15.0612233Z ##[group]Run actions/setup-java@v3
2022-09-11T21:29:15.0612491Z with:
2022-09-11T21:29:15.0612703Z   java-version: 17
2022-09-11T21:29:15.0612932Z   distribution: zulu
2022-09-11T21:29:15.0613156Z   cache: gradle
2022-09-11T21:29:15.0613368Z   java-package: jdk
2022-09-11T21:29:15.0613596Z   architecture: x64
2022-09-11T21:29:15.0613827Z   check-latest: false
2022-09-11T21:29:15.0614059Z   server-id: github
2022-09-11T21:29:15.0614302Z   server-username: GITHUB_ACTOR
2022-09-11T21:29:15.0614573Z   server-password: GITHUB_TOKEN
2022-09-11T21:29:15.0614842Z   overwrite-settings: true
2022-09-11T21:29:15.0615086Z   job-status: success
2022-09-11T21:29:15.0615299Z env:
2022-09-11T21:29:15.0615563Z   JAVA_HOME: /opt/hostedtoolcache/Java_Zulu_jdk/11.0.16-8/x64
2022-09-11T21:29:15.0615915Z   JAVA_HOME_8_X64: /opt/hostedtoolcache/Java_Zulu_jdk/8.0.345-1/x64
2022-09-11T21:29:15.0616251Z   JDK8: /opt/hostedtoolcache/Java_Zulu_jdk/8.0.345-1/x64
2022-09-11T21:29:15.0616618Z   JAVA_HOME_11_X64: /opt/hostedtoolcache/Java_Zulu_jdk/11.0.16-8/x64
2022-09-11T21:29:15.0616955Z   JDK11: /opt/hostedtoolcache/Java_Zulu_jdk/11.0.16-8/x64
2022-09-11T21:29:15.0617222Z ##[endgroup]
2022-09-11T21:29:15.2737842Z ##[group]Installed distributions
2022-09-11T21:29:15.2793262Z Trying to resolve the latest version from remote
2022-09-11T21:29:15.4017611Z Resolved latest version as 17.0.4+8
2022-09-11T21:29:15.4018240Z Trying to download...
2022-09-11T21:29:15.4019484Z Downloading Java 17.0.4+8 (Zulu) from https://cdn.azul.com/zulu/bin/zulu17.36.13-ca-jdk17.0.4-linux_x64.tar.gz ...
2022-09-11T21:29:17.8386368Z Extracting Java archive...
2022-09-11T21:29:17.8518842Z [command]/usr/bin/tar xz --warning=no-unknown-keyword -C /home/runner/work/_temp/ae266ffc-8492-4b59-92fe-7ad2bc796909 -f /home/runner/work/_temp/4d2a50a7-e38c-4d51-8452-8961e5c762c3
2022-09-11T21:29:22.1784384Z Java 17.0.4+8 was downloaded
2022-09-11T21:29:22.1784693Z Setting Java 17.0.4+8 as the default
2022-09-11T21:29:22.1793357Z 
2022-09-11T21:29:22.1794813Z 
2022-09-11T21:29:22.1795946Z 
2022-09-11T21:29:22.1800078Z 
2022-09-11T21:29:22.1800569Z Java configuration:
2022-09-11T21:29:22.1800982Z   Distribution: zulu
2022-09-11T21:29:22.1801428Z   Version: 17.0.4+8
2022-09-11T21:29:22.1802179Z   Path: /opt/hostedtoolcache/Java_Zulu_jdk/17.0.4-8/x64
2022-09-11T21:29:22.1802405Z 
2022-09-11T21:29:22.1802788Z ##[endgroup]
2022-09-11T21:29:22.1809913Z Creating settings.xml with server-id: github
2022-09-11T21:29:22.1904182Z Overwriting existing file /home/runner/.m2/settings.xml
2022-09-11T21:29:23.6193159Z Received 130023424 of 458631962 (28.4%), 123.8 MBs/sec
2022-09-11T21:29:24.6208358Z Received 360710144 of 458631962 (78.6%), 171.7 MBs/sec
2022-09-11T21:29:25.3555716Z Received 458631962 of 458631962 (100.0%), 159.7 MBs/sec
2022-09-11T21:29:25.3556888Z Cache Size: ~437 MB (458631962 B)
2022-09-11T21:29:25.3592708Z [command]/usr/bin/tar --use-compress-program zstd -d -xf /home/runner/work/_temp/24cd34e6-4698-48a3-9d82-30710d9b7668/cache.tzst -P -C /home/runner/work/spectator/spectator
2022-09-11T21:29:28.0459593Z Cache restored successfully
2022-09-11T21:29:28.1102024Z 
2022-09-11T21:29:28.1104042Z Cache restored from key: setup-java-Linux-gradle-d643f14da3f208ff2d5d24e97436b68e23eeff456cf97cdbe5699bf2960a6327
2022-09-11T21:29:28.1671112Z ##[group]Run echo "JDK17=$JAVA_HOME" >> $GITHUB_ENV
2022-09-11T21:29:28.1671493Z [36;1mecho "JDK17=$JAVA_HOME" >> $GITHUB_ENV[0m
2022-09-11T21:29:28.1733024Z shell: /usr/bin/bash -e {0}
2022-09-11T21:29:28.1733303Z env:
2022-09-11T21:29:28.1733629Z   JAVA_HOME: /opt/hostedtoolcache/Java_Zulu_jdk/17.0.4-8/x64
2022-09-11T21:29:28.1734031Z   JAVA_HOME_8_X64: /opt/hostedtoolcache/Java_Zulu_jdk/8.0.345-1/x64
2022-09-11T21:29:28.1734430Z   JDK8: /opt/hostedtoolcache/Java_Zulu_jdk/8.0.345-1/x64
2022-09-11T21:29:28.1734835Z   JAVA_HOME_11_X64: /opt/hostedtoolcache/Java_Zulu_jdk/11.0.16-8/x64
2022-09-11T21:29:28.1735227Z   JDK11: /opt/hostedtoolcache/Java_Zulu_jdk/11.0.16-8/x64
2022-09-11T21:29:28.1735613Z   JAVA_HOME_17_X64: /opt/hostedtoolcache/Java_Zulu_jdk/17.0.4-8/x64
2022-09-11T21:29:28.1735939Z ##[endgroup]
2022-09-11T21:29:28.1839806Z ##[group]Run ./gradlew build
2022-09-11T21:29:28.1840079Z [36;1m./gradlew build[0m
2022-09-11T21:29:28.1891086Z shell: /usr/bin/bash -e {0}
2022-09-11T21:29:28.1891325Z env:
2022-09-11T21:29:28.1891605Z   JAVA_HOME: /opt/hostedtoolcache/Java_Zulu_jdk/17.0.4-8/x64
2022-09-11T21:29:28.1891960Z   JAVA_HOME_8_X64: /opt/hostedtoolcache/Java_Zulu_jdk/8.0.345-1/x64
2022-09-11T21:29:28.1892307Z   JDK8: /opt/hostedtoolcache/Java_Zulu_jdk/8.0.345-1/x64
2022-09-11T21:29:28.1892649Z   JAVA_HOME_11_X64: /opt/hostedtoolcache/Java_Zulu_jdk/11.0.16-8/x64
2022-09-11T21:29:28.1893005Z   JDK11: /opt/hostedtoolcache/Java_Zulu_jdk/11.0.16-8/x64
2022-09-11T21:29:28.1893348Z   JAVA_HOME_17_X64: /opt/hostedtoolcache/Java_Zulu_jdk/17.0.4-8/x64
2022-09-11T21:29:28.1893683Z   JDK17: /opt/hostedtoolcache/Java_Zulu_jdk/17.0.4-8/x64
2022-09-11T21:29:28.1893952Z ##[endgroup]
2022-09-11T21:29:28.7005549Z 
2022-09-11T21:29:28.7006505Z Welcome to Gradle 7.5.1!
2022-09-11T21:29:28.7006888Z 
2022-09-11T21:29:28.7007725Z Here are the highlights of this release:
2022-09-11T21:29:28.7008646Z  - Support for Java 18
2022-09-11T21:29:28.7009566Z  - Support for building with Groovy 4
2022-09-11T21:29:28.7010700Z  - Much more responsive continuous builds
2022-09-11T21:29:28.7012096Z  - Improved diagnostics for dependency resolution
2022-09-11T21:29:28.7012427Z 
2022-09-11T21:29:28.7014230Z For more details see https://docs.gradle.org/7.5.1/release-notes.html
2022-09-11T21:29:28.7014550Z 
2022-09-11T21:29:28.7892430Z Starting a Gradle Daemon (subsequent builds will be faster)
2022-09-11T21:29:37.7917040Z 
2022-09-11T21:29:37.7917815Z > Configure project :
2022-09-11T21:29:37.7919037Z Inferred project: spectator, version: 1.4.0-SNAPSHOT
2022-09-11T21:29:38.1901954Z Unable to convert https://github.com/Netflix/spectator to https form in MavenScmPlugin. Using original value.
2022-09-11T21:29:38.1902773Z Unable to convert https://github.com/Netflix/spectator to https form in MavenScmPlugin. Using original value.
2022-09-11T21:29:38.2920031Z Unable to convert https://github.com/Netflix/spectator to https form in MavenScmPlugin. Using original value.
2022-09-11T21:29:38.2921108Z Unable to convert https://github.com/Netflix/spectator to https form in MavenScmPlugin. Using original value.
2022-09-11T21:29:38.3893188Z Unable to convert https://github.com/Netflix/spectator to https form in MavenScmPlugin. Using original value.
2022-09-11T21:29:38.3894007Z Unable to convert https://github.com/Netflix/spectator to https form in MavenScmPlugin. Using original value.
2022-09-11T21:29:38.4897168Z Unable to convert https://github.com/Netflix/spectator to https form in MavenScmPlugin. Using original value.
2022-09-11T21:29:38.4898368Z Unable to convert https://github.com/Netflix/spectator to https form in MavenScmPlugin. Using original value.
2022-09-11T21:29:38.4899049Z Unable to convert https://github.com/Netflix/spectator to https form in MavenScmPlugin. Using original value.
2022-09-11T21:29:38.4899646Z Unable to convert https://github.com/Netflix/spectator to https form in MavenScmPlugin. Using original value.
2022-09-11T21:29:38.5897966Z Unable to convert https://github.com/Netflix/spectator to https form in MavenScmPlugin. Using original value.
2022-09-11T21:29:38.5898790Z Unable to convert https://github.com/Netflix/spectator to https form in MavenScmPlugin. Using original value.
2022-09-11T21:29:38.6893246Z Unable to convert https://github.com/Netflix/spectator to https form in MavenScmPlugin. Using original value.
2022-09-11T21:29:38.6894094Z Unable to convert https://github.com/Netflix/spectator to https form in MavenScmPlugin. Using original value.
2022-09-11T21:29:38.7909405Z Unable to convert https://github.com/Netflix/spectator to https form in MavenScmPlugin. Using original value.
2022-09-11T21:29:38.7910274Z Unable to convert https://github.com/Netflix/spectator to https form in MavenScmPlugin. Using original value.
2022-09-11T21:29:38.7911307Z Unable to convert https://github.com/Netflix/spectator to https form in MavenScmPlugin. Using original value.
2022-09-11T21:29:38.8896290Z Unable to convert https://github.com/Netflix/spectator to https form in MavenScmPlugin. Using original value.
2022-09-11T21:29:38.8897162Z Unable to convert https://github.com/Netflix/spectator to https form in MavenScmPlugin. Using original value.
2022-09-11T21:29:38.8897837Z Unable to convert https://github.com/Netflix/spectator to https form in MavenScmPlugin. Using original value.
2022-09-11T21:29:38.8898411Z Unable to convert https://github.com/Netflix/spectator to https form in MavenScmPlugin. Using original value.
2022-09-11T21:29:38.9897719Z Unable to convert https://github.com/Netflix/spectator to https form in MavenScmPlugin. Using original value.
2022-09-11T21:29:38.9898591Z Unable to convert https://github.com/Netflix/spectator to https form in MavenScmPlugin. Using original value.
2022-09-11T21:29:38.9899285Z Unable to convert https://github.com/Netflix/spectator to https form in MavenScmPlugin. Using original value.
2022-09-11T21:29:51.0894583Z 
2022-09-11T21:29:51.0895303Z > Task :compileJava NO-SOURCE
2022-09-11T21:29:51.0895706Z > Task :processResources NO-SOURCE
2022-09-11T21:29:51.0896036Z > Task :classes UP-TO-DATE
2022-09-11T21:29:51.1918013Z > Task :createPropertiesFileForJar
2022-09-11T21:29:51.1918528Z > Task :writeManifestProperties
2022-09-11T21:29:51.2896133Z > Task :jar
2022-09-11T21:29:51.2896404Z > Task :assemble
2022-09-11T21:29:51.2896962Z > Task :compileTestJava NO-SOURCE
2022-09-11T21:29:51.2897341Z > Task :processTestResources NO-SOURCE
2022-09-11T21:29:51.2897684Z > Task :testClasses UP-TO-DATE
2022-09-11T21:29:51.2897982Z > Task :test NO-SOURCE
2022-09-11T21:29:51.2898274Z > Task :check UP-TO-DATE
2022-09-11T21:29:57.0895670Z Note: Some input files use or override a deprecated API.
2022-09-11T21:29:57.0896351Z Note: Recompile with -Xlint:deprecation for details.
2022-09-11T21:29:57.0896562Z 
2022-09-11T21:29:57.0896755Z > Task :spectator-api:compileJava
2022-09-11T21:29:57.5893476Z 
2022-09-11T21:29:57.5898760Z Note: /home/runner/work/spectator/spectator/spectator-ext-gc/src/main/java/com/netflix/spectator/gc/GcLogger.java uses or overrides a deprecated API.
2022-09-11T21:29:57.5899333Z > Task :spectator-ext-gc:compileJava
2022-09-11T21:29:57.5900374Z Note: Recompile with -Xlint:deprecation for details.
2022-09-11T21:29:58.0892680Z 
2022-09-11T21:29:58.0895723Z > Task :spectator-ext-ipc:compileJava
2022-09-11T21:29:58.2893717Z 
2022-09-11T21:29:58.2901265Z Note: /home/runner/work/spectator/spectator/spectator-ext-jvm/src/main/java/com/netflix/spectator/jvm/Jmx.java uses or overrides a deprecated API.
2022-09-11T21:29:58.2901845Z > Task :spectator-ext-jvm:compileJava
2022-09-11T21:29:58.2902416Z Note: Recompile with -Xlint:deprecation for details.
2022-09-11T21:29:58.7893109Z 
2022-09-11T21:29:58.7907128Z > Task :spectator-reg-atlas:compileJava
2022-09-11T21:29:58.9894431Z > Task :spectator-agent:compileJava
2022-09-11T21:29:58.9912109Z > Task :spectator-agent:processResources
2022-09-11T21:29:58.9912515Z > Task :spectator-agent:classes
2022-09-11T21:29:58.9913047Z > Task :spectator-agent:createPropertiesFileForJar
2022-09-11T21:29:58.9913568Z > Task :spectator-agent:writeManifestProperties
2022-09-11T21:29:58.9914000Z > Task :spectator-agent:jar
2022-09-11T21:30:02.9892804Z > Task :spectator-agent:javadoc
2022-09-11T21:30:03.0895938Z > Task :spectator-agent:javadocJar
2022-09-11T21:30:03.0899645Z > Task :spectator-agent:sourceJar
2022-09-11T21:30:03.0900130Z > Task :spectator-agent:assemble
2022-09-11T21:30:03.0900783Z > Task :spectator-api:processResources NO-SOURCE
2022-09-11T21:30:03.0901232Z > Task :spectator-api:classes
2022-09-11T21:30:03.0901702Z > Task :spectator-api:createPropertiesFileForJar
2022-09-11T21:30:03.0902217Z > Task :spectator-api:writeManifestProperties
2022-09-11T21:30:03.1893254Z > Task :spectator-api:jar
2022-09-11T21:30:05.1894419Z /home/runner/work/spectator/spectator/spectator-api/src/main/java/com/netflix/spectator/api/Registry.java:533: warning - Tag @link: reference not found: PolledMeter.Builder#monitorValue(Number)
2022-09-11T21:30:05.1894883Z 
2022-09-11T21:30:05.1895083Z > Task :spectator-api:javadoc
2022-09-11T21:30:05.2891616Z 1 warning
2022-09-11T21:30:05.3891930Z 
2022-09-11T21:30:05.3892724Z > Task :spectator-api:javadocJar
2022-09-11T21:30:05.4894386Z > Task :spectator-api:sourceJar
2022-09-11T21:30:05.4894786Z > Task :spectator-api:assemble
2022-09-11T21:30:05.5891385Z 
2022-09-11T21:30:05.5901630Z Note: /home/runner/work/spectator/spectator/spectator-ext-aws/src/main/java/com/netflix/spectator/aws/SpectatorRequestMetricCollector.java uses unchecked or unsafe operations.
2022-09-11T21:30:05.5902466Z Note: Recompile with -Xlint:unchecked for details.
2022-09-11T21:30:05.5902885Z > Task :spectator-ext-aws:compileJava
2022-09-11T21:30:05.5903236Z 
2022-09-11T21:30:05.5903561Z > Task :spectator-ext-aws:processResources NO-SOURCE
2022-09-11T21:30:05.5904015Z > Task :spectator-ext-aws:classes
2022-09-11T21:30:05.5904488Z > Task :spectator-ext-aws:createPropertiesFileForJar
2022-09-11T21:30:05.5905001Z > Task :spectator-ext-aws:writeManifestProperties
2022-09-11T21:30:05.5905444Z > Task :spectator-ext-aws:jar
2022-09-11T21:30:06.9902033Z > Task :spectator-ext-aws:javadoc
2022-09-11T21:30:06.9902653Z > Task :spectator-ext-aws:javadocJar
2022-09-11T21:30:07.0896485Z > Task :spectator-ext-aws:sourceJar
2022-09-11T21:30:07.0897080Z > Task :spectator-ext-aws:assemble
2022-09-11T21:30:07.1897293Z > Task :spectator-ext-aws2:compileJava
2022-09-11T21:30:07.1898044Z > Task :spectator-ext-aws2:processResources
2022-09-11T21:30:07.1898495Z > Task :spectator-ext-aws2:classes
2022-09-11T21:30:07.1898991Z > Task :spectator-ext-aws2:createPropertiesFileForJar
2022-09-11T21:30:07.1899610Z > Task :spectator-ext-aws2:writeManifestProperties
2022-09-11T21:30:07.1900124Z > Task :spectator-ext-aws2:jar
2022-09-11T21:30:08.3904382Z > Task :spectator-ext-aws2:javadoc
2022-09-11T21:30:08.3905677Z > Task :spectator-ext-aws2:javadocJar
2022-09-11T21:30:08.3906739Z > Task :spectator-ext-aws2:sourceJar
2022-09-11T21:30:08.3907170Z > Task :spectator-ext-aws2:assemble
2022-09-11T21:30:08.3907577Z > Task :spectator-ext-gc:processResources NO-SOURCE
2022-09-11T21:30:08.3907943Z > Task :spectator-ext-gc:classes
2022-09-11T21:30:08.3908335Z > Task :spectator-ext-gc:createPropertiesFileForJar
2022-09-11T21:30:08.4893420Z > Task :spectator-ext-gc:writeManifestProperties
2022-09-11T21:30:08.4894165Z > Task :spectator-ext-gc:jar
2022-09-11T21:30:09.6892126Z > Task :spectator-ext-gc:javadoc
2022-09-11T21:30:09.6902036Z > Task :spectator-ext-gc:javadocJar
2022-09-11T21:30:09.6902751Z > Task :spectator-ext-gc:sourceJar
2022-09-11T21:30:09.6903786Z > Task :spectator-ext-gc:assemble
2022-09-11T21:30:09.6904254Z > Task :spectator-ext-ipc:processResources NO-SOURCE
2022-09-11T21:30:09.6904865Z > Task :spectator-ext-ipc:classes
2022-09-11T21:30:09.6905267Z > Task :spectator-ext-ipc:createPropertiesFileForJar
2022-09-11T21:30:09.6905694Z > Task :spectator-ext-ipc:writeManifestProperties
2022-09-11T21:30:09.6906053Z > Task :spectator-ext-ipc:jar
2022-09-11T21:30:11.4901812Z > Task :spectator-ext-ipc:javadoc
2022-09-11T21:30:11.4902229Z > Task :spectator-ext-ipc:javadocJar
2022-09-11T21:30:11.4902744Z > Task :spectator-ext-ipc:sourceJar
2022-09-11T21:30:11.4903177Z > Task :spectator-ext-ipc:assemble
2022-09-11T21:30:11.5895135Z > Task :spectator-ext-ipcservlet:compileJava
2022-09-11T21:30:11.5895658Z > Task :spectator-ext-ipcservlet:processResources NO-SOURCE
2022-09-11T21:30:11.5896261Z > Task :spectator-ext-ipcservlet:classes
2022-09-11T21:30:11.5896703Z > Task :spectator-ext-ipcservlet:createPropertiesFileForJar
2022-09-11T21:30:11.5897170Z > Task :spectator-ext-ipcservlet:writeManifestProperties
2022-09-11T21:30:11.5897570Z > Task :spectator-ext-ipcservlet:jar
2022-09-11T21:30:12.7896389Z > Task :spectator-ext-ipcservlet:javadoc
2022-09-11T21:30:12.7897115Z > Task :spectator-ext-ipcservlet:javadocJar
2022-09-11T21:30:12.7898183Z > Task :spectator-ext-ipcservlet:sourceJar
2022-09-11T21:30:12.7898618Z > Task :spectator-ext-ipcservlet:assemble
2022-09-11T21:30:12.7899302Z > Task :spectator-ext-jvm:processResources
2022-09-11T21:30:12.7899690Z > Task :spectator-ext-jvm:classes
2022-09-11T21:30:12.7900108Z > Task :spectator-ext-jvm:createPropertiesFileForJar
2022-09-11T21:30:12.8897394Z > Task :spectator-ext-jvm:writeManifestProperties
2022-09-11T21:30:12.8898244Z > Task :spectator-ext-jvm:jar
2022-09-11T21:30:13.9897224Z > Task :spectator-ext-jvm:javadoc
2022-09-11T21:30:13.9898019Z > Task :spectator-ext-jvm:javadocJar
2022-09-11T21:30:13.9898644Z > Task :spectator-ext-jvm:sourceJar
2022-09-11T21:30:13.9899209Z > Task :spectator-ext-jvm:assemble
2022-09-11T21:30:14.0894243Z > Task :spectator-ext-log4j1:compileJava
2022-09-11T21:30:14.0901515Z > Task :spectator-ext-log4j1:processResources NO-SOURCE
2022-09-11T21:30:14.0901943Z > Task :spectator-ext-log4j1:classes
2022-09-11T21:30:14.0902362Z > Task :spectator-ext-log4j1:createPropertiesFileForJar
2022-09-11T21:30:14.0902807Z > Task :spectator-ext-log4j1:writeManifestProperties
2022-09-11T21:30:14.0903374Z > Task :spectator-ext-log4j1:jar
2022-09-11T21:30:15.0892123Z > Task :spectator-ext-log4j1:javadoc
2022-09-11T21:30:15.0897692Z > Task :spectator-ext-log4j1:javadocJar
2022-09-11T21:30:15.0898421Z > Task :spectator-ext-log4j1:sourceJar
2022-09-11T21:30:15.0901028Z > Task :spectator-ext-log4j1:assemble
2022-09-11T21:30:15.1893452Z > Task :spectator-ext-log4j2:compileJava
2022-09-11T21:30:15.1894395Z > Task :spectator-ext-log4j2:processResources NO-SOURCE
2022-09-11T21:30:15.1894790Z > Task :spectator-ext-log4j2:classes
2022-09-11T21:30:15.2895267Z > Task :spectator-ext-log4j2:createPropertiesFileForJar
2022-09-11T21:30:15.2895789Z > Task :spectator-ext-log4j2:writeManifestProperties
2022-09-11T21:30:16.4898497Z > Task :spectator-ext-log4j2:jar
2022-09-11T21:30:16.4898902Z > Task :spectator-ext-log4j2:javadoc
2022-09-11T21:30:16.4899272Z > Task :spectator-ext-log4j2:javadocJar
2022-09-11T21:30:16.4899634Z > Task :spectator-ext-log4j2:sourceJar
2022-09-11T21:30:16.4899994Z > Task :spectator-ext-log4j2:assemble
2022-09-11T21:30:16.5893857Z > Task :spectator-ext-placeholders:compileJava
2022-09-11T21:30:16.5896983Z > Task :spectator-ext-placeholders:processResources NO-SOURCE
2022-09-11T21:30:16.5897436Z > Task :spectator-ext-placeholders:classes
2022-09-11T21:30:16.5897892Z > Task :spectator-ext-placeholders:createPropertiesFileForJar
2022-09-11T21:30:16.6893408Z > Task :spectator-ext-placeholders:writeManifestProperties
2022-09-11T21:30:16.6893891Z > Task :spectator-ext-placeholders:jar
2022-09-11T21:30:17.8893519Z > Task :spectator-ext-placeholders:javadoc
2022-09-11T21:30:17.8894002Z > Task :spectator-ext-placeholders:javadocJar
2022-09-11T21:30:17.8894411Z > Task :spectator-ext-placeholders:sourceJar
2022-09-11T21:30:17.8895193Z > Task :spectator-ext-placeholders:assemble
2022-09-11T21:30:18.0915305Z Note: /home/runner/work/spectator/spectator/spectator-ext-sandbox/src/main/java/com/netflix/spectator/sandbox/DoubleDistributionSummary.java uses or overrides a deprecated API.
2022-09-11T21:30:18.0915734Z 
2022-09-11T21:30:18.0916108Z > Task :spectator-ext-sandbox:compileJava
2022-09-11T21:30:18.0916382Z 
2022-09-11T21:30:18.0916786Z Note: Recompile with -Xlint:deprecation for details.
2022-09-11T21:30:18.0917232Z > Task :spectator-ext-sandbox:processResources NO-SOURCE
2022-09-11T21:30:18.0917725Z > Task :spectator-ext-sandbox:classes
2022-09-11T21:30:18.0918238Z > Task :spectator-ext-sandbox:createPropertiesFileForJar
2022-09-11T21:30:18.0918788Z > Task :spectator-ext-sandbox:writeManifestProperties
2022-09-11T21:30:18.0919253Z > Task :spectator-ext-sandbox:jar
2022-09-11T21:30:19.5903004Z > Task :spectator-ext-sandbox:javadoc
2022-09-11T21:30:19.5903467Z > Task :spectator-ext-sandbox:javadocJar
2022-09-11T21:30:19.5905382Z > Task :spectator-ext-sandbox:sourceJar
2022-09-11T21:30:19.5906064Z > Task :spectator-ext-sandbox:assemble
2022-09-11T21:30:19.7892394Z > Task :spectator-reg-stateless:compileJava
2022-09-11T21:30:20.6893394Z > Task :spectator-ext-spark:compileJava
2022-09-11T21:30:20.6894159Z > Task :spectator-ext-spark:processResources
2022-09-11T21:30:20.6894567Z > Task :spectator-ext-spark:classes
2022-09-11T21:30:20.6894985Z > Task :spectator-ext-spark:createPropertiesFileForJar
2022-09-11T21:30:20.6895435Z > Task :spectator-ext-spark:writeManifestProperties
2022-09-11T21:30:20.6895811Z > Task :spectator-ext-spark:jar
2022-09-11T21:30:22.2902019Z > Task :spectator-ext-spark:javadoc
2022-09-11T21:30:22.2905817Z > Task :spectator-ext-spark:javadocJar
2022-09-11T21:30:22.2906445Z > Task :spectator-ext-spark:sourceJar
2022-09-11T21:30:22.2906940Z > Task :spectator-ext-spark:assemble
2022-09-11T21:30:22.3891136Z 
2022-09-11T21:30:22.3891942Z Note: Some input files use or override a deprecated API.
2022-09-11T21:30:22.3892919Z Note: Recompile with -Xlint:deprecation for details.
2022-09-11T21:30:22.3894265Z > Task :spectator-nflx-plugin:compileJava
2022-09-11T21:30:22.3894514Z 
2022-09-11T21:30:22.3894744Z > Task :spectator-nflx:compileJava NO-SOURCE
2022-09-11T21:30:22.3895171Z > Task :spectator-nflx:processResources NO-SOURCE
2022-09-11T21:30:22.3895581Z > Task :spectator-nflx:classes UP-TO-DATE
2022-09-11T21:30:22.3895985Z > Task :spectator-nflx:createPropertiesFileForJar
2022-09-11T21:30:22.3896462Z > Task :spectator-nflx:writeManifestProperties
2022-09-11T21:30:22.4941776Z > Task :spectator-nflx:jar
2022-09-11T21:30:22.4942674Z > Task :spectator-nflx:javadoc NO-SOURCE
2022-09-11T21:30:22.4943278Z > Task :spectator-nflx:javadocJar
2022-09-11T21:30:22.4944182Z > Task :spectator-nflx:sourceJar
2022-09-11T21:30:22.4944754Z > Task :spectator-nflx:assemble
2022-09-11T21:30:22.4945272Z > Task :spectator-nflx-plugin:processResources
2022-09-11T21:30:22.4945858Z > Task :spectator-nflx-plugin:classes
2022-09-11T21:30:22.4946995Z > Task :spectator-nflx-plugin:createPropertiesFileForJar
2022-09-11T21:30:22.4947519Z > Task :spectator-nflx-plugin:writeManifestProperties
2022-09-11T21:30:22.4947915Z > Task :spectator-nflx-plugin:jar
2022-09-11T21:30:23.7892039Z > Task :spectator-nflx-plugin:javadoc
2022-09-11T21:30:23.7892856Z > Task :spectator-nflx-plugin:javadocJar
2022-09-11T21:30:23.7893841Z > Task :spectator-nflx-plugin:sourceJar
2022-09-11T21:30:23.7894360Z > Task :spectator-nflx-plugin:assemble
2022-09-11T21:30:23.9890982Z 
2022-09-11T21:30:23.9894021Z Note: Some input files use or override a deprecated API.
2022-09-11T21:30:23.9895079Z > Task :spectator-reg-servo:compileJava
2022-09-11T21:30:23.9895890Z Note: Recompile with -Xlint:deprecation for details.
2022-09-11T21:30:23.9897619Z Note: /home/runner/work/spectator/spectator/spectator-perf/src/main/java/com/netflix/spectator/perf/Main.java uses or overrides a deprecated API.
2022-09-11T21:30:23.9898199Z Note: Recompile with -Xlint:deprecation for details.
2022-09-11T21:30:23.9898690Z 
2022-09-11T21:30:23.9898897Z > Task :spectator-perf:compileJava
2022-09-11T21:30:23.9899109Z 
2022-09-11T21:30:23.9899335Z > Task :spectator-perf:processResources NO-SOURCE
2022-09-11T21:30:23.9899695Z > Task :spectator-perf:classes
2022-09-11T21:30:23.9900081Z > Task :spectator-perf:createPropertiesFileForJar
2022-09-11T21:30:24.0892915Z > Task :spectator-perf:writeManifestProperties
2022-09-11T21:30:24.0893329Z > Task :spectator-perf:jar
2022-09-11T21:30:25.1898563Z > Task :spectator-perf:javadoc
2022-09-11T21:30:25.1898967Z > Task :spectator-perf:javadocJar
2022-09-11T21:30:25.2893711Z > Task :spectator-perf:sourceJar
2022-09-11T21:30:25.2895733Z > Task :spectator-perf:assemble
2022-09-11T21:30:25.2896115Z > Task :spectator-reg-atlas:processResources
2022-09-11T21:30:25.2896665Z > Task :spectator-reg-atlas:classes
2022-09-11T21:30:25.2897192Z > Task :spectator-reg-atlas:createPropertiesFileForJar
2022-09-11T21:30:25.4893092Z > Task :spectator-reg-atlas:compileJmhJava
2022-09-11T21:30:25.4893768Z > Task :spectator-reg-atlas:processJmhResources NO-SOURCE
2022-09-11T21:30:25.4894271Z > Task :spectator-reg-atlas:jmhClasses
2022-09-11T21:30:25.7897399Z > Task :spectator-reg-atlas:compileTestJava
2022-09-11T21:30:25.7898146Z > Task :spectator-reg-atlas:processTestResources NO-SOURCE
2022-09-11T21:30:25.7898879Z > Task :spectator-reg-atlas:testClasses
2022-09-11T21:30:25.8902556Z > Task :spectator-reg-atlas:writeManifestProperties
2022-09-11T21:30:28.9901155Z > Task :spectator-reg-atlas:shadowJar
2022-09-11T21:30:28.9901838Z > Task :spectator-reg-atlas:checkShadowJar
2022-09-11T21:30:28.9902303Z > Task :spectator-reg-atlas:jar SKIPPED
2022-09-11T21:30:30.9899895Z > Task :spectator-reg-atlas:javadoc
2022-09-11T21:30:30.9900520Z > Task :spectator-reg-atlas:javadocJar
2022-09-11T21:30:30.9900886Z > Task :spectator-reg-atlas:sourceJar
2022-09-11T21:30:30.9901246Z > Task :spectator-reg-atlas:assemble
2022-09-11T21:30:31.0893108Z > Task :spectator-reg-metrics3:compileJava
2022-09-11T21:30:31.0897775Z > Task :spectator-reg-metrics3:processResources
2022-09-11T21:30:31.0898448Z > Task :spectator-reg-metrics3:classes
2022-09-11T21:30:31.0899157Z > Task :spectator-reg-metrics3:createPropertiesFileForJar
2022-09-11T21:30:31.0899652Z > Task :spectator-reg-metrics3:writeManifestProperties
2022-09-11T21:30:31.0900062Z > Task :spectator-reg-metrics3:jar
2022-09-11T21:30:32.3892699Z > Task :spectator-reg-metrics3:javadoc
2022-09-11T21:30:32.3893473Z > Task :spectator-reg-metrics3:javadocJar
2022-09-11T21:30:32.4892990Z > Task :spectator-reg-metrics3:sourceJar
2022-09-11T21:30:32.4893766Z > Task :spectator-reg-metrics3:assemble
2022-09-11T21:30:32.4894415Z > Task :spectator-reg-metrics5:compileJava
2022-09-11T21:30:32.4895073Z > Task :spectator-reg-metrics5:processResources
2022-09-11T21:30:32.4895851Z > Task :spectator-reg-metrics5:classes
2022-09-11T21:30:32.4896409Z > Task :spectator-reg-metrics5:createPropertiesFileForJar
2022-09-11T21:30:32.4897095Z > Task :spectator-reg-metrics5:writeManifestProperties
2022-09-11T21:30:32.5892280Z > Task :spectator-reg-metrics5:jar
2022-09-11T21:30:33.6896109Z > Task :spectator-reg-metrics5:javadoc
2022-09-11T21:30:33.6897015Z > Task :spectator-reg-metrics5:javadocJar
2022-09-11T21:30:33.6898153Z > Task :spectator-reg-metrics5:sourceJar
2022-09-11T21:30:33.6898580Z > Task :spectator-reg-metrics5:assemble
2022-09-11T21:30:33.7898305Z Note: /home/runner/work/spectator/spectator/spectator-reg-micrometer/src/main/java/com/netflix/spectator/micrometer/MicrometerRegistry.java uses or overrides a deprecated API.
2022-09-11T21:30:33.7898739Z 
2022-09-11T21:30:33.7899864Z > Task :spectator-reg-micrometer:compileJava
2022-09-11T21:30:33.7900102Z 
2022-09-11T21:30:33.7900668Z > Task :spectator-reg-micrometer:processResources
2022-09-11T21:30:33.7901073Z > Task :spectator-reg-micrometer:classes
2022-09-11T21:30:33.7901604Z > Task :spectator-reg-micrometer:createPropertiesFileForJar
2022-09-11T21:30:33.7902154Z > Task :spectator-reg-micrometer:writeManifestProperties
2022-09-11T21:30:33.7902894Z > Task :spectator-reg-micrometer:jar
2022-09-11T21:30:35.0892910Z Note: Recompile with -Xlint:deprecation for details.
2022-09-11T21:30:35.0893532Z > Task :spectator-reg-micrometer:javadoc
2022-09-11T21:30:35.0894309Z > Task :spectator-reg-micrometer:javadocJar
2022-09-11T21:30:35.0895642Z > Task :spectator-reg-micrometer:sourceJar
2022-09-11T21:30:35.0896189Z > Task :spectator-reg-micrometer:assemble
2022-09-11T21:30:35.0896670Z > Task :spectator-reg-servo:processResources
2022-09-11T21:30:35.0897137Z > Task :spectator-reg-servo:classes
2022-09-11T21:30:35.0897685Z > Task :spectator-reg-servo:createPropertiesFileForJar
2022-09-11T21:30:35.0898212Z > Task :spectator-reg-servo:writeManifestProperties
2022-09-11T21:30:35.0898727Z > Task :spectator-reg-servo:jar
2022-09-11T21:30:36.3896632Z > Task :spectator-reg-servo:javadoc
2022-09-11T21:30:36.3897181Z > Task :spectator-reg-servo:javadocJar
2022-09-11T21:30:36.3898302Z > Task :spectator-reg-servo:sourceJar
2022-09-11T21:30:36.3898738Z > Task :spectator-reg-servo:assemble
2022-09-11T21:30:36.4893350Z > Task :spectator-reg-sidecar:compileJava
2022-09-11T21:30:36.4894278Z > Task :spectator-reg-sidecar:processResources
2022-09-11T21:30:36.4894928Z > Task :spectator-reg-sidecar:classes
2022-09-11T21:30:36.4895694Z > Task :spectator-reg-sidecar:createPropertiesFileForJar
2022-09-11T21:30:36.4896716Z > Task :spectator-reg-sidecar:writeManifestProperties
2022-09-11T21:30:36.4897287Z > Task :spectator-reg-sidecar:jar
2022-09-11T21:30:37.6905118Z > Task :spectator-reg-sidecar:javadoc
2022-09-11T21:30:37.6923204Z > Task :spectator-reg-sidecar:javadocJar
2022-09-11T21:30:37.6923705Z > Task :spectator-reg-sidecar:sourceJar
2022-09-11T21:30:37.6924362Z > Task :spectator-reg-sidecar:assemble
2022-09-11T21:30:37.6924870Z > Task :spectator-reg-stateless:processResources
2022-09-11T21:30:37.6925573Z > Task :spectator-reg-stateless:classes
2022-09-11T21:30:37.6926087Z > Task :spectator-reg-stateless:createPropertiesFileForJar
2022-09-11T21:30:37.6926772Z > Task :spectator-reg-stateless:writeManifestProperties
2022-09-11T21:30:37.6927373Z > Task :spectator-reg-stateless:jar
2022-09-11T21:30:38.8896185Z > Task :spectator-reg-stateless:javadoc
2022-09-11T21:30:38.8896961Z > Task :spectator-reg-stateless:javadocJar
2022-09-11T21:30:38.8897520Z > Task :spectator-reg-stateless:sourceJar
2022-09-11T21:30:38.8898254Z > Task :spectator-reg-stateless:assemble
2022-09-11T21:30:39.1901709Z > Task :spectator-web-spring:compileJava
2022-09-11T21:30:39.1902537Z > Task :spectator-web-spring:processResources NO-SOURCE
2022-09-11T21:30:39.1903106Z > Task :spectator-web-spring:classes
2022-09-11T21:30:39.1903840Z > Task :spectator-web-spring:createPropertiesFileForJar
2022-09-11T21:30:39.1904452Z > Task :spectator-web-spring:compileJmhJava NO-SOURCE
2022-09-11T21:30:39.1942920Z > Task :spectator-web-spring:processJmhResources NO-SOURCE
2022-09-11T21:30:39.1994519Z > Task :spectator-web-spring:jmhClasses UP-TO-DATE
2022-09-11T21:30:39.3893312Z Note: /home/runner/work/spectator/spectator/spectator-web-spring/src/test/java/com/netflix/spectator/controllers/MetricsControllerTest.java uses or overrides a deprecated API.
2022-09-11T21:30:39.3893758Z 
2022-09-11T21:30:39.3894154Z Note: Recompile with -Xlint:deprecation for details.
2022-09-11T21:30:39.3894693Z > Task :spectator-web-spring:compileTestJava
2022-09-11T21:30:39.3894967Z 
2022-09-11T21:30:39.3895279Z > Task :spectator-web-spring:processTestResources
2022-09-11T21:30:39.3895768Z > Task :spectator-web-spring:testClasses
2022-09-11T21:30:39.3896262Z > Task :spectator-web-spring:writeManifestProperties
2022-09-11T21:30:41.0892513Z > Task :spectator-web-spring:shadowJar
2022-09-11T21:30:41.0893362Z > Task :spectator-web-spring:checkShadowJar
2022-09-11T21:30:41.0893982Z > Task :spectator-web-spring:jar SKIPPED
2022-09-11T21:30:42.5910805Z > Task :spectator-web-spring:javadoc
2022-09-11T21:30:42.5911495Z > Task :spectator-web-spring:javadocJar
2022-09-11T21:30:42.5912543Z > Task :spectator-web-spring:sourceJar
2022-09-11T21:30:42.5912961Z > Task :spectator-web-spring:assemble
2022-09-11T21:30:42.5913527Z > Task :collectNetflixOSS
2022-09-11T21:30:42.5913776Z > Task :build
2022-09-11T21:30:42.5914109Z > Task :spectator-agent:writeLicenseHeader
2022-09-11T21:30:42.5914497Z > Task :spectator-agent:licenseJmh NO-SOURCE
2022-09-11T21:30:42.6892478Z > Task :spectator-agent:licenseMain UP-TO-DATE
2022-09-11T21:30:42.6892932Z > Task :spectator-agent:licenseTest UP-TO-DATE
2022-09-11T21:30:42.6893319Z > Task :spectator-agent:license UP-TO-DATE
2022-09-11T21:30:45.8892646Z > Task :spectator-agent:pmdMain
2022-09-11T21:30:45.8926604Z > Task :spectator-agent:compileJmhJava NO-SOURCE
2022-09-11T21:30:45.8927077Z > Task :spectator-agent:processJmhResources NO-SOURCE
2022-09-11T21:30:45.8927499Z > Task :spectator-agent:jmhClasses UP-TO-DATE
2022-09-11T21:30:45.8927884Z > Task :spectator-agent:spotbugsJmh SKIPPED
2022-09-11T21:30:49.9892111Z > Task :spectator-agent:checkstyleMain
2022-09-11T21:30:50.1892307Z > Task :spectator-agent:compileTestJava
2022-09-11T21:30:50.1893125Z > Task :spectator-agent:processTestResources
2022-09-11T21:30:50.1893608Z > Task :spectator-agent:testClasses
2022-09-11T21:30:50.1894063Z > Task :spectator-agent:spotbugsTest SKIPPED
2022-09-11T21:30:52.2891814Z > Task :spectator-agent:test
2022-09-11T21:30:53.4891927Z > Task :spectator-agent:spotbugsMain
2022-09-11T21:30:53.8895856Z > Task :spectator-agent:testJDK11
2022-09-11T21:30:54.6891777Z > Task :spectator-agent:testJDK17
2022-09-11T21:30:54.8892090Z > Task :spectator-agent:buildDashboard
2022-09-11T21:30:54.8892936Z > Task :spectator-agent:check
2022-09-11T21:30:54.8893723Z > Task :spectator-agent:build
2022-09-11T21:30:54.8894374Z > Task :spectator-api:writeLicenseHeader
2022-09-11T21:30:54.9892002Z > Task :spectator-api:licenseJmh UP-TO-DATE
2022-09-11T21:30:54.9892773Z > Task :spectator-api:licenseMain UP-TO-DATE
2022-09-11T21:30:55.0892486Z Unknown file extension: spectator-api/src/test/resources/jdk.dat
2022-09-11T21:30:55.0893358Z Unknown file extension: spectator-api/src/test/resources/basic.dat
2022-09-11T21:30:55.0894048Z > Task :spectator-api:licenseTest UP-TO-DATE
2022-09-11T21:30:55.0894676Z > Task :spectator-api:license UP-TO-DATE
2022-09-11T21:30:59.8892170Z > Task :spectator-api:checkstyleMain
2022-09-11T21:31:01.4892027Z > Task :spectator-api:pmdMain
2022-09-11T21:31:01.5915616Z > Task :spectator-api:compileJmhJava
2022-09-11T21:31:01.5916454Z > Task :spectator-api:processJmhResources NO-SOURCE
2022-09-11T21:31:01.5917465Z > Task :spectator-api:jmhClasses
2022-09-11T21:31:01.5917877Z > Task :spectator-api:spotbugsJmh SKIPPED
2022-09-11T21:31:02.8892357Z Note: Some input files use or override a deprecated API.
2022-09-11T21:31:02.8892613Z 
2022-09-11T21:31:02.8893061Z > Task :spectator-api:compileTestJava
2022-09-11T21:31:02.8893250Z 
2022-09-11T21:31:02.8893461Z > Task :spectator-api:processTestResources
2022-09-11T21:31:02.8893826Z > Task :spectator-api:testClasses
2022-09-11T21:31:02.8894539Z Note: Recompile with -Xlint:deprecation for details.
2022-09-11T21:31:02.8894933Z > Task :spectator-api:spotbugsTest SKIPPED
2022-09-11T21:31:16.6892656Z > Task :spectator-api:spotbugsMain
2022-09-11T21:31:17.2902019Z > Task :spectator-api:test
2022-09-11T21:31:25.8892186Z > Task :spectator-api:testJDK11
2022-09-11T21:31:33.3891786Z > Task :spectator-api:testJDK17
2022-09-11T21:31:33.3892619Z > Task :spectator-api:buildDashboard
2022-09-11T21:31:33.4056573Z > Task :spectator-api:check
2022-09-11T21:31:33.4056936Z > Task :spectator-api:build
2022-09-11T21:31:33.4057304Z > Task :spectator-ext-aws:writeLicenseHeader
2022-09-11T21:31:33.4057705Z > Task :spectator-ext-aws:licenseJmh NO-SOURCE
2022-09-11T21:31:33.4058105Z > Task :spectator-ext-aws:licenseMain UP-TO-DATE
2022-09-11T21:31:33.4058501Z > Task :spectator-ext-aws:licenseTest UP-TO-DATE
2022-09-11T21:31:33.4058886Z > Task :spectator-ext-aws:license UP-TO-DATE
2022-09-11T21:31:33.7891603Z > Task :spectator-ext-aws:checkstyleMain
2022-09-11T21:31:33.9891645Z > Task :spectator-ext-aws:pmdMain
2022-09-11T21:31:33.9892478Z > Task :spectator-ext-aws:compileJmhJava NO-SOURCE
2022-09-11T21:31:33.9893326Z > Task :spectator-ext-aws:processJmhResources NO-SOURCE
2022-09-11T21:31:33.9893840Z > Task :spectator-ext-aws:jmhClasses UP-TO-DATE
2022-09-11T21:31:33.9894330Z > Task :spectator-ext-aws:spotbugsJmh SKIPPED
2022-09-11T21:31:34.1892059Z > Task :spectator-ext-aws:compileTestJava
2022-09-11T21:31:34.1892916Z > Task :spectator-ext-aws:processTestResources NO-SOURCE
2022-09-11T21:31:34.1893412Z > Task :spectator-ext-aws:testClasses
2022-09-11T21:31:34.1893890Z > Task :spectator-ext-aws:spotbugsTest SKIPPED
2022-09-11T21:31:35.7891758Z > Task :spectator-ext-aws:test
2022-09-11T21:31:37.5892333Z > Task :spectator-ext-aws:testJDK11
2022-09-11T21:31:39.2903226Z > Task :spectator-ext-aws:testJDK17
2022-09-11T21:31:39.2903941Z > Task :spectator-ext-aws:buildDashboard
2022-09-11T21:31:39.6892325Z > Task :spectator-ext-aws2:checkstyleMain
2022-09-11T21:31:39.6893082Z > Task :spectator-ext-aws2:writeLicenseHeader
2022-09-11T21:31:39.6893729Z > Task :spectator-ext-aws2:licenseJmh NO-SOURCE
2022-09-11T21:31:39.6894576Z Unknown file extension: spectator-ext-aws2/src/main/resources/software/amazon/awssdk/global/handlers/execution.interceptors
2022-09-11T21:31:39.6896072Z > Task :spectator-ext-aws2:licenseMain UP-TO-DATE
2022-09-11T21:31:39.6896526Z > Task :spectator-ext-aws2:licenseTest UP-TO-DATE
2022-09-11T21:31:39.6897292Z > Task :spectator-ext-aws2:license UP-TO-DATE
2022-09-11T21:31:40.3892032Z > Task :spectator-ext-aws2:pmdMain
2022-09-11T21:31:40.3892816Z > Task :spectator-ext-aws2:compileJmhJava NO-SOURCE
2022-09-11T21:31:40.3893518Z > Task :spectator-ext-aws2:processJmhResources NO-SOURCE
2022-09-11T21:31:40.3894176Z > Task :spectator-ext-aws2:jmhClasses UP-TO-DATE
2022-09-11T21:31:40.3894818Z > Task :spectator-ext-aws2:spotbugsJmh SKIPPED
2022-09-11T21:31:42.1891882Z > Task :spectator-ext-aws:spotbugsMain
2022-09-11T21:31:42.1892620Z > Task :spectator-ext-aws:check
2022-09-11T21:31:42.1893180Z > Task :spectator-ext-aws:build
2022-09-11T21:31:42.2891763Z > Task :spectator-ext-aws2:compileTestJava
2022-09-11T21:31:42.2892588Z > Task :spectator-ext-aws2:processTestResources NO-SOURCE
2022-09-11T21:31:42.2893234Z > Task :spectator-ext-aws2:testClasses
2022-09-11T21:31:42.2893891Z > Task :spectator-ext-aws2:spotbugsTest SKIPPED
2022-09-11T21:31:43.9891565Z > Task :spectator-ext-aws2:test
2022-09-11T21:31:46.1891698Z > Task :spectator-ext-aws2:testJDK11
2022-09-11T21:31:47.9891697Z > Task :spectator-ext-aws2:testJDK17
2022-09-11T21:31:47.9892465Z > Task :spectator-ext-aws2:buildDashboard
2022-09-11T21:31:48.2903634Z > Task :spectator-ext-aws2:spotbugsMain
2022-09-11T21:31:48.2904351Z > Task :spectator-ext-aws2:check
2022-09-11T21:31:48.2904950Z > Task :spectator-ext-aws2:build
2022-09-11T21:31:48.2905702Z > Task :spectator-ext-gc:writeLicenseHeader
2022-09-11T21:31:48.2906272Z > Task :spectator-ext-gc:licenseJmh NO-SOURCE
2022-09-11T21:31:48.3892273Z > Task :spectator-ext-gc:licenseMain UP-TO-DATE
2022-09-11T21:31:48.3901515Z > Task :spectator-ext-gc:licenseTest UP-TO-DATE
2022-09-11T21:31:48.3902337Z > Task :spectator-ext-gc:license UP-TO-DATE
2022-09-11T21:31:48.4894100Z [ant:checkstyle] [INFO] /home/runner/work/spectator/spectator/spectator-ext-gc/src/main/java/com/netflix/spectator/gc/GcLogger.java:121:7: Comment matches to-do format 'TODO'. [TodoComment]
2022-09-11T21:31:48.4894525Z 
2022-09-11T21:31:48.4896036Z > Task :spectator-ext-gc:checkstyleMain
2022-09-11T21:31:48.4896893Z Checkstyle rule violations were found. See the report at: file:///home/runner/work/spectator/spectator/spectator-ext-gc/build/reports/checkstyle/main.html
2022-09-11T21:31:48.4897584Z Checkstyle files with violations: 1
2022-09-11T21:31:48.4898405Z Checkstyle violations by severity: [info:1]
2022-09-11T21:31:48.4898762Z 
2022-09-11T21:31:48.9891843Z 
2022-09-11T21:31:48.9892783Z > Task :spectator-ext-gc:pmdMain
2022-09-11T21:31:48.9893480Z > Task :spectator-ext-gc:compileJmhJava NO-SOURCE
2022-09-11T21:31:48.9894106Z > Task :spectator-ext-gc:processJmhResources NO-SOURCE
2022-09-11T21:31:48.9894845Z > Task :spectator-ext-gc:jmhClasses UP-TO-DATE
2022-09-11T21:31:48.9895797Z > Task :spectator-ext-gc:spotbugsJmh SKIPPED
2022-09-11T21:31:49.0892650Z > Task :spectator-ext-gc:compileTestJava
2022-09-11T21:31:49.0893467Z > Task :spectator-ext-gc:processTestResources NO-SOURCE
2022-09-11T21:31:49.0894121Z > Task :spectator-ext-gc:testClasses
2022-09-11T21:31:49.0894751Z > Task :spectator-ext-gc:spotbugsTest SKIPPED
2022-09-11T21:31:50.9892236Z > Task :spectator-ext-gc:test
2022-09-11T21:31:52.6902278Z > Task :spectator-ext-gc:testJDK11
2022-09-11T21:31:54.3915695Z > Task :spectator-ext-gc:testJDK17
2022-09-11T21:31:54.3916384Z > Task :spectator-ext-gc:buildDashboard
2022-09-11T21:31:55.3891875Z > Task :spectator-ext-ipc:checkstyleMain
2022-09-11T21:31:55.3892600Z > Task :spectator-ext-ipc:writeLicenseHeader
2022-09-11T21:31:55.4891742Z > Task :spectator-ext-ipc:licenseJmh UP-TO-DATE
2022-09-11T21:31:55.5891656Z > Task :spectator-ext-ipc:licenseMain UP-TO-DATE
2022-09-11T21:31:55.6896178Z > Task :spectator-ext-ipc:licenseTest UP-TO-DATE
2022-09-11T21:31:55.6896972Z > Task :spectator-ext-ipc:license UP-TO-DATE
2022-09-11T21:31:57.5891751Z > Task :spectator-ext-gc:spotbugsMain
2022-09-11T21:31:57.7892044Z > Task :spectator-ext-ipc:pmdMain
2022-09-11T21:31:57.7893024Z > Task :spectator-ext-gc:check
2022-09-11T21:31:57.7893817Z > Task :spectator-ext-gc:build
2022-09-11T21:31:57.8892388Z > Task :spectator-ext-ipc:compileJmhJava
2022-09-11T21:31:57.8893182Z > Task :spectator-ext-ipc:processJmhResources NO-SOURCE
2022-09-11T21:31:57.8893827Z > Task :spectator-ext-ipc:jmhClasses
2022-09-11T21:31:57.8894458Z > Task :spectator-ext-ipc:spotbugsJmh SKIPPED
2022-09-11T21:31:58.0891751Z > Task :spectator-ext-ipc:compileTestJava
2022-09-11T21:31:58.0892564Z > Task :spectator-ext-ipc:processTestResources NO-SOURCE
2022-09-11T21:31:58.0893206Z > Task :spectator-ext-ipc:testClasses
2022-09-11T21:31:58.0893871Z > Task :spectator-ext-ipc:spotbugsTest SKIPPED
2022-09-11T21:32:02.4891545Z > Task :spectator-ext-ipc:test
2022-09-11T21:32:07.3891638Z > Task :spectator-ext-ipc:testJDK11
2022-09-11T21:32:09.3895809Z > Task :spectator-ext-ipc:spotbugsMain
2022-09-11T21:32:10.5891774Z > Task :spectator-ext-ipc:testJDK17
2022-09-11T21:32:10.6891900Z > Task :spectator-ext-ipc:buildDashboard
2022-09-11T21:32:10.6892907Z > Task :spectator-ext-ipc:check
2022-09-11T21:32:10.6902198Z > Task :spectator-ext-ipc:build
2022-09-11T21:32:10.6903003Z > Task :spectator-ext-ipcservlet:writeLicenseHeader
2022-09-11T21:32:10.6903899Z > Task :spectator-ext-ipcservlet:licenseJmh NO-SOURCE
2022-09-11T21:32:10.6904519Z > Task :spectator-ext-ipcservlet:licenseMain UP-TO-DATE
2022-09-11T21:32:10.6905359Z > Task :spectator-ext-ipcservlet:licenseTest UP-TO-DATE
2022-09-11T21:32:10.6905956Z > Task :spectator-ext-ipcservlet:license UP-TO-DATE
2022-09-11T21:32:10.8892163Z > Task :spectator-ext-ipcservlet:checkstyleMain
2022-09-11T21:32:11.0892398Z > Task :spectator-ext-ipcservlet:pmdMain
2022-09-11T21:32:11.0893403Z > Task :spectator-ext-ipcservlet:compileJmhJava NO-SOURCE
2022-09-11T21:32:11.0894328Z > Task :spectator-ext-ipcservlet:processJmhResources NO-SOURCE
2022-09-11T21:32:11.0894977Z > Task :spectator-ext-ipcservlet:jmhClasses UP-TO-DATE
2022-09-11T21:32:11.0895807Z > Task :spectator-ext-ipcservlet:spotbugsJmh SKIPPED
2022-09-11T21:32:11.2892594Z > Task :spectator-ext-ipcservlet:compileTestJava
2022-09-11T21:32:11.2895877Z > Task :spectator-ext-ipcservlet:processTestResources NO-SOURCE
2022-09-11T21:32:11.2896801Z > Task :spectator-ext-ipcservlet:testClasses
2022-09-11T21:32:11.2897409Z > Task :spectator-ext-ipcservlet:spotbugsTest SKIPPED
2022-09-11T21:32:14.0891651Z > Task :spectator-ext-ipcservlet:test
2022-09-11T21:32:17.3892028Z > Task :spectator-ext-ipcservlet:testJDK11
2022-09-11T21:32:17.6902115Z > Task :spectator-ext-ipcservlet:spotbugsMain
2022-09-11T21:32:18.6892624Z > Task :spectator-ext-ipcservlet:testJDK17
2022-09-11T21:32:18.6893734Z > Task :spectator-ext-ipcservlet:buildDashboard
2022-09-11T21:32:18.6894994Z > Task :spectator-ext-ipcservlet:check
2022-09-11T21:32:18.6895841Z > Task :spectator-ext-ipcservlet:build
2022-09-11T21:32:18.6896313Z > Task :spectator-ext-jvm:writeLicenseHeader
2022-09-11T21:32:18.6896800Z > Task :spectator-ext-jvm:licenseJmh NO-SOURCE
2022-09-11T21:32:18.7891960Z > Task :spectator-ext-jvm:licenseMain UP-TO-DATE
2022-09-11T21:32:18.7892795Z > Task :spectator-ext-jvm:licenseTest UP-TO-DATE
2022-09-11T21:32:18.7932821Z > Task :spectator-ext-jvm:license UP-TO-DATE
2022-09-11T21:32:19.1891495Z > Task :spectator-ext-jvm:checkstyleMain
2022-09-11T21:32:19.5892171Z > Task :spectator-ext-jvm:pmdMain
2022-09-11T21:32:19.5892965Z > Task :spectator-ext-jvm:compileJmhJava NO-SOURCE
2022-09-11T21:32:19.5893598Z > Task :spectator-ext-jvm:processJmhResources NO-SOURCE
2022-09-11T21:32:19.5894125Z > Task :spectator-ext-jvm:jmhClasses UP-TO-DATE
2022-09-11T21:32:19.5894609Z > Task :spectator-ext-jvm:spotbugsJmh SKIPPED
2022-09-11T21:32:19.7891966Z > Task :spectator-ext-jvm:compileTestJava
2022-09-11T21:32:19.7892744Z > Task :spectator-ext-jvm:processTestResources NO-SOURCE
2022-09-11T21:32:19.7893260Z > Task :spectator-ext-jvm:testClasses
2022-09-11T21:32:19.7893730Z > Task :spectator-ext-jvm:spotbugsTest SKIPPED
2022-09-11T21:32:22.5891577Z > Task :spectator-ext-jvm:test
2022-09-11T21:32:24.7893666Z WARNING: An illegal reflective access operation has occurred
2022-09-11T21:32:24.7894244Z 
2022-09-11T21:32:24.7898657Z WARNING: Illegal reflective access by com.netflix.spectator.jvm.HotspotRuntime (file:/home/runner/work/spectator/spectator/spectator-ext-jvm/build/classes/java/main/) to method sun.management.ManagementFactoryHelper.getHotspotRuntimeMBean()
2022-09-11T21:32:24.7899419Z > Task :spectator-ext-jvm:testJDK11
2022-09-11T21:32:24.7900124Z WARNING: Please consider reporting this to the maintainers of com.netflix.spectator.jvm.HotspotRuntime
2022-09-11T21:32:24.7901351Z WARNING: Use --illegal-access=warn to enable warnings of further illegal reflective access operations
2022-09-11T21:32:24.7901962Z WARNING: All illegal access operations will be denied in a future release
2022-09-11T21:32:27.7898467Z 
2022-09-11T21:32:27.7899373Z > Task :spectator-ext-jvm:testJDK17
2022-09-11T21:32:27.7899901Z > Task :spectator-ext-jvm:buildDashboard
2022-09-11T21:32:28.0897216Z > Task :spectator-ext-log4j1:checkstyleMain
2022-09-11T21:32:28.0897896Z > Task :spectator-ext-log4j1:writeLicenseHeader
2022-09-11T21:32:28.0898409Z > Task :spectator-ext-log4j1:licenseJmh NO-SOURCE
2022-09-11T21:32:28.0898925Z > Task :spectator-ext-log4j1:licenseMain UP-TO-DATE
2022-09-11T21:32:28.0899419Z > Task :spectator-ext-log4j1:licenseTest UP-TO-DATE
2022-09-11T21:32:28.0899898Z > Task :spectator-ext-log4j1:license UP-TO-DATE
2022-09-11T21:32:28.4895274Z > Task :spectator-ext-log4j1:pmdMain
2022-09-11T21:32:28.4895983Z > Task :spectator-ext-log4j1:compileJmhJava NO-SOURCE
2022-09-11T21:32:28.4896551Z > Task :spectator-ext-log4j1:processJmhResources NO-SOURCE
2022-09-11T21:32:28.4897061Z > Task :spectator-ext-log4j1:jmhClasses UP-TO-DATE
2022-09-11T21:32:28.4897551Z > Task :spectator-ext-log4j1:spotbugsJmh SKIPPED
2022-09-11T21:32:29.0891865Z > Task :spectator-ext-jvm:spotbugsMain
2022-09-11T21:32:29.0892609Z > Task :spectator-ext-jvm:check
2022-09-11T21:32:29.1003981Z > Task :spectator-ext-jvm:build
2022-09-11T21:32:29.2892058Z > Task :spectator-ext-log4j1:compileTestJava
2022-09-11T21:32:29.2892925Z > Task :spectator-ext-log4j1:processTestResources NO-SOURCE
2022-09-11T21:32:29.2893574Z > Task :spectator-ext-log4j1:testClasses
2022-09-11T21:32:29.2894227Z > Task :spectator-ext-log4j1:spotbugsTest SKIPPED
2022-09-11T21:32:30.8891644Z > Task :spectator-ext-log4j1:test
2022-09-11T21:32:32.6891620Z > Task :spectator-ext-log4j1:testJDK11
2022-09-11T21:32:34.2891513Z > Task :spectator-ext-log4j1:testJDK17
2022-09-11T21:32:34.3891587Z > Task :spectator-ext-log4j1:buildDashboard
2022-09-11T21:32:34.6891949Z > Task :spectator-ext-log4j2:checkstyleMain
2022-09-11T21:32:34.6892724Z > Task :spectator-ext-log4j2:writeLicenseHeader
2022-09-11T21:32:34.6893371Z > Task :spectator-ext-log4j2:licenseJmh NO-SOURCE
2022-09-11T21:32:34.7009350Z > Task :spectator-ext-log4j2:licenseMain UP-TO-DATE
2022-09-11T21:32:34.7009812Z > Task :spectator-ext-log4j2:licenseTest UP-TO-DATE
2022-09-11T21:32:34.7010225Z > Task :spectator-ext-log4j2:license UP-TO-DATE
2022-09-11T21:32:35.3891967Z > Task :spectator-ext-log4j2:pmdMain
2022-09-11T21:32:35.3892814Z > Task :spectator-ext-log4j2:compileJmhJava NO-SOURCE
2022-09-11T21:32:35.3893534Z > Task :spectator-ext-log4j2:processJmhResources NO-SOURCE
2022-09-11T21:32:35.3894186Z > Task :spectator-ext-log4j2:jmhClasses UP-TO-DATE
2022-09-11T21:32:35.3894877Z > Task :spectator-ext-log4j2:spotbugsJmh SKIPPED
2022-09-11T21:32:35.9891794Z > Task :spectator-ext-log4j1:spotbugsMain
2022-09-11T21:32:35.9892550Z > Task :spectator-ext-log4j1:check
2022-09-11T21:32:35.9893137Z > Task :spectator-ext-log4j1:build
2022-09-11T21:32:36.0891726Z > Task :spectator-ext-log4j2:compileTestJava
2022-09-11T21:32:36.0892532Z > Task :spectator-ext-log4j2:processTestResources NO-SOURCE
2022-09-11T21:32:36.0893216Z > Task :spectator-ext-log4j2:testClasses
2022-09-11T21:32:36.0893848Z > Task :spectator-ext-log4j2:spotbugsTest SKIPPED
2022-09-11T21:32:37.7891423Z > Task :spectator-ext-log4j2:test
2022-09-11T21:32:39.7891367Z > Task :spectator-ext-log4j2:testJDK11
2022-09-11T21:32:41.4891756Z > Task :spectator-ext-log4j2:testJDK17
2022-09-11T21:32:41.4892692Z > Task :spectator-ext-log4j2:buildDashboard
2022-09-11T21:32:41.7894141Z > Task :spectator-ext-placeholders:checkstyleMain
2022-09-11T21:32:41.7894772Z > Task :spectator-ext-placeholders:writeLicenseHeader
2022-09-11T21:32:41.7895317Z > Task :spectator-ext-placeholders:licenseJmh NO-SOURCE
2022-09-11T21:32:41.7895856Z > Task :spectator-ext-placeholders:licenseMain UP-TO-DATE
2022-09-11T21:32:41.8891917Z > Task :spectator-ext-placeholders:licenseTest UP-TO-DATE
2022-09-11T21:32:41.8892631Z > Task :spectator-ext-placeholders:license UP-TO-DATE
2022-09-11T21:32:42.4892042Z > Task :spectator-ext-placeholders:pmdMain
2022-09-11T21:32:42.4893016Z > Task :spectator-ext-placeholders:compileJmhJava NO-SOURCE
2022-09-11T21:32:42.4893759Z > Task :spectator-ext-placeholders:processJmhResources NO-SOURCE
2022-09-11T21:32:42.4894462Z > Task :spectator-ext-placeholders:jmhClasses UP-TO-DATE
2022-09-11T21:32:42.4895140Z > Task :spectator-ext-placeholders:spotbugsJmh SKIPPED
2022-09-11T21:32:42.6891771Z > Task :spectator-ext-log4j2:spotbugsMain
2022-09-11T21:32:42.6892527Z > Task :spectator-ext-log4j2:check
2022-09-11T21:32:42.6893122Z > Task :spectator-ext-log4j2:build
2022-09-11T21:32:42.8891956Z > Task :spectator-ext-placeholders:compileTestJava
2022-09-11T21:32:42.8892833Z > Task :spectator-ext-placeholders:processTestResources NO-SOURCE
2022-09-11T21:32:42.8893526Z > Task :spectator-ext-placeholders:testClasses
2022-09-11T21:32:42.8894193Z > Task :spectator-ext-placeholders:spotbugsTest SKIPPED
2022-09-11T21:32:45.8891750Z > Task :spectator-ext-placeholders:test
2022-09-11T21:32:49.4891942Z > Task :spectator-ext-placeholders:testJDK11
2022-09-11T21:32:50.1891627Z > Task :spectator-ext-placeholders:spotbugsMain
2022-09-11T21:32:51.1891696Z > Task :spectator-ext-placeholders:testJDK17
2022-09-11T21:32:51.2892381Z > Task :spectator-ext-placeholders:buildDashboard
2022-09-11T21:32:51.2893167Z > Task :spectator-ext-placeholders:check
2022-09-11T21:32:51.2893922Z > Task :spectator-ext-placeholders:build
2022-09-11T21:32:51.2894752Z > Task :spectator-ext-sandbox:writeLicenseHeader
2022-09-11T21:32:51.2895449Z > Task :spectator-ext-sandbox:licenseJmh NO-SOURCE
2022-09-11T21:32:51.2896087Z > Task :spectator-ext-sandbox:licenseMain UP-TO-DATE
2022-09-11T21:32:51.2896699Z > Task :spectator-ext-sandbox:licenseTest UP-TO-DATE
2022-09-11T21:32:51.2897272Z > Task :spectator-ext-sandbox:license UP-TO-DATE
2022-09-11T21:32:51.4891571Z > Task :spectator-ext-sandbox:checkstyleMain
2022-09-11T21:32:51.9892521Z > Task :spectator-ext-sandbox:pmdMain
2022-09-11T21:32:51.9896079Z > Task :spectator-ext-sandbox:compileJmhJava NO-SOURCE
2022-09-11T21:32:51.9897031Z > Task :spectator-ext-sandbox:processJmhResources NO-SOURCE
2022-09-11T21:32:51.9897882Z > Task :spectator-ext-sandbox:jmhClasses UP-TO-DATE
2022-09-11T21:32:51.9898684Z > Task :spectator-ext-sandbox:spotbugsJmh SKIPPED
2022-09-11T21:32:52.1892588Z Note: Some input files use or override a deprecated API.
2022-09-11T21:32:52.1892834Z 
2022-09-11T21:32:52.1894010Z Note: Recompile with -Xlint:deprecation for details.
2022-09-11T21:32:52.1894434Z > Task :spectator-ext-sandbox:compileTestJava
2022-09-11T21:32:52.1895343Z 
2022-09-11T21:32:52.1895823Z > Task :spectator-ext-sandbox:processTestResources NO-SOURCE
2022-09-11T21:32:52.1896818Z > Task :spectator-ext-sandbox:testClasses
2022-09-11T21:32:52.1897405Z > Task :spectator-ext-sandbox:spotbugsTest SKIPPED
2022-09-11T21:32:56.4891546Z > Task :spectator-ext-sandbox:test
2022-09-11T21:32:59.7892348Z > Task :spectator-ext-sandbox:spotbugsMain
2022-09-11T21:33:00.6891612Z > Task :spectator-ext-sandbox:testJDK11
2022-09-11T21:33:03.6891972Z > Task :spectator-ext-sandbox:testJDK17
2022-09-11T21:33:03.6892754Z > Task :spectator-ext-sandbox:buildDashboard
2022-09-11T21:33:03.6893394Z > Task :spectator-ext-sandbox:check
2022-09-11T21:33:03.6893990Z > Task :spectator-ext-sandbox:build
2022-09-11T21:33:03.6894540Z > Task :spectator-ext-spark:writeLicenseHeader
2022-09-11T21:33:03.6895128Z > Task :spectator-ext-spark:licenseJmh NO-SOURCE
2022-09-11T21:33:03.7892589Z Unknown file extension: spectator-ext-spark/src/main/resources/META-INF/services/com.netflix.spectator.api.Registry
2022-09-11T21:33:03.7893554Z > Task :spectator-ext-spark:licenseMain UP-TO-DATE
2022-09-11T21:33:03.7894381Z Missing header in: spectator-ext-spark/src/test/java/com/netflix/spectator/spark/SpectatorConfigTest.java
2022-09-11T21:33:03.7895153Z > Task :spectator-ext-spark:licenseTest
2022-09-11T21:33:03.7896173Z > Task :spectator-ext-spark:license
2022-09-11T21:33:03.9891684Z > Task :spectator-ext-spark:checkstyleMain
2022-09-11T21:33:04.3918689Z > Task :spectator-ext-spark:pmdMain
2022-09-11T21:33:04.3919508Z > Task :spectator-ext-spark:compileJmhJava NO-SOURCE
2022-09-11T21:33:04.3920228Z > Task :spectator-ext-spark:processJmhResources NO-SOURCE
2022-09-11T21:33:04.3920988Z > Task :spectator-ext-spark:jmhClasses UP-TO-DATE
2022-09-11T21:33:04.3922100Z > Task :spectator-ext-spark:spotbugsJmh SKIPPED
2022-09-11T21:33:04.6891996Z > Task :spectator-ext-spark:compileTestJava
2022-09-11T21:33:04.6892855Z > Task :spectator-ext-spark:processTestResources NO-SOURCE
2022-09-11T21:33:04.6893495Z > Task :spectator-ext-spark:testClasses
2022-09-11T21:33:04.6894145Z > Task :spectator-ext-spark:spotbugsTest SKIPPED
2022-09-11T21:33:06.5891531Z > Task :spectator-ext-spark:test
2022-09-11T21:33:09.0891737Z > Task :spectator-ext-spark:testJDK11
2022-09-11T21:33:11.0893138Z > Task :spectator-ext-spark:testJDK17
2022-09-11T21:33:11.0893762Z > Task :spectator-ext-spark:buildDashboard
2022-09-11T21:33:11.0894269Z > Task :spectator-nflx:checkstyleMain NO-SOURCE
2022-09-11T21:33:11.0894745Z > Task :spectator-nflx:writeLicenseHeader
2022-09-11T21:33:11.0895200Z > Task :spectator-nflx:licenseJmh NO-SOURCE
2022-09-11T21:33:11.0895680Z > Task :spectator-nflx:licenseMain NO-SOURCE
2022-09-11T21:33:11.0896139Z > Task :spectator-nflx:licenseTest NO-SOURCE
2022-09-11T21:33:11.0896587Z > Task :spectator-nflx:license UP-TO-DATE
2022-09-11T21:33:11.0897026Z > Task :spectator-nflx:pmdMain NO-SOURCE
2022-09-11T21:33:11.0897500Z > Task :spectator-nflx:compileJmhJava NO-SOURCE
2022-09-11T21:33:11.0897987Z > Task :spectator-nflx:processJmhResources NO-SOURCE
2022-09-11T21:33:11.0898479Z > Task :spectator-nflx:jmhClasses UP-TO-DATE
2022-09-11T21:33:11.0898929Z > Task :spectator-nflx:spotbugsJmh SKIPPED
2022-09-11T21:33:11.0899382Z > Task :spectator-nflx:spotbugsMain NO-SOURCE
2022-09-11T21:33:11.0899850Z > Task :spectator-nflx:compileTestJava NO-SOURCE
2022-09-11T21:33:11.0900473Z > Task :spectator-nflx:processTestResources NO-SOURCE
2022-09-11T21:33:11.0900961Z > Task :spectator-nflx:testClasses UP-TO-DATE
2022-09-11T21:33:11.0901419Z > Task :spectator-nflx:spotbugsTest SKIPPED
2022-09-11T21:33:11.0902140Z > Task :spectator-nflx:test NO-SOURCE
2022-09-11T21:33:11.1892073Z > Task :spectator-nflx:testJDK11 NO-SOURCE
2022-09-11T21:33:11.1892640Z > Task :spectator-nflx:testJDK17 NO-SOURCE
2022-09-11T21:33:11.1893101Z > Task :spectator-nflx:buildDashboard
2022-09-11T21:33:11.1893557Z > Task :spectator-nflx:check UP-TO-DATE
2022-09-11T21:33:11.1893990Z > Task :spectator-nflx:build
2022-09-11T21:33:11.4892109Z > Task :spectator-nflx-plugin:checkstyleMain
2022-09-11T21:33:11.4892749Z > Task :spectator-nflx-plugin:writeLicenseHeader
2022-09-11T21:33:11.4893267Z > Task :spectator-nflx-plugin:licenseJmh NO-SOURCE
2022-09-11T21:33:11.4893926Z Unknown file extension: spectator-nflx-plugin/src/main/resources/META-INF/services/com.google.inject.Module
2022-09-11T21:33:11.4894528Z > Task :spectator-nflx-plugin:licenseMain UP-TO-DATE
2022-09-11T21:33:11.5892097Z > Task :spectator-nflx-plugin:licenseTest UP-TO-DATE
2022-09-11T21:33:11.5892968Z > Task :spectator-nflx-plugin:license UP-TO-DATE
2022-09-11T21:33:12.3892523Z > Task :spectator-nflx-plugin:pmdMain
2022-09-11T21:33:12.3893194Z > Task :spectator-nflx-plugin:compileJmhJava NO-SOURCE
2022-09-11T21:33:12.3893758Z > Task :spectator-nflx-plugin:processJmhResources NO-SOURCE
2022-09-11T21:33:12.3894289Z > Task :spectator-nflx-plugin:jmhClasses UP-TO-DATE
2022-09-11T21:33:12.3895140Z > Task :spectator-nflx-plugin:spotbugsJmh SKIPPED
2022-09-11T21:33:13.7920624Z > Task :spectator-ext-spark:spotbugsMain
2022-09-11T21:33:13.7921387Z > Task :spectator-ext-spark:check
2022-09-11T21:33:13.7921965Z > Task :spectator-ext-spark:build
2022-09-11T21:33:13.9893531Z Note: /home/runner/work/spectator/spectator/spectator-nflx-plugin/src/test/java/com/netflix/spectator/nflx/SpectatorModuleTest.java uses or overrides a deprecated API.
2022-09-11T21:33:13.9893976Z 
2022-09-11T21:33:13.9894718Z Note: Recompile with -Xlint:deprecation for details.
2022-09-11T21:33:13.9895423Z > Task :spectator-nflx-plugin:compileTestJava
2022-09-11T21:33:13.9895849Z 
2022-09-11T21:33:13.9897111Z > Task :spectator-nflx-plugin:processTestResources NO-SOURCE
2022-09-11T21:33:13.9897681Z > Task :spectator-nflx-plugin:testClasses
2022-09-11T21:33:13.9898213Z > Task :spectator-nflx-plugin:spotbugsTest SKIPPED
2022-09-11T21:33:16.9893653Z > Task :spectator-nflx-plugin:test
2022-09-11T21:33:19.8898088Z WARNING: An illegal reflective access operation has occurred
2022-09-11T21:33:19.8898351Z 
2022-09-11T21:33:19.8899648Z WARNING: Illegal reflective access by com.netflix.spectator.jvm.HotspotRuntime (file:/home/runner/work/spectator/spectator/spectator-ext-jvm/build/libs/spectator-ext-jvm-1.4.0-SNAPSHOT.jar) to method sun.management.ManagementFactoryHelper.getHotspotRuntimeMBean()
2022-09-11T21:33:19.8901650Z WARNING: Please consider reporting this to the maintainers of com.netflix.spectator.jvm.HotspotRuntime
2022-09-11T21:33:19.8902302Z WARNING: Use --illegal-access=warn to enable warnings of further illegal reflective access operations
2022-09-11T21:33:19.8902742Z WARNING: All illegal access operations will be denied in a future release
2022-09-11T21:33:19.8903171Z > Task :spectator-nflx-plugin:testJDK11
2022-09-11T21:33:20.2894098Z 
2022-09-11T21:33:20.2895008Z > Task :spectator-nflx-plugin:spotbugsMain
2022-09-11T21:33:21.5891330Z > Task :spectator-nflx-plugin:testJDK17
2022-09-11T21:33:21.5892038Z > Task :spectator-nflx-plugin:buildDashboard
2022-09-11T21:33:21.5892537Z > Task :spectator-nflx-plugin:check
2022-09-11T21:33:21.5892973Z > Task :spectator-nflx-plugin:build
2022-09-11T21:33:21.5893426Z > Task :spectator-perf:writeLicenseHeader
2022-09-11T21:33:21.5893901Z > Task :spectator-perf:licenseJmh NO-SOURCE
2022-09-11T21:33:21.5894367Z > Task :spectator-perf:licenseMain UP-TO-DATE
2022-09-11T21:33:21.5894828Z > Task :spectator-perf:licenseTest UP-TO-DATE
2022-09-11T21:33:21.5895269Z > Task :spectator-perf:license UP-TO-DATE
2022-09-11T21:33:21.6891534Z > Task :spectator-perf:checkstyleMain
2022-09-11T21:33:21.8891324Z > Task :spectator-perf:pmdMain
2022-09-11T21:33:21.8892018Z > Task :spectator-perf:compileJmhJava NO-SOURCE
2022-09-11T21:33:21.8892827Z > Task :spectator-perf:processJmhResources NO-SOURCE
2022-09-11T21:33:21.8893321Z > Task :spectator-perf:jmhClasses UP-TO-DATE
2022-09-11T21:33:21.8893790Z > Task :spectator-perf:spotbugsJmh SKIPPED
2022-09-11T21:33:21.9891475Z > Task :spectator-perf:compileTestJava
2022-09-11T21:33:21.9892873Z > Task :spectator-perf:processTestResources NO-SOURCE
2022-09-11T21:33:21.9893481Z > Task :spectator-perf:testClasses
2022-09-11T21:33:21.9894246Z > Task :spectator-perf:spotbugsTest SKIPPED
2022-09-11T21:33:25.8891618Z > Task :spectator-perf:test
2022-09-11T21:33:28.5891698Z > Task :spectator-perf:spotbugsMain
2022-09-11T21:33:29.3891620Z WARNING: An illegal reflective access operation has occurred
2022-09-11T21:33:29.3891863Z 
2022-09-11T21:33:29.3892263Z > Task :spectator-perf:testJDK11
2022-09-11T21:33:29.3893683Z WARNING: Illegal reflective access by org.openjdk.jol.info.AbstractGraphWalker$ReferenceFieldsClassValue (file:/home/runner/.gradle/caches/modules-2/files-2.1/org.openjdk.jol/jol-core/0.16/553a2ba27f58b71e7efb545d7d3c657761f5b596/jol-core-0.16.jar) to field java.util.concurrent.ConcurrentHashMap.table
2022-09-11T21:33:29.3894780Z WARNING: Please consider reporting this to the maintainers of org.openjdk.jol.info.AbstractGraphWalker$ReferenceFieldsClassValue
2022-09-11T21:33:29.3895989Z WARNING: Use --illegal-access=warn to enable warnings of further illegal reflective access operations
2022-09-11T21:33:29.3896624Z WARNING: All illegal access operations will be denied in a future release
2022-09-11T21:33:31.0890650Z 
2022-09-11T21:33:31.0891776Z > Task :spectator-perf:testJDK17
2022-09-11T21:33:31.0892297Z > Task :spectator-perf:buildDashboard
2022-09-11T21:33:31.0892725Z > Task :spectator-perf:check
2022-09-11T21:33:31.0893136Z > Task :spectator-perf:build
2022-09-11T21:33:31.0893595Z > Task :spectator-reg-atlas:writeLicenseHeader
2022-09-11T21:33:31.1892585Z > Task :spectator-reg-atlas:licenseJmh UP-TO-DATE
2022-09-11T21:33:31.1893237Z Unknown file extension: spectator-reg-atlas/src/main/resources/META-INF/services/com.netflix.spectator.api.Registry
2022-09-11T21:33:31.1893786Z > Task :spectator-reg-atlas:licenseMain UP-TO-DATE
2022-09-11T21:33:31.1894198Z > Task :spectator-reg-atlas:licenseTest UP-TO-DATE
2022-09-11T21:33:31.1894610Z > Task :spectator-reg-atlas:license UP-TO-DATE
2022-09-11T21:33:32.9891687Z > Task :spectator-reg-atlas:checkstyleMain
2022-09-11T21:33:33.5897520Z > Task :spectator-reg-atlas:pmdMain
2022-09-11T21:33:33.5898498Z > Task :spectator-reg-atlas:spotbugsJmh SKIPPED
2022-09-11T21:33:33.6892008Z > Task :spectator-reg-atlas:spotbugsTest SKIPPED
2022-09-11T21:33:39.0891504Z > Task :spectator-reg-atlas:test
2022-09-11T21:33:45.3891699Z > Task :spectator-reg-atlas:testJDK11
2022-09-11T21:33:48.3891573Z > Task :spectator-reg-atlas:spotbugsMain
2022-09-11T21:33:49.7892557Z > Task :spectator-reg-atlas:testJDK17
2022-09-11T21:33:49.7893145Z > Task :spectator-reg-atlas:buildDashboard
2022-09-11T21:33:49.7893605Z > Task :spectator-reg-atlas:check
2022-09-11T21:33:49.7894043Z > Task :spectator-reg-atlas:build
2022-09-11T21:33:49.7894521Z > Task :spectator-reg-metrics3:writeLicenseHeader
2022-09-11T21:33:49.7895040Z > Task :spectator-reg-metrics3:licenseJmh NO-SOURCE
2022-09-11T21:33:49.7895733Z Unknown file extension: spectator-reg-metrics3/src/main/resources/META-INF/services/com.netflix.spectator.api.Registry
2022-09-11T21:33:49.7896353Z > Task :spectator-reg-metrics3:licenseMain UP-TO-DATE
2022-09-11T21:33:49.7896857Z > Task :spectator-reg-metrics3:licenseTest UP-TO-DATE
2022-09-11T21:33:49.7897345Z > Task :spectator-reg-metrics3:license UP-TO-DATE
2022-09-11T21:33:50.1891778Z > Task :spectator-reg-metrics3:pmdMain
2022-09-11T21:33:50.1893035Z > Task :spectator-reg-metrics3:compileJmhJava NO-SOURCE
2022-09-11T21:33:50.1893734Z > Task :spectator-reg-metrics3:processJmhResources NO-SOURCE
2022-09-11T21:33:50.1894565Z > Task :spectator-reg-metrics3:jmhClasses UP-TO-DATE
2022-09-11T21:33:50.1895175Z > Task :spectator-reg-metrics3:spotbugsJmh SKIPPED
2022-09-11T21:33:51.1891527Z > Task :spectator-reg-metrics3:checkstyleMain
2022-09-11T21:33:51.2924043Z Note: /home/runner/work/spectator/spectator/spectator-reg-metrics3/src/test/java/com/netflix/spectator/metrics3/MetricsRegistryTest.java uses or overrides a deprecated API.
2022-09-11T21:33:51.2924463Z 
2022-09-11T21:33:51.2925505Z Note: Recompile with -Xlint:deprecation for details.
2022-09-11T21:33:51.2925927Z > Task :spectator-reg-metrics3:compileTestJava
2022-09-11T21:33:51.2926321Z 
2022-09-11T21:33:51.2926669Z > Task :spectator-reg-metrics3:processTestResources NO-SOURCE
2022-09-11T21:33:51.2927172Z > Task :spectator-reg-metrics3:testClasses
2022-09-11T21:33:51.2927657Z > Task :spectator-reg-metrics3:spotbugsTest SKIPPED
2022-09-11T21:33:52.8891749Z > Task :spectator-reg-metrics3:test
2022-09-11T21:33:54.6898020Z > Task :spectator-reg-metrics3:testJDK11
2022-09-11T21:33:56.2891849Z > Task :spectator-reg-metrics3:testJDK17
2022-09-11T21:33:56.2892586Z > Task :spectator-reg-metrics3:buildDashboard
2022-09-11T21:33:56.5892506Z > Task :spectator-reg-metrics5:checkstyleMain
2022-09-11T21:33:56.5893119Z > Task :spectator-reg-metrics5:writeLicenseHeader
2022-09-11T21:33:56.5893631Z > Task :spectator-reg-metrics5:licenseJmh NO-SOURCE
2022-09-11T21:33:56.5894739Z Unknown file extension: spectator-reg-metrics5/src/main/resources/META-INF/services/com.netflix.spectator.api.Registry
2022-09-11T21:33:56.5895412Z > Task :spectator-reg-metrics5:licenseMain UP-TO-DATE
2022-09-11T21:33:56.5895924Z > Task :spectator-reg-metrics5:licenseTest UP-TO-DATE
2022-09-11T21:33:56.5896438Z > Task :spectator-reg-metrics5:license UP-TO-DATE
2022-09-11T21:33:57.1891935Z > Task :spectator-reg-metrics5:pmdMain
2022-09-11T21:33:57.1892593Z > Task :spectator-reg-metrics5:compileJmhJava NO-SOURCE
2022-09-11T21:33:57.1893148Z > Task :spectator-reg-metrics5:processJmhResources NO-SOURCE
2022-09-11T21:33:57.1893676Z > Task :spectator-reg-metrics5:jmhClasses UP-TO-DATE
2022-09-11T21:33:57.1894179Z > Task :spectator-reg-metrics5:spotbugsJmh SKIPPED
2022-09-11T21:33:58.2897186Z > Task :spectator-reg-metrics3:spotbugsMain
2022-09-11T21:33:58.2898095Z > Task :spectator-reg-metrics3:check
2022-09-11T21:33:58.2898878Z > Task :spectator-reg-metrics3:build
2022-09-11T21:33:58.3893485Z Note: /home/runner/work/spectator/spectator/spectator-reg-metrics5/src/test/java/com/netflix/spectator/metrics5/MetricsRegistryTest.java uses or overrides a deprecated API.
2022-09-11T21:33:58.3893906Z 
2022-09-11T21:33:58.3894947Z Note: Recompile with -Xlint:deprecation for details.
2022-09-11T21:33:58.3895365Z > Task :spectator-reg-metrics5:compileTestJava
2022-09-11T21:33:58.3896766Z Note: /home/runner/work/spectator/spectator/spectator-reg-metrics5/src/test/java/com/netflix/spectator/metrics5/MetricsRegistryTest.java uses unchecked or unsafe operations.
2022-09-11T21:33:58.3897132Z 
2022-09-11T21:33:58.3898020Z Note: Recompile with -Xlint:unchecked for details.
2022-09-11T21:33:58.3898481Z > Task :spectator-reg-metrics5:processTestResources NO-SOURCE
2022-09-11T21:33:58.3899132Z > Task :spectator-reg-metrics5:testClasses
2022-09-11T21:33:58.3899983Z > Task :spectator-reg-metrics5:spotbugsTest SKIPPED
2022-09-11T21:33:59.8892183Z > Task :spectator-reg-metrics5:test
2022-09-11T21:34:01.6891498Z > Task :spectator-reg-metrics5:testJDK11
2022-09-11T21:34:03.2927149Z > Task :spectator-reg-metrics5:testJDK17
2022-09-11T21:34:03.3891719Z > Task :spectator-reg-metrics5:buildDashboard
2022-09-11T21:34:03.4892159Z > Task :spectator-reg-micrometer:checkstyleMain
2022-09-11T21:34:03.4892942Z > Task :spectator-reg-micrometer:writeLicenseHeader
2022-09-11T21:34:03.4893477Z > Task :spectator-reg-micrometer:licenseJmh NO-SOURCE
2022-09-11T21:34:03.4894199Z Unknown file extension: spectator-reg-micrometer/src/main/resources/META-INF/services/com.netflix.spectator.api.Registry
2022-09-11T21:34:03.4894979Z Missing header in: spectator-reg-micrometer/src/main/java/com/netflix/spectator/micrometer/MicrometerClock.java
2022-09-11T21:34:03.5891527Z > Task :spectator-reg-micrometer:licenseMain
2022-09-11T21:34:03.5892683Z > Task :spectator-reg-micrometer:licenseTest UP-TO-DATE
2022-09-11T21:34:03.5893208Z > Task :spectator-reg-micrometer:license
2022-09-11T21:34:04.0892039Z > Task :spectator-reg-micrometer:pmdMain
2022-09-11T21:34:04.0892839Z > Task :spectator-reg-micrometer:compileJmhJava NO-SOURCE
2022-09-11T21:34:04.0893426Z > Task :spectator-reg-micrometer:processJmhResources NO-SOURCE
2022-09-11T21:34:04.0894104Z > Task :spectator-reg-micrometer:jmhClasses UP-TO-DATE
2022-09-11T21:34:04.0894897Z > Task :spectator-reg-micrometer:spotbugsJmh SKIPPED
2022-09-11T21:34:04.4891709Z > Task :spectator-reg-metrics5:spotbugsMain
2022-09-11T21:34:04.4892460Z > Task :spectator-reg-metrics5:check
2022-09-11T21:34:04.4892925Z > Task :spectator-reg-metrics5:build
2022-09-11T21:34:04.5892057Z > Task :spectator-reg-micrometer:compileTestJava
2022-09-11T21:34:04.5892864Z > Task :spectator-reg-micrometer:processTestResources NO-SOURCE
2022-09-11T21:34:04.5893399Z > Task :spectator-reg-micrometer:testClasses
2022-09-11T21:34:04.5893939Z > Task :spectator-reg-micrometer:spotbugsTest SKIPPED
2022-09-11T21:34:06.2891451Z > Task :spectator-reg-micrometer:test
2022-09-11T21:34:08.1891680Z > Task :spectator-reg-micrometer:testJDK11
2022-09-11T21:34:09.9891595Z > Task :spectator-reg-micrometer:testJDK17
2022-09-11T21:34:09.9892520Z > Task :spectator-reg-micrometer:buildDashboard
2022-09-11T21:34:10.3891870Z > Task :spectator-reg-servo:checkstyleMain
2022-09-11T21:34:10.3892515Z > Task :spectator-reg-servo:writeLicenseHeader
2022-09-11T21:34:10.3893014Z > Task :spectator-reg-servo:licenseJmh NO-SOURCE
2022-09-11T21:34:10.3893701Z Unknown file extension: spectator-reg-servo/src/main/resources/META-INF/services/com.netflix.spectator.api.Registry
2022-09-11T21:34:10.4891768Z > Task :spectator-reg-servo:licenseMain UP-TO-DATE
2022-09-11T21:34:10.4892402Z > Task :spectator-reg-servo:licenseTest UP-TO-DATE
2022-09-11T21:34:10.4892889Z > Task :spectator-reg-servo:license UP-TO-DATE
2022-09-11T21:34:11.3891986Z > Task :spectator-reg-servo:pmdMain
2022-09-11T21:34:11.3892487Z > Task :spectator-reg-servo:compileJmhJava NO-SOURCE
2022-09-11T21:34:11.3892946Z > Task :spectator-reg-servo:processJmhResources NO-SOURCE
2022-09-11T21:34:11.3893374Z > Task :spectator-reg-servo:jmhClasses UP-TO-DATE
2022-09-11T21:34:12.0904345Z > Task :spectator-reg-servo:spotbugsJmh SKIPPED
2022-09-11T21:34:12.0904848Z > Task :spectator-reg-micrometer:spotbugsMain
2022-09-11T21:34:12.0908270Z > Task :spectator-reg-micrometer:check
2022-09-11T21:34:12.0909240Z > Task :spectator-reg-micrometer:build
2022-09-11T21:34:12.1891692Z Note: Some input files use or override a deprecated API.
2022-09-11T21:34:12.1892368Z Note: Recompile with -Xlint:deprecation for details.
2022-09-11T21:34:12.1892575Z 
2022-09-11T21:34:12.1893262Z > Task :spectator-reg-servo:compileTestJava
2022-09-11T21:34:12.1893870Z 
2022-09-11T21:34:12.1894300Z > Task :spectator-reg-servo:processTestResources NO-SOURCE
2022-09-11T21:34:12.1895081Z > Task :spectator-reg-servo:testClasses
2022-09-11T21:34:12.1895645Z > Task :spectator-reg-servo:spotbugsTest SKIPPED
2022-09-11T21:34:14.6892096Z > Task :spectator-reg-servo:test
2022-09-11T21:34:17.7891492Z > Task :spectator-reg-servo:testJDK11
2022-09-11T21:34:19.8892208Z > Task :spectator-reg-servo:spotbugsMain
2022-09-11T21:34:19.8892915Z > Task :spectator-reg-servo:testJDK17
2022-09-11T21:34:19.8893406Z > Task :spectator-reg-servo:buildDashboard
2022-09-11T21:34:19.8893842Z > Task :spectator-reg-servo:check
2022-09-11T21:34:19.8894266Z > Task :spectator-reg-servo:build
2022-09-11T21:34:19.8894724Z > Task :spectator-reg-sidecar:writeLicenseHeader
2022-09-11T21:34:19.8895214Z > Task :spectator-reg-sidecar:licenseJmh NO-SOURCE
2022-09-11T21:34:19.8895887Z Unknown file extension: spectator-reg-sidecar/src/main/resources/META-INF/services/com.netflix.spectator.api.Registry
2022-09-11T21:34:19.9891783Z > Task :spectator-reg-sidecar:licenseMain UP-TO-DATE
2022-09-11T21:34:19.9892545Z > Task :spectator-reg-sidecar:licenseTest UP-TO-DATE
2022-09-11T21:34:19.9893055Z > Task :spectator-reg-sidecar:license UP-TO-DATE
2022-09-11T21:34:20.1891431Z > Task :spectator-reg-sidecar:checkstyleMain
2022-09-11T21:34:20.2892546Z > Task :spectator-reg-sidecar:pmdMain
2022-09-11T21:34:20.2893281Z > Task :spectator-reg-sidecar:compileJmhJava NO-SOURCE
2022-09-11T21:34:20.2893853Z > Task :spectator-reg-sidecar:processJmhResources NO-SOURCE
2022-09-11T21:34:20.2894392Z > Task :spectator-reg-sidecar:jmhClasses UP-TO-DATE
2022-09-11T21:34:20.2896013Z > Task :spectator-reg-sidecar:spotbugsJmh SKIPPED
2022-09-11T21:34:20.4891982Z > Task :spectator-reg-sidecar:compileTestJava
2022-09-11T21:34:20.4892856Z > Task :spectator-reg-sidecar:processTestResources NO-SOURCE
2022-09-11T21:34:20.4893869Z > Task :spectator-reg-sidecar:testClasses
2022-09-11T21:34:20.4894482Z > Task :spectator-reg-sidecar:spotbugsTest SKIPPED
2022-09-11T21:34:22.5891512Z > Task :spectator-reg-sidecar:test
2022-09-11T21:34:24.8892091Z > Task :spectator-reg-sidecar:testJDK11
2022-09-11T21:34:27.2894739Z > Task :spectator-reg-sidecar:testJDK17
2022-09-11T21:34:27.2895572Z > Task :spectator-reg-sidecar:buildDashboard
2022-09-11T21:34:27.5892263Z > Task :spectator-reg-stateless:checkstyleMain
2022-09-11T21:34:27.5892923Z > Task :spectator-reg-stateless:writeLicenseHeader
2022-09-11T21:34:27.5893439Z > Task :spectator-reg-stateless:licenseJmh NO-SOURCE
2022-09-11T21:34:27.5894458Z Unknown file extension: spectator-reg-stateless/src/main/resources/META-INF/services/com.netflix.spectator.api.Registry
2022-09-11T21:34:27.5895135Z > Task :spectator-reg-stateless:licenseMain UP-TO-DATE
2022-09-11T21:34:27.5895649Z > Task :spectator-reg-stateless:licenseTest UP-TO-DATE
2022-09-11T21:34:27.5896139Z > Task :spectator-reg-stateless:license UP-TO-DATE
2022-09-11T21:34:28.3891948Z > Task :spectator-reg-stateless:pmdMain
2022-09-11T21:34:28.3892898Z > Task :spectator-reg-stateless:compileJmhJava NO-SOURCE
2022-09-11T21:34:28.3893588Z > Task :spectator-reg-stateless:processJmhResources NO-SOURCE
2022-09-11T21:34:28.3894134Z > Task :spectator-reg-stateless:jmhClasses UP-TO-DATE
2022-09-11T21:34:28.3894701Z > Task :spectator-reg-stateless:spotbugsJmh SKIPPED
2022-09-11T21:34:28.9891403Z > Task :spectator-reg-sidecar:spotbugsMain
2022-09-11T21:34:28.9892149Z > Task :spectator-reg-sidecar:check
2022-09-11T21:34:28.9892903Z > Task :spectator-reg-sidecar:build
2022-09-11T21:34:29.0908845Z > Task :spectator-reg-stateless:compileTestJava
2022-09-11T21:34:29.0909724Z > Task :spectator-reg-stateless:processTestResources NO-SOURCE
2022-09-11T21:34:29.0910356Z > Task :spectator-reg-stateless:testClasses
2022-09-11T21:34:29.0910863Z > Task :spectator-reg-stateless:spotbugsTest SKIPPED
2022-09-11T21:34:30.7891586Z > Task :spectator-reg-stateless:test
2022-09-11T21:34:32.6891497Z > Task :spectator-reg-stateless:testJDK11
2022-09-11T21:34:34.3891568Z > Task :spectator-reg-stateless:testJDK17
2022-09-11T21:34:34.3892294Z > Task :spectator-reg-stateless:buildDashboard
2022-09-11T21:34:34.6891440Z > Task :spectator-web-spring:checkstyleMain
2022-09-11T21:34:34.6892110Z > Task :spectator-web-spring:writeLicenseHeader
2022-09-11T21:34:34.6892630Z > Task :spectator-web-spring:licenseJmh NO-SOURCE
2022-09-11T21:34:34.6893138Z > Task :spectator-web-spring:licenseMain UP-TO-DATE
2022-09-11T21:34:34.7891657Z > Task :spectator-web-spring:licenseTest UP-TO-DATE
2022-09-11T21:34:34.7892505Z > Task :spectator-web-spring:license UP-TO-DATE
2022-09-11T21:34:35.7891489Z > Task :spectator-web-spring:pmdMain
2022-09-11T21:34:35.7896380Z > Task :spectator-web-spring:spotbugsJmh SKIPPED
2022-09-11T21:34:37.5891653Z > Task :spectator-reg-stateless:spotbugsMain
2022-09-11T21:34:37.5892270Z > Task :spectator-reg-stateless:check
2022-09-11T21:34:37.5892726Z > Task :spectator-reg-stateless:build
2022-09-11T21:34:37.5893211Z > Task :spectator-web-spring:spotbugsTest SKIPPED
2022-09-11T21:34:39.6891290Z > Task :spectator-web-spring:test
2022-09-11T21:34:41.9891496Z > Task :spectator-web-spring:testJDK11
2022-09-11T21:34:44.0891793Z > Task :spectator-web-spring:testJDK17
2022-09-11T21:34:44.0892573Z > Task :spectator-web-spring:buildDashboard
2022-09-11T21:34:44.2864685Z > Task :spectator-web-spring:spotbugsMain
2022-09-11T21:34:44.2868240Z > Task :spectator-web-spring:check
2022-09-11T21:34:44.2870902Z > Task :spectator-web-spring:build
2022-09-11T21:34:44.2874177Z 
2022-09-11T21:34:44.2874577Z BUILD SUCCESSFUL in 5m 15s
2022-09-11T21:34:44.2875056Z 448 actionable tasks: 401 executed, 47 up-to-date
2022-09-11T21:34:44.6171209Z Post job cleanup.
2022-09-11T21:34:44.7937191Z Cache hit occurred on the primary key setup-java-Linux-gradle-d643f14da3f208ff2d5d24e97436b68e23eeff456cf97cdbe5699bf2960a6327, not saving cache.
2022-09-11T21:34:44.8046333Z Post job cleanup.
2022-09-11T21:34:44.9776702Z Cache hit occurred on the primary key setup-java-Linux-gradle-d643f14da3f208ff2d5d24e97436b68e23eeff456cf97cdbe5699bf2960a6327, not saving cache.
2022-09-11T21:34:44.9926890Z Post job cleanup.
2022-09-11T21:34:45.1624841Z Cache hit occurred on the primary key setup-java-Linux-gradle-d643f14da3f208ff2d5d24e97436b68e23eeff456cf97cdbe5699bf2960a6327, not saving cache.
2022-09-11T21:34:45.1718258Z Post job cleanup.
2022-09-11T21:34:45.2981791Z [command]/usr/bin/git version
2022-09-11T21:34:45.3037732Z git version 2.37.3
2022-09-11T21:34:45.3090967Z Temporarily overriding HOME='/home/runner/work/_temp/927b8f9f-6496-44c6-b263-916f59b3e2ff' before making global git config changes
2022-09-11T21:34:45.3092552Z Adding repository directory to the temporary git global config as a safe directory
2022-09-11T21:34:45.3133144Z [command]/usr/bin/git config --global --add safe.directory /home/runner/work/spectator/spectator
2022-09-11T21:34:45.3180896Z [command]/usr/bin/git config --local --name-only --get-regexp core\.sshCommand
2022-09-11T21:34:45.3208983Z [command]/usr/bin/git submodule foreach --recursive git config --local --name-only --get-regexp 'core\.sshCommand' && git config --local --unset-all 'core.sshCommand' || :
2022-09-11T21:34:45.3519691Z [command]/usr/bin/git config --local --name-only --get-regexp http\.https\:\/\/github\.com\/\.extraheader
2022-09-11T21:34:45.3551306Z http.https://github.com/.extraheader
2022-09-11T21:34:45.3562137Z [command]/usr/bin/git config --local --unset-all http.https://github.com/.extraheader
2022-09-11T21:34:45.3598939Z [command]/usr/bin/git submodule foreach --recursive git config --local --name-only --get-regexp 'http\.https\:\/\/github\.com\/\.extraheader' && git config --local --unset-all 'http.https://github.com/.extraheader' || :
2022-09-11T21:34:45.4128883Z Cleaning up orphan processes
2022-09-11T21:34:45.4468578Z Terminate orphan process: pid (1782) (java)
