2022-09-11T21:14:54.2835532Z Requested labels: ubuntu-latest
2022-09-11T21:14:54.2835581Z Job defined at: Netflix/spectator/.github/workflows/pr.yml@refs/pull/989/merge
2022-09-11T21:14:54.2835608Z Waiting for a runner to pick up this job...
2022-09-11T21:14:55.1094703Z Job is waiting for a hosted runner to come online.
2022-09-11T21:14:58.1651820Z Job is about to start running on the hosted runner: Hosted Agent (hosted)
2022-09-11T21:15:00.5001282Z Current runner version: '2.296.1'
2022-09-11T21:15:00.5031935Z ##[group]Operating System
2022-09-11T21:15:00.5032592Z Ubuntu
2022-09-11T21:15:00.5033045Z 20.04.5
2022-09-11T21:15:00.5033297Z LTS
2022-09-11T21:15:00.5033621Z ##[endgroup]
2022-09-11T21:15:00.5033963Z ##[group]Runner Image
2022-09-11T21:15:00.5034296Z Image: ubuntu-20.04
2022-09-11T21:15:00.5034702Z Version: 20220905.1
2022-09-11T21:15:00.5035252Z Included Software: https://github.com/actions/runner-images/blob/ubuntu20/20220905.1/images/linux/Ubuntu2004-Readme.md
2022-09-11T21:15:00.5035879Z Image Release: https://github.com/actions/runner-images/releases/tag/ubuntu20%2F20220905.1
2022-09-11T21:15:00.5036350Z ##[endgroup]
2022-09-11T21:15:00.5036778Z ##[group]Runner Image Provisioner
2022-09-11T21:15:00.5037166Z 1.0.0.0-main-20220825-1
2022-09-11T21:15:00.5037453Z ##[endgroup]
2022-09-11T21:15:00.5038490Z ##[group]GITHUB_TOKEN Permissions
2022-09-11T21:15:00.5039240Z Actions: write
2022-09-11T21:15:00.5039760Z Checks: write
2022-09-11T21:15:00.5040129Z Contents: write
2022-09-11T21:15:00.5040512Z Deployments: write
2022-09-11T21:15:00.5163041Z Discussions: write
2022-09-11T21:15:00.5163330Z Issues: write
2022-09-11T21:15:00.5163575Z Metadata: read
2022-09-11T21:15:00.5163827Z Packages: write
2022-09-11T21:15:00.5164068Z Pages: write
2022-09-11T21:15:00.5164319Z PullRequests: write
2022-09-11T21:15:00.5164608Z RepositoryProjects: write
2022-09-11T21:15:00.5164902Z SecurityEvents: write
2022-09-11T21:15:00.5165167Z Statuses: write
2022-09-11T21:15:00.5165441Z ##[endgroup]
2022-09-11T21:15:00.5169579Z Secret source: Actions
2022-09-11T21:15:00.5170042Z Prepare workflow directory
2022-09-11T21:15:00.6146774Z Prepare all required actions
2022-09-11T21:15:00.6365591Z Getting action download info
2022-09-11T21:15:01.0521356Z Download action repository 'actions/checkout@v3' (SHA:2541b1294d2704b0964813337f33b291d3f8596b)
2022-09-11T21:15:02.3989441Z Download action repository 'gradle/wrapper-validation-action@v1' (SHA:e6e38bacfdf1a337459f332974bb2327a31aaf4b)
2022-09-11T21:15:03.7863666Z Download action repository 'actions/setup-java@v3' (SHA:d854b6da19cdadd9a010605529e522c2393ebd38)
2022-09-11T21:15:05.3761645Z ##[group]Run actions/checkout@v3
2022-09-11T21:15:05.3761950Z with:
2022-09-11T21:15:05.3762140Z   fetch-depth: 0
2022-09-11T21:15:05.3762373Z   repository: Netflix/spectator
2022-09-11T21:15:05.3762811Z   token: ***
2022-09-11T21:15:05.3763007Z   ssh-strict: true
2022-09-11T21:15:05.3763229Z   persist-credentials: true
2022-09-11T21:15:05.3763445Z   clean: true
2022-09-11T21:15:05.3763620Z   lfs: false
2022-09-11T21:15:05.3763807Z   submodules: false
2022-09-11T21:15:05.3764044Z   set-safe-directory: true
2022-09-11T21:15:05.3764279Z ##[endgroup]
2022-09-11T21:15:05.7117176Z Syncing repository: Netflix/spectator
2022-09-11T21:15:05.7118980Z ##[group]Getting Git version info
2022-09-11T21:15:05.7119534Z Working directory is '/home/runner/work/spectator/spectator'
2022-09-11T21:15:05.7120088Z [command]/usr/bin/git version
2022-09-11T21:15:05.7305001Z git version 2.37.3
2022-09-11T21:15:05.7321645Z ##[endgroup]
2022-09-11T21:15:05.7346159Z Temporarily overriding HOME='/home/runner/work/_temp/5dd0914f-27a4-4d6e-bf3c-46343fe7e6e8' before making global git config changes
2022-09-11T21:15:05.7347450Z Adding repository directory to the temporary git global config as a safe directory
2022-09-11T21:15:05.7352563Z [command]/usr/bin/git config --global --add safe.directory /home/runner/work/spectator/spectator
2022-09-11T21:15:05.7402871Z Deleting the contents of '/home/runner/work/spectator/spectator'
2022-09-11T21:15:05.7407755Z ##[group]Initializing the repository
2022-09-11T21:15:05.7411757Z [command]/usr/bin/git init /home/runner/work/spectator/spectator
2022-09-11T21:15:05.7486850Z hint: Using 'master' as the name for the initial branch. This default branch name
2022-09-11T21:15:05.7487701Z hint: is subject to change. To configure the initial branch name to use in all
2022-09-11T21:15:05.7488283Z hint: of your new repositories, which will suppress this warning, call:
2022-09-11T21:15:05.7489142Z hint: 
2022-09-11T21:15:05.7489704Z hint: 	git config --global init.defaultBranch <name>
2022-09-11T21:15:05.7490155Z hint: 
2022-09-11T21:15:05.7490790Z hint: Names commonly chosen instead of 'master' are 'main', 'trunk' and
2022-09-11T21:15:05.7491654Z hint: 'development'. The just-created branch can be renamed via this command:
2022-09-11T21:15:05.7492030Z hint: 
2022-09-11T21:15:05.7492378Z hint: 	git branch -m <name>
2022-09-11T21:15:05.7506789Z Initialized empty Git repository in /home/runner/work/spectator/spectator/.git/
2022-09-11T21:15:05.7519805Z [command]/usr/bin/git remote add origin https://github.com/Netflix/spectator
2022-09-11T21:15:05.7571092Z ##[endgroup]
2022-09-11T21:15:05.7571869Z ##[group]Disabling automatic garbage collection
2022-09-11T21:15:05.7576521Z [command]/usr/bin/git config --local gc.auto 0
2022-09-11T21:15:05.7611543Z ##[endgroup]
2022-09-11T21:15:05.7612238Z ##[group]Setting up auth
2022-09-11T21:15:05.7622237Z [command]/usr/bin/git config --local --name-only --get-regexp core\.sshCommand
2022-09-11T21:15:05.7661982Z [command]/usr/bin/git submodule foreach --recursive git config --local --name-only --get-regexp 'core\.sshCommand' && git config --local --unset-all 'core.sshCommand' || :
2022-09-11T21:15:05.8107127Z [command]/usr/bin/git config --local --name-only --get-regexp http\.https\:\/\/github\.com\/\.extraheader
2022-09-11T21:15:05.8144521Z [command]/usr/bin/git submodule foreach --recursive git config --local --name-only --get-regexp 'http\.https\:\/\/github\.com\/\.extraheader' && git config --local --unset-all 'http.https://github.com/.extraheader' || :
2022-09-11T21:15:05.8406986Z [command]/usr/bin/git config --local http.https://github.com/.extraheader AUTHORIZATION: basic ***
2022-09-11T21:15:05.8449967Z ##[endgroup]
2022-09-11T21:15:05.8450706Z ##[group]Fetching the repository
2022-09-11T21:15:05.8465263Z [command]/usr/bin/git -c protocol.version=2 fetch --prune --progress --no-recurse-submodules origin +refs/heads/*:refs/remotes/origin/* +refs/tags/*:refs/tags/* +02e14cad5f1b67b791d4954c2a6833499ce09a8f:refs/remotes/pull/989/merge
2022-09-11T21:15:06.8958576Z remote: Enumerating objects: 46741, done.        
2022-09-11T21:15:06.8960377Z remote: Counting objects:   0% (1/2155)        
2022-09-11T21:15:06.8961600Z remote: Counting objects:   1% (22/2155)        
2022-09-11T21:15:06.8962145Z remote: Counting objects:   2% (44/2155)        
2022-09-11T21:15:06.8962561Z remote: Counting objects:   3% (65/2155)        
2022-09-11T21:15:06.8962938Z remote: Counting objects:   4% (87/2155)        
2022-09-11T21:15:06.8963326Z remote: Counting objects:   5% (108/2155)        
2022-09-11T21:15:06.8963711Z remote: Counting objects:   6% (130/2155)        
2022-09-11T21:15:06.8964084Z remote: Counting objects:   7% (151/2155)        
2022-09-11T21:15:06.8964476Z remote: Counting objects:   8% (173/2155)        
2022-09-11T21:15:06.8964855Z remote: Counting objects:   9% (194/2155)        
2022-09-11T21:15:06.8965240Z remote: Counting objects:  10% (216/2155)        
2022-09-11T21:15:06.8965626Z remote: Counting objects:  11% (238/2155)        
2022-09-11T21:15:06.8966004Z remote: Counting objects:  12% (259/2155)        
2022-09-11T21:15:06.8966532Z remote: Counting objects:  13% (281/2155)        
2022-09-11T21:15:06.8966926Z remote: Counting objects:  14% (302/2155)        
2022-09-11T21:15:06.8967304Z remote: Counting objects:  15% (324/2155)        
2022-09-11T21:15:06.8967700Z remote: Counting objects:  16% (345/2155)        
2022-09-11T21:15:06.8968077Z remote: Counting objects:  17% (367/2155)        
2022-09-11T21:15:06.8968453Z remote: Counting objects:  18% (388/2155)        
2022-09-11T21:15:06.8968821Z remote: Counting objects:  19% (410/2155)        
2022-09-11T21:15:06.8969195Z remote: Counting objects:  20% (431/2155)        
2022-09-11T21:15:06.8969572Z remote: Counting objects:  21% (453/2155)        
2022-09-11T21:15:06.8969932Z remote: Counting objects:  22% (475/2155)        
2022-09-11T21:15:06.8970311Z remote: Counting objects:  23% (496/2155)        
2022-09-11T21:15:06.8970949Z remote: Counting objects:  24% (518/2155)        
2022-09-11T21:15:06.8971334Z remote: Counting objects:  25% (539/2155)        
2022-09-11T21:15:06.8971704Z remote: Counting objects:  26% (561/2155)        
2022-09-11T21:15:06.8972084Z remote: Counting objects:  27% (582/2155)        
2022-09-11T21:15:06.8972561Z remote: Counting objects:  28% (604/2155)        
2022-09-11T21:15:06.8972942Z remote: Counting objects:  29% (625/2155)        
2022-09-11T21:15:06.8973775Z remote: Counting objects:  30% (647/2155)        
2022-09-11T21:15:06.8974257Z remote: Counting objects:  31% (669/2155)        
2022-09-11T21:15:06.8974639Z remote: Counting objects:  32% (690/2155)        
2022-09-11T21:15:06.8975013Z remote: Counting objects:  33% (712/2155)        
2022-09-11T21:15:06.8975378Z remote: Counting objects:  34% (733/2155)        
2022-09-11T21:15:06.8975758Z remote: Counting objects:  35% (755/2155)        
2022-09-11T21:15:06.8976135Z remote: Counting objects:  36% (776/2155)        
2022-09-11T21:15:06.8976505Z remote: Counting objects:  37% (798/2155)        
2022-09-11T21:15:06.8976889Z remote: Counting objects:  38% (819/2155)        
2022-09-11T21:15:06.8977268Z remote: Counting objects:  39% (841/2155)        
2022-09-11T21:15:06.8977644Z remote: Counting objects:  40% (862/2155)        
2022-09-11T21:15:06.8978015Z remote: Counting objects:  41% (884/2155)        
2022-09-11T21:15:06.8978614Z remote: Counting objects:  42% (906/2155)        
2022-09-11T21:15:06.8979617Z remote: Counting objects:  43% (927/2155)        
2022-09-11T21:15:06.8980132Z remote: Counting objects:  44% (949/2155)        
2022-09-11T21:15:06.8980505Z remote: Counting objects:  45% (970/2155)        
2022-09-11T21:15:06.8980874Z remote: Counting objects:  46% (992/2155)        
2022-09-11T21:15:06.8982419Z remote: Counting objects:  47% (1013/2155)        
2022-09-11T21:15:06.8982830Z remote: Counting objects:  48% (1035/2155)        
2022-09-11T21:15:06.8983711Z remote: Counting objects:  49% (1056/2155)        
2022-09-11T21:15:06.8984122Z remote: Counting objects:  50% (1078/2155)        
2022-09-11T21:15:06.8984710Z remote: Counting objects:  51% (1100/2155)        
2022-09-11T21:15:06.8985136Z remote: Counting objects:  52% (1121/2155)        
2022-09-11T21:15:06.8985518Z remote: Counting objects:  53% (1143/2155)        
2022-09-11T21:15:06.8986008Z remote: Counting objects:  54% (1164/2155)        
2022-09-11T21:15:06.8987329Z remote: Counting objects:  55% (1186/2155)        
2022-09-11T21:15:06.8987617Z remote: Counting objects:  56% (1207/2155)        
2022-09-11T21:15:06.8987938Z remote: Counting objects:  57% (1229/2155)        
2022-09-11T21:15:06.8988232Z remote: Counting objects:  58% (1250/2155)        
2022-09-11T21:15:06.8988522Z remote: Counting objects:  59% (1272/2155)        
2022-09-11T21:15:06.8988802Z remote: Counting objects:  60% (1293/2155)        
2022-09-11T21:15:06.8989096Z remote: Counting objects:  61% (1315/2155)        
2022-09-11T21:15:06.8989386Z remote: Counting objects:  62% (1337/2155)        
2022-09-11T21:15:06.8989672Z remote: Counting objects:  63% (1358/2155)        
2022-09-11T21:15:06.8989978Z remote: Counting objects:  64% (1380/2155)        
2022-09-11T21:15:06.8990272Z remote: Counting objects:  65% (1401/2155)        
2022-09-11T21:15:06.8990561Z remote: Counting objects:  66% (1423/2155)        
2022-09-11T21:15:06.8990840Z remote: Counting objects:  67% (1444/2155)        
2022-09-11T21:15:06.8991612Z remote: Counting objects:  68% (1466/2155)        
2022-09-11T21:15:06.8991956Z remote: Counting objects:  69% (1487/2155)        
2022-09-11T21:15:06.8992247Z remote: Counting objects:  70% (1509/2155)        
2022-09-11T21:15:06.8992523Z remote: Counting objects:  71% (1531/2155)        
2022-09-11T21:15:06.8992816Z remote: Counting objects:  72% (1552/2155)        
2022-09-11T21:15:06.8993102Z remote: Counting objects:  73% (1574/2155)        
2022-09-11T21:15:06.8993378Z remote: Counting objects:  74% (1595/2155)        
2022-09-11T21:15:06.8993878Z remote: Counting objects:  75% (1617/2155)        
2022-09-11T21:15:06.8994174Z remote: Counting objects:  76% (1638/2155)        
2022-09-11T21:15:06.8994449Z remote: Counting objects:  77% (1660/2155)        
2022-09-11T21:15:06.8994737Z remote: Counting objects:  78% (1681/2155)        
2022-09-11T21:15:06.8995025Z remote: Counting objects:  79% (1703/2155)        
2022-09-11T21:15:06.8995299Z remote: Counting objects:  80% (1724/2155)        
2022-09-11T21:15:06.8995587Z remote: Counting objects:  81% (1746/2155)        
2022-09-11T21:15:06.8995876Z remote: Counting objects:  82% (1768/2155)        
2022-09-11T21:15:06.8996166Z remote: Counting objects:  83% (1789/2155)        
2022-09-11T21:15:06.8996441Z remote: Counting objects:  84% (1811/2155)        
2022-09-11T21:15:06.8996733Z remote: Counting objects:  85% (1832/2155)        
2022-09-11T21:15:06.8997025Z remote: Counting objects:  86% (1854/2155)        
2022-09-11T21:15:06.8997302Z remote: Counting objects:  87% (1875/2155)        
2022-09-11T21:15:06.8997595Z remote: Counting objects:  88% (1897/2155)        
2022-09-11T21:15:06.8997887Z remote: Counting objects:  89% (1918/2155)        
2022-09-11T21:15:06.8998161Z remote: Counting objects:  90% (1940/2155)        
2022-09-11T21:15:06.8998451Z remote: Counting objects:  91% (1962/2155)        
2022-09-11T21:15:06.8998742Z remote: Counting objects:  92% (1983/2155)        
2022-09-11T21:15:06.8999491Z remote: Counting objects:  93% (2005/2155)        
2022-09-11T21:15:06.8999787Z remote: Counting objects:  94% (2026/2155)        
2022-09-11T21:15:06.9000076Z remote: Counting objects:  95% (2048/2155)        
2022-09-11T21:15:06.9000363Z remote: Counting objects:  96% (2069/2155)        
2022-09-11T21:15:06.9000640Z remote: Counting objects:  97% (2091/2155)        
2022-09-11T21:15:06.9000928Z remote: Counting objects:  98% (2112/2155)        
2022-09-11T21:15:06.9001214Z remote: Counting objects:  99% (2134/2155)        
2022-09-11T21:15:06.9001489Z remote: Counting objects: 100% (2155/2155)        
2022-09-11T21:15:06.9001801Z remote: Counting objects: 100% (2155/2155), done.        
2022-09-11T21:15:06.9002826Z remote: Compressing objects:   0% (1/877)        
2022-09-11T21:15:06.9144747Z remote: Compressing objects:   1% (9/877)        
2022-09-11T21:15:06.9202860Z remote: Compressing objects:   2% (18/877)        
2022-09-11T21:15:06.9272725Z remote: Compressing objects:   3% (27/877)        
2022-09-11T21:15:06.9330642Z remote: Compressing objects:   4% (36/877)        
2022-09-11T21:15:06.9630046Z remote: Compressing objects:   5% (44/877)        
2022-09-11T21:15:06.9630370Z remote: Compressing objects:   6% (53/877)        
2022-09-11T21:15:06.9630682Z remote: Compressing objects:   7% (62/877)        
2022-09-11T21:15:06.9630994Z remote: Compressing objects:   8% (71/877)        
2022-09-11T21:15:06.9631289Z remote: Compressing objects:   9% (79/877)        
2022-09-11T21:15:06.9631597Z remote: Compressing objects:  10% (88/877)        
2022-09-11T21:15:06.9631900Z remote: Compressing objects:  11% (97/877)        
2022-09-11T21:15:06.9632316Z remote: Compressing objects:  12% (106/877)        
2022-09-11T21:15:06.9632628Z remote: Compressing objects:  13% (115/877)        
2022-09-11T21:15:06.9632928Z remote: Compressing objects:  14% (123/877)        
2022-09-11T21:15:06.9633343Z remote: Compressing objects:  15% (132/877)        
2022-09-11T21:15:06.9633614Z remote: Compressing objects:  16% (141/877)        
2022-09-11T21:15:06.9642875Z remote: Compressing objects:  17% (150/877)        
2022-09-11T21:15:06.9643392Z remote: Compressing objects:  18% (158/877)        
2022-09-11T21:15:06.9731821Z remote: Compressing objects:  19% (167/877)        
2022-09-11T21:15:06.9732279Z remote: Compressing objects:  20% (176/877)        
2022-09-11T21:15:06.9732596Z remote: Compressing objects:  21% (185/877)        
2022-09-11T21:15:06.9732908Z remote: Compressing objects:  22% (193/877)        
2022-09-11T21:15:06.9733203Z remote: Compressing objects:  23% (202/877)        
2022-09-11T21:15:06.9734019Z remote: Compressing objects:  24% (211/877)        
2022-09-11T21:15:06.9734335Z remote: Compressing objects:  25% (220/877)        
2022-09-11T21:15:06.9734627Z remote: Compressing objects:  26% (229/877)        
2022-09-11T21:15:06.9734928Z remote: Compressing objects:  27% (237/877)        
2022-09-11T21:15:06.9735239Z remote: Compressing objects:  28% (246/877)        
2022-09-11T21:15:06.9735652Z remote: Compressing objects:  29% (255/877)        
2022-09-11T21:15:06.9736052Z remote: Compressing objects:  30% (264/877)        
2022-09-11T21:15:06.9736335Z remote: Compressing objects:  31% (272/877)        
2022-09-11T21:15:06.9736618Z remote: Compressing objects:  32% (281/877)        
2022-09-11T21:15:06.9736885Z remote: Compressing objects:  33% (290/877)        
2022-09-11T21:15:06.9737169Z remote: Compressing objects:  34% (299/877)        
2022-09-11T21:15:06.9737456Z remote: Compressing objects:  35% (307/877)        
2022-09-11T21:15:06.9737724Z remote: Compressing objects:  36% (316/877)        
2022-09-11T21:15:06.9738011Z remote: Compressing objects:  37% (325/877)        
2022-09-11T21:15:06.9738295Z remote: Compressing objects:  38% (334/877)        
2022-09-11T21:15:06.9738577Z remote: Compressing objects:  39% (343/877)        
2022-09-11T21:15:06.9738841Z remote: Compressing objects:  40% (351/877)        
2022-09-11T21:15:06.9739125Z remote: Compressing objects:  41% (360/877)        
2022-09-11T21:15:06.9739408Z remote: Compressing objects:  42% (369/877)        
2022-09-11T21:15:06.9739676Z remote: Compressing objects:  43% (378/877)        
2022-09-11T21:15:06.9739956Z remote: Compressing objects:  44% (386/877)        
2022-09-11T21:15:06.9740236Z remote: Compressing objects:  45% (395/877)        
2022-09-11T21:15:06.9740502Z remote: Compressing objects:  46% (404/877)        
2022-09-11T21:15:06.9740785Z remote: Compressing objects:  47% (413/877)        
2022-09-11T21:15:06.9741068Z remote: Compressing objects:  48% (421/877)        
2022-09-11T21:15:06.9741336Z remote: Compressing objects:  49% (430/877)        
2022-09-11T21:15:06.9741624Z remote: Compressing objects:  50% (439/877)        
2022-09-11T21:15:06.9742006Z remote: Compressing objects:  51% (448/877)        
2022-09-11T21:15:06.9742305Z remote: Compressing objects:  52% (457/877)        
2022-09-11T21:15:06.9742574Z remote: Compressing objects:  53% (465/877)        
2022-09-11T21:15:06.9742855Z remote: Compressing objects:  54% (474/877)        
2022-09-11T21:15:06.9743138Z remote: Compressing objects:  55% (483/877)        
2022-09-11T21:15:06.9743410Z remote: Compressing objects:  56% (492/877)        
2022-09-11T21:15:06.9743688Z remote: Compressing objects:  57% (500/877)        
2022-09-11T21:15:06.9743972Z remote: Compressing objects:  58% (509/877)        
2022-09-11T21:15:06.9744239Z remote: Compressing objects:  59% (518/877)        
2022-09-11T21:15:06.9744523Z remote: Compressing objects:  60% (527/877)        
2022-09-11T21:15:06.9744805Z remote: Compressing objects:  61% (535/877)        
2022-09-11T21:15:06.9745092Z remote: Compressing objects:  62% (544/877)        
2022-09-11T21:15:06.9745364Z remote: Compressing objects:  63% (553/877)        
2022-09-11T21:15:06.9745646Z remote: Compressing objects:  64% (562/877)        
2022-09-11T21:15:06.9745926Z remote: Compressing objects:  65% (571/877)        
2022-09-11T21:15:06.9746196Z remote: Compressing objects:  66% (579/877)        
2022-09-11T21:15:06.9746477Z remote: Compressing objects:  67% (588/877)        
2022-09-11T21:15:06.9746759Z remote: Compressing objects:  68% (597/877)        
2022-09-11T21:15:06.9747026Z remote: Compressing objects:  69% (606/877)        
2022-09-11T21:15:06.9747307Z remote: Compressing objects:  70% (614/877)        
2022-09-11T21:15:06.9856070Z remote: Compressing objects:  71% (623/877)        
2022-09-11T21:15:06.9856600Z remote: Compressing objects:  72% (632/877)        
2022-09-11T21:15:06.9856950Z remote: Compressing objects:  73% (641/877)        
2022-09-11T21:15:06.9857255Z remote: Compressing objects:  74% (649/877)        
2022-09-11T21:15:06.9857793Z remote: Compressing objects:  75% (658/877)        
2022-09-11T21:15:06.9858388Z remote: Compressing objects:  76% (667/877)        
2022-09-11T21:15:06.9858697Z remote: Compressing objects:  77% (676/877)        
2022-09-11T21:15:06.9859024Z remote: Compressing objects:  78% (685/877)        
2022-09-11T21:15:06.9860141Z remote: Compressing objects:  79% (693/877)        
2022-09-11T21:15:06.9860436Z remote: Compressing objects:  80% (702/877)        
2022-09-11T21:15:06.9861324Z remote: Compressing objects:  81% (711/877)        
2022-09-11T21:15:06.9861637Z remote: Compressing objects:  82% (720/877)        
2022-09-11T21:15:06.9861929Z remote: Compressing objects:  83% (728/877)        
2022-09-11T21:15:06.9862335Z remote: Compressing objects:  84% (737/877)        
2022-09-11T21:15:06.9862631Z remote: Compressing objects:  85% (746/877)        
2022-09-11T21:15:06.9863271Z remote: Compressing objects:  86% (755/877)        
2022-09-11T21:15:06.9863561Z remote: Compressing objects:  87% (763/877)        
2022-09-11T21:15:06.9863868Z remote: Compressing objects:  88% (772/877)        
2022-09-11T21:15:06.9864160Z remote: Compressing objects:  89% (781/877)        
2022-09-11T21:15:06.9864486Z remote: Compressing objects:  90% (790/877)        
2022-09-11T21:15:06.9864777Z remote: Compressing objects:  91% (799/877)        
2022-09-11T21:15:06.9865054Z remote: Compressing objects:  92% (807/877)        
2022-09-11T21:15:06.9865348Z remote: Compressing objects:  93% (816/877)        
2022-09-11T21:15:06.9865643Z remote: Compressing objects:  94% (825/877)        
2022-09-11T21:15:06.9865922Z remote: Compressing objects:  95% (834/877)        
2022-09-11T21:15:06.9866215Z remote: Compressing objects:  96% (842/877)        
2022-09-11T21:15:06.9866505Z remote: Compressing objects:  97% (851/877)        
2022-09-11T21:15:06.9866782Z remote: Compressing objects:  98% (860/877)        
2022-09-11T21:15:06.9867073Z remote: Compressing objects:  99% (869/877)        
2022-09-11T21:15:06.9867368Z remote: Compressing objects: 100% (877/877)        
2022-09-11T21:15:06.9867829Z remote: Compressing objects: 100% (877/877), done.        
2022-09-11T21:15:07.1691049Z Receiving objects:   0% (1/46741)
2022-09-11T21:15:07.2578390Z Receiving objects:   1% (468/46741)
2022-09-11T21:15:07.2632605Z Receiving objects:   2% (935/46741)
2022-09-11T21:15:07.3507546Z Receiving objects:   3% (1403/46741)
2022-09-11T21:15:07.3586726Z Receiving objects:   4% (1870/46741)
2022-09-11T21:15:07.3707570Z Receiving objects:   5% (2338/46741)
2022-09-11T21:15:07.4251271Z Receiving objects:   6% (2805/46741)
2022-09-11T21:15:07.4267738Z Receiving objects:   7% (3272/46741)
2022-09-11T21:15:07.4373146Z Receiving objects:   8% (3740/46741)
2022-09-11T21:15:07.4391859Z Receiving objects:   9% (4207/46741)
2022-09-11T21:15:07.4521967Z Receiving objects:  10% (4675/46741)
2022-09-11T21:15:07.4728442Z Receiving objects:  11% (5142/46741)
2022-09-11T21:15:07.5158391Z Receiving objects:  12% (5609/46741)
2022-09-11T21:15:07.5216843Z Receiving objects:  13% (6077/46741), 2.57 MiB | 4.99 MiB/s
2022-09-11T21:15:07.5375715Z Receiving objects:  14% (6544/46741), 2.57 MiB | 4.99 MiB/s
2022-09-11T21:15:07.5413679Z Receiving objects:  15% (7012/46741), 2.57 MiB | 4.99 MiB/s
2022-09-11T21:15:07.5465206Z Receiving objects:  16% (7479/46741), 2.57 MiB | 4.99 MiB/s
2022-09-11T21:15:07.5517720Z Receiving objects:  17% (7946/46741), 2.57 MiB | 4.99 MiB/s
2022-09-11T21:15:07.5579837Z Receiving objects:  18% (8414/46741), 2.57 MiB | 4.99 MiB/s
2022-09-11T21:15:07.5650997Z Receiving objects:  19% (8881/46741), 2.57 MiB | 4.99 MiB/s
2022-09-11T21:15:07.5736524Z Receiving objects:  20% (9349/46741), 2.57 MiB | 4.99 MiB/s
2022-09-11T21:15:07.5778876Z Receiving objects:  21% (9816/46741), 2.57 MiB | 4.99 MiB/s
2022-09-11T21:15:07.5855316Z Receiving objects:  22% (10284/46741), 2.57 MiB | 4.99 MiB/s
2022-09-11T21:15:07.5949694Z Receiving objects:  23% (10751/46741), 2.57 MiB | 4.99 MiB/s
2022-09-11T21:15:07.6084435Z Receiving objects:  24% (11218/46741), 2.57 MiB | 4.99 MiB/s
2022-09-11T21:15:07.6148504Z Receiving objects:  25% (11686/46741), 2.57 MiB | 4.99 MiB/s
2022-09-11T21:15:07.6286118Z Receiving objects:  26% (12153/46741), 2.57 MiB | 4.99 MiB/s
2022-09-11T21:15:07.6362945Z Receiving objects:  27% (12621/46741), 2.57 MiB | 4.99 MiB/s
2022-09-11T21:15:07.6423022Z Receiving objects:  28% (13088/46741), 2.57 MiB | 4.99 MiB/s
2022-09-11T21:15:07.6492693Z Receiving objects:  29% (13555/46741), 2.57 MiB | 4.99 MiB/s
2022-09-11T21:15:07.6549501Z Receiving objects:  30% (14023/46741), 2.57 MiB | 4.99 MiB/s
2022-09-11T21:15:07.6603068Z Receiving objects:  31% (14490/46741), 2.57 MiB | 4.99 MiB/s
2022-09-11T21:15:07.6972376Z Receiving objects:  32% (14958/46741), 2.57 MiB | 4.99 MiB/s
2022-09-11T21:15:07.7035870Z Receiving objects:  33% (15425/46741), 2.57 MiB | 4.99 MiB/s
2022-09-11T21:15:07.7138806Z Receiving objects:  34% (15892/46741), 2.57 MiB | 4.99 MiB/s
2022-09-11T21:15:07.7195953Z Receiving objects:  35% (16360/46741), 2.57 MiB | 4.99 MiB/s
2022-09-11T21:15:07.7445205Z Receiving objects:  36% (16827/46741), 2.57 MiB | 4.99 MiB/s
2022-09-11T21:15:07.7474614Z Receiving objects:  37% (17295/46741), 2.57 MiB | 4.99 MiB/s
2022-09-11T21:15:07.7521718Z Receiving objects:  38% (17762/46741), 2.57 MiB | 4.99 MiB/s
2022-09-11T21:15:07.7557567Z Receiving objects:  39% (18229/46741), 2.57 MiB | 4.99 MiB/s
2022-09-11T21:15:07.7570155Z Receiving objects:  40% (18697/46741), 2.57 MiB | 4.99 MiB/s
2022-09-11T21:15:07.7598480Z Receiving objects:  41% (19164/46741), 2.57 MiB | 4.99 MiB/s
2022-09-11T21:15:07.7639585Z Receiving objects:  42% (19632/46741), 2.57 MiB | 4.99 MiB/s
2022-09-11T21:15:07.7666227Z Receiving objects:  43% (20099/46741), 2.57 MiB | 4.99 MiB/s
2022-09-11T21:15:07.7676812Z Receiving objects:  44% (20567/46741), 2.57 MiB | 4.99 MiB/s
2022-09-11T21:15:07.7707088Z Receiving objects:  45% (21034/46741), 2.57 MiB | 4.99 MiB/s
2022-09-11T21:15:07.7717379Z Receiving objects:  46% (21501/46741), 2.57 MiB | 4.99 MiB/s
2022-09-11T21:15:07.7740617Z Receiving objects:  47% (21969/46741), 2.57 MiB | 4.99 MiB/s
2022-09-11T21:15:07.7751091Z Receiving objects:  48% (22436/46741), 2.57 MiB | 4.99 MiB/s
2022-09-11T21:15:07.7760334Z Receiving objects:  49% (22904/46741), 2.57 MiB | 4.99 MiB/s
2022-09-11T21:15:07.7798799Z Receiving objects:  50% (23371/46741), 2.57 MiB | 4.99 MiB/s
2022-09-11T21:15:07.7808627Z Receiving objects:  51% (23838/46741), 2.57 MiB | 4.99 MiB/s
2022-09-11T21:15:07.7818484Z Receiving objects:  52% (24306/46741), 2.57 MiB | 4.99 MiB/s
2022-09-11T21:15:07.7869368Z Receiving objects:  53% (24773/46741), 2.57 MiB | 4.99 MiB/s
2022-09-11T21:15:07.7904453Z Receiving objects:  54% (25241/46741), 2.57 MiB | 4.99 MiB/s
2022-09-11T21:15:07.7959102Z Receiving objects:  55% (25708/46741), 2.57 MiB | 4.99 MiB/s
2022-09-11T21:15:07.8037128Z Receiving objects:  56% (26175/46741), 2.57 MiB | 4.99 MiB/s
2022-09-11T21:15:07.8060453Z Receiving objects:  57% (26643/46741), 2.57 MiB | 4.99 MiB/s
2022-09-11T21:15:07.8111967Z Receiving objects:  58% (27110/46741), 2.57 MiB | 4.99 MiB/s
2022-09-11T21:15:07.8135386Z Receiving objects:  59% (27578/46741), 2.57 MiB | 4.99 MiB/s
2022-09-11T21:15:07.8170900Z Receiving objects:  60% (28045/46741), 2.57 MiB | 4.99 MiB/s
2022-09-11T21:15:07.8182404Z Receiving objects:  61% (28513/46741), 2.57 MiB | 4.99 MiB/s
2022-09-11T21:15:07.8227779Z Receiving objects:  62% (28980/46741), 2.57 MiB | 4.99 MiB/s
2022-09-11T21:15:07.8241112Z Receiving objects:  63% (29447/46741), 2.57 MiB | 4.99 MiB/s
2022-09-11T21:15:07.8258394Z Receiving objects:  64% (29915/46741), 2.57 MiB | 4.99 MiB/s
2022-09-11T21:15:07.8275063Z Receiving objects:  65% (30382/46741), 2.57 MiB | 4.99 MiB/s
2022-09-11T21:15:07.8285142Z Receiving objects:  66% (30850/46741), 2.57 MiB | 4.99 MiB/s
2022-09-11T21:15:07.8304574Z Receiving objects:  67% (31317/46741), 2.57 MiB | 4.99 MiB/s
2022-09-11T21:15:07.8338280Z Receiving objects:  68% (31784/46741), 2.57 MiB | 4.99 MiB/s
2022-09-11T21:15:07.8667186Z Receiving objects:  69% (32252/46741), 2.57 MiB | 4.99 MiB/s
2022-09-11T21:15:07.8683281Z Receiving objects:  70% (32719/46741), 2.57 MiB | 4.99 MiB/s
2022-09-11T21:15:07.8695460Z Receiving objects:  71% (33187/46741), 2.57 MiB | 4.99 MiB/s
2022-09-11T21:15:07.8721618Z Receiving objects:  72% (33654/46741), 2.57 MiB | 4.99 MiB/s
2022-09-11T21:15:07.8741955Z Receiving objects:  73% (34121/46741), 2.57 MiB | 4.99 MiB/s
2022-09-11T21:15:07.8753165Z Receiving objects:  74% (34589/46741), 2.57 MiB | 4.99 MiB/s
2022-09-11T21:15:07.8786857Z Receiving objects:  75% (35056/46741), 2.57 MiB | 4.99 MiB/s
2022-09-11T21:15:07.8801084Z Receiving objects:  76% (35524/46741), 2.57 MiB | 4.99 MiB/s
2022-09-11T21:15:07.8813676Z Receiving objects:  77% (35991/46741), 2.57 MiB | 4.99 MiB/s
2022-09-11T21:15:07.8831539Z Receiving objects:  78% (36458/46741), 2.57 MiB | 4.99 MiB/s
2022-09-11T21:15:07.8850996Z Receiving objects:  79% (36926/46741), 2.57 MiB | 4.99 MiB/s
2022-09-11T21:15:07.9159916Z Receiving objects:  80% (37393/46741), 2.57 MiB | 4.99 MiB/s
2022-09-11T21:15:07.9179505Z Receiving objects:  81% (37861/46741), 2.57 MiB | 4.99 MiB/s
2022-09-11T21:15:07.9196255Z Receiving objects:  82% (38328/46741), 2.57 MiB | 4.99 MiB/s
2022-09-11T21:15:07.9212076Z Receiving objects:  83% (38796/46741), 2.57 MiB | 4.99 MiB/s
2022-09-11T21:15:07.9227314Z Receiving objects:  84% (39263/46741), 2.57 MiB | 4.99 MiB/s
2022-09-11T21:15:07.9242751Z Receiving objects:  85% (39730/46741), 2.57 MiB | 4.99 MiB/s
2022-09-11T21:15:07.9263215Z Receiving objects:  86% (40198/46741), 2.57 MiB | 4.99 MiB/s
2022-09-11T21:15:07.9285452Z Receiving objects:  87% (40665/46741), 2.57 MiB | 4.99 MiB/s
2022-09-11T21:15:07.9312785Z Receiving objects:  88% (41133/46741), 2.57 MiB | 4.99 MiB/s
2022-09-11T21:15:07.9594433Z Receiving objects:  89% (41600/46741), 2.57 MiB | 4.99 MiB/s
2022-09-11T21:15:07.9616893Z Receiving objects:  90% (42067/46741), 2.57 MiB | 4.99 MiB/s
2022-09-11T21:15:07.9661724Z Receiving objects:  91% (42535/46741), 2.57 MiB | 4.99 MiB/s
2022-09-11T21:15:07.9678510Z Receiving objects:  92% (43002/46741), 2.57 MiB | 4.99 MiB/s
2022-09-11T21:15:07.9701556Z Receiving objects:  93% (43470/46741), 2.57 MiB | 4.99 MiB/s
2022-09-11T21:15:07.9712717Z Receiving objects:  94% (43937/46741), 2.57 MiB | 4.99 MiB/s
2022-09-11T21:15:07.9755355Z Receiving objects:  95% (44404/46741), 2.57 MiB | 4.99 MiB/s
2022-09-11T21:15:07.9768325Z Receiving objects:  96% (44872/46741), 2.57 MiB | 4.99 MiB/s
2022-09-11T21:15:07.9779431Z Receiving objects:  97% (45339/46741), 2.57 MiB | 4.99 MiB/s
2022-09-11T21:15:07.9807263Z Receiving objects:  98% (45807/46741), 2.57 MiB | 4.99 MiB/s
2022-09-11T21:15:07.9889122Z Receiving objects:  99% (46274/46741), 2.57 MiB | 4.99 MiB/s
2022-09-11T21:15:08.0076727Z Receiving objects:  99% (46585/46741), 2.57 MiB | 4.99 MiB/s
2022-09-11T21:15:08.0077480Z remote: Total 46741 (delta 811), reused 2037 (delta 743), pack-reused 44586        
2022-09-11T21:15:08.0108144Z Receiving objects: 100% (46741/46741), 16.29 MiB | 16.07 MiB/s
2022-09-11T21:15:08.0108473Z Receiving objects: 100% (46741/46741), 16.44 MiB | 16.09 MiB/s, done.
2022-09-11T21:15:08.0188698Z Resolving deltas:   0% (0/27759)
2022-09-11T21:15:08.0222929Z Resolving deltas:   1% (278/27759)
2022-09-11T21:15:08.0250820Z Resolving deltas:   2% (556/27759)
2022-09-11T21:15:08.0298067Z Resolving deltas:   3% (833/27759)
2022-09-11T21:15:08.0360245Z Resolving deltas:   4% (1111/27759)
2022-09-11T21:15:08.0425771Z Resolving deltas:   5% (1388/27759)
2022-09-11T21:15:08.0483762Z Resolving deltas:   6% (1666/27759)
2022-09-11T21:15:08.0552785Z Resolving deltas:   7% (1944/27759)
2022-09-11T21:15:08.0611482Z Resolving deltas:   8% (2221/27759)
2022-09-11T21:15:08.0670481Z Resolving deltas:   9% (2499/27759)
2022-09-11T21:15:08.0723554Z Resolving deltas:  10% (2776/27759)
2022-09-11T21:15:08.0759434Z Resolving deltas:  11% (3054/27759)
2022-09-11T21:15:08.0840225Z Resolving deltas:  12% (3332/27759)
2022-09-11T21:15:08.0900531Z Resolving deltas:  13% (3609/27759)
2022-09-11T21:15:08.0933540Z Resolving deltas:  14% (3887/27759)
2022-09-11T21:15:08.0975910Z Resolving deltas:  15% (4164/27759)
2022-09-11T21:15:08.1070993Z Resolving deltas:  16% (4442/27759)
2022-09-11T21:15:08.1186052Z Resolving deltas:  17% (4720/27759)
2022-09-11T21:15:08.1258416Z Resolving deltas:  18% (4997/27759)
2022-09-11T21:15:08.1540620Z Resolving deltas:  19% (5275/27759)
2022-09-11T21:15:08.1699838Z Resolving deltas:  20% (5552/27759)
2022-09-11T21:15:08.1820874Z Resolving deltas:  21% (5830/27759)
2022-09-11T21:15:08.1941791Z Resolving deltas:  22% (6107/27759)
2022-09-11T21:15:08.2048850Z Resolving deltas:  23% (6385/27759)
2022-09-11T21:15:08.2166446Z Resolving deltas:  24% (6663/27759)
2022-09-11T21:15:08.2274546Z Resolving deltas:  25% (6940/27759)
2022-09-11T21:15:08.2350109Z Resolving deltas:  26% (7218/27759)
2022-09-11T21:15:08.2431221Z Resolving deltas:  27% (7495/27759)
2022-09-11T21:15:08.2505321Z Resolving deltas:  28% (7773/27759)
2022-09-11T21:15:08.2631824Z Resolving deltas:  29% (8051/27759)
2022-09-11T21:15:08.2725687Z Resolving deltas:  30% (8328/27759)
2022-09-11T21:15:08.2824384Z Resolving deltas:  31% (8606/27759)
2022-09-11T21:15:08.2931436Z Resolving deltas:  32% (8883/27759)
2022-09-11T21:15:08.2981736Z Resolving deltas:  33% (9161/27759)
2022-09-11T21:15:08.3033668Z Resolving deltas:  34% (9439/27759)
2022-09-11T21:15:08.3113224Z Resolving deltas:  35% (9716/27759)
2022-09-11T21:15:08.3245402Z Resolving deltas:  36% (9994/27759)
2022-09-11T21:15:08.3313570Z Resolving deltas:  37% (10271/27759)
2022-09-11T21:15:08.3368440Z Resolving deltas:  38% (10549/27759)
2022-09-11T21:15:08.3449095Z Resolving deltas:  39% (10827/27759)
2022-09-11T21:15:08.3476690Z Resolving deltas:  40% (11104/27759)
2022-09-11T21:15:08.3503080Z Resolving deltas:  41% (11382/27759)
2022-09-11T21:15:08.3540194Z Resolving deltas:  42% (11659/27759)
2022-09-11T21:15:08.4114793Z Resolving deltas:  43% (11937/27759)
2022-09-11T21:15:08.4550434Z Resolving deltas:  44% (12214/27759)
2022-09-11T21:15:08.4622908Z Resolving deltas:  45% (12492/27759)
2022-09-11T21:15:08.4714747Z Resolving deltas:  46% (12770/27759)
2022-09-11T21:15:08.4808339Z Resolving deltas:  47% (13047/27759)
2022-09-11T21:15:08.4886845Z Resolving deltas:  48% (13325/27759)
2022-09-11T21:15:08.4958707Z Resolving deltas:  49% (13602/27759)
2022-09-11T21:15:08.5039073Z Resolving deltas:  50% (13880/27759)
2022-09-11T21:15:08.5112821Z Resolving deltas:  51% (14158/27759)
2022-09-11T21:15:08.5127982Z Resolving deltas:  52% (14435/27759)
2022-09-11T21:15:08.5156694Z Resolving deltas:  53% (14713/27759)
2022-09-11T21:15:08.5188661Z Resolving deltas:  54% (14990/27759)
2022-09-11T21:15:08.5248317Z Resolving deltas:  55% (15268/27759)
2022-09-11T21:15:08.5295737Z Resolving deltas:  56% (15546/27759)
2022-09-11T21:15:08.5327510Z Resolving deltas:  57% (15823/27759)
2022-09-11T21:15:08.5384684Z Resolving deltas:  58% (16101/27759)
2022-09-11T21:15:08.5404962Z Resolving deltas:  59% (16378/27759)
2022-09-11T21:15:08.5450280Z Resolving deltas:  60% (16656/27759)
2022-09-11T21:15:08.5546590Z Resolving deltas:  61% (16933/27759)
2022-09-11T21:15:08.5605679Z Resolving deltas:  62% (17211/27759)
2022-09-11T21:15:08.5634311Z Resolving deltas:  63% (17489/27759)
2022-09-11T21:15:08.5668707Z Resolving deltas:  64% (17766/27759)
2022-09-11T21:15:08.5695442Z Resolving deltas:  65% (18044/27759)
2022-09-11T21:15:08.5720991Z Resolving deltas:  66% (18321/27759)
2022-09-11T21:15:08.5746607Z Resolving deltas:  67% (18599/27759)
2022-09-11T21:15:08.5773031Z Resolving deltas:  68% (18877/27759)
2022-09-11T21:15:08.5840134Z Resolving deltas:  69% (19154/27759)
2022-09-11T21:15:08.5859928Z Resolving deltas:  70% (19432/27759)
2022-09-11T21:15:08.5887769Z Resolving deltas:  71% (19709/27759)
2022-09-11T21:15:08.5954619Z Resolving deltas:  72% (19987/27759)
2022-09-11T21:15:08.6021927Z Resolving deltas:  73% (20265/27759)
2022-09-11T21:15:08.6111395Z Resolving deltas:  74% (20542/27759)
2022-09-11T21:15:08.6453824Z Resolving deltas:  75% (20820/27759)
2022-09-11T21:15:08.6750274Z Resolving deltas:  76% (21097/27759)
2022-09-11T21:15:08.6792375Z Resolving deltas:  77% (21375/27759)
2022-09-11T21:15:08.6859067Z Resolving deltas:  78% (21653/27759)
2022-09-11T21:15:08.6917140Z Resolving deltas:  79% (21930/27759)
2022-09-11T21:15:08.6969596Z Resolving deltas:  80% (22208/27759)
2022-09-11T21:15:08.7005608Z Resolving deltas:  81% (22485/27759)
2022-09-11T21:15:08.7084908Z Resolving deltas:  82% (22763/27759)
2022-09-11T21:15:08.7207439Z Resolving deltas:  83% (23040/27759)
2022-09-11T21:15:08.7237037Z Resolving deltas:  84% (23318/27759)
2022-09-11T21:15:08.7270801Z Resolving deltas:  85% (23596/27759)
2022-09-11T21:15:08.7292703Z Resolving deltas:  86% (23873/27759)
2022-09-11T21:15:08.7342649Z Resolving deltas:  87% (24151/27759)
2022-09-11T21:15:08.7360402Z Resolving deltas:  88% (24428/27759)
2022-09-11T21:15:08.7396567Z Resolving deltas:  89% (24706/27759)
2022-09-11T21:15:08.7431260Z Resolving deltas:  90% (24984/27759)
2022-09-11T21:15:08.7459452Z Resolving deltas:  91% (25261/27759)
2022-09-11T21:15:08.7493200Z Resolving deltas:  92% (25539/27759)
2022-09-11T21:15:08.7541949Z Resolving deltas:  93% (25816/27759)
2022-09-11T21:15:08.7571971Z Resolving deltas:  94% (26094/27759)
2022-09-11T21:15:08.7600198Z Resolving deltas:  95% (26372/27759)
2022-09-11T21:15:08.7631714Z Resolving deltas:  96% (26650/27759)
2022-09-11T21:15:08.7658368Z Resolving deltas:  97% (26927/27759)
2022-09-11T21:15:08.7687647Z Resolving deltas:  98% (27204/27759)
2022-09-11T21:15:08.7853959Z Resolving deltas:  99% (27482/27759)
2022-09-11T21:15:08.7854580Z Resolving deltas: 100% (27759/27759)
2022-09-11T21:15:08.7855344Z Resolving deltas: 100% (27759/27759), done.
2022-09-11T21:15:08.9075655Z From https://github.com/Netflix/spectator
2022-09-11T21:15:08.9077016Z  * [new branch]        0.14.x                                   -> origin/0.14.x
2022-09-11T21:15:08.9078182Z  * [new branch]        array-tag-set-spliterator                -> origin/array-tag-set-spliterator
2022-09-11T21:15:08.9079170Z  * [new branch]        gh-pages                                 -> origin/gh-pages
2022-09-11T21:15:08.9080210Z  * [new branch]        main                                     -> origin/main
2022-09-11T21:15:08.9105904Z  * [new branch]        registry-spliterator                     -> origin/registry-spliterator
2022-09-11T21:15:08.9136488Z  * [new branch]        v0.29.x                                  -> origin/v0.29.x
2022-09-11T21:15:08.9137316Z  * [new branch]        v0.65.x                                  -> origin/v0.65.x
2022-09-11T21:15:08.9140904Z  * [new branch]        v0.92.x                                  -> origin/v0.92.x
2022-09-11T21:15:08.9141814Z  * [new branch]        v0.99.x                                  -> origin/v0.99.x
2022-09-11T21:15:08.9143919Z  * [new tag]           0.10                                     -> 0.10
2022-09-11T21:15:08.9144654Z  * [new tag]           0.11                                     -> 0.11
2022-09-11T21:15:08.9146716Z  * [new tag]           0.12                                     -> 0.12
2022-09-11T21:15:08.9147414Z  * [new tag]           0.13                                     -> 0.13
2022-09-11T21:15:08.9149878Z  * [new tag]           0.14                                     -> 0.14
2022-09-11T21:15:08.9150612Z  * [new tag]           0.14.1                                   -> 0.14.1
2022-09-11T21:15:08.9151520Z  * [new tag]           0.14.2                                   -> 0.14.2
2022-09-11T21:15:08.9152177Z  * [new tag]           0.16                                     -> 0.16
2022-09-11T21:15:08.9153060Z  * [new tag]           0.17                                     -> 0.17
2022-09-11T21:15:08.9153713Z  * [new tag]           0.18                                     -> 0.18
2022-09-11T21:15:08.9156343Z  * [new tag]           0.8                                      -> 0.8
2022-09-11T21:15:08.9157069Z  * [new tag]           0.9                                      -> 0.9
2022-09-11T21:15:08.9158022Z  * [new tag]           v0.100.0                                 -> v0.100.0
2022-09-11T21:15:08.9158726Z  * [new tag]           v0.101.0                                 -> v0.101.0
2022-09-11T21:15:08.9159942Z  * [new tag]           v0.101.1                                 -> v0.101.1
2022-09-11T21:15:08.9160762Z  * [new tag]           v0.102.0                                 -> v0.102.0
2022-09-11T21:15:08.9163326Z  * [new tag]           v0.103.0                                 -> v0.103.0
2022-09-11T21:15:08.9164046Z  * [new tag]           v0.104.0                                 -> v0.104.0
2022-09-11T21:15:08.9165026Z  * [new tag]           v0.105.0                                 -> v0.105.0
2022-09-11T21:15:08.9165692Z  * [new tag]           v0.106.0                                 -> v0.106.0
2022-09-11T21:15:08.9166716Z  * [new tag]           v0.107.0                                 -> v0.107.0
2022-09-11T21:15:08.9167401Z  * [new tag]           v0.108.0                                 -> v0.108.0
2022-09-11T21:15:08.9170064Z  * [new tag]           v0.109.0                                 -> v0.109.0
2022-09-11T21:15:08.9170769Z  * [new tag]           v0.110.0                                 -> v0.110.0
2022-09-11T21:15:08.9171821Z  * [new tag]           v0.111.0                                 -> v0.111.0
2022-09-11T21:15:08.9172520Z  * [new tag]           v0.112.0                                 -> v0.112.0
2022-09-11T21:15:08.9173764Z  * [new tag]           v0.113.0                                 -> v0.113.0
2022-09-11T21:15:08.9174522Z  * [new tag]           v0.114.0                                 -> v0.114.0
2022-09-11T21:15:08.9177256Z  * [new tag]           v0.115.0                                 -> v0.115.0
2022-09-11T21:15:08.9177973Z  * [new tag]           v0.116.0                                 -> v0.116.0
2022-09-11T21:15:08.9178881Z  * [new tag]           v0.117.0                                 -> v0.117.0
2022-09-11T21:15:08.9179541Z  * [new tag]           v0.118.0                                 -> v0.118.0
2022-09-11T21:15:08.9180425Z  * [new tag]           v0.119.0                                 -> v0.119.0
2022-09-11T21:15:08.9181084Z  * [new tag]           v0.120.0                                 -> v0.120.0
2022-09-11T21:15:08.9183331Z  * [new tag]           v0.121.0                                 -> v0.121.0
2022-09-11T21:15:08.9184119Z  * [new tag]           v0.122.0                                 -> v0.122.0
2022-09-11T21:15:08.9186630Z  * [new tag]           v0.123.0                                 -> v0.123.0
2022-09-11T21:15:08.9187042Z  * [new tag]           v0.123.1                                 -> v0.123.1
2022-09-11T21:15:08.9187419Z  * [new tag]           v0.124.0                                 -> v0.124.0
2022-09-11T21:15:08.9187813Z  * [new tag]           v0.125.0                                 -> v0.125.0
2022-09-11T21:15:08.9188202Z  * [new tag]           v0.126.0                                 -> v0.126.0
2022-09-11T21:15:08.9188574Z  * [new tag]           v0.127.0                                 -> v0.127.0
2022-09-11T21:15:08.9189088Z  * [new tag]           v0.128.0                                 -> v0.128.0
2022-09-11T21:15:08.9189502Z  * [new tag]           v0.129.0                                 -> v0.129.0
2022-09-11T21:15:08.9189907Z  * [new tag]           v0.130.0                                 -> v0.130.0
2022-09-11T21:15:08.9190292Z  * [new tag]           v0.131.0                                 -> v0.131.0
2022-09-11T21:15:08.9190699Z  * [new tag]           v0.132.0                                 -> v0.132.0
2022-09-11T21:15:08.9191101Z  * [new tag]           v0.133.0                                 -> v0.133.0
2022-09-11T21:15:08.9191484Z  * [new tag]           v0.134.0                                 -> v0.134.0
2022-09-11T21:15:08.9191880Z  * [new tag]           v0.135.0                                 -> v0.135.0
2022-09-11T21:15:08.9192387Z  * [new tag]           v0.19.0                                  -> v0.19.0
2022-09-11T21:15:08.9192778Z  * [new tag]           v0.20.0                                  -> v0.20.0
2022-09-11T21:15:08.9193151Z  * [new tag]           v0.21.0                                  -> v0.21.0
2022-09-11T21:15:08.9193741Z  * [new tag]           v0.22.0                                  -> v0.22.0
2022-09-11T21:15:08.9194136Z  * [new tag]           v0.23.0                                  -> v0.23.0
2022-09-11T21:15:08.9194629Z  * [new tag]           v0.24.0                                  -> v0.24.0
2022-09-11T21:15:08.9195026Z  * [new tag]           v0.25.0                                  -> v0.25.0
2022-09-11T21:15:08.9198953Z  * [new tag]           v0.26.0                                  -> v0.26.0
2022-09-11T21:15:08.9199367Z  * [new tag]           v0.27.0                                  -> v0.27.0
2022-09-11T21:15:08.9199741Z  * [new tag]           v0.28.0                                  -> v0.28.0
2022-09-11T21:15:08.9200137Z  * [new tag]           v0.29.0                                  -> v0.29.0
2022-09-11T21:15:08.9200524Z  * [new tag]           v0.29.1                                  -> v0.29.1
2022-09-11T21:15:08.9200909Z  * [new tag]           v0.30.0                                  -> v0.30.0
2022-09-11T21:15:08.9201297Z  * [new tag]           v0.31.0                                  -> v0.31.0
2022-09-11T21:15:08.9201687Z  * [new tag]           v0.32.0                                  -> v0.32.0
2022-09-11T21:15:08.9202072Z  * [new tag]           v0.33.0                                  -> v0.33.0
2022-09-11T21:15:08.9202440Z  * [new tag]           v0.34.0                                  -> v0.34.0
2022-09-11T21:15:08.9207214Z  * [new tag]           v0.34.1                                  -> v0.34.1
2022-09-11T21:15:08.9207636Z  * [new tag]           v0.35.0                                  -> v0.35.0
2022-09-11T21:15:08.9208034Z  * [new tag]           v0.35.1                                  -> v0.35.1
2022-09-11T21:15:08.9208416Z  * [new tag]           v0.36.0                                  -> v0.36.0
2022-09-11T21:15:08.9208818Z  * [new tag]           v0.37.0                                  -> v0.37.0
2022-09-11T21:15:08.9209217Z  * [new tag]           v0.38.0                                  -> v0.38.0
2022-09-11T21:15:08.9209774Z  * [new tag]           v0.38.1                                  -> v0.38.1
2022-09-11T21:15:08.9214601Z  * [new tag]           v0.39.0                                  -> v0.39.0
2022-09-11T21:15:08.9215036Z  * [new tag]           v0.40.0                                  -> v0.40.0
2022-09-11T21:15:08.9215548Z  * [new tag]           v0.41.0                                  -> v0.41.0
2022-09-11T21:15:08.9216061Z  * [new tag]           v0.42.0                                  -> v0.42.0
2022-09-11T21:15:08.9216485Z  * [new tag]           v0.42.0-rc.1                             -> v0.42.0-rc.1
2022-09-11T21:15:08.9216922Z  * [new tag]           v0.42.0-rc.2                             -> v0.42.0-rc.2
2022-09-11T21:15:08.9222078Z  * [new tag]           v0.42.0-rc.3                             -> v0.42.0-rc.3
2022-09-11T21:15:08.9222509Z  * [new tag]           v0.43.0                                  -> v0.43.0
2022-09-11T21:15:08.9222929Z  * [new tag]           v0.44.0                                  -> v0.44.0
2022-09-11T21:15:08.9223340Z  * [new tag]           v0.45.0                                  -> v0.45.0
2022-09-11T21:15:08.9223733Z  * [new tag]           v0.46.0                                  -> v0.46.0
2022-09-11T21:15:08.9224138Z  * [new tag]           v0.47.0                                  -> v0.47.0
2022-09-11T21:15:08.9227316Z  * [new tag]           v0.48.0                                  -> v0.48.0
2022-09-11T21:15:08.9227740Z  * [new tag]           v0.49.0                                  -> v0.49.0
2022-09-11T21:15:08.9228127Z  * [new tag]           v0.50.0                                  -> v0.50.0
2022-09-11T21:15:08.9228527Z  * [new tag]           v0.51.0                                  -> v0.51.0
2022-09-11T21:15:08.9232384Z  * [new tag]           v0.52.0                                  -> v0.52.0
2022-09-11T21:15:08.9232798Z  * [new tag]           v0.53.0                                  -> v0.53.0
2022-09-11T21:15:08.9233427Z  * [new tag]           v0.54.0                                  -> v0.54.0
2022-09-11T21:15:08.9233838Z  * [new tag]           v0.55.0                                  -> v0.55.0
2022-09-11T21:15:08.9239388Z  * [new tag]           v0.56.0                                  -> v0.56.0
2022-09-11T21:15:08.9239803Z  * [new tag]           v0.57.0                                  -> v0.57.0
2022-09-11T21:15:08.9240210Z  * [new tag]           v0.57.1                                  -> v0.57.1
2022-09-11T21:15:08.9240610Z  * [new tag]           v0.58.0                                  -> v0.58.0
2022-09-11T21:15:08.9241009Z  * [new tag]           v0.58.1                                  -> v0.58.1
2022-09-11T21:15:08.9245717Z  * [new tag]           v0.58.2                                  -> v0.58.2
2022-09-11T21:15:08.9246125Z  * [new tag]           v0.59.0                                  -> v0.59.0
2022-09-11T21:15:08.9246509Z  * [new tag]           v0.60.0                                  -> v0.60.0
2022-09-11T21:15:08.9246890Z  * [new tag]           v0.61.0                                  -> v0.61.0
2022-09-11T21:15:08.9247287Z  * [new tag]           v0.62.0                                  -> v0.62.0
2022-09-11T21:15:08.9250772Z  * [new tag]           v0.63.0                                  -> v0.63.0
2022-09-11T21:15:08.9251187Z  * [new tag]           v0.64.0                                  -> v0.64.0
2022-09-11T21:15:08.9251567Z  * [new tag]           v0.65.0                                  -> v0.65.0
2022-09-11T21:15:08.9251952Z  * [new tag]           v0.65.1                                  -> v0.65.1
2022-09-11T21:15:08.9256030Z  * [new tag]           v0.66.0                                  -> v0.66.0
2022-09-11T21:15:08.9256430Z  * [new tag]           v0.67.0                                  -> v0.67.0
2022-09-11T21:15:08.9256819Z  * [new tag]           v0.68.0                                  -> v0.68.0
2022-09-11T21:15:08.9257214Z  * [new tag]           v0.69.0                                  -> v0.69.0
2022-09-11T21:15:08.9261185Z  * [new tag]           v0.70.0                                  -> v0.70.0
2022-09-11T21:15:08.9261809Z  * [new tag]           v0.70.0-rc.1                             -> v0.70.0-rc.1
2022-09-11T21:15:08.9262275Z  * [new tag]           v0.70.1                                  -> v0.70.1
2022-09-11T21:15:08.9262678Z  * [new tag]           v0.70.2                                  -> v0.70.2
2022-09-11T21:15:08.9302714Z  * [new tag]           v0.71.0                                  -> v0.71.0
2022-09-11T21:15:08.9303173Z  * [new tag]           v0.72.0                                  -> v0.72.0
2022-09-11T21:15:08.9303571Z  * [new tag]           v0.73.0                                  -> v0.73.0
2022-09-11T21:15:08.9303979Z  * [new tag]           v0.74.0                                  -> v0.74.0
2022-09-11T21:15:08.9304381Z  * [new tag]           v0.74.1                                  -> v0.74.1
2022-09-11T21:15:08.9304762Z  * [new tag]           v0.74.2                                  -> v0.74.2
2022-09-11T21:15:08.9305178Z  * [new tag]           v0.74.3                                  -> v0.74.3
2022-09-11T21:15:08.9305585Z  * [new tag]           v0.74.4                                  -> v0.74.4
2022-09-11T21:15:08.9306122Z  * [new tag]           v0.75.0                                  -> v0.75.0
2022-09-11T21:15:08.9306609Z  * [new tag]           v0.76.0                                  -> v0.76.0
2022-09-11T21:15:08.9307012Z  * [new tag]           v0.77.0                                  -> v0.77.0
2022-09-11T21:15:08.9307406Z  * [new tag]           v0.78.0                                  -> v0.78.0
2022-09-11T21:15:08.9307785Z  * [new tag]           v0.79.0                                  -> v0.79.0
2022-09-11T21:15:08.9308179Z  * [new tag]           v0.80.0                                  -> v0.80.0
2022-09-11T21:15:08.9308576Z  * [new tag]           v0.80.1                                  -> v0.80.1
2022-09-11T21:15:08.9309072Z  * [new tag]           v0.81.0                                  -> v0.81.0
2022-09-11T21:15:08.9309887Z  * [new tag]           v0.81.1                                  -> v0.81.1
2022-09-11T21:15:08.9310267Z  * [new tag]           v0.81.2                                  -> v0.81.2
2022-09-11T21:15:08.9310762Z  * [new tag]           v0.82.0                                  -> v0.82.0
2022-09-11T21:15:08.9311128Z  * [new tag]           v0.83.0                                  -> v0.83.0
2022-09-11T21:15:08.9311505Z  * [new tag]           v0.84.0                                  -> v0.84.0
2022-09-11T21:15:08.9311889Z  * [new tag]           v0.85.0                                  -> v0.85.0
2022-09-11T21:15:08.9312269Z  * [new tag]           v0.86.0                                  -> v0.86.0
2022-09-11T21:15:08.9312635Z  * [new tag]           v0.87.0                                  -> v0.87.0
2022-09-11T21:15:08.9313016Z  * [new tag]           v0.88.0                                  -> v0.88.0
2022-09-11T21:15:08.9313401Z  * [new tag]           v0.90.0                                  -> v0.90.0
2022-09-11T21:15:08.9313893Z  * [new tag]           v0.91.0                                  -> v0.91.0
2022-09-11T21:15:08.9314263Z  * [new tag]           v0.92.0                                  -> v0.92.0
2022-09-11T21:15:08.9314634Z  * [new tag]           v0.92.1                                  -> v0.92.1
2022-09-11T21:15:08.9315031Z  * [new tag]           v0.92.1-rc.1                             -> v0.92.1-rc.1
2022-09-11T21:15:08.9321271Z  * [new tag]           v0.92.2                                  -> v0.92.2
2022-09-11T21:15:08.9321722Z  * [new tag]           v0.93.0                                  -> v0.93.0
2022-09-11T21:15:08.9322124Z  * [new tag]           v0.94.0                                  -> v0.94.0
2022-09-11T21:15:08.9322518Z  * [new tag]           v0.95.0                                  -> v0.95.0
2022-09-11T21:15:08.9322900Z  * [new tag]           v0.95.1                                  -> v0.95.1
2022-09-11T21:15:08.9323307Z  * [new tag]           v0.96.0                                  -> v0.96.0
2022-09-11T21:15:08.9323902Z  * [new tag]           v0.97.0                                  -> v0.97.0
2022-09-11T21:15:08.9324323Z  * [new tag]           v0.98.0                                  -> v0.98.0
2022-09-11T21:15:08.9324728Z  * [new tag]           v0.99.0                                  -> v0.99.0
2022-09-11T21:15:08.9325124Z  * [new tag]           v0.99.1                                  -> v0.99.1
2022-09-11T21:15:08.9325516Z  * [new tag]           v0.99.2                                  -> v0.99.2
2022-09-11T21:15:08.9325944Z  * [new tag]           v1.0.0                                   -> v1.0.0
2022-09-11T21:15:08.9330587Z  * [new tag]           v1.0.1                                   -> v1.0.1
2022-09-11T21:15:08.9332114Z  * [new tag]           v1.0.10                                  -> v1.0.10
2022-09-11T21:15:08.9333795Z  * [new tag]           v1.0.11                                  -> v1.0.11
2022-09-11T21:15:08.9335276Z  * [new tag]           v1.0.12                                  -> v1.0.12
2022-09-11T21:15:08.9336728Z  * [new tag]           v1.0.13                                  -> v1.0.13
2022-09-11T21:15:08.9338300Z  * [new tag]           v1.0.14                                  -> v1.0.14
2022-09-11T21:15:08.9340734Z  * [new tag]           v1.0.2                                   -> v1.0.2
2022-09-11T21:15:08.9342920Z  * [new tag]           v1.0.3                                   -> v1.0.3
2022-09-11T21:15:08.9343350Z  * [new tag]           v1.0.4                                   -> v1.0.4
2022-09-11T21:15:08.9343758Z  * [new tag]           v1.0.5                                   -> v1.0.5
2022-09-11T21:15:08.9344146Z  * [new tag]           v1.0.6                                   -> v1.0.6
2022-09-11T21:15:08.9346271Z  * [new tag]           v1.0.7                                   -> v1.0.7
2022-09-11T21:15:08.9346811Z  * [new tag]           v1.0.8                                   -> v1.0.8
2022-09-11T21:15:08.9348049Z  * [new tag]           v1.0.9                                   -> v1.0.9
2022-09-11T21:15:08.9348477Z  * [new tag]           v1.1.0                                   -> v1.1.0
2022-09-11T21:15:08.9348880Z  * [new tag]           v1.1.1                                   -> v1.1.1
2022-09-11T21:15:08.9356782Z  * [new tag]           v1.1.2                                   -> v1.1.2
2022-09-11T21:15:08.9357306Z  * [new tag]           v1.2.0                                   -> v1.2.0
2022-09-11T21:15:08.9358794Z  * [new tag]           v1.2.1                                   -> v1.2.1
2022-09-11T21:15:08.9359218Z  * [new tag]           v1.2.2                                   -> v1.2.2
2022-09-11T21:15:08.9359623Z  * [new tag]           v1.3.0                                   -> v1.3.0
2022-09-11T21:15:08.9360016Z  * [new tag]           v1.3.1                                   -> v1.3.1
2022-09-11T21:15:08.9361502Z  * [new tag]           v1.3.2                                   -> v1.3.2
2022-09-11T21:15:08.9362013Z  * [new tag]           v1.3.3                                   -> v1.3.3
2022-09-11T21:15:08.9362411Z  * [new tag]           v1.3.4                                   -> v1.3.4
2022-09-11T21:15:08.9363519Z  * [new tag]           v1.3.5                                   -> v1.3.5
2022-09-11T21:15:08.9363924Z  * [new tag]           v1.3.6                                   -> v1.3.6
2022-09-11T21:15:08.9364327Z  * [new tag]           v1.3.7                                   -> v1.3.7
2022-09-11T21:15:08.9364790Z  * [new ref]           02e14cad5f1b67b791d4954c2a6833499ce09a8f -> pull/989/merge
2022-09-11T21:15:08.9416485Z ##[endgroup]
2022-09-11T21:15:08.9417488Z ##[group]Determining the checkout info
2022-09-11T21:15:08.9418500Z ##[endgroup]
2022-09-11T21:15:08.9419260Z ##[group]Checking out the ref
2022-09-11T21:15:08.9433168Z [command]/usr/bin/git checkout --progress --force refs/remotes/pull/989/merge
2022-09-11T21:15:09.0001777Z Note: switching to 'refs/remotes/pull/989/merge'.
2022-09-11T21:15:09.0002372Z 
2022-09-11T21:15:09.0015262Z You are in 'detached HEAD' state. You can look around, make experimental
2022-09-11T21:15:09.0016118Z changes and commit them, and you can discard any commits you make in this
2022-09-11T21:15:09.0017144Z state without impacting any branches by switching back to a branch.
2022-09-11T21:15:09.0017577Z 
2022-09-11T21:15:09.0018183Z If you want to create a new branch to retain commits you create, you may
2022-09-11T21:15:09.0018914Z do so (now or later) by using -c with the switch command. Example:
2022-09-11T21:15:09.0019580Z 
2022-09-11T21:15:09.0019993Z   git switch -c <new-branch-name>
2022-09-11T21:15:09.0020623Z 
2022-09-11T21:15:09.0020934Z Or undo this operation with:
2022-09-11T21:15:09.0021503Z 
2022-09-11T21:15:09.0021780Z   git switch -
2022-09-11T21:15:09.0022321Z 
2022-09-11T21:15:09.0022705Z Turn off this advice by setting config variable advice.detachedHead to false
2022-09-11T21:15:09.0023338Z 
2022-09-11T21:15:09.0023777Z HEAD is now at 02e14cad Merge cabb5dc343a00252d7ac11d5d5b69a538e602cea into 2412c627c1c991d923e7ac31eb0e22d41e82a8a6
2022-09-11T21:15:09.0025143Z ##[endgroup]
2022-09-11T21:15:09.0068348Z [command]/usr/bin/git log -1 --format='%H'
2022-09-11T21:15:09.0101412Z '02e14cad5f1b67b791d4954c2a6833499ce09a8f'
2022-09-11T21:15:09.0395372Z ##[group]Run gradle/wrapper-validation-action@v1
2022-09-11T21:15:09.0395686Z with:
2022-09-11T21:15:09.0395889Z   min-wrapper-count: 1
2022-09-11T21:15:09.0396135Z   allow-snapshots: false
2022-09-11T21:15:09.0396424Z ##[endgroup]
2022-09-11T21:15:10.1692240Z  Found known Gradle Wrapper JAR files:
2022-09-11T21:15:10.1693601Z   575098db54a998ff1c6770b352c3b16766c09848bee7555dab09afc34e8cf590 gradle/wrapper/gradle-wrapper.jar
2022-09-11T21:15:10.1861419Z ##[group]Run actions/setup-java@v3
2022-09-11T21:15:10.1861698Z with:
2022-09-11T21:15:10.1861890Z   java-version: 8
2022-09-11T21:15:10.1862114Z   distribution: zulu
2022-09-11T21:15:10.1862330Z   cache: gradle
2022-09-11T21:15:10.1862698Z   java-package: jdk
2022-09-11T21:15:10.1862913Z   architecture: x64
2022-09-11T21:15:10.1863137Z   check-latest: false
2022-09-11T21:15:10.1863346Z   server-id: github
2022-09-11T21:15:10.1863634Z   server-username: GITHUB_ACTOR
2022-09-11T21:15:10.1864038Z   server-password: GITHUB_TOKEN
2022-09-11T21:15:10.1864280Z   overwrite-settings: true
2022-09-11T21:15:10.1864513Z   job-status: success
2022-09-11T21:15:10.1864727Z ##[endgroup]
2022-09-11T21:15:10.4349963Z ##[group]Installed distributions
2022-09-11T21:15:10.4404517Z Trying to resolve the latest version from remote
2022-09-11T21:15:10.5051099Z Resolved latest version as 8.0.345+1
2022-09-11T21:15:10.5051816Z Trying to download...
2022-09-11T21:15:10.5055010Z Downloading Java 8.0.345+1 (Zulu) from https://cdn.azul.com/zulu/bin/zulu8.64.0.19-ca-jdk8.0.345-linux_x64.tar.gz ...
2022-09-11T21:15:11.4062267Z Extracting Java archive...
2022-09-11T21:15:11.4203682Z [command]/usr/bin/tar xz --warning=no-unknown-keyword -C /home/runner/work/_temp/d197ca6d-284d-4604-82aa-39d3ef490617 -f /home/runner/work/_temp/ccd40c33-392e-4654-be80-a5f399ed2d53
2022-09-11T21:15:14.0805348Z Java 8.0.345+1 was downloaded
2022-09-11T21:15:14.0806147Z Setting Java 8.0.345+1 as the default
2022-09-11T21:15:14.0815130Z 
2022-09-11T21:15:14.0824795Z 
2022-09-11T21:15:14.0826132Z 
2022-09-11T21:15:14.0829079Z 
2022-09-11T21:15:14.0829340Z Java configuration:
2022-09-11T21:15:14.0829987Z   Distribution: zulu
2022-09-11T21:15:14.0830700Z   Version: 8.0.345+1
2022-09-11T21:15:14.0831677Z   Path: /opt/hostedtoolcache/Java_Zulu_jdk/8.0.345-1/x64
2022-09-11T21:15:14.0832399Z 
2022-09-11T21:15:14.0832833Z ##[endgroup]
2022-09-11T21:15:14.0868532Z Creating settings.xml with server-id: github
2022-09-11T21:15:14.0960143Z Writing to /home/runner/.m2/settings.xml
2022-09-11T21:15:15.8602401Z Received 0 of 458631962 (0.0%), 0.0 MBs/sec
2022-09-11T21:15:16.8614543Z Received 67108864 of 458631962 (14.6%), 32.0 MBs/sec
2022-09-11T21:15:17.8618232Z Received 188743680 of 458631962 (41.2%), 60.0 MBs/sec
2022-09-11T21:15:18.8620458Z Received 314572800 of 458631962 (68.6%), 75.0 MBs/sec
2022-09-11T21:15:19.8643176Z Received 450243354 of 458631962 (98.2%), 85.8 MBs/sec
2022-09-11T21:15:20.3404448Z Received 458631962 of 458631962 (100.0%), 79.8 MBs/sec
2022-09-11T21:15:20.3407164Z Cache Size: ~437 MB (458631962 B)
2022-09-11T21:15:20.3515477Z [command]/usr/bin/tar --use-compress-program zstd -d -xf /home/runner/work/_temp/80722470-6ff8-4db3-9a4d-5140d221d006/cache.tzst -P -C /home/runner/work/spectator/spectator
2022-09-11T21:15:22.4594847Z Cache restored successfully
2022-09-11T21:15:22.8813051Z 
2022-09-11T21:15:22.8814733Z Cache restored from key: setup-java-Linux-gradle-d643f14da3f208ff2d5d24e97436b68e23eeff456cf97cdbe5699bf2960a6327
2022-09-11T21:15:22.9390971Z ##[group]Run echo "JDK8=$JAVA_HOME" >> $GITHUB_ENV
2022-09-11T21:15:22.9391385Z [36;1mecho "JDK8=$JAVA_HOME" >> $GITHUB_ENV[0m
2022-09-11T21:15:22.9457622Z shell: /usr/bin/bash -e {0}
2022-09-11T21:15:22.9457868Z env:
2022-09-11T21:15:22.9458162Z   JAVA_HOME: /opt/hostedtoolcache/Java_Zulu_jdk/8.0.345-1/x64
2022-09-11T21:15:22.9458515Z   JAVA_HOME_8_X64: /opt/hostedtoolcache/Java_Zulu_jdk/8.0.345-1/x64
2022-09-11T21:15:22.9458804Z ##[endgroup]
2022-09-11T21:15:22.9748272Z ##[group]Run actions/setup-java@v3
2022-09-11T21:15:22.9748567Z with:
2022-09-11T21:15:22.9748786Z   java-version: 11
2022-09-11T21:15:22.9749186Z   distribution: zulu
2022-09-11T21:15:22.9749426Z   cache: gradle
2022-09-11T21:15:22.9749649Z   java-package: jdk
2022-09-11T21:15:22.9749891Z   architecture: x64
2022-09-11T21:15:22.9750134Z   check-latest: false
2022-09-11T21:15:22.9750375Z   server-id: github
2022-09-11T21:15:22.9750634Z   server-username: GITHUB_ACTOR
2022-09-11T21:15:22.9750911Z   server-password: GITHUB_TOKEN
2022-09-11T21:15:22.9751199Z   overwrite-settings: true
2022-09-11T21:15:22.9751457Z   job-status: success
2022-09-11T21:15:22.9751832Z env:
2022-09-11T21:15:22.9752236Z   JAVA_HOME: /opt/hostedtoolcache/Java_Zulu_jdk/8.0.345-1/x64
2022-09-11T21:15:22.9752779Z   JAVA_HOME_8_X64: /opt/hostedtoolcache/Java_Zulu_jdk/8.0.345-1/x64
2022-09-11T21:15:22.9753110Z   JDK8: /opt/hostedtoolcache/Java_Zulu_jdk/8.0.345-1/x64
2022-09-11T21:15:22.9753376Z ##[endgroup]
2022-09-11T21:15:23.2315881Z ##[group]Installed distributions
2022-09-11T21:15:23.2380664Z Trying to resolve the latest version from remote
2022-09-11T21:15:23.2950730Z Resolved latest version as 11.0.16+8
2022-09-11T21:15:23.2951384Z Trying to download...
2022-09-11T21:15:23.2952590Z Downloading Java 11.0.16+8 (Zulu) from https://cdn.azul.com/zulu/bin/zulu11.58.15-ca-jdk11.0.16-linux_x64.tar.gz ...
2022-09-11T21:15:25.6735410Z Extracting Java archive...
2022-09-11T21:15:25.6924373Z [command]/usr/bin/tar xz --warning=no-unknown-keyword -C /home/runner/work/_temp/8a2ed08a-bcac-4882-b6e8-ea27d0c10a6e -f /home/runner/work/_temp/336c4ce6-3b21-4e2b-ade0-6cd63c2cf72d
2022-09-11T21:15:30.7845400Z Java 11.0.16+8 was downloaded
2022-09-11T21:15:30.7845796Z Setting Java 11.0.16+8 as the default
2022-09-11T21:15:30.7856059Z 
2022-09-11T21:15:30.7857505Z 
2022-09-11T21:15:30.7858061Z 
2022-09-11T21:15:30.7860192Z 
2022-09-11T21:15:30.7860424Z Java configuration:
2022-09-11T21:15:30.7860765Z   Distribution: zulu
2022-09-11T21:15:30.7861115Z   Version: 11.0.16+8
2022-09-11T21:15:30.7861642Z   Path: /opt/hostedtoolcache/Java_Zulu_jdk/11.0.16-8/x64
2022-09-11T21:15:30.7861935Z 
2022-09-11T21:15:30.7862355Z ##[endgroup]
2022-09-11T21:15:30.7869208Z Creating settings.xml with server-id: github
2022-09-11T21:15:30.7978636Z Overwriting existing file /home/runner/.m2/settings.xml
2022-09-11T21:15:32.5509682Z Received 0 of 458631962 (0.0%), 0.0 MBs/sec
2022-09-11T21:15:33.5514710Z Received 75497472 of 458631962 (16.5%), 36.0 MBs/sec
2022-09-11T21:15:34.5530959Z Received 209715200 of 458631962 (45.7%), 66.6 MBs/sec
2022-09-11T21:15:35.5541069Z Received 339738624 of 458631962 (74.1%), 80.9 MBs/sec
2022-09-11T21:15:36.8250033Z Received 458631962 of 458631962 (100.0%), 82.9 MBs/sec
2022-09-11T21:15:36.8256249Z Cache Size: ~437 MB (458631962 B)
2022-09-11T21:15:36.8335369Z [command]/usr/bin/tar --use-compress-program zstd -d -xf /home/runner/work/_temp/fb2060a7-86fb-487f-94f6-d8742961ba7b/cache.tzst -P -C /home/runner/work/spectator/spectator
2022-09-11T21:15:38.3937325Z Cache restored successfully
2022-09-11T21:15:38.5809093Z 
2022-09-11T21:15:38.5810537Z Cache restored from key: setup-java-Linux-gradle-d643f14da3f208ff2d5d24e97436b68e23eeff456cf97cdbe5699bf2960a6327
2022-09-11T21:15:38.5975162Z ##[group]Run echo "JDK11=$JAVA_HOME" >> $GITHUB_ENV
2022-09-11T21:15:38.5975495Z [36;1mecho "JDK11=$JAVA_HOME" >> $GITHUB_ENV[0m
2022-09-11T21:15:38.6030484Z shell: /usr/bin/bash -e {0}
2022-09-11T21:15:38.6030695Z env:
2022-09-11T21:15:38.6030958Z   JAVA_HOME: /opt/hostedtoolcache/Java_Zulu_jdk/11.0.16-8/x64
2022-09-11T21:15:38.6031295Z   JAVA_HOME_8_X64: /opt/hostedtoolcache/Java_Zulu_jdk/8.0.345-1/x64
2022-09-11T21:15:38.6031623Z   JDK8: /opt/hostedtoolcache/Java_Zulu_jdk/8.0.345-1/x64
2022-09-11T21:15:38.6031947Z   JAVA_HOME_11_X64: /opt/hostedtoolcache/Java_Zulu_jdk/11.0.16-8/x64
2022-09-11T21:15:38.6032227Z ##[endgroup]
2022-09-11T21:15:38.6152404Z ##[group]Run actions/setup-java@v3
2022-09-11T21:15:38.6152671Z with:
2022-09-11T21:15:38.6152871Z   java-version: 17
2022-09-11T21:15:38.6153087Z   distribution: zulu
2022-09-11T21:15:38.6153297Z   cache: gradle
2022-09-11T21:15:38.6153497Z   java-package: jdk
2022-09-11T21:15:38.6153714Z   architecture: x64
2022-09-11T21:15:38.6153931Z   check-latest: false
2022-09-11T21:15:38.6154146Z   server-id: github
2022-09-11T21:15:38.6154376Z   server-username: GITHUB_ACTOR
2022-09-11T21:15:38.6154636Z   server-password: GITHUB_TOKEN
2022-09-11T21:15:38.6154889Z   overwrite-settings: true
2022-09-11T21:15:38.6155120Z   job-status: success
2022-09-11T21:15:38.6155318Z env:
2022-09-11T21:15:38.6155569Z   JAVA_HOME: /opt/hostedtoolcache/Java_Zulu_jdk/11.0.16-8/x64
2022-09-11T21:15:38.6155902Z   JAVA_HOME_8_X64: /opt/hostedtoolcache/Java_Zulu_jdk/8.0.345-1/x64
2022-09-11T21:15:38.6156228Z   JDK8: /opt/hostedtoolcache/Java_Zulu_jdk/8.0.345-1/x64
2022-09-11T21:15:38.6156731Z   JAVA_HOME_11_X64: /opt/hostedtoolcache/Java_Zulu_jdk/11.0.16-8/x64
2022-09-11T21:15:38.6157059Z   JDK11: /opt/hostedtoolcache/Java_Zulu_jdk/11.0.16-8/x64
2022-09-11T21:15:38.6157315Z ##[endgroup]
2022-09-11T21:15:38.8439890Z ##[group]Installed distributions
2022-09-11T21:15:38.8512713Z Trying to resolve the latest version from remote
2022-09-11T21:15:38.8999532Z Resolved latest version as 17.0.4+8
2022-09-11T21:15:38.9000156Z Trying to download...
2022-09-11T21:15:38.9001150Z Downloading Java 17.0.4+8 (Zulu) from https://cdn.azul.com/zulu/bin/zulu17.36.13-ca-jdk17.0.4-linux_x64.tar.gz ...
2022-09-11T21:15:41.0920567Z Extracting Java archive...
2022-09-11T21:15:41.1072539Z [command]/usr/bin/tar xz --warning=no-unknown-keyword -C /home/runner/work/_temp/3f37219f-802b-479e-83eb-80fe7f5ba7e2 -f /home/runner/work/_temp/b02cd581-33b7-45dd-bcd1-bf27a207929f
2022-09-11T21:15:45.8309565Z Java 17.0.4+8 was downloaded
2022-09-11T21:15:45.8310331Z Setting Java 17.0.4+8 as the default
2022-09-11T21:15:45.8324459Z 
2022-09-11T21:15:45.8328402Z 
2022-09-11T21:15:45.8332227Z 
2022-09-11T21:15:45.8340035Z 
2022-09-11T21:15:45.8340301Z Java configuration:
2022-09-11T21:15:45.8340570Z   Distribution: zulu
2022-09-11T21:15:45.8342649Z   Version: 17.0.4+8
2022-09-11T21:15:45.8345228Z   Path: /opt/hostedtoolcache/Java_Zulu_jdk/17.0.4-8/x64
2022-09-11T21:15:45.8347725Z 
2022-09-11T21:15:45.8350154Z ##[endgroup]
2022-09-11T21:15:45.8353361Z Creating settings.xml with server-id: github
2022-09-11T21:15:45.8500250Z Overwriting existing file /home/runner/.m2/settings.xml
2022-09-11T21:15:47.5615387Z Received 0 of 458631962 (0.0%), 0.0 MBs/sec
2022-09-11T21:15:48.5647484Z Received 71303168 of 458631962 (15.5%), 33.9 MBs/sec
2022-09-11T21:15:49.5649956Z Received 201326592 of 458631962 (43.9%), 63.9 MBs/sec
2022-09-11T21:15:50.5669037Z Received 348127232 of 458631962 (75.9%), 82.9 MBs/sec
2022-09-11T21:15:51.6652077Z Received 458631962 of 458631962 (100.0%), 85.7 MBs/sec
2022-09-11T21:15:51.6654410Z Cache Size: ~437 MB (458631962 B)
2022-09-11T21:15:51.6708275Z [command]/usr/bin/tar --use-compress-program zstd -d -xf /home/runner/work/_temp/8c494de7-03d8-4aea-9772-0dc0be454f9d/cache.tzst -P -C /home/runner/work/spectator/spectator
2022-09-11T21:15:53.5683608Z Cache restored successfully
2022-09-11T21:15:53.6554354Z 
2022-09-11T21:15:53.6556795Z Cache restored from key: setup-java-Linux-gradle-d643f14da3f208ff2d5d24e97436b68e23eeff456cf97cdbe5699bf2960a6327
2022-09-11T21:15:53.7178826Z ##[group]Run echo "JDK17=$JAVA_HOME" >> $GITHUB_ENV
2022-09-11T21:15:53.7179215Z [36;1mecho "JDK17=$JAVA_HOME" >> $GITHUB_ENV[0m
2022-09-11T21:15:53.7239879Z shell: /usr/bin/bash -e {0}
2022-09-11T21:15:53.7240129Z env:
2022-09-11T21:15:53.7240414Z   JAVA_HOME: /opt/hostedtoolcache/Java_Zulu_jdk/17.0.4-8/x64
2022-09-11T21:15:53.7240896Z   JAVA_HOME_8_X64: /opt/hostedtoolcache/Java_Zulu_jdk/8.0.345-1/x64
2022-09-11T21:15:53.7241259Z   JDK8: /opt/hostedtoolcache/Java_Zulu_jdk/8.0.345-1/x64
2022-09-11T21:15:53.7241636Z   JAVA_HOME_11_X64: /opt/hostedtoolcache/Java_Zulu_jdk/11.0.16-8/x64
2022-09-11T21:15:53.7242003Z   JDK11: /opt/hostedtoolcache/Java_Zulu_jdk/11.0.16-8/x64
2022-09-11T21:15:53.7242368Z   JAVA_HOME_17_X64: /opt/hostedtoolcache/Java_Zulu_jdk/17.0.4-8/x64
2022-09-11T21:15:53.7242671Z ##[endgroup]
2022-09-11T21:15:53.7848616Z ##[group]Run ./gradlew build
2022-09-11T21:15:53.7849048Z [36;1m./gradlew build[0m
2022-09-11T21:15:53.7915589Z shell: /usr/bin/bash -e {0}
2022-09-11T21:15:53.7915933Z env:
2022-09-11T21:15:53.7916302Z   JAVA_HOME: /opt/hostedtoolcache/Java_Zulu_jdk/17.0.4-8/x64
2022-09-11T21:15:53.7916854Z   JAVA_HOME_8_X64: /opt/hostedtoolcache/Java_Zulu_jdk/8.0.345-1/x64
2022-09-11T21:15:53.7917305Z   JDK8: /opt/hostedtoolcache/Java_Zulu_jdk/8.0.345-1/x64
2022-09-11T21:15:53.7917868Z   JAVA_HOME_11_X64: /opt/hostedtoolcache/Java_Zulu_jdk/11.0.16-8/x64
2022-09-11T21:15:53.7918314Z   JDK11: /opt/hostedtoolcache/Java_Zulu_jdk/11.0.16-8/x64
2022-09-11T21:15:53.7920041Z   JAVA_HOME_17_X64: /opt/hostedtoolcache/Java_Zulu_jdk/17.0.4-8/x64
2022-09-11T21:15:53.7920752Z   JDK17: /opt/hostedtoolcache/Java_Zulu_jdk/17.0.4-8/x64
2022-09-11T21:15:53.7921241Z ##[endgroup]
2022-09-11T21:15:54.4580016Z 
2022-09-11T21:15:54.4581388Z Welcome to Gradle 7.5.1!
2022-09-11T21:15:54.4581842Z 
2022-09-11T21:15:54.4583748Z Here are the highlights of this release:
2022-09-11T21:15:54.4584965Z  - Support for Java 18
2022-09-11T21:15:54.4586119Z  - Support for building with Groovy 4
2022-09-11T21:15:54.4587557Z  - Much more responsive continuous builds
2022-09-11T21:15:54.4589212Z  - Improved diagnostics for dependency resolution
2022-09-11T21:15:54.4589629Z 
2022-09-11T21:15:54.4591901Z For more details see https://docs.gradle.org/7.5.1/release-notes.html
2022-09-11T21:15:54.4592412Z 
2022-09-11T21:15:54.6503382Z Starting a Gradle Daemon (subsequent builds will be faster)
2022-09-11T21:16:04.6522858Z 
2022-09-11T21:16:04.6523545Z > Configure project :
2022-09-11T21:16:04.6524489Z Inferred project: spectator, version: 1.4.0-SNAPSHOT
2022-09-11T21:16:05.2511099Z Unable to convert https://github.com/Netflix/spectator to https form in MavenScmPlugin. Using original value.
2022-09-11T21:16:05.2511964Z Unable to convert https://github.com/Netflix/spectator to https form in MavenScmPlugin. Using original value.
2022-09-11T21:16:05.3502648Z Unable to convert https://github.com/Netflix/spectator to https form in MavenScmPlugin. Using original value.
2022-09-11T21:16:05.3503534Z Unable to convert https://github.com/Netflix/spectator to https form in MavenScmPlugin. Using original value.
2022-09-11T21:16:05.4501977Z Unable to convert https://github.com/Netflix/spectator to https form in MavenScmPlugin. Using original value.
2022-09-11T21:16:05.4502805Z Unable to convert https://github.com/Netflix/spectator to https form in MavenScmPlugin. Using original value.
2022-09-11T21:16:05.5510651Z Unable to convert https://github.com/Netflix/spectator to https form in MavenScmPlugin. Using original value.
2022-09-11T21:16:05.6503031Z Unable to convert https://github.com/Netflix/spectator to https form in MavenScmPlugin. Using original value.
2022-09-11T21:16:05.6503888Z Unable to convert https://github.com/Netflix/spectator to https form in MavenScmPlugin. Using original value.
2022-09-11T21:16:05.6505321Z Unable to convert https://github.com/Netflix/spectator to https form in MavenScmPlugin. Using original value.
2022-09-11T21:16:05.7507739Z Unable to convert https://github.com/Netflix/spectator to https form in MavenScmPlugin. Using original value.
2022-09-11T21:16:05.7508296Z Unable to convert https://github.com/Netflix/spectator to https form in MavenScmPlugin. Using original value.
2022-09-11T21:16:05.7508816Z Unable to convert https://github.com/Netflix/spectator to https form in MavenScmPlugin. Using original value.
2022-09-11T21:16:05.8503927Z Unable to convert https://github.com/Netflix/spectator to https form in MavenScmPlugin. Using original value.
2022-09-11T21:16:05.9518042Z Unable to convert https://github.com/Netflix/spectator to https form in MavenScmPlugin. Using original value.
2022-09-11T21:16:05.9518917Z Unable to convert https://github.com/Netflix/spectator to https form in MavenScmPlugin. Using original value.
2022-09-11T21:16:05.9519833Z Unable to convert https://github.com/Netflix/spectator to https form in MavenScmPlugin. Using original value.
2022-09-11T21:16:06.0504139Z Unable to convert https://github.com/Netflix/spectator to https form in MavenScmPlugin. Using original value.
2022-09-11T21:16:06.0505703Z Unable to convert https://github.com/Netflix/spectator to https form in MavenScmPlugin. Using original value.
2022-09-11T21:16:06.0506242Z Unable to convert https://github.com/Netflix/spectator to https form in MavenScmPlugin. Using original value.
2022-09-11T21:16:06.0506958Z Unable to convert https://github.com/Netflix/spectator to https form in MavenScmPlugin. Using original value.
2022-09-11T21:16:06.1509068Z Unable to convert https://github.com/Netflix/spectator to https form in MavenScmPlugin. Using original value.
2022-09-11T21:16:06.1509954Z Unable to convert https://github.com/Netflix/spectator to https form in MavenScmPlugin. Using original value.
2022-09-11T21:16:06.1510682Z Unable to convert https://github.com/Netflix/spectator to https form in MavenScmPlugin. Using original value.
2022-09-11T21:16:11.7502317Z 
2022-09-11T21:16:11.7503657Z > Task :compileJava NO-SOURCE
2022-09-11T21:16:11.7504304Z > Task :processResources NO-SOURCE
2022-09-11T21:16:11.7504832Z > Task :classes UP-TO-DATE
2022-09-11T21:16:11.8506938Z > Task :createPropertiesFileForJar
2022-09-11T21:16:11.8507514Z > Task :writeManifestProperties
2022-09-11T21:16:11.9507193Z > Task :jar
2022-09-11T21:16:11.9507667Z > Task :assemble
2022-09-11T21:16:11.9508374Z > Task :compileTestJava NO-SOURCE
2022-09-11T21:16:11.9508913Z > Task :processTestResources NO-SOURCE
2022-09-11T21:16:11.9509405Z > Task :testClasses UP-TO-DATE
2022-09-11T21:16:11.9509852Z > Task :test NO-SOURCE
2022-09-11T21:16:11.9510285Z > Task :check UP-TO-DATE
2022-09-11T21:16:15.2504061Z Note: Some input files use or override a deprecated API.
2022-09-11T21:16:15.2504340Z 
2022-09-11T21:16:15.2505359Z Note: Recompile with -Xlint:deprecation for details.
2022-09-11T21:16:15.2505829Z > Task :spectator-api:compileJava
2022-09-11T21:16:15.8503317Z 
2022-09-11T21:16:15.8504452Z Note: /home/runner/work/spectator/spectator/spectator-ext-gc/src/main/java/com/netflix/spectator/gc/GcLogger.java uses or overrides a deprecated API.
2022-09-11T21:16:15.8505086Z Note: Recompile with -Xlint:deprecation for details.
2022-09-11T21:16:15.8505493Z > Task :spectator-ext-gc:compileJava
2022-09-11T21:16:16.2504730Z 
2022-09-11T21:16:16.2505733Z > Task :spectator-ext-ipc:compileJava
2022-09-11T21:16:16.4502474Z 
2022-09-11T21:16:16.4510147Z Note: /home/runner/work/spectator/spectator/spectator-ext-jvm/src/main/java/com/netflix/spectator/jvm/Jmx.java uses or overrides a deprecated API.
2022-09-11T21:16:16.4511385Z Note: Recompile with -Xlint:deprecation for details.
2022-09-11T21:16:16.4511794Z > Task :spectator-ext-jvm:compileJava
2022-09-11T21:16:17.0506097Z 
2022-09-11T21:16:17.0509765Z > Task :spectator-reg-atlas:compileJava
2022-09-11T21:16:17.2503767Z > Task :spectator-agent:compileJava
2022-09-11T21:16:17.2512113Z > Task :spectator-agent:processResources
2022-09-11T21:16:17.2512523Z > Task :spectator-agent:classes
2022-09-11T21:16:17.2513169Z > Task :spectator-agent:createPropertiesFileForJar
2022-09-11T21:16:17.3503398Z > Task :spectator-agent:writeManifestProperties
2022-09-11T21:16:17.3504172Z > Task :spectator-agent:jar
2022-09-11T21:16:19.1510883Z > Task :spectator-agent:javadoc
2022-09-11T21:16:19.1511661Z > Task :spectator-agent:javadocJar
2022-09-11T21:16:19.1512076Z > Task :spectator-agent:sourceJar
2022-09-11T21:16:19.1512572Z > Task :spectator-agent:assemble
2022-09-11T21:16:19.1513056Z > Task :spectator-api:processResources NO-SOURCE
2022-09-11T21:16:19.1513567Z > Task :spectator-api:classes
2022-09-11T21:16:19.1514020Z > Task :spectator-api:createPropertiesFileForJar
2022-09-11T21:16:19.2504115Z > Task :spectator-api:writeManifestProperties
2022-09-11T21:16:19.2504569Z > Task :spectator-api:jar
2022-09-11T21:16:21.9500669Z 
2022-09-11T21:16:21.9501558Z > Task :spectator-api:javadoc
2022-09-11T21:16:21.9508083Z /home/runner/work/spectator/spectator/spectator-api/src/main/java/com/netflix/spectator/api/Registry.java:533: warning - Tag @link: reference not found: PolledMeter.Builder#monitorValue(Number)
2022-09-11T21:16:22.1500925Z 1 warning
2022-09-11T21:16:22.3502397Z 
2022-09-11T21:16:22.3503206Z > Task :spectator-api:javadocJar
2022-09-11T21:16:22.3503643Z > Task :spectator-api:sourceJar
2022-09-11T21:16:22.3503999Z > Task :spectator-api:assemble
2022-09-11T21:16:22.5506419Z 
2022-09-11T21:16:22.5507290Z > Task :spectator-ext-aws:compileJava
2022-09-11T21:16:22.5507693Z 
2022-09-11T21:16:22.5508056Z > Task :spectator-ext-aws:processResources NO-SOURCE
2022-09-11T21:16:22.5509439Z > Task :spectator-ext-aws:classes
2022-09-11T21:16:22.5510044Z > Task :spectator-ext-aws:createPropertiesFileForJar
2022-09-11T21:16:22.5510979Z > Task :spectator-ext-aws:writeManifestProperties
2022-09-11T21:16:22.5511493Z > Task :spectator-ext-aws:jar
2022-09-11T21:16:22.5514010Z Note: /home/runner/work/spectator/spectator/spectator-ext-aws/src/main/java/com/netflix/spectator/aws/SpectatorRequestMetricCollector.java uses unchecked or unsafe operations.
2022-09-11T21:16:22.5514835Z Note: Recompile with -Xlint:unchecked for details.
2022-09-11T21:16:23.9502839Z > Task :spectator-ext-aws:javadoc
2022-09-11T21:16:23.9527556Z > Task :spectator-ext-aws:javadocJar
2022-09-11T21:16:24.0505096Z > Task :spectator-ext-aws:sourceJar
2022-09-11T21:16:24.0505552Z > Task :spectator-ext-aws:assemble
2022-09-11T21:16:24.1502133Z > Task :spectator-ext-aws2:compileJava
2022-09-11T21:16:24.2509688Z > Task :spectator-ext-aws2:processResources
2022-09-11T21:16:24.2510702Z > Task :spectator-ext-aws2:classes
2022-09-11T21:16:24.2511906Z > Task :spectator-ext-aws2:createPropertiesFileForJar
2022-09-11T21:16:24.2512602Z > Task :spectator-ext-aws2:writeManifestProperties
2022-09-11T21:16:24.2513232Z > Task :spectator-ext-aws2:jar
2022-09-11T21:16:25.8508396Z > Task :spectator-ext-aws2:javadoc
2022-09-11T21:16:26.1505564Z > Task :spectator-ext-aws2:javadocJar
2022-09-11T21:16:26.1509057Z > Task :spectator-ext-aws2:sourceJar
2022-09-11T21:16:26.1509497Z > Task :spectator-ext-aws2:assemble
2022-09-11T21:16:26.1510271Z > Task :spectator-ext-gc:processResources NO-SOURCE
2022-09-11T21:16:26.1510915Z > Task :spectator-ext-gc:classes
2022-09-11T21:16:26.1511588Z > Task :spectator-ext-gc:createPropertiesFileForJar
2022-09-11T21:16:26.1512373Z > Task :spectator-ext-gc:writeManifestProperties
2022-09-11T21:16:26.1512943Z > Task :spectator-ext-gc:jar
2022-09-11T21:16:27.3505010Z > Task :spectator-ext-gc:javadoc
2022-09-11T21:16:27.3509203Z > Task :spectator-ext-gc:javadocJar
2022-09-11T21:16:27.3509639Z > Task :spectator-ext-gc:sourceJar
2022-09-11T21:16:27.3510211Z > Task :spectator-ext-gc:assemble
2022-09-11T21:16:27.3510792Z > Task :spectator-ext-ipc:processResources NO-SOURCE
2022-09-11T21:16:27.3511382Z > Task :spectator-ext-ipc:classes
2022-09-11T21:16:27.4504179Z > Task :spectator-ext-ipc:createPropertiesFileForJar
2022-09-11T21:16:27.4506714Z > Task :spectator-ext-ipc:writeManifestProperties
2022-09-11T21:16:27.4507414Z > Task :spectator-ext-ipc:jar
2022-09-11T21:16:29.2502415Z > Task :spectator-ext-ipc:javadoc
2022-09-11T21:16:29.3504629Z > Task :spectator-ext-ipc:javadocJar
2022-09-11T21:16:29.3505600Z > Task :spectator-ext-ipc:sourceJar
2022-09-11T21:16:29.3506315Z > Task :spectator-ext-ipc:assemble
2022-09-11T21:16:29.4501803Z > Task :spectator-ext-ipcservlet:compileJava
2022-09-11T21:16:29.4502861Z > Task :spectator-ext-ipcservlet:processResources NO-SOURCE
2022-09-11T21:16:29.4503868Z > Task :spectator-ext-ipcservlet:classes
2022-09-11T21:16:29.4504409Z > Task :spectator-ext-ipcservlet:createPropertiesFileForJar
2022-09-11T21:16:29.4504947Z > Task :spectator-ext-ipcservlet:writeManifestProperties
2022-09-11T21:16:29.4505408Z > Task :spectator-ext-ipcservlet:jar
2022-09-11T21:16:30.7510852Z > Task :spectator-ext-ipcservlet:javadoc
2022-09-11T21:16:30.7511339Z > Task :spectator-ext-ipcservlet:javadocJar
2022-09-11T21:16:30.7511753Z > Task :spectator-ext-ipcservlet:sourceJar
2022-09-11T21:16:30.7512182Z > Task :spectator-ext-ipcservlet:assemble
2022-09-11T21:16:30.7512838Z > Task :spectator-ext-jvm:processResources
2022-09-11T21:16:30.7513258Z > Task :spectator-ext-jvm:classes
2022-09-11T21:16:30.7513675Z > Task :spectator-ext-jvm:createPropertiesFileForJar
2022-09-11T21:16:30.7514118Z > Task :spectator-ext-jvm:writeManifestProperties
2022-09-11T21:16:30.7514494Z > Task :spectator-ext-jvm:jar
2022-09-11T21:16:31.9502550Z > Task :spectator-ext-jvm:javadoc
2022-09-11T21:16:31.9503458Z > Task :spectator-ext-jvm:javadocJar
2022-09-11T21:16:32.0507276Z > Task :spectator-ext-jvm:sourceJar
2022-09-11T21:16:32.0508189Z > Task :spectator-ext-jvm:assemble
2022-09-11T21:16:32.0508942Z > Task :spectator-ext-log4j1:compileJava
2022-09-11T21:16:32.0509717Z > Task :spectator-ext-log4j1:processResources NO-SOURCE
2022-09-11T21:16:32.0728412Z > Task :spectator-ext-log4j1:classes
2022-09-11T21:16:32.0728976Z > Task :spectator-ext-log4j1:createPropertiesFileForJar
2022-09-11T21:16:32.1511216Z > Task :spectator-ext-log4j1:writeManifestProperties
2022-09-11T21:16:32.1512239Z > Task :spectator-ext-log4j1:jar
2022-09-11T21:16:33.3503091Z > Task :spectator-ext-log4j1:javadoc
2022-09-11T21:16:33.3509771Z > Task :spectator-ext-log4j1:javadocJar
2022-09-11T21:16:33.3510698Z > Task :spectator-ext-log4j1:sourceJar
2022-09-11T21:16:33.3511654Z > Task :spectator-ext-log4j1:assemble
2022-09-11T21:16:33.4523066Z > Task :spectator-ext-log4j2:compileJava
2022-09-11T21:16:33.4524044Z > Task :spectator-ext-log4j2:processResources NO-SOURCE
2022-09-11T21:16:33.4524910Z > Task :spectator-ext-log4j2:classes
2022-09-11T21:16:33.4525906Z > Task :spectator-ext-log4j2:createPropertiesFileForJar
2022-09-11T21:16:33.4527834Z > Task :spectator-ext-log4j2:writeManifestProperties
2022-09-11T21:16:33.4528275Z > Task :spectator-ext-log4j2:jar
2022-09-11T21:16:34.7501791Z > Task :spectator-ext-log4j2:javadoc
2022-09-11T21:16:34.8508512Z > Task :spectator-ext-log4j2:javadocJar
2022-09-11T21:16:34.8509438Z > Task :spectator-ext-log4j2:sourceJar
2022-09-11T21:16:34.8510262Z > Task :spectator-ext-log4j2:assemble
2022-09-11T21:16:34.9503353Z > Task :spectator-ext-placeholders:compileJava
2022-09-11T21:16:34.9504919Z > Task :spectator-ext-placeholders:processResources NO-SOURCE
2022-09-11T21:16:34.9506651Z > Task :spectator-ext-placeholders:classes
2022-09-11T21:16:34.9507572Z > Task :spectator-ext-placeholders:createPropertiesFileForJar
2022-09-11T21:16:35.0540956Z > Task :spectator-ext-placeholders:writeManifestProperties
2022-09-11T21:16:35.0541945Z > Task :spectator-ext-placeholders:jar
2022-09-11T21:16:36.4502281Z > Task :spectator-ext-placeholders:javadoc
2022-09-11T21:16:36.4503241Z > Task :spectator-ext-placeholders:javadocJar
2022-09-11T21:16:36.4504087Z > Task :spectator-ext-placeholders:sourceJar
2022-09-11T21:16:36.4505060Z > Task :spectator-ext-placeholders:assemble
2022-09-11T21:16:36.6518478Z Note: /home/runner/work/spectator/spectator/spectator-ext-sandbox/src/main/java/com/netflix/spectator/sandbox/DoubleDistributionSummary.java uses or overrides a deprecated API.
2022-09-11T21:16:36.6518944Z 
2022-09-11T21:16:36.6519461Z Note: Recompile with -Xlint:deprecation for details.
2022-09-11T21:16:36.6520727Z > Task :spectator-ext-sandbox:compileJava
2022-09-11T21:16:36.6521176Z 
2022-09-11T21:16:36.6521580Z > Task :spectator-ext-sandbox:processResources NO-SOURCE
2022-09-11T21:16:36.6522497Z > Task :spectator-ext-sandbox:classes
2022-09-11T21:16:36.6523024Z > Task :spectator-ext-sandbox:createPropertiesFileForJar
2022-09-11T21:16:36.6523546Z > Task :spectator-ext-sandbox:writeManifestProperties
2022-09-11T21:16:36.6523980Z > Task :spectator-ext-sandbox:jar
2022-09-11T21:16:38.4512504Z > Task :spectator-ext-sandbox:javadoc
2022-09-11T21:16:38.4513493Z > Task :spectator-ext-sandbox:javadocJar
2022-09-11T21:16:38.5525961Z > Task :spectator-ext-sandbox:sourceJar
2022-09-11T21:16:38.5570697Z > Task :spectator-ext-sandbox:assemble
2022-09-11T21:16:38.6501249Z > Task :spectator-reg-stateless:compileJava
2022-09-11T21:16:39.5502035Z > Task :spectator-ext-spark:compileJava
2022-09-11T21:16:39.5503334Z > Task :spectator-ext-spark:processResources
2022-09-11T21:16:39.5504174Z > Task :spectator-ext-spark:classes
2022-09-11T21:16:39.5505124Z > Task :spectator-ext-spark:createPropertiesFileForJar
2022-09-11T21:16:39.5505796Z > Task :spectator-ext-spark:writeManifestProperties
2022-09-11T21:16:39.6501396Z > Task :spectator-ext-spark:jar
2022-09-11T21:16:41.5501281Z > Task :spectator-ext-spark:javadoc
2022-09-11T21:16:41.5502226Z > Task :spectator-ext-spark:javadocJar
2022-09-11T21:16:41.5503122Z > Task :spectator-ext-spark:sourceJar
2022-09-11T21:16:41.5503692Z > Task :spectator-ext-spark:assemble
2022-09-11T21:16:41.7501539Z Note: Some input files use or override a deprecated API.
2022-09-11T21:16:41.7502753Z Note: Recompile with -Xlint:deprecation for details.
2022-09-11T21:16:41.7525121Z 
2022-09-11T21:16:41.7526304Z > Task :spectator-nflx-plugin:compileJava
2022-09-11T21:16:41.7526546Z 
2022-09-11T21:16:41.7527046Z > Task :spectator-nflx:compileJava NO-SOURCE
2022-09-11T21:16:41.7527652Z > Task :spectator-nflx:processResources NO-SOURCE
2022-09-11T21:16:41.7528228Z > Task :spectator-nflx:classes UP-TO-DATE
2022-09-11T21:16:41.7528787Z > Task :spectator-nflx:createPropertiesFileForJar
2022-09-11T21:16:41.7529404Z > Task :spectator-nflx:writeManifestProperties
2022-09-11T21:16:41.7529927Z > Task :spectator-nflx:jar
2022-09-11T21:16:41.7530445Z > Task :spectator-nflx:javadoc NO-SOURCE
2022-09-11T21:16:41.8503578Z > Task :spectator-nflx:javadocJar
2022-09-11T21:16:41.8504029Z > Task :spectator-nflx:sourceJar
2022-09-11T21:16:41.8504636Z > Task :spectator-nflx:assemble
2022-09-11T21:16:41.8505198Z > Task :spectator-nflx-plugin:processResources
2022-09-11T21:16:41.8505736Z > Task :spectator-nflx-plugin:classes
2022-09-11T21:16:41.8506324Z > Task :spectator-nflx-plugin:createPropertiesFileForJar
2022-09-11T21:16:41.8506992Z > Task :spectator-nflx-plugin:writeManifestProperties
2022-09-11T21:16:41.8507537Z > Task :spectator-nflx-plugin:jar
2022-09-11T21:16:43.2506072Z > Task :spectator-nflx-plugin:javadoc
2022-09-11T21:16:43.2507022Z > Task :spectator-nflx-plugin:javadocJar
2022-09-11T21:16:43.2507770Z > Task :spectator-nflx-plugin:sourceJar
2022-09-11T21:16:43.2508504Z > Task :spectator-nflx-plugin:assemble
2022-09-11T21:16:43.4502344Z Note: Some input files use or override a deprecated API.
2022-09-11T21:16:43.4502632Z 
2022-09-11T21:16:43.4503637Z Note: Recompile with -Xlint:deprecation for details.
2022-09-11T21:16:43.4504528Z > Task :spectator-reg-servo:compileJava
2022-09-11T21:16:43.6504241Z Note: /home/runner/work/spectator/spectator/spectator-perf/src/main/java/com/netflix/spectator/perf/Main.java uses or overrides a deprecated API.
2022-09-11T21:16:43.6504658Z 
2022-09-11T21:16:43.6505469Z Note: Recompile with -Xlint:deprecation for details.
2022-09-11T21:16:43.6506319Z > Task :spectator-perf:compileJava
2022-09-11T21:16:43.6506803Z 
2022-09-11T21:16:43.6508030Z > Task :spectator-perf:processResources NO-SOURCE
2022-09-11T21:16:43.6508763Z > Task :spectator-perf:classes
2022-09-11T21:16:43.6509720Z > Task :spectator-perf:createPropertiesFileForJar
2022-09-11T21:16:43.6510272Z > Task :spectator-perf:writeManifestProperties
2022-09-11T21:16:43.6510667Z > Task :spectator-perf:jar
2022-09-11T21:16:44.8565083Z > Task :spectator-perf:javadoc
2022-09-11T21:16:44.8566088Z > Task :spectator-perf:javadocJar
2022-09-11T21:16:44.8566820Z > Task :spectator-perf:sourceJar
2022-09-11T21:16:44.8567480Z > Task :spectator-perf:assemble
2022-09-11T21:16:44.8568297Z > Task :spectator-reg-atlas:processResources
2022-09-11T21:16:44.8568943Z > Task :spectator-reg-atlas:classes
2022-09-11T21:16:44.8569584Z > Task :spectator-reg-atlas:createPropertiesFileForJar
2022-09-11T21:16:45.0503193Z > Task :spectator-reg-atlas:compileJmhJava
2022-09-11T21:16:45.0515261Z > Task :spectator-reg-atlas:processJmhResources NO-SOURCE
2022-09-11T21:16:45.0515758Z > Task :spectator-reg-atlas:jmhClasses
2022-09-11T21:16:45.5511976Z > Task :spectator-reg-atlas:compileTestJava
2022-09-11T21:16:45.5513052Z > Task :spectator-reg-atlas:processTestResources NO-SOURCE
2022-09-11T21:16:45.5514437Z > Task :spectator-reg-atlas:testClasses
2022-09-11T21:16:45.5514992Z > Task :spectator-reg-atlas:writeManifestProperties
2022-09-11T21:16:49.7501785Z > Task :spectator-reg-atlas:shadowJar
2022-09-11T21:16:49.7502763Z > Task :spectator-reg-atlas:checkShadowJar
2022-09-11T21:16:49.7503501Z > Task :spectator-reg-atlas:jar SKIPPED
2022-09-11T21:16:52.2503752Z > Task :spectator-reg-atlas:javadoc
2022-09-11T21:16:52.2504597Z > Task :spectator-reg-atlas:javadocJar
2022-09-11T21:16:52.3500660Z > Task :spectator-reg-atlas:sourceJar
2022-09-11T21:16:52.3501692Z > Task :spectator-reg-atlas:assemble
2022-09-11T21:16:52.3502162Z > Task :spectator-reg-metrics3:compileJava
2022-09-11T21:16:52.3502604Z > Task :spectator-reg-metrics3:processResources
2022-09-11T21:16:52.3503302Z > Task :spectator-reg-metrics3:classes
2022-09-11T21:16:52.4502263Z > Task :spectator-reg-metrics3:createPropertiesFileForJar
2022-09-11T21:16:52.4508255Z > Task :spectator-reg-metrics3:writeManifestProperties
2022-09-11T21:16:52.4508738Z > Task :spectator-reg-metrics3:jar
2022-09-11T21:16:53.9502211Z > Task :spectator-reg-metrics3:javadoc
2022-09-11T21:16:53.9502722Z > Task :spectator-reg-metrics3:javadocJar
2022-09-11T21:16:53.9503813Z > Task :spectator-reg-metrics3:sourceJar
2022-09-11T21:16:53.9504215Z > Task :spectator-reg-metrics3:assemble
2022-09-11T21:16:54.0500925Z > Task :spectator-reg-metrics5:compileJava
2022-09-11T21:16:54.0501929Z > Task :spectator-reg-metrics5:processResources
2022-09-11T21:16:54.0502705Z > Task :spectator-reg-metrics5:classes
2022-09-11T21:16:54.0503430Z > Task :spectator-reg-metrics5:createPropertiesFileForJar
2022-09-11T21:16:54.0504110Z > Task :spectator-reg-metrics5:writeManifestProperties
2022-09-11T21:16:54.0505322Z > Task :spectator-reg-metrics5:jar
2022-09-11T21:16:55.4505226Z > Task :spectator-reg-metrics5:javadoc
2022-09-11T21:16:55.4505743Z > Task :spectator-reg-metrics5:javadocJar
2022-09-11T21:16:55.4506152Z > Task :spectator-reg-metrics5:sourceJar
2022-09-11T21:16:55.4506547Z > Task :spectator-reg-metrics5:assemble
2022-09-11T21:16:55.5503933Z Note: /home/runner/work/spectator/spectator/spectator-reg-micrometer/src/main/java/com/netflix/spectator/micrometer/MicrometerRegistry.java uses or overrides a deprecated API.
2022-09-11T21:16:55.5504397Z 
2022-09-11T21:16:55.5505266Z Note: Recompile with -Xlint:deprecation for details.
2022-09-11T21:16:55.5505767Z > Task :spectator-reg-micrometer:compileJava
2022-09-11T21:16:55.5505978Z 
2022-09-11T21:16:55.5506227Z > Task :spectator-reg-micrometer:processResources
2022-09-11T21:16:55.5506648Z > Task :spectator-reg-micrometer:classes
2022-09-11T21:16:55.5507124Z > Task :spectator-reg-micrometer:createPropertiesFileForJar
2022-09-11T21:16:55.5507625Z > Task :spectator-reg-micrometer:writeManifestProperties
2022-09-11T21:16:55.5508066Z > Task :spectator-reg-micrometer:jar
2022-09-11T21:16:56.9503739Z > Task :spectator-reg-micrometer:javadoc
2022-09-11T21:16:56.9504245Z > Task :spectator-reg-micrometer:javadocJar
2022-09-11T21:16:56.9504940Z > Task :spectator-reg-micrometer:sourceJar
2022-09-11T21:16:56.9505514Z > Task :spectator-reg-micrometer:assemble
2022-09-11T21:16:56.9506548Z > Task :spectator-reg-servo:processResources
2022-09-11T21:16:56.9507242Z > Task :spectator-reg-servo:classes
2022-09-11T21:16:56.9507854Z > Task :spectator-reg-servo:createPropertiesFileForJar
2022-09-11T21:16:56.9508478Z > Task :spectator-reg-servo:writeManifestProperties
2022-09-11T21:16:56.9509023Z > Task :spectator-reg-servo:jar
2022-09-11T21:16:58.5507817Z > Task :spectator-reg-servo:javadoc
2022-09-11T21:16:58.5508303Z > Task :spectator-reg-servo:javadocJar
2022-09-11T21:16:58.5508708Z > Task :spectator-reg-servo:sourceJar
2022-09-11T21:16:58.5509087Z > Task :spectator-reg-servo:assemble
2022-09-11T21:16:58.6503465Z > Task :spectator-reg-sidecar:compileJava
2022-09-11T21:16:58.6504455Z > Task :spectator-reg-sidecar:processResources
2022-09-11T21:16:58.6505373Z > Task :spectator-reg-sidecar:classes
2022-09-11T21:16:58.6516527Z > Task :spectator-reg-sidecar:createPropertiesFileForJar
2022-09-11T21:16:58.6517612Z > Task :spectator-reg-sidecar:writeManifestProperties
2022-09-11T21:16:58.6518379Z > Task :spectator-reg-sidecar:jar
2022-09-11T21:17:00.0502410Z > Task :spectator-reg-sidecar:javadoc
2022-09-11T21:17:00.0521796Z > Task :spectator-reg-sidecar:javadocJar
2022-09-11T21:17:00.0522242Z > Task :spectator-reg-sidecar:sourceJar
2022-09-11T21:17:00.0523736Z > Task :spectator-reg-sidecar:assemble
2022-09-11T21:17:00.0524183Z > Task :spectator-reg-stateless:processResources
2022-09-11T21:17:00.0524601Z > Task :spectator-reg-stateless:classes
2022-09-11T21:17:00.0525071Z > Task :spectator-reg-stateless:createPropertiesFileForJar
2022-09-11T21:17:00.1502512Z > Task :spectator-reg-stateless:writeManifestProperties
2022-09-11T21:17:00.1503466Z > Task :spectator-reg-stateless:jar
2022-09-11T21:17:01.5502330Z > Task :spectator-reg-stateless:javadoc
2022-09-11T21:17:01.5503504Z > Task :spectator-reg-stateless:javadocJar
2022-09-11T21:17:01.6502192Z > Task :spectator-reg-stateless:sourceJar
2022-09-11T21:17:01.6503305Z > Task :spectator-reg-stateless:assemble
2022-09-11T21:17:01.8503292Z > Task :spectator-web-spring:compileJava
2022-09-11T21:17:01.8504483Z > Task :spectator-web-spring:processResources NO-SOURCE
2022-09-11T21:17:01.8505379Z > Task :spectator-web-spring:classes
2022-09-11T21:17:01.8506138Z > Task :spectator-web-spring:createPropertiesFileForJar
2022-09-11T21:17:01.8506919Z > Task :spectator-web-spring:compileJmhJava NO-SOURCE
2022-09-11T21:17:01.8578031Z > Task :spectator-web-spring:processJmhResources NO-SOURCE
2022-09-11T21:17:01.8578567Z > Task :spectator-web-spring:jmhClasses UP-TO-DATE
2022-09-11T21:17:02.0503800Z Note: /home/runner/work/spectator/spectator/spectator-web-spring/src/test/java/com/netflix/spectator/controllers/MetricsControllerTest.java uses or overrides a deprecated API.
2022-09-11T21:17:02.0504291Z 
2022-09-11T21:17:02.0504850Z Note: Recompile with -Xlint:deprecation for details.
2022-09-11T21:17:02.0506190Z > Task :spectator-web-spring:compileTestJava
2022-09-11T21:17:02.0506677Z 
2022-09-11T21:17:02.0507286Z > Task :spectator-web-spring:processTestResources
2022-09-11T21:17:02.0508166Z > Task :spectator-web-spring:testClasses
2022-09-11T21:17:02.0509115Z > Task :spectator-web-spring:writeManifestProperties
2022-09-11T21:17:04.4501361Z > Task :spectator-web-spring:shadowJar
2022-09-11T21:17:04.5502296Z > Task :spectator-web-spring:checkShadowJar
2022-09-11T21:17:04.5502780Z > Task :spectator-web-spring:jar SKIPPED
2022-09-11T21:17:06.2504255Z > Task :spectator-web-spring:javadoc
2022-09-11T21:17:06.2504730Z > Task :spectator-web-spring:javadocJar
2022-09-11T21:17:06.2505131Z > Task :spectator-web-spring:sourceJar
2022-09-11T21:17:06.2505524Z > Task :spectator-web-spring:assemble
2022-09-11T21:17:06.3515584Z > Task :collectNetflixOSS
2022-09-11T21:17:06.3516353Z > Task :build
2022-09-11T21:17:06.3517358Z > Task :spectator-agent:writeLicenseHeader
2022-09-11T21:17:06.3517862Z > Task :spectator-agent:licenseJmh NO-SOURCE
2022-09-11T21:17:06.4502068Z > Task :spectator-agent:licenseMain UP-TO-DATE
2022-09-11T21:17:06.4502590Z > Task :spectator-agent:licenseTest UP-TO-DATE
2022-09-11T21:17:06.4503528Z > Task :spectator-agent:license UP-TO-DATE
2022-09-11T21:17:10.8515484Z > Task :spectator-agent:pmdMain
2022-09-11T21:17:10.8516456Z > Task :spectator-agent:compileJmhJava NO-SOURCE
2022-09-11T21:17:10.8517257Z > Task :spectator-agent:processJmhResources NO-SOURCE
2022-09-11T21:17:10.8518351Z > Task :spectator-agent:jmhClasses UP-TO-DATE
2022-09-11T21:17:10.8518824Z > Task :spectator-agent:spotbugsJmh SKIPPED
2022-09-11T21:17:13.9508918Z > Task :spectator-agent:checkstyleMain
2022-09-11T21:17:14.0501404Z > Task :spectator-agent:compileTestJava
2022-09-11T21:17:14.1501350Z > Task :spectator-agent:processTestResources
2022-09-11T21:17:14.1502262Z > Task :spectator-agent:testClasses
2022-09-11T21:17:14.1502995Z > Task :spectator-agent:spotbugsTest SKIPPED
2022-09-11T21:17:16.4501329Z > Task :spectator-agent:test
2022-09-11T21:17:19.0501315Z > Task :spectator-agent:testJDK11
2022-09-11T21:17:20.0501688Z > Task :spectator-agent:spotbugsMain
2022-09-11T21:17:20.5501394Z > Task :spectator-agent:testJDK17
2022-09-11T21:17:20.7501447Z > Task :spectator-agent:buildDashboard
2022-09-11T21:17:20.7502553Z > Task :spectator-agent:check
2022-09-11T21:17:20.7522553Z > Task :spectator-agent:build
2022-09-11T21:17:20.8511752Z > Task :spectator-api:writeLicenseHeader
2022-09-11T21:17:20.8512685Z > Task :spectator-api:licenseJmh UP-TO-DATE
2022-09-11T21:17:20.9501641Z > Task :spectator-api:licenseMain UP-TO-DATE
2022-09-11T21:17:20.9502625Z Unknown file extension: spectator-api/src/test/resources/jdk.dat
2022-09-11T21:17:20.9503465Z Unknown file extension: spectator-api/src/test/resources/basic.dat
2022-09-11T21:17:21.0501536Z > Task :spectator-api:licenseTest UP-TO-DATE
2022-09-11T21:17:21.0502448Z > Task :spectator-api:license UP-TO-DATE
2022-09-11T21:17:28.2502257Z [ant:checkstyle] [ERROR] /home/runner/work/spectator/spectator/spectator-api/src/main/java/com/netflix/spectator/api/ArrayTagSet.java:491:77: '|' should be on a new line. [OperatorWrap]
2022-09-11T21:17:28.2502717Z 
2022-09-11T21:17:28.2502940Z > Task :spectator-api:checkstyleMain
2022-09-11T21:17:28.5529732Z 
2022-09-11T21:17:28.5530508Z > Task :spectator-api:checkstyleMain FAILED
2022-09-11T21:17:29.6501364Z 
2022-09-11T21:17:29.6502503Z FAILURE: Build failed with an exception.
2022-09-11T21:17:29.6503293Z > Task :spectator-api:pmdMain
2022-09-11T21:17:29.6503761Z > Task :spectator-api:buildDashboard
2022-09-11T21:17:29.6504090Z 
2022-09-11T21:17:29.6504290Z * What went wrong:
2022-09-11T21:17:29.6504852Z Execution failed for task ':spectator-api:checkstyleMain'.
2022-09-11T21:17:29.6505511Z > A failure occurred while executing org.gradle.api.plugins.quality.internal.CheckstyleAction
2022-09-11T21:17:29.6506542Z    > Checkstyle rule violations were found. See the report at: file:///home/runner/work/spectator/spectator/spectator-api/build/reports/checkstyle/main.html
2022-09-11T21:17:29.6507179Z      Checkstyle files with violations: 1
2022-09-11T21:17:29.6508052Z      Checkstyle violations by severity: [error:1]
2022-09-11T21:17:29.6508649Z 
2022-09-11T21:17:29.6508759Z 
2022-09-11T21:17:29.6508946Z * Try:
2022-09-11T21:17:29.6509495Z > Run with --stacktrace option to get the stack trace.
2022-09-11T21:17:29.6510207Z > Run with --info or --debug option to get more log output.
2022-09-11T21:17:29.6510765Z > Run with --scan to get full insights.
2022-09-11T21:17:29.6511066Z 
2022-09-11T21:17:29.6511329Z * Get more help at https://help.gradle.org
2022-09-11T21:17:29.6511638Z 
2022-09-11T21:17:29.6511834Z BUILD FAILED in 1m 35s
2022-09-11T21:17:29.6534426Z 207 actionable tasks: 202 executed, 5 up-to-date
2022-09-11T21:17:30.1582836Z ##[error]Process completed with exit code 1.
2022-09-11T21:17:30.1654279Z Post job cleanup.
2022-09-11T21:17:30.3876158Z Post job cleanup.
2022-09-11T21:17:30.5919588Z Post job cleanup.
2022-09-11T21:17:30.8160241Z Post job cleanup.
2022-09-11T21:17:30.9676811Z [command]/usr/bin/git version
2022-09-11T21:17:30.9779075Z git version 2.37.3
2022-09-11T21:17:30.9846678Z Temporarily overriding HOME='/home/runner/work/_temp/2b1e1276-fa12-420a-9d17-cca1e7a404e0' before making global git config changes
2022-09-11T21:17:30.9848063Z Adding repository directory to the temporary git global config as a safe directory
2022-09-11T21:17:30.9854257Z [command]/usr/bin/git config --global --add safe.directory /home/runner/work/spectator/spectator
2022-09-11T21:17:30.9907913Z [command]/usr/bin/git config --local --name-only --get-regexp core\.sshCommand
2022-09-11T21:17:30.9957442Z [command]/usr/bin/git submodule foreach --recursive git config --local --name-only --get-regexp 'core\.sshCommand' && git config --local --unset-all 'core.sshCommand' || :
2022-09-11T21:17:31.0252094Z [command]/usr/bin/git config --local --name-only --get-regexp http\.https\:\/\/github\.com\/\.extraheader
2022-09-11T21:17:31.0273357Z http.https://github.com/.extraheader
2022-09-11T21:17:31.0286394Z [command]/usr/bin/git config --local --unset-all http.https://github.com/.extraheader
2022-09-11T21:17:31.0326576Z [command]/usr/bin/git submodule foreach --recursive git config --local --name-only --get-regexp 'http\.https\:\/\/github\.com\/\.extraheader' && git config --local --unset-all 'http.https://github.com/.extraheader' || :
2022-09-11T21:17:31.0878755Z Cleaning up orphan processes
2022-09-11T21:17:31.1219532Z Terminate orphan process: pid (1753) (java)
