2022-10-07T08:33:51.5682355Z Requested labels: ubuntu-latest
2022-10-07T08:33:51.5682406Z Job defined at: marcwrobel/jbanking/.github/workflows/build.yml@refs/pull/204/merge
2022-10-07T08:33:51.5682428Z Waiting for a runner to pick up this job...
2022-10-07T08:33:53.7652803Z Job is waiting for a hosted runner to come online.
2022-10-07T08:33:55.9909995Z Job is about to start running on the hosted runner: GitHub Actions 4 (hosted)
2022-10-07T08:33:58.5901186Z Current runner version: '2.297.0'
2022-10-07T08:33:58.5935527Z ##[group]Operating System
2022-10-07T08:33:58.5936173Z Ubuntu
2022-10-07T08:33:58.5936548Z 20.04.5
2022-10-07T08:33:58.5937020Z LTS
2022-10-07T08:33:58.5937338Z ##[endgroup]
2022-10-07T08:33:58.5937715Z ##[group]Runner Image
2022-10-07T08:33:58.5938127Z Image: ubuntu-20.04
2022-10-07T08:33:58.5938459Z Version: 20221002.2
2022-10-07T08:33:58.5939115Z Included Software: https://github.com/actions/runner-images/blob/ubuntu20/20221002.2/images/linux/Ubuntu2004-Readme.md
2022-10-07T08:33:58.5939854Z Image Release: https://github.com/actions/runner-images/releases/tag/ubuntu20%2F20221002.2
2022-10-07T08:33:58.5940316Z ##[endgroup]
2022-10-07T08:33:58.5940716Z ##[group]Runner Image Provisioner
2022-10-07T08:33:58.5941163Z 1.0.0.0-main-20220916-1
2022-10-07T08:33:58.6074095Z ##[endgroup]
2022-10-07T08:33:58.6074872Z ##[group]GITHUB_TOKEN Permissions
2022-10-07T08:33:58.6075931Z Contents: read
2022-10-07T08:33:58.6076414Z Metadata: read
2022-10-07T08:33:58.6076719Z ##[endgroup]
2022-10-07T08:33:58.6082053Z Secret source: Dependabot
2022-10-07T08:33:58.6082623Z Prepare workflow directory
2022-10-07T08:33:58.7199159Z Prepare all required actions
2022-10-07T08:33:58.7431629Z Getting action download info
2022-10-07T08:33:58.9965278Z Download action repository 'actions/checkout@93ea575cb5d8a053eaa0ac8fa3b40d7e05a33cc8' (SHA:93ea575cb5d8a053eaa0ac8fa3b40d7e05a33cc8)
2022-10-07T08:34:00.3104818Z Download action repository 'actions/setup-java@a18c333f3f14249953dab3e186e5e21bf3390f1d' (SHA:a18c333f3f14249953dab3e186e5e21bf3390f1d)
2022-10-07T08:34:01.9339277Z ##[group]Run actions/checkout@93ea575cb5d8a053eaa0ac8fa3b40d7e05a33cc8
2022-10-07T08:34:01.9339754Z with:
2022-10-07T08:34:01.9340008Z   repository: marcwrobel/jbanking
2022-10-07T08:34:01.9340421Z   token: ***
2022-10-07T08:34:01.9340637Z   ssh-strict: true
2022-10-07T08:34:01.9340901Z   persist-credentials: true
2022-10-07T08:34:01.9341151Z   clean: true
2022-10-07T08:34:01.9341358Z   fetch-depth: 1
2022-10-07T08:34:01.9341592Z   lfs: false
2022-10-07T08:34:01.9341831Z   submodules: false
2022-10-07T08:34:01.9342066Z   set-safe-directory: true
2022-10-07T08:34:01.9342318Z ##[endgroup]
2022-10-07T08:34:02.3151271Z Syncing repository: marcwrobel/jbanking
2022-10-07T08:34:02.3153338Z ##[group]Getting Git version info
2022-10-07T08:34:02.3153994Z Working directory is '/home/runner/work/jbanking/jbanking'
2022-10-07T08:34:02.3154606Z [command]/usr/bin/git version
2022-10-07T08:34:02.3211520Z git version 2.37.3
2022-10-07T08:34:02.3251724Z ##[endgroup]
2022-10-07T08:34:02.3273411Z Temporarily overriding HOME='/home/runner/work/_temp/06a102f2-f23f-4a48-ae06-781d0ec551b9' before making global git config changes
2022-10-07T08:34:02.3273963Z Adding repository directory to the temporary git global config as a safe directory
2022-10-07T08:34:02.3279624Z [command]/usr/bin/git config --global --add safe.directory /home/runner/work/jbanking/jbanking
2022-10-07T08:34:02.3367893Z Deleting the contents of '/home/runner/work/jbanking/jbanking'
2022-10-07T08:34:02.3375870Z ##[group]Initializing the repository
2022-10-07T08:34:02.3382222Z [command]/usr/bin/git init /home/runner/work/jbanking/jbanking
2022-10-07T08:34:02.3464596Z hint: Using 'master' as the name for the initial branch. This default branch name
2022-10-07T08:34:02.3465458Z hint: is subject to change. To configure the initial branch name to use in all
2022-10-07T08:34:02.3466316Z hint: of your new repositories, which will suppress this warning, call:
2022-10-07T08:34:02.3466689Z hint: 
2022-10-07T08:34:02.3467220Z hint: 	git config --global init.defaultBranch <name>
2022-10-07T08:34:02.3467523Z hint: 
2022-10-07T08:34:02.3467940Z hint: Names commonly chosen instead of 'master' are 'main', 'trunk' and
2022-10-07T08:34:02.3468471Z hint: 'development'. The just-created branch can be renamed via this command:
2022-10-07T08:34:02.3468772Z hint: 
2022-10-07T08:34:02.3469059Z hint: 	git branch -m <name>
2022-10-07T08:34:02.3485118Z Initialized empty Git repository in /home/runner/work/jbanking/jbanking/.git/
2022-10-07T08:34:02.3498901Z [command]/usr/bin/git remote add origin https://github.com/marcwrobel/jbanking
2022-10-07T08:34:02.3563413Z ##[endgroup]
2022-10-07T08:34:02.3564539Z ##[group]Disabling automatic garbage collection
2022-10-07T08:34:02.3568433Z [command]/usr/bin/git config --local gc.auto 0
2022-10-07T08:34:02.3607710Z ##[endgroup]
2022-10-07T08:34:02.3608638Z ##[group]Setting up auth
2022-10-07T08:34:02.3619773Z [command]/usr/bin/git config --local --name-only --get-regexp core\.sshCommand
2022-10-07T08:34:02.3660724Z [command]/usr/bin/git submodule foreach --recursive git config --local --name-only --get-regexp 'core\.sshCommand' && git config --local --unset-all 'core.sshCommand' || :
2022-10-07T08:34:02.4098569Z [command]/usr/bin/git config --local --name-only --get-regexp http\.https\:\/\/github\.com\/\.extraheader
2022-10-07T08:34:02.4140953Z [command]/usr/bin/git submodule foreach --recursive git config --local --name-only --get-regexp 'http\.https\:\/\/github\.com\/\.extraheader' && git config --local --unset-all 'http.https://github.com/.extraheader' || :
2022-10-07T08:34:02.4434000Z [command]/usr/bin/git config --local http.https://github.com/.extraheader AUTHORIZATION: basic ***
2022-10-07T08:34:02.4484228Z ##[endgroup]
2022-10-07T08:34:02.4485598Z ##[group]Fetching the repository
2022-10-07T08:34:02.4498750Z [command]/usr/bin/git -c protocol.version=2 fetch --no-tags --prune --progress --no-recurse-submodules --depth=1 origin +29a461f0319cc851c1b89e11c27bbe95d5a3b198:refs/remotes/pull/204/merge
2022-10-07T08:34:03.0989222Z remote: Enumerating objects: 154, done.        
2022-10-07T08:34:03.0989965Z remote: Counting objects:   0% (1/154)        
2022-10-07T08:34:03.0991026Z remote: Counting objects:   1% (2/154)        
2022-10-07T08:34:03.0991520Z remote: Counting objects:   2% (4/154)        
2022-10-07T08:34:03.0992248Z remote: Counting objects:   3% (5/154)        
2022-10-07T08:34:03.0992820Z remote: Counting objects:   4% (7/154)        
2022-10-07T08:34:03.0997141Z remote: Counting objects:   5% (8/154)        
2022-10-07T08:34:03.0997744Z remote: Counting objects:   6% (10/154)        
2022-10-07T08:34:03.0998049Z remote: Counting objects:   7% (11/154)        
2022-10-07T08:34:03.0998336Z remote: Counting objects:   8% (13/154)        
2022-10-07T08:34:03.0998631Z remote: Counting objects:   9% (14/154)        
2022-10-07T08:34:03.0998929Z remote: Counting objects:  10% (16/154)        
2022-10-07T08:34:03.0999208Z remote: Counting objects:  11% (17/154)        
2022-10-07T08:34:03.0999511Z remote: Counting objects:  12% (19/154)        
2022-10-07T08:34:03.0999823Z remote: Counting objects:  13% (21/154)        
2022-10-07T08:34:03.1000302Z remote: Counting objects:  14% (22/154)        
2022-10-07T08:34:03.1000580Z remote: Counting objects:  15% (24/154)        
2022-10-07T08:34:03.1000988Z remote: Counting objects:  16% (25/154)        
2022-10-07T08:34:03.1001818Z remote: Counting objects:  17% (27/154)        
2022-10-07T08:34:03.1002530Z remote: Counting objects:  18% (28/154)        
2022-10-07T08:34:03.1003659Z remote: Counting objects:  19% (30/154)        
2022-10-07T08:34:03.1004571Z remote: Counting objects:  20% (31/154)        
2022-10-07T08:34:03.1004891Z remote: Counting objects:  21% (33/154)        
2022-10-07T08:34:03.1005178Z remote: Counting objects:  22% (34/154)        
2022-10-07T08:34:03.1005807Z remote: Counting objects:  23% (36/154)        
2022-10-07T08:34:03.1006127Z remote: Counting objects:  24% (37/154)        
2022-10-07T08:34:03.1006412Z remote: Counting objects:  25% (39/154)        
2022-10-07T08:34:03.1006722Z remote: Counting objects:  26% (41/154)        
2022-10-07T08:34:03.1007016Z remote: Counting objects:  27% (42/154)        
2022-10-07T08:34:03.1007600Z remote: Counting objects:  28% (44/154)        
2022-10-07T08:34:03.1008359Z remote: Counting objects:  29% (45/154)        
2022-10-07T08:34:03.1008902Z remote: Counting objects:  30% (47/154)        
2022-10-07T08:34:03.1011355Z remote: Counting objects:  31% (48/154)        
2022-10-07T08:34:03.1012237Z remote: Counting objects:  32% (50/154)        
2022-10-07T08:34:03.1012895Z remote: Counting objects:  33% (51/154)        
2022-10-07T08:34:03.1013340Z remote: Counting objects:  34% (53/154)        
2022-10-07T08:34:03.1014197Z remote: Counting objects:  35% (54/154)        
2022-10-07T08:34:03.1014692Z remote: Counting objects:  36% (56/154)        
2022-10-07T08:34:03.1015912Z remote: Counting objects:  37% (57/154)        
2022-10-07T08:34:03.1016503Z remote: Counting objects:  38% (59/154)        
2022-10-07T08:34:03.1016813Z remote: Counting objects:  39% (61/154)        
2022-10-07T08:34:03.1017105Z remote: Counting objects:  40% (62/154)        
2022-10-07T08:34:03.1017395Z remote: Counting objects:  41% (64/154)        
2022-10-07T08:34:03.1017685Z remote: Counting objects:  42% (65/154)        
2022-10-07T08:34:03.1017962Z remote: Counting objects:  43% (67/154)        
2022-10-07T08:34:03.1018256Z remote: Counting objects:  44% (68/154)        
2022-10-07T08:34:03.1018549Z remote: Counting objects:  45% (70/154)        
2022-10-07T08:34:03.1018840Z remote: Counting objects:  46% (71/154)        
2022-10-07T08:34:03.1019116Z remote: Counting objects:  47% (73/154)        
2022-10-07T08:34:03.1019568Z remote: Counting objects:  48% (74/154)        
2022-10-07T08:34:03.1020283Z remote: Counting objects:  49% (76/154)        
2022-10-07T08:34:03.1021028Z remote: Counting objects:  50% (77/154)        
2022-10-07T08:34:03.1022108Z remote: Counting objects:  51% (79/154)        
2022-10-07T08:34:03.1022888Z remote: Counting objects:  52% (81/154)        
2022-10-07T08:34:03.1023401Z remote: Counting objects:  53% (82/154)        
2022-10-07T08:34:03.1024427Z remote: Counting objects:  54% (84/154)        
2022-10-07T08:34:03.1025101Z remote: Counting objects:  55% (85/154)        
2022-10-07T08:34:03.1026099Z remote: Counting objects:  56% (87/154)        
2022-10-07T08:34:03.1026596Z remote: Counting objects:  57% (88/154)        
2022-10-07T08:34:03.1027439Z remote: Counting objects:  58% (90/154)        
2022-10-07T08:34:03.1027947Z remote: Counting objects:  59% (91/154)        
2022-10-07T08:34:03.1028890Z remote: Counting objects:  60% (93/154)        
2022-10-07T08:34:03.1029379Z remote: Counting objects:  61% (94/154)        
2022-10-07T08:34:03.1029988Z remote: Counting objects:  62% (96/154)        
2022-10-07T08:34:03.1030581Z remote: Counting objects:  63% (98/154)        
2022-10-07T08:34:03.1031554Z remote: Counting objects:  64% (99/154)        
2022-10-07T08:34:03.1032754Z remote: Counting objects:  65% (101/154)        
2022-10-07T08:34:03.1033575Z remote: Counting objects:  66% (102/154)        
2022-10-07T08:34:03.1034242Z remote: Counting objects:  67% (104/154)        
2022-10-07T08:34:03.1035690Z remote: Counting objects:  68% (105/154)        
2022-10-07T08:34:03.1036678Z remote: Counting objects:  69% (107/154)        
2022-10-07T08:34:03.1038674Z remote: Counting objects:  70% (108/154)        
2022-10-07T08:34:03.1041155Z remote: Counting objects:  71% (110/154)        
2022-10-07T08:34:03.1041784Z remote: Counting objects:  72% (111/154)        
2022-10-07T08:34:03.1042762Z remote: Counting objects:  73% (113/154)        
2022-10-07T08:34:03.1043209Z remote: Counting objects:  74% (114/154)        
2022-10-07T08:34:03.1044901Z remote: Counting objects:  75% (116/154)        
2022-10-07T08:34:03.1045784Z remote: Counting objects:  76% (118/154)        
2022-10-07T08:34:03.1046461Z remote: Counting objects:  77% (119/154)        
2022-10-07T08:34:03.1047574Z remote: Counting objects:  78% (121/154)        
2022-10-07T08:34:03.1049433Z remote: Counting objects:  79% (122/154)        
2022-10-07T08:34:03.1050171Z remote: Counting objects:  80% (124/154)        
2022-10-07T08:34:03.1051253Z remote: Counting objects:  81% (125/154)        
2022-10-07T08:34:03.1052421Z remote: Counting objects:  82% (127/154)        
2022-10-07T08:34:03.1053534Z remote: Counting objects:  83% (128/154)        
2022-10-07T08:34:03.1054174Z remote: Counting objects:  84% (130/154)        
2022-10-07T08:34:03.1054878Z remote: Counting objects:  85% (131/154)        
2022-10-07T08:34:03.1056984Z remote: Counting objects:  86% (133/154)        
2022-10-07T08:34:03.1058500Z remote: Counting objects:  87% (134/154)        
2022-10-07T08:34:03.1059429Z remote: Counting objects:  88% (136/154)        
2022-10-07T08:34:03.1059935Z remote: Counting objects:  89% (138/154)        
2022-10-07T08:34:03.1060817Z remote: Counting objects:  90% (139/154)        
2022-10-07T08:34:03.1061677Z remote: Counting objects:  91% (141/154)        
2022-10-07T08:34:03.1062297Z remote: Counting objects:  92% (142/154)        
2022-10-07T08:34:03.1063143Z remote: Counting objects:  93% (144/154)        
2022-10-07T08:34:03.1063802Z remote: Counting objects:  94% (145/154)        
2022-10-07T08:34:03.1064842Z remote: Counting objects:  95% (147/154)        
2022-10-07T08:34:03.1065320Z remote: Counting objects:  96% (148/154)        
2022-10-07T08:34:03.1066222Z remote: Counting objects:  97% (150/154)        
2022-10-07T08:34:03.1067233Z remote: Counting objects:  98% (151/154)        
2022-10-07T08:34:03.1068191Z remote: Counting objects:  99% (153/154)        
2022-10-07T08:34:03.1070251Z remote: Counting objects: 100% (154/154)        
2022-10-07T08:34:03.1070879Z remote: Counting objects: 100% (154/154), done.        
2022-10-07T08:34:03.1072020Z remote: Compressing objects:   0% (1/111)        
2022-10-07T08:34:03.1072408Z remote: Compressing objects:   1% (2/111)        
2022-10-07T08:34:03.1073042Z remote: Compressing objects:   2% (3/111)        
2022-10-07T08:34:03.1074045Z remote: Compressing objects:   3% (4/111)        
2022-10-07T08:34:03.1074562Z remote: Compressing objects:   4% (5/111)        
2022-10-07T08:34:03.1522780Z remote: Compressing objects:   5% (6/111)        
2022-10-07T08:34:03.1526679Z remote: Compressing objects:   6% (7/111)        
2022-10-07T08:34:03.1527668Z remote: Compressing objects:   7% (8/111)        
2022-10-07T08:34:03.1528509Z remote: Compressing objects:   8% (9/111)        
2022-10-07T08:34:03.1529384Z remote: Compressing objects:   9% (10/111)        
2022-10-07T08:34:03.1530223Z remote: Compressing objects:  10% (12/111)        
2022-10-07T08:34:03.1531181Z remote: Compressing objects:  11% (13/111)        
2022-10-07T08:34:03.1532036Z remote: Compressing objects:  12% (14/111)        
2022-10-07T08:34:03.1533738Z remote: Compressing objects:  13% (15/111)        
2022-10-07T08:34:03.1534419Z remote: Compressing objects:  14% (16/111)        
2022-10-07T08:34:03.1535803Z remote: Compressing objects:  15% (17/111)        
2022-10-07T08:34:03.1536834Z remote: Compressing objects:  16% (18/111)        
2022-10-07T08:34:03.1538458Z remote: Compressing objects:  17% (19/111)        
2022-10-07T08:34:03.1539418Z remote: Compressing objects:  18% (20/111)        
2022-10-07T08:34:03.1540243Z remote: Compressing objects:  19% (22/111)        
2022-10-07T08:34:03.1541903Z remote: Compressing objects:  20% (23/111)        
2022-10-07T08:34:03.1542743Z remote: Compressing objects:  21% (24/111)        
2022-10-07T08:34:03.1543831Z remote: Compressing objects:  22% (25/111)        
2022-10-07T08:34:03.1545311Z remote: Compressing objects:  23% (26/111)        
2022-10-07T08:34:03.1546328Z remote: Compressing objects:  24% (27/111)        
2022-10-07T08:34:03.1546723Z remote: Compressing objects:  25% (28/111)        
2022-10-07T08:34:03.1547664Z remote: Compressing objects:  26% (29/111)        
2022-10-07T08:34:03.1548385Z remote: Compressing objects:  27% (30/111)        
2022-10-07T08:34:03.1554966Z remote: Compressing objects:  28% (32/111)        
2022-10-07T08:34:03.1556165Z remote: Compressing objects:  29% (33/111)        
2022-10-07T08:34:03.1559662Z remote: Compressing objects:  30% (34/111)        
2022-10-07T08:34:03.1560519Z remote: Compressing objects:  31% (35/111)        
2022-10-07T08:34:03.1561936Z remote: Compressing objects:  32% (36/111)        
2022-10-07T08:34:03.1562684Z remote: Compressing objects:  33% (37/111)        
2022-10-07T08:34:03.1563884Z remote: Compressing objects:  34% (38/111)        
2022-10-07T08:34:03.1564740Z remote: Compressing objects:  35% (39/111)        
2022-10-07T08:34:03.1565727Z remote: Compressing objects:  36% (40/111)        
2022-10-07T08:34:03.1567207Z remote: Compressing objects:  37% (42/111)        
2022-10-07T08:34:03.1568206Z remote: Compressing objects:  38% (43/111)        
2022-10-07T08:34:03.1569012Z remote: Compressing objects:  39% (44/111)        
2022-10-07T08:34:03.1570369Z remote: Compressing objects:  40% (45/111)        
2022-10-07T08:34:03.1571171Z remote: Compressing objects:  41% (46/111)        
2022-10-07T08:34:03.1571922Z remote: Compressing objects:  42% (47/111)        
2022-10-07T08:34:03.1572870Z remote: Compressing objects:  43% (48/111)        
2022-10-07T08:34:03.1573627Z remote: Compressing objects:  44% (49/111)        
2022-10-07T08:34:03.1574012Z remote: Compressing objects:  45% (50/111)        
2022-10-07T08:34:03.1574912Z remote: Compressing objects:  46% (52/111)        
2022-10-07T08:34:03.1576338Z remote: Compressing objects:  47% (53/111)        
2022-10-07T08:34:03.1577006Z remote: Compressing objects:  48% (54/111)        
2022-10-07T08:34:03.1578582Z remote: Compressing objects:  49% (55/111)        
2022-10-07T08:34:03.1579016Z remote: Compressing objects:  50% (56/111)        
2022-10-07T08:34:03.1579718Z remote: Compressing objects:  51% (57/111)        
2022-10-07T08:34:03.1580356Z remote: Compressing objects:  52% (58/111)        
2022-10-07T08:34:03.1582248Z remote: Compressing objects:  53% (59/111)        
2022-10-07T08:34:03.1587594Z remote: Compressing objects:  54% (60/111)        
2022-10-07T08:34:03.1592759Z remote: Compressing objects:  55% (62/111)        
2022-10-07T08:34:03.1594192Z remote: Compressing objects:  56% (63/111)        
2022-10-07T08:34:03.1595086Z remote: Compressing objects:  57% (64/111)        
2022-10-07T08:34:03.1596258Z remote: Compressing objects:  58% (65/111)        
2022-10-07T08:34:03.1596782Z remote: Compressing objects:  59% (66/111)        
2022-10-07T08:34:03.1597438Z remote: Compressing objects:  60% (67/111)        
2022-10-07T08:34:03.1598254Z remote: Compressing objects:  61% (68/111)        
2022-10-07T08:34:03.1599961Z remote: Compressing objects:  62% (69/111)        
2022-10-07T08:34:03.1601120Z remote: Compressing objects:  63% (70/111)        
2022-10-07T08:34:03.1601920Z remote: Compressing objects:  64% (72/111)        
2022-10-07T08:34:03.1602856Z remote: Compressing objects:  65% (73/111)        
2022-10-07T08:34:03.1603671Z remote: Compressing objects:  66% (74/111)        
2022-10-07T08:34:03.1604858Z remote: Compressing objects:  67% (75/111)        
2022-10-07T08:34:03.1606164Z remote: Compressing objects:  68% (76/111)        
2022-10-07T08:34:03.1606796Z remote: Compressing objects:  69% (77/111)        
2022-10-07T08:34:03.1607557Z remote: Compressing objects:  70% (78/111)        
2022-10-07T08:34:03.1608690Z remote: Compressing objects:  71% (79/111)        
2022-10-07T08:34:03.1610701Z remote: Compressing objects:  72% (80/111)        
2022-10-07T08:34:03.1611876Z remote: Compressing objects:  73% (82/111)        
2022-10-07T08:34:03.1613143Z remote: Compressing objects:  74% (83/111)        
2022-10-07T08:34:03.1613489Z remote: Compressing objects:  75% (84/111)        
2022-10-07T08:34:03.1614265Z remote: Compressing objects:  76% (85/111)        
2022-10-07T08:34:03.1616119Z remote: Compressing objects:  77% (86/111)        
2022-10-07T08:34:03.1616789Z remote: Compressing objects:  78% (87/111)        
2022-10-07T08:34:03.1617634Z remote: Compressing objects:  79% (88/111)        
2022-10-07T08:34:03.1618293Z remote: Compressing objects:  80% (89/111)        
2022-10-07T08:34:03.1619489Z remote: Compressing objects:  81% (90/111)        
2022-10-07T08:34:03.1620985Z remote: Compressing objects:  82% (92/111)        
2022-10-07T08:34:03.1622284Z remote: Compressing objects:  83% (93/111)        
2022-10-07T08:34:03.1623631Z remote: Compressing objects:  84% (94/111)        
2022-10-07T08:34:03.1625515Z remote: Compressing objects:  85% (95/111)        
2022-10-07T08:34:03.1626515Z remote: Compressing objects:  86% (96/111)        
2022-10-07T08:34:03.1627023Z remote: Compressing objects:  87% (97/111)        
2022-10-07T08:34:03.1628050Z remote: Compressing objects:  88% (98/111)        
2022-10-07T08:34:03.1629166Z remote: Compressing objects:  89% (99/111)        
2022-10-07T08:34:03.1629977Z remote: Compressing objects:  90% (100/111)        
2022-10-07T08:34:03.1630662Z remote: Compressing objects:  91% (102/111)        
2022-10-07T08:34:03.1631447Z remote: Compressing objects:  92% (103/111)        
2022-10-07T08:34:03.1632506Z remote: Compressing objects:  93% (104/111)        
2022-10-07T08:34:03.1633142Z remote: Compressing objects:  94% (105/111)        
2022-10-07T08:34:03.1634342Z remote: Compressing objects:  95% (106/111)        
2022-10-07T08:34:03.1634855Z remote: Compressing objects:  96% (107/111)        
2022-10-07T08:34:03.1636292Z remote: Compressing objects:  97% (108/111)        
2022-10-07T08:34:03.1637199Z remote: Compressing objects:  98% (109/111)        
2022-10-07T08:34:03.1640075Z remote: Compressing objects:  99% (110/111)        
2022-10-07T08:34:03.1642433Z remote: Compressing objects: 100% (111/111)        
2022-10-07T08:34:03.1645250Z remote: Compressing objects: 100% (111/111), done.        
2022-10-07T08:34:03.1699909Z Receiving objects:   0% (1/154)
2022-10-07T08:34:03.1703231Z Receiving objects:   1% (2/154)
2022-10-07T08:34:03.1704896Z Receiving objects:   2% (4/154)
2022-10-07T08:34:03.1706356Z Receiving objects:   3% (5/154)
2022-10-07T08:34:03.1707191Z Receiving objects:   4% (7/154)
2022-10-07T08:34:03.1708712Z Receiving objects:   5% (8/154)
2022-10-07T08:34:03.1714705Z Receiving objects:   6% (10/154)
2022-10-07T08:34:03.1719139Z Receiving objects:   7% (11/154)
2022-10-07T08:34:03.1721989Z Receiving objects:   8% (13/154)
2022-10-07T08:34:03.1723145Z Receiving objects:   9% (14/154)
2022-10-07T08:34:03.1723435Z Receiving objects:  10% (16/154)
2022-10-07T08:34:03.1723703Z Receiving objects:  11% (17/154)
2022-10-07T08:34:03.1723981Z Receiving objects:  12% (19/154)
2022-10-07T08:34:03.1724231Z Receiving objects:  13% (21/154)
2022-10-07T08:34:03.1724779Z Receiving objects:  14% (22/154)
2022-10-07T08:34:03.2280771Z Receiving objects:  15% (24/154)
2022-10-07T08:34:03.2282045Z Receiving objects:  16% (25/154)
2022-10-07T08:34:03.2282761Z Receiving objects:  17% (27/154)
2022-10-07T08:34:03.2283830Z Receiving objects:  18% (28/154)
2022-10-07T08:34:03.2284841Z Receiving objects:  19% (30/154)
2022-10-07T08:34:03.2285667Z Receiving objects:  20% (31/154)
2022-10-07T08:34:03.2286576Z Receiving objects:  21% (33/154)
2022-10-07T08:34:03.2287449Z Receiving objects:  22% (34/154)
2022-10-07T08:34:03.2288862Z Receiving objects:  23% (36/154)
2022-10-07T08:34:03.2296753Z Receiving objects:  24% (37/154)
2022-10-07T08:34:03.2302825Z Receiving objects:  25% (39/154)
2022-10-07T08:34:03.2304109Z Receiving objects:  26% (41/154)
2022-10-07T08:34:03.2304919Z Receiving objects:  27% (42/154)
2022-10-07T08:34:03.2305825Z Receiving objects:  28% (44/154)
2022-10-07T08:34:03.2306715Z Receiving objects:  29% (45/154)
2022-10-07T08:34:03.2308195Z Receiving objects:  30% (47/154)
2022-10-07T08:34:03.2309245Z Receiving objects:  31% (48/154)
2022-10-07T08:34:03.2309757Z Receiving objects:  32% (50/154)
2022-10-07T08:34:03.2390167Z Receiving objects:  33% (51/154)
2022-10-07T08:34:03.2400364Z Receiving objects:  34% (53/154)
2022-10-07T08:34:03.2401440Z Receiving objects:  35% (54/154)
2022-10-07T08:34:03.2402070Z Receiving objects:  36% (56/154)
2022-10-07T08:34:03.2403328Z Receiving objects:  37% (57/154)
2022-10-07T08:34:03.2404367Z Receiving objects:  38% (59/154)
2022-10-07T08:34:03.2405515Z Receiving objects:  39% (61/154)
2022-10-07T08:34:03.2405784Z Receiving objects:  40% (62/154)
2022-10-07T08:34:03.2406050Z Receiving objects:  41% (64/154)
2022-10-07T08:34:03.2406317Z Receiving objects:  42% (65/154)
2022-10-07T08:34:03.2406787Z Receiving objects:  43% (67/154)
2022-10-07T08:34:03.2407075Z Receiving objects:  44% (68/154)
2022-10-07T08:34:03.2407620Z Receiving objects:  45% (70/154)
2022-10-07T08:34:03.2407868Z Receiving objects:  46% (71/154)
2022-10-07T08:34:03.2408942Z Receiving objects:  47% (73/154)
2022-10-07T08:34:03.2409211Z Receiving objects:  48% (74/154)
2022-10-07T08:34:03.2409474Z Receiving objects:  49% (76/154)
2022-10-07T08:34:03.2410050Z Receiving objects:  50% (77/154)
2022-10-07T08:34:03.2410643Z Receiving objects:  51% (79/154)
2022-10-07T08:34:03.2410909Z Receiving objects:  52% (81/154)
2022-10-07T08:34:03.3034715Z Receiving objects:  53% (82/154)
2022-10-07T08:34:03.3035764Z Receiving objects:  54% (84/154)
2022-10-07T08:34:03.3036674Z Receiving objects:  55% (85/154)
2022-10-07T08:34:03.3041951Z Receiving objects:  56% (87/154)
2022-10-07T08:34:03.3044148Z Receiving objects:  57% (88/154)
2022-10-07T08:34:03.3044723Z Receiving objects:  58% (90/154)
2022-10-07T08:34:03.3045035Z Receiving objects:  59% (91/154)
2022-10-07T08:34:03.3045303Z Receiving objects:  60% (93/154)
2022-10-07T08:34:03.3045568Z Receiving objects:  61% (94/154)
2022-10-07T08:34:03.3047437Z Receiving objects:  62% (96/154)
2022-10-07T08:34:03.3048035Z Receiving objects:  63% (98/154)
2022-10-07T08:34:03.3048355Z Receiving objects:  64% (99/154)
2022-10-07T08:34:03.3048931Z Receiving objects:  65% (101/154)
2022-10-07T08:34:03.3049300Z Receiving objects:  66% (102/154)
2022-10-07T08:34:03.3051425Z Receiving objects:  67% (104/154)
2022-10-07T08:34:03.3051930Z Receiving objects:  68% (105/154)
2022-10-07T08:34:03.3052208Z Receiving objects:  69% (107/154)
2022-10-07T08:34:03.3052688Z Receiving objects:  70% (108/154)
2022-10-07T08:34:03.3054258Z Receiving objects:  71% (110/154)
2022-10-07T08:34:03.3152297Z Receiving objects:  72% (111/154)
2022-10-07T08:34:03.3153030Z Receiving objects:  73% (113/154)
2022-10-07T08:34:03.3154428Z Receiving objects:  74% (114/154)
2022-10-07T08:34:03.3155679Z Receiving objects:  75% (116/154)
2022-10-07T08:34:03.3155961Z Receiving objects:  76% (118/154)
2022-10-07T08:34:03.3156263Z Receiving objects:  77% (119/154)
2022-10-07T08:34:03.3156546Z Receiving objects:  78% (121/154)
2022-10-07T08:34:03.3156818Z Receiving objects:  79% (122/154)
2022-10-07T08:34:03.3157067Z Receiving objects:  80% (124/154)
2022-10-07T08:34:03.3157330Z Receiving objects:  81% (125/154)
2022-10-07T08:34:03.3157593Z Receiving objects:  82% (127/154)
2022-10-07T08:34:03.3157852Z Receiving objects:  83% (128/154)
2022-10-07T08:34:03.3158100Z Receiving objects:  84% (130/154)
2022-10-07T08:34:03.3158418Z Receiving objects:  85% (131/154)
2022-10-07T08:34:03.3158685Z Receiving objects:  86% (133/154)
2022-10-07T08:34:03.3158932Z Receiving objects:  87% (134/154)
2022-10-07T08:34:03.3159191Z Receiving objects:  88% (136/154)
2022-10-07T08:34:03.3159894Z remote: Total 154 (delta 33), reused 96 (delta 24), pack-reused 0        
2022-10-07T08:34:03.3160209Z Receiving objects:  89% (138/154)
2022-10-07T08:34:03.3160474Z Receiving objects:  90% (139/154)
2022-10-07T08:34:03.3161515Z Receiving objects:  91% (141/154)
2022-10-07T08:34:03.3161779Z Receiving objects:  92% (142/154)
2022-10-07T08:34:03.3162041Z Receiving objects:  93% (144/154)
2022-10-07T08:34:03.3162301Z Receiving objects:  94% (145/154)
2022-10-07T08:34:03.3162547Z Receiving objects:  95% (147/154)
2022-10-07T08:34:03.3162806Z Receiving objects:  96% (148/154)
2022-10-07T08:34:03.3163065Z Receiving objects:  97% (150/154)
2022-10-07T08:34:03.3163311Z Receiving objects:  98% (151/154)
2022-10-07T08:34:03.3163574Z Receiving objects:  99% (153/154)
2022-10-07T08:34:03.3163833Z Receiving objects: 100% (154/154)
2022-10-07T08:34:03.3164141Z Receiving objects: 100% (154/154), 115.59 KiB | 799.00 KiB/s, done.
2022-10-07T08:34:03.3164426Z Resolving deltas:   0% (0/33)
2022-10-07T08:34:03.3164687Z Resolving deltas:   3% (1/33)
2022-10-07T08:34:03.3164947Z Resolving deltas:   6% (2/33)
2022-10-07T08:34:03.3165195Z Resolving deltas:   9% (3/33)
2022-10-07T08:34:03.3165498Z Resolving deltas:  12% (4/33)
2022-10-07T08:34:03.3165784Z Resolving deltas:  15% (5/33)
2022-10-07T08:34:03.3166292Z Resolving deltas:  18% (6/33)
2022-10-07T08:34:03.3166550Z Resolving deltas:  21% (7/33)
2022-10-07T08:34:03.3166811Z Resolving deltas:  24% (8/33)
2022-10-07T08:34:03.3167098Z Resolving deltas:  27% (9/33)
2022-10-07T08:34:03.3167358Z Resolving deltas:  30% (10/33)
2022-10-07T08:34:03.3167620Z Resolving deltas:  33% (11/33)
2022-10-07T08:34:03.3167864Z Resolving deltas:  36% (12/33)
2022-10-07T08:34:03.3168148Z Resolving deltas:  39% (13/33)
2022-10-07T08:34:03.3168404Z Resolving deltas:  42% (14/33)
2022-10-07T08:34:03.3168664Z Resolving deltas:  45% (15/33)
2022-10-07T08:34:03.3168913Z Resolving deltas:  48% (16/33)
2022-10-07T08:34:03.3169176Z Resolving deltas:  51% (17/33)
2022-10-07T08:34:03.3169434Z Resolving deltas:  54% (18/33)
2022-10-07T08:34:03.3169673Z Resolving deltas:  57% (19/33)
2022-10-07T08:34:03.3169926Z Resolving deltas:  60% (20/33)
2022-10-07T08:34:03.3170254Z Resolving deltas:  63% (21/33)
2022-10-07T08:34:03.3170498Z Resolving deltas:  66% (22/33)
2022-10-07T08:34:03.3170749Z Resolving deltas:  69% (23/33)
2022-10-07T08:34:03.3171008Z Resolving deltas:  72% (24/33)
2022-10-07T08:34:03.3171247Z Resolving deltas:  75% (25/33)
2022-10-07T08:34:03.3171546Z Resolving deltas:  78% (26/33)
2022-10-07T08:34:03.3171808Z Resolving deltas:  81% (27/33)
2022-10-07T08:34:03.3172049Z Resolving deltas:  84% (28/33)
2022-10-07T08:34:03.3172304Z Resolving deltas:  87% (29/33)
2022-10-07T08:34:03.3172561Z Resolving deltas:  90% (30/33)
2022-10-07T08:34:03.3172802Z Resolving deltas:  93% (31/33)
2022-10-07T08:34:03.3173056Z Resolving deltas:  96% (32/33)
2022-10-07T08:34:03.3173430Z Resolving deltas: 100% (33/33)
2022-10-07T08:34:03.3173717Z Resolving deltas: 100% (33/33), done.
2022-10-07T08:34:03.3255970Z From https://github.com/marcwrobel/jbanking
2022-10-07T08:34:03.3256810Z  * [new ref]         29a461f0319cc851c1b89e11c27bbe95d5a3b198 -> pull/204/merge
2022-10-07T08:34:03.3287660Z ##[endgroup]
2022-10-07T08:34:03.3288179Z ##[group]Determining the checkout info
2022-10-07T08:34:03.3294051Z ##[endgroup]
2022-10-07T08:34:03.3294575Z ##[group]Checking out the ref
2022-10-07T08:34:03.3302934Z [command]/usr/bin/git checkout --progress --force refs/remotes/pull/204/merge
2022-10-07T08:34:03.3427908Z Note: switching to 'refs/remotes/pull/204/merge'.
2022-10-07T08:34:03.3428444Z 
2022-10-07T08:34:03.3429228Z You are in 'detached HEAD' state. You can look around, make experimental
2022-10-07T08:34:03.3430266Z changes and commit them, and you can discard any commits you make in this
2022-10-07T08:34:03.3430919Z state without impacting any branches by switching back to a branch.
2022-10-07T08:34:03.3431299Z 
2022-10-07T08:34:03.3431728Z If you want to create a new branch to retain commits you create, you may
2022-10-07T08:34:03.3432795Z do so (now or later) by using -c with the switch command. Example:
2022-10-07T08:34:03.3433044Z 
2022-10-07T08:34:03.3433247Z   git switch -c <new-branch-name>
2022-10-07T08:34:03.3433432Z 
2022-10-07T08:34:03.3433552Z Or undo this operation with:
2022-10-07T08:34:03.3433723Z 
2022-10-07T08:34:03.3433814Z   git switch -
2022-10-07T08:34:03.3433958Z 
2022-10-07T08:34:03.3434168Z Turn off this advice by setting config variable advice.detachedHead to false
2022-10-07T08:34:03.3434414Z 
2022-10-07T08:34:03.3434669Z HEAD is now at 29a461f Merge 4da6d5f9e4f0099286f9cdae68624342c3f7731e into 9553bebfce9e68d6c52c00cb9ed3a3f4ef8767bd
2022-10-07T08:34:03.3442918Z ##[endgroup]
2022-10-07T08:34:03.3518835Z [command]/usr/bin/git log -1 --format='%H'
2022-10-07T08:34:03.3559300Z '29a461f0319cc851c1b89e11c27bbe95d5a3b198'
2022-10-07T08:34:03.3975966Z ##[group]Run actions/setup-java@a18c333f3f14249953dab3e186e5e21bf3390f1d
2022-10-07T08:34:03.3976313Z with:
2022-10-07T08:34:03.3976522Z   distribution: temurin
2022-10-07T08:34:03.3976762Z   java-version: 11
2022-10-07T08:34:03.3976991Z   cache: maven
2022-10-07T08:34:03.3977205Z   java-package: jdk
2022-10-07T08:34:03.3977441Z   architecture: x64
2022-10-07T08:34:03.3977676Z   check-latest: false
2022-10-07T08:34:03.3977895Z   server-id: github
2022-10-07T08:34:03.3978318Z   server-username: GITHUB_ACTOR
2022-10-07T08:34:03.3978618Z   server-password: GITHUB_TOKEN
2022-10-07T08:34:03.3978878Z   overwrite-settings: true
2022-10-07T08:34:03.3979133Z   job-status: success
2022-10-07T08:34:03.3979496Z   token: ***
2022-10-07T08:34:03.3979833Z ##[endgroup]
2022-10-07T08:34:03.6675004Z ##[group]Installed distributions
2022-10-07T08:34:03.6772528Z Resolved Java 11.0.16+1 from tool-cache
2022-10-07T08:34:03.6772865Z Setting Java 11.0.16+1 as the default
2022-10-07T08:34:03.6799651Z 
2022-10-07T08:34:03.6808811Z 
2022-10-07T08:34:03.6810270Z 
2022-10-07T08:34:03.6811336Z 
2022-10-07T08:34:03.6811501Z Java configuration:
2022-10-07T08:34:03.6811796Z   Distribution: temurin
2022-10-07T08:34:03.6812042Z   Version: 11.0.16+1
2022-10-07T08:34:03.6812682Z   Path: /opt/hostedtoolcache/Java_Temurin-Hotspot_jdk/11.0.16-1/x64
2022-10-07T08:34:03.6812902Z 
2022-10-07T08:34:03.6813276Z ##[endgroup]
2022-10-07T08:34:03.6840468Z Creating settings.xml with server-id: github
2022-10-07T08:34:03.7014058Z Writing to /home/runner/.m2/settings.xml
2022-10-07T08:34:03.9455313Z 
2022-10-07T08:34:03.9464209Z maven cache is not found
2022-10-07T08:34:03.9656236Z ##[group]Run mvn -B formatter:validate verify javadoc:jar
2022-10-07T08:34:03.9656687Z [36;1mmvn -B formatter:validate verify javadoc:jar[0m
2022-10-07T08:34:03.9724121Z shell: /usr/bin/bash -e {0}
2022-10-07T08:34:03.9724478Z env:
2022-10-07T08:34:03.9724797Z   JAVA_HOME: /opt/hostedtoolcache/Java_Temurin-Hotspot_jdk/11.0.16-1/x64
2022-10-07T08:34:03.9725218Z   JAVA_HOME_11_X64: /opt/hostedtoolcache/Java_Temurin-Hotspot_jdk/11.0.16-1/x64
2022-10-07T08:34:03.9725525Z ##[endgroup]
2022-10-07T08:34:04.5448806Z Apache Maven 3.8.6 (84538c9988a25aec085021c365c560670ad80f63)
2022-10-07T08:34:04.5476268Z Maven home: /usr/share/apache-maven-3.8.6
2022-10-07T08:34:04.5477113Z Java version: 11.0.16.1, vendor: Eclipse Adoptium, runtime: /usr/lib/jvm/temurin-11-jdk-amd64
2022-10-07T08:34:04.5477698Z Default locale: en, platform encoding: UTF-8
2022-10-07T08:34:04.5481066Z OS name: "linux", version: "5.15.0-1020-azure", arch: "amd64", family: "unix"
2022-10-07T08:34:05.7419272Z 1221 [INFO] Error stacktraces are turned on.
2022-10-07T08:34:05.7996245Z 1285 [INFO] Scanning for projects...
2022-10-07T08:34:09.0581238Z 4543 [INFO] 
2022-10-07T08:34:09.0615537Z 4544 [INFO] -----------------------< fr.marcwrobel:jbanking >-----------------------
2022-10-07T08:34:09.0621174Z 4547 [INFO] Building jbanking 4.0.0-SNAPSHOT
2022-10-07T08:34:09.0625218Z 4548 [INFO] --------------------------------[ jar ]---------------------------------
2022-10-07T08:34:09.8070843Z 5292 [INFO] 
2022-10-07T08:34:09.8078747Z 5293 [INFO] --- formatter-maven-plugin:2.16.0:validate (default-cli) @ jbanking ---
2022-10-07T08:34:11.4361242Z 6921 [INFO] Using 'UTF-8' encoding to format source files.
2022-10-07T08:34:11.4562244Z 6939 [INFO] Number of files to be formatted: 83
2022-10-07T08:34:14.1717278Z 9650 [INFO] Successfully formatted:          0 file(s)
2022-10-07T08:34:14.1721663Z 9658 [INFO] Fail to format:                  0 file(s)
2022-10-07T08:34:14.1725229Z 9658 [INFO] Skipped:                         83 file(s)
2022-10-07T08:34:14.1728550Z 9658 [INFO] Read only skipped:               0 file(s)
2022-10-07T08:34:14.1732032Z 9659 [INFO] Approximate time taken:          2s
2022-10-07T08:34:14.1768805Z 9660 [INFO] 
2022-10-07T08:34:14.1770241Z 9662 [INFO] --- maven-enforcer-plugin:3.0.0:enforce (enforce-maven) @ jbanking ---
2022-10-07T08:34:15.1655762Z 10651 [INFO] 
2022-10-07T08:34:15.1660010Z 10651 [INFO] --- formatter-maven-plugin:2.16.0:format (default) @ jbanking ---
2022-10-07T08:34:15.1773726Z 10661 [INFO] Using 'UTF-8' encoding to format source files.
2022-10-07T08:34:15.1826248Z 10667 [INFO] Number of files to be formatted: 83
2022-10-07T08:34:15.2687166Z 10753 [INFO] Successfully formatted:          0 file(s)
2022-10-07T08:34:15.2688721Z 10754 [INFO] Fail to format:                  0 file(s)
2022-10-07T08:34:15.2689312Z 10754 [INFO] Skipped:                         83 file(s)
2022-10-07T08:34:15.2690231Z 10754 [INFO] Read only skipped:               0 file(s)
2022-10-07T08:34:15.2690819Z 10754 [INFO] Approximate time taken:          0s
2022-10-07T08:34:15.2692737Z 10755 [INFO] 
2022-10-07T08:34:15.2694498Z 10755 [INFO] --- maven-resources-plugin:3.2.0:resources (default-resources) @ jbanking ---
2022-10-07T08:34:15.7366117Z 11222 [INFO] Using 'UTF-8' encoding to copy filtered resources.
2022-10-07T08:34:15.7367047Z 11222 [INFO] Using 'UTF-8' encoding to copy filtered properties files.
2022-10-07T08:34:15.7401639Z 11226 [INFO] Copying 0 resource
2022-10-07T08:34:15.7409982Z 11226 [INFO] Copying 1 resource
2022-10-07T08:34:15.7480632Z 11233 [INFO] 
2022-10-07T08:34:15.7484216Z 11234 [INFO] --- flatten-maven-plugin:1.2.7:flatten (flatten) @ jbanking ---
2022-10-07T08:34:16.7469145Z 12232 [INFO] Generating flattened POM of project fr.marcwrobel:jbanking:jar:4.0.0-SNAPSHOT...
2022-10-07T08:34:16.7987864Z 12284 [INFO] 
2022-10-07T08:34:16.7988929Z 12284 [INFO] --- maven-compiler-plugin:3.10.1:compile (default-compile) @ jbanking ---
2022-10-07T08:34:17.0676990Z 12553 [INFO] Changes detected - recompiling the module!
2022-10-07T08:34:17.0722370Z 12558 [INFO] Compiling 41 source files to /home/runner/work/jbanking/jbanking/target/classes
2022-10-07T08:34:19.0347370Z 14520 [INFO] 
2022-10-07T08:34:19.0352207Z 14521 [INFO] --- maven-resources-plugin:3.2.0:testResources (default-testResources) @ jbanking ---
2022-10-07T08:34:19.0391321Z 14525 [INFO] Using 'UTF-8' encoding to copy filtered resources.
2022-10-07T08:34:19.0396607Z 14525 [INFO] Using 'UTF-8' encoding to copy filtered properties files.
2022-10-07T08:34:19.0403544Z 14526 [INFO] Copying 1 resource
2022-10-07T08:34:19.0412515Z 14527 [INFO] 
2022-10-07T08:34:19.0416654Z 14527 [INFO] --- maven-compiler-plugin:3.10.1:testCompile (default-testCompile) @ jbanking ---
2022-10-07T08:34:19.0613902Z 14547 [INFO] Changes detected - recompiling the module!
2022-10-07T08:34:19.0621053Z 14547 [INFO] Compiling 42 source files to /home/runner/work/jbanking/jbanking/target/test-classes
2022-10-07T08:34:20.2188337Z 15704 [INFO] 
2022-10-07T08:34:20.2189747Z 15704 [INFO] --- maven-surefire-plugin:2.22.2:test (default-test) @ jbanking ---
2022-10-07T08:34:20.8518113Z 16330 [INFO] Surefire report directory: /home/runner/work/jbanking/jbanking/target/surefire-reports
2022-10-07T08:34:21.0243278Z 16507 [INFO] 
2022-10-07T08:34:21.0244510Z 16507 [INFO] -------------------------------------------------------
2022-10-07T08:34:21.0245497Z 16507 [INFO]  T E S T S
2022-10-07T08:34:21.0246122Z 16507 [INFO] -------------------------------------------------------
2022-10-07T08:34:22.1711670Z 17650 [INFO] Running fr.marcwrobel.jbanking.swift.SwiftPatternTest
2022-10-07T08:34:22.2768997Z 17762 [INFO] Tests run: 12, Failures: 0, Errors: 0, Skipped: 0, Time elapsed: 0.07 s - in fr.marcwrobel.jbanking.swift.SwiftPatternTest
2022-10-07T08:34:22.2774402Z 17763 [INFO] Running fr.marcwrobel.jbanking.AgreementTest
2022-10-07T08:34:22.2910158Z 17775 [INFO] Tests run: 5, Failures: 0, Errors: 0, Skipped: 0, Time elapsed: 0.009 s - in fr.marcwrobel.jbanking.AgreementTest
2022-10-07T08:34:22.3028622Z 17788 [INFO] Running fr.marcwrobel.jbanking.bic.BicTest
2022-10-07T08:34:22.3406863Z 17825 [INFO] Tests run: 19, Failures: 0, Errors: 0, Skipped: 0, Time elapsed: 0.03 s - in fr.marcwrobel.jbanking.bic.BicTest
2022-10-07T08:34:22.3407533Z 17826 [INFO] Running fr.marcwrobel.jbanking.IsoCountryTest
2022-10-07T08:34:22.3958367Z 17880 [INFO] Tests run: 17, Failures: 0, Errors: 0, Skipped: 0, Time elapsed: 0.051 s - in fr.marcwrobel.jbanking.IsoCountryTest
2022-10-07T08:34:22.3959287Z 17881 [INFO] Running fr.marcwrobel.jbanking.calendar.MonthDayHolidayTest
2022-10-07T08:34:22.5356976Z 18019 [INFO] Tests run: 10, Failures: 0, Errors: 0, Skipped: 0, Time elapsed: 0.136 s - in fr.marcwrobel.jbanking.calendar.MonthDayHolidayTest
2022-10-07T08:34:22.5383400Z 18022 [INFO] Running fr.marcwrobel.jbanking.calendar.WeekendToMondayShiftingStrategyTest
2022-10-07T08:34:22.5555546Z 18040 [INFO] Tests run: 10, Failures: 0, Errors: 0, Skipped: 0, Time elapsed: 0.016 s - in fr.marcwrobel.jbanking.calendar.WeekendToMondayShiftingStrategyTest
2022-10-07T08:34:22.5562629Z 18042 [INFO] Running fr.marcwrobel.jbanking.calendar.ShiftedHolidayTest
2022-10-07T08:34:22.6070398Z 18092 [INFO] Tests run: 16, Failures: 0, Errors: 0, Skipped: 0, Time elapsed: 0.049 s - in fr.marcwrobel.jbanking.calendar.ShiftedHolidayTest
2022-10-07T08:34:22.6152988Z 18100 [INFO] Running fr.marcwrobel.jbanking.calendar.NewYorkStockExchangeCalendarTest
2022-10-07T08:34:23.6017571Z 19086 [INFO] Tests run: 1, Failures: 0, Errors: 0, Skipped: 0, Time elapsed: 0.984 s - in fr.marcwrobel.jbanking.calendar.NewYorkStockExchangeCalendarTest
2022-10-07T08:34:23.6030678Z 19088 [INFO] Running fr.marcwrobel.jbanking.calendar.TargetCalendarTest
2022-10-07T08:34:23.8290898Z 19314 [INFO] Tests run: 1, Failures: 0, Errors: 0, Skipped: 0, Time elapsed: 0.225 s - in fr.marcwrobel.jbanking.calendar.TargetCalendarTest
2022-10-07T08:34:23.8303487Z 19314 [INFO] Running fr.marcwrobel.jbanking.calendar.SaturdaySundayCalendarTest
2022-10-07T08:34:23.8545998Z 19340 [INFO] Tests run: 1, Failures: 0, Errors: 0, Skipped: 0, Time elapsed: 0.025 s - in fr.marcwrobel.jbanking.calendar.SaturdaySundayCalendarTest
2022-10-07T08:34:23.8581089Z 19343 [INFO] Running fr.marcwrobel.jbanking.calendar.FixedHolidayTest
2022-10-07T08:34:23.8587947Z 19344 [INFO] Tests run: 5, Failures: 0, Errors: 0, Skipped: 0, Time elapsed: 0 s - in fr.marcwrobel.jbanking.calendar.FixedHolidayTest
2022-10-07T08:34:23.8597214Z 19345 [INFO] Running fr.marcwrobel.jbanking.calendar.YearRangeHolidayTest
2022-10-07T08:34:23.8655022Z 19351 [INFO] Tests run: 3, Failures: 0, Errors: 0, Skipped: 0, Time elapsed: 0.004 s - in fr.marcwrobel.jbanking.calendar.YearRangeHolidayTest
2022-10-07T08:34:23.8676039Z 19353 [INFO] Running fr.marcwrobel.jbanking.calendar.DayOfWeekInMonthHolidayTest
2022-10-07T08:34:23.8919155Z 19377 [INFO] Tests run: 17, Failures: 0, Errors: 0, Skipped: 0, Time elapsed: 0.023 s - in fr.marcwrobel.jbanking.calendar.DayOfWeekInMonthHolidayTest
2022-10-07T08:34:23.8924627Z 19378 [INFO] Running fr.marcwrobel.jbanking.calendar.FridaySaturdayCalendarTest
2022-10-07T08:34:23.9021320Z 19387 [INFO] Tests run: 1, Failures: 0, Errors: 0, Skipped: 0, Time elapsed: 0.006 s - in fr.marcwrobel.jbanking.calendar.FridaySaturdayCalendarTest
2022-10-07T08:34:23.9070771Z 19392 [INFO] Running fr.marcwrobel.jbanking.calendar.NoHolidayCalendarTest
2022-10-07T08:34:23.9163454Z 19402 [INFO] Tests run: 2, Failures: 0, Errors: 0, Skipped: 0, Time elapsed: 0.008 s - in fr.marcwrobel.jbanking.calendar.NoHolidayCalendarTest
2022-10-07T08:34:23.9242712Z 19410 [INFO] Running fr.marcwrobel.jbanking.calendar.FollowingWeekShiftingStrategyTest
2022-10-07T08:34:23.9509714Z 19435 [INFO] Tests run: 10, Failures: 0, Errors: 0, Skipped: 0, Time elapsed: 0.024 s - in fr.marcwrobel.jbanking.calendar.FollowingWeekShiftingStrategyTest
2022-10-07T08:34:23.9511186Z 19436 [INFO] Running fr.marcwrobel.jbanking.calendar.SundayToTuesdayShiftingStrategyTest
2022-10-07T08:34:23.9701749Z 19455 [INFO] Tests run: 12, Failures: 0, Errors: 0, Skipped: 0, Time elapsed: 0.018 s - in fr.marcwrobel.jbanking.calendar.SundayToTuesdayShiftingStrategyTest
2022-10-07T08:34:23.9707965Z 19456 [INFO] Running fr.marcwrobel.jbanking.calendar.CalendarTest
2022-10-07T08:34:23.9861198Z 19471 [INFO] Tests run: 10, Failures: 0, Errors: 0, Skipped: 0, Time elapsed: 0.014 s - in fr.marcwrobel.jbanking.calendar.CalendarTest
2022-10-07T08:34:23.9865657Z 19472 [INFO] Running fr.marcwrobel.jbanking.calendar.MovedHolidayTest
2022-10-07T08:34:23.9902107Z 19476 [INFO] Tests run: 3, Failures: 0, Errors: 0, Skipped: 0, Time elapsed: 0.003 s - in fr.marcwrobel.jbanking.calendar.MovedHolidayTest
2022-10-07T08:34:23.9916034Z 19477 [INFO] Running fr.marcwrobel.jbanking.calendar.LondonCalendarTest
2022-10-07T08:34:24.0615821Z 19547 [ERROR] Tests run: 1, Failures: 1, Errors: 0, Skipped: 0, Time elapsed: 0.068 s <<< FAILURE! - in fr.marcwrobel.jbanking.calendar.LondonCalendarTest
2022-10-07T08:34:24.0617309Z 19547 [ERROR] ensureConsistencyWithStrata  Time elapsed: 0.068 s  <<< FAILURE!
2022-10-07T08:34:24.0618554Z org.opentest4j.AssertionFailedError: 2022-09-19 : strata=true, jbanking=false ([]) ==> expected: <true> but was: <false>
2022-10-07T08:34:24.0650651Z 	at fr.marcwrobel.jbanking.calendar.LondonCalendarTest.ensureConsistencyWithStrata(LondonCalendarTest.java:14)
2022-10-07T08:34:24.0651430Z 
2022-10-07T08:34:24.0652066Z 19548 [INFO] Running fr.marcwrobel.jbanking.calendar.ConfigurableCalendarTest
2022-10-07T08:34:24.0943532Z 19576 [INFO] Tests run: 14, Failures: 0, Errors: 0, Skipped: 0, Time elapsed: 0.027 s - in fr.marcwrobel.jbanking.calendar.ConfigurableCalendarTest
2022-10-07T08:34:24.0944439Z 19578 [INFO] Running fr.marcwrobel.jbanking.calendar.ParisCalendarTest
2022-10-07T08:34:24.2914613Z 19776 [INFO] Tests run: 1, Failures: 0, Errors: 0, Skipped: 0, Time elapsed: 0.197 s - in fr.marcwrobel.jbanking.calendar.ParisCalendarTest
2022-10-07T08:34:24.2916226Z 19777 [INFO] Running fr.marcwrobel.jbanking.calendar.FrankfurtCalendarTest
2022-10-07T08:34:24.4750190Z 19960 [INFO] Tests run: 1, Failures: 0, Errors: 0, Skipped: 0, Time elapsed: 0.182 s - in fr.marcwrobel.jbanking.calendar.FrankfurtCalendarTest
2022-10-07T08:34:24.4823787Z 19961 [INFO] Running fr.marcwrobel.jbanking.calendar.WesternEasterTest
2022-10-07T08:34:24.9971837Z 20482 [INFO] Tests run: 502, Failures: 0, Errors: 0, Skipped: 0, Time elapsed: 0.495 s - in fr.marcwrobel.jbanking.calendar.WesternEasterTest
2022-10-07T08:34:24.9980617Z 20483 [INFO] Running fr.marcwrobel.jbanking.calendar.NewYorkFedCalendarTest
2022-10-07T08:34:25.2560404Z 20741 [INFO] Tests run: 1, Failures: 0, Errors: 0, Skipped: 0, Time elapsed: 0.257 s - in fr.marcwrobel.jbanking.calendar.NewYorkFedCalendarTest
2022-10-07T08:34:25.2561524Z 20741 [INFO] Running fr.marcwrobel.jbanking.calendar.SuppressedHolidayTest
2022-10-07T08:34:25.2632350Z 20749 [INFO] Tests run: 11, Failures: 0, Errors: 0, Skipped: 0, Time elapsed: 0.007 s - in fr.marcwrobel.jbanking.calendar.SuppressedHolidayTest
2022-10-07T08:34:25.2633686Z 20749 [INFO] Running fr.marcwrobel.jbanking.calendar.ClosestWeekdayShiftingStrategyTest
2022-10-07T08:34:25.2663314Z 20752 [INFO] Tests run: 10, Failures: 0, Errors: 0, Skipped: 0, Time elapsed: 0.002 s - in fr.marcwrobel.jbanking.calendar.ClosestWeekdayShiftingStrategyTest
2022-10-07T08:34:25.2668894Z 20752 [INFO] Running fr.marcwrobel.jbanking.calendar.BridgedHolidayTest
2022-10-07T08:34:25.2710579Z 20756 [INFO] Tests run: 3, Failures: 0, Errors: 0, Skipped: 0, Time elapsed: 0.001 s - in fr.marcwrobel.jbanking.calendar.BridgedHolidayTest
2022-10-07T08:34:25.2711875Z 20756 [INFO] Running fr.marcwrobel.jbanking.calendar.TokyoCalendarTest
2022-10-07T08:34:25.5431405Z 21028 [INFO] Tests run: 1, Failures: 0, Errors: 0, Skipped: 0, Time elapsed: 0.271 s - in fr.marcwrobel.jbanking.calendar.TokyoCalendarTest
2022-10-07T08:34:25.5489172Z 21034 [INFO] Running fr.marcwrobel.jbanking.calendar.DayOfWeekHolidayTest
2022-10-07T08:34:25.5529527Z 21038 [INFO] Tests run: 3, Failures: 0, Errors: 0, Skipped: 0, Time elapsed: 0.003 s - in fr.marcwrobel.jbanking.calendar.DayOfWeekHolidayTest
2022-10-07T08:34:25.5537257Z 21039 [INFO] Running fr.marcwrobel.jbanking.calendar.SundayToWednesdayShiftingStrategyTest
2022-10-07T08:34:25.5590883Z 21044 [INFO] Tests run: 14, Failures: 0, Errors: 0, Skipped: 0, Time elapsed: 0.005 s - in fr.marcwrobel.jbanking.calendar.SundayToWednesdayShiftingStrategyTest
2022-10-07T08:34:25.5619091Z 21046 [INFO] Running fr.marcwrobel.jbanking.calendar.RelativeHolidayTest
2022-10-07T08:34:25.5673973Z 21053 [INFO] Tests run: 10, Failures: 0, Errors: 0, Skipped: 0, Time elapsed: 0.006 s - in fr.marcwrobel.jbanking.calendar.RelativeHolidayTest
2022-10-07T08:34:25.5678786Z 21053 [INFO] Running fr.marcwrobel.jbanking.calendar.SundayToMondayShiftingStrategyTest
2022-10-07T08:34:25.5720106Z 21057 [INFO] Tests run: 10, Failures: 0, Errors: 0, Skipped: 0, Time elapsed: 0.004 s - in fr.marcwrobel.jbanking.calendar.SundayToMondayShiftingStrategyTest
2022-10-07T08:34:25.5723434Z 21058 [INFO] Running fr.marcwrobel.jbanking.calendar.SydneyCalendarTest
2022-10-07T08:34:25.6145324Z 21100 [ERROR] Tests run: 1, Failures: 1, Errors: 0, Skipped: 0, Time elapsed: 0.041 s <<< FAILURE! - in fr.marcwrobel.jbanking.calendar.SydneyCalendarTest
2022-10-07T08:34:25.6146730Z 21100 [ERROR] ensureConsistencyWithStrata  Time elapsed: 0.041 s  <<< FAILURE!
2022-10-07T08:34:25.6147870Z org.opentest4j.AssertionFailedError: 2022-09-22 : strata=true, jbanking=false ([]) ==> expected: <true> but was: <false>
2022-10-07T08:34:25.6150109Z 	at fr.marcwrobel.jbanking.calendar.SydneyCalendarTest.ensureConsistencyWithStrata(SydneyCalendarTest.java:14)
2022-10-07T08:34:25.6259243Z 
2022-10-07T08:34:25.6259727Z 21102 [INFO] Running fr.marcwrobel.jbanking.calendar.CompositeCalendarTest
2022-10-07T08:34:25.6260758Z 21106 [INFO] Tests run: 4, Failures: 0, Errors: 0, Skipped: 0, Time elapsed: 0.003 s - in fr.marcwrobel.jbanking.calendar.CompositeCalendarTest
2022-10-07T08:34:25.6261390Z 21106 [INFO] Running fr.marcwrobel.jbanking.iban.IbanCheckDigitTest
2022-10-07T08:34:25.7028775Z 21187 [INFO] Tests run: 141, Failures: 0, Errors: 0, Skipped: 0, Time elapsed: 0.079 s - in fr.marcwrobel.jbanking.iban.IbanCheckDigitTest
2022-10-07T08:34:25.7030364Z 21188 [INFO] Running fr.marcwrobel.jbanking.iban.IbanTest
2022-10-07T08:34:25.9071326Z 21392 [INFO] Tests run: 332, Failures: 0, Errors: 0, Skipped: 0, Time elapsed: 0.168 s - in fr.marcwrobel.jbanking.iban.IbanTest
2022-10-07T08:34:25.9118485Z 21397 [INFO] Running fr.marcwrobel.jbanking.iban.BbanStructureTest
2022-10-07T08:34:25.9128238Z 21398 [INFO] Tests run: 6, Failures: 0, Errors: 0, Skipped: 0, Time elapsed: 0 s - in fr.marcwrobel.jbanking.iban.BbanStructureTest
2022-10-07T08:34:25.9129273Z 21398 [INFO] Running fr.marcwrobel.jbanking.IsoCurrencyTest
2022-10-07T08:34:25.9139656Z 21399 [INFO] Tests run: 13, Failures: 0, Errors: 0, Skipped: 0, Time elapsed: 0 s - in fr.marcwrobel.jbanking.IsoCurrencyTest
2022-10-07T08:34:25.9140930Z 21399 [INFO] Running fr.marcwrobel.jbanking.creditor.CreditorIdentifierTest
2022-10-07T08:34:25.9639241Z 21449 [INFO] Tests run: 159, Failures: 0, Errors: 0, Skipped: 0, Time elapsed: 0.048 s - in fr.marcwrobel.jbanking.creditor.CreditorIdentifierTest
2022-10-07T08:34:26.3003241Z 21786 [INFO] 
2022-10-07T08:34:26.3004147Z 21786 [INFO] Results:
2022-10-07T08:34:26.3007046Z 21786 [INFO] 
2022-10-07T08:34:26.3007577Z 21786 [ERROR] Failures: 
2022-10-07T08:34:26.3009069Z 21786 [ERROR]   LondonCalendarTest.ensureConsistencyWithStrata:14->CalendarTestSupport.checkWithStrata:48 2022-09-19 : strata=true, jbanking=false ([]) ==> expected: <true> but was: <false>
2022-10-07T08:34:26.3011078Z 21786 [ERROR]   SydneyCalendarTest.ensureConsistencyWithStrata:14->CalendarTestSupport.checkWithStrata:48 2022-09-22 : strata=true, jbanking=false ([]) ==> expected: <true> but was: <false>
2022-10-07T08:34:26.3011976Z 21786 [INFO] 
2022-10-07T08:34:26.3199777Z 21786 [ERROR] Tests run: 1393, Failures: 2, Errors: 0, Skipped: 0
2022-10-07T08:34:26.3201699Z 21786 [INFO] 
2022-10-07T08:34:26.3203016Z 21792 [INFO] ------------------------------------------------------------------------
2022-10-07T08:34:26.3204372Z 21792 [INFO] BUILD FAILURE
2022-10-07T08:34:26.3204989Z 21792 [INFO] ------------------------------------------------------------------------
2022-10-07T08:34:26.3217323Z 21793 [INFO] Total time:  20.535 s
2022-10-07T08:34:26.3217879Z 21794 [INFO] Finished at: 2022-10-07T08:34:26Z
2022-10-07T08:34:26.3218462Z 21794 [INFO] ------------------------------------------------------------------------
2022-10-07T08:34:26.3219698Z 21794 [ERROR] Failed to execute goal org.apache.maven.plugins:maven-surefire-plugin:2.22.2:test (default-test) on project jbanking: There are test failures.
2022-10-07T08:34:26.3220301Z 21794 [ERROR] 
2022-10-07T08:34:26.3220982Z 21794 [ERROR] Please refer to /home/runner/work/jbanking/jbanking/target/surefire-reports for the individual test results.
2022-10-07T08:34:26.3221783Z 21794 [ERROR] Please refer to dump files (if any exist) [date].dump, [date]-jvmRun[N].dump and [date].dumpstream.
2022-10-07T08:34:26.3222698Z 21794 [ERROR] -> [Help 1]
2022-10-07T08:34:26.3223556Z org.apache.maven.lifecycle.LifecycleExecutionException: Failed to execute goal org.apache.maven.plugins:maven-surefire-plugin:2.22.2:test (default-test) on project jbanking: There are test failures.
2022-10-07T08:34:26.3224095Z 
2022-10-07T08:34:26.3224524Z Please refer to /home/runner/work/jbanking/jbanking/target/surefire-reports for the individual test results.
2022-10-07T08:34:26.3225300Z Please refer to dump files (if any exist) [date].dump, [date]-jvmRun[N].dump and [date].dumpstream.
2022-10-07T08:34:26.3226012Z     at org.apache.maven.lifecycle.internal.MojoExecutor.doExecute2 (MojoExecutor.java:375)
2022-10-07T08:34:26.3226660Z     at org.apache.maven.lifecycle.internal.MojoExecutor.doExecute (MojoExecutor.java:351)
2022-10-07T08:34:26.3227338Z     at org.apache.maven.lifecycle.internal.MojoExecutor.execute (MojoExecutor.java:215)
2022-10-07T08:34:26.3228063Z     at org.apache.maven.lifecycle.internal.MojoExecutor.execute (MojoExecutor.java:171)
2022-10-07T08:34:26.3228905Z     at org.apache.maven.lifecycle.internal.MojoExecutor.execute (MojoExecutor.java:163)
2022-10-07T08:34:26.3229653Z     at org.apache.maven.lifecycle.internal.LifecycleModuleBuilder.buildProject (LifecycleModuleBuilder.java:117)
2022-10-07T08:34:26.3230517Z     at org.apache.maven.lifecycle.internal.LifecycleModuleBuilder.buildProject (LifecycleModuleBuilder.java:81)
2022-10-07T08:34:26.3231440Z     at org.apache.maven.lifecycle.internal.builder.singlethreaded.SingleThreadedBuilder.build (SingleThreadedBuilder.java:56)
2022-10-07T08:34:26.3232371Z     at org.apache.maven.lifecycle.internal.LifecycleStarter.execute (LifecycleStarter.java:128)
2022-10-07T08:34:26.3232953Z     at org.apache.maven.DefaultMaven.doExecute (DefaultMaven.java:294)
2022-10-07T08:34:26.3233503Z     at org.apache.maven.DefaultMaven.doExecute (DefaultMaven.java:192)
2022-10-07T08:34:26.3234084Z     at org.apache.maven.DefaultMaven.execute (DefaultMaven.java:105)
2022-10-07T08:34:26.3234567Z     at org.apache.maven.cli.MavenCli.execute (MavenCli.java:960)
2022-10-07T08:34:26.3235150Z     at org.apache.maven.cli.MavenCli.doMain (MavenCli.java:293)
2022-10-07T08:34:26.3235924Z     at org.apache.maven.cli.MavenCli.main (MavenCli.java:196)
2022-10-07T08:34:26.3236488Z     at jdk.internal.reflect.NativeMethodAccessorImpl.invoke0 (Native Method)
2022-10-07T08:34:26.3237104Z     at jdk.internal.reflect.NativeMethodAccessorImpl.invoke (NativeMethodAccessorImpl.java:62)
2022-10-07T08:34:26.3237925Z     at jdk.internal.reflect.DelegatingMethodAccessorImpl.invoke (DelegatingMethodAccessorImpl.java:43)
2022-10-07T08:34:26.3238553Z     at java.lang.reflect.Method.invoke (Method.java:566)
2022-10-07T08:34:26.3239103Z     at org.codehaus.plexus.classworlds.launcher.Launcher.launchEnhanced (Launcher.java:282)
2022-10-07T08:34:26.3239799Z     at org.codehaus.plexus.classworlds.launcher.Launcher.launch (Launcher.java:225)
2022-10-07T08:34:26.3240509Z     at org.codehaus.plexus.classworlds.launcher.Launcher.mainWithExitCode (Launcher.java:406)
2022-10-07T08:34:26.3241260Z     at org.codehaus.plexus.classworlds.launcher.Launcher.main (Launcher.java:347)
2022-10-07T08:34:26.3241880Z Caused by: org.apache.maven.plugin.MojoFailureException: There are test failures.
2022-10-07T08:34:26.3242209Z 
2022-10-07T08:34:26.3242686Z Please refer to /home/runner/work/jbanking/jbanking/target/surefire-reports for the individual test results.
2022-10-07T08:34:26.3243395Z Please refer to dump files (if any exist) [date].dump, [date]-jvmRun[N].dump and [date].dumpstream.
2022-10-07T08:34:26.3244138Z     at org.apache.maven.plugin.surefire.SurefireHelper.throwException (SurefireHelper.java:289)
2022-10-07T08:34:26.3244858Z     at org.apache.maven.plugin.surefire.SurefireHelper.reportExecution (SurefireHelper.java:161)
2022-10-07T08:34:26.3245591Z     at org.apache.maven.plugin.surefire.SurefirePlugin.handleSummary (SurefirePlugin.java:364)
2022-10-07T08:34:26.3246459Z     at org.apache.maven.plugin.surefire.AbstractSurefireMojo.executeAfterPreconditionsChecked (AbstractSurefireMojo.java:1041)
2022-10-07T08:34:26.3247545Z     at org.apache.maven.plugin.surefire.AbstractSurefireMojo.execute (AbstractSurefireMojo.java:857)
2022-10-07T08:34:26.3248323Z     at org.apache.maven.plugin.DefaultBuildPluginManager.executeMojo (DefaultBuildPluginManager.java:137)
2022-10-07T08:34:26.3249078Z     at org.apache.maven.lifecycle.internal.MojoExecutor.doExecute2 (MojoExecutor.java:370)
2022-10-07T08:34:26.3249774Z     at org.apache.maven.lifecycle.internal.MojoExecutor.doExecute (MojoExecutor.java:351)
2022-10-07T08:34:26.3250415Z     at org.apache.maven.lifecycle.internal.MojoExecutor.execute (MojoExecutor.java:215)
2022-10-07T08:34:26.3251086Z     at org.apache.maven.lifecycle.internal.MojoExecutor.execute (MojoExecutor.java:171)
2022-10-07T08:34:26.3251797Z     at org.apache.maven.lifecycle.internal.MojoExecutor.execute (MojoExecutor.java:163)
2022-10-07T08:34:26.3252566Z     at org.apache.maven.lifecycle.internal.LifecycleModuleBuilder.buildProject (LifecycleModuleBuilder.java:117)
2022-10-07T08:34:26.3253480Z     at org.apache.maven.lifecycle.internal.LifecycleModuleBuilder.buildProject (LifecycleModuleBuilder.java:81)
2022-10-07T08:34:26.3254420Z     at org.apache.maven.lifecycle.internal.builder.singlethreaded.SingleThreadedBuilder.build (SingleThreadedBuilder.java:56)
2022-10-07T08:34:26.3255323Z     at org.apache.maven.lifecycle.internal.LifecycleStarter.execute (LifecycleStarter.java:128)
2022-10-07T08:34:26.3255972Z     at org.apache.maven.DefaultMaven.doExecute (DefaultMaven.java:294)
2022-10-07T08:34:26.3256474Z     at org.apache.maven.DefaultMaven.doExecute (DefaultMaven.java:192)
2022-10-07T08:34:26.3257036Z     at org.apache.maven.DefaultMaven.execute (DefaultMaven.java:105)
2022-10-07T08:34:26.3257569Z     at org.apache.maven.cli.MavenCli.execute (MavenCli.java:960)
2022-10-07T08:34:26.3258071Z     at org.apache.maven.cli.MavenCli.doMain (MavenCli.java:293)
2022-10-07T08:34:26.3258573Z     at org.apache.maven.cli.MavenCli.main (MavenCli.java:196)
2022-10-07T08:34:26.3259157Z     at jdk.internal.reflect.NativeMethodAccessorImpl.invoke0 (Native Method)
2022-10-07T08:34:26.3259826Z     at jdk.internal.reflect.NativeMethodAccessorImpl.invoke (NativeMethodAccessorImpl.java:62)
2022-10-07T08:34:26.3260512Z     at jdk.internal.reflect.DelegatingMethodAccessorImpl.invoke (DelegatingMethodAccessorImpl.java:43)
2022-10-07T08:34:26.3261174Z     at java.lang.reflect.Method.invoke (Method.java:566)
2022-10-07T08:34:26.3261787Z     at org.codehaus.plexus.classworlds.launcher.Launcher.launchEnhanced (Launcher.java:282)
2022-10-07T08:34:26.3262428Z     at org.codehaus.plexus.classworlds.launcher.Launcher.launch (Launcher.java:225)
2022-10-07T08:34:26.3263127Z     at org.codehaus.plexus.classworlds.launcher.Launcher.mainWithExitCode (Launcher.java:406)
2022-10-07T08:34:26.3302403Z     at org.codehaus.plexus.classworlds.launcher.Launcher.main (Launcher.java:347)
2022-10-07T08:34:26.3302949Z 21796 [ERROR] 
2022-10-07T08:34:26.3303535Z 21796 [ERROR] Re-run Maven using the -X switch to enable full debug logging.
2022-10-07T08:34:26.3303851Z 21796 [ERROR] 
2022-10-07T08:34:26.3304230Z 21796 [ERROR] For more information about the errors and possible solutions, please read the following articles:
2022-10-07T08:34:26.3304756Z 21796 [ERROR] [Help 1] http://cwiki.apache.org/confluence/display/MAVEN/MojoFailureException
2022-10-07T08:34:26.3424959Z ##[error]Process completed with exit code 1.
2022-10-07T08:34:26.3499075Z Post job cleanup.
2022-10-07T08:34:26.5671591Z Post job cleanup.
2022-10-07T08:34:26.7273818Z [command]/usr/bin/git version
2022-10-07T08:34:26.7372578Z git version 2.37.3
2022-10-07T08:34:26.7454963Z Temporarily overriding HOME='/home/runner/work/_temp/0efe3b6d-2082-4a42-8a00-4160fb660c5f' before making global git config changes
2022-10-07T08:34:26.7461501Z Adding repository directory to the temporary git global config as a safe directory
2022-10-07T08:34:26.7473379Z [command]/usr/bin/git config --global --add safe.directory /home/runner/work/jbanking/jbanking
2022-10-07T08:34:26.7561121Z [command]/usr/bin/git config --local --name-only --get-regexp core\.sshCommand
2022-10-07T08:34:26.7607591Z [command]/usr/bin/git submodule foreach --recursive git config --local --name-only --get-regexp 'core\.sshCommand' && git config --local --unset-all 'core.sshCommand' || :
2022-10-07T08:34:26.7892410Z [command]/usr/bin/git config --local --name-only --get-regexp http\.https\:\/\/github\.com\/\.extraheader
2022-10-07T08:34:26.7930261Z http.https://github.com/.extraheader
2022-10-07T08:34:26.7942932Z [command]/usr/bin/git config --local --unset-all http.https://github.com/.extraheader
2022-10-07T08:34:26.7989070Z [command]/usr/bin/git submodule foreach --recursive git config --local --name-only --get-regexp 'http\.https\:\/\/github\.com\/\.extraheader' && git config --local --unset-all 'http.https://github.com/.extraheader' || :
2022-10-07T08:34:26.8564742Z Cleaning up orphan processes
