2022-10-07T08:33:51.3907515Z Requested labels: ubuntu-latest
2022-10-07T08:33:51.3907577Z Job defined at: marcwrobel/jbanking/.github/workflows/build.yml@refs/pull/204/merge
2022-10-07T08:33:51.3907599Z Waiting for a runner to pick up this job...
2022-10-07T08:33:53.7672566Z Job is waiting for a hosted runner to come online.
2022-10-07T08:33:55.3554297Z Job is about to start running on the hosted runner: GitHub Actions 2 (hosted)
2022-10-07T08:33:57.7899752Z Current runner version: '2.297.0'
2022-10-07T08:33:57.7927145Z ##[group]Operating System
2022-10-07T08:33:57.7927691Z Ubuntu
2022-10-07T08:33:57.7927967Z 20.04.5
2022-10-07T08:33:57.7928269Z LTS
2022-10-07T08:33:57.7928549Z ##[endgroup]
2022-10-07T08:33:57.7928862Z ##[group]Runner Image
2022-10-07T08:33:57.7929173Z Image: ubuntu-20.04
2022-10-07T08:33:57.7929509Z Version: 20221002.2
2022-10-07T08:33:57.7930026Z Included Software: https://github.com/actions/runner-images/blob/ubuntu20/20221002.2/images/linux/Ubuntu2004-Readme.md
2022-10-07T08:33:57.7930586Z Image Release: https://github.com/actions/runner-images/releases/tag/ubuntu20%2F20221002.2
2022-10-07T08:33:57.7931016Z ##[endgroup]
2022-10-07T08:33:57.7931342Z ##[group]Runner Image Provisioner
2022-10-07T08:33:57.7931716Z 1.0.0.0-main-20220916-1
2022-10-07T08:33:57.7931984Z ##[endgroup]
2022-10-07T08:33:57.7932614Z ##[group]GITHUB_TOKEN Permissions
2022-10-07T08:33:57.7933129Z Contents: read
2022-10-07T08:33:57.7933602Z Metadata: read
2022-10-07T08:33:57.7933913Z ##[endgroup]
2022-10-07T08:33:57.7937498Z Secret source: Dependabot
2022-10-07T08:33:57.7937981Z Prepare workflow directory
2022-10-07T08:33:57.8787799Z Prepare all required actions
2022-10-07T08:33:57.8971274Z Getting action download info
2022-10-07T08:33:58.0998473Z Download action repository 'actions/checkout@93ea575cb5d8a053eaa0ac8fa3b40d7e05a33cc8' (SHA:93ea575cb5d8a053eaa0ac8fa3b40d7e05a33cc8)
2022-10-07T08:33:58.4064804Z Download action repository 'actions/setup-java@a18c333f3f14249953dab3e186e5e21bf3390f1d' (SHA:a18c333f3f14249953dab3e186e5e21bf3390f1d)
2022-10-07T08:33:59.0157358Z ##[group]Run actions/checkout@93ea575cb5d8a053eaa0ac8fa3b40d7e05a33cc8
2022-10-07T08:33:59.0157742Z with:
2022-10-07T08:33:59.0157971Z   repository: marcwrobel/jbanking
2022-10-07T08:33:59.0158464Z   token: ***
2022-10-07T08:33:59.0158689Z   ssh-strict: true
2022-10-07T08:33:59.0158942Z   persist-credentials: true
2022-10-07T08:33:59.0159173Z   clean: true
2022-10-07T08:33:59.0159384Z   fetch-depth: 1
2022-10-07T08:33:59.0159606Z   lfs: false
2022-10-07T08:33:59.0159809Z   submodules: false
2022-10-07T08:33:59.0160051Z   set-safe-directory: true
2022-10-07T08:33:59.0160295Z ##[endgroup]
2022-10-07T08:33:59.2613971Z Syncing repository: marcwrobel/jbanking
2022-10-07T08:33:59.2616126Z ##[group]Getting Git version info
2022-10-07T08:33:59.2616893Z Working directory is '/home/runner/work/jbanking/jbanking'
2022-10-07T08:33:59.2617634Z [command]/usr/bin/git version
2022-10-07T08:33:59.2726693Z git version 2.37.3
2022-10-07T08:33:59.2731828Z ##[endgroup]
2022-10-07T08:33:59.2749591Z Temporarily overriding HOME='/home/runner/work/_temp/b3e4f3b0-9224-4303-8a03-26167936406d' before making global git config changes
2022-10-07T08:33:59.2750126Z Adding repository directory to the temporary git global config as a safe directory
2022-10-07T08:33:59.2752779Z [command]/usr/bin/git config --global --add safe.directory /home/runner/work/jbanking/jbanking
2022-10-07T08:33:59.2796482Z Deleting the contents of '/home/runner/work/jbanking/jbanking'
2022-10-07T08:33:59.2801939Z ##[group]Initializing the repository
2022-10-07T08:33:59.2805455Z [command]/usr/bin/git init /home/runner/work/jbanking/jbanking
2022-10-07T08:33:59.2865847Z hint: Using 'master' as the name for the initial branch. This default branch name
2022-10-07T08:33:59.2867041Z hint: is subject to change. To configure the initial branch name to use in all
2022-10-07T08:33:59.2867698Z hint: of your new repositories, which will suppress this warning, call:
2022-10-07T08:33:59.2868991Z hint: 
2022-10-07T08:33:59.2869736Z hint: 	git config --global init.defaultBranch <name>
2022-10-07T08:33:59.2870125Z hint: 
2022-10-07T08:33:59.2871021Z hint: Names commonly chosen instead of 'master' are 'main', 'trunk' and
2022-10-07T08:33:59.2871612Z hint: 'development'. The just-created branch can be renamed via this command:
2022-10-07T08:33:59.2871996Z hint: 
2022-10-07T08:33:59.2872287Z hint: 	git branch -m <name>
2022-10-07T08:33:59.2877108Z Initialized empty Git repository in /home/runner/work/jbanking/jbanking/.git/
2022-10-07T08:33:59.2886548Z [command]/usr/bin/git remote add origin https://github.com/marcwrobel/jbanking
2022-10-07T08:33:59.2924463Z ##[endgroup]
2022-10-07T08:33:59.2925090Z ##[group]Disabling automatic garbage collection
2022-10-07T08:33:59.2930938Z [command]/usr/bin/git config --local gc.auto 0
2022-10-07T08:33:59.2961021Z ##[endgroup]
2022-10-07T08:33:59.2962588Z ##[group]Setting up auth
2022-10-07T08:33:59.2971877Z [command]/usr/bin/git config --local --name-only --get-regexp core\.sshCommand
2022-10-07T08:33:59.3005125Z [command]/usr/bin/git submodule foreach --recursive git config --local --name-only --get-regexp 'core\.sshCommand' && git config --local --unset-all 'core.sshCommand' || :
2022-10-07T08:33:59.3339860Z [command]/usr/bin/git config --local --name-only --get-regexp http\.https\:\/\/github\.com\/\.extraheader
2022-10-07T08:33:59.3365116Z [command]/usr/bin/git submodule foreach --recursive git config --local --name-only --get-regexp 'http\.https\:\/\/github\.com\/\.extraheader' && git config --local --unset-all 'http.https://github.com/.extraheader' || :
2022-10-07T08:33:59.3592598Z [command]/usr/bin/git config --local http.https://github.com/.extraheader AUTHORIZATION: basic ***
2022-10-07T08:33:59.3615565Z ##[endgroup]
2022-10-07T08:33:59.3616201Z ##[group]Fetching the repository
2022-10-07T08:33:59.3626726Z [command]/usr/bin/git -c protocol.version=2 fetch --no-tags --prune --progress --no-recurse-submodules --depth=1 origin +29a461f0319cc851c1b89e11c27bbe95d5a3b198:refs/remotes/pull/204/merge
2022-10-07T08:33:59.6017828Z remote: Enumerating objects: 154, done.        
2022-10-07T08:33:59.6025213Z remote: Counting objects:   0% (1/154)        
2022-10-07T08:33:59.6025670Z remote: Counting objects:   1% (2/154)        
2022-10-07T08:33:59.6027932Z remote: Counting objects:   2% (4/154)        
2022-10-07T08:33:59.6028322Z remote: Counting objects:   3% (5/154)        
2022-10-07T08:33:59.6028950Z remote: Counting objects:   4% (7/154)        
2022-10-07T08:33:59.6029389Z remote: Counting objects:   5% (8/154)        
2022-10-07T08:33:59.6033982Z remote: Counting objects:   6% (10/154)        
2022-10-07T08:33:59.6034654Z remote: Counting objects:   7% (11/154)        
2022-10-07T08:33:59.6035906Z remote: Counting objects:   8% (13/154)        
2022-10-07T08:33:59.6036269Z remote: Counting objects:   9% (14/154)        
2022-10-07T08:33:59.6036790Z remote: Counting objects:  10% (16/154)        
2022-10-07T08:33:59.6037385Z remote: Counting objects:  11% (17/154)        
2022-10-07T08:33:59.6038461Z remote: Counting objects:  12% (19/154)        
2022-10-07T08:33:59.6040668Z remote: Counting objects:  13% (21/154)        
2022-10-07T08:33:59.6041061Z remote: Counting objects:  14% (22/154)        
2022-10-07T08:33:59.6042268Z remote: Counting objects:  15% (24/154)        
2022-10-07T08:33:59.6042748Z remote: Counting objects:  16% (25/154)        
2022-10-07T08:33:59.6043214Z remote: Counting objects:  17% (27/154)        
2022-10-07T08:33:59.6043956Z remote: Counting objects:  18% (28/154)        
2022-10-07T08:33:59.6044494Z remote: Counting objects:  19% (30/154)        
2022-10-07T08:33:59.6045019Z remote: Counting objects:  20% (31/154)        
2022-10-07T08:33:59.6045595Z remote: Counting objects:  21% (33/154)        
2022-10-07T08:33:59.6046275Z remote: Counting objects:  22% (34/154)        
2022-10-07T08:33:59.6046867Z remote: Counting objects:  23% (36/154)        
2022-10-07T08:33:59.6047398Z remote: Counting objects:  24% (37/154)        
2022-10-07T08:33:59.6048079Z remote: Counting objects:  25% (39/154)        
2022-10-07T08:33:59.6048591Z remote: Counting objects:  26% (41/154)        
2022-10-07T08:33:59.6049142Z remote: Counting objects:  27% (42/154)        
2022-10-07T08:33:59.6049868Z remote: Counting objects:  28% (44/154)        
2022-10-07T08:33:59.6050378Z remote: Counting objects:  29% (45/154)        
2022-10-07T08:33:59.6050922Z remote: Counting objects:  30% (47/154)        
2022-10-07T08:33:59.6051456Z remote: Counting objects:  31% (48/154)        
2022-10-07T08:33:59.6052007Z remote: Counting objects:  32% (50/154)        
2022-10-07T08:33:59.6052534Z remote: Counting objects:  33% (51/154)        
2022-10-07T08:33:59.6053108Z remote: Counting objects:  34% (53/154)        
2022-10-07T08:33:59.6053638Z remote: Counting objects:  35% (54/154)        
2022-10-07T08:33:59.6054289Z remote: Counting objects:  36% (56/154)        
2022-10-07T08:33:59.6054886Z remote: Counting objects:  37% (57/154)        
2022-10-07T08:33:59.6055417Z remote: Counting objects:  38% (59/154)        
2022-10-07T08:33:59.6055982Z remote: Counting objects:  39% (61/154)        
2022-10-07T08:33:59.6056510Z remote: Counting objects:  40% (62/154)        
2022-10-07T08:33:59.6057057Z remote: Counting objects:  41% (64/154)        
2022-10-07T08:33:59.6057608Z remote: Counting objects:  42% (65/154)        
2022-10-07T08:33:59.6058157Z remote: Counting objects:  43% (67/154)        
2022-10-07T08:33:59.6058701Z remote: Counting objects:  44% (68/154)        
2022-10-07T08:33:59.6059248Z remote: Counting objects:  45% (70/154)        
2022-10-07T08:33:59.6059785Z remote: Counting objects:  46% (71/154)        
2022-10-07T08:33:59.6060332Z remote: Counting objects:  47% (73/154)        
2022-10-07T08:33:59.6060875Z remote: Counting objects:  48% (74/154)        
2022-10-07T08:33:59.6061426Z remote: Counting objects:  49% (76/154)        
2022-10-07T08:33:59.6061974Z remote: Counting objects:  50% (77/154)        
2022-10-07T08:33:59.6062517Z remote: Counting objects:  51% (79/154)        
2022-10-07T08:33:59.6063268Z remote: Counting objects:  52% (81/154)        
2022-10-07T08:33:59.6063660Z remote: Counting objects:  53% (82/154)        
2022-10-07T08:33:59.6064197Z remote: Counting objects:  54% (84/154)        
2022-10-07T08:33:59.6064727Z remote: Counting objects:  55% (85/154)        
2022-10-07T08:33:59.6065578Z remote: Counting objects:  56% (87/154)        
2022-10-07T08:33:59.6065850Z remote: Counting objects:  57% (88/154)        
2022-10-07T08:33:59.6066117Z remote: Counting objects:  58% (90/154)        
2022-10-07T08:33:59.6066430Z remote: Counting objects:  59% (91/154)        
2022-10-07T08:33:59.6066703Z remote: Counting objects:  60% (93/154)        
2022-10-07T08:33:59.6066971Z remote: Counting objects:  61% (94/154)        
2022-10-07T08:33:59.6067347Z remote: Counting objects:  62% (96/154)        
2022-10-07T08:33:59.6067608Z remote: Counting objects:  63% (98/154)        
2022-10-07T08:33:59.6067876Z remote: Counting objects:  64% (99/154)        
2022-10-07T08:33:59.6068393Z remote: Counting objects:  65% (101/154)        
2022-10-07T08:33:59.6068722Z remote: Counting objects:  66% (102/154)        
2022-10-07T08:33:59.6069097Z remote: Counting objects:  67% (104/154)        
2022-10-07T08:33:59.6069697Z remote: Counting objects:  68% (105/154)        
2022-10-07T08:33:59.6070118Z remote: Counting objects:  69% (107/154)        
2022-10-07T08:33:59.6070477Z remote: Counting objects:  70% (108/154)        
2022-10-07T08:33:59.6071152Z remote: Counting objects:  71% (110/154)        
2022-10-07T08:33:59.6073256Z remote: Counting objects:  72% (111/154)        
2022-10-07T08:33:59.6074666Z remote: Counting objects:  73% (113/154)        
2022-10-07T08:33:59.6075285Z remote: Counting objects:  74% (114/154)        
2022-10-07T08:33:59.6075563Z remote: Counting objects:  75% (116/154)        
2022-10-07T08:33:59.6075845Z remote: Counting objects:  76% (118/154)        
2022-10-07T08:33:59.6076131Z remote: Counting objects:  77% (119/154)        
2022-10-07T08:33:59.6077277Z remote: Counting objects:  78% (121/154)        
2022-10-07T08:33:59.6078115Z remote: Counting objects:  79% (122/154)        
2022-10-07T08:33:59.6078514Z remote: Counting objects:  80% (124/154)        
2022-10-07T08:33:59.6079085Z remote: Counting objects:  81% (125/154)        
2022-10-07T08:33:59.6079625Z remote: Counting objects:  82% (127/154)        
2022-10-07T08:33:59.6080238Z remote: Counting objects:  83% (128/154)        
2022-10-07T08:33:59.6080923Z remote: Counting objects:  84% (130/154)        
2022-10-07T08:33:59.6081786Z remote: Counting objects:  85% (131/154)        
2022-10-07T08:33:59.6082554Z remote: Counting objects:  86% (133/154)        
2022-10-07T08:33:59.6082916Z remote: Counting objects:  87% (134/154)        
2022-10-07T08:33:59.6083351Z remote: Counting objects:  88% (136/154)        
2022-10-07T08:33:59.6083890Z remote: Counting objects:  89% (138/154)        
2022-10-07T08:33:59.6084327Z remote: Counting objects:  90% (139/154)        
2022-10-07T08:33:59.6084749Z remote: Counting objects:  91% (141/154)        
2022-10-07T08:33:59.6085402Z remote: Counting objects:  92% (142/154)        
2022-10-07T08:33:59.6085874Z remote: Counting objects:  93% (144/154)        
2022-10-07T08:33:59.6086216Z remote: Counting objects:  94% (145/154)        
2022-10-07T08:33:59.6087416Z remote: Counting objects:  95% (147/154)        
2022-10-07T08:33:59.6088231Z remote: Counting objects:  96% (148/154)        
2022-10-07T08:33:59.6088653Z remote: Counting objects:  97% (150/154)        
2022-10-07T08:33:59.6089667Z remote: Counting objects:  98% (151/154)        
2022-10-07T08:33:59.6090181Z remote: Counting objects:  99% (153/154)        
2022-10-07T08:33:59.6090752Z remote: Counting objects: 100% (154/154)        
2022-10-07T08:33:59.6091402Z remote: Counting objects: 100% (154/154), done.        
2022-10-07T08:33:59.6092659Z remote: Compressing objects:   0% (1/111)        
2022-10-07T08:33:59.6093142Z remote: Compressing objects:   1% (2/111)        
2022-10-07T08:33:59.6093690Z remote: Compressing objects:   2% (3/111)        
2022-10-07T08:33:59.6095288Z remote: Compressing objects:   3% (4/111)        
2022-10-07T08:33:59.6095600Z remote: Compressing objects:   4% (5/111)        
2022-10-07T08:33:59.6095891Z remote: Compressing objects:   5% (6/111)        
2022-10-07T08:33:59.6096360Z remote: Compressing objects:   6% (7/111)        
2022-10-07T08:33:59.6096725Z remote: Compressing objects:   7% (8/111)        
2022-10-07T08:33:59.6097177Z remote: Compressing objects:   8% (9/111)        
2022-10-07T08:33:59.6097717Z remote: Compressing objects:   9% (10/111)        
2022-10-07T08:33:59.6098264Z remote: Compressing objects:  10% (12/111)        
2022-10-07T08:33:59.6098829Z remote: Compressing objects:  11% (13/111)        
2022-10-07T08:33:59.6099298Z remote: Compressing objects:  12% (14/111)        
2022-10-07T08:33:59.6100193Z remote: Compressing objects:  13% (15/111)        
2022-10-07T08:33:59.6100999Z remote: Compressing objects:  14% (16/111)        
2022-10-07T08:33:59.6101417Z remote: Compressing objects:  15% (17/111)        
2022-10-07T08:33:59.6101806Z remote: Compressing objects:  16% (18/111)        
2022-10-07T08:33:59.6103621Z remote: Compressing objects:  17% (19/111)        
2022-10-07T08:33:59.6104198Z remote: Compressing objects:  18% (20/111)        
2022-10-07T08:33:59.6104736Z remote: Compressing objects:  19% (22/111)        
2022-10-07T08:33:59.6105279Z remote: Compressing objects:  20% (23/111)        
2022-10-07T08:33:59.6105723Z remote: Compressing objects:  21% (24/111)        
2022-10-07T08:33:59.6107201Z remote: Compressing objects:  22% (25/111)        
2022-10-07T08:33:59.6107748Z remote: Compressing objects:  23% (26/111)        
2022-10-07T08:33:59.6108196Z remote: Compressing objects:  24% (27/111)        
2022-10-07T08:33:59.6109563Z remote: Compressing objects:  25% (28/111)        
2022-10-07T08:33:59.6110905Z remote: Compressing objects:  26% (29/111)        
2022-10-07T08:33:59.6111280Z remote: Compressing objects:  27% (30/111)        
2022-10-07T08:33:59.6111747Z remote: Compressing objects:  28% (32/111)        
2022-10-07T08:33:59.6112272Z remote: Compressing objects:  29% (33/111)        
2022-10-07T08:33:59.6112799Z remote: Compressing objects:  30% (34/111)        
2022-10-07T08:33:59.6113326Z remote: Compressing objects:  31% (35/111)        
2022-10-07T08:33:59.6113843Z remote: Compressing objects:  32% (36/111)        
2022-10-07T08:33:59.6114368Z remote: Compressing objects:  33% (37/111)        
2022-10-07T08:33:59.6114914Z remote: Compressing objects:  34% (38/111)        
2022-10-07T08:33:59.6115580Z remote: Compressing objects:  35% (39/111)        
2022-10-07T08:33:59.6116094Z remote: Compressing objects:  36% (40/111)        
2022-10-07T08:33:59.6116621Z remote: Compressing objects:  37% (42/111)        
2022-10-07T08:33:59.6117147Z remote: Compressing objects:  38% (43/111)        
2022-10-07T08:33:59.6117675Z remote: Compressing objects:  39% (44/111)        
2022-10-07T08:33:59.6118189Z remote: Compressing objects:  40% (45/111)        
2022-10-07T08:33:59.6118720Z remote: Compressing objects:  41% (46/111)        
2022-10-07T08:33:59.6119247Z remote: Compressing objects:  42% (47/111)        
2022-10-07T08:33:59.6119778Z remote: Compressing objects:  43% (48/111)        
2022-10-07T08:33:59.6120292Z remote: Compressing objects:  44% (49/111)        
2022-10-07T08:33:59.6120815Z remote: Compressing objects:  45% (50/111)        
2022-10-07T08:33:59.6121317Z remote: Compressing objects:  46% (52/111)        
2022-10-07T08:33:59.6123042Z remote: Compressing objects:  47% (53/111)        
2022-10-07T08:33:59.6126219Z remote: Compressing objects:  48% (54/111)        
2022-10-07T08:33:59.6127426Z remote: Compressing objects:  49% (55/111)        
2022-10-07T08:33:59.6127767Z remote: Compressing objects:  50% (56/111)        
2022-10-07T08:33:59.6128720Z remote: Compressing objects:  51% (57/111)        
2022-10-07T08:33:59.6129152Z remote: Compressing objects:  52% (58/111)        
2022-10-07T08:33:59.6129942Z remote: Compressing objects:  53% (59/111)        
2022-10-07T08:33:59.6130821Z remote: Compressing objects:  54% (60/111)        
2022-10-07T08:33:59.6131219Z remote: Compressing objects:  55% (62/111)        
2022-10-07T08:33:59.6132132Z remote: Compressing objects:  56% (63/111)        
2022-10-07T08:33:59.6132990Z remote: Compressing objects:  57% (64/111)        
2022-10-07T08:33:59.6133550Z remote: Compressing objects:  58% (65/111)        
2022-10-07T08:33:59.6134280Z remote: Compressing objects:  59% (66/111)        
2022-10-07T08:33:59.6134815Z remote: Compressing objects:  60% (67/111)        
2022-10-07T08:33:59.6135504Z remote: Compressing objects:  61% (68/111)        
2022-10-07T08:33:59.6136147Z remote: Compressing objects:  62% (69/111)        
2022-10-07T08:33:59.6136803Z remote: Compressing objects:  63% (70/111)        
2022-10-07T08:33:59.6137529Z remote: Compressing objects:  64% (72/111)        
2022-10-07T08:33:59.6138236Z remote: Compressing objects:  65% (73/111)        
2022-10-07T08:33:59.6138982Z remote: Compressing objects:  66% (74/111)        
2022-10-07T08:33:59.6141819Z remote: Compressing objects:  67% (75/111)        
2022-10-07T08:33:59.6142252Z remote: Compressing objects:  68% (76/111)        
2022-10-07T08:33:59.6143061Z remote: Compressing objects:  69% (77/111)        
2022-10-07T08:33:59.6143434Z remote: Compressing objects:  70% (78/111)        
2022-10-07T08:33:59.6143936Z remote: Compressing objects:  71% (79/111)        
2022-10-07T08:33:59.6144622Z remote: Compressing objects:  72% (80/111)        
2022-10-07T08:33:59.6145323Z remote: Compressing objects:  73% (82/111)        
2022-10-07T08:33:59.6146045Z remote: Compressing objects:  74% (83/111)        
2022-10-07T08:33:59.6146658Z remote: Compressing objects:  75% (84/111)        
2022-10-07T08:33:59.6147419Z remote: Compressing objects:  76% (85/111)        
2022-10-07T08:33:59.6148123Z remote: Compressing objects:  77% (86/111)        
2022-10-07T08:33:59.6148860Z remote: Compressing objects:  78% (87/111)        
2022-10-07T08:33:59.6149597Z remote: Compressing objects:  79% (88/111)        
2022-10-07T08:33:59.6150384Z remote: Compressing objects:  80% (89/111)        
2022-10-07T08:33:59.6151067Z remote: Compressing objects:  81% (90/111)        
2022-10-07T08:33:59.6151769Z remote: Compressing objects:  82% (92/111)        
2022-10-07T08:33:59.6152536Z remote: Compressing objects:  83% (93/111)        
2022-10-07T08:33:59.6153564Z remote: Compressing objects:  84% (94/111)        
2022-10-07T08:33:59.6154219Z remote: Compressing objects:  85% (95/111)        
2022-10-07T08:33:59.6156629Z remote: Compressing objects:  86% (96/111)        
2022-10-07T08:33:59.6157127Z remote: Compressing objects:  87% (97/111)        
2022-10-07T08:33:59.6158002Z remote: Compressing objects:  88% (98/111)        
2022-10-07T08:33:59.6158658Z remote: Compressing objects:  89% (99/111)        
2022-10-07T08:33:59.6159900Z remote: Compressing objects:  90% (100/111)        
2022-10-07T08:33:59.6160905Z remote: Compressing objects:  91% (102/111)        
2022-10-07T08:33:59.6161926Z remote: Compressing objects:  92% (103/111)        
2022-10-07T08:33:59.6162426Z remote: Compressing objects:  93% (104/111)        
2022-10-07T08:33:59.6162956Z remote: Compressing objects:  94% (105/111)        
2022-10-07T08:33:59.6163573Z remote: Compressing objects:  95% (106/111)        
2022-10-07T08:33:59.6164139Z remote: Compressing objects:  96% (107/111)        
2022-10-07T08:33:59.6164819Z remote: Compressing objects:  97% (108/111)        
2022-10-07T08:33:59.6165398Z remote: Compressing objects:  98% (109/111)        
2022-10-07T08:33:59.6166142Z remote: Compressing objects:  99% (110/111)        
2022-10-07T08:33:59.6166801Z remote: Compressing objects: 100% (111/111)        
2022-10-07T08:33:59.6167322Z remote: Compressing objects: 100% (111/111), done.        
2022-10-07T08:33:59.6201130Z Receiving objects:   0% (1/154)
2022-10-07T08:33:59.6201931Z Receiving objects:   1% (2/154)
2022-10-07T08:33:59.6202580Z Receiving objects:   2% (4/154)
2022-10-07T08:33:59.6203219Z Receiving objects:   3% (5/154)
2022-10-07T08:33:59.6203893Z Receiving objects:   4% (7/154)
2022-10-07T08:33:59.6204248Z Receiving objects:   5% (8/154)
2022-10-07T08:33:59.6204792Z Receiving objects:   6% (10/154)
2022-10-07T08:33:59.6206148Z Receiving objects:   7% (11/154)
2022-10-07T08:33:59.6207099Z Receiving objects:   8% (13/154)
2022-10-07T08:33:59.6207672Z Receiving objects:   9% (14/154)
2022-10-07T08:33:59.6208305Z Receiving objects:  10% (16/154)
2022-10-07T08:33:59.6208884Z Receiving objects:  11% (17/154)
2022-10-07T08:33:59.6209445Z Receiving objects:  12% (19/154)
2022-10-07T08:33:59.6210113Z Receiving objects:  13% (21/154)
2022-10-07T08:33:59.6214501Z Receiving objects:  14% (22/154)
2022-10-07T08:33:59.6217263Z Receiving objects:  15% (24/154)
2022-10-07T08:33:59.6217895Z Receiving objects:  16% (25/154)
2022-10-07T08:33:59.6218484Z Receiving objects:  17% (27/154)
2022-10-07T08:33:59.6221409Z Receiving objects:  18% (28/154)
2022-10-07T08:33:59.6222087Z Receiving objects:  19% (30/154)
2022-10-07T08:33:59.6222672Z Receiving objects:  20% (31/154)
2022-10-07T08:33:59.6223271Z Receiving objects:  21% (33/154)
2022-10-07T08:33:59.6223918Z Receiving objects:  22% (34/154)
2022-10-07T08:33:59.6224480Z Receiving objects:  23% (36/154)
2022-10-07T08:33:59.6225098Z Receiving objects:  24% (37/154)
2022-10-07T08:33:59.6228601Z Receiving objects:  25% (39/154)
2022-10-07T08:33:59.6229348Z Receiving objects:  26% (41/154)
2022-10-07T08:33:59.6229937Z Receiving objects:  27% (42/154)
2022-10-07T08:33:59.6230514Z Receiving objects:  28% (44/154)
2022-10-07T08:33:59.6231131Z Receiving objects:  29% (45/154)
2022-10-07T08:33:59.6231737Z Receiving objects:  30% (47/154)
2022-10-07T08:33:59.6232385Z Receiving objects:  31% (48/154)
2022-10-07T08:33:59.6237994Z Receiving objects:  32% (50/154)
2022-10-07T08:33:59.6265176Z Receiving objects:  33% (51/154)
2022-10-07T08:33:59.6266074Z Receiving objects:  34% (53/154)
2022-10-07T08:33:59.6266578Z Receiving objects:  35% (54/154)
2022-10-07T08:33:59.6267192Z Receiving objects:  36% (56/154)
2022-10-07T08:33:59.6267829Z Receiving objects:  37% (57/154)
2022-10-07T08:33:59.6268443Z Receiving objects:  38% (59/154)
2022-10-07T08:33:59.6269050Z Receiving objects:  39% (61/154)
2022-10-07T08:33:59.6271441Z Receiving objects:  40% (62/154)
2022-10-07T08:33:59.6272031Z Receiving objects:  41% (64/154)
2022-10-07T08:33:59.6276400Z Receiving objects:  42% (65/154)
2022-10-07T08:33:59.6276966Z Receiving objects:  43% (67/154)
2022-10-07T08:33:59.6277575Z Receiving objects:  44% (68/154)
2022-10-07T08:33:59.6277970Z Receiving objects:  45% (70/154)
2022-10-07T08:33:59.6278511Z Receiving objects:  46% (71/154)
2022-10-07T08:33:59.6279371Z Receiving objects:  47% (73/154)
2022-10-07T08:33:59.6279960Z Receiving objects:  48% (74/154)
2022-10-07T08:33:59.6282012Z Receiving objects:  49% (76/154)
2022-10-07T08:33:59.6282589Z Receiving objects:  50% (77/154)
2022-10-07T08:33:59.6284656Z Receiving objects:  51% (79/154)
2022-10-07T08:33:59.6285033Z Receiving objects:  52% (81/154)
2022-10-07T08:33:59.6327363Z Receiving objects:  53% (82/154)
2022-10-07T08:33:59.6327750Z Receiving objects:  54% (84/154)
2022-10-07T08:33:59.6328251Z Receiving objects:  55% (85/154)
2022-10-07T08:33:59.6329079Z Receiving objects:  56% (87/154)
2022-10-07T08:33:59.6329468Z Receiving objects:  57% (88/154)
2022-10-07T08:33:59.6330179Z Receiving objects:  58% (90/154)
2022-10-07T08:33:59.6330828Z Receiving objects:  59% (91/154)
2022-10-07T08:33:59.6331504Z Receiving objects:  60% (93/154)
2022-10-07T08:33:59.6332180Z Receiving objects:  61% (94/154)
2022-10-07T08:33:59.6332823Z Receiving objects:  62% (96/154)
2022-10-07T08:33:59.6333531Z Receiving objects:  63% (98/154)
2022-10-07T08:33:59.6334251Z Receiving objects:  64% (99/154)
2022-10-07T08:33:59.6334892Z Receiving objects:  65% (101/154)
2022-10-07T08:33:59.6335616Z Receiving objects:  66% (102/154)
2022-10-07T08:33:59.6336252Z Receiving objects:  67% (104/154)
2022-10-07T08:33:59.6336915Z Receiving objects:  68% (105/154)
2022-10-07T08:33:59.6337546Z Receiving objects:  69% (107/154)
2022-10-07T08:33:59.6338316Z Receiving objects:  70% (108/154)
2022-10-07T08:33:59.6338620Z Receiving objects:  71% (110/154)
2022-10-07T08:33:59.6344849Z Receiving objects:  72% (111/154)
2022-10-07T08:33:59.6345386Z Receiving objects:  73% (113/154)
2022-10-07T08:33:59.6345986Z Receiving objects:  74% (114/154)
2022-10-07T08:33:59.6346601Z Receiving objects:  75% (116/154)
2022-10-07T08:33:59.6347105Z Receiving objects:  76% (118/154)
2022-10-07T08:33:59.6347974Z Receiving objects:  77% (119/154)
2022-10-07T08:33:59.6350610Z Receiving objects:  78% (121/154)
2022-10-07T08:33:59.6351131Z Receiving objects:  79% (122/154)
2022-10-07T08:33:59.6351863Z Receiving objects:  80% (124/154)
2022-10-07T08:33:59.6352569Z Receiving objects:  81% (125/154)
2022-10-07T08:33:59.6353259Z Receiving objects:  82% (127/154)
2022-10-07T08:33:59.6353921Z Receiving objects:  83% (128/154)
2022-10-07T08:33:59.6354563Z Receiving objects:  84% (130/154)
2022-10-07T08:33:59.6355229Z Receiving objects:  85% (131/154)
2022-10-07T08:33:59.6355910Z Receiving objects:  86% (133/154)
2022-10-07T08:33:59.6356527Z Receiving objects:  87% (134/154)
2022-10-07T08:33:59.6368482Z Receiving objects:  88% (136/154)
2022-10-07T08:33:59.6368836Z Receiving objects:  89% (138/154)
2022-10-07T08:33:59.6369376Z Receiving objects:  90% (139/154)
2022-10-07T08:33:59.6390985Z Receiving objects:  91% (141/154)
2022-10-07T08:33:59.6392949Z Receiving objects:  92% (142/154)
2022-10-07T08:33:59.6393502Z Receiving objects:  93% (144/154)
2022-10-07T08:33:59.6394122Z Receiving objects:  94% (145/154)
2022-10-07T08:33:59.6394700Z Receiving objects:  95% (147/154)
2022-10-07T08:33:59.6395259Z Receiving objects:  96% (148/154)
2022-10-07T08:33:59.6396175Z remote: Total 154 (delta 33), reused 96 (delta 24), pack-reused 0        
2022-10-07T08:33:59.6399678Z Receiving objects:  97% (150/154)
2022-10-07T08:33:59.6400261Z Receiving objects:  98% (151/154)
2022-10-07T08:33:59.6400950Z Receiving objects:  99% (153/154)
2022-10-07T08:33:59.6401503Z Receiving objects: 100% (154/154)
2022-10-07T08:33:59.6402317Z Receiving objects: 100% (154/154), 115.59 KiB | 5.50 MiB/s, done.
2022-10-07T08:33:59.6404693Z Resolving deltas:   0% (0/33)
2022-10-07T08:33:59.6405393Z Resolving deltas:   3% (1/33)
2022-10-07T08:33:59.6408927Z Resolving deltas:   6% (2/33)
2022-10-07T08:33:59.6409413Z Resolving deltas:   9% (3/33)
2022-10-07T08:33:59.6410446Z Resolving deltas:  12% (4/33)
2022-10-07T08:33:59.6410884Z Resolving deltas:  15% (5/33)
2022-10-07T08:33:59.6411873Z Resolving deltas:  18% (6/33)
2022-10-07T08:33:59.6412298Z Resolving deltas:  21% (7/33)
2022-10-07T08:33:59.6413043Z Resolving deltas:  24% (8/33)
2022-10-07T08:33:59.6413462Z Resolving deltas:  27% (9/33)
2022-10-07T08:33:59.6413798Z Resolving deltas:  30% (10/33)
2022-10-07T08:33:59.6414783Z Resolving deltas:  33% (11/33)
2022-10-07T08:33:59.6415213Z Resolving deltas:  36% (12/33)
2022-10-07T08:33:59.6416850Z Resolving deltas:  39% (13/33)
2022-10-07T08:33:59.6418962Z Resolving deltas:  42% (14/33)
2022-10-07T08:33:59.6419403Z Resolving deltas:  45% (15/33)
2022-10-07T08:33:59.6420711Z Resolving deltas:  48% (16/33)
2022-10-07T08:33:59.6421165Z Resolving deltas:  51% (17/33)
2022-10-07T08:33:59.6422354Z Resolving deltas:  54% (18/33)
2022-10-07T08:33:59.6423001Z Resolving deltas:  57% (19/33)
2022-10-07T08:33:59.6424611Z Resolving deltas:  60% (20/33)
2022-10-07T08:33:59.6425207Z Resolving deltas:  63% (21/33)
2022-10-07T08:33:59.6426479Z Resolving deltas:  66% (22/33)
2022-10-07T08:33:59.6429992Z Resolving deltas:  69% (23/33)
2022-10-07T08:33:59.6432455Z Resolving deltas:  75% (25/33)
2022-10-07T08:33:59.6433370Z Resolving deltas:  78% (26/33)
2022-10-07T08:33:59.6434670Z Resolving deltas:  81% (27/33)
2022-10-07T08:33:59.6442393Z Resolving deltas:  84% (28/33)
2022-10-07T08:33:59.6443018Z Resolving deltas:  87% (29/33)
2022-10-07T08:33:59.6443710Z Resolving deltas:  90% (30/33)
2022-10-07T08:33:59.6444351Z Resolving deltas:  93% (31/33)
2022-10-07T08:33:59.6444991Z Resolving deltas:  96% (32/33)
2022-10-07T08:33:59.6445674Z Resolving deltas: 100% (33/33)
2022-10-07T08:33:59.6463077Z Resolving deltas: 100% (33/33), done.
2022-10-07T08:33:59.6514968Z From https://github.com/marcwrobel/jbanking
2022-10-07T08:33:59.6515892Z  * [new ref]         29a461f0319cc851c1b89e11c27bbe95d5a3b198 -> pull/204/merge
2022-10-07T08:33:59.6536096Z ##[endgroup]
2022-10-07T08:33:59.6536846Z ##[group]Determining the checkout info
2022-10-07T08:33:59.6538409Z ##[endgroup]
2022-10-07T08:33:59.6539044Z ##[group]Checking out the ref
2022-10-07T08:33:59.6543284Z [command]/usr/bin/git checkout --progress --force refs/remotes/pull/204/merge
2022-10-07T08:33:59.6662512Z Note: switching to 'refs/remotes/pull/204/merge'.
2022-10-07T08:33:59.6662914Z 
2022-10-07T08:33:59.6663306Z You are in 'detached HEAD' state. You can look around, make experimental
2022-10-07T08:33:59.6663722Z changes and commit them, and you can discard any commits you make in this
2022-10-07T08:33:59.6664216Z state without impacting any branches by switching back to a branch.
2022-10-07T08:33:59.6664528Z 
2022-10-07T08:33:59.6664842Z If you want to create a new branch to retain commits you create, you may
2022-10-07T08:33:59.6665304Z do so (now or later) by using -c with the switch command. Example:
2022-10-07T08:33:59.6665600Z 
2022-10-07T08:33:59.6665878Z   git switch -c <new-branch-name>
2022-10-07T08:33:59.6666052Z 
2022-10-07T08:33:59.6666154Z Or undo this operation with:
2022-10-07T08:33:59.6666404Z 
2022-10-07T08:33:59.6666598Z   git switch -
2022-10-07T08:33:59.6666744Z 
2022-10-07T08:33:59.6667086Z Turn off this advice by setting config variable advice.detachedHead to false
2022-10-07T08:33:59.6667402Z 
2022-10-07T08:33:59.6667758Z HEAD is now at 29a461f Merge 4da6d5f9e4f0099286f9cdae68624342c3f7731e into 9553bebfce9e68d6c52c00cb9ed3a3f4ef8767bd
2022-10-07T08:33:59.6673323Z ##[endgroup]
2022-10-07T08:33:59.6718661Z [command]/usr/bin/git log -1 --format='%H'
2022-10-07T08:33:59.6748455Z '29a461f0319cc851c1b89e11c27bbe95d5a3b198'
2022-10-07T08:33:59.7078501Z ##[group]Run actions/setup-java@a18c333f3f14249953dab3e186e5e21bf3390f1d
2022-10-07T08:33:59.7078830Z with:
2022-10-07T08:33:59.7079042Z   distribution: temurin
2022-10-07T08:33:59.7079277Z   java-version: 18
2022-10-07T08:33:59.7079484Z   cache: maven
2022-10-07T08:33:59.7079702Z   java-package: jdk
2022-10-07T08:33:59.7079930Z   architecture: x64
2022-10-07T08:33:59.7080154Z   check-latest: false
2022-10-07T08:33:59.7080366Z   server-id: github
2022-10-07T08:33:59.7080605Z   server-username: GITHUB_ACTOR
2022-10-07T08:33:59.7080995Z   server-password: GITHUB_TOKEN
2022-10-07T08:33:59.7081256Z   overwrite-settings: true
2022-10-07T08:33:59.7081499Z   job-status: success
2022-10-07T08:33:59.7081901Z   token: ***
2022-10-07T08:33:59.7082103Z ##[endgroup]
2022-10-07T08:33:59.9201753Z ##[group]Installed distributions
2022-10-07T08:33:59.9276391Z Trying to resolve the latest version from remote
2022-10-07T08:34:00.2334712Z Resolved latest version as 18.0.2+101
2022-10-07T08:34:00.2335666Z Trying to download...
2022-10-07T08:34:00.2336926Z Downloading Java 18.0.2+101 (Temurin-Hotspot) from https://github.com/adoptium/temurin18-binaries/releases/download/jdk-18.0.2.1%2B1/OpenJDK18U-jdk_x64_linux_hotspot_18.0.2.1_1.tar.gz ...
2022-10-07T08:34:01.1083664Z Extracting Java archive...
2022-10-07T08:34:01.1237673Z [command]/usr/bin/tar xz --warning=no-unknown-keyword -C /home/runner/work/_temp/7b248baa-07ba-4ead-9edc-5271a156c0dc -f /home/runner/work/_temp/17a8490e-a816-49b8-aec3-d81e5b9b5227
2022-10-07T08:34:05.2666107Z Java 18.0.2+101 was downloaded
2022-10-07T08:34:05.2666956Z Setting Java 18.0.2+101 as the default
2022-10-07T08:34:05.2677596Z 
2022-10-07T08:34:05.2682935Z 
2022-10-07T08:34:05.2684171Z 
2022-10-07T08:34:05.2686254Z 
2022-10-07T08:34:05.2687416Z Java configuration:
2022-10-07T08:34:05.2688841Z   Distribution: temurin
2022-10-07T08:34:05.2690099Z   Version: 18.0.2+101
2022-10-07T08:34:05.2690544Z   Path: /opt/hostedtoolcache/Java_Temurin-Hotspot_jdk/18.0.2-101/x64
2022-10-07T08:34:05.2691642Z 
2022-10-07T08:34:05.2692548Z ##[endgroup]
2022-10-07T08:34:05.2714880Z Creating settings.xml with server-id: github
2022-10-07T08:34:05.2802499Z Writing to /home/runner/.m2/settings.xml
2022-10-07T08:34:05.6092979Z 
2022-10-07T08:34:05.6094583Z maven cache is not found
2022-10-07T08:34:05.6283239Z ##[group]Run mvn -B formatter:validate verify javadoc:jar
2022-10-07T08:34:05.6283610Z [36;1mmvn -B formatter:validate verify javadoc:jar[0m
2022-10-07T08:34:05.6340709Z shell: /usr/bin/bash -e {0}
2022-10-07T08:34:05.6340932Z env:
2022-10-07T08:34:05.6341212Z   JAVA_HOME: /opt/hostedtoolcache/Java_Temurin-Hotspot_jdk/18.0.2-101/x64
2022-10-07T08:34:05.6341577Z   JAVA_HOME_18_X64: /opt/hostedtoolcache/Java_Temurin-Hotspot_jdk/18.0.2-101/x64
2022-10-07T08:34:05.6341848Z ##[endgroup]
2022-10-07T08:34:06.9910205Z Apache Maven 3.8.6 (84538c9988a25aec085021c365c560670ad80f63)
2022-10-07T08:34:06.9911107Z Maven home: /usr/share/apache-maven-3.8.6
2022-10-07T08:34:06.9911855Z Java version: 18.0.2.1, vendor: Eclipse Adoptium, runtime: /opt/hostedtoolcache/Java_Temurin-Hotspot_jdk/18.0.2-101/x64
2022-10-07T08:34:06.9912488Z Default locale: en, platform encoding: UTF-8
2022-10-07T08:34:06.9913788Z OS name: "linux", version: "5.15.0-1020-azure", arch: "amd64", family: "unix"
2022-10-07T08:34:08.3422701Z 1381 [INFO] Error stacktraces are turned on.
2022-10-07T08:34:08.3784182Z 1418 [INFO] Scanning for projects...
2022-10-07T08:34:12.8109064Z 5850 [INFO] 
2022-10-07T08:34:12.8127280Z 5851 [INFO] -----------------------< fr.marcwrobel:jbanking >-----------------------
2022-10-07T08:34:12.8129620Z 5852 [INFO] Building jbanking 4.0.0-SNAPSHOT
2022-10-07T08:34:12.8131586Z 5853 [INFO] --------------------------------[ jar ]---------------------------------
2022-10-07T08:34:13.4543555Z 6494 [INFO] 
2022-10-07T08:34:13.4546555Z 6494 [INFO] --- formatter-maven-plugin:2.16.0:validate (default-cli) @ jbanking ---
2022-10-07T08:34:15.2659620Z 8305 [INFO] Using 'UTF-8' encoding to format source files.
2022-10-07T08:34:15.2729742Z 8312 [INFO] Number of files to be formatted: 83
2022-10-07T08:34:16.9951793Z 10034 [INFO] Successfully formatted:          0 file(s)
2022-10-07T08:34:16.9952272Z 10035 [INFO] Fail to format:                  0 file(s)
2022-10-07T08:34:16.9952591Z 10035 [INFO] Skipped:                         83 file(s)
2022-10-07T08:34:16.9953016Z 10035 [INFO] Read only skipped:               0 file(s)
2022-10-07T08:34:16.9954217Z 10035 [INFO] Approximate time taken:          1s
2022-10-07T08:34:16.9961428Z 10036 [INFO] 
2022-10-07T08:34:16.9962338Z 10036 [INFO] --- maven-enforcer-plugin:3.0.0:enforce (enforce-maven) @ jbanking ---
2022-10-07T08:34:18.1344863Z 11174 [INFO] 
2022-10-07T08:34:18.1345605Z 11174 [INFO] --- formatter-maven-plugin:2.16.0:format (default) @ jbanking ---
2022-10-07T08:34:18.1386146Z 11178 [INFO] Using 'UTF-8' encoding to format source files.
2022-10-07T08:34:18.1455186Z 11185 [INFO] Number of files to be formatted: 83
2022-10-07T08:34:18.1921901Z 11232 [INFO] Successfully formatted:          0 file(s)
2022-10-07T08:34:18.1922251Z 11232 [INFO] Fail to format:                  0 file(s)
2022-10-07T08:34:18.1923391Z 11232 [INFO] Skipped:                         83 file(s)
2022-10-07T08:34:18.1923677Z 11232 [INFO] Read only skipped:               0 file(s)
2022-10-07T08:34:18.1923972Z 11232 [INFO] Approximate time taken:          0s
2022-10-07T08:34:18.1925304Z 11232 [INFO] 
2022-10-07T08:34:18.1926318Z 11232 [INFO] --- maven-resources-plugin:3.2.0:resources (default-resources) @ jbanking ---
2022-10-07T08:34:18.8513652Z 11891 [INFO] Using 'UTF-8' encoding to copy filtered resources.
2022-10-07T08:34:18.8514231Z 11891 [INFO] Using 'UTF-8' encoding to copy filtered properties files.
2022-10-07T08:34:18.8538455Z 11893 [INFO] Copying 0 resource
2022-10-07T08:34:18.8544796Z 11894 [INFO] Copying 1 resource
2022-10-07T08:34:18.8630133Z 11902 [INFO] 
2022-10-07T08:34:18.8631021Z 11902 [INFO] --- flatten-maven-plugin:1.2.7:flatten (flatten) @ jbanking ---
2022-10-07T08:34:20.2953957Z 13335 [INFO] Generating flattened POM of project fr.marcwrobel:jbanking:jar:4.0.0-SNAPSHOT...
2022-10-07T08:34:20.3467062Z 13386 [INFO] 
2022-10-07T08:34:20.3467787Z 13386 [INFO] --- maven-compiler-plugin:3.10.1:compile (default-compile) @ jbanking ---
2022-10-07T08:34:20.6587223Z 13698 [INFO] Changes detected - recompiling the module!
2022-10-07T08:34:20.6610886Z 13700 [INFO] Compiling 41 source files to /home/runner/work/jbanking/jbanking/target/classes
2022-10-07T08:34:22.0093471Z 15049 [INFO] 
2022-10-07T08:34:22.0095464Z 15049 [INFO] --- maven-resources-plugin:3.2.0:testResources (default-testResources) @ jbanking ---
2022-10-07T08:34:22.0120635Z 15051 [INFO] Using 'UTF-8' encoding to copy filtered resources.
2022-10-07T08:34:22.0121103Z 15051 [INFO] Using 'UTF-8' encoding to copy filtered properties files.
2022-10-07T08:34:22.0125362Z 15052 [INFO] Copying 1 resource
2022-10-07T08:34:22.0131303Z 15053 [INFO] 
2022-10-07T08:34:22.0133166Z 15053 [INFO] --- maven-compiler-plugin:3.10.1:testCompile (default-testCompile) @ jbanking ---
2022-10-07T08:34:22.0173433Z 15057 [INFO] Changes detected - recompiling the module!
2022-10-07T08:34:22.0178426Z 15057 [INFO] Compiling 42 source files to /home/runner/work/jbanking/jbanking/target/test-classes
2022-10-07T08:34:22.9473296Z 15987 [INFO] 
2022-10-07T08:34:22.9474141Z 15987 [INFO] --- maven-surefire-plugin:2.22.2:test (default-test) @ jbanking ---
2022-10-07T08:34:23.9007627Z 16934 [INFO] Surefire report directory: /home/runner/work/jbanking/jbanking/target/surefire-reports
2022-10-07T08:34:24.1011766Z 17141 [INFO] 
2022-10-07T08:34:24.1013778Z 17141 [INFO] -------------------------------------------------------
2022-10-07T08:34:24.1015205Z 17141 [INFO]  T E S T S
2022-10-07T08:34:24.1016651Z 17141 [INFO] -------------------------------------------------------
2022-10-07T08:34:24.9072749Z 17947 [INFO] Running fr.marcwrobel.jbanking.swift.SwiftPatternTest
2022-10-07T08:34:25.0011704Z 18040 [INFO] Tests run: 12, Failures: 0, Errors: 0, Skipped: 0, Time elapsed: 0.07 s - in fr.marcwrobel.jbanking.swift.SwiftPatternTest
2022-10-07T08:34:25.0013672Z 18041 [INFO] Running fr.marcwrobel.jbanking.AgreementTest
2022-10-07T08:34:25.0137432Z 18053 [INFO] Tests run: 5, Failures: 0, Errors: 0, Skipped: 0, Time elapsed: 0.01 s - in fr.marcwrobel.jbanking.AgreementTest
2022-10-07T08:34:25.0140166Z 18053 [INFO] Running fr.marcwrobel.jbanking.bic.BicTest
2022-10-07T08:34:25.0378159Z 18077 [INFO] Tests run: 19, Failures: 0, Errors: 0, Skipped: 0, Time elapsed: 0.022 s - in fr.marcwrobel.jbanking.bic.BicTest
2022-10-07T08:34:25.0378880Z 18077 [INFO] Running fr.marcwrobel.jbanking.IsoCountryTest
2022-10-07T08:34:25.0801354Z 18119 [INFO] Tests run: 17, Failures: 0, Errors: 0, Skipped: 0, Time elapsed: 0.041 s - in fr.marcwrobel.jbanking.IsoCountryTest
2022-10-07T08:34:25.0802125Z 18119 [INFO] Running fr.marcwrobel.jbanking.calendar.MonthDayHolidayTest
2022-10-07T08:34:25.1318798Z 18171 [INFO] Tests run: 10, Failures: 0, Errors: 0, Skipped: 0, Time elapsed: 0.051 s - in fr.marcwrobel.jbanking.calendar.MonthDayHolidayTest
2022-10-07T08:34:25.1319744Z 18171 [INFO] Running fr.marcwrobel.jbanking.calendar.WeekendToMondayShiftingStrategyTest
2022-10-07T08:34:25.1448032Z 18180 [INFO] Tests run: 10, Failures: 0, Errors: 0, Skipped: 0, Time elapsed: 0.007 s - in fr.marcwrobel.jbanking.calendar.WeekendToMondayShiftingStrategyTest
2022-10-07T08:34:25.1463010Z 18186 [INFO] Running fr.marcwrobel.jbanking.calendar.ShiftedHolidayTest
2022-10-07T08:34:25.1743024Z 18214 [INFO] Tests run: 16, Failures: 0, Errors: 0, Skipped: 0, Time elapsed: 0.026 s - in fr.marcwrobel.jbanking.calendar.ShiftedHolidayTest
2022-10-07T08:34:25.1779777Z 18217 [INFO] Running fr.marcwrobel.jbanking.calendar.NewYorkStockExchangeCalendarTest
2022-10-07T08:34:25.6580126Z 18697 [INFO] Tests run: 1, Failures: 0, Errors: 0, Skipped: 0, Time elapsed: 0.479 s - in fr.marcwrobel.jbanking.calendar.NewYorkStockExchangeCalendarTest
2022-10-07T08:34:25.6613748Z 18700 [INFO] Running fr.marcwrobel.jbanking.calendar.TargetCalendarTest
2022-10-07T08:34:25.7487170Z 18788 [INFO] Tests run: 1, Failures: 0, Errors: 0, Skipped: 0, Time elapsed: 0.087 s - in fr.marcwrobel.jbanking.calendar.TargetCalendarTest
2022-10-07T08:34:25.7490611Z 18788 [INFO] Running fr.marcwrobel.jbanking.calendar.SaturdaySundayCalendarTest
2022-10-07T08:34:25.7578600Z 18797 [INFO] Tests run: 1, Failures: 0, Errors: 0, Skipped: 0, Time elapsed: 0.008 s - in fr.marcwrobel.jbanking.calendar.SaturdaySundayCalendarTest
2022-10-07T08:34:25.7648213Z 18804 [INFO] Running fr.marcwrobel.jbanking.calendar.FixedHolidayTest
2022-10-07T08:34:25.7676304Z 18806 [INFO] Tests run: 5, Failures: 0, Errors: 0, Skipped: 0, Time elapsed: 0.001 s - in fr.marcwrobel.jbanking.calendar.FixedHolidayTest
2022-10-07T08:34:25.7686717Z 18806 [INFO] Running fr.marcwrobel.jbanking.calendar.YearRangeHolidayTest
2022-10-07T08:34:25.7687751Z 18807 [INFO] Tests run: 3, Failures: 0, Errors: 0, Skipped: 0, Time elapsed: 0 s - in fr.marcwrobel.jbanking.calendar.YearRangeHolidayTest
2022-10-07T08:34:25.7833034Z 18807 [INFO] Running fr.marcwrobel.jbanking.calendar.DayOfWeekInMonthHolidayTest
2022-10-07T08:34:25.7889434Z 18828 [INFO] Tests run: 17, Failures: 0, Errors: 0, Skipped: 0, Time elapsed: 0.02 s - in fr.marcwrobel.jbanking.calendar.DayOfWeekInMonthHolidayTest
2022-10-07T08:34:25.7893172Z 18829 [INFO] Running fr.marcwrobel.jbanking.calendar.FridaySaturdayCalendarTest
2022-10-07T08:34:25.7943838Z 18834 [INFO] Tests run: 1, Failures: 0, Errors: 0, Skipped: 0, Time elapsed: 0.004 s - in fr.marcwrobel.jbanking.calendar.FridaySaturdayCalendarTest
2022-10-07T08:34:25.7950236Z 18834 [INFO] Running fr.marcwrobel.jbanking.calendar.NoHolidayCalendarTest
2022-10-07T08:34:25.8047005Z 18840 [INFO] Tests run: 2, Failures: 0, Errors: 0, Skipped: 0, Time elapsed: 0.005 s - in fr.marcwrobel.jbanking.calendar.NoHolidayCalendarTest
2022-10-07T08:34:25.8080208Z 18844 [INFO] Running fr.marcwrobel.jbanking.calendar.FollowingWeekShiftingStrategyTest
2022-10-07T08:34:25.8081040Z 18845 [INFO] Tests run: 10, Failures: 0, Errors: 0, Skipped: 0, Time elapsed: 0 s - in fr.marcwrobel.jbanking.calendar.FollowingWeekShiftingStrategyTest
2022-10-07T08:34:25.8081673Z 18845 [INFO] Running fr.marcwrobel.jbanking.calendar.SundayToTuesdayShiftingStrategyTest
2022-10-07T08:34:25.8117957Z 18851 [INFO] Tests run: 12, Failures: 0, Errors: 0, Skipped: 0, Time elapsed: 0.004 s - in fr.marcwrobel.jbanking.calendar.SundayToTuesdayShiftingStrategyTest
2022-10-07T08:34:25.8122393Z 18851 [INFO] Running fr.marcwrobel.jbanking.calendar.CalendarTest
2022-10-07T08:34:25.8327800Z 18857 [INFO] Tests run: 10, Failures: 0, Errors: 0, Skipped: 0, Time elapsed: 0.003 s - in fr.marcwrobel.jbanking.calendar.CalendarTest
2022-10-07T08:34:25.8328993Z 18872 [INFO] Running fr.marcwrobel.jbanking.calendar.MovedHolidayTest
2022-10-07T08:34:25.8342178Z 18874 [INFO] Tests run: 3, Failures: 0, Errors: 0, Skipped: 0, Time elapsed: 0.001 s - in fr.marcwrobel.jbanking.calendar.MovedHolidayTest
2022-10-07T08:34:25.8342686Z 18874 [INFO] Running fr.marcwrobel.jbanking.calendar.LondonCalendarTest
2022-10-07T08:34:25.8829398Z 18921 [ERROR] Tests run: 1, Failures: 1, Errors: 0, Skipped: 0, Time elapsed: 0.046 s <<< FAILURE! - in fr.marcwrobel.jbanking.calendar.LondonCalendarTest
2022-10-07T08:34:25.8842265Z 18921 [ERROR] ensureConsistencyWithStrata  Time elapsed: 0.046 s  <<< FAILURE!
2022-10-07T08:34:25.8843188Z org.opentest4j.AssertionFailedError: 2022-09-19 : strata=true, jbanking=false ([]) ==> expected: <true> but was: <false>
2022-10-07T08:34:25.8843943Z 	at fr.marcwrobel.jbanking.calendar.LondonCalendarTest.ensureConsistencyWithStrata(LondonCalendarTest.java:14)
2022-10-07T08:34:25.8844476Z 
2022-10-07T08:34:25.8844971Z 18923 [INFO] Running fr.marcwrobel.jbanking.calendar.ConfigurableCalendarTest
2022-10-07T08:34:25.8963616Z 18936 [INFO] Tests run: 14, Failures: 0, Errors: 0, Skipped: 0, Time elapsed: 0.011 s - in fr.marcwrobel.jbanking.calendar.ConfigurableCalendarTest
2022-10-07T08:34:25.8998087Z 18939 [INFO] Running fr.marcwrobel.jbanking.calendar.ParisCalendarTest
2022-10-07T08:34:25.9934583Z 19033 [INFO] Tests run: 1, Failures: 0, Errors: 0, Skipped: 0, Time elapsed: 0.093 s - in fr.marcwrobel.jbanking.calendar.ParisCalendarTest
2022-10-07T08:34:25.9935753Z 19033 [INFO] Running fr.marcwrobel.jbanking.calendar.FrankfurtCalendarTest
2022-10-07T08:34:26.0755375Z 19115 [INFO] Tests run: 1, Failures: 0, Errors: 0, Skipped: 0, Time elapsed: 0.081 s - in fr.marcwrobel.jbanking.calendar.FrankfurtCalendarTest
2022-10-07T08:34:26.0765747Z 19116 [INFO] Running fr.marcwrobel.jbanking.calendar.WesternEasterTest
2022-10-07T08:34:26.4484588Z 19488 [INFO] Tests run: 502, Failures: 0, Errors: 0, Skipped: 0, Time elapsed: 0.355 s - in fr.marcwrobel.jbanking.calendar.WesternEasterTest
2022-10-07T08:34:26.4490861Z 19488 [INFO] Running fr.marcwrobel.jbanking.calendar.NewYorkFedCalendarTest
2022-10-07T08:34:26.6207634Z 19656 [INFO] Tests run: 1, Failures: 0, Errors: 0, Skipped: 0, Time elapsed: 0.167 s - in fr.marcwrobel.jbanking.calendar.NewYorkFedCalendarTest
2022-10-07T08:34:26.6228666Z 19662 [INFO] Running fr.marcwrobel.jbanking.calendar.SuppressedHolidayTest
2022-10-07T08:34:26.6413987Z 19681 [INFO] Tests run: 11, Failures: 0, Errors: 0, Skipped: 0, Time elapsed: 0.018 s - in fr.marcwrobel.jbanking.calendar.SuppressedHolidayTest
2022-10-07T08:34:26.6415033Z 19681 [INFO] Running fr.marcwrobel.jbanking.calendar.ClosestWeekdayShiftingStrategyTest
2022-10-07T08:34:26.6445490Z 19684 [INFO] Tests run: 10, Failures: 0, Errors: 0, Skipped: 0, Time elapsed: 0.002 s - in fr.marcwrobel.jbanking.calendar.ClosestWeekdayShiftingStrategyTest
2022-10-07T08:34:26.6449636Z 19684 [INFO] Running fr.marcwrobel.jbanking.calendar.BridgedHolidayTest
2022-10-07T08:34:26.6565474Z 19695 [INFO] Tests run: 3, Failures: 0, Errors: 0, Skipped: 0, Time elapsed: 0.01 s - in fr.marcwrobel.jbanking.calendar.BridgedHolidayTest
2022-10-07T08:34:26.6572508Z 19697 [INFO] Running fr.marcwrobel.jbanking.calendar.TokyoCalendarTest
2022-10-07T08:34:26.8764900Z 19916 [INFO] Tests run: 1, Failures: 0, Errors: 0, Skipped: 0, Time elapsed: 0.218 s - in fr.marcwrobel.jbanking.calendar.TokyoCalendarTest
2022-10-07T08:34:26.8812401Z 19921 [INFO] Running fr.marcwrobel.jbanking.calendar.DayOfWeekHolidayTest
2022-10-07T08:34:26.8842615Z 19924 [INFO] Tests run: 3, Failures: 0, Errors: 0, Skipped: 0, Time elapsed: 0.002 s - in fr.marcwrobel.jbanking.calendar.DayOfWeekHolidayTest
2022-10-07T08:34:26.8846749Z 19924 [INFO] Running fr.marcwrobel.jbanking.calendar.SundayToWednesdayShiftingStrategyTest
2022-10-07T08:34:26.8892345Z 19929 [INFO] Tests run: 14, Failures: 0, Errors: 0, Skipped: 0, Time elapsed: 0.004 s - in fr.marcwrobel.jbanking.calendar.SundayToWednesdayShiftingStrategyTest
2022-10-07T08:34:26.8926679Z 19932 [INFO] Running fr.marcwrobel.jbanking.calendar.RelativeHolidayTest
2022-10-07T08:34:26.8980816Z 19937 [INFO] Tests run: 10, Failures: 0, Errors: 0, Skipped: 0, Time elapsed: 0.005 s - in fr.marcwrobel.jbanking.calendar.RelativeHolidayTest
2022-10-07T08:34:26.9051939Z 19945 [INFO] Running fr.marcwrobel.jbanking.calendar.SundayToMondayShiftingStrategyTest
2022-10-07T08:34:26.9217438Z 19961 [INFO] Tests run: 10, Failures: 0, Errors: 0, Skipped: 0, Time elapsed: 0.015 s - in fr.marcwrobel.jbanking.calendar.SundayToMondayShiftingStrategyTest
2022-10-07T08:34:26.9218290Z 19961 [INFO] Running fr.marcwrobel.jbanking.calendar.SydneyCalendarTest
2022-10-07T08:34:26.9412754Z 19981 [ERROR] Tests run: 1, Failures: 1, Errors: 0, Skipped: 0, Time elapsed: 0.019 s <<< FAILURE! - in fr.marcwrobel.jbanking.calendar.SydneyCalendarTest
2022-10-07T08:34:26.9413554Z 19981 [ERROR] ensureConsistencyWithStrata  Time elapsed: 0.019 s  <<< FAILURE!
2022-10-07T08:34:26.9414337Z org.opentest4j.AssertionFailedError: 2022-09-22 : strata=true, jbanking=false ([]) ==> expected: <true> but was: <false>
2022-10-07T08:34:26.9415169Z 	at fr.marcwrobel.jbanking.calendar.SydneyCalendarTest.ensureConsistencyWithStrata(SydneyCalendarTest.java:14)
2022-10-07T08:34:26.9415694Z 
2022-10-07T08:34:26.9416123Z 19981 [INFO] Running fr.marcwrobel.jbanking.calendar.CompositeCalendarTest
2022-10-07T08:34:26.9446773Z 19984 [INFO] Tests run: 4, Failures: 0, Errors: 0, Skipped: 0, Time elapsed: 0.002 s - in fr.marcwrobel.jbanking.calendar.CompositeCalendarTest
2022-10-07T08:34:26.9486313Z 19988 [INFO] Running fr.marcwrobel.jbanking.iban.IbanCheckDigitTest
2022-10-07T08:34:27.0060637Z 20045 [INFO] Tests run: 141, Failures: 0, Errors: 0, Skipped: 0, Time elapsed: 0.055 s - in fr.marcwrobel.jbanking.iban.IbanCheckDigitTest
2022-10-07T08:34:27.0124690Z 20052 [INFO] Running fr.marcwrobel.jbanking.iban.IbanTest
2022-10-07T08:34:27.1863069Z 20226 [INFO] Tests run: 332, Failures: 0, Errors: 0, Skipped: 0, Time elapsed: 0.158 s - in fr.marcwrobel.jbanking.iban.IbanTest
2022-10-07T08:34:27.1866080Z 20226 [INFO] Running fr.marcwrobel.jbanking.iban.BbanStructureTest
2022-10-07T08:34:27.1900391Z 20229 [INFO] Tests run: 6, Failures: 0, Errors: 0, Skipped: 0, Time elapsed: 0.003 s - in fr.marcwrobel.jbanking.iban.BbanStructureTest
2022-10-07T08:34:27.1903416Z 20230 [INFO] Running fr.marcwrobel.jbanking.IsoCurrencyTest
2022-10-07T08:34:27.2129550Z 20252 [INFO] Tests run: 13, Failures: 0, Errors: 0, Skipped: 0, Time elapsed: 0.021 s - in fr.marcwrobel.jbanking.IsoCurrencyTest
2022-10-07T08:34:27.2130365Z 20252 [INFO] Running fr.marcwrobel.jbanking.creditor.CreditorIdentifierTest
2022-10-07T08:34:27.2676220Z 20307 [INFO] Tests run: 159, Failures: 0, Errors: 0, Skipped: 0, Time elapsed: 0.052 s - in fr.marcwrobel.jbanking.creditor.CreditorIdentifierTest
2022-10-07T08:34:27.5959025Z 20635 [INFO] 
2022-10-07T08:34:27.5959810Z 20635 [INFO] Results:
2022-10-07T08:34:27.5960040Z 20635 [INFO] 
2022-10-07T08:34:27.5960246Z 20635 [ERROR] Failures: 
2022-10-07T08:34:27.5962528Z 20636 [ERROR]   LondonCalendarTest.ensureConsistencyWithStrata:14->CalendarTestSupport.checkWithStrata:48 2022-09-19 : strata=true, jbanking=false ([]) ==> expected: <true> but was: <false>
2022-10-07T08:34:27.5966500Z 20636 [ERROR]   SydneyCalendarTest.ensureConsistencyWithStrata:14->CalendarTestSupport.checkWithStrata:48 2022-09-22 : strata=true, jbanking=false ([]) ==> expected: <true> but was: <false>
2022-10-07T08:34:27.5966920Z 20636 [INFO] 
2022-10-07T08:34:27.5967172Z 20636 [ERROR] Tests run: 1393, Failures: 2, Errors: 0, Skipped: 0
2022-10-07T08:34:27.5967404Z 20636 [INFO] 
2022-10-07T08:34:27.6019260Z 20641 [INFO] ------------------------------------------------------------------------
2022-10-07T08:34:27.6019851Z 20641 [INFO] BUILD FAILURE
2022-10-07T08:34:27.6020468Z 20641 [INFO] ------------------------------------------------------------------------
2022-10-07T08:34:27.6030041Z 20642 [INFO] Total time:  19.242 s
2022-10-07T08:34:27.6031242Z 20643 [INFO] Finished at: 2022-10-07T08:34:27Z
2022-10-07T08:34:27.6031826Z 20643 [INFO] ------------------------------------------------------------------------
2022-10-07T08:34:27.6038443Z 20643 [ERROR] Failed to execute goal org.apache.maven.plugins:maven-surefire-plugin:2.22.2:test (default-test) on project jbanking: There are test failures.
2022-10-07T08:34:27.6039004Z 20643 [ERROR] 
2022-10-07T08:34:27.6039672Z 20643 [ERROR] Please refer to /home/runner/work/jbanking/jbanking/target/surefire-reports for the individual test results.
2022-10-07T08:34:27.6040683Z 20643 [ERROR] Please refer to dump files (if any exist) [date].dump, [date]-jvmRun[N].dump and [date].dumpstream.
2022-10-07T08:34:27.6041109Z 20643 [ERROR] -> [Help 1]
2022-10-07T08:34:27.6041809Z org.apache.maven.lifecycle.LifecycleExecutionException: Failed to execute goal org.apache.maven.plugins:maven-surefire-plugin:2.22.2:test (default-test) on project jbanking: There are test failures.
2022-10-07T08:34:27.6042223Z 
2022-10-07T08:34:27.6042552Z Please refer to /home/runner/work/jbanking/jbanking/target/surefire-reports for the individual test results.
2022-10-07T08:34:27.6043079Z Please refer to dump files (if any exist) [date].dump, [date]-jvmRun[N].dump and [date].dumpstream.
2022-10-07T08:34:27.6043543Z     at org.apache.maven.lifecycle.internal.MojoExecutor.doExecute2 (MojoExecutor.java:375)
2022-10-07T08:34:27.6044096Z     at org.apache.maven.lifecycle.internal.MojoExecutor.doExecute (MojoExecutor.java:351)
2022-10-07T08:34:27.6044589Z     at org.apache.maven.lifecycle.internal.MojoExecutor.execute (MojoExecutor.java:215)
2022-10-07T08:34:27.6045070Z     at org.apache.maven.lifecycle.internal.MojoExecutor.execute (MojoExecutor.java:171)
2022-10-07T08:34:27.6045700Z     at org.apache.maven.lifecycle.internal.MojoExecutor.execute (MojoExecutor.java:163)
2022-10-07T08:34:27.6046489Z     at org.apache.maven.lifecycle.internal.LifecycleModuleBuilder.buildProject (LifecycleModuleBuilder.java:117)
2022-10-07T08:34:27.6047108Z     at org.apache.maven.lifecycle.internal.LifecycleModuleBuilder.buildProject (LifecycleModuleBuilder.java:81)
2022-10-07T08:34:27.6047791Z     at org.apache.maven.lifecycle.internal.builder.singlethreaded.SingleThreadedBuilder.build (SingleThreadedBuilder.java:56)
2022-10-07T08:34:27.6048418Z     at org.apache.maven.lifecycle.internal.LifecycleStarter.execute (LifecycleStarter.java:128)
2022-10-07T08:34:27.6048864Z     at org.apache.maven.DefaultMaven.doExecute (DefaultMaven.java:294)
2022-10-07T08:34:27.6049253Z     at org.apache.maven.DefaultMaven.doExecute (DefaultMaven.java:192)
2022-10-07T08:34:27.6049631Z     at org.apache.maven.DefaultMaven.execute (DefaultMaven.java:105)
2022-10-07T08:34:27.6049994Z     at org.apache.maven.cli.MavenCli.execute (MavenCli.java:960)
2022-10-07T08:34:27.6050352Z     at org.apache.maven.cli.MavenCli.doMain (MavenCli.java:293)
2022-10-07T08:34:27.6050703Z     at org.apache.maven.cli.MavenCli.main (MavenCli.java:196)
2022-10-07T08:34:27.6051150Z     at jdk.internal.reflect.DirectMethodHandleAccessor.invoke (DirectMethodHandleAccessor.java:104)
2022-10-07T08:34:27.6051575Z     at java.lang.reflect.Method.invoke (Method.java:577)
2022-10-07T08:34:27.6052003Z     at org.codehaus.plexus.classworlds.launcher.Launcher.launchEnhanced (Launcher.java:282)
2022-10-07T08:34:27.6052510Z     at org.codehaus.plexus.classworlds.launcher.Launcher.launch (Launcher.java:225)
2022-10-07T08:34:27.6053002Z     at org.codehaus.plexus.classworlds.launcher.Launcher.mainWithExitCode (Launcher.java:406)
2022-10-07T08:34:27.6055193Z     at org.codehaus.plexus.classworlds.launcher.Launcher.main (Launcher.java:347)
2022-10-07T08:34:27.6075917Z Caused by: org.apache.maven.plugin.MojoFailureException: There are test failures.
2022-10-07T08:34:27.6076185Z 
2022-10-07T08:34:27.6076596Z Please refer to /home/runner/work/jbanking/jbanking/target/surefire-reports for the individual test results.
2022-10-07T08:34:27.6077129Z Please refer to dump files (if any exist) [date].dump, [date]-jvmRun[N].dump and [date].dumpstream.
2022-10-07T08:34:27.6077774Z     at org.apache.maven.plugin.surefire.SurefireHelper.throwException (SurefireHelper.java:289)
2022-10-07T08:34:27.6078317Z     at org.apache.maven.plugin.surefire.SurefireHelper.reportExecution (SurefireHelper.java:161)
2022-10-07T08:34:27.6078850Z     at org.apache.maven.plugin.surefire.SurefirePlugin.handleSummary (SurefirePlugin.java:364)
2022-10-07T08:34:27.6079484Z     at org.apache.maven.plugin.surefire.AbstractSurefireMojo.executeAfterPreconditionsChecked (AbstractSurefireMojo.java:1041)
2022-10-07T08:34:27.6080130Z     at org.apache.maven.plugin.surefire.AbstractSurefireMojo.execute (AbstractSurefireMojo.java:857)
2022-10-07T08:34:27.6080886Z     at org.apache.maven.plugin.DefaultBuildPluginManager.executeMojo (DefaultBuildPluginManager.java:137)
2022-10-07T08:34:27.6081517Z     at org.apache.maven.lifecycle.internal.MojoExecutor.doExecute2 (MojoExecutor.java:370)
2022-10-07T08:34:27.6082089Z     at org.apache.maven.lifecycle.internal.MojoExecutor.doExecute (MojoExecutor.java:351)
2022-10-07T08:34:27.6082643Z     at org.apache.maven.lifecycle.internal.MojoExecutor.execute (MojoExecutor.java:215)
2022-10-07T08:34:27.6083199Z     at org.apache.maven.lifecycle.internal.MojoExecutor.execute (MojoExecutor.java:171)
2022-10-07T08:34:27.6083734Z     at org.apache.maven.lifecycle.internal.MojoExecutor.execute (MojoExecutor.java:163)
2022-10-07T08:34:27.6084353Z     at org.apache.maven.lifecycle.internal.LifecycleModuleBuilder.buildProject (LifecycleModuleBuilder.java:117)
2022-10-07T08:34:27.6085041Z     at org.apache.maven.lifecycle.internal.LifecycleModuleBuilder.buildProject (LifecycleModuleBuilder.java:81)
2022-10-07T08:34:27.6088407Z     at org.apache.maven.lifecycle.internal.builder.singlethreaded.SingleThreadedBuilder.build (SingleThreadedBuilder.java:56)
2022-10-07T08:34:27.6089231Z     at org.apache.maven.lifecycle.internal.LifecycleStarter.execute (LifecycleStarter.java:128)
2022-10-07T08:34:27.6089766Z     at org.apache.maven.DefaultMaven.doExecute (DefaultMaven.java:294)
2022-10-07T08:34:27.6090229Z     at org.apache.maven.DefaultMaven.doExecute (DefaultMaven.java:192)
2022-10-07T08:34:27.6090677Z     at org.apache.maven.DefaultMaven.execute (DefaultMaven.java:105)
2022-10-07T08:34:27.6091118Z     at org.apache.maven.cli.MavenCli.execute (MavenCli.java:960)
2022-10-07T08:34:27.6091550Z     at org.apache.maven.cli.MavenCli.doMain (MavenCli.java:293)
2022-10-07T08:34:27.6091968Z     at org.apache.maven.cli.MavenCli.main (MavenCli.java:196)
2022-10-07T08:34:27.6092478Z     at jdk.internal.reflect.DirectMethodHandleAccessor.invoke (DirectMethodHandleAccessor.java:104)
2022-10-07T08:34:27.6092980Z     at java.lang.reflect.Method.invoke (Method.java:577)
2022-10-07T08:34:27.6093495Z     at org.codehaus.plexus.classworlds.launcher.Launcher.launchEnhanced (Launcher.java:282)
2022-10-07T08:34:27.6094057Z     at org.codehaus.plexus.classworlds.launcher.Launcher.launch (Launcher.java:225)
2022-10-07T08:34:27.6094579Z     at org.codehaus.plexus.classworlds.launcher.Launcher.mainWithExitCode (Launcher.java:406)
2022-10-07T08:34:27.6095131Z     at org.codehaus.plexus.classworlds.launcher.Launcher.main (Launcher.java:347)
2022-10-07T08:34:27.6095498Z 20646 [ERROR] 
2022-10-07T08:34:27.6095925Z 20646 [ERROR] Re-run Maven using the -X switch to enable full debug logging.
2022-10-07T08:34:27.6096236Z 20646 [ERROR] 
2022-10-07T08:34:27.6096573Z 20646 [ERROR] For more information about the errors and possible solutions, please read the following articles:
2022-10-07T08:34:27.6097082Z 20646 [ERROR] [Help 1] http://cwiki.apache.org/confluence/display/MAVEN/MojoFailureException
2022-10-07T08:34:27.6343663Z ##[error]Process completed with exit code 1.
2022-10-07T08:34:27.6399907Z Post job cleanup.
2022-10-07T08:34:27.8224211Z Post job cleanup.
2022-10-07T08:34:27.9537831Z [command]/usr/bin/git version
2022-10-07T08:34:27.9592317Z git version 2.37.3
2022-10-07T08:34:27.9640108Z Temporarily overriding HOME='/home/runner/work/_temp/12e157f4-c5b8-4ac1-bbd7-7c2e010eff25' before making global git config changes
2022-10-07T08:34:27.9641146Z Adding repository directory to the temporary git global config as a safe directory
2022-10-07T08:34:27.9645675Z [command]/usr/bin/git config --global --add safe.directory /home/runner/work/jbanking/jbanking
2022-10-07T08:34:27.9689370Z [command]/usr/bin/git config --local --name-only --get-regexp core\.sshCommand
2022-10-07T08:34:27.9728553Z [command]/usr/bin/git submodule foreach --recursive git config --local --name-only --get-regexp 'core\.sshCommand' && git config --local --unset-all 'core.sshCommand' || :
2022-10-07T08:34:27.9970922Z [command]/usr/bin/git config --local --name-only --get-regexp http\.https\:\/\/github\.com\/\.extraheader
2022-10-07T08:34:27.9999463Z http.https://github.com/.extraheader
2022-10-07T08:34:28.0010313Z [command]/usr/bin/git config --local --unset-all http.https://github.com/.extraheader
2022-10-07T08:34:28.0049092Z [command]/usr/bin/git submodule foreach --recursive git config --local --name-only --get-regexp 'http\.https\:\/\/github\.com\/\.extraheader' && git config --local --unset-all 'http.https://github.com/.extraheader' || :
2022-10-07T08:34:28.0467445Z Cleaning up orphan processes
