2022-10-07T13:47:35.1191866Z Requested labels: ubuntu-latest
2022-10-07T13:47:35.1191912Z Job defined at: marcwrobel/jbanking/.github/workflows/build.yml@refs/pull/204/merge
2022-10-07T13:47:35.1191933Z Waiting for a runner to pick up this job...
2022-10-07T13:47:37.4790666Z Job is waiting for a hosted runner to come online.
2022-10-07T13:47:40.7241305Z Job is about to start running on the hosted runner: GitHub Actions 2 (hosted)
2022-10-07T13:47:42.5878559Z Current runner version: '2.297.0'
2022-10-07T13:47:42.5906065Z ##[group]Operating System
2022-10-07T13:47:42.5906640Z Ubuntu
2022-10-07T13:47:42.5906905Z 20.04.5
2022-10-07T13:47:42.5907304Z LTS
2022-10-07T13:47:42.5907570Z ##[endgroup]
2022-10-07T13:47:42.5907903Z ##[group]Runner Image
2022-10-07T13:47:42.5908273Z Image: ubuntu-20.04
2022-10-07T13:47:42.5908600Z Version: 20221002.2
2022-10-07T13:47:42.5909113Z Included Software: https://github.com/actions/runner-images/blob/ubuntu20/20221002.2/images/linux/Ubuntu2004-Readme.md
2022-10-07T13:47:42.5909750Z Image Release: https://github.com/actions/runner-images/releases/tag/ubuntu20%2F20221002.2
2022-10-07T13:47:42.5910198Z ##[endgroup]
2022-10-07T13:47:42.5910513Z ##[group]Runner Image Provisioner
2022-10-07T13:47:42.5910876Z 1.0.0.0-main-20220916-1
2022-10-07T13:47:42.5911227Z ##[endgroup]
2022-10-07T13:47:42.5911837Z ##[group]GITHUB_TOKEN Permissions
2022-10-07T13:47:42.5912388Z Contents: read
2022-10-07T13:47:42.5912895Z Metadata: read
2022-10-07T13:47:42.5913625Z ##[endgroup]
2022-10-07T13:47:42.5917384Z Secret source: Actions
2022-10-07T13:47:42.5917914Z Prepare workflow directory
2022-10-07T13:47:42.6759585Z Prepare all required actions
2022-10-07T13:47:42.6946143Z Getting action download info
2022-10-07T13:47:42.9479695Z Download action repository 'actions/checkout@93ea575cb5d8a053eaa0ac8fa3b40d7e05a33cc8' (SHA:93ea575cb5d8a053eaa0ac8fa3b40d7e05a33cc8)
2022-10-07T13:47:43.6075885Z Download action repository 'actions/setup-java@a18c333f3f14249953dab3e186e5e21bf3390f1d' (SHA:a18c333f3f14249953dab3e186e5e21bf3390f1d)
2022-10-07T13:47:44.6080050Z ##[group]Run actions/checkout@93ea575cb5d8a053eaa0ac8fa3b40d7e05a33cc8
2022-10-07T13:47:44.6080444Z with:
2022-10-07T13:47:44.6080689Z   repository: marcwrobel/jbanking
2022-10-07T13:47:44.6081192Z   token: ***
2022-10-07T13:47:44.6081401Z   ssh-strict: true
2022-10-07T13:47:44.6081647Z   persist-credentials: true
2022-10-07T13:47:44.6081880Z   clean: true
2022-10-07T13:47:44.6082074Z   fetch-depth: 1
2022-10-07T13:47:44.6082296Z   lfs: false
2022-10-07T13:47:44.6082496Z   submodules: false
2022-10-07T13:47:44.6082718Z   set-safe-directory: true
2022-10-07T13:47:44.6082948Z ##[endgroup]
2022-10-07T13:47:44.8647923Z Syncing repository: marcwrobel/jbanking
2022-10-07T13:47:44.8650147Z ##[group]Getting Git version info
2022-10-07T13:47:44.8650958Z Working directory is '/home/runner/work/jbanking/jbanking'
2022-10-07T13:47:44.8662711Z [command]/usr/bin/git version
2022-10-07T13:47:44.8783792Z git version 2.37.3
2022-10-07T13:47:44.8785272Z ##[endgroup]
2022-10-07T13:47:44.8803716Z Temporarily overriding HOME='/home/runner/work/_temp/75b7c678-7ab4-4b64-96e7-07b68c09ef5c' before making global git config changes
2022-10-07T13:47:44.8804205Z Adding repository directory to the temporary git global config as a safe directory
2022-10-07T13:47:44.8804741Z [command]/usr/bin/git config --global --add safe.directory /home/runner/work/jbanking/jbanking
2022-10-07T13:47:44.8844428Z Deleting the contents of '/home/runner/work/jbanking/jbanking'
2022-10-07T13:47:44.8850144Z ##[group]Initializing the repository
2022-10-07T13:47:44.8854329Z [command]/usr/bin/git init /home/runner/work/jbanking/jbanking
2022-10-07T13:47:44.8916859Z hint: Using 'master' as the name for the initial branch. This default branch name
2022-10-07T13:47:44.8917449Z hint: is subject to change. To configure the initial branch name to use in all
2022-10-07T13:47:44.8917953Z hint: of your new repositories, which will suppress this warning, call:
2022-10-07T13:47:44.8918339Z hint: 
2022-10-07T13:47:44.8918735Z hint: 	git config --global init.defaultBranch <name>
2022-10-07T13:47:44.8919108Z hint: 
2022-10-07T13:47:44.8919606Z hint: Names commonly chosen instead of 'master' are 'main', 'trunk' and
2022-10-07T13:47:44.8920175Z hint: 'development'. The just-created branch can be renamed via this command:
2022-10-07T13:47:44.8920548Z hint: 
2022-10-07T13:47:44.8920825Z hint: 	git branch -m <name>
2022-10-07T13:47:44.8926523Z Initialized empty Git repository in /home/runner/work/jbanking/jbanking/.git/
2022-10-07T13:47:44.8935608Z [command]/usr/bin/git remote add origin https://github.com/marcwrobel/jbanking
2022-10-07T13:47:44.8978382Z ##[endgroup]
2022-10-07T13:47:44.8979225Z ##[group]Disabling automatic garbage collection
2022-10-07T13:47:44.8983319Z [command]/usr/bin/git config --local gc.auto 0
2022-10-07T13:47:44.9016823Z ##[endgroup]
2022-10-07T13:47:44.9017578Z ##[group]Setting up auth
2022-10-07T13:47:44.9025632Z [command]/usr/bin/git config --local --name-only --get-regexp core\.sshCommand
2022-10-07T13:47:44.9061505Z [command]/usr/bin/git submodule foreach --recursive git config --local --name-only --get-regexp 'core\.sshCommand' && git config --local --unset-all 'core.sshCommand' || :
2022-10-07T13:47:44.9510736Z [command]/usr/bin/git config --local --name-only --get-regexp http\.https\:\/\/github\.com\/\.extraheader
2022-10-07T13:47:44.9511691Z [command]/usr/bin/git submodule foreach --recursive git config --local --name-only --get-regexp 'http\.https\:\/\/github\.com\/\.extraheader' && git config --local --unset-all 'http.https://github.com/.extraheader' || :
2022-10-07T13:47:44.9716954Z [command]/usr/bin/git config --local http.https://github.com/.extraheader AUTHORIZATION: basic ***
2022-10-07T13:47:44.9749052Z ##[endgroup]
2022-10-07T13:47:44.9749917Z ##[group]Fetching the repository
2022-10-07T13:47:44.9761464Z [command]/usr/bin/git -c protocol.version=2 fetch --no-tags --prune --progress --no-recurse-submodules --depth=1 origin +4b8d9bf440f0eb27c9427b00054841d61f0367a6:refs/remotes/pull/204/merge
2022-10-07T13:47:45.2875076Z remote: Enumerating objects: 154, done.        
2022-10-07T13:47:45.2880446Z remote: Counting objects:   0% (1/154)        
2022-10-07T13:47:45.2882299Z remote: Counting objects:   1% (2/154)        
2022-10-07T13:47:45.2882899Z remote: Counting objects:   2% (4/154)        
2022-10-07T13:47:45.2883307Z remote: Counting objects:   3% (5/154)        
2022-10-07T13:47:45.2889398Z remote: Counting objects:   4% (7/154)        
2022-10-07T13:47:45.2890225Z remote: Counting objects:   5% (8/154)        
2022-10-07T13:47:45.2890926Z remote: Counting objects:   6% (10/154)        
2022-10-07T13:47:45.2891720Z remote: Counting objects:   7% (11/154)        
2022-10-07T13:47:45.2892158Z remote: Counting objects:   8% (13/154)        
2022-10-07T13:47:45.2892760Z remote: Counting objects:   9% (14/154)        
2022-10-07T13:47:45.2893344Z remote: Counting objects:  10% (16/154)        
2022-10-07T13:47:45.2893925Z remote: Counting objects:  11% (17/154)        
2022-10-07T13:47:45.2894518Z remote: Counting objects:  12% (19/154)        
2022-10-07T13:47:45.2895012Z remote: Counting objects:  13% (21/154)        
2022-10-07T13:47:45.2895567Z remote: Counting objects:  14% (22/154)        
2022-10-07T13:47:45.2896147Z remote: Counting objects:  15% (24/154)        
2022-10-07T13:47:45.2896735Z remote: Counting objects:  16% (25/154)        
2022-10-07T13:47:45.2897304Z remote: Counting objects:  17% (27/154)        
2022-10-07T13:47:45.2897971Z remote: Counting objects:  18% (28/154)        
2022-10-07T13:47:45.2898498Z remote: Counting objects:  19% (30/154)        
2022-10-07T13:47:45.2899256Z remote: Counting objects:  20% (31/154)        
2022-10-07T13:47:45.2899817Z remote: Counting objects:  21% (33/154)        
2022-10-07T13:47:45.2900373Z remote: Counting objects:  22% (34/154)        
2022-10-07T13:47:45.2900980Z remote: Counting objects:  23% (36/154)        
2022-10-07T13:47:45.2901551Z remote: Counting objects:  24% (37/154)        
2022-10-07T13:47:45.2902115Z remote: Counting objects:  25% (39/154)        
2022-10-07T13:47:45.2902664Z remote: Counting objects:  26% (41/154)        
2022-10-07T13:47:45.2903237Z remote: Counting objects:  27% (42/154)        
2022-10-07T13:47:45.2904000Z remote: Counting objects:  28% (44/154)        
2022-10-07T13:47:45.2904555Z remote: Counting objects:  29% (45/154)        
2022-10-07T13:47:45.2905264Z remote: Counting objects:  30% (47/154)        
2022-10-07T13:47:45.2905756Z remote: Counting objects:  31% (48/154)        
2022-10-07T13:47:45.2906354Z remote: Counting objects:  32% (50/154)        
2022-10-07T13:47:45.2906938Z remote: Counting objects:  33% (51/154)        
2022-10-07T13:47:45.2907497Z remote: Counting objects:  34% (53/154)        
2022-10-07T13:47:45.2908058Z remote: Counting objects:  35% (54/154)        
2022-10-07T13:47:45.2908637Z remote: Counting objects:  36% (56/154)        
2022-10-07T13:47:45.2909195Z remote: Counting objects:  37% (57/154)        
2022-10-07T13:47:45.2909762Z remote: Counting objects:  38% (59/154)        
2022-10-07T13:47:45.2910332Z remote: Counting objects:  39% (61/154)        
2022-10-07T13:47:45.2910890Z remote: Counting objects:  40% (62/154)        
2022-10-07T13:47:45.2911438Z remote: Counting objects:  41% (64/154)        
2022-10-07T13:47:45.2912022Z remote: Counting objects:  42% (65/154)        
2022-10-07T13:47:45.2912596Z remote: Counting objects:  43% (67/154)        
2022-10-07T13:47:45.2913262Z remote: Counting objects:  44% (68/154)        
2022-10-07T13:47:45.2913822Z remote: Counting objects:  45% (70/154)        
2022-10-07T13:47:45.2914597Z remote: Counting objects:  46% (71/154)        
2022-10-07T13:47:45.2915216Z remote: Counting objects:  47% (73/154)        
2022-10-07T13:47:45.2915905Z remote: Counting objects:  48% (74/154)        
2022-10-07T13:47:45.2916561Z remote: Counting objects:  49% (76/154)        
2022-10-07T13:47:45.2917132Z remote: Counting objects:  50% (77/154)        
2022-10-07T13:47:45.2917713Z remote: Counting objects:  51% (79/154)        
2022-10-07T13:47:45.2918545Z remote: Counting objects:  52% (81/154)        
2022-10-07T13:47:45.2918912Z remote: Counting objects:  53% (82/154)        
2022-10-07T13:47:45.2919525Z remote: Counting objects:  54% (84/154)        
2022-10-07T13:47:45.2920116Z remote: Counting objects:  55% (85/154)        
2022-10-07T13:47:45.2920714Z remote: Counting objects:  56% (87/154)        
2022-10-07T13:47:45.2921394Z remote: Counting objects:  57% (88/154)        
2022-10-07T13:47:45.2921992Z remote: Counting objects:  58% (90/154)        
2022-10-07T13:47:45.2922609Z remote: Counting objects:  59% (91/154)        
2022-10-07T13:47:45.2923174Z remote: Counting objects:  60% (93/154)        
2022-10-07T13:47:45.2923904Z remote: Counting objects:  61% (94/154)        
2022-10-07T13:47:45.2924475Z remote: Counting objects:  62% (96/154)        
2022-10-07T13:47:45.2925058Z remote: Counting objects:  63% (98/154)        
2022-10-07T13:47:45.2925780Z remote: Counting objects:  64% (99/154)        
2022-10-07T13:47:45.2954595Z remote: Counting objects:  65% (101/154)        
2022-10-07T13:47:45.2955312Z remote: Counting objects:  66% (102/154)        
2022-10-07T13:47:45.2956290Z remote: Counting objects:  67% (104/154)        
2022-10-07T13:47:45.2956784Z remote: Counting objects:  68% (105/154)        
2022-10-07T13:47:45.2957691Z remote: Counting objects:  69% (107/154)        
2022-10-07T13:47:45.2958179Z remote: Counting objects:  70% (108/154)        
2022-10-07T13:47:45.2958846Z remote: Counting objects:  71% (110/154)        
2022-10-07T13:47:45.2959313Z remote: Counting objects:  72% (111/154)        
2022-10-07T13:47:45.2959959Z remote: Counting objects:  73% (113/154)        
2022-10-07T13:47:45.2960430Z remote: Counting objects:  74% (114/154)        
2022-10-07T13:47:45.2961098Z remote: Counting objects:  75% (116/154)        
2022-10-07T13:47:45.2961524Z remote: Counting objects:  76% (118/154)        
2022-10-07T13:47:45.2962191Z remote: Counting objects:  77% (119/154)        
2022-10-07T13:47:45.2962636Z remote: Counting objects:  78% (121/154)        
2022-10-07T13:47:45.2963278Z remote: Counting objects:  79% (122/154)        
2022-10-07T13:47:45.2963732Z remote: Counting objects:  80% (124/154)        
2022-10-07T13:47:45.2964425Z remote: Counting objects:  81% (125/154)        
2022-10-07T13:47:45.2964936Z remote: Counting objects:  82% (127/154)        
2022-10-07T13:47:45.2965620Z remote: Counting objects:  83% (128/154)        
2022-10-07T13:47:45.2966090Z remote: Counting objects:  84% (130/154)        
2022-10-07T13:47:45.2967146Z remote: Counting objects:  85% (131/154)        
2022-10-07T13:47:45.2967632Z remote: Counting objects:  86% (133/154)        
2022-10-07T13:47:45.2968297Z remote: Counting objects:  87% (134/154)        
2022-10-07T13:47:45.2968779Z remote: Counting objects:  88% (136/154)        
2022-10-07T13:47:45.2969465Z remote: Counting objects:  89% (138/154)        
2022-10-07T13:47:45.2969946Z remote: Counting objects:  90% (139/154)        
2022-10-07T13:47:45.2970608Z remote: Counting objects:  91% (141/154)        
2022-10-07T13:47:45.2971139Z remote: Counting objects:  92% (142/154)        
2022-10-07T13:47:45.2972198Z remote: Counting objects:  93% (144/154)        
2022-10-07T13:47:45.2972629Z remote: Counting objects:  94% (145/154)        
2022-10-07T13:47:45.2972882Z remote: Counting objects:  95% (147/154)        
2022-10-07T13:47:45.2973147Z remote: Counting objects:  96% (148/154)        
2022-10-07T13:47:45.2973419Z remote: Counting objects:  97% (150/154)        
2022-10-07T13:47:45.2973673Z remote: Counting objects:  98% (151/154)        
2022-10-07T13:47:45.2973936Z remote: Counting objects:  99% (153/154)        
2022-10-07T13:47:45.2974200Z remote: Counting objects: 100% (154/154)        
2022-10-07T13:47:45.2974466Z remote: Counting objects: 100% (154/154), done.        
2022-10-07T13:47:45.2974770Z remote: Compressing objects:   0% (1/111)        
2022-10-07T13:47:45.2975058Z remote: Compressing objects:   1% (2/111)        
2022-10-07T13:47:45.2975330Z remote: Compressing objects:   2% (3/111)        
2022-10-07T13:47:45.2975746Z remote: Compressing objects:   3% (4/111)        
2022-10-07T13:47:45.2976031Z remote: Compressing objects:   4% (5/111)        
2022-10-07T13:47:45.2977099Z remote: Compressing objects:   5% (6/111)        
2022-10-07T13:47:45.2977751Z remote: Compressing objects:   6% (7/111)        
2022-10-07T13:47:45.2978037Z remote: Compressing objects:   7% (8/111)        
2022-10-07T13:47:45.2978323Z remote: Compressing objects:   8% (9/111)        
2022-10-07T13:47:45.2978593Z remote: Compressing objects:   9% (10/111)        
2022-10-07T13:47:45.2978880Z remote: Compressing objects:  10% (12/111)        
2022-10-07T13:47:45.2979168Z remote: Compressing objects:  11% (13/111)        
2022-10-07T13:47:45.2979450Z remote: Compressing objects:  12% (14/111)        
2022-10-07T13:47:45.2979717Z remote: Compressing objects:  13% (15/111)        
2022-10-07T13:47:45.2979999Z remote: Compressing objects:  14% (16/111)        
2022-10-07T13:47:45.2980282Z remote: Compressing objects:  15% (17/111)        
2022-10-07T13:47:45.2980549Z remote: Compressing objects:  16% (18/111)        
2022-10-07T13:47:45.2981240Z remote: Compressing objects:  17% (19/111)        
2022-10-07T13:47:45.2981528Z remote: Compressing objects:  18% (20/111)        
2022-10-07T13:47:45.2981792Z remote: Compressing objects:  19% (22/111)        
2022-10-07T13:47:45.2982073Z remote: Compressing objects:  20% (23/111)        
2022-10-07T13:47:45.2982350Z remote: Compressing objects:  21% (24/111)        
2022-10-07T13:47:45.2982634Z remote: Compressing objects:  22% (25/111)        
2022-10-07T13:47:45.2982898Z remote: Compressing objects:  23% (26/111)        
2022-10-07T13:47:45.2983176Z remote: Compressing objects:  24% (27/111)        
2022-10-07T13:47:45.3083945Z remote: Compressing objects:  25% (28/111)        
2022-10-07T13:47:45.3084318Z remote: Compressing objects:  26% (29/111)        
2022-10-07T13:47:45.3084612Z remote: Compressing objects:  27% (30/111)        
2022-10-07T13:47:45.3084915Z remote: Compressing objects:  28% (32/111)        
2022-10-07T13:47:45.3085185Z remote: Compressing objects:  29% (33/111)        
2022-10-07T13:47:45.3085472Z remote: Compressing objects:  30% (34/111)        
2022-10-07T13:47:45.3086552Z remote: Compressing objects:  31% (35/111)        
2022-10-07T13:47:45.3086851Z remote: Compressing objects:  32% (36/111)        
2022-10-07T13:47:45.3087117Z remote: Compressing objects:  33% (37/111)        
2022-10-07T13:47:45.3087399Z remote: Compressing objects:  34% (38/111)        
2022-10-07T13:47:45.3087956Z remote: Compressing objects:  35% (39/111)        
2022-10-07T13:47:45.3088222Z remote: Compressing objects:  36% (40/111)        
2022-10-07T13:47:45.3088506Z remote: Compressing objects:  37% (42/111)        
2022-10-07T13:47:45.3089653Z remote: Compressing objects:  38% (43/111)        
2022-10-07T13:47:45.3089945Z remote: Compressing objects:  39% (44/111)        
2022-10-07T13:47:45.3090210Z remote: Compressing objects:  40% (45/111)        
2022-10-07T13:47:45.3090496Z remote: Compressing objects:  41% (46/111)        
2022-10-07T13:47:45.3090777Z remote: Compressing objects:  42% (47/111)        
2022-10-07T13:47:45.3091041Z remote: Compressing objects:  43% (48/111)        
2022-10-07T13:47:45.3091318Z remote: Compressing objects:  44% (49/111)        
2022-10-07T13:47:45.3091593Z remote: Compressing objects:  45% (50/111)        
2022-10-07T13:47:45.3091995Z remote: Compressing objects:  46% (52/111)        
2022-10-07T13:47:45.3093478Z remote: Compressing objects:  47% (53/111)        
2022-10-07T13:47:45.3093942Z remote: Compressing objects:  48% (54/111)        
2022-10-07T13:47:45.3095845Z remote: Compressing objects:  49% (55/111)        
2022-10-07T13:47:45.3096144Z remote: Compressing objects:  50% (56/111)        
2022-10-07T13:47:45.3096813Z remote: Compressing objects:  51% (57/111)        
2022-10-07T13:47:45.3097101Z remote: Compressing objects:  52% (58/111)        
2022-10-07T13:47:45.3097382Z remote: Compressing objects:  53% (59/111)        
2022-10-07T13:47:45.3097801Z remote: Compressing objects:  54% (60/111)        
2022-10-07T13:47:45.3098087Z remote: Compressing objects:  55% (62/111)        
2022-10-07T13:47:45.3098369Z remote: Compressing objects:  56% (63/111)        
2022-10-07T13:47:45.3098632Z remote: Compressing objects:  57% (64/111)        
2022-10-07T13:47:45.3098914Z remote: Compressing objects:  58% (65/111)        
2022-10-07T13:47:45.3099196Z remote: Compressing objects:  59% (66/111)        
2022-10-07T13:47:45.3099463Z remote: Compressing objects:  60% (67/111)        
2022-10-07T13:47:45.3099744Z remote: Compressing objects:  61% (68/111)        
2022-10-07T13:47:45.3100020Z remote: Compressing objects:  62% (69/111)        
2022-10-07T13:47:45.3100281Z remote: Compressing objects:  63% (70/111)        
2022-10-07T13:47:45.3100557Z remote: Compressing objects:  64% (72/111)        
2022-10-07T13:47:45.3100836Z remote: Compressing objects:  65% (73/111)        
2022-10-07T13:47:45.3101113Z remote: Compressing objects:  66% (74/111)        
2022-10-07T13:47:45.3101381Z remote: Compressing objects:  67% (75/111)        
2022-10-07T13:47:45.3101659Z remote: Compressing objects:  68% (76/111)        
2022-10-07T13:47:45.3101938Z remote: Compressing objects:  69% (77/111)        
2022-10-07T13:47:45.3102201Z remote: Compressing objects:  70% (78/111)        
2022-10-07T13:47:45.3102482Z remote: Compressing objects:  71% (79/111)        
2022-10-07T13:47:45.3102757Z remote: Compressing objects:  72% (80/111)        
2022-10-07T13:47:45.3103949Z remote: Compressing objects:  73% (82/111)        
2022-10-07T13:47:45.3104224Z remote: Compressing objects:  74% (83/111)        
2022-10-07T13:47:45.3104506Z remote: Compressing objects:  75% (84/111)        
2022-10-07T13:47:45.3104787Z remote: Compressing objects:  76% (85/111)        
2022-10-07T13:47:45.3105047Z remote: Compressing objects:  77% (86/111)        
2022-10-07T13:47:45.3105325Z remote: Compressing objects:  78% (87/111)        
2022-10-07T13:47:45.3105603Z remote: Compressing objects:  79% (88/111)        
2022-10-07T13:47:45.3105868Z remote: Compressing objects:  80% (89/111)        
2022-10-07T13:47:45.3106146Z remote: Compressing objects:  81% (90/111)        
2022-10-07T13:47:45.3106423Z remote: Compressing objects:  82% (92/111)        
2022-10-07T13:47:45.3106705Z remote: Compressing objects:  83% (93/111)        
2022-10-07T13:47:45.3106965Z remote: Compressing objects:  84% (94/111)        
2022-10-07T13:47:45.3107244Z remote: Compressing objects:  85% (95/111)        
2022-10-07T13:47:45.3107641Z remote: Compressing objects:  86% (96/111)        
2022-10-07T13:47:45.3107906Z remote: Compressing objects:  87% (97/111)        
2022-10-07T13:47:45.3108185Z remote: Compressing objects:  88% (98/111)        
2022-10-07T13:47:45.3108463Z remote: Compressing objects:  89% (99/111)        
2022-10-07T13:47:45.3108728Z remote: Compressing objects:  90% (100/111)        
2022-10-07T13:47:45.3109054Z remote: Compressing objects:  91% (102/111)        
2022-10-07T13:47:45.3109333Z remote: Compressing objects:  92% (103/111)        
2022-10-07T13:47:45.3109618Z remote: Compressing objects:  93% (104/111)        
2022-10-07T13:47:45.3109902Z remote: Compressing objects:  94% (105/111)        
2022-10-07T13:47:45.3110171Z remote: Compressing objects:  95% (106/111)        
2022-10-07T13:47:45.3110457Z remote: Compressing objects:  96% (107/111)        
2022-10-07T13:47:45.3110740Z remote: Compressing objects:  97% (108/111)        
2022-10-07T13:47:45.3111024Z remote: Compressing objects:  98% (109/111)        
2022-10-07T13:47:45.3111297Z remote: Compressing objects:  99% (110/111)        
2022-10-07T13:47:45.3111573Z remote: Compressing objects: 100% (111/111)        
2022-10-07T13:47:45.3111873Z remote: Compressing objects: 100% (111/111), done.        
2022-10-07T13:47:45.3229099Z Receiving objects:   0% (1/154)
2022-10-07T13:47:45.3229440Z Receiving objects:   1% (2/154)
2022-10-07T13:47:45.3229689Z Receiving objects:   2% (4/154)
2022-10-07T13:47:45.3231127Z Receiving objects:   3% (5/154)
2022-10-07T13:47:45.3231616Z Receiving objects:   4% (7/154)
2022-10-07T13:47:45.3231861Z Receiving objects:   5% (8/154)
2022-10-07T13:47:45.3232093Z Receiving objects:   6% (10/154)
2022-10-07T13:47:45.3232341Z Receiving objects:   7% (11/154)
2022-10-07T13:47:45.3232580Z Receiving objects:   8% (13/154)
2022-10-07T13:47:45.3232822Z Receiving objects:   9% (14/154)
2022-10-07T13:47:45.3233204Z Receiving objects:  10% (16/154)
2022-10-07T13:47:45.3233447Z Receiving objects:  11% (17/154)
2022-10-07T13:47:45.3233701Z Receiving objects:  12% (19/154)
2022-10-07T13:47:45.3233925Z Receiving objects:  13% (21/154)
2022-10-07T13:47:45.3234377Z Receiving objects:  14% (22/154)
2022-10-07T13:47:45.3271952Z Receiving objects:  15% (24/154)
2022-10-07T13:47:45.3272577Z Receiving objects:  16% (25/154)
2022-10-07T13:47:45.3273243Z Receiving objects:  17% (27/154)
2022-10-07T13:47:45.3273807Z Receiving objects:  18% (28/154)
2022-10-07T13:47:45.3274327Z Receiving objects:  19% (30/154)
2022-10-07T13:47:45.3274820Z Receiving objects:  20% (31/154)
2022-10-07T13:47:45.3275356Z Receiving objects:  21% (33/154)
2022-10-07T13:47:45.3275874Z Receiving objects:  22% (34/154)
2022-10-07T13:47:45.3276378Z Receiving objects:  23% (36/154)
2022-10-07T13:47:45.3276870Z Receiving objects:  24% (37/154)
2022-10-07T13:47:45.3417958Z Receiving objects:  25% (39/154)
2022-10-07T13:47:45.3419085Z Receiving objects:  26% (41/154)
2022-10-07T13:47:45.3419369Z Receiving objects:  27% (42/154)
2022-10-07T13:47:45.3419662Z Receiving objects:  28% (44/154)
2022-10-07T13:47:45.3419939Z Receiving objects:  29% (45/154)
2022-10-07T13:47:45.3420196Z Receiving objects:  30% (47/154)
2022-10-07T13:47:45.3420468Z Receiving objects:  31% (48/154)
2022-10-07T13:47:45.3425371Z Receiving objects:  32% (50/154)
2022-10-07T13:47:45.3511662Z Receiving objects:  33% (51/154)
2022-10-07T13:47:45.3511993Z Receiving objects:  34% (53/154)
2022-10-07T13:47:45.3512609Z Receiving objects:  35% (54/154)
2022-10-07T13:47:45.3512862Z Receiving objects:  36% (56/154)
2022-10-07T13:47:45.3513238Z Receiving objects:  37% (57/154)
2022-10-07T13:47:45.3513481Z Receiving objects:  38% (59/154)
2022-10-07T13:47:45.3514120Z Receiving objects:  39% (61/154)
2022-10-07T13:47:45.3514347Z Receiving objects:  40% (62/154)
2022-10-07T13:47:45.3515604Z Receiving objects:  41% (64/154)
2022-10-07T13:47:45.3519720Z Receiving objects:  42% (65/154)
2022-10-07T13:47:45.3520370Z Receiving objects:  43% (67/154)
2022-10-07T13:47:45.3520604Z Receiving objects:  44% (68/154)
2022-10-07T13:47:45.3521104Z Receiving objects:  45% (70/154)
2022-10-07T13:47:45.3521722Z Receiving objects:  46% (71/154)
2022-10-07T13:47:45.3521949Z Receiving objects:  47% (73/154)
2022-10-07T13:47:45.3522806Z Receiving objects:  48% (74/154)
2022-10-07T13:47:45.3523971Z Receiving objects:  49% (76/154)
2022-10-07T13:47:45.3524496Z Receiving objects:  50% (77/154)
2022-10-07T13:47:45.3526814Z Receiving objects:  51% (79/154)
2022-10-07T13:47:45.3585978Z Receiving objects:  52% (81/154)
2022-10-07T13:47:45.3718064Z Receiving objects:  53% (82/154)
2022-10-07T13:47:45.3718454Z Receiving objects:  54% (84/154)
2022-10-07T13:47:45.3718735Z Receiving objects:  55% (85/154)
2022-10-07T13:47:45.3719010Z Receiving objects:  56% (87/154)
2022-10-07T13:47:45.3719269Z Receiving objects:  57% (88/154)
2022-10-07T13:47:45.3719994Z Receiving objects:  58% (90/154)
2022-10-07T13:47:45.3720274Z Receiving objects:  59% (91/154)
2022-10-07T13:47:45.3720533Z Receiving objects:  60% (93/154)
2022-10-07T13:47:45.3735471Z Receiving objects:  61% (94/154)
2022-10-07T13:47:45.3736161Z Receiving objects:  62% (96/154)
2022-10-07T13:47:45.3736811Z Receiving objects:  63% (98/154)
2022-10-07T13:47:45.3737440Z Receiving objects:  64% (99/154)
2022-10-07T13:47:45.3737717Z Receiving objects:  65% (101/154)
2022-10-07T13:47:45.3738730Z Receiving objects:  66% (102/154)
2022-10-07T13:47:45.3738994Z Receiving objects:  67% (104/154)
2022-10-07T13:47:45.3766281Z Receiving objects:  68% (105/154)
2022-10-07T13:47:45.3766633Z Receiving objects:  69% (107/154)
2022-10-07T13:47:45.3767534Z Receiving objects:  70% (108/154)
2022-10-07T13:47:45.3767819Z Receiving objects:  71% (110/154)
2022-10-07T13:47:45.3768095Z Receiving objects:  72% (111/154)
2022-10-07T13:47:45.3768370Z Receiving objects:  73% (113/154)
2022-10-07T13:47:45.3769069Z Receiving objects:  74% (114/154)
2022-10-07T13:47:45.3769347Z Receiving objects:  75% (116/154)
2022-10-07T13:47:45.3769618Z Receiving objects:  76% (118/154)
2022-10-07T13:47:45.3771005Z Receiving objects:  77% (119/154)
2022-10-07T13:47:45.3771304Z Receiving objects:  78% (121/154)
2022-10-07T13:47:45.3772319Z Receiving objects:  79% (122/154)
2022-10-07T13:47:45.3772581Z Receiving objects:  80% (124/154)
2022-10-07T13:47:45.3773572Z Receiving objects:  81% (125/154)
2022-10-07T13:47:45.3773846Z Receiving objects:  82% (127/154)
2022-10-07T13:47:45.3774837Z Receiving objects:  83% (128/154)
2022-10-07T13:47:45.3775450Z Receiving objects:  84% (130/154)
2022-10-07T13:47:45.3776432Z Receiving objects:  85% (131/154)
2022-10-07T13:47:45.3776732Z Receiving objects:  86% (133/154)
2022-10-07T13:47:45.3777120Z Receiving objects:  87% (134/154)
2022-10-07T13:47:45.3847777Z Receiving objects:  88% (136/154)
2022-10-07T13:47:45.3848537Z remote: Total 154 (delta 33), reused 96 (delta 24), pack-reused 0        
2022-10-07T13:47:45.3848854Z Receiving objects:  89% (138/154)
2022-10-07T13:47:45.3849088Z Receiving objects:  90% (139/154)
2022-10-07T13:47:45.3849333Z Receiving objects:  91% (141/154)
2022-10-07T13:47:45.3849594Z Receiving objects:  92% (142/154)
2022-10-07T13:47:45.3849818Z Receiving objects:  93% (144/154)
2022-10-07T13:47:45.3850058Z Receiving objects:  94% (145/154)
2022-10-07T13:47:45.3850297Z Receiving objects:  95% (147/154)
2022-10-07T13:47:45.3850519Z Receiving objects:  96% (148/154)
2022-10-07T13:47:45.3850754Z Receiving objects:  97% (150/154)
2022-10-07T13:47:45.3850989Z Receiving objects:  98% (151/154)
2022-10-07T13:47:45.3851209Z Receiving objects:  99% (153/154)
2022-10-07T13:47:45.3851448Z Receiving objects: 100% (154/154)
2022-10-07T13:47:45.3851727Z Receiving objects: 100% (154/154), 115.73 KiB | 1.84 MiB/s, done.
2022-10-07T13:47:45.3851998Z Resolving deltas:   0% (0/33)
2022-10-07T13:47:45.3852225Z Resolving deltas:   3% (1/33)
2022-10-07T13:47:45.3852462Z Resolving deltas:   6% (2/33)
2022-10-07T13:47:45.3852695Z Resolving deltas:   9% (3/33)
2022-10-07T13:47:45.3852913Z Resolving deltas:  12% (4/33)
2022-10-07T13:47:45.3853151Z Resolving deltas:  15% (5/33)
2022-10-07T13:47:45.3853588Z Resolving deltas:  18% (6/33)
2022-10-07T13:47:45.3853807Z Resolving deltas:  21% (7/33)
2022-10-07T13:47:45.3854044Z Resolving deltas:  24% (8/33)
2022-10-07T13:47:45.3854276Z Resolving deltas:  27% (9/33)
2022-10-07T13:47:45.3854497Z Resolving deltas:  30% (10/33)
2022-10-07T13:47:45.3854739Z Resolving deltas:  33% (11/33)
2022-10-07T13:47:45.3854977Z Resolving deltas:  36% (12/33)
2022-10-07T13:47:45.3855762Z Resolving deltas:  39% (13/33)
2022-10-07T13:47:45.3856373Z Resolving deltas:  42% (14/33)
2022-10-07T13:47:45.3856609Z Resolving deltas:  45% (15/33)
2022-10-07T13:47:45.3856852Z Resolving deltas:  48% (16/33)
2022-10-07T13:47:45.3857073Z Resolving deltas:  51% (17/33)
2022-10-07T13:47:45.3857306Z Resolving deltas:  54% (18/33)
2022-10-07T13:47:45.3857539Z Resolving deltas:  57% (19/33)
2022-10-07T13:47:45.3857756Z Resolving deltas:  60% (20/33)
2022-10-07T13:47:45.3857988Z Resolving deltas:  63% (21/33)
2022-10-07T13:47:45.3858221Z Resolving deltas:  66% (22/33)
2022-10-07T13:47:45.3858438Z Resolving deltas:  69% (23/33)
2022-10-07T13:47:45.3858670Z Resolving deltas:  72% (24/33)
2022-10-07T13:47:45.3858902Z Resolving deltas:  75% (25/33)
2022-10-07T13:47:45.3859117Z Resolving deltas:  78% (26/33)
2022-10-07T13:47:45.3859722Z Resolving deltas:  81% (27/33)
2022-10-07T13:47:45.3859959Z Resolving deltas:  84% (28/33)
2022-10-07T13:47:45.3860177Z Resolving deltas:  87% (29/33)
2022-10-07T13:47:45.3860412Z Resolving deltas:  90% (30/33)
2022-10-07T13:47:45.3860644Z Resolving deltas:  93% (31/33)
2022-10-07T13:47:45.3860861Z Resolving deltas:  96% (32/33)
2022-10-07T13:47:45.3862671Z Resolving deltas: 100% (33/33)
2022-10-07T13:47:45.3863208Z Resolving deltas: 100% (33/33), done.
2022-10-07T13:47:45.3930159Z From https://github.com/marcwrobel/jbanking
2022-10-07T13:47:45.3930902Z  * [new ref]         4b8d9bf440f0eb27c9427b00054841d61f0367a6 -> pull/204/merge
2022-10-07T13:47:45.3955250Z ##[endgroup]
2022-10-07T13:47:45.3955719Z ##[group]Determining the checkout info
2022-10-07T13:47:45.3956527Z ##[endgroup]
2022-10-07T13:47:45.3956956Z ##[group]Checking out the ref
2022-10-07T13:47:45.3960545Z [command]/usr/bin/git checkout --progress --force refs/remotes/pull/204/merge
2022-10-07T13:47:45.4063364Z Note: switching to 'refs/remotes/pull/204/merge'.
2022-10-07T13:47:45.4063808Z 
2022-10-07T13:47:45.4064217Z You are in 'detached HEAD' state. You can look around, make experimental
2022-10-07T13:47:45.4064611Z changes and commit them, and you can discard any commits you make in this
2022-10-07T13:47:45.4065093Z state without impacting any branches by switching back to a branch.
2022-10-07T13:47:45.4065387Z 
2022-10-07T13:47:45.4066020Z If you want to create a new branch to retain commits you create, you may
2022-10-07T13:47:45.4066502Z do so (now or later) by using -c with the switch command. Example:
2022-10-07T13:47:45.4066695Z 
2022-10-07T13:47:45.4066986Z   git switch -c <new-branch-name>
2022-10-07T13:47:45.4067245Z 
2022-10-07T13:47:45.4067406Z Or undo this operation with:
2022-10-07T13:47:45.4067557Z 
2022-10-07T13:47:45.4067654Z   git switch -
2022-10-07T13:47:45.4067883Z 
2022-10-07T13:47:45.4068213Z Turn off this advice by setting config variable advice.detachedHead to false
2022-10-07T13:47:45.4068435Z 
2022-10-07T13:47:45.4068763Z HEAD is now at 4b8d9bf Merge d11c76517f33a3fd6270b667fe6536da0290f15e into 9553bebfce9e68d6c52c00cb9ed3a3f4ef8767bd
2022-10-07T13:47:45.4073784Z ##[endgroup]
2022-10-07T13:47:45.4131521Z [command]/usr/bin/git log -1 --format='%H'
2022-10-07T13:47:45.4164579Z '4b8d9bf440f0eb27c9427b00054841d61f0367a6'
2022-10-07T13:47:45.4506677Z ##[group]Run actions/setup-java@a18c333f3f14249953dab3e186e5e21bf3390f1d
2022-10-07T13:47:45.4506996Z with:
2022-10-07T13:47:45.4507190Z   distribution: temurin
2022-10-07T13:47:45.4507416Z   java-version: 11
2022-10-07T13:47:45.4507623Z   cache: maven
2022-10-07T13:47:45.4507822Z   java-package: jdk
2022-10-07T13:47:45.4508041Z   architecture: x64
2022-10-07T13:47:45.4508286Z   check-latest: false
2022-10-07T13:47:45.4508488Z   server-id: github
2022-10-07T13:47:45.4508845Z   server-username: GITHUB_ACTOR
2022-10-07T13:47:45.4509105Z   server-password: GITHUB_TOKEN
2022-10-07T13:47:45.4509359Z   overwrite-settings: true
2022-10-07T13:47:45.4509589Z   job-status: success
2022-10-07T13:47:45.4509989Z   token: ***
2022-10-07T13:47:45.4510176Z ##[endgroup]
2022-10-07T13:47:45.6692782Z ##[group]Installed distributions
2022-10-07T13:47:45.6701411Z Resolved Java 11.0.16+1 from tool-cache
2022-10-07T13:47:45.6703155Z Setting Java 11.0.16+1 as the default
2022-10-07T13:47:45.6716109Z 
2022-10-07T13:47:45.6723335Z 
2022-10-07T13:47:45.6727605Z 
2022-10-07T13:47:45.6750520Z 
2022-10-07T13:47:45.6751687Z Java configuration:
2022-10-07T13:47:45.6752780Z   Distribution: temurin
2022-10-07T13:47:45.6754009Z   Version: 11.0.16+1
2022-10-07T13:47:45.6755155Z   Path: /opt/hostedtoolcache/Java_Temurin-Hotspot_jdk/11.0.16-1/x64
2022-10-07T13:47:45.6756142Z 
2022-10-07T13:47:45.6757836Z ##[endgroup]
2022-10-07T13:47:45.6791487Z Creating settings.xml with server-id: github
2022-10-07T13:47:45.6884543Z Writing to /home/runner/.m2/settings.xml
2022-10-07T13:48:18.6114216Z Received 67784768 of 76173376 (89.0%), 64.6 MBs/sec
2022-10-07T13:48:18.7226242Z Received 76173376 of 76173376 (100.0%), 65.3 MBs/sec
2022-10-07T13:48:18.7227427Z Cache Size: ~73 MB (76173376 B)
2022-10-07T13:48:18.7282874Z [command]/usr/bin/tar --use-compress-program zstd -d -xf /home/runner/work/_temp/b1695e13-d368-449d-92a7-885687a05bcf/cache.tzst -P -C /home/runner/work/jbanking/jbanking
2022-10-07T13:48:18.9532313Z Cache restored successfully
2022-10-07T13:48:18.9684184Z 
2022-10-07T13:48:18.9685454Z Cache restored from key: setup-java-Linux-maven-1a3fb748e361b11b40a6bcf876521d0ed1e3247c156c6ae2f3669b8e150fd08c
2022-10-07T13:48:18.9802824Z ##[group]Run mvn -B formatter:validate verify javadoc:jar
2022-10-07T13:48:18.9803240Z [36;1mmvn -B formatter:validate verify javadoc:jar[0m
2022-10-07T13:48:18.9859350Z shell: /usr/bin/bash -e {0}
2022-10-07T13:48:18.9860355Z env:
2022-10-07T13:48:18.9860663Z   JAVA_HOME: /opt/hostedtoolcache/Java_Temurin-Hotspot_jdk/11.0.16-1/x64
2022-10-07T13:48:18.9861056Z   JAVA_HOME_11_X64: /opt/hostedtoolcache/Java_Temurin-Hotspot_jdk/11.0.16-1/x64
2022-10-07T13:48:18.9861352Z ##[endgroup]
2022-10-07T13:48:19.3777290Z Apache Maven 3.8.6 (84538c9988a25aec085021c365c560670ad80f63)
2022-10-07T13:48:19.3778094Z Maven home: /usr/share/apache-maven-3.8.6
2022-10-07T13:48:19.3778670Z Java version: 11.0.16.1, vendor: Eclipse Adoptium, runtime: /usr/lib/jvm/temurin-11-jdk-amd64
2022-10-07T13:48:19.3779156Z Default locale: en, platform encoding: UTF-8
2022-10-07T13:48:19.3781951Z OS name: "linux", version: "5.15.0-1020-azure", arch: "amd64", family: "unix"
2022-10-07T13:48:20.3477600Z 993 [INFO] Error stacktraces are turned on.
2022-10-07T13:48:20.4067938Z 1052 [INFO] Scanning for projects...
2022-10-07T13:48:21.1594004Z 1805 [INFO] 
2022-10-07T13:48:21.1595118Z 1805 [INFO] -----------------------< fr.marcwrobel:jbanking >-----------------------
2022-10-07T13:48:21.1596031Z 1805 [INFO] Building jbanking 4.0.0-SNAPSHOT
2022-10-07T13:48:21.1596715Z 1805 [INFO] --------------------------------[ jar ]---------------------------------
2022-10-07T13:48:21.2517786Z 1897 [INFO] 
2022-10-07T13:48:21.2521680Z 1898 [INFO] --- formatter-maven-plugin:2.16.0:validate (default-cli) @ jbanking ---
2022-10-07T13:48:21.5197180Z 2165 [INFO] Using 'UTF-8' encoding to format source files.
2022-10-07T13:48:21.5275008Z 2173 [INFO] Number of files to be formatted: 83
2022-10-07T13:48:23.9116693Z 4557 [INFO] Successfully formatted:          0 file(s)
2022-10-07T13:48:23.9117045Z 4557 [INFO] Fail to format:                  0 file(s)
2022-10-07T13:48:23.9117349Z 4557 [INFO] Skipped:                         83 file(s)
2022-10-07T13:48:23.9119205Z 4557 [INFO] Read only skipped:               0 file(s)
2022-10-07T13:48:23.9122085Z 4558 [INFO] Approximate time taken:          2s
2022-10-07T13:48:23.9134289Z 4559 [INFO] 
2022-10-07T13:48:23.9137707Z 4559 [INFO] --- maven-enforcer-plugin:3.0.0:enforce (enforce-maven) @ jbanking ---
2022-10-07T13:48:24.1079062Z 4753 [INFO] 
2022-10-07T13:48:24.1079800Z 4753 [INFO] --- formatter-maven-plugin:2.16.0:format (default) @ jbanking ---
2022-10-07T13:48:24.1107044Z 4756 [INFO] Using 'UTF-8' encoding to format source files.
2022-10-07T13:48:24.1148458Z 4760 [INFO] Number of files to be formatted: 83
2022-10-07T13:48:24.1490672Z 4794 [INFO] Successfully formatted:          0 file(s)
2022-10-07T13:48:24.1491464Z 4794 [INFO] Fail to format:                  0 file(s)
2022-10-07T13:48:24.1491843Z 4794 [INFO] Skipped:                         83 file(s)
2022-10-07T13:48:24.1506391Z 4794 [INFO] Read only skipped:               0 file(s)
2022-10-07T13:48:24.1508164Z 4796 [INFO] Approximate time taken:          0s
2022-10-07T13:48:24.1511707Z 4797 [INFO] 
2022-10-07T13:48:24.1513868Z 4797 [INFO] --- maven-resources-plugin:3.2.0:resources (default-resources) @ jbanking ---
2022-10-07T13:48:24.2865272Z 4932 [INFO] Using 'UTF-8' encoding to copy filtered resources.
2022-10-07T13:48:24.2865909Z 4932 [INFO] Using 'UTF-8' encoding to copy filtered properties files.
2022-10-07T13:48:24.2896884Z 4935 [INFO] Copying 0 resource
2022-10-07T13:48:24.2900307Z 4935 [INFO] Copying 1 resource
2022-10-07T13:48:24.2963633Z 4941 [INFO] 
2022-10-07T13:48:24.2964435Z 4942 [INFO] --- flatten-maven-plugin:1.2.7:flatten (flatten) @ jbanking ---
2022-10-07T13:48:24.4707176Z 5116 [INFO] Generating flattened POM of project fr.marcwrobel:jbanking:jar:4.0.0-SNAPSHOT...
2022-10-07T13:48:24.5197317Z 5165 [INFO] 
2022-10-07T13:48:24.5198091Z 5165 [INFO] --- maven-compiler-plugin:3.10.1:compile (default-compile) @ jbanking ---
2022-10-07T13:48:24.6314593Z 5277 [INFO] Changes detected - recompiling the module!
2022-10-07T13:48:24.6378926Z 5280 [INFO] Compiling 41 source files to /home/runner/work/jbanking/jbanking/target/classes
2022-10-07T13:48:26.0140756Z 6659 [INFO] 
2022-10-07T13:48:26.0142968Z 6659 [INFO] --- maven-resources-plugin:3.2.0:testResources (default-testResources) @ jbanking ---
2022-10-07T13:48:26.0172373Z 6663 [INFO] Using 'UTF-8' encoding to copy filtered resources.
2022-10-07T13:48:26.0172879Z 6663 [INFO] Using 'UTF-8' encoding to copy filtered properties files.
2022-10-07T13:48:26.0177516Z 6663 [INFO] Copying 1 resource
2022-10-07T13:48:26.0184115Z 6664 [INFO] 
2022-10-07T13:48:26.0186150Z 6664 [INFO] --- maven-compiler-plugin:3.10.1:testCompile (default-testCompile) @ jbanking ---
2022-10-07T13:48:26.0224291Z 6668 [INFO] Changes detected - recompiling the module!
2022-10-07T13:48:26.0231028Z 6668 [INFO] Compiling 42 source files to /home/runner/work/jbanking/jbanking/target/test-classes
2022-10-07T13:48:26.9186474Z 7564 [INFO] 
2022-10-07T13:48:26.9187292Z 7564 [INFO] --- maven-surefire-plugin:2.22.2:test (default-test) @ jbanking ---
2022-10-07T13:48:27.1138241Z 7759 [INFO] Surefire report directory: /home/runner/work/jbanking/jbanking/target/surefire-reports
2022-10-07T13:48:27.2849519Z 7930 [INFO] 
2022-10-07T13:48:27.2850185Z 7930 [INFO] -------------------------------------------------------
2022-10-07T13:48:27.2850618Z 7930 [INFO]  T E S T S
2022-10-07T13:48:27.2854332Z 7930 [INFO] -------------------------------------------------------
2022-10-07T13:48:28.2610078Z 8906 [INFO] Running fr.marcwrobel.jbanking.swift.SwiftPatternTest
2022-10-07T13:48:28.3558746Z 8998 [INFO] Tests run: 12, Failures: 0, Errors: 0, Skipped: 0, Time elapsed: 0.08 s - in fr.marcwrobel.jbanking.swift.SwiftPatternTest
2022-10-07T13:48:28.3559547Z 8998 [INFO] Running fr.marcwrobel.jbanking.AgreementTest
2022-10-07T13:48:28.3699866Z 9015 [INFO] Tests run: 5, Failures: 0, Errors: 0, Skipped: 0, Time elapsed: 0.014 s - in fr.marcwrobel.jbanking.AgreementTest
2022-10-07T13:48:28.3725291Z 9018 [INFO] Running fr.marcwrobel.jbanking.bic.BicTest
2022-10-07T13:48:28.4215445Z 9066 [INFO] Tests run: 19, Failures: 0, Errors: 0, Skipped: 0, Time elapsed: 0.046 s - in fr.marcwrobel.jbanking.bic.BicTest
2022-10-07T13:48:28.4216299Z 9066 [INFO] Running fr.marcwrobel.jbanking.IsoCountryTest
2022-10-07T13:48:28.4601416Z 9105 [INFO] Tests run: 17, Failures: 0, Errors: 0, Skipped: 0, Time elapsed: 0.037 s - in fr.marcwrobel.jbanking.IsoCountryTest
2022-10-07T13:48:28.4611793Z 9107 [INFO] Running fr.marcwrobel.jbanking.calendar.MonthDayHolidayTest
2022-10-07T13:48:28.5191950Z 9164 [INFO] Tests run: 10, Failures: 0, Errors: 0, Skipped: 0, Time elapsed: 0.056 s - in fr.marcwrobel.jbanking.calendar.MonthDayHolidayTest
2022-10-07T13:48:28.5227121Z 9167 [INFO] Running fr.marcwrobel.jbanking.calendar.WeekendToMondayShiftingStrategyTest
2022-10-07T13:48:28.5354881Z 9179 [INFO] Tests run: 10, Failures: 0, Errors: 0, Skipped: 0, Time elapsed: 0.01 s - in fr.marcwrobel.jbanking.calendar.WeekendToMondayShiftingStrategyTest
2022-10-07T13:48:28.5491034Z 9194 [INFO] Running fr.marcwrobel.jbanking.calendar.ShiftedHolidayTest
2022-10-07T13:48:28.5845197Z 9230 [INFO] Tests run: 16, Failures: 0, Errors: 0, Skipped: 0, Time elapsed: 0.034 s - in fr.marcwrobel.jbanking.calendar.ShiftedHolidayTest
2022-10-07T13:48:28.5899368Z 9235 [INFO] Running fr.marcwrobel.jbanking.calendar.NewYorkStockExchangeCalendarTest
2022-10-07T13:48:29.3211417Z 9966 [INFO] Tests run: 1, Failures: 0, Errors: 0, Skipped: 0, Time elapsed: 0.73 s - in fr.marcwrobel.jbanking.calendar.NewYorkStockExchangeCalendarTest
2022-10-07T13:48:29.3223393Z 9968 [INFO] Running fr.marcwrobel.jbanking.calendar.TargetCalendarTest
2022-10-07T13:48:29.5244998Z 10169 [INFO] Tests run: 1, Failures: 0, Errors: 0, Skipped: 0, Time elapsed: 0.2 s - in fr.marcwrobel.jbanking.calendar.TargetCalendarTest
2022-10-07T13:48:29.5251928Z 10171 [INFO] Running fr.marcwrobel.jbanking.calendar.SaturdaySundayCalendarTest
2022-10-07T13:48:29.5392239Z 10183 [INFO] Tests run: 1, Failures: 0, Errors: 0, Skipped: 0, Time elapsed: 0.012 s - in fr.marcwrobel.jbanking.calendar.SaturdaySundayCalendarTest
2022-10-07T13:48:29.5428308Z 10187 [INFO] Running fr.marcwrobel.jbanking.calendar.FixedHolidayTest
2022-10-07T13:48:29.5429581Z 10188 [INFO] Tests run: 5, Failures: 0, Errors: 0, Skipped: 0, Time elapsed: 0 s - in fr.marcwrobel.jbanking.calendar.FixedHolidayTest
2022-10-07T13:48:29.5430641Z 10188 [INFO] Running fr.marcwrobel.jbanking.calendar.YearRangeHolidayTest
2022-10-07T13:48:29.5514955Z 10190 [INFO] Tests run: 3, Failures: 0, Errors: 0, Skipped: 0, Time elapsed: 0.001 s - in fr.marcwrobel.jbanking.calendar.YearRangeHolidayTest
2022-10-07T13:48:29.5608329Z 10206 [INFO] Running fr.marcwrobel.jbanking.calendar.DayOfWeekInMonthHolidayTest
2022-10-07T13:48:29.6000523Z 10244 [INFO] Tests run: 17, Failures: 0, Errors: 0, Skipped: 0, Time elapsed: 0.016 s - in fr.marcwrobel.jbanking.calendar.DayOfWeekInMonthHolidayTest
2022-10-07T13:48:29.6001203Z 10244 [INFO] Running fr.marcwrobel.jbanking.calendar.FridaySaturdayCalendarTest
2022-10-07T13:48:29.6074875Z 10247 [INFO] Tests run: 1, Failures: 0, Errors: 0, Skipped: 0, Time elapsed: 0.002 s - in fr.marcwrobel.jbanking.calendar.FridaySaturdayCalendarTest
2022-10-07T13:48:29.6079263Z 10253 [INFO] Running fr.marcwrobel.jbanking.calendar.NoHolidayCalendarTest
2022-10-07T13:48:29.6194799Z 10261 [INFO] Tests run: 2, Failures: 0, Errors: 0, Skipped: 0, Time elapsed: 0.007 s - in fr.marcwrobel.jbanking.calendar.NoHolidayCalendarTest
2022-10-07T13:48:29.6209498Z 10266 [INFO] Running fr.marcwrobel.jbanking.calendar.FollowingWeekShiftingStrategyTest
2022-10-07T13:48:29.6475014Z 10290 [INFO] Tests run: 10, Failures: 0, Errors: 0, Skipped: 0, Time elapsed: 0.004 s - in fr.marcwrobel.jbanking.calendar.FollowingWeekShiftingStrategyTest
2022-10-07T13:48:29.6475722Z 10290 [INFO] Running fr.marcwrobel.jbanking.calendar.SundayToTuesdayShiftingStrategyTest
2022-10-07T13:48:29.6476546Z 10291 [INFO] Tests run: 12, Failures: 0, Errors: 0, Skipped: 0, Time elapsed: 0 s - in fr.marcwrobel.jbanking.calendar.SundayToTuesdayShiftingStrategyTest
2022-10-07T13:48:29.6477124Z 10291 [INFO] Running fr.marcwrobel.jbanking.calendar.CalendarTest
2022-10-07T13:48:29.6628404Z 10304 [INFO] Tests run: 10, Failures: 0, Errors: 0, Skipped: 0, Time elapsed: 0.012 s - in fr.marcwrobel.jbanking.calendar.CalendarTest
2022-10-07T13:48:29.6628957Z 10304 [INFO] Running fr.marcwrobel.jbanking.calendar.MovedHolidayTest
2022-10-07T13:48:29.6695637Z 10314 [INFO] Tests run: 3, Failures: 0, Errors: 0, Skipped: 0, Time elapsed: 0.009 s - in fr.marcwrobel.jbanking.calendar.MovedHolidayTest
2022-10-07T13:48:29.6696190Z 10315 [INFO] Running fr.marcwrobel.jbanking.calendar.LondonCalendarTest
2022-10-07T13:48:29.9152202Z 10560 [INFO] Tests run: 1, Failures: 0, Errors: 0, Skipped: 0, Time elapsed: 0.246 s - in fr.marcwrobel.jbanking.calendar.LondonCalendarTest
2022-10-07T13:48:29.9157228Z 10561 [INFO] Running fr.marcwrobel.jbanking.calendar.ConfigurableCalendarTest
2022-10-07T13:48:29.9415443Z 10587 [INFO] Tests run: 14, Failures: 0, Errors: 0, Skipped: 0, Time elapsed: 0.025 s - in fr.marcwrobel.jbanking.calendar.ConfigurableCalendarTest
2022-10-07T13:48:29.9457288Z 10591 [INFO] Running fr.marcwrobel.jbanking.calendar.ParisCalendarTest
2022-10-07T13:48:30.1025452Z 10748 [INFO] Tests run: 1, Failures: 0, Errors: 0, Skipped: 0, Time elapsed: 0.156 s - in fr.marcwrobel.jbanking.calendar.ParisCalendarTest
2022-10-07T13:48:30.1029478Z 10748 [INFO] Running fr.marcwrobel.jbanking.calendar.FrankfurtCalendarTest
2022-10-07T13:48:30.2360911Z 10881 [INFO] Tests run: 1, Failures: 0, Errors: 0, Skipped: 0, Time elapsed: 0.132 s - in fr.marcwrobel.jbanking.calendar.FrankfurtCalendarTest
2022-10-07T13:48:30.2370067Z 10882 [INFO] Running fr.marcwrobel.jbanking.calendar.WesternEasterTest
2022-10-07T13:48:30.7035652Z 11336 [INFO] Tests run: 502, Failures: 0, Errors: 0, Skipped: 0, Time elapsed: 0.423 s - in fr.marcwrobel.jbanking.calendar.WesternEasterTest
2022-10-07T13:48:30.7048019Z 11350 [INFO] Running fr.marcwrobel.jbanking.calendar.NewYorkFedCalendarTest
2022-10-07T13:48:30.8606819Z 11506 [INFO] Tests run: 1, Failures: 0, Errors: 0, Skipped: 0, Time elapsed: 0.155 s - in fr.marcwrobel.jbanking.calendar.NewYorkFedCalendarTest
2022-10-07T13:48:30.8674172Z 11512 [INFO] Running fr.marcwrobel.jbanking.calendar.SuppressedHolidayTest
2022-10-07T13:48:30.8675500Z 11513 [INFO] Tests run: 11, Failures: 0, Errors: 0, Skipped: 0, Time elapsed: 0 s - in fr.marcwrobel.jbanking.calendar.SuppressedHolidayTest
2022-10-07T13:48:30.8676277Z 11513 [INFO] Running fr.marcwrobel.jbanking.calendar.ClosestWeekdayShiftingStrategyTest
2022-10-07T13:48:30.8707982Z 11516 [INFO] Tests run: 10, Failures: 0, Errors: 0, Skipped: 0, Time elapsed: 0.002 s - in fr.marcwrobel.jbanking.calendar.ClosestWeekdayShiftingStrategyTest
2022-10-07T13:48:30.8715241Z 11517 [INFO] Running fr.marcwrobel.jbanking.calendar.BridgedHolidayTest
2022-10-07T13:48:30.8787681Z 11524 [INFO] Tests run: 3, Failures: 0, Errors: 0, Skipped: 0, Time elapsed: 0.006 s - in fr.marcwrobel.jbanking.calendar.BridgedHolidayTest
2022-10-07T13:48:30.8788362Z 11524 [INFO] Running fr.marcwrobel.jbanking.calendar.TokyoCalendarTest
2022-10-07T13:48:31.2846064Z 11929 [INFO] Tests run: 1, Failures: 0, Errors: 0, Skipped: 0, Time elapsed: 0.402 s - in fr.marcwrobel.jbanking.calendar.TokyoCalendarTest
2022-10-07T13:48:31.2846817Z 11929 [INFO] Running fr.marcwrobel.jbanking.calendar.DayOfWeekHolidayTest
2022-10-07T13:48:31.2847612Z 11930 [INFO] Tests run: 3, Failures: 0, Errors: 0, Skipped: 0, Time elapsed: 0 s - in fr.marcwrobel.jbanking.calendar.DayOfWeekHolidayTest
2022-10-07T13:48:31.2848280Z 11930 [INFO] Running fr.marcwrobel.jbanking.calendar.SundayToWednesdayShiftingStrategyTest
2022-10-07T13:48:31.2995169Z 11944 [INFO] Tests run: 14, Failures: 0, Errors: 0, Skipped: 0, Time elapsed: 0.013 s - in fr.marcwrobel.jbanking.calendar.SundayToWednesdayShiftingStrategyTest
2022-10-07T13:48:31.2997471Z 11945 [INFO] Running fr.marcwrobel.jbanking.calendar.RelativeHolidayTest
2022-10-07T13:48:31.3024016Z 11948 [INFO] Tests run: 10, Failures: 0, Errors: 0, Skipped: 0, Time elapsed: 0.002 s - in fr.marcwrobel.jbanking.calendar.RelativeHolidayTest
2022-10-07T13:48:31.3075706Z 11953 [INFO] Running fr.marcwrobel.jbanking.calendar.SundayToMondayShiftingStrategyTest
2022-10-07T13:48:31.3115968Z 11955 [INFO] Tests run: 10, Failures: 0, Errors: 0, Skipped: 0, Time elapsed: 0.001 s - in fr.marcwrobel.jbanking.calendar.SundayToMondayShiftingStrategyTest
2022-10-07T13:48:31.3118024Z 11957 [INFO] Running fr.marcwrobel.jbanking.calendar.SydneyCalendarTest
2022-10-07T13:48:31.5524735Z 12198 [INFO] Tests run: 1, Failures: 0, Errors: 0, Skipped: 0, Time elapsed: 0.24 s - in fr.marcwrobel.jbanking.calendar.SydneyCalendarTest
2022-10-07T13:48:31.5526628Z 12198 [INFO] Running fr.marcwrobel.jbanking.calendar.CompositeCalendarTest
2022-10-07T13:48:31.5543447Z 12200 [INFO] Tests run: 4, Failures: 0, Errors: 0, Skipped: 0, Time elapsed: 0.001 s - in fr.marcwrobel.jbanking.calendar.CompositeCalendarTest
2022-10-07T13:48:31.5544677Z 12200 [INFO] Running fr.marcwrobel.jbanking.iban.IbanCheckDigitTest
2022-10-07T13:48:31.5921756Z 12237 [INFO] Tests run: 141, Failures: 0, Errors: 0, Skipped: 0, Time elapsed: 0.035 s - in fr.marcwrobel.jbanking.iban.IbanCheckDigitTest
2022-10-07T13:48:31.5988785Z 12244 [INFO] Running fr.marcwrobel.jbanking.iban.IbanTest
2022-10-07T13:48:31.7663433Z 12412 [INFO] Tests run: 332, Failures: 0, Errors: 0, Skipped: 0, Time elapsed: 0.164 s - in fr.marcwrobel.jbanking.iban.IbanTest
2022-10-07T13:48:31.7665948Z 12412 [INFO] Running fr.marcwrobel.jbanking.iban.BbanStructureTest
2022-10-07T13:48:31.7696847Z 12415 [INFO] Tests run: 6, Failures: 0, Errors: 0, Skipped: 0, Time elapsed: 0.002 s - in fr.marcwrobel.jbanking.iban.BbanStructureTest
2022-10-07T13:48:31.7700163Z 12415 [INFO] Running fr.marcwrobel.jbanking.IsoCurrencyTest
2022-10-07T13:48:31.7884667Z 12434 [INFO] Tests run: 13, Failures: 0, Errors: 0, Skipped: 0, Time elapsed: 0.018 s - in fr.marcwrobel.jbanking.IsoCurrencyTest
2022-10-07T13:48:31.7885416Z 12434 [INFO] Running fr.marcwrobel.jbanking.creditor.CreditorIdentifierTest
2022-10-07T13:48:31.8405141Z 12486 [INFO] Tests run: 159, Failures: 0, Errors: 0, Skipped: 0, Time elapsed: 0.05 s - in fr.marcwrobel.jbanking.creditor.CreditorIdentifierTest
2022-10-07T13:48:32.2021523Z 12847 [INFO] 
2022-10-07T13:48:32.2022175Z 12847 [INFO] Results:
2022-10-07T13:48:32.2022962Z 12848 [INFO] 
2022-10-07T13:48:32.2023393Z 12848 [INFO] Tests run: 1393, Failures: 0, Errors: 0, Skipped: 0
2022-10-07T13:48:32.2023702Z 12848 [INFO] 
2022-10-07T13:48:32.2103475Z 12856 [INFO] 
2022-10-07T13:48:32.2104784Z 12856 [INFO] --- maven-jar-plugin:3.2.2:jar (default-jar) @ jbanking ---
2022-10-07T13:48:32.4705621Z 13116 [INFO] Building jar: /home/runner/work/jbanking/jbanking/target/jbanking-4.0.0-SNAPSHOT.jar
2022-10-07T13:48:32.5273663Z 13173 [INFO] 
2022-10-07T13:48:33.0459304Z 13173 [INFO] --- maven-javadoc-plugin:3.4.0:jar (default-cli) @ jbanking ---
2022-10-07T13:48:33.0459813Z 13690 [INFO] No previous run data found, generating javadoc.
2022-10-07T13:48:35.6982133Z 16343 [INFO] 
2022-10-07T13:48:35.6982605Z Loading source files for package fr.marcwrobel.jbanking...
2022-10-07T13:48:35.6983015Z Loading source files for package fr.marcwrobel.jbanking.swift...
2022-10-07T13:48:35.6983474Z Loading source files for package fr.marcwrobel.jbanking.bic...
2022-10-07T13:48:35.6983950Z Loading source files for package fr.marcwrobel.jbanking.internal...
2022-10-07T13:48:35.6984472Z Loading source files for package fr.marcwrobel.jbanking.calendar...
2022-10-07T13:48:35.6984936Z Loading source files for package fr.marcwrobel.jbanking.iban...
2022-10-07T13:48:35.6985349Z Loading source files for package fr.marcwrobel.jbanking.creditor...
2022-10-07T13:48:35.6985765Z Constructing Javadoc information...
2022-10-07T13:48:35.6986130Z Standard Doclet version 11.0.16.1
2022-10-07T13:48:35.6986485Z Building tree for all the packages and classes...
2022-10-07T13:48:35.6986951Z Generating /home/runner/work/jbanking/jbanking/target/apidocs/fr/marcwrobel/jbanking/Agreement.html...
2022-10-07T13:48:35.6987508Z Generating /home/runner/work/jbanking/jbanking/target/apidocs/fr/marcwrobel/jbanking/IsoCountry.html...
2022-10-07T13:48:35.6987998Z Generating /home/runner/work/jbanking/jbanking/target/apidocs/fr/marcwrobel/jbanking/IsoCurrency.html...
2022-10-07T13:48:35.6988584Z Generating /home/runner/work/jbanking/jbanking/target/apidocs/fr/marcwrobel/jbanking/IsoCurrency.Category.html...
2022-10-07T13:48:35.6989348Z Generating /home/runner/work/jbanking/jbanking/target/apidocs/fr/marcwrobel/jbanking/bic/Bic.html...
2022-10-07T13:48:35.6989919Z Generating /home/runner/work/jbanking/jbanking/target/apidocs/fr/marcwrobel/jbanking/bic/BicFormatException.html...
2022-10-07T13:48:35.6990529Z Generating /home/runner/work/jbanking/jbanking/target/apidocs/fr/marcwrobel/jbanking/calendar/BridgedHoliday.html...
2022-10-07T13:48:35.6991132Z Generating /home/runner/work/jbanking/jbanking/target/apidocs/fr/marcwrobel/jbanking/calendar/Calendar.html...
2022-10-07T13:48:35.6991711Z Generating /home/runner/work/jbanking/jbanking/target/apidocs/fr/marcwrobel/jbanking/calendar/CompositeCalendar.html...
2022-10-07T13:48:35.6992322Z Generating /home/runner/work/jbanking/jbanking/target/apidocs/fr/marcwrobel/jbanking/calendar/ConfigurableCalendar.html...
2022-10-07T13:48:35.6992889Z Generating /home/runner/work/jbanking/jbanking/target/apidocs/fr/marcwrobel/jbanking/calendar/DateCalculationException.html...
2022-10-07T13:48:35.6993818Z Generating /home/runner/work/jbanking/jbanking/target/apidocs/fr/marcwrobel/jbanking/calendar/DayOfWeekHoliday.html...
2022-10-07T13:48:35.6994425Z Generating /home/runner/work/jbanking/jbanking/target/apidocs/fr/marcwrobel/jbanking/calendar/DayOfWeekInMonthHoliday.html...
2022-10-07T13:48:35.6995053Z Generating /home/runner/work/jbanking/jbanking/target/apidocs/fr/marcwrobel/jbanking/calendar/FinancialCalendars.html...
2022-10-07T13:48:35.6995643Z Generating /home/runner/work/jbanking/jbanking/target/apidocs/fr/marcwrobel/jbanking/calendar/FixedHoliday.html...
2022-10-07T13:48:35.6996339Z Generating /home/runner/work/jbanking/jbanking/target/apidocs/fr/marcwrobel/jbanking/calendar/Holiday.html...
2022-10-07T13:48:35.6997225Z Generating /home/runner/work/jbanking/jbanking/target/apidocs/fr/marcwrobel/jbanking/calendar/MonthDayHoliday.html...
2022-10-07T13:48:35.6997897Z Generating /home/runner/work/jbanking/jbanking/target/apidocs/fr/marcwrobel/jbanking/calendar/MovedHoliday.html...
2022-10-07T13:48:35.6998559Z Generating /home/runner/work/jbanking/jbanking/target/apidocs/fr/marcwrobel/jbanking/calendar/RelativeHoliday.html...
2022-10-07T13:48:35.6999159Z Generating /home/runner/work/jbanking/jbanking/target/apidocs/fr/marcwrobel/jbanking/calendar/ShiftedHoliday.html...
2022-10-07T13:48:35.6999862Z Generating /home/runner/work/jbanking/jbanking/target/apidocs/fr/marcwrobel/jbanking/calendar/ShiftingStrategy.html...
2022-10-07T13:48:35.7000575Z Generating /home/runner/work/jbanking/jbanking/target/apidocs/fr/marcwrobel/jbanking/calendar/SuppressedHoliday.html...
2022-10-07T13:48:35.7001245Z Generating /home/runner/work/jbanking/jbanking/target/apidocs/fr/marcwrobel/jbanking/calendar/WesternEaster.html...
2022-10-07T13:48:35.7001924Z Generating /home/runner/work/jbanking/jbanking/target/apidocs/fr/marcwrobel/jbanking/calendar/YearRangeHoliday.html...
2022-10-07T13:48:35.7002627Z Generating /home/runner/work/jbanking/jbanking/target/apidocs/fr/marcwrobel/jbanking/creditor/CreditorIdentifier.html...
2022-10-07T13:48:35.7003357Z Generating /home/runner/work/jbanking/jbanking/target/apidocs/fr/marcwrobel/jbanking/creditor/CreditorIdentifierFormatException.html...
2022-10-07T13:48:35.7004034Z Generating /home/runner/work/jbanking/jbanking/target/apidocs/fr/marcwrobel/jbanking/iban/Iban.html...
2022-10-07T13:48:35.7004660Z Generating /home/runner/work/jbanking/jbanking/target/apidocs/fr/marcwrobel/jbanking/iban/IbanCheckDigit.html...
2022-10-07T13:48:35.7005361Z Generating /home/runner/work/jbanking/jbanking/target/apidocs/fr/marcwrobel/jbanking/iban/IbanFormatException.html...
2022-10-07T13:48:35.7006024Z Generating /home/runner/work/jbanking/jbanking/target/apidocs/fr/marcwrobel/jbanking/internal/AsciiCharacters.html...
2022-10-07T13:48:35.7006695Z Generating /home/runner/work/jbanking/jbanking/target/apidocs/fr/marcwrobel/jbanking/internal/LastVerification.html...
2022-10-07T13:48:35.7007297Z Generating /home/runner/work/jbanking/jbanking/target/apidocs/fr/marcwrobel/jbanking/swift/SwiftPattern.html...
2022-10-07T13:48:35.7008127Z Generating /home/runner/work/jbanking/jbanking/target/apidocs/fr/marcwrobel/jbanking/swift/SwiftPatternSyntaxException.html...
2022-10-07T13:48:35.7009134Z Generating /home/runner/work/jbanking/jbanking/target/apidocs/fr/marcwrobel/jbanking/package-summary.html...
2022-10-07T13:48:35.7009897Z Generating /home/runner/work/jbanking/jbanking/target/apidocs/fr/marcwrobel/jbanking/package-tree.html...
2022-10-07T13:48:35.7010663Z Generating /home/runner/work/jbanking/jbanking/target/apidocs/fr/marcwrobel/jbanking/bic/package-summary.html...
2022-10-07T13:48:35.7011480Z Generating /home/runner/work/jbanking/jbanking/target/apidocs/fr/marcwrobel/jbanking/bic/package-tree.html...
2022-10-07T13:48:35.7012257Z Generating /home/runner/work/jbanking/jbanking/target/apidocs/fr/marcwrobel/jbanking/calendar/package-summary.html...
2022-10-07T13:48:35.7013037Z Generating /home/runner/work/jbanking/jbanking/target/apidocs/fr/marcwrobel/jbanking/calendar/package-tree.html...
2022-10-07T13:48:35.7013853Z Generating /home/runner/work/jbanking/jbanking/target/apidocs/fr/marcwrobel/jbanking/creditor/package-summary.html...
2022-10-07T13:48:35.7014675Z Generating /home/runner/work/jbanking/jbanking/target/apidocs/fr/marcwrobel/jbanking/creditor/package-tree.html...
2022-10-07T13:48:35.7015445Z Generating /home/runner/work/jbanking/jbanking/target/apidocs/fr/marcwrobel/jbanking/iban/package-summary.html...
2022-10-07T13:48:35.7016204Z Generating /home/runner/work/jbanking/jbanking/target/apidocs/fr/marcwrobel/jbanking/iban/package-tree.html...
2022-10-07T13:48:35.7017011Z Generating /home/runner/work/jbanking/jbanking/target/apidocs/fr/marcwrobel/jbanking/internal/package-summary.html...
2022-10-07T13:48:35.7017861Z Generating /home/runner/work/jbanking/jbanking/target/apidocs/fr/marcwrobel/jbanking/internal/package-tree.html...
2022-10-07T13:48:35.7018636Z Generating /home/runner/work/jbanking/jbanking/target/apidocs/fr/marcwrobel/jbanking/swift/package-summary.html...
2022-10-07T13:48:35.7019417Z Generating /home/runner/work/jbanking/jbanking/target/apidocs/fr/marcwrobel/jbanking/swift/package-tree.html...
2022-10-07T13:48:35.7020137Z Generating /home/runner/work/jbanking/jbanking/target/apidocs/constant-values.html...
2022-10-07T13:48:35.7020862Z Generating /home/runner/work/jbanking/jbanking/target/apidocs/serialized-form.html...
2022-10-07T13:48:35.7021610Z Generating /home/runner/work/jbanking/jbanking/target/apidocs/fr/marcwrobel/jbanking/class-use/IsoCurrency.html...
2022-10-07T13:48:35.7022411Z Generating /home/runner/work/jbanking/jbanking/target/apidocs/fr/marcwrobel/jbanking/class-use/IsoCurrency.Category.html...
2022-10-07T13:48:35.7023211Z Generating /home/runner/work/jbanking/jbanking/target/apidocs/fr/marcwrobel/jbanking/class-use/Agreement.html...
2022-10-07T13:48:35.7024008Z Generating /home/runner/work/jbanking/jbanking/target/apidocs/fr/marcwrobel/jbanking/class-use/IsoCountry.html...
2022-10-07T13:48:35.7024851Z Generating /home/runner/work/jbanking/jbanking/target/apidocs/fr/marcwrobel/jbanking/swift/class-use/SwiftPatternSyntaxException.html...
2022-10-07T13:48:35.7025692Z Generating /home/runner/work/jbanking/jbanking/target/apidocs/fr/marcwrobel/jbanking/swift/class-use/SwiftPattern.html...
2022-10-07T13:48:35.7026430Z Generating /home/runner/work/jbanking/jbanking/target/apidocs/fr/marcwrobel/jbanking/bic/class-use/Bic.html...
2022-10-07T13:48:35.7027278Z Generating /home/runner/work/jbanking/jbanking/target/apidocs/fr/marcwrobel/jbanking/bic/class-use/BicFormatException.html...
2022-10-07T13:48:35.7028111Z Generating /home/runner/work/jbanking/jbanking/target/apidocs/fr/marcwrobel/jbanking/internal/class-use/LastVerification.html...
2022-10-07T13:48:35.7028951Z Generating /home/runner/work/jbanking/jbanking/target/apidocs/fr/marcwrobel/jbanking/internal/class-use/AsciiCharacters.html...
2022-10-07T13:48:35.7029761Z Generating /home/runner/work/jbanking/jbanking/target/apidocs/fr/marcwrobel/jbanking/calendar/class-use/Holiday.html...
2022-10-07T13:48:35.7030604Z Generating /home/runner/work/jbanking/jbanking/target/apidocs/fr/marcwrobel/jbanking/calendar/class-use/ShiftingStrategy.html...
2022-10-07T13:48:35.7031524Z Generating /home/runner/work/jbanking/jbanking/target/apidocs/fr/marcwrobel/jbanking/calendar/class-use/MovedHoliday.html...
2022-10-07T13:48:35.7032341Z Generating /home/runner/work/jbanking/jbanking/target/apidocs/fr/marcwrobel/jbanking/calendar/class-use/CompositeCalendar.html...
2022-10-07T13:48:35.7074802Z Generating /home/runner/work/jbanking/jbanking/target/apidocs/fr/marcwrobel/jbanking/calendar/class-use/RelativeHoliday.html...
2022-10-07T13:48:35.7075999Z Generating /home/runner/work/jbanking/jbanking/target/apidocs/fr/marcwrobel/jbanking/calendar/class-use/SuppressedHoliday.html...
2022-10-07T13:48:35.7076805Z Generating /home/runner/work/jbanking/jbanking/target/apidocs/fr/marcwrobel/jbanking/calendar/class-use/ConfigurableCalendar.html...
2022-10-07T13:48:35.7077570Z Generating /home/runner/work/jbanking/jbanking/target/apidocs/fr/marcwrobel/jbanking/calendar/class-use/MonthDayHoliday.html...
2022-10-07T13:48:35.7078371Z Generating /home/runner/work/jbanking/jbanking/target/apidocs/fr/marcwrobel/jbanking/calendar/class-use/YearRangeHoliday.html...
2022-10-07T13:48:35.7079047Z Generating /home/runner/work/jbanking/jbanking/target/apidocs/fr/marcwrobel/jbanking/calendar/class-use/Calendar.html...
2022-10-07T13:48:35.7079787Z Generating /home/runner/work/jbanking/jbanking/target/apidocs/fr/marcwrobel/jbanking/calendar/class-use/ShiftedHoliday.html...
2022-10-07T13:48:35.7080519Z Generating /home/runner/work/jbanking/jbanking/target/apidocs/fr/marcwrobel/jbanking/calendar/class-use/BridgedHoliday.html...
2022-10-07T13:48:35.7081446Z Generating /home/runner/work/jbanking/jbanking/target/apidocs/fr/marcwrobel/jbanking/calendar/class-use/FinancialCalendars.html...
2022-10-07T13:48:35.7082272Z Generating /home/runner/work/jbanking/jbanking/target/apidocs/fr/marcwrobel/jbanking/calendar/class-use/DayOfWeekInMonthHoliday.html...
2022-10-07T13:48:35.7083051Z Generating /home/runner/work/jbanking/jbanking/target/apidocs/fr/marcwrobel/jbanking/calendar/class-use/DayOfWeekHoliday.html...
2022-10-07T13:48:35.7083832Z Generating /home/runner/work/jbanking/jbanking/target/apidocs/fr/marcwrobel/jbanking/calendar/class-use/DateCalculationException.html...
2022-10-07T13:48:35.7084581Z Generating /home/runner/work/jbanking/jbanking/target/apidocs/fr/marcwrobel/jbanking/calendar/class-use/WesternEaster.html...
2022-10-07T13:48:35.7085288Z Generating /home/runner/work/jbanking/jbanking/target/apidocs/fr/marcwrobel/jbanking/calendar/class-use/FixedHoliday.html...
2022-10-07T13:48:35.7086021Z Generating /home/runner/work/jbanking/jbanking/target/apidocs/fr/marcwrobel/jbanking/iban/class-use/IbanCheckDigit.html...
2022-10-07T13:48:35.7086755Z Generating /home/runner/work/jbanking/jbanking/target/apidocs/fr/marcwrobel/jbanking/iban/class-use/IbanFormatException.html...
2022-10-07T13:48:35.7087459Z Generating /home/runner/work/jbanking/jbanking/target/apidocs/fr/marcwrobel/jbanking/iban/class-use/Iban.html...
2022-10-07T13:48:35.7088285Z Generating /home/runner/work/jbanking/jbanking/target/apidocs/fr/marcwrobel/jbanking/creditor/class-use/CreditorIdentifierFormatException.html...
2022-10-07T13:48:35.7089087Z Generating /home/runner/work/jbanking/jbanking/target/apidocs/fr/marcwrobel/jbanking/creditor/class-use/CreditorIdentifier.html...
2022-10-07T13:48:35.7089779Z Generating /home/runner/work/jbanking/jbanking/target/apidocs/fr/marcwrobel/jbanking/package-use.html...
2022-10-07T13:48:35.7090434Z Generating /home/runner/work/jbanking/jbanking/target/apidocs/fr/marcwrobel/jbanking/bic/package-use.html...
2022-10-07T13:48:35.7091061Z Generating /home/runner/work/jbanking/jbanking/target/apidocs/fr/marcwrobel/jbanking/calendar/package-use.html...
2022-10-07T13:48:35.7091780Z Generating /home/runner/work/jbanking/jbanking/target/apidocs/fr/marcwrobel/jbanking/creditor/package-use.html...
2022-10-07T13:48:35.7092450Z Generating /home/runner/work/jbanking/jbanking/target/apidocs/fr/marcwrobel/jbanking/iban/package-use.html...
2022-10-07T13:48:35.7093227Z Generating /home/runner/work/jbanking/jbanking/target/apidocs/fr/marcwrobel/jbanking/internal/package-use.html...
2022-10-07T13:48:35.7093904Z Generating /home/runner/work/jbanking/jbanking/target/apidocs/fr/marcwrobel/jbanking/swift/package-use.html...
2022-10-07T13:48:35.7094407Z Building index for all the packages and classes...
2022-10-07T13:48:35.7094949Z Generating /home/runner/work/jbanking/jbanking/target/apidocs/overview-tree.html...
2022-10-07T13:48:35.7095469Z Generating /home/runner/work/jbanking/jbanking/target/apidocs/index-all.html...
2022-10-07T13:48:35.7095866Z Building index for all classes...
2022-10-07T13:48:35.7096430Z Generating /home/runner/work/jbanking/jbanking/target/apidocs/allclasses-index.html...
2022-10-07T13:48:35.7097033Z Generating /home/runner/work/jbanking/jbanking/target/apidocs/allpackages-index.html...
2022-10-07T13:48:35.7097625Z Generating /home/runner/work/jbanking/jbanking/target/apidocs/deprecated-list.html...
2022-10-07T13:48:35.7098047Z Building index for all classes...
2022-10-07T13:48:35.7098409Z Generating /home/runner/work/jbanking/jbanking/target/apidocs/allclasses.html...
2022-10-07T13:48:35.7098913Z Generating /home/runner/work/jbanking/jbanking/target/apidocs/allclasses.html...
2022-10-07T13:48:35.7099371Z Generating /home/runner/work/jbanking/jbanking/target/apidocs/index.html...
2022-10-07T13:48:35.7099955Z Generating /home/runner/work/jbanking/jbanking/target/apidocs/overview-summary.html...
2022-10-07T13:48:35.7100544Z Generating /home/runner/work/jbanking/jbanking/target/apidocs/help-doc.html...
2022-10-07T13:48:35.7100933Z 1 warning
2022-10-07T13:48:35.7101251Z 16349 [WARNING] Javadoc Warnings
2022-10-07T13:48:35.7101726Z 16349 [WARNING] javadoc: warning - invalid usage of tag &rule_key
2022-10-07T13:48:35.7341267Z 16379 [INFO] Building jar: /home/runner/work/jbanking/jbanking/target/jbanking-4.0.0-SNAPSHOT-javadoc.jar
2022-10-07T13:48:35.8909401Z 16536 [INFO] ------------------------------------------------------------------------
2022-10-07T13:48:35.8910049Z 16536 [INFO] BUILD SUCCESS
2022-10-07T13:48:35.8910835Z 16536 [INFO] ------------------------------------------------------------------------
2022-10-07T13:48:35.8947795Z 16540 [INFO] Total time:  15.512 s
2022-10-07T13:48:35.8951648Z 16541 [INFO] Finished at: 2022-10-07T13:48:35Z
2022-10-07T13:48:35.8953686Z 16541 [INFO] ------------------------------------------------------------------------
2022-10-07T13:48:35.9440158Z Post job cleanup.
2022-10-07T13:48:36.1194906Z Cache hit occurred on the primary key setup-java-Linux-maven-1a3fb748e361b11b40a6bcf876521d0ed1e3247c156c6ae2f3669b8e150fd08c, not saving cache.
2022-10-07T13:48:36.1292820Z Post job cleanup.
2022-10-07T13:48:36.2606246Z [command]/usr/bin/git version
2022-10-07T13:48:36.2657196Z git version 2.37.3
2022-10-07T13:48:36.2703513Z Temporarily overriding HOME='/home/runner/work/_temp/1b39b433-8077-4f0a-aa6d-801535769ac0' before making global git config changes
2022-10-07T13:48:36.2704477Z Adding repository directory to the temporary git global config as a safe directory
2022-10-07T13:48:36.2709264Z [command]/usr/bin/git config --global --add safe.directory /home/runner/work/jbanking/jbanking
2022-10-07T13:48:36.2752791Z [command]/usr/bin/git config --local --name-only --get-regexp core\.sshCommand
2022-10-07T13:48:36.2791451Z [command]/usr/bin/git submodule foreach --recursive git config --local --name-only --get-regexp 'core\.sshCommand' && git config --local --unset-all 'core.sshCommand' || :
2022-10-07T13:48:36.3062323Z [command]/usr/bin/git config --local --name-only --get-regexp http\.https\:\/\/github\.com\/\.extraheader
2022-10-07T13:48:36.3098375Z http.https://github.com/.extraheader
2022-10-07T13:48:36.3110632Z [command]/usr/bin/git config --local --unset-all http.https://github.com/.extraheader
2022-10-07T13:48:36.3154446Z [command]/usr/bin/git submodule foreach --recursive git config --local --name-only --get-regexp 'http\.https\:\/\/github\.com\/\.extraheader' && git config --local --unset-all 'http.https://github.com/.extraheader' || :
2022-10-07T13:48:36.3647019Z Cleaning up orphan processes
