2022-10-07T13:47:35.2870864Z Requested labels: ubuntu-latest
2022-10-07T13:47:35.2870920Z Job defined at: marcwrobel/jbanking/.github/workflows/build.yml@refs/pull/204/merge
2022-10-07T13:47:35.2870942Z Waiting for a runner to pick up this job...
2022-10-07T13:47:37.4809429Z Job is waiting for a hosted runner to come online.
2022-10-07T13:47:38.1679934Z Job is about to start running on the hosted runner: GitHub Actions 4 (hosted)
2022-10-07T13:47:41.4487604Z Current runner version: '2.297.0'
2022-10-07T13:47:41.4511630Z ##[group]Operating System
2022-10-07T13:47:41.4512146Z Ubuntu
2022-10-07T13:47:41.4512367Z 20.04.5
2022-10-07T13:47:41.4512698Z LTS
2022-10-07T13:47:41.4512973Z ##[endgroup]
2022-10-07T13:47:41.4513224Z ##[group]Runner Image
2022-10-07T13:47:41.4513568Z Image: ubuntu-20.04
2022-10-07T13:47:41.4513872Z Version: 20221002.2
2022-10-07T13:47:41.4514338Z Included Software: https://github.com/actions/runner-images/blob/ubuntu20/20221002.2/images/linux/Ubuntu2004-Readme.md
2022-10-07T13:47:41.4514935Z Image Release: https://github.com/actions/runner-images/releases/tag/ubuntu20%2F20221002.2
2022-10-07T13:47:41.4515359Z ##[endgroup]
2022-10-07T13:47:41.4515655Z ##[group]Runner Image Provisioner
2022-10-07T13:47:41.4515988Z 1.0.0.0-main-20220916-1
2022-10-07T13:47:41.4516306Z ##[endgroup]
2022-10-07T13:47:41.4516858Z ##[group]GITHUB_TOKEN Permissions
2022-10-07T13:47:41.4517354Z Contents: read
2022-10-07T13:47:41.4517808Z Metadata: read
2022-10-07T13:47:41.4518104Z ##[endgroup]
2022-10-07T13:47:41.4521635Z Secret source: Actions
2022-10-07T13:47:41.4522080Z Prepare workflow directory
2022-10-07T13:47:41.5366059Z Prepare all required actions
2022-10-07T13:47:41.5548948Z Getting action download info
2022-10-07T13:47:41.7831972Z Download action repository 'actions/checkout@93ea575cb5d8a053eaa0ac8fa3b40d7e05a33cc8' (SHA:93ea575cb5d8a053eaa0ac8fa3b40d7e05a33cc8)
2022-10-07T13:47:42.0724067Z Download action repository 'actions/setup-java@a18c333f3f14249953dab3e186e5e21bf3390f1d' (SHA:a18c333f3f14249953dab3e186e5e21bf3390f1d)
2022-10-07T13:47:42.5657424Z ##[group]Run actions/checkout@93ea575cb5d8a053eaa0ac8fa3b40d7e05a33cc8
2022-10-07T13:47:42.5657821Z with:
2022-10-07T13:47:42.5658071Z   repository: marcwrobel/jbanking
2022-10-07T13:47:42.5658572Z   token: ***
2022-10-07T13:47:42.5658792Z   ssh-strict: true
2022-10-07T13:47:42.5659051Z   persist-credentials: true
2022-10-07T13:47:42.5659300Z   clean: true
2022-10-07T13:47:42.5659507Z   fetch-depth: 1
2022-10-07T13:47:42.5659738Z   lfs: false
2022-10-07T13:47:42.5659956Z   submodules: false
2022-10-07T13:47:42.5660196Z   set-safe-directory: true
2022-10-07T13:47:42.5660441Z ##[endgroup]
2022-10-07T13:47:42.7990218Z Syncing repository: marcwrobel/jbanking
2022-10-07T13:47:42.7991991Z ##[group]Getting Git version info
2022-10-07T13:47:42.7992539Z Working directory is '/home/runner/work/jbanking/jbanking'
2022-10-07T13:47:42.7993106Z [command]/usr/bin/git version
2022-10-07T13:47:42.8104471Z git version 2.37.3
2022-10-07T13:47:42.8105449Z ##[endgroup]
2022-10-07T13:47:42.8121169Z Temporarily overriding HOME='/home/runner/work/_temp/8b0664bf-c00f-41f4-bb34-29f6bca267a7' before making global git config changes
2022-10-07T13:47:42.8121718Z Adding repository directory to the temporary git global config as a safe directory
2022-10-07T13:47:42.8122288Z [command]/usr/bin/git config --global --add safe.directory /home/runner/work/jbanking/jbanking
2022-10-07T13:47:42.8159565Z Deleting the contents of '/home/runner/work/jbanking/jbanking'
2022-10-07T13:47:42.8164714Z ##[group]Initializing the repository
2022-10-07T13:47:42.8168273Z [command]/usr/bin/git init /home/runner/work/jbanking/jbanking
2022-10-07T13:47:42.8216909Z hint: Using 'master' as the name for the initial branch. This default branch name
2022-10-07T13:47:42.8217537Z hint: is subject to change. To configure the initial branch name to use in all
2022-10-07T13:47:42.8218086Z hint: of your new repositories, which will suppress this warning, call:
2022-10-07T13:47:42.8218492Z hint: 
2022-10-07T13:47:42.8218959Z hint: 	git config --global init.defaultBranch <name>
2022-10-07T13:47:42.8219352Z hint: 
2022-10-07T13:47:42.8219854Z hint: Names commonly chosen instead of 'master' are 'main', 'trunk' and
2022-10-07T13:47:42.8220442Z hint: 'development'. The just-created branch can be renamed via this command:
2022-10-07T13:47:42.8220840Z hint: 
2022-10-07T13:47:42.8221251Z hint: 	git branch -m <name>
2022-10-07T13:47:42.8230439Z Initialized empty Git repository in /home/runner/work/jbanking/jbanking/.git/
2022-10-07T13:47:42.8240468Z [command]/usr/bin/git remote add origin https://github.com/marcwrobel/jbanking
2022-10-07T13:47:42.8276607Z ##[endgroup]
2022-10-07T13:47:42.8277324Z ##[group]Disabling automatic garbage collection
2022-10-07T13:47:42.8280702Z [command]/usr/bin/git config --local gc.auto 0
2022-10-07T13:47:42.8309239Z ##[endgroup]
2022-10-07T13:47:42.8311112Z ##[group]Setting up auth
2022-10-07T13:47:42.8317436Z [command]/usr/bin/git config --local --name-only --get-regexp core\.sshCommand
2022-10-07T13:47:42.8348487Z [command]/usr/bin/git submodule foreach --recursive git config --local --name-only --get-regexp 'core\.sshCommand' && git config --local --unset-all 'core.sshCommand' || :
2022-10-07T13:47:42.8675604Z [command]/usr/bin/git config --local --name-only --get-regexp http\.https\:\/\/github\.com\/\.extraheader
2022-10-07T13:47:42.8705053Z [command]/usr/bin/git submodule foreach --recursive git config --local --name-only --get-regexp 'http\.https\:\/\/github\.com\/\.extraheader' && git config --local --unset-all 'http.https://github.com/.extraheader' || :
2022-10-07T13:47:42.8916746Z [command]/usr/bin/git config --local http.https://github.com/.extraheader AUTHORIZATION: basic ***
2022-10-07T13:47:42.8955079Z ##[endgroup]
2022-10-07T13:47:42.8955714Z ##[group]Fetching the repository
2022-10-07T13:47:42.8961331Z [command]/usr/bin/git -c protocol.version=2 fetch --no-tags --prune --progress --no-recurse-submodules --depth=1 origin +4b8d9bf440f0eb27c9427b00054841d61f0367a6:refs/remotes/pull/204/merge
2022-10-07T13:47:43.0937179Z remote: Enumerating objects: 154, done.        
2022-10-07T13:47:43.0941780Z remote: Counting objects:   0% (1/154)        
2022-10-07T13:47:43.0942220Z remote: Counting objects:   1% (2/154)        
2022-10-07T13:47:43.0943535Z remote: Counting objects:   2% (4/154)        
2022-10-07T13:47:43.0945190Z remote: Counting objects:   3% (5/154)        
2022-10-07T13:47:43.0946878Z remote: Counting objects:   4% (7/154)        
2022-10-07T13:47:43.0949194Z remote: Counting objects:   5% (8/154)        
2022-10-07T13:47:43.0951318Z remote: Counting objects:   6% (10/154)        
2022-10-07T13:47:43.0954619Z remote: Counting objects:   7% (11/154)        
2022-10-07T13:47:43.0955381Z remote: Counting objects:   8% (13/154)        
2022-10-07T13:47:43.0957827Z remote: Counting objects:   9% (14/154)        
2022-10-07T13:47:43.0958249Z remote: Counting objects:  10% (16/154)        
2022-10-07T13:47:43.0958659Z remote: Counting objects:  11% (17/154)        
2022-10-07T13:47:43.0960602Z remote: Counting objects:  12% (19/154)        
2022-10-07T13:47:43.0961004Z remote: Counting objects:  13% (21/154)        
2022-10-07T13:47:43.0961457Z remote: Counting objects:  14% (22/154)        
2022-10-07T13:47:43.0965884Z remote: Counting objects:  15% (24/154)        
2022-10-07T13:47:43.0967556Z remote: Counting objects:  16% (25/154)        
2022-10-07T13:47:43.0967921Z remote: Counting objects:  17% (27/154)        
2022-10-07T13:47:43.0968742Z remote: Counting objects:  18% (28/154)        
2022-10-07T13:47:43.0969291Z remote: Counting objects:  19% (30/154)        
2022-10-07T13:47:43.0969806Z remote: Counting objects:  20% (31/154)        
2022-10-07T13:47:43.0970706Z remote: Counting objects:  21% (33/154)        
2022-10-07T13:47:43.0971225Z remote: Counting objects:  22% (34/154)        
2022-10-07T13:47:43.0971738Z remote: Counting objects:  23% (36/154)        
2022-10-07T13:47:43.0972460Z remote: Counting objects:  24% (37/154)        
2022-10-07T13:47:43.0973004Z remote: Counting objects:  25% (39/154)        
2022-10-07T13:47:43.0973525Z remote: Counting objects:  26% (41/154)        
2022-10-07T13:47:43.0974331Z remote: Counting objects:  27% (42/154)        
2022-10-07T13:47:43.0974927Z remote: Counting objects:  28% (44/154)        
2022-10-07T13:47:43.0975744Z remote: Counting objects:  29% (45/154)        
2022-10-07T13:47:43.0976198Z remote: Counting objects:  30% (47/154)        
2022-10-07T13:47:43.0976707Z remote: Counting objects:  31% (48/154)        
2022-10-07T13:47:43.0977700Z remote: Counting objects:  32% (50/154)        
2022-10-07T13:47:43.0978225Z remote: Counting objects:  33% (51/154)        
2022-10-07T13:47:43.0978731Z remote: Counting objects:  34% (53/154)        
2022-10-07T13:47:43.0979233Z remote: Counting objects:  35% (54/154)        
2022-10-07T13:47:43.0981117Z remote: Counting objects:  36% (56/154)        
2022-10-07T13:47:43.0982318Z remote: Counting objects:  37% (57/154)        
2022-10-07T13:47:43.0982707Z remote: Counting objects:  38% (59/154)        
2022-10-07T13:47:43.0982967Z remote: Counting objects:  39% (61/154)        
2022-10-07T13:47:43.0983226Z remote: Counting objects:  40% (62/154)        
2022-10-07T13:47:43.0984254Z remote: Counting objects:  41% (64/154)        
2022-10-07T13:47:43.0984524Z remote: Counting objects:  42% (65/154)        
2022-10-07T13:47:43.0984787Z remote: Counting objects:  43% (67/154)        
2022-10-07T13:47:43.0985035Z remote: Counting objects:  44% (68/154)        
2022-10-07T13:47:43.0985304Z remote: Counting objects:  45% (70/154)        
2022-10-07T13:47:43.0985569Z remote: Counting objects:  46% (71/154)        
2022-10-07T13:47:43.0985817Z remote: Counting objects:  47% (73/154)        
2022-10-07T13:47:43.0986077Z remote: Counting objects:  48% (74/154)        
2022-10-07T13:47:43.0986336Z remote: Counting objects:  49% (76/154)        
2022-10-07T13:47:43.0986585Z remote: Counting objects:  50% (77/154)        
2022-10-07T13:47:43.0986836Z remote: Counting objects:  51% (79/154)        
2022-10-07T13:47:43.0987218Z remote: Counting objects:  52% (81/154)        
2022-10-07T13:47:43.0987469Z remote: Counting objects:  53% (82/154)        
2022-10-07T13:47:43.0987729Z remote: Counting objects:  54% (84/154)        
2022-10-07T13:47:43.0987986Z remote: Counting objects:  55% (85/154)        
2022-10-07T13:47:43.0988245Z remote: Counting objects:  56% (87/154)        
2022-10-07T13:47:43.0988490Z remote: Counting objects:  57% (88/154)        
2022-10-07T13:47:43.0989875Z remote: Counting objects:  58% (90/154)        
2022-10-07T13:47:43.0990186Z remote: Counting objects:  59% (91/154)        
2022-10-07T13:47:43.0990437Z remote: Counting objects:  60% (93/154)        
2022-10-07T13:47:43.0990803Z remote: Counting objects:  61% (94/154)        
2022-10-07T13:47:43.0991072Z remote: Counting objects:  62% (96/154)        
2022-10-07T13:47:43.0991330Z remote: Counting objects:  63% (98/154)        
2022-10-07T13:47:43.0991579Z remote: Counting objects:  64% (99/154)        
2022-10-07T13:47:43.0991852Z remote: Counting objects:  65% (101/154)        
2022-10-07T13:47:43.0992133Z remote: Counting objects:  66% (102/154)        
2022-10-07T13:47:43.0992399Z remote: Counting objects:  67% (104/154)        
2022-10-07T13:47:43.0992679Z remote: Counting objects:  68% (105/154)        
2022-10-07T13:47:43.0992946Z remote: Counting objects:  69% (107/154)        
2022-10-07T13:47:43.0993215Z remote: Counting objects:  70% (108/154)        
2022-10-07T13:47:43.0993476Z remote: Counting objects:  71% (110/154)        
2022-10-07T13:47:43.0993747Z remote: Counting objects:  72% (111/154)        
2022-10-07T13:47:43.0994042Z remote: Counting objects:  73% (113/154)        
2022-10-07T13:47:43.0994296Z remote: Counting objects:  74% (114/154)        
2022-10-07T13:47:43.0994555Z remote: Counting objects:  75% (116/154)        
2022-10-07T13:47:43.0994821Z remote: Counting objects:  76% (118/154)        
2022-10-07T13:47:43.0995074Z remote: Counting objects:  77% (119/154)        
2022-10-07T13:47:43.0995332Z remote: Counting objects:  78% (121/154)        
2022-10-07T13:47:43.0995593Z remote: Counting objects:  79% (122/154)        
2022-10-07T13:47:43.0995840Z remote: Counting objects:  80% (124/154)        
2022-10-07T13:47:43.0996097Z remote: Counting objects:  81% (125/154)        
2022-10-07T13:47:43.0996353Z remote: Counting objects:  82% (127/154)        
2022-10-07T13:47:43.0996610Z remote: Counting objects:  83% (128/154)        
2022-10-07T13:47:43.0997926Z remote: Counting objects:  84% (130/154)        
2022-10-07T13:47:43.0998321Z remote: Counting objects:  85% (131/154)        
2022-10-07T13:47:43.0998583Z remote: Counting objects:  86% (133/154)        
2022-10-07T13:47:43.0998835Z remote: Counting objects:  87% (134/154)        
2022-10-07T13:47:43.0999097Z remote: Counting objects:  88% (136/154)        
2022-10-07T13:47:43.0999354Z remote: Counting objects:  89% (138/154)        
2022-10-07T13:47:43.0999601Z remote: Counting objects:  90% (139/154)        
2022-10-07T13:47:43.0999860Z remote: Counting objects:  91% (141/154)        
2022-10-07T13:47:43.1000126Z remote: Counting objects:  92% (142/154)        
2022-10-07T13:47:43.1000378Z remote: Counting objects:  93% (144/154)        
2022-10-07T13:47:43.1000643Z remote: Counting objects:  94% (145/154)        
2022-10-07T13:47:43.1000906Z remote: Counting objects:  95% (147/154)        
2022-10-07T13:47:43.1001167Z remote: Counting objects:  96% (148/154)        
2022-10-07T13:47:43.1001418Z remote: Counting objects:  97% (150/154)        
2022-10-07T13:47:43.1001682Z remote: Counting objects:  98% (151/154)        
2022-10-07T13:47:43.1001940Z remote: Counting objects:  99% (153/154)        
2022-10-07T13:47:43.1002186Z remote: Counting objects: 100% (154/154)        
2022-10-07T13:47:43.1002464Z remote: Counting objects: 100% (154/154), done.        
2022-10-07T13:47:43.1002767Z remote: Compressing objects:   0% (1/111)        
2022-10-07T13:47:43.1003048Z remote: Compressing objects:   1% (2/111)        
2022-10-07T13:47:43.1003328Z remote: Compressing objects:   2% (3/111)        
2022-10-07T13:47:43.1003669Z remote: Compressing objects:   3% (4/111)        
2022-10-07T13:47:43.1003945Z remote: Compressing objects:   4% (5/111)        
2022-10-07T13:47:43.1004214Z remote: Compressing objects:   5% (6/111)        
2022-10-07T13:47:43.1004483Z remote: Compressing objects:   6% (7/111)        
2022-10-07T13:47:43.1004752Z remote: Compressing objects:   7% (8/111)        
2022-10-07T13:47:43.1005014Z remote: Compressing objects:   8% (9/111)        
2022-10-07T13:47:43.1005297Z remote: Compressing objects:   9% (10/111)        
2022-10-07T13:47:43.1005590Z remote: Compressing objects:  10% (12/111)        
2022-10-07T13:47:43.1005873Z remote: Compressing objects:  11% (13/111)        
2022-10-07T13:47:43.1006159Z remote: Compressing objects:  12% (14/111)        
2022-10-07T13:47:43.1006441Z remote: Compressing objects:  13% (15/111)        
2022-10-07T13:47:43.1007370Z remote: Compressing objects:  14% (16/111)        
2022-10-07T13:47:43.1007679Z remote: Compressing objects:  15% (17/111)        
2022-10-07T13:47:43.1007972Z remote: Compressing objects:  16% (18/111)        
2022-10-07T13:47:43.1008265Z remote: Compressing objects:  17% (19/111)        
2022-10-07T13:47:43.1008536Z remote: Compressing objects:  18% (20/111)        
2022-10-07T13:47:43.1009855Z remote: Compressing objects:  19% (22/111)        
2022-10-07T13:47:43.1010143Z remote: Compressing objects:  20% (23/111)        
2022-10-07T13:47:43.1010409Z remote: Compressing objects:  21% (24/111)        
2022-10-07T13:47:43.1010697Z remote: Compressing objects:  22% (25/111)        
2022-10-07T13:47:43.1010977Z remote: Compressing objects:  23% (26/111)        
2022-10-07T13:47:43.1011246Z remote: Compressing objects:  24% (27/111)        
2022-10-07T13:47:43.1011532Z remote: Compressing objects:  25% (28/111)        
2022-10-07T13:47:43.1011809Z remote: Compressing objects:  26% (29/111)        
2022-10-07T13:47:43.1012088Z remote: Compressing objects:  27% (30/111)        
2022-10-07T13:47:43.1012357Z remote: Compressing objects:  28% (32/111)        
2022-10-07T13:47:43.1012634Z remote: Compressing objects:  29% (33/111)        
2022-10-07T13:47:43.1012909Z remote: Compressing objects:  30% (34/111)        
2022-10-07T13:47:43.1013171Z remote: Compressing objects:  31% (35/111)        
2022-10-07T13:47:43.1013444Z remote: Compressing objects:  32% (36/111)        
2022-10-07T13:47:43.1013714Z remote: Compressing objects:  33% (37/111)        
2022-10-07T13:47:43.1013975Z remote: Compressing objects:  34% (38/111)        
2022-10-07T13:47:43.1014381Z remote: Compressing objects:  35% (39/111)        
2022-10-07T13:47:43.1015190Z remote: Compressing objects:  36% (40/111)        
2022-10-07T13:47:43.1015743Z remote: Compressing objects:  37% (42/111)        
2022-10-07T13:47:43.1016260Z remote: Compressing objects:  38% (43/111)        
2022-10-07T13:47:43.1016784Z remote: Compressing objects:  39% (44/111)        
2022-10-07T13:47:43.1017310Z remote: Compressing objects:  40% (45/111)        
2022-10-07T13:47:43.1017837Z remote: Compressing objects:  41% (46/111)        
2022-10-07T13:47:43.1018355Z remote: Compressing objects:  42% (47/111)        
2022-10-07T13:47:43.1018885Z remote: Compressing objects:  43% (48/111)        
2022-10-07T13:47:43.1019414Z remote: Compressing objects:  44% (49/111)        
2022-10-07T13:47:43.1019943Z remote: Compressing objects:  45% (50/111)        
2022-10-07T13:47:43.1020455Z remote: Compressing objects:  46% (52/111)        
2022-10-07T13:47:43.1020988Z remote: Compressing objects:  47% (53/111)        
2022-10-07T13:47:43.1021517Z remote: Compressing objects:  48% (54/111)        
2022-10-07T13:47:43.1027272Z remote: Compressing objects:  49% (55/111)        
2022-10-07T13:47:43.1027727Z remote: Compressing objects:  50% (56/111)        
2022-10-07T13:47:43.1031153Z remote: Compressing objects:  51% (57/111)        
2022-10-07T13:47:43.1031564Z remote: Compressing objects:  52% (58/111)        
2022-10-07T13:47:43.1032065Z remote: Compressing objects:  53% (59/111)        
2022-10-07T13:47:43.1039099Z remote: Compressing objects:  54% (60/111)        
2022-10-07T13:47:43.1039535Z remote: Compressing objects:  55% (62/111)        
2022-10-07T13:47:43.1040063Z remote: Compressing objects:  56% (63/111)        
2022-10-07T13:47:43.1043046Z remote: Compressing objects:  57% (64/111)        
2022-10-07T13:47:43.1044169Z remote: Compressing objects:  58% (65/111)        
2022-10-07T13:47:43.1044662Z remote: Compressing objects:  59% (66/111)        
2022-10-07T13:47:43.1045161Z remote: Compressing objects:  60% (67/111)        
2022-10-07T13:47:43.1046355Z remote: Compressing objects:  61% (68/111)        
2022-10-07T13:47:43.1046651Z remote: Compressing objects:  62% (69/111)        
2022-10-07T13:47:43.1047050Z remote: Compressing objects:  63% (70/111)        
2022-10-07T13:47:43.1047323Z remote: Compressing objects:  64% (72/111)        
2022-10-07T13:47:43.1047603Z remote: Compressing objects:  65% (73/111)        
2022-10-07T13:47:43.1048231Z remote: Compressing objects:  66% (74/111)        
2022-10-07T13:47:43.1048522Z remote: Compressing objects:  67% (75/111)        
2022-10-07T13:47:43.1048790Z remote: Compressing objects:  68% (76/111)        
2022-10-07T13:47:43.1049069Z remote: Compressing objects:  69% (77/111)        
2022-10-07T13:47:43.1049345Z remote: Compressing objects:  70% (78/111)        
2022-10-07T13:47:43.1049610Z remote: Compressing objects:  71% (79/111)        
2022-10-07T13:47:43.1050047Z remote: Compressing objects:  72% (80/111)        
2022-10-07T13:47:43.1051593Z remote: Compressing objects:  73% (82/111)        
2022-10-07T13:47:43.1052052Z remote: Compressing objects:  74% (83/111)        
2022-10-07T13:47:43.1052707Z remote: Compressing objects:  75% (84/111)        
2022-10-07T13:47:43.1053367Z remote: Compressing objects:  76% (85/111)        
2022-10-07T13:47:43.1055976Z remote: Compressing objects:  77% (86/111)        
2022-10-07T13:47:43.1108919Z remote: Compressing objects:  78% (87/111)        
2022-10-07T13:47:43.1109226Z remote: Compressing objects:  79% (88/111)        
2022-10-07T13:47:43.1109524Z remote: Compressing objects:  80% (89/111)        
2022-10-07T13:47:43.1109943Z remote: Compressing objects:  81% (90/111)        
2022-10-07T13:47:43.1110218Z remote: Compressing objects:  82% (92/111)        
2022-10-07T13:47:43.1110499Z remote: Compressing objects:  83% (93/111)        
2022-10-07T13:47:43.1110784Z remote: Compressing objects:  84% (94/111)        
2022-10-07T13:47:43.1111057Z remote: Compressing objects:  85% (95/111)        
2022-10-07T13:47:43.1111488Z remote: Compressing objects:  86% (96/111)        
2022-10-07T13:47:43.1111782Z remote: Compressing objects:  87% (97/111)        
2022-10-07T13:47:43.1112074Z remote: Compressing objects:  88% (98/111)        
2022-10-07T13:47:43.1112353Z remote: Compressing objects:  89% (99/111)        
2022-10-07T13:47:43.1112631Z remote: Compressing objects:  90% (100/111)        
2022-10-07T13:47:43.1112933Z remote: Compressing objects:  91% (102/111)        
2022-10-07T13:47:43.1113232Z remote: Compressing objects:  92% (103/111)        
2022-10-07T13:47:43.1113527Z remote: Compressing objects:  93% (104/111)        
2022-10-07T13:47:43.1113799Z remote: Compressing objects:  94% (105/111)        
2022-10-07T13:47:43.1114087Z remote: Compressing objects:  95% (106/111)        
2022-10-07T13:47:43.1114371Z remote: Compressing objects:  96% (107/111)        
2022-10-07T13:47:43.1114642Z remote: Compressing objects:  97% (108/111)        
2022-10-07T13:47:43.1114922Z remote: Compressing objects:  98% (109/111)        
2022-10-07T13:47:43.1115203Z remote: Compressing objects:  99% (110/111)        
2022-10-07T13:47:43.1115467Z remote: Compressing objects: 100% (111/111)        
2022-10-07T13:47:43.1115766Z remote: Compressing objects: 100% (111/111), done.        
2022-10-07T13:47:43.1141497Z Receiving objects:   0% (1/154)
2022-10-07T13:47:43.1143641Z Receiving objects:   1% (2/154)
2022-10-07T13:47:43.1143883Z Receiving objects:   2% (4/154)
2022-10-07T13:47:43.1144119Z Receiving objects:   3% (5/154)
2022-10-07T13:47:43.1144488Z Receiving objects:   4% (7/154)
2022-10-07T13:47:43.1144723Z Receiving objects:   5% (8/154)
2022-10-07T13:47:43.1144961Z Receiving objects:   6% (10/154)
2022-10-07T13:47:43.1145212Z Receiving objects:   7% (11/154)
2022-10-07T13:47:43.1145439Z Receiving objects:   8% (13/154)
2022-10-07T13:47:43.1145672Z Receiving objects:   9% (14/154)
2022-10-07T13:47:43.1146329Z Receiving objects:  10% (16/154)
2022-10-07T13:47:43.1146559Z Receiving objects:  11% (17/154)
2022-10-07T13:47:43.1147857Z Receiving objects:  12% (19/154)
2022-10-07T13:47:43.1148971Z Receiving objects:  13% (21/154)
2022-10-07T13:47:43.1149856Z Receiving objects:  14% (22/154)
2022-10-07T13:47:43.1150087Z Receiving objects:  15% (24/154)
2022-10-07T13:47:43.1152335Z Receiving objects:  16% (25/154)
2022-10-07T13:47:43.1152583Z Receiving objects:  17% (27/154)
2022-10-07T13:47:43.1153225Z Receiving objects:  18% (28/154)
2022-10-07T13:47:43.1153465Z Receiving objects:  19% (30/154)
2022-10-07T13:47:43.1153697Z Receiving objects:  20% (31/154)
2022-10-07T13:47:43.1153922Z Receiving objects:  21% (33/154)
2022-10-07T13:47:43.1154156Z Receiving objects:  22% (34/154)
2022-10-07T13:47:43.1156283Z Receiving objects:  23% (36/154)
2022-10-07T13:47:43.1156548Z Receiving objects:  24% (37/154)
2022-10-07T13:47:43.1157856Z Receiving objects:  25% (39/154)
2022-10-07T13:47:43.1159161Z Receiving objects:  26% (41/154)
2022-10-07T13:47:43.1159402Z Receiving objects:  27% (42/154)
2022-10-07T13:47:43.1159879Z Receiving objects:  28% (44/154)
2022-10-07T13:47:43.1160290Z Receiving objects:  29% (45/154)
2022-10-07T13:47:43.1160522Z Receiving objects:  30% (47/154)
2022-10-07T13:47:43.1161107Z Receiving objects:  31% (48/154)
2022-10-07T13:47:43.1165681Z Receiving objects:  32% (50/154)
2022-10-07T13:47:43.1174918Z Receiving objects:  33% (51/154)
2022-10-07T13:47:43.1175186Z Receiving objects:  34% (53/154)
2022-10-07T13:47:43.1175424Z Receiving objects:  35% (54/154)
2022-10-07T13:47:43.1175661Z Receiving objects:  36% (56/154)
2022-10-07T13:47:43.1175893Z Receiving objects:  37% (57/154)
2022-10-07T13:47:43.1177003Z Receiving objects:  38% (59/154)
2022-10-07T13:47:43.1178962Z Receiving objects:  39% (61/154)
2022-10-07T13:47:43.1179725Z Receiving objects:  40% (62/154)
2022-10-07T13:47:43.1179952Z Receiving objects:  41% (64/154)
2022-10-07T13:47:43.1181424Z Receiving objects:  42% (65/154)
2022-10-07T13:47:43.1181669Z Receiving objects:  43% (67/154)
2022-10-07T13:47:43.1181889Z Receiving objects:  44% (68/154)
2022-10-07T13:47:43.1182252Z Receiving objects:  45% (70/154)
2022-10-07T13:47:43.1183338Z Receiving objects:  46% (71/154)
2022-10-07T13:47:43.1183564Z Receiving objects:  47% (73/154)
2022-10-07T13:47:43.1184270Z Receiving objects:  48% (74/154)
2022-10-07T13:47:43.1184516Z Receiving objects:  49% (76/154)
2022-10-07T13:47:43.1184740Z Receiving objects:  50% (77/154)
2022-10-07T13:47:43.1184979Z Receiving objects:  51% (79/154)
2022-10-07T13:47:43.1185215Z Receiving objects:  52% (81/154)
2022-10-07T13:47:43.1189409Z Receiving objects:  53% (82/154)
2022-10-07T13:47:43.1189775Z Receiving objects:  54% (84/154)
2022-10-07T13:47:43.1190007Z Receiving objects:  55% (85/154)
2022-10-07T13:47:43.1190242Z Receiving objects:  56% (87/154)
2022-10-07T13:47:43.1194874Z Receiving objects:  57% (88/154)
2022-10-07T13:47:43.1195769Z Receiving objects:  58% (90/154)
2022-10-07T13:47:43.1196007Z Receiving objects:  59% (91/154)
2022-10-07T13:47:43.1196225Z Receiving objects:  60% (93/154)
2022-10-07T13:47:43.1196467Z Receiving objects:  61% (94/154)
2022-10-07T13:47:43.1196695Z Receiving objects:  62% (96/154)
2022-10-07T13:47:43.1196915Z Receiving objects:  63% (98/154)
2022-10-07T13:47:43.1197141Z Receiving objects:  64% (99/154)
2022-10-07T13:47:43.1197379Z Receiving objects:  65% (101/154)
2022-10-07T13:47:43.1197617Z Receiving objects:  66% (102/154)
2022-10-07T13:47:43.1197857Z Receiving objects:  67% (104/154)
2022-10-07T13:47:43.1198097Z Receiving objects:  68% (105/154)
2022-10-07T13:47:43.1198777Z remote: Total 154 (delta 33), reused 96 (delta 24), pack-reused 0        
2022-10-07T13:47:43.1221144Z Receiving objects:  69% (107/154)
2022-10-07T13:47:43.1221433Z Receiving objects:  70% (108/154)
2022-10-07T13:47:43.1224280Z Receiving objects:  71% (110/154)
2022-10-07T13:47:43.1225535Z Receiving objects:  72% (111/154)
2022-10-07T13:47:43.1225783Z Receiving objects:  73% (113/154)
2022-10-07T13:47:43.1226021Z Receiving objects:  74% (114/154)
2022-10-07T13:47:43.1226243Z Receiving objects:  75% (116/154)
2022-10-07T13:47:43.1226485Z Receiving objects:  76% (118/154)
2022-10-07T13:47:43.1228309Z Receiving objects:  77% (119/154)
2022-10-07T13:47:43.1266279Z Receiving objects:  78% (121/154)
2022-10-07T13:47:43.1266628Z Receiving objects:  79% (122/154)
2022-10-07T13:47:43.1266885Z Receiving objects:  80% (124/154)
2022-10-07T13:47:43.1267130Z Receiving objects:  81% (125/154)
2022-10-07T13:47:43.1267361Z Receiving objects:  82% (127/154)
2022-10-07T13:47:43.1267601Z Receiving objects:  83% (128/154)
2022-10-07T13:47:43.1267841Z Receiving objects:  84% (130/154)
2022-10-07T13:47:43.1268075Z Receiving objects:  85% (131/154)
2022-10-07T13:47:43.1268307Z Receiving objects:  86% (133/154)
2022-10-07T13:47:43.1268539Z Receiving objects:  87% (134/154)
2022-10-07T13:47:43.1268761Z Receiving objects:  88% (136/154)
2022-10-07T13:47:43.1268999Z Receiving objects:  89% (138/154)
2022-10-07T13:47:43.1269231Z Receiving objects:  90% (139/154)
2022-10-07T13:47:43.1269457Z Receiving objects:  91% (141/154)
2022-10-07T13:47:43.1269838Z Receiving objects:  92% (142/154)
2022-10-07T13:47:43.1270074Z Receiving objects:  93% (144/154)
2022-10-07T13:47:43.1270307Z Receiving objects:  94% (145/154)
2022-10-07T13:47:43.1270620Z Receiving objects:  95% (147/154)
2022-10-07T13:47:43.1270849Z Receiving objects:  96% (148/154)
2022-10-07T13:47:43.1271080Z Receiving objects:  97% (150/154)
2022-10-07T13:47:43.1271297Z Receiving objects:  98% (151/154)
2022-10-07T13:47:43.1272217Z Receiving objects:  99% (153/154)
2022-10-07T13:47:43.1272455Z Receiving objects: 100% (154/154)
2022-10-07T13:47:43.1272734Z Receiving objects: 100% (154/154), 115.73 KiB | 12.86 MiB/s, done.
2022-10-07T13:47:43.1273014Z Resolving deltas:   0% (0/33)
2022-10-07T13:47:43.1273261Z Resolving deltas:   3% (1/33)
2022-10-07T13:47:43.1273498Z Resolving deltas:   6% (2/33)
2022-10-07T13:47:43.1273722Z Resolving deltas:   9% (3/33)
2022-10-07T13:47:43.1273962Z Resolving deltas:  12% (4/33)
2022-10-07T13:47:43.1274200Z Resolving deltas:  15% (5/33)
2022-10-07T13:47:43.1274579Z Resolving deltas:  18% (6/33)
2022-10-07T13:47:43.1274812Z Resolving deltas:  21% (7/33)
2022-10-07T13:47:43.1275041Z Resolving deltas:  24% (8/33)
2022-10-07T13:47:43.1275258Z Resolving deltas:  27% (9/33)
2022-10-07T13:47:43.1275494Z Resolving deltas:  30% (10/33)
2022-10-07T13:47:43.1275736Z Resolving deltas:  33% (11/33)
2022-10-07T13:47:43.1275963Z Resolving deltas:  36% (12/33)
2022-10-07T13:47:43.1276200Z Resolving deltas:  39% (13/33)
2022-10-07T13:47:43.1276437Z Resolving deltas:  42% (14/33)
2022-10-07T13:47:43.1276661Z Resolving deltas:  45% (15/33)
2022-10-07T13:47:43.1276895Z Resolving deltas:  48% (16/33)
2022-10-07T13:47:43.1277128Z Resolving deltas:  51% (17/33)
2022-10-07T13:47:43.1277347Z Resolving deltas:  54% (18/33)
2022-10-07T13:47:43.1277571Z Resolving deltas:  57% (19/33)
2022-10-07T13:47:43.1277799Z Resolving deltas:  60% (20/33)
2022-10-07T13:47:43.1278016Z Resolving deltas:  63% (21/33)
2022-10-07T13:47:43.1278247Z Resolving deltas:  66% (22/33)
2022-10-07T13:47:43.1278477Z Resolving deltas:  69% (23/33)
2022-10-07T13:47:43.1278705Z Resolving deltas:  72% (24/33)
2022-10-07T13:47:43.1278930Z Resolving deltas:  75% (25/33)
2022-10-07T13:47:43.1279151Z Resolving deltas:  78% (26/33)
2022-10-07T13:47:43.1279374Z Resolving deltas:  81% (27/33)
2022-10-07T13:47:43.1279594Z Resolving deltas:  84% (28/33)
2022-10-07T13:47:43.1279813Z Resolving deltas:  87% (29/33)
2022-10-07T13:47:43.1280039Z Resolving deltas:  90% (30/33)
2022-10-07T13:47:43.1280250Z Resolving deltas:  93% (31/33)
2022-10-07T13:47:43.1280471Z Resolving deltas:  96% (32/33)
2022-10-07T13:47:43.1281198Z Resolving deltas: 100% (33/33)
2022-10-07T13:47:43.1281456Z Resolving deltas: 100% (33/33), done.
2022-10-07T13:47:43.1321462Z From https://github.com/marcwrobel/jbanking
2022-10-07T13:47:43.1322119Z  * [new ref]         4b8d9bf440f0eb27c9427b00054841d61f0367a6 -> pull/204/merge
2022-10-07T13:47:43.1350964Z ##[endgroup]
2022-10-07T13:47:43.1351435Z ##[group]Determining the checkout info
2022-10-07T13:47:43.1351838Z ##[endgroup]
2022-10-07T13:47:43.1352253Z ##[group]Checking out the ref
2022-10-07T13:47:43.1352771Z [command]/usr/bin/git checkout --progress --force refs/remotes/pull/204/merge
2022-10-07T13:47:43.1440514Z Note: switching to 'refs/remotes/pull/204/merge'.
2022-10-07T13:47:43.1440854Z 
2022-10-07T13:47:43.1441436Z You are in 'detached HEAD' state. You can look around, make experimental
2022-10-07T13:47:43.1442204Z changes and commit them, and you can discard any commits you make in this
2022-10-07T13:47:43.1442605Z state without impacting any branches by switching back to a branch.
2022-10-07T13:47:43.1442821Z 
2022-10-07T13:47:43.1442987Z If you want to create a new branch to retain commits you create, you may
2022-10-07T13:47:43.1443439Z do so (now or later) by using -c with the switch command. Example:
2022-10-07T13:47:43.1443649Z 
2022-10-07T13:47:43.1443826Z   git switch -c <new-branch-name>
2022-10-07T13:47:43.1443996Z 
2022-10-07T13:47:43.1444102Z Or undo this operation with:
2022-10-07T13:47:43.1444248Z 
2022-10-07T13:47:43.1444338Z   git switch -
2022-10-07T13:47:43.1444468Z 
2022-10-07T13:47:43.1444661Z Turn off this advice by setting config variable advice.detachedHead to false
2022-10-07T13:47:43.1444891Z 
2022-10-07T13:47:43.1445142Z HEAD is now at 4b8d9bf Merge d11c76517f33a3fd6270b667fe6536da0290f15e into 9553bebfce9e68d6c52c00cb9ed3a3f4ef8767bd
2022-10-07T13:47:43.1450894Z ##[endgroup]
2022-10-07T13:47:43.1500909Z [command]/usr/bin/git log -1 --format='%H'
2022-10-07T13:47:43.1531862Z '4b8d9bf440f0eb27c9427b00054841d61f0367a6'
2022-10-07T13:47:43.1846391Z ##[group]Run actions/setup-java@a18c333f3f14249953dab3e186e5e21bf3390f1d
2022-10-07T13:47:43.1846702Z with:
2022-10-07T13:47:43.1846908Z   distribution: temurin
2022-10-07T13:47:43.1847137Z   java-version: 18
2022-10-07T13:47:43.1847334Z   cache: maven
2022-10-07T13:47:43.1847548Z   java-package: jdk
2022-10-07T13:47:43.1847770Z   architecture: x64
2022-10-07T13:47:43.1847988Z   check-latest: false
2022-10-07T13:47:43.1848196Z   server-id: github
2022-10-07T13:47:43.1848535Z   server-username: GITHUB_ACTOR
2022-10-07T13:47:43.1848813Z   server-password: GITHUB_TOKEN
2022-10-07T13:47:43.1849066Z   overwrite-settings: true
2022-10-07T13:47:43.1849304Z   job-status: success
2022-10-07T13:47:43.1849698Z   token: ***
2022-10-07T13:47:43.1849891Z ##[endgroup]
2022-10-07T13:47:43.3951173Z ##[group]Installed distributions
2022-10-07T13:47:43.4018252Z Trying to resolve the latest version from remote
2022-10-07T13:47:43.5558566Z Resolved latest version as 18.0.2+101
2022-10-07T13:47:43.5559886Z Trying to download...
2022-10-07T13:47:43.5560899Z Downloading Java 18.0.2+101 (Temurin-Hotspot) from https://github.com/adoptium/temurin18-binaries/releases/download/jdk-18.0.2.1%2B1/OpenJDK18U-jdk_x64_linux_hotspot_18.0.2.1_1.tar.gz ...
2022-10-07T13:47:44.4276089Z Extracting Java archive...
2022-10-07T13:47:44.4384196Z [command]/usr/bin/tar xz --warning=no-unknown-keyword -C /home/runner/work/_temp/e1627a63-02d0-4e03-b93c-edea89fe1597 -f /home/runner/work/_temp/da6c5cae-a996-4fc3-becd-c76c0202c050
2022-10-07T13:47:48.7737064Z Java 18.0.2+101 was downloaded
2022-10-07T13:47:48.7737804Z Setting Java 18.0.2+101 as the default
2022-10-07T13:47:48.7757678Z 
2022-10-07T13:47:48.7766592Z 
2022-10-07T13:47:48.7768709Z 
2022-10-07T13:47:48.7774380Z 
2022-10-07T13:47:48.7774554Z Java configuration:
2022-10-07T13:47:48.7777163Z   Distribution: temurin
2022-10-07T13:47:48.7780599Z   Version: 18.0.2+101
2022-10-07T13:47:48.7783435Z   Path: /opt/hostedtoolcache/Java_Temurin-Hotspot_jdk/18.0.2-101/x64
2022-10-07T13:47:48.7783658Z 
2022-10-07T13:47:48.7786861Z ##[endgroup]
2022-10-07T13:47:48.7818772Z Creating settings.xml with server-id: github
2022-10-07T13:47:48.7912388Z Writing to /home/runner/.m2/settings.xml
2022-10-07T13:47:49.1000966Z 
2022-10-07T13:47:49.1003288Z maven cache is not found
2022-10-07T13:47:49.1188334Z ##[group]Run mvn -B formatter:validate verify javadoc:jar
2022-10-07T13:47:49.1188713Z [36;1mmvn -B formatter:validate verify javadoc:jar[0m
2022-10-07T13:47:49.1245856Z shell: /usr/bin/bash -e {0}
2022-10-07T13:47:49.1246086Z env:
2022-10-07T13:47:49.1246353Z   JAVA_HOME: /opt/hostedtoolcache/Java_Temurin-Hotspot_jdk/18.0.2-101/x64
2022-10-07T13:47:49.1246717Z   JAVA_HOME_18_X64: /opt/hostedtoolcache/Java_Temurin-Hotspot_jdk/18.0.2-101/x64
2022-10-07T13:47:49.1246990Z ##[endgroup]
2022-10-07T13:47:49.3173207Z Apache Maven 3.8.6 (84538c9988a25aec085021c365c560670ad80f63)
2022-10-07T13:47:49.3174398Z Maven home: /usr/share/apache-maven-3.8.6
2022-10-07T13:47:49.3175466Z Java version: 18.0.2.1, vendor: Eclipse Adoptium, runtime: /opt/hostedtoolcache/Java_Temurin-Hotspot_jdk/18.0.2-101/x64
2022-10-07T13:47:49.3175923Z Default locale: en, platform encoding: UTF-8
2022-10-07T13:47:49.3178651Z OS name: "linux", version: "5.15.0-1020-azure", arch: "amd64", family: "unix"
2022-10-07T13:47:50.1927232Z 881 [INFO] Error stacktraces are turned on.
2022-10-07T13:47:50.2328532Z 926 [INFO] Scanning for projects...
2022-10-07T13:47:52.4011168Z 3094 [INFO] 
2022-10-07T13:47:52.4012544Z 3095 [INFO] -----------------------< fr.marcwrobel:jbanking >-----------------------
2022-10-07T13:47:52.4013555Z 3095 [INFO] Building jbanking 4.0.0-SNAPSHOT
2022-10-07T13:47:52.4014892Z 3095 [INFO] --------------------------------[ jar ]---------------------------------
2022-10-07T13:47:52.8886895Z 3582 [INFO] 
2022-10-07T13:47:52.8890849Z 3582 [INFO] --- formatter-maven-plugin:2.16.0:validate (default-cli) @ jbanking ---
2022-10-07T13:47:55.7082985Z 6402 [INFO] Using 'UTF-8' encoding to format source files.
2022-10-07T13:47:55.7148654Z 6408 [INFO] Number of files to be formatted: 83
2022-10-07T13:47:57.7308983Z 8424 [INFO] Successfully formatted:          0 file(s)
2022-10-07T13:47:57.7309784Z 8424 [INFO] Fail to format:                  0 file(s)
2022-10-07T13:47:57.7310454Z 8424 [INFO] Skipped:                         83 file(s)
2022-10-07T13:47:57.7310918Z 8424 [INFO] Read only skipped:               0 file(s)
2022-10-07T13:47:57.7311395Z 8424 [INFO] Approximate time taken:          2s
2022-10-07T13:47:57.7338013Z 8427 [INFO] 
2022-10-07T13:47:57.7338878Z 8427 [INFO] --- maven-enforcer-plugin:3.0.0:enforce (enforce-maven) @ jbanking ---
2022-10-07T13:47:58.4532189Z 9146 [INFO] 
2022-10-07T13:47:58.4537618Z 9147 [INFO] --- formatter-maven-plugin:2.16.0:format (default) @ jbanking ---
2022-10-07T13:47:58.4576722Z 9151 [INFO] Using 'UTF-8' encoding to format source files.
2022-10-07T13:47:58.4630347Z 9156 [INFO] Number of files to be formatted: 83
2022-10-07T13:47:58.5297085Z 9223 [INFO] Successfully formatted:          0 file(s)
2022-10-07T13:47:58.5297513Z 9223 [INFO] Fail to format:                  0 file(s)
2022-10-07T13:47:58.5298417Z 9223 [INFO] Skipped:                         83 file(s)
2022-10-07T13:47:58.5298897Z 9223 [INFO] Read only skipped:               0 file(s)
2022-10-07T13:47:58.5304928Z 9223 [INFO] Approximate time taken:          0s
2022-10-07T13:47:58.5306812Z 9224 [INFO] 
2022-10-07T13:47:58.5308073Z 9224 [INFO] --- maven-resources-plugin:3.2.0:resources (default-resources) @ jbanking ---
2022-10-07T13:47:58.9581713Z 9651 [INFO] Using 'UTF-8' encoding to copy filtered resources.
2022-10-07T13:47:58.9582384Z 9652 [INFO] Using 'UTF-8' encoding to copy filtered properties files.
2022-10-07T13:47:58.9605464Z 9654 [INFO] Copying 0 resource
2022-10-07T13:47:58.9610727Z 9654 [INFO] Copying 1 resource
2022-10-07T13:47:58.9700674Z 9663 [INFO] 
2022-10-07T13:47:58.9701301Z 9663 [INFO] --- flatten-maven-plugin:1.2.7:flatten (flatten) @ jbanking ---
2022-10-07T13:47:59.6470657Z 10340 [INFO] Generating flattened POM of project fr.marcwrobel:jbanking:jar:4.0.0-SNAPSHOT...
2022-10-07T13:47:59.7113604Z 10405 [INFO] 
2022-10-07T13:47:59.7114378Z 10405 [INFO] --- maven-compiler-plugin:3.10.1:compile (default-compile) @ jbanking ---
2022-10-07T13:47:59.8666806Z 10559 [INFO] Changes detected - recompiling the module!
2022-10-07T13:47:59.8683421Z 10562 [INFO] Compiling 41 source files to /home/runner/work/jbanking/jbanking/target/classes
2022-10-07T13:48:01.1618817Z 11855 [INFO] 
2022-10-07T13:48:01.1619612Z 11855 [INFO] --- maven-resources-plugin:3.2.0:testResources (default-testResources) @ jbanking ---
2022-10-07T13:48:01.1652162Z 11858 [INFO] Using 'UTF-8' encoding to copy filtered resources.
2022-10-07T13:48:01.1652729Z 11859 [INFO] Using 'UTF-8' encoding to copy filtered properties files.
2022-10-07T13:48:01.1655345Z 11859 [INFO] Copying 1 resource
2022-10-07T13:48:01.1660884Z 11859 [INFO] 
2022-10-07T13:48:01.1661532Z 11860 [INFO] --- maven-compiler-plugin:3.10.1:testCompile (default-testCompile) @ jbanking ---
2022-10-07T13:48:01.1707843Z 11864 [INFO] Changes detected - recompiling the module!
2022-10-07T13:48:01.1710945Z 11864 [INFO] Compiling 42 source files to /home/runner/work/jbanking/jbanking/target/test-classes
2022-10-07T13:48:02.0032412Z 12697 [INFO] 
2022-10-07T13:48:02.0033136Z 12697 [INFO] --- maven-surefire-plugin:2.22.2:test (default-test) @ jbanking ---
2022-10-07T13:48:02.4286832Z 13122 [INFO] Surefire report directory: /home/runner/work/jbanking/jbanking/target/surefire-reports
2022-10-07T13:48:02.5498998Z 13243 [INFO] 
2022-10-07T13:48:02.5502375Z 13244 [INFO] -------------------------------------------------------
2022-10-07T13:48:02.5505173Z 13244 [INFO]  T E S T S
2022-10-07T13:48:02.5508015Z 13244 [INFO] -------------------------------------------------------
2022-10-07T13:48:03.2191407Z 13910 [INFO] Running fr.marcwrobel.jbanking.swift.SwiftPatternTest
2022-10-07T13:48:03.2570248Z 13946 [INFO] Tests run: 12, Failures: 0, Errors: 0, Skipped: 0, Time elapsed: 0.023 s - in fr.marcwrobel.jbanking.swift.SwiftPatternTest
2022-10-07T13:48:03.2573657Z 13951 [INFO] Running fr.marcwrobel.jbanking.AgreementTest
2022-10-07T13:48:03.2747118Z 13967 [INFO] Tests run: 5, Failures: 0, Errors: 0, Skipped: 0, Time elapsed: 0.014 s - in fr.marcwrobel.jbanking.AgreementTest
2022-10-07T13:48:03.2747623Z 13968 [INFO] Running fr.marcwrobel.jbanking.bic.BicTest
2022-10-07T13:48:03.3229800Z 14015 [INFO] Tests run: 19, Failures: 0, Errors: 0, Skipped: 0, Time elapsed: 0.044 s - in fr.marcwrobel.jbanking.bic.BicTest
2022-10-07T13:48:03.3230483Z 14016 [INFO] Running fr.marcwrobel.jbanking.IsoCountryTest
2022-10-07T13:48:03.3758968Z 14068 [INFO] Tests run: 17, Failures: 0, Errors: 0, Skipped: 0, Time elapsed: 0.051 s - in fr.marcwrobel.jbanking.IsoCountryTest
2022-10-07T13:48:03.3841959Z 14077 [INFO] Running fr.marcwrobel.jbanking.calendar.MonthDayHolidayTest
2022-10-07T13:48:03.4527225Z 14146 [INFO] Tests run: 10, Failures: 0, Errors: 0, Skipped: 0, Time elapsed: 0.068 s - in fr.marcwrobel.jbanking.calendar.MonthDayHolidayTest
2022-10-07T13:48:03.4551781Z 14149 [INFO] Running fr.marcwrobel.jbanking.calendar.WeekendToMondayShiftingStrategyTest
2022-10-07T13:48:03.4721749Z 14158 [INFO] Tests run: 10, Failures: 0, Errors: 0, Skipped: 0, Time elapsed: 0.007 s - in fr.marcwrobel.jbanking.calendar.WeekendToMondayShiftingStrategyTest
2022-10-07T13:48:03.4733363Z 14167 [INFO] Running fr.marcwrobel.jbanking.calendar.ShiftedHolidayTest
2022-10-07T13:48:03.5123814Z 14204 [INFO] Tests run: 16, Failures: 0, Errors: 0, Skipped: 0, Time elapsed: 0.036 s - in fr.marcwrobel.jbanking.calendar.ShiftedHolidayTest
2022-10-07T13:48:03.5174903Z 14211 [INFO] Running fr.marcwrobel.jbanking.calendar.NewYorkStockExchangeCalendarTest
2022-10-07T13:48:03.9802632Z 14673 [INFO] Tests run: 1, Failures: 0, Errors: 0, Skipped: 0, Time elapsed: 0.461 s - in fr.marcwrobel.jbanking.calendar.NewYorkStockExchangeCalendarTest
2022-10-07T13:48:03.9817321Z 14675 [INFO] Running fr.marcwrobel.jbanking.calendar.TargetCalendarTest
2022-10-07T13:48:04.0741357Z 14767 [INFO] Tests run: 1, Failures: 0, Errors: 0, Skipped: 0, Time elapsed: 0.092 s - in fr.marcwrobel.jbanking.calendar.TargetCalendarTest
2022-10-07T13:48:04.0753753Z 14769 [INFO] Running fr.marcwrobel.jbanking.calendar.SaturdaySundayCalendarTest
2022-10-07T13:48:04.1080350Z 14792 [INFO] Tests run: 1, Failures: 0, Errors: 0, Skipped: 0, Time elapsed: 0.008 s - in fr.marcwrobel.jbanking.calendar.SaturdaySundayCalendarTest
2022-10-07T13:48:04.1081265Z 14792 [INFO] Running fr.marcwrobel.jbanking.calendar.FixedHolidayTest
2022-10-07T13:48:04.1082446Z 14793 [INFO] Tests run: 5, Failures: 0, Errors: 0, Skipped: 0, Time elapsed: 0 s - in fr.marcwrobel.jbanking.calendar.FixedHolidayTest
2022-10-07T13:48:04.1082971Z 14793 [INFO] Running fr.marcwrobel.jbanking.calendar.YearRangeHolidayTest
2022-10-07T13:48:04.1083596Z 14794 [INFO] Tests run: 3, Failures: 0, Errors: 0, Skipped: 0, Time elapsed: 0 s - in fr.marcwrobel.jbanking.calendar.YearRangeHolidayTest
2022-10-07T13:48:04.1084304Z 14794 [INFO] Running fr.marcwrobel.jbanking.calendar.DayOfWeekInMonthHolidayTest
2022-10-07T13:48:04.1196772Z 14812 [INFO] Tests run: 17, Failures: 0, Errors: 0, Skipped: 0, Time elapsed: 0.017 s - in fr.marcwrobel.jbanking.calendar.DayOfWeekInMonthHolidayTest
2022-10-07T13:48:04.1199994Z 14813 [INFO] Running fr.marcwrobel.jbanking.calendar.FridaySaturdayCalendarTest
2022-10-07T13:48:04.1339916Z 14827 [INFO] Tests run: 1, Failures: 0, Errors: 0, Skipped: 0, Time elapsed: 0.013 s - in fr.marcwrobel.jbanking.calendar.FridaySaturdayCalendarTest
2022-10-07T13:48:04.1346729Z 14828 [INFO] Running fr.marcwrobel.jbanking.calendar.NoHolidayCalendarTest
2022-10-07T13:48:04.1488422Z 14842 [INFO] Tests run: 2, Failures: 0, Errors: 0, Skipped: 0, Time elapsed: 0.013 s - in fr.marcwrobel.jbanking.calendar.NoHolidayCalendarTest
2022-10-07T13:48:04.1496574Z 14843 [INFO] Running fr.marcwrobel.jbanking.calendar.FollowingWeekShiftingStrategyTest
2022-10-07T13:48:04.1682878Z 14861 [INFO] Tests run: 10, Failures: 0, Errors: 0, Skipped: 0, Time elapsed: 0.018 s - in fr.marcwrobel.jbanking.calendar.FollowingWeekShiftingStrategyTest
2022-10-07T13:48:04.1683803Z 14862 [INFO] Running fr.marcwrobel.jbanking.calendar.SundayToTuesdayShiftingStrategyTest
2022-10-07T13:48:04.1780345Z 14871 [INFO] Tests run: 12, Failures: 0, Errors: 0, Skipped: 0, Time elapsed: 0.008 s - in fr.marcwrobel.jbanking.calendar.SundayToTuesdayShiftingStrategyTest
2022-10-07T13:48:04.1788493Z 14872 [INFO] Running fr.marcwrobel.jbanking.calendar.CalendarTest
2022-10-07T13:48:04.1884401Z 14882 [INFO] Tests run: 10, Failures: 0, Errors: 0, Skipped: 0, Time elapsed: 0.009 s - in fr.marcwrobel.jbanking.calendar.CalendarTest
2022-10-07T13:48:04.1902336Z 14884 [INFO] Running fr.marcwrobel.jbanking.calendar.MovedHolidayTest
2022-10-07T13:48:04.1934230Z 14887 [INFO] Tests run: 3, Failures: 0, Errors: 0, Skipped: 0, Time elapsed: 0.002 s - in fr.marcwrobel.jbanking.calendar.MovedHolidayTest
2022-10-07T13:48:04.1941476Z 14888 [INFO] Running fr.marcwrobel.jbanking.calendar.LondonCalendarTest
2022-10-07T13:48:04.3471319Z 15035 [INFO] Tests run: 1, Failures: 0, Errors: 0, Skipped: 0, Time elapsed: 0.146 s - in fr.marcwrobel.jbanking.calendar.LondonCalendarTest
2022-10-07T13:48:04.3489515Z 15042 [INFO] Running fr.marcwrobel.jbanking.calendar.ConfigurableCalendarTest
2022-10-07T13:48:04.3706241Z 15059 [INFO] Tests run: 14, Failures: 0, Errors: 0, Skipped: 0, Time elapsed: 0.016 s - in fr.marcwrobel.jbanking.calendar.ConfigurableCalendarTest
2022-10-07T13:48:04.3722146Z 15066 [INFO] Running fr.marcwrobel.jbanking.calendar.ParisCalendarTest
2022-10-07T13:48:04.4579756Z 15149 [INFO] Tests run: 1, Failures: 0, Errors: 0, Skipped: 0, Time elapsed: 0.082 s - in fr.marcwrobel.jbanking.calendar.ParisCalendarTest
2022-10-07T13:48:04.4589338Z 15152 [INFO] Running fr.marcwrobel.jbanking.calendar.FrankfurtCalendarTest
2022-10-07T13:48:04.5417299Z 15235 [INFO] Tests run: 1, Failures: 0, Errors: 0, Skipped: 0, Time elapsed: 0.082 s - in fr.marcwrobel.jbanking.calendar.FrankfurtCalendarTest
2022-10-07T13:48:04.5430749Z 15236 [INFO] Running fr.marcwrobel.jbanking.calendar.WesternEasterTest
2022-10-07T13:48:04.9272043Z 15612 [INFO] Tests run: 502, Failures: 0, Errors: 0, Skipped: 0, Time elapsed: 0.361 s - in fr.marcwrobel.jbanking.calendar.WesternEasterTest
2022-10-07T13:48:04.9287940Z 15621 [INFO] Running fr.marcwrobel.jbanking.calendar.NewYorkFedCalendarTest
2022-10-07T13:48:05.0120053Z 15705 [INFO] Tests run: 1, Failures: 0, Errors: 0, Skipped: 0, Time elapsed: 0.083 s - in fr.marcwrobel.jbanking.calendar.NewYorkFedCalendarTest
2022-10-07T13:48:05.0120645Z 15705 [INFO] Running fr.marcwrobel.jbanking.calendar.SuppressedHolidayTest
2022-10-07T13:48:05.0277326Z 15721 [INFO] Tests run: 11, Failures: 0, Errors: 0, Skipped: 0, Time elapsed: 0.015 s - in fr.marcwrobel.jbanking.calendar.SuppressedHolidayTest
2022-10-07T13:48:05.0286634Z 15722 [INFO] Running fr.marcwrobel.jbanking.calendar.ClosestWeekdayShiftingStrategyTest
2022-10-07T13:48:05.0423214Z 15736 [INFO] Tests run: 10, Failures: 0, Errors: 0, Skipped: 0, Time elapsed: 0.013 s - in fr.marcwrobel.jbanking.calendar.ClosestWeekdayShiftingStrategyTest
2022-10-07T13:48:05.0423798Z 15736 [INFO] Running fr.marcwrobel.jbanking.calendar.BridgedHolidayTest
2022-10-07T13:48:05.0449365Z 15738 [INFO] Tests run: 3, Failures: 0, Errors: 0, Skipped: 0, Time elapsed: 0.002 s - in fr.marcwrobel.jbanking.calendar.BridgedHolidayTest
2022-10-07T13:48:05.0456273Z 15739 [INFO] Running fr.marcwrobel.jbanking.calendar.TokyoCalendarTest
2022-10-07T13:48:05.2691191Z 15962 [INFO] Tests run: 1, Failures: 0, Errors: 0, Skipped: 0, Time elapsed: 0.223 s - in fr.marcwrobel.jbanking.calendar.TokyoCalendarTest
2022-10-07T13:48:05.2692083Z 15962 [INFO] Running fr.marcwrobel.jbanking.calendar.DayOfWeekHolidayTest
2022-10-07T13:48:05.2713692Z 15965 [INFO] Tests run: 3, Failures: 0, Errors: 0, Skipped: 0, Time elapsed: 0.002 s - in fr.marcwrobel.jbanking.calendar.DayOfWeekHolidayTest
2022-10-07T13:48:05.2714609Z 15965 [INFO] Running fr.marcwrobel.jbanking.calendar.SundayToWednesdayShiftingStrategyTest
2022-10-07T13:48:05.2739508Z 15967 [INFO] Tests run: 14, Failures: 0, Errors: 0, Skipped: 0, Time elapsed: 0.002 s - in fr.marcwrobel.jbanking.calendar.SundayToWednesdayShiftingStrategyTest
2022-10-07T13:48:05.2743513Z 15968 [INFO] Running fr.marcwrobel.jbanking.calendar.RelativeHolidayTest
2022-10-07T13:48:05.2778968Z 15971 [INFO] Tests run: 10, Failures: 0, Errors: 0, Skipped: 0, Time elapsed: 0.002 s - in fr.marcwrobel.jbanking.calendar.RelativeHolidayTest
2022-10-07T13:48:05.2783112Z 15972 [INFO] Running fr.marcwrobel.jbanking.calendar.SundayToMondayShiftingStrategyTest
2022-10-07T13:48:05.2838809Z 15977 [INFO] Tests run: 10, Failures: 0, Errors: 0, Skipped: 0, Time elapsed: 0 s - in fr.marcwrobel.jbanking.calendar.SundayToMondayShiftingStrategyTest
2022-10-07T13:48:05.2842267Z 15978 [INFO] Running fr.marcwrobel.jbanking.calendar.SydneyCalendarTest
2022-10-07T13:48:05.3947142Z 16088 [INFO] Tests run: 1, Failures: 0, Errors: 0, Skipped: 0, Time elapsed: 0.109 s - in fr.marcwrobel.jbanking.calendar.SydneyCalendarTest
2022-10-07T13:48:05.3951742Z 16089 [INFO] Running fr.marcwrobel.jbanking.calendar.CompositeCalendarTest
2022-10-07T13:48:05.3986575Z 16090 [INFO] Tests run: 4, Failures: 0, Errors: 0, Skipped: 0, Time elapsed: 0 s - in fr.marcwrobel.jbanking.calendar.CompositeCalendarTest
2022-10-07T13:48:05.3990958Z 16092 [INFO] Running fr.marcwrobel.jbanking.iban.IbanCheckDigitTest
2022-10-07T13:48:05.4359515Z 16127 [INFO] Tests run: 141, Failures: 0, Errors: 0, Skipped: 0, Time elapsed: 0.031 s - in fr.marcwrobel.jbanking.iban.IbanCheckDigitTest
2022-10-07T13:48:05.4367116Z 16130 [INFO] Running fr.marcwrobel.jbanking.iban.IbanTest
2022-10-07T13:48:05.5550401Z 16244 [INFO] Tests run: 332, Failures: 0, Errors: 0, Skipped: 0, Time elapsed: 0.11 s - in fr.marcwrobel.jbanking.iban.IbanTest
2022-10-07T13:48:05.5573483Z 16249 [INFO] Running fr.marcwrobel.jbanking.iban.BbanStructureTest
2022-10-07T13:48:05.5585373Z 16252 [INFO] Tests run: 6, Failures: 0, Errors: 0, Skipped: 0, Time elapsed: 0.002 s - in fr.marcwrobel.jbanking.iban.BbanStructureTest
2022-10-07T13:48:05.5588656Z 16252 [INFO] Running fr.marcwrobel.jbanking.IsoCurrencyTest
2022-10-07T13:48:05.5692400Z 16263 [INFO] Tests run: 13, Failures: 0, Errors: 0, Skipped: 0, Time elapsed: 0.01 s - in fr.marcwrobel.jbanking.IsoCurrencyTest
2022-10-07T13:48:05.5697407Z 16263 [INFO] Running fr.marcwrobel.jbanking.creditor.CreditorIdentifierTest
2022-10-07T13:48:05.6188492Z 16312 [INFO] Tests run: 159, Failures: 0, Errors: 0, Skipped: 0, Time elapsed: 0.047 s - in fr.marcwrobel.jbanking.creditor.CreditorIdentifierTest
2022-10-07T13:48:05.9436310Z 16637 [INFO] 
2022-10-07T13:48:05.9437013Z 16637 [INFO] Results:
2022-10-07T13:48:05.9437242Z 16637 [INFO] 
2022-10-07T13:48:05.9439237Z 16637 [INFO] Tests run: 1393, Failures: 0, Errors: 0, Skipped: 0
2022-10-07T13:48:05.9439493Z 16637 [INFO] 
2022-10-07T13:48:05.9494690Z 16643 [INFO] 
2022-10-07T13:48:05.9496586Z 16643 [INFO] --- maven-jar-plugin:3.2.2:jar (default-jar) @ jbanking ---
2022-10-07T13:48:06.2273435Z 16921 [INFO] Building jar: /home/runner/work/jbanking/jbanking/target/jbanking-4.0.0-SNAPSHOT.jar
2022-10-07T13:48:06.3091898Z 17003 [INFO] 
2022-10-07T13:48:06.3092629Z 17003 [INFO] --- maven-javadoc-plugin:3.4.0:jar (default-cli) @ jbanking ---
2022-10-07T13:48:07.2276354Z 17921 [INFO] No previous run data found, generating javadoc.
2022-10-07T13:48:09.3996518Z 20093 [WARNING] Javadoc Warnings
2022-10-07T13:48:09.3997311Z 20093 [WARNING] Loading source files for package fr.marcwrobel.jbanking...
2022-10-07T13:48:09.3997969Z 20093 [WARNING] Loading source files for package fr.marcwrobel.jbanking.swift...
2022-10-07T13:48:09.3998695Z 20093 [WARNING] Loading source files for package fr.marcwrobel.jbanking.bic...
2022-10-07T13:48:09.3999341Z 20093 [WARNING] Loading source files for package fr.marcwrobel.jbanking.internal...
2022-10-07T13:48:09.3999901Z 20093 [WARNING] Loading source files for package fr.marcwrobel.jbanking.calendar...
2022-10-07T13:48:09.4000450Z 20093 [WARNING] Loading source files for package fr.marcwrobel.jbanking.iban...
2022-10-07T13:48:09.4001027Z 20093 [WARNING] Loading source files for package fr.marcwrobel.jbanking.creditor...
2022-10-07T13:48:09.4002180Z 20093 [WARNING] Constructing Javadoc information...
2022-10-07T13:48:09.4002660Z 20093 [WARNING] Building index for all the packages and classes...
2022-10-07T13:48:09.4003105Z 20093 [WARNING] Standard Doclet version 18.0.2.1+1
2022-10-07T13:48:09.4095255Z 20093 [WARNING] Building tree for all the packages and classes...
2022-10-07T13:48:09.4095703Z 20093 [WARNING] Generating /home/runner/work/jbanking/jbanking/target/apidocs/fr/marcwrobel/jbanking/Agreement.html...
2022-10-07T13:48:09.4096392Z 20093 [WARNING] Generating /home/runner/work/jbanking/jbanking/target/apidocs/fr/marcwrobel/jbanking/internal/AsciiCharacters.html...
2022-10-07T13:48:09.4096973Z 20093 [WARNING] /home/runner/work/jbanking/jbanking/src/main/java/fr/marcwrobel/jbanking/internal/AsciiCharacters.java:7: warning: use of default constructor, which does not provide a comment
2022-10-07T13:48:09.4097413Z 20093 [WARNING] public class AsciiCharacters {
2022-10-07T13:48:09.4097649Z 20093 [WARNING] ^
2022-10-07T13:48:09.4097981Z 20093 [WARNING] Generating /home/runner/work/jbanking/jbanking/target/apidocs/fr/marcwrobel/jbanking/bic/Bic.html...
2022-10-07T13:48:09.4098463Z 20093 [WARNING] Generating /home/runner/work/jbanking/jbanking/target/apidocs/fr/marcwrobel/jbanking/bic/BicFormatException.html...
2022-10-07T13:48:09.4098952Z 20093 [WARNING] Generating /home/runner/work/jbanking/jbanking/target/apidocs/fr/marcwrobel/jbanking/calendar/BridgedHoliday.html...
2022-10-07T13:48:09.4099447Z 20093 [WARNING] Generating /home/runner/work/jbanking/jbanking/target/apidocs/fr/marcwrobel/jbanking/calendar/Calendar.html...
2022-10-07T13:48:09.4099936Z 20093 [WARNING] Generating /home/runner/work/jbanking/jbanking/target/apidocs/fr/marcwrobel/jbanking/calendar/CompositeCalendar.html...
2022-10-07T13:48:09.4100442Z 20093 [WARNING] Generating /home/runner/work/jbanking/jbanking/target/apidocs/fr/marcwrobel/jbanking/calendar/ConfigurableCalendar.html...
2022-10-07T13:48:09.4100947Z 20093 [WARNING] Generating /home/runner/work/jbanking/jbanking/target/apidocs/fr/marcwrobel/jbanking/creditor/CreditorIdentifier.html...
2022-10-07T13:48:09.4101605Z 20093 [WARNING] Generating /home/runner/work/jbanking/jbanking/target/apidocs/fr/marcwrobel/jbanking/creditor/CreditorIdentifierFormatException.html...
2022-10-07T13:48:09.4102161Z 20093 [WARNING] Generating /home/runner/work/jbanking/jbanking/target/apidocs/fr/marcwrobel/jbanking/calendar/DateCalculationException.html...
2022-10-07T13:48:09.4102671Z 20093 [WARNING] Generating /home/runner/work/jbanking/jbanking/target/apidocs/fr/marcwrobel/jbanking/calendar/DayOfWeekHoliday.html...
2022-10-07T13:48:09.4103165Z 20093 [WARNING] Generating /home/runner/work/jbanking/jbanking/target/apidocs/fr/marcwrobel/jbanking/calendar/DayOfWeekInMonthHoliday.html...
2022-10-07T13:48:09.4103675Z 20093 [WARNING] Generating /home/runner/work/jbanking/jbanking/target/apidocs/fr/marcwrobel/jbanking/calendar/FinancialCalendars.html...
2022-10-07T13:48:09.4104160Z 20093 [WARNING] Generating /home/runner/work/jbanking/jbanking/target/apidocs/fr/marcwrobel/jbanking/calendar/FixedHoliday.html...
2022-10-07T13:48:09.4104634Z 20093 [WARNING] Generating /home/runner/work/jbanking/jbanking/target/apidocs/fr/marcwrobel/jbanking/calendar/Holiday.html...
2022-10-07T13:48:09.4105074Z 20093 [WARNING] Generating /home/runner/work/jbanking/jbanking/target/apidocs/fr/marcwrobel/jbanking/iban/Iban.html...
2022-10-07T13:48:09.4105534Z 20093 [WARNING] Generating /home/runner/work/jbanking/jbanking/target/apidocs/fr/marcwrobel/jbanking/iban/IbanCheckDigit.html...
2022-10-07T13:48:09.4106016Z 20093 [WARNING] Generating /home/runner/work/jbanking/jbanking/target/apidocs/fr/marcwrobel/jbanking/iban/IbanFormatException.html...
2022-10-07T13:48:09.4106485Z 20093 [WARNING] Generating /home/runner/work/jbanking/jbanking/target/apidocs/fr/marcwrobel/jbanking/IsoCountry.html...
2022-10-07T13:48:09.4106922Z 20093 [WARNING] Generating /home/runner/work/jbanking/jbanking/target/apidocs/fr/marcwrobel/jbanking/IsoCurrency.html...
2022-10-07T13:48:09.4107392Z 20093 [WARNING] Generating /home/runner/work/jbanking/jbanking/target/apidocs/fr/marcwrobel/jbanking/IsoCurrency.Category.html...
2022-10-07T13:48:09.4107881Z 20093 [WARNING] Generating /home/runner/work/jbanking/jbanking/target/apidocs/fr/marcwrobel/jbanking/internal/LastVerification.html...
2022-10-07T13:48:09.4108373Z 20093 [WARNING] Generating /home/runner/work/jbanking/jbanking/target/apidocs/fr/marcwrobel/jbanking/calendar/MonthDayHoliday.html...
2022-10-07T13:48:09.4108888Z 20093 [WARNING] Generating /home/runner/work/jbanking/jbanking/target/apidocs/fr/marcwrobel/jbanking/calendar/MovedHoliday.html...
2022-10-07T13:48:09.4109363Z 20093 [WARNING] Generating /home/runner/work/jbanking/jbanking/target/apidocs/fr/marcwrobel/jbanking/calendar/RelativeHoliday.html...
2022-10-07T13:48:09.4109947Z 20093 [WARNING] Generating /home/runner/work/jbanking/jbanking/target/apidocs/fr/marcwrobel/jbanking/calendar/ShiftedHoliday.html...
2022-10-07T13:48:09.4110433Z 20093 [WARNING] Generating /home/runner/work/jbanking/jbanking/target/apidocs/fr/marcwrobel/jbanking/calendar/ShiftingStrategy.html...
2022-10-07T13:48:09.4110923Z 20093 [WARNING] Generating /home/runner/work/jbanking/jbanking/target/apidocs/fr/marcwrobel/jbanking/calendar/SuppressedHoliday.html...
2022-10-07T13:48:09.4111393Z 20093 [WARNING] Generating /home/runner/work/jbanking/jbanking/target/apidocs/fr/marcwrobel/jbanking/swift/SwiftPattern.html...
2022-10-07T13:48:09.4111898Z 20093 [WARNING] Generating /home/runner/work/jbanking/jbanking/target/apidocs/fr/marcwrobel/jbanking/swift/SwiftPatternSyntaxException.html...
2022-10-07T13:48:09.4112400Z 20093 [WARNING] Generating /home/runner/work/jbanking/jbanking/target/apidocs/fr/marcwrobel/jbanking/calendar/WesternEaster.html...
2022-10-07T13:48:09.4112873Z 20093 [WARNING] Generating /home/runner/work/jbanking/jbanking/target/apidocs/fr/marcwrobel/jbanking/calendar/YearRangeHoliday.html...
2022-10-07T13:48:09.4113648Z 20093 [WARNING] Generating /home/runner/work/jbanking/jbanking/target/apidocs/fr/marcwrobel/jbanking/package-summary.html...
2022-10-07T13:48:09.4114218Z 20093 [WARNING] Generating /home/runner/work/jbanking/jbanking/target/apidocs/fr/marcwrobel/jbanking/package-tree.html...
2022-10-07T13:48:09.4114851Z 20093 [WARNING] Generating /home/runner/work/jbanking/jbanking/target/apidocs/fr/marcwrobel/jbanking/bic/package-summary.html...
2022-10-07T13:48:09.4115432Z 20093 [WARNING] Generating /home/runner/work/jbanking/jbanking/target/apidocs/fr/marcwrobel/jbanking/bic/package-tree.html...
2022-10-07T13:48:09.4116007Z 20093 [WARNING] Generating /home/runner/work/jbanking/jbanking/target/apidocs/fr/marcwrobel/jbanking/calendar/package-summary.html...
2022-10-07T13:48:09.4116594Z 20093 [WARNING] Generating /home/runner/work/jbanking/jbanking/target/apidocs/fr/marcwrobel/jbanking/calendar/package-tree.html...
2022-10-07T13:48:09.4117187Z 20094 [WARNING] Generating /home/runner/work/jbanking/jbanking/target/apidocs/fr/marcwrobel/jbanking/creditor/package-summary.html...
2022-10-07T13:48:09.4117780Z 20094 [WARNING] Generating /home/runner/work/jbanking/jbanking/target/apidocs/fr/marcwrobel/jbanking/creditor/package-tree.html...
2022-10-07T13:48:09.4118355Z 20094 [WARNING] Generating /home/runner/work/jbanking/jbanking/target/apidocs/fr/marcwrobel/jbanking/iban/package-summary.html...
2022-10-07T13:48:09.4118933Z 20094 [WARNING] Generating /home/runner/work/jbanking/jbanking/target/apidocs/fr/marcwrobel/jbanking/iban/package-tree.html...
2022-10-07T13:48:09.4119512Z 20094 [WARNING] Generating /home/runner/work/jbanking/jbanking/target/apidocs/fr/marcwrobel/jbanking/internal/package-summary.html...
2022-10-07T13:48:09.4120092Z 20094 [WARNING] Generating /home/runner/work/jbanking/jbanking/target/apidocs/fr/marcwrobel/jbanking/internal/package-tree.html...
2022-10-07T13:48:09.4120661Z 20094 [WARNING] Generating /home/runner/work/jbanking/jbanking/target/apidocs/fr/marcwrobel/jbanking/swift/package-summary.html...
2022-10-07T13:48:09.4121237Z 20094 [WARNING] Generating /home/runner/work/jbanking/jbanking/target/apidocs/fr/marcwrobel/jbanking/swift/package-tree.html...
2022-10-07T13:48:09.4121810Z 20094 [WARNING] Generating /home/runner/work/jbanking/jbanking/target/apidocs/constant-values.html...
2022-10-07T13:48:09.4122319Z 20094 [WARNING] Generating /home/runner/work/jbanking/jbanking/target/apidocs/serialized-form.html...
2022-10-07T13:48:09.4122858Z 20094 [WARNING] Generating /home/runner/work/jbanking/jbanking/target/apidocs/fr/marcwrobel/jbanking/class-use/IsoCurrency.html...
2022-10-07T13:48:09.4123536Z 20094 [WARNING] Generating /home/runner/work/jbanking/jbanking/target/apidocs/fr/marcwrobel/jbanking/class-use/IsoCurrency.Category.html...
2022-10-07T13:48:09.4124133Z 20094 [WARNING] Generating /home/runner/work/jbanking/jbanking/target/apidocs/fr/marcwrobel/jbanking/class-use/Agreement.html...
2022-10-07T13:48:09.4124698Z 20094 [WARNING] Generating /home/runner/work/jbanking/jbanking/target/apidocs/fr/marcwrobel/jbanking/class-use/IsoCountry.html...
2022-10-07T13:48:09.4125324Z 20094 [WARNING] Generating /home/runner/work/jbanking/jbanking/target/apidocs/fr/marcwrobel/jbanking/swift/class-use/SwiftPatternSyntaxException.html...
2022-10-07T13:48:09.4125952Z 20094 [WARNING] Generating /home/runner/work/jbanking/jbanking/target/apidocs/fr/marcwrobel/jbanking/swift/class-use/SwiftPattern.html...
2022-10-07T13:48:09.4126531Z 20094 [WARNING] Generating /home/runner/work/jbanking/jbanking/target/apidocs/fr/marcwrobel/jbanking/bic/class-use/Bic.html...
2022-10-07T13:48:09.4127140Z 20094 [WARNING] Generating /home/runner/work/jbanking/jbanking/target/apidocs/fr/marcwrobel/jbanking/bic/class-use/BicFormatException.html...
2022-10-07T13:48:09.4127760Z 20094 [WARNING] Generating /home/runner/work/jbanking/jbanking/target/apidocs/fr/marcwrobel/jbanking/internal/class-use/LastVerification.html...
2022-10-07T13:48:09.4128387Z 20094 [WARNING] Generating /home/runner/work/jbanking/jbanking/target/apidocs/fr/marcwrobel/jbanking/internal/class-use/AsciiCharacters.html...
2022-10-07T13:48:09.4128985Z 20094 [WARNING] Generating /home/runner/work/jbanking/jbanking/target/apidocs/fr/marcwrobel/jbanking/calendar/class-use/Holiday.html...
2022-10-07T13:48:09.4129635Z 20094 [WARNING] Generating /home/runner/work/jbanking/jbanking/target/apidocs/fr/marcwrobel/jbanking/calendar/class-use/ShiftingStrategy.html...
2022-10-07T13:48:09.4130242Z 20094 [WARNING] Generating /home/runner/work/jbanking/jbanking/target/apidocs/fr/marcwrobel/jbanking/calendar/class-use/MovedHoliday.html...
2022-10-07T13:48:09.4130864Z 20094 [WARNING] Generating /home/runner/work/jbanking/jbanking/target/apidocs/fr/marcwrobel/jbanking/calendar/class-use/CompositeCalendar.html...
2022-10-07T13:48:09.4131486Z 20094 [WARNING] Generating /home/runner/work/jbanking/jbanking/target/apidocs/fr/marcwrobel/jbanking/calendar/class-use/RelativeHoliday.html...
2022-10-07T13:48:09.4132101Z 20094 [WARNING] Generating /home/runner/work/jbanking/jbanking/target/apidocs/fr/marcwrobel/jbanking/calendar/class-use/SuppressedHoliday.html...
2022-10-07T13:48:09.4132722Z 20094 [WARNING] Generating /home/runner/work/jbanking/jbanking/target/apidocs/fr/marcwrobel/jbanking/calendar/class-use/ConfigurableCalendar.html...
2022-10-07T13:48:09.4133354Z 20094 [WARNING] Generating /home/runner/work/jbanking/jbanking/target/apidocs/fr/marcwrobel/jbanking/calendar/class-use/MonthDayHoliday.html...
2022-10-07T13:48:09.4133966Z 20094 [WARNING] Generating /home/runner/work/jbanking/jbanking/target/apidocs/fr/marcwrobel/jbanking/calendar/class-use/YearRangeHoliday.html...
2022-10-07T13:48:09.4134569Z 20094 [WARNING] Generating /home/runner/work/jbanking/jbanking/target/apidocs/fr/marcwrobel/jbanking/calendar/class-use/Calendar.html...
2022-10-07T13:48:09.4135172Z 20094 [WARNING] Generating /home/runner/work/jbanking/jbanking/target/apidocs/fr/marcwrobel/jbanking/calendar/class-use/ShiftedHoliday.html...
2022-10-07T13:48:09.4135772Z 20094 [WARNING] Generating /home/runner/work/jbanking/jbanking/target/apidocs/fr/marcwrobel/jbanking/calendar/class-use/BridgedHoliday.html...
2022-10-07T13:48:09.4136388Z 20094 [WARNING] Generating /home/runner/work/jbanking/jbanking/target/apidocs/fr/marcwrobel/jbanking/calendar/class-use/FinancialCalendars.html...
2022-10-07T13:48:09.4137043Z 20094 [WARNING] Generating /home/runner/work/jbanking/jbanking/target/apidocs/fr/marcwrobel/jbanking/calendar/class-use/DayOfWeekInMonthHoliday.html...
2022-10-07T13:48:09.4137685Z 20094 [WARNING] Generating /home/runner/work/jbanking/jbanking/target/apidocs/fr/marcwrobel/jbanking/calendar/class-use/DayOfWeekHoliday.html...
2022-10-07T13:48:09.4138366Z 20094 [WARNING] Generating /home/runner/work/jbanking/jbanking/target/apidocs/fr/marcwrobel/jbanking/calendar/class-use/DateCalculationException.html...
2022-10-07T13:48:09.4139005Z 20094 [WARNING] Generating /home/runner/work/jbanking/jbanking/target/apidocs/fr/marcwrobel/jbanking/calendar/class-use/WesternEaster.html...
2022-10-07T13:48:09.4139617Z 20094 [WARNING] Generating /home/runner/work/jbanking/jbanking/target/apidocs/fr/marcwrobel/jbanking/calendar/class-use/FixedHoliday.html...
2022-10-07T13:48:09.4140218Z 20094 [WARNING] Generating /home/runner/work/jbanking/jbanking/target/apidocs/fr/marcwrobel/jbanking/iban/class-use/IbanCheckDigit.html...
2022-10-07T13:48:09.4140830Z 20094 [WARNING] Generating /home/runner/work/jbanking/jbanking/target/apidocs/fr/marcwrobel/jbanking/iban/class-use/IbanFormatException.html...
2022-10-07T13:48:09.4141417Z 20094 [WARNING] Generating /home/runner/work/jbanking/jbanking/target/apidocs/fr/marcwrobel/jbanking/iban/class-use/Iban.html...
2022-10-07T13:48:09.4142070Z 20094 [WARNING] Generating /home/runner/work/jbanking/jbanking/target/apidocs/fr/marcwrobel/jbanking/creditor/class-use/CreditorIdentifierFormatException.html...
2022-10-07T13:48:09.4142739Z 20094 [WARNING] Generating /home/runner/work/jbanking/jbanking/target/apidocs/fr/marcwrobel/jbanking/creditor/class-use/CreditorIdentifier.html...
2022-10-07T13:48:09.4143317Z 20094 [WARNING] Generating /home/runner/work/jbanking/jbanking/target/apidocs/fr/marcwrobel/jbanking/package-use.html...
2022-10-07T13:48:09.4143876Z 20094 [WARNING] Generating /home/runner/work/jbanking/jbanking/target/apidocs/fr/marcwrobel/jbanking/bic/package-use.html...
2022-10-07T13:48:09.4144480Z 20094 [WARNING] Generating /home/runner/work/jbanking/jbanking/target/apidocs/fr/marcwrobel/jbanking/calendar/package-use.html...
2022-10-07T13:48:09.4145054Z 20094 [WARNING] Generating /home/runner/work/jbanking/jbanking/target/apidocs/fr/marcwrobel/jbanking/creditor/package-use.html...
2022-10-07T13:48:09.4145609Z 20094 [WARNING] Generating /home/runner/work/jbanking/jbanking/target/apidocs/fr/marcwrobel/jbanking/iban/package-use.html...
2022-10-07T13:48:09.4146172Z 20094 [WARNING] Generating /home/runner/work/jbanking/jbanking/target/apidocs/fr/marcwrobel/jbanking/internal/package-use.html...
2022-10-07T13:48:09.4146772Z 20094 [WARNING] Generating /home/runner/work/jbanking/jbanking/target/apidocs/fr/marcwrobel/jbanking/swift/package-use.html...
2022-10-07T13:48:09.4147293Z 20094 [WARNING] Generating /home/runner/work/jbanking/jbanking/target/apidocs/overview-tree.html...
2022-10-07T13:48:09.4147675Z 20094 [WARNING] Generating /home/runner/work/jbanking/jbanking/target/apidocs/index.html...
2022-10-07T13:48:09.4147993Z 20094 [WARNING] Building index for all classes...
2022-10-07T13:48:09.4148441Z 20094 [WARNING] Generating /home/runner/work/jbanking/jbanking/target/apidocs/allclasses-index.html...
2022-10-07T13:48:09.4148957Z 20094 [WARNING] Generating /home/runner/work/jbanking/jbanking/target/apidocs/allpackages-index.html...
2022-10-07T13:48:09.4149442Z 20094 [WARNING] Generating /home/runner/work/jbanking/jbanking/target/apidocs/index-all.html...
2022-10-07T13:48:09.4158040Z 20094 [WARNING] Generating /home/runner/work/jbanking/jbanking/target/apidocs/overview-summary.html...
2022-10-07T13:48:09.4158562Z 20094 [WARNING] Generating /home/runner/work/jbanking/jbanking/target/apidocs/help-doc.html...
2022-10-07T13:48:09.4158852Z 20094 [WARNING] 1 warning
2022-10-07T13:48:09.4311853Z 20124 [INFO] Building jar: /home/runner/work/jbanking/jbanking/target/jbanking-4.0.0-SNAPSHOT-javadoc.jar
2022-10-07T13:48:09.5413332Z 20235 [INFO] ------------------------------------------------------------------------
2022-10-07T13:48:09.5413972Z 20235 [INFO] BUILD SUCCESS
2022-10-07T13:48:09.5414800Z 20235 [INFO] ------------------------------------------------------------------------
2022-10-07T13:48:09.5473638Z 20241 [INFO] Total time:  19.326 s
2022-10-07T13:48:09.5474356Z 20241 [INFO] Finished at: 2022-10-07T13:48:09Z
2022-10-07T13:48:09.5485292Z 20241 [INFO] ------------------------------------------------------------------------
2022-10-07T13:48:09.5698386Z Post job cleanup.
2022-10-07T13:48:09.7600577Z [command]/usr/bin/tar --posix --use-compress-program zstd -T0 -cf cache.tzst --exclude cache.tzst -P -C /home/runner/work/jbanking/jbanking --files-from manifest.txt
2022-10-07T13:48:12.6330471Z Cache Size: ~73 MB (76173376 B)
2022-10-07T13:48:12.7237518Z Cache saved successfully
2022-10-07T13:48:12.7356393Z Cache saved with the key: setup-java-Linux-maven-1a3fb748e361b11b40a6bcf876521d0ed1e3247c156c6ae2f3669b8e150fd08c
2022-10-07T13:48:12.7471034Z Post job cleanup.
2022-10-07T13:48:12.8826596Z [command]/usr/bin/git version
2022-10-07T13:48:12.8875370Z git version 2.37.3
2022-10-07T13:48:12.8920161Z Temporarily overriding HOME='/home/runner/work/_temp/42e5f980-3ecb-4a6d-994a-e6944250fcfe' before making global git config changes
2022-10-07T13:48:12.8921349Z Adding repository directory to the temporary git global config as a safe directory
2022-10-07T13:48:12.8925973Z [command]/usr/bin/git config --global --add safe.directory /home/runner/work/jbanking/jbanking
2022-10-07T13:48:12.8964068Z [command]/usr/bin/git config --local --name-only --get-regexp core\.sshCommand
2022-10-07T13:48:12.8997935Z [command]/usr/bin/git submodule foreach --recursive git config --local --name-only --get-regexp 'core\.sshCommand' && git config --local --unset-all 'core.sshCommand' || :
2022-10-07T13:48:12.9222803Z [command]/usr/bin/git config --local --name-only --get-regexp http\.https\:\/\/github\.com\/\.extraheader
2022-10-07T13:48:12.9248750Z http.https://github.com/.extraheader
2022-10-07T13:48:12.9260308Z [command]/usr/bin/git config --local --unset-all http.https://github.com/.extraheader
2022-10-07T13:48:12.9293033Z [command]/usr/bin/git submodule foreach --recursive git config --local --name-only --get-regexp 'http\.https\:\/\/github\.com\/\.extraheader' && git config --local --unset-all 'http.https://github.com/.extraheader' || :
2022-10-07T13:48:12.9707090Z Cleaning up orphan processes
