2022-03-04T08:19:16.2461427Z Requested labels: ubuntu-latest
2022-03-04T08:19:16.2461470Z Job defined at: codecentric/spring-boot-admin/.github/workflows/build-feature.yml@refs/heads/experimental/spring-boot-3-playground
2022-03-04T08:19:16.2461515Z Waiting for a runner to pick up this job...
2022-03-04T08:19:17.2206696Z Job is waiting for a hosted runner to come online.
2022-03-04T08:19:22.6336319Z Job is about to start running on the hosted runner: GitHub Actions 2 (hosted)
2022-03-04T08:19:26.8577731Z Current runner version: '2.287.1'
2022-03-04T08:19:26.8611330Z ##[group]Operating System
2022-03-04T08:19:26.8612014Z Ubuntu
2022-03-04T08:19:26.8612318Z 20.04.4
2022-03-04T08:19:26.8612760Z LTS
2022-03-04T08:19:26.8613050Z ##[endgroup]
2022-03-04T08:19:26.8613446Z ##[group]Virtual Environment
2022-03-04T08:19:26.8613892Z Environment: ubuntu-20.04
2022-03-04T08:19:26.8614227Z Version: 20220227.1
2022-03-04T08:19:26.8614878Z Included Software: https://github.com/actions/virtual-environments/blob/ubuntu20/20220227.1/images/linux/Ubuntu2004-Readme.md
2022-03-04T08:19:26.8615671Z Image Release: https://github.com/actions/virtual-environments/releases/tag/ubuntu20%2F20220227.1
2022-03-04T08:19:26.8616210Z ##[endgroup]
2022-03-04T08:19:26.8616642Z ##[group]Virtual Environment Provisioner
2022-03-04T08:19:26.8617022Z 1.0.0.0-main-20220225-1
2022-03-04T08:19:26.8617429Z ##[endgroup]
2022-03-04T08:19:26.8618524Z ##[group]GITHUB_TOKEN Permissions
2022-03-04T08:19:26.8619244Z Actions: write
2022-03-04T08:19:26.8619859Z Checks: write
2022-03-04T08:19:26.8620238Z Contents: write
2022-03-04T08:19:26.8620621Z Deployments: write
2022-03-04T08:19:26.8620965Z Discussions: write
2022-03-04T08:19:26.8621334Z Issues: write
2022-03-04T08:19:26.8621682Z Metadata: read
2022-03-04T08:19:26.8622048Z Packages: write
2022-03-04T08:19:26.8622425Z Pages: write
2022-03-04T08:19:26.8622835Z PullRequests: write
2022-03-04T08:19:26.8623218Z RepositoryProjects: write
2022-03-04T08:19:26.8623583Z SecurityEvents: write
2022-03-04T08:19:26.8623938Z Statuses: write
2022-03-04T08:19:26.8624226Z ##[endgroup]
2022-03-04T08:19:26.8628398Z Secret source: Actions
2022-03-04T08:19:26.8628899Z Prepare workflow directory
2022-03-04T08:19:26.9586141Z Prepare all required actions
2022-03-04T08:19:26.9793868Z Getting action download info
2022-03-04T08:19:27.2596229Z Download action repository 'actions/checkout@v2' (SHA:ec3a7ce113134d7a93b817d10a8272cb61118579)
2022-03-04T08:19:27.5942115Z Download action repository 'actions/setup-java@v2' (SHA:f0bb91606209742fe3ea40199be2f3ef195ecabf)
2022-03-04T08:19:27.8623538Z Download action repository 'actions/cache@v2.1.7' (SHA:937d24475381cd9c75ae6db12cb4e79714b926ed)
2022-03-04T08:19:28.1187625Z Download action repository 'actions/cache@v2' (SHA:937d24475381cd9c75ae6db12cb4e79714b926ed)
2022-03-04T08:19:28.3602049Z Download action repository 'codecov/codecov-action@v2' (SHA:f32b3a3741e1053eb607407145bc9619351dc93b)
2022-03-04T08:19:28.7871652Z ##[group]Run actions/checkout@v2
2022-03-04T08:19:28.7871973Z with:
2022-03-04T08:19:28.7872255Z   repository: codecentric/spring-boot-admin
2022-03-04T08:19:28.7872783Z   token: ***
2022-03-04T08:19:28.7872993Z   ssh-strict: true
2022-03-04T08:19:28.7873248Z   persist-credentials: true
2022-03-04T08:19:28.7873481Z   clean: true
2022-03-04T08:19:28.7873696Z   fetch-depth: 1
2022-03-04T08:19:28.7873897Z   lfs: false
2022-03-04T08:19:28.7874121Z   submodules: false
2022-03-04T08:19:28.7874346Z ##[endgroup]
2022-03-04T08:19:29.1253711Z Syncing repository: codecentric/spring-boot-admin
2022-03-04T08:19:29.1256041Z ##[group]Getting Git version info
2022-03-04T08:19:29.1256702Z Working directory is '/home/runner/work/spring-boot-admin/spring-boot-admin'
2022-03-04T08:19:29.1257339Z [command]/usr/bin/git version
2022-03-04T08:19:29.1430590Z git version 2.35.1
2022-03-04T08:19:29.1431988Z ##[endgroup]
2022-03-04T08:19:29.1435948Z Deleting the contents of '/home/runner/work/spring-boot-admin/spring-boot-admin'
2022-03-04T08:19:29.1441328Z ##[group]Initializing the repository
2022-03-04T08:19:29.1447022Z [command]/usr/bin/git init /home/runner/work/spring-boot-admin/spring-boot-admin
2022-03-04T08:19:29.1560371Z hint: Using 'master' as the name for the initial branch. This default branch name
2022-03-04T08:19:29.1560991Z hint: is subject to change. To configure the initial branch name to use in all
2022-03-04T08:19:29.1561862Z hint: of your new repositories, which will suppress this warning, call:
2022-03-04T08:19:29.1562278Z hint: 
2022-03-04T08:19:29.1562723Z hint: 	git config --global init.defaultBranch <name>
2022-03-04T08:19:29.1563220Z hint: 
2022-03-04T08:19:29.1563794Z hint: Names commonly chosen instead of 'master' are 'main', 'trunk' and
2022-03-04T08:19:29.1564493Z hint: 'development'. The just-created branch can be renamed via this command:
2022-03-04T08:19:29.1564928Z hint: 
2022-03-04T08:19:29.1565237Z hint: 	git branch -m <name>
2022-03-04T08:19:29.1573668Z Initialized empty Git repository in /home/runner/work/spring-boot-admin/spring-boot-admin/.git/
2022-03-04T08:19:29.1585808Z [command]/usr/bin/git remote add origin https://github.com/codecentric/spring-boot-admin
2022-03-04T08:19:29.1644380Z ##[endgroup]
2022-03-04T08:19:29.1645321Z ##[group]Disabling automatic garbage collection
2022-03-04T08:19:29.1648798Z [command]/usr/bin/git config --local gc.auto 0
2022-03-04T08:19:29.1691500Z ##[endgroup]
2022-03-04T08:19:29.1711756Z ##[group]Setting up auth
2022-03-04T08:19:29.1712886Z [command]/usr/bin/git config --local --name-only --get-regexp core\.sshCommand
2022-03-04T08:19:29.1739937Z [command]/usr/bin/git submodule foreach --recursive git config --local --name-only --get-regexp 'core\.sshCommand' && git config --local --unset-all 'core.sshCommand' || :
2022-03-04T08:19:29.2163761Z [command]/usr/bin/git config --local --name-only --get-regexp http\.https\:\/\/github\.com\/\.extraheader
2022-03-04T08:19:29.2207264Z [command]/usr/bin/git submodule foreach --recursive git config --local --name-only --get-regexp 'http\.https\:\/\/github\.com\/\.extraheader' && git config --local --unset-all 'http.https://github.com/.extraheader' || :
2022-03-04T08:19:29.2511201Z [command]/usr/bin/git config --local http.https://github.com/.extraheader AUTHORIZATION: basic ***
2022-03-04T08:19:29.2543705Z ##[endgroup]
2022-03-04T08:19:29.2544390Z ##[group]Fetching the repository
2022-03-04T08:19:29.2555688Z [command]/usr/bin/git -c protocol.version=2 fetch --no-tags --prune --progress --no-recurse-submodules --depth=1 origin +d8254a834de1b8fe138522a6b7af594be575b508:refs/remotes/origin/experimental/spring-boot-3-playground
2022-03-04T08:19:29.4497524Z remote: Enumerating objects: 1254, done.        
2022-03-04T08:19:29.4499259Z remote: Counting objects:   0% (1/1254)        
2022-03-04T08:19:29.4504226Z remote: Counting objects:   1% (13/1254)        
2022-03-04T08:19:29.4505118Z remote: Counting objects:   2% (26/1254)        
2022-03-04T08:19:29.4505948Z remote: Counting objects:   3% (38/1254)        
2022-03-04T08:19:29.4507321Z remote: Counting objects:   4% (51/1254)        
2022-03-04T08:19:29.4508124Z remote: Counting objects:   5% (63/1254)        
2022-03-04T08:19:29.4508888Z remote: Counting objects:   6% (76/1254)        
2022-03-04T08:19:29.4528034Z remote: Counting objects:   7% (88/1254)        
2022-03-04T08:19:29.4529450Z remote: Counting objects:   8% (101/1254)        
2022-03-04T08:19:29.4529846Z remote: Counting objects:   9% (113/1254)        
2022-03-04T08:19:29.4530162Z remote: Counting objects:  10% (126/1254)        
2022-03-04T08:19:29.4530497Z remote: Counting objects:  11% (138/1254)        
2022-03-04T08:19:29.4530822Z remote: Counting objects:  12% (151/1254)        
2022-03-04T08:19:29.4531126Z remote: Counting objects:  13% (164/1254)        
2022-03-04T08:19:29.4531414Z remote: Counting objects:  14% (176/1254)        
2022-03-04T08:19:29.4531714Z remote: Counting objects:  15% (189/1254)        
2022-03-04T08:19:29.4531997Z remote: Counting objects:  16% (201/1254)        
2022-03-04T08:19:29.4532305Z remote: Counting objects:  17% (214/1254)        
2022-03-04T08:19:29.4560735Z remote: Counting objects:  18% (226/1254)        
2022-03-04T08:19:29.4561060Z remote: Counting objects:  19% (239/1254)        
2022-03-04T08:19:29.4561353Z remote: Counting objects:  20% (251/1254)        
2022-03-04T08:19:29.4561628Z remote: Counting objects:  21% (264/1254)        
2022-03-04T08:19:29.4561911Z remote: Counting objects:  22% (276/1254)        
2022-03-04T08:19:29.4562362Z remote: Counting objects:  23% (289/1254)        
2022-03-04T08:19:29.4562663Z remote: Counting objects:  24% (301/1254)        
2022-03-04T08:19:29.4563260Z remote: Counting objects:  25% (314/1254)        
2022-03-04T08:19:29.4563547Z remote: Counting objects:  26% (327/1254)        
2022-03-04T08:19:29.4563847Z remote: Counting objects:  27% (339/1254)        
2022-03-04T08:19:29.4564133Z remote: Counting objects:  28% (352/1254)        
2022-03-04T08:19:29.4564434Z remote: Counting objects:  29% (364/1254)        
2022-03-04T08:19:29.4564738Z remote: Counting objects:  30% (377/1254)        
2022-03-04T08:19:29.4565024Z remote: Counting objects:  31% (389/1254)        
2022-03-04T08:19:29.4567013Z remote: Counting objects:  32% (402/1254)        
2022-03-04T08:19:29.4567353Z remote: Counting objects:  33% (414/1254)        
2022-03-04T08:19:29.4569348Z remote: Counting objects:  34% (427/1254)        
2022-03-04T08:19:29.4569646Z remote: Counting objects:  35% (439/1254)        
2022-03-04T08:19:29.4569950Z remote: Counting objects:  36% (452/1254)        
2022-03-04T08:19:29.4570252Z remote: Counting objects:  37% (464/1254)        
2022-03-04T08:19:29.4570546Z remote: Counting objects:  38% (477/1254)        
2022-03-04T08:19:29.4570842Z remote: Counting objects:  39% (490/1254)        
2022-03-04T08:19:29.4571126Z remote: Counting objects:  40% (502/1254)        
2022-03-04T08:19:29.4571422Z remote: Counting objects:  41% (515/1254)        
2022-03-04T08:19:29.4571722Z remote: Counting objects:  42% (527/1254)        
2022-03-04T08:19:29.4573589Z remote: Counting objects:  43% (540/1254)        
2022-03-04T08:19:29.4573947Z remote: Counting objects:  44% (552/1254)        
2022-03-04T08:19:29.4574229Z remote: Counting objects:  45% (565/1254)        
2022-03-04T08:19:29.4574528Z remote: Counting objects:  46% (577/1254)        
2022-03-04T08:19:29.4574813Z remote: Counting objects:  47% (590/1254)        
2022-03-04T08:19:29.4575109Z remote: Counting objects:  48% (602/1254)        
2022-03-04T08:19:29.4575404Z remote: Counting objects:  49% (615/1254)        
2022-03-04T08:19:29.4576321Z remote: Counting objects:  50% (627/1254)        
2022-03-04T08:19:29.4576825Z remote: Counting objects:  51% (640/1254)        
2022-03-04T08:19:29.4577152Z remote: Counting objects:  52% (653/1254)        
2022-03-04T08:19:29.4577447Z remote: Counting objects:  53% (665/1254)        
2022-03-04T08:19:29.4577803Z remote: Counting objects:  54% (678/1254)        
2022-03-04T08:19:29.4578302Z remote: Counting objects:  55% (690/1254)        
2022-03-04T08:19:29.4578611Z remote: Counting objects:  56% (703/1254)        
2022-03-04T08:19:29.4578913Z remote: Counting objects:  57% (715/1254)        
2022-03-04T08:19:29.4579193Z remote: Counting objects:  58% (728/1254)        
2022-03-04T08:19:29.4579738Z remote: Counting objects:  59% (740/1254)        
2022-03-04T08:19:29.4580039Z remote: Counting objects:  60% (753/1254)        
2022-03-04T08:19:29.4580323Z remote: Counting objects:  61% (765/1254)        
2022-03-04T08:19:29.4580619Z remote: Counting objects:  62% (778/1254)        
2022-03-04T08:19:29.4580901Z remote: Counting objects:  63% (791/1254)        
2022-03-04T08:19:29.4581205Z remote: Counting objects:  64% (803/1254)        
2022-03-04T08:19:29.4581486Z remote: Counting objects:  65% (816/1254)        
2022-03-04T08:19:29.4581781Z remote: Counting objects:  66% (828/1254)        
2022-03-04T08:19:29.4582075Z remote: Counting objects:  67% (841/1254)        
2022-03-04T08:19:29.4582358Z remote: Counting objects:  68% (853/1254)        
2022-03-04T08:19:29.4582652Z remote: Counting objects:  69% (866/1254)        
2022-03-04T08:19:29.4582934Z remote: Counting objects:  70% (878/1254)        
2022-03-04T08:19:29.4583230Z remote: Counting objects:  71% (891/1254)        
2022-03-04T08:19:29.4583525Z remote: Counting objects:  72% (903/1254)        
2022-03-04T08:19:29.4583955Z remote: Counting objects:  73% (916/1254)        
2022-03-04T08:19:29.4584252Z remote: Counting objects:  74% (928/1254)        
2022-03-04T08:19:29.4584531Z remote: Counting objects:  75% (941/1254)        
2022-03-04T08:19:29.4584829Z remote: Counting objects:  76% (954/1254)        
2022-03-04T08:19:29.4585290Z remote: Counting objects:  77% (966/1254)        
2022-03-04T08:19:29.4585569Z remote: Counting objects:  78% (979/1254)        
2022-03-04T08:19:29.4585865Z remote: Counting objects:  79% (991/1254)        
2022-03-04T08:19:29.4586153Z remote: Counting objects:  80% (1004/1254)        
2022-03-04T08:19:29.4586472Z remote: Counting objects:  81% (1016/1254)        
2022-03-04T08:19:29.4586772Z remote: Counting objects:  82% (1029/1254)        
2022-03-04T08:19:29.4587088Z remote: Counting objects:  83% (1041/1254)        
2022-03-04T08:19:29.4587397Z remote: Counting objects:  84% (1054/1254)        
2022-03-04T08:19:29.4587686Z remote: Counting objects:  85% (1066/1254)        
2022-03-04T08:19:29.4588058Z remote: Counting objects:  86% (1079/1254)        
2022-03-04T08:19:29.4588351Z remote: Counting objects:  87% (1091/1254)        
2022-03-04T08:19:29.4588649Z remote: Counting objects:  88% (1104/1254)        
2022-03-04T08:19:29.4588957Z remote: Counting objects:  89% (1117/1254)        
2022-03-04T08:19:29.4589247Z remote: Counting objects:  90% (1129/1254)        
2022-03-04T08:19:29.4589554Z remote: Counting objects:  91% (1142/1254)        
2022-03-04T08:19:29.4589849Z remote: Counting objects:  92% (1154/1254)        
2022-03-04T08:19:29.4590147Z remote: Counting objects:  93% (1167/1254)        
2022-03-04T08:19:29.4590437Z remote: Counting objects:  94% (1179/1254)        
2022-03-04T08:19:29.4590735Z remote: Counting objects:  95% (1192/1254)        
2022-03-04T08:19:29.4591038Z remote: Counting objects:  96% (1204/1254)        
2022-03-04T08:19:29.4591328Z remote: Counting objects:  97% (1217/1254)        
2022-03-04T08:19:29.4591628Z remote: Counting objects:  98% (1229/1254)        
2022-03-04T08:19:29.4591914Z remote: Counting objects:  99% (1242/1254)        
2022-03-04T08:19:29.4592214Z remote: Counting objects: 100% (1254/1254)        
2022-03-04T08:19:29.4592532Z remote: Counting objects: 100% (1254/1254), done.        
2022-03-04T08:19:29.4592860Z remote: Compressing objects:   0% (1/977)        
2022-03-04T08:19:29.4593179Z remote: Compressing objects:   1% (10/977)        
2022-03-04T08:19:29.4593480Z remote: Compressing objects:   2% (20/977)        
2022-03-04T08:19:29.4593790Z remote: Compressing objects:   3% (30/977)        
2022-03-04T08:19:29.4594106Z remote: Compressing objects:   4% (40/977)        
2022-03-04T08:19:29.4594489Z remote: Compressing objects:   5% (49/977)        
2022-03-04T08:19:29.4594813Z remote: Compressing objects:   6% (59/977)        
2022-03-04T08:19:29.4595111Z remote: Compressing objects:   7% (69/977)        
2022-03-04T08:19:29.4595423Z remote: Compressing objects:   8% (79/977)        
2022-03-04T08:19:29.4595721Z remote: Compressing objects:   9% (88/977)        
2022-03-04T08:19:29.4596037Z remote: Compressing objects:  10% (98/977)        
2022-03-04T08:19:29.4596359Z remote: Compressing objects:  11% (108/977)        
2022-03-04T08:19:29.4596693Z remote: Compressing objects:  12% (118/977)        
2022-03-04T08:19:29.4597018Z remote: Compressing objects:  13% (128/977)        
2022-03-04T08:19:29.4599304Z remote: Compressing objects:  14% (137/977)        
2022-03-04T08:19:29.4599732Z remote: Compressing objects:  15% (147/977)        
2022-03-04T08:19:29.4938529Z remote: Compressing objects:  16% (157/977)        
2022-03-04T08:19:29.4943271Z remote: Compressing objects:  17% (167/977)        
2022-03-04T08:19:29.4946287Z remote: Compressing objects:  18% (176/977)        
2022-03-04T08:19:29.4949665Z remote: Compressing objects:  19% (186/977)        
2022-03-04T08:19:29.4952743Z remote: Compressing objects:  20% (196/977)        
2022-03-04T08:19:29.4962441Z remote: Compressing objects:  21% (206/977)        
2022-03-04T08:19:29.4963012Z remote: Compressing objects:  22% (215/977)        
2022-03-04T08:19:29.4970017Z remote: Compressing objects:  23% (225/977)        
2022-03-04T08:19:29.4970620Z remote: Compressing objects:  24% (235/977)        
2022-03-04T08:19:29.4974031Z remote: Compressing objects:  25% (245/977)        
2022-03-04T08:19:29.4974884Z remote: Compressing objects:  26% (255/977)        
2022-03-04T08:19:29.4981791Z remote: Compressing objects:  27% (264/977)        
2022-03-04T08:19:29.4982342Z remote: Compressing objects:  28% (274/977)        
2022-03-04T08:19:29.4982859Z remote: Compressing objects:  29% (284/977)        
2022-03-04T08:19:29.4983370Z remote: Compressing objects:  30% (294/977)        
2022-03-04T08:19:29.4990404Z remote: Compressing objects:  31% (303/977)        
2022-03-04T08:19:29.4995276Z remote: Compressing objects:  32% (313/977)        
2022-03-04T08:19:29.5012050Z remote: Compressing objects:  33% (323/977)        
2022-03-04T08:19:29.5017300Z remote: Compressing objects:  34% (333/977)        
2022-03-04T08:19:29.5032653Z remote: Compressing objects:  35% (342/977)        
2022-03-04T08:19:29.5054006Z remote: Compressing objects:  36% (352/977)        
2022-03-04T08:19:29.5073286Z remote: Compressing objects:  37% (362/977)        
2022-03-04T08:19:29.5091772Z remote: Compressing objects:  38% (372/977)        
2022-03-04T08:19:29.5095843Z remote: Compressing objects:  39% (382/977)        
2022-03-04T08:19:29.5102826Z remote: Compressing objects:  40% (391/977)        
2022-03-04T08:19:29.5115900Z remote: Compressing objects:  41% (401/977)        
2022-03-04T08:19:29.5141390Z remote: Compressing objects:  42% (411/977)        
2022-03-04T08:19:29.5161979Z remote: Compressing objects:  43% (421/977)        
2022-03-04T08:19:29.5196748Z remote: Compressing objects:  44% (430/977)        
2022-03-04T08:19:29.5232665Z remote: Compressing objects:  45% (440/977)        
2022-03-04T08:19:29.5267613Z remote: Compressing objects:  46% (450/977)        
2022-03-04T08:19:29.5316625Z remote: Compressing objects:  47% (460/977)        
2022-03-04T08:19:29.5340780Z remote: Compressing objects:  48% (469/977)        
2022-03-04T08:19:29.5370837Z remote: Compressing objects:  49% (479/977)        
2022-03-04T08:19:29.5396885Z remote: Compressing objects:  50% (489/977)        
2022-03-04T08:19:29.5422181Z remote: Compressing objects:  51% (499/977)        
2022-03-04T08:19:29.5441617Z remote: Compressing objects:  52% (509/977)        
2022-03-04T08:19:29.5452927Z remote: Compressing objects:  53% (518/977)        
2022-03-04T08:19:29.5454200Z remote: Compressing objects:  54% (528/977)        
2022-03-04T08:19:29.5525519Z remote: Compressing objects:  55% (538/977)        
2022-03-04T08:19:29.5562057Z remote: Compressing objects:  56% (548/977)        
2022-03-04T08:19:29.5587044Z remote: Compressing objects:  57% (557/977)        
2022-03-04T08:19:29.5634171Z remote: Compressing objects:  58% (567/977)        
2022-03-04T08:19:29.5656690Z remote: Compressing objects:  59% (577/977)        
2022-03-04T08:19:29.5689318Z remote: Compressing objects:  60% (587/977)        
2022-03-04T08:19:29.5709328Z remote: Compressing objects:  61% (596/977)        
2022-03-04T08:19:29.5751778Z remote: Compressing objects:  62% (606/977)        
2022-03-04T08:19:29.5782199Z remote: Compressing objects:  63% (616/977)        
2022-03-04T08:19:29.5814844Z remote: Compressing objects:  64% (626/977)        
2022-03-04T08:19:29.5827419Z remote: Compressing objects:  65% (636/977)        
2022-03-04T08:19:29.5892784Z remote: Compressing objects:  66% (645/977)        
2022-03-04T08:19:29.5893860Z remote: Compressing objects:  67% (655/977)        
2022-03-04T08:19:29.5894221Z remote: Compressing objects:  68% (665/977)        
2022-03-04T08:19:29.5895687Z remote: Compressing objects:  69% (675/977)        
2022-03-04T08:19:29.5920481Z remote: Compressing objects:  70% (684/977)        
2022-03-04T08:19:29.5950159Z remote: Compressing objects:  71% (694/977)        
2022-03-04T08:19:29.5973288Z remote: Compressing objects:  72% (704/977)        
2022-03-04T08:19:29.6000432Z remote: Compressing objects:  73% (714/977)        
2022-03-04T08:19:29.6023090Z remote: Compressing objects:  74% (723/977)        
2022-03-04T08:19:29.6049304Z remote: Compressing objects:  75% (733/977)        
2022-03-04T08:19:29.6075893Z remote: Compressing objects:  76% (743/977)        
2022-03-04T08:19:29.6097052Z remote: Compressing objects:  77% (753/977)        
2022-03-04T08:19:29.6098242Z remote: Compressing objects:  78% (763/977)        
2022-03-04T08:19:29.6116795Z remote: Compressing objects:  79% (772/977)        
2022-03-04T08:19:29.6130879Z remote: Compressing objects:  80% (782/977)        
2022-03-04T08:19:29.6139213Z remote: Compressing objects:  81% (792/977)        
2022-03-04T08:19:29.6139578Z remote: Compressing objects:  82% (802/977)        
2022-03-04T08:19:29.6141721Z remote: Compressing objects:  83% (811/977)        
2022-03-04T08:19:29.6142278Z remote: Compressing objects:  84% (821/977)        
2022-03-04T08:19:29.6144779Z remote: Compressing objects:  85% (831/977)        
2022-03-04T08:19:29.6145281Z remote: Compressing objects:  86% (841/977)        
2022-03-04T08:19:29.6147686Z remote: Compressing objects:  87% (850/977)        
2022-03-04T08:19:29.6148189Z remote: Compressing objects:  88% (860/977)        
2022-03-04T08:19:29.6148875Z remote: Compressing objects:  89% (870/977)        
2022-03-04T08:19:29.6156995Z remote: Compressing objects:  90% (880/977)        
2022-03-04T08:19:29.6161625Z remote: Compressing objects:  91% (890/977)        
2022-03-04T08:19:29.6161938Z remote: Compressing objects:  92% (899/977)        
2022-03-04T08:19:29.6162270Z remote: Compressing objects:  93% (909/977)        
2022-03-04T08:19:29.6162565Z remote: Compressing objects:  94% (919/977)        
2022-03-04T08:19:29.6162848Z remote: Compressing objects:  95% (929/977)        
2022-03-04T08:19:29.6163308Z remote: Compressing objects:  96% (938/977)        
2022-03-04T08:19:29.6163613Z remote: Compressing objects:  97% (948/977)        
2022-03-04T08:19:29.6163929Z remote: Compressing objects:  98% (958/977)        
2022-03-04T08:19:29.6164245Z remote: Compressing objects:  99% (968/977)        
2022-03-04T08:19:29.6164541Z remote: Compressing objects: 100% (977/977)        
2022-03-04T08:19:29.6164868Z remote: Compressing objects: 100% (977/977), done.        
2022-03-04T08:19:29.6212590Z Receiving objects:   0% (1/1254)
2022-03-04T08:19:29.6386115Z Receiving objects:   1% (13/1254)
2022-03-04T08:19:29.7000876Z Receiving objects:   2% (26/1254)
2022-03-04T08:19:29.7008839Z Receiving objects:   3% (38/1254)
2022-03-04T08:19:29.7014333Z Receiving objects:   4% (51/1254)
2022-03-04T08:19:29.7021120Z Receiving objects:   5% (63/1254)
2022-03-04T08:19:29.7025760Z Receiving objects:   6% (76/1254)
2022-03-04T08:19:29.7030863Z Receiving objects:   7% (88/1254)
2022-03-04T08:19:29.7037516Z Receiving objects:   8% (101/1254)
2022-03-04T08:19:29.7043456Z Receiving objects:   9% (113/1254)
2022-03-04T08:19:29.7064106Z Receiving objects:  10% (126/1254)
2022-03-04T08:19:29.7102522Z Receiving objects:  11% (138/1254)
2022-03-04T08:19:29.7106141Z Receiving objects:  12% (151/1254)
2022-03-04T08:19:29.7108943Z Receiving objects:  13% (164/1254)
2022-03-04T08:19:29.7446097Z Receiving objects:  14% (176/1254)
2022-03-04T08:19:29.7449232Z Receiving objects:  15% (189/1254)
2022-03-04T08:19:29.7449846Z Receiving objects:  16% (201/1254)
2022-03-04T08:19:29.7455009Z Receiving objects:  17% (214/1254)
2022-03-04T08:19:29.7459433Z Receiving objects:  18% (226/1254)
2022-03-04T08:19:29.7460066Z Receiving objects:  19% (239/1254)
2022-03-04T08:19:29.7465122Z Receiving objects:  20% (251/1254)
2022-03-04T08:19:29.7468896Z Receiving objects:  21% (264/1254)
2022-03-04T08:19:29.7469464Z Receiving objects:  22% (276/1254)
2022-03-04T08:19:29.7471915Z Receiving objects:  23% (289/1254)
2022-03-04T08:19:29.7474203Z Receiving objects:  24% (301/1254)
2022-03-04T08:19:29.7480291Z Receiving objects:  25% (314/1254)
2022-03-04T08:19:29.7483944Z Receiving objects:  26% (327/1254)
2022-03-04T08:19:29.7490255Z Receiving objects:  27% (339/1254)
2022-03-04T08:19:29.7495589Z Receiving objects:  28% (352/1254)
2022-03-04T08:19:29.7504295Z Receiving objects:  29% (364/1254)
2022-03-04T08:19:29.7511121Z Receiving objects:  30% (377/1254)
2022-03-04T08:19:29.7517203Z Receiving objects:  31% (389/1254)
2022-03-04T08:19:29.7522946Z Receiving objects:  32% (402/1254)
2022-03-04T08:19:29.7528953Z Receiving objects:  33% (414/1254)
2022-03-04T08:19:29.7531723Z Receiving objects:  34% (427/1254)
2022-03-04T08:19:29.7540574Z Receiving objects:  35% (439/1254)
2022-03-04T08:19:29.7602706Z Receiving objects:  36% (452/1254)
2022-03-04T08:19:29.7607969Z Receiving objects:  37% (464/1254)
2022-03-04T08:19:29.7613211Z Receiving objects:  38% (477/1254)
2022-03-04T08:19:29.7617582Z Receiving objects:  39% (490/1254)
2022-03-04T08:19:29.7620610Z Receiving objects:  40% (502/1254)
2022-03-04T08:19:29.7626363Z Receiving objects:  41% (515/1254)
2022-03-04T08:19:29.7632119Z Receiving objects:  42% (527/1254)
2022-03-04T08:19:29.7639919Z Receiving objects:  43% (540/1254)
2022-03-04T08:19:29.7643786Z Receiving objects:  44% (552/1254)
2022-03-04T08:19:29.7648830Z Receiving objects:  45% (565/1254)
2022-03-04T08:19:29.7654076Z Receiving objects:  46% (577/1254)
2022-03-04T08:19:29.7664270Z Receiving objects:  47% (590/1254)
2022-03-04T08:19:29.7673864Z Receiving objects:  48% (602/1254)
2022-03-04T08:19:29.7681419Z Receiving objects:  49% (615/1254)
2022-03-04T08:19:29.7686103Z Receiving objects:  50% (627/1254)
2022-03-04T08:19:29.7692215Z Receiving objects:  51% (640/1254)
2022-03-04T08:19:29.7699337Z Receiving objects:  52% (653/1254)
2022-03-04T08:19:29.7703848Z Receiving objects:  53% (665/1254)
2022-03-04T08:19:29.7711792Z Receiving objects:  54% (678/1254)
2022-03-04T08:19:29.7717264Z Receiving objects:  55% (690/1254)
2022-03-04T08:19:29.7723608Z Receiving objects:  56% (703/1254)
2022-03-04T08:19:29.7726862Z Receiving objects:  57% (715/1254)
2022-03-04T08:19:29.7732695Z Receiving objects:  58% (728/1254)
2022-03-04T08:19:29.7749352Z Receiving objects:  59% (740/1254)
2022-03-04T08:19:29.7751783Z Receiving objects:  60% (753/1254)
2022-03-04T08:19:29.7757534Z Receiving objects:  61% (765/1254)
2022-03-04T08:19:29.7760506Z Receiving objects:  62% (778/1254)
2022-03-04T08:19:29.7763815Z Receiving objects:  63% (791/1254)
2022-03-04T08:19:29.7768283Z Receiving objects:  64% (803/1254)
2022-03-04T08:19:29.7771598Z Receiving objects:  65% (816/1254)
2022-03-04T08:19:29.7775512Z Receiving objects:  66% (828/1254)
2022-03-04T08:19:29.7777624Z Receiving objects:  67% (841/1254)
2022-03-04T08:19:29.7783007Z Receiving objects:  68% (853/1254)
2022-03-04T08:19:29.7783778Z Receiving objects:  69% (866/1254)
2022-03-04T08:19:29.7787445Z Receiving objects:  70% (878/1254)
2022-03-04T08:19:29.7790850Z Receiving objects:  71% (891/1254)
2022-03-04T08:19:29.7791319Z Receiving objects:  72% (903/1254)
2022-03-04T08:19:29.7794686Z Receiving objects:  73% (916/1254)
2022-03-04T08:19:29.7795291Z Receiving objects:  74% (928/1254)
2022-03-04T08:19:29.7800273Z Receiving objects:  75% (941/1254)
2022-03-04T08:19:29.7804512Z Receiving objects:  76% (954/1254)
2022-03-04T08:19:29.7807308Z Receiving objects:  77% (966/1254)
2022-03-04T08:19:29.7810448Z Receiving objects:  78% (979/1254)
2022-03-04T08:19:29.7815462Z Receiving objects:  79% (991/1254)
2022-03-04T08:19:29.7818214Z Receiving objects:  80% (1004/1254)
2022-03-04T08:19:29.7822429Z Receiving objects:  81% (1016/1254)
2022-03-04T08:19:29.7825675Z Receiving objects:  82% (1029/1254)
2022-03-04T08:19:29.7828737Z Receiving objects:  83% (1041/1254)
2022-03-04T08:19:29.7829131Z Receiving objects:  84% (1054/1254)
2022-03-04T08:19:29.7854152Z Receiving objects:  85% (1066/1254)
2022-03-04T08:19:29.7860783Z Receiving objects:  86% (1079/1254)
2022-03-04T08:19:29.7866810Z Receiving objects:  87% (1091/1254)
2022-03-04T08:19:29.7867168Z Receiving objects:  88% (1104/1254)
2022-03-04T08:19:29.7872633Z Receiving objects:  89% (1117/1254)
2022-03-04T08:19:29.7875853Z Receiving objects:  90% (1129/1254)
2022-03-04T08:19:29.7880706Z Receiving objects:  91% (1142/1254)
2022-03-04T08:19:29.7881639Z remote: Total 1254 (delta 310), reused 726 (delta 122), pack-reused 0        
2022-03-04T08:19:29.7884456Z Receiving objects:  92% (1154/1254)
2022-03-04T08:19:29.7890852Z Receiving objects:  93% (1167/1254)
2022-03-04T08:19:29.7893378Z Receiving objects:  94% (1179/1254)
2022-03-04T08:19:29.7897818Z Receiving objects:  95% (1192/1254)
2022-03-04T08:19:29.7898291Z Receiving objects:  96% (1204/1254)
2022-03-04T08:19:29.7900240Z Receiving objects:  97% (1217/1254)
2022-03-04T08:19:29.7902444Z Receiving objects:  98% (1229/1254)
2022-03-04T08:19:29.7911819Z Receiving objects:  99% (1242/1254)
2022-03-04T08:19:29.7912166Z Receiving objects: 100% (1254/1254)
2022-03-04T08:19:29.7912506Z Receiving objects: 100% (1254/1254), 3.35 MiB | 19.62 MiB/s, done.
2022-03-04T08:19:29.7917281Z Resolving deltas:   0% (0/310)
2022-03-04T08:19:29.7918140Z Resolving deltas:   1% (4/310)
2022-03-04T08:19:29.7919083Z Resolving deltas:   2% (7/310)
2022-03-04T08:19:29.7922460Z Resolving deltas:   3% (10/310)
2022-03-04T08:19:29.7924351Z Resolving deltas:   4% (13/310)
2022-03-04T08:19:29.7925469Z Resolving deltas:   5% (16/310)
2022-03-04T08:19:29.7929725Z Resolving deltas:   6% (19/310)
2022-03-04T08:19:29.7935923Z Resolving deltas:   7% (22/310)
2022-03-04T08:19:29.7936362Z Resolving deltas:   8% (25/310)
2022-03-04T08:19:29.7936785Z Resolving deltas:   9% (28/310)
2022-03-04T08:19:29.7937239Z Resolving deltas:  10% (31/310)
2022-03-04T08:19:29.7937659Z Resolving deltas:  11% (35/310)
2022-03-04T08:19:29.7938024Z Resolving deltas:  12% (38/310)
2022-03-04T08:19:29.7938486Z Resolving deltas:  13% (41/310)
2022-03-04T08:19:29.7938878Z Resolving deltas:  14% (44/310)
2022-03-04T08:19:29.7939293Z Resolving deltas:  15% (47/310)
2022-03-04T08:19:29.7939710Z Resolving deltas:  16% (50/310)
2022-03-04T08:19:29.7940161Z Resolving deltas:  17% (53/310)
2022-03-04T08:19:29.7940560Z Resolving deltas:  18% (56/310)
2022-03-04T08:19:29.7944762Z Resolving deltas:  19% (59/310)
2022-03-04T08:19:29.7947922Z Resolving deltas:  20% (62/310)
2022-03-04T08:19:29.7948249Z Resolving deltas:  21% (66/310)
2022-03-04T08:19:29.7952931Z Resolving deltas:  22% (69/310)
2022-03-04T08:19:29.7953316Z Resolving deltas:  23% (72/310)
2022-03-04T08:19:29.7956931Z Resolving deltas:  24% (75/310)
2022-03-04T08:19:29.7959344Z Resolving deltas:  25% (78/310)
2022-03-04T08:19:29.7964062Z Resolving deltas:  26% (81/310)
2022-03-04T08:19:29.7964452Z Resolving deltas:  27% (84/310)
2022-03-04T08:19:29.7969284Z Resolving deltas:  28% (87/310)
2022-03-04T08:19:29.7973953Z Resolving deltas:  29% (90/310)
2022-03-04T08:19:29.7978158Z Resolving deltas:  30% (93/310)
2022-03-04T08:19:29.7981704Z Resolving deltas:  31% (97/310)
2022-03-04T08:19:29.8000293Z Resolving deltas:  32% (100/310)
2022-03-04T08:19:29.8002206Z Resolving deltas:  33% (103/310)
2022-03-04T08:19:29.8003585Z Resolving deltas:  34% (106/310)
2022-03-04T08:19:29.8005949Z Resolving deltas:  35% (109/310)
2022-03-04T08:19:29.8007573Z Resolving deltas:  36% (112/310)
2022-03-04T08:19:29.8008814Z Resolving deltas:  37% (115/310)
2022-03-04T08:19:29.8010342Z Resolving deltas:  38% (118/310)
2022-03-04T08:19:29.8013460Z Resolving deltas:  39% (121/310)
2022-03-04T08:19:29.8015626Z Resolving deltas:  40% (124/310)
2022-03-04T08:19:29.8017005Z Resolving deltas:  41% (128/310)
2022-03-04T08:19:29.8018461Z Resolving deltas:  42% (131/310)
2022-03-04T08:19:29.8019609Z Resolving deltas:  43% (134/310)
2022-03-04T08:19:29.8021412Z Resolving deltas:  44% (137/310)
2022-03-04T08:19:29.8023152Z Resolving deltas:  45% (140/310)
2022-03-04T08:19:29.8025041Z Resolving deltas:  46% (143/310)
2022-03-04T08:19:29.8026433Z Resolving deltas:  47% (146/310)
2022-03-04T08:19:29.8027938Z Resolving deltas:  48% (149/310)
2022-03-04T08:19:29.8029568Z Resolving deltas:  49% (152/310)
2022-03-04T08:19:29.8032335Z Resolving deltas:  50% (155/310)
2022-03-04T08:19:29.8034125Z Resolving deltas:  51% (159/310)
2022-03-04T08:19:29.8037110Z Resolving deltas:  52% (162/310)
2022-03-04T08:19:29.8038919Z Resolving deltas:  53% (165/310)
2022-03-04T08:19:29.8041010Z Resolving deltas:  54% (168/310)
2022-03-04T08:19:29.8043191Z Resolving deltas:  55% (171/310)
2022-03-04T08:19:29.8045082Z Resolving deltas:  56% (174/310)
2022-03-04T08:19:29.8047350Z Resolving deltas:  57% (177/310)
2022-03-04T08:19:29.8113364Z Resolving deltas:  58% (180/310)
2022-03-04T08:19:29.8119796Z Resolving deltas:  59% (183/310)
2022-03-04T08:19:29.8120350Z Resolving deltas:  60% (186/310)
2022-03-04T08:19:29.8121000Z Resolving deltas:  61% (190/310)
2022-03-04T08:19:29.8121765Z Resolving deltas:  62% (193/310)
2022-03-04T08:19:29.8122310Z Resolving deltas:  63% (196/310)
2022-03-04T08:19:29.8122906Z Resolving deltas:  64% (199/310)
2022-03-04T08:19:29.8123443Z Resolving deltas:  65% (202/310)
2022-03-04T08:19:29.8124041Z Resolving deltas:  66% (205/310)
2022-03-04T08:19:29.8124613Z Resolving deltas:  67% (208/310)
2022-03-04T08:19:29.8125204Z Resolving deltas:  68% (211/310)
2022-03-04T08:19:29.8125795Z Resolving deltas:  69% (214/310)
2022-03-04T08:19:29.8126326Z Resolving deltas:  70% (217/310)
2022-03-04T08:19:29.8126909Z Resolving deltas:  71% (221/310)
2022-03-04T08:19:29.8127469Z Resolving deltas:  72% (224/310)
2022-03-04T08:19:29.8128082Z Resolving deltas:  73% (227/310)
2022-03-04T08:19:29.8128705Z Resolving deltas:  74% (230/310)
2022-03-04T08:19:29.8129221Z Resolving deltas:  75% (233/310)
2022-03-04T08:19:29.8129808Z Resolving deltas:  76% (236/310)
2022-03-04T08:19:29.8130363Z Resolving deltas:  77% (239/310)
2022-03-04T08:19:29.8130948Z Resolving deltas:  78% (242/310)
2022-03-04T08:19:29.8131451Z Resolving deltas:  79% (245/310)
2022-03-04T08:19:29.8132065Z Resolving deltas:  80% (248/310)
2022-03-04T08:19:29.8132653Z Resolving deltas:  81% (252/310)
2022-03-04T08:19:29.8133208Z Resolving deltas:  82% (255/310)
2022-03-04T08:19:29.8133791Z Resolving deltas:  83% (258/310)
2022-03-04T08:19:29.8134315Z Resolving deltas:  84% (261/310)
2022-03-04T08:19:29.8134931Z Resolving deltas:  85% (264/310)
2022-03-04T08:19:29.8135521Z Resolving deltas:  86% (267/310)
2022-03-04T08:19:29.8136083Z Resolving deltas:  87% (270/310)
2022-03-04T08:19:29.8136675Z Resolving deltas:  88% (273/310)
2022-03-04T08:19:29.8137283Z Resolving deltas:  89% (276/310)
2022-03-04T08:19:29.8137797Z Resolving deltas:  90% (279/310)
2022-03-04T08:19:29.8138385Z Resolving deltas:  91% (283/310)
2022-03-04T08:19:29.8138941Z Resolving deltas:  92% (286/310)
2022-03-04T08:19:29.8139517Z Resolving deltas:  93% (289/310)
2022-03-04T08:19:29.8139788Z Resolving deltas:  94% (292/310)
2022-03-04T08:19:29.8140120Z Resolving deltas:  95% (295/310)
2022-03-04T08:19:29.8140650Z Resolving deltas:  96% (298/310)
2022-03-04T08:19:29.8140963Z Resolving deltas:  97% (301/310)
2022-03-04T08:19:29.8141294Z Resolving deltas:  98% (304/310)
2022-03-04T08:19:29.8293407Z Resolving deltas:  99% (307/310)
2022-03-04T08:19:29.8293921Z Resolving deltas: 100% (310/310)
2022-03-04T08:19:29.8294895Z Resolving deltas: 100% (310/310), done.
2022-03-04T08:19:29.8477074Z From https://github.com/codecentric/spring-boot-admin
2022-03-04T08:19:29.8478378Z  * [new ref]         d8254a834de1b8fe138522a6b7af594be575b508 -> origin/experimental/spring-boot-3-playground
2022-03-04T08:19:29.8509028Z ##[endgroup]
2022-03-04T08:19:29.8510198Z ##[group]Determining the checkout info
2022-03-04T08:19:29.8527633Z ##[endgroup]
2022-03-04T08:19:29.8529423Z ##[group]Checking out the ref
2022-03-04T08:19:29.8530764Z [command]/usr/bin/git checkout --progress --force -B experimental/spring-boot-3-playground refs/remotes/origin/experimental/spring-boot-3-playground
2022-03-04T08:19:29.9448651Z Switched to a new branch 'experimental/spring-boot-3-playground'
2022-03-04T08:19:29.9450027Z branch 'experimental/spring-boot-3-playground' set up to track 'origin/experimental/spring-boot-3-playground'.
2022-03-04T08:19:29.9460217Z ##[endgroup]
2022-03-04T08:19:29.9508469Z [command]/usr/bin/git log -1 --format='%H'
2022-03-04T08:19:29.9541203Z 'd8254a834de1b8fe138522a6b7af594be575b508'
2022-03-04T08:19:29.9761526Z ##[group]Run actions/setup-java@v2
2022-03-04T08:19:29.9761843Z with:
2022-03-04T08:19:29.9762058Z   distribution: adopt
2022-03-04T08:19:29.9762337Z   java-version: 8
2022-03-04T08:19:29.9762651Z   java-package: jdk
2022-03-04T08:19:29.9762885Z   architecture: x64
2022-03-04T08:19:29.9763274Z   check-latest: false
2022-03-04T08:19:29.9763500Z   server-id: github
2022-03-04T08:19:29.9763790Z   server-username: GITHUB_ACTOR
2022-03-04T08:19:29.9764069Z   server-password: GITHUB_TOKEN
2022-03-04T08:19:29.9764418Z   overwrite-settings: true
2022-03-04T08:19:29.9764723Z   job-status: success
2022-03-04T08:19:29.9764940Z ##[endgroup]
2022-03-04T08:19:30.1803220Z Resolved Java 8.0.292+1 from tool-cache
2022-03-04T08:19:30.1803723Z Setting Java 8.0.292+1 as the default
2022-03-04T08:19:30.1808770Z 
2022-03-04T08:19:30.1808900Z Java configuration:
2022-03-04T08:19:30.1809220Z   Distribution: adopt
2022-03-04T08:19:30.1809542Z   Version: 8.0.292+1
2022-03-04T08:19:30.1810103Z   Path: /opt/hostedtoolcache/Java_Adopt_jdk/8.0.292-1/x64
2022-03-04T08:19:30.1810272Z 
2022-03-04T08:19:30.1833964Z Creating settings.xml with server-id: github
2022-03-04T08:19:30.1916410Z Writing to /home/runner/.m2/settings.xml
2022-03-04T08:19:30.4264541Z ##[group]Run actions/cache@v2.1.7
2022-03-04T08:19:30.4264830Z with:
2022-03-04T08:19:30.4265061Z   path: ~/.m2/repository
2022-03-04T08:19:30.4265527Z   key: Linux-build-cache-mvn-ba488feb2e6562f4de4422c800b2bb2abfa5529f5cbb800bd90832646d681bf1
2022-03-04T08:19:30.4266073Z   restore-keys: Linux-build-cache-mvn-
Linux-build-
Linux-

2022-03-04T08:19:30.4266380Z env:
2022-03-04T08:19:30.4266675Z   JAVA_HOME: /opt/hostedtoolcache/Java_Adopt_jdk/8.0.292-1/x64
2022-03-04T08:19:30.4266985Z   cache-name: cache-mvn
2022-03-04T08:19:30.4267213Z ##[endgroup]
2022-03-04T08:19:31.8123361Z Received 171966464 of 615994296 (27.9%), 163.8 MBs/sec
2022-03-04T08:19:32.8133289Z Received 348127232 of 615994296 (56.5%), 165.8 MBs/sec
2022-03-04T08:19:33.8133732Z Received 499122176 of 615994296 (81.0%), 158.6 MBs/sec
2022-03-04T08:19:34.6968007Z Received 615994296 of 615994296 (100.0%), 151.2 MBs/sec
2022-03-04T08:19:34.6969551Z Cache Size: ~587 MB (615994296 B)
2022-03-04T08:19:34.7027556Z [command]/usr/bin/tar --use-compress-program zstd -d -xf /home/runner/work/_temp/041684f7-d3bf-46a7-b7f9-f748dcb1ba48/cache.tzst -P -C /home/runner/work/spring-boot-admin/spring-boot-admin
2022-03-04T08:19:37.2232821Z Cache restored successfully
2022-03-04T08:19:37.4813017Z 
2022-03-04T08:19:37.4817242Z Cache restored from key: Linux-build-cache-mvn-8d83c696766dade3e4d6e658f2b8ccb1783411306742c9e839e6cd17ae9cbc17
2022-03-04T08:19:37.7282122Z ##[group]Run actions/cache@v2
2022-03-04T08:19:37.7282400Z with:
2022-03-04T08:19:37.7282630Z   path: ~/.npm
2022-03-04T08:19:37.7283141Z   key: Linux-build-cache-node-modules-d1f9c9b76a236ee8f58468003fa1738b943f74026e0ad04dd47b93e515a4d747
2022-03-04T08:19:37.7283732Z   restore-keys: Linux-build-cache-node-modules-

2022-03-04T08:19:37.7284041Z env:
2022-03-04T08:19:37.7284346Z   JAVA_HOME: /opt/hostedtoolcache/Java_Adopt_jdk/8.0.292-1/x64
2022-03-04T08:19:37.7284678Z   cache-name: cache-node-modules
2022-03-04T08:19:37.7284945Z ##[endgroup]
2022-03-04T08:19:39.1146604Z Received 105619689 of 109813993 (96.2%), 100.6 MBs/sec
2022-03-04T08:19:39.3713569Z Received 109813993 of 109813993 (100.0%), 83.2 MBs/sec
2022-03-04T08:19:39.3717930Z Cache Size: ~105 MB (109813993 B)
2022-03-04T08:19:39.3747741Z [command]/usr/bin/tar --use-compress-program zstd -d -xf /home/runner/work/_temp/eb6f5bdd-690e-452a-bd29-66882a664b31/cache.tzst -P -C /home/runner/work/spring-boot-admin/spring-boot-admin
2022-03-04T08:19:40.3051759Z Cache restored successfully
2022-03-04T08:19:40.3279330Z 
2022-03-04T08:19:40.3280244Z Cache restored from key: Linux-build-cache-node-modules-d1f9c9b76a236ee8f58468003fa1738b943f74026e0ad04dd47b93e515a4d747
2022-03-04T08:19:40.3446053Z ##[group]Run mvn -B spring-javaformat:apply --no-transfer-progress
2022-03-04T08:19:40.3446610Z [36;1mmvn -B spring-javaformat:apply --no-transfer-progress[0m
2022-03-04T08:19:40.3447190Z [36;1mmvn -B verify -P coverage --no-transfer-progress -D maven.javadoc.skip=true[0m
2022-03-04T08:19:40.3504046Z shell: /usr/bin/bash -e {0}
2022-03-04T08:19:40.3504321Z env:
2022-03-04T08:19:40.3504649Z   JAVA_HOME: /opt/hostedtoolcache/Java_Adopt_jdk/8.0.292-1/x64
2022-03-04T08:19:40.3505171Z ##[endgroup]
2022-03-04T08:19:43.9748932Z [INFO] Scanning for projects...
2022-03-04T08:19:44.4729978Z [INFO] ------------------------------------------------------------------------
2022-03-04T08:19:44.4737326Z [INFO] Reactor Build Order:
2022-03-04T08:19:44.4740038Z [INFO] 
2022-03-04T08:19:44.4754564Z [INFO] Spring Boot Admin                                                  [pom]
2022-03-04T08:19:44.4788393Z [INFO] Spring Boot Admin Dependencies                                     [pom]
2022-03-04T08:19:44.4791882Z [INFO] Spring Boot Admin Build                                            [pom]
2022-03-04T08:19:44.4795078Z [INFO] Spring Boot Admin Server                                           [jar]
2022-03-04T08:19:44.4798588Z [INFO] Spring Boot Admin Server UI                                        [jar]
2022-03-04T08:19:44.4801427Z [INFO] Spring Boot Admin Client                                           [jar]
2022-03-04T08:19:44.4804243Z [INFO] Spring Boot Admin Docs                                             [pom]
2022-03-04T08:19:44.4807034Z [INFO] Spring Boot Admin Server Cloud                                     [jar]
2022-03-04T08:19:44.4809958Z [INFO] Spring Boot Admin Server Starter                                   [jar]
2022-03-04T08:19:44.4812776Z [INFO] Spring Boot Admin Client Starter                                   [jar]
2022-03-04T08:19:44.4815638Z [INFO] Spring Boot Admin Samples                                          [pom]
2022-03-04T08:19:44.4820170Z [INFO] Spring Boot Admin Server custom UI                                 [jar]
2022-03-04T08:19:44.4823242Z [INFO] Spring Boot Admin Sample Servlet                                   [jar]
2022-03-04T08:19:44.4839409Z [INFO] Spring Boot Admin Sample Reactive                                  [jar]
2022-03-04T08:19:44.4841312Z [INFO] Spring Boot Admin Sample War                                       [war]
2022-03-04T08:19:44.4842934Z [INFO] Spring Boot Admin Sample Hazelcast                                 [jar]
2022-03-04T08:19:44.4844784Z [INFO] Spring Boot Admin Sample Eureka                                    [jar]
2022-03-04T08:19:44.4846501Z [INFO] Spring Boot Admin Sample Consul                                    [jar]
2022-03-04T08:19:44.4848219Z [INFO] Spring Boot Admin Sample Zookeeper                                 [jar]
2022-03-04T08:19:44.6418312Z [INFO] 
2022-03-04T08:19:44.6420943Z [INFO] ------------------< de.codecentric:spring-boot-admin >------------------
2022-03-04T08:19:44.6423050Z [INFO] Building Spring Boot Admin 2.6.3-SNAPSHOT                         [1/19]
2022-03-04T08:19:44.6426972Z [INFO] --------------------------------[ pom ]---------------------------------
2022-03-04T08:19:44.6465674Z [INFO] 
2022-03-04T08:19:44.6471052Z [INFO] --- spring-javaformat-maven-plugin:0.0.29:apply (default-cli) @ spring-boot-admin ---
2022-03-04T08:19:45.1639792Z [INFO] 
2022-03-04T08:19:45.1640988Z [INFO] -----------< de.codecentric:spring-boot-admin-dependencies >------------
2022-03-04T08:19:45.1641758Z [INFO] Building Spring Boot Admin Dependencies 2.6.3-SNAPSHOT            [2/19]
2022-03-04T08:19:45.1642413Z [INFO] --------------------------------[ pom ]---------------------------------
2022-03-04T08:19:45.1646569Z [INFO] 
2022-03-04T08:19:45.1647420Z [INFO] --- spring-javaformat-maven-plugin:0.0.29:apply (default-cli) @ spring-boot-admin-dependencies ---
2022-03-04T08:19:45.1683030Z [INFO] 
2022-03-04T08:19:45.1683881Z [INFO] ---------------< de.codecentric:spring-boot-admin-build >---------------
2022-03-04T08:19:45.1684982Z [INFO] Building Spring Boot Admin Build 2.6.3-SNAPSHOT                   [3/19]
2022-03-04T08:19:45.1685658Z [INFO] --------------------------------[ pom ]---------------------------------
2022-03-04T08:19:45.1688959Z [INFO] 
2022-03-04T08:19:45.1689693Z [INFO] --- spring-javaformat-maven-plugin:0.0.29:apply (default-cli) @ spring-boot-admin-build ---
2022-03-04T08:19:45.1716432Z [INFO] 
2022-03-04T08:19:45.1717153Z [INFO] --------------< de.codecentric:spring-boot-admin-server >---------------
2022-03-04T08:19:45.1718212Z [INFO] Building Spring Boot Admin Server 2.6.3-SNAPSHOT                  [4/19]
2022-03-04T08:19:45.1718795Z [INFO] --------------------------------[ jar ]---------------------------------
2022-03-04T08:19:45.1729961Z [INFO] 
2022-03-04T08:19:45.1730748Z [INFO] --- spring-javaformat-maven-plugin:0.0.29:apply (default-cli) @ spring-boot-admin-server ---
2022-03-04T08:19:47.5774513Z [INFO] 
2022-03-04T08:19:47.5775850Z [INFO] -------------< de.codecentric:spring-boot-admin-server-ui >-------------
2022-03-04T08:19:47.5779270Z [INFO] Building Spring Boot Admin Server UI 2.6.3-SNAPSHOT               [5/19]
2022-03-04T08:19:47.5782510Z [INFO] --------------------------------[ jar ]---------------------------------
2022-03-04T08:19:47.5793412Z [INFO] 
2022-03-04T08:19:47.5796462Z [INFO] --- spring-javaformat-maven-plugin:0.0.29:apply (default-cli) @ spring-boot-admin-server-ui ---
2022-03-04T08:19:47.6396097Z [INFO] 
2022-03-04T08:19:47.6400185Z [INFO] --------------< de.codecentric:spring-boot-admin-client >---------------
2022-03-04T08:19:47.6403525Z [INFO] Building Spring Boot Admin Client 2.6.3-SNAPSHOT                  [6/19]
2022-03-04T08:19:47.6406718Z [INFO] --------------------------------[ jar ]---------------------------------
2022-03-04T08:19:47.6416989Z [INFO] 
2022-03-04T08:19:47.6420708Z [INFO] --- spring-javaformat-maven-plugin:0.0.29:apply (default-cli) @ spring-boot-admin-client ---
2022-03-04T08:19:47.7396115Z [INFO] 
2022-03-04T08:19:47.7400604Z [INFO] ---------------< de.codecentric:spring-boot-admin-docs >----------------
2022-03-04T08:19:47.7404031Z [INFO] Building Spring Boot Admin Docs 2.6.3-SNAPSHOT                    [7/19]
2022-03-04T08:19:47.7407261Z [INFO] --------------------------------[ pom ]---------------------------------
2022-03-04T08:19:47.7416411Z [INFO] 
2022-03-04T08:19:47.7427030Z [INFO] --- spring-javaformat-maven-plugin:0.0.29:apply (default-cli) @ spring-boot-admin-docs ---
2022-03-04T08:19:47.7456153Z [INFO] 
2022-03-04T08:19:47.7459641Z [INFO] -----------< de.codecentric:spring-boot-admin-server-cloud >------------
2022-03-04T08:19:47.7463228Z [INFO] Building Spring Boot Admin Server Cloud 2.6.3-SNAPSHOT            [8/19]
2022-03-04T08:19:47.7466420Z [INFO] --------------------------------[ jar ]---------------------------------
2022-03-04T08:19:47.7475575Z [INFO] 
2022-03-04T08:19:47.7479660Z [INFO] --- spring-javaformat-maven-plugin:0.0.29:apply (default-cli) @ spring-boot-admin-server-cloud ---
2022-03-04T08:19:47.8127282Z [INFO] 
2022-03-04T08:19:47.8130978Z [INFO] ----------< de.codecentric:spring-boot-admin-starter-server >-----------
2022-03-04T08:19:47.8134318Z [INFO] Building Spring Boot Admin Server Starter 2.6.3-SNAPSHOT          [9/19]
2022-03-04T08:19:47.8137483Z [INFO] --------------------------------[ jar ]---------------------------------
2022-03-04T08:19:47.8146157Z [INFO] 
2022-03-04T08:19:47.8149786Z [INFO] --- spring-javaformat-maven-plugin:0.0.29:apply (default-cli) @ spring-boot-admin-starter-server ---
2022-03-04T08:19:47.8179110Z [INFO] 
2022-03-04T08:19:47.8182525Z [INFO] ----------< de.codecentric:spring-boot-admin-starter-client >-----------
2022-03-04T08:19:47.8185805Z [INFO] Building Spring Boot Admin Client Starter 2.6.3-SNAPSHOT         [10/19]
2022-03-04T08:19:47.8188962Z [INFO] --------------------------------[ jar ]---------------------------------
2022-03-04T08:19:47.8196878Z [INFO] 
2022-03-04T08:19:47.8200797Z [INFO] --- spring-javaformat-maven-plugin:0.0.29:apply (default-cli) @ spring-boot-admin-starter-client ---
2022-03-04T08:19:47.8229542Z [INFO] 
2022-03-04T08:19:47.8233143Z [INFO] --------------< de.codecentric:spring-boot-admin-samples >--------------
2022-03-04T08:19:47.8236404Z [INFO] Building Spring Boot Admin Samples 2.6.3-SNAPSHOT                [11/19]
2022-03-04T08:19:47.8239889Z [INFO] --------------------------------[ pom ]---------------------------------
2022-03-04T08:19:47.8249699Z [INFO] 
2022-03-04T08:19:47.8253142Z [INFO] --- spring-javaformat-maven-plugin:0.0.29:apply (default-cli) @ spring-boot-admin-samples ---
2022-03-04T08:19:47.8279375Z [INFO] 
2022-03-04T08:19:47.8282721Z [INFO] ---------< de.codecentric:spring-boot-admin-sample-custom-ui >----------
2022-03-04T08:19:47.8285988Z [INFO] Building Spring Boot Admin Server custom UI 2.6.3-SNAPSHOT       [12/19]
2022-03-04T08:19:47.8289222Z [INFO] --------------------------------[ jar ]---------------------------------
2022-03-04T08:19:47.8296106Z [INFO] 
2022-03-04T08:19:47.8299577Z [INFO] --- spring-javaformat-maven-plugin:0.0.29:apply (default-cli) @ spring-boot-admin-sample-custom-ui ---
2022-03-04T08:19:47.8325623Z [INFO] 
2022-03-04T08:19:47.8329261Z [INFO] ----------< de.codecentric:spring-boot-admin-sample-servlet >-----------
2022-03-04T08:19:47.8332740Z [INFO] Building Spring Boot Admin Sample Servlet 2.6.3-SNAPSHOT         [13/19]
2022-03-04T08:19:47.8335960Z [INFO] --------------------------------[ jar ]---------------------------------
2022-03-04T08:19:47.8343723Z [INFO] 
2022-03-04T08:19:47.8347227Z [INFO] --- spring-javaformat-maven-plugin:0.0.29:apply (default-cli) @ spring-boot-admin-sample-servlet ---
2022-03-04T08:19:47.8519014Z [INFO] 
2022-03-04T08:19:47.8522664Z [INFO] ----------< de.codecentric:spring-boot-admin-sample-reactive >----------
2022-03-04T08:19:47.8525948Z [INFO] Building Spring Boot Admin Sample Reactive 2.6.3-SNAPSHOT        [14/19]
2022-03-04T08:19:47.8529107Z [INFO] --------------------------------[ jar ]---------------------------------
2022-03-04T08:19:47.8536773Z [INFO] 
2022-03-04T08:19:47.8540321Z [INFO] --- spring-javaformat-maven-plugin:0.0.29:apply (default-cli) @ spring-boot-admin-sample-reactive ---
2022-03-04T08:19:47.8620386Z [INFO] 
2022-03-04T08:19:47.8623793Z [INFO] ------------< de.codecentric:spring-boot-admin-sample-war >-------------
2022-03-04T08:19:47.8627398Z [INFO] Building Spring Boot Admin Sample War 2.6.3-SNAPSHOT             [15/19]
2022-03-04T08:19:47.8630843Z [INFO] --------------------------------[ war ]---------------------------------
2022-03-04T08:19:47.8639014Z [INFO] 
2022-03-04T08:19:47.8642613Z [INFO] --- spring-javaformat-maven-plugin:0.0.29:apply (default-cli) @ spring-boot-admin-sample-war ---
2022-03-04T08:19:47.8733143Z [INFO] 
2022-03-04T08:19:47.8736748Z [INFO] ---------< de.codecentric:spring-boot-admin-sample-hazelcast >----------
2022-03-04T08:19:47.8740081Z [INFO] Building Spring Boot Admin Sample Hazelcast 2.6.3-SNAPSHOT       [16/19]
2022-03-04T08:19:47.8743248Z [INFO] --------------------------------[ jar ]---------------------------------
2022-03-04T08:19:47.8750542Z [INFO] 
2022-03-04T08:19:47.8754010Z [INFO] --- spring-javaformat-maven-plugin:0.0.29:apply (default-cli) @ spring-boot-admin-sample-hazelcast ---
2022-03-04T08:19:47.8905841Z [INFO] 
2022-03-04T08:19:47.8909026Z [INFO] -----------< de.codecentric:spring-boot-admin-sample-eureka >-----------
2022-03-04T08:19:47.8912062Z [INFO] Building Spring Boot Admin Sample Eureka 2.6.3-SNAPSHOT          [17/19]
2022-03-04T08:19:47.8915114Z [INFO] --------------------------------[ jar ]---------------------------------
2022-03-04T08:19:47.8922366Z [INFO] 
2022-03-04T08:19:47.8926034Z [INFO] --- spring-javaformat-maven-plugin:0.0.29:apply (default-cli) @ spring-boot-admin-sample-eureka ---
2022-03-04T08:19:47.9029774Z [INFO] 
2022-03-04T08:19:47.9033899Z [INFO] -----------< de.codecentric:spring-boot-admin-sample-consul >-----------
2022-03-04T08:19:47.9038017Z [INFO] Building Spring Boot Admin Sample Consul 2.6.3-SNAPSHOT          [18/19]
2022-03-04T08:19:47.9041745Z [INFO] --------------------------------[ jar ]---------------------------------
2022-03-04T08:19:47.9048994Z [INFO] 
2022-03-04T08:19:47.9052398Z [INFO] --- spring-javaformat-maven-plugin:0.0.29:apply (default-cli) @ spring-boot-admin-sample-consul ---
2022-03-04T08:19:47.9157401Z [INFO] 
2022-03-04T08:19:47.9161224Z [INFO] ---------< de.codecentric:spring-boot-admin-sample-zookeeper >----------
2022-03-04T08:19:47.9164486Z [INFO] Building Spring Boot Admin Sample Zookeeper 2.6.3-SNAPSHOT       [19/19]
2022-03-04T08:19:47.9168033Z [INFO] --------------------------------[ jar ]---------------------------------
2022-03-04T08:19:47.9175380Z [INFO] 
2022-03-04T08:19:47.9178989Z [INFO] --- spring-javaformat-maven-plugin:0.0.29:apply (default-cli) @ spring-boot-admin-sample-zookeeper ---
2022-03-04T08:19:47.9297811Z [INFO] ------------------------------------------------------------------------
2022-03-04T08:19:47.9301337Z [INFO] Reactor Summary for Spring Boot Admin 2.6.3-SNAPSHOT:
2022-03-04T08:19:47.9304142Z [INFO] 
2022-03-04T08:19:47.9309879Z [INFO] Spring Boot Admin .................................. SUCCESS [  0.522 s]
2022-03-04T08:19:47.9313940Z [INFO] Spring Boot Admin Dependencies ..................... SUCCESS [  0.005 s]
2022-03-04T08:19:47.9317767Z [INFO] Spring Boot Admin Build ............................ SUCCESS [  0.003 s]
2022-03-04T08:19:47.9321603Z [INFO] Spring Boot Admin Server ........................... SUCCESS [  2.406 s]
2022-03-04T08:19:47.9325068Z [INFO] Spring Boot Admin Server UI ........................ SUCCESS [  0.062 s]
2022-03-04T08:19:47.9329076Z [INFO] Spring Boot Admin Client ........................... SUCCESS [  0.100 s]
2022-03-04T08:19:47.9332544Z [INFO] Spring Boot Admin Docs ............................. SUCCESS [  0.006 s]
2022-03-04T08:19:47.9336175Z [INFO] Spring Boot Admin Server Cloud ..................... SUCCESS [  0.067 s]
2022-03-04T08:19:47.9339802Z [INFO] Spring Boot Admin Server Starter ................... SUCCESS [  0.005 s]
2022-03-04T08:19:47.9343257Z [INFO] Spring Boot Admin Client Starter ................... SUCCESS [  0.005 s]
2022-03-04T08:19:47.9346681Z [INFO] Spring Boot Admin Samples .......................... SUCCESS [  0.005 s]
2022-03-04T08:19:47.9350354Z [INFO] Spring Boot Admin Server custom UI ................. SUCCESS [  0.005 s]
2022-03-04T08:19:47.9353814Z [INFO] Spring Boot Admin Sample Servlet ................... SUCCESS [  0.019 s]
2022-03-04T08:19:47.9357470Z [INFO] Spring Boot Admin Sample Reactive .................. SUCCESS [  0.010 s]
2022-03-04T08:19:47.9361286Z [INFO] Spring Boot Admin Sample War ....................... SUCCESS [  0.012 s]
2022-03-04T08:19:47.9364730Z [INFO] Spring Boot Admin Sample Hazelcast ................. SUCCESS [  0.017 s]
2022-03-04T08:19:47.9368449Z [INFO] Spring Boot Admin Sample Eureka .................... SUCCESS [  0.012 s]
2022-03-04T08:19:47.9372126Z [INFO] Spring Boot Admin Sample Consul .................... SUCCESS [  0.013 s]
2022-03-04T08:19:47.9375810Z [INFO] Spring Boot Admin Sample Zookeeper ................. SUCCESS [  0.014 s]
2022-03-04T08:19:47.9379130Z [INFO] ------------------------------------------------------------------------
2022-03-04T08:19:47.9382154Z [INFO] BUILD SUCCESS
2022-03-04T08:19:47.9385245Z [INFO] ------------------------------------------------------------------------
2022-03-04T08:19:47.9389343Z [INFO] Total time:  3.997 s
2022-03-04T08:19:47.9394574Z [INFO] Finished at: 2022-03-04T08:19:47Z
2022-03-04T08:19:47.9398642Z [INFO] ------------------------------------------------------------------------
2022-03-04T08:19:49.0038708Z [INFO] Scanning for projects...
2022-03-04T08:19:49.4305492Z [INFO] ------------------------------------------------------------------------
2022-03-04T08:19:49.4306093Z [INFO] Reactor Build Order:
2022-03-04T08:19:49.4306458Z [INFO] 
2022-03-04T08:19:49.4318642Z [INFO] Spring Boot Admin                                                  [pom]
2022-03-04T08:19:49.4319246Z [INFO] Spring Boot Admin Dependencies                                     [pom]
2022-03-04T08:19:49.4320102Z [INFO] Spring Boot Admin Build                                            [pom]
2022-03-04T08:19:49.4320584Z [INFO] Spring Boot Admin Server                                           [jar]
2022-03-04T08:19:49.4322014Z [INFO] Spring Boot Admin Server UI                                        [jar]
2022-03-04T08:19:49.4322594Z [INFO] Spring Boot Admin Client                                           [jar]
2022-03-04T08:19:49.4323179Z [INFO] Spring Boot Admin Docs                                             [pom]
2022-03-04T08:19:49.4323797Z [INFO] Spring Boot Admin Server Cloud                                     [jar]
2022-03-04T08:19:49.4324373Z [INFO] Spring Boot Admin Server Starter                                   [jar]
2022-03-04T08:19:49.4324937Z [INFO] Spring Boot Admin Client Starter                                   [jar]
2022-03-04T08:19:49.4325514Z [INFO] Spring Boot Admin Samples                                          [pom]
2022-03-04T08:19:49.4326098Z [INFO] Spring Boot Admin Server custom UI                                 [jar]
2022-03-04T08:19:49.4326670Z [INFO] Spring Boot Admin Sample Servlet                                   [jar]
2022-03-04T08:19:49.4327226Z [INFO] Spring Boot Admin Sample Reactive                                  [jar]
2022-03-04T08:19:49.4327788Z [INFO] Spring Boot Admin Sample War                                       [war]
2022-03-04T08:19:49.4328457Z [INFO] Spring Boot Admin Sample Hazelcast                                 [jar]
2022-03-04T08:19:49.4328972Z [INFO] Spring Boot Admin Sample Eureka                                    [jar]
2022-03-04T08:19:49.4329489Z [INFO] Spring Boot Admin Sample Consul                                    [jar]
2022-03-04T08:19:49.4330019Z [INFO] Spring Boot Admin Sample Zookeeper                                 [jar]
2022-03-04T08:19:49.4384084Z [INFO] 
2022-03-04T08:19:49.4385321Z [INFO] ------------------< de.codecentric:spring-boot-admin >------------------
2022-03-04T08:19:49.4386029Z [INFO] Building Spring Boot Admin 2.6.3-SNAPSHOT                         [1/19]
2022-03-04T08:19:49.4386618Z [INFO] --------------------------------[ pom ]---------------------------------
2022-03-04T08:19:49.5336307Z [INFO] 
2022-03-04T08:19:49.5340086Z [INFO] --- maven-checkstyle-plugin:3.1.2:check (checkstyle-validation) @ spring-boot-admin ---
2022-03-04T08:19:50.9935596Z [INFO] Starting audit...
2022-03-04T08:19:50.9936153Z Audit done.
2022-03-04T08:19:51.0089514Z [INFO] You have 0 Checkstyle violations.
2022-03-04T08:19:51.0097365Z [INFO] 
2022-03-04T08:19:51.0098399Z [INFO] --- maven-enforcer-plugin:3.0.0:enforce (enforce-maven) @ spring-boot-admin ---
2022-03-04T08:19:51.1997788Z [INFO] 
2022-03-04T08:19:51.1999103Z [INFO] --- spring-javaformat-maven-plugin:0.0.29:validate (default) @ spring-boot-admin ---
2022-03-04T08:19:51.2934093Z [INFO] 
2022-03-04T08:19:51.2934973Z [INFO] --- jacoco-maven-plugin:0.8.7:prepare-agent (pre-unit-test) @ spring-boot-admin ---
2022-03-04T08:19:51.3627153Z [INFO] argLine set to -javaagent:/home/runner/.m2/repository/org/jacoco/org.jacoco.agent/0.8.7/org.jacoco.agent-0.8.7-runtime.jar=destfile=/home/runner/work/spring-boot-admin/spring-boot-admin/target/jacoco.exec
2022-03-04T08:19:51.3628083Z [INFO] 
2022-03-04T08:19:51.3629129Z [INFO] --- flatten-maven-plugin:1.2.7:flatten (flatten) @ spring-boot-admin ---
2022-03-04T08:19:51.4872530Z [INFO] Generating flattened POM of project de.codecentric:spring-boot-admin:pom:2.6.3-SNAPSHOT...
2022-03-04T08:19:51.7636276Z [INFO] 
2022-03-04T08:19:51.7637174Z [INFO] --- maven-source-plugin:3.2.1:jar-no-fork (attach-sources) @ spring-boot-admin ---
2022-03-04T08:19:51.8761218Z [INFO] 
2022-03-04T08:19:51.8765174Z [INFO] --- maven-javadoc-plugin:3.3.1:jar (attach-javadocs) @ spring-boot-admin ---
2022-03-04T08:19:52.2226530Z [INFO] Skipping javadoc generation
2022-03-04T08:19:52.2232434Z [INFO] 
2022-03-04T08:19:52.2236195Z [INFO] --- jacoco-maven-plugin:0.8.7:report (post-unit-test) @ spring-boot-admin ---
2022-03-04T08:19:52.2262512Z [INFO] Skipping JaCoCo execution due to missing execution data file.
2022-03-04T08:19:52.2268383Z [INFO] 
2022-03-04T08:19:52.2271720Z [INFO] -----------< de.codecentric:spring-boot-admin-dependencies >------------
2022-03-04T08:19:52.2276919Z [INFO] Building Spring Boot Admin Dependencies 2.6.3-SNAPSHOT            [2/19]
2022-03-04T08:19:52.2277506Z [INFO] --------------------------------[ pom ]---------------------------------
2022-03-04T08:19:52.2308904Z [INFO] 
2022-03-04T08:19:52.2312372Z [INFO] --- maven-checkstyle-plugin:3.1.2:check (checkstyle-validation) @ spring-boot-admin-dependencies ---
2022-03-04T08:19:52.2995332Z [INFO] Starting audit...
2022-03-04T08:19:52.2995963Z Audit done.
2022-03-04T08:19:52.3006069Z [INFO] You have 0 Checkstyle violations.
2022-03-04T08:19:52.3012887Z [INFO] 
2022-03-04T08:19:52.3018569Z [INFO] --- maven-enforcer-plugin:3.0.0:enforce (enforce-maven) @ spring-boot-admin-dependencies ---
2022-03-04T08:19:52.3043446Z [INFO] 
2022-03-04T08:19:52.3044339Z [INFO] --- spring-javaformat-maven-plugin:0.0.29:validate (default) @ spring-boot-admin-dependencies ---
2022-03-04T08:19:52.3064307Z [INFO] 
2022-03-04T08:19:52.3067963Z [INFO] --- jacoco-maven-plugin:0.8.7:prepare-agent (pre-unit-test) @ spring-boot-admin-dependencies ---
2022-03-04T08:19:52.3087479Z [INFO] argLine set to -javaagent:/home/runner/.m2/repository/org/jacoco/org.jacoco.agent/0.8.7/org.jacoco.agent-0.8.7-runtime.jar=destfile=/home/runner/work/spring-boot-admin/spring-boot-admin/spring-boot-admin-dependencies/target/jacoco.exec
2022-03-04T08:19:52.3088326Z [INFO] 
2022-03-04T08:19:52.3088975Z [INFO] --- flatten-maven-plugin:1.2.7:flatten (flatten) @ spring-boot-admin-dependencies ---
2022-03-04T08:19:52.3104959Z [INFO] Generating flattened POM of project de.codecentric:spring-boot-admin-dependencies:pom:2.6.3-SNAPSHOT...
2022-03-04T08:19:52.3178530Z [INFO] 
2022-03-04T08:19:52.3183345Z [INFO] --- maven-source-plugin:3.2.1:jar-no-fork (attach-sources) @ spring-boot-admin-dependencies ---
2022-03-04T08:19:52.3195658Z [INFO] 
2022-03-04T08:19:52.3200254Z [INFO] --- maven-javadoc-plugin:3.3.1:jar (attach-javadocs) @ spring-boot-admin-dependencies ---
2022-03-04T08:19:52.3242514Z [INFO] Skipping javadoc generation
2022-03-04T08:19:52.3246093Z [INFO] 
2022-03-04T08:19:52.3249789Z [INFO] --- jacoco-maven-plugin:0.8.7:report (post-unit-test) @ spring-boot-admin-dependencies ---
2022-03-04T08:19:52.3260784Z [INFO] Skipping JaCoCo execution due to missing execution data file.
2022-03-04T08:19:52.3264489Z [INFO] 
2022-03-04T08:19:52.3267791Z [INFO] ---------------< de.codecentric:spring-boot-admin-build >---------------
2022-03-04T08:19:52.3271045Z [INFO] Building Spring Boot Admin Build 2.6.3-SNAPSHOT                   [3/19]
2022-03-04T08:19:52.3274373Z [INFO] --------------------------------[ pom ]---------------------------------
2022-03-04T08:19:52.3362634Z [INFO] 
2022-03-04T08:19:52.3366268Z [INFO] --- maven-checkstyle-plugin:3.1.2:check (checkstyle-validation) @ spring-boot-admin-build ---
2022-03-04T08:19:52.4004699Z [INFO] Starting audit...
2022-03-04T08:19:52.4005316Z Audit done.
2022-03-04T08:19:52.4006224Z [INFO] You have 0 Checkstyle violations.
2022-03-04T08:19:52.4007508Z [INFO] 
2022-03-04T08:19:52.4009796Z [INFO] --- maven-enforcer-plugin:3.0.0:enforce (enforce-maven) @ spring-boot-admin-build ---
2022-03-04T08:19:52.4016126Z [INFO] 
2022-03-04T08:19:52.4016989Z [INFO] --- spring-javaformat-maven-plugin:0.0.29:validate (default) @ spring-boot-admin-build ---
2022-03-04T08:19:52.4038021Z [INFO] 
2022-03-04T08:19:52.4038951Z [INFO] --- build-helper-maven-plugin:3.3.0:regex-property (generate-automatic-module-name) @ spring-boot-admin-build ---
2022-03-04T08:19:52.4910620Z [INFO] 
2022-03-04T08:19:52.4916885Z [INFO] --- jacoco-maven-plugin:0.8.7:prepare-agent (pre-unit-test) @ spring-boot-admin-build ---
2022-03-04T08:19:52.4930263Z [INFO] argLine set to -javaagent:/home/runner/.m2/repository/org/jacoco/org.jacoco.agent/0.8.7/org.jacoco.agent-0.8.7-runtime.jar=destfile=/home/runner/work/spring-boot-admin/spring-boot-admin/spring-boot-admin-build/target/jacoco.exec
2022-03-04T08:19:52.4934413Z [INFO] 
2022-03-04T08:19:52.4948372Z [INFO] --- flatten-maven-plugin:1.2.7:flatten (flatten) @ spring-boot-admin-build ---
2022-03-04T08:19:52.4974886Z [INFO] Generating flattened POM of project de.codecentric:spring-boot-admin-build:pom:2.6.3-SNAPSHOT...
2022-03-04T08:19:52.5426471Z [INFO] 
2022-03-04T08:19:52.5430614Z [INFO] --- maven-source-plugin:3.2.1:jar-no-fork (attach-sources) @ spring-boot-admin-build ---
2022-03-04T08:19:52.5444969Z [INFO] 
2022-03-04T08:19:52.5448970Z [INFO] --- maven-javadoc-plugin:3.3.1:jar (attach-javadocs) @ spring-boot-admin-build ---
2022-03-04T08:19:52.5490980Z [INFO] Skipping javadoc generation
2022-03-04T08:19:52.5494970Z [INFO] 
2022-03-04T08:19:52.5498369Z [INFO] --- jacoco-maven-plugin:0.8.7:report (post-unit-test) @ spring-boot-admin-build ---
2022-03-04T08:19:52.5516839Z [INFO] Skipping JaCoCo execution due to missing execution data file.
2022-03-04T08:19:52.5521127Z [INFO] 
2022-03-04T08:19:52.5524821Z [INFO] --------------< de.codecentric:spring-boot-admin-server >---------------
2022-03-04T08:19:52.5530215Z [INFO] Building Spring Boot Admin Server 2.6.3-SNAPSHOT                  [4/19]
2022-03-04T08:19:52.5533571Z [INFO] --------------------------------[ jar ]---------------------------------
2022-03-04T08:19:54.9250987Z [INFO] 
2022-03-04T08:19:54.9256789Z [INFO] --- maven-checkstyle-plugin:3.1.2:check (checkstyle-validation) @ spring-boot-admin-server ---
2022-03-04T08:20:00.5675150Z [INFO] Starting audit...
2022-03-04T08:20:00.5675956Z Audit done.
2022-03-04T08:20:00.5894913Z [INFO] You have 0 Checkstyle violations.
2022-03-04T08:20:00.5902282Z [INFO] 
2022-03-04T08:20:00.5906115Z [INFO] --- maven-enforcer-plugin:3.0.0:enforce (enforce-maven) @ spring-boot-admin-server ---
2022-03-04T08:20:00.5923208Z [INFO] 
2022-03-04T08:20:00.5926959Z [INFO] --- spring-javaformat-maven-plugin:0.0.29:validate (default) @ spring-boot-admin-server ---
2022-03-04T08:20:02.0702990Z [INFO] 
2022-03-04T08:20:02.0704254Z [INFO] --- build-helper-maven-plugin:3.3.0:regex-property (generate-automatic-module-name) @ spring-boot-admin-server ---
2022-03-04T08:20:02.0707598Z [INFO] 
2022-03-04T08:20:02.0710640Z [INFO] --- jacoco-maven-plugin:0.8.7:prepare-agent (pre-unit-test) @ spring-boot-admin-server ---
2022-03-04T08:20:02.0719388Z [INFO] argLine set to -javaagent:/home/runner/.m2/repository/org/jacoco/org.jacoco.agent/0.8.7/org.jacoco.agent-0.8.7-runtime.jar=destfile=/home/runner/work/spring-boot-admin/spring-boot-admin/spring-boot-admin-server/target/jacoco.exec
2022-03-04T08:20:02.0720421Z [INFO] 
2022-03-04T08:20:02.0721738Z [INFO] --- maven-resources-plugin:3.2.0:resources (default-resources) @ spring-boot-admin-server ---
2022-03-04T08:20:02.1177189Z [INFO] Using 'UTF-8' encoding to copy filtered resources.
2022-03-04T08:20:02.1178023Z [INFO] Using 'UTF-8' encoding to copy filtered properties files.
2022-03-04T08:20:02.1193096Z [INFO] Copying 3 resources
2022-03-04T08:20:02.1279816Z [INFO] 
2022-03-04T08:20:02.1283493Z [INFO] --- flatten-maven-plugin:1.2.7:flatten (flatten) @ spring-boot-admin-server ---
2022-03-04T08:20:02.1298860Z [INFO] Generating flattened POM of project de.codecentric:spring-boot-admin-server:jar:2.6.3-SNAPSHOT...
2022-03-04T08:20:02.1526862Z [INFO] 
2022-03-04T08:20:02.1528274Z [INFO] --- maven-compiler-plugin:3.9.0:compile (default-compile) @ spring-boot-admin-server ---
2022-03-04T08:20:02.2378785Z [INFO] Changes detected - recompiling the module!
2022-03-04T08:20:02.2415318Z [INFO] Compiling 142 source files to /home/runner/work/spring-boot-admin/spring-boot-admin/spring-boot-admin-server/target/classes
2022-03-04T08:20:02.6594690Z [INFO] ------------------------------------------------------------------------
2022-03-04T08:20:02.6597114Z [INFO] Reactor Summary for Spring Boot Admin 2.6.3-SNAPSHOT:
2022-03-04T08:20:02.6601726Z [INFO] 
2022-03-04T08:20:02.6606499Z [INFO] Spring Boot Admin .................................. SUCCESS [  2.789 s]
2022-03-04T08:20:02.6608785Z [INFO] Spring Boot Admin Dependencies ..................... SUCCESS [  0.100 s]
2022-03-04T08:20:02.6611195Z [INFO] Spring Boot Admin Build ............................ SUCCESS [  0.225 s]
2022-03-04T08:20:02.6613607Z [INFO] Spring Boot Admin Server ........................... FAILURE [ 10.107 s]
2022-03-04T08:20:02.6615524Z [INFO] Spring Boot Admin Server UI ........................ SKIPPED
2022-03-04T08:20:02.6617214Z [INFO] Spring Boot Admin Client ........................... SKIPPED
2022-03-04T08:20:02.6618844Z [INFO] Spring Boot Admin Docs ............................. SKIPPED
2022-03-04T08:20:02.6620799Z [INFO] Spring Boot Admin Server Cloud ..................... SKIPPED
2022-03-04T08:20:02.6622578Z [INFO] Spring Boot Admin Server Starter ................... SKIPPED
2022-03-04T08:20:02.6624223Z [INFO] Spring Boot Admin Client Starter ................... SKIPPED
2022-03-04T08:20:02.6626006Z [INFO] Spring Boot Admin Samples .......................... SKIPPED
2022-03-04T08:20:02.6627704Z [INFO] Spring Boot Admin Server custom UI ................. SKIPPED
2022-03-04T08:20:02.6629351Z [INFO] Spring Boot Admin Sample Servlet ................... SKIPPED
2022-03-04T08:20:02.6630973Z [INFO] Spring Boot Admin Sample Reactive .................. SKIPPED
2022-03-04T08:20:02.6634892Z [INFO] Spring Boot Admin Sample War ....................... SKIPPED
2022-03-04T08:20:02.6636670Z [INFO] Spring Boot Admin Sample Hazelcast ................. SKIPPED
2022-03-04T08:20:02.6638863Z [INFO] Spring Boot Admin Sample Eureka .................... SKIPPED
2022-03-04T08:20:02.6640549Z [INFO] Spring Boot Admin Sample Consul .................... SKIPPED
2022-03-04T08:20:02.6642198Z [INFO] Spring Boot Admin Sample Zookeeper ................. SKIPPED
2022-03-04T08:20:02.6644400Z [INFO] ------------------------------------------------------------------------
2022-03-04T08:20:02.6646767Z [INFO] BUILD FAILURE
2022-03-04T08:20:02.6649861Z [INFO] ------------------------------------------------------------------------
2022-03-04T08:20:02.6655518Z [INFO] Total time:  13.686 s
2022-03-04T08:20:02.6660336Z [INFO] Finished at: 2022-03-04T08:20:02Z
2022-03-04T08:20:02.6663509Z [INFO] ------------------------------------------------------------------------
2022-03-04T08:20:02.6681075Z [ERROR] Failed to execute goal org.apache.maven.plugins:maven-compiler-plugin:3.9.0:compile (default-compile) on project spring-boot-admin-server: Fatal error compiling: invalid target release: 17 -> [Help 1]
2022-03-04T08:20:02.6684558Z [ERROR] 
2022-03-04T08:20:02.6690120Z [ERROR] To see the full stack trace of the errors, re-run Maven with the -e switch.
2022-03-04T08:20:02.6694260Z [ERROR] Re-run Maven using the -X switch to enable full debug logging.
2022-03-04T08:20:02.6697175Z [ERROR] 
2022-03-04T08:20:02.6699927Z [ERROR] For more information about the errors and possible solutions, please read the following articles:
2022-03-04T08:20:02.6709110Z [ERROR] [Help 1] http://cwiki.apache.org/confluence/display/MAVEN/MojoExecutionException
2022-03-04T08:20:02.6712542Z [ERROR] 
2022-03-04T08:20:02.6715314Z [ERROR] After correcting the problems, you can resume the build with the command
2022-03-04T08:20:02.6725246Z [ERROR]   mvn <args> -rf :spring-boot-admin-server
2022-03-04T08:20:02.7172453Z ##[error]Process completed with exit code 1.
2022-03-04T08:20:02.7240440Z Post job cleanup.
2022-03-04T08:20:02.8916163Z Post job cleanup.
2022-03-04T08:20:03.0308216Z [command]/usr/bin/git version
2022-03-04T08:20:03.0361807Z git version 2.35.1
2022-03-04T08:20:03.0398856Z [command]/usr/bin/git config --local --name-only --get-regexp core\.sshCommand
2022-03-04T08:20:03.0443155Z [command]/usr/bin/git submodule foreach --recursive git config --local --name-only --get-regexp 'core\.sshCommand' && git config --local --unset-all 'core.sshCommand' || :
2022-03-04T08:20:03.0713078Z [command]/usr/bin/git config --local --name-only --get-regexp http\.https\:\/\/github\.com\/\.extraheader
2022-03-04T08:20:03.0774533Z http.https://github.com/.extraheader
2022-03-04T08:20:03.0775721Z [command]/usr/bin/git config --local --unset-all http.https://github.com/.extraheader
2022-03-04T08:20:03.0819517Z [command]/usr/bin/git submodule foreach --recursive git config --local --name-only --get-regexp 'http\.https\:\/\/github\.com\/\.extraheader' && git config --local --unset-all 'http.https://github.com/.extraheader' || :
2022-03-04T08:20:03.1321444Z Cleaning up orphan processes
