2022-08-17T18:43:19.0747064Z Requested labels: ubuntu-latest
2022-08-17T18:43:19.0747111Z Job defined at: scijava/scijava-common/.github/workflows/build-pr.yml@refs/pull/435/merge
2022-08-17T18:43:19.0747132Z Waiting for a runner to pick up this job...
2022-08-17T18:43:19.7877504Z Job is waiting for a hosted runner to come online.
2022-08-17T18:43:24.6258833Z Job is about to start running on the hosted runner: Hosted Agent (hosted)
2022-08-17T18:43:27.6883985Z Current runner version: '2.295.0'
2022-08-17T18:43:27.6914407Z ##[group]Operating System
2022-08-17T18:43:27.6915018Z Ubuntu
2022-08-17T18:43:27.6915311Z 20.04.4
2022-08-17T18:43:27.6915598Z LTS
2022-08-17T18:43:27.6915847Z ##[endgroup]
2022-08-17T18:43:27.6916195Z ##[group]Virtual Environment
2022-08-17T18:43:27.6916615Z Environment: ubuntu-20.04
2022-08-17T18:43:27.6916907Z Version: 20220814.1
2022-08-17T18:43:27.6917417Z Included Software: https://github.com/actions/runner-images/blob/ubuntu20/20220814.1/images/linux/Ubuntu2004-Readme.md
2022-08-17T18:43:27.6918366Z Image Release: https://github.com/actions/runner-images/releases/tag/ubuntu20%2F20220814.1
2022-08-17T18:43:27.6918788Z ##[endgroup]
2022-08-17T18:43:27.6919192Z ##[group]Runner Image Provisioner
2022-08-17T18:43:27.6919553Z 1.0.0.0-main-20220812-3
2022-08-17T18:43:27.6919822Z ##[endgroup]
2022-08-17T18:43:27.6920810Z ##[group]GITHUB_TOKEN Permissions
2022-08-17T18:43:27.6921454Z Actions: write
2022-08-17T18:43:27.6921930Z Checks: write
2022-08-17T18:43:27.6922273Z Contents: write
2022-08-17T18:43:27.6922638Z Deployments: write
2022-08-17T18:43:27.6922979Z Discussions: write
2022-08-17T18:43:27.6923253Z Issues: write
2022-08-17T18:43:27.6923571Z Metadata: read
2022-08-17T18:43:27.6923887Z Packages: write
2022-08-17T18:43:27.6924185Z Pages: write
2022-08-17T18:43:27.6924511Z PullRequests: write
2022-08-17T18:43:27.6924873Z RepositoryProjects: write
2022-08-17T18:43:27.6925208Z SecurityEvents: write
2022-08-17T18:43:27.6925537Z Statuses: write
2022-08-17T18:43:27.6925888Z ##[endgroup]
2022-08-17T18:43:27.6929667Z Secret source: Actions
2022-08-17T18:43:27.6930224Z Prepare workflow directory
2022-08-17T18:43:27.7763472Z Prepare all required actions
2022-08-17T18:43:27.7946796Z Getting action download info
2022-08-17T18:43:28.0240968Z Download action repository 'actions/checkout@v2' (SHA:7884fcad6b5d53d10323aee724dc68d8b9096a2e)
2022-08-17T18:43:28.3836642Z Download action repository 'actions/setup-java@v3' (SHA:2c7a4878f5d120bd643426d54ae1209b29cc01a3)
2022-08-17T18:43:28.8585284Z ##[group]Run actions/checkout@v2
2022-08-17T18:43:28.8585591Z with:
2022-08-17T18:43:28.8585841Z   repository: scijava/scijava-common
2022-08-17T18:43:28.8586334Z   token: ***
2022-08-17T18:43:28.8586552Z   ssh-strict: true
2022-08-17T18:43:28.8586775Z   persist-credentials: true
2022-08-17T18:43:28.8587019Z   clean: true
2022-08-17T18:43:28.8587224Z   fetch-depth: 1
2022-08-17T18:43:28.8587414Z   lfs: false
2022-08-17T18:43:28.8587621Z   submodules: false
2022-08-17T18:43:28.8587850Z   set-safe-directory: true
2022-08-17T18:43:28.8588072Z ##[endgroup]
2022-08-17T18:43:29.1658841Z Syncing repository: scijava/scijava-common
2022-08-17T18:43:29.1661440Z ##[group]Getting Git version info
2022-08-17T18:43:29.1662758Z Working directory is '/home/runner/work/scijava-common/scijava-common'
2022-08-17T18:43:29.1663367Z [command]/usr/bin/git version
2022-08-17T18:43:29.1852327Z git version 2.37.2
2022-08-17T18:43:29.1854046Z ##[endgroup]
2022-08-17T18:43:29.1893237Z Temporarily overriding HOME='/home/runner/work/_temp/e9d1da02-9012-4ab5-a402-680f6dbf4df4' before making global git config changes
2022-08-17T18:43:29.1893783Z Adding repository directory to the temporary git global config as a safe directory
2022-08-17T18:43:29.1894393Z [command]/usr/bin/git config --global --add safe.directory /home/runner/work/scijava-common/scijava-common
2022-08-17T18:43:29.1937918Z Deleting the contents of '/home/runner/work/scijava-common/scijava-common'
2022-08-17T18:43:29.1943508Z ##[group]Initializing the repository
2022-08-17T18:43:29.1948089Z [command]/usr/bin/git init /home/runner/work/scijava-common/scijava-common
2022-08-17T18:43:29.2067236Z hint: Using 'master' as the name for the initial branch. This default branch name
2022-08-17T18:43:29.2067975Z hint: is subject to change. To configure the initial branch name to use in all
2022-08-17T18:43:29.2068487Z hint: of your new repositories, which will suppress this warning, call:
2022-08-17T18:43:29.2068914Z hint:
2022-08-17T18:43:29.2069756Z hint: 	git config --global init.defaultBranch <name>
2022-08-17T18:43:29.2070457Z hint:
2022-08-17T18:43:29.2071893Z hint: Names commonly chosen instead of 'master' are 'main', 'trunk' and
2022-08-17T18:43:29.2072648Z hint: 'development'. The just-created branch can be renamed via this command:
2022-08-17T18:43:29.2073070Z hint:
2022-08-17T18:43:29.2073612Z hint: 	git branch -m <name>
2022-08-17T18:43:29.2097423Z Initialized empty Git repository in /home/runner/work/scijava-common/scijava-common/.git/
2022-08-17T18:43:29.2098218Z [command]/usr/bin/git remote add origin https://github.com/scijava/scijava-common
2022-08-17T18:43:29.2140248Z ##[endgroup]
2022-08-17T18:43:29.2140725Z ##[group]Disabling automatic garbage collection
2022-08-17T18:43:29.2145239Z [command]/usr/bin/git config --local gc.auto 0
2022-08-17T18:43:29.2179522Z ##[endgroup]
2022-08-17T18:43:29.2228481Z ##[group]Setting up auth
2022-08-17T18:43:29.2229431Z [command]/usr/bin/git config --local --name-only --get-regexp core\.sshCommand
2022-08-17T18:43:29.2230562Z [command]/usr/bin/git submodule foreach --recursive git config --local --name-only --get-regexp 'core\.sshCommand' && git config --local --unset-all 'core.sshCommand' || :
2022-08-17T18:43:29.2669228Z [command]/usr/bin/git config --local --name-only --get-regexp http\.https\:\/\/github\.com\/\.extraheader
2022-08-17T18:43:29.2696984Z [command]/usr/bin/git submodule foreach --recursive git config --local --name-only --get-regexp 'http\.https\:\/\/github\.com\/\.extraheader' && git config --local --unset-all 'http.https://github.com/.extraheader' || :
2022-08-17T18:43:29.2941749Z [command]/usr/bin/git config --local http.https://github.com/.extraheader AUTHORIZATION: basic ***
2022-08-17T18:43:29.2977209Z ##[endgroup]
2022-08-17T18:43:29.3040055Z ##[group]Fetching the repository
2022-08-17T18:43:29.3041423Z [command]/usr/bin/git -c protocol.version=2 fetch --no-tags --prune --progress --no-recurse-submodules --depth=1 origin +48dd817c76857bfe2ffd78013ee824e8afb89543:refs/remotes/pull/435/merge
2022-08-17T18:43:29.5116546Z remote: Enumerating objects: 909, done.
2022-08-17T18:43:29.5117634Z remote: Counting objects:   0% (1/909)
2022-08-17T18:43:29.5118546Z remote: Counting objects:   1% (10/909)
2022-08-17T18:43:29.5119163Z remote: Counting objects:   2% (19/909)
2022-08-17T18:43:29.5119677Z remote: Counting objects:   3% (28/909)
2022-08-17T18:43:29.5152227Z remote: Counting objects:   4% (37/909)
2022-08-17T18:43:29.5152599Z remote: Counting objects:   5% (46/909)
2022-08-17T18:43:29.5152895Z remote: Counting objects:   6% (55/909)
2022-08-17T18:43:29.5153325Z remote: Counting objects:   7% (64/909)
2022-08-17T18:43:29.5153594Z remote: Counting objects:   8% (73/909)
2022-08-17T18:43:29.5153844Z remote: Counting objects:   9% (82/909)
2022-08-17T18:43:29.5154105Z remote: Counting objects:  10% (91/909)
2022-08-17T18:43:29.5154369Z remote: Counting objects:  11% (100/909)
2022-08-17T18:43:29.5154654Z remote: Counting objects:  12% (110/909)
2022-08-17T18:43:29.5154919Z remote: Counting objects:  13% (119/909)
2022-08-17T18:43:29.5155185Z remote: Counting objects:  14% (128/909)
2022-08-17T18:43:29.5155449Z remote: Counting objects:  15% (137/909)
2022-08-17T18:43:29.5155699Z remote: Counting objects:  16% (146/909)
2022-08-17T18:43:29.5155959Z remote: Counting objects:  17% (155/909)
2022-08-17T18:43:29.5156220Z remote: Counting objects:  18% (164/909)
2022-08-17T18:43:29.5156469Z remote: Counting objects:  19% (173/909)
2022-08-17T18:43:29.5156727Z remote: Counting objects:  20% (182/909)
2022-08-17T18:43:29.5156986Z remote: Counting objects:  21% (191/909)
2022-08-17T18:43:29.5157233Z remote: Counting objects:  22% (200/909)
2022-08-17T18:43:29.5157490Z remote: Counting objects:  23% (210/909)
2022-08-17T18:43:29.5157747Z remote: Counting objects:  24% (219/909)
2022-08-17T18:43:29.5158120Z remote: Counting objects:  25% (228/909)
2022-08-17T18:43:29.5158708Z remote: Counting objects:  26% (237/909)
2022-08-17T18:43:29.5158972Z remote: Counting objects:  27% (246/909)
2022-08-17T18:43:29.5159260Z remote: Counting objects:  28% (255/909)
2022-08-17T18:43:29.5159507Z remote: Counting objects:  29% (264/909)
2022-08-17T18:43:29.5159767Z remote: Counting objects:  30% (273/909)
2022-08-17T18:43:29.5160026Z remote: Counting objects:  31% (282/909)
2022-08-17T18:43:29.5160276Z remote: Counting objects:  32% (291/909)
2022-08-17T18:43:29.5160535Z remote: Counting objects:  33% (300/909)
2022-08-17T18:43:29.5160799Z remote: Counting objects:  34% (310/909)
2022-08-17T18:43:29.5161044Z remote: Counting objects:  35% (319/909)
2022-08-17T18:43:29.5161299Z remote: Counting objects:  36% (328/909)
2022-08-17T18:43:29.5161558Z remote: Counting objects:  37% (337/909)
2022-08-17T18:43:29.5177220Z remote: Counting objects:  38% (346/909)
2022-08-17T18:43:29.5177568Z remote: Counting objects:  39% (355/909)
2022-08-17T18:43:29.5177847Z remote: Counting objects:  40% (364/909)
2022-08-17T18:43:29.5178122Z remote: Counting objects:  41% (373/909)
2022-08-17T18:43:29.5178374Z remote: Counting objects:  42% (382/909)
2022-08-17T18:43:29.5178632Z remote: Counting objects:  43% (391/909)
2022-08-17T18:43:29.5178894Z remote: Counting objects:  44% (400/909)
2022-08-17T18:43:29.5179141Z remote: Counting objects:  45% (410/909)
2022-08-17T18:43:29.5179406Z remote: Counting objects:  46% (419/909)
2022-08-17T18:43:29.5179664Z remote: Counting objects:  47% (428/909)
2022-08-17T18:43:29.5179921Z remote: Counting objects:  48% (437/909)
2022-08-17T18:43:29.5180169Z remote: Counting objects:  49% (446/909)
2022-08-17T18:43:29.5180426Z remote: Counting objects:  50% (455/909)
2022-08-17T18:43:29.5180882Z remote: Counting objects:  51% (464/909)
2022-08-17T18:43:29.5181144Z remote: Counting objects:  52% (473/909)
2022-08-17T18:43:29.5181404Z remote: Counting objects:  53% (482/909)
2022-08-17T18:43:29.5181664Z remote: Counting objects:  54% (491/909)
2022-08-17T18:43:29.5181914Z remote: Counting objects:  55% (500/909)
2022-08-17T18:43:29.5182172Z remote: Counting objects:  56% (510/909)
2022-08-17T18:43:29.5182432Z remote: Counting objects:  57% (519/909)
2022-08-17T18:43:29.5182680Z remote: Counting objects:  58% (528/909)
2022-08-17T18:43:29.5182939Z remote: Counting objects:  59% (537/909)
2022-08-17T18:43:29.5183196Z remote: Counting objects:  60% (546/909)
2022-08-17T18:43:29.5183455Z remote: Counting objects:  61% (555/909)
2022-08-17T18:43:29.5183702Z remote: Counting objects:  62% (564/909)
2022-08-17T18:43:29.5183963Z remote: Counting objects:  63% (573/909)
2022-08-17T18:43:29.5184241Z remote: Counting objects:  64% (582/909)
2022-08-17T18:43:29.5184504Z remote: Counting objects:  65% (591/909)
2022-08-17T18:43:29.5184760Z remote: Counting objects:  66% (600/909)
2022-08-17T18:43:29.5185022Z remote: Counting objects:  67% (610/909)
2022-08-17T18:43:29.5186072Z remote: Counting objects:  68% (619/909)
2022-08-17T18:43:29.5187766Z remote: Counting objects:  69% (628/909)
2022-08-17T18:43:29.5189732Z remote: Counting objects:  70% (637/909)
2022-08-17T18:43:29.5190009Z remote: Counting objects:  71% (646/909)
2022-08-17T18:43:29.5199529Z remote: Counting objects:  72% (655/909)
2022-08-17T18:43:29.5199911Z remote: Counting objects:  73% (664/909)
2022-08-17T18:43:29.5200185Z remote: Counting objects:  74% (673/909)
2022-08-17T18:43:29.5200460Z remote: Counting objects:  75% (682/909)
2022-08-17T18:43:29.5200715Z remote: Counting objects:  76% (691/909)
2022-08-17T18:43:29.5200996Z remote: Counting objects:  77% (700/909)
2022-08-17T18:43:29.5201420Z remote: Counting objects:  78% (710/909)
2022-08-17T18:43:29.5201684Z remote: Counting objects:  79% (719/909)
2022-08-17T18:43:29.5201936Z remote: Counting objects:  80% (728/909)
2022-08-17T18:43:29.5202195Z remote: Counting objects:  81% (737/909)
2022-08-17T18:43:29.5202458Z remote: Counting objects:  82% (746/909)
2022-08-17T18:43:29.5202708Z remote: Counting objects:  83% (755/909)
2022-08-17T18:43:29.5202972Z remote: Counting objects:  84% (764/909)
2022-08-17T18:43:29.5203234Z remote: Counting objects:  85% (773/909)
2022-08-17T18:43:29.5203482Z remote: Counting objects:  86% (782/909)
2022-08-17T18:43:29.5203895Z remote: Counting objects:  87% (791/909)
2022-08-17T18:43:29.5204163Z remote: Counting objects:  88% (800/909)
2022-08-17T18:43:29.5204410Z remote: Counting objects:  89% (810/909)
2022-08-17T18:43:29.5204899Z remote: Counting objects:  90% (819/909)
2022-08-17T18:43:29.5205178Z remote: Counting objects:  91% (828/909)
2022-08-17T18:43:29.5205436Z remote: Counting objects:  92% (837/909)
2022-08-17T18:43:29.5205763Z remote: Counting objects:  93% (846/909)
2022-08-17T18:43:29.5206021Z remote: Counting objects:  94% (855/909)
2022-08-17T18:43:29.5206284Z remote: Counting objects:  95% (864/909)
2022-08-17T18:43:29.5206529Z remote: Counting objects:  96% (873/909)
2022-08-17T18:43:29.5208918Z remote: Counting objects:  97% (882/909)
2022-08-17T18:43:29.5209180Z remote: Counting objects:  98% (891/909)
2022-08-17T18:43:29.5209425Z remote: Counting objects:  99% (900/909)
2022-08-17T18:43:29.5209690Z remote: Counting objects: 100% (909/909)
2022-08-17T18:43:29.5209972Z remote: Counting objects: 100% (909/909), done.
2022-08-17T18:43:29.5210254Z remote: Compressing objects:   0% (1/724)
2022-08-17T18:43:29.5210542Z remote: Compressing objects:   1% (8/724)
2022-08-17T18:43:29.5210946Z remote: Compressing objects:   2% (15/724)
2022-08-17T18:43:29.5211241Z remote: Compressing objects:   3% (22/724)
2022-08-17T18:43:29.5211508Z remote: Compressing objects:   4% (29/724)
2022-08-17T18:43:29.5211797Z remote: Compressing objects:   5% (37/724)
2022-08-17T18:43:29.5241233Z remote: Compressing objects:   6% (44/724)
2022-08-17T18:43:29.5252119Z remote: Compressing objects:   7% (51/724)
2022-08-17T18:43:29.5377228Z remote: Compressing objects:   8% (58/724)
2022-08-17T18:43:29.5377609Z remote: Compressing objects:   9% (66/724)
2022-08-17T18:43:29.5405780Z remote: Compressing objects:  10% (73/724)
2022-08-17T18:43:29.5406490Z remote: Compressing objects:  11% (80/724)
2022-08-17T18:43:29.5406804Z remote: Compressing objects:  12% (87/724)
2022-08-17T18:43:29.5407087Z remote: Compressing objects:  13% (95/724)
2022-08-17T18:43:29.5409576Z remote: Compressing objects:  14% (102/724)
2022-08-17T18:43:29.5488200Z remote: Compressing objects:  15% (109/724)
2022-08-17T18:43:29.5491417Z remote: Compressing objects:  16% (116/724)
2022-08-17T18:43:29.5494890Z remote: Compressing objects:  17% (124/724)
2022-08-17T18:43:29.5523451Z remote: Compressing objects:  18% (131/724)
2022-08-17T18:43:29.5525052Z remote: Compressing objects:  19% (138/724)
2022-08-17T18:43:29.5555997Z remote: Compressing objects:  20% (145/724)
2022-08-17T18:43:29.5583719Z remote: Compressing objects:  21% (153/724)
2022-08-17T18:43:29.5593470Z remote: Compressing objects:  22% (160/724)
2022-08-17T18:43:29.5615967Z remote: Compressing objects:  23% (167/724)
2022-08-17T18:43:29.5624714Z remote: Compressing objects:  24% (174/724)
2022-08-17T18:43:29.5626703Z remote: Compressing objects:  25% (181/724)
2022-08-17T18:43:29.5637082Z remote: Compressing objects:  26% (189/724)
2022-08-17T18:43:29.5641268Z remote: Compressing objects:  27% (196/724)
2022-08-17T18:43:29.5645902Z remote: Compressing objects:  28% (203/724)
2022-08-17T18:43:29.5654991Z remote: Compressing objects:  29% (210/724)
2022-08-17T18:43:29.5661646Z remote: Compressing objects:  30% (218/724)
2022-08-17T18:43:29.5668056Z remote: Compressing objects:  31% (225/724)
2022-08-17T18:43:29.5689236Z remote: Compressing objects:  32% (232/724)
2022-08-17T18:43:29.5689554Z remote: Compressing objects:  33% (239/724)
2022-08-17T18:43:29.5693899Z remote: Compressing objects:  34% (247/724)
2022-08-17T18:43:29.5703757Z remote: Compressing objects:  35% (254/724)
2022-08-17T18:43:29.5721107Z remote: Compressing objects:  36% (261/724)
2022-08-17T18:43:29.5786261Z remote: Compressing objects:  37% (268/724)
2022-08-17T18:43:29.5791785Z remote: Compressing objects:  38% (276/724)
2022-08-17T18:43:29.5839515Z remote: Compressing objects:  39% (283/724)
2022-08-17T18:43:29.5842515Z remote: Compressing objects:  40% (290/724)
2022-08-17T18:43:29.5844236Z remote: Compressing objects:  41% (297/724)
2022-08-17T18:43:29.5855674Z remote: Compressing objects:  42% (305/724)
2022-08-17T18:43:29.5896008Z remote: Compressing objects:  43% (312/724)
2022-08-17T18:43:29.5896340Z remote: Compressing objects:  44% (319/724)
2022-08-17T18:43:29.5909016Z remote: Compressing objects:  45% (326/724)
2022-08-17T18:43:29.5931400Z remote: Compressing objects:  46% (334/724)
2022-08-17T18:43:29.5950274Z remote: Compressing objects:  47% (341/724)
2022-08-17T18:43:29.5991472Z remote: Compressing objects:  48% (348/724)
2022-08-17T18:43:29.5992776Z remote: Compressing objects:  49% (355/724)
2022-08-17T18:43:29.6040473Z remote: Compressing objects:  50% (362/724)
2022-08-17T18:43:29.6060114Z remote: Compressing objects:  51% (370/724)
2022-08-17T18:43:29.6060777Z remote: Compressing objects:  52% (377/724)
2022-08-17T18:43:29.6070670Z remote: Compressing objects:  53% (384/724)
2022-08-17T18:43:29.6081293Z remote: Compressing objects:  54% (391/724)
2022-08-17T18:43:29.6083256Z remote: Compressing objects:  55% (399/724)
2022-08-17T18:43:29.6115001Z remote: Compressing objects:  56% (406/724)
2022-08-17T18:43:29.6115315Z remote: Compressing objects:  57% (413/724)
2022-08-17T18:43:29.6184674Z remote: Compressing objects:  58% (420/724)
2022-08-17T18:43:29.6204734Z remote: Compressing objects:  59% (428/724)
2022-08-17T18:43:29.6205048Z remote: Compressing objects:  60% (435/724)
2022-08-17T18:43:29.6205348Z remote: Compressing objects:  61% (442/724)
2022-08-17T18:43:29.6214089Z remote: Compressing objects:  62% (449/724)
2022-08-17T18:43:29.6225889Z remote: Compressing objects:  63% (457/724)
2022-08-17T18:43:29.6259053Z remote: Compressing objects:  64% (464/724)
2022-08-17T18:43:29.6290593Z remote: Compressing objects:  65% (471/724)
2022-08-17T18:43:29.6313796Z remote: Compressing objects:  66% (478/724)
2022-08-17T18:43:29.6326213Z remote: Compressing objects:  67% (486/724)
2022-08-17T18:43:29.6330194Z remote: Compressing objects:  68% (493/724)
2022-08-17T18:43:29.6336308Z remote: Compressing objects:  69% (500/724)
2022-08-17T18:43:29.6357524Z remote: Compressing objects:  70% (507/724)
2022-08-17T18:43:29.6383231Z remote: Compressing objects:  71% (515/724)
2022-08-17T18:43:29.6393301Z remote: Compressing objects:  72% (522/724)
2022-08-17T18:43:29.6425174Z remote: Compressing objects:  73% (529/724)
2022-08-17T18:43:29.6437801Z remote: Compressing objects:  74% (536/724)
2022-08-17T18:43:29.6479932Z remote: Compressing objects:  75% (543/724)
2022-08-17T18:43:29.6480254Z remote: Compressing objects:  76% (551/724)
2022-08-17T18:43:29.6480841Z remote: Compressing objects:  77% (558/724)
2022-08-17T18:43:29.6503314Z remote: Compressing objects:  78% (565/724)
2022-08-17T18:43:29.6510997Z remote: Compressing objects:  79% (572/724)
2022-08-17T18:43:29.6523819Z remote: Compressing objects:  80% (580/724)
2022-08-17T18:43:29.6593087Z remote: Compressing objects:  81% (587/724)
2022-08-17T18:43:29.6601431Z remote: Compressing objects:  82% (594/724)
2022-08-17T18:43:29.6601895Z remote: Compressing objects:  83% (601/724)
2022-08-17T18:43:29.6633051Z remote: Compressing objects:  84% (609/724)
2022-08-17T18:43:29.6641938Z remote: Compressing objects:  85% (616/724)
2022-08-17T18:43:29.6642245Z remote: Compressing objects:  86% (623/724)
2022-08-17T18:43:29.6642763Z remote: Compressing objects:  87% (630/724)
2022-08-17T18:43:29.6643141Z remote: Compressing objects:  88% (638/724)
2022-08-17T18:43:29.6643521Z remote: Compressing objects:  89% (645/724)
2022-08-17T18:43:29.6643903Z remote: Compressing objects:  90% (652/724)
2022-08-17T18:43:29.6644265Z remote: Compressing objects:  91% (659/724)
2022-08-17T18:43:29.6644635Z remote: Compressing objects:  92% (667/724)
2022-08-17T18:43:29.6645000Z remote: Compressing objects:  93% (674/724)
2022-08-17T18:43:29.6645364Z remote: Compressing objects:  94% (681/724)
2022-08-17T18:43:29.6645711Z remote: Compressing objects:  95% (688/724)
2022-08-17T18:43:29.6646077Z remote: Compressing objects:  96% (696/724)
2022-08-17T18:43:29.6646624Z remote: Compressing objects:  97% (703/724)
2022-08-17T18:43:29.6646896Z remote: Compressing objects:  98% (710/724)
2022-08-17T18:43:29.6647174Z remote: Compressing objects:  99% (717/724)
2022-08-17T18:43:29.6647447Z remote: Compressing objects: 100% (724/724)
2022-08-17T18:43:29.6647739Z remote: Compressing objects: 100% (724/724), done.
2022-08-17T18:43:29.6709427Z Receiving objects:   0% (1/909)
2022-08-17T18:43:29.6712387Z Receiving objects:   1% (10/909)
2022-08-17T18:43:29.6714362Z Receiving objects:   2% (19/909)
2022-08-17T18:43:29.6716069Z Receiving objects:   3% (28/909)
2022-08-17T18:43:29.6721995Z Receiving objects:   4% (37/909)
2022-08-17T18:43:29.6727938Z Receiving objects:   5% (46/909)
2022-08-17T18:43:29.6730200Z Receiving objects:   6% (55/909)
2022-08-17T18:43:29.6733312Z Receiving objects:   7% (64/909)
2022-08-17T18:43:29.6736444Z Receiving objects:   8% (73/909)
2022-08-17T18:43:29.6745610Z Receiving objects:   9% (82/909)
2022-08-17T18:43:29.6750843Z Receiving objects:  10% (91/909)
2022-08-17T18:43:29.6759304Z Receiving objects:  11% (100/909)
2022-08-17T18:43:29.6768135Z Receiving objects:  12% (110/909)
2022-08-17T18:43:29.6773119Z Receiving objects:  13% (119/909)
2022-08-17T18:43:29.6787637Z Receiving objects:  14% (128/909)
2022-08-17T18:43:29.6792631Z Receiving objects:  15% (137/909)
2022-08-17T18:43:29.6800929Z Receiving objects:  16% (146/909)
2022-08-17T18:43:29.6803734Z Receiving objects:  17% (155/909)
2022-08-17T18:43:29.6848531Z Receiving objects:  18% (164/909)
2022-08-17T18:43:29.6851885Z Receiving objects:  19% (173/909)
2022-08-17T18:43:29.6853066Z Receiving objects:  20% (182/909)
2022-08-17T18:43:29.6854537Z Receiving objects:  21% (191/909)
2022-08-17T18:43:29.6854903Z Receiving objects:  22% (200/909)
2022-08-17T18:43:29.6855241Z Receiving objects:  23% (210/909)
2022-08-17T18:43:29.6860467Z Receiving objects:  24% (219/909)
2022-08-17T18:43:29.6870533Z Receiving objects:  25% (228/909)
2022-08-17T18:43:29.6876696Z Receiving objects:  26% (237/909)
2022-08-17T18:43:29.6878259Z Receiving objects:  27% (246/909)
2022-08-17T18:43:29.6879413Z Receiving objects:  28% (255/909)
2022-08-17T18:43:29.6885292Z Receiving objects:  29% (264/909)
2022-08-17T18:43:29.6888073Z Receiving objects:  30% (273/909)
2022-08-17T18:43:29.6890750Z Receiving objects:  31% (282/909)
2022-08-17T18:43:29.6893989Z Receiving objects:  32% (291/909)
2022-08-17T18:43:29.6896908Z Receiving objects:  33% (300/909)
2022-08-17T18:43:29.6900437Z Receiving objects:  34% (310/909)
2022-08-17T18:43:29.6903754Z Receiving objects:  35% (319/909)
2022-08-17T18:43:29.6905355Z Receiving objects:  36% (328/909)
2022-08-17T18:43:29.6931605Z Receiving objects:  37% (337/909)
2022-08-17T18:43:29.6934574Z Receiving objects:  38% (346/909)
2022-08-17T18:43:29.6995018Z Receiving objects:  39% (355/909)
2022-08-17T18:43:29.6997128Z Receiving objects:  40% (364/909)
2022-08-17T18:43:29.6997505Z Receiving objects:  41% (373/909)
2022-08-17T18:43:29.6999718Z Receiving objects:  42% (382/909)
2022-08-17T18:43:29.7001881Z Receiving objects:  43% (391/909)
2022-08-17T18:43:29.7006098Z Receiving objects:  44% (400/909)
2022-08-17T18:43:29.7008177Z Receiving objects:  45% (410/909)
2022-08-17T18:43:29.7010242Z Receiving objects:  46% (419/909)
2022-08-17T18:43:29.7013765Z Receiving objects:  47% (428/909)
2022-08-17T18:43:29.7015436Z Receiving objects:  48% (437/909)
2022-08-17T18:43:29.7015838Z Receiving objects:  49% (446/909)
2022-08-17T18:43:29.7017195Z Receiving objects:  50% (455/909)
2022-08-17T18:43:29.7019091Z Receiving objects:  51% (464/909)
2022-08-17T18:43:29.7022235Z Receiving objects:  52% (473/909)
2022-08-17T18:43:29.7047796Z Receiving objects:  53% (482/909)
2022-08-17T18:43:29.7049531Z Receiving objects:  54% (491/909)
2022-08-17T18:43:29.7055670Z Receiving objects:  55% (500/909)
2022-08-17T18:43:29.7058202Z Receiving objects:  56% (510/909)
2022-08-17T18:43:29.7060723Z Receiving objects:  57% (519/909)
2022-08-17T18:43:29.7063053Z Receiving objects:  58% (528/909)
2022-08-17T18:43:29.7065149Z Receiving objects:  59% (537/909)
2022-08-17T18:43:29.7069266Z Receiving objects:  60% (546/909)
2022-08-17T18:43:29.7069557Z Receiving objects:  61% (555/909)
2022-08-17T18:43:29.7072862Z Receiving objects:  62% (564/909)
2022-08-17T18:43:29.7074372Z Receiving objects:  63% (573/909)
2022-08-17T18:43:29.7075660Z Receiving objects:  64% (582/909)
2022-08-17T18:43:29.7075915Z Receiving objects:  65% (591/909)
2022-08-17T18:43:29.7078176Z Receiving objects:  66% (600/909)
2022-08-17T18:43:29.7080371Z Receiving objects:  67% (610/909)
2022-08-17T18:43:29.7082184Z Receiving objects:  68% (619/909)
2022-08-17T18:43:29.7092091Z Receiving objects:  69% (628/909)
2022-08-17T18:43:29.7107829Z Receiving objects:  70% (637/909)
2022-08-17T18:43:29.7146473Z Receiving objects:  71% (646/909)
2022-08-17T18:43:29.7154732Z Receiving objects:  72% (655/909)
2022-08-17T18:43:29.7159305Z Receiving objects:  73% (664/909)
2022-08-17T18:43:29.7225724Z Receiving objects:  74% (673/909)
2022-08-17T18:43:29.7227520Z Receiving objects:  75% (682/909)
2022-08-17T18:43:29.7228998Z Receiving objects:  76% (691/909)
2022-08-17T18:43:29.7230309Z Receiving objects:  77% (700/909)
2022-08-17T18:43:29.7231639Z Receiving objects:  78% (710/909)
2022-08-17T18:43:29.7236632Z Receiving objects:  79% (719/909)
2022-08-17T18:43:29.7241335Z Receiving objects:  80% (728/909)
2022-08-17T18:43:29.7252445Z Receiving objects:  81% (737/909)
2022-08-17T18:43:29.7254651Z Receiving objects:  82% (746/909)
2022-08-17T18:43:29.7257663Z Receiving objects:  83% (755/909)
2022-08-17T18:43:29.7267806Z Receiving objects:  84% (764/909)
2022-08-17T18:43:29.7269471Z Receiving objects:  85% (773/909)
2022-08-17T18:43:29.7286003Z Receiving objects:  86% (782/909)
2022-08-17T18:43:29.7289199Z Receiving objects:  87% (791/909)
2022-08-17T18:43:29.7293432Z Receiving objects:  88% (800/909)
2022-08-17T18:43:29.7294954Z Receiving objects:  89% (810/909)
2022-08-17T18:43:29.7296771Z Receiving objects:  90% (819/909)
2022-08-17T18:43:29.7301312Z Receiving objects:  91% (828/909)
2022-08-17T18:43:29.7319630Z Receiving objects:  92% (837/909)
2022-08-17T18:43:29.7319936Z Receiving objects:  93% (846/909)
2022-08-17T18:43:29.7322006Z Receiving objects:  94% (855/909)
2022-08-17T18:43:29.7324732Z Receiving objects:  95% (864/909)
2022-08-17T18:43:29.7330244Z Receiving objects:  96% (873/909)
2022-08-17T18:43:29.7330927Z remote: Total 909 (delta 496), reused 345 (delta 139), pack-reused 0
2022-08-17T18:43:29.7332619Z Receiving objects:  97% (882/909)
2022-08-17T18:43:29.7334873Z Receiving objects:  98% (891/909)
2022-08-17T18:43:29.7336337Z Receiving objects:  99% (900/909)
2022-08-17T18:43:29.7336706Z Receiving objects: 100% (909/909)
2022-08-17T18:43:29.7337082Z Receiving objects: 100% (909/909), 824.87 KiB | 12.69 MiB/s, done.
2022-08-17T18:43:29.7379087Z Resolving deltas:   0% (0/496)
2022-08-17T18:43:29.7379371Z Resolving deltas:   1% (5/496)
2022-08-17T18:43:29.7382569Z Resolving deltas:   2% (10/496)
2022-08-17T18:43:29.7383980Z Resolving deltas:   3% (15/496)
2022-08-17T18:43:29.7385435Z Resolving deltas:   4% (20/496)
2022-08-17T18:43:29.7386877Z Resolving deltas:   5% (25/496)
2022-08-17T18:43:29.7388305Z Resolving deltas:   6% (30/496)
2022-08-17T18:43:29.7392000Z Resolving deltas:   7% (35/496)
2022-08-17T18:43:29.7392252Z Resolving deltas:   8% (40/496)
2022-08-17T18:43:29.7392488Z Resolving deltas:   9% (45/496)
2022-08-17T18:43:29.7395117Z Resolving deltas:  10% (50/496)
2022-08-17T18:43:29.7397113Z Resolving deltas:  11% (55/496)
2022-08-17T18:43:29.7400330Z Resolving deltas:  12% (60/496)
2022-08-17T18:43:29.7402329Z Resolving deltas:  13% (65/496)
2022-08-17T18:43:29.7403997Z Resolving deltas:  14% (70/496)
2022-08-17T18:43:29.7406561Z Resolving deltas:  15% (75/496)
2022-08-17T18:43:29.7408296Z Resolving deltas:  16% (80/496)
2022-08-17T18:43:29.7409668Z Resolving deltas:  17% (85/496)
2022-08-17T18:43:29.7413079Z Resolving deltas:  18% (90/496)
2022-08-17T18:43:29.7413329Z Resolving deltas:  19% (95/496)
2022-08-17T18:43:29.7413563Z Resolving deltas:  20% (100/496)
2022-08-17T18:43:29.7415981Z Resolving deltas:  21% (105/496)
2022-08-17T18:43:29.7416229Z Resolving deltas:  22% (110/496)
2022-08-17T18:43:29.7416466Z Resolving deltas:  23% (115/496)
2022-08-17T18:43:29.7416702Z Resolving deltas:  24% (120/496)
2022-08-17T18:43:29.7419021Z Resolving deltas:  25% (124/496)
2022-08-17T18:43:29.7419285Z Resolving deltas:  26% (129/496)
2022-08-17T18:43:29.7419519Z Resolving deltas:  27% (134/496)
2022-08-17T18:43:29.7419906Z Resolving deltas:  28% (139/496)
2022-08-17T18:43:29.7421840Z Resolving deltas:  29% (144/496)
2022-08-17T18:43:29.7422098Z Resolving deltas:  30% (149/496)
2022-08-17T18:43:29.7422356Z Resolving deltas:  31% (154/496)
2022-08-17T18:43:29.7422579Z Resolving deltas:  32% (159/496)
2022-08-17T18:43:29.7424060Z Resolving deltas:  33% (164/496)
2022-08-17T18:43:29.7427502Z Resolving deltas:  34% (169/496)
2022-08-17T18:43:29.7427752Z Resolving deltas:  35% (174/496)
2022-08-17T18:43:29.7430797Z Resolving deltas:  36% (179/496)
2022-08-17T18:43:29.7432812Z Resolving deltas:  37% (184/496)
2022-08-17T18:43:29.7435824Z Resolving deltas:  38% (189/496)
2022-08-17T18:43:29.7438688Z Resolving deltas:  39% (194/496)
2022-08-17T18:43:29.7440293Z Resolving deltas:  40% (199/496)
2022-08-17T18:43:29.7443714Z Resolving deltas:  41% (204/496)
2022-08-17T18:43:29.7445627Z Resolving deltas:  42% (209/496)
2022-08-17T18:43:29.7447653Z Resolving deltas:  43% (214/496)
2022-08-17T18:43:29.7447915Z Resolving deltas:  44% (219/496)
2022-08-17T18:43:29.7449307Z Resolving deltas:  45% (224/496)
2022-08-17T18:43:29.7450884Z Resolving deltas:  46% (229/496)
2022-08-17T18:43:29.7455114Z Resolving deltas:  47% (234/496)
2022-08-17T18:43:29.7456467Z Resolving deltas:  48% (239/496)
2022-08-17T18:43:29.7457823Z Resolving deltas:  49% (244/496)
2022-08-17T18:43:29.7460602Z Resolving deltas:  50% (248/496)
2022-08-17T18:43:29.7464095Z Resolving deltas:  51% (253/496)
2022-08-17T18:43:29.7465537Z Resolving deltas:  52% (258/496)
2022-08-17T18:43:29.7468396Z Resolving deltas:  53% (263/496)
2022-08-17T18:43:29.7468661Z Resolving deltas:  54% (268/496)
2022-08-17T18:43:29.7470045Z Resolving deltas:  55% (273/496)
2022-08-17T18:43:29.7473321Z Resolving deltas:  56% (278/496)
2022-08-17T18:43:29.7476016Z Resolving deltas:  57% (283/496)
2022-08-17T18:43:29.7477598Z Resolving deltas:  58% (288/496)
2022-08-17T18:43:29.7479310Z Resolving deltas:  59% (293/496)
2022-08-17T18:43:29.7483599Z Resolving deltas:  60% (298/496)
2022-08-17T18:43:29.7485181Z Resolving deltas:  61% (303/496)
2022-08-17T18:43:29.7489226Z Resolving deltas:  62% (308/496)
2022-08-17T18:43:29.7492011Z Resolving deltas:  63% (313/496)
2022-08-17T18:43:29.7492282Z Resolving deltas:  64% (318/496)
2022-08-17T18:43:29.7496894Z Resolving deltas:  65% (323/496)
2022-08-17T18:43:29.7499898Z Resolving deltas:  66% (328/496)
2022-08-17T18:43:29.7503172Z Resolving deltas:  67% (333/496)
2022-08-17T18:43:29.7504740Z Resolving deltas:  68% (338/496)
2022-08-17T18:43:29.7506082Z Resolving deltas:  69% (343/496)
2022-08-17T18:43:29.7507668Z Resolving deltas:  70% (348/496)
2022-08-17T18:43:29.7511826Z Resolving deltas:  71% (353/496)
2022-08-17T18:43:29.7514572Z Resolving deltas:  72% (358/496)
2022-08-17T18:43:29.7517640Z Resolving deltas:  73% (363/496)
2022-08-17T18:43:29.7517891Z Resolving deltas:  74% (368/496)
2022-08-17T18:43:29.7523838Z Resolving deltas:  75% (372/496)
2022-08-17T18:43:29.7526712Z Resolving deltas:  76% (377/496)
2022-08-17T18:43:29.7526961Z Resolving deltas:  77% (382/496)
2022-08-17T18:43:29.7527217Z Resolving deltas:  78% (387/496)
2022-08-17T18:43:29.7529378Z Resolving deltas:  79% (392/496)
2022-08-17T18:43:29.7531994Z Resolving deltas:  80% (397/496)
2022-08-17T18:43:29.7533536Z Resolving deltas:  81% (402/496)
2022-08-17T18:43:29.7537818Z Resolving deltas:  82% (407/496)
2022-08-17T18:43:29.7543140Z Resolving deltas:  83% (412/496)
2022-08-17T18:43:29.7545824Z Resolving deltas:  84% (417/496)
2022-08-17T18:43:29.7549957Z Resolving deltas:  85% (422/496)
2022-08-17T18:43:29.7553291Z Resolving deltas:  86% (427/496)
2022-08-17T18:43:29.7557002Z Resolving deltas:  87% (432/496)
2022-08-17T18:43:29.7559588Z Resolving deltas:  88% (437/496)
2022-08-17T18:43:29.7562934Z Resolving deltas:  89% (442/496)
2022-08-17T18:43:29.7563195Z Resolving deltas:  90% (447/496)
2022-08-17T18:43:29.7563416Z Resolving deltas:  91% (452/496)
2022-08-17T18:43:29.7563649Z Resolving deltas:  92% (457/496)
2022-08-17T18:43:29.7565638Z Resolving deltas:  93% (462/496)
2022-08-17T18:43:29.7567508Z Resolving deltas:  94% (467/496)
2022-08-17T18:43:29.7571126Z Resolving deltas:  95% (472/496)
2022-08-17T18:43:29.7574643Z Resolving deltas:  96% (477/496)
2022-08-17T18:43:29.7576408Z Resolving deltas:  97% (482/496)
2022-08-17T18:43:29.7586235Z Resolving deltas:  98% (487/496)
2022-08-17T18:43:29.7586642Z Resolving deltas:  99% (492/496)
2022-08-17T18:43:29.7586971Z Resolving deltas: 100% (496/496)
2022-08-17T18:43:29.7587312Z Resolving deltas: 100% (496/496), done.
2022-08-17T18:43:29.7719982Z From https://github.com/scijava/scijava-common
2022-08-17T18:43:29.7720558Z  * [new ref]         48dd817c76857bfe2ffd78013ee824e8afb89543 -> pull/435/merge
2022-08-17T18:43:29.7743779Z ##[endgroup]
2022-08-17T18:43:29.7744216Z ##[group]Determining the checkout info
2022-08-17T18:43:29.7760154Z ##[endgroup]
2022-08-17T18:43:29.7760606Z ##[group]Checking out the ref
2022-08-17T18:43:29.7761200Z [command]/usr/bin/git checkout --progress --force refs/remotes/pull/435/merge
2022-08-17T18:43:29.8201395Z Note: switching to 'refs/remotes/pull/435/merge'.
2022-08-17T18:43:29.8201686Z
2022-08-17T18:43:29.8201960Z You are in 'detached HEAD' state. You can look around, make experimental
2022-08-17T18:43:29.8203144Z changes and commit them, and you can discard any commits you make in this
2022-08-17T18:43:29.8203513Z state without impacting any branches by switching back to a branch.
2022-08-17T18:43:29.8203713Z
2022-08-17T18:43:29.8203881Z If you want to create a new branch to retain commits you create, you may
2022-08-17T18:43:29.8204310Z do so (now or later) by using -c with the switch command. Example:
2022-08-17T18:43:29.8204501Z
2022-08-17T18:43:29.8204673Z   git switch -c <new-branch-name>
2022-08-17T18:43:29.8204831Z
2022-08-17T18:43:29.8204935Z Or undo this operation with:
2022-08-17T18:43:29.8205082Z
2022-08-17T18:43:29.8205154Z   git switch -
2022-08-17T18:43:29.8205282Z
2022-08-17T18:43:29.8205468Z Turn off this advice by setting config variable advice.detachedHead to false
2022-08-17T18:43:29.8205682Z
2022-08-17T18:43:29.8206137Z HEAD is now at 48dd817 Merge 463a1da96198166f1c0de4fd7b40806a92397078 into b37c0628658f4ac10decbc2135a2e1f5eac6db0d
2022-08-17T18:43:29.8210855Z ##[endgroup]
2022-08-17T18:43:29.8270494Z [command]/usr/bin/git log -1 --format='%H'
2022-08-17T18:43:29.8300201Z '48dd817c76857bfe2ffd78013ee824e8afb89543'
2022-08-17T18:43:29.8633437Z ##[group]Run actions/setup-java@v3
2022-08-17T18:43:29.8633687Z with:
2022-08-17T18:43:29.8633882Z   java-version: 8
2022-08-17T18:43:29.8634097Z   distribution: zulu
2022-08-17T18:43:29.8634293Z   cache: maven
2022-08-17T18:43:29.8634501Z   java-package: jdk
2022-08-17T18:43:29.8634711Z   architecture: x64
2022-08-17T18:43:29.8634910Z   check-latest: false
2022-08-17T18:43:29.8635121Z   server-id: github
2022-08-17T18:43:29.8635389Z   server-username: GITHUB_ACTOR
2022-08-17T18:43:29.8635662Z   server-password: GITHUB_TOKEN
2022-08-17T18:43:29.8635896Z   overwrite-settings: true
2022-08-17T18:43:29.8636122Z   job-status: success
2022-08-17T18:43:29.8636329Z ##[endgroup]
2022-08-17T18:43:30.2233471Z Trying to resolve the latest version from remote
2022-08-17T18:43:30.3057156Z Resolved latest version as 8.0.345+1
2022-08-17T18:43:30.3059220Z Trying to download...
2022-08-17T18:43:30.3062701Z Downloading Java 8.0.345+1 (Zulu) from https://cdn.azul.com/zulu/bin/zulu8.64.0.19-ca-jdk8.0.345-linux_x64.tar.gz ...
2022-08-17T18:43:31.3061388Z Extracting Java archive...
2022-08-17T18:43:31.3192117Z [command]/usr/bin/tar xz --warning=no-unknown-keyword -C /home/runner/work/_temp/802646fc-c498-4910-89d1-645adfba3e9b -f /home/runner/work/_temp/a05b4d3a-c98d-4c5f-acdf-a721401d1611
2022-08-17T18:43:33.6236979Z Java 8.0.345+1 was downloaded
2022-08-17T18:43:33.6239575Z Setting Java 8.0.345+1 as the default
2022-08-17T18:43:33.6269151Z
2022-08-17T18:43:33.6269315Z Java configuration:
2022-08-17T18:43:33.6273268Z   Distribution: zulu
2022-08-17T18:43:33.6273562Z   Version: 8.0.345+1
2022-08-17T18:43:33.6277430Z   Path: /opt/hostedtoolcache/Java_Zulu_jdk/8.0.345-1/x64
2022-08-17T18:43:33.6277672Z
2022-08-17T18:43:33.6314727Z Creating settings.xml with server-id: github
2022-08-17T18:43:33.6406998Z Writing to /home/runner/.m2/settings.xml
2022-08-17T18:43:34.3993159Z Received 66475763 of 66475763 (100.0%), 142.5 MBs/sec
2022-08-17T18:43:34.3994207Z Cache Size: ~63 MB (66475763 B)
2022-08-17T18:43:34.4017912Z [command]/usr/bin/tar --use-compress-program zstd -d -xf /home/runner/work/_temp/b63978b9-4680-44ec-963c-856d5ecc6692/cache.tzst -P -C /home/runner/work/scijava-common/scijava-common
2022-08-17T18:43:34.6205711Z Cache restored successfully
2022-08-17T18:43:34.6321263Z Cache restored from key: setup-java-Linux-maven-6be7d361fd9e34f46f682483a9f2ccf03ee0ac5faa1f478c4596f508a9146ac3
2022-08-17T18:43:34.6566654Z ##[group]Run .github/setup.sh
2022-08-17T18:43:34.6567079Z [36;1m.github/setup.sh[0m
2022-08-17T18:43:34.6627341Z shell: /usr/bin/bash -e {0}
2022-08-17T18:43:34.6627651Z env:
2022-08-17T18:43:34.6627994Z   JAVA_HOME: /opt/hostedtoolcache/Java_Zulu_jdk/8.0.345-1/x64
2022-08-17T18:43:34.6628328Z ##[endgroup]
2022-08-17T18:43:34.8057479Z BUILD_REPOSITORY=https://github.com/scijava/scijava-common
2022-08-17T18:43:34.8062063Z BUILD_OS=Linux
2022-08-17T18:43:34.8106333Z ##[group]Run .github/build.sh
2022-08-17T18:43:34.8106740Z [36;1m.github/build.sh[0m
2022-08-17T18:43:34.8175563Z shell: /usr/bin/bash -e {0}
2022-08-17T18:43:34.8175973Z env:
2022-08-17T18:43:34.8176336Z   JAVA_HOME: /opt/hostedtoolcache/Java_Zulu_jdk/8.0.345-1/x64
2022-08-17T18:43:34.8176804Z   BUILD_REPOSITORY: https://github.com/scijava/scijava-common
2022-08-17T18:43:34.8177160Z   BUILD_OS: Linux
2022-08-17T18:43:34.8177400Z ##[endgroup]
2022-08-17T18:43:34.9237329Z ##[group]= Maven build =
2022-08-17T18:43:34.9237832Z
2022-08-17T18:43:34.9238969Z == Configuring Maven ==
2022-08-17T18:43:34.9249444Z [WARNING] Skipping settings.xml generation (no deployment credentials).
2022-08-17T18:43:34.9249878Z Performing deployment checks
2022-08-17T18:43:37.9483493Z No deploy -- secure environment variables not available
2022-08-17T18:43:40.9288296Z --> maven-gpg-plugin version OK: 3.0.1
2022-08-17T18:43:40.9297912Z
2022-08-17T18:43:40.9298567Z == Building the artifact locally only ==
2022-08-17T18:43:41.9222086Z [INFO] Scanning for projects...
2022-08-17T18:43:43.4629150Z [INFO]
2022-08-17T18:43:43.4632674Z [INFO] ---------------------< org.scijava:scijava-common >---------------------
2022-08-17T18:43:43.4635031Z [INFO] Building SciJava Common 2.89.1-SNAPSHOT
2022-08-17T18:43:43.4636981Z [INFO] --------------------------------[ jar ]---------------------------------
2022-08-17T18:43:43.5094659Z [INFO]
2022-08-17T18:43:43.5098110Z [INFO] --- maven-enforcer-plugin:3.0.0:enforce (enforce-rules) @ scijava-common ---
2022-08-17T18:43:43.8686933Z [INFO] Adding ignore: module-info
2022-08-17T18:43:43.8690149Z [INFO] Adding ignore: META-INF/versions/*/module-info
2022-08-17T18:43:43.8692036Z [INFO] Adding ignore: com.google.inject.*
2022-08-17T18:43:43.8693834Z [INFO] Adding ignore: jnr.ffi.*
2022-08-17T18:43:43.8695686Z [INFO] Adding ignore: org.apache.hadoop.yarn.*.package-info
2022-08-17T18:43:43.8697471Z [INFO] Adding ignore: org.apache.spark.unused.UnusedStubClass
2022-08-17T18:43:43.8699201Z [INFO] Adding ignore: org.eclipse.aether.*
2022-08-17T18:43:43.8700936Z [INFO] Adding ignore: org.hibernate.stat.ConcurrentStatisticsImpl
2022-08-17T18:43:43.8702861Z [INFO] Adding ignore: org.jetbrains.kotlin.daemon.common.*
2022-08-17T18:43:43.8704644Z [INFO] Adding ignore: org.junit.runner.Runner
2022-08-17T18:43:43.8706332Z [INFO] Adding ignore: org.jzy3d.plot3d.pipelines.*
2022-08-17T18:43:43.8959221Z [INFO] Adding ignore: module-info
2022-08-17T18:43:43.8967817Z [INFO] Adding ignore: module-info
2022-08-17T18:43:44.0780039Z [INFO]
2022-08-17T18:43:44.0781605Z [INFO] --- maven-help-plugin:3.2.0:active-profiles (show-active-profiles) @ scijava-common ---
2022-08-17T18:43:44.2958295Z [INFO]
2022-08-17T18:43:44.2959406Z Active Profiles for Project 'org.scijava:scijava-common:jar:2.89.1-SNAPSHOT':
2022-08-17T18:43:44.2959846Z
2022-08-17T18:43:44.2960574Z The following profiles are active:
2022-08-17T18:43:44.2960975Z
2022-08-17T18:43:44.2961486Z  - scijava-platform-linux (source: org.scijava:pom-scijava-base:15.0.1)
2022-08-17T18:43:44.2962023Z  - scijava-platform-amd64 (source: org.scijava:pom-scijava-base:15.0.1)
2022-08-17T18:43:44.2962298Z
2022-08-17T18:43:44.2962304Z
2022-08-17T18:43:44.2962364Z
2022-08-17T18:43:44.2970941Z [INFO]
2022-08-17T18:43:44.2974319Z [INFO] --- build-helper-maven-plugin:3.2.0:regex-property (sanitize-version) @ scijava-common ---
2022-08-17T18:43:44.3966014Z [INFO]
2022-08-17T18:43:44.3966891Z [INFO] --- build-helper-maven-plugin:3.2.0:regex-property (guess-package) @ scijava-common ---
2022-08-17T18:43:44.3974538Z [INFO]
2022-08-17T18:43:44.3976493Z [INFO] --- buildnumber-maven-plugin:1.4:create (default) @ scijava-common ---
2022-08-17T18:43:44.6196569Z [INFO] Executing: /bin/sh -c cd '/home/runner/work/scijava-common/scijava-common' && 'git' 'rev-parse' '--verify' 'HEAD'
2022-08-17T18:43:44.6197207Z [INFO] Working directory: /home/runner/work/scijava-common/scijava-common
2022-08-17T18:43:44.6425767Z [INFO] Storing buildNumber: 48dd817c76857bfe2ffd78013ee824e8afb89543 at timestamp: 1660761824606
2022-08-17T18:43:44.6475877Z [WARNING] Cannot get the branch information from the git repository:
2022-08-17T18:43:44.6476398Z Detecting the current branch failed: fatal: ref HEAD is not a symbolic ref
2022-08-17T18:43:44.6476660Z
2022-08-17T18:43:44.6477294Z [INFO] Executing: /bin/sh -c cd '/home/runner/work/scijava-common/scijava-common' && 'git' 'rev-parse' '--verify' 'HEAD'
2022-08-17T18:43:44.6477912Z [INFO] Working directory: /home/runner/work/scijava-common/scijava-common
2022-08-17T18:43:44.6517474Z [INFO] Storing buildScmBranch: UNKNOWN
2022-08-17T18:43:44.6517838Z [INFO]
2022-08-17T18:43:44.6521314Z [INFO] --- scijava-maven-plugin:2.1.0:set-rootdir (set-rootdir) @ scijava-common ---
2022-08-17T18:43:44.7864878Z [INFO] Setting rootdir: /home/runner/work/scijava-common/scijava-common
2022-08-17T18:43:44.7869450Z [INFO]
2022-08-17T18:43:44.7872662Z [INFO] --- jacoco-maven-plugin:0.8.7:prepare-agent (jacoco-initialize) @ scijava-common ---
2022-08-17T18:43:44.8636313Z [INFO] argLine set to -javaagent:/home/runner/.m2/repository/org/jacoco/org.jacoco.agent/0.8.7/org.jacoco.agent-0.8.7-runtime.jar=destfile=/home/runner/work/scijava-common/scijava-common/target/jacoco.exec
2022-08-17T18:43:44.8640414Z [INFO]
2022-08-17T18:43:44.8660216Z [INFO] --- maven-resources-plugin:3.2.0:resources (default-resources) @ scijava-common ---
2022-08-17T18:43:44.9530166Z [INFO] Using 'UTF-8' encoding to copy filtered resources.
2022-08-17T18:43:44.9530695Z [INFO] Using 'UTF-8' encoding to copy filtered properties files.
2022-08-17T18:43:44.9582967Z [INFO] Copying 3 resources
2022-08-17T18:43:44.9683593Z [INFO]
2022-08-17T18:43:44.9686184Z [INFO] --- maven-compiler-plugin:3.8.1:compile (default-compile) @ scijava-common ---
2022-08-17T18:43:45.1505205Z [INFO] Compiling 595 source files to /home/runner/work/scijava-common/scijava-common/target/classes
2022-08-17T18:43:49.4018345Z [INFO] /home/runner/work/scijava-common/scijava-common/src/main/java/org/scijava/command/CommandModuleItem.java: Some input files use or override a deprecated API.
2022-08-17T18:43:49.4022387Z [INFO] /home/runner/work/scijava-common/scijava-common/src/main/java/org/scijava/command/CommandModuleItem.java: Recompile with -Xlint:deprecation for details.
2022-08-17T18:43:49.4026050Z [INFO] /home/runner/work/scijava-common/scijava-common/src/main/java/org/scijava/convert/NumberToNumberConverter.java: Some input files use unchecked or unsafe operations.
2022-08-17T18:43:49.4030149Z [INFO] /home/runner/work/scijava-common/scijava-common/src/main/java/org/scijava/convert/NumberToNumberConverter.java: Recompile with -Xlint:unchecked for details.
2022-08-17T18:43:49.4035768Z [INFO]
2022-08-17T18:43:49.4039439Z [INFO] --- exec-maven-plugin:3.0.0:java (default) @ scijava-common ---
2022-08-17T18:43:49.5478530Z [ECLIPSE HELPER] Indexing annotations...
2022-08-17T18:43:49.5888431Z [INFO]
2022-08-17T18:43:49.5915126Z [INFO] --- maven-resources-plugin:3.2.0:testResources (default-testResources) @ scijava-common ---
2022-08-17T18:43:49.5915916Z [INFO] Using 'UTF-8' encoding to copy filtered resources.
2022-08-17T18:43:49.5916527Z [INFO] Using 'UTF-8' encoding to copy filtered properties files.
2022-08-17T18:43:49.5918593Z [INFO] Copying 4 resources
2022-08-17T18:43:49.5936262Z [INFO]
2022-08-17T18:43:49.5937238Z [INFO] --- maven-compiler-plugin:3.8.1:testCompile (default-testCompile) @ scijava-common ---
2022-08-17T18:43:49.6154647Z [INFO] Compiling 144 source files to /home/runner/work/scijava-common/scijava-common/target/test-classes
2022-08-17T18:43:50.4836988Z [INFO] /home/runner/work/scijava-common/scijava-common/src/test/java/org/scijava/convert/ConvertServiceTest.java: Some input files use or override a deprecated API.
2022-08-17T18:43:50.4841132Z [INFO] /home/runner/work/scijava-common/scijava-common/src/test/java/org/scijava/convert/ConvertServiceTest.java: Recompile with -Xlint:deprecation for details.
2022-08-17T18:43:50.4844637Z [INFO] /home/runner/work/scijava-common/scijava-common/src/test/java/org/scijava/convert/ConvertServiceTest.java: Some input files use unchecked or unsafe operations.
2022-08-17T18:43:50.4847936Z [INFO] /home/runner/work/scijava-common/scijava-common/src/test/java/org/scijava/convert/ConvertServiceTest.java: Recompile with -Xlint:unchecked for details.
2022-08-17T18:43:50.4852517Z [INFO]
2022-08-17T18:43:50.4855584Z [INFO] --- maven-surefire-plugin:2.22.2:test (default-test) @ scijava-common ---
2022-08-17T18:43:50.7347511Z [INFO]
2022-08-17T18:43:50.7366541Z [INFO] -------------------------------------------------------
2022-08-17T18:43:50.7369463Z [INFO]  T E S T S
2022-08-17T18:43:50.7372208Z [INFO] -------------------------------------------------------
2022-08-17T18:43:51.6305766Z [INFO] Running org.scijava.run.RunServiceTest
2022-08-17T18:43:51.7360594Z [ECLIPSE HELPER] Indexing annotations...
2022-08-17T18:43:52.0651621Z Aug 17, 2022 6:43:52 PM java.util.prefs.FileSystemPreferences$1 run
2022-08-17T18:43:52.0652698Z INFO: Created user preferences directory.
2022-08-17T18:43:52.1853147Z [INFO] Tests run: 2, Failures: 0, Errors: 0, Skipped: 0, Time elapsed: 0.532 s - in org.scijava.run.RunServiceTest
2022-08-17T18:43:52.1855626Z [INFO] Running org.scijava.log.DefaultLoggerTest
2022-08-17T18:43:52.1913066Z [INFO] Tests run: 4, Failures: 0, Errors: 0, Skipped: 0, Time elapsed: 0 s - in org.scijava.log.DefaultLoggerTest
2022-08-17T18:43:52.1913944Z [INFO] Running org.scijava.log.CallingClassUtilsTest
2022-08-17T18:43:52.2057371Z [INFO] Tests run: 2, Failures: 0, Errors: 0, Skipped: 0, Time elapsed: 0 s - in org.scijava.log.CallingClassUtilsTest
2022-08-17T18:43:52.2058242Z [INFO] Running org.scijava.log.LogSourceTest
2022-08-17T18:43:52.2168264Z [INFO] Tests run: 10, Failures: 0, Errors: 0, Skipped: 0, Time elapsed: 0.006 s - in org.scijava.log.LogSourceTest
2022-08-17T18:43:52.2169154Z [INFO] Running org.scijava.log.StderrLogServiceTest
2022-08-17T18:43:52.2181648Z [INFO] Tests run: 2, Failures: 0, Errors: 0, Skipped: 0, Time elapsed: 0 s - in org.scijava.log.StderrLogServiceTest
2022-08-17T18:43:52.2182384Z [INFO] Running org.scijava.log.LogMessageTest
2022-08-17T18:43:52.2217407Z [INFO] Tests run: 3, Failures: 0, Errors: 0, Skipped: 0, Time elapsed: 0.002 s - in org.scijava.log.LogMessageTest
2022-08-17T18:43:52.2218097Z [INFO] Running org.scijava.log.LogServiceTest
2022-08-17T18:43:52.2481145Z [INFO] Tests run: 16, Failures: 0, Errors: 0, Skipped: 0, Time elapsed: 0.025 s - in org.scijava.log.LogServiceTest
2022-08-17T18:43:52.2482117Z [INFO] Running org.scijava.thread.ThreadServiceTest
2022-08-17T18:43:52.3532671Z [INFO] Tests run: 7, Failures: 0, Errors: 0, Skipped: 0, Time elapsed: 0.096 s - in org.scijava.thread.ThreadServiceTest
2022-08-17T18:43:52.3540048Z [INFO] Running org.scijava.plugin.PluginIndexTest
2022-08-17T18:43:52.3688861Z [INFO] Tests run: 2, Failures: 0, Errors: 0, Skipped: 0, Time elapsed: 0.011 s - in org.scijava.plugin.PluginIndexTest
2022-08-17T18:43:52.3692947Z [INFO] Running org.scijava.plugin.SingletonServiceTest
2022-08-17T18:43:52.4781108Z [INFO] Tests run: 5, Failures: 0, Errors: 0, Skipped: 0, Time elapsed: 0.107 s - in org.scijava.plugin.SingletonServiceTest
2022-08-17T18:43:52.4785351Z [INFO] Running org.scijava.plugin.PluginFinderTest
2022-08-17T18:43:52.4894524Z [INFO] Tests run: 1, Failures: 0, Errors: 0, Skipped: 0, Time elapsed: 0.01 s - in org.scijava.plugin.PluginFinderTest
2022-08-17T18:43:52.4959297Z [INFO] Running org.scijava.plugin.PluginInfoTest
2022-08-17T18:43:52.5154009Z [INFO] Tests run: 4, Failures: 0, Errors: 0, Skipped: 0, Time elapsed: 0.025 s - in org.scijava.plugin.PluginInfoTest
2022-08-17T18:43:52.5175090Z [INFO] Running org.scijava.ContextCreationTest
2022-08-17T18:43:52.5237778Z [WARNING] Invalid service: org.scijava.ContextCreationTest$OptionalMissingService
2022-08-17T18:43:52.5575107Z [ERROR] No compatible service: org.scijava.ContextCreationTest$MissingService
2022-08-17T18:43:52.5610358Z [ERROR] No compatible service: org.scijava.ContextCreationTest$MissingService
2022-08-17T18:43:52.5754229Z [ERROR] No compatible service: org.scijava.ContextCreationTest$OptionalMissingService
2022-08-17T18:43:52.6098357Z [WARNING] Invalid service: org.scijava.ContextCreationTest$MissingService
2022-08-17T18:43:52.6200189Z [INFO] Tests run: 16, Failures: 0, Errors: 0, Skipped: 0, Time elapsed: 0.097 s - in org.scijava.ContextCreationTest
2022-08-17T18:43:52.6201055Z [INFO] Running org.scijava.command.run.CommandCodeRunnerTest
2022-08-17T18:43:52.6844133Z [INFO] Tests run: 3, Failures: 0, Errors: 0, Skipped: 0, Time elapsed: 0.064 s - in org.scijava.command.run.CommandCodeRunnerTest
2022-08-17T18:43:52.6848140Z [INFO] Running org.scijava.command.CommandServiceTest
2022-08-17T18:43:52.7016989Z [INFO] Tests run: 1, Failures: 0, Errors: 0, Skipped: 0, Time elapsed: 0.016 s - in org.scijava.command.CommandServiceTest
2022-08-17T18:43:52.7017895Z [INFO] Running org.scijava.command.CommandArrayConverterTest
2022-08-17T18:43:52.7570635Z [ERROR] Tests run: 4, Failures: 0, Errors: 2, Skipped: 0, Time elapsed: 0.054 s <<< FAILURE! - in org.scijava.command.CommandArrayConverterTest
2022-08-17T18:43:52.7571701Z [ERROR] testArrayConvertFromStringCommandWildcardGenerics(org.scijava.command.CommandArrayConverterTest)  Time elapsed: 0.022 s  <<< ERROR!
2022-08-17T18:43:52.7572579Z java.util.concurrent.ExecutionException: java.lang.RuntimeException: Module threw exception
2022-08-17T18:43:52.7573551Z 	at org.scijava.command.CommandArrayConverterTest.testArrayConvertFromStringCommandWildcardGenerics(CommandArrayConverterTest.java:98)
2022-08-17T18:43:52.7574518Z Caused by: java.lang.RuntimeException: Module threw exception
2022-08-17T18:43:52.7575431Z Caused by: java.lang.NullPointerException
2022-08-17T18:43:52.7575670Z
2022-08-17T18:43:52.7575994Z [ERROR] testArrayConvertFromStringCommandRaw(org.scijava.command.CommandArrayConverterTest)  Time elapsed: 0.004 s  <<< ERROR!
2022-08-17T18:43:52.7576577Z java.util.concurrent.ExecutionException: java.lang.RuntimeException: Module threw exception
2022-08-17T18:43:52.7577297Z 	at org.scijava.command.CommandArrayConverterTest.testArrayConvertFromStringCommandRaw(CommandArrayConverterTest.java:69)
2022-08-17T18:43:52.7577898Z Caused by: java.lang.RuntimeException: Module threw exception
2022-08-17T18:43:52.7578231Z Caused by: java.lang.NullPointerException
2022-08-17T18:43:52.7578413Z
2022-08-17T18:43:52.7578573Z [INFO] Running org.scijava.command.CommandInfoTest
2022-08-17T18:43:52.7730521Z [INFO] Tests run: 2, Failures: 0, Errors: 0, Skipped: 0, Time elapsed: 0.015 s - in org.scijava.command.CommandInfoTest
2022-08-17T18:43:52.7773177Z [INFO] Running org.scijava.command.InvalidCommandTest
2022-08-17T18:43:52.7974061Z [INFO] Tests run: 2, Failures: 0, Errors: 0, Skipped: 0, Time elapsed: 0.02 s - in org.scijava.command.InvalidCommandTest
2022-08-17T18:43:52.7978970Z [INFO] Running org.scijava.command.CommandModuleTest
2022-08-17T18:43:52.8692998Z [INFO] Tests run: 6, Failures: 0, Errors: 0, Skipped: 0, Time elapsed: 0.07 s - in org.scijava.command.CommandModuleTest
2022-08-17T18:43:52.8695948Z [INFO] Running org.scijava.command.InputsTest
2022-08-17T18:43:52.9560109Z [INFO] Tests run: 3, Failures: 0, Errors: 0, Skipped: 0, Time elapsed: 0.082 s - in org.scijava.command.InputsTest
2022-08-17T18:43:52.9560611Z [INFO] Running org.scijava.convert.ByteToIntegerConverterTest
2022-08-17T18:43:52.9686545Z [INFO] Tests run: 5, Failures: 0, Errors: 0, Skipped: 0, Time elapsed: 0.015 s - in org.scijava.convert.ByteToIntegerConverterTest
2022-08-17T18:43:52.9687053Z [INFO] Running org.scijava.convert.ConverterTest
2022-08-17T18:43:52.9712470Z [INFO] Tests run: 3, Failures: 0, Errors: 0, Skipped: 0, Time elapsed: 0.002 s - in org.scijava.convert.ConverterTest
2022-08-17T18:43:52.9721701Z [INFO] Running org.scijava.convert.ByteToBigIntegerConverterTest
2022-08-17T18:43:52.9841080Z [INFO] Tests run: 5, Failures: 0, Errors: 0, Skipped: 0, Time elapsed: 0.008 s - in org.scijava.convert.ByteToBigIntegerConverterTest
2022-08-17T18:43:52.9841662Z [INFO] Running org.scijava.convert.IntegerToDoubleConverterTest
2022-08-17T18:43:52.9886380Z [INFO] Tests run: 5, Failures: 0, Errors: 0, Skipped: 0, Time elapsed: 0.007 s - in org.scijava.convert.IntegerToDoubleConverterTest
2022-08-17T18:43:52.9888159Z [INFO] Running org.scijava.convert.ConvertServiceTest
2022-08-17T18:43:53.1640143Z [INFO] Tests run: 22, Failures: 0, Errors: 0, Skipped: 0, Time elapsed: 0.169 s - in org.scijava.convert.ConvertServiceTest
2022-08-17T18:43:53.1669218Z [INFO] Running org.scijava.convert.FileListConverterTest
2022-08-17T18:43:53.1749545Z [INFO] Tests run: 4, Failures: 0, Errors: 0, Skipped: 0, Time elapsed: 0.007 s - in org.scijava.convert.FileListConverterTest
2022-08-17T18:43:53.1750071Z [INFO] Running org.scijava.convert.FloatToDoubleConverterTest
2022-08-17T18:43:53.1786082Z [INFO] Tests run: 5, Failures: 0, Errors: 0, Skipped: 0, Time elapsed: 0.003 s - in org.scijava.convert.FloatToDoubleConverterTest
2022-08-17T18:43:53.1786634Z [INFO] Running org.scijava.convert.BigIntegerToBigDecimalConverterTest
2022-08-17T18:43:53.1848728Z [INFO] Tests run: 5, Failures: 0, Errors: 0, Skipped: 0, Time elapsed: 0.005 s - in org.scijava.convert.BigIntegerToBigDecimalConverterTest
2022-08-17T18:43:53.1849282Z [INFO] Running org.scijava.convert.ShortToLongConverterTest
2022-08-17T18:43:53.1872082Z [INFO] Tests run: 5, Failures: 0, Errors: 0, Skipped: 0, Time elapsed: 0.002 s - in org.scijava.convert.ShortToLongConverterTest
2022-08-17T18:43:53.1872630Z [INFO] Running org.scijava.convert.ShortToBigDecimalConverterTest
2022-08-17T18:43:53.1894598Z [INFO] Tests run: 5, Failures: 0, Errors: 0, Skipped: 0, Time elapsed: 0.001 s - in org.scijava.convert.ShortToBigDecimalConverterTest
2022-08-17T18:43:53.1895388Z [INFO] Running org.scijava.convert.ByteToShortConverterTest
2022-08-17T18:43:53.1945922Z [INFO] Tests run: 5, Failures: 0, Errors: 0, Skipped: 0, Time elapsed: 0.004 s - in org.scijava.convert.ByteToShortConverterTest
2022-08-17T18:43:53.1949129Z [INFO] Running org.scijava.convert.ShortToIntegerConverterTest
2022-08-17T18:43:53.1987242Z [INFO] Tests run: 5, Failures: 0, Errors: 0, Skipped: 0, Time elapsed: 0.003 s - in org.scijava.convert.ShortToIntegerConverterTest
2022-08-17T18:43:53.1990432Z [INFO] Running org.scijava.convert.ShortToBigIntegerConverterTest
2022-08-17T18:43:53.2014879Z [INFO] Tests run: 5, Failures: 0, Errors: 0, Skipped: 0, Time elapsed: 0.002 s - in org.scijava.convert.ShortToBigIntegerConverterTest
2022-08-17T18:43:53.2018082Z [INFO] Running org.scijava.convert.ShortToFloatConverterTest
2022-08-17T18:43:53.2046087Z [INFO] Tests run: 5, Failures: 0, Errors: 0, Skipped: 0, Time elapsed: 0.002 s - in org.scijava.convert.ShortToFloatConverterTest
2022-08-17T18:43:53.2049286Z [INFO] Running org.scijava.convert.DoubleToBigDecimalConverterTest
2022-08-17T18:43:53.2098122Z [INFO] Tests run: 5, Failures: 0, Errors: 0, Skipped: 0, Time elapsed: 0.005 s - in org.scijava.convert.DoubleToBigDecimalConverterTest
2022-08-17T18:43:53.2101398Z [INFO] Running org.scijava.convert.IntegerToLongConverterTest
2022-08-17T18:43:53.2180078Z [INFO] Tests run: 5, Failures: 0, Errors: 0, Skipped: 0, Time elapsed: 0.007 s - in org.scijava.convert.IntegerToLongConverterTest
2022-08-17T18:43:53.2183634Z [INFO] Running org.scijava.convert.FloatToBigDecimalConverterTest
2022-08-17T18:43:53.2209880Z [INFO] Tests run: 5, Failures: 0, Errors: 0, Skipped: 0, Time elapsed: 0.002 s - in org.scijava.convert.FloatToBigDecimalConverterTest
2022-08-17T18:43:53.2213098Z [INFO] Running org.scijava.convert.ShortToDoubleConverterTest
2022-08-17T18:43:53.2237882Z [INFO] Tests run: 5, Failures: 0, Errors: 0, Skipped: 0, Time elapsed: 0.002 s - in org.scijava.convert.ShortToDoubleConverterTest
2022-08-17T18:43:53.2241922Z [INFO] Running org.scijava.convert.LongToBigDecimalConverterTest
2022-08-17T18:43:53.2272875Z [INFO] Tests run: 5, Failures: 0, Errors: 0, Skipped: 0, Time elapsed: 0.002 s - in org.scijava.convert.LongToBigDecimalConverterTest
2022-08-17T18:43:53.2276617Z [INFO] Running org.scijava.convert.LongToBigIntegerConverterTest
2022-08-17T18:43:53.2288107Z [INFO] Tests run: 5, Failures: 0, Errors: 0, Skipped: 0, Time elapsed: 0.001 s - in org.scijava.convert.LongToBigIntegerConverterTest
2022-08-17T18:43:53.2291297Z [INFO] Running org.scijava.convert.ArrayToStringConverterTest
2022-08-17T18:43:53.2626787Z [INFO] Tests run: 5, Failures: 0, Errors: 0, Skipped: 0, Time elapsed: 0.032 s - in org.scijava.convert.ArrayToStringConverterTest
2022-08-17T18:43:53.2630220Z [INFO] Running org.scijava.convert.DelegateConverterTest
2022-08-17T18:43:53.2723950Z [INFO] Tests run: 1, Failures: 0, Errors: 0, Skipped: 0, Time elapsed: 0.009 s - in org.scijava.convert.DelegateConverterTest
2022-08-17T18:43:53.2750179Z [INFO] Running org.scijava.convert.IntegerToBigDecimalConverterTest
2022-08-17T18:43:53.2785646Z [INFO] Tests run: 5, Failures: 0, Errors: 0, Skipped: 0, Time elapsed: 0.005 s - in org.scijava.convert.IntegerToBigDecimalConverterTest
2022-08-17T18:43:53.2786405Z [INFO] Running org.scijava.convert.StringToArrayConverterTest
2022-08-17T18:43:53.3091072Z [INFO] Tests run: 5, Failures: 0, Errors: 0, Skipped: 0, Time elapsed: 0.029 s - in org.scijava.convert.StringToArrayConverterTest
2022-08-17T18:43:53.3092180Z [INFO] Running org.scijava.convert.ByteToDoubleConverterTest
2022-08-17T18:43:53.3100381Z [INFO] Tests run: 5, Failures: 0, Errors: 0, Skipped: 0, Time elapsed: 0.001 s - in org.scijava.convert.ByteToDoubleConverterTest
2022-08-17T18:43:53.3101246Z [INFO] Running org.scijava.convert.ByteToFloatConverterTest
2022-08-17T18:43:53.3125026Z [INFO] Tests run: 5, Failures: 0, Errors: 0, Skipped: 0, Time elapsed: 0.001 s - in org.scijava.convert.ByteToFloatConverterTest
2022-08-17T18:43:53.3126579Z [INFO] Running org.scijava.convert.ByteToLongConverterTest
2022-08-17T18:43:53.3141657Z [INFO] Tests run: 5, Failures: 0, Errors: 0, Skipped: 0, Time elapsed: 0 s - in org.scijava.convert.ByteToLongConverterTest
2022-08-17T18:43:53.3143686Z [INFO] Running org.scijava.convert.ByteToBigDecimalConverterTest
2022-08-17T18:43:53.3182461Z [INFO] Tests run: 5, Failures: 0, Errors: 0, Skipped: 0, Time elapsed: 0.001 s - in org.scijava.convert.ByteToBigDecimalConverterTest
2022-08-17T18:43:53.3183263Z [INFO] Running org.scijava.convert.StringToNumberConverterTest
2022-08-17T18:43:53.3270995Z [INFO] Tests run: 14, Failures: 0, Errors: 0, Skipped: 0, Time elapsed: 0.008 s - in org.scijava.convert.StringToNumberConverterTest
2022-08-17T18:43:53.3271553Z [INFO] Running org.scijava.convert.IntegerToBigIntegerConverterTest
2022-08-17T18:43:53.3288916Z [INFO] Tests run: 5, Failures: 0, Errors: 0, Skipped: 0, Time elapsed: 0.001 s - in org.scijava.convert.IntegerToBigIntegerConverterTest
2022-08-17T18:43:53.3289608Z [INFO] Running org.scijava.test.TestUtilsTest
2022-08-17T18:43:53.3313973Z [INFO] Tests run: 3, Failures: 0, Errors: 0, Skipped: 0, Time elapsed: 0.002 s - in org.scijava.test.TestUtilsTest
2022-08-17T18:43:53.3315030Z [INFO] Running org.scijava.service.ServiceIndexTest
2022-08-17T18:43:53.3639855Z [INFO] Tests run: 4, Failures: 0, Errors: 0, Skipped: 0, Time elapsed: 0.03 s - in org.scijava.service.ServiceIndexTest
2022-08-17T18:43:53.3640380Z [INFO] Running org.scijava.parse.ParseServiceTest
2022-08-17T18:43:53.4080349Z [INFO] Tests run: 3, Failures: 0, Errors: 0, Skipped: 0, Time elapsed: 0.043 s - in org.scijava.parse.ParseServiceTest
2022-08-17T18:43:53.4090129Z [INFO] Running org.scijava.console.SystemPropertyArgumentTest
2022-08-17T18:43:53.4090898Z [INFO] Tests run: 1, Failures: 0, Errors: 0, Skipped: 0, Time elapsed: 0 s - in org.scijava.console.SystemPropertyArgumentTest
2022-08-17T18:43:53.4091977Z [INFO] Running org.scijava.console.ConsoleServiceTest
2022-08-17T18:43:53.4602245Z us-us--cad-cadrs--zoes-zameopa[WARNING] Plugin 'org.scijava.console.ConsoleServiceTest$BrokenArgument' failed to handle argument: --broken
2022-08-17T18:43:53.4622771Z hocpocabraabraaveandmbisha-clatr[INFO] Tests run: 4, Failures: 0, Errors: 0, Skipped: 0, Time elapsed: 0.053 s - in org.scijava.console.ConsoleServiceTest
2022-08-17T18:43:53.4627019Z [INFO] Running org.scijava.SciJavaTest
2022-08-17T18:43:53.4718224Z [INFO] Tests run: 1, Failures: 0, Errors: 0, Skipped: 0, Time elapsed: 0.008 s - in org.scijava.SciJavaTest
2022-08-17T18:43:53.4720037Z [INFO] Running org.scijava.prefs.PrefServiceTest
2022-08-17T18:43:53.5212138Z [INFO] Tests run: 12, Failures: 0, Errors: 0, Skipped: 0, Time elapsed: 0.048 s - in org.scijava.prefs.PrefServiceTest
2022-08-17T18:43:53.5218979Z [INFO] Running org.scijava.script.ScriptServiceTest
2022-08-17T18:43:53.5484314Z [INFO] Tests run: 3, Failures: 0, Errors: 0, Skipped: 0, Time elapsed: 0.025 s - in org.scijava.script.ScriptServiceTest
2022-08-17T18:43:53.5485825Z [INFO] Running org.scijava.script.ScriptInfoTest
2022-08-17T18:43:53.5785823Z [WARNING] Ignoring invalid parameter: OUTPUT Integer output% kraken@blah.net
2022-08-17T18:43:53.5896858Z [WARNING] Ignoring unsupported output: result [java.lang.Integer]
2022-08-17T18:43:53.6176508Z [WARNING] Ignoring unsupported output: result [java.lang.Integer]
2022-08-17T18:43:53.6305214Z [WARNING] Ignoring unsupported output: value [java.lang.Integer]
2022-08-17T18:43:53.6997664Z [INFO] Tests run: 9, Failures: 0, Errors: 0, Skipped: 0, Time elapsed: 0.147 s - in org.scijava.script.ScriptInfoTest
2022-08-17T18:43:53.6998820Z [INFO] Running org.scijava.script.ScriptEngineTest
2022-08-17T18:43:53.7520453Z [INFO] Tests run: 3, Failures: 0, Errors: 0, Skipped: 0, Time elapsed: 0.052 s - in org.scijava.script.ScriptEngineTest
2022-08-17T18:43:53.7521241Z [INFO] Running org.scijava.script.ScriptFinderTest
2022-08-17T18:43:53.7863504Z [INFO] Tests run: 3, Failures: 0, Errors: 0, Skipped: 0, Time elapsed: 0.034 s - in org.scijava.script.ScriptFinderTest
2022-08-17T18:43:53.7864298Z [INFO] Running org.scijava.script.process.ParameterScriptProcessorTest
2022-08-17T18:43:53.7954397Z [INFO] Tests run: 1, Failures: 0, Errors: 0, Skipped: 0, Time elapsed: 0.008 s - in org.scijava.script.process.ParameterScriptProcessorTest
2022-08-17T18:43:53.7967900Z [INFO] Running org.scijava.menu.MenuServiceTest
2022-08-17T18:43:53.8050272Z [INFO] Tests run: 1, Failures: 0, Errors: 0, Skipped: 0, Time elapsed: 0.008 s - in org.scijava.menu.MenuServiceTest
2022-08-17T18:43:53.8060994Z [INFO] Running org.scijava.menu.ShadowMenuTest
2022-08-17T18:43:53.8279118Z [INFO] Tests run: 5, Failures: 0, Errors: 0, Skipped: 0, Time elapsed: 0.021 s - in org.scijava.menu.ShadowMenuTest
2022-08-17T18:43:53.8296395Z [INFO] Running org.scijava.app.StatusServiceTest
2022-08-17T18:43:53.9640163Z [INFO] Tests run: 6, Failures: 0, Errors: 0, Skipped: 0, Time elapsed: 0.131 s - in org.scijava.app.StatusServiceTest
2022-08-17T18:43:53.9640778Z [INFO] Running org.scijava.annotations.LegacyTest
2022-08-17T18:43:53.9818244Z [INFO] Tests run: 1, Failures: 0, Errors: 0, Skipped: 0, Time elapsed: 0.019 s - in org.scijava.annotations.LegacyTest
2022-08-17T18:43:53.9818937Z [INFO] Running org.scijava.annotations.DirectoryIndexerTest
2022-08-17T18:43:54.0149266Z [INFO] Tests run: 2, Failures: 0, Errors: 0, Skipped: 0, Time elapsed: 0.033 s - in org.scijava.annotations.DirectoryIndexerTest
2022-08-17T18:43:54.0150010Z [INFO] Running org.scijava.annotations.EclipseHelperTest
2022-08-17T18:43:54.0278935Z [ECLIPSE HELPER] Indexing annotations...
2022-08-17T18:43:54.0304267Z [ECLIPSE HELPER] Indexing annotations...
2022-08-17T18:43:54.0385868Z [INFO] Tests run: 2, Failures: 0, Errors: 0, Skipped: 0, Time elapsed: 0.023 s - in org.scijava.annotations.EclipseHelperTest
2022-08-17T18:43:54.0439958Z [INFO] Running org.scijava.event.EventServiceTest
2022-08-17T18:43:54.0595918Z [ECLIPSE HELPER] Indexing annotations...
2022-08-17T18:43:54.4132548Z [INFO] Tests run: 2, Failures: 0, Errors: 0, Skipped: 0, Time elapsed: 0.369 s - in org.scijava.event.EventServiceTest
2022-08-17T18:43:54.4133202Z [INFO] Running org.scijava.main.run.MainCodeRunnerTest
2022-08-17T18:43:54.4134158Z [INFO] Tests run: 3, Failures: 0, Errors: 0, Skipped: 0, Time elapsed: 0 s - in org.scijava.main.run.MainCodeRunnerTest
2022-08-17T18:43:54.4135025Z [INFO] Running org.scijava.main.MainServiceTest
2022-08-17T18:43:54.4266729Z [INFO] Tests run: 2, Failures: 0, Errors: 0, Skipped: 0, Time elapsed: 0.012 s - in org.scijava.main.MainServiceTest
2022-08-17T18:43:54.4268251Z [INFO] Running org.scijava.io.nio.ByteBufferByteBankTest
2022-08-17T18:43:54.4953274Z [INFO] Tests run: 18, Failures: 0, Errors: 0, Skipped: 0, Time elapsed: 0.067 s - in org.scijava.io.nio.ByteBufferByteBankTest
2022-08-17T18:43:54.4954119Z [INFO] Running org.scijava.io.IOServiceTest
2022-08-17T18:43:54.5161001Z [INFO] Tests run: 1, Failures: 0, Errors: 0, Skipped: 0, Time elapsed: 0.02 s - in org.scijava.io.IOServiceTest
2022-08-17T18:43:54.5164757Z [INFO] Running org.scijava.io.location.LocationServiceTest
2022-08-17T18:43:54.5260310Z [INFO] Tests run: 2, Failures: 0, Errors: 0, Skipped: 0, Time elapsed: 0.009 s - in org.scijava.io.location.LocationServiceTest
2022-08-17T18:43:54.5261381Z [INFO] Running org.scijava.io.location.FileLocationResolverTest
2022-08-17T18:43:54.5351704Z [INFO] Tests run: 2, Failures: 0, Errors: 0, Skipped: 0, Time elapsed: 0.008 s - in org.scijava.io.location.FileLocationResolverTest
2022-08-17T18:43:54.5352841Z [INFO] Running org.scijava.io.location.FileLocationTest
2022-08-17T18:43:54.5365622Z [INFO] Tests run: 1, Failures: 0, Errors: 0, Skipped: 0, Time elapsed: 0 s - in org.scijava.io.location.FileLocationTest
2022-08-17T18:43:54.5367227Z [INFO] Running org.scijava.io.location.URLLocationTest
2022-08-17T18:43:54.5385306Z [INFO] Tests run: 1, Failures: 0, Errors: 0, Skipped: 0, Time elapsed: 0.001 s - in org.scijava.io.location.URLLocationTest
2022-08-17T18:43:54.5386968Z [INFO] Running org.scijava.io.location.URILocationTest
2022-08-17T18:43:54.5411025Z [INFO] Tests run: 1, Failures: 0, Errors: 0, Skipped: 0, Time elapsed: 0.002 s - in org.scijava.io.location.URILocationTest
2022-08-17T18:43:54.5412324Z [INFO] Running org.scijava.io.location.BytesLocationTest
2022-08-17T18:43:54.5435506Z [INFO] Tests run: 3, Failures: 0, Errors: 0, Skipped: 0, Time elapsed: 0.001 s - in org.scijava.io.location.BytesLocationTest
2022-08-17T18:43:54.5439596Z [INFO] Running org.scijava.io.handle.DataHandleEdgeCaseTests
2022-08-17T18:43:54.5548276Z [INFO] Tests run: 1, Failures: 0, Errors: 0, Skipped: 0, Time elapsed: 0.011 s - in org.scijava.io.handle.DataHandleEdgeCaseTests
2022-08-17T18:43:54.5549191Z [INFO] Running org.scijava.io.handle.ReadBufferDataHandleMockTest
2022-08-17T18:43:55.2520425Z [INFO] Tests run: 2, Failures: 0, Errors: 0, Skipped: 0, Time elapsed: 0.697 s - in org.scijava.io.handle.ReadBufferDataHandleMockTest
2022-08-17T18:43:55.2521543Z [INFO] Running org.scijava.io.handle.FileHandleTest
2022-08-17T18:43:55.3250891Z [INFO] Tests run: 7, Failures: 0, Errors: 0, Skipped: 0, Time elapsed: 0.071 s - in org.scijava.io.handle.FileHandleTest
2022-08-17T18:43:55.3258722Z [INFO] Running org.scijava.io.handle.BytesHandleTest
2022-08-17T18:43:55.3470455Z [INFO] Tests run: 4, Failures: 0, Errors: 0, Skipped: 0, Time elapsed: 0.021 s - in org.scijava.io.handle.BytesHandleTest
2022-08-17T18:43:55.3473168Z [INFO] Running org.scijava.io.handle.WriteBufferDataHandleTest
2022-08-17T18:43:55.3794450Z [INFO] Tests run: 6, Failures: 0, Errors: 0, Skipped: 0, Time elapsed: 0.031 s - in org.scijava.io.handle.WriteBufferDataHandleTest
2022-08-17T18:43:55.3818529Z [INFO] Running org.scijava.io.handle.ReadBufferDataHandleTest
2022-08-17T18:43:55.4276070Z [INFO] Tests run: 7, Failures: 0, Errors: 0, Skipped: 0, Time elapsed: 0.045 s - in org.scijava.io.handle.ReadBufferDataHandleTest
2022-08-17T18:43:55.4276586Z [INFO] Running org.scijava.io.handle.DataHandlesTest
2022-08-17T18:43:55.9534399Z [INFO] Tests run: 4, Failures: 0, Errors: 0, Skipped: 0, Time elapsed: 0.525 s - in org.scijava.io.handle.DataHandlesTest
2022-08-17T18:43:55.9566618Z [INFO] Running org.scijava.io.event.DataEventTest
2022-08-17T18:43:55.9567620Z [INFO] Tests run: 1, Failures: 0, Errors: 0, Skipped: 0, Time elapsed: 0 s - in org.scijava.io.event.DataEventTest
2022-08-17T18:43:55.9568529Z [INFO] Running org.scijava.io.ByteArrayByteBankTest
2022-08-17T18:43:55.9841047Z [INFO] Tests run: 7, Failures: 0, Errors: 0, Skipped: 0, Time elapsed: 0.027 s - in org.scijava.io.ByteArrayByteBankTest
2022-08-17T18:43:55.9842045Z [INFO] Running org.scijava.io.TypedIOServiceTest
2022-08-17T18:43:55.9975779Z [INFO] Tests run: 1, Failures: 0, Errors: 0, Skipped: 0, Time elapsed: 0.012 s - in org.scijava.io.TypedIOServiceTest
2022-08-17T18:43:55.9976682Z [INFO] Running org.scijava.ContextInjectionTest
2022-08-17T18:43:56.0318787Z [INFO] Tests run: 7, Failures: 0, Errors: 0, Skipped: 0, Time elapsed: 0.031 s - in org.scijava.ContextInjectionTest
2022-08-17T18:43:56.0319753Z [INFO] Running org.scijava.task.TaskEventTest
2022-08-17T18:44:01.1116504Z [INFO] Tests run: 1, Failures: 0, Errors: 0, Skipped: 0, Time elapsed: 5.079 s - in org.scijava.task.TaskEventTest
2022-08-17T18:44:01.1116953Z [INFO] Running org.scijava.task.TaskServiceTest
2022-08-17T18:44:01.1532795Z [INFO] Tests run: 1, Failures: 0, Errors: 0, Skipped: 0, Time elapsed: 0.04 s - in org.scijava.task.TaskServiceTest
2022-08-17T18:44:01.1533671Z [INFO] Running org.scijava.display.DisplayTest
2022-08-17T18:44:01.1808120Z [INFO] Tests run: 3, Failures: 0, Errors: 0, Skipped: 0, Time elapsed: 0.027 s - in org.scijava.display.DisplayTest
2022-08-17T18:44:01.1808748Z [INFO] Running org.scijava.ui.UIServiceTest
2022-08-17T18:44:01.1915838Z [INFO] Tests run: 3, Failures: 0, Errors: 0, Skipped: 0, Time elapsed: 0.01 s - in org.scijava.ui.UIServiceTest
2022-08-17T18:44:01.1916413Z [INFO] Running org.scijava.util.ShortArrayTest
2022-08-17T18:44:01.1949657Z [INFO] Tests run: 22, Failures: 0, Errors: 0, Skipped: 0, Time elapsed: 0.002 s - in org.scijava.util.ShortArrayTest
2022-08-17T18:44:01.1950268Z [INFO] Running org.scijava.util.ProcessUtilsTest
2022-08-17T18:44:01.3134793Z [INFO] Tests run: 2, Failures: 0, Errors: 0, Skipped: 0, Time elapsed: 0.117 s - in org.scijava.util.ProcessUtilsTest
2022-08-17T18:44:01.3154340Z [INFO] Running org.scijava.util.TypesTest
2022-08-17T18:44:01.3321057Z [INFO] Tests run: 30, Failures: 0, Errors: 0, Skipped: 0, Time elapsed: 0.018 s - in org.scijava.util.TypesTest
2022-08-17T18:44:01.3321735Z [INFO] Running org.scijava.util.DigestUtilsTest
2022-08-17T18:44:01.3422098Z [INFO] Tests run: 15, Failures: 0, Errors: 0, Skipped: 0, Time elapsed: 0.009 s - in org.scijava.util.DigestUtilsTest
2022-08-17T18:44:01.3422727Z [INFO] Running org.scijava.util.StringUtilsTest
2022-08-17T18:44:01.3620151Z [INFO] Tests run: 15, Failures: 0, Errors: 0, Skipped: 0, Time elapsed: 0.018 s - in org.scijava.util.StringUtilsTest
2022-08-17T18:44:01.3620625Z [INFO] Running org.scijava.util.FileUtilsTest
2022-08-17T18:44:01.3944026Z [INFO] Tests run: 8, Failures: 0, Errors: 0, Skipped: 0, Time elapsed: 0.03 s - in org.scijava.util.FileUtilsTest
2022-08-17T18:44:01.4000143Z [INFO] Running org.scijava.util.ObjectArrayTest
2022-08-17T18:44:01.4000943Z [INFO] Tests run: 22, Failures: 0, Errors: 0, Skipped: 0, Time elapsed: 0 s - in org.scijava.util.ObjectArrayTest
2022-08-17T18:44:01.4001350Z [INFO] Running org.scijava.util.ArrayUtilsTest
2022-08-17T18:44:01.4002252Z [INFO] Tests run: 2, Failures: 0, Errors: 0, Skipped: 0, Time elapsed: 0 s - in org.scijava.util.ArrayUtilsTest
2022-08-17T18:44:01.4002642Z [INFO] Running org.scijava.util.IntArrayTest
2022-08-17T18:44:01.4017465Z [INFO] Tests run: 22, Failures: 0, Errors: 0, Skipped: 0, Time elapsed: 0.007 s - in org.scijava.util.IntArrayTest
2022-08-17T18:44:01.4021456Z [INFO] Running org.scijava.util.ColorRGBTest
2022-08-17T18:44:01.4036870Z [INFO] Tests run: 12, Failures: 0, Errors: 0, Skipped: 0, Time elapsed: 0 s - in org.scijava.util.ColorRGBTest
2022-08-17T18:44:01.4040843Z [INFO] Running org.scijava.util.NumberUtilsTest
2022-08-17T18:44:01.4049199Z [INFO] Tests run: 2, Failures: 0, Errors: 0, Skipped: 0, Time elapsed: 0 s - in org.scijava.util.NumberUtilsTest
2022-08-17T18:44:01.4052193Z [INFO] Running org.scijava.util.FloatArrayTest
2022-08-17T18:44:01.4181218Z [INFO] Tests run: 22, Failures: 0, Errors: 0, Skipped: 0, Time elapsed: 0.01 s - in org.scijava.util.FloatArrayTest
2022-08-17T18:44:01.4182355Z [INFO] Running org.scijava.util.DoubleArrayTest
2022-08-17T18:44:01.4183290Z [INFO] Tests run: 22, Failures: 0, Errors: 0, Skipped: 0, Time elapsed: 0 s - in org.scijava.util.DoubleArrayTest
2022-08-17T18:44:01.4183905Z [INFO] Running org.scijava.util.POMTest
2022-08-17T18:44:01.4866956Z [INFO] Tests run: 4, Failures: 0, Errors: 0, Skipped: 0, Time elapsed: 0.067 s - in org.scijava.util.POMTest
2022-08-17T18:44:01.4872984Z [INFO] Running org.scijava.util.BoolArrayTest
2022-08-17T18:44:01.4884691Z [INFO] Tests run: 22, Failures: 0, Errors: 0, Skipped: 0, Time elapsed: 0 s - in org.scijava.util.BoolArrayTest
2022-08-17T18:44:01.4885466Z [INFO] Running org.scijava.util.ConversionUtilsTest
2022-08-17T18:44:01.5072805Z [INFO] Tests run: 12, Failures: 0, Errors: 0, Skipped: 0, Time elapsed: 0.017 s - in org.scijava.util.ConversionUtilsTest
2022-08-17T18:44:01.5082901Z [INFO] Running org.scijava.util.GenericArrayTypesTest
2022-08-17T18:44:01.5083900Z [INFO] Tests run: 1, Failures: 0, Errors: 0, Skipped: 0, Time elapsed: 0 s - in org.scijava.util.GenericArrayTypesTest
2022-08-17T18:44:01.5084929Z [INFO] Running org.scijava.util.ClassUtilsTest
2022-08-17T18:44:01.5191586Z [INFO] Tests run: 2, Failures: 0, Errors: 0, Skipped: 0, Time elapsed: 0.01 s - in org.scijava.util.ClassUtilsTest
2022-08-17T18:44:01.5197714Z [INFO] Running org.scijava.util.LongArrayTest
2022-08-17T18:44:01.5242148Z [INFO] Tests run: 22, Failures: 0, Errors: 0, Skipped: 0, Time elapsed: 0.004 s - in org.scijava.util.LongArrayTest
2022-08-17T18:44:01.5245527Z [INFO] Running org.scijava.util.VersionUtilsTest
2022-08-17T18:44:01.5257750Z [INFO] Tests run: 1, Failures: 0, Errors: 0, Skipped: 0, Time elapsed: 0 s - in org.scijava.util.VersionUtilsTest
2022-08-17T18:44:01.5258474Z [INFO] Running org.scijava.util.AppUtilsTest
2022-08-17T18:44:01.5267545Z [INFO] Tests run: 1, Failures: 0, Errors: 0, Skipped: 0, Time elapsed: 0.001 s - in org.scijava.util.AppUtilsTest
2022-08-17T18:44:01.5268238Z [INFO] Running org.scijava.util.ByteArrayTest
2022-08-17T18:44:01.5440934Z [INFO] Tests run: 22, Failures: 0, Errors: 0, Skipped: 0, Time elapsed: 0.014 s - in org.scijava.util.ByteArrayTest
2022-08-17T18:44:01.5454654Z [INFO] Running org.scijava.util.CharArrayTest
2022-08-17T18:44:01.5455694Z [INFO] Tests run: 22, Failures: 0, Errors: 0, Skipped: 0, Time elapsed: 0 s - in org.scijava.util.CharArrayTest
2022-08-17T18:44:01.5456352Z [INFO] Running org.scijava.util.LastRecentlyUsedTest
2022-08-17T18:44:01.5470557Z [INFO] Tests run: 2, Failures: 0, Errors: 0, Skipped: 0, Time elapsed: 0 s - in org.scijava.util.LastRecentlyUsedTest
2022-08-17T18:44:01.5473807Z [INFO] Running org.scijava.util.UnitUtilsTest
2022-08-17T18:44:01.5495085Z [INFO] Tests run: 1, Failures: 0, Errors: 0, Skipped: 0, Time elapsed: 0 s - in org.scijava.util.UnitUtilsTest
2022-08-17T18:44:01.5498218Z [INFO] Running org.scijava.module.run.ModuleCodeRunnerTest
2022-08-17T18:44:01.5848977Z [INFO] Tests run: 3, Failures: 0, Errors: 0, Skipped: 0, Time elapsed: 0.033 s - in org.scijava.module.run.ModuleCodeRunnerTest
2022-08-17T18:44:01.5853118Z [INFO] Running org.scijava.module.ModuleServiceTest
2022-08-17T18:44:01.6170865Z [INFO] Tests run: 7, Failures: 0, Errors: 0, Skipped: 0, Time elapsed: 0.031 s - in org.scijava.module.ModuleServiceTest
2022-08-17T18:44:01.6175274Z [INFO] Running org.scijava.module.process.LoggerPreprocessorTest
2022-08-17T18:44:01.6374049Z [INFO] log from the command.
2022-08-17T18:44:01.6520029Z [INFO] Tests run: 3, Failures: 0, Errors: 0, Skipped: 0, Time elapsed: 0.031 s - in org.scijava.module.process.LoggerPreprocessorTest
2022-08-17T18:44:01.6520941Z [INFO] Running org.scijava.widget.WidgetStyleTest
2022-08-17T18:44:01.6551865Z [INFO] Tests run: 7, Failures: 0, Errors: 0, Skipped: 0, Time elapsed: 0.006 s - in org.scijava.widget.WidgetStyleTest
2022-08-17T18:44:01.6556153Z [INFO] Running org.scijava.options.OptionsTest
2022-08-17T18:44:01.6739201Z [INFO] Tests run: 2, Failures: 0, Errors: 0, Skipped: 0, Time elapsed: 0.018 s - in org.scijava.options.OptionsTest
2022-08-17T18:44:01.6743379Z [INFO] Running org.scijava.download.DownloadServiceTest
2022-08-17T18:44:02.2852910Z [INFO] Tests run: 2, Failures: 0, Errors: 0, Skipped: 0, Time elapsed: 0.608 s - in org.scijava.download.DownloadServiceTest
2022-08-17T18:44:02.2868938Z [INFO] Running org.scijava.object.NamedObjectIndexTest
2022-08-17T18:44:02.2869739Z [INFO] Tests run: 2, Failures: 0, Errors: 0, Skipped: 0, Time elapsed: 0 s - in org.scijava.object.NamedObjectIndexTest
2022-08-17T18:44:02.2870935Z [INFO] Running org.scijava.object.ObjectServiceTest
2022-08-17T18:44:02.2924419Z [INFO] Tests run: 2, Failures: 0, Errors: 0, Skipped: 0, Time elapsed: 0.004 s - in org.scijava.object.ObjectServiceTest
2022-08-17T18:44:02.2929836Z [INFO] Running org.scijava.object.ObjectIndexTest
2022-08-17T18:44:02.2947433Z [INFO] Tests run: 11, Failures: 0, Errors: 0, Skipped: 0, Time elapsed: 0.001 s - in org.scijava.object.ObjectIndexTest
2022-08-17T18:44:02.2960825Z [INFO] Running org.scijava.object.SortedObjectIndexTest
2022-08-17T18:44:02.2988296Z [INFO] Tests run: 2, Failures: 0, Errors: 0, Skipped: 0, Time elapsed: 0.003 s - in org.scijava.object.SortedObjectIndexTest
2022-08-17T18:44:02.7163202Z [INFO]
2022-08-17T18:44:02.7163969Z [INFO] Results:
2022-08-17T18:44:02.7164422Z [INFO]
2022-08-17T18:44:02.7167711Z [ERROR] Errors:
2022-08-17T18:44:02.7201677Z [ERROR]   CommandArrayConverterTest.testArrayConvertFromStringCommandRaw:69 » Execution ...
2022-08-17T18:44:02.7202784Z [ERROR]   CommandArrayConverterTest.testArrayConvertFromStringCommandWildcardGenerics:98 » Execution
2022-08-17T18:44:02.7203234Z [INFO]
2022-08-17T18:44:02.7203506Z [ERROR] Tests run: 768, Failures: 0, Errors: 2, Skipped: 0
2022-08-17T18:44:02.7203741Z [INFO]
2022-08-17T18:44:02.7244842Z [INFO] ------------------------------------------------------------------------
2022-08-17T18:44:02.7245491Z [INFO] BUILD FAILURE
2022-08-17T18:44:02.7246651Z [INFO] ------------------------------------------------------------------------
2022-08-17T18:44:02.7257694Z [INFO] Total time:  20.825 s
2022-08-17T18:44:02.7259277Z [INFO] Finished at: 2022-08-17T18:44:02Z
2022-08-17T18:44:02.7259950Z [INFO] ------------------------------------------------------------------------
2022-08-17T18:44:02.7320047Z [ERROR] Failed to execute goal org.apache.maven.plugins:maven-surefire-plugin:2.22.2:test (default-test) on project scijava-common: There are test failures.
2022-08-17T18:44:02.7321041Z [ERROR]
2022-08-17T18:44:02.7323759Z [ERROR] Please refer to /home/runner/work/scijava-common/scijava-common/target/surefire-reports for the individual test results.
2022-08-17T18:44:02.7324549Z [ERROR] Please refer to dump files (if any exist) [date].dump, [date]-jvmRun[N].dump and [date].dumpstream.
2022-08-17T18:44:02.7325192Z [ERROR] -> [Help 1]
2022-08-17T18:44:02.7326549Z [ERROR]
2022-08-17T18:44:02.7327091Z [ERROR] To see the full stack trace of the errors, re-run Maven with the -e switch.
2022-08-17T18:44:02.7327742Z [ERROR] Re-run Maven using the -X switch to enable full debug logging.
2022-08-17T18:44:02.7328192Z [ERROR]
2022-08-17T18:44:02.7328692Z [ERROR] For more information about the errors and possible solutions, please read the following articles:
2022-08-17T18:44:02.7329851Z [ERROR] [Help 1] http://cwiki.apache.org/confluence/display/MAVEN/MojoFailureException
2022-08-17T18:44:02.7501563Z ==> FAILED: EXIT CODE 1
2022-08-17T18:44:02.7502381Z ##[endgroup]
2022-08-17T18:44:02.7531406Z ##[error]Process completed with exit code 1.
2022-08-17T18:44:02.7591085Z Post job cleanup.
2022-08-17T18:44:02.9370851Z Post job cleanup.
2022-08-17T18:44:03.0653974Z [command]/usr/bin/git version
2022-08-17T18:44:03.0705073Z git version 2.37.2
2022-08-17T18:44:03.0748465Z Temporarily overriding HOME='/home/runner/work/_temp/f19ab623-ebec-4b8d-910a-cf14a5e37586' before making global git config changes
2022-08-17T18:44:03.0749211Z Adding repository directory to the temporary git global config as a safe directory
2022-08-17T18:44:03.0753954Z [command]/usr/bin/git config --global --add safe.directory /home/runner/work/scijava-common/scijava-common
2022-08-17T18:44:03.0801299Z [command]/usr/bin/git config --local --name-only --get-regexp core\.sshCommand
2022-08-17T18:44:03.0839921Z [command]/usr/bin/git submodule foreach --recursive git config --local --name-only --get-regexp 'core\.sshCommand' && git config --local --unset-all 'core.sshCommand' || :
2022-08-17T18:44:03.1120745Z [command]/usr/bin/git config --local --name-only --get-regexp http\.https\:\/\/github\.com\/\.extraheader
2022-08-17T18:44:03.1153073Z http.https://github.com/.extraheader
2022-08-17T18:44:03.1161741Z [command]/usr/bin/git config --local --unset-all http.https://github.com/.extraheader
2022-08-17T18:44:03.1201191Z [command]/usr/bin/git submodule foreach --recursive git config --local --name-only --get-regexp 'http\.https\:\/\/github\.com\/\.extraheader' && git config --local --unset-all 'http.https://github.com/.extraheader' || :
2022-08-17T18:44:03.1696263Z Cleaning up orphan processes