2022-03-18T09:24:30.9958553Z Requested labels: ubuntu-latest
2022-03-18T09:24:30.9958602Z Job defined at: codecentric/spring-boot-admin/.github/workflows/build-feature.yml@refs/heads/experimental/spring-boot-3-playground
2022-03-18T09:24:30.9958627Z Waiting for a runner to pick up this job...
2022-03-18T09:24:32.3674290Z Job is waiting for a hosted runner to come online.
2022-03-18T09:24:35.6400296Z Job is about to start running on the hosted runner: GitHub Actions 6 (hosted)
2022-03-18T09:24:39.3286993Z Current runner version: '2.288.1'
2022-03-18T09:24:39.3320472Z ##[group]Operating System
2022-03-18T09:24:39.3321079Z Ubuntu
2022-03-18T09:24:39.3321476Z 20.04.4
2022-03-18T09:24:39.3321792Z LTS
2022-03-18T09:24:39.3322077Z ##[endgroup]
2022-03-18T09:24:39.3322458Z ##[group]Virtual Environment
2022-03-18T09:24:39.3322885Z Environment: ubuntu-20.04
2022-03-18T09:24:39.3323267Z Version: 20220227.1
2022-03-18T09:24:39.3323867Z Included Software: https://github.com/actions/virtual-environments/blob/ubuntu20/20220227.1/images/linux/Ubuntu2004-Readme.md
2022-03-18T09:24:39.3324648Z Image Release: https://github.com/actions/virtual-environments/releases/tag/ubuntu20%2F20220227.1
2022-03-18T09:24:39.3325110Z ##[endgroup]
2022-03-18T09:24:39.3325494Z ##[group]Virtual Environment Provisioner
2022-03-18T09:24:39.3325850Z 1.0.0.0-main-20220307-1
2022-03-18T09:24:39.3326184Z ##[endgroup]
2022-03-18T09:24:39.3327226Z ##[group]GITHUB_TOKEN Permissions
2022-03-18T09:24:39.3328234Z Actions: write
2022-03-18T09:24:39.3328792Z Checks: write
2022-03-18T09:24:39.3329123Z Contents: write
2022-03-18T09:24:39.3329451Z Deployments: write
2022-03-18T09:24:39.3329749Z Discussions: write
2022-03-18T09:24:39.3330091Z Issues: write
2022-03-18T09:24:39.3330355Z Metadata: read
2022-03-18T09:24:39.3330668Z Packages: write
2022-03-18T09:24:39.3330934Z Pages: write
2022-03-18T09:24:39.3331264Z PullRequests: write
2022-03-18T09:24:39.3331649Z RepositoryProjects: write
2022-03-18T09:24:39.3331970Z SecurityEvents: write
2022-03-18T09:24:39.3332298Z Statuses: write
2022-03-18T09:24:39.3332565Z ##[endgroup]
2022-03-18T09:24:39.3336174Z Secret source: Actions
2022-03-18T09:24:39.3336689Z Prepare workflow directory
2022-03-18T09:24:39.4232737Z Prepare all required actions
2022-03-18T09:24:39.4421246Z Getting action download info
2022-03-18T09:24:39.7484133Z Download action repository 'actions/checkout@v2' (SHA:ec3a7ce113134d7a93b817d10a8272cb61118579)
2022-03-18T09:24:40.3671407Z Download action repository 'actions/setup-java@v2' (SHA:f0bb91606209742fe3ea40199be2f3ef195ecabf)
2022-03-18T09:24:40.9359533Z Download action repository 'actions/cache@v2.1.7' (SHA:937d24475381cd9c75ae6db12cb4e79714b926ed)
2022-03-18T09:24:41.4782578Z Download action repository 'actions/cache@v2' (SHA:937d24475381cd9c75ae6db12cb4e79714b926ed)
2022-03-18T09:24:42.0209908Z Download action repository 'codecov/codecov-action@v2' (SHA:f32b3a3741e1053eb607407145bc9619351dc93b)
2022-03-18T09:24:42.7473713Z ##[group]Run actions/checkout@v2
2022-03-18T09:24:42.7474018Z with:
2022-03-18T09:24:42.7474412Z   repository: codecentric/spring-boot-admin
2022-03-18T09:24:42.7474969Z   token: ***
2022-03-18T09:24:42.7475179Z   ssh-strict: true
2022-03-18T09:24:42.7475531Z   persist-credentials: true
2022-03-18T09:24:42.7475732Z   clean: true
2022-03-18T09:24:42.7476036Z   fetch-depth: 1
2022-03-18T09:24:42.7476349Z   lfs: false
2022-03-18T09:24:42.7476543Z   submodules: false
2022-03-18T09:24:42.7476728Z ##[endgroup]
2022-03-18T09:24:43.0401293Z Syncing repository: codecentric/spring-boot-admin
2022-03-18T09:24:43.0403173Z ##[group]Getting Git version info
2022-03-18T09:24:43.0403791Z Working directory is '/home/runner/work/spring-boot-admin/spring-boot-admin'
2022-03-18T09:24:43.0404393Z [command]/usr/bin/git version
2022-03-18T09:24:43.0530287Z git version 2.35.1
2022-03-18T09:24:43.0538256Z ##[endgroup]
2022-03-18T09:24:43.0548009Z Deleting the contents of '/home/runner/work/spring-boot-admin/spring-boot-admin'
2022-03-18T09:24:43.0551459Z ##[group]Initializing the repository
2022-03-18T09:24:43.0557267Z [command]/usr/bin/git init /home/runner/work/spring-boot-admin/spring-boot-admin
2022-03-18T09:24:43.0669271Z hint: Using 'master' as the name for the initial branch. This default branch name
2022-03-18T09:24:43.0669944Z hint: is subject to change. To configure the initial branch name to use in all
2022-03-18T09:24:43.0670490Z hint: of your new repositories, which will suppress this warning, call:
2022-03-18T09:24:43.0670915Z hint: 
2022-03-18T09:24:43.0671364Z hint: 	git config --global init.defaultBranch <name>
2022-03-18T09:24:43.0671947Z hint: 
2022-03-18T09:24:43.0672544Z hint: Names commonly chosen instead of 'master' are 'main', 'trunk' and
2022-03-18T09:24:43.0673156Z hint: 'development'. The just-created branch can be renamed via this command:
2022-03-18T09:24:43.0673749Z hint: 
2022-03-18T09:24:43.0675103Z hint: 	git branch -m <name>
2022-03-18T09:24:43.0700565Z Initialized empty Git repository in /home/runner/work/spring-boot-admin/spring-boot-admin/.git/
2022-03-18T09:24:43.0712961Z [command]/usr/bin/git remote add origin https://github.com/codecentric/spring-boot-admin
2022-03-18T09:24:43.0763770Z ##[endgroup]
2022-03-18T09:24:43.0764461Z ##[group]Disabling automatic garbage collection
2022-03-18T09:24:43.0771309Z [command]/usr/bin/git config --local gc.auto 0
2022-03-18T09:24:43.0815397Z ##[endgroup]
2022-03-18T09:24:43.0839852Z ##[group]Setting up auth
2022-03-18T09:24:43.0894676Z [command]/usr/bin/git config --local --name-only --get-regexp core\.sshCommand
2022-03-18T09:24:43.0935814Z [command]/usr/bin/git submodule foreach --recursive git config --local --name-only --get-regexp 'core\.sshCommand' && git config --local --unset-all 'core.sshCommand' || :
2022-03-18T09:24:43.1325925Z [command]/usr/bin/git config --local --name-only --get-regexp http\.https\:\/\/github\.com\/\.extraheader
2022-03-18T09:24:43.1354529Z [command]/usr/bin/git submodule foreach --recursive git config --local --name-only --get-regexp 'http\.https\:\/\/github\.com\/\.extraheader' && git config --local --unset-all 'http.https://github.com/.extraheader' || :
2022-03-18T09:24:43.1609968Z [command]/usr/bin/git config --local http.https://github.com/.extraheader AUTHORIZATION: basic ***
2022-03-18T09:24:43.1663780Z ##[endgroup]
2022-03-18T09:24:43.1664672Z ##[group]Fetching the repository
2022-03-18T09:24:43.1666395Z [command]/usr/bin/git -c protocol.version=2 fetch --no-tags --prune --progress --no-recurse-submodules --depth=1 origin +e3564d66768a87ff4ce643fa4c6f720516057b33:refs/remotes/origin/experimental/spring-boot-3-playground
2022-03-18T09:24:43.5704289Z remote: Enumerating objects: 1254, done.        
2022-03-18T09:24:43.5776242Z remote: Counting objects:   0% (1/1254)        
2022-03-18T09:24:43.5776805Z remote: Counting objects:   1% (13/1254)        
2022-03-18T09:24:43.5777650Z remote: Counting objects:   2% (26/1254)        
2022-03-18T09:24:43.5778394Z remote: Counting objects:   3% (38/1254)        
2022-03-18T09:24:43.5779912Z remote: Counting objects:   4% (51/1254)        
2022-03-18T09:24:43.5780464Z remote: Counting objects:   5% (63/1254)        
2022-03-18T09:24:43.5781185Z remote: Counting objects:   6% (76/1254)        
2022-03-18T09:24:43.5781885Z remote: Counting objects:   7% (88/1254)        
2022-03-18T09:24:43.5782668Z remote: Counting objects:   8% (101/1254)        
2022-03-18T09:24:43.5783372Z remote: Counting objects:   9% (113/1254)        
2022-03-18T09:24:43.5784139Z remote: Counting objects:  10% (126/1254)        
2022-03-18T09:24:43.5785156Z remote: Counting objects:  11% (138/1254)        
2022-03-18T09:24:43.5785799Z remote: Counting objects:  12% (151/1254)        
2022-03-18T09:24:43.5786600Z remote: Counting objects:  13% (164/1254)        
2022-03-18T09:24:43.5787355Z remote: Counting objects:  14% (176/1254)        
2022-03-18T09:24:43.5788046Z remote: Counting objects:  15% (189/1254)        
2022-03-18T09:24:43.5788857Z remote: Counting objects:  16% (201/1254)        
2022-03-18T09:24:43.5789557Z remote: Counting objects:  17% (214/1254)        
2022-03-18T09:24:43.5790382Z remote: Counting objects:  18% (226/1254)        
2022-03-18T09:24:43.5791096Z remote: Counting objects:  19% (239/1254)        
2022-03-18T09:24:43.5791741Z remote: Counting objects:  20% (251/1254)        
2022-03-18T09:24:43.5792498Z remote: Counting objects:  21% (264/1254)        
2022-03-18T09:24:43.5793264Z remote: Counting objects:  22% (276/1254)        
2022-03-18T09:24:43.5793881Z remote: Counting objects:  23% (289/1254)        
2022-03-18T09:24:43.5794647Z remote: Counting objects:  24% (301/1254)        
2022-03-18T09:24:43.5795229Z remote: Counting objects:  25% (314/1254)        
2022-03-18T09:24:43.5795915Z remote: Counting objects:  26% (327/1254)        
2022-03-18T09:24:43.5796617Z remote: Counting objects:  27% (339/1254)        
2022-03-18T09:24:43.5797435Z remote: Counting objects:  28% (352/1254)        
2022-03-18T09:24:43.5798089Z remote: Counting objects:  29% (364/1254)        
2022-03-18T09:24:43.5798859Z remote: Counting objects:  30% (377/1254)        
2022-03-18T09:24:43.5799463Z remote: Counting objects:  31% (389/1254)        
2022-03-18T09:24:43.5800235Z remote: Counting objects:  32% (402/1254)        
2022-03-18T09:24:43.5800843Z remote: Counting objects:  33% (414/1254)        
2022-03-18T09:24:43.5801534Z remote: Counting objects:  34% (427/1254)        
2022-03-18T09:24:43.5802238Z remote: Counting objects:  35% (439/1254)        
2022-03-18T09:24:43.5802847Z remote: Counting objects:  36% (452/1254)        
2022-03-18T09:24:43.5803612Z remote: Counting objects:  37% (464/1254)        
2022-03-18T09:24:43.5804230Z remote: Counting objects:  38% (477/1254)        
2022-03-18T09:24:43.5804914Z remote: Counting objects:  39% (490/1254)        
2022-03-18T09:24:43.5805546Z remote: Counting objects:  40% (502/1254)        
2022-03-18T09:24:43.5806176Z remote: Counting objects:  41% (515/1254)        
2022-03-18T09:24:43.5806939Z remote: Counting objects:  42% (527/1254)        
2022-03-18T09:24:43.5807550Z remote: Counting objects:  43% (540/1254)        
2022-03-18T09:24:43.5808562Z remote: Counting objects:  44% (552/1254)        
2022-03-18T09:24:43.5809568Z remote: Counting objects:  45% (565/1254)        
2022-03-18T09:24:43.5810212Z remote: Counting objects:  46% (577/1254)        
2022-03-18T09:24:43.5810822Z remote: Counting objects:  47% (590/1254)        
2022-03-18T09:24:43.5811591Z remote: Counting objects:  48% (602/1254)        
2022-03-18T09:24:43.5812302Z remote: Counting objects:  49% (615/1254)        
2022-03-18T09:24:43.5813055Z remote: Counting objects:  50% (627/1254)        
2022-03-18T09:24:43.5813720Z remote: Counting objects:  51% (640/1254)        
2022-03-18T09:24:43.5814500Z remote: Counting objects:  52% (653/1254)        
2022-03-18T09:24:43.5815179Z remote: Counting objects:  53% (665/1254)        
2022-03-18T09:24:43.5815955Z remote: Counting objects:  54% (678/1254)        
2022-03-18T09:24:43.5816816Z remote: Counting objects:  55% (690/1254)        
2022-03-18T09:24:43.5817212Z remote: Counting objects:  56% (703/1254)        
2022-03-18T09:24:43.5817849Z remote: Counting objects:  57% (715/1254)        
2022-03-18T09:24:43.5818629Z remote: Counting objects:  58% (728/1254)        
2022-03-18T09:24:43.5819279Z remote: Counting objects:  59% (740/1254)        
2022-03-18T09:24:43.5819784Z remote: Counting objects:  60% (753/1254)        
2022-03-18T09:24:43.5820396Z remote: Counting objects:  61% (765/1254)        
2022-03-18T09:24:43.5821176Z remote: Counting objects:  62% (778/1254)        
2022-03-18T09:24:43.5821879Z remote: Counting objects:  63% (791/1254)        
2022-03-18T09:24:43.5822502Z remote: Counting objects:  64% (803/1254)        
2022-03-18T09:24:43.5823212Z remote: Counting objects:  65% (816/1254)        
2022-03-18T09:24:43.5823537Z remote: Counting objects:  66% (828/1254)        
2022-03-18T09:24:43.5824409Z remote: Counting objects:  67% (841/1254)        
2022-03-18T09:24:43.5825214Z remote: Counting objects:  68% (853/1254)        
2022-03-18T09:24:43.5825973Z remote: Counting objects:  69% (866/1254)        
2022-03-18T09:24:43.5826775Z remote: Counting objects:  70% (878/1254)        
2022-03-18T09:24:43.5827646Z remote: Counting objects:  71% (891/1254)        
2022-03-18T09:24:43.5828415Z remote: Counting objects:  72% (903/1254)        
2022-03-18T09:24:43.5829198Z remote: Counting objects:  73% (916/1254)        
2022-03-18T09:24:43.5830028Z remote: Counting objects:  74% (928/1254)        
2022-03-18T09:24:43.5830748Z remote: Counting objects:  75% (941/1254)        
2022-03-18T09:24:43.5831629Z remote: Counting objects:  76% (954/1254)        
2022-03-18T09:24:43.5832239Z remote: Counting objects:  77% (966/1254)        
2022-03-18T09:24:43.5833105Z remote: Counting objects:  78% (979/1254)        
2022-03-18T09:24:43.5833913Z remote: Counting objects:  79% (991/1254)        
2022-03-18T09:24:43.5834685Z remote: Counting objects:  80% (1004/1254)        
2022-03-18T09:24:43.5835530Z remote: Counting objects:  81% (1016/1254)        
2022-03-18T09:24:43.5836494Z remote: Counting objects:  82% (1029/1254)        
2022-03-18T09:24:43.5837311Z remote: Counting objects:  83% (1041/1254)        
2022-03-18T09:24:43.5838213Z remote: Counting objects:  84% (1054/1254)        
2022-03-18T09:24:43.5838952Z remote: Counting objects:  85% (1066/1254)        
2022-03-18T09:24:43.5839762Z remote: Counting objects:  86% (1079/1254)        
2022-03-18T09:24:43.5840583Z remote: Counting objects:  87% (1091/1254)        
2022-03-18T09:24:43.5841349Z remote: Counting objects:  88% (1104/1254)        
2022-03-18T09:24:43.5842072Z remote: Counting objects:  89% (1117/1254)        
2022-03-18T09:24:43.5842764Z remote: Counting objects:  90% (1129/1254)        
2022-03-18T09:24:43.5843592Z remote: Counting objects:  91% (1142/1254)        
2022-03-18T09:24:43.5844367Z remote: Counting objects:  92% (1154/1254)        
2022-03-18T09:24:43.5845100Z remote: Counting objects:  93% (1167/1254)        
2022-03-18T09:24:43.5846193Z remote: Counting objects:  94% (1179/1254)        
2022-03-18T09:24:43.5846964Z remote: Counting objects:  95% (1192/1254)        
2022-03-18T09:24:43.5848041Z remote: Counting objects:  96% (1204/1254)        
2022-03-18T09:24:43.5848473Z remote: Counting objects:  97% (1217/1254)        
2022-03-18T09:24:43.5849288Z remote: Counting objects:  98% (1229/1254)        
2022-03-18T09:24:43.5850086Z remote: Counting objects:  99% (1242/1254)        
2022-03-18T09:24:43.5850915Z remote: Counting objects: 100% (1254/1254)        
2022-03-18T09:24:43.5851621Z remote: Counting objects: 100% (1254/1254), done.        
2022-03-18T09:24:43.5852420Z remote: Compressing objects:   0% (1/978)        
2022-03-18T09:24:43.5881415Z remote: Compressing objects:   1% (10/978)        
2022-03-18T09:24:43.5882602Z remote: Compressing objects:   2% (20/978)        
2022-03-18T09:24:43.5883244Z remote: Compressing objects:   3% (30/978)        
2022-03-18T09:24:43.5884150Z remote: Compressing objects:   4% (40/978)        
2022-03-18T09:24:43.5885305Z remote: Compressing objects:   5% (49/978)        
2022-03-18T09:24:43.5885762Z remote: Compressing objects:   6% (59/978)        
2022-03-18T09:24:43.5886648Z remote: Compressing objects:   7% (69/978)        
2022-03-18T09:24:43.5887525Z remote: Compressing objects:   8% (79/978)        
2022-03-18T09:24:43.5888479Z remote: Compressing objects:   9% (89/978)        
2022-03-18T09:24:43.5889360Z remote: Compressing objects:  10% (98/978)        
2022-03-18T09:24:43.5890219Z remote: Compressing objects:  11% (108/978)        
2022-03-18T09:24:43.5891056Z remote: Compressing objects:  12% (118/978)        
2022-03-18T09:24:43.5891938Z remote: Compressing objects:  13% (128/978)        
2022-03-18T09:24:43.5892814Z remote: Compressing objects:  14% (137/978)        
2022-03-18T09:24:43.5893486Z remote: Compressing objects:  15% (147/978)        
2022-03-18T09:24:43.6090312Z remote: Compressing objects:  16% (157/978)        
2022-03-18T09:24:43.6096874Z remote: Compressing objects:  17% (167/978)        
2022-03-18T09:24:43.6100008Z remote: Compressing objects:  18% (177/978)        
2022-03-18T09:24:43.6102831Z remote: Compressing objects:  19% (186/978)        
2022-03-18T09:24:43.6103432Z remote: Compressing objects:  20% (196/978)        
2022-03-18T09:24:43.6107586Z remote: Compressing objects:  21% (206/978)        
2022-03-18T09:24:43.6110762Z remote: Compressing objects:  22% (216/978)        
2022-03-18T09:24:43.6115975Z remote: Compressing objects:  23% (225/978)        
2022-03-18T09:24:43.6118363Z remote: Compressing objects:  24% (235/978)        
2022-03-18T09:24:43.6118842Z remote: Compressing objects:  25% (245/978)        
2022-03-18T09:24:43.6122342Z remote: Compressing objects:  26% (255/978)        
2022-03-18T09:24:43.6123009Z remote: Compressing objects:  27% (265/978)        
2022-03-18T09:24:43.6126039Z remote: Compressing objects:  28% (274/978)        
2022-03-18T09:24:43.6127259Z remote: Compressing objects:  29% (284/978)        
2022-03-18T09:24:43.6131421Z remote: Compressing objects:  30% (294/978)        
2022-03-18T09:24:43.6142426Z remote: Compressing objects:  31% (304/978)        
2022-03-18T09:24:43.6145324Z remote: Compressing objects:  32% (313/978)        
2022-03-18T09:24:43.6159971Z remote: Compressing objects:  33% (323/978)        
2022-03-18T09:24:43.6168612Z remote: Compressing objects:  34% (333/978)        
2022-03-18T09:24:43.6179084Z remote: Compressing objects:  35% (343/978)        
2022-03-18T09:24:43.6204701Z remote: Compressing objects:  36% (353/978)        
2022-03-18T09:24:43.6219341Z remote: Compressing objects:  37% (362/978)        
2022-03-18T09:24:43.6278326Z remote: Compressing objects:  38% (372/978)        
2022-03-18T09:24:43.6278831Z remote: Compressing objects:  39% (382/978)        
2022-03-18T09:24:43.6279840Z remote: Compressing objects:  40% (392/978)        
2022-03-18T09:24:43.6280342Z remote: Compressing objects:  41% (401/978)        
2022-03-18T09:24:43.6284527Z remote: Compressing objects:  42% (411/978)        
2022-03-18T09:24:43.6316778Z remote: Compressing objects:  43% (421/978)        
2022-03-18T09:24:43.6348533Z remote: Compressing objects:  44% (431/978)        
2022-03-18T09:24:43.6384032Z remote: Compressing objects:  45% (441/978)        
2022-03-18T09:24:43.6422761Z remote: Compressing objects:  46% (450/978)        
2022-03-18T09:24:43.6466628Z remote: Compressing objects:  47% (460/978)        
2022-03-18T09:24:43.6493359Z remote: Compressing objects:  48% (470/978)        
2022-03-18T09:24:43.6522083Z remote: Compressing objects:  49% (480/978)        
2022-03-18T09:24:43.6617189Z remote: Compressing objects:  50% (489/978)        
2022-03-18T09:24:43.6618627Z remote: Compressing objects:  51% (499/978)        
2022-03-18T09:24:43.6619115Z remote: Compressing objects:  52% (509/978)        
2022-03-18T09:24:43.6620171Z remote: Compressing objects:  53% (519/978)        
2022-03-18T09:24:43.6620849Z remote: Compressing objects:  54% (529/978)        
2022-03-18T09:24:43.6701131Z remote: Compressing objects:  55% (538/978)        
2022-03-18T09:24:43.6770477Z remote: Compressing objects:  56% (548/978)        
2022-03-18T09:24:43.6771853Z remote: Compressing objects:  57% (558/978)        
2022-03-18T09:24:43.6804969Z remote: Compressing objects:  58% (568/978)        
2022-03-18T09:24:43.6805648Z remote: Compressing objects:  59% (578/978)        
2022-03-18T09:24:43.6828983Z remote: Compressing objects:  60% (587/978)        
2022-03-18T09:24:43.6858255Z remote: Compressing objects:  61% (597/978)        
2022-03-18T09:24:43.6897623Z remote: Compressing objects:  62% (607/978)        
2022-03-18T09:24:43.6923317Z remote: Compressing objects:  63% (617/978)        
2022-03-18T09:24:43.6957704Z remote: Compressing objects:  64% (626/978)        
2022-03-18T09:24:43.6980036Z remote: Compressing objects:  65% (636/978)        
2022-03-18T09:24:43.6988250Z remote: Compressing objects:  66% (646/978)        
2022-03-18T09:24:43.7006527Z remote: Compressing objects:  67% (656/978)        
2022-03-18T09:24:43.7024799Z remote: Compressing objects:  68% (666/978)        
2022-03-18T09:24:43.7043851Z remote: Compressing objects:  69% (675/978)        
2022-03-18T09:24:43.7054747Z remote: Compressing objects:  70% (685/978)        
2022-03-18T09:24:43.7089867Z remote: Compressing objects:  71% (695/978)        
2022-03-18T09:24:43.7126384Z remote: Compressing objects:  72% (705/978)        
2022-03-18T09:24:43.7152302Z remote: Compressing objects:  73% (714/978)        
2022-03-18T09:24:43.7171888Z remote: Compressing objects:  74% (724/978)        
2022-03-18T09:24:43.7180971Z remote: Compressing objects:  75% (734/978)        
2022-03-18T09:24:43.7228149Z remote: Compressing objects:  76% (744/978)        
2022-03-18T09:24:43.7245698Z remote: Compressing objects:  77% (754/978)        
2022-03-18T09:24:43.7250079Z remote: Compressing objects:  78% (763/978)        
2022-03-18T09:24:43.7267152Z remote: Compressing objects:  79% (773/978)        
2022-03-18T09:24:43.7283865Z remote: Compressing objects:  80% (783/978)        
2022-03-18T09:24:43.7286948Z remote: Compressing objects:  81% (793/978)        
2022-03-18T09:24:43.7290866Z remote: Compressing objects:  82% (802/978)        
2022-03-18T09:24:43.7292070Z remote: Compressing objects:  83% (812/978)        
2022-03-18T09:24:43.7292523Z remote: Compressing objects:  84% (822/978)        
2022-03-18T09:24:43.7295146Z remote: Compressing objects:  85% (832/978)        
2022-03-18T09:24:43.7297199Z remote: Compressing objects:  86% (842/978)        
2022-03-18T09:24:43.7297802Z remote: Compressing objects:  87% (851/978)        
2022-03-18T09:24:43.7299934Z remote: Compressing objects:  88% (861/978)        
2022-03-18T09:24:43.7302130Z remote: Compressing objects:  89% (871/978)        
2022-03-18T09:24:43.7304239Z remote: Compressing objects:  90% (881/978)        
2022-03-18T09:24:43.7305245Z remote: Compressing objects:  91% (890/978)        
2022-03-18T09:24:43.7305703Z remote: Compressing objects:  92% (900/978)        
2022-03-18T09:24:43.7306633Z remote: Compressing objects:  93% (910/978)        
2022-03-18T09:24:43.7307537Z remote: Compressing objects:  94% (920/978)        
2022-03-18T09:24:43.7308465Z remote: Compressing objects:  95% (930/978)        
2022-03-18T09:24:43.7309420Z remote: Compressing objects:  96% (939/978)        
2022-03-18T09:24:43.7309983Z remote: Compressing objects:  97% (949/978)        
2022-03-18T09:24:43.7310751Z remote: Compressing objects:  98% (959/978)        
2022-03-18T09:24:43.7311440Z remote: Compressing objects:  99% (969/978)        
2022-03-18T09:24:43.7313075Z remote: Compressing objects: 100% (978/978)        
2022-03-18T09:24:43.7313400Z remote: Compressing objects: 100% (978/978), done.        
2022-03-18T09:24:43.7354626Z Receiving objects:   0% (1/1254)
2022-03-18T09:24:43.8087525Z Receiving objects:   1% (13/1254)
2022-03-18T09:24:44.1152673Z Receiving objects:   2% (26/1254)
2022-03-18T09:24:44.1159101Z Receiving objects:   3% (38/1254)
2022-03-18T09:24:44.1165229Z Receiving objects:   4% (51/1254)
2022-03-18T09:24:44.1168758Z Receiving objects:   5% (63/1254)
2022-03-18T09:24:44.1170683Z Receiving objects:   6% (76/1254)
2022-03-18T09:24:44.1180883Z Receiving objects:   7% (88/1254)
2022-03-18T09:24:44.1183780Z Receiving objects:   8% (101/1254)
2022-03-18T09:24:44.1231510Z Receiving objects:   9% (113/1254)
2022-03-18T09:24:44.1254187Z Receiving objects:  10% (126/1254)
2022-03-18T09:24:44.1369642Z Receiving objects:  11% (138/1254)
2022-03-18T09:24:44.1373054Z Receiving objects:  12% (151/1254)
2022-03-18T09:24:44.1373425Z Receiving objects:  13% (164/1254)
2022-03-18T09:24:44.2098112Z Receiving objects:  14% (176/1254)
2022-03-18T09:24:44.2101698Z Receiving objects:  15% (189/1254)
2022-03-18T09:24:44.2102267Z Receiving objects:  16% (201/1254)
2022-03-18T09:24:44.2102637Z Receiving objects:  17% (214/1254)
2022-03-18T09:24:44.2103013Z Receiving objects:  18% (226/1254)
2022-03-18T09:24:44.2103354Z Receiving objects:  19% (239/1254)
2022-03-18T09:24:44.2107296Z Receiving objects:  20% (251/1254)
2022-03-18T09:24:44.2107951Z Receiving objects:  21% (264/1254)
2022-03-18T09:24:44.2108491Z Receiving objects:  22% (276/1254)
2022-03-18T09:24:44.2109048Z Receiving objects:  23% (289/1254)
2022-03-18T09:24:44.2109472Z Receiving objects:  24% (301/1254)
2022-03-18T09:24:44.2113763Z Receiving objects:  25% (314/1254)
2022-03-18T09:24:44.2114726Z Receiving objects:  26% (327/1254)
2022-03-18T09:24:44.2118714Z Receiving objects:  27% (339/1254)
2022-03-18T09:24:44.2119206Z Receiving objects:  28% (352/1254)
2022-03-18T09:24:44.2123760Z Receiving objects:  29% (364/1254)
2022-03-18T09:24:44.2127215Z Receiving objects:  30% (377/1254)
2022-03-18T09:24:44.2133065Z Receiving objects:  31% (389/1254)
2022-03-18T09:24:44.2136702Z Receiving objects:  32% (402/1254)
2022-03-18T09:24:44.2139691Z Receiving objects:  33% (414/1254)
2022-03-18T09:24:44.2140578Z Receiving objects:  34% (427/1254)
2022-03-18T09:24:44.2146322Z Receiving objects:  35% (439/1254)
2022-03-18T09:24:44.2206591Z Receiving objects:  36% (452/1254)
2022-03-18T09:24:44.2208379Z Receiving objects:  37% (464/1254)
2022-03-18T09:24:44.2283808Z Receiving objects:  38% (477/1254)
2022-03-18T09:24:44.2290476Z Receiving objects:  39% (490/1254)
2022-03-18T09:24:44.2295128Z Receiving objects:  40% (502/1254)
2022-03-18T09:24:44.2298861Z Receiving objects:  41% (515/1254)
2022-03-18T09:24:44.2302326Z Receiving objects:  42% (527/1254)
2022-03-18T09:24:44.2304773Z Receiving objects:  43% (540/1254)
2022-03-18T09:24:44.2307471Z Receiving objects:  44% (552/1254)
2022-03-18T09:24:44.2309402Z Receiving objects:  45% (565/1254)
2022-03-18T09:24:44.2311902Z Receiving objects:  46% (577/1254)
2022-03-18T09:24:44.2316296Z Receiving objects:  47% (590/1254)
2022-03-18T09:24:44.2321090Z Receiving objects:  48% (602/1254)
2022-03-18T09:24:44.2325144Z Receiving objects:  49% (615/1254)
2022-03-18T09:24:44.2326670Z Receiving objects:  50% (627/1254)
2022-03-18T09:24:44.2329132Z Receiving objects:  51% (640/1254)
2022-03-18T09:24:44.2331957Z Receiving objects:  52% (653/1254)
2022-03-18T09:24:44.2333370Z Receiving objects:  53% (665/1254)
2022-03-18T09:24:44.2337405Z Receiving objects:  54% (678/1254)
2022-03-18T09:24:44.2339943Z Receiving objects:  55% (690/1254)
2022-03-18T09:24:44.2342174Z Receiving objects:  56% (703/1254)
2022-03-18T09:24:44.2343275Z Receiving objects:  57% (715/1254)
2022-03-18T09:24:44.2345271Z Receiving objects:  58% (728/1254)
2022-03-18T09:24:44.2349764Z Receiving objects:  59% (740/1254), 2.99 MiB | 5.97 MiB/s
2022-03-18T09:24:44.2351377Z Receiving objects:  60% (753/1254), 2.99 MiB | 5.97 MiB/s
2022-03-18T09:24:44.2354835Z Receiving objects:  61% (765/1254), 2.99 MiB | 5.97 MiB/s
2022-03-18T09:24:44.2356507Z Receiving objects:  62% (778/1254), 2.99 MiB | 5.97 MiB/s
2022-03-18T09:24:44.2358534Z Receiving objects:  63% (791/1254), 2.99 MiB | 5.97 MiB/s
2022-03-18T09:24:44.2361500Z Receiving objects:  64% (803/1254), 2.99 MiB | 5.97 MiB/s
2022-03-18T09:24:44.2365799Z Receiving objects:  65% (816/1254), 2.99 MiB | 5.97 MiB/s
2022-03-18T09:24:44.2368836Z Receiving objects:  66% (828/1254), 2.99 MiB | 5.97 MiB/s
2022-03-18T09:24:44.2371004Z Receiving objects:  67% (841/1254), 2.99 MiB | 5.97 MiB/s
2022-03-18T09:24:44.2374496Z Receiving objects:  68% (853/1254), 2.99 MiB | 5.97 MiB/s
2022-03-18T09:24:44.2374790Z Receiving objects:  69% (866/1254), 2.99 MiB | 5.97 MiB/s
2022-03-18T09:24:44.2387325Z Receiving objects:  70% (878/1254), 2.99 MiB | 5.97 MiB/s
2022-03-18T09:24:44.2388855Z Receiving objects:  71% (891/1254), 2.99 MiB | 5.97 MiB/s
2022-03-18T09:24:44.2389259Z Receiving objects:  72% (903/1254), 2.99 MiB | 5.97 MiB/s
2022-03-18T09:24:44.2476308Z Receiving objects:  73% (916/1254), 2.99 MiB | 5.97 MiB/s
2022-03-18T09:24:44.2476687Z Receiving objects:  74% (928/1254), 2.99 MiB | 5.97 MiB/s
2022-03-18T09:24:44.2480518Z Receiving objects:  75% (941/1254), 2.99 MiB | 5.97 MiB/s
2022-03-18T09:24:44.2483135Z Receiving objects:  76% (954/1254), 2.99 MiB | 5.97 MiB/s
2022-03-18T09:24:44.2491264Z Receiving objects:  77% (966/1254), 2.99 MiB | 5.97 MiB/s
2022-03-18T09:24:44.2496149Z Receiving objects:  78% (979/1254), 2.99 MiB | 5.97 MiB/s
2022-03-18T09:24:44.2501982Z Receiving objects:  79% (991/1254), 2.99 MiB | 5.97 MiB/s
2022-03-18T09:24:44.2506004Z Receiving objects:  80% (1004/1254), 2.99 MiB | 5.97 MiB/s
2022-03-18T09:24:44.2509838Z Receiving objects:  81% (1016/1254), 2.99 MiB | 5.97 MiB/s
2022-03-18T09:24:44.2514938Z Receiving objects:  82% (1029/1254), 2.99 MiB | 5.97 MiB/s
2022-03-18T09:24:44.2517878Z Receiving objects:  83% (1041/1254), 2.99 MiB | 5.97 MiB/s
2022-03-18T09:24:44.2519704Z Receiving objects:  84% (1054/1254), 2.99 MiB | 5.97 MiB/s
2022-03-18T09:24:44.2524081Z Receiving objects:  85% (1066/1254), 2.99 MiB | 5.97 MiB/s
2022-03-18T09:24:44.2528983Z Receiving objects:  86% (1079/1254), 2.99 MiB | 5.97 MiB/s
2022-03-18T09:24:44.2531363Z Receiving objects:  87% (1091/1254), 2.99 MiB | 5.97 MiB/s
2022-03-18T09:24:44.2533733Z Receiving objects:  88% (1104/1254), 2.99 MiB | 5.97 MiB/s
2022-03-18T09:24:44.2537947Z Receiving objects:  89% (1117/1254), 2.99 MiB | 5.97 MiB/s
2022-03-18T09:24:44.2542484Z Receiving objects:  90% (1129/1254), 2.99 MiB | 5.97 MiB/s
2022-03-18T09:24:44.2547379Z Receiving objects:  91% (1142/1254), 2.99 MiB | 5.97 MiB/s
2022-03-18T09:24:44.2585170Z Receiving objects:  92% (1154/1254), 2.99 MiB | 5.97 MiB/s
2022-03-18T09:24:44.2585601Z Receiving objects:  93% (1167/1254), 2.99 MiB | 5.97 MiB/s
2022-03-18T09:24:44.2586498Z remote: Total 1254 (delta 311), reused 720 (delta 121), pack-reused 0        
2022-03-18T09:24:44.2586865Z Receiving objects:  94% (1179/1254), 2.99 MiB | 5.97 MiB/s
2022-03-18T09:24:44.2587261Z Receiving objects:  95% (1192/1254), 2.99 MiB | 5.97 MiB/s
2022-03-18T09:24:44.2587586Z Receiving objects:  96% (1204/1254), 2.99 MiB | 5.97 MiB/s
2022-03-18T09:24:44.2587957Z Receiving objects:  97% (1217/1254), 2.99 MiB | 5.97 MiB/s
2022-03-18T09:24:44.2588368Z Receiving objects:  98% (1229/1254), 2.99 MiB | 5.97 MiB/s
2022-03-18T09:24:44.2588687Z Receiving objects:  99% (1242/1254), 2.99 MiB | 5.97 MiB/s
2022-03-18T09:24:44.2589071Z Receiving objects: 100% (1254/1254), 2.99 MiB | 5.97 MiB/s
2022-03-18T09:24:44.2589404Z Receiving objects: 100% (1254/1254), 3.25 MiB | 6.22 MiB/s, done.
2022-03-18T09:24:44.2589761Z Resolving deltas:   0% (0/311)
2022-03-18T09:24:44.2590124Z Resolving deltas:   1% (4/311)
2022-03-18T09:24:44.2590415Z Resolving deltas:   2% (7/311)
2022-03-18T09:24:44.2590742Z Resolving deltas:   3% (10/311)
2022-03-18T09:24:44.2591190Z Resolving deltas:   4% (13/311)
2022-03-18T09:24:44.2591598Z Resolving deltas:   5% (16/311)
2022-03-18T09:24:44.2595330Z Resolving deltas:   6% (19/311)
2022-03-18T09:24:44.2595771Z Resolving deltas:   7% (22/311)
2022-03-18T09:24:44.2596138Z Resolving deltas:   8% (25/311)
2022-03-18T09:24:44.2596433Z Resolving deltas:   9% (28/311)
2022-03-18T09:24:44.2596777Z Resolving deltas:  10% (32/311)
2022-03-18T09:24:44.2597152Z Resolving deltas:  11% (35/311)
2022-03-18T09:24:44.2597508Z Resolving deltas:  12% (38/311)
2022-03-18T09:24:44.2597799Z Resolving deltas:  13% (41/311)
2022-03-18T09:24:44.2598307Z Resolving deltas:  14% (44/311)
2022-03-18T09:24:44.2598657Z Resolving deltas:  15% (47/311)
2022-03-18T09:24:44.2599000Z Resolving deltas:  16% (50/311)
2022-03-18T09:24:44.2599345Z Resolving deltas:  17% (53/311)
2022-03-18T09:24:44.2599636Z Resolving deltas:  18% (56/311)
2022-03-18T09:24:44.2599974Z Resolving deltas:  19% (60/311)
2022-03-18T09:24:44.2600265Z Resolving deltas:  20% (63/311)
2022-03-18T09:24:44.2603540Z Resolving deltas:  21% (66/311)
2022-03-18T09:24:44.2603914Z Resolving deltas:  22% (69/311)
2022-03-18T09:24:44.2604206Z Resolving deltas:  23% (72/311)
2022-03-18T09:24:44.2604546Z Resolving deltas:  24% (75/311)
2022-03-18T09:24:44.2604842Z Resolving deltas:  25% (78/311)
2022-03-18T09:24:44.2605228Z Resolving deltas:  26% (81/311)
2022-03-18T09:24:44.2605576Z Resolving deltas:  27% (84/311)
2022-03-18T09:24:44.2610419Z Resolving deltas:  28% (88/311)
2022-03-18T09:24:44.2610783Z Resolving deltas:  29% (91/311)
2022-03-18T09:24:44.2611052Z Resolving deltas:  30% (94/311)
2022-03-18T09:24:44.2651051Z Resolving deltas:  31% (97/311)
2022-03-18T09:24:44.2652670Z Resolving deltas:  32% (100/311)
2022-03-18T09:24:44.2654625Z Resolving deltas:  33% (103/311)
2022-03-18T09:24:44.2656018Z Resolving deltas:  34% (106/311)
2022-03-18T09:24:44.2657712Z Resolving deltas:  35% (109/311)
2022-03-18T09:24:44.2659704Z Resolving deltas:  36% (112/311)
2022-03-18T09:24:44.2660683Z Resolving deltas:  37% (116/311)
2022-03-18T09:24:44.2661660Z Resolving deltas:  38% (119/311)
2022-03-18T09:24:44.2663422Z Resolving deltas:  39% (122/311)
2022-03-18T09:24:44.2665123Z Resolving deltas:  40% (125/311)
2022-03-18T09:24:44.2666654Z Resolving deltas:  41% (128/311)
2022-03-18T09:24:44.2667743Z Resolving deltas:  42% (131/311)
2022-03-18T09:24:44.2668935Z Resolving deltas:  43% (134/311)
2022-03-18T09:24:44.2670038Z Resolving deltas:  44% (137/311)
2022-03-18T09:24:44.2672010Z Resolving deltas:  45% (140/311)
2022-03-18T09:24:44.2673858Z Resolving deltas:  46% (144/311)
2022-03-18T09:24:44.2675189Z Resolving deltas:  47% (147/311)
2022-03-18T09:24:44.2676724Z Resolving deltas:  48% (150/311)
2022-03-18T09:24:44.2678194Z Resolving deltas:  49% (153/311)
2022-03-18T09:24:44.2679978Z Resolving deltas:  50% (156/311)
2022-03-18T09:24:44.2681753Z Resolving deltas:  51% (159/311)
2022-03-18T09:24:44.2683390Z Resolving deltas:  52% (162/311)
2022-03-18T09:24:44.2686146Z Resolving deltas:  53% (165/311)
2022-03-18T09:24:44.2688933Z Resolving deltas:  54% (168/311)
2022-03-18T09:24:44.2691300Z Resolving deltas:  55% (172/311)
2022-03-18T09:24:44.2693137Z Resolving deltas:  56% (175/311)
2022-03-18T09:24:44.2695156Z Resolving deltas:  57% (178/311)
2022-03-18T09:24:44.2697011Z Resolving deltas:  58% (181/311)
2022-03-18T09:24:44.2699097Z Resolving deltas:  59% (184/311)
2022-03-18T09:24:44.2700317Z Resolving deltas:  60% (187/311)
2022-03-18T09:24:44.2701812Z Resolving deltas:  61% (190/311)
2022-03-18T09:24:44.2702802Z Resolving deltas:  62% (193/311)
2022-03-18T09:24:44.2704349Z Resolving deltas:  63% (196/311)
2022-03-18T09:24:44.2705298Z Resolving deltas:  64% (200/311)
2022-03-18T09:24:44.2708170Z Resolving deltas:  65% (203/311)
2022-03-18T09:24:44.2710383Z Resolving deltas:  66% (206/311)
2022-03-18T09:24:44.2713254Z Resolving deltas:  67% (209/311)
2022-03-18T09:24:44.2716084Z Resolving deltas:  68% (212/311)
2022-03-18T09:24:44.2717157Z Resolving deltas:  69% (215/311)
2022-03-18T09:24:44.2718830Z Resolving deltas:  70% (218/311)
2022-03-18T09:24:44.2721004Z Resolving deltas:  71% (221/311)
2022-03-18T09:24:44.2723717Z Resolving deltas:  72% (224/311)
2022-03-18T09:24:44.2725901Z Resolving deltas:  73% (228/311)
2022-03-18T09:24:44.2727595Z Resolving deltas:  74% (231/311)
2022-03-18T09:24:44.2730245Z Resolving deltas:  75% (234/311)
2022-03-18T09:24:44.2731983Z Resolving deltas:  76% (237/311)
2022-03-18T09:24:44.2733559Z Resolving deltas:  77% (240/311)
2022-03-18T09:24:44.2734726Z Resolving deltas:  78% (243/311)
2022-03-18T09:24:44.2770550Z Resolving deltas:  79% (246/311)
2022-03-18T09:24:44.2771129Z Resolving deltas:  80% (249/311)
2022-03-18T09:24:44.2771573Z Resolving deltas:  81% (252/311)
2022-03-18T09:24:44.2771908Z Resolving deltas:  82% (256/311)
2022-03-18T09:24:44.2772241Z Resolving deltas:  83% (259/311)
2022-03-18T09:24:44.2772518Z Resolving deltas:  84% (262/311)
2022-03-18T09:24:44.2773013Z Resolving deltas:  85% (265/311)
2022-03-18T09:24:44.2773254Z Resolving deltas:  86% (268/311)
2022-03-18T09:24:44.2773540Z Resolving deltas:  87% (271/311)
2022-03-18T09:24:44.2773778Z Resolving deltas:  88% (274/311)
2022-03-18T09:24:44.2774069Z Resolving deltas:  89% (277/311)
2022-03-18T09:24:44.2774391Z Resolving deltas:  90% (280/311)
2022-03-18T09:24:44.2774634Z Resolving deltas:  91% (284/311)
2022-03-18T09:24:44.2774911Z Resolving deltas:  92% (287/311)
2022-03-18T09:24:44.2775148Z Resolving deltas:  93% (290/311)
2022-03-18T09:24:44.2775442Z Resolving deltas:  94% (293/311)
2022-03-18T09:24:44.2775714Z Resolving deltas:  95% (296/311)
2022-03-18T09:24:44.2775991Z Resolving deltas:  96% (299/311)
2022-03-18T09:24:44.2776274Z Resolving deltas:  97% (302/311)
2022-03-18T09:24:44.2776507Z Resolving deltas:  98% (305/311)
2022-03-18T09:24:44.2841748Z Resolving deltas:  99% (308/311)
2022-03-18T09:24:44.2842302Z Resolving deltas: 100% (311/311)
2022-03-18T09:24:44.2843089Z Resolving deltas: 100% (311/311), done.
2022-03-18T09:24:44.3036320Z From https://github.com/codecentric/spring-boot-admin
2022-03-18T09:24:44.3037485Z  * [new ref]         e3564d66768a87ff4ce643fa4c6f720516057b33 -> origin/experimental/spring-boot-3-playground
2022-03-18T09:24:44.3061269Z ##[endgroup]
2022-03-18T09:24:44.3062173Z ##[group]Determining the checkout info
2022-03-18T09:24:44.3065186Z ##[endgroup]
2022-03-18T09:24:44.3065880Z ##[group]Checking out the ref
2022-03-18T09:24:44.3068944Z [command]/usr/bin/git checkout --progress --force -B experimental/spring-boot-3-playground refs/remotes/origin/experimental/spring-boot-3-playground
2022-03-18T09:24:44.3917110Z Switched to a new branch 'experimental/spring-boot-3-playground'
2022-03-18T09:24:44.3918005Z branch 'experimental/spring-boot-3-playground' set up to track 'origin/experimental/spring-boot-3-playground'.
2022-03-18T09:24:44.3926286Z ##[endgroup]
2022-03-18T09:24:44.3987287Z [command]/usr/bin/git log -1 --format='%H'
2022-03-18T09:24:44.4016286Z 'e3564d66768a87ff4ce643fa4c6f720516057b33'
2022-03-18T09:24:44.4318901Z ##[group]Run actions/setup-java@v2
2022-03-18T09:24:44.4319263Z with:
2022-03-18T09:24:44.4319571Z   distribution: adopt
2022-03-18T09:24:44.4319925Z   java-version: 17
2022-03-18T09:24:44.4320265Z   java-package: jdk
2022-03-18T09:24:44.4320530Z   architecture: x64
2022-03-18T09:24:44.4320847Z   check-latest: false
2022-03-18T09:24:44.4321131Z   server-id: github
2022-03-18T09:24:44.4321505Z   server-username: GITHUB_ACTOR
2022-03-18T09:24:44.4321846Z   server-password: GITHUB_TOKEN
2022-03-18T09:24:44.4322218Z   overwrite-settings: true
2022-03-18T09:24:44.4322560Z   job-status: success
2022-03-18T09:24:44.4322824Z ##[endgroup]
2022-03-18T09:24:44.6466913Z Trying to resolve the latest version from remote
2022-03-18T09:24:46.0383569Z Resolved latest version as 17.0.2+8
2022-03-18T09:24:46.0384127Z Trying to download...
2022-03-18T09:24:46.0386446Z Downloading Java 17.0.2+8 (Adopt-Hotspot) from https://github.com/adoptium/temurin17-binaries/releases/download/jdk-17.0.2%2B8/OpenJDK17U-jdk_x64_linux_hotspot_17.0.2_8.tar.gz ...
2022-03-18T09:24:47.2368159Z Extracting Java archive...
2022-03-18T09:24:47.2505382Z [command]/usr/bin/tar xz --warning=no-unknown-keyword -C /home/runner/work/_temp/5534857b-5bff-4737-9e78-060102538301 -f /home/runner/work/_temp/14401961-e3a5-49d4-8ec7-d0581c0ceaeb
2022-03-18T09:24:51.3769241Z Java 17.0.2+8 was downloaded
2022-03-18T09:24:51.3770067Z Setting Java 17.0.2+8 as the default
2022-03-18T09:24:51.3795267Z 
2022-03-18T09:24:51.3795396Z Java configuration:
2022-03-18T09:24:51.3797801Z   Distribution: adopt
2022-03-18T09:24:51.3800179Z   Version: 17.0.2+8
2022-03-18T09:24:51.3801592Z   Path: /opt/hostedtoolcache/Java_Adopt_jdk/17.0.2-8/x64
2022-03-18T09:24:51.3802095Z 
2022-03-18T09:24:51.3876057Z Creating settings.xml with server-id: github
2022-03-18T09:24:51.3906775Z Writing to /home/runner/.m2/settings.xml
2022-03-18T09:24:52.0127307Z ##[group]Run actions/cache@v2.1.7
2022-03-18T09:24:52.0127580Z with:
2022-03-18T09:24:52.0128200Z   path: ~/.m2/repository
2022-03-18T09:24:52.0128688Z   key: Linux-build-cache-mvn-84c64e727a02093aaf3c1f7dd6c8acc51cc46846a860d3d5ee9ee3cb0900d3ab
2022-03-18T09:24:52.0129222Z   restore-keys: Linux-build-cache-mvn-
Linux-build-
Linux-

2022-03-18T09:24:52.0129545Z env:
2022-03-18T09:24:52.0129845Z   JAVA_HOME: /opt/hostedtoolcache/Java_Adopt_jdk/17.0.2-8/x64
2022-03-18T09:24:52.0130154Z   cache-name: cache-mvn
2022-03-18T09:24:52.0130394Z ##[endgroup]
2022-03-18T09:24:53.9768051Z Received 0 of 613611583 (0.0%), 0.0 MBs/sec
2022-03-18T09:24:54.9772805Z Received 88080384 of 613611583 (14.4%), 42.0 MBs/sec
2022-03-18T09:24:55.9770305Z Received 209715200 of 613611583 (34.2%), 66.6 MBs/sec
2022-03-18T09:24:56.9773924Z Received 327155712 of 613611583 (53.3%), 78.0 MBs/sec
2022-03-18T09:24:57.9770748Z Received 444596224 of 613611583 (72.5%), 84.8 MBs/sec
2022-03-18T09:24:58.9783381Z Received 570425344 of 613611583 (93.0%), 90.6 MBs/sec
2022-03-18T09:24:59.8220423Z Received 613611583 of 613611583 (100.0%), 85.5 MBs/sec
2022-03-18T09:24:59.8245705Z Cache Size: ~585 MB (613611583 B)
2022-03-18T09:24:59.8474811Z [command]/usr/bin/tar --use-compress-program zstd -d -xf /home/runner/work/_temp/855a55ae-b905-45aa-9d6f-14d15ebe4594/cache.tzst -P -C /home/runner/work/spring-boot-admin/spring-boot-admin
2022-03-18T09:25:02.1627496Z Cache restored successfully
2022-03-18T09:25:02.7107393Z 
2022-03-18T09:25:02.7114680Z Cache restored from key: Linux-build-cache-mvn-ba488feb2e6562f4de4422c800b2bb2abfa5529f5cbb800bd90832646d681bf1
2022-03-18T09:25:02.9832150Z ##[group]Run actions/cache@v2
2022-03-18T09:25:02.9832428Z with:
2022-03-18T09:25:02.9832653Z   path: ~/.npm
2022-03-18T09:25:02.9833156Z   key: Linux-build-cache-node-modules-d1f9c9b76a236ee8f58468003fa1738b943f74026e0ad04dd47b93e515a4d747
2022-03-18T09:25:02.9833744Z   restore-keys: Linux-build-cache-node-modules-

2022-03-18T09:25:02.9834046Z env:
2022-03-18T09:25:02.9834329Z   JAVA_HOME: /opt/hostedtoolcache/Java_Adopt_jdk/17.0.2-8/x64
2022-03-18T09:25:02.9834667Z   cache-name: cache-node-modules
2022-03-18T09:25:02.9834936Z ##[endgroup]
2022-03-18T09:25:04.6374665Z Received 0 of 109813993 (0.0%), 0.0 MBs/sec
2022-03-18T09:25:05.6382053Z Received 83886080 of 109813993 (76.4%), 40.0 MBs/sec
2022-03-18T09:25:05.9351431Z Received 109813993 of 109813993 (100.0%), 45.6 MBs/sec
2022-03-18T09:25:05.9352635Z Cache Size: ~105 MB (109813993 B)
2022-03-18T09:25:05.9386339Z [command]/usr/bin/tar --use-compress-program zstd -d -xf /home/runner/work/_temp/cf1e92dd-c6a0-4c21-96b0-bb29b85fb985/cache.tzst -P -C /home/runner/work/spring-boot-admin/spring-boot-admin
2022-03-18T09:25:07.3554465Z Cache restored successfully
2022-03-18T09:25:07.3764634Z 
2022-03-18T09:25:07.3766124Z Cache restored from key: Linux-build-cache-node-modules-d1f9c9b76a236ee8f58468003fa1738b943f74026e0ad04dd47b93e515a4d747
2022-03-18T09:25:07.4002386Z ##[group]Run mvn -B spring-javaformat:apply --no-transfer-progress
2022-03-18T09:25:07.4003096Z [36;1mmvn -B spring-javaformat:apply --no-transfer-progress[0m
2022-03-18T09:25:07.4003661Z [36;1mmvn -B verify -P coverage --no-transfer-progress -D maven.javadoc.skip=true[0m
2022-03-18T09:25:07.4058413Z shell: /usr/bin/bash -e {0}
2022-03-18T09:25:07.4058678Z env:
2022-03-18T09:25:07.4059010Z   JAVA_HOME: /opt/hostedtoolcache/Java_Adopt_jdk/17.0.2-8/x64
2022-03-18T09:25:07.4059346Z ##[endgroup]
2022-03-18T09:25:09.3364163Z [INFO] Scanning for projects...
2022-03-18T09:25:17.6928417Z [INFO] ------------------------------------------------------------------------
2022-03-18T09:25:17.6931921Z [INFO] Reactor Build Order:
2022-03-18T09:25:17.6934625Z [INFO] 
2022-03-18T09:25:17.6948364Z [INFO] Spring Boot Admin                                                  [pom]
2022-03-18T09:25:17.6951972Z [INFO] Spring Boot Admin Dependencies                                     [pom]
2022-03-18T09:25:17.6955346Z [INFO] Spring Boot Admin Build                                            [pom]
2022-03-18T09:25:17.6958573Z [INFO] Spring Boot Admin Server                                           [jar]
2022-03-18T09:25:17.6961789Z [INFO] Spring Boot Admin Server UI                                        [jar]
2022-03-18T09:25:17.6965015Z [INFO] Spring Boot Admin Client                                           [jar]
2022-03-18T09:25:17.6968670Z [INFO] Spring Boot Admin Docs                                             [pom]
2022-03-18T09:25:17.6972173Z [INFO] Spring Boot Admin Server Cloud                                     [jar]
2022-03-18T09:25:17.6975551Z [INFO] Spring Boot Admin Server Starter                                   [jar]
2022-03-18T09:25:17.6978922Z [INFO] Spring Boot Admin Client Starter                                   [jar]
2022-03-18T09:25:17.6982173Z [INFO] Spring Boot Admin Samples                                          [pom]
2022-03-18T09:25:17.6985387Z [INFO] Spring Boot Admin Server custom UI                                 [jar]
2022-03-18T09:25:17.6988624Z [INFO] Spring Boot Admin Sample Servlet                                   [jar]
2022-03-18T09:25:17.6991839Z [INFO] Spring Boot Admin Sample Reactive                                  [jar]
2022-03-18T09:25:17.6995083Z [INFO] Spring Boot Admin Sample War                                       [war]
2022-03-18T09:25:17.6998319Z [INFO] Spring Boot Admin Sample Hazelcast                                 [jar]
2022-03-18T09:25:17.7001528Z [INFO] Spring Boot Admin Sample Eureka                                    [jar]
2022-03-18T09:25:17.7005300Z [INFO] Spring Boot Admin Sample Consul                                    [jar]
2022-03-18T09:25:17.7008936Z [INFO] Spring Boot Admin Sample Zookeeper                                 [jar]
2022-03-18T09:25:17.8657781Z [INFO] 
2022-03-18T09:25:17.8662124Z [INFO] ------------------< de.codecentric:spring-boot-admin >------------------
2022-03-18T09:25:17.8665818Z [INFO] Building Spring Boot Admin 3.0.0-SNAPSHOT                         [1/19]
2022-03-18T09:25:17.8669259Z [INFO] --------------------------------[ pom ]---------------------------------
2022-03-18T09:25:17.8699277Z [INFO] 
2022-03-18T09:25:17.8703871Z [INFO] --- spring-javaformat-maven-plugin:0.0.29:apply (default-cli) @ spring-boot-admin ---
2022-03-18T09:25:18.1262895Z [INFO] 
2022-03-18T09:25:18.1265479Z [INFO] -----------< de.codecentric:spring-boot-admin-dependencies >------------
2022-03-18T09:25:18.1267620Z [INFO] Building Spring Boot Admin Dependencies 3.0.0-SNAPSHOT            [2/19]
2022-03-18T09:25:18.1269676Z [INFO] --------------------------------[ pom ]---------------------------------
2022-03-18T09:25:18.1279724Z [INFO] 
2022-03-18T09:25:18.1282191Z [INFO] --- spring-javaformat-maven-plugin:0.0.29:apply (default-cli) @ spring-boot-admin-dependencies ---
2022-03-18T09:25:18.1314072Z [INFO] 
2022-03-18T09:25:18.1316467Z [INFO] ---------------< de.codecentric:spring-boot-admin-build >---------------
2022-03-18T09:25:18.1318967Z [INFO] Building Spring Boot Admin Build 3.0.0-SNAPSHOT                   [3/19]
2022-03-18T09:25:18.1321047Z [INFO] --------------------------------[ pom ]---------------------------------
2022-03-18T09:25:18.1328982Z [INFO] 
2022-03-18T09:25:18.1331180Z [INFO] --- spring-javaformat-maven-plugin:0.0.29:apply (default-cli) @ spring-boot-admin-build ---
2022-03-18T09:25:18.1360349Z [INFO] 
2022-03-18T09:25:18.1362461Z [INFO] --------------< de.codecentric:spring-boot-admin-server >---------------
2022-03-18T09:25:18.1364683Z [INFO] Building Spring Boot Admin Server 3.0.0-SNAPSHOT                  [4/19]
2022-03-18T09:25:18.1366913Z [INFO] --------------------------------[ jar ]---------------------------------
2022-03-18T09:25:18.1381431Z [INFO] 
2022-03-18T09:25:18.1383729Z [INFO] --- spring-javaformat-maven-plugin:0.0.29:apply (default-cli) @ spring-boot-admin-server ---
2022-03-18T09:25:19.6686519Z [INFO] 
2022-03-18T09:25:19.6687556Z [INFO] -------------< de.codecentric:spring-boot-admin-server-ui >-------------
2022-03-18T09:25:19.6692766Z [INFO] Building Spring Boot Admin Server UI 3.0.0-SNAPSHOT               [5/19]
2022-03-18T09:25:19.6698073Z [INFO] --------------------------------[ jar ]---------------------------------
2022-03-18T09:25:19.6728677Z [INFO] 
2022-03-18T09:25:19.6729415Z [INFO] --- spring-javaformat-maven-plugin:0.0.29:apply (default-cli) @ spring-boot-admin-server-ui ---
2022-03-18T09:25:19.7302829Z [INFO] 
2022-03-18T09:25:19.7306636Z [INFO] --------------< de.codecentric:spring-boot-admin-client >---------------
2022-03-18T09:25:19.7310312Z [INFO] Building Spring Boot Admin Client 3.0.0-SNAPSHOT                  [6/19]
2022-03-18T09:25:19.7314083Z [INFO] --------------------------------[ jar ]---------------------------------
2022-03-18T09:25:19.7324010Z [INFO] 
2022-03-18T09:25:19.7327510Z [INFO] --- spring-javaformat-maven-plugin:0.0.29:apply (default-cli) @ spring-boot-admin-client ---
2022-03-18T09:25:19.8131708Z [INFO] 
2022-03-18T09:25:19.8134461Z [INFO] ---------------< de.codecentric:spring-boot-admin-docs >----------------
2022-03-18T09:25:19.8136907Z [INFO] Building Spring Boot Admin Docs 3.0.0-SNAPSHOT                    [7/19]
2022-03-18T09:25:19.8139199Z [INFO] --------------------------------[ pom ]---------------------------------
2022-03-18T09:25:19.8147267Z [INFO] 
2022-03-18T09:25:19.8150763Z [INFO] --- spring-javaformat-maven-plugin:0.0.29:apply (default-cli) @ spring-boot-admin-docs ---
2022-03-18T09:25:19.8174714Z [INFO] 
2022-03-18T09:25:19.8177205Z [INFO] -----------< de.codecentric:spring-boot-admin-server-cloud >------------
2022-03-18T09:25:19.8180136Z [INFO] Building Spring Boot Admin Server Cloud 3.0.0-SNAPSHOT            [8/19]
2022-03-18T09:25:19.8182484Z [INFO] --------------------------------[ jar ]---------------------------------
2022-03-18T09:25:19.8190469Z [INFO] 
2022-03-18T09:25:19.8193477Z [INFO] --- spring-javaformat-maven-plugin:0.0.29:apply (default-cli) @ spring-boot-admin-server-cloud ---
2022-03-18T09:25:19.8654988Z [INFO] 
2022-03-18T09:25:19.8658041Z [INFO] ----------< de.codecentric:spring-boot-admin-starter-server >-----------
2022-03-18T09:25:19.8660823Z [INFO] Building Spring Boot Admin Server Starter 3.0.0-SNAPSHOT          [9/19]
2022-03-18T09:25:19.8663863Z [INFO] --------------------------------[ jar ]---------------------------------
2022-03-18T09:25:19.8671963Z [INFO] 
2022-03-18T09:25:19.8675595Z [INFO] --- spring-javaformat-maven-plugin:0.0.29:apply (default-cli) @ spring-boot-admin-starter-server ---
2022-03-18T09:25:19.8698593Z [INFO] 
2022-03-18T09:25:19.8701410Z [INFO] ----------< de.codecentric:spring-boot-admin-starter-client >-----------
2022-03-18T09:25:19.8704581Z [INFO] Building Spring Boot Admin Client Starter 3.0.0-SNAPSHOT         [10/19]
2022-03-18T09:25:19.8707867Z [INFO] --------------------------------[ jar ]---------------------------------
2022-03-18T09:25:19.8715462Z [INFO] 
2022-03-18T09:25:19.8719015Z [INFO] --- spring-javaformat-maven-plugin:0.0.29:apply (default-cli) @ spring-boot-admin-starter-client ---
2022-03-18T09:25:19.8745014Z [INFO] 
2022-03-18T09:25:19.8748554Z [INFO] --------------< de.codecentric:spring-boot-admin-samples >--------------
2022-03-18T09:25:19.8751913Z [INFO] Building Spring Boot Admin Samples 3.0.0-SNAPSHOT                [11/19]
2022-03-18T09:25:19.8755439Z [INFO] --------------------------------[ pom ]---------------------------------
2022-03-18T09:25:19.8762539Z [INFO] 
2022-03-18T09:25:19.8765980Z [INFO] --- spring-javaformat-maven-plugin:0.0.29:apply (default-cli) @ spring-boot-admin-samples ---
2022-03-18T09:25:19.8783916Z [INFO] 
2022-03-18T09:25:19.8786774Z [INFO] ---------< de.codecentric:spring-boot-admin-sample-custom-ui >----------
2022-03-18T09:25:19.8789500Z [INFO] Building Spring Boot Admin Server custom UI 3.0.0-SNAPSHOT       [12/19]
2022-03-18T09:25:19.8792106Z [INFO] --------------------------------[ jar ]---------------------------------
2022-03-18T09:25:19.8798836Z [INFO] 
2022-03-18T09:25:19.8802273Z [INFO] --- spring-javaformat-maven-plugin:0.0.29:apply (default-cli) @ spring-boot-admin-sample-custom-ui ---
2022-03-18T09:25:19.8825761Z [INFO] 
2022-03-18T09:25:19.8829410Z [INFO] ----------< de.codecentric:spring-boot-admin-sample-servlet >-----------
2022-03-18T09:25:19.8833013Z [INFO] Building Spring Boot Admin Sample Servlet 3.0.0-SNAPSHOT         [13/19]
2022-03-18T09:25:19.8836252Z [INFO] --------------------------------[ jar ]---------------------------------
2022-03-18T09:25:19.8844449Z [INFO] 
2022-03-18T09:25:19.8848000Z [INFO] --- spring-javaformat-maven-plugin:0.0.29:apply (default-cli) @ spring-boot-admin-sample-servlet ---
2022-03-18T09:25:19.8985533Z [INFO] 
2022-03-18T09:25:19.8988340Z [INFO] ----------< de.codecentric:spring-boot-admin-sample-reactive >----------
2022-03-18T09:25:19.8991010Z [INFO] Building Spring Boot Admin Sample Reactive 3.0.0-SNAPSHOT        [14/19]
2022-03-18T09:25:19.8993877Z [INFO] --------------------------------[ jar ]---------------------------------
2022-03-18T09:25:19.9001330Z [INFO] 
2022-03-18T09:25:19.9004992Z [INFO] --- spring-javaformat-maven-plugin:0.0.29:apply (default-cli) @ spring-boot-admin-sample-reactive ---
2022-03-18T09:25:19.9067099Z [INFO] 
2022-03-18T09:25:19.9070280Z [INFO] ------------< de.codecentric:spring-boot-admin-sample-war >-------------
2022-03-18T09:25:19.9073470Z [INFO] Building Spring Boot Admin Sample War 3.0.0-SNAPSHOT             [15/19]
2022-03-18T09:25:19.9076428Z [INFO] --------------------------------[ war ]---------------------------------
2022-03-18T09:25:19.9084691Z [INFO] 
2022-03-18T09:25:19.9088113Z [INFO] --- spring-javaformat-maven-plugin:0.0.29:apply (default-cli) @ spring-boot-admin-sample-war ---
2022-03-18T09:25:19.9151194Z [INFO] 
2022-03-18T09:25:19.9154913Z [INFO] ---------< de.codecentric:spring-boot-admin-sample-hazelcast >----------
2022-03-18T09:25:19.9158009Z [INFO] Building Spring Boot Admin Sample Hazelcast 3.0.0-SNAPSHOT       [16/19]
2022-03-18T09:25:19.9160967Z [INFO] --------------------------------[ jar ]---------------------------------
2022-03-18T09:25:19.9167446Z [INFO] 
2022-03-18T09:25:19.9171043Z [INFO] --- spring-javaformat-maven-plugin:0.0.29:apply (default-cli) @ spring-boot-admin-sample-hazelcast ---
2022-03-18T09:25:19.9276100Z [INFO] 
2022-03-18T09:25:19.9279449Z [INFO] -----------< de.codecentric:spring-boot-admin-sample-eureka >-----------
2022-03-18T09:25:19.9282751Z [INFO] Building Spring Boot Admin Sample Eureka 3.0.0-SNAPSHOT          [17/19]
2022-03-18T09:25:19.9285922Z [INFO] --------------------------------[ jar ]---------------------------------
2022-03-18T09:25:19.9293485Z [INFO] 
2022-03-18T09:25:19.9297002Z [INFO] --- spring-javaformat-maven-plugin:0.0.29:apply (default-cli) @ spring-boot-admin-sample-eureka ---
2022-03-18T09:25:19.9394072Z [INFO] 
2022-03-18T09:25:19.9397487Z [INFO] -----------< de.codecentric:spring-boot-admin-sample-consul >-----------
2022-03-18T09:25:19.9401063Z [INFO] Building Spring Boot Admin Sample Consul 3.0.0-SNAPSHOT          [18/19]
2022-03-18T09:25:19.9405019Z [INFO] --------------------------------[ jar ]---------------------------------
2022-03-18T09:25:19.9413777Z [INFO] 
2022-03-18T09:25:19.9416393Z [INFO] --- spring-javaformat-maven-plugin:0.0.29:apply (default-cli) @ spring-boot-admin-sample-consul ---
2022-03-18T09:25:19.9497487Z [INFO] 
2022-03-18T09:25:19.9499537Z [INFO] ---------< de.codecentric:spring-boot-admin-sample-zookeeper >----------
2022-03-18T09:25:19.9501706Z [INFO] Building Spring Boot Admin Sample Zookeeper 3.0.0-SNAPSHOT       [19/19]
2022-03-18T09:25:19.9503583Z [INFO] --------------------------------[ jar ]---------------------------------
2022-03-18T09:25:19.9510063Z [INFO] 
2022-03-18T09:25:19.9512267Z [INFO] --- spring-javaformat-maven-plugin:0.0.29:apply (default-cli) @ spring-boot-admin-sample-zookeeper ---
2022-03-18T09:25:19.9592172Z [INFO] ------------------------------------------------------------------------
2022-03-18T09:25:19.9594518Z [INFO] Reactor Summary for Spring Boot Admin 3.0.0-SNAPSHOT:
2022-03-18T09:25:19.9595944Z [INFO] 
2022-03-18T09:25:19.9602365Z [INFO] Spring Boot Admin .................................. SUCCESS [  0.260 s]
2022-03-18T09:25:19.9606377Z [INFO] Spring Boot Admin Dependencies ..................... SUCCESS [  0.005 s]
2022-03-18T09:25:19.9609573Z [INFO] Spring Boot Admin Build ............................ SUCCESS [  0.004 s]
2022-03-18T09:25:19.9612199Z [INFO] Spring Boot Admin Server ........................... SUCCESS [  1.533 s]
2022-03-18T09:25:19.9614768Z [INFO] Spring Boot Admin Server UI ........................ SUCCESS [  0.062 s]
2022-03-18T09:25:19.9617599Z [INFO] Spring Boot Admin Client ........................... SUCCESS [  0.082 s]
2022-03-18T09:25:19.9620345Z [INFO] Spring Boot Admin Docs ............................. SUCCESS [  0.005 s]
2022-03-18T09:25:19.9623307Z [INFO] Spring Boot Admin Server Cloud ..................... SUCCESS [  0.048 s]
2022-03-18T09:25:19.9626098Z [INFO] Spring Boot Admin Server Starter ................... SUCCESS [  0.004 s]
2022-03-18T09:25:19.9628690Z [INFO] Spring Boot Admin Client Starter ................... SUCCESS [  0.005 s]
2022-03-18T09:25:19.9631289Z [INFO] Spring Boot Admin Samples .......................... SUCCESS [  0.004 s]
2022-03-18T09:25:19.9633995Z [INFO] Spring Boot Admin Server custom UI ................. SUCCESS [  0.004 s]
2022-03-18T09:25:19.9636560Z [INFO] Spring Boot Admin Sample Servlet ................... SUCCESS [  0.016 s]
2022-03-18T09:25:19.9639160Z [INFO] Spring Boot Admin Sample Reactive .................. SUCCESS [  0.008 s]
2022-03-18T09:25:19.9641832Z [INFO] Spring Boot Admin Sample War ....................... SUCCESS [  0.008 s]
2022-03-18T09:25:19.9644803Z [INFO] Spring Boot Admin Sample Hazelcast ................. SUCCESS [  0.013 s]
2022-03-18T09:25:19.9647320Z [INFO] Spring Boot Admin Sample Eureka .................... SUCCESS [  0.012 s]
2022-03-18T09:25:19.9650576Z [INFO] Spring Boot Admin Sample Consul .................... SUCCESS [  0.010 s]
2022-03-18T09:25:19.9653328Z [INFO] Spring Boot Admin Sample Zookeeper ................. SUCCESS [  0.010 s]
2022-03-18T09:25:19.9655405Z [INFO] ------------------------------------------------------------------------
2022-03-18T09:25:19.9657128Z [INFO] BUILD SUCCESS
2022-03-18T09:25:19.9658886Z [INFO] ------------------------------------------------------------------------
2022-03-18T09:25:19.9662138Z [INFO] Total time:  10.653 s
2022-03-18T09:25:19.9665751Z [INFO] Finished at: 2022-03-18T09:25:19Z
2022-03-18T09:25:19.9667852Z [INFO] ------------------------------------------------------------------------
2022-03-18T09:25:21.0676983Z [INFO] Scanning for projects...
2022-03-18T09:25:21.4642672Z [INFO] ------------------------------------------------------------------------
2022-03-18T09:25:21.4643518Z [INFO] Reactor Build Order:
2022-03-18T09:25:21.4644756Z [INFO] 
2022-03-18T09:25:21.4652677Z [INFO] Spring Boot Admin                                                  [pom]
2022-03-18T09:25:21.4653529Z [INFO] Spring Boot Admin Dependencies                                     [pom]
2022-03-18T09:25:21.4654767Z [INFO] Spring Boot Admin Build                                            [pom]
2022-03-18T09:25:21.4657013Z [INFO] Spring Boot Admin Server                                           [jar]
2022-03-18T09:25:21.4657578Z [INFO] Spring Boot Admin Server UI                                        [jar]
2022-03-18T09:25:21.4658658Z [INFO] Spring Boot Admin Client                                           [jar]
2022-03-18T09:25:21.4659399Z [INFO] Spring Boot Admin Docs                                             [pom]
2022-03-18T09:25:21.4660749Z [INFO] Spring Boot Admin Server Cloud                                     [jar]
2022-03-18T09:25:21.4661344Z [INFO] Spring Boot Admin Server Starter                                   [jar]
2022-03-18T09:25:21.4662650Z [INFO] Spring Boot Admin Client Starter                                   [jar]
2022-03-18T09:25:21.4663236Z [INFO] Spring Boot Admin Samples                                          [pom]
2022-03-18T09:25:21.4664574Z [INFO] Spring Boot Admin Server custom UI                                 [jar]
2022-03-18T09:25:21.4665178Z [INFO] Spring Boot Admin Sample Servlet                                   [jar]
2022-03-18T09:25:21.4666507Z [INFO] Spring Boot Admin Sample Reactive                                  [jar]
2022-03-18T09:25:21.4667076Z [INFO] Spring Boot Admin Sample War                                       [war]
2022-03-18T09:25:21.4668404Z [INFO] Spring Boot Admin Sample Hazelcast                                 [jar]
2022-03-18T09:25:21.4668975Z [INFO] Spring Boot Admin Sample Eureka                                    [jar]
2022-03-18T09:25:21.4670363Z [INFO] Spring Boot Admin Sample Consul                                    [jar]
2022-03-18T09:25:21.4670891Z [INFO] Spring Boot Admin Sample Zookeeper                                 [jar]
2022-03-18T09:25:21.4725167Z [INFO] 
2022-03-18T09:25:21.4726394Z [INFO] ------------------< de.codecentric:spring-boot-admin >------------------
2022-03-18T09:25:21.4727436Z [INFO] Building Spring Boot Admin 3.0.0-SNAPSHOT                         [1/19]
2022-03-18T09:25:21.4728338Z [INFO] --------------------------------[ pom ]---------------------------------
2022-03-18T09:25:21.6194053Z [INFO] 
2022-03-18T09:25:21.6195287Z [INFO] --- maven-checkstyle-plugin:3.1.2:check (checkstyle-validation) @ spring-boot-admin ---
2022-03-18T09:25:24.2114349Z [INFO] Starting audit...
2022-03-18T09:25:24.2115112Z Audit done.
2022-03-18T09:25:24.2186311Z [INFO] You have 0 Checkstyle violations.
2022-03-18T09:25:24.2193590Z [INFO] 
2022-03-18T09:25:24.2194654Z [INFO] --- maven-enforcer-plugin:3.0.0:enforce (enforce-maven) @ spring-boot-admin ---
2022-03-18T09:25:24.4061097Z [INFO] 
2022-03-18T09:25:24.4062259Z [INFO] --- spring-javaformat-maven-plugin:0.0.29:validate (default) @ spring-boot-admin ---
2022-03-18T09:25:24.5537719Z [INFO] 
2022-03-18T09:25:24.5543699Z [INFO] --- jacoco-maven-plugin:0.8.7:prepare-agent (pre-unit-test) @ spring-boot-admin ---
2022-03-18T09:25:24.6448812Z [INFO] argLine set to -javaagent:/home/runner/.m2/repository/org/jacoco/org.jacoco.agent/0.8.7/org.jacoco.agent-0.8.7-runtime.jar=destfile=/home/runner/work/spring-boot-admin/spring-boot-admin/target/jacoco.exec
2022-03-18T09:25:24.6449750Z [INFO] 
2022-03-18T09:25:24.6450783Z [INFO] --- flatten-maven-plugin:1.2.7:flatten (flatten) @ spring-boot-admin ---
2022-03-18T09:25:24.7774182Z [INFO] Generating flattened POM of project de.codecentric:spring-boot-admin:pom:3.0.0-SNAPSHOT...
2022-03-18T09:25:24.8219618Z [INFO] 
2022-03-18T09:25:24.8221100Z [INFO] --- maven-source-plugin:3.2.1:jar-no-fork (attach-sources) @ spring-boot-admin ---
2022-03-18T09:25:24.9225128Z [INFO] 
2022-03-18T09:25:24.9231446Z [INFO] --- maven-javadoc-plugin:3.3.1:jar (attach-javadocs) @ spring-boot-admin ---
2022-03-18T09:25:25.2162651Z [INFO] Skipping javadoc generation
2022-03-18T09:25:25.2163671Z [INFO] 
2022-03-18T09:25:25.2164867Z [INFO] --- jacoco-maven-plugin:0.8.7:report (post-unit-test) @ spring-boot-admin ---
2022-03-18T09:25:25.2183462Z [INFO] Skipping JaCoCo execution due to missing execution data file.
2022-03-18T09:25:25.2185658Z [INFO] 
2022-03-18T09:25:25.2186523Z [INFO] -----------< de.codecentric:spring-boot-admin-dependencies >------------
2022-03-18T09:25:25.2187587Z [INFO] Building Spring Boot Admin Dependencies 3.0.0-SNAPSHOT            [2/19]
2022-03-18T09:25:25.2188352Z [INFO] --------------------------------[ pom ]---------------------------------
2022-03-18T09:25:25.2202472Z [INFO] 
2022-03-18T09:25:25.2203453Z [INFO] --- maven-checkstyle-plugin:3.1.2:check (checkstyle-validation) @ spring-boot-admin-dependencies ---
2022-03-18T09:25:25.3180600Z [INFO] Starting audit...
2022-03-18T09:25:25.3184261Z Audit done.
2022-03-18T09:25:25.3186737Z [INFO] You have 0 Checkstyle violations.
2022-03-18T09:25:25.3188176Z [INFO] 
2022-03-18T09:25:25.3191032Z [INFO] --- maven-enforcer-plugin:3.0.0:enforce (enforce-maven) @ spring-boot-admin-dependencies ---
2022-03-18T09:25:25.3212962Z [INFO] 
2022-03-18T09:25:25.3214161Z [INFO] --- spring-javaformat-maven-plugin:0.0.29:validate (default) @ spring-boot-admin-dependencies ---
2022-03-18T09:25:25.3286328Z [INFO] 
2022-03-18T09:25:25.3287241Z [INFO] --- jacoco-maven-plugin:0.8.7:prepare-agent (pre-unit-test) @ spring-boot-admin-dependencies ---
2022-03-18T09:25:25.3312015Z [INFO] argLine set to -javaagent:/home/runner/.m2/repository/org/jacoco/org.jacoco.agent/0.8.7/org.jacoco.agent-0.8.7-runtime.jar=destfile=/home/runner/work/spring-boot-admin/spring-boot-admin/spring-boot-admin-dependencies/target/jacoco.exec
2022-03-18T09:25:25.3312968Z [INFO] 
2022-03-18T09:25:25.3318679Z [INFO] --- flatten-maven-plugin:1.2.7:flatten (flatten) @ spring-boot-admin-dependencies ---
2022-03-18T09:25:25.3348097Z [INFO] Generating flattened POM of project de.codecentric:spring-boot-admin-dependencies:pom:3.0.0-SNAPSHOT...
2022-03-18T09:25:25.3456053Z [INFO] 
2022-03-18T09:25:25.3456870Z [INFO] --- maven-source-plugin:3.2.1:jar-no-fork (attach-sources) @ spring-boot-admin-dependencies ---
2022-03-18T09:25:25.3472136Z [INFO] 
2022-03-18T09:25:25.3473030Z [INFO] --- maven-javadoc-plugin:3.3.1:jar (attach-javadocs) @ spring-boot-admin-dependencies ---
2022-03-18T09:25:25.3524941Z [INFO] Skipping javadoc generation
2022-03-18T09:25:25.3525456Z [INFO] 
2022-03-18T09:25:25.3526461Z [INFO] --- jacoco-maven-plugin:0.8.7:report (post-unit-test) @ spring-boot-admin-dependencies ---
2022-03-18T09:25:25.3535959Z [INFO] Skipping JaCoCo execution due to missing execution data file.
2022-03-18T09:25:25.3536494Z [INFO] 
2022-03-18T09:25:25.3538708Z [INFO] ---------------< de.codecentric:spring-boot-admin-build >---------------
2022-03-18T09:25:25.3539436Z [INFO] Building Spring Boot Admin Build 3.0.0-SNAPSHOT                   [3/19]
2022-03-18T09:25:25.3540374Z [INFO] --------------------------------[ pom ]---------------------------------
2022-03-18T09:25:25.3674802Z [INFO] 
2022-03-18T09:25:25.3675572Z [INFO] --- maven-checkstyle-plugin:3.1.2:check (checkstyle-validation) @ spring-boot-admin-build ---
2022-03-18T09:25:25.4557849Z [INFO] Starting audit...
2022-03-18T09:25:25.4558482Z Audit done.
2022-03-18T09:25:25.4559285Z [INFO] You have 0 Checkstyle violations.
2022-03-18T09:25:25.4560200Z [INFO] 
2022-03-18T09:25:25.4562131Z [INFO] --- maven-enforcer-plugin:3.0.0:enforce (enforce-maven) @ spring-boot-admin-build ---
2022-03-18T09:25:25.4568354Z [INFO] 
2022-03-18T09:25:25.4569252Z [INFO] --- spring-javaformat-maven-plugin:0.0.29:validate (default) @ spring-boot-admin-build ---
2022-03-18T09:25:25.4596237Z [INFO] 
2022-03-18T09:25:25.4597131Z [INFO] --- build-helper-maven-plugin:3.3.0:regex-property (generate-automatic-module-name) @ spring-boot-admin-build ---
2022-03-18T09:25:25.5317192Z [INFO] 
2022-03-18T09:25:25.5318336Z [INFO] --- jacoco-maven-plugin:0.8.7:prepare-agent (pre-unit-test) @ spring-boot-admin-build ---
2022-03-18T09:25:25.5326105Z [INFO] argLine set to -javaagent:/home/runner/.m2/repository/org/jacoco/org.jacoco.agent/0.8.7/org.jacoco.agent-0.8.7-runtime.jar=destfile=/home/runner/work/spring-boot-admin/spring-boot-admin/spring-boot-admin-build/target/jacoco.exec
2022-03-18T09:25:25.5326887Z [INFO] 
2022-03-18T09:25:25.5328506Z [INFO] --- flatten-maven-plugin:1.2.7:flatten (flatten) @ spring-boot-admin-build ---
2022-03-18T09:25:25.5354041Z [INFO] Generating flattened POM of project de.codecentric:spring-boot-admin-build:pom:3.0.0-SNAPSHOT...
2022-03-18T09:25:25.5654235Z [INFO] 
2022-03-18T09:25:25.5655079Z [INFO] --- maven-source-plugin:3.2.1:jar-no-fork (attach-sources) @ spring-boot-admin-build ---
2022-03-18T09:25:25.5674495Z [INFO] 
2022-03-18T09:25:25.5675376Z [INFO] --- maven-javadoc-plugin:3.3.1:jar (attach-javadocs) @ spring-boot-admin-build ---
2022-03-18T09:25:25.5737350Z [INFO] Skipping javadoc generation
2022-03-18T09:25:25.5737865Z [INFO] 
2022-03-18T09:25:25.5738982Z [INFO] --- jacoco-maven-plugin:0.8.7:report (post-unit-test) @ spring-boot-admin-build ---
2022-03-18T09:25:25.5744933Z [INFO] Skipping JaCoCo execution due to missing execution data file.
2022-03-18T09:25:25.5745654Z [INFO] 
2022-03-18T09:25:25.5746384Z [INFO] --------------< de.codecentric:spring-boot-admin-server >---------------
2022-03-18T09:25:25.5747113Z [INFO] Building Spring Boot Admin Server 3.0.0-SNAPSHOT                  [4/19]
2022-03-18T09:25:25.5747746Z [INFO] --------------------------------[ jar ]---------------------------------
2022-03-18T09:25:52.3455324Z [INFO] 
2022-03-18T09:25:52.3456500Z [INFO] --- maven-checkstyle-plugin:3.1.2:check (checkstyle-validation) @ spring-boot-admin-server ---
2022-03-18T09:25:57.5283883Z [INFO] Starting audit...
2022-03-18T09:25:57.5284478Z Audit done.
2022-03-18T09:25:57.5350809Z [INFO] You have 0 Checkstyle violations.
2022-03-18T09:25:57.5351545Z [INFO] 
2022-03-18T09:25:57.5352249Z [INFO] --- maven-enforcer-plugin:3.0.0:enforce (enforce-maven) @ spring-boot-admin-server ---
2022-03-18T09:25:57.5360064Z [INFO] 
2022-03-18T09:25:57.5360766Z [INFO] --- spring-javaformat-maven-plugin:0.0.29:validate (default) @ spring-boot-admin-server ---
2022-03-18T09:25:59.0852749Z [INFO] 
2022-03-18T09:25:59.0854201Z [INFO] --- build-helper-maven-plugin:3.3.0:regex-property (generate-automatic-module-name) @ spring-boot-admin-server ---
2022-03-18T09:25:59.0866738Z [INFO] 
2022-03-18T09:25:59.0867769Z [INFO] --- jacoco-maven-plugin:0.8.7:prepare-agent (pre-unit-test) @ spring-boot-admin-server ---
2022-03-18T09:25:59.0875393Z [INFO] argLine set to -javaagent:/home/runner/.m2/repository/org/jacoco/org.jacoco.agent/0.8.7/org.jacoco.agent-0.8.7-runtime.jar=destfile=/home/runner/work/spring-boot-admin/spring-boot-admin/spring-boot-admin-server/target/jacoco.exec
2022-03-18T09:25:59.0876350Z [INFO] 
2022-03-18T09:25:59.0877269Z [INFO] --- maven-resources-plugin:3.2.0:resources (default-resources) @ spring-boot-admin-server ---
2022-03-18T09:25:59.1399847Z [INFO] Using 'UTF-8' encoding to copy filtered resources.
2022-03-18T09:25:59.1400886Z [INFO] Using 'UTF-8' encoding to copy filtered properties files.
2022-03-18T09:25:59.1446959Z [INFO] Copying 3 resources
2022-03-18T09:25:59.1523977Z [INFO] 
2022-03-18T09:25:59.1525053Z [INFO] --- flatten-maven-plugin:1.2.7:flatten (flatten) @ spring-boot-admin-server ---
2022-03-18T09:25:59.1542052Z [INFO] Generating flattened POM of project de.codecentric:spring-boot-admin-server:jar:3.0.0-SNAPSHOT...
2022-03-18T09:25:59.1791578Z [INFO] 
2022-03-18T09:25:59.1792463Z [INFO] --- maven-compiler-plugin:3.9.0:compile (default-compile) @ spring-boot-admin-server ---
2022-03-18T09:25:59.2494717Z [INFO] Changes detected - recompiling the module!
2022-03-18T09:25:59.2520785Z [INFO] Compiling 142 source files to /home/runner/work/spring-boot-admin/spring-boot-admin/spring-boot-admin-server/target/classes
2022-03-18T09:26:04.0442158Z [INFO] /home/runner/work/spring-boot-admin/spring-boot-admin/spring-boot-admin-server/src/main/java/de/codecentric/boot/admin/server/web/reactive/AdminControllerHandlerMapping.java: Some input files use or override a deprecated API.
2022-03-18T09:26:04.0444272Z [INFO] /home/runner/work/spring-boot-admin/spring-boot-admin/spring-boot-admin-server/src/main/java/de/codecentric/boot/admin/server/web/reactive/AdminControllerHandlerMapping.java: Recompile with -Xlint:deprecation for details.
2022-03-18T09:26:04.0446317Z [INFO] /home/runner/work/spring-boot-admin/spring-boot-admin/spring-boot-admin-server/src/main/java/de/codecentric/boot/admin/server/web/client/LegacyEndpointConverters.java: /home/runner/work/spring-boot-admin/spring-boot-admin/spring-boot-admin-server/src/main/java/de/codecentric/boot/admin/server/web/client/LegacyEndpointConverters.java uses unchecked or unsafe operations.
2022-03-18T09:26:04.0610884Z [INFO] /home/runner/work/spring-boot-admin/spring-boot-admin/spring-boot-admin-server/src/main/java/de/codecentric/boot/admin/server/web/client/LegacyEndpointConverters.java: Recompile with -Xlint:unchecked for details.
2022-03-18T09:26:04.0611573Z [INFO] 
2022-03-18T09:26:04.0612175Z [INFO] --- maven-resources-plugin:3.2.0:testResources (default-testResources) @ spring-boot-admin-server ---
2022-03-18T09:26:04.0612783Z [INFO] Using 'UTF-8' encoding to copy filtered resources.
2022-03-18T09:26:04.0613294Z [INFO] Using 'UTF-8' encoding to copy filtered properties files.
2022-03-18T09:26:04.0613641Z [INFO] Copying 24 resources
2022-03-18T09:26:04.0613902Z [INFO] 
2022-03-18T09:26:04.0614454Z [INFO] --- maven-compiler-plugin:3.9.0:testCompile (default-testCompile) @ spring-boot-admin-server ---
2022-03-18T09:26:04.0651665Z [INFO] Changes detected - recompiling the module!
2022-03-18T09:26:04.0665487Z [INFO] Compiling 89 source files to /home/runner/work/spring-boot-admin/spring-boot-admin/spring-boot-admin-server/target/test-classes
2022-03-18T09:26:13.7726597Z [INFO] /home/runner/work/spring-boot-admin/spring-boot-admin/spring-boot-admin-server/src/test/java/de/codecentric/boot/admin/server/services/endpoints/QueryIndexEndpointStrategyTest.java: /home/runner/work/spring-boot-admin/spring-boot-admin/spring-boot-admin-server/src/test/java/de/codecentric/boot/admin/server/services/endpoints/QueryIndexEndpointStrategyTest.java uses or overrides a deprecated API.
2022-03-18T09:26:13.7728680Z [INFO] /home/runner/work/spring-boot-admin/spring-boot-admin/spring-boot-admin-server/src/test/java/de/codecentric/boot/admin/server/services/endpoints/QueryIndexEndpointStrategyTest.java: Recompile with -Xlint:deprecation for details.
2022-03-18T09:26:13.7732111Z [INFO] 
2022-03-18T09:26:13.7734041Z [INFO] --- maven-surefire-plugin:3.0.0-M5:test (default-test) @ spring-boot-admin-server ---
2022-03-18T09:26:13.9945776Z [INFO] 
2022-03-18T09:26:13.9946524Z [INFO] -------------------------------------------------------
2022-03-18T09:26:13.9946865Z [INFO]  T E S T S
2022-03-18T09:26:13.9947274Z [INFO] -------------------------------------------------------
2022-03-18T09:26:15.8041933Z [INFO] Running de.codecentric.boot.admin.server.AdminApplicationHazelcastTest
2022-03-18T09:26:33.1056108Z [INFO] Tests run: 1, Failures: 0, Errors: 0, Skipped: 0, Time elapsed: 17.276 s - in de.codecentric.boot.admin.server.AdminApplicationHazelcastTest
2022-03-18T09:26:33.1059259Z [INFO] Running de.codecentric.boot.admin.server.AdminReactiveApplicationTest
2022-03-18T09:26:37.9396020Z [INFO] Tests run: 1, Failures: 0, Errors: 0, Skipped: 0, Time elapsed: 4.853 s - in de.codecentric.boot.admin.server.AdminReactiveApplicationTest
2022-03-18T09:26:37.9403612Z [INFO] Running de.codecentric.boot.admin.server.AdminServletApplicationTest
2022-03-18T09:26:43.4569878Z [INFO] Tests run: 1, Failures: 0, Errors: 0, Skipped: 0, Time elapsed: 5.511 s - in de.codecentric.boot.admin.server.AdminServletApplicationTest
2022-03-18T09:26:43.4571877Z [INFO] Running de.codecentric.boot.admin.server.services.ApplicationRegistryTest
2022-03-18T09:26:44.2650846Z [INFO] Tests run: 18, Failures: 0, Errors: 0, Skipped: 0, Time elapsed: 0.819 s - in de.codecentric.boot.admin.server.services.ApplicationRegistryTest
2022-03-18T09:26:44.2739846Z [INFO] Running de.codecentric.boot.admin.server.services.InfoUpdateTriggerTest
2022-03-18T09:26:45.3610010Z [INFO] Tests run: 7, Failures: 0, Errors: 0, Skipped: 0, Time elapsed: 1.07 s - in de.codecentric.boot.admin.server.services.InfoUpdateTriggerTest
2022-03-18T09:26:45.3614489Z [INFO] Running de.codecentric.boot.admin.server.services.IntervalCheckTest
2022-03-18T09:26:45.9027306Z [INFO] Tests run: 5, Failures: 0, Errors: 0, Skipped: 0, Time elapsed: 0.548 s - in de.codecentric.boot.admin.server.services.IntervalCheckTest
2022-03-18T09:26:45.9030337Z [INFO] Running de.codecentric.boot.admin.server.services.StatusUpdateTriggerTest
2022-03-18T09:26:46.8474551Z [INFO] Tests run: 6, Failures: 0, Errors: 0, Skipped: 0, Time elapsed: 0.945 s - in de.codecentric.boot.admin.server.services.StatusUpdateTriggerTest
2022-03-18T09:26:46.8484981Z [INFO] Running de.codecentric.boot.admin.server.services.endpoints.QueryIndexEndpointStrategyTest
2022-03-18T09:26:49.1848865Z [INFO] Tests run: 8, Failures: 0, Errors: 0, Skipped: 0, Time elapsed: 2.321 s - in de.codecentric.boot.admin.server.services.endpoints.QueryIndexEndpointStrategyTest
2022-03-18T09:26:49.1850209Z [INFO] Running de.codecentric.boot.admin.server.services.endpoints.ChainingStrategyTest
2022-03-18T09:26:49.2202947Z [INFO] Tests run: 3, Failures: 0, Errors: 0, Skipped: 0, Time elapsed: 0.022 s - in de.codecentric.boot.admin.server.services.endpoints.ChainingStrategyTest
2022-03-18T09:26:49.2204120Z [INFO] Running de.codecentric.boot.admin.server.services.endpoints.ProbeEndpointsStrategyTest
2022-03-18T09:26:50.8612301Z [INFO] Tests run: 4, Failures: 0, Errors: 0, Skipped: 0, Time elapsed: 1.645 s - in de.codecentric.boot.admin.server.services.endpoints.ProbeEndpointsStrategyTest
2022-03-18T09:26:50.8616727Z [INFO] Running de.codecentric.boot.admin.server.services.CloudFoundryInstanceIdGeneratorTest
2022-03-18T09:26:50.8711353Z [INFO] Tests run: 2, Failures: 0, Errors: 0, Skipped: 0, Time elapsed: 0.002 s - in de.codecentric.boot.admin.server.services.CloudFoundryInstanceIdGeneratorTest
2022-03-18T09:26:50.8725783Z [INFO] Running de.codecentric.boot.admin.server.services.InfoUpdaterTest
2022-03-18T09:26:53.7195280Z [INFO] Tests run: 4, Failures: 0, Errors: 0, Skipped: 0, Time elapsed: 2.814 s - in de.codecentric.boot.admin.server.services.InfoUpdaterTest
2022-03-18T09:26:53.7199709Z [INFO] Running de.codecentric.boot.admin.server.services.EndpointDetectionTriggerTest
2022-03-18T09:26:54.2903044Z [INFO] Tests run: 5, Failures: 0, Errors: 0, Skipped: 0, Time elapsed: 0.579 s - in de.codecentric.boot.admin.server.services.EndpointDetectionTriggerTest
2022-03-18T09:26:54.2909953Z [INFO] Running de.codecentric.boot.admin.server.services.StatusUpdaterTest
2022-03-18T09:26:57.1886694Z [INFO] Tests run: 8, Failures: 0, Errors: 0, Skipped: 0, Time elapsed: 2.901 s - in de.codecentric.boot.admin.server.services.StatusUpdaterTest
2022-03-18T09:26:57.1905319Z [INFO] Running de.codecentric.boot.admin.server.services.EndpointDetectorTest
2022-03-18T09:26:57.3563078Z [INFO] Tests run: 1, Failures: 0, Errors: 0, Skipped: 0, Time elapsed: 0.158 s - in de.codecentric.boot.admin.server.services.EndpointDetectorTest
2022-03-18T09:26:57.3563874Z [INFO] Running de.codecentric.boot.admin.server.services.InstanceRegistryTest
2022-03-18T09:26:57.3743692Z [INFO] Tests run: 5, Failures: 0, Errors: 0, Skipped: 0, Time elapsed: 0.016 s - in de.codecentric.boot.admin.server.services.InstanceRegistryTest
2022-03-18T09:26:57.3744675Z [INFO] Running de.codecentric.boot.admin.server.utils.jackson.InstanceEventMixinTest
2022-03-18T09:26:57.3745548Z [INFO] Running de.codecentric.boot.admin.server.utils.jackson.InstanceEventMixinTest$InstanceEventTests
2022-03-18T09:26:57.4542245Z [INFO] Tests run: 6, Failures: 0, Errors: 0, Skipped: 0, Time elapsed: 0.078 s - in de.codecentric.boot.admin.server.utils.jackson.InstanceEventMixinTest$InstanceEventTests
2022-03-18T09:26:57.4633776Z [INFO] Tests run: 0, Failures: 0, Errors: 0, Skipped: 0, Time elapsed: 0.081 s - in de.codecentric.boot.admin.server.utils.jackson.InstanceEventMixinTest
2022-03-18T09:26:57.4640496Z [INFO] Running de.codecentric.boot.admin.server.utils.jackson.StatusInfoMixinTest
2022-03-18T09:26:57.4729942Z [INFO] Tests run: 2, Failures: 0, Errors: 0, Skipped: 0, Time elapsed: 0.018 s - in de.codecentric.boot.admin.server.utils.jackson.StatusInfoMixinTest
2022-03-18T09:26:57.4731235Z [INFO] Running de.codecentric.boot.admin.server.utils.jackson.BuildVersionMixinTest
2022-03-18T09:26:57.4962037Z [INFO] Tests run: 4, Failures: 0, Errors: 0, Skipped: 0, Time elapsed: 0.02 s - in de.codecentric.boot.admin.server.utils.jackson.BuildVersionMixinTest
2022-03-18T09:26:57.4963237Z [INFO] Running de.codecentric.boot.admin.server.utils.jackson.EndpointMixinTest
2022-03-18T09:26:57.5055462Z [INFO] Tests run: 2, Failures: 0, Errors: 0, Skipped: 0, Time elapsed: 0.009 s - in de.codecentric.boot.admin.server.utils.jackson.EndpointMixinTest
2022-03-18T09:26:57.5059360Z [INFO] Running de.codecentric.boot.admin.server.utils.jackson.InfoMixinTest
2022-03-18T09:26:57.5175867Z [INFO] Tests run: 2, Failures: 0, Errors: 0, Skipped: 0, Time elapsed: 0.01 s - in de.codecentric.boot.admin.server.utils.jackson.InfoMixinTest
2022-03-18T09:26:57.5179932Z [INFO] Running de.codecentric.boot.admin.server.utils.jackson.EndpointsMixinTest
2022-03-18T09:26:57.5369321Z [INFO] Tests run: 2, Failures: 0, Errors: 0, Skipped: 0, Time elapsed: 0.018 s - in de.codecentric.boot.admin.server.utils.jackson.EndpointsMixinTest
2022-03-18T09:26:57.5373326Z [INFO] Running de.codecentric.boot.admin.server.utils.jackson.TagsMixinTest
2022-03-18T09:26:57.5451731Z [INFO] Tests run: 2, Failures: 0, Errors: 0, Skipped: 0, Time elapsed: 0.005 s - in de.codecentric.boot.admin.server.utils.jackson.TagsMixinTest
2022-03-18T09:26:57.5455539Z [INFO] Running de.codecentric.boot.admin.server.utils.jackson.InstanceInfoChangedEventMixinTest
2022-03-18T09:26:57.5796222Z [INFO] Tests run: 6, Failures: 0, Errors: 0, Skipped: 0, Time elapsed: 0.032 s - in de.codecentric.boot.admin.server.utils.jackson.InstanceInfoChangedEventMixinTest
2022-03-18T09:26:57.5800780Z [INFO] Running de.codecentric.boot.admin.server.utils.jackson.InstanceEndpointsDetectedEventMixinTest
2022-03-18T09:26:57.6256184Z [INFO] Tests run: 6, Failures: 0, Errors: 0, Skipped: 0, Time elapsed: 0.041 s - in de.codecentric.boot.admin.server.utils.jackson.InstanceEndpointsDetectedEventMixinTest
2022-03-18T09:26:57.6261154Z [INFO] Running de.codecentric.boot.admin.server.utils.jackson.RegistrationDeserializerTest
2022-03-18T09:26:57.6366203Z [INFO] Tests run: 7, Failures: 0, Errors: 0, Skipped: 0, Time elapsed: 0.012 s - in de.codecentric.boot.admin.server.utils.jackson.RegistrationDeserializerTest
2022-03-18T09:26:57.6371249Z [INFO] Running de.codecentric.boot.admin.server.utils.jackson.InstanceDeregisteredEventMixinTest
2022-03-18T09:26:57.6578513Z [INFO] Tests run: 4, Failures: 0, Errors: 0, Skipped: 0, Time elapsed: 0.017 s - in de.codecentric.boot.admin.server.utils.jackson.InstanceDeregisteredEventMixinTest
2022-03-18T09:26:57.6582759Z [INFO] Running de.codecentric.boot.admin.server.utils.jackson.InstanceIdMixinTest
2022-03-18T09:26:57.6678952Z [INFO] Tests run: 2, Failures: 0, Errors: 0, Skipped: 0, Time elapsed: 0.008 s - in de.codecentric.boot.admin.server.utils.jackson.InstanceIdMixinTest
2022-03-18T09:26:57.6683089Z [INFO] Running de.codecentric.boot.admin.server.utils.jackson.InstanceRegistrationUpdatedEventMixinTest
2022-03-18T09:26:57.7027011Z [INFO] Tests run: 7, Failures: 0, Errors: 0, Skipped: 0, Time elapsed: 0.032 s - in de.codecentric.boot.admin.server.utils.jackson.InstanceRegistrationUpdatedEventMixinTest
2022-03-18T09:26:57.7031712Z [INFO] Running de.codecentric.boot.admin.server.utils.jackson.InstanceStatusChangedEventMixinTest
2022-03-18T09:26:57.7614911Z [INFO] Tests run: 7, Failures: 0, Errors: 0, Skipped: 0, Time elapsed: 0.055 s - in de.codecentric.boot.admin.server.utils.jackson.InstanceStatusChangedEventMixinTest
2022-03-18T09:26:57.7626717Z [INFO] Running de.codecentric.boot.admin.server.utils.jackson.InstanceRegisteredEventMixinTest
2022-03-18T09:26:57.7956559Z [INFO] Tests run: 7, Failures: 0, Errors: 0, Skipped: 0, Time elapsed: 0.028 s - in de.codecentric.boot.admin.server.utils.jackson.InstanceRegisteredEventMixinTest
2022-03-18T09:26:57.7974516Z [INFO] Running de.codecentric.boot.admin.server.notify.PagerdutyNotifierTest
2022-03-18T09:26:58.0350376Z [INFO] Tests run: 2, Failures: 0, Errors: 0, Skipped: 0, Time elapsed: 0.231 s - in de.codecentric.boot.admin.server.notify.PagerdutyNotifierTest
2022-03-18T09:26:58.0351159Z [INFO] Running de.codecentric.boot.admin.server.notify.HipchatNotifierTest
2022-03-18T09:26:58.0495831Z [INFO] Tests run: 2, Failures: 0, Errors: 0, Skipped: 0, Time elapsed: 0.011 s - in de.codecentric.boot.admin.server.notify.HipchatNotifierTest
2022-03-18T09:26:58.0496522Z [INFO] Running de.codecentric.boot.admin.server.notify.SlackNotifierTest
2022-03-18T09:26:58.0710175Z [INFO] Tests run: 5, Failures: 0, Errors: 0, Skipped: 0, Time elapsed: 0.018 s - in de.codecentric.boot.admin.server.notify.SlackNotifierTest
2022-03-18T09:26:58.0710909Z [INFO] Running de.codecentric.boot.admin.server.notify.DiscordNotifierTest
2022-03-18T09:26:58.0866761Z [INFO] Tests run: 2, Failures: 0, Errors: 0, Skipped: 0, Time elapsed: 0.012 s - in de.codecentric.boot.admin.server.notify.DiscordNotifierTest
2022-03-18T09:26:58.0867547Z [INFO] Running de.codecentric.boot.admin.server.notify.MicrosoftTeamsNotifierTest
2022-03-18T09:26:58.1650463Z [INFO] Tests run: 13, Failures: 0, Errors: 0, Skipped: 0, Time elapsed: 0.07 s - in de.codecentric.boot.admin.server.notify.MicrosoftTeamsNotifierTest
2022-03-18T09:26:58.1651215Z [INFO] Running de.codecentric.boot.admin.server.notify.NotificationTriggerTest
2022-03-18T09:26:58.3956230Z [INFO] Tests run: 2, Failures: 0, Errors: 0, Skipped: 0, Time elapsed: 0.23 s - in de.codecentric.boot.admin.server.notify.NotificationTriggerTest
2022-03-18T09:26:58.3957255Z [INFO] Running de.codecentric.boot.admin.server.notify.filter.InstanceNameNotificationFilterTest
2022-03-18T09:26:58.5996703Z [INFO] Tests run: 2, Failures: 0, Errors: 0, Skipped: 0, Time elapsed: 0.205 s - in de.codecentric.boot.admin.server.notify.filter.InstanceNameNotificationFilterTest
2022-03-18T09:26:58.5997920Z [INFO] Running de.codecentric.boot.admin.server.notify.filter.FilteringNotifierTest
2022-03-18T09:26:58.6180633Z [INFO] Tests run: 3, Failures: 0, Errors: 0, Skipped: 0, Time elapsed: 0.009 s - in de.codecentric.boot.admin.server.notify.filter.FilteringNotifierTest
2022-03-18T09:26:58.6181727Z [INFO] Running de.codecentric.boot.admin.server.notify.filter.InstanceIdNotificationFilterTest
2022-03-18T09:26:58.6204237Z [INFO] Tests run: 1, Failures: 0, Errors: 0, Skipped: 0, Time elapsed: 0.002 s - in de.codecentric.boot.admin.server.notify.filter.InstanceIdNotificationFilterTest
2022-03-18T09:26:58.6249011Z [INFO] Running de.codecentric.boot.admin.server.notify.filter.web.NotificationFilterControllerTest
2022-03-18T09:26:58.7962270Z [INFO] Tests run: 3, Failures: 0, Errors: 0, Skipped: 0, Time elapsed: 0.168 s - in de.codecentric.boot.admin.server.notify.filter.web.NotificationFilterControllerTest
2022-03-18T09:26:58.7963618Z [INFO] Running de.codecentric.boot.admin.server.notify.TelegramNotifierTest
2022-03-18T09:26:58.8728640Z [INFO] Tests run: 2, Failures: 0, Errors: 0, Skipped: 0, Time elapsed: 0.073 s - in de.codecentric.boot.admin.server.notify.TelegramNotifierTest
2022-03-18T09:26:58.8729993Z [INFO] Running de.codecentric.boot.admin.server.notify.RemindingNotifierTest
2022-03-18T09:26:58.9891293Z [INFO] Tests run: 6, Failures: 0, Errors: 0, Skipped: 0, Time elapsed: 0.114 s - in de.codecentric.boot.admin.server.notify.RemindingNotifierTest
2022-03-18T09:26:58.9914155Z [INFO] Running de.codecentric.boot.admin.server.notify.DingTalkNotifierTest
2022-03-18T09:26:59.0115596Z [INFO] Tests run: 2, Failures: 0, Errors: 0, Skipped: 0, Time elapsed: 0.014 s - in de.codecentric.boot.admin.server.notify.DingTalkNotifierTest
2022-03-18T09:26:59.0122601Z [INFO] Running de.codecentric.boot.admin.server.notify.MailNotifierTest
2022-03-18T09:26:59.7436830Z [INFO] Tests run: 6, Failures: 0, Errors: 0, Skipped: 0, Time elapsed: 0.731 s - in de.codecentric.boot.admin.server.notify.MailNotifierTest
2022-03-18T09:26:59.7450966Z [INFO] Running de.codecentric.boot.admin.server.notify.LetsChatNotifierTest
2022-03-18T09:26:59.7592112Z [INFO] Tests run: 2, Failures: 0, Errors: 0, Skipped: 0, Time elapsed: 0.009 s - in de.codecentric.boot.admin.server.notify.LetsChatNotifierTest
2022-03-18T09:26:59.7616311Z [INFO] Running de.codecentric.boot.admin.server.notify.OpsGenieNotifierTest
2022-03-18T09:26:59.7735701Z [INFO] Tests run: 2, Failures: 0, Errors: 0, Skipped: 0, Time elapsed: 0.007 s - in de.codecentric.boot.admin.server.notify.OpsGenieNotifierTest
2022-03-18T09:26:59.7740725Z [INFO] Running de.codecentric.boot.admin.server.notify.CompositeNotifierTest
2022-03-18T09:26:59.7841067Z [INFO] Tests run: 3, Failures: 0, Errors: 0, Skipped: 0, Time elapsed: 0.005 s - in de.codecentric.boot.admin.server.notify.CompositeNotifierTest
2022-03-18T09:26:59.7877473Z [INFO] Running de.codecentric.boot.admin.server.notify.HazelcastNotificationTriggerTest
2022-03-18T09:27:00.0066288Z [INFO] Tests run: 2, Failures: 0, Errors: 0, Skipped: 0, Time elapsed: 0.213 s - in de.codecentric.boot.admin.server.notify.HazelcastNotificationTriggerTest
2022-03-18T09:27:00.0086573Z [INFO] Running de.codecentric.boot.admin.server.config.AdminServerCloudFoundryAutoConfigurationTest
2022-03-18T09:27:04.3030379Z [INFO] Tests run: 2, Failures: 0, Errors: 0, Skipped: 0, Time elapsed: 4.286 s - in de.codecentric.boot.admin.server.config.AdminServerCloudFoundryAutoConfigurationTest
2022-03-18T09:27:04.3064898Z [INFO] Running de.codecentric.boot.admin.server.config.AdminServerAutoConfigurationTest
2022-03-18T09:27:08.7252829Z [INFO] Tests run: 2, Failures: 0, Errors: 0, Skipped: 0, Time elapsed: 4.421 s - in de.codecentric.boot.admin.server.config.AdminServerAutoConfigurationTest
2022-03-18T09:27:08.7255082Z [INFO] Running de.codecentric.boot.admin.server.config.AdminServerNotifierAutoConfigurationTest
2022-03-18T09:27:38.4003959Z [INFO] Tests run: 14, Failures: 0, Errors: 0, Skipped: 0, Time elapsed: 29.664 s - in de.codecentric.boot.admin.server.config.AdminServerNotifierAutoConfigurationTest
2022-03-18T09:27:38.4030804Z [INFO] Running de.codecentric.boot.admin.server.config.AdminServerInstanceWebClientConfigurationTest
2022-03-18T09:27:40.4718307Z [INFO] Tests run: 1, Failures: 0, Errors: 0, Skipped: 0, Time elapsed: 2.08 s - in de.codecentric.boot.admin.server.config.AdminServerInstanceWebClientConfigurationTest
2022-03-18T09:27:40.4719222Z [INFO] Running de.codecentric.boot.admin.server.config.AdminServerPropertiesTest
2022-03-18T09:27:40.5947223Z [INFO] Tests run: 1, Failures: 0, Errors: 0, Skipped: 0, Time elapsed: 0.122 s - in de.codecentric.boot.admin.server.config.AdminServerPropertiesTest
2022-03-18T09:27:40.5951941Z [INFO] Running de.codecentric.boot.admin.server.config.SpringBootAdminServerEnabledConditionTest
2022-03-18T09:27:40.6784676Z [INFO] Tests run: 2, Failures: 0, Errors: 0, Skipped: 0, Time elapsed: 0.079 s - in de.codecentric.boot.admin.server.config.SpringBootAdminServerEnabledConditionTest
2022-03-18T09:27:40.6799633Z [INFO] Running de.codecentric.boot.admin.server.web.servlet.InstancesProxyControllerIntegrationTest
2022-03-18T09:27:46.0958371Z [INFO] Tests run: 7, Failures: 0, Errors: 0, Skipped: 0, Time elapsed: 5.409 s - in de.codecentric.boot.admin.server.web.servlet.InstancesProxyControllerIntegrationTest
2022-03-18T09:27:46.0959382Z [INFO] Running de.codecentric.boot.admin.server.web.reactive.InstancesProxyControllerIntegrationTest
2022-03-18T09:28:17.1406529Z [INFO] Tests run: 7, Failures: 0, Errors: 0, Skipped: 0, Time elapsed: 31.046 s - in de.codecentric.boot.admin.server.web.reactive.InstancesProxyControllerIntegrationTest
2022-03-18T09:28:17.1407329Z [INFO] Running de.codecentric.boot.admin.server.web.PathUtilsTest
2022-03-18T09:28:17.1463844Z [INFO] Tests run: 1, Failures: 0, Errors: 0, Skipped: 0, Time elapsed: 0.001 s - in de.codecentric.boot.admin.server.web.PathUtilsTest
2022-03-18T09:28:17.1468113Z [INFO] Running de.codecentric.boot.admin.server.web.client.CompositeHttpHeadersProviderTest
2022-03-18T09:28:17.1574913Z [INFO] Tests run: 2, Failures: 0, Errors: 0, Skipped: 0, Time elapsed: 0.005 s - in de.codecentric.boot.admin.server.web.client.CompositeHttpHeadersProviderTest
2022-03-18T09:28:17.1649229Z [INFO] Running de.codecentric.boot.admin.server.web.client.InstanceExchangeFilterFunctionsTest
2022-03-18T09:28:17.1652254Z [INFO] Running de.codecentric.boot.admin.server.web.client.InstanceExchangeFilterFunctionsTest$CookieHandling
2022-03-18T09:28:17.1703634Z [INFO] Tests run: 2, Failures: 0, Errors: 0, Skipped: 0, Time elapsed: 0.013 s - in de.codecentric.boot.admin.server.web.client.InstanceExchangeFilterFunctionsTest$CookieHandling
2022-03-18T09:28:17.1707712Z [INFO] Running de.codecentric.boot.admin.server.web.client.InstanceExchangeFilterFunctionsTest$LogfileAcceptWorkaround
2022-03-18T09:28:17.1772323Z [INFO] Tests run: 2, Failures: 0, Errors: 0, Skipped: 0, Time elapsed: 0.003 s - in de.codecentric.boot.admin.server.web.client.InstanceExchangeFilterFunctionsTest$LogfileAcceptWorkaround
2022-03-18T09:28:17.1773491Z [INFO] Running de.codecentric.boot.admin.server.web.client.InstanceExchangeFilterFunctionsTest$Timeout
2022-03-18T09:28:19.1884304Z [INFO] Tests run: 2, Failures: 0, Errors: 0, Skipped: 0, Time elapsed: 2.009 s - in de.codecentric.boot.admin.server.web.client.InstanceExchangeFilterFunctionsTest$Timeout
2022-03-18T09:28:19.1958155Z [INFO] Running de.codecentric.boot.admin.server.web.client.InstanceExchangeFilterFunctionsTest$RewriteEndpointUrl
2022-03-18T09:28:19.2089519Z [INFO] Tests run: 5, Failures: 0, Errors: 0, Skipped: 0, Time elapsed: 0.009 s - in de.codecentric.boot.admin.server.web.client.InstanceExchangeFilterFunctionsTest$RewriteEndpointUrl
2022-03-18T09:28:19.2090571Z [INFO] Running de.codecentric.boot.admin.server.web.client.InstanceExchangeFilterFunctionsTest$AddDefaultHeaders
2022-03-18T09:28:19.2204873Z [INFO] Tests run: 3, Failures: 0, Errors: 0, Skipped: 0, Time elapsed: 0.003 s - in de.codecentric.boot.admin.server.web.client.InstanceExchangeFilterFunctionsTest$AddDefaultHeaders
2022-03-18T09:28:19.2205800Z [INFO] Running de.codecentric.boot.admin.server.web.client.InstanceExchangeFilterFunctionsTest$AddHeaders
2022-03-18T09:28:19.2206864Z [INFO] Tests run: 1, Failures: 0, Errors: 0, Skipped: 0, Time elapsed: 0.001 s - in de.codecentric.boot.admin.server.web.client.InstanceExchangeFilterFunctionsTest$AddHeaders
2022-03-18T09:28:19.2207717Z [INFO] Running de.codecentric.boot.admin.server.web.client.InstanceExchangeFilterFunctionsTest$Retry
2022-03-18T09:28:19.2271242Z [INFO] Tests run: 3, Failures: 0, Errors: 0, Skipped: 0, Time elapsed: 0.004 s - in de.codecentric.boot.admin.server.web.client.InstanceExchangeFilterFunctionsTest$Retry
2022-03-18T09:28:19.2272428Z [INFO] Running de.codecentric.boot.admin.server.web.client.InstanceExchangeFilterFunctionsTest$ConvertLegacyEndpoints
2022-03-18T09:28:19.2479959Z [INFO] Tests run: 5, Failures: 0, Errors: 0, Skipped: 0, Time elapsed: 0.026 s - in de.codecentric.boot.admin.server.web.client.InstanceExchangeFilterFunctionsTest$ConvertLegacyEndpoints
2022-03-18T09:28:19.2536065Z [INFO] Tests run: 0, Failures: 0, Errors: 0, Skipped: 0, Time elapsed: 2.1 s - in de.codecentric.boot.admin.server.web.client.InstanceExchangeFilterFunctionsTest
2022-03-18T09:28:19.2545763Z [INFO] Running de.codecentric.boot.admin.server.web.client.cookies.CookieStoreCleanupTriggerTest
2022-03-18T09:28:19.3734244Z [INFO] Tests run: 1, Failures: 0, Errors: 0, Skipped: 0, Time elapsed: 0.113 s - in de.codecentric.boot.admin.server.web.client.cookies.CookieStoreCleanupTriggerTest
2022-03-18T09:28:19.3737536Z [INFO] Running de.codecentric.boot.admin.server.web.client.cookies.JdkPerInstanceCookieStoreTest
2022-03-18T09:28:19.4135078Z [INFO] Tests run: 3, Failures: 0, Errors: 0, Skipped: 0, Time elapsed: 0.036 s - in de.codecentric.boot.admin.server.web.client.cookies.JdkPerInstanceCookieStoreTest
2022-03-18T09:28:19.4139111Z [INFO] Running de.codecentric.boot.admin.server.web.client.CloudFoundryHttpHeaderProviderTest
2022-03-18T09:28:19.4208459Z [INFO] Tests run: 2, Failures: 0, Errors: 0, Skipped: 0, Time elapsed: 0.008 s - in de.codecentric.boot.admin.server.web.client.CloudFoundryHttpHeaderProviderTest
2022-03-18T09:28:19.4212436Z [INFO] Running de.codecentric.boot.admin.server.web.client.InstanceWebClientTest
2022-03-18T09:28:19.4331343Z [INFO] Tests run: 2, Failures: 0, Errors: 0, Skipped: 0, Time elapsed: 0.01 s - in de.codecentric.boot.admin.server.web.client.InstanceWebClientTest
2022-03-18T09:28:19.4334446Z [INFO] Running de.codecentric.boot.admin.server.web.client.BasicAuthHttpHeaderProviderTest
2022-03-18T09:28:19.4481659Z [INFO] Tests run: 7, Failures: 0, Errors: 0, Skipped: 0, Time elapsed: 0.01 s - in de.codecentric.boot.admin.server.web.client.BasicAuthHttpHeaderProviderTest
2022-03-18T09:28:19.4482731Z [INFO] Running de.codecentric.boot.admin.server.web.client.LegacyEndpointConvertersTest
2022-03-18T09:28:19.5289823Z [INFO] Tests run: 9, Failures: 0, Errors: 0, Skipped: 0, Time elapsed: 0.085 s - in de.codecentric.boot.admin.server.web.client.LegacyEndpointConvertersTest
2022-03-18T09:28:19.5369347Z [INFO] Running de.codecentric.boot.admin.server.web.InstancesControllerIntegrationTest
2022-03-18T09:28:30.9126664Z [INFO] Tests run: 4, Failures: 0, Errors: 0, Skipped: 0, Time elapsed: 11.38 s - in de.codecentric.boot.admin.server.web.InstancesControllerIntegrationTest
2022-03-18T09:28:35.1775777Z [INFO] Running de.codecentric.boot.admin.server.eventstore.HazelcastEventStoreWithClientConfigTest
2022-03-18T09:28:59.2303920Z [INFO] Tests run: 4, Failures: 0, Errors: 0, Skipped: 0, Time elapsed: 24.049 s - in de.codecentric.boot.admin.server.eventstore.HazelcastEventStoreWithClientConfigTest
2022-03-18T09:28:59.2324102Z [INFO] Running de.codecentric.boot.admin.server.eventstore.HazelcastEventStoreTest
2022-03-18T09:29:04.9850142Z [INFO] Tests run: 4, Failures: 0, Errors: 0, Skipped: 0, Time elapsed: 5.753 s - in de.codecentric.boot.admin.server.eventstore.HazelcastEventStoreTest
2022-03-18T09:29:05.0120535Z [INFO] Running de.codecentric.boot.admin.server.eventstore.HazelcastEventStoreWithServerConfigTest
2022-03-18T09:29:14.8360550Z [INFO] Tests run: 4, Failures: 0, Errors: 0, Skipped: 0, Time elapsed: 9.836 s - in de.codecentric.boot.admin.server.eventstore.HazelcastEventStoreWithServerConfigTest
2022-03-18T09:29:14.8705248Z [INFO] Running de.codecentric.boot.admin.server.eventstore.InMemoryEventStoreTest
2022-03-18T09:29:14.9318839Z [INFO] Tests run: 4, Failures: 0, Errors: 0, Skipped: 0, Time elapsed: 0.081 s - in de.codecentric.boot.admin.server.eventstore.InMemoryEventStoreTest
2022-03-18T09:29:14.9319765Z [INFO] Running de.codecentric.boot.admin.server.domain.entities.EventsourcingInstanceRepositoryTest
2022-03-18T09:29:14.9584708Z [INFO] Tests run: 6, Failures: 0, Errors: 0, Skipped: 0, Time elapsed: 0.033 s - in de.codecentric.boot.admin.server.domain.entities.EventsourcingInstanceRepositoryTest
2022-03-18T09:29:14.9586119Z [INFO] Running de.codecentric.boot.admin.server.domain.entities.InstanceTest
2022-03-18T09:29:14.9772512Z [INFO] Tests run: 7, Failures: 0, Errors: 0, Skipped: 0, Time elapsed: 0.017 s - in de.codecentric.boot.admin.server.domain.entities.InstanceTest
2022-03-18T09:29:14.9773524Z [INFO] Running de.codecentric.boot.admin.server.domain.entities.SnapshottingInstanceRepositoryTest
2022-03-18T09:29:15.0789602Z [INFO] Tests run: 11, Failures: 0, Errors: 0, Skipped: 0, Time elapsed: 0.101 s - in de.codecentric.boot.admin.server.domain.entities.SnapshottingInstanceRepositoryTest
2022-03-18T09:29:15.0790544Z [INFO] Running de.codecentric.boot.admin.server.domain.values.StatusInfoTest
2022-03-18T09:29:15.0850872Z [INFO] Tests run: 4, Failures: 0, Errors: 0, Skipped: 0, Time elapsed: 0.003 s - in de.codecentric.boot.admin.server.domain.values.StatusInfoTest
2022-03-18T09:29:15.0851702Z [INFO] Running de.codecentric.boot.admin.server.domain.values.EndpointTest
2022-03-18T09:29:15.0983624Z [INFO] Tests run: 1, Failures: 0, Errors: 0, Skipped: 0, Time elapsed: 0.002 s - in de.codecentric.boot.admin.server.domain.values.EndpointTest
2022-03-18T09:29:15.0987046Z [INFO] Running de.codecentric.boot.admin.server.domain.values.InfoTest
2022-03-18T09:29:15.1101433Z [INFO] Tests run: 1, Failures: 0, Errors: 0, Skipped: 0, Time elapsed: 0.001 s - in de.codecentric.boot.admin.server.domain.values.InfoTest
2022-03-18T09:29:15.1102362Z [INFO] Running de.codecentric.boot.admin.server.domain.values.InstanceIdTest
2022-03-18T09:29:15.1204679Z [INFO] Tests run: 1, Failures: 0, Errors: 0, Skipped: 0, Time elapsed: 0.001 s - in de.codecentric.boot.admin.server.domain.values.InstanceIdTest
2022-03-18T09:29:15.1205611Z [INFO] Running de.codecentric.boot.admin.server.domain.values.TagsTest
2022-03-18T09:29:15.1253472Z [INFO] Tests run: 4, Failures: 0, Errors: 0, Skipped: 0, Time elapsed: 0.003 s - in de.codecentric.boot.admin.server.domain.values.TagsTest
2022-03-18T09:29:15.1254445Z [INFO] Running de.codecentric.boot.admin.server.domain.values.BuildVersionTest
2022-03-18T09:29:15.1308203Z [INFO] Tests run: 3, Failures: 0, Errors: 0, Skipped: 0, Time elapsed: 0.025 s - in de.codecentric.boot.admin.server.domain.values.BuildVersionTest
2022-03-18T09:29:15.1309166Z [INFO] Running de.codecentric.boot.admin.server.domain.values.RegistrationTest
2022-03-18T09:29:15.1372120Z [INFO] Tests run: 1, Failures: 0, Errors: 0, Skipped: 0, Time elapsed: 0.002 s - in de.codecentric.boot.admin.server.domain.values.RegistrationTest
2022-03-18T09:29:15.1373097Z [INFO] Running de.codecentric.boot.admin.server.domain.values.EndpointsTest
2022-03-18T09:29:15.1431836Z [INFO] Tests run: 3, Failures: 0, Errors: 0, Skipped: 0, Time elapsed: 0.009 s - in de.codecentric.boot.admin.server.domain.values.EndpointsTest
2022-03-18T09:29:15.8298730Z [INFO] 
2022-03-18T09:29:15.8299226Z [INFO] Results:
2022-03-18T09:29:15.8299646Z [INFO] 
2022-03-18T09:29:15.8300219Z [INFO] Tests run: 353, Failures: 0, Errors: 0, Skipped: 0
2022-03-18T09:29:15.8300722Z [INFO] 
2022-03-18T09:29:15.8411007Z [INFO] 
2022-03-18T09:29:15.8411807Z [INFO] --- maven-jar-plugin:3.2.2:jar (default-jar) @ spring-boot-admin-server ---
2022-03-18T09:29:15.9730955Z [INFO] Building jar: /home/runner/work/spring-boot-admin/spring-boot-admin/spring-boot-admin-server/target/spring-boot-admin-server-3.0.0-SNAPSHOT.jar
2022-03-18T09:29:16.0549236Z [INFO] 
2022-03-18T09:29:16.0550371Z [INFO] --- maven-source-plugin:3.2.1:jar-no-fork (attach-sources) @ spring-boot-admin-server ---
2022-03-18T09:29:16.0916454Z [INFO] Building jar: /home/runner/work/spring-boot-admin/spring-boot-admin/spring-boot-admin-server/target/spring-boot-admin-server-3.0.0-SNAPSHOT-sources.jar
2022-03-18T09:29:16.1522640Z [INFO] 
2022-03-18T09:29:16.1523657Z [INFO] --- maven-javadoc-plugin:3.3.1:jar (attach-javadocs) @ spring-boot-admin-server ---
2022-03-18T09:29:16.1544076Z [INFO] Skipping javadoc generation
2022-03-18T09:29:16.1544852Z [INFO] 
2022-03-18T09:29:16.1545556Z [INFO] --- jacoco-maven-plugin:0.8.7:report (post-unit-test) @ spring-boot-admin-server ---
2022-03-18T09:29:16.1567181Z [INFO] Loading execution data file /home/runner/work/spring-boot-admin/spring-boot-admin/spring-boot-admin-server/target/jacoco.exec
2022-03-18T09:29:16.3987831Z [INFO] Analyzed bundle 'Spring Boot Admin Server' with 165 classes
2022-03-18T09:29:16.9960729Z [INFO] 
2022-03-18T09:29:16.9963205Z [INFO] -------------< de.codecentric:spring-boot-admin-server-ui >-------------
2022-03-18T09:29:16.9965155Z [INFO] Building Spring Boot Admin Server UI 3.0.0-SNAPSHOT               [5/19]
2022-03-18T09:29:16.9966986Z [INFO] --------------------------------[ jar ]---------------------------------
2022-03-18T09:29:17.0206894Z [INFO] 
2022-03-18T09:29:17.0222806Z [INFO] --- maven-checkstyle-plugin:3.1.2:check (checkstyle-validation) @ spring-boot-admin-server-ui ---
2022-03-18T09:29:17.2943366Z [INFO] Starting audit...
2022-03-18T09:29:17.2944237Z Audit done.
2022-03-18T09:29:17.2995200Z [INFO] You have 0 Checkstyle violations.
2022-03-18T09:29:17.2997491Z [INFO] 
2022-03-18T09:29:17.2999488Z [INFO] --- maven-enforcer-plugin:3.0.0:enforce (enforce-maven) @ spring-boot-admin-server-ui ---
2022-03-18T09:29:17.3006584Z [INFO] 
2022-03-18T09:29:17.3008674Z [INFO] --- spring-javaformat-maven-plugin:0.0.29:validate (default) @ spring-boot-admin-server-ui ---
2022-03-18T09:29:17.3824948Z [INFO] 
2022-03-18T09:29:17.3825995Z [INFO] --- build-helper-maven-plugin:3.3.0:regex-property (generate-automatic-module-name) @ spring-boot-admin-server-ui ---
2022-03-18T09:29:17.3833486Z [INFO] 
2022-03-18T09:29:17.3835222Z [INFO] --- jacoco-maven-plugin:0.8.7:prepare-agent (pre-unit-test) @ spring-boot-admin-server-ui ---
2022-03-18T09:29:17.3842953Z [INFO] argLine set to -javaagent:/home/runner/.m2/repository/org/jacoco/org.jacoco.agent/0.8.7/org.jacoco.agent-0.8.7-runtime.jar=destfile=/home/runner/work/spring-boot-admin/spring-boot-admin/spring-boot-admin-server-ui/target/jacoco.exec
2022-03-18T09:29:17.3843746Z [INFO] 
2022-03-18T09:29:17.3847173Z [INFO] --- frontend-maven-plugin:1.12.1:install-node-and-npm (install-node-and-npm) @ spring-boot-admin-server-ui ---
2022-03-18T09:29:17.4408138Z [INFO] Installing node version v16.13.2
2022-03-18T09:29:17.4418562Z [INFO] Unpacking /home/runner/.m2/repository/com/github/eirslett/node/16.13.2/node-16.13.2-linux-x64.tar.gz into /home/runner/work/spring-boot-admin/spring-boot-admin/spring-boot-admin-server-ui/node/tmp
2022-03-18T09:29:18.7229822Z [INFO] Copying node binary from /home/runner/work/spring-boot-admin/spring-boot-admin/spring-boot-admin-server-ui/node/tmp/node-v16.13.2-linux-x64/bin/node to /home/runner/work/spring-boot-admin/spring-boot-admin/spring-boot-admin-server-ui/node/node
2022-03-18T09:29:18.9475947Z [INFO] Installed node locally.
2022-03-18T09:29:18.9486392Z [INFO] Installing npm version 8.3.2
2022-03-18T09:29:18.9488654Z [INFO] Unpacking /home/runner/.m2/repository/com/github/eirslett/npm/8.3.2/npm-8.3.2.tar.gz into /home/runner/work/spring-boot-admin/spring-boot-admin/spring-boot-admin-server-ui/node/node_modules
2022-03-18T09:29:19.2568123Z [INFO] Installed npm locally.
2022-03-18T09:29:19.2585736Z [INFO] 
2022-03-18T09:29:19.2588514Z [INFO] --- frontend-maven-plugin:1.12.1:npm (npm-install) @ spring-boot-admin-server-ui ---
2022-03-18T09:29:19.2618417Z [INFO] Running 'npm ci --prefer-offline --no-audit' in /home/runner/work/spring-boot-admin/spring-boot-admin/spring-boot-admin-server-ui
2022-03-18T09:29:32.2376081Z [INFO] npm WARN deprecated jest-environment-jsdom-sixteen@2.0.0: jest@26 ships with jsdom@16, so there is no reason to use this module
2022-03-18T09:29:32.9979700Z [INFO] npm WARN deprecated request-promise-native@1.0.9: request-promise-native has been deprecated because it extends the now deprecated request package, see https://github.com/request/request/issues/3142
2022-03-18T09:29:33.0905728Z [INFO] npm WARN deprecated @hapi/topo@3.1.6: This version has been deprecated and is no longer supported or maintained
2022-03-18T09:29:33.0910951Z [INFO] npm WARN deprecated @hapi/bourne@1.3.2: This version has been deprecated and is no longer supported or maintained
2022-03-18T09:29:33.2197248Z [INFO] npm WARN deprecated urix@0.1.0: Please see https://github.com/lydell/urix#deprecated
2022-03-18T09:29:33.2676624Z [INFO] npm WARN deprecated har-validator@5.1.5: this library is no longer supported
2022-03-18T09:29:33.2728664Z [INFO] npm WARN deprecated eslint-loader@2.2.1: This loader has been deprecated. Please use eslint-webpack-plugin
2022-03-18T09:29:33.6603762Z [INFO] npm WARN deprecated resolve-url@0.2.1: https://github.com/lydell/resolve-url#deprecated
2022-03-18T09:29:33.9566797Z [INFO] npm WARN deprecated querystring@0.2.1: The querystring API is considered Legacy. new code should use the URLSearchParams API instead.
2022-03-18T09:29:33.9619497Z [INFO] npm WARN deprecated left-pad@1.3.0: use String.prototype.padStart()
2022-03-18T09:29:34.2819721Z [INFO] npm WARN deprecated sane@4.1.0: some dependency vulnerabilities fixed, support for node < 10 dropped, and newer ECMAScript syntax/features added
2022-03-18T09:29:34.3799180Z [INFO] npm WARN deprecated chokidar@2.1.8: Chokidar 2 will break on node v14+. Upgrade to chokidar 3 with 15x less dependencies.
2022-03-18T09:29:34.3820498Z [INFO] npm WARN deprecated chokidar@2.1.8: Chokidar 2 will break on node v14+. Upgrade to chokidar 3 with 15x less dependencies.
2022-03-18T09:29:34.4637077Z [INFO] npm WARN deprecated querystring@0.2.0: The querystring API is considered Legacy. new code should use the URLSearchParams API instead.
2022-03-18T09:29:34.5416965Z [INFO] npm WARN deprecated html-webpack-plugin@3.2.0: 3.x is no longer supported
2022-03-18T09:29:34.5748548Z [INFO] npm WARN deprecated babel-eslint@10.1.0: babel-eslint is now @babel/eslint-parser. This package will no longer receive updates.
2022-03-18T09:29:34.6315040Z [INFO] npm WARN deprecated @hapi/address@2.1.4: Moved to 'npm install @sideway/address'
2022-03-18T09:29:34.7632923Z [INFO] npm WARN deprecated uuid@3.4.0: Please upgrade  to version 7 or higher.  Older versions may use Math.random() in certain circumstances, which is known to be problematic.  See https://v8.dev/blog/math-random for details.
2022-03-18T09:29:34.7681499Z [INFO] npm WARN deprecated uuid@3.4.0: Please upgrade  to version 7 or higher.  Older versions may use Math.random() in certain circumstances, which is known to be problematic.  See https://v8.dev/blog/math-random for details.
2022-03-18T09:29:34.7691250Z [INFO] npm WARN deprecated uuid@3.4.0: Please upgrade  to version 7 or higher.  Older versions may use Math.random() in certain circumstances, which is known to be problematic.  See https://v8.dev/blog/math-random for details.
2022-03-18T09:29:35.1317374Z [INFO] npm WARN deprecated request@2.88.2: request has been deprecated, see https://github.com/request/request/issues/3142
2022-03-18T09:29:35.1776311Z [INFO] npm WARN deprecated @hapi/hoek@8.5.1: This version has been deprecated and is no longer supported or maintained
2022-03-18T09:29:36.0244743Z [INFO] npm WARN deprecated @hapi/joi@15.1.1: Switch to 'npm install joi'
2022-03-18T09:29:36.8053412Z [INFO] npm WARN deprecated popper.js@1.16.1: You can find the new Popper v2 at @popperjs/core, this package is dedicated to the legacy v1
2022-03-18T09:29:39.7409609Z [INFO] npm WARN deprecated core-js@2.6.12: core-js@<3.3 is no longer maintained and not recommended for usage due to the number of issues. Because of the V8 engine whims, feature detection in old core-js versions could cause a slowdown up to 100x even if nothing is polyfilled. Please, upgrade your dependencies to the actual version of core-js.
2022-03-18T09:29:42.3251855Z [INFO] 
2022-03-18T09:29:42.3252469Z [INFO] added 3118 packages in 23s
2022-03-18T09:29:42.3253086Z [INFO] 
2022-03-18T09:29:42.3253647Z [INFO] 261 packages are looking for funding
2022-03-18T09:29:42.3254089Z [INFO]   run `npm fund` for details
2022-03-18T09:29:42.3800625Z [INFO] 
2022-03-18T09:29:42.3801910Z [INFO] --- frontend-maven-plugin:1.12.1:npm (npm-build) @ spring-boot-admin-server-ui ---
2022-03-18T09:29:42.3803758Z [INFO] Running 'npm run build' in /home/runner/work/spring-boot-admin/spring-boot-admin/spring-boot-admin-server-ui
2022-03-18T09:29:42.7282442Z [INFO] 
2022-03-18T09:29:42.7283369Z [INFO] > build
2022-03-18T09:29:42.7284593Z [INFO] > vue-cli-service build
2022-03-18T09:29:42.7285140Z [INFO] 
2022-03-18T09:29:43.3676729Z [INFO] Browserslist: caniuse-lite is outdated. Please run:
2022-03-18T09:29:43.3686859Z [INFO]   npx browserslist@latest --update-db
2022-03-18T09:29:43.3687968Z [INFO]   Why you should do it regularly: https://github.com/browserslist/browserslist#browsers-data-updating
2022-03-18T09:29:43.6259316Z [INFO] 
2022-03-18T09:29:43.6261138Z [INFO] -  Building for production...
2022-03-18T09:29:45.3260762Z [INFO] Browserslist: caniuse-lite is outdated. Please run:
2022-03-18T09:29:45.3262103Z [INFO]   npx browserslist@latest --update-db
2022-03-18T09:29:45.3263545Z [INFO]   Why you should do it regularly: https://github.com/browserslist/browserslist#browsers-data-updating
2022-03-18T09:30:18.8368565Z [INFO]  WARNING  Compiled with 2 warnings9:30:18 AM
2022-03-18T09:30:18.8369684Z [INFO] 
2022-03-18T09:30:18.8383714Z [INFO]  warning  
2022-03-18T09:30:18.8384405Z [INFO] 
2022-03-18T09:30:18.8385528Z [INFO] asset size limit: The following asset(s) exceed the recommended size limit (244 KiB).
2022-03-18T09:30:18.8386716Z [INFO] This can impact web performance.
2022-03-18T09:30:18.8387717Z [INFO] Assets: 
2022-03-18T09:30:18.8388899Z [INFO]   assets/js/chunk-vendors.f3220bd2.js (918 KiB)
2022-03-18T09:30:18.8390110Z [INFO]   assets/js/sba-core.de4626e8.js (332 KiB)
2022-03-18T09:30:18.8390746Z [INFO] 
2022-03-18T09:30:18.8391612Z [INFO]  warning  
2022-03-18T09:30:18.8392146Z [INFO] 
2022-03-18T09:30:18.8392992Z [INFO] entrypoint size limit: The following entrypoint(s) combined asset size exceeds the recommended limit (244 KiB). This can impact web performance.
2022-03-18T09:30:18.8393599Z [INFO] Entrypoints:
2022-03-18T09:30:18.8394373Z [INFO]   sba-core (1.64 MiB)
2022-03-18T09:30:18.8394978Z [INFO]       assets/js/chunk-vendors.f3220bd2.js
2022-03-18T09:30:18.8395834Z [INFO]       assets/css/chunk-common.a3a93490.css
2022-03-18T09:30:18.8396458Z [INFO]       assets/js/chunk-common.0d96254b.js
2022-03-18T09:30:18.8397303Z [INFO]       assets/css/sba-core.f74b3d71.css
2022-03-18T09:30:18.8397900Z [INFO]       assets/js/sba-core.de4626e8.js
2022-03-18T09:30:18.8398598Z [INFO]   login (1.27 MiB)
2022-03-18T09:30:18.8399165Z [INFO]       assets/js/chunk-vendors.f3220bd2.js
2022-03-18T09:30:18.8400015Z [INFO]       assets/css/chunk-common.a3a93490.css
2022-03-18T09:30:18.8400635Z [INFO]       assets/js/chunk-common.0d96254b.js
2022-03-18T09:30:18.8401361Z [INFO]       assets/js/login.2238b495.js
2022-03-18T09:30:18.8401801Z [INFO] 
2022-03-18T09:30:18.8402412Z [INFO] 
2022-03-18T09:30:20.4247727Z [INFO] Webpack Bundle Analyzer saved report to /home/runner/work/spring-boot-admin/spring-boot-admin/spring-boot-admin-server-ui/target/report.html
2022-03-18T09:30:20.5116867Z [INFO]   File                                      Size             Gzipped
2022-03-18T09:30:20.5222916Z [INFO] 
2022-03-18T09:30:20.5223695Z [INFO]   target/dist/assets/js/chunk-vendors.f3    918.23 KiB       298.42 KiB
2022-03-18T09:30:20.5224033Z [INFO]   220bd2.js
2022-03-18T09:30:20.5224491Z [INFO]   target/dist/assets/js/sba-core.de4626e    332.19 KiB       68.21 KiB
2022-03-18T09:30:20.5224834Z [INFO]   8.js
2022-03-18T09:30:20.5225275Z [INFO]   target/dist/assets/js/chunk-common.0d9    147.68 KiB       36.14 KiB
2022-03-18T09:30:20.5225595Z [INFO]   6254b.js
2022-03-18T09:30:20.5226045Z [INFO]   target/dist/assets/js/event-source-pol    12.11 KiB        4.65 KiB
2022-03-18T09:30:20.5226394Z [INFO]   yfill.ec600a25.js
2022-03-18T09:30:20.5226755Z [INFO]   target/dist/mockServiceWorker.js          8.92 KiB         3.03 KiB
2022-03-18T09:30:20.5227155Z [INFO]   target/dist/assets/js/login.2238b495.j    1.96 KiB         0.99 KiB
2022-03-18T09:30:20.5227458Z [INFO]   s
2022-03-18T09:30:20.5228229Z [INFO]   target/dist/sba-settings.js               1.03 KiB         0.59 KiB
2022-03-18T09:30:20.5228724Z [INFO]   target/dist/assets/css/chunk-common.a3    237.43 KiB       30.26 KiB
2022-03-18T09:30:20.5229050Z [INFO]   a93490.css
2022-03-18T09:30:20.5229493Z [INFO]   target/dist/assets/css/sba-core.f74b3d    41.51 KiB        4.98 KiB
2022-03-18T09:30:20.5229815Z [INFO]   71.css
2022-03-18T09:30:20.5230055Z [INFO] 
2022-03-18T09:30:20.5230339Z [INFO]   Images and other types of assets omitted.
2022-03-18T09:30:20.5230613Z [INFO] 
2022-03-18T09:30:20.5230949Z [INFO]  DONE  Build complete. The target/dist directory is ready to be deployed.
2022-03-18T09:30:20.5231465Z [INFO]  INFO  Check out deployment instructions at https://cli.vuejs.org/guide/deployment.html
2022-03-18T09:30:20.5231844Z [INFO]       
2022-03-18T09:30:21.1343663Z [INFO] 
2022-03-18T09:30:21.1351789Z [INFO] --- frontend-maven-plugin:1.12.1:npm (npm-test) @ spring-boot-admin-server-ui ---
2022-03-18T09:30:21.1352871Z [INFO] Running 'npm run test:unit' in /home/runner/work/spring-boot-admin/spring-boot-admin/spring-boot-admin-server-ui
2022-03-18T09:30:21.4651485Z [INFO] 
2022-03-18T09:30:21.4652509Z [INFO] > test:unit
2022-03-18T09:30:21.4653841Z [INFO] > vue-cli-service test:unit
2022-03-18T09:30:21.4654525Z [INFO] 
2022-03-18T09:30:22.0850093Z [INFO] Browserslist: caniuse-lite is outdated. Please run:
2022-03-18T09:30:22.0850887Z [INFO]   npx browserslist@latest --update-db
2022-03-18T09:30:22.0851497Z [INFO]   Why you should do it regularly: https://github.com/browserslist/browserslist#browsers-data-updating
2022-03-18T09:30:26.0459596Z [INFO] PASS src/main/frontend/services/startup-actuator.spec.js
2022-03-18T09:30:26.7825502Z [INFO] PASS src/main/frontend/views/instances/loggers/service.spec.js
2022-03-18T09:30:30.2715829Z [INFO] PASS src/main/frontend/views/applications/application-list-item.spec.js
2022-03-18T09:30:30.2762321Z [INFO]   ● Console
2022-03-18T09:30:30.2762888Z [INFO] 
2022-03-18T09:30:30.2763846Z [INFO]     console.warn node_modules/vue-router/dist/vue-router.common.js:18
2022-03-18T09:30:30.2764785Z [INFO]       [vue-router] Route with name 'journal' does not exist
2022-03-18T09:30:30.2765718Z [INFO]     console.warn node_modules/vue-router/dist/vue-router.common.js:18
2022-03-18T09:30:30.2766627Z [INFO]       [vue-router] Route with name 'journal' does not exist
2022-03-18T09:30:30.2767544Z [INFO]     console.warn node_modules/vue-router/dist/vue-router.common.js:18
2022-03-18T09:30:30.2768799Z [INFO]       [vue-router] Route with name 'journal' does not exist
2022-03-18T09:30:30.2769729Z [INFO]     console.warn node_modules/vue-router/dist/vue-router.common.js:18
2022-03-18T09:30:30.2770630Z [INFO]       [vue-router] Route with name 'journal' does not exist
2022-03-18T09:30:30.2771552Z [INFO]     console.warn node_modules/vue-router/dist/vue-router.common.js:18
2022-03-18T09:30:30.2772467Z [INFO]       [vue-router] Route with name 'journal' does not exist
2022-03-18T09:30:30.2773381Z [INFO]     console.warn node_modules/vue-router/dist/vue-router.common.js:18
2022-03-18T09:30:30.2774265Z [INFO]       [vue-router] Route with name 'journal' does not exist
2022-03-18T09:30:30.2775167Z [INFO]     console.warn node_modules/vue-router/dist/vue-router.common.js:18
2022-03-18T09:30:30.2776051Z [INFO]       [vue-router] Route with name 'journal' does not exist
2022-03-18T09:30:30.2776963Z [INFO]     console.warn node_modules/vue-router/dist/vue-router.common.js:18
2022-03-18T09:30:30.2777852Z [INFO]       [vue-router] Route with name 'journal' does not exist
2022-03-18T09:30:30.2778755Z [INFO]     console.warn node_modules/vue-router/dist/vue-router.common.js:18
2022-03-18T09:30:30.2779633Z [INFO]       [vue-router] Route with name 'journal' does not exist
2022-03-18T09:30:30.2780518Z [INFO]     console.warn node_modules/vue-router/dist/vue-router.common.js:18
2022-03-18T09:30:30.2781401Z [INFO]       [vue-router] Route with name 'journal' does not exist
2022-03-18T09:30:30.2782305Z [INFO]     console.warn node_modules/vue-router/dist/vue-router.common.js:18
2022-03-18T09:30:30.2783666Z [INFO]       [vue-router] Route with name 'journal' does not exist
2022-03-18T09:30:30.2784193Z [INFO] 
2022-03-18T09:30:31.4216056Z [INFO] PASS src/main/frontend/views/instances/mappings/DispatcherMappings.spec.js
2022-03-18T09:30:32.4309870Z [INFO] PASS src/main/frontend/components/sba-pagination-nav.spec.js
2022-03-18T09:30:33.0742235Z [INFO] PASS src/main/frontend/utils/collections.spec.js
2022-03-18T09:30:41.0445651Z [INFO] PASS src/main/frontend/views/instances/mappings/index.spec.js (7.953s)
2022-03-18T09:30:41.7168443Z [INFO] PASS src/main/frontend/utils/rxjs.spec.js
2022-03-18T09:30:42.5859825Z [INFO] PASS src/main/frontend/utils/autolink.spec.js
2022-03-18T09:30:43.7881596Z [INFO] PASS src/main/frontend/views/instances/auditevents/index.spec.js
2022-03-18T09:30:43.7883254Z [INFO]   ● Console
2022-03-18T09:30:43.7884548Z [INFO] 
2022-03-18T09:30:43.7885245Z [INFO]     console.warn src/main/frontend/views/instances/auditevents/index.vue:189
2022-03-18T09:30:43.7886004Z [INFO]       Fetching audit events failed: {
2022-03-18T09:30:43.7886532Z [INFO]         response: {
2022-03-18T09:30:43.7940111Z [INFO]           headers: { 'content-type': 'application/vnd.spring-boot.actuator.v2' }
2022-03-18T09:30:43.7943729Z [INFO]         }
2022-03-18T09:30:43.7947046Z [INFO]       }
2022-03-18T09:30:43.7950913Z [INFO]     console.warn src/main/frontend/views/instances/auditevents/index.vue:189
2022-03-18T09:30:43.7954803Z [INFO]       Fetching audit events failed: { response: { headers: { 'content-type': '' } } }
2022-03-18T09:30:43.7958269Z [INFO] 
2022-03-18T09:30:44.6440021Z [INFO] PASS src/main/frontend/viewRegistry.spec.js
2022-03-18T09:30:44.6441825Z [INFO]   ● Console
2022-03-18T09:30:44.6443031Z [INFO] 
2022-03-18T09:30:44.6443729Z [INFO]     console.info node_modules/vue/dist/vue.runtime.common.dev.js:8447
2022-03-18T09:30:44.6444581Z [INFO]       Download the Vue Devtools extension for a better development experience:
2022-03-18T09:30:44.6445913Z [INFO]       https://github.com/vuejs/vue-devtools
2022-03-18T09:30:44.6446660Z [INFO]     console.info node_modules/vue/dist/vue.runtime.common.dev.js:8456
2022-03-18T09:30:44.6447384Z [INFO]       You are running Vue in development mode.
2022-03-18T09:30:44.6448410Z [INFO]       Make sure to turn on production mode when deploying for production.
2022-03-18T09:30:44.6449192Z [INFO]       See more tips at https://vuejs.org/guide/deployment.html
2022-03-18T09:30:44.6449770Z [INFO] 
2022-03-18T09:30:45.2973281Z [INFO] PASS src/main/frontend/services/application.spec.js
2022-03-18T09:30:46.4106389Z [INFO] PASS src/main/frontend/shell/navbar-item-language-selector.spec.js
2022-03-18T09:30:47.0751421Z [INFO] PASS src/main/frontend/components/sba-status.spec.js
2022-03-18T09:30:47.6967306Z [INFO] PASS src/main/frontend/utils/axios.spec.js
2022-03-18T09:30:48.6952408Z [INFO] PASS src/main/frontend/components/sba-toggle-scope-button.spec.js
2022-03-18T09:30:49.6533539Z [INFO] PASS src/main/frontend/components/sba-confirm-button.spec.js
2022-03-18T09:30:50.3141828Z [INFO] PASS src/main/frontend/components/sba-alert.spec.js
2022-03-18T09:30:50.9320906Z [INFO] PASS src/main/frontend/components/sba-time-ago.spec.js
2022-03-18T09:30:51.9427060Z [INFO] PASS src/main/frontend/components/sba-action-button-scoped.spec.js
2022-03-18T09:30:51.9448123Z [INFO]   ● Console
2022-03-18T09:30:51.9449038Z [INFO] 
2022-03-18T09:30:51.9449868Z [INFO]     console.error node_modules/vue/dist/vue.runtime.common.dev.js:621
2022-03-18T09:30:51.9450776Z [INFO]       [Vue warn]: Missing required prop: "scope"
2022-03-18T09:30:51.9451446Z [INFO]       
2022-03-18T09:30:51.9452012Z [INFO]       found in
2022-03-18T09:30:51.9452566Z [INFO]       
2022-03-18T09:30:51.9453358Z [INFO]       ---> <SbaToggleScopeButton>
2022-03-18T09:30:51.9454128Z [INFO]              <SbaActionButtonScoped>
2022-03-18T09:30:51.9454774Z [INFO]                <Root>
2022-03-18T09:30:51.9455607Z [INFO]     console.error node_modules/vue/dist/vue.runtime.common.dev.js:621
2022-03-18T09:30:51.9457023Z [INFO]       [Vue warn]: Missing required prop: "scope"
2022-03-18T09:30:51.9457676Z [INFO]       
2022-03-18T09:30:51.9458235Z [INFO]       found in
2022-03-18T09:30:51.9458787Z [INFO]       
2022-03-18T09:30:51.9459573Z [INFO]       ---> <SbaToggleScopeButton>
2022-03-18T09:30:51.9460284Z [INFO]              <SbaActionButtonScoped>
2022-03-18T09:30:51.9460908Z [INFO]                <Root>
2022-03-18T09:30:51.9461469Z [INFO] 
2022-03-18T09:30:52.5436698Z [INFO] PASS src/main/frontend/utils/shortenClassname.spec.js
2022-03-18T09:30:53.2132202Z [INFO] PASS src/main/frontend/store.spec.js
2022-03-18T09:30:53.8384784Z [INFO] PASS src/main/frontend/utils/iso8601-duration.spec.js
2022-03-18T09:30:54.4507134Z [INFO] PASS src/main/frontend/utils/objToString.spec.js
2022-03-18T09:30:55.4044933Z [INFO] PASS src/main/frontend/views/instances/quartz/trigger-row.spec.js
2022-03-18T09:30:56.0155987Z [INFO] PASS src/main/frontend/views/wallboard/hex-mesh.spec.js
2022-03-18T09:30:56.9091579Z [INFO] PASS src/main/frontend/components/sba-modal.spec.js
2022-03-18T09:30:57.5140113Z [INFO] PASS src/main/frontend/utils/uri.spec.js
2022-03-18T09:30:57.5165922Z [INFO] 
2022-03-18T09:30:57.5188573Z [INFO] Test Suites: 28 passed, 28 total
2022-03-18T09:30:57.5189688Z [INFO] Tests:       104 passed, 104 total
2022-03-18T09:30:57.5191175Z [INFO] Snapshots:   9 passed, 9 total
2022-03-18T09:30:57.5192139Z [INFO] Time:        34.599s
2022-03-18T09:30:57.5192640Z [INFO] Ran all test suites.
2022-03-18T09:30:57.6919609Z [INFO] 
2022-03-18T09:30:57.6920536Z [INFO] --- maven-resources-plugin:3.2.0:resources (default-resources) @ spring-boot-admin-server-ui ---
2022-03-18T09:30:57.6946080Z [INFO] Using 'UTF-8' encoding to copy filtered resources.
2022-03-18T09:30:57.6946868Z [INFO] Using 'UTF-8' encoding to copy filtered properties files.
2022-03-18T09:30:57.6962487Z [INFO] Copying 1 resource
2022-03-18T09:30:57.7013428Z [INFO] Copying 20 resources to META-INF/spring-boot-admin-server-ui
2022-03-18T09:30:57.7130394Z [INFO] 
2022-03-18T09:30:57.7131336Z [INFO] --- flatten-maven-plugin:1.2.7:flatten (flatten) @ spring-boot-admin-server-ui ---
2022-03-18T09:30:57.7143161Z [INFO] Generating flattened POM of project de.codecentric:spring-boot-admin-server-ui:jar:3.0.0-SNAPSHOT...
2022-03-18T09:30:57.7344348Z [INFO] 
2022-03-18T09:30:57.7345579Z [INFO] --- maven-compiler-plugin:3.9.0:compile (default-compile) @ spring-boot-admin-server-ui ---
2022-03-18T09:30:57.7390017Z [INFO] Changes detected - recompiling the module!
2022-03-18T09:30:57.7391011Z [INFO] Compiling 16 source files to /home/runner/work/spring-boot-admin/spring-boot-admin/spring-boot-admin-server-ui/target/classes
2022-03-18T09:30:58.6118290Z [INFO] /home/runner/work/spring-boot-admin/spring-boot-admin/spring-boot-admin-server-ui/src/main/java/de/codecentric/boot/admin/server/ui/web/reactive/HomepageForwardingFilter.java: /home/runner/work/spring-boot-admin/spring-boot-admin/spring-boot-admin-server-ui/src/main/java/de/codecentric/boot/admin/server/ui/web/reactive/HomepageForwardingFilter.java uses or overrides a deprecated API.
2022-03-18T09:30:58.6119976Z [INFO] /home/runner/work/spring-boot-admin/spring-boot-admin/spring-boot-admin-server-ui/src/main/java/de/codecentric/boot/admin/server/ui/web/reactive/HomepageForwardingFilter.java: Recompile with -Xlint:deprecation for details.
2022-03-18T09:30:58.6122616Z [INFO] 
2022-03-18T09:30:58.6125997Z [INFO] --- maven-resources-plugin:3.2.0:testResources (default-testResources) @ spring-boot-admin-server-ui ---
2022-03-18T09:30:58.6157209Z [INFO] Using 'UTF-8' encoding to copy filtered resources.
2022-03-18T09:30:58.6157763Z [INFO] Using 'UTF-8' encoding to copy filtered properties files.
2022-03-18T09:30:58.6158687Z [INFO] Copying 5 resources
2022-03-18T09:30:58.6177229Z [INFO] 
2022-03-18T09:30:58.6178384Z [INFO] --- maven-compiler-plugin:3.9.0:testCompile (default-testCompile) @ spring-boot-admin-server-ui ---
2022-03-18T09:30:58.6198574Z [INFO] Changes detected - recompiling the module!
2022-03-18T09:30:58.6200245Z [INFO] Compiling 8 source files to /home/runner/work/spring-boot-admin/spring-boot-admin/spring-boot-admin-server-ui/target/test-classes
2022-03-18T09:30:59.1892946Z [INFO] 
2022-03-18T09:30:59.1894326Z [INFO] --- maven-surefire-plugin:3.0.0-M5:test (default-test) @ spring-boot-admin-server-ui ---
2022-03-18T09:30:59.2063743Z [INFO] 
2022-03-18T09:30:59.2064820Z [INFO] -------------------------------------------------------
2022-03-18T09:30:59.2065358Z [INFO]  T E S T S
2022-03-18T09:30:59.2066007Z [INFO] -------------------------------------------------------
2022-03-18T09:31:00.8229461Z [INFO] Running de.codecentric.boot.admin.server.ui.AdminUiServletApplicationTest
2022-03-18T09:31:31.2798766Z [INFO] Tests run: 9, Failures: 0, Errors: 0, Skipped: 0, Time elapsed: 30.452 s - in de.codecentric.boot.admin.server.ui.AdminUiServletApplicationTest
2022-03-18T09:31:31.3414781Z [INFO] Running de.codecentric.boot.admin.server.ui.config.AdminServerUiAutoConfigurationTest
2022-03-18T09:31:31.3466579Z [INFO] Running de.codecentric.boot.admin.server.ui.config.AdminServerUiAutoConfigurationTest$ReactiveUiConfigurationTest
2022-03-18T09:31:31.7730060Z [ERROR] OpenJDK 64-Bit Server VM warning: Sharing is only supported for boot loader classes because bootstrap classpath has been appended
2022-03-18T09:31:34.2862508Z [INFO] Tests run: 9, Failures: 0, Errors: 0, Skipped: 0, Time elapsed: 2.935 s - in de.codecentric.boot.admin.server.ui.config.AdminServerUiAutoConfigurationTest$ReactiveUiConfigurationTest
2022-03-18T09:31:34.2900529Z [INFO] Running de.codecentric.boot.admin.server.ui.config.AdminServerUiAutoConfigurationTest$ServletUiConfiguration
2022-03-18T09:31:35.4636617Z [INFO] Tests run: 9, Failures: 0, Errors: 0, Skipped: 0, Time elapsed: 1.159 s - in de.codecentric.boot.admin.server.ui.config.AdminServerUiAutoConfigurationTest$ServletUiConfiguration
2022-03-18T09:31:35.4670846Z [INFO] Tests run: 0, Failures: 0, Errors: 0, Skipped: 0, Time elapsed: 4.122 s - in de.codecentric.boot.admin.server.ui.config.AdminServerUiAutoConfigurationTest
2022-03-18T09:31:35.4699363Z [INFO] Running de.codecentric.boot.admin.server.ui.extensions.UiRoutesScannerTest
2022-03-18T09:31:35.5226263Z [INFO] Tests run: 1, Failures: 0, Errors: 0, Skipped: 0, Time elapsed: 0.048 s - in de.codecentric.boot.admin.server.ui.extensions.UiRoutesScannerTest
2022-03-18T09:31:35.5240959Z [INFO] Running de.codecentric.boot.admin.server.ui.extensions.UiExtensionsScannerTest
2022-03-18T09:31:35.5442848Z [INFO] Tests run: 2, Failures: 0, Errors: 0, Skipped: 0, Time elapsed: 0.015 s - in de.codecentric.boot.admin.server.ui.extensions.UiExtensionsScannerTest
2022-03-18T09:31:35.5480702Z [INFO] Running de.codecentric.boot.admin.server.ui.web.HomepageForwardingMatcherTest
2022-03-18T09:31:35.5642270Z [INFO] Tests run: 5, Failures: 0, Errors: 0, Skipped: 0, Time elapsed: 0.014 s - in de.codecentric.boot.admin.server.ui.web.HomepageForwardingMatcherTest
2022-03-18T09:31:35.5657015Z [INFO] Running de.codecentric.boot.admin.server.ui.web.UiControllerTest
2022-03-18T09:31:35.7295440Z [INFO] Tests run: 4, Failures: 0, Errors: 0, Skipped: 0, Time elapsed: 0.159 s - in de.codecentric.boot.admin.server.ui.web.UiControllerTest
2022-03-18T09:31:35.7370386Z [INFO] Running de.codecentric.boot.admin.server.ui.AdminUiReactiveApplicationTest
2022-03-18T09:31:40.0710314Z [INFO] Tests run: 9, Failures: 0, Errors: 0, Skipped: 0, Time elapsed: 4.328 s - in de.codecentric.boot.admin.server.ui.AdminUiReactiveApplicationTest
2022-03-18T09:31:40.2604871Z [INFO] 
2022-03-18T09:31:40.2605696Z [INFO] Results:
2022-03-18T09:31:40.2755134Z [INFO] 
2022-03-18T09:31:40.2756742Z [INFO] Tests run: 48, Failures: 0, Errors: 0, Skipped: 0
2022-03-18T09:31:40.2757022Z [INFO] 
2022-03-18T09:31:40.2757251Z [INFO] 
2022-03-18T09:31:40.2757994Z [INFO] --- maven-jar-plugin:3.2.2:jar (default-jar) @ spring-boot-admin-server-ui ---
2022-03-18T09:31:40.2758901Z [INFO] Building jar: /home/runner/work/spring-boot-admin/spring-boot-admin/spring-boot-admin-server-ui/target/spring-boot-admin-server-ui-3.0.0-SNAPSHOT.jar
2022-03-18T09:31:40.5729631Z [INFO] 
2022-03-18T09:31:40.5730545Z [INFO] --- maven-source-plugin:3.2.1:jar-no-fork (attach-sources) @ spring-boot-admin-server-ui ---
2022-03-18T09:31:40.5762994Z [INFO] Building jar: /home/runner/work/spring-boot-admin/spring-boot-admin/spring-boot-admin-server-ui/target/spring-boot-admin-server-ui-3.0.0-SNAPSHOT-sources.jar
2022-03-18T09:31:40.8848810Z [INFO] 
2022-03-18T09:31:40.8849837Z [INFO] --- maven-javadoc-plugin:3.3.1:jar (attach-javadocs) @ spring-boot-admin-server-ui ---
2022-03-18T09:31:40.8850392Z [INFO] Skipping javadoc generation
2022-03-18T09:31:40.8850758Z [INFO] 
2022-03-18T09:31:40.8851319Z [INFO] --- jacoco-maven-plugin:0.8.7:report (post-unit-test) @ spring-boot-admin-server-ui ---
2022-03-18T09:31:40.8852232Z [INFO] Loading execution data file /home/runner/work/spring-boot-admin/spring-boot-admin/spring-boot-admin-server-ui/target/jacoco.exec
2022-03-18T09:31:40.9038788Z [INFO] Analyzed bundle 'Spring Boot Admin Server UI' with 21 classes
2022-03-18T09:31:41.0042885Z [INFO] 
2022-03-18T09:31:41.0043870Z [INFO] --------------< de.codecentric:spring-boot-admin-client >---------------
2022-03-18T09:31:41.0044584Z [INFO] Building Spring Boot Admin Client 3.0.0-SNAPSHOT                  [6/19]
2022-03-18T09:31:41.0045219Z [INFO] --------------------------------[ jar ]---------------------------------
2022-03-18T09:31:41.0161243Z [INFO] 
2022-03-18T09:31:41.0162502Z [INFO] --- maven-checkstyle-plugin:3.1.2:check (checkstyle-validation) @ spring-boot-admin-client ---
2022-03-18T09:31:41.2262965Z [INFO] Starting audit...
2022-03-18T09:31:41.2263275Z Audit done.
2022-03-18T09:31:41.2275456Z [INFO] You have 0 Checkstyle violations.
2022-03-18T09:31:41.2279813Z [INFO] 
2022-03-18T09:31:41.2283367Z [INFO] --- maven-enforcer-plugin:3.0.0:enforce (enforce-maven) @ spring-boot-admin-client ---
2022-03-18T09:31:41.2291707Z [INFO] 
2022-03-18T09:31:41.2295035Z [INFO] --- spring-javaformat-maven-plugin:0.0.29:validate (default) @ spring-boot-admin-client ---
2022-03-18T09:31:41.3183258Z [INFO] 
2022-03-18T09:31:41.3187442Z [INFO] --- build-helper-maven-plugin:3.3.0:regex-property (generate-automatic-module-name) @ spring-boot-admin-client ---
2022-03-18T09:31:41.3198046Z [INFO] 
2022-03-18T09:31:41.3201535Z [INFO] --- jacoco-maven-plugin:0.8.7:prepare-agent (pre-unit-test) @ spring-boot-admin-client ---
2022-03-18T09:31:41.3215023Z [INFO] argLine set to -javaagent:/home/runner/.m2/repository/org/jacoco/org.jacoco.agent/0.8.7/org.jacoco.agent-0.8.7-runtime.jar=destfile=/home/runner/work/spring-boot-admin/spring-boot-admin/spring-boot-admin-client/target/jacoco.exec
2022-03-18T09:31:41.3226438Z [INFO] 
2022-03-18T09:31:41.3229595Z [INFO] --- maven-resources-plugin:3.2.0:resources (default-resources) @ spring-boot-admin-client ---
2022-03-18T09:31:41.3245594Z [INFO] Using 'UTF-8' encoding to copy filtered resources.
2022-03-18T09:31:41.3249130Z [INFO] Using 'UTF-8' encoding to copy filtered properties files.
2022-03-18T09:31:41.3254957Z [INFO] Copying 2 resources
2022-03-18T09:31:41.3272027Z [INFO] 
2022-03-18T09:31:41.3275330Z [INFO] --- flatten-maven-plugin:1.2.7:flatten (flatten) @ spring-boot-admin-client ---
2022-03-18T09:31:41.3291335Z [INFO] Generating flattened POM of project de.codecentric:spring-boot-admin-client:jar:3.0.0-SNAPSHOT...
2022-03-18T09:31:41.3538503Z [INFO] 
2022-03-18T09:31:41.3541784Z [INFO] --- maven-compiler-plugin:3.9.0:compile (default-compile) @ spring-boot-admin-client ---
2022-03-18T09:31:41.3577654Z [INFO] Changes detected - recompiling the module!
2022-03-18T09:31:41.3585296Z [INFO] Compiling 25 source files to /home/runner/work/spring-boot-admin/spring-boot-admin/spring-boot-admin-client/target/classes
2022-03-18T09:31:42.1153659Z [INFO] /home/runner/work/spring-boot-admin/spring-boot-admin/spring-boot-admin-client/src/main/java/de/codecentric/boot/admin/client/registration/DefaultApplicationFactory.java: /home/runner/work/spring-boot-admin/spring-boot-admin/spring-boot-admin-client/src/main/java/de/codecentric/boot/admin/client/registration/DefaultApplicationFactory.java uses or overrides a deprecated API.
2022-03-18T09:31:42.1155772Z [INFO] /home/runner/work/spring-boot-admin/spring-boot-admin/spring-boot-admin-client/src/main/java/de/codecentric/boot/admin/client/registration/DefaultApplicationFactory.java: Recompile with -Xlint:deprecation for details.
2022-03-18T09:31:42.1156477Z [INFO] 
2022-03-18T09:31:42.1157121Z [INFO] --- maven-resources-plugin:3.2.0:testResources (default-testResources) @ spring-boot-admin-client ---
2022-03-18T09:31:42.1185597Z [INFO] Using 'UTF-8' encoding to copy filtered resources.
2022-03-18T09:31:42.1186259Z [INFO] Using 'UTF-8' encoding to copy filtered properties files.
2022-03-18T09:31:42.1186676Z [INFO] Copying 1 resource
2022-03-18T09:31:42.1186990Z [INFO] 
2022-03-18T09:31:42.1187539Z [INFO] --- maven-compiler-plugin:3.9.0:testCompile (default-testCompile) @ spring-boot-admin-client ---
2022-03-18T09:31:42.1206284Z [INFO] Changes detected - recompiling the module!
2022-03-18T09:31:42.1207283Z [INFO] Compiling 20 source files to /home/runner/work/spring-boot-admin/spring-boot-admin/spring-boot-admin-client/target/test-classes
2022-03-18T09:31:42.8684263Z [INFO] /home/runner/work/spring-boot-admin/spring-boot-admin/spring-boot-admin-client/src/test/java/de/codecentric/boot/admin/client/registration/DefaultApplicationFactoryTest.java: /home/runner/work/spring-boot-admin/spring-boot-admin/spring-boot-admin-client/src/test/java/de/codecentric/boot/admin/client/registration/DefaultApplicationFactoryTest.java uses or overrides a deprecated API.
2022-03-18T09:31:42.8686204Z [INFO] /home/runner/work/spring-boot-admin/spring-boot-admin/spring-boot-admin-client/src/test/java/de/codecentric/boot/admin/client/registration/DefaultApplicationFactoryTest.java: Recompile with -Xlint:deprecation for details.
2022-03-18T09:31:42.8686874Z [INFO] 
2022-03-18T09:31:42.8687380Z [INFO] --- maven-surefire-plugin:3.0.0-M5:test (default-test) @ spring-boot-admin-client ---
2022-03-18T09:31:42.8844110Z [INFO] 
2022-03-18T09:31:42.8845497Z [INFO] -------------------------------------------------------
2022-03-18T09:31:42.8845920Z [INFO]  T E S T S
2022-03-18T09:31:42.8846500Z [INFO] -------------------------------------------------------
2022-03-18T09:31:44.2553190Z [INFO] Running de.codecentric.boot.admin.client.registration.metadata.CompositeMetadataContributorTest
2022-03-18T09:31:44.4942218Z [INFO] Tests run: 2, Failures: 0, Errors: 0, Skipped: 0, Time elapsed: 0.231 s - in de.codecentric.boot.admin.client.registration.metadata.CompositeMetadataContributorTest
2022-03-18T09:31:44.4969263Z [INFO] Running de.codecentric.boot.admin.client.registration.metadata.StartupDateMetadataContributorTest
2022-03-18T09:31:44.5490648Z [INFO] Tests run: 1, Failures: 0, Errors: 0, Skipped: 0, Time elapsed: 0.036 s - in de.codecentric.boot.admin.client.registration.metadata.StartupDateMetadataContributorTest
2022-03-18T09:31:44.5579979Z [INFO] Running de.codecentric.boot.admin.client.registration.metadata.CloudFoundryMetadataContributorTest
2022-03-18T09:31:44.5877763Z [INFO] Tests run: 2, Failures: 0, Errors: 0, Skipped: 0, Time elapsed: 0.022 s - in de.codecentric.boot.admin.client.registration.metadata.CloudFoundryMetadataContributorTest
2022-03-18T09:31:44.6090464Z [INFO] Running de.codecentric.boot.admin.client.registration.CloudFoundryApplicationFactoryTest
2022-03-18T09:31:47.0077666Z [INFO] Tests run: 2, Failures: 0, Errors: 0, Skipped: 0, Time elapsed: 2.39 s - in de.codecentric.boot.admin.client.registration.CloudFoundryApplicationFactoryTest
2022-03-18T09:31:47.0084629Z [INFO] Running de.codecentric.boot.admin.client.registration.RegistrationApplicationListenerTest
2022-03-18T09:31:47.8859820Z [INFO] Tests run: 9, Failures: 0, Errors: 0, Skipped: 0, Time elapsed: 0.873 s - in de.codecentric.boot.admin.client.registration.RegistrationApplicationListenerTest
2022-03-18T09:31:47.8878768Z [INFO] Running de.codecentric.boot.admin.client.registration.DefaultApplicationFactoryTest
2022-03-18T09:31:48.0082669Z [INFO] Tests run: 13, Failures: 0, Errors: 0, Skipped: 0, Time elapsed: 0.116 s - in de.codecentric.boot.admin.client.registration.DefaultApplicationFactoryTest
2022-03-18T09:31:48.0117236Z [INFO] Running de.codecentric.boot.admin.client.registration.DefaultApplicationRegistratorTest
2022-03-18T09:31:48.0587395Z [INFO] Tests run: 8, Failures: 0, Errors: 0, Skipped: 0, Time elapsed: 0.042 s - in de.codecentric.boot.admin.client.registration.DefaultApplicationRegistratorTest
2022-03-18T09:31:48.0594213Z [INFO] Running de.codecentric.boot.admin.client.registration.ApplicationTest
2022-03-18T09:31:48.6480134Z [INFO] Tests run: 3, Failures: 0, Errors: 0, Skipped: 0, Time elapsed: 0.584 s - in de.codecentric.boot.admin.client.registration.ApplicationTest
2022-03-18T09:31:48.6523525Z [INFO] Running de.codecentric.boot.admin.client.registration.ReactiveRegistrationClientTest
2022-03-18T09:31:51.6723709Z [INFO] Tests run: 4, Failures: 0, Errors: 0, Skipped: 0, Time elapsed: 3.013 s - in de.codecentric.boot.admin.client.registration.ReactiveRegistrationClientTest
2022-03-18T09:31:51.6742897Z [INFO] Running de.codecentric.boot.admin.client.registration.ServletApplicationFactoryTest
2022-03-18T09:31:51.7213300Z [INFO] Tests run: 5, Failures: 0, Errors: 0, Skipped: 0, Time elapsed: 0.042 s - in de.codecentric.boot.admin.client.registration.ServletApplicationFactoryTest
2022-03-18T09:31:51.7215700Z [INFO] Running de.codecentric.boot.admin.client.registration.BlockingRegistrationClientTest
2022-03-18T09:31:51.9050549Z [INFO] Tests run: 4, Failures: 0, Errors: 0, Skipped: 0, Time elapsed: 0.181 s - in de.codecentric.boot.admin.client.registration.BlockingRegistrationClientTest
2022-03-18T09:31:51.9083793Z [INFO] Running de.codecentric.boot.admin.client.config.SpringBootAdminClientAutoConfigurationTest
2022-03-18T09:31:53.3013671Z [INFO] Tests run: 5, Failures: 0, Errors: 0, Skipped: 0, Time elapsed: 1.389 s - in de.codecentric.boot.admin.client.config.SpringBootAdminClientAutoConfigurationTest
2022-03-18T09:31:53.3019665Z [INFO] Running de.codecentric.boot.admin.client.config.CloudFoundryApplicationPropertiesTest
2022-03-18T09:31:53.3201160Z [INFO] Tests run: 1, Failures: 0, Errors: 0, Skipped: 0, Time elapsed: 0.014 s - in de.codecentric.boot.admin.client.config.CloudFoundryApplicationPropertiesTest
2022-03-18T09:31:53.3210433Z [INFO] Running de.codecentric.boot.admin.client.config.SpringBootAdminClientCloudFoundryAutoConfigurationTest
2022-03-18T09:31:53.9642507Z [INFO] Tests run: 3, Failures: 0, Errors: 0, Skipped: 0, Time elapsed: 0.638 s - in de.codecentric.boot.admin.client.config.SpringBootAdminClientCloudFoundryAutoConfigurationTest
2022-03-18T09:31:53.9672784Z [INFO] Running de.codecentric.boot.admin.client.config.ClientPropertiesTest
2022-03-18T09:31:53.9892670Z [INFO] Tests run: 3, Failures: 0, Errors: 0, Skipped: 0, Time elapsed: 0.016 s - in de.codecentric.boot.admin.client.config.ClientPropertiesTest
2022-03-18T09:31:53.9936233Z [INFO] Running de.codecentric.boot.admin.client.config.SpringBootAdminClientEnabledConditionTest
2022-03-18T09:31:54.0489137Z [INFO] Tests run: 4, Failures: 0, Errors: 0, Skipped: 0, Time elapsed: 0.051 s - in de.codecentric.boot.admin.client.config.SpringBootAdminClientEnabledConditionTest
2022-03-18T09:31:54.0490378Z [INFO] Running de.codecentric.boot.admin.client.ClientServletApplicationTest
2022-03-18T09:32:00.8759417Z [INFO] Tests run: 1, Failures: 0, Errors: 0, Skipped: 0, Time elapsed: 6.825 s - in de.codecentric.boot.admin.client.ClientServletApplicationTest
2022-03-18T09:32:00.8772384Z [INFO] Running de.codecentric.boot.admin.client.ClientReactiveApplicationTest
2022-03-18T09:32:06.0252582Z [INFO] Tests run: 1, Failures: 0, Errors: 0, Skipped: 0, Time elapsed: 5.144 s - in de.codecentric.boot.admin.client.ClientReactiveApplicationTest
2022-03-18T09:32:06.1952184Z [INFO] 
2022-03-18T09:32:06.1955695Z [INFO] Results:
2022-03-18T09:32:06.1956674Z [INFO] 
2022-03-18T09:32:06.1957489Z [INFO] Tests run: 71, Failures: 0, Errors: 0, Skipped: 0
2022-03-18T09:32:06.1958251Z [INFO] 
2022-03-18T09:32:06.2146388Z [INFO] 
2022-03-18T09:32:06.2147509Z [INFO] --- maven-jar-plugin:3.2.2:jar (default-jar) @ spring-boot-admin-client ---
2022-03-18T09:32:06.2148380Z [INFO] Building jar: /home/runner/work/spring-boot-admin/spring-boot-admin/spring-boot-admin-client/target/spring-boot-admin-client-3.0.0-SNAPSHOT.jar
2022-03-18T09:32:06.2155593Z [INFO] 
2022-03-18T09:32:06.2156259Z [INFO] --- maven-source-plugin:3.2.1:jar-no-fork (attach-sources) @ spring-boot-admin-client ---
2022-03-18T09:32:06.2205337Z [INFO] Building jar: /home/runner/work/spring-boot-admin/spring-boot-admin/spring-boot-admin-client/target/spring-boot-admin-client-3.0.0-SNAPSHOT-sources.jar
2022-03-18T09:32:06.2328969Z [INFO] 
2022-03-18T09:32:06.2329984Z [INFO] --- maven-javadoc-plugin:3.3.1:jar (attach-javadocs) @ spring-boot-admin-client ---
2022-03-18T09:32:06.2338771Z [INFO] Skipping javadoc generation
2022-03-18T09:32:06.2339436Z [INFO] 
2022-03-18T09:32:06.2481244Z [INFO] --- jacoco-maven-plugin:0.8.7:report (post-unit-test) @ spring-boot-admin-client ---
2022-03-18T09:32:06.2482230Z [INFO] Loading execution data file /home/runner/work/spring-boot-admin/spring-boot-admin/spring-boot-admin-client/target/jacoco.exec
2022-03-18T09:32:06.2579085Z [INFO] Analyzed bundle 'Spring Boot Admin Client' with 25 classes
2022-03-18T09:32:06.3745955Z [INFO] 
2022-03-18T09:32:06.3746868Z [INFO] ---------------< de.codecentric:spring-boot-admin-docs >----------------
2022-03-18T09:32:06.3782144Z [INFO] Building Spring Boot Admin Docs 3.0.0-SNAPSHOT                    [7/19]
2022-03-18T09:32:06.3783024Z [INFO] --------------------------------[ pom ]---------------------------------
2022-03-18T09:32:06.3856241Z [INFO] 
2022-03-18T09:32:06.3866564Z [INFO] --- maven-checkstyle-plugin:3.1.2:check (checkstyle-validation) @ spring-boot-admin-docs ---
2022-03-18T09:32:06.4661502Z [INFO] Starting audit...
2022-03-18T09:32:06.4663101Z Audit done.
2022-03-18T09:32:06.4667022Z [INFO] You have 0 Checkstyle violations.
2022-03-18T09:32:06.4669679Z [INFO] 
2022-03-18T09:32:06.4671752Z [INFO] --- maven-enforcer-plugin:3.0.0:enforce (enforce-maven) @ spring-boot-admin-docs ---
2022-03-18T09:32:06.4688489Z [INFO] 
2022-03-18T09:32:06.4690503Z [INFO] --- spring-javaformat-maven-plugin:0.0.29:validate (default) @ spring-boot-admin-docs ---
2022-03-18T09:32:06.4721164Z [INFO] 
2022-03-18T09:32:06.4723444Z [INFO] --- build-helper-maven-plugin:3.3.0:regex-property (generate-automatic-module-name) @ spring-boot-admin-docs ---
2022-03-18T09:32:06.4730412Z [INFO] 
2022-03-18T09:32:06.4732375Z [INFO] --- jacoco-maven-plugin:0.8.7:prepare-agent (pre-unit-test) @ spring-boot-admin-docs ---
2022-03-18T09:32:06.4739039Z [INFO] argLine set to -javaagent:/home/runner/.m2/repository/org/jacoco/org.jacoco.agent/0.8.7/org.jacoco.agent-0.8.7-runtime.jar=destfile=/home/runner/work/spring-boot-admin/spring-boot-admin/spring-boot-admin-docs/target/jacoco.exec
2022-03-18T09:32:06.4751600Z [INFO] 
2022-03-18T09:32:06.4753497Z [INFO] --- git-commit-id-plugin:4.9.10:revision (default) @ spring-boot-admin-docs ---
2022-03-18T09:32:12.4006568Z [INFO] 
2022-03-18T09:32:12.4010630Z [INFO] --- asciidoctor-maven-plugin:2.2.1:process-asciidoc (output-html) @ spring-boot-admin-docs ---
2022-03-18T09:32:12.5336022Z [INFO] sourceDirectory /home/runner/work/spring-boot-admin/spring-boot-admin/spring-boot-admin-docs/src/docs/asciidoc does not exist
2022-03-18T09:32:12.5336786Z [INFO] sourceDirectory /home/runner/work/spring-boot-admin/spring-boot-admin/spring-boot-admin-docs/src/asciidoc does not exist
2022-03-18T09:32:13.4735726Z 2022-03-18T09:32:13.461Z [main] WARN FilenoUtil : Native subprocess control requires open access to the JDK IO subsystem
2022-03-18T09:32:13.4736362Z Pass '--add-opens java.base/sun.nio.ch=ALL-UNNAMED --add-opens java.base/java.io=ALL-UNNAMED' to enable.
2022-03-18T09:32:15.2719266Z [INFO] Using 'UTF-8' encoding to copy filtered resources.
2022-03-18T09:32:15.2719815Z [INFO] Using 'UTF-8' encoding to copy filtered properties files.
2022-03-18T09:32:15.2759812Z [INFO] Copying 1 resource
2022-03-18T09:32:17.2267279Z [INFO] Converted /home/runner/work/spring-boot-admin/spring-boot-admin/spring-boot-admin-docs/src/main/asciidoc/index.adoc
2022-03-18T09:32:17.2274005Z [INFO] 
2022-03-18T09:32:17.2274724Z [INFO] --- flatten-maven-plugin:1.2.7:flatten (flatten) @ spring-boot-admin-docs ---
2022-03-18T09:32:17.2298092Z [INFO] Generating flattened POM of project de.codecentric:spring-boot-admin-docs:pom:3.0.0-SNAPSHOT...
2022-03-18T09:32:17.2591986Z [INFO] 
2022-03-18T09:32:17.2593204Z [INFO] --- maven-source-plugin:3.2.1:jar-no-fork (attach-sources) @ spring-boot-admin-docs ---
2022-03-18T09:32:17.2604352Z [INFO] 
2022-03-18T09:32:17.2605128Z [INFO] --- maven-javadoc-plugin:3.3.1:jar (attach-javadocs) @ spring-boot-admin-docs ---
2022-03-18T09:32:17.2623589Z [INFO] Skipping javadoc generation
2022-03-18T09:32:17.2624216Z [INFO] 
2022-03-18T09:32:17.2624825Z [INFO] --- jacoco-maven-plugin:0.8.7:report (post-unit-test) @ spring-boot-admin-docs ---
2022-03-18T09:32:17.2630121Z [INFO] Skipping JaCoCo execution due to missing execution data file.
2022-03-18T09:32:17.2630817Z [INFO] 
2022-03-18T09:32:17.2631287Z [INFO] -----------< de.codecentric:spring-boot-admin-server-cloud >------------
2022-03-18T09:32:17.2631722Z [INFO] Building Spring Boot Admin Server Cloud 3.0.0-SNAPSHOT            [8/19]
2022-03-18T09:32:17.2633273Z [INFO] --------------------------------[ jar ]---------------------------------
2022-03-18T09:32:27.5413001Z [INFO] 
2022-03-18T09:32:27.5423682Z [INFO] --- maven-checkstyle-plugin:3.1.2:check (checkstyle-validation) @ spring-boot-admin-server-cloud ---
2022-03-18T09:32:27.8733768Z [INFO] Starting audit...
2022-03-18T09:32:27.8734440Z Audit done.
2022-03-18T09:32:27.8736724Z [INFO] You have 0 Checkstyle violations.
2022-03-18T09:32:27.8737928Z [INFO] 
2022-03-18T09:32:27.8738918Z [INFO] --- maven-enforcer-plugin:3.0.0:enforce (enforce-maven) @ spring-boot-admin-server-cloud ---
2022-03-18T09:32:27.8750072Z [INFO] 
2022-03-18T09:32:27.8751168Z [INFO] --- spring-javaformat-maven-plugin:0.0.29:validate (default) @ spring-boot-admin-server-cloud ---
2022-03-18T09:32:27.9234213Z [INFO] 
2022-03-18T09:32:27.9235509Z [INFO] --- build-helper-maven-plugin:3.3.0:regex-property (generate-automatic-module-name) @ spring-boot-admin-server-cloud ---
2022-03-18T09:32:27.9237879Z [INFO] 
2022-03-18T09:32:27.9238623Z [INFO] --- jacoco-maven-plugin:0.8.7:prepare-agent (pre-unit-test) @ spring-boot-admin-server-cloud ---
2022-03-18T09:32:27.9244027Z [INFO] argLine set to -javaagent:/home/runner/.m2/repository/org/jacoco/org.jacoco.agent/0.8.7/org.jacoco.agent-0.8.7-runtime.jar=destfile=/home/runner/work/spring-boot-admin/spring-boot-admin/spring-boot-admin-server-cloud/target/jacoco.exec
2022-03-18T09:32:27.9244872Z [INFO] 
2022-03-18T09:32:27.9245698Z [INFO] --- maven-resources-plugin:3.2.0:resources (default-resources) @ spring-boot-admin-server-cloud ---
2022-03-18T09:32:27.9258509Z [INFO] Using 'UTF-8' encoding to copy filtered resources.
2022-03-18T09:32:27.9259352Z [INFO] Using 'UTF-8' encoding to copy filtered properties files.
2022-03-18T09:32:27.9260283Z [INFO] Copying 2 resources
2022-03-18T09:32:27.9274496Z [INFO] 
2022-03-18T09:32:27.9275336Z [INFO] --- flatten-maven-plugin:1.2.7:flatten (flatten) @ spring-boot-admin-server-cloud ---
2022-03-18T09:32:27.9283612Z [INFO] Generating flattened POM of project de.codecentric:spring-boot-admin-server-cloud:jar:3.0.0-SNAPSHOT...
2022-03-18T09:32:27.9567519Z [INFO] 
2022-03-18T09:32:27.9649746Z [INFO] --- maven-compiler-plugin:3.9.0:compile (default-compile) @ spring-boot-admin-server-cloud ---
2022-03-18T09:32:27.9650263Z [INFO] Changes detected - recompiling the module!
2022-03-18T09:32:27.9650853Z [INFO] Compiling 8 source files to /home/runner/work/spring-boot-admin/spring-boot-admin/spring-boot-admin-server-cloud/target/classes
2022-03-18T09:32:28.2994795Z [INFO] 
2022-03-18T09:32:28.2998665Z [INFO] --- maven-resources-plugin:3.2.0:testResources (default-testResources) @ spring-boot-admin-server-cloud ---
2022-03-18T09:32:28.3014639Z [INFO] Using 'UTF-8' encoding to copy filtered resources.
2022-03-18T09:32:28.3018118Z [INFO] Using 'UTF-8' encoding to copy filtered properties files.
2022-03-18T09:32:28.3023059Z [INFO] Copying 1 resource
2022-03-18T09:32:28.3034590Z [INFO] 
2022-03-18T09:32:28.3037408Z [INFO] --- maven-compiler-plugin:3.9.0:testCompile (default-testCompile) @ spring-boot-admin-server-cloud ---
2022-03-18T09:32:28.3056139Z [INFO] Changes detected - recompiling the module!
2022-03-18T09:32:28.3061465Z [INFO] Compiling 6 source files to /home/runner/work/spring-boot-admin/spring-boot-admin/spring-boot-admin-server-cloud/target/test-classes
2022-03-18T09:32:28.8630246Z [INFO] 
2022-03-18T09:32:28.8633993Z [INFO] --- maven-surefire-plugin:3.0.0-M5:test (default-test) @ spring-boot-admin-server-cloud ---
2022-03-18T09:32:28.8764272Z [INFO] 
2022-03-18T09:32:28.8767086Z [INFO] -------------------------------------------------------
2022-03-18T09:32:28.8769562Z [INFO]  T E S T S
2022-03-18T09:32:28.8771862Z [INFO] -------------------------------------------------------
2022-03-18T09:32:30.1927433Z [INFO] Running de.codecentric.boot.admin.server.cloud.AdminApplicationDiscoveryTest
2022-03-18T09:32:37.7847991Z [ERROR] Tests run: 1, Failures: 0, Errors: 1, Skipped: 0, Time elapsed: 7.566 s <<< FAILURE! - in de.codecentric.boot.admin.server.cloud.AdminApplicationDiscoveryTest
2022-03-18T09:32:37.7850365Z [ERROR] de.codecentric.boot.admin.server.cloud.AdminApplicationDiscoveryTest.lifecycle  Time elapsed: 7.519 s  <<< ERROR!
2022-03-18T09:32:37.7851386Z org.springframework.beans.factory.BeanCreationException: 
2022-03-18T09:32:37.7853985Z Error creating bean with name 'compositeCompatibilityVerifier' defined in class path resource [org/springframework/cloud/configuration/CompatibilityVerifierAutoConfiguration.class]: Bean instantiation via factory method failed; nested exception is org.springframework.beans.BeanInstantiationException: Failed to instantiate [org.springframework.cloud.configuration.CompositeCompatibilityVerifier]: Factory method 'compositeCompatibilityVerifier' threw exception; nested exception is org.springframework.cloud.configuration.CompatibilityNotMetException: Spring Cloud/ Spring Boot version compatibility checks have failed: [[VerificationResult@35a7c2cc description = 'Spring Boot [3.0.0-M1] is not compatible with this Spring Cloud release train', action = 'Change Spring Boot version to one of the following versions [2.6.x, 2.7.x] .
2022-03-18T09:32:37.7855821Z You can find the latest Spring Boot versions here [https://spring.io/projects/spring-boot#learn]. 
2022-03-18T09:32:37.7857107Z If you want to learn more about the Spring Cloud Release train compatibility, you can visit this page [https://spring.io/projects/spring-cloud#overview] and check the [Release Trains] section.
2022-03-18T09:32:37.7857756Z If you want to disable this check, just set the property [spring.cloud.compatibility-verifier.enabled=false]']]
2022-03-18T09:32:37.7858321Z 	at de.codecentric.boot.admin.server.cloud.AdminApplicationDiscoveryTest.setUp(AdminApplicationDiscoveryTest.java:68)
2022-03-18T09:32:37.7858860Z Caused by: org.springframework.beans.BeanInstantiationException: 
2022-03-18T09:32:37.7860649Z Failed to instantiate [org.springframework.cloud.configuration.CompositeCompatibilityVerifier]: Factory method 'compositeCompatibilityVerifier' threw exception; nested exception is org.springframework.cloud.configuration.CompatibilityNotMetException: Spring Cloud/ Spring Boot version compatibility checks have failed: [[VerificationResult@35a7c2cc description = 'Spring Boot [3.0.0-M1] is not compatible with this Spring Cloud release train', action = 'Change Spring Boot version to one of the following versions [2.6.x, 2.7.x] .
2022-03-18T09:32:37.7862181Z You can find the latest Spring Boot versions here [https://spring.io/projects/spring-boot#learn]. 
2022-03-18T09:32:37.7863020Z If you want to learn more about the Spring Cloud Release train compatibility, you can visit this page [https://spring.io/projects/spring-cloud#overview] and check the [Release Trains] section.
2022-03-18T09:32:37.7863824Z If you want to disable this check, just set the property [spring.cloud.compatibility-verifier.enabled=false]']]
2022-03-18T09:32:37.7864851Z 	at de.codecentric.boot.admin.server.cloud.AdminApplicationDiscoveryTest.setUp(AdminApplicationDiscoveryTest.java:68)
2022-03-18T09:32:37.7865613Z Caused by: org.springframework.cloud.configuration.CompatibilityNotMetException: 
2022-03-18T09:32:37.7866731Z Spring Cloud/ Spring Boot version compatibility checks have failed: [[VerificationResult@35a7c2cc description = 'Spring Boot [3.0.0-M1] is not compatible with this Spring Cloud release train', action = 'Change Spring Boot version to one of the following versions [2.6.x, 2.7.x] .
2022-03-18T09:32:37.7867561Z You can find the latest Spring Boot versions here [https://spring.io/projects/spring-boot#learn]. 
2022-03-18T09:32:37.7868394Z If you want to learn more about the Spring Cloud Release train compatibility, you can visit this page [https://spring.io/projects/spring-cloud#overview] and check the [Release Trains] section.
2022-03-18T09:32:37.7869191Z If you want to disable this check, just set the property [spring.cloud.compatibility-verifier.enabled=false]']]
2022-03-18T09:32:37.7869916Z 	at de.codecentric.boot.admin.server.cloud.AdminApplicationDiscoveryTest.setUp(AdminApplicationDiscoveryTest.java:68)
2022-03-18T09:32:37.7870371Z 
2022-03-18T09:32:37.7920998Z [INFO] Running de.codecentric.boot.admin.server.cloud.config.AdminServerDiscoveryAutoConfigurationTest
2022-03-18T09:32:49.5031150Z [INFO] Tests run: 5, Failures: 0, Errors: 0, Skipped: 0, Time elapsed: 11.7 s - in de.codecentric.boot.admin.server.cloud.config.AdminServerDiscoveryAutoConfigurationTest
2022-03-18T09:32:49.5032613Z [INFO] Running de.codecentric.boot.admin.server.cloud.discovery.EurekaServiceInstanceConverterTest
2022-03-18T09:32:49.7282679Z [INFO] Tests run: 3, Failures: 0, Errors: 0, Skipped: 0, Time elapsed: 0.216 s - in de.codecentric.boot.admin.server.cloud.discovery.EurekaServiceInstanceConverterTest
2022-03-18T09:32:49.7283831Z [INFO] Running de.codecentric.boot.admin.server.cloud.discovery.InstanceDiscoveryListenerTest
2022-03-18T09:32:49.9081719Z [INFO] Tests run: 15, Failures: 0, Errors: 0, Skipped: 0, Time elapsed: 0.18 s - in de.codecentric.boot.admin.server.cloud.discovery.InstanceDiscoveryListenerTest
2022-03-18T09:32:49.9089437Z [INFO] Running de.codecentric.boot.admin.server.cloud.discovery.KubernetesServiceInstanceConverterTest
2022-03-18T09:32:50.0059469Z [INFO] Tests run: 1, Failures: 0, Errors: 0, Skipped: 0, Time elapsed: 0.062 s - in de.codecentric.boot.admin.server.cloud.discovery.KubernetesServiceInstanceConverterTest
2022-03-18T09:32:50.0060760Z [INFO] Running de.codecentric.boot.admin.server.cloud.discovery.DefaultServiceInstanceConverterTest
2022-03-18T09:32:50.0475866Z [INFO] Tests run: 8, Failures: 0, Errors: 0, Skipped: 0, Time elapsed: 0.056 s - in de.codecentric.boot.admin.server.cloud.discovery.DefaultServiceInstanceConverterTest
2022-03-18T09:32:50.0687280Z [INFO] Running de.codecentric.boot.admin.server.cloud.AdminApplicationDiscoveryTest
2022-03-18T09:32:53.2411221Z [ERROR] Tests run: 1, Failures: 0, Errors: 1, Skipped: 0, Time elapsed: 3.158 s <<< FAILURE! - in de.codecentric.boot.admin.server.cloud.AdminApplicationDiscoveryTest
2022-03-18T09:32:53.2412194Z [ERROR] de.codecentric.boot.admin.server.cloud.AdminApplicationDiscoveryTest.lifecycle  Time elapsed: 3.153 s  <<< ERROR!
2022-03-18T09:32:53.2412919Z org.springframework.beans.factory.BeanCreationException: 
2022-03-18T09:32:53.2415872Z Error creating bean with name 'compositeCompatibilityVerifier' defined in class path resource [org/springframework/cloud/configuration/CompatibilityVerifierAutoConfiguration.class]: Bean instantiation via factory method failed; nested exception is org.springframework.beans.BeanInstantiationException: Failed to instantiate [org.springframework.cloud.configuration.CompositeCompatibilityVerifier]: Factory method 'compositeCompatibilityVerifier' threw exception; nested exception is org.springframework.cloud.configuration.CompatibilityNotMetException: Spring Cloud/ Spring Boot version compatibility checks have failed: [[VerificationResult@3edb7be5 description = 'Spring Boot [3.0.0-M1] is not compatible with this Spring Cloud release train', action = 'Change Spring Boot version to one of the following versions [2.6.x, 2.7.x] .
2022-03-18T09:32:53.2418268Z You can find the latest Spring Boot versions here [https://spring.io/projects/spring-boot#learn]. 
2022-03-18T09:32:53.2419422Z If you want to learn more about the Spring Cloud Release train compatibility, you can visit this page [https://spring.io/projects/spring-cloud#overview] and check the [Release Trains] section.
2022-03-18T09:32:53.2420289Z If you want to disable this check, just set the property [spring.cloud.compatibility-verifier.enabled=false]']]
2022-03-18T09:32:53.2421085Z 	at de.codecentric.boot.admin.server.cloud.AdminApplicationDiscoveryTest.setUp(AdminApplicationDiscoveryTest.java:68)
2022-03-18T09:32:53.2421831Z Caused by: org.springframework.beans.BeanInstantiationException: 
2022-03-18T09:32:53.2423967Z Failed to instantiate [org.springframework.cloud.configuration.CompositeCompatibilityVerifier]: Factory method 'compositeCompatibilityVerifier' threw exception; nested exception is org.springframework.cloud.configuration.CompatibilityNotMetException: Spring Cloud/ Spring Boot version compatibility checks have failed: [[VerificationResult@3edb7be5 description = 'Spring Boot [3.0.0-M1] is not compatible with this Spring Cloud release train', action = 'Change Spring Boot version to one of the following versions [2.6.x, 2.7.x] .
2022-03-18T09:32:53.2425514Z You can find the latest Spring Boot versions here [https://spring.io/projects/spring-boot#learn]. 
2022-03-18T09:32:53.2426422Z If you want to learn more about the Spring Cloud Release train compatibility, you can visit this page [https://spring.io/projects/spring-cloud#overview] and check the [Release Trains] section.
2022-03-18T09:32:53.2427281Z If you want to disable this check, just set the property [spring.cloud.compatibility-verifier.enabled=false]']]
2022-03-18T09:32:53.2428077Z 	at de.codecentric.boot.admin.server.cloud.AdminApplicationDiscoveryTest.setUp(AdminApplicationDiscoveryTest.java:68)
2022-03-18T09:32:53.2428886Z Caused by: org.springframework.cloud.configuration.CompatibilityNotMetException: 
2022-03-18T09:32:53.2430184Z Spring Cloud/ Spring Boot version compatibility checks have failed: [[VerificationResult@3edb7be5 description = 'Spring Boot [3.0.0-M1] is not compatible with this Spring Cloud release train', action = 'Change Spring Boot version to one of the following versions [2.6.x, 2.7.x] .
2022-03-18T09:32:53.2431227Z You can find the latest Spring Boot versions here [https://spring.io/projects/spring-boot#learn]. 
2022-03-18T09:32:53.2432116Z If you want to learn more about the Spring Cloud Release train compatibility, you can visit this page [https://spring.io/projects/spring-cloud#overview] and check the [Release Trains] section.
2022-03-18T09:32:53.2432977Z If you want to disable this check, just set the property [spring.cloud.compatibility-verifier.enabled=false]']]
2022-03-18T09:32:53.2433764Z 	at de.codecentric.boot.admin.server.cloud.AdminApplicationDiscoveryTest.setUp(AdminApplicationDiscoveryTest.java:68)
2022-03-18T09:32:53.2434246Z 
2022-03-18T09:32:53.2440243Z [INFO] Running de.codecentric.boot.admin.server.cloud.AdminApplicationDiscoveryTest
2022-03-18T09:32:55.9069907Z [ERROR] Tests run: 1, Failures: 0, Errors: 1, Skipped: 0, Time elapsed: 2.661 s <<< FAILURE! - in de.codecentric.boot.admin.server.cloud.AdminApplicationDiscoveryTest
2022-03-18T09:32:55.9080225Z [ERROR] de.codecentric.boot.admin.server.cloud.AdminApplicationDiscoveryTest.lifecycle  Time elapsed: 2.659 s  <<< ERROR!
2022-03-18T09:32:55.9081189Z org.springframework.beans.factory.BeanCreationException: 
2022-03-18T09:32:55.9084912Z Error creating bean with name 'compositeCompatibilityVerifier' defined in class path resource [org/springframework/cloud/configuration/CompatibilityVerifierAutoConfiguration.class]: Bean instantiation via factory method failed; nested exception is org.springframework.beans.BeanInstantiationException: Failed to instantiate [org.springframework.cloud.configuration.CompositeCompatibilityVerifier]: Factory method 'compositeCompatibilityVerifier' threw exception; nested exception is org.springframework.cloud.configuration.CompatibilityNotMetException: Spring Cloud/ Spring Boot version compatibility checks have failed: [[VerificationResult@204fb56d description = 'Spring Boot [3.0.0-M1] is not compatible with this Spring Cloud release train', action = 'Change Spring Boot version to one of the following versions [2.6.x, 2.7.x] .
2022-03-18T09:32:55.9087445Z You can find the latest Spring Boot versions here [https://spring.io/projects/spring-boot#learn]. 
2022-03-18T09:32:55.9088575Z If you want to learn more about the Spring Cloud Release train compatibility, you can visit this page [https://spring.io/projects/spring-cloud#overview] and check the [Release Trains] section.
2022-03-18T09:32:55.9089453Z If you want to disable this check, just set the property [spring.cloud.compatibility-verifier.enabled=false]']]
2022-03-18T09:32:55.9090247Z 	at de.codecentric.boot.admin.server.cloud.AdminApplicationDiscoveryTest.setUp(AdminApplicationDiscoveryTest.java:68)
2022-03-18T09:32:55.9090996Z Caused by: org.springframework.beans.BeanInstantiationException: 
2022-03-18T09:32:55.9093119Z Failed to instantiate [org.springframework.cloud.configuration.CompositeCompatibilityVerifier]: Factory method 'compositeCompatibilityVerifier' threw exception; nested exception is org.springframework.cloud.configuration.CompatibilityNotMetException: Spring Cloud/ Spring Boot version compatibility checks have failed: [[VerificationResult@204fb56d description = 'Spring Boot [3.0.0-M1] is not compatible with this Spring Cloud release train', action = 'Change Spring Boot version to one of the following versions [2.6.x, 2.7.x] .
2022-03-18T09:32:55.9094665Z You can find the latest Spring Boot versions here [https://spring.io/projects/spring-boot#learn]. 
2022-03-18T09:32:55.9095572Z If you want to learn more about the Spring Cloud Release train compatibility, you can visit this page [https://spring.io/projects/spring-cloud#overview] and check the [Release Trains] section.
2022-03-18T09:32:55.9096427Z If you want to disable this check, just set the property [spring.cloud.compatibility-verifier.enabled=false]']]
2022-03-18T09:32:55.9097216Z 	at de.codecentric.boot.admin.server.cloud.AdminApplicationDiscoveryTest.setUp(AdminApplicationDiscoveryTest.java:68)
2022-03-18T09:32:55.9098112Z Caused by: org.springframework.cloud.configuration.CompatibilityNotMetException: 
2022-03-18T09:32:55.9099425Z Spring Cloud/ Spring Boot version compatibility checks have failed: [[VerificationResult@204fb56d description = 'Spring Boot [3.0.0-M1] is not compatible with this Spring Cloud release train', action = 'Change Spring Boot version to one of the following versions [2.6.x, 2.7.x] .
2022-03-18T09:32:55.9100328Z You can find the latest Spring Boot versions here [https://spring.io/projects/spring-boot#learn]. 
2022-03-18T09:32:55.9101217Z If you want to learn more about the Spring Cloud Release train compatibility, you can visit this page [https://spring.io/projects/spring-cloud#overview] and check the [Release Trains] section.
2022-03-18T09:32:55.9102080Z If you want to disable this check, just set the property [spring.cloud.compatibility-verifier.enabled=false]']]
2022-03-18T09:32:55.9102872Z 	at de.codecentric.boot.admin.server.cloud.AdminApplicationDiscoveryTest.setUp(AdminApplicationDiscoveryTest.java:68)
2022-03-18T09:32:55.9103354Z 
2022-03-18T09:32:56.0362796Z [INFO] 
2022-03-18T09:32:56.0363147Z [INFO] Results:
2022-03-18T09:32:56.0379309Z [INFO] 
2022-03-18T09:32:56.0379706Z [ERROR] Errors: 
2022-03-18T09:32:56.0380370Z [ERROR] de.codecentric.boot.admin.server.cloud.AdminApplicationDiscoveryTest.lifecycle
2022-03-18T09:32:56.0381538Z [ERROR]   Run 1: AdminApplicationDiscoveryTest.setUp:68 » BeanCreation Error creating bean with...
2022-03-18T09:32:56.0382347Z [ERROR]   Run 2: AdminApplicationDiscoveryTest.setUp:68 » BeanCreation Error creating bean with...
2022-03-18T09:32:56.0383443Z [ERROR]   Run 3: AdminApplicationDiscoveryTest.setUp:68 » BeanCreation Error creating bean with...
2022-03-18T09:32:56.0383940Z [INFO] 
2022-03-18T09:32:56.0384182Z [INFO] 
2022-03-18T09:32:56.0384551Z [ERROR] Tests run: 33, Failures: 0, Errors: 1, Skipped: 0
2022-03-18T09:32:56.0384940Z [INFO] 
2022-03-18T09:32:56.0385446Z [INFO] ------------------------------------------------------------------------
2022-03-18T09:32:56.0385980Z [INFO] Reactor Summary for Spring Boot Admin 3.0.0-SNAPSHOT:
2022-03-18T09:32:56.0386380Z [INFO] 
2022-03-18T09:32:56.0386711Z [INFO] Spring Boot Admin .................................. SUCCESS [  3.746 s]
2022-03-18T09:32:56.0387205Z [INFO] Spring Boot Admin Dependencies ..................... SUCCESS [  0.135 s]
2022-03-18T09:32:56.0387687Z [INFO] Spring Boot Admin Build ............................ SUCCESS [  0.221 s]
2022-03-18T09:32:56.0388152Z [INFO] Spring Boot Admin Server ........................... SUCCESS [03:51 min]
2022-03-18T09:32:56.0388615Z [INFO] Spring Boot Admin Server UI ........................ SUCCESS [02:24 min]
2022-03-18T09:32:56.0389078Z [INFO] Spring Boot Admin Client ........................... SUCCESS [ 25.370 s]
2022-03-18T09:32:56.0389592Z [INFO] Spring Boot Admin Docs ............................. SUCCESS [ 10.889 s]
2022-03-18T09:32:56.0390214Z [INFO] Spring Boot Admin Server Cloud ..................... FAILURE [ 38.768 s]
2022-03-18T09:32:56.0390714Z [INFO] Spring Boot Admin Server Starter ................... SKIPPED
2022-03-18T09:32:56.0391186Z [INFO] Spring Boot Admin Client Starter ................... SKIPPED
2022-03-18T09:32:56.0391655Z [INFO] Spring Boot Admin Samples .......................... SKIPPED
2022-03-18T09:32:56.0392116Z [INFO] Spring Boot Admin Server custom UI ................. SKIPPED
2022-03-18T09:32:56.0392586Z [INFO] Spring Boot Admin Sample Servlet ................... SKIPPED
2022-03-18T09:32:56.0393050Z [INFO] Spring Boot Admin Sample Reactive .................. SKIPPED
2022-03-18T09:32:56.0393506Z [INFO] Spring Boot Admin Sample War ....................... SKIPPED
2022-03-18T09:32:56.0393971Z [INFO] Spring Boot Admin Sample Hazelcast ................. SKIPPED
2022-03-18T09:32:56.0394429Z [INFO] Spring Boot Admin Sample Eureka .................... SKIPPED
2022-03-18T09:32:56.0394891Z [INFO] Spring Boot Admin Sample Consul .................... SKIPPED
2022-03-18T09:32:56.0395360Z [INFO] Spring Boot Admin Sample Zookeeper ................. SKIPPED
2022-03-18T09:32:56.0395997Z [INFO] ------------------------------------------------------------------------
2022-03-18T09:32:56.0396444Z [INFO] BUILD FAILURE
2022-03-18T09:32:56.0397011Z [INFO] ------------------------------------------------------------------------
2022-03-18T09:32:56.0397471Z [INFO] Total time:  07:34 min
2022-03-18T09:32:56.0397942Z [INFO] Finished at: 2022-03-18T09:32:56Z
2022-03-18T09:32:56.0398527Z [INFO] ------------------------------------------------------------------------
2022-03-18T09:32:56.0399513Z [ERROR] Failed to execute goal org.apache.maven.plugins:maven-surefire-plugin:3.0.0-M5:test (default-test) on project spring-boot-admin-server-cloud: There are test failures.
2022-03-18T09:32:56.0400138Z [ERROR] 
2022-03-18T09:32:56.0400968Z [ERROR] Please refer to /home/runner/work/spring-boot-admin/spring-boot-admin/spring-boot-admin-server-cloud/target/surefire-reports for the individual test results.
2022-03-18T09:32:56.0401881Z [ERROR] Please refer to dump files (if any exist) [date].dump, [date]-jvmRun[N].dump and [date].dumpstream.
2022-03-18T09:32:56.0402409Z [ERROR] -> [Help 1]
2022-03-18T09:32:56.0402744Z [ERROR] 
2022-03-18T09:32:56.0403275Z [ERROR] To see the full stack trace of the errors, re-run Maven with the -e switch.
2022-03-18T09:32:56.0403909Z [ERROR] Re-run Maven using the -X switch to enable full debug logging.
2022-03-18T09:32:56.0404309Z [ERROR] 
2022-03-18T09:32:56.0404725Z [ERROR] For more information about the errors and possible solutions, please read the following articles:
2022-03-18T09:32:56.0405383Z [ERROR] [Help 1] http://cwiki.apache.org/confluence/display/MAVEN/MojoFailureException
2022-03-18T09:32:56.0405853Z [ERROR] 
2022-03-18T09:32:56.0406230Z [ERROR] After correcting the problems, you can resume the build with the command
2022-03-18T09:32:56.0406759Z [ERROR]   mvn <args> -rf :spring-boot-admin-server-cloud
2022-03-18T09:32:56.0756543Z ##[error]Process completed with exit code 1.
2022-03-18T09:32:56.0852037Z Post job cleanup.
2022-03-18T09:32:56.2667372Z Post job cleanup.
2022-03-18T09:32:56.4161679Z [command]/usr/bin/git version
2022-03-18T09:32:56.4219294Z git version 2.35.1
2022-03-18T09:32:56.4265554Z [command]/usr/bin/git config --local --name-only --get-regexp core\.sshCommand
2022-03-18T09:32:56.4318825Z [command]/usr/bin/git submodule foreach --recursive git config --local --name-only --get-regexp 'core\.sshCommand' && git config --local --unset-all 'core.sshCommand' || :
2022-03-18T09:32:56.4610285Z [command]/usr/bin/git config --local --name-only --get-regexp http\.https\:\/\/github\.com\/\.extraheader
2022-03-18T09:32:56.4640922Z http.https://github.com/.extraheader
2022-03-18T09:32:56.4651558Z [command]/usr/bin/git config --local --unset-all http.https://github.com/.extraheader
2022-03-18T09:32:56.4759465Z [command]/usr/bin/git submodule foreach --recursive git config --local --name-only --get-regexp 'http\.https\:\/\/github\.com\/\.extraheader' && git config --local --unset-all 'http.https://github.com/.extraheader' || :
2022-03-18T09:32:56.5307045Z Cleaning up orphan processes
