2022-05-13T18:52:42.8183210Z Requested labels: ubuntu-latest
2022-05-13T18:52:42.8183264Z Job defined at: svg/svgo/.github/workflows/main.yml@refs/pull/1675/merge
2022-05-13T18:52:42.8183293Z Waiting for a runner to pick up this job...
2022-05-13T18:52:44.6069980Z Job is waiting for a hosted runner to come online.
2022-05-13T18:52:47.8864018Z Job is about to start running on the hosted runner: GitHub Actions 3 (hosted)
2022-05-13T18:52:51.7693417Z Current runner version: '2.291.1'
2022-05-13T18:52:51.7727275Z ##[group]Operating System
2022-05-13T18:52:51.7728081Z Ubuntu
2022-05-13T18:52:51.7728386Z 20.04.4
2022-05-13T18:52:51.7728624Z LTS
2022-05-13T18:52:51.7729035Z ##[endgroup]
2022-05-13T18:52:51.7729411Z ##[group]Virtual Environment
2022-05-13T18:52:51.7729762Z Environment: ubuntu-20.04
2022-05-13T18:52:51.7730125Z Version: 20220508.1
2022-05-13T18:52:51.7730669Z Included Software: https://github.com/actions/virtual-environments/blob/ubuntu20/20220508.1/images/linux/Ubuntu2004-Readme.md
2022-05-13T18:52:51.7731377Z Image Release: https://github.com/actions/virtual-environments/releases/tag/ubuntu20%2F20220508.1
2022-05-13T18:52:51.7731879Z ##[endgroup]
2022-05-13T18:52:51.7732257Z ##[group]Virtual Environment Provisioner
2022-05-13T18:52:51.7732595Z 1.0.0.0-main-20220421-1
2022-05-13T18:52:51.7732949Z ##[endgroup]
2022-05-13T18:52:51.7734013Z ##[group]GITHUB_TOKEN Permissions
2022-05-13T18:52:51.7734706Z Actions: read
2022-05-13T18:52:51.7735159Z Checks: read
2022-05-13T18:52:51.7735662Z Contents: read
2022-05-13T18:52:51.7736001Z Deployments: read
2022-05-13T18:52:51.7736300Z Discussions: read
2022-05-13T18:52:51.7736626Z Issues: read
2022-05-13T18:52:51.7737050Z Metadata: read
2022-05-13T18:52:51.7737335Z Packages: read
2022-05-13T18:52:51.7737657Z Pages: read
2022-05-13T18:52:51.7737987Z PullRequests: read
2022-05-13T18:52:51.7738319Z RepositoryProjects: read
2022-05-13T18:52:51.7739315Z SecurityEvents: read
2022-05-13T18:52:51.7739703Z Statuses: read
2022-05-13T18:52:51.7740007Z ##[endgroup]
2022-05-13T18:52:51.7744195Z Secret source: None
2022-05-13T18:52:51.7744732Z Prepare workflow directory
2022-05-13T18:52:51.8878223Z Prepare all required actions
2022-05-13T18:52:51.9080759Z Getting action download info
2022-05-13T18:52:52.2267657Z Download action repository 'actions/checkout@v2' (SHA:7884fcad6b5d53d10323aee724dc68d8b9096a2e)
2022-05-13T18:52:52.8922358Z Download action repository 'actions/setup-node@v2' (SHA:1f8c6b94b26d0feae1e387ca63ccbdc44d27b561)
2022-05-13T18:52:53.6579212Z ##[group]Run actions/checkout@v2
2022-05-13T18:52:53.6579616Z with:
2022-05-13T18:52:53.6579959Z   repository: svg/svgo
2022-05-13T18:52:53.6580374Z   token: ***
2022-05-13T18:52:53.6580636Z   ssh-strict: true
2022-05-13T18:52:53.6580910Z   persist-credentials: true
2022-05-13T18:52:53.6581164Z   clean: true
2022-05-13T18:52:53.6581455Z   fetch-depth: 1
2022-05-13T18:52:53.6581703Z   lfs: false
2022-05-13T18:52:53.6581900Z   submodules: false
2022-05-13T18:52:53.6583219Z   set-safe-directory: true
2022-05-13T18:52:53.6583623Z env:
2022-05-13T18:52:53.6583985Z   FORCE_COLOR: 2
2022-05-13T18:52:53.6584325Z   NODE: 14
2022-05-13T18:52:53.6584648Z ##[endgroup]
2022-05-13T18:52:53.9535353Z Syncing repository: svg/svgo
2022-05-13T18:52:53.9753949Z ##[group]Getting Git version info
2022-05-13T18:52:53.9754800Z Working directory is '/home/runner/work/svgo/svgo'
2022-05-13T18:52:53.9755338Z [command]/usr/bin/git version
2022-05-13T18:52:53.9810921Z git version 2.36.1
2022-05-13T18:52:53.9812112Z ##[endgroup]
2022-05-13T18:52:53.9829674Z Temporarily overriding HOME='/home/runner/work/_temp/5f9ab63d-e239-4fd0-b05e-2090edb1e5df' before making global git config changes
2022-05-13T18:52:53.9830447Z Adding repository directory to the temporary git global config as a safe directory
2022-05-13T18:52:53.9830933Z [command]/usr/bin/git config --global --add safe.directory /home/runner/work/svgo/svgo
2022-05-13T18:52:53.9831783Z Deleting the contents of '/home/runner/work/svgo/svgo'
2022-05-13T18:52:53.9833313Z ##[group]Initializing the repository
2022-05-13T18:52:53.9833881Z [command]/usr/bin/git init /home/runner/work/svgo/svgo
2022-05-13T18:52:53.9890110Z hint: Using 'master' as the name for the initial branch. This default branch name
2022-05-13T18:52:53.9890698Z hint: is subject to change. To configure the initial branch name to use in all
2022-05-13T18:52:53.9891551Z hint: of your new repositories, which will suppress this warning, call:
2022-05-13T18:52:53.9912653Z hint: 
2022-05-13T18:52:53.9913796Z hint: 	git config --global init.defaultBranch <name>
2022-05-13T18:52:53.9914063Z hint: 
2022-05-13T18:52:53.9914430Z hint: Names commonly chosen instead of 'master' are 'main', 'trunk' and
2022-05-13T18:52:53.9914881Z hint: 'development'. The just-created branch can be renamed via this command:
2022-05-13T18:52:53.9915164Z hint: 
2022-05-13T18:52:53.9915431Z hint: 	git branch -m <name>
2022-05-13T18:52:53.9915728Z Initialized empty Git repository in /home/runner/work/svgo/svgo/.git/
2022-05-13T18:52:53.9916714Z [command]/usr/bin/git remote add origin https://github.com/svg/svgo
2022-05-13T18:52:53.9958440Z ##[endgroup]
2022-05-13T18:52:53.9959318Z ##[group]Disabling automatic garbage collection
2022-05-13T18:52:53.9962949Z [command]/usr/bin/git config --local gc.auto 0
2022-05-13T18:52:53.9993031Z ##[endgroup]
2022-05-13T18:52:53.9993873Z ##[group]Setting up auth
2022-05-13T18:52:54.0000855Z [command]/usr/bin/git config --local --name-only --get-regexp core\.sshCommand
2022-05-13T18:52:54.0034097Z [command]/usr/bin/git submodule foreach --recursive git config --local --name-only --get-regexp 'core\.sshCommand' && git config --local --unset-all 'core.sshCommand' || :
2022-05-13T18:52:54.0509066Z [command]/usr/bin/git config --local --name-only --get-regexp http\.https\:\/\/github\.com\/\.extraheader
2022-05-13T18:52:54.0513955Z [command]/usr/bin/git submodule foreach --recursive git config --local --name-only --get-regexp 'http\.https\:\/\/github\.com\/\.extraheader' && git config --local --unset-all 'http.https://github.com/.extraheader' || :
2022-05-13T18:52:54.0802149Z [command]/usr/bin/git config --local http.https://github.com/.extraheader AUTHORIZATION: basic ***
2022-05-13T18:52:54.0814089Z ##[endgroup]
2022-05-13T18:52:54.0815074Z ##[group]Fetching the repository
2022-05-13T18:52:54.0826113Z [command]/usr/bin/git -c protocol.version=2 fetch --no-tags --prune --progress --no-recurse-submodules --depth=1 origin +c66576778281c0e7176611966e2c4f2ccfc1d408:refs/remotes/pull/1675/merge
2022-05-13T18:52:54.4678129Z remote: Enumerating objects: 446, done.        
2022-05-13T18:52:54.4678705Z remote: Counting objects:   0% (1/446)        
2022-05-13T18:52:54.4680240Z remote: Counting objects:   1% (5/446)        
2022-05-13T18:52:54.4683591Z remote: Counting objects:   2% (9/446)        
2022-05-13T18:52:54.4684515Z remote: Counting objects:   3% (14/446)        
2022-05-13T18:52:54.4685314Z remote: Counting objects:   4% (18/446)        
2022-05-13T18:52:54.4685675Z remote: Counting objects:   5% (23/446)        
2022-05-13T18:52:54.4685929Z remote: Counting objects:   6% (27/446)        
2022-05-13T18:52:54.4686170Z remote: Counting objects:   7% (32/446)        
2022-05-13T18:52:54.4686412Z remote: Counting objects:   8% (36/446)        
2022-05-13T18:52:54.4686808Z remote: Counting objects:   9% (41/446)        
2022-05-13T18:52:54.4687055Z remote: Counting objects:  10% (45/446)        
2022-05-13T18:52:54.4687306Z remote: Counting objects:  11% (50/446)        
2022-05-13T18:52:54.4687545Z remote: Counting objects:  12% (54/446)        
2022-05-13T18:52:54.4687795Z remote: Counting objects:  13% (58/446)        
2022-05-13T18:52:54.4688222Z remote: Counting objects:  14% (63/446)        
2022-05-13T18:52:54.4688583Z remote: Counting objects:  15% (67/446)        
2022-05-13T18:52:54.4689686Z remote: Counting objects:  16% (72/446)        
2022-05-13T18:52:54.4690630Z remote: Counting objects:  17% (76/446)        
2022-05-13T18:52:54.4690990Z remote: Counting objects:  18% (81/446)        
2022-05-13T18:52:54.4691219Z remote: Counting objects:  19% (85/446)        
2022-05-13T18:52:54.4691455Z remote: Counting objects:  20% (90/446)        
2022-05-13T18:52:54.4691789Z remote: Counting objects:  21% (94/446)        
2022-05-13T18:52:54.4692409Z remote: Counting objects:  22% (99/446)        
2022-05-13T18:52:54.4692868Z remote: Counting objects:  23% (103/446)        
2022-05-13T18:52:54.4693906Z remote: Counting objects:  24% (108/446)        
2022-05-13T18:52:54.4694255Z remote: Counting objects:  25% (112/446)        
2022-05-13T18:52:54.4694684Z remote: Counting objects:  26% (116/446)        
2022-05-13T18:52:54.4695029Z remote: Counting objects:  27% (121/446)        
2022-05-13T18:52:54.4695952Z remote: Counting objects:  28% (125/446)        
2022-05-13T18:52:54.4696746Z remote: Counting objects:  29% (130/446)        
2022-05-13T18:52:54.4697075Z remote: Counting objects:  30% (134/446)        
2022-05-13T18:52:54.4697309Z remote: Counting objects:  31% (139/446)        
2022-05-13T18:52:54.4697536Z remote: Counting objects:  32% (143/446)        
2022-05-13T18:52:54.4697838Z remote: Counting objects:  33% (148/446)        
2022-05-13T18:52:54.4698574Z remote: Counting objects:  34% (152/446)        
2022-05-13T18:52:54.4698917Z remote: Counting objects:  35% (157/446)        
2022-05-13T18:52:54.4699158Z remote: Counting objects:  36% (161/446)        
2022-05-13T18:52:54.4699374Z remote: Counting objects:  37% (166/446)        
2022-05-13T18:52:54.4699602Z remote: Counting objects:  38% (170/446)        
2022-05-13T18:52:54.4699842Z remote: Counting objects:  39% (174/446)        
2022-05-13T18:52:54.4700052Z remote: Counting objects:  40% (179/446)        
2022-05-13T18:52:54.4700278Z remote: Counting objects:  41% (183/446)        
2022-05-13T18:52:54.4700631Z remote: Counting objects:  42% (188/446)        
2022-05-13T18:52:54.4700959Z remote: Counting objects:  43% (192/446)        
2022-05-13T18:52:54.4701554Z remote: Counting objects:  44% (197/446)        
2022-05-13T18:52:54.4702324Z remote: Counting objects:  45% (201/446)        
2022-05-13T18:52:54.4702670Z remote: Counting objects:  46% (206/446)        
2022-05-13T18:52:54.4702897Z remote: Counting objects:  47% (210/446)        
2022-05-13T18:52:54.4703136Z remote: Counting objects:  48% (215/446)        
2022-05-13T18:52:54.4703376Z remote: Counting objects:  49% (219/446)        
2022-05-13T18:52:54.4703601Z remote: Counting objects:  50% (223/446)        
2022-05-13T18:52:54.4703838Z remote: Counting objects:  51% (228/446)        
2022-05-13T18:52:54.4704644Z remote: Counting objects:  52% (232/446)        
2022-05-13T18:52:54.4705232Z remote: Counting objects:  53% (237/446)        
2022-05-13T18:52:54.4705754Z remote: Counting objects:  54% (241/446)        
2022-05-13T18:52:54.4706166Z remote: Counting objects:  55% (246/446)        
2022-05-13T18:52:54.4706934Z remote: Counting objects:  56% (250/446)        
2022-05-13T18:52:54.4707249Z remote: Counting objects:  57% (255/446)        
2022-05-13T18:52:54.4707483Z remote: Counting objects:  58% (259/446)        
2022-05-13T18:52:54.4707710Z remote: Counting objects:  59% (264/446)        
2022-05-13T18:52:54.4707937Z remote: Counting objects:  60% (268/446)        
2022-05-13T18:52:54.4708336Z remote: Counting objects:  61% (273/446)        
2022-05-13T18:52:54.4708705Z remote: Counting objects:  62% (277/446)        
2022-05-13T18:52:54.4709700Z remote: Counting objects:  63% (281/446)        
2022-05-13T18:52:54.4711039Z remote: Counting objects:  64% (286/446)        
2022-05-13T18:52:54.4712685Z remote: Counting objects:  65% (290/446)        
2022-05-13T18:52:54.4713898Z remote: Counting objects:  66% (295/446)        
2022-05-13T18:52:54.4715160Z remote: Counting objects:  67% (299/446)        
2022-05-13T18:52:54.4716385Z remote: Counting objects:  68% (304/446)        
2022-05-13T18:52:54.4717735Z remote: Counting objects:  69% (308/446)        
2022-05-13T18:52:54.4718465Z remote: Counting objects:  70% (313/446)        
2022-05-13T18:52:54.4719642Z remote: Counting objects:  71% (317/446)        
2022-05-13T18:52:54.4721101Z remote: Counting objects:  72% (322/446)        
2022-05-13T18:52:54.4721660Z remote: Counting objects:  73% (326/446)        
2022-05-13T18:52:54.4722846Z remote: Counting objects:  74% (331/446)        
2022-05-13T18:52:54.4724175Z remote: Counting objects:  75% (335/446)        
2022-05-13T18:52:54.4725424Z remote: Counting objects:  76% (339/446)        
2022-05-13T18:52:54.4726957Z remote: Counting objects:  77% (344/446)        
2022-05-13T18:52:54.4728401Z remote: Counting objects:  78% (348/446)        
2022-05-13T18:52:54.4730409Z remote: Counting objects:  79% (353/446)        
2022-05-13T18:52:54.4731413Z remote: Counting objects:  80% (357/446)        
2022-05-13T18:52:54.4732876Z remote: Counting objects:  81% (362/446)        
2022-05-13T18:52:54.4734349Z remote: Counting objects:  82% (366/446)        
2022-05-13T18:52:54.4734915Z remote: Counting objects:  83% (371/446)        
2022-05-13T18:52:54.4736438Z remote: Counting objects:  84% (375/446)        
2022-05-13T18:52:54.4737783Z remote: Counting objects:  85% (380/446)        
2022-05-13T18:52:54.4738470Z remote: Counting objects:  86% (384/446)        
2022-05-13T18:52:54.4739845Z remote: Counting objects:  87% (389/446)        
2022-05-13T18:52:54.4741190Z remote: Counting objects:  88% (393/446)        
2022-05-13T18:52:54.4742798Z remote: Counting objects:  89% (397/446)        
2022-05-13T18:52:54.4743283Z remote: Counting objects:  90% (402/446)        
2022-05-13T18:52:54.4744102Z remote: Counting objects:  91% (406/446)        
2022-05-13T18:52:54.4744998Z remote: Counting objects:  92% (411/446)        
2022-05-13T18:52:54.4745759Z remote: Counting objects:  93% (415/446)        
2022-05-13T18:52:54.4746510Z remote: Counting objects:  94% (420/446)        
2022-05-13T18:52:54.4747615Z remote: Counting objects:  95% (424/446)        
2022-05-13T18:52:54.4748389Z remote: Counting objects:  96% (429/446)        
2022-05-13T18:52:54.4749628Z remote: Counting objects:  97% (433/446)        
2022-05-13T18:52:54.4750574Z remote: Counting objects:  98% (438/446)        
2022-05-13T18:52:54.4751280Z remote: Counting objects:  99% (442/446)        
2022-05-13T18:52:54.4752133Z remote: Counting objects: 100% (446/446)        
2022-05-13T18:52:54.4753815Z remote: Counting objects: 100% (446/446), done.        
2022-05-13T18:52:54.4754095Z remote: Compressing objects:   0% (1/363)        
2022-05-13T18:52:54.4754331Z remote: Compressing objects:   1% (4/363)        
2022-05-13T18:52:54.4754770Z remote: Compressing objects:   2% (8/363)        
2022-05-13T18:52:54.4755124Z remote: Compressing objects:   3% (11/363)        
2022-05-13T18:52:54.4755361Z remote: Compressing objects:   4% (15/363)        
2022-05-13T18:52:54.4755607Z remote: Compressing objects:   5% (19/363)        
2022-05-13T18:52:54.4755851Z remote: Compressing objects:   6% (22/363)        
2022-05-13T18:52:54.4756080Z remote: Compressing objects:   7% (26/363)        
2022-05-13T18:52:54.4756322Z remote: Compressing objects:   8% (30/363)        
2022-05-13T18:52:54.4756564Z remote: Compressing objects:   9% (33/363)        
2022-05-13T18:52:54.4756806Z remote: Compressing objects:  10% (37/363)        
2022-05-13T18:52:54.4757029Z remote: Compressing objects:  11% (40/363)        
2022-05-13T18:52:54.4757267Z remote: Compressing objects:  12% (44/363)        
2022-05-13T18:52:54.4757509Z remote: Compressing objects:  13% (48/363)        
2022-05-13T18:52:54.4757730Z remote: Compressing objects:  14% (51/363)        
2022-05-13T18:52:54.4757979Z remote: Compressing objects:  15% (55/363)        
2022-05-13T18:52:54.4758476Z remote: Compressing objects:  16% (59/363)        
2022-05-13T18:52:54.4759362Z remote: Compressing objects:  17% (62/363)        
2022-05-13T18:52:54.4759724Z remote: Compressing objects:  18% (66/363)        
2022-05-13T18:52:54.4763192Z remote: Compressing objects:  19% (69/363)        
2022-05-13T18:52:54.4771804Z remote: Compressing objects:  20% (73/363)        
2022-05-13T18:52:54.4783096Z remote: Compressing objects:  21% (77/363)        
2022-05-13T18:52:54.4783388Z remote: Compressing objects:  22% (80/363)        
2022-05-13T18:52:54.4783647Z remote: Compressing objects:  23% (84/363)        
2022-05-13T18:52:54.4783903Z remote: Compressing objects:  24% (88/363)        
2022-05-13T18:52:54.4791592Z remote: Compressing objects:  25% (91/363)        
2022-05-13T18:52:54.4791870Z remote: Compressing objects:  26% (95/363)        
2022-05-13T18:52:54.4792130Z remote: Compressing objects:  27% (99/363)        
2022-05-13T18:52:54.4800077Z remote: Compressing objects:  28% (102/363)        
2022-05-13T18:52:54.4800799Z remote: Compressing objects:  29% (106/363)        
2022-05-13T18:52:54.4813175Z remote: Compressing objects:  30% (109/363)        
2022-05-13T18:52:54.4813894Z remote: Compressing objects:  31% (113/363)        
2022-05-13T18:52:54.4814151Z remote: Compressing objects:  32% (117/363)        
2022-05-13T18:52:54.4814489Z remote: Compressing objects:  33% (120/363)        
2022-05-13T18:52:54.4814753Z remote: Compressing objects:  34% (124/363)        
2022-05-13T18:52:54.4814996Z remote: Compressing objects:  35% (128/363)        
2022-05-13T18:52:54.4815252Z remote: Compressing objects:  36% (131/363)        
2022-05-13T18:52:54.4815703Z remote: Compressing objects:  37% (135/363)        
2022-05-13T18:52:54.4817915Z remote: Compressing objects:  38% (138/363)        
2022-05-13T18:52:54.4818717Z remote: Compressing objects:  39% (142/363)        
2022-05-13T18:52:54.4819577Z remote: Compressing objects:  40% (146/363)        
2022-05-13T18:52:54.4820701Z remote: Compressing objects:  41% (149/363)        
2022-05-13T18:52:54.4821086Z remote: Compressing objects:  42% (153/363)        
2022-05-13T18:52:54.4821592Z remote: Compressing objects:  43% (157/363)        
2022-05-13T18:52:54.4822602Z remote: Compressing objects:  44% (160/363)        
2022-05-13T18:52:54.4823044Z remote: Compressing objects:  45% (164/363)        
2022-05-13T18:52:54.4823807Z remote: Compressing objects:  46% (167/363)        
2022-05-13T18:52:54.4834551Z remote: Compressing objects:  47% (171/363)        
2022-05-13T18:52:54.4843857Z remote: Compressing objects:  48% (175/363)        
2022-05-13T18:52:54.4844509Z remote: Compressing objects:  49% (178/363)        
2022-05-13T18:52:54.4845581Z remote: Compressing objects:  50% (182/363)        
2022-05-13T18:52:54.4846470Z remote: Compressing objects:  51% (186/363)        
2022-05-13T18:52:54.4847060Z remote: Compressing objects:  52% (189/363)        
2022-05-13T18:52:54.4847609Z remote: Compressing objects:  53% (193/363)        
2022-05-13T18:52:54.4848229Z remote: Compressing objects:  54% (197/363)        
2022-05-13T18:52:54.4849109Z remote: Compressing objects:  55% (200/363)        
2022-05-13T18:52:54.4850172Z remote: Compressing objects:  56% (204/363)        
2022-05-13T18:52:54.4850660Z remote: Compressing objects:  57% (207/363)        
2022-05-13T18:52:54.4869157Z remote: Compressing objects:  58% (211/363)        
2022-05-13T18:52:54.4869560Z remote: Compressing objects:  59% (215/363)        
2022-05-13T18:52:54.4870219Z remote: Compressing objects:  60% (218/363)        
2022-05-13T18:52:54.4871961Z remote: Compressing objects:  61% (222/363)        
2022-05-13T18:52:54.4893960Z remote: Compressing objects:  62% (226/363)        
2022-05-13T18:52:54.4894905Z remote: Compressing objects:  63% (229/363)        
2022-05-13T18:52:54.4895474Z remote: Compressing objects:  64% (233/363)        
2022-05-13T18:52:54.4896366Z remote: Compressing objects:  65% (236/363)        
2022-05-13T18:52:54.4898003Z remote: Compressing objects:  66% (240/363)        
2022-05-13T18:52:54.4898564Z remote: Compressing objects:  67% (244/363)        
2022-05-13T18:52:54.4899053Z remote: Compressing objects:  68% (247/363)        
2022-05-13T18:52:54.4899919Z remote: Compressing objects:  69% (251/363)        
2022-05-13T18:52:54.4901236Z remote: Compressing objects:  70% (255/363)        
2022-05-13T18:52:54.4902101Z remote: Compressing objects:  71% (258/363)        
2022-05-13T18:52:54.4902717Z remote: Compressing objects:  72% (262/363)        
2022-05-13T18:52:54.4903202Z remote: Compressing objects:  73% (265/363)        
2022-05-13T18:52:54.4903944Z remote: Compressing objects:  74% (269/363)        
2022-05-13T18:52:54.4904775Z remote: Compressing objects:  75% (273/363)        
2022-05-13T18:52:54.4905329Z remote: Compressing objects:  76% (276/363)        
2022-05-13T18:52:54.4905951Z remote: Compressing objects:  77% (280/363)        
2022-05-13T18:52:54.4907193Z remote: Compressing objects:  78% (284/363)        
2022-05-13T18:52:54.4907868Z remote: Compressing objects:  79% (287/363)        
2022-05-13T18:52:54.4908471Z remote: Compressing objects:  80% (291/363)        
2022-05-13T18:52:54.4909375Z remote: Compressing objects:  81% (295/363)        
2022-05-13T18:52:54.4909999Z remote: Compressing objects:  82% (298/363)        
2022-05-13T18:52:54.4910472Z remote: Compressing objects:  83% (302/363)        
2022-05-13T18:52:54.4911291Z remote: Compressing objects:  84% (305/363)        
2022-05-13T18:52:54.4911905Z remote: Compressing objects:  85% (309/363)        
2022-05-13T18:52:54.4912709Z remote: Compressing objects:  86% (313/363)        
2022-05-13T18:52:54.4913234Z remote: Compressing objects:  87% (316/363)        
2022-05-13T18:52:54.4913760Z remote: Compressing objects:  88% (320/363)        
2022-05-13T18:52:54.4914557Z remote: Compressing objects:  89% (324/363)        
2022-05-13T18:52:54.4915379Z remote: Compressing objects:  90% (327/363)        
2022-05-13T18:52:54.4916197Z remote: Compressing objects:  91% (331/363)        
2022-05-13T18:52:54.4919116Z remote: Compressing objects:  92% (334/363)        
2022-05-13T18:52:54.4919606Z remote: Compressing objects:  93% (338/363)        
2022-05-13T18:52:54.4920466Z remote: Compressing objects:  94% (342/363)        
2022-05-13T18:52:54.4921664Z remote: Compressing objects:  95% (345/363)        
2022-05-13T18:52:54.4921982Z remote: Compressing objects:  96% (349/363)        
2022-05-13T18:52:54.4922271Z remote: Compressing objects:  97% (353/363)        
2022-05-13T18:52:54.4922540Z remote: Compressing objects:  98% (356/363)        
2022-05-13T18:52:54.4922888Z remote: Compressing objects:  99% (360/363)        
2022-05-13T18:52:54.4923490Z remote: Compressing objects: 100% (363/363)        
2022-05-13T18:52:54.4924328Z remote: Compressing objects: 100% (363/363), done.        
2022-05-13T18:52:54.4993405Z Receiving objects:   0% (1/446)
2022-05-13T18:52:54.4995138Z Receiving objects:   1% (5/446)
2022-05-13T18:52:54.4996128Z Receiving objects:   2% (9/446)
2022-05-13T18:52:54.5539713Z Receiving objects:   3% (14/446)
2022-05-13T18:52:54.5853250Z Receiving objects:   4% (18/446)
2022-05-13T18:52:54.5853532Z Receiving objects:   5% (23/446)
2022-05-13T18:52:54.5859868Z Receiving objects:   6% (27/446)
2022-05-13T18:52:54.5864004Z Receiving objects:   7% (32/446)
2022-05-13T18:52:54.5869516Z Receiving objects:   8% (36/446)
2022-05-13T18:52:54.5872255Z Receiving objects:   9% (41/446)
2022-05-13T18:52:54.5876304Z Receiving objects:  10% (45/446)
2022-05-13T18:52:54.5878765Z Receiving objects:  11% (50/446)
2022-05-13T18:52:54.5882662Z Receiving objects:  12% (54/446)
2022-05-13T18:52:54.5904437Z Receiving objects:  13% (58/446)
2022-05-13T18:52:54.5906051Z Receiving objects:  14% (63/446)
2022-05-13T18:52:54.5923431Z Receiving objects:  15% (67/446)
2022-05-13T18:52:54.5926501Z Receiving objects:  16% (72/446)
2022-05-13T18:52:54.5928167Z Receiving objects:  17% (76/446)
2022-05-13T18:52:54.5929587Z Receiving objects:  18% (81/446)
2022-05-13T18:52:54.5934143Z Receiving objects:  19% (85/446)
2022-05-13T18:52:54.5934770Z Receiving objects:  20% (90/446)
2022-05-13T18:52:54.5936509Z Receiving objects:  21% (94/446)
2022-05-13T18:52:54.5937098Z Receiving objects:  22% (99/446)
2022-05-13T18:52:54.5938867Z Receiving objects:  23% (103/446)
2022-05-13T18:52:54.5940535Z Receiving objects:  24% (108/446)
2022-05-13T18:52:54.5941593Z Receiving objects:  25% (112/446)
2022-05-13T18:52:54.5942567Z Receiving objects:  26% (116/446)
2022-05-13T18:52:54.5943155Z Receiving objects:  27% (121/446)
2022-05-13T18:52:54.5943600Z Receiving objects:  28% (125/446)
2022-05-13T18:52:54.5944642Z Receiving objects:  29% (130/446)
2022-05-13T18:52:54.5947991Z Receiving objects:  30% (134/446)
2022-05-13T18:52:54.5960301Z Receiving objects:  31% (139/446)
2022-05-13T18:52:54.5960796Z Receiving objects:  32% (143/446)
2022-05-13T18:52:54.5961955Z Receiving objects:  33% (148/446)
2022-05-13T18:52:54.5962586Z Receiving objects:  34% (152/446)
2022-05-13T18:52:54.5964052Z Receiving objects:  35% (157/446)
2022-05-13T18:52:54.5965116Z Receiving objects:  36% (161/446)
2022-05-13T18:52:54.5966504Z Receiving objects:  37% (166/446)
2022-05-13T18:52:54.5967709Z Receiving objects:  38% (170/446)
2022-05-13T18:52:54.5968661Z Receiving objects:  39% (174/446)
2022-05-13T18:52:54.5969496Z Receiving objects:  40% (179/446)
2022-05-13T18:52:54.5970872Z Receiving objects:  41% (183/446)
2022-05-13T18:52:54.5971501Z Receiving objects:  42% (188/446)
2022-05-13T18:52:54.5972587Z Receiving objects:  43% (192/446)
2022-05-13T18:52:54.5973624Z Receiving objects:  44% (197/446)
2022-05-13T18:52:54.5974520Z Receiving objects:  45% (201/446)
2022-05-13T18:52:54.5975968Z Receiving objects:  46% (206/446)
2022-05-13T18:52:54.5977498Z Receiving objects:  47% (210/446)
2022-05-13T18:52:54.5980742Z Receiving objects:  48% (215/446)
2022-05-13T18:52:54.5981264Z Receiving objects:  49% (219/446)
2022-05-13T18:52:54.5981763Z Receiving objects:  50% (223/446)
2022-05-13T18:52:54.5982578Z Receiving objects:  51% (228/446)
2022-05-13T18:52:54.6053255Z Receiving objects:  52% (232/446)
2022-05-13T18:52:54.6053513Z Receiving objects:  53% (237/446)
2022-05-13T18:52:54.6053903Z Receiving objects:  54% (241/446)
2022-05-13T18:52:54.6054295Z Receiving objects:  55% (246/446)
2022-05-13T18:52:54.6054963Z Receiving objects:  56% (250/446)
2022-05-13T18:52:54.6055185Z Receiving objects:  57% (255/446)
2022-05-13T18:52:54.6055682Z Receiving objects:  58% (259/446)
2022-05-13T18:52:54.6056866Z Receiving objects:  59% (264/446)
2022-05-13T18:52:54.6057158Z Receiving objects:  60% (268/446)
2022-05-13T18:52:54.6057418Z Receiving objects:  61% (273/446)
2022-05-13T18:52:54.6057693Z Receiving objects:  62% (277/446)
2022-05-13T18:52:54.6057966Z Receiving objects:  63% (281/446)
2022-05-13T18:52:54.6058224Z Receiving objects:  64% (286/446)
2022-05-13T18:52:54.6058924Z Receiving objects:  65% (290/446)
2022-05-13T18:52:54.6059207Z Receiving objects:  66% (295/446)
2022-05-13T18:52:54.6059713Z Receiving objects:  67% (299/446)
2022-05-13T18:52:54.6060202Z Receiving objects:  68% (304/446)
2022-05-13T18:52:54.6060864Z Receiving objects:  69% (308/446)
2022-05-13T18:52:54.6061091Z Receiving objects:  70% (313/446)
2022-05-13T18:52:54.6061302Z Receiving objects:  71% (317/446)
2022-05-13T18:52:54.6062901Z Receiving objects:  72% (322/446)
2022-05-13T18:52:54.6063137Z Receiving objects:  73% (326/446)
2022-05-13T18:52:54.6065047Z Receiving objects:  74% (331/446)
2022-05-13T18:52:54.6065324Z Receiving objects:  75% (335/446)
2022-05-13T18:52:54.6065550Z Receiving objects:  76% (339/446)
2022-05-13T18:52:54.6065756Z Receiving objects:  77% (344/446)
2022-05-13T18:52:54.6065977Z Receiving objects:  78% (348/446)
2022-05-13T18:52:54.6068261Z Receiving objects:  79% (353/446)
2022-05-13T18:52:54.6070762Z Receiving objects:  80% (357/446)
2022-05-13T18:52:54.6085508Z Receiving objects:  81% (362/446)
2022-05-13T18:52:54.6085897Z Receiving objects:  82% (366/446)
2022-05-13T18:52:54.6086162Z Receiving objects:  83% (371/446)
2022-05-13T18:52:54.6086847Z Receiving objects:  84% (375/446)
2022-05-13T18:52:54.6087268Z Receiving objects:  85% (380/446)
2022-05-13T18:52:54.6087481Z Receiving objects:  86% (384/446)
2022-05-13T18:52:54.6087716Z Receiving objects:  87% (389/446)
2022-05-13T18:52:54.6087946Z Receiving objects:  88% (393/446)
2022-05-13T18:52:54.6088407Z Receiving objects:  89% (397/446)
2022-05-13T18:52:54.6088618Z Receiving objects:  90% (402/446)
2022-05-13T18:52:54.6088839Z Receiving objects:  91% (406/446)
2022-05-13T18:52:54.6089059Z Receiving objects:  92% (411/446)
2022-05-13T18:52:54.6089265Z Receiving objects:  93% (415/446)
2022-05-13T18:52:54.6089485Z Receiving objects:  94% (420/446)
2022-05-13T18:52:54.6089704Z Receiving objects:  95% (424/446)
2022-05-13T18:52:54.6089911Z Receiving objects:  96% (429/446)
2022-05-13T18:52:54.6090466Z Receiving objects:  97% (433/446)
2022-05-13T18:52:54.6090686Z Receiving objects:  98% (438/446)
2022-05-13T18:52:54.6090890Z Receiving objects:  99% (442/446)
2022-05-13T18:52:54.6091711Z remote: Total 446 (delta 69), reused 300 (delta 58), pack-reused 0        
2022-05-13T18:52:54.6092733Z Receiving objects: 100% (446/446)
2022-05-13T18:52:54.6093757Z Receiving objects: 100% (446/446), 1.08 MiB | 10.09 MiB/s, done.
2022-05-13T18:52:54.6095224Z Resolving deltas:   0% (0/69)
2022-05-13T18:52:54.6142815Z Resolving deltas:   1% (1/69)
2022-05-13T18:52:54.6150131Z Resolving deltas:   2% (2/69)
2022-05-13T18:52:54.6150618Z Resolving deltas:   4% (3/69)
2022-05-13T18:52:54.6151323Z Resolving deltas:   5% (4/69)
2022-05-13T18:52:54.6151938Z Resolving deltas:   7% (5/69)
2022-05-13T18:52:54.6152780Z Resolving deltas:   8% (6/69)
2022-05-13T18:52:54.6153198Z Resolving deltas:  10% (7/69)
2022-05-13T18:52:54.6153798Z Resolving deltas:  11% (8/69)
2022-05-13T18:52:54.6154681Z Resolving deltas:  13% (9/69)
2022-05-13T18:52:54.6155271Z Resolving deltas:  14% (10/69)
2022-05-13T18:52:54.6155836Z Resolving deltas:  15% (11/69)
2022-05-13T18:52:54.6157820Z Resolving deltas:  17% (12/69)
2022-05-13T18:52:54.6158664Z Resolving deltas:  18% (13/69)
2022-05-13T18:52:54.6159003Z Resolving deltas:  20% (14/69)
2022-05-13T18:52:54.6159269Z Resolving deltas:  21% (15/69)
2022-05-13T18:52:54.6159512Z Resolving deltas:  23% (16/69)
2022-05-13T18:52:54.6160151Z Resolving deltas:  24% (17/69)
2022-05-13T18:52:54.6160594Z Resolving deltas:  26% (18/69)
2022-05-13T18:52:54.6160808Z Resolving deltas:  27% (19/69)
2022-05-13T18:52:54.6161038Z Resolving deltas:  28% (20/69)
2022-05-13T18:52:54.6161262Z Resolving deltas:  30% (21/69)
2022-05-13T18:52:54.6161486Z Resolving deltas:  31% (22/69)
2022-05-13T18:52:54.6161699Z Resolving deltas:  33% (23/69)
2022-05-13T18:52:54.6161925Z Resolving deltas:  34% (24/69)
2022-05-13T18:52:54.6162301Z Resolving deltas:  36% (25/69)
2022-05-13T18:52:54.6162539Z Resolving deltas:  37% (26/69)
2022-05-13T18:52:54.6163018Z Resolving deltas:  39% (27/69)
2022-05-13T18:52:54.6164340Z Resolving deltas:  40% (28/69)
2022-05-13T18:52:54.6165608Z Resolving deltas:  42% (29/69)
2022-05-13T18:52:54.6166106Z Resolving deltas:  43% (30/69)
2022-05-13T18:52:54.6166969Z Resolving deltas:  44% (31/69)
2022-05-13T18:52:54.6169030Z Resolving deltas:  46% (32/69)
2022-05-13T18:52:54.6171487Z Resolving deltas:  47% (33/69)
2022-05-13T18:52:54.6172198Z Resolving deltas:  49% (34/69)
2022-05-13T18:52:54.6173059Z Resolving deltas:  50% (35/69)
2022-05-13T18:52:54.6173306Z Resolving deltas:  52% (36/69)
2022-05-13T18:52:54.6173720Z Resolving deltas:  53% (37/69)
2022-05-13T18:52:54.6174453Z Resolving deltas:  55% (38/69)
2022-05-13T18:52:54.6175779Z Resolving deltas:  56% (39/69)
2022-05-13T18:52:54.6177642Z Resolving deltas:  57% (40/69)
2022-05-13T18:52:54.6182635Z Resolving deltas:  59% (41/69)
2022-05-13T18:52:54.6185491Z Resolving deltas:  60% (42/69)
2022-05-13T18:52:54.6195512Z Resolving deltas:  62% (43/69)
2022-05-13T18:52:54.6196583Z Resolving deltas:  63% (44/69)
2022-05-13T18:52:54.6197086Z Resolving deltas:  65% (45/69)
2022-05-13T18:52:54.6197329Z Resolving deltas:  66% (46/69)
2022-05-13T18:52:54.6200446Z Resolving deltas:  68% (47/69)
2022-05-13T18:52:54.6201021Z Resolving deltas:  69% (48/69)
2022-05-13T18:52:54.6201312Z Resolving deltas:  71% (49/69)
2022-05-13T18:52:54.6201575Z Resolving deltas:  72% (50/69)
2022-05-13T18:52:54.6201829Z Resolving deltas:  73% (51/69)
2022-05-13T18:52:54.6202082Z Resolving deltas:  75% (52/69)
2022-05-13T18:52:54.6202319Z Resolving deltas:  76% (53/69)
2022-05-13T18:52:54.6202724Z Resolving deltas:  78% (54/69)
2022-05-13T18:52:54.6202969Z Resolving deltas:  79% (55/69)
2022-05-13T18:52:54.6203828Z Resolving deltas:  81% (56/69)
2022-05-13T18:52:54.6205015Z Resolving deltas:  82% (57/69)
2022-05-13T18:52:54.6205290Z Resolving deltas:  84% (58/69)
2022-05-13T18:52:54.6205707Z Resolving deltas:  85% (59/69)
2022-05-13T18:52:54.6206352Z Resolving deltas:  86% (60/69)
2022-05-13T18:52:54.6206857Z Resolving deltas:  88% (61/69)
2022-05-13T18:52:54.6207244Z Resolving deltas:  89% (62/69)
2022-05-13T18:52:54.6207482Z Resolving deltas:  91% (63/69)
2022-05-13T18:52:54.6208889Z Resolving deltas:  92% (64/69)
2022-05-13T18:52:54.6209487Z Resolving deltas:  94% (65/69)
2022-05-13T18:52:54.6210165Z Resolving deltas:  95% (66/69)
2022-05-13T18:52:54.6213712Z Resolving deltas:  97% (67/69)
2022-05-13T18:52:54.6214168Z Resolving deltas:  98% (68/69)
2022-05-13T18:52:54.6215211Z Resolving deltas: 100% (69/69)
2022-05-13T18:52:54.6216613Z Resolving deltas: 100% (69/69), done.
2022-05-13T18:52:54.6257112Z From https://github.com/svg/svgo
2022-05-13T18:52:54.6257893Z  * [new ref]         c66576778281c0e7176611966e2c4f2ccfc1d408 -> pull/1675/merge
2022-05-13T18:52:54.6299897Z ##[endgroup]
2022-05-13T18:52:54.6300779Z ##[group]Determining the checkout info
2022-05-13T18:52:54.6301846Z ##[endgroup]
2022-05-13T18:52:54.6302520Z ##[group]Checking out the ref
2022-05-13T18:52:54.6303511Z [command]/usr/bin/git checkout --progress --force refs/remotes/pull/1675/merge
2022-05-13T18:52:54.6685627Z Note: switching to 'refs/remotes/pull/1675/merge'.
2022-05-13T18:52:54.6686437Z 
2022-05-13T18:52:54.6688713Z You are in 'detached HEAD' state. You can look around, make experimental
2022-05-13T18:52:54.6689824Z changes and commit them, and you can discard any commits you make in this
2022-05-13T18:52:54.6690456Z state without impacting any branches by switching back to a branch.
2022-05-13T18:52:54.6690816Z 
2022-05-13T18:52:54.6691124Z If you want to create a new branch to retain commits you create, you may
2022-05-13T18:52:54.6692147Z do so (now or later) by using -c with the switch command. Example:
2022-05-13T18:52:54.6692329Z 
2022-05-13T18:52:54.6692633Z   git switch -c <new-branch-name>
2022-05-13T18:52:54.6692792Z 
2022-05-13T18:52:54.6693010Z Or undo this operation with:
2022-05-13T18:52:54.6693537Z 
2022-05-13T18:52:54.6693734Z   git switch -
2022-05-13T18:52:54.6693849Z 
2022-05-13T18:52:54.6694264Z Turn off this advice by setting config variable advice.detachedHead to false
2022-05-13T18:52:54.6694472Z 
2022-05-13T18:52:54.6694953Z HEAD is now at c665767 Merge 300fa135f3c9b850df69d8e68f9d081c523f66dc into a9834efa1603198ae606765292215462ae193d0d
2022-05-13T18:52:54.6701030Z ##[endgroup]
2022-05-13T18:52:54.6742968Z [command]/usr/bin/git log -1 --format='%H'
2022-05-13T18:52:54.6770593Z 'c66576778281c0e7176611966e2c4f2ccfc1d408'
2022-05-13T18:52:54.7106423Z ##[group]Run actions/setup-node@v2
2022-05-13T18:52:54.7106734Z with:
2022-05-13T18:52:54.7106946Z   node-version: 10
2022-05-13T18:52:54.7107181Z   cache: yarn
2022-05-13T18:52:54.7107417Z   always-auth: false
2022-05-13T18:52:54.7107653Z   check-latest: false
2022-05-13T18:52:54.7108094Z   token: ***
2022-05-13T18:52:54.7108319Z env:
2022-05-13T18:52:54.7108536Z   FORCE_COLOR: 2
2022-05-13T18:52:54.7108745Z   NODE: 14
2022-05-13T18:52:54.7108963Z ##[endgroup]
2022-05-13T18:52:54.8973755Z Attempting to download 10...
2022-05-13T18:52:55.4459412Z Acquiring 10.24.1 - x64 from https://github.com/actions/node-versions/releases/download/10.24.1-725060485/node-10.24.1-linux-x64.tar.gz
2022-05-13T18:52:55.9161463Z Extracting ...
2022-05-13T18:52:55.9310074Z [command]/usr/bin/tar xz --strip 1 --warning=no-unknown-keyword -C /home/runner/work/_temp/ec88dbf0-3b60-4ec6-bf9c-a233d71c2ad1 -f /home/runner/work/_temp/f3a1cfb9-5018-428b-a733-fdb1ec55b319
2022-05-13T18:52:56.5279787Z Adding to the cache ...
2022-05-13T18:52:58.8892594Z Done
2022-05-13T18:52:58.8923295Z [command]/usr/local/bin/yarn --version
2022-05-13T18:53:00.0245599Z 2.4.3
2022-05-13T18:53:00.0597371Z [command]/usr/local/bin/yarn config get cacheFolder
2022-05-13T18:53:00.8423574Z /home/runner/work/svgo/svgo/.yarn/cache
2022-05-13T18:53:01.4675045Z 
2022-05-13T18:53:01.4727317Z yarn cache is not found
2022-05-13T18:53:01.4856955Z ##[group]Run yarn install
2022-05-13T18:53:01.4857243Z [36;1myarn install[0m
2022-05-13T18:53:01.4916474Z shell: /usr/bin/bash -e {0}
2022-05-13T18:53:01.4916739Z env:
2022-05-13T18:53:01.4916934Z   FORCE_COLOR: 2
2022-05-13T18:53:01.4917123Z   NODE: 14
2022-05-13T18:53:01.4917294Z ##[endgroup]
2022-05-13T18:53:02.3986284Z [94m➤[39m [90mYN0000[39m: ┌ Resolution step
2022-05-13T18:53:02.3988178Z ##[group]Resolution step
2022-05-13T18:53:02.5371510Z ##[endgroup]
2022-05-13T18:53:02.5372663Z [94m➤[39m [90mYN0000[39m: └ Completed
2022-05-13T18:53:02.5374756Z [94m➤[39m [90mYN0000[39m: ┌ Fetch step
2022-05-13T18:53:02.5375327Z ##[group]Fetch step
2022-05-13T18:53:51.1043452Z [94m➤[39m YN0013: │ 3 packages were already cached, 540 had to be fetched
2022-05-13T18:53:51.1069182Z ##[endgroup]
2022-05-13T18:53:51.1070233Z [94m➤[39m [90mYN0000[39m: └ Completed in 48s 569ms
2022-05-13T18:53:51.1501227Z [94m➤[39m [90mYN0000[39m: ┌ Link step
2022-05-13T18:53:51.1502364Z ##[group]Link step
2022-05-13T18:53:51.4723099Z [93m➤[39m YN0062: │ [38;5;173mfsevents[39m[38;5;111m@[39m[38;5;111mpatch:fsevents@npm%3A2.3.2#builtin<compat/fsevents>::version=2.3.2&hash=11e9ea[39m The platform linux is incompatible with this module, link skipped.
2022-05-13T18:53:55.5956392Z [94m➤[39m YN0007: │ [38;5;173mplaywright[39m[38;5;111m@[39m[38;5;111mnpm:1.14.1[39m must be built because it never did before or the last one failed
2022-05-13T18:54:03.3132026Z [94m➤[39m [90mYN0000[39m: │ [38;5;173mplaywright[39m[38;5;111m@[39m[38;5;111mnpm:1.14.1[39m [32mSTDOUT[39m Playwright build of chromium v907428 downloaded to /home/runner/.cache/ms-playwright/chromium-907428
2022-05-13T18:54:03.4278379Z [94m➤[39m [90mYN0000[39m: │ [38;5;173mplaywright[39m[38;5;111m@[39m[38;5;111mnpm:1.14.1[39m [32mSTDOUT[39m Playwright build of ffmpeg v1005 downloaded to /home/runner/.cache/ms-playwright/ffmpeg-1005
2022-05-13T18:54:06.3229819Z [94m➤[39m [90mYN0000[39m: │ [38;5;173mplaywright[39m[38;5;111m@[39m[38;5;111mnpm:1.14.1[39m [32mSTDOUT[39m Playwright build of firefox v1281 downloaded to /home/runner/.cache/ms-playwright/firefox-1281
2022-05-13T18:54:11.1956653Z [94m➤[39m [90mYN0000[39m: │ [38;5;173mplaywright[39m[38;5;111m@[39m[38;5;111mnpm:1.14.1[39m [32mSTDOUT[39m Playwright build of webkit v1530 downloaded to /home/runner/.cache/ms-playwright/webkit-1530
2022-05-13T18:54:11.2118482Z ##[endgroup]
2022-05-13T18:54:11.2120029Z [94m➤[39m [90mYN0000[39m: └ Completed in 20s 61ms
2022-05-13T18:54:11.2798046Z [93m➤[39m YN0000: Done with warnings in 1m 9s
2022-05-13T18:54:11.3410512Z ##[group]Run yarn test
2022-05-13T18:54:11.3410784Z [36;1myarn test[0m
2022-05-13T18:54:11.3464332Z shell: /usr/bin/bash -e {0}
2022-05-13T18:54:11.3464556Z env:
2022-05-13T18:54:11.3464749Z   FORCE_COLOR: 2
2022-05-13T18:54:11.3464936Z   NODE: 14
2022-05-13T18:54:11.3465133Z ##[endgroup]
2022-05-13T18:54:14.9877262Z Browserslist: caniuse-lite is outdated. Please run:
2022-05-13T18:54:14.9878550Z   npx browserslist@latest --update-db
2022-05-13T18:54:14.9879684Z   Why you should do it regularly: https://github.com/browserslist/browserslist#browsers-data-updating
2022-05-13T18:54:14.9937744Z Browserslist: caniuse-lite is outdated. Please run:
2022-05-13T18:54:14.9938633Z   npx browserslist@latest --update-db
2022-05-13T18:54:14.9939471Z   Why you should do it regularly: https://github.com/browserslist/browserslist#browsers-data-updating
2022-05-13T18:54:15.0350159Z Browserslist: caniuse-lite is outdated. Please run:
2022-05-13T18:54:15.0352099Z   npx browserslist@latest --update-db
2022-05-13T18:54:15.0352946Z   Why you should do it regularly: https://github.com/browserslist/browserslist#browsers-data-updating
2022-05-13T18:54:15.0672804Z Browserslist: caniuse-lite is outdated. Please run:
2022-05-13T18:54:15.0673449Z   npx browserslist@latest --update-db
2022-05-13T18:54:15.0674236Z   Why you should do it regularly: https://github.com/browserslist/browserslist#browsers-data-updating
2022-05-13T18:54:19.9185078Z [0m[7m[1m[32m PASS [39m[22m[27m[0m [2mtest/svg2js/[22m[1m_index.test.js[22m ([0m[1m[41m5.848 s[49m[22m[0m)
2022-05-13T18:54:20.1612881Z [0m[7m[1m[32m PASS [39m[22m[27m[0m [2mlib/[22m[1mstyle.test.js[22m ([0m[1m[41m6.049 s[49m[22m[0m)
2022-05-13T18:54:21.3428935Z [0m[7m[1m[32m PASS [39m[22m[27m[0m [2mlib/[22m[1mpath.test.js[22m
2022-05-13T18:54:28.7023614Z [0m[7m[1m[32m PASS [39m[22m[27m[0m [2mtest/config/[22m[1m_index.test.js[22m ([0m[1m[41m8.266 s[49m[22m[0m)
2022-05-13T18:54:28.7847431Z   [1m● [22mConsole
2022-05-13T18:54:28.7848024Z 
2022-05-13T18:54:28.7848723Z     [2m[33mconsole.warn[39m[22m
2022-05-13T18:54:28.7850416Z [33m      [39m
2022-05-13T18:54:28.7851166Z [33m      "extendDefaultPlugins" utility is deprecated.[39m
2022-05-13T18:54:28.7851681Z [33m      Use "preset-default" plugin with overrides instead.[39m
2022-05-13T18:54:28.7852046Z [33m      For example:[39m
2022-05-13T18:54:28.7852461Z [33m      {[39m
2022-05-13T18:54:28.8021004Z [33m        name: 'preset-default',[39m
2022-05-13T18:54:28.8021399Z [33m        params: {[39m
2022-05-13T18:54:28.8023549Z [33m          overrides: {[39m
2022-05-13T18:54:28.8026446Z [33m            // customize plugin options[39m
2022-05-13T18:54:28.8028954Z [33m            convertShapeToPath: {[39m
2022-05-13T18:54:28.8031462Z [33m              convertArcs: true[39m
2022-05-13T18:54:28.8033775Z [33m            },[39m
2022-05-13T18:54:28.8036512Z [33m            // disable plugins[39m
2022-05-13T18:54:28.8039667Z [33m            convertPathData: false[39m
2022-05-13T18:54:28.8042557Z [33m          }[39m
2022-05-13T18:54:28.8044616Z [33m        }[39m
2022-05-13T18:54:28.8046690Z [33m      }[39m
2022-05-13T18:54:28.8049078Z [33m      [39m
2022-05-13T18:54:28.8051120Z [2m[22m
2022-05-13T18:54:28.8053239Z [2m    [0m [90m 59 |[39m[0m[22m
2022-05-13T18:54:28.8056619Z [2m    [0m [90m 60 |[39m [36mconst[39m extendDefaultPlugins [33m=[39m (plugins) [33m=>[39m {[0m[22m
2022-05-13T18:54:28.8060373Z [2m    [0m[31m[1m>[22m[2m[39m[90m 61 |[39m   console[33m.[39mwarn([0m[22m
2022-05-13T18:54:28.8062658Z [2m    [0m [90m    |[39m           [31m[1m^[22m[2m[39m[0m[22m
2022-05-13T18:54:28.8065024Z [2m    [0m [90m 62 |[39m     [32m'\n"extendDefaultPlugins" utility is deprecated.\n'[39m [33m+[39m[0m[22m
2022-05-13T18:54:28.8067478Z [2m    [0m [90m 63 |[39m       [32m'Use "preset-default" plugin with overrides instead.\n'[39m [33m+[39m[0m[22m
2022-05-13T18:54:28.8070511Z [2m    [0m [90m 64 |[39m       [32m'For example:\n'[39m [33m+[39m[0m[22m
2022-05-13T18:54:28.8072680Z [2m[22m
2022-05-13T18:54:28.8074962Z [2m      [2mat extendDefaultPlugins ([22m[2mlib/svgo/config.js[2m:61:11)[22m[2m[22m
2022-05-13T18:54:28.8077419Z [2m      [2mat describe ([22m[2m[0m[36mtest/config/_index.test.js[39m[0m[2m:128:29)[22m[2m[22m
2022-05-13T18:54:28.8079995Z [2m      [2mat [22m[2m[0m[36mtest/config/_index.test.js[39m[0m[2m:127:3[22m[2m[22m
2022-05-13T18:54:28.8082437Z [2m      [2mat Object.<anonymous> ([22m[2m[0m[36mtest/config/_index.test.js[39m[0m[2m:8:1)[22m[2m[22m
2022-05-13T18:54:28.8084700Z 
2022-05-13T18:54:29.1128226Z [0m[7m[1m[32m PASS [39m[22m[27m[0m [2mlib/[22m[1msvgo-node.test.js[22m ([0m[1m[41m14.523 s[49m[22m[0m)
2022-05-13T18:54:29.3076931Z [0m[7m[1m[32m PASS [39m[22m[27m[0m [2mlib/[22m[1msvgo.test.js[22m ([0m[1m[41m14.889 s[49m[22m[0m)
2022-05-13T18:54:29.3281158Z   [1m● [22mConsole
2022-05-13T18:54:29.3281344Z 
2022-05-13T18:54:29.3282659Z     [2m[33mconsole.warn[39m[22m
2022-05-13T18:54:29.3283796Z [33m      You are trying to configure cleanupListOfValues which is not part of preset-default.[39m
2022-05-13T18:54:29.3284493Z [33m      Try to put it before or after, for example[39m
2022-05-13T18:54:29.3285231Z [33m      [39m
2022-05-13T18:54:29.3285566Z [33m      plugins: [[39m
2022-05-13T18:54:29.3285838Z [33m        {[39m
2022-05-13T18:54:29.3286185Z [33m          name: 'preset-default',[39m
2022-05-13T18:54:29.3286476Z [33m        },[39m
2022-05-13T18:54:29.3286811Z [33m        'cleanupListOfValues'[39m
2022-05-13T18:54:29.3287098Z [33m      ][39m
2022-05-13T18:54:29.3287316Z [33m      [39m
2022-05-13T18:54:29.3287543Z [2m[22m
2022-05-13T18:54:29.3288487Z [2m    [0m [90m 91 |[39m         [36mfor[39m ([36mconst[39m pluginName [36mof[39m [33mObject[39m[33m.[39mkeys(overrides)) {[0m[22m
2022-05-13T18:54:29.3289537Z [2m    [0m [90m 92 |[39m           [36mif[39m ([33m![39mpluginNames[33m.[39mincludes(pluginName)) {[0m[22m
2022-05-13T18:54:29.3290020Z [2m    [0m[31m[1m>[22m[2m[39m[90m 93 |[39m             console[33m.[39mwarn([0m[22m
2022-05-13T18:54:29.3290457Z [2m    [0m [90m    |[39m                     [31m[1m^[22m[2m[39m[0m[22m
2022-05-13T18:54:29.3291058Z [2m    [0m [90m 94 |[39m               [32m`You are trying to configure ${pluginName} which is not part of ${name}.\n`[39m [33m+[39m[0m[22m
2022-05-13T18:54:29.3291646Z [2m    [0m [90m 95 |[39m                 [32m`Try to put it before or after, for example\n\n`[39m [33m+[39m[0m[22m
2022-05-13T18:54:29.3292132Z [2m    [0m [90m 96 |[39m                 [32m`plugins: [\n`[39m [33m+[39m[0m[22m
2022-05-13T18:54:29.3292368Z [2m[22m
2022-05-13T18:54:29.3292890Z [2m      [2mat BufferedConsole.<anonymous> ([22m[2mnode_modules/jest-mock/build/index.js[2m:850:25)[22m[2m[22m
2022-05-13T18:54:29.3293397Z [2m      [2mat Object.fn ([22m[2mlib/svgo/plugins.js[2m:93:21)[22m[2m[22m
2022-05-13T18:54:29.3293874Z [2m      [2mat invokePlugins ([22m[2mlib/svgo/plugins.js[2m:31:22)[22m[2m[22m
2022-05-13T18:54:29.3294321Z [2m      [2mat optimize ([22m[2mlib/svgo.js[2m:55:13)[22m[2m[22m
2022-05-13T18:54:29.3294826Z [2m      [2mat Object.<anonymous>.test ([22m[2m[0m[36mlib/svgo.test.js[39m[0m[2m:74:3)[22m[2m[22m
2022-05-13T18:54:29.3295007Z 
2022-05-13T18:54:29.7781851Z [0m[7m[1m[32m PASS [39m[22m[27m[0m [2mlib/[22m[1mxast.test.js[22m
2022-05-13T18:54:31.0152188Z [0m[7m[1m[32m PASS [39m[22m[27m[0m [2mtest/svgo/[22m[1m_index.test.js[22m
2022-05-13T18:54:31.5106853Z [0m[7m[1m[32m PASS [39m[22m[27m[0m [2mtest/coa/[22m[1m_index.test.js[22m ([0m[1m[41m9.807 s[49m[22m[0m)
2022-05-13T18:54:31.8492673Z [0m[7m[1m[32m PASS [39m[22m[27m[0m [2mtest/jsapi/[22m[1m_index.test.js[22m
2022-05-13T18:54:32.3606846Z [0m[7m[1m[32m PASS [39m[22m[27m[0m [2mtest/plugins/[22m[1mprefixIds.test.js[22m
2022-05-13T18:54:32.9208849Z [0m[7m[1m[32m PASS [39m[22m[27m[0m [2mtest/plugins/[22m[1m_index.test.js[22m
2022-05-13T18:54:32.9275479Z   [1m● [22mConsole
2022-05-13T18:54:32.9275884Z 
2022-05-13T18:54:32.9276895Z     [2m[33mconsole.warn[39m[22m
2022-05-13T18:54:32.9277641Z [33m      Warning: The plugin "removeAttrs" requires the "attrs" parameter.[39m
2022-05-13T18:54:32.9278785Z [33m      It should have a pattern to remove, otherwise the plugin is a noop.[39m
2022-05-13T18:54:32.9279503Z [33m      Config example:[39m
2022-05-13T18:54:32.9280228Z [33m      [39m
2022-05-13T18:54:32.9280615Z [33m      plugins: [[39m
2022-05-13T18:54:32.9280880Z [33m        {[39m
2022-05-13T18:54:32.9281215Z [33m          name: "removeAttrs",[39m
2022-05-13T18:54:32.9281503Z [33m          params: {[39m
2022-05-13T18:54:32.9281876Z [33m            attrs: "(fill|stroke)"[39m
2022-05-13T18:54:32.9282151Z [33m          }[39m
2022-05-13T18:54:32.9282396Z [33m        }[39m
2022-05-13T18:54:32.9282628Z [33m      ][39m
2022-05-13T18:54:32.9282858Z [33m      [39m
2022-05-13T18:54:32.9283079Z [2m[22m
2022-05-13T18:54:32.9283564Z [2m    [0m [90m 92 |[39m exports[33m.[39mfn [33m=[39m (root[33m,[39m params) [33m=>[39m {[0m[22m
2022-05-13T18:54:32.9284154Z [2m    [0m [90m 93 |[39m   [36mif[39m ([36mtypeof[39m params[33m.[39mattrs [33m==[39m [32m'undefined'[39m) {[0m[22m
2022-05-13T18:54:32.9284950Z [2m    [0m[31m[1m>[22m[2m[39m[90m 94 |[39m     console[33m.[39mwarn([33mENOATTRS[39m)[33m;[39m[0m[22m
2022-05-13T18:54:32.9285420Z [2m    [0m [90m    |[39m             [31m[1m^[22m[2m[39m[0m[22m
2022-05-13T18:54:32.9285886Z [2m    [0m [90m 95 |[39m     [36mreturn[39m [36mnull[39m[33m;[39m[0m[22m
2022-05-13T18:54:32.9286435Z [2m    [0m [90m 96 |[39m   }[0m[22m
2022-05-13T18:54:32.9287511Z [2m    [0m [90m 97 |[39m[0m[22m
2022-05-13T18:54:32.9287784Z [2m[22m
2022-05-13T18:54:32.9288460Z [2m      [2mat Object.fn ([22m[2mplugins/removeAttrs.js[2m:94:13)[22m[2m[22m
2022-05-13T18:54:32.9289036Z [2m      [2mat invokePlugins ([22m[2mlib/svgo/plugins.js[2m:36:32)[22m[2m[22m
2022-05-13T18:54:32.9289545Z [2m      [2mat optimize ([22m[2mlib/svgo.js[2m:55:13)[22m[2m[22m
2022-05-13T18:54:32.9290303Z [2m      [2mat [22m[2m[0m[36mtest/plugins/_index.test.js[39m[0m[2m:38:28[22m[2m[22m
2022-05-13T18:54:32.9290816Z 
2022-05-13T18:54:32.9291162Z     [2m[33mconsole.warn[39m[22m
2022-05-13T18:54:32.9291628Z [33m      Warning: The plugin "removeAttrs" requires the "attrs" parameter.[39m
2022-05-13T18:54:32.9292149Z [33m      It should have a pattern to remove, otherwise the plugin is a noop.[39m
2022-05-13T18:54:32.9292505Z [33m      Config example:[39m
2022-05-13T18:54:32.9292754Z [33m      [39m
2022-05-13T18:54:32.9293024Z [33m      plugins: [[39m
2022-05-13T18:54:32.9293279Z [33m        {[39m
2022-05-13T18:54:32.9293581Z [33m          name: "removeAttrs",[39m
2022-05-13T18:54:32.9293882Z [33m          params: {[39m
2022-05-13T18:54:32.9294222Z [33m            attrs: "(fill|stroke)"[39m
2022-05-13T18:54:32.9294494Z [33m          }[39m
2022-05-13T18:54:32.9294723Z [33m        }[39m
2022-05-13T18:54:32.9294958Z [33m      ][39m
2022-05-13T18:54:32.9295184Z [33m      [39m
2022-05-13T18:54:32.9295383Z [2m[22m
2022-05-13T18:54:32.9295863Z [2m    [0m [90m 92 |[39m exports[33m.[39mfn [33m=[39m (root[33m,[39m params) [33m=>[39m {[0m[22m
2022-05-13T18:54:32.9296463Z [2m    [0m [90m 93 |[39m   [36mif[39m ([36mtypeof[39m params[33m.[39mattrs [33m==[39m [32m'undefined'[39m) {[0m[22m
2022-05-13T18:54:32.9297214Z [2m    [0m[31m[1m>[22m[2m[39m[90m 94 |[39m     console[33m.[39mwarn([33mENOATTRS[39m)[33m;[39m[0m[22m
2022-05-13T18:54:32.9297679Z [2m    [0m [90m    |[39m             [31m[1m^[22m[2m[39m[0m[22m
2022-05-13T18:54:32.9298132Z [2m    [0m [90m 95 |[39m     [36mreturn[39m [36mnull[39m[33m;[39m[0m[22m
2022-05-13T18:54:32.9298828Z [2m    [0m [90m 96 |[39m   }[0m[22m
2022-05-13T18:54:32.9299196Z [2m    [0m [90m 97 |[39m[0m[22m
2022-05-13T18:54:32.9299436Z [2m[22m
2022-05-13T18:54:32.9299868Z [2m      [2mat Object.fn ([22m[2mplugins/removeAttrs.js[2m:94:13)[22m[2m[22m
2022-05-13T18:54:32.9300390Z [2m      [2mat invokePlugins ([22m[2mlib/svgo/plugins.js[2m:36:32)[22m[2m[22m
2022-05-13T18:54:32.9300868Z [2m      [2mat optimize ([22m[2mlib/svgo.js[2m:55:13)[22m[2m[22m
2022-05-13T18:54:32.9301391Z [2m      [2mat [22m[2m[0m[36mtest/plugins/_index.test.js[39m[0m[2m:38:28[22m[2m[22m
2022-05-13T18:54:32.9301576Z 
2022-05-13T18:54:32.9779972Z [0m[7m[1m[31m FAIL [39m[22m[27m[0m [2mtest/cli/[22m[1mcli.test.js[22m
2022-05-13T18:54:32.9780610Z [1m[31m  [1m● [22m[1moutput as stream when "-" is specified[39m[22m
2022-05-13T18:54:32.9792100Z 
2022-05-13T18:54:32.9792574Z     [2mexpect([22m[31mreceived[39m[2m).[22mtoEqual[2m([22m[32mexpected[39m[2m) // deep equality[22m
2022-05-13T18:54:32.9792810Z 
2022-05-13T18:54:32.9792973Z     [32m- Expected  - 1[39m
2022-05-13T18:54:32.9793242Z     [31m+ Received  + 3[39m
2022-05-13T18:54:32.9793373Z 
2022-05-13T18:54:32.9793540Z     [32m- [7m<[27msvg[7m/>[27m[39m
2022-05-13T18:54:32.9793781Z     [31m+[39m
2022-05-13T18:54:32.9794081Z     [31m+ [7msingle.[27msvg[7m:[27m[39m
2022-05-13T18:54:32.9794310Z     [31m+[39m
2022-05-13T18:54:32.9794538Z [2m[22m
2022-05-13T18:54:32.9795069Z [2m    [0m [90m 83 |[39m   )[33m;[39m[0m[22m
2022-05-13T18:54:32.9795626Z [2m    [0m [90m 84 |[39m   [36mconst[39m stdout [33m=[39m [36mawait[39m waitStdout(proc)[33m;[39m[0m[22m
2022-05-13T18:54:32.9796246Z [2m    [0m[31m[1m>[22m[2m[39m[90m 85 |[39m   expect(stdout)[33m.[39mtoEqual([32m'<svg/>'[39m)[33m;[39m[0m[22m
2022-05-13T18:54:32.9797094Z [2m    [0m [90m    |[39m                  [31m[1m^[22m[2m[39m[0m[22m
2022-05-13T18:54:32.9797484Z [2m    [0m [90m 86 |[39m })[33m;[39m[0m[22m
2022-05-13T18:54:32.9797817Z [2m    [0m [90m 87 |[39m[0m[22m
2022-05-13T18:54:32.9798566Z [2m    [0m [90m 88 |[39m test([32m'should exit with 1 code on syntax error'[39m[33m,[39m [36masync[39m () [33m=>[39m {[0m[22m
2022-05-13T18:54:32.9798857Z [2m[22m
2022-05-13T18:54:32.9799370Z [2m      [2mat Object.<anonymous>.test ([22m[2m[0m[36mtest/cli/cli.test.js[39m[0m[2m:85:18)[22m[2m[22m
2022-05-13T18:54:32.9799566Z 
2022-05-13T18:54:33.0415359Z ------------------------------------|---------|----------|---------|---------|----------------------------------------------------------------------------------------------------------------------------------------------------------------------------------
2022-05-13T18:54:33.0416803Z File                                | % Stmts | % Branch | % Funcs | % Lines | Uncovered Line #s                                                                                                                                                                
2022-05-13T18:54:33.0418539Z ------------------------------------|---------|----------|---------|---------|----------------------------------------------------------------------------------------------------------------------------------------------------------------------------------
2022-05-13T18:54:33.0430616Z [32;1mAll files                          [0m | [32;1m  89.42[0m | [32;1m   84.62[0m | [32;1m   83.1[0m | [32;1m  89.61[0m | [31;1m                                                                                                                                                                                [0m 
2022-05-13T18:54:33.0431940Z [32;1m lib                               [0m | [32;1m  89.48[0m | [32;1m    85.6[0m | [33;1m  76.62[0m | [32;1m  89.52[0m | [31;1m                                                                                                                                                                                [0m 
2022-05-13T18:54:33.0434234Z [31;1m  css-tools.js                     [0m | [31;1m  26.47[0m | [31;1m    6.89[0m | [31;1m   5.26[0m | [31;1m  26.86[0m | [31;1m15-165,192-222                                                                                                                                                                  [0m 
2022-05-13T18:54:33.0436932Z [32;1m  parser.js                        [0m | [32;1m    100[0m | [32;1m   91.66[0m | [32;1m    100[0m | [32;1m    100[0m | [33;1m36,251                                                                                                                                                                          [0m 
2022-05-13T18:54:33.0438813Z [32;1m  path.js                          [0m | [32;1m  99.37[0m | [32;1m   97.16[0m | [32;1m    100[0m | [32;1m  99.36[0m | [31;1m59                                                                                                                                                                              [0m 
2022-05-13T18:54:33.0440265Z [32;1m  stringifier.js                   [0m | [32;1m  96.96[0m | [32;1m   90.56[0m | [32;1m    100[0m | [32;1m  96.96[0m | [31;1m101-102,243                                                                                                                                                                     [0m 
2022-05-13T18:54:33.0441742Z [32;1m  style.js                         [0m | [32;1m  99.09[0m | [32;1m   95.94[0m | [32;1m    100[0m | [32;1m  99.09[0m | [31;1m64                                                                                                                                                                              [0m 
2022-05-13T18:54:33.0443290Z [32;1m  svgo-node.js                     [0m | [32;1m  92.59[0m | [32;1m   85.71[0m | [32;1m    100[0m | [32;1m  92.59[0m | [31;1m28,36,75,95                                                                                                                                                                     [0m 
2022-05-13T18:54:33.0444742Z [33;1m  svgo.js                          [0m | [33;1m     78[0m | [33;1m   54.16[0m | [32;1m    100[0m | [33;1m  77.55[0m | [31;1m21,39-42,46,53,61-67                                                                                                                                                            [0m 
2022-05-13T18:54:33.0446144Z [32;1m  xast.js                          [0m | [32;1m    100[0m | [32;1m     100[0m | [32;1m    100[0m | [32;1m    100[0m | [33;1m                                                                                                                                                                                [0m 
2022-05-13T18:54:33.0447311Z [33;1m lib/svgo                          [0m | [33;1m  60.28[0m | [31;1m    48.6[0m | [33;1m  56.19[0m | [33;1m  60.66[0m | [31;1m                                                                                                                                                                                [0m 
2022-05-13T18:54:33.0448584Z [33;1m  coa.js                           [0m | [33;1m  56.87[0m | [33;1m   53.84[0m | [33;1m  61.76[0m | [33;1m   56.6[0m | [31;1m87-94,99-107,112-119,124-127,132-133,144,156,165,180,185-186,191,196-199,205-206,211-212,225-226,230,232,236,249-256,271-273,286,333,390-391,394,402-410,429-430,437-456,483-514[0m 
2022-05-13T18:54:33.0450177Z [32;1m  config.js                        [0m | [32;1m  88.57[0m | [33;1m      75[0m | [32;1m    100[0m | [32;1m  87.87[0m | [31;1m102,113,126,136                                                                                                                                                                 [0m 
2022-05-13T18:54:33.0451704Z [33;1m  css-class-list.js                [0m | [33;1m  63.15[0m | [31;1m    37.5[0m | [31;1m  36.36[0m | [33;1m  63.15[0m | [31;1m31-32,39-40,44,48-49,53,57-58,62-65,69                                                                                                                                          [0m 
2022-05-13T18:54:33.0453094Z [33;1m  css-select-adapter.js            [0m | [33;1m  56.89[0m | [31;1m   35.71[0m | [33;1m  53.84[0m | [33;1m  56.89[0m | [31;1m8-12,34-35,39-42,46,50-74,98                                                                                                                                                    [0m 
2022-05-13T18:54:33.0454568Z [33;1m  css-style-declaration.js         [0m | [33;1m  67.74[0m | [31;1m   46.42[0m | [33;1m  68.75[0m | [33;1m  67.74[0m | [31;1m50,61-62,77,95,110,118-126,136-137,147-148,158-165,187-198,215                                                                                                                  [0m 
2022-05-13T18:54:33.0456981Z [33;1m  jsAPI.js                         [0m | [33;1m  53.93[0m | [31;1m      40[0m | [31;1m  45.16[0m | [33;1m  55.69[0m | [31;1m12-31,58-59,67,96-100,135,153-155,174-178,190-199,215,242-281,306-317,330,336-339,363,368,383,402-410,420-422,432,442                                                           [0m 
2022-05-13T18:54:33.0458169Z [33;1m  plugins.js                       [0m | [33;1m  71.73[0m | [33;1m   58.82[0m | [33;1m  57.14[0m | [33;1m  71.11[0m | [31;1m24,27,58-76                                                                                                                                                                     [0m 
2022-05-13T18:54:33.0459548Z [31;1m  tools.js                         [0m | [31;1m  48.93[0m | [31;1m   47.82[0m | [33;1m     60[0m | [33;1m     50[0m | [31;1m13-25,34-52,89-90                                                                                                                                                               [0m 
2022-05-13T18:54:33.0460907Z [32;1m plugins                           [0m | [32;1m  95.94[0m | [32;1m   91.08[0m | [32;1m  99.14[0m | [32;1m  96.06[0m | [31;1m                                                                                                                                                                                [0m 
2022-05-13T18:54:33.0466030Z [32;1m  _collections.js                  [0m | [32;1m    100[0m | [32;1m     100[0m | [32;1m    100[0m | [32;1m    100[0m | [33;1m                                                                                                                                                                                [0m 
2022-05-13T18:54:33.0469640Z [32;1m  _path.js                         [0m | [32;1m  90.08[0m | [32;1m   80.95[0m | [32;1m    100[0m | [32;1m   90.3[0m | [31;1m130-134,137-138,143-145,148-149,272-275,335-337,357-358,367-368,503-520,738-740,764                                                                                             [0m 
2022-05-13T18:54:33.0472162Z [32;1m  _transforms.js                   [0m | [32;1m   97.6[0m | [32;1m   94.59[0m | [32;1m  93.33[0m | [32;1m  97.58[0m | [31;1m119,256,293                                                                                                                                                                     [0m 
2022-05-13T18:54:33.0474130Z [32;1m  addAttributesToSVGElement.js     [0m | [32;1m     90[0m | [32;1m   83.33[0m | [32;1m    100[0m | [32;1m     90[0m | [31;1m59-60                                                                                                                                                                           [0m 
2022-05-13T18:54:33.0476130Z [32;1m  addClassesToSVGElement.js        [0m | [32;1m  88.23[0m | [32;1m   81.25[0m | [32;1m    100[0m | [32;1m  88.23[0m | [31;1m64-65                                                                                                                                                                           [0m 
2022-05-13T18:54:33.0479231Z [32;1m  applyTransforms.js               [0m | [32;1m   80.4[0m | [32;1m   86.45[0m | [32;1m    100[0m | [32;1m   80.4[0m | [31;1m87,98,263-273,288-295,310-317,329-333,343-347                                                                                                                                   [0m 
2022-05-13T18:54:33.0480719Z [32;1m  cleanupAttrs.js                  [0m | [32;1m    100[0m | [33;1m   66.66[0m | [32;1m    100[0m | [32;1m    100[0m | [33;1m30-45                                                                                                                                                                           [0m 
2022-05-13T18:54:33.0482040Z [32;1m  cleanupEnableBackground.js       [0m | [32;1m    100[0m | [32;1m      90[0m | [32;1m    100[0m | [32;1m    100[0m | [33;1m47-48                                                                                                                                                                           [0m 
2022-05-13T18:54:33.0483294Z [32;1m  cleanupIDs.js                    [0m | [32;1m  97.02[0m | [32;1m   88.31[0m | [32;1m    100[0m | [32;1m  96.96[0m | [31;1m100-102                                                                                                                                                                         [0m 
2022-05-13T18:54:33.0484603Z [32;1m  cleanupListOfValues.js           [0m | [32;1m  98.07[0m | [32;1m   95.12[0m | [32;1m    100[0m | [32;1m  98.07[0m | [31;1m92                                                                                                                                                                              [0m 
2022-05-13T18:54:33.0485951Z [32;1m  cleanupNumericValues.js          [0m | [32;1m  97.05[0m | [32;1m   88.88[0m | [32;1m    100[0m | [32;1m  97.05[0m | [31;1m99                                                                                                                                                                              [0m 
2022-05-13T18:54:33.0487624Z [32;1m  collapseGroups.js                [0m | [32;1m    100[0m | [32;1m      96[0m | [32;1m    100[0m | [32;1m    100[0m | [33;1m18,76                                                                                                                                                                           [0m 
2022-05-13T18:54:33.0489522Z [32;1m  convertColors.js                 [0m | [32;1m  95.83[0m | [32;1m   84.84[0m | [32;1m    100[0m | [32;1m  95.83[0m | [31;1m94,96                                                                                                                                                                           [0m 
2022-05-13T18:54:33.0497668Z [32;1m  convertEllipseToCircle.js        [0m | [32;1m    100[0m | [32;1m    92.3[0m | [32;1m    100[0m | [32;1m    100[0m | [33;1m24                                                                                                                                                                              [0m 
2022-05-13T18:54:33.0515530Z [32;1m  convertPathData.js               [0m | [32;1m  99.28[0m | [32;1m   95.73[0m | [32;1m    100[0m | [32;1m  99.75[0m | [31;1m440                                                                                                                                                                             [0m 
2022-05-13T18:54:33.0516875Z [32;1m  convertShapeToPath.js            [0m | [32;1m  97.43[0m | [32;1m   83.07[0m | [32;1m    100[0m | [32;1m  97.33[0m | [31;1m129,154                                                                                                                                                                         [0m 
2022-05-13T18:54:33.0518048Z [32;1m  convertStyleToAttrs.js           [0m | [32;1m    100[0m | [32;1m    91.3[0m | [32;1m    100[0m | [32;1m    100[0m | [33;1m91,109                                                                                                                                                                          [0m 
2022-05-13T18:54:33.0519496Z [32;1m  convertTransform.js              [0m | [32;1m  93.63[0m | [32;1m   83.33[0m | [32;1m  94.44[0m | [32;1m  94.44[0m | [31;1m87,131,209,220,292-302                                                                                                                                                          [0m 
2022-05-13T18:54:33.0520678Z [32;1m  inlineStyles.js                  [0m | [32;1m   96.8[0m | [32;1m   87.87[0m | [32;1m    100[0m | [32;1m  96.77[0m | [31;1m127,248,304,315                                                                                                                                                                 [0m 
2022-05-13T18:54:33.0521900Z [32;1m  mergePaths.js                    [0m | [32;1m    100[0m | [32;1m     100[0m | [32;1m    100[0m | [32;1m    100[0m | [33;1m                                                                                                                                                                                [0m 
2022-05-13T18:54:33.0523100Z [32;1m  mergeStyles.js                   [0m | [32;1m    100[0m | [32;1m     100[0m | [32;1m    100[0m | [32;1m    100[0m | [33;1m                                                                                                                                                                                [0m 
2022-05-13T18:54:33.0524384Z [32;1m  minifyStyles.js                  [0m | [32;1m    100[0m | [32;1m      96[0m | [32;1m    100[0m | [32;1m    100[0m | [33;1m42,117                                                                                                                                                                          [0m 
2022-05-13T18:54:33.0529307Z [32;1m  moveElemsAttrsToGroup.js         [0m | [32;1m  97.77[0m | [32;1m      90[0m | [32;1m    100[0m | [32;1m  97.77[0m | [31;1m112                                                                                                                                                                             [0m 
2022-05-13T18:54:33.0534949Z [32;1m  moveGroupAttrsToElems.js         [0m | [32;1m    100[0m | [32;1m   93.75[0m | [32;1m    100[0m | [32;1m    100[0m | [33;1m52                                                                                                                                                                              [0m 
2022-05-13T18:54:33.0536475Z [32;1m  plugins.js                       [0m | [32;1m    100[0m | [32;1m     100[0m | [32;1m    100[0m | [32;1m    100[0m | [33;1m                                                                                                                                                                                [0m 
2022-05-13T18:54:33.0538161Z [32;1m  prefixIds.js                     [0m | [32;1m  90.36[0m | [32;1m    82.5[0m | [32;1m    100[0m | [32;1m  90.36[0m | [31;1m26,69,96,98,100,109,130,214                                                                                                                                                     [0m 
2022-05-13T18:54:33.0576130Z [32;1m  preset-default.js                [0m | [32;1m    100[0m | [32;1m     100[0m | [32;1m    100[0m | [32;1m    100[0m | [33;1m                                                                                                                                                                                [0m 
2022-05-13T18:54:33.0577595Z [32;1m  removeAttributesBySelector.js    [0m | [32;1m    100[0m | [32;1m   83.33[0m | [32;1m    100[0m | [32;1m    100[0m | [33;1m87                                                                                                                                                                              [0m 
2022-05-13T18:54:33.0579965Z [32;1m  removeAttrs.js                   [0m | [32;1m    100[0m | [32;1m   96.42[0m | [32;1m    100[0m | [32;1m    100[0m | [33;1m99                                                                                                                                                                              [0m 
2022-05-13T18:54:33.0581064Z [32;1m  removeComments.js                [0m | [32;1m    100[0m | [32;1m     100[0m | [32;1m    100[0m | [32;1m    100[0m | [33;1m                                                                                                                                                                                [0m 
2022-05-13T18:54:33.0589881Z [32;1m  removeDesc.js                    [0m | [32;1m    100[0m | [32;1m     100[0m | [32;1m    100[0m | [32;1m    100[0m | [33;1m                                                                                                                                                                                [0m 
2022-05-13T18:54:33.0591195Z [32;1m  removeDimensions.js              [0m | [32;1m    100[0m | [32;1m      80[0m | [32;1m    100[0m | [32;1m    100[0m | [33;1m25,29                                                                                                                                                                           [0m 
2022-05-13T18:54:33.0592677Z [32;1m  removeDoctype.js                 [0m | [32;1m    100[0m | [32;1m     100[0m | [32;1m    100[0m | [32;1m    100[0m | [33;1m                                                                                                                                                                                [0m 
2022-05-13T18:54:33.0594384Z [32;1m  removeEditorsNSData.js           [0m | [32;1m  96.15[0m | [32;1m    87.5[0m | [32;1m    100[0m | [32;1m  96.15[0m | [31;1m28                                                                                                                                                                              [0m 
2022-05-13T18:54:33.0595860Z [32;1m  removeElementsByAttr.js          [0m | [32;1m    100[0m | [32;1m     100[0m | [32;1m    100[0m | [32;1m    100[0m | [33;1m                                                                                                                                                                                [0m 
2022-05-13T18:54:33.0596845Z [32;1m  removeEmptyAttrs.js              [0m | [32;1m    100[0m | [32;1m     100[0m | [32;1m    100[0m | [32;1m    100[0m | [33;1m                                                                                                                                                                                [0m 
2022-05-13T18:54:33.0598013Z [32;1m  removeEmptyContainers.js         [0m | [32;1m    100[0m | [32;1m     100[0m | [32;1m    100[0m | [32;1m    100[0m | [33;1m                                                                                                                                                                                [0m 
2022-05-13T18:54:33.0599351Z [32;1m  removeEmptyText.js               [0m | [32;1m    100[0m | [32;1m     100[0m | [32;1m    100[0m | [32;1m    100[0m | [33;1m                                                                                                                                                                                [0m 
2022-05-13T18:54:33.0600957Z [32;1m  removeHiddenElems.js             [0m | [32;1m    100[0m | [32;1m     100[0m | [32;1m    100[0m | [32;1m    100[0m | [33;1m                                                                                                                                                                                [0m 
2022-05-13T18:54:33.0602447Z [32;1m  removeMetadata.js                [0m | [32;1m    100[0m | [32;1m     100[0m | [32;1m    100[0m | [32;1m    100[0m | [33;1m                                                                                                                                                                                [0m 
2022-05-13T18:54:33.0603972Z [32;1m  removeNonInheritableGroupAttrs.js[0m | [32;1m    100[0m | [32;1m     100[0m | [32;1m    100[0m | [32;1m    100[0m | [33;1m                                                                                                                                                                                [0m 
2022-05-13T18:54:33.0605286Z [32;1m  removeOffCanvasPaths.js          [0m | [32;1m    100[0m | [32;1m   96.96[0m | [32;1m    100[0m | [32;1m    100[0m | [33;1m131                                                                                                                                                                             [0m 
2022-05-13T18:54:33.0606540Z [32;1m  removeRasterImages.js            [0m | [32;1m    100[0m | [32;1m     100[0m | [32;1m    100[0m | [32;1m    100[0m | [33;1m                                                                                                                                                                                [0m 
2022-05-13T18:54:33.0607973Z [32;1m  removeScriptElement.js           [0m | [32;1m    100[0m | [32;1m     100[0m | [32;1m    100[0m | [32;1m    100[0m | [33;1m                                                                                                                                                                                [0m 
2022-05-13T18:54:33.0609491Z [32;1m  removeStyleElement.js            [0m | [32;1m    100[0m | [32;1m     100[0m | [32;1m    100[0m | [32;1m    100[0m | [33;1m                                                                                                                                                                                [0m 
2022-05-13T18:54:33.0611019Z [32;1m  removeTitle.js                   [0m | [32;1m    100[0m | [32;1m     100[0m | [32;1m    100[0m | [32;1m    100[0m | [33;1m                                                                                                                                                                                [0m 
2022-05-13T18:54:33.0612565Z [32;1m  removeUnknownsAndDefaults.js     [0m | [32;1m    100[0m | [32;1m   98.83[0m | [32;1m    100[0m | [32;1m    100[0m | [33;1m47                                                                                                                                                                              [0m 
2022-05-13T18:54:33.0613626Z [32;1m  removeUnusedNS.js                [0m | [32;1m    100[0m | [32;1m   94.44[0m | [32;1m    100[0m | [32;1m    100[0m | [33;1m38                                                                                                                                                                              [0m 
2022-05-13T18:54:33.0614651Z [32;1m  removeUselessDefs.js             [0m | [32;1m  95.83[0m | [32;1m   85.71[0m | [32;1m    100[0m | [32;1m  95.83[0m | [31;1m33                                                                                                                                                                              [0m 
2022-05-13T18:54:33.0615919Z [32;1m  removeUselessStrokeAndFill.js    [0m | [32;1m    100[0m | [32;1m   92.85[0m | [32;1m    100[0m | [32;1m    100[0m | [33;1m65-72,109,132                                                                                                                                                                   [0m 
2022-05-13T18:54:33.0616991Z [32;1m  removeViewBox.js                 [0m | [32;1m    100[0m | [32;1m     100[0m | [32;1m    100[0m | [32;1m    100[0m | [33;1m                                                                                                                                                                                [0m 
2022-05-13T18:54:33.0618125Z [32;1m  removeXMLNS.js                   [0m | [32;1m    100[0m | [33;1m      50[0m | [32;1m    100[0m | [32;1m    100[0m | [33;1m25                                                                                                                                                                              [0m 
2022-05-13T18:54:33.0619660Z [32;1m  removeXMLProcInst.js             [0m | [32;1m    100[0m | [32;1m     100[0m | [32;1m    100[0m | [32;1m    100[0m | [33;1m                                                                                                                                                                                [0m 
2022-05-13T18:54:33.0620687Z [32;1m  reusePaths.js                    [0m | [32;1m    100[0m | [32;1m   95.45[0m | [32;1m    100[0m | [32;1m    100[0m | [33;1m104                                                                                                                                                                             [0m 
2022-05-13T18:54:33.0621690Z [32;1m  sortAttrs.js                     [0m | [32;1m    100[0m | [32;1m     100[0m | [32;1m    100[0m | [32;1m    100[0m | [33;1m                                                                                                                                                                                [0m 
2022-05-13T18:54:33.0622708Z [32;1m  sortDefsChildren.js              [0m | [32;1m   93.1[0m | [32;1m   81.81[0m | [32;1m    100[0m | [32;1m   93.1[0m | [31;1m37,44                                                                                                                                                                           [0m 
2022-05-13T18:54:33.0623827Z ------------------------------------|---------|----------|---------|---------|----------------------------------------------------------------------------------------------------------------------------------------------------------------------------------
2022-05-13T18:54:33.2325700Z [1mTest Suites: [22m[1m[31m1 failed[39m[22m, [1m[32m12 passed[39m[22m, 13 total
2022-05-13T18:54:33.2327212Z [1mTests:       [22m[1m[31m1 failed[39m[22m, [1m[33m3 skipped[39m[22m, [1m[32m431 passed[39m[22m, 435 total
2022-05-13T18:54:33.2328189Z [1mSnapshots:   [22m[1m[32m4 passed[39m[22m, 4 total
2022-05-13T18:54:33.2329027Z [1mTime:[22m        19.744 s
2022-05-13T18:54:33.2329549Z [2mRan all test suites[22m[2m.[22m
2022-05-13T18:54:33.2695900Z ##[error]Process completed with exit code 1.
2022-05-13T18:54:33.2772525Z Post job cleanup.
2022-05-13T18:54:33.4120599Z [command]/usr/bin/git version
2022-05-13T18:54:33.4171824Z git version 2.36.1
2022-05-13T18:54:33.4229889Z Temporarily overriding HOME='/home/runner/work/_temp/314adf0a-3bae-4c37-828a-47ca7bbe388d' before making global git config changes
2022-05-13T18:54:33.4230979Z Adding repository directory to the temporary git global config as a safe directory
2022-05-13T18:54:33.4238571Z [command]/usr/bin/git config --global --add safe.directory /home/runner/work/svgo/svgo
2022-05-13T18:54:33.4285869Z [command]/usr/bin/git config --local --name-only --get-regexp core\.sshCommand
2022-05-13T18:54:33.4324195Z [command]/usr/bin/git submodule foreach --recursive git config --local --name-only --get-regexp 'core\.sshCommand' && git config --local --unset-all 'core.sshCommand' || :
2022-05-13T18:54:33.4608466Z [command]/usr/bin/git config --local --name-only --get-regexp http\.https\:\/\/github\.com\/\.extraheader
2022-05-13T18:54:33.4629290Z http.https://github.com/.extraheader
2022-05-13T18:54:33.4639785Z [command]/usr/bin/git config --local --unset-all http.https://github.com/.extraheader
2022-05-13T18:54:33.4731036Z [command]/usr/bin/git submodule foreach --recursive git config --local --name-only --get-regexp 'http\.https\:\/\/github\.com\/\.extraheader' && git config --local --unset-all 'http.https://github.com/.extraheader' || :
2022-05-13T18:54:33.5312467Z Cleaning up orphan processes