2022-06-07T17:04:00.8266848Z Requested labels: ubuntu-latest
2022-06-07T17:04:00.8266901Z Job defined at: ipfs/ipfs-webui/.github/workflows/ci.yml@refs/pull/1942/merge
2022-06-07T17:04:00.8266921Z Waiting for a runner to pick up this job...
2022-06-07T17:04:02.3832559Z Job is waiting for a hosted runner to come online.
2022-06-07T17:04:16.4140154Z Job is about to start running on the hosted runner: GitHub Actions 3 (hosted)
2022-06-07T17:04:19.9465717Z Current runner version: '2.292.0'
2022-06-07T17:04:19.9493916Z ##[group]Operating System
2022-06-07T17:04:19.9494475Z Ubuntu
2022-06-07T17:04:19.9494714Z 20.04.4
2022-06-07T17:04:19.9494974Z LTS
2022-06-07T17:04:19.9495351Z ##[endgroup]
2022-06-07T17:04:19.9495629Z ##[group]Virtual Environment
2022-06-07T17:04:19.9495993Z Environment: ubuntu-20.04
2022-06-07T17:04:19.9496317Z Version: 20220529.1
2022-06-07T17:04:19.9496796Z Included Software: https://github.com/actions/virtual-environments/blob/ubuntu20/20220529.1/images/linux/Ubuntu2004-Readme.md
2022-06-07T17:04:19.9497484Z Image Release: https://github.com/actions/virtual-environments/releases/tag/ubuntu20%2F20220529.1
2022-06-07T17:04:19.9497967Z ##[endgroup]
2022-06-07T17:04:19.9498319Z ##[group]Virtual Environment Provisioner
2022-06-07T17:04:19.9498634Z 1.0.0.0-main-20220531-1
2022-06-07T17:04:19.9498962Z ##[endgroup]
2022-06-07T17:04:19.9499898Z ##[group]GITHUB_TOKEN Permissions
2022-06-07T17:04:19.9500554Z Actions: read
2022-06-07T17:04:19.9501012Z Checks: read
2022-06-07T17:04:19.9501375Z Contents: read
2022-06-07T17:04:19.9501640Z Deployments: read
2022-06-07T17:04:19.9501952Z Discussions: read
2022-06-07T17:04:19.9502267Z Issues: read
2022-06-07T17:04:19.9502521Z Metadata: read
2022-06-07T17:04:19.9502847Z Packages: read
2022-06-07T17:04:19.9503136Z Pages: read
2022-06-07T17:04:19.9503404Z PullRequests: read
2022-06-07T17:04:19.9503742Z RepositoryProjects: read
2022-06-07T17:04:19.9504115Z SecurityEvents: read
2022-06-07T17:04:19.9504398Z Statuses: read
2022-06-07T17:04:19.9504690Z ##[endgroup]
2022-06-07T17:04:19.9508397Z Secret source: None
2022-06-07T17:04:19.9508893Z Prepare workflow directory
2022-06-07T17:04:20.0983691Z Prepare all required actions
2022-06-07T17:04:20.1154489Z Getting action download info
2022-06-07T17:04:20.3539990Z Download action repository 'actions/checkout@v2' (SHA:7884fcad6b5d53d10323aee724dc68d8b9096a2e)
2022-06-07T17:04:24.0790367Z Download action repository 'actions/setup-node@v2' (SHA:1f8c6b94b26d0feae1e387ca63ccbdc44d27b561)
2022-06-07T17:04:24.7148070Z Download action repository 'actions/cache@v2' (SHA:937d24475381cd9c75ae6db12cb4e79714b926ed)
2022-06-07T17:04:25.4907858Z ##[group]Run actions/checkout@v2
2022-06-07T17:04:25.4908120Z with:
2022-06-07T17:04:25.4908313Z   repository: ipfs/ipfs-webui
2022-06-07T17:04:25.4908723Z   token: ***
2022-06-07T17:04:25.4908914Z   ssh-strict: true
2022-06-07T17:04:25.4909129Z   persist-credentials: true
2022-06-07T17:04:25.4909318Z   clean: true
2022-06-07T17:04:25.4909499Z   fetch-depth: 1
2022-06-07T17:04:25.4909678Z   lfs: false
2022-06-07T17:04:25.4909843Z   submodules: false
2022-06-07T17:04:25.4910043Z   set-safe-directory: true
2022-06-07T17:04:25.4910230Z env:
2022-06-07T17:04:25.4910448Z   XDG_CACHE_HOME: /home/runner/work/ipfs-webui/ipfs-webui/.cache
2022-06-07T17:04:25.4910687Z ##[endgroup]
2022-06-07T17:04:33.1046466Z Syncing repository: ipfs/ipfs-webui
2022-06-07T17:04:33.1504730Z ##[group]Getting Git version info
2022-06-07T17:04:33.1505798Z Working directory is '/home/runner/work/ipfs-webui/ipfs-webui'
2022-06-07T17:04:33.1541885Z [command]/usr/bin/git version
2022-06-07T17:04:33.7626111Z git version 2.36.1
2022-06-07T17:04:33.7657864Z ##[endgroup]
2022-06-07T17:04:33.7686052Z Temporarily overriding HOME='/home/runner/work/_temp/01a52621-5a1e-4aa0-b507-9e531167a6ca' before making global git config changes
2022-06-07T17:04:33.7687315Z Adding repository directory to the temporary git global config as a safe directory
2022-06-07T17:04:33.7688825Z [command]/usr/bin/git config --global --add safe.directory /home/runner/work/ipfs-webui/ipfs-webui
2022-06-07T17:04:33.7736983Z Deleting the contents of '/home/runner/work/ipfs-webui/ipfs-webui'
2022-06-07T17:04:33.7792716Z ##[group]Initializing the repository
2022-06-07T17:04:33.7797500Z [command]/usr/bin/git init /home/runner/work/ipfs-webui/ipfs-webui
2022-06-07T17:04:34.2395162Z hint: Using 'master' as the name for the initial branch. This default branch name
2022-06-07T17:04:34.2421175Z hint: is subject to change. To configure the initial branch name to use in all
2022-06-07T17:04:34.2422377Z hint: of your new repositories, which will suppress this warning, call:
2022-06-07T17:04:34.2422869Z hint: 
2022-06-07T17:04:34.2423692Z hint: 	git config --global init.defaultBranch <name>
2022-06-07T17:04:34.2424142Z hint: 
2022-06-07T17:04:34.2424782Z hint: Names commonly chosen instead of 'master' are 'main', 'trunk' and
2022-06-07T17:04:34.2425618Z hint: 'development'. The just-created branch can be renamed via this command:
2022-06-07T17:04:34.2426140Z hint: 
2022-06-07T17:04:34.2426598Z hint: 	git branch -m <name>
2022-06-07T17:04:34.2427333Z Initialized empty Git repository in /home/runner/work/ipfs-webui/ipfs-webui/.git/
2022-06-07T17:04:34.2428277Z [command]/usr/bin/git remote add origin https://github.com/ipfs/ipfs-webui
2022-06-07T17:04:34.2859943Z ##[endgroup]
2022-06-07T17:04:34.2860898Z ##[group]Disabling automatic garbage collection
2022-06-07T17:04:34.2866391Z [command]/usr/bin/git config --local gc.auto 0
2022-06-07T17:04:34.2899966Z ##[endgroup]
2022-06-07T17:04:34.2901033Z ##[group]Setting up auth
2022-06-07T17:04:34.2908429Z [command]/usr/bin/git config --local --name-only --get-regexp core\.sshCommand
2022-06-07T17:04:34.2941298Z [command]/usr/bin/git submodule foreach --recursive git config --local --name-only --get-regexp 'core\.sshCommand' && git config --local --unset-all 'core.sshCommand' || :
2022-06-07T17:04:35.1632078Z [command]/usr/bin/git config --local --name-only --get-regexp http\.https\:\/\/github\.com\/\.extraheader
2022-06-07T17:04:35.1680218Z [command]/usr/bin/git submodule foreach --recursive git config --local --name-only --get-regexp 'http\.https\:\/\/github\.com\/\.extraheader' && git config --local --unset-all 'http.https://github.com/.extraheader' || :
2022-06-07T17:04:35.1885100Z [command]/usr/bin/git config --local http.https://github.com/.extraheader AUTHORIZATION: basic ***
2022-06-07T17:04:35.1936079Z ##[endgroup]
2022-06-07T17:04:35.1937120Z ##[group]Fetching the repository
2022-06-07T17:04:35.1945662Z [command]/usr/bin/git -c protocol.version=2 fetch --no-tags --prune --progress --no-recurse-submodules --depth=1 origin +19c9f204229d4090a2b4887291489932b25d6565:refs/remotes/pull/1942/merge
2022-06-07T17:04:36.0913151Z remote: Enumerating objects: 697, done.        
2022-06-07T17:04:36.0913930Z remote: Counting objects:   0% (1/697)        
2022-06-07T17:04:36.0914577Z remote: Counting objects:   1% (7/697)        
2022-06-07T17:04:36.0915227Z remote: Counting objects:   2% (14/697)        
2022-06-07T17:04:36.0915894Z remote: Counting objects:   3% (21/697)        
2022-06-07T17:04:36.0916510Z remote: Counting objects:   4% (28/697)        
2022-06-07T17:04:36.0917149Z remote: Counting objects:   5% (35/697)        
2022-06-07T17:04:36.0917790Z remote: Counting objects:   6% (42/697)        
2022-06-07T17:04:36.0918447Z remote: Counting objects:   7% (49/697)        
2022-06-07T17:04:36.0919048Z remote: Counting objects:   8% (56/697)        
2022-06-07T17:04:36.0919685Z remote: Counting objects:   9% (63/697)        
2022-06-07T17:04:36.0920339Z remote: Counting objects:  10% (70/697)        
2022-06-07T17:04:36.0920981Z remote: Counting objects:  11% (77/697)        
2022-06-07T17:04:36.0921541Z remote: Counting objects:  12% (84/697)        
2022-06-07T17:04:36.0922936Z remote: Counting objects:  13% (91/697)        
2022-06-07T17:04:36.0923574Z remote: Counting objects:  14% (98/697)        
2022-06-07T17:04:36.0924243Z remote: Counting objects:  15% (105/697)        
2022-06-07T17:04:36.0924885Z remote: Counting objects:  16% (112/697)        
2022-06-07T17:04:36.0925548Z remote: Counting objects:  17% (119/697)        
2022-06-07T17:04:36.0926194Z remote: Counting objects:  18% (126/697)        
2022-06-07T17:04:36.0926836Z remote: Counting objects:  19% (133/697)        
2022-06-07T17:04:36.0927471Z remote: Counting objects:  20% (140/697)        
2022-06-07T17:04:36.0928115Z remote: Counting objects:  21% (147/697)        
2022-06-07T17:04:36.0928760Z remote: Counting objects:  22% (154/697)        
2022-06-07T17:04:36.0929634Z remote: Counting objects:  23% (161/697)        
2022-06-07T17:04:36.0930312Z remote: Counting objects:  24% (168/697)        
2022-06-07T17:04:36.0930948Z remote: Counting objects:  25% (175/697)        
2022-06-07T17:04:36.0931596Z remote: Counting objects:  26% (182/697)        
2022-06-07T17:04:36.0932243Z remote: Counting objects:  27% (189/697)        
2022-06-07T17:04:36.0932884Z remote: Counting objects:  28% (196/697)        
2022-06-07T17:04:36.0933534Z remote: Counting objects:  29% (203/697)        
2022-06-07T17:04:36.0934173Z remote: Counting objects:  30% (210/697)        
2022-06-07T17:04:36.0934822Z remote: Counting objects:  31% (217/697)        
2022-06-07T17:04:36.0935453Z remote: Counting objects:  32% (224/697)        
2022-06-07T17:04:36.0936102Z remote: Counting objects:  33% (231/697)        
2022-06-07T17:04:36.0936744Z remote: Counting objects:  34% (237/697)        
2022-06-07T17:04:36.0937363Z remote: Counting objects:  35% (244/697)        
2022-06-07T17:04:36.0938028Z remote: Counting objects:  36% (251/697)        
2022-06-07T17:04:36.0938677Z remote: Counting objects:  37% (258/697)        
2022-06-07T17:04:36.0939315Z remote: Counting objects:  38% (265/697)        
2022-06-07T17:04:36.0939975Z remote: Counting objects:  39% (272/697)        
2022-06-07T17:04:36.0940494Z remote: Counting objects:  40% (279/697)        
2022-06-07T17:04:36.0940992Z remote: Counting objects:  41% (286/697)        
2022-06-07T17:04:36.0941499Z remote: Counting objects:  42% (293/697)        
2022-06-07T17:04:36.0941981Z remote: Counting objects:  43% (300/697)        
2022-06-07T17:04:36.0942499Z remote: Counting objects:  44% (307/697)        
2022-06-07T17:04:36.0943001Z remote: Counting objects:  45% (314/697)        
2022-06-07T17:04:36.0943505Z remote: Counting objects:  46% (321/697)        
2022-06-07T17:04:36.0944047Z remote: Counting objects:  47% (328/697)        
2022-06-07T17:04:36.0944556Z remote: Counting objects:  48% (335/697)        
2022-06-07T17:04:36.0945057Z remote: Counting objects:  49% (342/697)        
2022-06-07T17:04:36.0945788Z remote: Counting objects:  50% (349/697)        
2022-06-07T17:04:36.0946185Z remote: Counting objects:  51% (356/697)        
2022-06-07T17:04:36.0946699Z remote: Counting objects:  52% (363/697)        
2022-06-07T17:04:36.0947195Z remote: Counting objects:  53% (370/697)        
2022-06-07T17:04:36.0947693Z remote: Counting objects:  54% (377/697)        
2022-06-07T17:04:36.0948170Z remote: Counting objects:  55% (384/697)        
2022-06-07T17:04:36.0948692Z remote: Counting objects:  56% (391/697)        
2022-06-07T17:04:36.0949186Z remote: Counting objects:  57% (398/697)        
2022-06-07T17:04:36.0949689Z remote: Counting objects:  58% (405/697)        
2022-06-07T17:04:36.0950190Z remote: Counting objects:  59% (412/697)        
2022-06-07T17:04:36.0950688Z remote: Counting objects:  60% (419/697)        
2022-06-07T17:04:36.0951190Z remote: Counting objects:  61% (426/697)        
2022-06-07T17:04:36.0951680Z remote: Counting objects:  62% (433/697)        
2022-06-07T17:04:36.0952190Z remote: Counting objects:  63% (440/697)        
2022-06-07T17:04:36.0952723Z remote: Counting objects:  64% (447/697)        
2022-06-07T17:04:36.0953325Z remote: Counting objects:  65% (454/697)        
2022-06-07T17:04:36.0953723Z remote: Counting objects:  66% (461/697)        
2022-06-07T17:04:36.0953945Z remote: Counting objects:  67% (467/697)        
2022-06-07T17:04:36.0954179Z remote: Counting objects:  68% (474/697)        
2022-06-07T17:04:36.0954412Z remote: Counting objects:  69% (481/697)        
2022-06-07T17:04:36.0954643Z remote: Counting objects:  70% (488/697)        
2022-06-07T17:04:36.0954862Z remote: Counting objects:  71% (495/697)        
2022-06-07T17:04:36.0955092Z remote: Counting objects:  72% (502/697)        
2022-06-07T17:04:36.0955327Z remote: Counting objects:  73% (509/697)        
2022-06-07T17:04:36.0955545Z remote: Counting objects:  74% (516/697)        
2022-06-07T17:04:36.0955776Z remote: Counting objects:  75% (523/697)        
2022-06-07T17:04:36.0956141Z remote: Counting objects:  76% (530/697)        
2022-06-07T17:04:36.0956367Z remote: Counting objects:  77% (537/697)        
2022-06-07T17:04:36.0956599Z remote: Counting objects:  78% (544/697)        
2022-06-07T17:04:36.0956832Z remote: Counting objects:  79% (551/697)        
2022-06-07T17:04:36.0957050Z remote: Counting objects:  80% (558/697)        
2022-06-07T17:04:36.0957282Z remote: Counting objects:  81% (565/697)        
2022-06-07T17:04:36.0957511Z remote: Counting objects:  82% (572/697)        
2022-06-07T17:04:36.0957740Z remote: Counting objects:  83% (579/697)        
2022-06-07T17:04:36.0957960Z remote: Counting objects:  84% (586/697)        
2022-06-07T17:04:36.0958193Z remote: Counting objects:  85% (593/697)        
2022-06-07T17:04:36.0958428Z remote: Counting objects:  86% (600/697)        
2022-06-07T17:04:36.0958643Z remote: Counting objects:  87% (607/697)        
2022-06-07T17:04:36.0958871Z remote: Counting objects:  88% (614/697)        
2022-06-07T17:04:36.0959103Z remote: Counting objects:  89% (621/697)        
2022-06-07T17:04:36.0959325Z remote: Counting objects:  90% (628/697)        
2022-06-07T17:04:36.0959555Z remote: Counting objects:  91% (635/697)        
2022-06-07T17:04:36.0959784Z remote: Counting objects:  92% (642/697)        
2022-06-07T17:04:36.0960000Z remote: Counting objects:  93% (649/697)        
2022-06-07T17:04:36.0960229Z remote: Counting objects:  94% (656/697)        
2022-06-07T17:04:36.0960456Z remote: Counting objects:  95% (663/697)        
2022-06-07T17:04:36.0960945Z remote: Counting objects:  96% (670/697)        
2022-06-07T17:04:36.0961325Z remote: Counting objects:  97% (677/697)        
2022-06-07T17:04:36.0961897Z remote: Counting objects:  98% (684/697)        
2022-06-07T17:04:36.0962413Z remote: Counting objects:  99% (691/697)        
2022-06-07T17:04:36.0962925Z remote: Counting objects: 100% (697/697)        
2022-06-07T17:04:36.0963450Z remote: Counting objects: 100% (697/697), done.        
2022-06-07T17:04:36.0964022Z remote: Compressing objects:   0% (1/633)        
2022-06-07T17:04:36.0964760Z remote: Compressing objects:   1% (7/633)        
2022-06-07T17:04:36.0965223Z remote: Compressing objects:   2% (13/633)        
2022-06-07T17:04:36.0965782Z remote: Compressing objects:   3% (19/633)        
2022-06-07T17:04:36.0966333Z remote: Compressing objects:   4% (26/633)        
2022-06-07T17:04:36.0966894Z remote: Compressing objects:   5% (32/633)        
2022-06-07T17:04:36.0967423Z remote: Compressing objects:   6% (38/633)        
2022-06-07T17:04:36.0967985Z remote: Compressing objects:   7% (45/633)        
2022-06-07T17:04:36.0968532Z remote: Compressing objects:   8% (51/633)        
2022-06-07T17:04:36.0969167Z remote: Compressing objects:   9% (57/633)        
2022-06-07T17:04:36.0969715Z remote: Compressing objects:  10% (64/633)        
2022-06-07T17:04:36.0970265Z remote: Compressing objects:  11% (70/633)        
2022-06-07T17:04:36.0970810Z remote: Compressing objects:  12% (76/633)        
2022-06-07T17:04:36.0971374Z remote: Compressing objects:  13% (83/633)        
2022-06-07T17:04:36.0971904Z remote: Compressing objects:  14% (89/633)        
2022-06-07T17:04:36.0972449Z remote: Compressing objects:  15% (95/633)        
2022-06-07T17:04:36.0973005Z remote: Compressing objects:  16% (102/633)        
2022-06-07T17:04:36.0973599Z remote: Compressing objects:  17% (108/633)        
2022-06-07T17:04:36.0974138Z remote: Compressing objects:  18% (114/633)        
2022-06-07T17:04:36.0974700Z remote: Compressing objects:  19% (121/633)        
2022-06-07T17:04:36.0975244Z remote: Compressing objects:  20% (127/633)        
2022-06-07T17:04:36.0975808Z remote: Compressing objects:  21% (133/633)        
2022-06-07T17:04:36.0976341Z remote: Compressing objects:  22% (140/633)        
2022-06-07T17:04:36.0976899Z remote: Compressing objects:  23% (146/633)        
2022-06-07T17:04:36.0977432Z remote: Compressing objects:  24% (152/633)        
2022-06-07T17:04:36.0978108Z remote: Compressing objects:  25% (159/633)        
2022-06-07T17:04:36.0978650Z remote: Compressing objects:  26% (165/633)        
2022-06-07T17:04:36.0979243Z remote: Compressing objects:  27% (171/633)        
2022-06-07T17:04:36.0979785Z remote: Compressing objects:  28% (178/633)        
2022-06-07T17:04:36.0980339Z remote: Compressing objects:  29% (184/633)        
2022-06-07T17:04:36.0980873Z remote: Compressing objects:  30% (190/633)        
2022-06-07T17:04:36.0981414Z remote: Compressing objects:  31% (197/633)        
2022-06-07T17:04:36.0981967Z remote: Compressing objects:  32% (203/633)        
2022-06-07T17:04:36.0982516Z remote: Compressing objects:  33% (209/633)        
2022-06-07T17:04:36.0983048Z remote: Compressing objects:  34% (216/633)        
2022-06-07T17:04:36.0983586Z remote: Compressing objects:  35% (222/633)        
2022-06-07T17:04:36.0984123Z remote: Compressing objects:  36% (228/633)        
2022-06-07T17:04:36.0984675Z remote: Compressing objects:  37% (235/633)        
2022-06-07T17:04:36.0985209Z remote: Compressing objects:  38% (241/633)        
2022-06-07T17:04:36.0985759Z remote: Compressing objects:  39% (247/633)        
2022-06-07T17:04:36.0986309Z remote: Compressing objects:  40% (254/633)        
2022-06-07T17:04:36.0986859Z remote: Compressing objects:  41% (260/633)        
2022-06-07T17:04:36.0987390Z remote: Compressing objects:  42% (266/633)        
2022-06-07T17:04:36.0987930Z remote: Compressing objects:  43% (273/633)        
2022-06-07T17:04:36.0988476Z remote: Compressing objects:  44% (279/633)        
2022-06-07T17:04:36.0989021Z remote: Compressing objects:  45% (285/633)        
2022-06-07T17:04:36.0989559Z remote: Compressing objects:  46% (292/633)        
2022-06-07T17:04:36.0990105Z remote: Compressing objects:  47% (298/633)        
2022-06-07T17:04:36.0990670Z remote: Compressing objects:  48% (304/633)        
2022-06-07T17:04:36.0991204Z remote: Compressing objects:  49% (311/633)        
2022-06-07T17:04:36.0991757Z remote: Compressing objects:  50% (317/633)        
2022-06-07T17:04:36.0992313Z remote: Compressing objects:  51% (323/633)        
2022-06-07T17:04:36.0993018Z remote: Compressing objects:  52% (330/633)        
2022-06-07T17:04:36.0993490Z remote: Compressing objects:  53% (336/633)        
2022-06-07T17:04:36.0994139Z remote: Compressing objects:  54% (342/633)        
2022-06-07T17:04:36.0994675Z remote: Compressing objects:  55% (349/633)        
2022-06-07T17:04:36.0995210Z remote: Compressing objects:  56% (355/633)        
2022-06-07T17:04:36.0995723Z remote: Compressing objects:  57% (361/633)        
2022-06-07T17:04:36.0996703Z remote: Compressing objects:  58% (368/633)        
2022-06-07T17:04:36.0997457Z remote: Compressing objects:  59% (374/633)        
2022-06-07T17:04:36.0997999Z remote: Compressing objects:  60% (380/633)        
2022-06-07T17:04:36.0998517Z remote: Compressing objects:  61% (387/633)        
2022-06-07T17:04:36.0999051Z remote: Compressing objects:  62% (393/633)        
2022-06-07T17:04:36.0999588Z remote: Compressing objects:  63% (399/633)        
2022-06-07T17:04:36.1000138Z remote: Compressing objects:  64% (406/633)        
2022-06-07T17:04:36.1000649Z remote: Compressing objects:  65% (412/633)        
2022-06-07T17:04:36.1001179Z remote: Compressing objects:  66% (418/633)        
2022-06-07T17:04:36.1001932Z remote: Compressing objects:  67% (425/633)        
2022-06-07T17:04:36.1002468Z remote: Compressing objects:  68% (431/633)        
2022-06-07T17:04:36.1002988Z remote: Compressing objects:  69% (437/633)        
2022-06-07T17:04:36.1003527Z remote: Compressing objects:  70% (444/633)        
2022-06-07T17:04:36.1004057Z remote: Compressing objects:  71% (450/633)        
2022-06-07T17:04:36.1004583Z remote: Compressing objects:  72% (456/633)        
2022-06-07T17:04:36.1005112Z remote: Compressing objects:  73% (463/633)        
2022-06-07T17:04:36.1005669Z remote: Compressing objects:  74% (469/633)        
2022-06-07T17:04:36.1006677Z remote: Compressing objects:  75% (475/633)        
2022-06-07T17:04:36.1007325Z remote: Compressing objects:  76% (482/633)        
2022-06-07T17:04:36.1007872Z remote: Compressing objects:  77% (488/633)        
2022-06-07T17:04:36.1008557Z remote: Compressing objects:  78% (494/633)        
2022-06-07T17:04:36.1009102Z remote: Compressing objects:  79% (501/633)        
2022-06-07T17:04:36.1009794Z remote: Compressing objects:  80% (507/633)        
2022-06-07T17:04:36.1010317Z remote: Compressing objects:  81% (513/633)        
2022-06-07T17:04:36.1010864Z remote: Compressing objects:  82% (520/633)        
2022-06-07T17:04:36.1011424Z remote: Compressing objects:  83% (526/633)        
2022-06-07T17:04:36.1011961Z remote: Compressing objects:  84% (532/633)        
2022-06-07T17:04:36.1012498Z remote: Compressing objects:  85% (539/633)        
2022-06-07T17:04:36.1013033Z remote: Compressing objects:  86% (545/633)        
2022-06-07T17:04:36.1013585Z remote: Compressing objects:  87% (551/633)        
2022-06-07T17:04:36.1014119Z remote: Compressing objects:  88% (558/633)        
2022-06-07T17:04:36.1014649Z remote: Compressing objects:  89% (564/633)        
2022-06-07T17:04:36.1015221Z remote: Compressing objects:  90% (570/633)        
2022-06-07T17:04:36.1015753Z remote: Compressing objects:  91% (577/633)        
2022-06-07T17:04:36.1016287Z remote: Compressing objects:  92% (583/633)        
2022-06-07T17:04:36.1016833Z remote: Compressing objects:  93% (589/633)        
2022-06-07T17:04:36.1017376Z remote: Compressing objects:  94% (596/633)        
2022-06-07T17:04:36.1017903Z remote: Compressing objects:  95% (602/633)        
2022-06-07T17:04:36.1018451Z remote: Compressing objects:  96% (608/633)        
2022-06-07T17:04:36.1018994Z remote: Compressing objects:  97% (615/633)        
2022-06-07T17:04:36.1019511Z remote: Compressing objects:  98% (621/633)        
2022-06-07T17:04:36.1020062Z remote: Compressing objects:  99% (627/633)        
2022-06-07T17:04:36.1020605Z remote: Compressing objects: 100% (633/633)        
2022-06-07T17:04:36.1021165Z remote: Compressing objects: 100% (633/633), done.        
2022-06-07T17:04:36.2402912Z Receiving objects:   0% (1/697)
2022-06-07T17:04:36.2406580Z Receiving objects:   1% (7/697)
2022-06-07T17:04:36.2407836Z Receiving objects:   2% (14/697)
2022-06-07T17:04:36.2408258Z Receiving objects:   3% (21/697)
2022-06-07T17:04:36.2408670Z Receiving objects:   4% (28/697)
2022-06-07T17:04:36.2459256Z Receiving objects:   5% (35/697)
2022-06-07T17:04:36.3412533Z Receiving objects:   6% (42/697)
2022-06-07T17:04:36.3706575Z Receiving objects:   7% (49/697)
2022-06-07T17:04:36.3710745Z Receiving objects:   8% (56/697)
2022-06-07T17:04:36.3714152Z Receiving objects:   9% (63/697)
2022-06-07T17:04:36.3717489Z Receiving objects:  10% (70/697)
2022-06-07T17:04:36.3722485Z Receiving objects:  11% (77/697)
2022-06-07T17:04:36.3726510Z Receiving objects:  12% (84/697)
2022-06-07T17:04:36.3730776Z Receiving objects:  13% (91/697)
2022-06-07T17:04:36.3735163Z Receiving objects:  14% (98/697)
2022-06-07T17:04:36.3740164Z Receiving objects:  15% (105/697)
2022-06-07T17:04:36.3743854Z Receiving objects:  16% (112/697)
2022-06-07T17:04:36.3748733Z Receiving objects:  17% (119/697)
2022-06-07T17:04:36.3752426Z Receiving objects:  18% (126/697)
2022-06-07T17:04:36.3758549Z Receiving objects:  19% (133/697)
2022-06-07T17:04:36.3763352Z Receiving objects:  20% (140/697)
2022-06-07T17:04:36.3767752Z Receiving objects:  21% (147/697)
2022-06-07T17:04:36.3769900Z Receiving objects:  22% (154/697)
2022-06-07T17:04:36.3773044Z Receiving objects:  23% (161/697)
2022-06-07T17:04:36.3775837Z Receiving objects:  24% (168/697)
2022-06-07T17:04:36.3780169Z Receiving objects:  25% (175/697)
2022-06-07T17:04:36.3784833Z Receiving objects:  26% (182/697)
2022-06-07T17:04:36.3791038Z Receiving objects:  27% (189/697)
2022-06-07T17:04:36.3792646Z Receiving objects:  28% (196/697)
2022-06-07T17:04:36.3800112Z Receiving objects:  29% (203/697)
2022-06-07T17:04:36.3802664Z Receiving objects:  30% (210/697)
2022-06-07T17:04:36.3808225Z Receiving objects:  31% (217/697)
2022-06-07T17:04:36.3810045Z Receiving objects:  32% (224/697)
2022-06-07T17:04:36.3815426Z Receiving objects:  33% (231/697)
2022-06-07T17:04:36.3817545Z Receiving objects:  34% (237/697)
2022-06-07T17:04:36.3822449Z Receiving objects:  35% (244/697)
2022-06-07T17:04:36.3825644Z Receiving objects:  36% (251/697)
2022-06-07T17:04:36.3832990Z Receiving objects:  37% (258/697)
2022-06-07T17:04:36.3837618Z Receiving objects:  38% (265/697)
2022-06-07T17:04:36.3844310Z Receiving objects:  39% (272/697)
2022-06-07T17:04:36.3850022Z Receiving objects:  40% (279/697)
2022-06-07T17:04:36.3850513Z Receiving objects:  41% (286/697)
2022-06-07T17:04:36.3855105Z Receiving objects:  42% (293/697)
2022-06-07T17:04:36.3855494Z Receiving objects:  43% (300/697)
2022-06-07T17:04:36.3855855Z Receiving objects:  44% (307/697)
2022-06-07T17:04:36.3858134Z Receiving objects:  45% (314/697)
2022-06-07T17:04:36.3859412Z Receiving objects:  46% (321/697)
2022-06-07T17:04:36.3860927Z Receiving objects:  47% (328/697)
2022-06-07T17:04:36.3862541Z Receiving objects:  48% (335/697)
2022-06-07T17:04:36.3864013Z Receiving objects:  49% (342/697)
2022-06-07T17:04:36.3868149Z Receiving objects:  50% (349/697)
2022-06-07T17:04:36.3869558Z Receiving objects:  51% (356/697)
2022-06-07T17:04:36.3870404Z Receiving objects:  52% (363/697)
2022-06-07T17:04:36.3876971Z Receiving objects:  53% (370/697)
2022-06-07T17:04:36.3877382Z Receiving objects:  54% (377/697)
2022-06-07T17:04:36.3877763Z Receiving objects:  55% (384/697)
2022-06-07T17:04:36.3882975Z Receiving objects:  56% (391/697)
2022-06-07T17:04:36.3883353Z Receiving objects:  57% (398/697)
2022-06-07T17:04:36.3883733Z Receiving objects:  58% (405/697)
2022-06-07T17:04:36.3885737Z Receiving objects:  59% (412/697)
2022-06-07T17:04:36.3887825Z Receiving objects:  60% (419/697)
2022-06-07T17:04:36.3922614Z Receiving objects:  61% (426/697)
2022-06-07T17:04:36.3927789Z Receiving objects:  62% (433/697)
2022-06-07T17:04:36.3928364Z Receiving objects:  63% (440/697)
2022-06-07T17:04:36.3932763Z Receiving objects:  64% (447/697)
2022-06-07T17:04:36.3933365Z Receiving objects:  65% (454/697)
2022-06-07T17:04:36.3933870Z Receiving objects:  66% (461/697)
2022-06-07T17:04:36.3939216Z Receiving objects:  67% (467/697)
2022-06-07T17:04:36.3939628Z Receiving objects:  68% (474/697)
2022-06-07T17:04:36.3940107Z Receiving objects:  69% (481/697)
2022-06-07T17:04:36.3944268Z Receiving objects:  70% (488/697)
2022-06-07T17:04:36.3944798Z Receiving objects:  71% (495/697)
2022-06-07T17:04:36.3945185Z Receiving objects:  72% (502/697)
2022-06-07T17:04:36.3945571Z Receiving objects:  73% (509/697)
2022-06-07T17:04:36.3945937Z Receiving objects:  74% (516/697)
2022-06-07T17:04:36.3950217Z Receiving objects:  75% (523/697)
2022-06-07T17:04:36.3950618Z Receiving objects:  76% (530/697)
2022-06-07T17:04:36.3950971Z Receiving objects:  77% (537/697)
2022-06-07T17:04:36.3951344Z Receiving objects:  78% (544/697)
2022-06-07T17:04:36.3953309Z Receiving objects:  79% (551/697)
2022-06-07T17:04:36.3953709Z Receiving objects:  80% (558/697)
2022-06-07T17:04:36.3956176Z Receiving objects:  81% (565/697)
2022-06-07T17:04:36.3956580Z Receiving objects:  82% (572/697)
2022-06-07T17:04:36.3959788Z Receiving objects:  83% (579/697)
2022-06-07T17:04:36.3963902Z Receiving objects:  84% (586/697)
2022-06-07T17:04:36.3964299Z Receiving objects:  85% (593/697)
2022-06-07T17:04:36.3966552Z Receiving objects:  86% (600/697)
2022-06-07T17:04:36.3969730Z Receiving objects:  87% (607/697)
2022-06-07T17:04:36.3971914Z Receiving objects:  88% (614/697)
2022-06-07T17:04:36.3974746Z Receiving objects:  89% (621/697)
2022-06-07T17:04:36.3985408Z Receiving objects:  90% (628/697)
2022-06-07T17:04:36.4057411Z Receiving objects:  91% (635/697)
2022-06-07T17:04:36.4058577Z remote: Total 697 (delta 43), reused 382 (delta 13), pack-reused 0        
2022-06-07T17:04:36.4074774Z Receiving objects:  92% (642/697)
2022-06-07T17:04:36.4075369Z Receiving objects:  93% (649/697)
2022-06-07T17:04:36.4080147Z Receiving objects:  94% (656/697)
2022-06-07T17:04:36.4080971Z Receiving objects:  95% (663/697)
2022-06-07T17:04:36.4087085Z Receiving objects:  96% (670/697)
2022-06-07T17:04:36.4087728Z Receiving objects:  97% (677/697)
2022-06-07T17:04:36.4088335Z Receiving objects:  98% (684/697)
2022-06-07T17:04:36.4088980Z Receiving objects:  99% (691/697)
2022-06-07T17:04:36.4089591Z Receiving objects: 100% (697/697)
2022-06-07T17:04:36.4090061Z Receiving objects: 100% (697/697), 2.81 MiB | 12.65 MiB/s, done.
2022-06-07T17:04:36.4095629Z Resolving deltas:   0% (0/43)
2022-06-07T17:04:36.4096239Z Resolving deltas:   2% (1/43)
2022-06-07T17:04:36.4096771Z Resolving deltas:   4% (2/43)
2022-06-07T17:04:36.4097513Z Resolving deltas:   6% (3/43)
2022-06-07T17:04:36.4098138Z Resolving deltas:   9% (4/43)
2022-06-07T17:04:36.4105009Z Resolving deltas:  11% (5/43)
2022-06-07T17:04:36.4105612Z Resolving deltas:  13% (6/43)
2022-06-07T17:04:36.4106090Z Resolving deltas:  16% (7/43)
2022-06-07T17:04:36.4106603Z Resolving deltas:  18% (8/43)
2022-06-07T17:04:36.4167948Z Resolving deltas:  20% (9/43)
2022-06-07T17:04:36.4168251Z Resolving deltas:  23% (10/43)
2022-06-07T17:04:36.4168475Z Resolving deltas:  25% (11/43)
2022-06-07T17:04:36.4168673Z Resolving deltas:  27% (12/43)
2022-06-07T17:04:36.4168904Z Resolving deltas:  30% (13/43)
2022-06-07T17:04:36.4169197Z Resolving deltas:  32% (14/43)
2022-06-07T17:04:36.4169551Z Resolving deltas:  34% (15/43)
2022-06-07T17:04:36.4169839Z Resolving deltas:  37% (16/43)
2022-06-07T17:04:36.4170148Z Resolving deltas:  39% (17/43)
2022-06-07T17:04:36.4170440Z Resolving deltas:  41% (18/43)
2022-06-07T17:04:36.4170707Z Resolving deltas:  44% (19/43)
2022-06-07T17:04:36.4171021Z Resolving deltas:  46% (20/43)
2022-06-07T17:04:36.4171306Z Resolving deltas:  48% (21/43)
2022-06-07T17:04:36.4171583Z Resolving deltas:  51% (22/43)
2022-06-07T17:04:36.4171861Z Resolving deltas:  53% (23/43)
2022-06-07T17:04:36.4172152Z Resolving deltas:  55% (24/43)
2022-06-07T17:04:36.4172428Z Resolving deltas:  58% (25/43)
2022-06-07T17:04:36.4172718Z Resolving deltas:  60% (26/43)
2022-06-07T17:04:36.4173006Z Resolving deltas:  62% (27/43)
2022-06-07T17:04:36.4184905Z Resolving deltas:  65% (28/43)
2022-06-07T17:04:36.4185269Z Resolving deltas:  67% (29/43)
2022-06-07T17:04:36.4185477Z Resolving deltas:  69% (30/43)
2022-06-07T17:04:36.4185666Z Resolving deltas:  72% (31/43)
2022-06-07T17:04:36.4185876Z Resolving deltas:  74% (32/43)
2022-06-07T17:04:36.4186080Z Resolving deltas:  76% (33/43)
2022-06-07T17:04:36.4186269Z Resolving deltas:  79% (34/43)
2022-06-07T17:04:36.4186471Z Resolving deltas:  81% (35/43)
2022-06-07T17:04:36.4186675Z Resolving deltas:  83% (36/43)
2022-06-07T17:04:36.4186863Z Resolving deltas:  86% (37/43)
2022-06-07T17:04:36.4187068Z Resolving deltas:  88% (38/43)
2022-06-07T17:04:36.4187269Z Resolving deltas:  90% (39/43)
2022-06-07T17:04:36.4187469Z Resolving deltas:  93% (40/43)
2022-06-07T17:04:36.4187657Z Resolving deltas:  95% (41/43)
2022-06-07T17:04:36.4187862Z Resolving deltas:  97% (42/43)
2022-06-07T17:04:36.4188078Z Resolving deltas: 100% (43/43)
2022-06-07T17:04:36.4188277Z Resolving deltas: 100% (43/43), done.
2022-06-07T17:04:36.6161541Z From https://github.com/ipfs/ipfs-webui
2022-06-07T17:04:36.6166165Z  * [new ref]         19c9f204229d4090a2b4887291489932b25d6565 -> pull/1942/merge
2022-06-07T17:04:36.6188719Z ##[endgroup]
2022-06-07T17:04:36.6199261Z ##[group]Determining the checkout info
2022-06-07T17:04:36.6200860Z ##[endgroup]
2022-06-07T17:04:36.6202303Z ##[group]Checking out the ref
2022-06-07T17:04:36.6203594Z [command]/usr/bin/git checkout --progress --force refs/remotes/pull/1942/merge
2022-06-07T17:04:36.6692911Z Note: switching to 'refs/remotes/pull/1942/merge'.
2022-06-07T17:04:36.6693315Z 
2022-06-07T17:04:36.6693725Z You are in 'detached HEAD' state. You can look around, make experimental
2022-06-07T17:04:36.6694422Z changes and commit them, and you can discard any commits you make in this
2022-06-07T17:04:36.6694923Z state without impacting any branches by switching back to a branch.
2022-06-07T17:04:36.6695451Z 
2022-06-07T17:04:36.6695666Z If you want to create a new branch to retain commits you create, you may
2022-06-07T17:04:36.6696316Z do so (now or later) by using -c with the switch command. Example:
2022-06-07T17:04:36.6696594Z 
2022-06-07T17:04:36.6696916Z   git switch -c <new-branch-name>
2022-06-07T17:04:36.6697156Z 
2022-06-07T17:04:36.6697319Z Or undo this operation with:
2022-06-07T17:04:36.6697525Z 
2022-06-07T17:04:36.6697632Z   git switch -
2022-06-07T17:04:36.6697800Z 
2022-06-07T17:04:36.6698057Z Turn off this advice by setting config variable advice.detachedHead to false
2022-06-07T17:04:36.6698346Z 
2022-06-07T17:04:36.6698632Z HEAD is now at 19c9f20 Merge 5d00c7443882d1c2b2d98159ae62370a4e5b58d6 into f3a886568a9045318ee340c1b5ebe811f7d9de04
2022-06-07T17:04:36.6701436Z ##[endgroup]
2022-06-07T17:04:36.6753840Z [command]/usr/bin/git log -1 --format='%H'
2022-06-07T17:04:36.6785181Z '19c9f204229d4090a2b4887291489932b25d6565'
2022-06-07T17:04:36.7072821Z ##[group]Run actions/setup-node@v2
2022-06-07T17:04:36.7073134Z with:
2022-06-07T17:04:36.7073373Z   node-version: 16
2022-06-07T17:04:36.7073614Z   always-auth: false
2022-06-07T17:04:36.7073905Z   check-latest: false
2022-06-07T17:04:36.7074284Z   token: ***
2022-06-07T17:04:36.7074470Z env:
2022-06-07T17:04:36.7074886Z   XDG_CACHE_HOME: /home/runner/work/ipfs-webui/ipfs-webui/.cache
2022-06-07T17:04:36.7075207Z ##[endgroup]
2022-06-07T17:04:36.9151020Z Found in cache @ /opt/hostedtoolcache/node/16.15.0/x64
2022-06-07T17:04:44.3596443Z ##[group]Run actions/cache@v2
2022-06-07T17:04:44.3596670Z with:
2022-06-07T17:04:44.3596989Z   path: /home/runner/work/ipfs-webui/ipfs-webui/.cache
2022-06-07T17:04:44.3597380Z   key: Linux-67e3e0a8972e1bf53bb7ffa7409ba4d1cb1e54663cedd0fc6aeaafcfde65c00b
2022-06-07T17:04:44.3597827Z   restore-keys: Linux-67e3e0a8972e1bf53bb7ffa7409ba4d1cb1e54663cedd0fc6aeaafcfde65c00b
Linux-

2022-06-07T17:04:44.3598192Z env:
2022-06-07T17:04:44.3598500Z   XDG_CACHE_HOME: /home/runner/work/ipfs-webui/ipfs-webui/.cache
2022-06-07T17:04:44.3598794Z ##[endgroup]
2022-06-07T17:04:46.3400331Z Received 121634816 of 281938879 (43.1%), 115.8 MBs/sec
2022-06-07T17:04:47.0678550Z Received 281938879 of 281938879 (100.0%), 155.3 MBs/sec
2022-06-07T17:04:47.0686056Z Cache Size: ~269 MB (281938879 B)
2022-06-07T17:04:47.0709878Z [command]/usr/bin/tar --use-compress-program zstd -d -xf /home/runner/work/_temp/101b708d-59af-423d-953b-4ddc11f2a213/cache.tzst -P -C /home/runner/work/ipfs-webui/ipfs-webui
2022-06-07T17:04:49.6069277Z Cache restored successfully
2022-06-07T17:04:49.8670887Z 
2022-06-07T17:04:49.8701272Z Cache restored from key: Linux-67e3e0a8972e1bf53bb7ffa7409ba4d1cb1e54663cedd0fc6aeaafcfde65c00b
2022-06-07T17:04:49.8823667Z ##[group]Run npm ci --prefer-offline --no-audit --progress=false --cache /home/runner/work/ipfs-webui/ipfs-webui/.cache/npm
2022-06-07T17:04:49.8824219Z [36;1mnpm ci --prefer-offline --no-audit --progress=false --cache /home/runner/work/ipfs-webui/ipfs-webui/.cache/npm[0m
2022-06-07T17:04:49.8873025Z shell: /usr/bin/bash -e {0}
2022-06-07T17:04:49.8873246Z env:
2022-06-07T17:04:49.8873500Z   XDG_CACHE_HOME: /home/runner/work/ipfs-webui/ipfs-webui/.cache
2022-06-07T17:04:49.8873739Z ##[endgroup]
2022-06-07T17:05:26.4727047Z npm WARN deprecated window.ipfs-fallback@1.2.1: Package no longer supported. Use more flexible ipfs-provider instead.
2022-06-07T17:05:26.5985219Z npm WARN deprecated flatten@1.0.3: flatten is deprecated in favor of utility frameworks such as lodash.
2022-06-07T17:05:27.1164317Z npm WARN deprecated request-promise-native@1.0.9: request-promise-native has been deprecated because it extends the now deprecated request package, see https://github.com/request/request/issues/3142
2022-06-07T17:05:27.2708600Z npm WARN deprecated @hapi/topo@3.1.6: This version has been deprecated and is no longer supported or maintained
2022-06-07T17:05:27.2749872Z npm WARN deprecated @hapi/bourne@1.3.2: This version has been deprecated and is no longer supported or maintained
2022-06-07T17:05:27.8117544Z npm WARN deprecated urix@0.1.0: Please see https://github.com/lydell/urix#deprecated
2022-06-07T17:05:27.8818955Z npm WARN deprecated interface-ipld-format@1.0.0: This module has been superseded by the multiformats module
2022-06-07T17:05:27.8883986Z npm WARN deprecated har-validator@5.1.5: this library is no longer supported
2022-06-07T17:05:28.4249977Z npm WARN deprecated noble-secp256k1@1.2.14: Switch to namespaced @noble/secp256k1 for security and feature updates
2022-06-07T17:05:28.4259905Z npm WARN deprecated noble-ed25519@1.2.6: Switch to namespaced @noble/ed25519 for security and feature updates
2022-06-07T17:05:28.4563953Z npm WARN deprecated ethereumjs-account@3.0.0: Please use Util.Account class found on package ethereumjs-util@^7.0.6 https://github.com/ethereumjs/ethereumjs-util/releases/tag/v7.0.6
2022-06-07T17:05:29.0266405Z npm WARN deprecated resolve-url@0.2.1: https://github.com/lydell/resolve-url#deprecated
2022-06-07T17:05:29.3727678Z npm WARN deprecated ipld-raw@6.0.0: This module has been superseded by the multiformats module
2022-06-07T17:05:29.4281446Z npm WARN deprecated source-map-resolve@0.5.3: See https://github.com/lydell/source-map-resolve#deprecated
2022-06-07T17:05:29.5919920Z npm WARN deprecated source-map-url@0.4.0: See https://github.com/lydell/source-map-url#deprecated
2022-06-07T17:05:29.7982845Z npm WARN deprecated formidable@1.2.6: Please upgrade to latest, formidable@v2 or formidable@v3! Check these notes: https://bit.ly/2ZEqIau
2022-06-07T17:05:30.3819008Z npm WARN deprecated ethereumjs-block@2.2.2: New package name format for new versions: @ethereumjs/block. Please update.
2022-06-07T17:05:30.4769922Z npm WARN deprecated sane@4.1.0: some dependency vulnerabilities fixed, support for node < 10 dropped, and newer ECMAScript syntax/features added
2022-06-07T17:05:30.4919148Z npm WARN deprecated multibase@1.0.1: This module has been superseded by the multiformats module
2022-06-07T17:05:30.5423580Z npm WARN deprecated debug@3.2.6: Debug versions >=3.2.0 <3.2.7 || >=4 <4.3.1 have a low-severity ReDos regression when used in a Node.js environment. It is recommended you upgrade to 3.2.7 or 4.3.1. (https://github.com/visionmedia/debug/issues/797)
2022-06-07T17:05:30.6168257Z npm WARN deprecated topojson@3.0.2: Use topojson-client, topojson-server or topojson-simplify directly.
2022-06-07T17:05:30.6420417Z npm WARN deprecated ipld-raw@7.0.0: This module has been superseded by the multiformats module
2022-06-07T17:05:30.6545766Z npm WARN deprecated electron-prebuilt@1.4.13: electron-prebuilt has been renamed to electron. For more details, see http://electron.atom.io/blog/2016/08/16/npm-install-electron
2022-06-07T17:05:30.6618015Z npm WARN deprecated cids@1.1.6: This module has been superseded by the multiformats module
2022-06-07T17:05:30.6798495Z npm WARN deprecated chokidar@2.1.8: Chokidar 2 does not receive security updates since 2019. Upgrade to chokidar 3 with 15x fewer dependencies
2022-06-07T17:05:30.6820900Z npm WARN deprecated chokidar@2.1.8: Chokidar 2 does not receive security updates since 2019. Upgrade to chokidar 3 with 15x fewer dependencies
2022-06-07T17:05:30.7246769Z npm WARN deprecated chokidar@2.1.8: Chokidar 2 does not receive security updates since 2019. Upgrade to chokidar 3 with 15x fewer dependencies
2022-06-07T17:05:30.7266140Z npm WARN deprecated chokidar@2.1.8: Chokidar 2 does not receive security updates since 2019. Upgrade to chokidar 3 with 15x fewer dependencies
2022-06-07T17:05:30.7591779Z npm WARN deprecated querystring@0.2.0: The querystring API is considered Legacy. new code should use the URLSearchParams API instead.
2022-06-07T17:05:30.7660886Z npm WARN deprecated multihashing-async@1.0.0: This module has been superseded by the multiformats module
2022-06-07T17:05:31.0222470Z npm WARN deprecated babel-eslint@10.1.0: babel-eslint is now @babel/eslint-parser. This package will no longer receive updates.
2022-06-07T17:05:31.0985387Z npm WARN deprecated ethereumjs-tx@2.1.2: New package name format for new versions: @ethereumjs/tx. Please update.
2022-06-07T17:05:31.1285206Z npm WARN deprecated @hapi/address@2.1.4: Moved to 'npm install @sideway/address'
2022-06-07T17:05:31.2785499Z npm WARN deprecated rollup-plugin-babel@4.4.0: This package has been deprecated and is no longer maintained. Please use @rollup/plugin-babel.
2022-06-07T17:05:31.3042284Z npm WARN deprecated ipld-dag-cbor@0.17.1: This module has been superseded by @ipld/dag-cbor and multiformats
2022-06-07T17:05:31.7964019Z npm WARN deprecated uuid@3.4.0: Please upgrade  to version 7 or higher.  Older versions may use Math.random() in certain circumstances, which is known to be problematic.  See https://v8.dev/blog/math-random for details.
2022-06-07T17:05:31.9660727Z npm WARN deprecated multibase@4.0.2: This module has been superseded by the multiformats module
2022-06-07T17:05:31.9676609Z npm WARN deprecated multibase@4.0.2: This module has been superseded by the multiformats module
2022-06-07T17:05:31.9693935Z npm WARN deprecated multibase@4.0.2: This module has been superseded by the multiformats module
2022-06-07T17:05:31.9701007Z npm WARN deprecated multibase@4.0.2: This module has been superseded by the multiformats module
2022-06-07T17:05:31.9721148Z npm WARN deprecated multibase@4.0.2: This module has been superseded by the multiformats module
2022-06-07T17:05:31.9832521Z npm WARN deprecated multibase@4.0.2: This module has been superseded by the multiformats module
2022-06-07T17:05:31.9847826Z npm WARN deprecated multibase@4.0.2: This module has been superseded by the multiformats module
2022-06-07T17:05:31.9942218Z npm WARN deprecated multibase@4.0.2: This module has been superseded by the multiformats module
2022-06-07T17:05:32.0930058Z npm WARN deprecated multibase@3.1.1: This module has been superseded by the multiformats module
2022-06-07T17:05:32.0930950Z npm WARN deprecated multibase@4.0.6: This module has been superseded by the multiformats module
2022-06-07T17:05:32.0931766Z npm WARN deprecated multibase@3.1.1: This module has been superseded by the multiformats module
2022-06-07T17:05:32.0932489Z npm WARN deprecated multibase@4.0.4: This module has been superseded by the multiformats module
2022-06-07T17:05:32.0933183Z npm WARN deprecated multibase@4.0.4: This module has been superseded by the multiformats module
2022-06-07T17:05:32.0933872Z npm WARN deprecated multibase@4.0.4: This module has been superseded by the multiformats module
2022-06-07T17:05:32.0934492Z npm WARN deprecated multibase@4.0.6: This module has been superseded by the multiformats module
2022-06-07T17:05:32.1530276Z npm WARN deprecated multibase@3.1.2: This module has been superseded by the multiformats module
2022-06-07T17:05:32.1563161Z npm WARN deprecated multibase@3.1.2: This module has been superseded by the multiformats module
2022-06-07T17:05:32.1595956Z npm WARN deprecated multibase@3.1.2: This module has been superseded by the multiformats module
2022-06-07T17:05:32.5184938Z npm WARN deprecated multihashing-async@2.1.2: This module has been superseded by the multiformats module
2022-06-07T17:05:32.5194963Z npm WARN deprecated multihashing-async@2.1.2: This module has been superseded by the multiformats module
2022-06-07T17:05:32.5203157Z npm WARN deprecated multihashing-async@2.1.2: This module has been superseded by the multiformats module
2022-06-07T17:05:32.5215196Z npm WARN deprecated multihashing-async@2.1.2: This module has been superseded by the multiformats module
2022-06-07T17:05:32.5230457Z npm WARN deprecated multihashing-async@2.1.2: This module has been superseded by the multiformats module
2022-06-07T17:05:32.5246554Z npm WARN deprecated multihashing-async@2.1.2: This module has been superseded by the multiformats module
2022-06-07T17:05:32.5277991Z npm WARN deprecated multihashing-async@2.1.2: This module has been superseded by the multiformats module
2022-06-07T17:05:32.6901526Z npm WARN deprecated request@2.88.2: request has been deprecated, see https://github.com/request/request/issues/3142
2022-06-07T17:05:32.7680787Z npm WARN deprecated ipld@0.29.0: Please use the multiformats module instead
2022-06-07T17:05:32.7805127Z npm WARN deprecated @hapi/hoek@8.5.1: This version has been deprecated and is no longer supported or maintained
2022-06-07T17:05:33.3668267Z npm WARN deprecated ipld-dag-pb@0.20.0: This module has been superseded by @ipld/dag-pb and multiformats
2022-06-07T17:05:33.7198385Z npm WARN deprecated multicodec@3.0.1: This module has been superseded by the multiformats module
2022-06-07T17:05:33.7205937Z npm WARN deprecated multicodec@3.0.1: This module has been superseded by the multiformats module
2022-06-07T17:05:33.7217518Z npm WARN deprecated multicodec@3.0.1: This module has been superseded by the multiformats module
2022-06-07T17:05:33.7224239Z npm WARN deprecated multicodec@3.0.1: This module has been superseded by the multiformats module
2022-06-07T17:05:33.7263054Z npm WARN deprecated multicodec@3.0.1: This module has been superseded by the multiformats module
2022-06-07T17:05:33.7270607Z npm WARN deprecated multicodec@3.0.1: This module has been superseded by the multiformats module
2022-06-07T17:05:33.7292628Z npm WARN deprecated multicodec@3.0.1: This module has been superseded by the multiformats module
2022-06-07T17:05:34.0595722Z npm WARN deprecated ecstatic@3.3.2: This package is unmaintained and deprecated. See the GH Issue 259.
2022-06-07T17:05:34.9226922Z npm WARN deprecated ipfs-block-service@0.19.0: This module has been merged into ipfs
2022-06-07T17:05:34.9993358Z npm WARN deprecated multicodec@2.1.3: This module has been superseded by the multiformats module
2022-06-07T17:05:35.0012550Z npm WARN deprecated multicodec@2.1.3: This module has been superseded by the multiformats module
2022-06-07T17:05:35.0693433Z npm WARN deprecated ipld-git@0.6.4: This module is no longer maintained
2022-06-07T17:05:35.3095590Z npm WARN deprecated ipld-dag-cbor@0.18.0: This module has been superseded by @ipld/dag-cbor and multiformats
2022-06-07T17:05:35.3111493Z npm WARN deprecated ipld-dag-cbor@0.18.0: This module has been superseded by @ipld/dag-cbor and multiformats
2022-06-07T17:05:35.4027724Z npm WARN deprecated protons@2.0.0: This module is no longer maintained
2022-06-07T17:05:35.4037868Z npm WARN deprecated ipld-dag-pb@0.22.2: This module has been superseded by @ipld/dag-pb and multiformats
2022-06-07T17:05:35.6732016Z npm WARN deprecated @hapi/joi@15.1.1: Switch to 'npm install joi'
2022-06-07T17:05:35.7419622Z npm WARN deprecated ipld-ethereum@6.0.0: This module is no longer maintained
2022-06-07T17:05:36.1240484Z npm WARN deprecated ethereumjs-common@1.5.2: New package name format for new versions: @ethereumjs/common. Please update.
2022-06-07T17:05:36.1730695Z npm WARN deprecated svgo@1.3.2: This SVGO version is no longer supported. Upgrade to v2.x.x.
2022-06-07T17:05:38.0191123Z npm WARN deprecated @storybook/addon-knobs@5.3.21: deprecating @storybook/addon-knobs in favor of @storybook/addon-controls
2022-06-07T17:05:39.4303276Z npm WARN deprecated popper.js@1.16.1: You can find the new Popper v2 at @popperjs/core, this package is dedicated to the legacy v1
2022-06-07T17:05:40.0030030Z npm WARN deprecated iltorb@2.4.5: The zlib module provides APIs for brotli compression/decompression starting with Node.js v10.16.0, please use it over iltorb
2022-06-07T17:05:42.3039448Z npm WARN deprecated highlight.js@9.13.1: Version no longer supported. Upgrade to @latest
2022-06-07T17:05:44.7047529Z npm WARN deprecated highlight.js@9.18.5: Support has ended for 9.x series. Upgrade to @latest
2022-06-07T17:05:51.6563681Z npm WARN deprecated core-js@2.6.11: core-js@<3.4 is no longer maintained and not recommended for usage due to the number of issues. Because of the V8 engine whims, feature detection in old core-js versions could cause a slowdown up to 100x even if nothing is polyfilled. Please, upgrade your dependencies to the actual version of core-js.
2022-06-07T17:06:32.1555290Z 
2022-06-07T17:06:32.1556071Z added 4361 packages in 1m
2022-06-07T17:06:32.1561225Z 
2022-06-07T17:06:32.1562926Z 269 packages are looking for funding
2022-06-07T17:06:32.1563657Z   run `npm fund` for details
2022-06-07T17:06:32.2250226Z ##[group]Run npm run test:unit
2022-06-07T17:06:32.2250473Z [36;1mnpm run test:unit[0m
2022-06-07T17:06:32.2297763Z shell: /usr/bin/bash -e {0}
2022-06-07T17:06:32.2297972Z env:
2022-06-07T17:06:32.2298229Z   XDG_CACHE_HOME: /home/runner/work/ipfs-webui/ipfs-webui/.cache
2022-06-07T17:06:32.2298478Z ##[endgroup]
2022-06-07T17:06:32.5220861Z 
2022-06-07T17:06:32.5222136Z > ipfs-webui@2.15.0 test:unit
2022-06-07T17:06:32.5223079Z > react-scripts test --env=jsdom --runInBand --watchAll=false
2022-06-07T17:06:32.5223418Z 
2022-06-07T17:06:36.0702418Z PASS src/bundles/peer-locations.test.js
2022-06-07T17:06:37.5431907Z PASS src/bundles/peer-bandwidth.test.js
2022-06-07T17:06:38.5013907Z PASS src/bundles/analytics.test.js
2022-06-07T17:06:38.9941256Z PASS src/lib/files.test.js
2022-06-07T17:06:39.4880970Z PASS src/lib/dnd-backend.test.js
2022-06-07T17:06:40.1329460Z PASS src/bundles/files.test.js
2022-06-07T17:06:40.5266484Z PASS src/bundles/notify.test.js
2022-06-07T17:06:41.2012921Z PASS src/bundles/node-bandwidth-chart.test.js
2022-06-07T17:06:41.5289382Z PASS src/lib/count-dirs.test.js
2022-06-07T17:06:42.3906253Z PASS src/loader/AsyncRequestLoader.test.js
2022-06-07T17:06:42.3916705Z 
2022-06-07T17:06:42.3924567Z Test Suites: 1 skipped, 10 passed, 10 of 11 total
2022-06-07T17:06:42.3925570Z Tests:       4 skipped, 59 passed, 63 total
2022-06-07T17:06:42.3926455Z Snapshots:   0 total
2022-06-07T17:06:42.3926892Z Time:        9.09 s
2022-06-07T17:06:42.3927309Z Ran all test suites.
2022-06-07T17:06:42.6751974Z Post job cleanup.
2022-06-07T17:06:42.8201671Z Cache hit occurred on the primary key Linux-67e3e0a8972e1bf53bb7ffa7409ba4d1cb1e54663cedd0fc6aeaafcfde65c00b, not saving cache.
2022-06-07T17:06:42.8354535Z Post job cleanup.
2022-06-07T17:06:42.9560708Z Post job cleanup.
2022-06-07T17:06:43.0760980Z [command]/usr/bin/git version
2022-06-07T17:06:43.0812755Z git version 2.36.1
2022-06-07T17:06:43.0852455Z Temporarily overriding HOME='/home/runner/work/_temp/106c6e83-92dd-4a1b-8692-4bdb7db02c95' before making global git config changes
2022-06-07T17:06:43.0853951Z Adding repository directory to the temporary git global config as a safe directory
2022-06-07T17:06:43.0858659Z [command]/usr/bin/git config --global --add safe.directory /home/runner/work/ipfs-webui/ipfs-webui
2022-06-07T17:06:43.0899061Z [command]/usr/bin/git config --local --name-only --get-regexp core\.sshCommand
2022-06-07T17:06:43.0983530Z [command]/usr/bin/git submodule foreach --recursive git config --local --name-only --get-regexp 'core\.sshCommand' && git config --local --unset-all 'core.sshCommand' || :
2022-06-07T17:06:43.1190530Z [command]/usr/bin/git config --local --name-only --get-regexp http\.https\:\/\/github\.com\/\.extraheader
2022-06-07T17:06:43.1217753Z http.https://github.com/.extraheader
2022-06-07T17:06:43.1227398Z [command]/usr/bin/git config --local --unset-all http.https://github.com/.extraheader
2022-06-07T17:06:43.1262512Z [command]/usr/bin/git submodule foreach --recursive git config --local --name-only --get-regexp 'http\.https\:\/\/github\.com\/\.extraheader' && git config --local --unset-all 'http.https://github.com/.extraheader' || :
2022-06-07T17:06:43.1705740Z Cleaning up orphan processes