2022-06-15T05:42:08.5408788Z Requested labels: ubuntu-latest
2022-06-15T05:42:08.5408836Z Job defined at: siimon/prom-client/.github/workflows/nodejs.yml@refs/pull/503/merge
2022-06-15T05:42:08.5408856Z Waiting for a runner to pick up this job...
2022-06-15T05:42:10.3848150Z Job is waiting for a hosted runner to come online.
2022-06-15T05:42:15.3248577Z Job is about to start running on the hosted runner: Hosted Agent (hosted)
2022-06-15T05:42:18.1701527Z Current runner version: '2.293.0'
2022-06-15T05:42:18.1806228Z ##[group]Operating System
2022-06-15T05:42:18.1806705Z Ubuntu
2022-06-15T05:42:18.1806935Z 20.04.4
2022-06-15T05:42:18.1807155Z LTS
2022-06-15T05:42:18.1807368Z ##[endgroup]
2022-06-15T05:42:18.1807669Z ##[group]Virtual Environment
2022-06-15T05:42:18.1807920Z Environment: ubuntu-20.04
2022-06-15T05:42:18.1808121Z Version: 20220605.1
2022-06-15T05:42:18.1808488Z Included Software: https://github.com/actions/virtual-environments/blob/ubuntu20/20220605.1/images/linux/Ubuntu2004-Readme.md
2022-06-15T05:42:18.1808967Z Image Release: https://github.com/actions/virtual-environments/releases/tag/ubuntu20%2F20220605.1
2022-06-15T05:42:18.1809273Z ##[endgroup]
2022-06-15T05:42:18.1809483Z ##[group]Virtual Environment Provisioner
2022-06-15T05:42:18.1809733Z 1.0.0.0-main-20220531-1
2022-06-15T05:42:18.1809949Z ##[endgroup]
2022-06-15T05:42:18.1810576Z ##[group]GITHUB_TOKEN Permissions
2022-06-15T05:42:18.1810991Z Actions: read
2022-06-15T05:42:18.1811352Z Checks: read
2022-06-15T05:42:18.1811568Z Contents: read
2022-06-15T05:42:18.1811774Z Deployments: read
2022-06-15T05:42:18.1811988Z Discussions: read
2022-06-15T05:42:18.1812179Z Issues: read
2022-06-15T05:42:18.1812377Z Metadata: read
2022-06-15T05:42:18.1812596Z Packages: read
2022-06-15T05:42:18.1812768Z Pages: read
2022-06-15T05:42:18.1812970Z PullRequests: read
2022-06-15T05:42:18.1813213Z RepositoryProjects: read
2022-06-15T05:42:18.1813415Z SecurityEvents: read
2022-06-15T05:42:18.1813644Z Statuses: read
2022-06-15T05:42:18.1813846Z ##[endgroup]
2022-06-15T05:42:18.1816719Z Secret source: None
2022-06-15T05:42:18.1817037Z Prepare workflow directory
2022-06-15T05:42:18.2548370Z Prepare all required actions
2022-06-15T05:42:18.2682335Z Getting action download info
2022-06-15T05:42:18.4813990Z Download action repository 'actions/checkout@v2' (SHA:7884fcad6b5d53d10323aee724dc68d8b9096a2e)
2022-06-15T05:42:19.9064347Z Download action repository 'actions/setup-node@v2' (SHA:1f8c6b94b26d0feae1e387ca63ccbdc44d27b561)
2022-06-15T05:42:20.3958345Z Download action repository 'actions/cache@v2' (SHA:937d24475381cd9c75ae6db12cb4e79714b926ed)
2022-06-15T05:42:21.1909451Z ##[group]Run actions/checkout@v2
2022-06-15T05:42:21.1909643Z with:
2022-06-15T05:42:21.1909807Z   repository: siimon/prom-client
2022-06-15T05:42:21.1910122Z   token: ***
2022-06-15T05:42:21.1910264Z   ssh-strict: true
2022-06-15T05:42:21.1910426Z   persist-credentials: true
2022-06-15T05:42:21.1910582Z   clean: true
2022-06-15T05:42:21.1910711Z   fetch-depth: 1
2022-06-15T05:42:21.1910849Z   lfs: false
2022-06-15T05:42:21.1910986Z   submodules: false
2022-06-15T05:42:21.1911131Z   set-safe-directory: true
2022-06-15T05:42:21.1911291Z ##[endgroup]
2022-06-15T05:42:23.6413381Z Syncing repository: siimon/prom-client
2022-06-15T05:42:23.6475750Z ##[group]Getting Git version info
2022-06-15T05:42:23.6476394Z Working directory is '/home/runner/work/prom-client/prom-client'
2022-06-15T05:42:23.6533165Z [command]/usr/bin/git version
2022-06-15T05:42:23.8250271Z git version 2.36.1
2022-06-15T05:42:23.8272357Z ##[endgroup]
2022-06-15T05:42:23.8289553Z Temporarily overriding HOME='/home/runner/work/_temp/0bf8c9c2-2515-43a5-a77b-35f37d95426d' before making global git config changes
2022-06-15T05:42:23.8290128Z Adding repository directory to the temporary git global config as a safe directory
2022-06-15T05:42:23.8292709Z [command]/usr/bin/git config --global --add safe.directory /home/runner/work/prom-client/prom-client
2022-06-15T05:42:23.8325322Z Deleting the contents of '/home/runner/work/prom-client/prom-client'
2022-06-15T05:42:23.8329883Z ##[group]Initializing the repository
2022-06-15T05:42:23.8333638Z [command]/usr/bin/git init /home/runner/work/prom-client/prom-client
2022-06-15T05:42:23.8695043Z hint: Using 'master' as the name for the initial branch. This default branch name
2022-06-15T05:42:23.8695783Z hint: is subject to change. To configure the initial branch name to use in all
2022-06-15T05:42:23.8696462Z hint: of your new repositories, which will suppress this warning, call:
2022-06-15T05:42:23.8697125Z hint: 
2022-06-15T05:42:23.8697753Z hint: 	git config --global init.defaultBranch <name>
2022-06-15T05:42:23.8698079Z hint: 
2022-06-15T05:42:23.8698521Z hint: Names commonly chosen instead of 'master' are 'main', 'trunk' and
2022-06-15T05:42:23.8699067Z hint: 'development'. The just-created branch can be renamed via this command:
2022-06-15T05:42:23.8699428Z hint: 
2022-06-15T05:42:23.8699609Z hint: 	git branch -m <name>
2022-06-15T05:42:23.8707607Z Initialized empty Git repository in /home/runner/work/prom-client/prom-client/.git/
2022-06-15T05:42:23.8748489Z [command]/usr/bin/git remote add origin https://github.com/siimon/prom-client
2022-06-15T05:42:23.8862982Z ##[endgroup]
2022-06-15T05:42:23.8864110Z ##[group]Disabling automatic garbage collection
2022-06-15T05:42:23.8869009Z [command]/usr/bin/git config --local gc.auto 0
2022-06-15T05:42:23.8894937Z ##[endgroup]
2022-06-15T05:42:23.8895798Z ##[group]Setting up auth
2022-06-15T05:42:23.8902845Z [command]/usr/bin/git config --local --name-only --get-regexp core\.sshCommand
2022-06-15T05:42:23.8927798Z [command]/usr/bin/git submodule foreach --recursive git config --local --name-only --get-regexp 'core\.sshCommand' && git config --local --unset-all 'core.sshCommand' || :
2022-06-15T05:42:24.1299840Z [command]/usr/bin/git config --local --name-only --get-regexp http\.https\:\/\/github\.com\/\.extraheader
2022-06-15T05:42:24.1327633Z [command]/usr/bin/git submodule foreach --recursive git config --local --name-only --get-regexp 'http\.https\:\/\/github\.com\/\.extraheader' && git config --local --unset-all 'http.https://github.com/.extraheader' || :
2022-06-15T05:42:24.1506830Z [command]/usr/bin/git config --local http.https://github.com/.extraheader AUTHORIZATION: basic ***
2022-06-15T05:42:24.1537781Z ##[endgroup]
2022-06-15T05:42:24.1538608Z ##[group]Fetching the repository
2022-06-15T05:42:24.1547647Z [command]/usr/bin/git -c protocol.version=2 fetch --no-tags --prune --progress --no-recurse-submodules --depth=1 origin +749f40db9c8df6b9008170b6adc5d52bfdb75790:refs/remotes/pull/503/merge
2022-06-15T05:42:24.5490200Z remote: Enumerating objects: 102, done.        
2022-06-15T05:42:24.5490819Z remote: Counting objects:   0% (1/102)        
2022-06-15T05:42:24.5494788Z remote: Counting objects:   1% (2/102)        
2022-06-15T05:42:24.5495409Z remote: Counting objects:   2% (3/102)        
2022-06-15T05:42:24.5496170Z remote: Counting objects:   3% (4/102)        
2022-06-15T05:42:24.5496709Z remote: Counting objects:   4% (5/102)        
2022-06-15T05:42:24.5497277Z remote: Counting objects:   5% (6/102)        
2022-06-15T05:42:24.5497730Z remote: Counting objects:   6% (7/102)        
2022-06-15T05:42:24.5498384Z remote: Counting objects:   7% (8/102)        
2022-06-15T05:42:24.5498832Z remote: Counting objects:   8% (9/102)        
2022-06-15T05:42:24.5499456Z remote: Counting objects:   9% (10/102)        
2022-06-15T05:42:24.5499923Z remote: Counting objects:  10% (11/102)        
2022-06-15T05:42:24.5500564Z remote: Counting objects:  11% (12/102)        
2022-06-15T05:42:24.5501034Z remote: Counting objects:  12% (13/102)        
2022-06-15T05:42:24.5501637Z remote: Counting objects:  13% (14/102)        
2022-06-15T05:42:24.5502161Z remote: Counting objects:  14% (15/102)        
2022-06-15T05:42:24.5502758Z remote: Counting objects:  15% (16/102)        
2022-06-15T05:42:24.5503206Z remote: Counting objects:  16% (17/102)        
2022-06-15T05:42:24.5503823Z remote: Counting objects:  17% (18/102)        
2022-06-15T05:42:24.5504270Z remote: Counting objects:  18% (19/102)        
2022-06-15T05:42:24.5504859Z remote: Counting objects:  19% (20/102)        
2022-06-15T05:42:24.5505325Z remote: Counting objects:  20% (21/102)        
2022-06-15T05:42:24.5505950Z remote: Counting objects:  21% (22/102)        
2022-06-15T05:42:24.5506408Z remote: Counting objects:  22% (23/102)        
2022-06-15T05:42:24.5507010Z remote: Counting objects:  23% (24/102)        
2022-06-15T05:42:24.5507452Z remote: Counting objects:  24% (25/102)        
2022-06-15T05:42:24.5508369Z remote: Counting objects:  25% (26/102)        
2022-06-15T05:42:24.5508801Z remote: Counting objects:  26% (27/102)        
2022-06-15T05:42:24.5509428Z remote: Counting objects:  27% (28/102)        
2022-06-15T05:42:24.5509879Z remote: Counting objects:  28% (29/102)        
2022-06-15T05:42:24.5510516Z remote: Counting objects:  29% (30/102)        
2022-06-15T05:42:24.5510963Z remote: Counting objects:  30% (31/102)        
2022-06-15T05:42:24.5511561Z remote: Counting objects:  31% (32/102)        
2022-06-15T05:42:24.5511995Z remote: Counting objects:  32% (33/102)        
2022-06-15T05:42:24.5512818Z remote: Counting objects:  33% (34/102)        
2022-06-15T05:42:24.5513333Z remote: Counting objects:  34% (35/102)        
2022-06-15T05:42:24.5513976Z remote: Counting objects:  35% (36/102)        
2022-06-15T05:42:24.5514423Z remote: Counting objects:  36% (37/102)        
2022-06-15T05:42:24.5515023Z remote: Counting objects:  37% (38/102)        
2022-06-15T05:42:24.5515477Z remote: Counting objects:  38% (39/102)        
2022-06-15T05:42:24.5516087Z remote: Counting objects:  39% (40/102)        
2022-06-15T05:42:24.5516493Z remote: Counting objects:  40% (41/102)        
2022-06-15T05:42:24.5518214Z remote: Counting objects:  41% (42/102)        
2022-06-15T05:42:24.5518676Z remote: Counting objects:  42% (43/102)        
2022-06-15T05:42:24.5519284Z remote: Counting objects:  43% (44/102)        
2022-06-15T05:42:24.5519699Z remote: Counting objects:  44% (45/102)        
2022-06-15T05:42:24.5520289Z remote: Counting objects:  45% (46/102)        
2022-06-15T05:42:24.5520738Z remote: Counting objects:  46% (47/102)        
2022-06-15T05:42:24.5521332Z remote: Counting objects:  47% (48/102)        
2022-06-15T05:42:24.5521773Z remote: Counting objects:  48% (49/102)        
2022-06-15T05:42:24.5522367Z remote: Counting objects:  49% (50/102)        
2022-06-15T05:42:24.5522814Z remote: Counting objects:  50% (51/102)        
2022-06-15T05:42:24.5523446Z remote: Counting objects:  51% (53/102)        
2022-06-15T05:42:24.5524033Z remote: Counting objects:  52% (54/102)        
2022-06-15T05:42:24.5524686Z remote: Counting objects:  53% (55/102)        
2022-06-15T05:42:24.5525155Z remote: Counting objects:  54% (56/102)        
2022-06-15T05:42:24.5525829Z remote: Counting objects:  55% (57/102)        
2022-06-15T05:42:24.5526262Z remote: Counting objects:  56% (58/102)        
2022-06-15T05:42:24.5526896Z remote: Counting objects:  57% (59/102)        
2022-06-15T05:42:24.5527387Z remote: Counting objects:  58% (60/102)        
2022-06-15T05:42:24.5528055Z remote: Counting objects:  59% (61/102)        
2022-06-15T05:42:24.5528503Z remote: Counting objects:  60% (62/102)        
2022-06-15T05:42:24.5529125Z remote: Counting objects:  61% (63/102)        
2022-06-15T05:42:24.5529577Z remote: Counting objects:  62% (64/102)        
2022-06-15T05:42:24.5530173Z remote: Counting objects:  63% (65/102)        
2022-06-15T05:42:24.5530618Z remote: Counting objects:  64% (66/102)        
2022-06-15T05:42:24.5531226Z remote: Counting objects:  65% (67/102)        
2022-06-15T05:42:24.5532214Z remote: Counting objects:  66% (68/102)        
2022-06-15T05:42:24.5532530Z remote: Counting objects:  67% (69/102)        
2022-06-15T05:42:24.5532843Z remote: Counting objects:  68% (70/102)        
2022-06-15T05:42:24.5533142Z remote: Counting objects:  69% (71/102)        
2022-06-15T05:42:24.5533446Z remote: Counting objects:  70% (72/102)        
2022-06-15T05:42:24.5533750Z remote: Counting objects:  71% (73/102)        
2022-06-15T05:42:24.5534048Z remote: Counting objects:  72% (74/102)        
2022-06-15T05:42:24.5534360Z remote: Counting objects:  73% (75/102)        
2022-06-15T05:42:24.5534670Z remote: Counting objects:  74% (76/102)        
2022-06-15T05:42:24.5534977Z remote: Counting objects:  75% (77/102)        
2022-06-15T05:42:24.5535276Z remote: Counting objects:  76% (78/102)        
2022-06-15T05:42:24.5535590Z remote: Counting objects:  77% (79/102)        
2022-06-15T05:42:24.5536040Z remote: Counting objects:  78% (80/102)        
2022-06-15T05:42:24.5536353Z remote: Counting objects:  79% (81/102)        
2022-06-15T05:42:24.5536650Z remote: Counting objects:  80% (82/102)        
2022-06-15T05:42:24.5536940Z remote: Counting objects:  81% (83/102)        
2022-06-15T05:42:24.5537252Z remote: Counting objects:  82% (84/102)        
2022-06-15T05:42:24.5537555Z remote: Counting objects:  83% (85/102)        
2022-06-15T05:42:24.5537845Z remote: Counting objects:  84% (86/102)        
2022-06-15T05:42:24.5538127Z remote: Counting objects:  85% (87/102)        
2022-06-15T05:42:24.5540330Z remote: Counting objects:  86% (88/102)        
2022-06-15T05:42:24.5540633Z remote: Counting objects:  87% (89/102)        
2022-06-15T05:42:24.5540901Z remote: Counting objects:  88% (90/102)        
2022-06-15T05:42:24.5541197Z remote: Counting objects:  89% (91/102)        
2022-06-15T05:42:24.5541498Z remote: Counting objects:  90% (92/102)        
2022-06-15T05:42:24.5541791Z remote: Counting objects:  91% (93/102)        
2022-06-15T05:42:24.5542089Z remote: Counting objects:  92% (94/102)        
2022-06-15T05:42:24.5542387Z remote: Counting objects:  93% (95/102)        
2022-06-15T05:42:24.5543148Z remote: Counting objects:  94% (96/102)        
2022-06-15T05:42:24.5543430Z remote: Counting objects:  95% (97/102)        
2022-06-15T05:42:24.5543732Z remote: Counting objects:  96% (98/102)        
2022-06-15T05:42:24.5544035Z remote: Counting objects:  97% (99/102)        
2022-06-15T05:42:24.5544321Z remote: Counting objects:  98% (100/102)        
2022-06-15T05:42:24.5544610Z remote: Counting objects:  99% (101/102)        
2022-06-15T05:42:24.5544908Z remote: Counting objects: 100% (102/102)        
2022-06-15T05:42:24.5545222Z remote: Counting objects: 100% (102/102), done.        
2022-06-15T05:42:24.5545550Z remote: Compressing objects:   1% (1/97)        
2022-06-15T05:42:24.5545874Z remote: Compressing objects:   2% (2/97)        
2022-06-15T05:42:24.5598097Z remote: Compressing objects:   3% (3/97)        
2022-06-15T05:42:24.5599169Z remote: Compressing objects:   4% (4/97)        
2022-06-15T05:42:24.5599543Z remote: Compressing objects:   5% (5/97)        
2022-06-15T05:42:24.5600207Z remote: Compressing objects:   6% (6/97)        
2022-06-15T05:42:24.5600777Z remote: Compressing objects:   7% (7/97)        
2022-06-15T05:42:24.5601107Z remote: Compressing objects:   8% (8/97)        
2022-06-15T05:42:24.5601996Z remote: Compressing objects:   9% (9/97)        
2022-06-15T05:42:24.5602335Z remote: Compressing objects:  10% (10/97)        
2022-06-15T05:42:24.5602660Z remote: Compressing objects:  11% (11/97)        
2022-06-15T05:42:24.5603309Z remote: Compressing objects:  12% (12/97)        
2022-06-15T05:42:24.5603892Z remote: Compressing objects:  13% (13/97)        
2022-06-15T05:42:24.5604213Z remote: Compressing objects:  14% (14/97)        
2022-06-15T05:42:24.5604547Z remote: Compressing objects:  15% (15/97)        
2022-06-15T05:42:24.5605420Z remote: Compressing objects:  16% (16/97)        
2022-06-15T05:42:24.5605745Z remote: Compressing objects:  17% (17/97)        
2022-06-15T05:42:24.5606066Z remote: Compressing objects:  18% (18/97)        
2022-06-15T05:42:24.5606395Z remote: Compressing objects:  19% (19/97)        
2022-06-15T05:42:24.5607259Z remote: Compressing objects:  20% (20/97)        
2022-06-15T05:42:24.5607579Z remote: Compressing objects:  21% (21/97)        
2022-06-15T05:42:24.5607906Z remote: Compressing objects:  22% (22/97)        
2022-06-15T05:42:24.5608225Z remote: Compressing objects:  23% (23/97)        
2022-06-15T05:42:24.5608847Z remote: Compressing objects:  24% (24/97)        
2022-06-15T05:42:24.5609422Z remote: Compressing objects:  25% (25/97)        
2022-06-15T05:42:24.5609754Z remote: Compressing objects:  26% (26/97)        
2022-06-15T05:42:24.5610070Z remote: Compressing objects:  27% (27/97)        
2022-06-15T05:42:24.5610385Z remote: Compressing objects:  28% (28/97)        
2022-06-15T05:42:24.5611186Z remote: Compressing objects:  29% (29/97)        
2022-06-15T05:42:24.5611764Z remote: Compressing objects:  30% (30/97)        
2022-06-15T05:42:24.5612075Z remote: Compressing objects:  31% (31/97)        
2022-06-15T05:42:24.5612398Z remote: Compressing objects:  32% (32/97)        
2022-06-15T05:42:24.5612718Z remote: Compressing objects:  34% (33/97)        
2022-06-15T05:42:24.5613609Z remote: Compressing objects:  35% (34/97)        
2022-06-15T05:42:24.5613930Z remote: Compressing objects:  36% (35/97)        
2022-06-15T05:42:24.5614245Z remote: Compressing objects:  37% (36/97)        
2022-06-15T05:42:24.5614542Z remote: Compressing objects:  38% (37/97)        
2022-06-15T05:42:24.5614820Z remote: Compressing objects:  39% (38/97)        
2022-06-15T05:42:24.5615462Z remote: Compressing objects:  40% (39/97)        
2022-06-15T05:42:24.5615762Z remote: Compressing objects:  41% (40/97)        
2022-06-15T05:42:24.5616033Z remote: Compressing objects:  42% (41/97)        
2022-06-15T05:42:24.5641823Z remote: Compressing objects:  43% (42/97)        
2022-06-15T05:42:24.5642245Z remote: Compressing objects:  44% (43/97)        
2022-06-15T05:42:24.5642657Z remote: Compressing objects:  45% (44/97)        
2022-06-15T05:42:24.5645891Z remote: Compressing objects:  46% (45/97)        
2022-06-15T05:42:24.5646442Z remote: Compressing objects:  47% (46/97)        
2022-06-15T05:42:24.5647353Z remote: Compressing objects:  48% (47/97)        
2022-06-15T05:42:24.5647733Z remote: Compressing objects:  49% (48/97)        
2022-06-15T05:42:24.5648138Z remote: Compressing objects:  50% (49/97)        
2022-06-15T05:42:24.5648509Z remote: Compressing objects:  51% (50/97)        
2022-06-15T05:42:24.5648887Z remote: Compressing objects:  52% (51/97)        
2022-06-15T05:42:24.5649257Z remote: Compressing objects:  53% (52/97)        
2022-06-15T05:42:24.5649635Z remote: Compressing objects:  54% (53/97)        
2022-06-15T05:42:24.5650097Z remote: Compressing objects:  55% (54/97)        
2022-06-15T05:42:24.5650583Z remote: Compressing objects:  56% (55/97)        
2022-06-15T05:42:24.5651170Z remote: Compressing objects:  57% (56/97)        
2022-06-15T05:42:24.5651553Z remote: Compressing objects:  58% (57/97)        
2022-06-15T05:42:24.5651917Z remote: Compressing objects:  59% (58/97)        
2022-06-15T05:42:24.5652346Z remote: Compressing objects:  60% (59/97)        
2022-06-15T05:42:24.5652706Z remote: Compressing objects:  61% (60/97)        
2022-06-15T05:42:24.5653039Z remote: Compressing objects:  62% (61/97)        
2022-06-15T05:42:24.5653417Z remote: Compressing objects:  63% (62/97)        
2022-06-15T05:42:24.5653860Z remote: Compressing objects:  64% (63/97)        
2022-06-15T05:42:24.5654309Z remote: Compressing objects:  65% (64/97)        
2022-06-15T05:42:24.5654663Z remote: Compressing objects:  67% (65/97)        
2022-06-15T05:42:24.5655079Z remote: Compressing objects:  68% (66/97)        
2022-06-15T05:42:24.5655439Z remote: Compressing objects:  69% (67/97)        
2022-06-15T05:42:24.5655911Z remote: Compressing objects:  70% (68/97)        
2022-06-15T05:42:24.5656249Z remote: Compressing objects:  71% (69/97)        
2022-06-15T05:42:24.5656706Z remote: Compressing objects:  72% (70/97)        
2022-06-15T05:42:24.5657113Z remote: Compressing objects:  73% (71/97)        
2022-06-15T05:42:24.5657465Z remote: Compressing objects:  74% (72/97)        
2022-06-15T05:42:24.5657894Z remote: Compressing objects:  75% (73/97)        
2022-06-15T05:42:24.5658257Z remote: Compressing objects:  76% (74/97)        
2022-06-15T05:42:24.5658714Z remote: Compressing objects:  77% (75/97)        
2022-06-15T05:42:24.5659061Z remote: Compressing objects:  78% (76/97)        
2022-06-15T05:42:24.5659439Z remote: Compressing objects:  79% (77/97)        
2022-06-15T05:42:24.5659799Z remote: Compressing objects:  80% (78/97)        
2022-06-15T05:42:24.5660210Z remote: Compressing objects:  81% (79/97)        
2022-06-15T05:42:24.5660550Z remote: Compressing objects:  82% (80/97)        
2022-06-15T05:42:24.5661009Z remote: Compressing objects:  83% (81/97)        
2022-06-15T05:42:24.5661465Z remote: Compressing objects:  84% (82/97)        
2022-06-15T05:42:24.5662005Z remote: Compressing objects:  85% (83/97)        
2022-06-15T05:42:24.5662399Z remote: Compressing objects:  86% (84/97)        
2022-06-15T05:42:24.5662883Z remote: Compressing objects:  87% (85/97)        
2022-06-15T05:42:24.5663306Z remote: Compressing objects:  88% (86/97)        
2022-06-15T05:42:24.5663750Z remote: Compressing objects:  89% (87/97)        
2022-06-15T05:42:24.5664099Z remote: Compressing objects:  90% (88/97)        
2022-06-15T05:42:24.5664513Z remote: Compressing objects:  91% (89/97)        
2022-06-15T05:42:24.5665005Z remote: Compressing objects:  92% (90/97)        
2022-06-15T05:42:24.5665356Z remote: Compressing objects:  93% (91/97)        
2022-06-15T05:42:24.5665701Z remote: Compressing objects:  94% (92/97)        
2022-06-15T05:42:24.5666094Z remote: Compressing objects:  95% (93/97)        
2022-06-15T05:42:24.5666419Z remote: Compressing objects:  96% (94/97)        
2022-06-15T05:42:24.5666774Z remote: Compressing objects:  97% (95/97)        
2022-06-15T05:42:24.5667127Z remote: Compressing objects:  98% (96/97)        
2022-06-15T05:42:24.5667485Z remote: Compressing objects: 100% (97/97)        
2022-06-15T05:42:24.5667986Z remote: Compressing objects: 100% (97/97), done.        
2022-06-15T05:42:24.6047092Z Receiving objects:   0% (1/102)
2022-06-15T05:42:24.6047518Z Receiving objects:   1% (2/102)
2022-06-15T05:42:24.6047994Z Receiving objects:   2% (3/102)
2022-06-15T05:42:24.6048258Z Receiving objects:   3% (4/102)
2022-06-15T05:42:24.6048553Z Receiving objects:   4% (5/102)
2022-06-15T05:42:24.6048889Z Receiving objects:   5% (6/102)
2022-06-15T05:42:24.6049152Z Receiving objects:   6% (7/102)
2022-06-15T05:42:24.6079716Z Receiving objects:   7% (8/102)
2022-06-15T05:42:24.6080096Z Receiving objects:   8% (9/102)
2022-06-15T05:42:24.6080373Z Receiving objects:   9% (10/102)
2022-06-15T05:42:24.6080685Z Receiving objects:  10% (11/102)
2022-06-15T05:42:24.6080958Z Receiving objects:  11% (12/102)
2022-06-15T05:42:24.6081769Z remote: Total 102 (delta 12), reused 31 (delta 1), pack-reused 0        
2022-06-15T05:42:24.6082121Z Receiving objects:  12% (13/102)
2022-06-15T05:42:24.6082408Z Receiving objects:  13% (14/102)
2022-06-15T05:42:24.6082686Z Receiving objects:  14% (15/102)
2022-06-15T05:42:24.6082959Z Receiving objects:  15% (16/102)
2022-06-15T05:42:24.6083243Z Receiving objects:  16% (17/102)
2022-06-15T05:42:24.6083528Z Receiving objects:  17% (18/102)
2022-06-15T05:42:24.6083971Z Receiving objects:  18% (19/102)
2022-06-15T05:42:24.6084349Z Receiving objects:  19% (20/102)
2022-06-15T05:42:24.6084683Z Receiving objects:  20% (21/102)
2022-06-15T05:42:24.6085008Z Receiving objects:  21% (22/102)
2022-06-15T05:42:24.6085323Z Receiving objects:  22% (23/102)
2022-06-15T05:42:24.6085648Z Receiving objects:  23% (24/102)
2022-06-15T05:42:24.6085968Z Receiving objects:  24% (25/102)
2022-06-15T05:42:24.6086294Z Receiving objects:  25% (26/102)
2022-06-15T05:42:24.6086614Z Receiving objects:  26% (27/102)
2022-06-15T05:42:24.6086951Z Receiving objects:  27% (28/102)
2022-06-15T05:42:24.6087255Z Receiving objects:  28% (29/102)
2022-06-15T05:42:24.6087837Z Receiving objects:  29% (30/102)
2022-06-15T05:42:24.6088114Z Receiving objects:  30% (31/102)
2022-06-15T05:42:24.6088400Z Receiving objects:  31% (32/102)
2022-06-15T05:42:24.6088660Z Receiving objects:  32% (33/102)
2022-06-15T05:42:24.6088927Z Receiving objects:  33% (34/102)
2022-06-15T05:42:24.6089202Z Receiving objects:  34% (35/102)
2022-06-15T05:42:24.6089467Z Receiving objects:  35% (36/102)
2022-06-15T05:42:24.6089748Z Receiving objects:  36% (37/102)
2022-06-15T05:42:24.6090033Z Receiving objects:  37% (38/102)
2022-06-15T05:42:24.6090307Z Receiving objects:  38% (39/102)
2022-06-15T05:42:24.6090589Z Receiving objects:  39% (40/102)
2022-06-15T05:42:24.6090993Z Receiving objects:  40% (41/102)
2022-06-15T05:42:24.6091262Z Receiving objects:  41% (42/102)
2022-06-15T05:42:24.6091949Z Receiving objects:  42% (43/102)
2022-06-15T05:42:24.6092297Z Receiving objects:  43% (44/102)
2022-06-15T05:42:24.6092732Z Receiving objects:  44% (45/102)
2022-06-15T05:42:24.6093049Z Receiving objects:  45% (46/102)
2022-06-15T05:42:24.6093403Z Receiving objects:  46% (47/102)
2022-06-15T05:42:24.6093727Z Receiving objects:  47% (48/102)
2022-06-15T05:42:24.6094058Z Receiving objects:  48% (49/102)
2022-06-15T05:42:24.6094366Z Receiving objects:  49% (50/102)
2022-06-15T05:42:24.6094684Z Receiving objects:  50% (51/102)
2022-06-15T05:42:24.6095008Z Receiving objects:  51% (53/102)
2022-06-15T05:42:24.6095340Z Receiving objects:  52% (54/102)
2022-06-15T05:42:24.6095647Z Receiving objects:  53% (55/102)
2022-06-15T05:42:24.6096012Z Receiving objects:  54% (56/102)
2022-06-15T05:42:24.6096329Z Receiving objects:  55% (57/102)
2022-06-15T05:42:24.6096651Z Receiving objects:  56% (58/102)
2022-06-15T05:42:24.6097116Z Receiving objects:  57% (59/102)
2022-06-15T05:42:24.6097454Z Receiving objects:  58% (60/102)
2022-06-15T05:42:24.6097773Z Receiving objects:  59% (61/102)
2022-06-15T05:42:24.6098104Z Receiving objects:  60% (62/102)
2022-06-15T05:42:24.6098416Z Receiving objects:  61% (63/102)
2022-06-15T05:42:24.6098745Z Receiving objects:  62% (64/102)
2022-06-15T05:42:24.6099063Z Receiving objects:  63% (65/102)
2022-06-15T05:42:24.6099371Z Receiving objects:  64% (66/102)
2022-06-15T05:42:24.6099727Z Receiving objects:  65% (67/102)
2022-06-15T05:42:24.6100050Z Receiving objects:  66% (68/102)
2022-06-15T05:42:24.6100379Z Receiving objects:  67% (69/102)
2022-06-15T05:42:24.6100701Z Receiving objects:  68% (70/102)
2022-06-15T05:42:24.6101034Z Receiving objects:  69% (71/102)
2022-06-15T05:42:24.6101350Z Receiving objects:  70% (72/102)
2022-06-15T05:42:24.6101666Z Receiving objects:  71% (73/102)
2022-06-15T05:42:24.6101977Z Receiving objects:  72% (74/102)
2022-06-15T05:42:24.6102291Z Receiving objects:  73% (75/102)
2022-06-15T05:42:24.6102605Z Receiving objects:  74% (76/102)
2022-06-15T05:42:24.6102919Z Receiving objects:  75% (77/102)
2022-06-15T05:42:24.6103336Z Receiving objects:  76% (78/102)
2022-06-15T05:42:24.6103626Z Receiving objects:  77% (79/102)
2022-06-15T05:42:24.6103944Z Receiving objects:  78% (80/102)
2022-06-15T05:42:24.6104253Z Receiving objects:  79% (81/102)
2022-06-15T05:42:24.6104574Z Receiving objects:  80% (82/102)
2022-06-15T05:42:24.6104899Z Receiving objects:  81% (83/102)
2022-06-15T05:42:24.6105220Z Receiving objects:  82% (84/102)
2022-06-15T05:42:24.6105528Z Receiving objects:  83% (85/102)
2022-06-15T05:42:24.6105879Z Receiving objects:  84% (86/102)
2022-06-15T05:42:24.6106194Z Receiving objects:  85% (87/102)
2022-06-15T05:42:24.6106516Z Receiving objects:  86% (88/102)
2022-06-15T05:42:24.6106826Z Receiving objects:  87% (89/102)
2022-06-15T05:42:24.6109053Z Receiving objects:  88% (90/102)
2022-06-15T05:42:24.6109489Z Receiving objects:  89% (91/102)
2022-06-15T05:42:24.6109803Z Receiving objects:  90% (92/102)
2022-06-15T05:42:24.6110152Z Receiving objects:  91% (93/102)
2022-06-15T05:42:24.6110480Z Receiving objects:  92% (94/102)
2022-06-15T05:42:24.6110802Z Receiving objects:  93% (95/102)
2022-06-15T05:42:24.6111114Z Receiving objects:  94% (96/102)
2022-06-15T05:42:24.6111450Z Receiving objects:  95% (97/102)
2022-06-15T05:42:24.6111766Z Receiving objects:  96% (98/102)
2022-06-15T05:42:24.6112073Z Receiving objects:  97% (99/102)
2022-06-15T05:42:24.6112573Z Receiving objects:  98% (100/102)
2022-06-15T05:42:24.6113004Z Receiving objects:  99% (101/102)
2022-06-15T05:42:24.6113432Z Receiving objects: 100% (102/102)
2022-06-15T05:42:24.6113783Z Receiving objects: 100% (102/102), 74.41 KiB | 5.31 MiB/s, done.
2022-06-15T05:42:24.6114121Z Resolving deltas:   0% (0/12)
2022-06-15T05:42:24.6114842Z Resolving deltas:   8% (1/12)
2022-06-15T05:42:24.6115173Z Resolving deltas:  16% (2/12)
2022-06-15T05:42:24.6115479Z Resolving deltas:  25% (3/12)
2022-06-15T05:42:24.6117386Z Resolving deltas:  33% (4/12)
2022-06-15T05:42:24.6117941Z Resolving deltas:  41% (5/12)
2022-06-15T05:42:24.6118481Z Resolving deltas:  50% (6/12)
2022-06-15T05:42:24.6119694Z Resolving deltas:  58% (7/12)
2022-06-15T05:42:24.6119937Z Resolving deltas:  66% (8/12)
2022-06-15T05:42:24.6120177Z Resolving deltas:  75% (9/12)
2022-06-15T05:42:24.6120403Z Resolving deltas:  83% (10/12)
2022-06-15T05:42:24.6120648Z Resolving deltas:  91% (11/12)
2022-06-15T05:42:24.6120893Z Resolving deltas: 100% (12/12)
2022-06-15T05:42:24.6121137Z Resolving deltas: 100% (12/12), done.
2022-06-15T05:42:24.7179419Z From https://github.com/siimon/prom-client
2022-06-15T05:42:24.7180293Z  * [new ref]         749f40db9c8df6b9008170b6adc5d52bfdb75790 -> pull/503/merge
2022-06-15T05:42:24.7195752Z ##[endgroup]
2022-06-15T05:42:24.7196239Z ##[group]Determining the checkout info
2022-06-15T05:42:24.7197648Z ##[endgroup]
2022-06-15T05:42:24.7198062Z ##[group]Checking out the ref
2022-06-15T05:42:24.7201950Z [command]/usr/bin/git checkout --progress --force refs/remotes/pull/503/merge
2022-06-15T05:42:24.7252388Z Note: switching to 'refs/remotes/pull/503/merge'.
2022-06-15T05:42:24.7252805Z 
2022-06-15T05:42:24.7253478Z You are in 'detached HEAD' state. You can look around, make experimental
2022-06-15T05:42:24.7254106Z changes and commit them, and you can discard any commits you make in this
2022-06-15T05:42:24.7254877Z state without impacting any branches by switching back to a branch.
2022-06-15T05:42:24.7255280Z 
2022-06-15T05:42:24.7255800Z If you want to create a new branch to retain commits you create, you may
2022-06-15T05:42:24.7256490Z do so (now or later) by using -c with the switch command. Example:
2022-06-15T05:42:24.7257050Z 
2022-06-15T05:42:24.7257402Z   git switch -c <new-branch-name>
2022-06-15T05:42:24.7257886Z 
2022-06-15T05:42:24.7258153Z Or undo this operation with:
2022-06-15T05:42:24.7258617Z 
2022-06-15T05:42:24.7258846Z   git switch -
2022-06-15T05:42:24.7259282Z 
2022-06-15T05:42:24.7259638Z Turn off this advice by setting config variable advice.detachedHead to false
2022-06-15T05:42:24.7260164Z 
2022-06-15T05:42:24.7260694Z HEAD is now at 749f40d Merge 9477af53642fcf78b53e9b1db3424c9d29a44533 into 721829cc593bb7da28ae009985caeeacb4b59e05
2022-06-15T05:42:24.7261853Z ##[endgroup]
2022-06-15T05:42:24.7382477Z [command]/usr/bin/git log -1 --format='%H'
2022-06-15T05:42:24.7401945Z '749f40db9c8df6b9008170b6adc5d52bfdb75790'
2022-06-15T05:42:24.7642753Z ##[group]Run actions/setup-node@v2
2022-06-15T05:42:24.7642965Z with:
2022-06-15T05:42:24.7643104Z   node-version: 10.x
2022-06-15T05:42:24.7643255Z   always-auth: false
2022-06-15T05:42:24.7643397Z   check-latest: false
2022-06-15T05:42:24.7643687Z   token: ***
2022-06-15T05:42:24.7643827Z ##[endgroup]
2022-06-15T05:42:24.9099236Z Attempting to download 10.x...
2022-06-15T05:42:25.4536925Z Acquiring 10.24.1 - x64 from https://github.com/actions/node-versions/releases/download/10.24.1-725060485/node-10.24.1-linux-x64.tar.gz
2022-06-15T05:42:25.8868740Z Extracting ...
2022-06-15T05:42:25.9011182Z [command]/usr/bin/tar xz --strip 1 --warning=no-unknown-keyword -C /home/runner/work/_temp/3f6d6f70-72e9-43bb-bf53-392f3a699391 -f /home/runner/work/_temp/611fd7b5-ffe1-417d-bea4-607afc5686b0
2022-06-15T05:42:26.3446524Z Adding to the cache ...
2022-06-15T05:42:28.2254390Z Done
2022-06-15T05:42:30.6663166Z ##[group]Run actions/cache@v2
2022-06-15T05:42:30.6663313Z with:
2022-06-15T05:42:30.6663443Z   path: node_modules
2022-06-15T05:42:30.6663717Z   key: ubuntu-latest-{{ matrix.node-version }}-node_modules-ac6d831c59612bc20aa5a46b8f203bc79ec845e1426204ef345038cd85d2541b
2022-06-15T05:42:30.6664036Z   restore-keys: ubuntu-latest-{{ matrix.node-version }}-node_modules-

2022-06-15T05:42:30.6664231Z ##[endgroup]
2022-06-15T05:42:31.6990760Z Received 36899065 of 36899065 (100.0%), 60.3 MBs/sec
2022-06-15T05:42:31.6992078Z Cache Size: ~35 MB (36899065 B)
2022-06-15T05:42:31.7012010Z [command]/usr/bin/tar --use-compress-program zstd -d -xf /home/runner/work/_temp/b92a93f2-0f85-4442-9d60-e5a5239f7a17/cache.tzst -P -C /home/runner/work/prom-client/prom-client
2022-06-15T05:42:32.4000687Z Cache restored successfully
2022-06-15T05:42:32.4976888Z 
2022-06-15T05:42:32.5003469Z Cache restored from key: ubuntu-latest-{{ matrix.node-version }}-node_modules-ac6d831c59612bc20aa5a46b8f203bc79ec845e1426204ef345038cd85d2541b
2022-06-15T05:42:32.5115058Z ##[group]Run npm run test
2022-06-15T05:42:32.5115281Z [36;1mnpm run test[0m
2022-06-15T05:42:32.5151111Z shell: /usr/bin/bash -e {0}
2022-06-15T05:42:32.5151292Z ##[endgroup]
2022-06-15T05:42:32.6977866Z 
2022-06-15T05:42:32.6979201Z > prom-client@14.0.1 test /home/runner/work/prom-client/prom-client
2022-06-15T05:42:32.6980253Z > npm run lint && npm run compile-typescript && npm run test-unit
2022-06-15T05:42:32.6980729Z 
2022-06-15T05:42:32.8719503Z 
2022-06-15T05:42:32.8720500Z > prom-client@14.0.1 lint /home/runner/work/prom-client/prom-client
2022-06-15T05:42:32.8720906Z > eslint .
2022-06-15T05:42:32.8721057Z 
2022-06-15T05:42:35.4580180Z 
2022-06-15T05:42:35.4581388Z > prom-client@14.0.1 compile-typescript /home/runner/work/prom-client/prom-client
2022-06-15T05:42:35.4582114Z > tsc --project .
2022-06-15T05:42:35.4582382Z 
2022-06-15T05:42:37.7839964Z 
2022-06-15T05:42:37.7841099Z > prom-client@14.0.1 test-unit /home/runner/work/prom-client/prom-client
2022-06-15T05:42:37.7841546Z > jest
2022-06-15T05:42:37.7841688Z 
2022-06-15T05:42:39.2973855Z PASS test/summaryTest.js
2022-06-15T05:42:39.5176522Z PASS test/registerTest.js
2022-06-15T05:42:39.6899354Z PASS test/histogramTest.js
2022-06-15T05:42:39.8784578Z PASS test/gaugeTest.js
2022-06-15T05:42:40.0193257Z PASS test/counterTest.js
2022-06-15T05:42:40.1044150Z PASS test/clusterTest.js
2022-06-15T05:42:40.3055379Z PASS test/pushgatewayTest.js
2022-06-15T05:42:40.4193819Z PASS test/pushgatewayWithPathTest.js
2022-06-15T05:42:40.5544119Z PASS test/aggregatorsTest.js
2022-06-15T05:42:40.6684176Z PASS test/defaultMetricsTest.js
2022-06-15T05:42:40.7452613Z PASS test/metrics/heapSpacesSizeAndUsedTest.js
2022-06-15T05:42:40.8536603Z PASS test/metrics/eventLoopLagTest.js
2022-06-15T05:42:40.9315884Z PASS test/timeWindowQuantilesTest.js
2022-06-15T05:42:41.0059949Z PASS test/bucketGeneratorsTest.js
2022-06-15T05:42:41.0760150Z PASS test/metrics/maxFileDescriptorsTest.js
2022-06-15T05:42:41.1417401Z PASS test/metrics/versionTest.js
2022-06-15T05:42:41.1952615Z PASS test/metrics/heapSizeAndUsedTest.js
2022-06-15T05:42:41.2485466Z PASS test/metrics/processResourcesTest.js
2022-06-15T05:42:41.3732383Z PASS test/metrics/gcTest.js
2022-06-15T05:42:41.4286206Z PASS test/metrics/processRequestsTest.js
2022-06-15T05:42:41.4876097Z PASS test/metrics/processHandlesTest.js
2022-06-15T05:42:41.5604614Z PASS test/metrics/processStartTimeTest.js
2022-06-15T05:42:41.6190349Z PASS test/metrics/processOpenFileDescriptorsTest.js
2022-06-15T05:42:41.6800664Z PASS test/validationTest.js
2022-06-15T05:42:41.6809706Z 
2022-06-15T05:42:41.6817295Z Test Suites: 24 passed, 24 total
2022-06-15T05:42:41.6817887Z Tests:       230 passed, 230 total
2022-06-15T05:42:41.6818393Z Snapshots:   14 passed, 14 total
2022-06-15T05:42:41.6818745Z Time:        3.47 s
2022-06-15T05:42:41.6819037Z Ran all test suites.
2022-06-15T05:42:43.5245410Z Post job cleanup.
2022-06-15T05:42:43.6256356Z Cache hit occurred on the primary key ubuntu-latest-{{ matrix.node-version }}-node_modules-ac6d831c59612bc20aa5a46b8f203bc79ec845e1426204ef345038cd85d2541b, not saving cache.
2022-06-15T05:42:43.6315004Z Post job cleanup.
2022-06-15T05:42:43.7258369Z Post job cleanup.
2022-06-15T05:42:43.8232964Z [command]/usr/bin/git version
2022-06-15T05:42:43.8269737Z git version 2.36.1
2022-06-15T05:42:43.8300284Z Temporarily overriding HOME='/home/runner/work/_temp/f68e2940-d459-46a7-b160-d35233ea958f' before making global git config changes
2022-06-15T05:42:43.8301211Z Adding repository directory to the temporary git global config as a safe directory
2022-06-15T05:42:43.8304536Z [command]/usr/bin/git config --global --add safe.directory /home/runner/work/prom-client/prom-client
2022-06-15T05:42:43.8334534Z [command]/usr/bin/git config --local --name-only --get-regexp core\.sshCommand
2022-06-15T05:42:43.8359572Z [command]/usr/bin/git submodule foreach --recursive git config --local --name-only --get-regexp 'core\.sshCommand' && git config --local --unset-all 'core.sshCommand' || :
2022-06-15T05:42:43.8541485Z [command]/usr/bin/git config --local --name-only --get-regexp http\.https\:\/\/github\.com\/\.extraheader
2022-06-15T05:42:43.8561832Z http.https://github.com/.extraheader
2022-06-15T05:42:43.8568936Z [command]/usr/bin/git config --local --unset-all http.https://github.com/.extraheader
2022-06-15T05:42:43.8594104Z [command]/usr/bin/git submodule foreach --recursive git config --local --name-only --get-regexp 'http\.https\:\/\/github\.com\/\.extraheader' && git config --local --unset-all 'http.https://github.com/.extraheader' || :
2022-06-15T05:42:43.8908736Z Cleaning up orphan processes