2022-06-17T21:40:52.4267453Z Requested labels: ubuntu-latest
2022-06-17T21:40:52.4267505Z Job defined at: shipshapecode/shepherd/.github/workflows/test.yml@refs/pull/1833/merge
2022-06-17T21:40:52.4267524Z Waiting for a runner to pick up this job...
2022-06-17T21:40:53.5533758Z Job is waiting for a hosted runner to come online.
2022-06-17T21:40:56.5780733Z Job is about to start running on the hosted runner: GitHub Actions 2 (hosted)
2022-06-17T21:40:59.7869589Z Current runner version: '2.293.0'
2022-06-17T21:40:59.7900311Z ##[group]Operating System
2022-06-17T21:40:59.7900978Z Ubuntu
2022-06-17T21:40:59.7901272Z 20.04.4
2022-06-17T21:40:59.7901511Z LTS
2022-06-17T21:40:59.7901827Z ##[endgroup]
2022-06-17T21:40:59.7902197Z ##[group]Virtual Environment
2022-06-17T21:40:59.7902575Z Environment: ubuntu-20.04
2022-06-17T21:40:59.7902866Z Version: 20220614.0
2022-06-17T21:40:59.7903403Z Included Software: https://github.com/actions/virtual-environments/blob/ubuntu20/20220614.0/images/linux/Ubuntu2004-Readme.md
2022-06-17T21:40:59.7904083Z Image Release: https://github.com/actions/virtual-environments/releases/tag/ubuntu20%2F20220614.0
2022-06-17T21:40:59.7904532Z ##[endgroup]
2022-06-17T21:40:59.7904891Z ##[group]Virtual Environment Provisioner
2022-06-17T21:40:59.7905268Z 1.0.0.0-main-20220531-1
2022-06-17T21:40:59.7905548Z ##[endgroup]
2022-06-17T21:40:59.7906578Z ##[group]GITHUB_TOKEN Permissions
2022-06-17T21:40:59.7907160Z Actions: read
2022-06-17T21:40:59.7907657Z Checks: read
2022-06-17T21:40:59.7907986Z Contents: read
2022-06-17T21:40:59.7908360Z Deployments: read
2022-06-17T21:40:59.7908692Z Discussions: read
2022-06-17T21:40:59.7908977Z Issues: read
2022-06-17T21:40:59.7909290Z Metadata: read
2022-06-17T21:40:59.7909632Z Packages: read
2022-06-17T21:40:59.7910212Z Pages: read
2022-06-17T21:40:59.7910548Z PullRequests: read
2022-06-17T21:40:59.7910905Z RepositoryProjects: read
2022-06-17T21:40:59.7911218Z SecurityEvents: read
2022-06-17T21:40:59.7911610Z Statuses: read
2022-06-17T21:40:59.7911929Z ##[endgroup]
2022-06-17T21:40:59.7915671Z Secret source: None
2022-06-17T21:40:59.7916177Z Prepare workflow directory
2022-06-17T21:40:59.8759257Z Prepare all required actions
2022-06-17T21:40:59.8945821Z Getting action download info
2022-06-17T21:41:00.1205968Z Download action repository 'actions/checkout@v1' (SHA:50fbc622fc4ef5163becd7fab6573eac35f8462e)
2022-06-17T21:41:00.5694025Z Download action repository 'actions/setup-node@v1' (SHA:f1f314fca9dfce2769ece7d933488f076716723e)
2022-06-17T21:41:01.0004828Z Download action repository 'actions/cache@v2' (SHA:937d24475381cd9c75ae6db12cb4e79714b926ed)
2022-06-17T21:41:01.7724570Z ##[group]Run actions/checkout@v1
2022-06-17T21:41:01.7724893Z with:
2022-06-17T21:41:01.7725092Z   clean: true
2022-06-17T21:41:01.7725279Z ##[endgroup]
2022-06-17T21:41:02.1230511Z Syncing repository: shipshapecode/shepherd
2022-06-17T21:41:02.1303151Z ##[command]git version
2022-06-17T21:41:02.1791142Z git version 2.36.1
2022-06-17T21:41:02.1854568Z ##[command]git lfs version
2022-06-17T21:41:02.2409288Z git-lfs/3.2.0 (GitHub; linux amd64; go 1.18.2)
2022-06-17T21:41:02.2569063Z ##[command]git init "/home/runner/work/shepherd/shepherd"
2022-06-17T21:41:02.2635201Z hint: Using 'master' as the name for the initial branch. This default branch name
2022-06-17T21:41:02.2636101Z hint: is subject to change. To configure the initial branch name to use in all
2022-06-17T21:41:02.2639046Z hint: of your new repositories, which will suppress this warning, call:
2022-06-17T21:41:02.2639601Z hint: 
2022-06-17T21:41:02.2641664Z hint: 	git config --global init.defaultBranch <name>
2022-06-17T21:41:02.2642161Z hint: 
2022-06-17T21:41:02.2692601Z hint: Names commonly chosen instead of 'master' are 'main', 'trunk' and
2022-06-17T21:41:02.2693155Z hint: 'development'. The just-created branch can be renamed via this command:
2022-06-17T21:41:02.2693459Z hint: 
2022-06-17T21:41:02.2693710Z hint: 	git branch -m <name>
2022-06-17T21:41:02.2694061Z Initialized empty Git repository in /home/runner/work/shepherd/shepherd/.git/
2022-06-17T21:41:02.2694537Z ##[command]git remote add origin https://github.com/shipshapecode/shepherd
2022-06-17T21:41:02.2714075Z ##[command]git config gc.auto 0
2022-06-17T21:41:02.2792398Z ##[command]git config --get-all http.https://github.com/shipshapecode/shepherd.extraheader
2022-06-17T21:41:02.2847080Z ##[command]git -c http.extraheader="AUTHORIZATION: basic ***" fetch --tags --prune --progress --no-recurse-submodules origin +refs/heads/*:refs/remotes/origin/* +refs/pull/1833/merge:refs/remotes/pull/1833/merge
2022-06-17T21:41:02.8277079Z remote: Enumerating objects: 18562, done.        
2022-06-17T21:41:02.8279855Z remote: Counting objects:   0% (1/292)        
2022-06-17T21:41:02.8280565Z remote: Counting objects:   1% (3/292)        
2022-06-17T21:41:02.8284005Z remote: Counting objects:   2% (6/292)        
2022-06-17T21:41:02.8285139Z remote: Counting objects:   3% (9/292)        
2022-06-17T21:41:02.8286139Z remote: Counting objects:   4% (12/292)        
2022-06-17T21:41:02.8286490Z remote: Counting objects:   5% (15/292)        
2022-06-17T21:41:02.8289812Z remote: Counting objects:   6% (18/292)        
2022-06-17T21:41:02.8290385Z remote: Counting objects:   7% (21/292)        
2022-06-17T21:41:02.8290894Z remote: Counting objects:   8% (24/292)        
2022-06-17T21:41:02.8291183Z remote: Counting objects:   9% (27/292)        
2022-06-17T21:41:02.8291454Z remote: Counting objects:  10% (30/292)        
2022-06-17T21:41:02.8291717Z remote: Counting objects:  11% (33/292)        
2022-06-17T21:41:02.8291978Z remote: Counting objects:  12% (36/292)        
2022-06-17T21:41:02.8292246Z remote: Counting objects:  13% (38/292)        
2022-06-17T21:41:02.8292511Z remote: Counting objects:  14% (41/292)        
2022-06-17T21:41:02.8292757Z remote: Counting objects:  15% (44/292)        
2022-06-17T21:41:02.8293019Z remote: Counting objects:  16% (47/292)        
2022-06-17T21:41:02.8293282Z remote: Counting objects:  17% (50/292)        
2022-06-17T21:41:02.8293525Z remote: Counting objects:  18% (53/292)        
2022-06-17T21:41:02.8293782Z remote: Counting objects:  19% (56/292)        
2022-06-17T21:41:02.8294041Z remote: Counting objects:  20% (59/292)        
2022-06-17T21:41:02.8294286Z remote: Counting objects:  21% (62/292)        
2022-06-17T21:41:02.8294544Z remote: Counting objects:  22% (65/292)        
2022-06-17T21:41:02.8294801Z remote: Counting objects:  23% (68/292)        
2022-06-17T21:41:02.8295059Z remote: Counting objects:  24% (71/292)        
2022-06-17T21:41:02.8295305Z remote: Counting objects:  25% (73/292)        
2022-06-17T21:41:02.8295956Z remote: Counting objects:  26% (76/292)        
2022-06-17T21:41:02.8296242Z remote: Counting objects:  27% (79/292)        
2022-06-17T21:41:02.8296527Z remote: Counting objects:  28% (82/292)        
2022-06-17T21:41:02.8296785Z remote: Counting objects:  29% (85/292)        
2022-06-17T21:41:02.8297212Z remote: Counting objects:  30% (88/292)        
2022-06-17T21:41:02.8298122Z remote: Counting objects:  31% (91/292)        
2022-06-17T21:41:02.8299068Z remote: Counting objects:  32% (94/292)        
2022-06-17T21:41:02.8299779Z remote: Counting objects:  33% (97/292)        
2022-06-17T21:41:02.8300445Z remote: Counting objects:  34% (100/292)        
2022-06-17T21:41:02.8301019Z remote: Counting objects:  35% (103/292)        
2022-06-17T21:41:02.8301558Z remote: Counting objects:  36% (106/292)        
2022-06-17T21:41:02.8302090Z remote: Counting objects:  37% (109/292)        
2022-06-17T21:41:02.8302644Z remote: Counting objects:  38% (111/292)        
2022-06-17T21:41:02.8303171Z remote: Counting objects:  39% (114/292)        
2022-06-17T21:41:02.8303667Z remote: Counting objects:  40% (117/292)        
2022-06-17T21:41:02.8304084Z remote: Counting objects:  41% (120/292)        
2022-06-17T21:41:02.8304582Z remote: Counting objects:  42% (123/292)        
2022-06-17T21:41:02.8305367Z remote: Counting objects:  43% (126/292)        
2022-06-17T21:41:02.8305906Z remote: Counting objects:  44% (129/292)        
2022-06-17T21:41:02.8306262Z remote: Counting objects:  45% (132/292)        
2022-06-17T21:41:02.8306691Z remote: Counting objects:  46% (135/292)        
2022-06-17T21:41:02.8307084Z remote: Counting objects:  47% (138/292)        
2022-06-17T21:41:02.8307500Z remote: Counting objects:  48% (141/292)        
2022-06-17T21:41:02.8307883Z remote: Counting objects:  49% (144/292)        
2022-06-17T21:41:02.8308303Z remote: Counting objects:  50% (146/292)        
2022-06-17T21:41:02.8308705Z remote: Counting objects:  51% (149/292)        
2022-06-17T21:41:02.8309201Z remote: Counting objects:  52% (152/292)        
2022-06-17T21:41:02.8309662Z remote: Counting objects:  53% (155/292)        
2022-06-17T21:41:02.8310439Z remote: Counting objects:  54% (158/292)        
2022-06-17T21:41:02.8311025Z remote: Counting objects:  55% (161/292)        
2022-06-17T21:41:02.8311463Z remote: Counting objects:  56% (164/292)        
2022-06-17T21:41:02.8311861Z remote: Counting objects:  57% (167/292)        
2022-06-17T21:41:02.8312263Z remote: Counting objects:  58% (170/292)        
2022-06-17T21:41:02.8312641Z remote: Counting objects:  59% (173/292)        
2022-06-17T21:41:02.8313048Z remote: Counting objects:  60% (176/292)        
2022-06-17T21:41:02.8313427Z remote: Counting objects:  61% (179/292)        
2022-06-17T21:41:02.8313863Z remote: Counting objects:  62% (182/292)        
2022-06-17T21:41:02.8314246Z remote: Counting objects:  63% (184/292)        
2022-06-17T21:41:02.8314669Z remote: Counting objects:  64% (187/292)        
2022-06-17T21:41:02.8315057Z remote: Counting objects:  65% (190/292)        
2022-06-17T21:41:02.8315454Z remote: Counting objects:  66% (193/292)        
2022-06-17T21:41:02.8315857Z remote: Counting objects:  67% (196/292)        
2022-06-17T21:41:02.8316219Z remote: Counting objects:  68% (199/292)        
2022-06-17T21:41:02.8316614Z remote: Counting objects:  69% (202/292)        
2022-06-17T21:41:02.8317029Z remote: Counting objects:  70% (205/292)        
2022-06-17T21:41:02.8317451Z remote: Counting objects:  71% (208/292)        
2022-06-17T21:41:02.8317837Z remote: Counting objects:  72% (211/292)        
2022-06-17T21:41:02.8318207Z remote: Counting objects:  73% (214/292)        
2022-06-17T21:41:02.8318618Z remote: Counting objects:  74% (217/292)        
2022-06-17T21:41:02.8318999Z remote: Counting objects:  75% (219/292)        
2022-06-17T21:41:02.8319408Z remote: Counting objects:  76% (222/292)        
2022-06-17T21:41:02.8319791Z remote: Counting objects:  77% (225/292)        
2022-06-17T21:41:02.8320295Z remote: Counting objects:  78% (228/292)        
2022-06-17T21:41:02.8321033Z remote: Counting objects:  79% (231/292)        
2022-06-17T21:41:02.8321334Z remote: Counting objects:  80% (234/292)        
2022-06-17T21:41:02.8321754Z remote: Counting objects:  81% (237/292)        
2022-06-17T21:41:02.8322163Z remote: Counting objects:  82% (240/292)        
2022-06-17T21:41:02.8322548Z remote: Counting objects:  83% (243/292)        
2022-06-17T21:41:02.8322956Z remote: Counting objects:  84% (246/292)        
2022-06-17T21:41:02.8323323Z remote: Counting objects:  85% (249/292)        
2022-06-17T21:41:02.8323773Z remote: Counting objects:  86% (252/292)        
2022-06-17T21:41:02.8324131Z remote: Counting objects:  87% (255/292)        
2022-06-17T21:41:02.8324708Z remote: Counting objects:  88% (257/292)        
2022-06-17T21:41:02.8325369Z remote: Counting objects:  89% (260/292)        
2022-06-17T21:41:02.8325771Z remote: Counting objects:  90% (263/292)        
2022-06-17T21:41:02.8326161Z remote: Counting objects:  91% (266/292)        
2022-06-17T21:41:02.8326587Z remote: Counting objects:  92% (269/292)        
2022-06-17T21:41:02.8326977Z remote: Counting objects:  93% (272/292)        
2022-06-17T21:41:02.8327343Z remote: Counting objects:  94% (275/292)        
2022-06-17T21:41:02.8327762Z remote: Counting objects:  95% (278/292)        
2022-06-17T21:41:02.8328148Z remote: Counting objects:  96% (281/292)        
2022-06-17T21:41:02.8328568Z remote: Counting objects:  97% (284/292)        
2022-06-17T21:41:02.8328967Z remote: Counting objects:  98% (287/292)        
2022-06-17T21:41:02.8329368Z remote: Counting objects:  99% (290/292)        
2022-06-17T21:41:02.8329736Z remote: Counting objects: 100% (292/292)        
2022-06-17T21:41:02.8330172Z remote: Counting objects: 100% (292/292), done.        
2022-06-17T21:41:02.8330626Z remote: Compressing objects:   0% (1/196)        
2022-06-17T21:41:02.8331221Z remote: Compressing objects:   1% (2/196)        
2022-06-17T21:41:02.8331684Z remote: Compressing objects:   2% (4/196)        
2022-06-17T21:41:02.8332094Z remote: Compressing objects:   3% (6/196)        
2022-06-17T21:41:02.8332460Z remote: Compressing objects:   4% (8/196)        
2022-06-17T21:41:02.8471215Z remote: Compressing objects:   5% (10/196)        
2022-06-17T21:41:02.8924565Z remote: Compressing objects:   6% (12/196)        
2022-06-17T21:41:02.8992933Z remote: Compressing objects:   7% (14/196)        
2022-06-17T21:41:02.9038312Z remote: Compressing objects:   8% (16/196)        
2022-06-17T21:41:02.9085947Z remote: Compressing objects:   9% (18/196)        
2022-06-17T21:41:02.9134673Z remote: Compressing objects:  10% (20/196)        
2022-06-17T21:41:02.9206309Z remote: Compressing objects:  11% (22/196)        
2022-06-17T21:41:02.9313994Z remote: Compressing objects:  12% (24/196)        
2022-06-17T21:41:02.9349324Z remote: Compressing objects:  13% (26/196)        
2022-06-17T21:41:02.9424541Z remote: Compressing objects:  14% (28/196)        
2022-06-17T21:41:02.9441435Z remote: Compressing objects:  15% (30/196)        
2022-06-17T21:41:02.9442397Z remote: Compressing objects:  16% (32/196)        
2022-06-17T21:41:02.9444015Z remote: Compressing objects:  17% (34/196)        
2022-06-17T21:41:02.9445115Z remote: Compressing objects:  18% (36/196)        
2022-06-17T21:41:02.9510888Z remote: Compressing objects:  19% (38/196)        
2022-06-17T21:41:02.9511338Z remote: Compressing objects:  20% (40/196)        
2022-06-17T21:41:02.9531377Z remote: Compressing objects:  21% (42/196)        
2022-06-17T21:41:02.9558936Z remote: Compressing objects:  22% (44/196)        
2022-06-17T21:41:02.9603794Z remote: Compressing objects:  23% (46/196)        
2022-06-17T21:41:02.9605878Z remote: Compressing objects:  24% (48/196)        
2022-06-17T21:41:02.9607872Z remote: Compressing objects:  25% (49/196)        
2022-06-17T21:41:02.9663034Z remote: Compressing objects:  26% (51/196)        
2022-06-17T21:41:02.9664859Z remote: Compressing objects:  27% (53/196)        
2022-06-17T21:41:02.9702037Z remote: Compressing objects:  28% (55/196)        
2022-06-17T21:41:02.9703180Z remote: Compressing objects:  29% (57/196)        
2022-06-17T21:41:02.9706801Z remote: Compressing objects:  30% (59/196)        
2022-06-17T21:41:02.9707380Z remote: Compressing objects:  31% (61/196)        
2022-06-17T21:41:02.9709001Z remote: Compressing objects:  32% (63/196)        
2022-06-17T21:41:02.9709604Z remote: Compressing objects:  33% (65/196)        
2022-06-17T21:41:02.9710666Z remote: Compressing objects:  34% (67/196)        
2022-06-17T21:41:02.9711137Z remote: Compressing objects:  35% (69/196)        
2022-06-17T21:41:02.9711903Z remote: Compressing objects:  36% (71/196)        
2022-06-17T21:41:02.9712630Z remote: Compressing objects:  37% (73/196)        
2022-06-17T21:41:02.9713274Z remote: Compressing objects:  38% (75/196)        
2022-06-17T21:41:02.9713742Z remote: Compressing objects:  39% (77/196)        
2022-06-17T21:41:02.9714404Z remote: Compressing objects:  40% (79/196)        
2022-06-17T21:41:02.9714839Z remote: Compressing objects:  41% (81/196)        
2022-06-17T21:41:02.9715481Z remote: Compressing objects:  42% (83/196)        
2022-06-17T21:41:02.9715927Z remote: Compressing objects:  43% (85/196)        
2022-06-17T21:41:02.9716581Z remote: Compressing objects:  44% (87/196)        
2022-06-17T21:41:02.9717014Z remote: Compressing objects:  45% (89/196)        
2022-06-17T21:41:02.9719073Z remote: Compressing objects:  46% (91/196)        
2022-06-17T21:41:02.9721600Z remote: Compressing objects:  47% (93/196)        
2022-06-17T21:41:02.9725023Z remote: Compressing objects:  48% (95/196)        
2022-06-17T21:41:02.9727437Z remote: Compressing objects:  49% (97/196)        
2022-06-17T21:41:02.9729584Z remote: Compressing objects:  50% (98/196)        
2022-06-17T21:41:02.9730339Z remote: Compressing objects:  51% (100/196)        
2022-06-17T21:41:02.9730923Z remote: Compressing objects:  52% (102/196)        
2022-06-17T21:41:02.9731994Z remote: Compressing objects:  53% (104/196)        
2022-06-17T21:41:02.9732559Z remote: Compressing objects:  54% (106/196)        
2022-06-17T21:41:02.9734665Z remote: Compressing objects:  55% (108/196)        
2022-06-17T21:41:02.9736396Z remote: Compressing objects:  56% (110/196)        
2022-06-17T21:41:02.9737356Z remote: Compressing objects:  57% (112/196)        
2022-06-17T21:41:02.9739015Z remote: Compressing objects:  58% (114/196)        
2022-06-17T21:41:02.9739921Z remote: Compressing objects:  59% (116/196)        
2022-06-17T21:41:02.9741479Z remote: Compressing objects:  60% (118/196)        
2022-06-17T21:41:02.9743039Z remote: Compressing objects:  61% (120/196)        
2022-06-17T21:41:02.9744142Z remote: Compressing objects:  62% (122/196)        
2022-06-17T21:41:02.9744442Z remote: Compressing objects:  63% (124/196)        
2022-06-17T21:41:02.9744801Z remote: Compressing objects:  64% (126/196)        
2022-06-17T21:41:02.9745166Z remote: Compressing objects:  65% (128/196)        
2022-06-17T21:41:02.9745542Z remote: Compressing objects:  66% (130/196)        
2022-06-17T21:41:02.9745915Z remote: Compressing objects:  67% (132/196)        
2022-06-17T21:41:02.9746275Z remote: Compressing objects:  68% (134/196)        
2022-06-17T21:41:02.9746643Z remote: Compressing objects:  69% (136/196)        
2022-06-17T21:41:02.9747138Z remote: Compressing objects:  70% (138/196)        
2022-06-17T21:41:02.9748201Z remote: Compressing objects:  71% (140/196)        
2022-06-17T21:41:02.9749670Z remote: Compressing objects:  72% (142/196)        
2022-06-17T21:41:02.9750767Z remote: Compressing objects:  73% (144/196)        
2022-06-17T21:41:02.9751825Z remote: Compressing objects:  74% (146/196)        
2022-06-17T21:41:02.9752822Z remote: Compressing objects:  75% (147/196)        
2022-06-17T21:41:02.9754254Z remote: Compressing objects:  76% (149/196)        
2022-06-17T21:41:02.9755091Z remote: Compressing objects:  77% (151/196)        
2022-06-17T21:41:02.9756044Z remote: Compressing objects:  78% (153/196)        
2022-06-17T21:41:02.9757089Z remote: Compressing objects:  79% (155/196)        
2022-06-17T21:41:02.9757557Z remote: Compressing objects:  80% (157/196)        
2022-06-17T21:41:02.9758119Z remote: Compressing objects:  81% (159/196)        
2022-06-17T21:41:02.9758661Z remote: Compressing objects:  82% (161/196)        
2022-06-17T21:41:02.9759174Z remote: Compressing objects:  83% (163/196)        
2022-06-17T21:41:02.9759764Z remote: Compressing objects:  84% (165/196)        
2022-06-17T21:41:02.9760493Z remote: Compressing objects:  85% (167/196)        
2022-06-17T21:41:02.9761041Z remote: Compressing objects:  86% (169/196)        
2022-06-17T21:41:02.9761598Z remote: Compressing objects:  87% (171/196)        
2022-06-17T21:41:02.9762475Z remote: Compressing objects:  88% (173/196)        
2022-06-17T21:41:02.9763011Z remote: Compressing objects:  89% (175/196)        
2022-06-17T21:41:02.9763710Z remote: Compressing objects:  90% (177/196)        
2022-06-17T21:41:02.9764175Z remote: Compressing objects:  91% (179/196)        
2022-06-17T21:41:02.9764819Z remote: Compressing objects:  92% (181/196)        
2022-06-17T21:41:02.9765250Z remote: Compressing objects:  93% (183/196)        
2022-06-17T21:41:02.9765915Z remote: Compressing objects:  94% (185/196)        
2022-06-17T21:41:02.9766368Z remote: Compressing objects:  95% (187/196)        
2022-06-17T21:41:02.9767205Z remote: Compressing objects:  96% (189/196)        
2022-06-17T21:41:02.9768092Z remote: Compressing objects:  97% (191/196)        
2022-06-17T21:41:02.9768516Z remote: Compressing objects:  98% (193/196)        
2022-06-17T21:41:02.9768988Z remote: Compressing objects:  99% (195/196)        
2022-06-17T21:41:02.9769527Z remote: Compressing objects: 100% (196/196)        
2022-06-17T21:41:02.9770220Z remote: Compressing objects: 100% (196/196), done.        
2022-06-17T21:41:03.0142230Z Receiving objects:   0% (1/18562)
2022-06-17T21:41:03.0268942Z Receiving objects:   1% (186/18562)
2022-06-17T21:41:03.0605606Z Receiving objects:   2% (372/18562)
2022-06-17T21:41:03.0838372Z Receiving objects:   3% (557/18562)
2022-06-17T21:41:03.0971668Z Receiving objects:   4% (743/18562)
2022-06-17T21:41:03.1022974Z Receiving objects:   5% (929/18562)
2022-06-17T21:41:03.1076890Z Receiving objects:   6% (1114/18562)
2022-06-17T21:41:03.1097037Z Receiving objects:   7% (1300/18562)
2022-06-17T21:41:03.1106600Z Receiving objects:   8% (1485/18562)
2022-06-17T21:41:03.1177647Z Receiving objects:   9% (1671/18562)
2022-06-17T21:41:03.1251014Z Receiving objects:  10% (1857/18562)
2022-06-17T21:41:03.1358499Z Receiving objects:  11% (2042/18562)
2022-06-17T21:41:03.1395553Z Receiving objects:  12% (2228/18562)
2022-06-17T21:41:03.1444042Z Receiving objects:  13% (2414/18562)
2022-06-17T21:41:03.1505441Z Receiving objects:  14% (2599/18562)
2022-06-17T21:41:03.1520232Z Receiving objects:  15% (2785/18562)
2022-06-17T21:41:03.1531793Z Receiving objects:  16% (2970/18562)
2022-06-17T21:41:03.1884369Z Receiving objects:  17% (3156/18562)
2022-06-17T21:41:03.2065990Z Receiving objects:  18% (3342/18562)
2022-06-17T21:41:03.2210291Z Receiving objects:  19% (3527/18562)
2022-06-17T21:41:03.2685382Z Receiving objects:  20% (3713/18562)
2022-06-17T21:41:03.2897876Z Receiving objects:  21% (3899/18562)
2022-06-17T21:41:03.3026716Z Receiving objects:  22% (4084/18562)
2022-06-17T21:41:03.3218241Z Receiving objects:  23% (4270/18562)
2022-06-17T21:41:03.3313714Z Receiving objects:  24% (4455/18562)
2022-06-17T21:41:03.3573000Z Receiving objects:  25% (4641/18562)
2022-06-17T21:41:03.3712175Z Receiving objects:  26% (4827/18562)
2022-06-17T21:41:03.3846334Z Receiving objects:  27% (5012/18562)
2022-06-17T21:41:03.3963868Z Receiving objects:  28% (5198/18562)
2022-06-17T21:41:03.4153767Z Receiving objects:  29% (5383/18562)
2022-06-17T21:41:03.4260619Z Receiving objects:  30% (5569/18562)
2022-06-17T21:41:03.4375455Z Receiving objects:  31% (5755/18562)
2022-06-17T21:41:03.4493670Z Receiving objects:  32% (5940/18562)
2022-06-17T21:41:03.4609397Z Receiving objects:  33% (6126/18562)
2022-06-17T21:41:03.4704994Z Receiving objects:  34% (6312/18562)
2022-06-17T21:41:03.4830574Z Receiving objects:  35% (6497/18562)
2022-06-17T21:41:03.5006594Z Receiving objects:  36% (6683/18562), 12.04 MiB | 24.06 MiB/s
2022-06-17T21:41:03.5063179Z Receiving objects:  37% (6868/18562), 12.04 MiB | 24.06 MiB/s
2022-06-17T21:41:03.5129726Z Receiving objects:  38% (7054/18562), 12.04 MiB | 24.06 MiB/s
2022-06-17T21:41:03.5154875Z Receiving objects:  39% (7240/18562), 12.04 MiB | 24.06 MiB/s
2022-06-17T21:41:03.5214146Z Receiving objects:  40% (7425/18562), 12.04 MiB | 24.06 MiB/s
2022-06-17T21:41:03.5274411Z Receiving objects:  41% (7611/18562), 12.04 MiB | 24.06 MiB/s
2022-06-17T21:41:03.5295267Z Receiving objects:  42% (7797/18562), 12.04 MiB | 24.06 MiB/s
2022-06-17T21:41:03.5323654Z Receiving objects:  43% (7982/18562), 12.04 MiB | 24.06 MiB/s
2022-06-17T21:41:03.5350889Z Receiving objects:  44% (8168/18562), 12.04 MiB | 24.06 MiB/s
2022-06-17T21:41:03.5399054Z Receiving objects:  45% (8353/18562), 12.04 MiB | 24.06 MiB/s
2022-06-17T21:41:03.5464871Z Receiving objects:  46% (8539/18562), 12.04 MiB | 24.06 MiB/s
2022-06-17T21:41:03.5515730Z Receiving objects:  47% (8725/18562), 12.04 MiB | 24.06 MiB/s
2022-06-17T21:41:03.5687037Z Receiving objects:  48% (8910/18562), 12.04 MiB | 24.06 MiB/s
2022-06-17T21:41:03.5736663Z Receiving objects:  49% (9096/18562), 12.04 MiB | 24.06 MiB/s
2022-06-17T21:41:03.5840552Z Receiving objects:  50% (9281/18562), 12.04 MiB | 24.06 MiB/s
2022-06-17T21:41:03.5909530Z Receiving objects:  51% (9467/18562), 12.04 MiB | 24.06 MiB/s
2022-06-17T21:41:03.5936855Z Receiving objects:  52% (9653/18562), 12.04 MiB | 24.06 MiB/s
2022-06-17T21:41:03.5967137Z Receiving objects:  53% (9838/18562), 12.04 MiB | 24.06 MiB/s
2022-06-17T21:41:03.6017511Z Receiving objects:  54% (10024/18562), 12.04 MiB | 24.06 MiB/s
2022-06-17T21:41:03.6049207Z Receiving objects:  55% (10210/18562), 12.04 MiB | 24.06 MiB/s
2022-06-17T21:41:03.6104829Z Receiving objects:  56% (10395/18562), 12.04 MiB | 24.06 MiB/s
2022-06-17T21:41:03.6170532Z Receiving objects:  57% (10581/18562), 12.04 MiB | 24.06 MiB/s
2022-06-17T21:41:03.6277196Z Receiving objects:  58% (10766/18562), 12.04 MiB | 24.06 MiB/s
2022-06-17T21:41:03.6414771Z Receiving objects:  59% (10952/18562), 12.04 MiB | 24.06 MiB/s
2022-06-17T21:41:03.6439083Z Receiving objects:  60% (11138/18562), 12.04 MiB | 24.06 MiB/s
2022-06-17T21:41:03.6518814Z Receiving objects:  61% (11323/18562), 12.04 MiB | 24.06 MiB/s
2022-06-17T21:41:03.6573600Z Receiving objects:  62% (11509/18562), 12.04 MiB | 24.06 MiB/s
2022-06-17T21:41:03.6595516Z Receiving objects:  63% (11695/18562), 12.04 MiB | 24.06 MiB/s
2022-06-17T21:41:03.6681591Z Receiving objects:  64% (11880/18562), 12.04 MiB | 24.06 MiB/s
2022-06-17T21:41:03.6701466Z Receiving objects:  65% (12066/18562), 12.04 MiB | 24.06 MiB/s
2022-06-17T21:41:03.6724017Z Receiving objects:  66% (12251/18562), 12.04 MiB | 24.06 MiB/s
2022-06-17T21:41:03.6778338Z Receiving objects:  67% (12437/18562), 12.04 MiB | 24.06 MiB/s
2022-06-17T21:41:03.7099636Z Receiving objects:  68% (12623/18562), 12.04 MiB | 24.06 MiB/s
2022-06-17T21:41:03.7156544Z Receiving objects:  69% (12808/18562), 12.04 MiB | 24.06 MiB/s
2022-06-17T21:41:03.7227005Z Receiving objects:  70% (12994/18562), 12.04 MiB | 24.06 MiB/s
2022-06-17T21:41:03.7242794Z Receiving objects:  71% (13180/18562), 12.04 MiB | 24.06 MiB/s
2022-06-17T21:41:03.7277903Z Receiving objects:  72% (13365/18562), 12.04 MiB | 24.06 MiB/s
2022-06-17T21:41:03.7387175Z Receiving objects:  73% (13551/18562), 12.04 MiB | 24.06 MiB/s
2022-06-17T21:41:03.7464683Z Receiving objects:  74% (13736/18562), 12.04 MiB | 24.06 MiB/s
2022-06-17T21:41:03.7575682Z Receiving objects:  75% (13922/18562), 12.04 MiB | 24.06 MiB/s
2022-06-17T21:41:03.7613452Z Receiving objects:  76% (14108/18562), 12.04 MiB | 24.06 MiB/s
2022-06-17T21:41:03.7633036Z Receiving objects:  77% (14293/18562), 12.04 MiB | 24.06 MiB/s
2022-06-17T21:41:03.7644903Z Receiving objects:  78% (14479/18562), 12.04 MiB | 24.06 MiB/s
2022-06-17T21:41:03.7689653Z Receiving objects:  79% (14664/18562), 12.04 MiB | 24.06 MiB/s
2022-06-17T21:41:03.7701033Z Receiving objects:  80% (14850/18562), 12.04 MiB | 24.06 MiB/s
2022-06-17T21:41:03.7707043Z Receiving objects:  81% (15036/18562), 12.04 MiB | 24.06 MiB/s
2022-06-17T21:41:03.7714311Z Receiving objects:  82% (15221/18562), 12.04 MiB | 24.06 MiB/s
2022-06-17T21:41:03.7738546Z Receiving objects:  83% (15407/18562), 12.04 MiB | 24.06 MiB/s
2022-06-17T21:41:03.7762377Z Receiving objects:  84% (15593/18562), 12.04 MiB | 24.06 MiB/s
2022-06-17T21:41:03.7800701Z Receiving objects:  85% (15778/18562), 12.04 MiB | 24.06 MiB/s
2022-06-17T21:41:03.7813338Z Receiving objects:  86% (15964/18562), 12.04 MiB | 24.06 MiB/s
2022-06-17T21:41:03.7843768Z Receiving objects:  87% (16149/18562), 12.04 MiB | 24.06 MiB/s
2022-06-17T21:41:03.7874754Z Receiving objects:  88% (16335/18562), 12.04 MiB | 24.06 MiB/s
2022-06-17T21:41:03.7883561Z Receiving objects:  89% (16521/18562), 12.04 MiB | 24.06 MiB/s
2022-06-17T21:41:03.7962791Z Receiving objects:  90% (16706/18562), 12.04 MiB | 24.06 MiB/s
2022-06-17T21:41:03.8039374Z Receiving objects:  91% (16892/18562), 12.04 MiB | 24.06 MiB/s
2022-06-17T21:41:03.8055315Z Receiving objects:  92% (17078/18562), 12.04 MiB | 24.06 MiB/s
2022-06-17T21:41:03.8060914Z Receiving objects:  93% (17263/18562), 12.04 MiB | 24.06 MiB/s
2022-06-17T21:41:03.8070644Z Receiving objects:  94% (17449/18562), 12.04 MiB | 24.06 MiB/s
2022-06-17T21:41:03.8079125Z Receiving objects:  95% (17634/18562), 12.04 MiB | 24.06 MiB/s
2022-06-17T21:41:03.8105341Z Receiving objects:  96% (17820/18562), 12.04 MiB | 24.06 MiB/s
2022-06-17T21:41:03.8193320Z Receiving objects:  97% (18006/18562), 12.04 MiB | 24.06 MiB/s
2022-06-17T21:41:03.8209964Z Receiving objects:  98% (18191/18562), 12.04 MiB | 24.06 MiB/s
2022-06-17T21:41:03.8668471Z Receiving objects:  99% (18377/18562), 12.04 MiB | 24.06 MiB/s
2022-06-17T21:41:03.8669629Z remote: Total 18562 (delta 172), reused 190 (delta 92), pack-reused 18270        
2022-06-17T21:41:03.8697674Z Receiving objects: 100% (18562/18562), 12.04 MiB | 24.06 MiB/s
2022-06-17T21:41:03.8698250Z Receiving objects: 100% (18562/18562), 26.26 MiB | 29.36 MiB/s, done.
2022-06-17T21:41:03.8730096Z Resolving deltas:   0% (0/12834)
2022-06-17T21:41:03.8756045Z Resolving deltas:   1% (129/12834)
2022-06-17T21:41:03.8770193Z Resolving deltas:   2% (257/12834)
2022-06-17T21:41:03.8783247Z Resolving deltas:   3% (386/12834)
2022-06-17T21:41:03.8794076Z Resolving deltas:   4% (514/12834)
2022-06-17T21:41:03.8800766Z Resolving deltas:   5% (642/12834)
2022-06-17T21:41:03.8808314Z Resolving deltas:   6% (771/12834)
2022-06-17T21:41:03.8814720Z Resolving deltas:   7% (899/12834)
2022-06-17T21:41:03.8830878Z Resolving deltas:   8% (1027/12834)
2022-06-17T21:41:03.8844765Z Resolving deltas:   9% (1156/12834)
2022-06-17T21:41:03.8851616Z Resolving deltas:  10% (1284/12834)
2022-06-17T21:41:03.8891508Z Resolving deltas:  11% (1412/12834)
2022-06-17T21:41:03.8930983Z Resolving deltas:  12% (1541/12834)
2022-06-17T21:41:03.9001939Z Resolving deltas:  13% (1669/12834)
2022-06-17T21:41:03.9027183Z Resolving deltas:  14% (1797/12834)
2022-06-17T21:41:03.9050943Z Resolving deltas:  15% (1926/12834)
2022-06-17T21:41:03.9078885Z Resolving deltas:  16% (2054/12834)
2022-06-17T21:41:03.9104870Z Resolving deltas:  17% (2182/12834)
2022-06-17T21:41:03.9125054Z Resolving deltas:  18% (2311/12834)
2022-06-17T21:41:03.9140555Z Resolving deltas:  19% (2439/12834)
2022-06-17T21:41:03.9156306Z Resolving deltas:  20% (2567/12834)
2022-06-17T21:41:03.9187381Z Resolving deltas:  21% (2696/12834)
2022-06-17T21:41:03.9217513Z Resolving deltas:  22% (2824/12834)
2022-06-17T21:41:03.9264039Z Resolving deltas:  23% (2952/12834)
2022-06-17T21:41:03.9950291Z Resolving deltas:  24% (3081/12834)
2022-06-17T21:41:04.0761081Z Resolving deltas:  25% (3209/12834)
2022-06-17T21:41:04.1438764Z Resolving deltas:  26% (3337/12834)
2022-06-17T21:41:04.2630486Z Resolving deltas:  27% (3466/12834)
2022-06-17T21:41:04.3847262Z Resolving deltas:  28% (3594/12834)
2022-06-17T21:41:04.5216635Z Resolving deltas:  29% (3722/12834)
2022-06-17T21:41:04.6605611Z Resolving deltas:  30% (3851/12834)
2022-06-17T21:41:04.7664584Z Resolving deltas:  31% (3979/12834)
2022-06-17T21:41:04.8658929Z Resolving deltas:  32% (4107/12834)
2022-06-17T21:41:04.8721496Z Resolving deltas:  33% (4236/12834)
2022-06-17T21:41:04.9331681Z Resolving deltas:  33% (4244/12834)
2022-06-17T21:41:04.9426433Z Resolving deltas:  34% (4364/12834)
2022-06-17T21:41:04.9501176Z Resolving deltas:  35% (4492/12834)
2022-06-17T21:41:04.9569945Z Resolving deltas:  36% (4621/12834)
2022-06-17T21:41:04.9614986Z Resolving deltas:  37% (4749/12834)
2022-06-17T21:41:04.9669099Z Resolving deltas:  38% (4877/12834)
2022-06-17T21:41:04.9983659Z Resolving deltas:  39% (5006/12834)
2022-06-17T21:41:05.0305964Z Resolving deltas:  40% (5134/12834)
2022-06-17T21:41:05.0361261Z Resolving deltas:  41% (5262/12834)
2022-06-17T21:41:05.0379730Z Resolving deltas:  42% (5391/12834)
2022-06-17T21:41:05.0387897Z Resolving deltas:  43% (5519/12834)
2022-06-17T21:41:05.0394720Z Resolving deltas:  44% (5647/12834)
2022-06-17T21:41:05.0400830Z Resolving deltas:  45% (5776/12834)
2022-06-17T21:41:05.0645567Z Resolving deltas:  46% (5904/12834)
2022-06-17T21:41:05.1502154Z Resolving deltas:  47% (6032/12834)
2022-06-17T21:41:05.1997985Z Resolving deltas:  48% (6161/12834)
2022-06-17T21:41:05.2204911Z Resolving deltas:  49% (6289/12834)
2022-06-17T21:41:05.2434502Z Resolving deltas:  50% (6417/12834)
2022-06-17T21:41:05.2599367Z Resolving deltas:  51% (6546/12834)
2022-06-17T21:41:05.2610991Z Resolving deltas:  52% (6674/12834)
2022-06-17T21:41:05.2626463Z Resolving deltas:  53% (6803/12834)
2022-06-17T21:41:05.2651948Z Resolving deltas:  54% (6931/12834)
2022-06-17T21:41:05.2805818Z Resolving deltas:  55% (7059/12834)
2022-06-17T21:41:05.3081822Z Resolving deltas:  56% (7188/12834)
2022-06-17T21:41:05.3203050Z Resolving deltas:  57% (7316/12834)
2022-06-17T21:41:05.3258844Z Resolving deltas:  58% (7444/12834)
2022-06-17T21:41:05.3288305Z Resolving deltas:  59% (7573/12834)
2022-06-17T21:41:05.3306287Z Resolving deltas:  60% (7701/12834)
2022-06-17T21:41:05.3377616Z Resolving deltas:  61% (7829/12834)
2022-06-17T21:41:05.3425807Z Resolving deltas:  62% (7958/12834)
2022-06-17T21:41:05.3439125Z Resolving deltas:  63% (8086/12834)
2022-06-17T21:41:05.3464960Z Resolving deltas:  64% (8214/12834)
2022-06-17T21:41:05.3500412Z Resolving deltas:  65% (8343/12834)
2022-06-17T21:41:05.3527157Z Resolving deltas:  66% (8471/12834)
2022-06-17T21:41:05.3924956Z Resolving deltas:  67% (8599/12834)
2022-06-17T21:41:05.3952079Z Resolving deltas:  68% (8728/12834)
2022-06-17T21:41:05.4018855Z Resolving deltas:  69% (8856/12834)
2022-06-17T21:41:05.4038305Z Resolving deltas:  70% (8984/12834)
2022-06-17T21:41:05.4085859Z Resolving deltas:  71% (9113/12834)
2022-06-17T21:41:05.4136359Z Resolving deltas:  72% (9241/12834)
2022-06-17T21:41:05.4309399Z Resolving deltas:  73% (9369/12834)
2022-06-17T21:41:05.4326889Z Resolving deltas:  74% (9498/12834)
2022-06-17T21:41:05.4335684Z Resolving deltas:  75% (9626/12834)
2022-06-17T21:41:05.4352028Z Resolving deltas:  76% (9754/12834)
2022-06-17T21:41:05.4375440Z Resolving deltas:  77% (9883/12834)
2022-06-17T21:41:05.4388133Z Resolving deltas:  78% (10011/12834)
2022-06-17T21:41:05.4398602Z Resolving deltas:  79% (10139/12834)
2022-06-17T21:41:05.4407458Z Resolving deltas:  80% (10268/12834)
2022-06-17T21:41:05.4415745Z Resolving deltas:  81% (10396/12834)
2022-06-17T21:41:05.4432061Z Resolving deltas:  82% (10524/12834)
2022-06-17T21:41:05.4446309Z Resolving deltas:  83% (10653/12834)
2022-06-17T21:41:05.4456165Z Resolving deltas:  84% (10781/12834)
2022-06-17T21:41:05.4466032Z Resolving deltas:  85% (10909/12834)
2022-06-17T21:41:05.4671567Z Resolving deltas:  86% (11038/12834)
2022-06-17T21:41:05.5111363Z Resolving deltas:  87% (11166/12834)
2022-06-17T21:41:05.5166891Z Resolving deltas:  88% (11294/12834)
2022-06-17T21:41:05.5555502Z Resolving deltas:  89% (11423/12834)
2022-06-17T21:41:05.6094772Z Resolving deltas:  90% (11551/12834)
2022-06-17T21:41:05.6308729Z Resolving deltas:  91% (11679/12834)
2022-06-17T21:41:05.7553141Z Resolving deltas:  92% (11808/12834)
2022-06-17T21:41:05.7614397Z Resolving deltas:  93% (11936/12834)
2022-06-17T21:41:05.7646912Z Resolving deltas:  94% (12064/12834)
2022-06-17T21:41:05.7996937Z Resolving deltas:  95% (12193/12834)
2022-06-17T21:41:05.8129714Z Resolving deltas:  96% (12321/12834)
2022-06-17T21:41:05.8178107Z Resolving deltas:  97% (12449/12834)
2022-06-17T21:41:05.8224339Z Resolving deltas:  98% (12578/12834)
2022-06-17T21:41:05.8718291Z Resolving deltas:  99% (12706/12834)
2022-06-17T21:41:05.8920718Z Resolving deltas:  99% (12820/12834)
2022-06-17T21:41:05.8953384Z Resolving deltas: 100% (12834/12834)
2022-06-17T21:41:05.9023854Z Resolving deltas: 100% (12834/12834), done.
2022-06-17T21:41:05.9976086Z From https://github.com/shipshapecode/shepherd
2022-06-17T21:41:05.9981433Z  * [new branch]        0.6.x                -> origin/0.6.x
2022-06-17T21:41:05.9982000Z  * [new branch]        add-modal-offset     -> origin/add-modal-offset
2022-06-17T21:41:05.9982527Z  * [new branch]        bump-deps            -> origin/bump-deps
2022-06-17T21:41:06.0029367Z  * [new branch]        chore/crazy-github-pages -> origin/chore/crazy-github-pages
2022-06-17T21:41:06.0030128Z  * [new branch]        ci/test-actions      -> origin/ci/test-actions
2022-06-17T21:41:06.0030745Z  * [new branch]        dependabot/npm_and_yarn/cypress-10.1.0 -> origin/dependabot/npm_and_yarn/cypress-10.1.0
2022-06-17T21:41:06.0031345Z  * [new branch]        gh-pages             -> origin/gh-pages
2022-06-17T21:41:06.0031816Z  * [new branch]        issue/114            -> origin/issue/114
2022-06-17T21:41:06.0032257Z  * [new branch]        master               -> origin/master
2022-06-17T21:41:06.0032757Z  * [new branch]        tech/preview-publish -> origin/tech/preview-publish
2022-06-17T21:41:06.0033249Z  * [new ref]           refs/pull/1833/merge -> pull/1833/merge
2022-06-17T21:41:06.0033962Z  * [new tag]           v0.2.0               -> v0.2.0
2022-06-17T21:41:06.0034360Z  * [new tag]           v0.2.1               -> v0.2.1
2022-06-17T21:41:06.0039618Z  * [new tag]           v0.3.0               -> v0.3.0
2022-06-17T21:41:06.0040036Z  * [new tag]           v0.3.1               -> v0.3.1
2022-06-17T21:41:06.0040434Z  * [new tag]           v0.4.0               -> v0.4.0
2022-06-17T21:41:06.0040819Z  * [new tag]           v0.4.1               -> v0.4.1
2022-06-17T21:41:06.0041208Z  * [new tag]           v0.4.2               -> v0.4.2
2022-06-17T21:41:06.0041598Z  * [new tag]           v0.4.3               -> v0.4.3
2022-06-17T21:41:06.0041988Z  * [new tag]           v0.4.4               -> v0.4.4
2022-06-17T21:41:06.0042368Z  * [new tag]           v0.4.5               -> v0.4.5
2022-06-17T21:41:06.0052459Z  * [new tag]           v0.4.6               -> v0.4.6
2022-06-17T21:41:06.0052878Z  * [new tag]           v0.4.7               -> v0.4.7
2022-06-17T21:41:06.0053281Z  * [new tag]           v0.5.0               -> v0.5.0
2022-06-17T21:41:06.0053603Z  * [new tag]           v0.5.1               -> v0.5.1
2022-06-17T21:41:06.0053939Z  * [new tag]           v0.6.0               -> v0.6.0
2022-06-17T21:41:06.0054266Z  * [new tag]           v0.6.1               -> v0.6.1
2022-06-17T21:41:06.0054585Z  * [new tag]           v0.6.10              -> v0.6.10
2022-06-17T21:41:06.0054919Z  * [new tag]           v0.6.11              -> v0.6.11
2022-06-17T21:41:06.0056761Z  * [new tag]           v0.6.12              -> v0.6.12
2022-06-17T21:41:06.0057172Z  * [new tag]           v0.6.13              -> v0.6.13
2022-06-17T21:41:06.0057557Z  * [new tag]           v0.6.14              -> v0.6.14
2022-06-17T21:41:06.0057949Z  * [new tag]           v0.6.15              -> v0.6.15
2022-06-17T21:41:06.0058347Z  * [new tag]           v0.6.16              -> v0.6.16
2022-06-17T21:41:06.0058740Z  * [new tag]           v0.6.2               -> v0.6.2
2022-06-17T21:41:06.0059119Z  * [new tag]           v0.6.3               -> v0.6.3
2022-06-17T21:41:06.0059702Z  * [new tag]           v0.6.4               -> v0.6.4
2022-06-17T21:41:06.0062256Z  * [new tag]           v0.6.5               -> v0.6.5
2022-06-17T21:41:06.0062674Z  * [new tag]           v0.6.6               -> v0.6.6
2022-06-17T21:41:06.0063060Z  * [new tag]           v0.6.7               -> v0.6.7
2022-06-17T21:41:06.0063451Z  * [new tag]           v0.6.8               -> v0.6.8
2022-06-17T21:41:06.0066068Z  * [new tag]           v0.6.9               -> v0.6.9
2022-06-17T21:41:06.0066571Z  * [new tag]           v0.7.0               -> v0.7.0
2022-06-17T21:41:06.0067127Z  * [new tag]           v0.7.1               -> v0.7.1
2022-06-17T21:41:06.0068772Z  * [new tag]           v0.7.2               -> v0.7.2
2022-06-17T21:41:06.0070520Z  * [new tag]           v1.0.0               -> v1.0.0
2022-06-17T21:41:06.0071022Z  * [new tag]           v1.0.1               -> v1.0.1
2022-06-17T21:41:06.0072638Z  * [new tag]           v1.0.2               -> v1.0.2
2022-06-17T21:41:06.0074305Z  * [new tag]           v1.1.0               -> v1.1.0
2022-06-17T21:41:06.0074809Z  * [new tag]           v1.1.1               -> v1.1.1
2022-06-17T21:41:06.0076886Z  * [new tag]           v1.1.2               -> v1.1.2
2022-06-17T21:41:06.0077367Z  * [new tag]           v1.1.3               -> v1.1.3
2022-06-17T21:41:06.0079271Z  * [new tag]           v1.1.4               -> v1.1.4
2022-06-17T21:41:06.0080927Z  * [new tag]           v1.2.0               -> v1.2.0
2022-06-17T21:41:06.0081532Z  * [new tag]           v1.2.1               -> v1.2.1
2022-06-17T21:41:06.0132138Z  * [new tag]           v1.2.2               -> v1.2.2
2022-06-17T21:41:06.0132767Z  * [new tag]           v1.3.0               -> v1.3.0
2022-06-17T21:41:06.0135065Z  * [new tag]           v1.4.0               -> v1.4.0
2022-06-17T21:41:06.0135668Z  * [new tag]           v1.5.0               -> v1.5.0
2022-06-17T21:41:06.0136228Z  * [new tag]           v1.5.1               -> v1.5.1
2022-06-17T21:41:06.0137030Z  * [new tag]           v1.6.0               -> v1.6.0
2022-06-17T21:41:06.0137609Z  * [new tag]           v1.6.1               -> v1.6.1
2022-06-17T21:41:06.0138208Z  * [new tag]           v1.6.2               -> v1.6.2
2022-06-17T21:41:06.0138770Z  * [new tag]           v1.7.0               -> v1.7.0
2022-06-17T21:41:06.0139400Z  * [new tag]           v1.7.1               -> v1.7.1
2022-06-17T21:41:06.0139965Z  * [new tag]           v1.8.0               -> v1.8.0
2022-06-17T21:41:06.0140522Z  * [new tag]           v1.8.1               -> v1.8.1
2022-06-17T21:41:06.0141087Z  * [new tag]           v10.0.0              -> v10.0.0
2022-06-17T21:41:06.0141659Z  * [new tag]           v2.0.0               -> v2.0.0
2022-06-17T21:41:06.0142404Z  * [new tag]           v2.0.0-beta.1        -> v2.0.0-beta.1
2022-06-17T21:41:06.0142940Z  * [new tag]           v2.0.0-beta.10       -> v2.0.0-beta.10
2022-06-17T21:41:06.0143535Z  * [new tag]           v2.0.0-beta.11       -> v2.0.0-beta.11
2022-06-17T21:41:06.0144149Z  * [new tag]           v2.0.0-beta.12       -> v2.0.0-beta.12
2022-06-17T21:41:06.0144758Z  * [new tag]           v2.0.0-beta.13       -> v2.0.0-beta.13
2022-06-17T21:41:06.0145368Z  * [new tag]           v2.0.0-beta.14       -> v2.0.0-beta.14
2022-06-17T21:41:06.0145959Z  * [new tag]           v2.0.0-beta.15       -> v2.0.0-beta.15
2022-06-17T21:41:06.0146557Z  * [new tag]           v2.0.0-beta.16       -> v2.0.0-beta.16
2022-06-17T21:41:06.0147155Z  * [new tag]           v2.0.0-beta.17       -> v2.0.0-beta.17
2022-06-17T21:41:06.0147757Z  * [new tag]           v2.0.0-beta.18       -> v2.0.0-beta.18
2022-06-17T21:41:06.0148370Z  * [new tag]           v2.0.0-beta.19       -> v2.0.0-beta.19
2022-06-17T21:41:06.0149046Z  * [new tag]           v2.0.0-beta.2        -> v2.0.0-beta.2
2022-06-17T21:41:06.0149647Z  * [new tag]           v2.0.0-beta.20       -> v2.0.0-beta.20
2022-06-17T21:41:06.0151061Z  * [new tag]           v2.0.0-beta.21       -> v2.0.0-beta.21
2022-06-17T21:41:06.0151584Z  * [new tag]           v2.0.0-beta.22       -> v2.0.0-beta.22
2022-06-17T21:41:06.0152413Z  * [new tag]           v2.0.0-beta.23       -> v2.0.0-beta.23
2022-06-17T21:41:06.0152963Z  * [new tag]           v2.0.0-beta.24       -> v2.0.0-beta.24
2022-06-17T21:41:06.0153566Z  * [new tag]           v2.0.0-beta.25       -> v2.0.0-beta.25
2022-06-17T21:41:06.0154151Z  * [new tag]           v2.0.0-beta.26       -> v2.0.0-beta.26
2022-06-17T21:41:06.0154752Z  * [new tag]           v2.0.0-beta.27       -> v2.0.0-beta.27
2022-06-17T21:41:06.0155361Z  * [new tag]           v2.0.0-beta.28       -> v2.0.0-beta.28
2022-06-17T21:41:06.0155963Z  * [new tag]           v2.0.0-beta.29       -> v2.0.0-beta.29
2022-06-17T21:41:06.0156554Z  * [new tag]           v2.0.0-beta.3        -> v2.0.0-beta.3
2022-06-17T21:41:06.0157169Z  * [new tag]           v2.0.0-beta.30       -> v2.0.0-beta.30
2022-06-17T21:41:06.0158049Z  * [new tag]           v2.0.0-beta.31       -> v2.0.0-beta.31
2022-06-17T21:41:06.0160466Z  * [new tag]           v2.0.0-beta.32       -> v2.0.0-beta.32
2022-06-17T21:41:06.0162889Z  * [new tag]           v2.0.0-beta.33       -> v2.0.0-beta.33
2022-06-17T21:41:06.0165444Z  * [new tag]           v2.0.0-beta.34       -> v2.0.0-beta.34
2022-06-17T21:41:06.0167743Z  * [new tag]           v2.0.0-beta.35       -> v2.0.0-beta.35
2022-06-17T21:41:06.0170333Z  * [new tag]           v2.0.0-beta.4        -> v2.0.0-beta.4
2022-06-17T21:41:06.0172757Z  * [new tag]           v2.0.0-beta.5        -> v2.0.0-beta.5
2022-06-17T21:41:06.0175141Z  * [new tag]           v2.0.0-beta.6        -> v2.0.0-beta.6
2022-06-17T21:41:06.0177380Z  * [new tag]           v2.0.0-beta.7        -> v2.0.0-beta.7
2022-06-17T21:41:06.0179791Z  * [new tag]           v2.0.0-beta.8        -> v2.0.0-beta.8
2022-06-17T21:41:06.0182087Z  * [new tag]           v2.0.0-beta.9        -> v2.0.0-beta.9
2022-06-17T21:41:06.0184353Z  * [new tag]           v2.0.1               -> v2.0.1
2022-06-17T21:41:06.0186530Z  * [new tag]           v2.0.2               -> v2.0.2
2022-06-17T21:41:06.0189867Z  * [new tag]           v2.1.0               -> v2.1.0
2022-06-17T21:41:06.0192997Z  * [new tag]           v2.1.1               -> v2.1.1
2022-06-17T21:41:06.0195053Z  * [new tag]           v2.10.0              -> v2.10.0
2022-06-17T21:41:06.0196624Z  * [new tag]           v2.2.0               -> v2.2.0
2022-06-17T21:41:06.0197954Z  * [new tag]           v2.3.0               -> v2.3.0
2022-06-17T21:41:06.0199324Z  * [new tag]           v2.3.1               -> v2.3.1
2022-06-17T21:41:06.0200708Z  * [new tag]           v2.3.2               -> v2.3.2
2022-06-17T21:41:06.0202250Z  * [new tag]           v2.3.3               -> v2.3.3
2022-06-17T21:41:06.0203620Z  * [new tag]           v2.4.0               -> v2.4.0
2022-06-17T21:41:06.0205048Z  * [new tag]           v2.5.0               -> v2.5.0
2022-06-17T21:41:06.0206424Z  * [new tag]           v2.6.0               -> v2.6.0
2022-06-17T21:41:06.0207890Z  * [new tag]           v2.7.0               -> v2.7.0
2022-06-17T21:41:06.0209202Z  * [new tag]           v2.8.0               -> v2.8.0
2022-06-17T21:41:06.0210835Z  * [new tag]           v2.9.0               -> v2.9.0
2022-06-17T21:41:06.0212182Z  * [new tag]           v2.9.1               -> v2.9.1
2022-06-17T21:41:06.0213711Z  * [new tag]           v3.0.0               -> v3.0.0
2022-06-17T21:41:06.0215317Z  * [new tag]           v3.1.0               -> v3.1.0
2022-06-17T21:41:06.0216606Z  * [new tag]           v4.0.0               -> v4.0.0
2022-06-17T21:41:06.0218167Z  * [new tag]           v4.0.0-beta.0        -> v4.0.0-beta.0
2022-06-17T21:41:06.0219408Z  * [new tag]           v4.0.0-beta.1        -> v4.0.0-beta.1
2022-06-17T21:41:06.0221016Z  * [new tag]           v4.0.0-beta.10       -> v4.0.0-beta.10
2022-06-17T21:41:06.0222476Z  * [new tag]           v4.0.0-beta.11       -> v4.0.0-beta.11
2022-06-17T21:41:06.0223924Z  * [new tag]           v4.0.0-beta.12       -> v4.0.0-beta.12
2022-06-17T21:41:06.0225462Z  * [new tag]           v4.0.0-beta.13       -> v4.0.0-beta.13
2022-06-17T21:41:06.0226920Z  * [new tag]           v4.0.0-beta.14       -> v4.0.0-beta.14
2022-06-17T21:41:06.0229106Z  * [new tag]           v4.0.0-beta.15       -> v4.0.0-beta.15
2022-06-17T21:41:06.0231984Z  * [new tag]           v4.0.0-beta.16       -> v4.0.0-beta.16
2022-06-17T21:41:06.0233482Z  * [new tag]           v4.0.0-beta.17       -> v4.0.0-beta.17
2022-06-17T21:41:06.0235152Z  * [new tag]           v4.0.0-beta.18       -> v4.0.0-beta.18
2022-06-17T21:41:06.0236010Z  * [new tag]           v4.0.0-beta.2        -> v4.0.0-beta.2
2022-06-17T21:41:06.0236562Z  * [new tag]           v4.0.0-beta.3        -> v4.0.0-beta.3
2022-06-17T21:41:06.0237170Z  * [new tag]           v4.0.0-beta.4        -> v4.0.0-beta.4
2022-06-17T21:41:06.0237783Z  * [new tag]           v4.0.0-beta.5        -> v4.0.0-beta.5
2022-06-17T21:41:06.0238453Z  * [new tag]           v4.0.0-beta.6        -> v4.0.0-beta.6
2022-06-17T21:41:06.0239052Z  * [new tag]           v4.0.0-beta.7        -> v4.0.0-beta.7
2022-06-17T21:41:06.0239651Z  * [new tag]           v4.0.0-beta.8        -> v4.0.0-beta.8
2022-06-17T21:41:06.0240172Z  * [new tag]           v4.0.0-beta.9        -> v4.0.0-beta.9
2022-06-17T21:41:06.0240754Z  * [new tag]           v4.1.0               -> v4.1.0
2022-06-17T21:41:06.0241336Z  * [new tag]           v4.2.0               -> v4.2.0
2022-06-17T21:41:06.0241906Z  * [new tag]           v4.3.0               -> v4.3.0
2022-06-17T21:41:06.0242479Z  * [new tag]           v4.3.1               -> v4.3.1
2022-06-17T21:41:06.0243033Z  * [new tag]           v4.3.2               -> v4.3.2
2022-06-17T21:41:06.0243608Z  * [new tag]           v4.3.3               -> v4.3.3
2022-06-17T21:41:06.0244174Z  * [new tag]           v4.3.4               -> v4.3.4
2022-06-17T21:41:06.0244741Z  * [new tag]           v4.4.0               -> v4.4.0
2022-06-17T21:41:06.0245298Z  * [new tag]           v4.4.1               -> v4.4.1
2022-06-17T21:41:06.0245864Z  * [new tag]           v4.5.0               -> v4.5.0
2022-06-17T21:41:06.0246428Z  * [new tag]           v4.6.0               -> v4.6.0
2022-06-17T21:41:06.0247158Z  * [new tag]           v5.0.0               -> v5.0.0
2022-06-17T21:41:06.0247749Z  * [new tag]           v5.0.0-beta.0        -> v5.0.0-beta.0
2022-06-17T21:41:06.0248356Z  * [new tag]           v5.0.0-beta.1        -> v5.0.0-beta.1
2022-06-17T21:41:06.0248859Z  * [new tag]           v5.0.0-beta.2        -> v5.0.0-beta.2
2022-06-17T21:41:06.0249618Z  * [new tag]           v5.0.1               -> v5.0.1
2022-06-17T21:41:06.0250007Z  * [new tag]           v6.0.0               -> v6.0.0
2022-06-17T21:41:06.0250420Z  * [new tag]           v6.0.0-beta.0        -> v6.0.0-beta.0
2022-06-17T21:41:06.0250844Z  * [new tag]           v6.0.0-beta.1        -> v6.0.0-beta.1
2022-06-17T21:41:06.0251269Z  * [new tag]           v6.0.0-beta.2        -> v6.0.0-beta.2
2022-06-17T21:41:06.0251657Z  * [new tag]           v6.0.1               -> v6.0.1
2022-06-17T21:41:06.0252048Z  * [new tag]           v6.0.2               -> v6.0.2
2022-06-17T21:41:06.0252440Z  * [new tag]           v7.0.0               -> v7.0.0
2022-06-17T21:41:06.0252838Z  * [new tag]           v7.0.1               -> v7.0.1
2022-06-17T21:41:06.0253227Z  * [new tag]           v7.0.2               -> v7.0.2
2022-06-17T21:41:06.0253618Z  * [new tag]           v7.0.3               -> v7.0.3
2022-06-17T21:41:06.0254005Z  * [new tag]           v7.0.4               -> v7.0.4
2022-06-17T21:41:06.0254399Z  * [new tag]           v7.1.0               -> v7.1.0
2022-06-17T21:41:06.0254779Z  * [new tag]           v7.1.1               -> v7.1.1
2022-06-17T21:41:06.0255165Z  * [new tag]           v7.1.2               -> v7.1.2
2022-06-17T21:41:06.0255558Z  * [new tag]           v7.1.3               -> v7.1.3
2022-06-17T21:41:06.0255954Z  * [new tag]           v7.1.4               -> v7.1.4
2022-06-17T21:41:06.0256329Z  * [new tag]           v7.1.5               -> v7.1.5
2022-06-17T21:41:06.0256722Z  * [new tag]           v7.2.0               -> v7.2.0
2022-06-17T21:41:06.0257121Z  * [new tag]           v7.2.1               -> v7.2.1
2022-06-17T21:41:06.0257504Z  * [new tag]           v8.0.0               -> v8.0.0
2022-06-17T21:41:06.0258117Z  * [new tag]           v8.0.1               -> v8.0.1
2022-06-17T21:41:06.0258526Z  * [new tag]           v8.0.2               -> v8.0.2
2022-06-17T21:41:06.0258924Z  * [new tag]           v8.1.0               -> v8.1.0
2022-06-17T21:41:06.0259641Z  * [new tag]           v8.2.0               -> v8.2.0
2022-06-17T21:41:06.0260373Z  * [new tag]           v8.2.1               -> v8.2.1
2022-06-17T21:41:06.0260850Z  * [new tag]           v8.2.2               -> v8.2.2
2022-06-17T21:41:06.0261241Z  * [new tag]           v8.2.3               -> v8.2.3
2022-06-17T21:41:06.0261629Z  * [new tag]           v8.3.0               -> v8.3.0
2022-06-17T21:41:06.0262020Z  * [new tag]           v8.3.1               -> v8.3.1
2022-06-17T21:41:06.0262406Z  * [new tag]           v9.0.0               -> v9.0.0
2022-06-17T21:41:06.0262799Z  * [new tag]           v9.1.0               -> v9.1.0
2022-06-17T21:41:06.0263188Z  * [new tag]           v9.1.1               -> v9.1.1
2022-06-17T21:41:06.0291980Z ##[command]git checkout --progress --force refs/remotes/pull/1833/merge
2022-06-17T21:41:06.0496499Z Note: switching to 'refs/remotes/pull/1833/merge'.
2022-06-17T21:41:06.0496916Z 
2022-06-17T21:41:06.0497582Z You are in 'detached HEAD' state. You can look around, make experimental
2022-06-17T21:41:06.0498117Z changes and commit them, and you can discard any commits you make in this
2022-06-17T21:41:06.0498821Z state without impacting any branches by switching back to a branch.
2022-06-17T21:41:06.0499162Z 
2022-06-17T21:41:06.0499647Z If you want to create a new branch to retain commits you create, you may
2022-06-17T21:41:06.0500251Z do so (now or later) by using -c with the switch command. Example:
2022-06-17T21:41:06.0500776Z 
2022-06-17T21:41:06.0501221Z   git switch -c <new-branch-name>
2022-06-17T21:41:06.0501784Z 
2022-06-17T21:41:06.0502037Z Or undo this operation with:
2022-06-17T21:41:06.0502558Z 
2022-06-17T21:41:06.0510528Z   git switch -
2022-06-17T21:41:06.0511209Z 
2022-06-17T21:41:06.0511594Z Turn off this advice by setting config variable advice.detachedHead to false
2022-06-17T21:41:06.0512171Z 
2022-06-17T21:41:06.0512552Z HEAD is now at 0cbce1e3 Merge ebc36974ba6b73f741a2d93b6333d7854b1386af into a823371dbdd6f2180e2eaea3d67e43cbbc14662e
2022-06-17T21:41:06.0762233Z ##[group]Run actions/setup-node@v1
2022-06-17T21:41:06.0762487Z with:
2022-06-17T21:41:06.0762676Z   node-version: 14.18.1
2022-06-17T21:41:06.0762945Z   always-auth: false
2022-06-17T21:41:06.0763156Z ##[endgroup]
2022-06-17T21:41:06.7505690Z [command]/usr/bin/tar xz --warning=no-unknown-keyword -C /home/runner/work/_temp/0f76ff7b-5054-49f1-bcc2-0db0faba49a6 -f /home/runner/work/_temp/70bea412-b447-4b98-bb61-12bc61dc7bb5
2022-06-17T21:41:09.0031728Z [command]/opt/hostedtoolcache/node/14.18.1/x64/bin/node --version
2022-06-17T21:41:09.0092037Z v14.18.1
2022-06-17T21:41:09.0102485Z [command]/opt/hostedtoolcache/node/14.18.1/x64/bin/npm --version
2022-06-17T21:41:09.1624855Z 6.14.15
2022-06-17T21:41:09.4419835Z ##[group]Run actions/cache@v2
2022-06-17T21:41:09.4420217Z with:
2022-06-17T21:41:09.4420443Z   path: **/node_modules

2022-06-17T21:41:09.4420834Z   key: yarn-043a99f402796ead287e66b19f93a86c664a6b75e14e4fee2b340dd159c3417d
2022-06-17T21:41:09.4421217Z ##[endgroup]
2022-06-17T21:41:11.0978537Z Received 71303168 of 118898652 (60.0%), 67.9 MBs/sec
2022-06-17T21:41:11.4865550Z Received 118898652 of 118898652 (100.0%), 81.5 MBs/sec
2022-06-17T21:41:11.4866784Z Cache Size: ~113 MB (118898652 B)
2022-06-17T21:41:11.4891233Z [command]/usr/bin/tar --use-compress-program zstd -d -xf /home/runner/work/_temp/5e8434d7-3ebe-4257-9012-382a78188c2d/cache.tzst -P -C /home/runner/work/shepherd/shepherd
2022-06-17T21:41:13.7559901Z Cache restored successfully
2022-06-17T21:41:13.7790191Z 
2022-06-17T21:41:13.7814986Z Cache restored from key: yarn-043a99f402796ead287e66b19f93a86c664a6b75e14e4fee2b340dd159c3417d
2022-06-17T21:41:13.8012206Z ##[group]Run yarn test:unit:ci
2022-06-17T21:41:13.8012640Z [36;1myarn test:unit:ci[0m
2022-06-17T21:41:13.8072562Z shell: /usr/bin/bash -e {0}
2022-06-17T21:41:13.8072963Z ##[endgroup]
2022-06-17T21:41:14.0916856Z yarn run v1.22.19
2022-06-17T21:41:14.1436287Z $ jest --coverage
2022-06-17T21:41:21.0807944Z (node:1801) UnhandledPromiseRejectionWarning: TypeError: Cannot read property 'stepsContainer' of undefined
2022-06-17T21:41:21.0811492Z (Use `node --trace-warnings ...` to show where the warning was created)
2022-06-17T21:41:21.0813571Z (node:1801) UnhandledPromiseRejectionWarning: Unhandled promise rejection. This error originated either by throwing inside of an async function without a catch block, or by rejecting a promise which was not handled with .catch(). To terminate the node process on unhandled promise rejection, use the CLI flag `--unhandled-rejections=strict` (see https://nodejs.org/api/cli.html#cli_unhandled_rejections_mode). (rejection id: 1)
2022-06-17T21:41:21.0815587Z (node:1801) [DEP0018] DeprecationWarning: Unhandled promise rejections are deprecated. In the future, promise rejections that are not handled will terminate the Node.js process with a non-zero exit code.
2022-06-17T21:41:21.0816657Z (node:1801) UnhandledPromiseRejectionWarning: TypeError: Cannot read property 'stepsContainer' of undefined
2022-06-17T21:41:21.0818610Z (node:1801) UnhandledPromiseRejectionWarning: Unhandled promise rejection. This error originated either by throwing inside of an async function without a catch block, or by rejecting a promise which was not handled with .catch(). To terminate the node process on unhandled promise rejection, use the CLI flag `--unhandled-rejections=strict` (see https://nodejs.org/api/cli.html#cli_unhandled_rejections_mode). (rejection id: 2)
2022-06-17T21:41:21.0845733Z PASS test/unit/step.spec.js (5.875 s)
2022-06-17T21:41:21.1146403Z   ● Console
2022-06-17T21:41:21.1146944Z 
2022-06-17T21:41:21.1147222Z     console.error
2022-06-17T21:41:21.1147991Z       Popper: modifier "foo" provided an invalid "enabled" property, expected "boolean" but got "undefined"
2022-06-17T21:41:21.1148799Z 
2022-06-17T21:41:21.1149168Z       85 |   }
2022-06-17T21:41:21.1149580Z       86 |
2022-06-17T21:41:21.1150376Z     > 87 |   step.tooltip = createPopper(target, step.el, popperOptions);
2022-06-17T21:41:21.1150935Z          |                  ^
2022-06-17T21:41:21.1151566Z       88 |   step.target = attachToOptions.element;
2022-06-17T21:41:21.1152026Z       89 |
2022-06-17T21:41:21.1152481Z       90 |   return popperOptions;
2022-06-17T21:41:21.1152800Z 
2022-06-17T21:41:21.1153199Z       at error (node_modules/@popperjs/core/src/utils/validateModifiers.js:41:23)
2022-06-17T21:41:21.1153820Z           at Array.forEach (<anonymous>)
2022-06-17T21:41:21.1154455Z       at forEach (node_modules/@popperjs/core/src/utils/validateModifiers.js:24:8)
2022-06-17T21:41:21.1154983Z           at Array.forEach (<anonymous>)
2022-06-17T21:41:21.1155616Z       at forEach (node_modules/@popperjs/core/src/utils/validateModifiers.js:20:13)
2022-06-17T21:41:21.1156377Z       at Object.validateModifiers [as setOptions] (node_modules/@popperjs/core/src/createPopper.js:117:11)
2022-06-17T21:41:21.1157133Z       at setOptions (node_modules/@popperjs/core/src/createPopper.js:263:14)
2022-06-17T21:41:21.1157880Z       at setupTooltip (src/js/utils/general.js:87:18)
2022-06-17T21:41:21.1158225Z 
2022-06-17T21:41:21.1158471Z     console.error
2022-06-17T21:41:21.1159304Z       Popper: modifier "foo" provided an invalid "phase" property, expected either beforeRead, read, afterRead, beforeMain, main, afterMain, beforeWrite, write, afterWrite but got "undefined"
2022-06-17T21:41:21.1159874Z 
2022-06-17T21:41:21.1160092Z       85 |   }
2022-06-17T21:41:21.1160489Z       86 |
2022-06-17T21:41:21.1160986Z     > 87 |   step.tooltip = createPopper(target, step.el, popperOptions);
2022-06-17T21:41:21.1161528Z          |                  ^
2022-06-17T21:41:21.1162300Z       88 |   step.target = attachToOptions.element;
2022-06-17T21:41:21.1162794Z       89 |
2022-06-17T21:41:21.1163261Z       90 |   return popperOptions;
2022-06-17T21:41:21.1163561Z 
2022-06-17T21:41:21.1163959Z       at error (node_modules/@popperjs/core/src/utils/validateModifiers.js:54:23)
2022-06-17T21:41:21.1164576Z           at Array.forEach (<anonymous>)
2022-06-17T21:41:21.1165212Z       at forEach (node_modules/@popperjs/core/src/utils/validateModifiers.js:24:8)
2022-06-17T21:41:21.1165787Z           at Array.forEach (<anonymous>)
2022-06-17T21:41:21.1166346Z       at forEach (node_modules/@popperjs/core/src/utils/validateModifiers.js:20:13)
2022-06-17T21:41:21.1167100Z       at Object.validateModifiers [as setOptions] (node_modules/@popperjs/core/src/createPopper.js:117:11)
2022-06-17T21:41:21.1167874Z       at setOptions (node_modules/@popperjs/core/src/createPopper.js:263:14)
2022-06-17T21:41:21.1168475Z       at setupTooltip (src/js/utils/general.js:87:18)
2022-06-17T21:41:21.1168803Z 
2022-06-17T21:41:21.1220091Z     console.error
2022-06-17T21:41:21.1272021Z       Popper: modifier "foo" provided an invalid "fn" property, expected "function" but got "undefined"
2022-06-17T21:41:21.1272312Z 
2022-06-17T21:41:21.1272411Z       85 |   }
2022-06-17T21:41:21.1272610Z       86 |
2022-06-17T21:41:21.1272941Z     > 87 |   step.tooltip = createPopper(target, step.el, popperOptions);
2022-06-17T21:41:21.1273240Z          |                  ^
2022-06-17T21:41:21.1273568Z       88 |   step.target = attachToOptions.element;
2022-06-17T21:41:21.1273826Z       89 |
2022-06-17T21:41:21.1274071Z       90 |   return popperOptions;
2022-06-17T21:41:21.1274219Z 
2022-06-17T21:41:21.1274461Z       at error (node_modules/@popperjs/core/src/utils/validateModifiers.js:67:23)
2022-06-17T21:41:21.1274813Z           at Array.forEach (<anonymous>)
2022-06-17T21:41:21.1275195Z       at forEach (node_modules/@popperjs/core/src/utils/validateModifiers.js:24:8)
2022-06-17T21:41:21.1275534Z           at Array.forEach (<anonymous>)
2022-06-17T21:41:21.1275917Z       at forEach (node_modules/@popperjs/core/src/utils/validateModifiers.js:20:13)
2022-06-17T21:41:21.1276695Z       at Object.validateModifiers [as setOptions] (node_modules/@popperjs/core/src/createPopper.js:117:11)
2022-06-17T21:41:21.1277176Z       at setOptions (node_modules/@popperjs/core/src/createPopper.js:263:14)
2022-06-17T21:41:21.1277556Z       at setupTooltip (src/js/utils/general.js:87:18)
2022-06-17T21:41:21.1277735Z 
2022-06-17T21:41:21.1277829Z     console.error
2022-06-17T21:41:21.1278226Z       Popper: modifier "foo" provided an invalid "enabled" property, expected "boolean" but got "undefined"
2022-06-17T21:41:21.1278466Z 
2022-06-17T21:41:21.1278550Z       85 |   }
2022-06-17T21:41:21.1278735Z       86 |
2022-06-17T21:41:21.1279056Z     > 87 |   step.tooltip = createPopper(target, step.el, popperOptions);
2022-06-17T21:41:21.1279349Z          |                  ^
2022-06-17T21:41:21.1279657Z       88 |   step.target = attachToOptions.element;
2022-06-17T21:41:21.1279900Z       89 |
2022-06-17T21:41:21.1280150Z       90 |   return popperOptions;
2022-06-17T21:41:21.1280305Z 
2022-06-17T21:41:21.1280542Z       at error (node_modules/@popperjs/core/src/utils/validateModifiers.js:41:23)
2022-06-17T21:41:21.1280904Z           at Array.forEach (<anonymous>)
2022-06-17T21:41:21.1281294Z       at forEach (node_modules/@popperjs/core/src/utils/validateModifiers.js:24:8)
2022-06-17T21:41:21.1281650Z           at Array.forEach (<anonymous>)
2022-06-17T21:41:21.1282039Z       at forEach (node_modules/@popperjs/core/src/utils/validateModifiers.js:20:13)
2022-06-17T21:41:21.1282535Z       at Object.validateModifiers [as setOptions] (node_modules/@popperjs/core/src/createPopper.js:117:11)
2022-06-17T21:41:21.1283012Z       at setOptions (node_modules/@popperjs/core/src/createPopper.js:263:14)
2022-06-17T21:41:21.1283391Z       at setupTooltip (src/js/utils/general.js:87:18)
2022-06-17T21:41:21.1283568Z 
2022-06-17T21:41:21.1283668Z     console.error
2022-06-17T21:41:21.1284337Z       Popper: modifier "foo" provided an invalid "phase" property, expected either beforeRead, read, afterRead, beforeMain, main, afterMain, beforeWrite, write, afterWrite but got "undefined"
2022-06-17T21:41:21.1284697Z 
2022-06-17T21:41:21.1284789Z       85 |   }
2022-06-17T21:41:21.1284984Z       86 |
2022-06-17T21:41:21.1285303Z     > 87 |   step.tooltip = createPopper(target, step.el, popperOptions);
2022-06-17T21:41:21.1285599Z          |                  ^
2022-06-17T21:41:21.1285902Z       88 |   step.target = attachToOptions.element;
2022-06-17T21:41:21.1286156Z       89 |
2022-06-17T21:41:21.1286402Z       90 |   return popperOptions;
2022-06-17T21:41:21.1286553Z 
2022-06-17T21:41:21.1286790Z       at error (node_modules/@popperjs/core/src/utils/validateModifiers.js:54:23)
2022-06-17T21:41:21.1287131Z           at Array.forEach (<anonymous>)
2022-06-17T21:41:21.1287523Z       at forEach (node_modules/@popperjs/core/src/utils/validateModifiers.js:24:8)
2022-06-17T21:41:21.1287881Z           at Array.forEach (<anonymous>)
2022-06-17T21:41:21.1288273Z       at forEach (node_modules/@popperjs/core/src/utils/validateModifiers.js:20:13)
2022-06-17T21:41:21.1288785Z       at Object.validateModifiers [as setOptions] (node_modules/@popperjs/core/src/createPopper.js:117:11)
2022-06-17T21:41:21.1289270Z       at setOptions (node_modules/@popperjs/core/src/createPopper.js:263:14)
2022-06-17T21:41:21.1289636Z       at setupTooltip (src/js/utils/general.js:87:18)
2022-06-17T21:41:21.1289810Z 
2022-06-17T21:41:21.1289907Z     console.error
2022-06-17T21:41:21.1290307Z       Popper: modifier "foo" provided an invalid "fn" property, expected "function" but got "undefined"
2022-06-17T21:41:21.1290548Z 
2022-06-17T21:41:21.1290635Z       85 |   }
2022-06-17T21:41:21.1290831Z       86 |
2022-06-17T21:41:21.1291160Z     > 87 |   step.tooltip = createPopper(target, step.el, popperOptions);
2022-06-17T21:41:21.1291439Z          |                  ^
2022-06-17T21:41:21.1291740Z       88 |   step.target = attachToOptions.element;
2022-06-17T21:41:21.1291998Z       89 |
2022-06-17T21:41:21.1292242Z       90 |   return popperOptions;
2022-06-17T21:41:21.1292463Z 
2022-06-17T21:41:21.1292702Z       at error (node_modules/@popperjs/core/src/utils/validateModifiers.js:67:23)
2022-06-17T21:41:21.1293055Z           at Array.forEach (<anonymous>)
2022-06-17T21:41:21.1293435Z       at forEach (node_modules/@popperjs/core/src/utils/validateModifiers.js:24:8)
2022-06-17T21:41:21.1293794Z           at Array.forEach (<anonymous>)
2022-06-17T21:41:21.1294179Z       at forEach (node_modules/@popperjs/core/src/utils/validateModifiers.js:20:13)
2022-06-17T21:41:21.1294685Z       at Object.validateModifiers [as setOptions] (node_modules/@popperjs/core/src/createPopper.js:117:11)
2022-06-17T21:41:21.1295160Z       at setOptions (node_modules/@popperjs/core/src/createPopper.js:263:14)
2022-06-17T21:41:21.1295541Z       at setupTooltip (src/js/utils/general.js:87:18)
2022-06-17T21:41:21.1295716Z 
2022-06-17T21:41:21.1295812Z     console.error
2022-06-17T21:41:21.1296213Z       Popper: modifier "foo" provided an invalid "enabled" property, expected "boolean" but got "undefined"
2022-06-17T21:41:21.1296462Z 
2022-06-17T21:41:21.1296548Z       85 |   }
2022-06-17T21:41:21.1296745Z       86 |
2022-06-17T21:41:21.1297074Z     > 87 |   step.tooltip = createPopper(target, step.el, popperOptions);
2022-06-17T21:41:21.1297363Z          |                  ^
2022-06-17T21:41:21.1297664Z       88 |   step.target = attachToOptions.element;
2022-06-17T21:41:21.1297904Z       89 |
2022-06-17T21:41:21.1298150Z       90 |   return popperOptions;
2022-06-17T21:41:21.1298301Z 
2022-06-17T21:41:21.1298539Z       at error (node_modules/@popperjs/core/src/utils/validateModifiers.js:41:23)
2022-06-17T21:41:21.1298894Z           at Array.forEach (<anonymous>)
2022-06-17T21:41:21.1299283Z       at forEach (node_modules/@popperjs/core/src/utils/validateModifiers.js:24:8)
2022-06-17T21:41:21.1299639Z           at Array.forEach (<anonymous>)
2022-06-17T21:41:21.1300077Z       at forEach (node_modules/@popperjs/core/src/utils/validateModifiers.js:20:13)
2022-06-17T21:41:21.1300592Z       at Object.validateModifiers [as setOptions] (node_modules/@popperjs/core/src/createPopper.js:117:11)
2022-06-17T21:41:21.1301064Z       at setOptions (node_modules/@popperjs/core/src/createPopper.js:263:14)
2022-06-17T21:41:21.1301444Z       at setupTooltip (src/js/utils/general.js:87:18)
2022-06-17T21:41:21.1301625Z 
2022-06-17T21:41:21.1301721Z     console.error
2022-06-17T21:41:21.1302288Z       Popper: modifier "foo" provided an invalid "phase" property, expected either beforeRead, read, afterRead, beforeMain, main, afterMain, beforeWrite, write, afterWrite but got "undefined"
2022-06-17T21:41:21.1302636Z 
2022-06-17T21:41:21.1302721Z       85 |   }
2022-06-17T21:41:21.1302901Z       86 |
2022-06-17T21:41:21.1303229Z     > 87 |   step.tooltip = createPopper(target, step.el, popperOptions);
2022-06-17T21:41:21.1303516Z          |                  ^
2022-06-17T21:41:21.1303820Z       88 |   step.target = attachToOptions.element;
2022-06-17T21:41:21.1304077Z       89 |
2022-06-17T21:41:21.1304324Z       90 |   return popperOptions;
2022-06-17T21:41:21.1304476Z 
2022-06-17T21:41:21.1304698Z       at error (node_modules/@popperjs/core/src/utils/validateModifiers.js:54:23)
2022-06-17T21:41:21.1305052Z           at Array.forEach (<anonymous>)
2022-06-17T21:41:21.1305442Z       at forEach (node_modules/@popperjs/core/src/utils/validateModifiers.js:24:8)
2022-06-17T21:41:21.1305805Z           at Array.forEach (<anonymous>)
2022-06-17T21:41:21.1306195Z       at forEach (node_modules/@popperjs/core/src/utils/validateModifiers.js:20:13)
2022-06-17T21:41:21.1306700Z       at Object.validateModifiers [as setOptions] (node_modules/@popperjs/core/src/createPopper.js:117:11)
2022-06-17T21:41:21.1307177Z       at setOptions (node_modules/@popperjs/core/src/createPopper.js:263:14)
2022-06-17T21:41:21.1307548Z       at setupTooltip (src/js/utils/general.js:87:18)
2022-06-17T21:41:21.1307724Z 
2022-06-17T21:41:21.1307819Z     console.error
2022-06-17T21:41:21.1308220Z       Popper: modifier "foo" provided an invalid "fn" property, expected "function" but got "undefined"
2022-06-17T21:41:21.1308533Z 
2022-06-17T21:41:21.1308620Z       85 |   }
2022-06-17T21:41:21.1308816Z       86 |
2022-06-17T21:41:21.1309148Z     > 87 |   step.tooltip = createPopper(target, step.el, popperOptions);
2022-06-17T21:41:21.1309425Z          |                  ^
2022-06-17T21:41:21.1309865Z       88 |   step.target = attachToOptions.element;
2022-06-17T21:41:21.1310236Z       89 |
2022-06-17T21:41:21.1310487Z       90 |   return popperOptions;
2022-06-17T21:41:21.1310638Z 
2022-06-17T21:41:21.1310877Z       at error (node_modules/@popperjs/core/src/utils/validateModifiers.js:67:23)
2022-06-17T21:41:21.1311237Z           at Array.forEach (<anonymous>)
2022-06-17T21:41:21.1311621Z       at forEach (node_modules/@popperjs/core/src/utils/validateModifiers.js:24:8)
2022-06-17T21:41:21.1311978Z           at Array.forEach (<anonymous>)
2022-06-17T21:41:21.1312369Z       at forEach (node_modules/@popperjs/core/src/utils/validateModifiers.js:20:13)
2022-06-17T21:41:21.1312877Z       at Object.validateModifiers [as setOptions] (node_modules/@popperjs/core/src/createPopper.js:117:11)
2022-06-17T21:41:21.1313352Z       at setOptions (node_modules/@popperjs/core/src/createPopper.js:263:14)
2022-06-17T21:41:21.1313734Z       at setupTooltip (src/js/utils/general.js:87:18)
2022-06-17T21:41:21.1313911Z 
2022-06-17T21:41:21.1314006Z     console.error
2022-06-17T21:41:21.1314675Z       The element for this Shepherd step was not found #step-1-attach-to-element
2022-06-17T21:41:21.1314894Z 
2022-06-17T21:41:21.1314986Z       41 |     }
2022-06-17T21:41:21.1315250Z       42 |     if (!returnOpts.element) {
2022-06-17T21:41:21.1315524Z     > 43 |       console.error(
2022-06-17T21:41:21.1315751Z          |               ^
2022-06-17T21:41:21.1316114Z       44 |         `The element for this Shepherd step was not found ${options.element}`
2022-06-17T21:41:21.1316390Z       45 |       );
2022-06-17T21:41:21.1316679Z       46 |     }
2022-06-17T21:41:21.1316812Z 
2022-06-17T21:41:21.1316973Z       at error (src/js/utils/general.js:43:15)
2022-06-17T21:41:21.1317334Z       at Step._resolveAttachToOptions (src/js/step.js:208:30)
2022-06-17T21:41:21.1317722Z       at Step._resolveAttachToOptions (src/js/step.js:403:10)
2022-06-17T21:41:21.1318055Z       at Step._show (src/js/step.js:244:10)
2022-06-17T21:41:21.1318340Z       at Tour.show (src/js/tour.js:260:14)
2022-06-17T21:41:21.1318634Z       at Tour.show (src/js/tour.js:203:12)
2022-06-17T21:41:21.1318934Z       at Tour.next (src/js/tour.js:279:10)
2022-06-17T21:41:21.1319254Z       at Object.start (test/unit/step.spec.js:677:16)
2022-06-17T21:41:21.1319430Z 
2022-06-17T21:41:21.1319529Z     console.error
2022-06-17T21:41:21.1319998Z       The element for this Shepherd step was not found #step-2-attach-to-element
2022-06-17T21:41:21.1320216Z 
2022-06-17T21:41:21.1320291Z       41 |     }
2022-06-17T21:41:21.1320553Z       42 |     if (!returnOpts.element) {
2022-06-17T21:41:21.1320829Z     > 43 |       console.error(
2022-06-17T21:41:21.1321064Z          |               ^
2022-06-17T21:41:21.1321419Z       44 |         `The element for this Shepherd step was not found ${options.element}`
2022-06-17T21:41:21.1321706Z       45 |       );
2022-06-17T21:41:21.1321896Z       46 |     }
2022-06-17T21:41:21.1322019Z 
2022-06-17T21:41:21.1322176Z       at error (src/js/utils/general.js:43:15)
2022-06-17T21:41:21.1322538Z       at Step._resolveAttachToOptions (src/js/step.js:208:30)
2022-06-17T21:41:21.1322918Z       at Step._resolveAttachToOptions (src/js/step.js:403:10)
2022-06-17T21:41:21.1323259Z       at Step._show (src/js/step.js:244:10)
2022-06-17T21:41:21.1323552Z       at Tour.show (src/js/tour.js:260:14)
2022-06-17T21:41:21.1323837Z       at Tour.show (src/js/tour.js:203:12)
2022-06-17T21:41:21.1324160Z       at Object.next (test/unit/step.spec.js:680:16)
2022-06-17T21:41:21.1324336Z 
2022-06-17T21:41:22.4631221Z PASS test/unit/tour.spec.js
2022-06-17T21:41:22.5038650Z   ● Console
2022-06-17T21:41:22.5038867Z 
2022-06-17T21:41:22.5039336Z     console.error
2022-06-17T21:41:22.5039819Z       Popper: modifier "foo" provided an invalid "enabled" property, expected "boolean" but got "undefined"
2022-06-17T21:41:22.5040078Z 
2022-06-17T21:41:22.5040170Z       85 |   }
2022-06-17T21:41:22.5040362Z       86 |
2022-06-17T21:41:22.5040703Z     > 87 |   step.tooltip = createPopper(target, step.el, popperOptions);
2022-06-17T21:41:22.5041007Z          |                  ^
2022-06-17T21:41:22.5041314Z       88 |   step.target = attachToOptions.element;
2022-06-17T21:41:22.5041571Z       89 |
2022-06-17T21:41:22.5041820Z       90 |   return popperOptions;
2022-06-17T21:41:22.5041971Z 
2022-06-17T21:41:22.5042199Z       at error (node_modules/@popperjs/core/src/utils/validateModifiers.js:41:23)
2022-06-17T21:41:22.5042565Z           at Array.forEach (<anonymous>)
2022-06-17T21:41:22.5042959Z       at forEach (node_modules/@popperjs/core/src/utils/validateModifiers.js:24:8)
2022-06-17T21:41:22.5043325Z           at Array.forEach (<anonymous>)
2022-06-17T21:41:22.5043727Z       at forEach (node_modules/@popperjs/core/src/utils/validateModifiers.js:20:13)
2022-06-17T21:41:22.5044236Z       at Object.validateModifiers [as setOptions] (node_modules/@popperjs/core/src/createPopper.js:117:11)
2022-06-17T21:41:22.5044724Z       at setOptions (node_modules/@popperjs/core/src/createPopper.js:263:14)
2022-06-17T21:41:22.5045095Z       at setupTooltip (src/js/utils/general.js:87:18)
2022-06-17T21:41:22.5045272Z 
2022-06-17T21:41:22.5045368Z     console.error
2022-06-17T21:41:22.5045944Z       Popper: modifier "foo" provided an invalid "phase" property, expected either beforeRead, read, afterRead, beforeMain, main, afterMain, beforeWrite, write, afterWrite but got "undefined"
2022-06-17T21:41:22.5046292Z 
2022-06-17T21:41:22.5046379Z       85 |   }
2022-06-17T21:41:22.5046576Z       86 |
2022-06-17T21:41:22.5046907Z     > 87 |   step.tooltip = createPopper(target, step.el, popperOptions);
2022-06-17T21:41:22.5047290Z          |                  ^
2022-06-17T21:41:22.5047606Z       88 |   step.target = attachToOptions.element;
2022-06-17T21:41:22.5047862Z       89 |
2022-06-17T21:41:22.5048114Z       90 |   return popperOptions;
2022-06-17T21:41:22.5048267Z 
2022-06-17T21:41:22.5048506Z       at error (node_modules/@popperjs/core/src/utils/validateModifiers.js:54:23)
2022-06-17T21:41:22.5048868Z           at Array.forEach (<anonymous>)
2022-06-17T21:41:22.5049250Z       at forEach (node_modules/@popperjs/core/src/utils/validateModifiers.js:24:8)
2022-06-17T21:41:22.5049611Z           at Array.forEach (<anonymous>)
2022-06-17T21:41:22.5050009Z       at forEach (node_modules/@popperjs/core/src/utils/validateModifiers.js:20:13)
2022-06-17T21:41:22.5050518Z       at Object.validateModifiers [as setOptions] (node_modules/@popperjs/core/src/createPopper.js:117:11)
2022-06-17T21:41:22.5050990Z       at setOptions (node_modules/@popperjs/core/src/createPopper.js:263:14)
2022-06-17T21:41:22.5051371Z       at setupTooltip (src/js/utils/general.js:87:18)
2022-06-17T21:41:22.5052739Z 
2022-06-17T21:41:22.5052847Z     console.error
2022-06-17T21:41:22.5053247Z       Popper: modifier "foo" provided an invalid "fn" property, expected "function" but got "undefined"
2022-06-17T21:41:22.5053493Z 
2022-06-17T21:41:22.5053722Z       85 |   }
2022-06-17T21:41:22.5053920Z       86 |
2022-06-17T21:41:22.5054251Z     > 87 |   step.tooltip = createPopper(target, step.el, popperOptions);
2022-06-17T21:41:22.5054548Z          |                  ^
2022-06-17T21:41:22.5054854Z       88 |   step.target = attachToOptions.element;
2022-06-17T21:41:22.5055099Z       89 |
2022-06-17T21:41:22.5055348Z       90 |   return popperOptions;
2022-06-17T21:41:22.5055501Z 
2022-06-17T21:41:22.5055742Z       at error (node_modules/@popperjs/core/src/utils/validateModifiers.js:67:23)
2022-06-17T21:41:22.5056107Z           at Array.forEach (<anonymous>)
2022-06-17T21:41:22.5056498Z       at forEach (node_modules/@popperjs/core/src/utils/validateModifiers.js:24:8)
2022-06-17T21:41:22.5056863Z           at Array.forEach (<anonymous>)
2022-06-17T21:41:22.5057383Z       at forEach (node_modules/@popperjs/core/src/utils/validateModifiers.js:20:13)
2022-06-17T21:41:22.5057880Z       at Object.validateModifiers [as setOptions] (node_modules/@popperjs/core/src/createPopper.js:117:11)
2022-06-17T21:41:22.5058361Z       at setOptions (node_modules/@popperjs/core/src/createPopper.js:263:14)
2022-06-17T21:41:22.5058742Z       at setupTooltip (src/js/utils/general.js:87:18)
2022-06-17T21:41:22.5058921Z 
2022-06-17T21:41:22.5059022Z     console.error
2022-06-17T21:41:22.5059436Z       Popper: modifier "foo" provided an invalid "enabled" property, expected "boolean" but got "undefined"
2022-06-17T21:41:22.5059689Z 
2022-06-17T21:41:22.5059778Z       85 |   }
2022-06-17T21:41:22.5059963Z       86 |
2022-06-17T21:41:22.5060297Z     > 87 |   step.tooltip = createPopper(target, step.el, popperOptions);
2022-06-17T21:41:22.5060586Z          |                  ^
2022-06-17T21:41:22.5060893Z       88 |   step.target = attachToOptions.element;
2022-06-17T21:41:22.5061152Z       89 |
2022-06-17T21:41:22.5061399Z       90 |   return popperOptions;
2022-06-17T21:41:22.5061554Z 
2022-06-17T21:41:22.5061777Z       at error (node_modules/@popperjs/core/src/utils/validateModifiers.js:41:23)
2022-06-17T21:41:22.5062147Z           at Array.forEach (<anonymous>)
2022-06-17T21:41:22.5062539Z       at forEach (node_modules/@popperjs/core/src/utils/validateModifiers.js:24:8)
2022-06-17T21:41:22.5062905Z           at Array.forEach (<anonymous>)
2022-06-17T21:41:22.5063295Z       at forEach (node_modules/@popperjs/core/src/utils/validateModifiers.js:20:13)
2022-06-17T21:41:22.5063808Z       at Object.validateModifiers [as setOptions] (node_modules/@popperjs/core/src/createPopper.js:117:11)
2022-06-17T21:41:22.5064282Z       at setOptions (node_modules/@popperjs/core/src/createPopper.js:263:14)
2022-06-17T21:41:22.5064647Z       at setupTooltip (src/js/utils/general.js:87:18)
2022-06-17T21:41:22.5064824Z 
2022-06-17T21:41:22.5064992Z     console.error
2022-06-17T21:41:22.5065577Z       Popper: modifier "foo" provided an invalid "phase" property, expected either beforeRead, read, afterRead, beforeMain, main, afterMain, beforeWrite, write, afterWrite but got "undefined"
2022-06-17T21:41:22.5065924Z 
2022-06-17T21:41:22.5066013Z       85 |   }
2022-06-17T21:41:22.5066209Z       86 |
2022-06-17T21:41:22.5066540Z     > 87 |   step.tooltip = createPopper(target, step.el, popperOptions);
2022-06-17T21:41:22.5066820Z          |                  ^
2022-06-17T21:41:22.5067131Z       88 |   step.target = attachToOptions.element;
2022-06-17T21:41:22.5067395Z       89 |
2022-06-17T21:41:22.5067647Z       90 |   return popperOptions;
2022-06-17T21:41:22.5067801Z 
2022-06-17T21:41:22.5068043Z       at error (node_modules/@popperjs/core/src/utils/validateModifiers.js:54:23)
2022-06-17T21:41:22.5068402Z           at Array.forEach (<anonymous>)
2022-06-17T21:41:22.5068786Z       at forEach (node_modules/@popperjs/core/src/utils/validateModifiers.js:24:8)
2022-06-17T21:41:22.5069149Z           at Array.forEach (<anonymous>)
2022-06-17T21:41:22.5069539Z       at forEach (node_modules/@popperjs/core/src/utils/validateModifiers.js:20:13)
2022-06-17T21:41:22.5070297Z       at Object.validateModifiers [as setOptions] (node_modules/@popperjs/core/src/createPopper.js:117:11)
2022-06-17T21:41:22.5070775Z       at setOptions (node_modules/@popperjs/core/src/createPopper.js:263:14)
2022-06-17T21:41:22.5071156Z       at setupTooltip (src/js/utils/general.js:87:18)
2022-06-17T21:41:22.5071335Z 
2022-06-17T21:41:22.5071431Z     console.error
2022-06-17T21:41:22.5071817Z       Popper: modifier "foo" provided an invalid "fn" property, expected "function" but got "undefined"
2022-06-17T21:41:22.5072064Z 
2022-06-17T21:41:22.5072152Z       85 |   }
2022-06-17T21:41:22.5072353Z       86 |
2022-06-17T21:41:22.5072684Z     > 87 |   step.tooltip = createPopper(target, step.el, popperOptions);
2022-06-17T21:41:22.5072976Z          |                  ^
2022-06-17T21:41:22.5073286Z       88 |   step.target = attachToOptions.element;
2022-06-17T21:41:22.5073615Z       89 |
2022-06-17T21:41:22.5073865Z       90 |   return popperOptions;
2022-06-17T21:41:22.5074017Z 
2022-06-17T21:41:22.5074256Z       at error (node_modules/@popperjs/core/src/utils/validateModifiers.js:67:23)
2022-06-17T21:41:22.5074618Z           at Array.forEach (<anonymous>)
2022-06-17T21:41:22.5075012Z       at forEach (node_modules/@popperjs/core/src/utils/validateModifiers.js:24:8)
2022-06-17T21:41:22.5075373Z           at Array.forEach (<anonymous>)
2022-06-17T21:41:22.5075754Z       at forEach (node_modules/@popperjs/core/src/utils/validateModifiers.js:20:13)
2022-06-17T21:41:22.5076270Z       at Object.validateModifiers [as setOptions] (node_modules/@popperjs/core/src/createPopper.js:117:11)
2022-06-17T21:41:22.5076751Z       at setOptions (node_modules/@popperjs/core/src/createPopper.js:263:14)
2022-06-17T21:41:22.5077131Z       at setupTooltip (src/js/utils/general.js:87:18)
2022-06-17T21:41:22.5077310Z 
2022-06-17T21:41:22.5077406Z     console.error
2022-06-17T21:41:22.5077822Z       Popper: modifier "foo" provided an invalid "enabled" property, expected "boolean" but got "undefined"
2022-06-17T21:41:22.5078068Z 
2022-06-17T21:41:22.5078157Z       85 |   }
2022-06-17T21:41:22.5078342Z       86 |
2022-06-17T21:41:22.5078676Z     > 87 |   step.tooltip = createPopper(target, step.el, popperOptions);
2022-06-17T21:41:22.5078968Z          |                  ^
2022-06-17T21:41:22.5079268Z       88 |   step.target = attachToOptions.element;
2022-06-17T21:41:22.5079522Z       89 |
2022-06-17T21:41:22.5079770Z       90 |   return popperOptions;
2022-06-17T21:41:22.5079907Z 
2022-06-17T21:41:22.5080149Z       at error (node_modules/@popperjs/core/src/utils/validateModifiers.js:41:23)
2022-06-17T21:41:22.5080508Z           at Array.forEach (<anonymous>)
2022-06-17T21:41:22.5080902Z       at forEach (node_modules/@popperjs/core/src/utils/validateModifiers.js:24:8)
2022-06-17T21:41:22.5081324Z           at Array.forEach (<anonymous>)
2022-06-17T21:41:22.5081720Z       at forEach (node_modules/@popperjs/core/src/utils/validateModifiers.js:20:13)
2022-06-17T21:41:22.5082235Z       at Object.validateModifiers [as setOptions] (node_modules/@popperjs/core/src/createPopper.js:117:11)
2022-06-17T21:41:22.5082700Z       at setOptions (node_modules/@popperjs/core/src/createPopper.js:263:14)
2022-06-17T21:41:22.5083084Z       at setupTooltip (src/js/utils/general.js:87:18)
2022-06-17T21:41:22.5083266Z 
2022-06-17T21:41:22.5083362Z     console.error
2022-06-17T21:41:22.5083936Z       Popper: modifier "foo" provided an invalid "phase" property, expected either beforeRead, read, afterRead, beforeMain, main, afterMain, beforeWrite, write, afterWrite but got "undefined"
2022-06-17T21:41:22.5084287Z 
2022-06-17T21:41:22.5084377Z       85 |   }
2022-06-17T21:41:22.5084573Z       86 |
2022-06-17T21:41:22.5084907Z     > 87 |   step.tooltip = createPopper(target, step.el, popperOptions);
2022-06-17T21:41:22.5085193Z          |                  ^
2022-06-17T21:41:22.5085498Z       88 |   step.target = attachToOptions.element;
2022-06-17T21:41:22.5085756Z       89 |
2022-06-17T21:41:22.5086002Z       90 |   return popperOptions;
2022-06-17T21:41:22.5086155Z 
2022-06-17T21:41:22.5086394Z       at error (node_modules/@popperjs/core/src/utils/validateModifiers.js:54:23)
2022-06-17T21:41:22.5086754Z           at Array.forEach (<anonymous>)
2022-06-17T21:41:22.5087131Z       at forEach (node_modules/@popperjs/core/src/utils/validateModifiers.js:24:8)
2022-06-17T21:41:22.5087489Z           at Array.forEach (<anonymous>)
2022-06-17T21:41:22.5087878Z       at forEach (node_modules/@popperjs/core/src/utils/validateModifiers.js:20:13)
2022-06-17T21:41:22.5088385Z       at Object.validateModifiers [as setOptions] (node_modules/@popperjs/core/src/createPopper.js:117:11)
2022-06-17T21:41:22.5088859Z       at setOptions (node_modules/@popperjs/core/src/createPopper.js:263:14)
2022-06-17T21:41:22.5089244Z       at setupTooltip (src/js/utils/general.js:87:18)
2022-06-17T21:41:22.5089421Z 
2022-06-17T21:41:22.5089577Z     console.error
2022-06-17T21:41:22.5089970Z       Popper: modifier "foo" provided an invalid "fn" property, expected "function" but got "undefined"
2022-06-17T21:41:22.5090212Z 
2022-06-17T21:41:22.5090299Z       85 |   }
2022-06-17T21:41:22.5090498Z       86 |
2022-06-17T21:41:22.5090826Z     > 87 |   step.tooltip = createPopper(target, step.el, popperOptions);
2022-06-17T21:41:22.5091116Z          |                  ^
2022-06-17T21:41:22.5091425Z       88 |   step.target = attachToOptions.element;
2022-06-17T21:41:22.5091666Z       89 |
2022-06-17T21:41:22.5091912Z       90 |   return popperOptions;
2022-06-17T21:41:22.5092062Z 
2022-06-17T21:41:22.5092300Z       at error (node_modules/@popperjs/core/src/utils/validateModifiers.js:67:23)
2022-06-17T21:41:22.5092665Z           at Array.forEach (<anonymous>)
2022-06-17T21:41:22.5093055Z       at forEach (node_modules/@popperjs/core/src/utils/validateModifiers.js:24:8)
2022-06-17T21:41:22.5093425Z           at Array.forEach (<anonymous>)
2022-06-17T21:41:22.5093807Z       at forEach (node_modules/@popperjs/core/src/utils/validateModifiers.js:20:13)
2022-06-17T21:41:22.5094316Z       at Object.validateModifiers [as setOptions] (node_modules/@popperjs/core/src/createPopper.js:117:11)
2022-06-17T21:41:22.5094792Z       at setOptions (node_modules/@popperjs/core/src/createPopper.js:263:14)
2022-06-17T21:41:22.5095178Z       at setupTooltip (src/js/utils/general.js:87:18)
2022-06-17T21:41:22.5095363Z 
2022-06-17T21:41:22.5095464Z     console.error
2022-06-17T21:41:22.5095873Z       Popper: modifier "foo" provided an invalid "enabled" property, expected "boolean" but got "undefined"
2022-06-17T21:41:22.5096121Z 
2022-06-17T21:41:22.5096210Z       85 |   }
2022-06-17T21:41:22.5096398Z       86 |
2022-06-17T21:41:22.5096727Z     > 87 |   step.tooltip = createPopper(target, step.el, popperOptions);
2022-06-17T21:41:22.5097018Z          |                  ^
2022-06-17T21:41:22.5097391Z       88 |   step.target = attachToOptions.element;
2022-06-17T21:41:22.5097654Z       89 |
2022-06-17T21:41:22.5097889Z       90 |   return popperOptions;
2022-06-17T21:41:22.5098044Z 
2022-06-17T21:41:22.5098286Z       at error (node_modules/@popperjs/core/src/utils/validateModifiers.js:41:23)
2022-06-17T21:41:22.5098645Z           at Array.forEach (<anonymous>)
2022-06-17T21:41:22.5099036Z       at forEach (node_modules/@popperjs/core/src/utils/validateModifiers.js:24:8)
2022-06-17T21:41:22.5099394Z           at Array.forEach (<anonymous>)
2022-06-17T21:41:22.5099787Z       at forEach (node_modules/@popperjs/core/src/utils/validateModifiers.js:20:13)
2022-06-17T21:41:22.5100295Z       at Object.validateModifiers [as setOptions] (node_modules/@popperjs/core/src/createPopper.js:117:11)
2022-06-17T21:41:22.5100758Z       at setOptions (node_modules/@popperjs/core/src/createPopper.js:263:14)
2022-06-17T21:41:22.5101137Z       at setupTooltip (src/js/utils/general.js:87:18)
2022-06-17T21:41:22.5101315Z 
2022-06-17T21:41:22.5101412Z     console.error
2022-06-17T21:41:22.5101995Z       Popper: modifier "foo" provided an invalid "phase" property, expected either beforeRead, read, afterRead, beforeMain, main, afterMain, beforeWrite, write, afterWrite but got "undefined"
2022-06-17T21:41:22.5102355Z 
2022-06-17T21:41:22.5102443Z       85 |   }
2022-06-17T21:41:22.5102641Z       86 |
2022-06-17T21:41:22.5102974Z     > 87 |   step.tooltip = createPopper(target, step.el, popperOptions);
2022-06-17T21:41:22.5103252Z          |                  ^
2022-06-17T21:41:22.5103556Z       88 |   step.target = attachToOptions.element;
2022-06-17T21:41:22.5103809Z       89 |
2022-06-17T21:41:22.5104057Z       90 |   return popperOptions;
2022-06-17T21:41:22.5104214Z 
2022-06-17T21:41:22.5104455Z       at error (node_modules/@popperjs/core/src/utils/validateModifiers.js:54:23)
2022-06-17T21:41:22.5104814Z           at Array.forEach (<anonymous>)
2022-06-17T21:41:22.5105193Z       at forEach (node_modules/@popperjs/core/src/utils/validateModifiers.js:24:8)
2022-06-17T21:41:22.5105552Z           at Array.forEach (<anonymous>)
2022-06-17T21:41:22.5106018Z       at forEach (node_modules/@popperjs/core/src/utils/validateModifiers.js:20:13)
2022-06-17T21:41:22.5106529Z       at Object.validateModifiers [as setOptions] (node_modules/@popperjs/core/src/createPopper.js:117:11)
2022-06-17T21:41:22.5107010Z       at setOptions (node_modules/@popperjs/core/src/createPopper.js:263:14)
2022-06-17T21:41:22.5107395Z       at setupTooltip (src/js/utils/general.js:87:18)
2022-06-17T21:41:22.5107576Z 
2022-06-17T21:41:22.5107672Z     console.error
2022-06-17T21:41:22.5108062Z       Popper: modifier "foo" provided an invalid "fn" property, expected "function" but got "undefined"
2022-06-17T21:41:22.5108304Z 
2022-06-17T21:41:22.5108391Z       85 |   }
2022-06-17T21:41:22.5108586Z       86 |
2022-06-17T21:41:22.5108928Z     > 87 |   step.tooltip = createPopper(target, step.el, popperOptions);
2022-06-17T21:41:22.5109223Z          |                  ^
2022-06-17T21:41:22.5109532Z       88 |   step.target = attachToOptions.element;
2022-06-17T21:41:22.5190451Z       89 |
2022-06-17T21:41:22.5190812Z       90 |   return popperOptions;
2022-06-17T21:41:22.5190989Z 
2022-06-17T21:41:22.5191246Z       at error (node_modules/@popperjs/core/src/utils/validateModifiers.js:67:23)
2022-06-17T21:41:22.5191621Z           at Array.forEach (<anonymous>)
2022-06-17T21:41:22.5192026Z       at forEach (node_modules/@popperjs/core/src/utils/validateModifiers.js:24:8)
2022-06-17T21:41:22.5192399Z           at Array.forEach (<anonymous>)
2022-06-17T21:41:22.5192790Z       at forEach (node_modules/@popperjs/core/src/utils/validateModifiers.js:20:13)
2022-06-17T21:41:22.5193301Z       at Object.validateModifiers [as setOptions] (node_modules/@popperjs/core/src/createPopper.js:117:11)
2022-06-17T21:41:22.5193782Z       at setOptions (node_modules/@popperjs/core/src/createPopper.js:263:14)
2022-06-17T21:41:22.5194171Z       at setupTooltip (src/js/utils/general.js:87:18)
2022-06-17T21:41:22.5194350Z 
2022-06-17T21:41:22.5194746Z     console.error
2022-06-17T21:41:22.5195192Z       Popper: modifier "foo" provided an invalid "enabled" property, expected "boolean" but got "undefined"
2022-06-17T21:41:22.5195438Z 
2022-06-17T21:41:22.5195529Z       85 |   }
2022-06-17T21:41:22.5195717Z       86 |
2022-06-17T21:41:22.5196053Z     > 87 |   step.tooltip = createPopper(target, step.el, popperOptions);
2022-06-17T21:41:22.5196352Z          |                  ^
2022-06-17T21:41:22.5196659Z       88 |   step.target = attachToOptions.element;
2022-06-17T21:41:22.5196917Z       89 |
2022-06-17T21:41:22.5197153Z       90 |   return popperOptions;
2022-06-17T21:41:22.5197307Z 
2022-06-17T21:41:22.5197592Z       at error (node_modules/@popperjs/core/src/utils/validateModifiers.js:41:23)
2022-06-17T21:41:22.5197958Z           at Array.forEach (<anonymous>)
2022-06-17T21:41:22.5198354Z       at forEach (node_modules/@popperjs/core/src/utils/validateModifiers.js:24:8)
2022-06-17T21:41:22.5198716Z           at Array.forEach (<anonymous>)
2022-06-17T21:41:22.5199110Z       at forEach (node_modules/@popperjs/core/src/utils/validateModifiers.js:20:13)
2022-06-17T21:41:22.5199635Z       at Object.validateModifiers [as setOptions] (node_modules/@popperjs/core/src/createPopper.js:117:11)
2022-06-17T21:41:22.5200099Z       at setOptions (node_modules/@popperjs/core/src/createPopper.js:263:14)
2022-06-17T21:41:22.5200481Z       at setupTooltip (src/js/utils/general.js:87:18)
2022-06-17T21:41:22.5200658Z 
2022-06-17T21:41:22.5200759Z     console.error
2022-06-17T21:41:22.5201329Z       Popper: modifier "foo" provided an invalid "phase" property, expected either beforeRead, read, afterRead, beforeMain, main, afterMain, beforeWrite, write, afterWrite but got "undefined"
2022-06-17T21:41:22.5201681Z 
2022-06-17T21:41:22.5201768Z       85 |   }
2022-06-17T21:41:22.5201965Z       86 |
2022-06-17T21:41:22.5202299Z     > 87 |   step.tooltip = createPopper(target, step.el, popperOptions);
2022-06-17T21:41:22.5202579Z          |                  ^
2022-06-17T21:41:22.5202913Z       88 |   step.target = attachToOptions.element;
2022-06-17T21:41:22.5203252Z       89 |
2022-06-17T21:41:22.5203502Z       90 |   return popperOptions;
2022-06-17T21:41:22.5203653Z 
2022-06-17T21:41:22.5203893Z       at error (node_modules/@popperjs/core/src/utils/validateModifiers.js:54:23)
2022-06-17T21:41:22.5204253Z           at Array.forEach (<anonymous>)
2022-06-17T21:41:22.5204630Z       at forEach (node_modules/@popperjs/core/src/utils/validateModifiers.js:24:8)
2022-06-17T21:41:22.5204992Z           at Array.forEach (<anonymous>)
2022-06-17T21:41:22.5205379Z       at forEach (node_modules/@popperjs/core/src/utils/validateModifiers.js:20:13)
2022-06-17T21:41:22.5205893Z       at Object.validateModifiers [as setOptions] (node_modules/@popperjs/core/src/createPopper.js:117:11)
2022-06-17T21:41:22.5206372Z       at setOptions (node_modules/@popperjs/core/src/createPopper.js:263:14)
2022-06-17T21:41:22.5206753Z       at setupTooltip (src/js/utils/general.js:87:18)
2022-06-17T21:41:22.5206933Z 
2022-06-17T21:41:22.5207015Z     console.error
2022-06-17T21:41:22.5207430Z       Popper: modifier "foo" provided an invalid "fn" property, expected "function" but got "undefined"
2022-06-17T21:41:22.5207669Z 
2022-06-17T21:41:22.5207756Z       85 |   }
2022-06-17T21:41:22.5207952Z       86 |
2022-06-17T21:41:22.5208282Z     > 87 |   step.tooltip = createPopper(target, step.el, popperOptions);
2022-06-17T21:41:22.5208579Z          |                  ^
2022-06-17T21:41:22.5208869Z       88 |   step.target = attachToOptions.element;
2022-06-17T21:41:22.5209124Z       89 |
2022-06-17T21:41:22.5209369Z       90 |   return popperOptions;
2022-06-17T21:41:22.5209525Z 
2022-06-17T21:41:22.5209764Z       at error (node_modules/@popperjs/core/src/utils/validateModifiers.js:67:23)
2022-06-17T21:41:22.5210124Z           at Array.forEach (<anonymous>)
2022-06-17T21:41:22.5210515Z       at forEach (node_modules/@popperjs/core/src/utils/validateModifiers.js:24:8)
2022-06-17T21:41:22.5210913Z           at Array.forEach (<anonymous>)
2022-06-17T21:41:22.5211313Z       at forEach (node_modules/@popperjs/core/src/utils/validateModifiers.js:20:13)
2022-06-17T21:41:22.5211822Z       at Object.validateModifiers [as setOptions] (node_modules/@popperjs/core/src/createPopper.js:117:11)
2022-06-17T21:41:22.5212299Z       at setOptions (node_modules/@popperjs/core/src/createPopper.js:263:14)
2022-06-17T21:41:22.5212687Z       at setupTooltip (src/js/utils/general.js:87:18)
2022-06-17T21:41:22.5213087Z 
2022-06-17T21:41:22.5213184Z     console.error
2022-06-17T21:41:22.5213595Z       Popper: modifier "foo" provided an invalid "enabled" property, expected "boolean" but got "undefined"
2022-06-17T21:41:22.5213840Z 
2022-06-17T21:41:22.5213926Z       85 |   }
2022-06-17T21:41:22.5214110Z       86 |
2022-06-17T21:41:22.5214441Z     > 87 |   step.tooltip = createPopper(target, step.el, popperOptions);
2022-06-17T21:41:22.5214742Z          |                  ^
2022-06-17T21:41:22.5215047Z       88 |   step.target = attachToOptions.element;
2022-06-17T21:41:22.5215298Z       89 |
2022-06-17T21:41:22.5215533Z       90 |   return popperOptions;
2022-06-17T21:41:22.5215684Z 
2022-06-17T21:41:22.5215922Z       at error (node_modules/@popperjs/core/src/utils/validateModifiers.js:41:23)
2022-06-17T21:41:22.5216284Z           at Array.forEach (<anonymous>)
2022-06-17T21:41:22.5216674Z       at forEach (node_modules/@popperjs/core/src/utils/validateModifiers.js:24:8)
2022-06-17T21:41:22.5217025Z           at Array.forEach (<anonymous>)
2022-06-17T21:41:22.5217411Z       at forEach (node_modules/@popperjs/core/src/utils/validateModifiers.js:20:13)
2022-06-17T21:41:22.5217919Z       at Object.validateModifiers [as setOptions] (node_modules/@popperjs/core/src/createPopper.js:117:11)
2022-06-17T21:41:22.5218379Z       at setOptions (node_modules/@popperjs/core/src/createPopper.js:263:14)
2022-06-17T21:41:22.5218757Z       at setupTooltip (src/js/utils/general.js:87:18)
2022-06-17T21:41:22.5218936Z 
2022-06-17T21:41:22.5219034Z     console.error
2022-06-17T21:41:22.5219607Z       Popper: modifier "foo" provided an invalid "phase" property, expected either beforeRead, read, afterRead, beforeMain, main, afterMain, beforeWrite, write, afterWrite but got "undefined"
2022-06-17T21:41:22.5220019Z 
2022-06-17T21:41:22.5220111Z       85 |   }
2022-06-17T21:41:22.5220312Z       86 |
2022-06-17T21:41:22.5220631Z     > 87 |   step.tooltip = createPopper(target, step.el, popperOptions);
2022-06-17T21:41:22.5220927Z          |                  ^
2022-06-17T21:41:22.5221228Z       88 |   step.target = attachToOptions.element;
2022-06-17T21:41:22.5221481Z       89 |
2022-06-17T21:41:22.5221727Z       90 |   return popperOptions;
2022-06-17T21:41:22.5221880Z 
2022-06-17T21:41:22.5222120Z       at error (node_modules/@popperjs/core/src/utils/validateModifiers.js:54:23)
2022-06-17T21:41:22.5222462Z           at Array.forEach (<anonymous>)
2022-06-17T21:41:22.5222853Z       at forEach (node_modules/@popperjs/core/src/utils/validateModifiers.js:24:8)
2022-06-17T21:41:22.5223213Z           at Array.forEach (<anonymous>)
2022-06-17T21:41:22.5223608Z       at forEach (node_modules/@popperjs/core/src/utils/validateModifiers.js:20:13)
2022-06-17T21:41:22.5224121Z       at Object.validateModifiers [as setOptions] (node_modules/@popperjs/core/src/createPopper.js:117:11)
2022-06-17T21:41:22.5224592Z       at setOptions (node_modules/@popperjs/core/src/createPopper.js:263:14)
2022-06-17T21:41:22.5224967Z       at setupTooltip (src/js/utils/general.js:87:18)
2022-06-17T21:41:22.5225144Z 
2022-06-17T21:41:22.5225227Z     console.error
2022-06-17T21:41:22.5225621Z       Popper: modifier "foo" provided an invalid "fn" property, expected "function" but got "undefined"
2022-06-17T21:41:22.5225862Z 
2022-06-17T21:41:22.5225948Z       85 |   }
2022-06-17T21:41:22.5226142Z       86 |
2022-06-17T21:41:22.5226465Z     > 87 |   step.tooltip = createPopper(target, step.el, popperOptions);
2022-06-17T21:41:22.5226753Z          |                  ^
2022-06-17T21:41:22.5227101Z       88 |   step.target = attachToOptions.element;
2022-06-17T21:41:22.5227361Z       89 |
2022-06-17T21:41:22.5227605Z       90 |   return popperOptions;
2022-06-17T21:41:22.5227756Z 
2022-06-17T21:41:22.5227992Z       at error (node_modules/@popperjs/core/src/utils/validateModifiers.js:67:23)
2022-06-17T21:41:22.5228355Z           at Array.forEach (<anonymous>)
2022-06-17T21:41:22.5228748Z       at forEach (node_modules/@popperjs/core/src/utils/validateModifiers.js:24:8)
2022-06-17T21:41:22.5229100Z           at Array.forEach (<anonymous>)
2022-06-17T21:41:22.5229493Z       at forEach (node_modules/@popperjs/core/src/utils/validateModifiers.js:20:13)
2022-06-17T21:41:22.5390850Z       at Object.validateModifiers [as setOptions] (node_modules/@popperjs/core/src/createPopper.js:117:11)
2022-06-17T21:41:22.5391384Z       at setOptions (node_modules/@popperjs/core/src/createPopper.js:263:14)
2022-06-17T21:41:22.5401392Z       at setupTooltip (src/js/utils/general.js:87:18)
2022-06-17T21:41:22.5401609Z 
2022-06-17T21:41:22.9445230Z FAIL test/unit/components/shepherd-modal.spec.js
2022-06-17T21:41:22.9446546Z   ● components/ShepherdModal › positionModal() › sets the correct attributes when positioning modal opening
2022-06-17T21:41:22.9446815Z 
2022-06-17T21:41:22.9446999Z     TypeError: result.message is not a function
2022-06-17T21:41:22.9447173Z 
2022-06-17T21:41:22.9447258Z       80 |
2022-06-17T21:41:22.9447713Z       81 |       modalPath = modalComponent.getElement().querySelector('path');
2022-06-17T21:41:22.9448118Z     > 82 |       expect(modalPath).toHaveAttribute(
2022-06-17T21:41:22.9448404Z          |                         ^
2022-06-17T21:41:22.9448717Z       83 |         'd',
2022-06-17T21:41:22.9449238Z       84 |         'M1024,768H0V0H1024V768ZM20,20a0,0,0,0,0-0,0V270a0,0,0,0,0,0,0H520a0,0,0,0,0,0-0V20a0,0,0,0,0-0-0Z'
2022-06-17T21:41:22.9449554Z       85 |       );
2022-06-17T21:41:22.9449679Z 
2022-06-17T21:41:22.9450078Z       at new JestAssertionError (node_modules/jest-expect-message/dist/withMessage.js:11:18)
2022-06-17T21:41:22.9450730Z       at Object.newMatcher [as toHaveAttribute] (node_modules/jest-expect-message/dist/withMessage.js:31:15)
2022-06-17T21:41:22.9451698Z       at Object.toHaveAttribute (test/unit/components/shepherd-modal.spec.js:82:25)
2022-06-17T21:41:22.9451935Z 
2022-06-17T21:41:22.9452298Z   ● components/ShepherdModal › positionModal() › sets the correct attributes with padding
2022-06-17T21:41:22.9452534Z 
2022-06-17T21:41:22.9452711Z     TypeError: result.message is not a function
2022-06-17T21:41:22.9452881Z 
2022-06-17T21:41:22.9452962Z       114 |
2022-06-17T21:41:22.9453402Z       115 |       modalPath = modalComponent.getElement().querySelector('path');
2022-06-17T21:41:22.9453791Z     > 116 |       expect(modalPath).toHaveAttribute(
2022-06-17T21:41:22.9454077Z           |                         ^
2022-06-17T21:41:22.9454345Z       117 |         'd',
2022-06-17T21:41:22.9454894Z       118 |         'M1024,768H0V0H1024V768ZM10,10a0,0,0,0,0-0,0V280a0,0,0,0,0,0,0H530a0,0,0,0,0,0-0V10a0,0,0,0,0-0-0Z'
2022-06-17T21:41:22.9455193Z       119 |       );
2022-06-17T21:41:22.9455326Z 
2022-06-17T21:41:22.9455696Z       at new JestAssertionError (node_modules/jest-expect-message/dist/withMessage.js:11:18)
2022-06-17T21:41:22.9456342Z       at Object.newMatcher [as toHaveAttribute] (node_modules/jest-expect-message/dist/withMessage.js:31:15)
2022-06-17T21:41:22.9456944Z       at Object.toHaveAttribute (test/unit/components/shepherd-modal.spec.js:116:25)
2022-06-17T21:41:22.9457176Z 
2022-06-17T21:41:22.9457632Z   ● components/ShepherdModal › positionModal() › sets the correct attributes when positioning modal opening with border radius
2022-06-17T21:41:22.9457913Z 
2022-06-17T21:41:22.9458080Z     TypeError: result.message is not a function
2022-06-17T21:41:22.9458252Z 
2022-06-17T21:41:22.9458333Z       156 |
2022-06-17T21:41:22.9458784Z       157 |       modalPath = modalComponent.getElement().querySelector('path');
2022-06-17T21:41:22.9459251Z     > 158 |       expect(modalPath).toHaveAttribute(
2022-06-17T21:41:22.9459546Z           |                         ^
2022-06-17T21:41:22.9459828Z       159 |         'd',
2022-06-17T21:41:22.9460456Z       160 |         'M1024,768H0V0H1024V768ZM30,20a10,10,0,0,0-10,10V260a10,10,0,0,0,10,10H510a10,10,0,0,0,10-10V30a10,10,0,0,0-10-10Z'
2022-06-17T21:41:22.9460784Z       161 |       );
2022-06-17T21:41:22.9460910Z 
2022-06-17T21:41:22.9461284Z       at new JestAssertionError (node_modules/jest-expect-message/dist/withMessage.js:11:18)
2022-06-17T21:41:22.9461931Z       at Object.newMatcher [as toHaveAttribute] (node_modules/jest-expect-message/dist/withMessage.js:31:15)
2022-06-17T21:41:22.9462520Z       at Object.toHaveAttribute (test/unit/components/shepherd-modal.spec.js:158:25)
2022-06-17T21:41:22.9462757Z 
2022-06-17T21:41:22.9463211Z   ● components/ShepherdModal › positionModal() › sets the correct attributes when target is overflowing from scroll parent
2022-06-17T21:41:22.9463482Z 
2022-06-17T21:41:22.9463653Z     TypeError: result.message is not a function
2022-06-17T21:41:22.9463825Z 
2022-06-17T21:41:22.9463911Z       198 |
2022-06-17T21:41:22.9464369Z       199 |       const modalPath = modalComponent.getElement().querySelector('path');
2022-06-17T21:41:22.9464763Z     > 200 |       expect(modalPath).toHaveAttribute(
2022-06-17T21:41:22.9465047Z           |                         ^
2022-06-17T21:41:22.9465307Z       201 |         'd',
2022-06-17T21:41:22.9465850Z       202 |         'M1024,768H0V0H1024V768ZM10,100a0,0,0,0,0-0,0V350a0,0,0,0,0,0,0H510a0,0,0,0,0,0-0V100a0,0,0,0,0-0-0Z'
2022-06-17T21:41:22.9466159Z       203 |       );
2022-06-17T21:41:22.9466285Z 
2022-06-17T21:41:22.9466657Z       at new JestAssertionError (node_modules/jest-expect-message/dist/withMessage.js:11:18)
2022-06-17T21:41:22.9467308Z       at Object.newMatcher [as toHaveAttribute] (node_modules/jest-expect-message/dist/withMessage.js:31:15)
2022-06-17T21:41:22.9467907Z       at Object.toHaveAttribute (test/unit/components/shepherd-modal.spec.js:200:25)
2022-06-17T21:41:22.9468141Z 
2022-06-17T21:41:22.9468589Z   ● components/ShepherdModal › positionModal() › sets the correct attributes when target fits inside scroll parent
2022-06-17T21:41:22.9468939Z 
2022-06-17T21:41:22.9469110Z     TypeError: result.message is not a function
2022-06-17T21:41:22.9469283Z 
2022-06-17T21:41:22.9469351Z       240 |
2022-06-17T21:41:22.9469963Z       241 |       const modalPath = modalComponent.getElement().querySelector('path');
2022-06-17T21:41:22.9470359Z     > 242 |       expect(modalPath).toHaveAttribute(
2022-06-17T21:41:22.9470648Z           |                         ^
2022-06-17T21:41:22.9470919Z       243 |         'd',
2022-06-17T21:41:22.9471465Z       244 |         'M1024,768H0V0H1024V768ZM10,100a0,0,0,0,0-0,0V350a0,0,0,0,0,0,0H510a0,0,0,0,0,0-0V100a0,0,0,0,0-0-0Z'
2022-06-17T21:41:22.9471766Z       245 |       );
2022-06-17T21:41:22.9471893Z 
2022-06-17T21:41:22.9472260Z       at new JestAssertionError (node_modules/jest-expect-message/dist/withMessage.js:11:18)
2022-06-17T21:41:22.9472914Z       at Object.newMatcher [as toHaveAttribute] (node_modules/jest-expect-message/dist/withMessage.js:31:15)
2022-06-17T21:41:22.9473527Z       at Object.toHaveAttribute (test/unit/components/shepherd-modal.spec.js:242:25)
2022-06-17T21:41:22.9473761Z 
2022-06-17T21:41:23.2487510Z PASS test/unit/components/shepherd-button.spec.js
2022-06-17T21:41:23.5623064Z PASS test/unit/components/shepherd-element.spec.js
2022-06-17T21:41:23.8717731Z PASS test/unit/utils/general.spec.js
2022-06-17T21:41:23.8763212Z   ● Console
2022-06-17T21:41:23.8763652Z 
2022-06-17T21:41:23.8764057Z     console.error
2022-06-17T21:41:23.8766896Z       The element for this Shepherd step was not found .element-does-not-exist
2022-06-17T21:41:23.8767979Z 
2022-06-17T21:41:23.8768312Z       41 |     }
2022-06-17T21:41:23.8768902Z       42 |     if (!returnOpts.element) {
2022-06-17T21:41:23.8769479Z     > 43 |       console.error(
2022-06-17T21:41:23.8769942Z          |               ^
2022-06-17T21:41:23.8770892Z       44 |         `The element for this Shepherd step was not found ${options.element}`
2022-06-17T21:41:23.8771446Z       45 |       );
2022-06-17T21:41:23.8771888Z       46 |     }
2022-06-17T21:41:23.8774250Z 
2022-06-17T21:41:23.8776590Z       at error (src/js/utils/general.js:43:15)
2022-06-17T21:41:23.8777537Z       at Object.<anonymous> (test/unit/utils/general.spec.js:26:27)
2022-06-17T21:41:23.8777992Z 
2022-06-17T21:41:24.0874931Z PASS test/unit/utils/bind.spec.js
2022-06-17T21:41:24.0884277Z   ● Console
2022-06-17T21:41:24.0884683Z 
2022-06-17T21:41:24.0885416Z     console.error
2022-06-17T21:41:24.0886027Z       No element was found for the selector supplied to advanceOn: a[href="https://example.com"]
2022-06-17T21:41:24.0886500Z 
2022-06-17T21:41:24.0887406Z       40 |     }
2022-06-17T21:41:24.0887850Z       41 |     if (!isUndefined(selector) && !el) {
2022-06-17T21:41:24.0888385Z     > 42 |       return console.error(
2022-06-17T21:41:24.0888793Z          |                      ^
2022-06-17T21:41:24.0889347Z       43 |         `No element was found for the selector supplied to advanceOn: ${selector}`
2022-06-17T21:41:24.0990333Z       44 |       );
2022-06-17T21:41:24.0990622Z       45 |     } else if (el) {
2022-06-17T21:41:24.0990769Z 
2022-06-17T21:41:24.0990924Z       at error (src/js/utils/bind.js:42:22)
2022-06-17T21:41:24.0991289Z       at Object.<anonymous> (test/unit/utils/bind.spec.js:73:7)
2022-06-17T21:41:24.0991482Z 
2022-06-17T21:41:24.3278418Z PASS test/unit/components/shepherd-header.spec.js
2022-06-17T21:41:24.5249660Z PASS test/unit/evented.spec.js
2022-06-17T21:41:24.7361492Z PASS test/unit/components/shepherd-footer.spec.js
2022-06-17T21:41:24.9351407Z PASS test/unit/utils/cleanup.spec.js
2022-06-17T21:41:25.1203440Z PASS test/unit/components/shepherd-content.spec.js
2022-06-17T21:41:25.2611069Z PASS test/unit/components/shepherd-text.spec.js
2022-06-17T21:41:25.3915555Z PASS test/unit/components/shepherd-title.spec.js
2022-06-17T21:41:25.4470196Z ------------------------------|---------|----------|---------|---------|-----------------------
2022-06-17T21:41:25.4471432Z File                          | % Stmts | % Branch | % Funcs | % Lines | Uncovered Line #s     
2022-06-17T21:41:25.4476900Z ------------------------------|---------|----------|---------|---------|-----------------------
2022-06-17T21:41:25.4501387Z All files                     |   93.65 |    82.93 |   94.62 |   93.49 |                       
2022-06-17T21:41:25.4501904Z  js                           |   97.45 |    90.25 |   96.49 |   97.43 |                       
2022-06-17T21:41:25.4502337Z   evented.js                  |     100 |      100 |     100 |     100 |                       
2022-06-17T21:41:25.4502881Z   shepherd.js                 |     100 |      100 |     100 |     100 |                       
2022-06-17T21:41:25.4503316Z   step.js                     |   96.22 |     89.7 |   91.66 |   96.19 | 273,389,417,453       
2022-06-17T21:41:25.4503750Z   tour.js                     |   98.11 |    87.69 |     100 |   98.09 | 356,374               
2022-06-17T21:41:25.4504176Z  js/components                |   88.62 |    76.34 |     100 |   87.97 |                       
2022-06-17T21:41:25.4504855Z   shepherd-button.svelte      |   93.75 |       80 |     100 |   93.75 | 61                    
2022-06-17T21:41:25.4505456Z   shepherd-cancel-icon.svelte |     100 |       50 |     100 |     100 | 40                    
2022-06-17T21:41:25.4506037Z   shepherd-content.svelte     |     100 |      100 |     100 |     100 |                       
2022-06-17T21:41:25.4506622Z   shepherd-element.svelte     |   88.09 |    89.28 |     100 |    87.5 | 77-89                 
2022-06-17T21:41:25.4507206Z   shepherd-footer.svelte      |     100 |      100 |     100 |     100 |                       
2022-06-17T21:41:25.4507785Z   shepherd-header.svelte      |     100 |    85.71 |     100 |     100 | 39                    
2022-06-17T21:41:25.4508542Z   shepherd-modal.svelte       |   78.94 |       50 |     100 |   77.77 | 95-99,173-182,200-205 
2022-06-17T21:41:25.4509131Z   shepherd-text.svelte        |      90 |      100 |     100 |      90 | 15                    
2022-06-17T21:41:25.4510718Z   shepherd-title.svelte       |     100 |      100 |     100 |     100 |                       
2022-06-17T21:41:25.4511192Z  js/utils                     |   93.16 |    77.01 |    90.9 |   93.04 |                       
2022-06-17T21:41:25.4511727Z   auto-bind.js                |     100 |      100 |     100 |     100 |                       
2022-06-17T21:41:25.4512138Z   bind.js                     |   90.47 |       80 |      80 |   90.47 | 48,57                 
2022-06-17T21:41:25.4512563Z   cleanup.js                  |     100 |    77.77 |     100 |     100 | 6,15                  
2022-06-17T21:41:25.4513104Z   general.js                  |   94.54 |    82.92 |   91.66 |   94.44 | 15,129-130            
2022-06-17T21:41:25.4513652Z   overlay-path.js             |     100 |        0 |     100 |     100 | 11                    
2022-06-17T21:41:25.4514218Z   popper-options.js           |      85 |       60 |   85.71 |      85 | 24,62-63              
2022-06-17T21:41:25.4514776Z   type-check.js               |     100 |      100 |     100 |     100 |                       
2022-06-17T21:41:25.4515446Z ------------------------------|---------|----------|---------|---------|-----------------------
2022-06-17T21:41:25.5063568Z 
2022-06-17T21:41:25.5075297Z Test Suites: 1 failed, 13 passed, 14 total
2022-06-17T21:41:25.5075841Z Tests:       5 failed, 2 skipped, 124 passed, 131 total
2022-06-17T21:41:25.5076221Z Snapshots:   0 total
2022-06-17T21:41:25.5077098Z Time:        10.831 s
2022-06-17T21:41:25.5077584Z Ran all test suites.
2022-06-17T21:41:25.5476464Z error Command failed with exit code 1.
2022-06-17T21:41:25.5477955Z info Visit https://yarnpkg.com/en/docs/cli/run for documentation about this command.
2022-06-17T21:41:25.5639084Z ##[error]Process completed with exit code 1.
2022-06-17T21:41:25.5797717Z Cleaning up orphan processes