2022-06-19T21:27:01.9490474Z Requested labels: ubuntu-latest
2022-06-19T21:27:01.9490531Z Job defined at: nchaulet/node-geocoder/.github/workflows/test.yml@refs/heads/master
2022-06-19T21:27:01.9490556Z Waiting for a runner to pick up this job...
2022-06-19T21:27:03.4318715Z Job is waiting for a hosted runner to come online.
2022-06-19T21:27:05.2189190Z Job is about to start running on the hosted runner: Hosted Agent (hosted)
2022-06-19T21:27:07.2267515Z Current runner version: '2.293.0'
2022-06-19T21:27:07.2295201Z ##[group]Operating System
2022-06-19T21:27:07.2295767Z Ubuntu
2022-06-19T21:27:07.2296028Z 20.04.4
2022-06-19T21:27:07.2296354Z LTS
2022-06-19T21:27:07.2296771Z ##[endgroup]
2022-06-19T21:27:07.2297086Z ##[group]Virtual Environment
2022-06-19T21:27:07.2297491Z Environment: ubuntu-20.04
2022-06-19T21:27:07.2297857Z Version: 20220614.0
2022-06-19T21:27:07.2298390Z Included Software: https://github.com/actions/virtual-environments/blob/ubuntu20/20220614.0/images/linux/Ubuntu2004-Readme.md
2022-06-19T21:27:07.2299182Z Image Release: https://github.com/actions/virtual-environments/releases/tag/ubuntu20%2F20220614.0
2022-06-19T21:27:07.2299674Z ##[endgroup]
2022-06-19T21:27:07.2300011Z ##[group]Virtual Environment Provisioner
2022-06-19T21:27:07.2300423Z 1.0.0.0-main-20220531-1
2022-06-19T21:27:07.2300822Z ##[endgroup]
2022-06-19T21:27:07.2301842Z ##[group]GITHUB_TOKEN Permissions
2022-06-19T21:27:07.2302540Z Actions: write
2022-06-19T21:27:07.2302998Z Checks: write
2022-06-19T21:27:07.2303461Z Contents: write
2022-06-19T21:27:07.2303769Z Deployments: write
2022-06-19T21:27:07.2304149Z Discussions: write
2022-06-19T21:27:07.2304472Z Issues: write
2022-06-19T21:27:07.2304790Z Metadata: read
2022-06-19T21:27:07.2305133Z Packages: write
2022-06-19T21:27:07.2305471Z Pages: write
2022-06-19T21:27:07.2305781Z PullRequests: write
2022-06-19T21:27:07.2306161Z RepositoryProjects: write
2022-06-19T21:27:07.2306598Z SecurityEvents: write
2022-06-19T21:27:07.2306906Z Statuses: write
2022-06-19T21:27:07.2307250Z ##[endgroup]
2022-06-19T21:27:07.2311017Z Secret source: Actions
2022-06-19T21:27:07.2311503Z Prepare workflow directory
2022-06-19T21:27:07.3140264Z Prepare all required actions
2022-06-19T21:27:07.3321551Z Getting action download info
2022-06-19T21:27:07.5362230Z Download action repository 'actions/checkout@v2' (SHA:7884fcad6b5d53d10323aee724dc68d8b9096a2e)
2022-06-19T21:27:08.0981655Z Download action repository 'actions/setup-node@v2' (SHA:1f8c6b94b26d0feae1e387ca63ccbdc44d27b561)
2022-06-19T21:27:08.8138331Z ##[group]Run actions/checkout@v2
2022-06-19T21:27:08.8138619Z with:
2022-06-19T21:27:08.8138863Z   repository: nchaulet/node-geocoder
2022-06-19T21:27:08.8139336Z   token: ***
2022-06-19T21:27:08.8139536Z   ssh-strict: true
2022-06-19T21:27:08.8139775Z   persist-credentials: true
2022-06-19T21:27:08.8140024Z   clean: true
2022-06-19T21:27:08.8140214Z   fetch-depth: 1
2022-06-19T21:27:08.8140419Z   lfs: false
2022-06-19T21:27:08.8140626Z   submodules: false
2022-06-19T21:27:08.8140845Z   set-safe-directory: true
2022-06-19T21:27:08.8141075Z ##[endgroup]
2022-06-19T21:27:09.0678771Z Syncing repository: nchaulet/node-geocoder
2022-06-19T21:27:09.0681359Z ##[group]Getting Git version info
2022-06-19T21:27:09.0681930Z Working directory is '/home/runner/work/node-geocoder/node-geocoder'
2022-06-19T21:27:09.0682473Z [command]/usr/bin/git version
2022-06-19T21:27:09.0789908Z git version 2.36.1
2022-06-19T21:27:09.0791502Z ##[endgroup]
2022-06-19T21:27:09.0823681Z Temporarily overriding HOME='/home/runner/work/_temp/ddfbaac1-c7e1-4ed0-ba26-471d434002cc' before making global git config changes
2022-06-19T21:27:09.0824237Z Adding repository directory to the temporary git global config as a safe directory
2022-06-19T21:27:09.0824796Z [command]/usr/bin/git config --global --add safe.directory /home/runner/work/node-geocoder/node-geocoder
2022-06-19T21:27:09.0856246Z Deleting the contents of '/home/runner/work/node-geocoder/node-geocoder'
2022-06-19T21:27:09.0860900Z ##[group]Initializing the repository
2022-06-19T21:27:09.0864610Z [command]/usr/bin/git init /home/runner/work/node-geocoder/node-geocoder
2022-06-19T21:27:09.0938037Z hint: Using 'master' as the name for the initial branch. This default branch name
2022-06-19T21:27:09.0938759Z hint: is subject to change. To configure the initial branch name to use in all
2022-06-19T21:27:09.0940128Z hint: of your new repositories, which will suppress this warning, call:
2022-06-19T21:27:09.0940744Z hint: 
2022-06-19T21:27:09.0941939Z hint: 	git config --global init.defaultBranch <name>
2022-06-19T21:27:09.0942484Z hint: 
2022-06-19T21:27:09.0943304Z hint: Names commonly chosen instead of 'master' are 'main', 'trunk' and
2022-06-19T21:27:09.0943958Z hint: 'development'. The just-created branch can be renamed via this command:
2022-06-19T21:27:09.0944628Z hint: 
2022-06-19T21:27:09.0945072Z hint: 	git branch -m <name>
2022-06-19T21:27:09.0947196Z Initialized empty Git repository in /home/runner/work/node-geocoder/node-geocoder/.git/
2022-06-19T21:27:09.0956098Z [command]/usr/bin/git remote add origin https://github.com/nchaulet/node-geocoder
2022-06-19T21:27:09.1039250Z ##[endgroup]
2022-06-19T21:27:09.1040028Z ##[group]Disabling automatic garbage collection
2022-06-19T21:27:09.1044057Z [command]/usr/bin/git config --local gc.auto 0
2022-06-19T21:27:09.1074200Z ##[endgroup]
2022-06-19T21:27:09.1075104Z ##[group]Setting up auth
2022-06-19T21:27:09.1081312Z [command]/usr/bin/git config --local --name-only --get-regexp core\.sshCommand
2022-06-19T21:27:09.1114515Z [command]/usr/bin/git submodule foreach --recursive git config --local --name-only --get-regexp 'core\.sshCommand' && git config --local --unset-all 'core.sshCommand' || :
2022-06-19T21:27:09.1470030Z [command]/usr/bin/git config --local --name-only --get-regexp http\.https\:\/\/github\.com\/\.extraheader
2022-06-19T21:27:09.1496702Z [command]/usr/bin/git submodule foreach --recursive git config --local --name-only --get-regexp 'http\.https\:\/\/github\.com\/\.extraheader' && git config --local --unset-all 'http.https://github.com/.extraheader' || :
2022-06-19T21:27:09.1729428Z [command]/usr/bin/git config --local http.https://github.com/.extraheader AUTHORIZATION: basic ***
2022-06-19T21:27:09.1826088Z ##[endgroup]
2022-06-19T21:27:09.1826636Z ##[group]Fetching the repository
2022-06-19T21:27:09.1827551Z [command]/usr/bin/git -c protocol.version=2 fetch --no-tags --prune --progress --no-recurse-submodules --depth=1 origin +77d39106a39e68ab83d88482fa80113874855bea:refs/remotes/origin/master
2022-06-19T21:27:09.4621794Z remote: Enumerating objects: 84, done.        
2022-06-19T21:27:09.4622473Z remote: Counting objects:   1% (1/84)        
2022-06-19T21:27:09.4623055Z remote: Counting objects:   2% (2/84)        
2022-06-19T21:27:09.4623629Z remote: Counting objects:   3% (3/84)        
2022-06-19T21:27:09.4624155Z remote: Counting objects:   4% (4/84)        
2022-06-19T21:27:09.4624702Z remote: Counting objects:   5% (5/84)        
2022-06-19T21:27:09.4625249Z remote: Counting objects:   7% (6/84)        
2022-06-19T21:27:09.4625804Z remote: Counting objects:   8% (7/84)        
2022-06-19T21:27:09.4626328Z remote: Counting objects:   9% (8/84)        
2022-06-19T21:27:09.4626866Z remote: Counting objects:  10% (9/84)        
2022-06-19T21:27:09.4627399Z remote: Counting objects:  11% (10/84)        
2022-06-19T21:27:09.4627857Z remote: Counting objects:  13% (11/84)        
2022-06-19T21:27:09.4632604Z remote: Counting objects:  14% (12/84)        
2022-06-19T21:27:09.4633022Z remote: Counting objects:  15% (13/84)        
2022-06-19T21:27:09.4633417Z remote: Counting objects:  16% (14/84)        
2022-06-19T21:27:09.4633987Z remote: Counting objects:  17% (15/84)        
2022-06-19T21:27:09.4634404Z remote: Counting objects:  19% (16/84)        
2022-06-19T21:27:09.4635044Z remote: Counting objects:  20% (17/84)        
2022-06-19T21:27:09.4635618Z remote: Counting objects:  21% (18/84)        
2022-06-19T21:27:09.4636102Z remote: Counting objects:  22% (19/84)        
2022-06-19T21:27:09.4636693Z remote: Counting objects:  23% (20/84)        
2022-06-19T21:27:09.4637580Z remote: Counting objects:  25% (21/84)        
2022-06-19T21:27:09.4638179Z remote: Counting objects:  26% (22/84)        
2022-06-19T21:27:09.4638745Z remote: Counting objects:  27% (23/84)        
2022-06-19T21:27:09.4639298Z remote: Counting objects:  28% (24/84)        
2022-06-19T21:27:09.4639809Z remote: Counting objects:  29% (25/84)        
2022-06-19T21:27:09.4640753Z remote: Counting objects:  30% (26/84)        
2022-06-19T21:27:09.4641363Z remote: Counting objects:  32% (27/84)        
2022-06-19T21:27:09.4641863Z remote: Counting objects:  33% (28/84)        
2022-06-19T21:27:09.4642660Z remote: Counting objects:  34% (29/84)        
2022-06-19T21:27:09.4643269Z remote: Counting objects:  35% (30/84)        
2022-06-19T21:27:09.4643663Z remote: Counting objects:  36% (31/84)        
2022-06-19T21:27:09.4644224Z remote: Counting objects:  38% (32/84)        
2022-06-19T21:27:09.4644762Z remote: Counting objects:  39% (33/84)        
2022-06-19T21:27:09.4645309Z remote: Counting objects:  40% (34/84)        
2022-06-19T21:27:09.4649240Z remote: Counting objects:  41% (35/84)        
2022-06-19T21:27:09.4650154Z remote: Counting objects:  42% (36/84)        
2022-06-19T21:27:09.4650414Z remote: Counting objects:  44% (37/84)        
2022-06-19T21:27:09.4650688Z remote: Counting objects:  45% (38/84)        
2022-06-19T21:27:09.4650956Z remote: Counting objects:  46% (39/84)        
2022-06-19T21:27:09.4651224Z remote: Counting objects:  47% (40/84)        
2022-06-19T21:27:09.4651497Z remote: Counting objects:  48% (41/84)        
2022-06-19T21:27:09.4651763Z remote: Counting objects:  50% (42/84)        
2022-06-19T21:27:09.4652013Z remote: Counting objects:  51% (43/84)        
2022-06-19T21:27:09.4652401Z remote: Counting objects:  52% (44/84)        
2022-06-19T21:27:09.4653056Z remote: Counting objects:  53% (45/84)        
2022-06-19T21:27:09.4653506Z remote: Counting objects:  54% (46/84)        
2022-06-19T21:27:09.4654034Z remote: Counting objects:  55% (47/84)        
2022-06-19T21:27:09.4654649Z remote: Counting objects:  57% (48/84)        
2022-06-19T21:27:09.4655199Z remote: Counting objects:  58% (49/84)        
2022-06-19T21:27:09.4655750Z remote: Counting objects:  59% (50/84)        
2022-06-19T21:27:09.4656294Z remote: Counting objects:  60% (51/84)        
2022-06-19T21:27:09.4656844Z remote: Counting objects:  61% (52/84)        
2022-06-19T21:27:09.4657388Z remote: Counting objects:  63% (53/84)        
2022-06-19T21:27:09.4658145Z remote: Counting objects:  64% (54/84)        
2022-06-19T21:27:09.4658510Z remote: Counting objects:  65% (55/84)        
2022-06-19T21:27:09.4659000Z remote: Counting objects:  66% (56/84)        
2022-06-19T21:27:09.4659553Z remote: Counting objects:  67% (57/84)        
2022-06-19T21:27:09.4660104Z remote: Counting objects:  69% (58/84)        
2022-06-19T21:27:09.4660645Z remote: Counting objects:  70% (59/84)        
2022-06-19T21:27:09.4661223Z remote: Counting objects:  71% (60/84)        
2022-06-19T21:27:09.4661772Z remote: Counting objects:  72% (61/84)        
2022-06-19T21:27:09.4662284Z remote: Counting objects:  73% (62/84)        
2022-06-19T21:27:09.4662844Z remote: Counting objects:  75% (63/84)        
2022-06-19T21:27:09.4663419Z remote: Counting objects:  76% (64/84)        
2022-06-19T21:27:09.4664054Z remote: Counting objects:  77% (65/84)        
2022-06-19T21:27:09.4664438Z remote: Counting objects:  78% (66/84)        
2022-06-19T21:27:09.4665025Z remote: Counting objects:  79% (67/84)        
2022-06-19T21:27:09.4665547Z remote: Counting objects:  80% (68/84)        
2022-06-19T21:27:09.4666094Z remote: Counting objects:  82% (69/84)        
2022-06-19T21:27:09.4666622Z remote: Counting objects:  83% (70/84)        
2022-06-19T21:27:09.4667363Z remote: Counting objects:  84% (71/84)        
2022-06-19T21:27:09.4667636Z remote: Counting objects:  85% (72/84)        
2022-06-19T21:27:09.4667904Z remote: Counting objects:  86% (73/84)        
2022-06-19T21:27:09.4668156Z remote: Counting objects:  88% (74/84)        
2022-06-19T21:27:09.4668421Z remote: Counting objects:  89% (75/84)        
2022-06-19T21:27:09.4668684Z remote: Counting objects:  90% (76/84)        
2022-06-19T21:27:09.4669177Z remote: Counting objects:  91% (77/84)        
2022-06-19T21:27:09.4669751Z remote: Counting objects:  92% (78/84)        
2022-06-19T21:27:09.4670332Z remote: Counting objects:  94% (79/84)        
2022-06-19T21:27:09.4670878Z remote: Counting objects:  95% (80/84)        
2022-06-19T21:27:09.4671423Z remote: Counting objects:  96% (81/84)        
2022-06-19T21:27:09.4671992Z remote: Counting objects:  97% (82/84)        
2022-06-19T21:27:09.4672521Z remote: Counting objects:  98% (83/84)        
2022-06-19T21:27:09.4673068Z remote: Counting objects: 100% (84/84)        
2022-06-19T21:27:09.4673941Z remote: Counting objects: 100% (84/84), done.        
2022-06-19T21:27:09.4674381Z remote: Compressing objects:   1% (1/68)        
2022-06-19T21:27:09.4674971Z remote: Compressing objects:   2% (2/68)        
2022-06-19T21:27:09.4675753Z remote: Compressing objects:   4% (3/68)        
2022-06-19T21:27:09.4676503Z remote: Compressing objects:   5% (4/68)        
2022-06-19T21:27:09.4677039Z remote: Compressing objects:   7% (5/68)        
2022-06-19T21:27:09.4677912Z remote: Compressing objects:   8% (6/68)        
2022-06-19T21:27:09.4678275Z remote: Compressing objects:  10% (7/68)        
2022-06-19T21:27:09.4678578Z remote: Compressing objects:  11% (8/68)        
2022-06-19T21:27:09.4679091Z remote: Compressing objects:  13% (9/68)        
2022-06-19T21:27:09.4679780Z remote: Compressing objects:  14% (10/68)        
2022-06-19T21:27:09.4680372Z remote: Compressing objects:  16% (11/68)        
2022-06-19T21:27:09.4681036Z remote: Compressing objects:  17% (12/68)        
2022-06-19T21:27:09.4681628Z remote: Compressing objects:  19% (13/68)        
2022-06-19T21:27:09.4682385Z remote: Compressing objects:  20% (14/68)        
2022-06-19T21:27:09.4682968Z remote: Compressing objects:  22% (15/68)        
2022-06-19T21:27:09.4684228Z remote: Compressing objects:  23% (16/68)        
2022-06-19T21:27:09.4684568Z remote: Compressing objects:  25% (17/68)        
2022-06-19T21:27:09.4684882Z remote: Compressing objects:  26% (18/68)        
2022-06-19T21:27:09.4685372Z remote: Compressing objects:  27% (19/68)        
2022-06-19T21:27:09.4686068Z remote: Compressing objects:  29% (20/68)        
2022-06-19T21:27:09.4686630Z remote: Compressing objects:  30% (21/68)        
2022-06-19T21:27:09.4687332Z remote: Compressing objects:  32% (22/68)        
2022-06-19T21:27:09.4687732Z remote: Compressing objects:  33% (23/68)        
2022-06-19T21:27:09.4688482Z remote: Compressing objects:  35% (24/68)        
2022-06-19T21:27:09.4689027Z remote: Compressing objects:  36% (25/68)        
2022-06-19T21:27:09.4689576Z remote: Compressing objects:  38% (26/68)        
2022-06-19T21:27:09.4690273Z remote: Compressing objects:  39% (27/68)        
2022-06-19T21:27:09.4690810Z remote: Compressing objects:  41% (28/68)        
2022-06-19T21:27:09.4691354Z remote: Compressing objects:  42% (29/68)        
2022-06-19T21:27:09.4691899Z remote: Compressing objects:  44% (30/68)        
2022-06-19T21:27:09.4692601Z remote: Compressing objects:  45% (31/68)        
2022-06-19T21:27:09.4693144Z remote: Compressing objects:  47% (32/68)        
2022-06-19T21:27:09.4693848Z remote: Compressing objects:  48% (33/68)        
2022-06-19T21:27:09.4694387Z remote: Compressing objects:  50% (34/68)        
2022-06-19T21:27:09.4694916Z remote: Compressing objects:  51% (35/68)        
2022-06-19T21:27:09.4695640Z remote: Compressing objects:  52% (36/68)        
2022-06-19T21:27:09.4696214Z remote: Compressing objects:  54% (37/68)        
2022-06-19T21:27:09.4696760Z remote: Compressing objects:  55% (38/68)        
2022-06-19T21:27:09.4697429Z remote: Compressing objects:  57% (39/68)        
2022-06-19T21:27:09.4697988Z remote: Compressing objects:  58% (40/68)        
2022-06-19T21:27:09.4726100Z remote: Compressing objects:  60% (41/68)        
2022-06-19T21:27:09.4726567Z remote: Compressing objects:  61% (42/68)        
2022-06-19T21:27:09.4727535Z remote: Compressing objects:  63% (43/68)        
2022-06-19T21:27:09.4728014Z remote: Compressing objects:  64% (44/68)        
2022-06-19T21:27:09.4728594Z remote: Compressing objects:  66% (45/68)        
2022-06-19T21:27:09.4729146Z remote: Compressing objects:  67% (46/68)        
2022-06-19T21:27:09.4729705Z remote: Compressing objects:  69% (47/68)        
2022-06-19T21:27:09.4730308Z remote: Compressing objects:  70% (48/68)        
2022-06-19T21:27:09.4730865Z remote: Compressing objects:  72% (49/68)        
2022-06-19T21:27:09.4731421Z remote: Compressing objects:  73% (50/68)        
2022-06-19T21:27:09.4732205Z remote: Compressing objects:  75% (51/68)        
2022-06-19T21:27:09.4732781Z remote: Compressing objects:  76% (52/68)        
2022-06-19T21:27:09.4733391Z remote: Compressing objects:  77% (53/68)        
2022-06-19T21:27:09.4734154Z remote: Compressing objects:  79% (54/68)        
2022-06-19T21:27:09.4734777Z remote: Compressing objects:  80% (55/68)        
2022-06-19T21:27:09.4735262Z remote: Compressing objects:  82% (56/68)        
2022-06-19T21:27:09.4735917Z remote: Compressing objects:  83% (57/68)        
2022-06-19T21:27:09.4736469Z remote: Compressing objects:  85% (58/68)        
2022-06-19T21:27:09.4737164Z remote: Compressing objects:  86% (59/68)        
2022-06-19T21:27:09.4737707Z remote: Compressing objects:  88% (60/68)        
2022-06-19T21:27:09.4738273Z remote: Compressing objects:  89% (61/68)        
2022-06-19T21:27:09.4738814Z remote: Compressing objects:  91% (62/68)        
2022-06-19T21:27:09.4739538Z remote: Compressing objects:  92% (63/68)        
2022-06-19T21:27:09.4740085Z remote: Compressing objects:  94% (64/68)        
2022-06-19T21:27:09.4740823Z remote: Compressing objects:  95% (65/68)        
2022-06-19T21:27:09.4741340Z remote: Compressing objects:  97% (66/68)        
2022-06-19T21:27:09.4742091Z remote: Compressing objects:  98% (67/68)        
2022-06-19T21:27:09.4742640Z remote: Compressing objects: 100% (68/68)        
2022-06-19T21:27:09.4743363Z remote: Compressing objects: 100% (68/68), done.        
2022-06-19T21:27:09.5153211Z remote: Total 84 (delta 23), reused 36 (delta 14), pack-reused 0        
2022-06-19T21:27:09.5249064Z From https://github.com/nchaulet/node-geocoder
2022-06-19T21:27:09.5250425Z  * [new ref]         77d39106a39e68ab83d88482fa80113874855bea -> origin/master
2022-06-19T21:27:09.5276398Z ##[endgroup]
2022-06-19T21:27:09.5276900Z ##[group]Determining the checkout info
2022-06-19T21:27:09.5278197Z ##[endgroup]
2022-06-19T21:27:09.5278579Z ##[group]Checking out the ref
2022-06-19T21:27:09.5283285Z [command]/usr/bin/git checkout --progress --force -B master refs/remotes/origin/master
2022-06-19T21:27:09.5395689Z Reset branch 'master'
2022-06-19T21:27:09.5400040Z branch 'master' set up to track 'origin/master'.
2022-06-19T21:27:09.5404173Z ##[endgroup]
2022-06-19T21:27:09.5449789Z [command]/usr/bin/git log -1 --format='%H'
2022-06-19T21:27:09.5479169Z '77d39106a39e68ab83d88482fa80113874855bea'
2022-06-19T21:27:09.5804099Z ##[group]Run actions/setup-node@v2
2022-06-19T21:27:09.5804368Z with:
2022-06-19T21:27:09.5804576Z   node-version: 12.x
2022-06-19T21:27:09.5804786Z   always-auth: false
2022-06-19T21:27:09.5805005Z   check-latest: false
2022-06-19T21:27:09.5805412Z   token: ***
2022-06-19T21:27:09.5805620Z ##[endgroup]
2022-06-19T21:27:09.7503579Z Found in cache @ /opt/hostedtoolcache/node/12.22.12/x64
2022-06-19T21:27:09.7652130Z ##[group]Run npm install
2022-06-19T21:27:09.7652458Z [36;1mnpm install[0m
2022-06-19T21:27:09.7713718Z shell: /usr/bin/bash -e {0}
2022-06-19T21:27:09.7714011Z ##[endgroup]
2022-06-19T21:27:11.0999881Z npm WARN deprecated formatio@1.1.1: This package is unmaintained. Use @sinonjs/formatio instead
2022-06-19T21:27:11.1954748Z npm WARN deprecated samsam@1.1.2: This package has been deprecated in favour of @sinonjs/samsam
2022-06-19T21:27:11.8489569Z npm WARN deprecated samsam@1.1.3: This package has been deprecated in favour of @sinonjs/samsam
2022-06-19T21:27:23.2387792Z npm notice created a lockfile as package-lock.json. You should commit this file.
2022-06-19T21:27:23.2438246Z npm WARN optional SKIPPING OPTIONAL DEPENDENCY: fsevents@^2.3.2 (node_modules/jest-haste-map/node_modules/fsevents):
2022-06-19T21:27:23.2439222Z npm WARN notsup SKIPPING OPTIONAL DEPENDENCY: Unsupported platform for fsevents@2.3.2: wanted {"os":"darwin","arch":"any"} (current: {"os":"linux","arch":"x64"})
2022-06-19T21:27:23.2441966Z 
2022-06-19T21:27:23.2465245Z added 598 packages from 483 contributors and audited 599 packages in 12.827s
2022-06-19T21:27:23.4104111Z 
2022-06-19T21:27:23.4107658Z 69 packages are looking for funding
2022-06-19T21:27:23.4108048Z   run `npm fund` for details
2022-06-19T21:27:23.4108281Z 
2022-06-19T21:27:23.4119599Z found 0 vulnerabilities
2022-06-19T21:27:23.4119890Z 
2022-06-19T21:27:23.4557451Z ##[group]Run npm run build --if-present
2022-06-19T21:27:23.4557763Z [36;1mnpm run build --if-present[0m
2022-06-19T21:27:23.4612645Z shell: /usr/bin/bash -e {0}
2022-06-19T21:27:23.4612890Z ##[endgroup]
2022-06-19T21:27:23.6612570Z ##[group]Run npm test
2022-06-19T21:27:23.6612812Z [36;1mnpm test[0m
2022-06-19T21:27:23.6672336Z shell: /usr/bin/bash -e {0}
2022-06-19T21:27:23.6672579Z ##[endgroup]
2022-06-19T21:27:23.8786172Z 
2022-06-19T21:27:23.8787585Z > node-geocoder@4.1.0 test /home/runner/work/node-geocoder/node-geocoder
2022-06-19T21:27:23.8788603Z > jest --maxWorkers=2 ./test
2022-06-19T21:27:23.8788914Z 
2022-06-19T21:27:26.0739391Z PASS test/geocoder/heregeocoder.test.js
2022-06-19T21:27:26.0965165Z PASS test/geocoder/googlegeocoder.test.js
2022-06-19T21:27:26.3208217Z PASS test/geocoder/teleportgeocoder.test.js
2022-06-19T21:27:26.3507647Z PASS test/geocoder/opendatafrancegeocoder.test.js
2022-06-19T21:27:26.5252474Z PASS test/geocoder/openstreetmapgeocoder.test.js
2022-06-19T21:27:26.6925070Z PASS test/geocoder/opencagegeocoder.test.js
2022-06-19T21:27:26.8816129Z PASS test/geocoder/mapboxgeocoder.test.js
2022-06-19T21:27:26.9588227Z PASS test/geocoderfactory.test.js
2022-06-19T21:27:27.0886978Z PASS test/geocoder/locationiqgeocoder.test.js
2022-06-19T21:27:27.1178481Z PASS test/geocoder/agolgeocoder.test.js
2022-06-19T21:27:27.2025520Z PASS test/geocoder/yandexgeocoder.test.js
2022-06-19T21:27:27.2530662Z PASS test/geocoder/nominatimmapquestgeocoder.test.js
2022-06-19T21:27:27.3108986Z PASS test/geocoder/datasciencetoolkitgeocoder.test.js
2022-06-19T21:27:27.3507831Z PASS test/geocoder/freegeoipgeocoder.test.js
2022-06-19T21:27:27.4542055Z PASS test/geocoder.test.js
2022-06-19T21:27:27.4791128Z PASS test/geocoder/mapquestgeocoder.test.js
2022-06-19T21:27:27.5641095Z PASS test/geocoder/openmapquestgeocoder.test.js
2022-06-19T21:27:27.5859018Z PASS test/geocoder/smartystreetsgeocoder.test.js
2022-06-19T21:27:27.6592227Z PASS test/geocoder/mapzengeocoder.test.js
2022-06-19T21:27:27.7048440Z PASS test/geocoder/geocodiogeocoder.test.js
2022-06-19T21:27:27.7450946Z PASS test/geocoder/pickpointgeocoder.test.js
2022-06-19T21:27:27.7944845Z PASS test/formatter/stringformatter.test.js
2022-06-19T21:27:27.8014601Z PASS test/formatter/gpxformatter.test.js
2022-06-19T21:27:27.8183847Z 
2022-06-19T21:27:27.8187537Z Test Suites: 23 passed, 23 total
2022-06-19T21:27:27.8188493Z Tests:       218 passed, 218 total
2022-06-19T21:27:27.8189157Z Snapshots:   0 total
2022-06-19T21:27:27.8189868Z Time:        3.257 s
2022-06-19T21:27:27.8190345Z Ran all test suites matching /.\/test/i.
2022-06-19T21:27:27.8642969Z Post job cleanup.
2022-06-19T21:27:28.0103086Z Post job cleanup.
2022-06-19T21:27:28.1340979Z [command]/usr/bin/git version
2022-06-19T21:27:28.1390615Z git version 2.36.1
2022-06-19T21:27:28.1431539Z Temporarily overriding HOME='/home/runner/work/_temp/9cc26950-545d-49e1-92c7-ff034abdc4ff' before making global git config changes
2022-06-19T21:27:28.1432347Z Adding repository directory to the temporary git global config as a safe directory
2022-06-19T21:27:28.1436600Z [command]/usr/bin/git config --global --add safe.directory /home/runner/work/node-geocoder/node-geocoder
2022-06-19T21:27:28.1481883Z [command]/usr/bin/git config --local --name-only --get-regexp core\.sshCommand
2022-06-19T21:27:28.1518895Z [command]/usr/bin/git submodule foreach --recursive git config --local --name-only --get-regexp 'core\.sshCommand' && git config --local --unset-all 'core.sshCommand' || :
2022-06-19T21:27:28.1809217Z [command]/usr/bin/git config --local --name-only --get-regexp http\.https\:\/\/github\.com\/\.extraheader
2022-06-19T21:27:28.1830882Z http.https://github.com/.extraheader
2022-06-19T21:27:28.1839068Z [command]/usr/bin/git config --local --unset-all http.https://github.com/.extraheader
2022-06-19T21:27:28.1875413Z [command]/usr/bin/git submodule foreach --recursive git config --local --name-only --get-regexp 'http\.https\:\/\/github\.com\/\.extraheader' && git config --local --unset-all 'http.https://github.com/.extraheader' || :
2022-06-19T21:27:28.2376463Z Cleaning up orphan processes