2022-06-21T18:31:58.7762557Z Requested labels: ubuntu-latest
2022-06-21T18:31:58.7762600Z Job defined at: lerna/lerna/.github/workflows/ci.yml@refs/pull/3194/merge
2022-06-21T18:31:58.7762628Z Waiting for a runner to pick up this job...
2022-06-21T18:32:00.8204373Z Job is waiting for a hosted runner to come online.
2022-06-21T18:32:03.4852329Z Job is about to start running on the hosted runner: GitHub Actions 3 (hosted)
2022-06-21T18:32:07.4574369Z Current runner version: '2.293.0'
2022-06-21T18:32:07.4605385Z ##[group]Operating System
2022-06-21T18:32:07.4606036Z Ubuntu
2022-06-21T18:32:07.4606338Z 20.04.4
2022-06-21T18:32:07.4606775Z LTS
2022-06-21T18:32:07.4607069Z ##[endgroup]
2022-06-21T18:32:07.4607505Z ##[group]Virtual Environment
2022-06-21T18:32:07.4608039Z Environment: ubuntu-20.04
2022-06-21T18:32:07.4608907Z Version: 20220619.1
2022-06-21T18:32:07.4609633Z Included Software: https://github.com/actions/virtual-environments/blob/ubuntu20/20220619.1/images/linux/Ubuntu2004-Readme.md
2022-06-21T18:32:07.4610388Z Image Release: https://github.com/actions/virtual-environments/releases/tag/ubuntu20%2F20220619.1
2022-06-21T18:32:07.4610914Z ##[endgroup]
2022-06-21T18:32:07.4611261Z ##[group]Virtual Environment Provisioner
2022-06-21T18:32:07.4611703Z 1.0.0.0-main-20220531-1
2022-06-21T18:32:07.4612054Z ##[endgroup]
2022-06-21T18:32:07.4613293Z ##[group]GITHUB_TOKEN Permissions
2022-06-21T18:32:07.4614048Z Actions: read
2022-06-21T18:32:07.4614605Z Checks: read
2022-06-21T18:32:07.4615006Z Contents: read
2022-06-21T18:32:07.4615392Z Deployments: read
2022-06-21T18:32:07.4615764Z Discussions: read
2022-06-21T18:32:07.4616175Z Issues: read
2022-06-21T18:32:07.4616505Z Metadata: read
2022-06-21T18:32:07.4616897Z Packages: read
2022-06-21T18:32:07.4617259Z Pages: read
2022-06-21T18:32:07.4617584Z PullRequests: read
2022-06-21T18:32:07.4618031Z RepositoryProjects: read
2022-06-21T18:32:07.4618726Z SecurityEvents: read
2022-06-21T18:32:07.4619071Z Statuses: read
2022-06-21T18:32:07.4619448Z ##[endgroup]
2022-06-21T18:32:07.4623986Z Secret source: None
2022-06-21T18:32:07.4624516Z Prepare workflow directory
2022-06-21T18:32:07.5526398Z Prepare all required actions
2022-06-21T18:32:07.5735536Z Getting action download info
2022-06-21T18:32:07.7717924Z Download action repository 'actions/checkout@v3' (SHA:2541b1294d2704b0964813337f33b291d3f8596b)
2022-06-21T18:32:08.3905973Z ##[group]Run actions/checkout@v3
2022-06-21T18:32:08.3906425Z with:
2022-06-21T18:32:08.3906785Z   repository: lerna/lerna
2022-06-21T18:32:08.3907431Z   token: ***
2022-06-21T18:32:08.3907769Z   ssh-strict: true
2022-06-21T18:32:08.3908144Z   persist-credentials: true
2022-06-21T18:32:08.3908506Z   clean: true
2022-06-21T18:32:08.3908813Z   fetch-depth: 1
2022-06-21T18:32:08.3909129Z   lfs: false
2022-06-21T18:32:08.3909451Z   submodules: false
2022-06-21T18:32:08.3909802Z   set-safe-directory: true
2022-06-21T18:32:08.3910157Z ##[endgroup]
2022-06-21T18:32:08.7669213Z Syncing repository: lerna/lerna
2022-06-21T18:32:08.7676568Z ##[group]Getting Git version info
2022-06-21T18:32:08.7677250Z Working directory is '/home/runner/work/lerna/lerna'
2022-06-21T18:32:08.7677862Z [command]/usr/bin/git version
2022-06-21T18:32:08.7844018Z git version 2.36.1
2022-06-21T18:32:08.7883735Z ##[endgroup]
2022-06-21T18:32:08.7901538Z Temporarily overriding HOME='/home/runner/work/_temp/2005bb78-12c4-47cb-b0a7-9794f956f584' before making global git config changes
2022-06-21T18:32:08.7902097Z Adding repository directory to the temporary git global config as a safe directory
2022-06-21T18:32:08.7902683Z [command]/usr/bin/git config --global --add safe.directory /home/runner/work/lerna/lerna
2022-06-21T18:32:08.7950708Z Deleting the contents of '/home/runner/work/lerna/lerna'
2022-06-21T18:32:08.7956558Z ##[group]Initializing the repository
2022-06-21T18:32:08.7960558Z [command]/usr/bin/git init /home/runner/work/lerna/lerna
2022-06-21T18:32:08.8068344Z hint: Using 'master' as the name for the initial branch. This default branch name
2022-06-21T18:32:08.8071420Z hint: is subject to change. To configure the initial branch name to use in all
2022-06-21T18:32:08.8072223Z hint: of your new repositories, which will suppress this warning, call:
2022-06-21T18:32:08.8077106Z hint: 
2022-06-21T18:32:08.8078218Z hint: 	git config --global init.defaultBranch <name>
2022-06-21T18:32:08.8078669Z hint: 
2022-06-21T18:32:08.8080100Z hint: Names commonly chosen instead of 'master' are 'main', 'trunk' and
2022-06-21T18:32:08.8080895Z hint: 'development'. The just-created branch can be renamed via this command:
2022-06-21T18:32:08.8081612Z hint: 
2022-06-21T18:32:08.8082487Z hint: 	git branch -m <name>
2022-06-21T18:32:08.8083153Z Initialized empty Git repository in /home/runner/work/lerna/lerna/.git/
2022-06-21T18:32:08.8093797Z [command]/usr/bin/git remote add origin https://github.com/lerna/lerna
2022-06-21T18:32:08.8146593Z ##[endgroup]
2022-06-21T18:32:08.8147265Z ##[group]Disabling automatic garbage collection
2022-06-21T18:32:08.8153313Z [command]/usr/bin/git config --local gc.auto 0
2022-06-21T18:32:08.8189058Z ##[endgroup]
2022-06-21T18:32:08.8189777Z ##[group]Setting up auth
2022-06-21T18:32:08.8199862Z [command]/usr/bin/git config --local --name-only --get-regexp core\.sshCommand
2022-06-21T18:32:08.8242569Z [command]/usr/bin/git submodule foreach --recursive git config --local --name-only --get-regexp 'core\.sshCommand' && git config --local --unset-all 'core.sshCommand' || :
2022-06-21T18:32:08.8701432Z [command]/usr/bin/git config --local --name-only --get-regexp http\.https\:\/\/github\.com\/\.extraheader
2022-06-21T18:32:08.8732233Z [command]/usr/bin/git submodule foreach --recursive git config --local --name-only --get-regexp 'http\.https\:\/\/github\.com\/\.extraheader' && git config --local --unset-all 'http.https://github.com/.extraheader' || :
2022-06-21T18:32:08.8992448Z [command]/usr/bin/git config --local http.https://github.com/.extraheader AUTHORIZATION: basic ***
2022-06-21T18:32:08.9037101Z ##[endgroup]
2022-06-21T18:32:08.9038121Z ##[group]Fetching the repository
2022-06-21T18:32:08.9047444Z [command]/usr/bin/git -c protocol.version=2 fetch --no-tags --prune --progress --no-recurse-submodules --depth=1 origin +36b06300deb5c20ec8a09d152937e61db81fbdbb:refs/remotes/pull/3194/merge
2022-06-21T18:32:09.2497266Z remote: Enumerating objects: 1745, done.        
2022-06-21T18:32:09.2505770Z remote: Counting objects:   0% (1/1745)        
2022-06-21T18:32:09.2508443Z remote: Counting objects:   1% (18/1745)        
2022-06-21T18:32:09.2511846Z remote: Counting objects:   2% (35/1745)        
2022-06-21T18:32:09.2514698Z remote: Counting objects:   3% (53/1745)        
2022-06-21T18:32:09.2517248Z remote: Counting objects:   4% (70/1745)        
2022-06-21T18:32:09.2520711Z remote: Counting objects:   5% (88/1745)        
2022-06-21T18:32:09.2523612Z remote: Counting objects:   6% (105/1745)        
2022-06-21T18:32:09.2526071Z remote: Counting objects:   7% (123/1745)        
2022-06-21T18:32:09.2528686Z remote: Counting objects:   8% (140/1745)        
2022-06-21T18:32:09.2532146Z remote: Counting objects:   9% (158/1745)        
2022-06-21T18:32:09.2534754Z remote: Counting objects:  10% (175/1745)        
2022-06-21T18:32:09.2537156Z remote: Counting objects:  11% (192/1745)        
2022-06-21T18:32:09.2539895Z remote: Counting objects:  12% (210/1745)        
2022-06-21T18:32:09.2542259Z remote: Counting objects:  13% (227/1745)        
2022-06-21T18:32:09.2544562Z remote: Counting objects:  14% (245/1745)        
2022-06-21T18:32:09.2546968Z remote: Counting objects:  15% (262/1745)        
2022-06-21T18:32:09.2549876Z remote: Counting objects:  16% (280/1745)        
2022-06-21T18:32:09.2552721Z remote: Counting objects:  17% (297/1745)        
2022-06-21T18:32:09.2555489Z remote: Counting objects:  18% (315/1745)        
2022-06-21T18:32:09.2558255Z remote: Counting objects:  19% (332/1745)        
2022-06-21T18:32:09.2561186Z remote: Counting objects:  20% (349/1745)        
2022-06-21T18:32:09.2563847Z remote: Counting objects:  21% (367/1745)        
2022-06-21T18:32:09.2566665Z remote: Counting objects:  22% (384/1745)        
2022-06-21T18:32:09.2569408Z remote: Counting objects:  23% (402/1745)        
2022-06-21T18:32:09.2572087Z remote: Counting objects:  24% (419/1745)        
2022-06-21T18:32:09.2574845Z remote: Counting objects:  25% (437/1745)        
2022-06-21T18:32:09.2577551Z remote: Counting objects:  26% (454/1745)        
2022-06-21T18:32:09.2580586Z remote: Counting objects:  27% (472/1745)        
2022-06-21T18:32:09.2583536Z remote: Counting objects:  28% (489/1745)        
2022-06-21T18:32:09.2585786Z remote: Counting objects:  29% (507/1745)        
2022-06-21T18:32:09.2588074Z remote: Counting objects:  30% (524/1745)        
2022-06-21T18:32:09.2590251Z remote: Counting objects:  31% (541/1745)        
2022-06-21T18:32:09.2591070Z remote: Counting objects:  32% (559/1745)        
2022-06-21T18:32:09.2592883Z remote: Counting objects:  33% (576/1745)        
2022-06-21T18:32:09.2605218Z remote: Counting objects:  34% (594/1745)        
2022-06-21T18:32:09.2605551Z remote: Counting objects:  35% (611/1745)        
2022-06-21T18:32:09.2605871Z remote: Counting objects:  36% (629/1745)        
2022-06-21T18:32:09.2606195Z remote: Counting objects:  37% (646/1745)        
2022-06-21T18:32:09.2606494Z remote: Counting objects:  38% (664/1745)        
2022-06-21T18:32:09.2606826Z remote: Counting objects:  39% (681/1745)        
2022-06-21T18:32:09.2607140Z remote: Counting objects:  40% (698/1745)        
2022-06-21T18:32:09.2607456Z remote: Counting objects:  41% (716/1745)        
2022-06-21T18:32:09.2607753Z remote: Counting objects:  42% (733/1745)        
2022-06-21T18:32:09.2608062Z remote: Counting objects:  43% (751/1745)        
2022-06-21T18:32:09.2608370Z remote: Counting objects:  44% (768/1745)        
2022-06-21T18:32:09.2608665Z remote: Counting objects:  45% (786/1745)        
2022-06-21T18:32:09.2608972Z remote: Counting objects:  46% (803/1745)        
2022-06-21T18:32:09.2609279Z remote: Counting objects:  47% (821/1745)        
2022-06-21T18:32:09.2609572Z remote: Counting objects:  48% (838/1745)        
2022-06-21T18:32:09.2609880Z remote: Counting objects:  49% (856/1745)        
2022-06-21T18:32:09.2610184Z remote: Counting objects:  50% (873/1745)        
2022-06-21T18:32:09.2610479Z remote: Counting objects:  51% (890/1745)        
2022-06-21T18:32:09.2610974Z remote: Counting objects:  52% (908/1745)        
2022-06-21T18:32:09.2611290Z remote: Counting objects:  53% (925/1745)        
2022-06-21T18:32:09.2611604Z remote: Counting objects:  54% (943/1745)        
2022-06-21T18:32:09.2611899Z remote: Counting objects:  55% (960/1745)        
2022-06-21T18:32:09.2612204Z remote: Counting objects:  56% (978/1745)        
2022-06-21T18:32:09.2612513Z remote: Counting objects:  57% (995/1745)        
2022-06-21T18:32:09.2612818Z remote: Counting objects:  58% (1013/1745)        
2022-06-21T18:32:09.2613144Z remote: Counting objects:  59% (1030/1745)        
2022-06-21T18:32:09.2613466Z remote: Counting objects:  60% (1047/1745)        
2022-06-21T18:32:09.2613770Z remote: Counting objects:  61% (1065/1745)        
2022-06-21T18:32:09.2614086Z remote: Counting objects:  62% (1082/1745)        
2022-06-21T18:32:09.2614500Z remote: Counting objects:  63% (1100/1745)        
2022-06-21T18:32:09.2614929Z remote: Counting objects:  64% (1117/1745)        
2022-06-21T18:32:09.2615233Z remote: Counting objects:  65% (1135/1745)        
2022-06-21T18:32:09.2615514Z remote: Counting objects:  66% (1152/1745)        
2022-06-21T18:32:09.2615811Z remote: Counting objects:  67% (1170/1745)        
2022-06-21T18:32:09.2616106Z remote: Counting objects:  68% (1187/1745)        
2022-06-21T18:32:09.2616383Z remote: Counting objects:  69% (1205/1745)        
2022-06-21T18:32:09.2616680Z remote: Counting objects:  70% (1222/1745)        
2022-06-21T18:32:09.2616974Z remote: Counting objects:  71% (1239/1745)        
2022-06-21T18:32:09.2617251Z remote: Counting objects:  72% (1257/1745)        
2022-06-21T18:32:09.2617543Z remote: Counting objects:  73% (1274/1745)        
2022-06-21T18:32:09.2617835Z remote: Counting objects:  74% (1292/1745)        
2022-06-21T18:32:09.2618113Z remote: Counting objects:  75% (1309/1745)        
2022-06-21T18:32:09.2618597Z remote: Counting objects:  76% (1327/1745)        
2022-06-21T18:32:09.2618894Z remote: Counting objects:  77% (1344/1745)        
2022-06-21T18:32:09.2619191Z remote: Counting objects:  78% (1362/1745)        
2022-06-21T18:32:09.2619919Z remote: Counting objects:  79% (1379/1745)        
2022-06-21T18:32:09.2620353Z remote: Counting objects:  80% (1396/1745)        
2022-06-21T18:32:09.2620648Z remote: Counting objects:  81% (1414/1745)        
2022-06-21T18:32:09.2620923Z remote: Counting objects:  82% (1431/1745)        
2022-06-21T18:32:09.2621216Z remote: Counting objects:  83% (1449/1745)        
2022-06-21T18:32:09.2621510Z remote: Counting objects:  84% (1466/1745)        
2022-06-21T18:32:09.2621789Z remote: Counting objects:  85% (1484/1745)        
2022-06-21T18:32:09.2622081Z remote: Counting objects:  86% (1501/1745)        
2022-06-21T18:32:09.2622371Z remote: Counting objects:  87% (1519/1745)        
2022-06-21T18:32:09.2622661Z remote: Counting objects:  88% (1536/1745)        
2022-06-21T18:32:09.2622936Z remote: Counting objects:  89% (1554/1745)        
2022-06-21T18:32:09.2623232Z remote: Counting objects:  90% (1571/1745)        
2022-06-21T18:32:09.2623527Z remote: Counting objects:  91% (1588/1745)        
2022-06-21T18:32:09.2623805Z remote: Counting objects:  92% (1606/1745)        
2022-06-21T18:32:09.2624099Z remote: Counting objects:  93% (1623/1745)        
2022-06-21T18:32:09.2624388Z remote: Counting objects:  94% (1641/1745)        
2022-06-21T18:32:09.2624665Z remote: Counting objects:  95% (1658/1745)        
2022-06-21T18:32:09.2624958Z remote: Counting objects:  96% (1676/1745)        
2022-06-21T18:32:09.2625251Z remote: Counting objects:  97% (1693/1745)        
2022-06-21T18:32:09.2625530Z remote: Counting objects:  98% (1711/1745)        
2022-06-21T18:32:09.2625820Z remote: Counting objects:  99% (1728/1745)        
2022-06-21T18:32:09.2626110Z remote: Counting objects: 100% (1745/1745)        
2022-06-21T18:32:09.2626417Z remote: Counting objects: 100% (1745/1745), done.        
2022-06-21T18:32:09.2626732Z remote: Compressing objects:   0% (1/1162)        
2022-06-21T18:32:09.2627118Z remote: Compressing objects:   1% (12/1162)        
2022-06-21T18:32:09.2627441Z remote: Compressing objects:   2% (24/1162)        
2022-06-21T18:32:09.2627741Z remote: Compressing objects:   3% (35/1162)        
2022-06-21T18:32:09.2628048Z remote: Compressing objects:   4% (47/1162)        
2022-06-21T18:32:09.2628357Z remote: Compressing objects:   5% (59/1162)        
2022-06-21T18:32:09.2628650Z remote: Compressing objects:   6% (70/1162)        
2022-06-21T18:32:09.2628956Z remote: Compressing objects:   7% (82/1162)        
2022-06-21T18:32:09.2629261Z remote: Compressing objects:   8% (93/1162)        
2022-06-21T18:32:09.2629573Z remote: Compressing objects:   9% (105/1162)        
2022-06-21T18:32:09.2629876Z remote: Compressing objects:  10% (117/1162)        
2022-06-21T18:32:09.2630191Z remote: Compressing objects:  11% (128/1162)        
2022-06-21T18:32:09.2630504Z remote: Compressing objects:  12% (140/1162)        
2022-06-21T18:32:09.2630798Z remote: Compressing objects:  13% (152/1162)        
2022-06-21T18:32:09.2631111Z remote: Compressing objects:  14% (163/1162)        
2022-06-21T18:32:09.2631419Z remote: Compressing objects:  15% (175/1162)        
2022-06-21T18:32:09.2631716Z remote: Compressing objects:  16% (186/1162)        
2022-06-21T18:32:09.2632022Z remote: Compressing objects:  17% (198/1162)        
2022-06-21T18:32:09.2632507Z remote: Compressing objects:  18% (210/1162)        
2022-06-21T18:32:09.2632832Z remote: Compressing objects:  19% (221/1162)        
2022-06-21T18:32:09.2633145Z remote: Compressing objects:  20% (233/1162)        
2022-06-21T18:32:09.2633473Z remote: Compressing objects:  21% (245/1162)        
2022-06-21T18:32:09.2633802Z remote: Compressing objects:  22% (256/1162)        
2022-06-21T18:32:09.2634114Z remote: Compressing objects:  23% (268/1162)        
2022-06-21T18:32:09.2634439Z remote: Compressing objects:  24% (279/1162)        
2022-06-21T18:32:09.2634769Z remote: Compressing objects:  25% (291/1162)        
2022-06-21T18:32:09.2635086Z remote: Compressing objects:  26% (303/1162)        
2022-06-21T18:32:09.2635416Z remote: Compressing objects:  27% (314/1162)        
2022-06-21T18:32:09.2635812Z remote: Compressing objects:  28% (326/1162)        
2022-06-21T18:32:09.2636126Z remote: Compressing objects:  29% (337/1162)        
2022-06-21T18:32:09.2636451Z remote: Compressing objects:  30% (349/1162)        
2022-06-21T18:32:09.2636778Z remote: Compressing objects:  31% (361/1162)        
2022-06-21T18:32:09.2637106Z remote: Compressing objects:  32% (372/1162)        
2022-06-21T18:32:09.2637418Z remote: Compressing objects:  33% (384/1162)        
2022-06-21T18:32:09.2637743Z remote: Compressing objects:  34% (396/1162)        
2022-06-21T18:32:09.2638071Z remote: Compressing objects:  35% (407/1162)        
2022-06-21T18:32:09.2638380Z remote: Compressing objects:  36% (419/1162)        
2022-06-21T18:32:09.2638705Z remote: Compressing objects:  37% (430/1162)        
2022-06-21T18:32:09.2639030Z remote: Compressing objects:  38% (442/1162)        
2022-06-21T18:32:09.2639345Z remote: Compressing objects:  39% (454/1162)        
2022-06-21T18:32:09.2639669Z remote: Compressing objects:  40% (465/1162)        
2022-06-21T18:32:09.2639998Z remote: Compressing objects:  41% (477/1162)        
2022-06-21T18:32:09.2640436Z remote: Compressing objects:  42% (489/1162)        
2022-06-21T18:32:09.2640725Z remote: Compressing objects:  43% (500/1162)        
2022-06-21T18:32:09.2641027Z remote: Compressing objects:  44% (512/1162)        
2022-06-21T18:32:09.2642210Z remote: Compressing objects:  45% (523/1162)        
2022-06-21T18:32:09.2642882Z remote: Compressing objects:  46% (535/1162)        
2022-06-21T18:32:09.2643194Z remote: Compressing objects:  47% (547/1162)        
2022-06-21T18:32:09.2643679Z remote: Compressing objects:  48% (558/1162)        
2022-06-21T18:32:09.2644005Z remote: Compressing objects:  49% (570/1162)        
2022-06-21T18:32:09.2644316Z remote: Compressing objects:  50% (581/1162)        
2022-06-21T18:32:09.2644874Z remote: Compressing objects:  51% (593/1162)        
2022-06-21T18:32:09.2645186Z remote: Compressing objects:  52% (605/1162)        
2022-06-21T18:32:09.2645478Z remote: Compressing objects:  53% (616/1162)        
2022-06-21T18:32:09.2645782Z remote: Compressing objects:  54% (628/1162)        
2022-06-21T18:32:09.2646087Z remote: Compressing objects:  55% (640/1162)        
2022-06-21T18:32:09.2646375Z remote: Compressing objects:  56% (651/1162)        
2022-06-21T18:32:09.2646680Z remote: Compressing objects:  57% (663/1162)        
2022-06-21T18:32:09.2646984Z remote: Compressing objects:  58% (674/1162)        
2022-06-21T18:32:09.2647289Z remote: Compressing objects:  59% (686/1162)        
2022-06-21T18:32:09.2647578Z remote: Compressing objects:  60% (698/1162)        
2022-06-21T18:32:09.2647881Z remote: Compressing objects:  61% (709/1162)        
2022-06-21T18:32:09.2648184Z remote: Compressing objects:  62% (721/1162)        
2022-06-21T18:32:09.2648472Z remote: Compressing objects:  63% (733/1162)        
2022-06-21T18:32:09.2648781Z remote: Compressing objects:  64% (744/1162)        
2022-06-21T18:32:09.2649084Z remote: Compressing objects:  65% (756/1162)        
2022-06-21T18:32:09.2649376Z remote: Compressing objects:  66% (767/1162)        
2022-06-21T18:32:09.2649678Z remote: Compressing objects:  67% (779/1162)        
2022-06-21T18:32:09.2649980Z remote: Compressing objects:  68% (791/1162)        
2022-06-21T18:32:09.2650282Z remote: Compressing objects:  69% (802/1162)        
2022-06-21T18:32:09.2650567Z remote: Compressing objects:  70% (814/1162)        
2022-06-21T18:32:09.2650870Z remote: Compressing objects:  71% (826/1162)        
2022-06-21T18:32:09.2651172Z remote: Compressing objects:  72% (837/1162)        
2022-06-21T18:32:09.2651458Z remote: Compressing objects:  73% (849/1162)        
2022-06-21T18:32:09.2651759Z remote: Compressing objects:  74% (860/1162)        
2022-06-21T18:32:09.2652061Z remote: Compressing objects:  75% (872/1162)        
2022-06-21T18:32:09.2652352Z remote: Compressing objects:  76% (884/1162)        
2022-06-21T18:32:09.2652656Z remote: Compressing objects:  77% (895/1162)        
2022-06-21T18:32:09.2653028Z remote: Compressing objects:  78% (907/1162)        
2022-06-21T18:32:09.2653316Z remote: Compressing objects:  79% (918/1162)        
2022-06-21T18:32:09.2653618Z remote: Compressing objects:  80% (930/1162)        
2022-06-21T18:32:09.2653920Z remote: Compressing objects:  81% (942/1162)        
2022-06-21T18:32:09.2654752Z remote: Compressing objects:  82% (953/1162)        
2022-06-21T18:32:09.2655047Z remote: Compressing objects:  83% (965/1162)        
2022-06-21T18:32:09.2655352Z remote: Compressing objects:  84% (977/1162)        
2022-06-21T18:32:09.2655658Z remote: Compressing objects:  85% (988/1162)        
2022-06-21T18:32:09.2655953Z remote: Compressing objects:  86% (1000/1162)        
2022-06-21T18:32:09.2656266Z remote: Compressing objects:  87% (1011/1162)        
2022-06-21T18:32:09.2656581Z remote: Compressing objects:  88% (1023/1162)        
2022-06-21T18:32:09.2656892Z remote: Compressing objects:  89% (1035/1162)        
2022-06-21T18:32:09.2657213Z remote: Compressing objects:  90% (1046/1162)        
2022-06-21T18:32:09.2657506Z remote: Compressing objects:  91% (1058/1162)        
2022-06-21T18:32:09.2657807Z remote: Compressing objects:  92% (1070/1162)        
2022-06-21T18:32:09.2658121Z remote: Compressing objects:  93% (1081/1162)        
2022-06-21T18:32:09.2658562Z remote: Compressing objects:  94% (1093/1162)        
2022-06-21T18:32:09.2658855Z remote: Compressing objects:  95% (1104/1162)        
2022-06-21T18:32:09.2659165Z remote: Compressing objects:  96% (1116/1162)        
2022-06-21T18:32:09.2659472Z remote: Compressing objects:  97% (1128/1162)        
2022-06-21T18:32:09.2659761Z remote: Compressing objects:  98% (1139/1162)        
2022-06-21T18:32:09.2660070Z remote: Compressing objects:  99% (1151/1162)        
2022-06-21T18:32:09.2660375Z remote: Compressing objects: 100% (1162/1162)        
2022-06-21T18:32:09.2660776Z remote: Compressing objects: 100% (1162/1162), done.        
2022-06-21T18:32:09.2705348Z Receiving objects:   0% (1/1745)
2022-06-21T18:32:09.2738114Z Receiving objects:   1% (18/1745)
2022-06-21T18:32:09.2740930Z Receiving objects:   2% (35/1745)
2022-06-21T18:32:09.2741465Z Receiving objects:   3% (53/1745)
2022-06-21T18:32:09.2743546Z Receiving objects:   4% (70/1745)
2022-06-21T18:32:09.2744081Z Receiving objects:   5% (88/1745)
2022-06-21T18:32:09.2746092Z Receiving objects:   6% (105/1745)
2022-06-21T18:32:09.2746636Z Receiving objects:   7% (123/1745)
2022-06-21T18:32:09.2748288Z Receiving objects:   8% (140/1745)
2022-06-21T18:32:09.2748818Z Receiving objects:   9% (158/1745)
2022-06-21T18:32:09.2750237Z Receiving objects:  10% (175/1745)
2022-06-21T18:32:09.2752947Z Receiving objects:  11% (192/1745)
2022-06-21T18:32:09.2753477Z Receiving objects:  12% (210/1745)
2022-06-21T18:32:09.2754404Z Receiving objects:  13% (227/1745)
2022-06-21T18:32:09.2760805Z Receiving objects:  14% (245/1745)
2022-06-21T18:32:09.2763503Z Receiving objects:  15% (262/1745)
2022-06-21T18:32:09.2766551Z Receiving objects:  16% (280/1745)
2022-06-21T18:32:09.2770006Z Receiving objects:  17% (297/1745)
2022-06-21T18:32:09.2772224Z Receiving objects:  18% (315/1745)
2022-06-21T18:32:09.2772537Z Receiving objects:  19% (332/1745)
2022-06-21T18:32:09.2774603Z Receiving objects:  20% (349/1745)
2022-06-21T18:32:09.2774895Z Receiving objects:  21% (367/1745)
2022-06-21T18:32:09.2776842Z Receiving objects:  22% (384/1745)
2022-06-21T18:32:09.2777146Z Receiving objects:  23% (402/1745)
2022-06-21T18:32:09.2786992Z Receiving objects:  24% (419/1745)
2022-06-21T18:32:09.2790879Z Receiving objects:  25% (437/1745)
2022-06-21T18:32:09.2792838Z Receiving objects:  26% (454/1745)
2022-06-21T18:32:09.2795065Z Receiving objects:  27% (472/1745)
2022-06-21T18:32:09.2797033Z Receiving objects:  28% (489/1745)
2022-06-21T18:32:09.2803905Z Receiving objects:  29% (507/1745)
2022-06-21T18:32:09.2806944Z Receiving objects:  30% (524/1745)
2022-06-21T18:32:09.2812369Z Receiving objects:  31% (541/1745)
2022-06-21T18:32:09.2814382Z Receiving objects:  32% (559/1745)
2022-06-21T18:32:09.2821586Z Receiving objects:  33% (576/1745)
2022-06-21T18:32:09.2824437Z Receiving objects:  34% (594/1745)
2022-06-21T18:32:09.2826523Z Receiving objects:  35% (611/1745)
2022-06-21T18:32:09.2826835Z Receiving objects:  36% (629/1745)
2022-06-21T18:32:09.2830066Z Receiving objects:  37% (646/1745)
2022-06-21T18:32:09.2832135Z Receiving objects:  38% (664/1745)
2022-06-21T18:32:09.2832457Z Receiving objects:  39% (681/1745)
2022-06-21T18:32:09.2839266Z Receiving objects:  40% (698/1745)
2022-06-21T18:32:09.2841433Z Receiving objects:  41% (716/1745)
2022-06-21T18:32:09.2843445Z Receiving objects:  42% (733/1745)
2022-06-21T18:32:09.2843755Z Receiving objects:  43% (751/1745)
2022-06-21T18:32:09.2844163Z Receiving objects:  44% (768/1745)
2022-06-21T18:32:09.2844574Z Receiving objects:  45% (786/1745)
2022-06-21T18:32:09.2847032Z Receiving objects:  46% (803/1745)
2022-06-21T18:32:09.2847370Z Receiving objects:  47% (821/1745)
2022-06-21T18:32:09.2855152Z Receiving objects:  48% (838/1745)
2022-06-21T18:32:09.2863370Z Receiving objects:  49% (856/1745)
2022-06-21T18:32:09.2865956Z Receiving objects:  50% (873/1745)
2022-06-21T18:32:09.2867875Z Receiving objects:  51% (890/1745)
2022-06-21T18:32:09.2875097Z Receiving objects:  52% (908/1745)
2022-06-21T18:32:09.2888226Z Receiving objects:  53% (925/1745)
2022-06-21T18:32:09.2891010Z Receiving objects:  54% (943/1745)
2022-06-21T18:32:09.2896017Z Receiving objects:  55% (960/1745)
2022-06-21T18:32:09.2898415Z Receiving objects:  56% (978/1745)
2022-06-21T18:32:09.2904057Z Receiving objects:  57% (995/1745)
2022-06-21T18:32:09.2906101Z Receiving objects:  58% (1013/1745)
2022-06-21T18:32:09.2907988Z Receiving objects:  59% (1030/1745)
2022-06-21T18:32:09.2914147Z Receiving objects:  60% (1047/1745)
2022-06-21T18:32:09.2917570Z Receiving objects:  61% (1065/1745)
2022-06-21T18:32:09.2920648Z Receiving objects:  62% (1082/1745)
2022-06-21T18:32:09.2925720Z Receiving objects:  63% (1100/1745)
2022-06-21T18:32:09.2929180Z Receiving objects:  64% (1117/1745)
2022-06-21T18:32:09.2931096Z Receiving objects:  65% (1135/1745)
2022-06-21T18:32:09.2933588Z Receiving objects:  66% (1152/1745)
2022-06-21T18:32:09.2935988Z Receiving objects:  67% (1170/1745)
2022-06-21T18:32:09.2941665Z Receiving objects:  68% (1187/1745)
2022-06-21T18:32:09.2944752Z Receiving objects:  69% (1205/1745)
2022-06-21T18:32:09.2946581Z Receiving objects:  70% (1222/1745)
2022-06-21T18:32:09.2948713Z Receiving objects:  71% (1239/1745)
2022-06-21T18:32:09.2949024Z Receiving objects:  72% (1257/1745)
2022-06-21T18:32:09.2950926Z Receiving objects:  73% (1274/1745)
2022-06-21T18:32:09.2952934Z Receiving objects:  74% (1292/1745)
2022-06-21T18:32:09.2954999Z Receiving objects:  75% (1309/1745)
2022-06-21T18:32:09.2955307Z Receiving objects:  76% (1327/1745)
2022-06-21T18:32:09.2957286Z Receiving objects:  77% (1344/1745)
2022-06-21T18:32:09.2959190Z Receiving objects:  78% (1362/1745)
2022-06-21T18:32:09.2964980Z Receiving objects:  79% (1379/1745)
2022-06-21T18:32:09.3306601Z Receiving objects:  80% (1396/1745)
2022-06-21T18:32:09.3309410Z Receiving objects:  81% (1414/1745)
2022-06-21T18:32:09.3315233Z Receiving objects:  82% (1431/1745)
2022-06-21T18:32:09.3318884Z Receiving objects:  83% (1449/1745)
2022-06-21T18:32:09.3322653Z Receiving objects:  84% (1466/1745)
2022-06-21T18:32:09.3324771Z Receiving objects:  85% (1484/1745)
2022-06-21T18:32:09.3328416Z Receiving objects:  86% (1501/1745)
2022-06-21T18:32:09.3333597Z Receiving objects:  87% (1519/1745)
2022-06-21T18:32:09.3340051Z Receiving objects:  88% (1536/1745)
2022-06-21T18:32:09.3345363Z Receiving objects:  89% (1554/1745)
2022-06-21T18:32:09.3350130Z Receiving objects:  90% (1571/1745)
2022-06-21T18:32:09.3352282Z Receiving objects:  91% (1588/1745)
2022-06-21T18:32:09.3354871Z Receiving objects:  92% (1606/1745)
2022-06-21T18:32:09.3357777Z Receiving objects:  93% (1623/1745)
2022-06-21T18:32:09.3359820Z Receiving objects:  94% (1641/1745)
2022-06-21T18:32:09.3362285Z Receiving objects:  95% (1658/1745)
2022-06-21T18:32:09.3368429Z Receiving objects:  96% (1676/1745)
2022-06-21T18:32:09.3672539Z Receiving objects:  97% (1693/1745)
2022-06-21T18:32:09.3709090Z Receiving objects:  98% (1711/1745)
2022-06-21T18:32:09.3773810Z Receiving objects:  99% (1728/1745)
2022-06-21T18:32:09.3774829Z remote: Total 1745 (delta 326), reused 1242 (delta 263), pack-reused 0        
2022-06-21T18:32:09.3783695Z Receiving objects: 100% (1745/1745)
2022-06-21T18:32:09.3784336Z Receiving objects: 100% (1745/1745), 2.34 MiB | 21.59 MiB/s, done.
2022-06-21T18:32:09.3788828Z Resolving deltas:   0% (0/326)
2022-06-21T18:32:09.3789392Z Resolving deltas:   1% (4/326)
2022-06-21T18:32:09.3790340Z Resolving deltas:   2% (7/326)
2022-06-21T18:32:09.3790851Z Resolving deltas:   3% (10/326)
2022-06-21T18:32:09.3792572Z Resolving deltas:   4% (14/326)
2022-06-21T18:32:09.3793091Z Resolving deltas:   5% (17/326)
2022-06-21T18:32:09.3794012Z Resolving deltas:   6% (20/326)
2022-06-21T18:32:09.3794568Z Resolving deltas:   7% (23/326)
2022-06-21T18:32:09.3795471Z Resolving deltas:   8% (27/326)
2022-06-21T18:32:09.3795965Z Resolving deltas:   9% (30/326)
2022-06-21T18:32:09.3796817Z Resolving deltas:  10% (33/326)
2022-06-21T18:32:09.3797396Z Resolving deltas:  11% (36/326)
2022-06-21T18:32:09.3799054Z Resolving deltas:  12% (40/326)
2022-06-21T18:32:09.3799596Z Resolving deltas:  13% (43/326)
2022-06-21T18:32:09.3802812Z Resolving deltas:  14% (46/326)
2022-06-21T18:32:09.3804112Z Resolving deltas:  15% (49/326)
2022-06-21T18:32:09.3807193Z Resolving deltas:  16% (53/326)
2022-06-21T18:32:09.3809798Z Resolving deltas:  17% (56/326)
2022-06-21T18:32:09.3811936Z Resolving deltas:  18% (59/326)
2022-06-21T18:32:09.3816363Z Resolving deltas:  19% (62/326)
2022-06-21T18:32:09.3816980Z Resolving deltas:  20% (66/326)
2022-06-21T18:32:09.3821746Z Resolving deltas:  21% (69/326)
2022-06-21T18:32:09.3828743Z Resolving deltas:  22% (72/326)
2022-06-21T18:32:09.3832266Z Resolving deltas:  23% (75/326)
2022-06-21T18:32:09.3832929Z Resolving deltas:  24% (79/326)
2022-06-21T18:32:09.3834628Z Resolving deltas:  25% (82/326)
2022-06-21T18:32:09.3836924Z Resolving deltas:  26% (85/326)
2022-06-21T18:32:09.3838403Z Resolving deltas:  27% (89/326)
2022-06-21T18:32:09.3840952Z Resolving deltas:  28% (92/326)
2022-06-21T18:32:09.3843196Z Resolving deltas:  29% (95/326)
2022-06-21T18:32:09.3844452Z Resolving deltas:  30% (98/326)
2022-06-21T18:32:09.3848036Z Resolving deltas:  31% (102/326)
2022-06-21T18:32:09.3848610Z Resolving deltas:  32% (105/326)
2022-06-21T18:32:09.3851430Z Resolving deltas:  33% (108/326)
2022-06-21T18:32:09.3851996Z Resolving deltas:  34% (111/326)
2022-06-21T18:32:09.3855549Z Resolving deltas:  35% (115/326)
2022-06-21T18:32:09.3856090Z Resolving deltas:  36% (118/326)
2022-06-21T18:32:09.3857563Z Resolving deltas:  37% (121/326)
2022-06-21T18:32:09.3858100Z Resolving deltas:  38% (124/326)
2022-06-21T18:32:09.3859183Z Resolving deltas:  39% (128/326)
2022-06-21T18:32:09.3859703Z Resolving deltas:  40% (131/326)
2022-06-21T18:32:09.3861193Z Resolving deltas:  41% (134/326)
2022-06-21T18:32:09.3861724Z Resolving deltas:  42% (137/326)
2022-06-21T18:32:09.3863323Z Resolving deltas:  43% (141/326)
2022-06-21T18:32:09.3863855Z Resolving deltas:  44% (144/326)
2022-06-21T18:32:09.3864756Z Resolving deltas:  45% (147/326)
2022-06-21T18:32:09.3865209Z Resolving deltas:  46% (150/326)
2022-06-21T18:32:09.3868641Z Resolving deltas:  47% (154/326)
2022-06-21T18:32:09.3869214Z Resolving deltas:  48% (157/326)
2022-06-21T18:32:09.3871676Z Resolving deltas:  49% (160/326)
2022-06-21T18:32:09.3872237Z Resolving deltas:  50% (163/326)
2022-06-21T18:32:09.3874012Z Resolving deltas:  51% (167/326)
2022-06-21T18:32:09.3874562Z Resolving deltas:  52% (170/326)
2022-06-21T18:32:09.3875957Z Resolving deltas:  53% (173/326)
2022-06-21T18:32:09.3876497Z Resolving deltas:  54% (177/326)
2022-06-21T18:32:09.3878833Z Resolving deltas:  55% (180/326)
2022-06-21T18:32:09.3879383Z Resolving deltas:  56% (183/326)
2022-06-21T18:32:09.3880717Z Resolving deltas:  57% (186/326)
2022-06-21T18:32:09.3881205Z Resolving deltas:  58% (190/326)
2022-06-21T18:32:09.3882861Z Resolving deltas:  59% (193/326)
2022-06-21T18:32:09.3883348Z Resolving deltas:  60% (196/326)
2022-06-21T18:32:09.3884153Z Resolving deltas:  61% (199/326)
2022-06-21T18:32:09.3884597Z Resolving deltas:  62% (203/326)
2022-06-21T18:32:09.3885582Z Resolving deltas:  63% (206/326)
2022-06-21T18:32:09.3886043Z Resolving deltas:  64% (209/326)
2022-06-21T18:32:09.3889231Z Resolving deltas:  65% (212/326)
2022-06-21T18:32:09.3889804Z Resolving deltas:  66% (216/326)
2022-06-21T18:32:09.3891681Z Resolving deltas:  67% (219/326)
2022-06-21T18:32:09.3892251Z Resolving deltas:  68% (222/326)
2022-06-21T18:32:09.3893113Z Resolving deltas:  69% (225/326)
2022-06-21T18:32:09.3893583Z Resolving deltas:  70% (229/326)
2022-06-21T18:32:09.3894480Z Resolving deltas:  71% (232/326)
2022-06-21T18:32:09.3895078Z Resolving deltas:  72% (235/326)
2022-06-21T18:32:09.3898871Z Resolving deltas:  73% (238/326)
2022-06-21T18:32:09.3899359Z Resolving deltas:  74% (242/326)
2022-06-21T18:32:09.3900234Z Resolving deltas:  75% (245/326)
2022-06-21T18:32:09.3900795Z Resolving deltas:  76% (248/326)
2022-06-21T18:32:09.3901626Z Resolving deltas:  77% (252/326)
2022-06-21T18:32:09.3902078Z Resolving deltas:  78% (255/326)
2022-06-21T18:32:09.3902890Z Resolving deltas:  79% (258/326)
2022-06-21T18:32:09.3903355Z Resolving deltas:  80% (261/326)
2022-06-21T18:32:09.3904165Z Resolving deltas:  81% (265/326)
2022-06-21T18:32:09.3904640Z Resolving deltas:  82% (268/326)
2022-06-21T18:32:09.3905461Z Resolving deltas:  83% (271/326)
2022-06-21T18:32:09.3906199Z Resolving deltas:  84% (274/326)
2022-06-21T18:32:09.3906942Z Resolving deltas:  85% (278/326)
2022-06-21T18:32:09.3907667Z Resolving deltas:  86% (281/326)
2022-06-21T18:32:09.3908440Z Resolving deltas:  87% (284/326)
2022-06-21T18:32:09.3909300Z Resolving deltas:  88% (287/326)
2022-06-21T18:32:09.3910315Z Resolving deltas:  89% (291/326)
2022-06-21T18:32:09.3911365Z Resolving deltas:  90% (294/326)
2022-06-21T18:32:09.3911648Z Resolving deltas:  91% (297/326)
2022-06-21T18:32:09.3911917Z Resolving deltas:  92% (300/326)
2022-06-21T18:32:09.3912191Z Resolving deltas:  93% (304/326)
2022-06-21T18:32:09.3912466Z Resolving deltas:  94% (307/326)
2022-06-21T18:32:09.3912731Z Resolving deltas:  95% (310/326)
2022-06-21T18:32:09.3918404Z Resolving deltas:  96% (313/326)
2022-06-21T18:32:09.3921615Z Resolving deltas:  97% (317/326)
2022-06-21T18:32:09.3925683Z Resolving deltas:  98% (320/326)
2022-06-21T18:32:09.4060756Z Resolving deltas:  99% (323/326)
2022-06-21T18:32:09.4061372Z Resolving deltas: 100% (326/326)
2022-06-21T18:32:09.4062140Z Resolving deltas: 100% (326/326), done.
2022-06-21T18:32:09.4276743Z From https://github.com/lerna/lerna
2022-06-21T18:32:09.4288482Z  * [new ref]         36b06300deb5c20ec8a09d152937e61db81fbdbb -> pull/3194/merge
2022-06-21T18:32:09.4301535Z ##[endgroup]
2022-06-21T18:32:09.4302438Z ##[group]Determining the checkout info
2022-06-21T18:32:09.4304082Z ##[endgroup]
2022-06-21T18:32:09.4304807Z ##[group]Checking out the ref
2022-06-21T18:32:09.4310233Z [command]/usr/bin/git checkout --progress --force refs/remotes/pull/3194/merge
2022-06-21T18:32:09.5301927Z Note: switching to 'refs/remotes/pull/3194/merge'.
2022-06-21T18:32:09.5302540Z 
2022-06-21T18:32:09.5302991Z You are in 'detached HEAD' state. You can look around, make experimental
2022-06-21T18:32:09.5304320Z changes and commit them, and you can discard any commits you make in this
2022-06-21T18:32:09.5305408Z state without impacting any branches by switching back to a branch.
2022-06-21T18:32:09.5306389Z 
2022-06-21T18:32:09.5306775Z If you want to create a new branch to retain commits you create, you may
2022-06-21T18:32:09.5308044Z do so (now or later) by using -c with the switch command. Example:
2022-06-21T18:32:09.5308478Z 
2022-06-21T18:32:09.5308796Z   git switch -c <new-branch-name>
2022-06-21T18:32:09.5309689Z 
2022-06-21T18:32:09.5310032Z Or undo this operation with:
2022-06-21T18:32:09.5310879Z 
2022-06-21T18:32:09.5311177Z   git switch -
2022-06-21T18:32:09.5312192Z 
2022-06-21T18:32:09.5312618Z Turn off this advice by setting config variable advice.detachedHead to false
2022-06-21T18:32:09.5313664Z 
2022-06-21T18:32:09.5314133Z HEAD is now at 36b0630 Merge d3c5f7d15fd6e85a5b975a7c08c339b0a76d5e82 into cdce26fe33add0667f544ff9925cc7ad563a1f83
2022-06-21T18:32:09.5315783Z ##[endgroup]
2022-06-21T18:32:09.5369595Z [command]/usr/bin/git log -1 --format='%H'
2022-06-21T18:32:09.5401853Z '36b06300deb5c20ec8a09d152937e61db81fbdbb'
2022-06-21T18:32:09.5770364Z ##[group]Run git config --global user.email test@example.com
2022-06-21T18:32:09.5770887Z [36;1mgit config --global user.email test@example.com[0m
2022-06-21T18:32:09.5771253Z [36;1mgit config --global user.name "Tester McPerson"[0m
2022-06-21T18:32:09.5835288Z shell: /usr/bin/bash -e {0}
2022-06-21T18:32:09.5835596Z ##[endgroup]
2022-06-21T18:32:09.6261555Z Prepare all required actions
2022-06-21T18:32:09.6261961Z Getting action download info
2022-06-21T18:32:09.7762531Z Download action repository 'volta-cli/action@v1' (SHA:76620aa011ba56028bb0bae35caa5f9b6118c8c7)
2022-06-21T18:32:09.9672904Z Download action repository 'actions/cache@v3' (SHA:c3f1317a9e7b1ef106c153ac8c0f00fed3ddbc0d)
2022-06-21T18:32:10.1904516Z ##[group]Run ./.github/actions/install-node-and-dependencies
2022-06-21T18:32:10.1904849Z with:
2022-06-21T18:32:10.1905072Z ##[endgroup]
2022-06-21T18:32:10.2166836Z ##[group]Run volta-cli/action@v1
2022-06-21T18:32:10.2167114Z with:
2022-06-21T18:32:10.2167339Z ##[endgroup]
2022-06-21T18:32:10.5123334Z downloading volta@1.0.8
2022-06-21T18:32:10.8229063Z [command]/usr/bin/tar xz --warning=no-unknown-keyword -C /home/runner/work/_temp/cb3c011f-4e22-4183-ac71-5ad6b4c7540b/bin -f /home/runner/work/_temp/aea6b8a0-e314-4628-85ce-69f59a7aeb58
2022-06-21T18:32:11.3288705Z [command]/home/runner/work/_temp/cb3c011f-4e22-4183-ac71-5ad6b4c7540b/bin/volta setup
2022-06-21T18:32:11.4485686Z caching volta@1.0.8 into /opt/hostedtoolcache/volta/1.0.8/x64
2022-06-21T18:32:11.4486632Z adding /opt/hostedtoolcache/volta/1.0.8/x64/bin to $PATH
2022-06-21T18:32:11.4718195Z ##[group]Run echo "::set-output name=node_version::$(node --version)"
2022-06-21T18:32:11.4718628Z [36;1mecho "::set-output name=node_version::$(node --version)"[0m
2022-06-21T18:32:11.4718997Z [36;1mecho "::set-output name=dir::$(npm config get cache)"[0m
2022-06-21T18:32:11.4781868Z shell: /usr/bin/bash --noprofile --norc -e -o pipefail {0}
2022-06-21T18:32:11.4782204Z env:
2022-06-21T18:32:11.4782481Z   VOLTA_HOME: /opt/hostedtoolcache/volta/1.0.8/x64
2022-06-21T18:32:11.4782780Z ##[endgroup]
2022-06-21T18:32:13.5466288Z ##[group]Run actions/cache@v3
2022-06-21T18:32:13.5466535Z with:
2022-06-21T18:32:13.5466759Z   path: /home/runner/.npm
2022-06-21T18:32:13.5467164Z   key: Linux-node-v16.15.0-0d0d4f497a410a17debc78f1e29c6eef05ceed9c84b8ef808b18c63a7ba1bd19
2022-06-21T18:32:13.5467596Z   restore-keys: Linux-node-

2022-06-21T18:32:13.5467852Z env:
2022-06-21T18:32:13.5468101Z   VOLTA_HOME: /opt/hostedtoolcache/volta/1.0.8/x64
2022-06-21T18:32:13.5468385Z ##[endgroup]
2022-06-21T18:32:14.4534769Z Received 91686294 of 91686294 (100.0%), 156.4 MBs/sec
2022-06-21T18:32:14.4535864Z Cache Size: ~87 MB (91686294 B)
2022-06-21T18:32:14.4558248Z [command]/usr/bin/tar --use-compress-program zstd -d -xf /home/runner/work/_temp/871f9b33-ac22-4b58-9abb-17658bc1dae4/cache.tzst -P -C /home/runner/work/lerna/lerna
2022-06-21T18:32:14.7942226Z Cache restored successfully
2022-06-21T18:32:14.8379722Z 
2022-06-21T18:32:14.8383299Z Cache restored from key: Linux-node-v16.15.0-0d0d4f497a410a17debc78f1e29c6eef05ceed9c84b8ef808b18c63a7ba1bd19
2022-06-21T18:32:14.8563963Z ##[group]Run npm ci
2022-06-21T18:32:14.8564229Z [36;1mnpm ci[0m
2022-06-21T18:32:14.8623375Z shell: /usr/bin/bash --noprofile --norc -e -o pipefail {0}
2022-06-21T18:32:14.8623668Z env:
2022-06-21T18:32:14.8623951Z   VOLTA_HOME: /opt/hostedtoolcache/volta/1.0.8/x64
2022-06-21T18:32:14.8624217Z ##[endgroup]
2022-06-21T18:32:22.3600068Z npm WARN deprecated @types/ci-info@3.1.0: This is a stub types definition. ci-info provides its own type definitions, so you do not need this installed.
2022-06-21T18:32:22.7672740Z npm WARN deprecated request-promise-native@1.0.9: request-promise-native has been deprecated because it extends the now deprecated request package, see https://github.com/request/request/issues/3142
2022-06-21T18:32:22.8331402Z npm WARN deprecated urix@0.1.0: Please see https://github.com/lydell/urix#deprecated
2022-06-21T18:32:22.8675744Z npm WARN deprecated har-validator@5.1.5: this library is no longer supported
2022-06-21T18:32:23.0288309Z npm WARN deprecated resolve-url@0.2.1: https://github.com/lydell/resolve-url#deprecated
2022-06-21T18:32:23.5255632Z npm WARN deprecated uuid@3.4.0: Please upgrade  to version 7 or higher.  Older versions may use Math.random() in certain circumstances, which is known to be problematic.  See https://v8.dev/blog/math-random for details.
2022-06-21T18:32:23.5270044Z npm WARN deprecated uuid@3.4.0: Please upgrade  to version 7 or higher.  Older versions may use Math.random() in certain circumstances, which is known to be problematic.  See https://v8.dev/blog/math-random for details.
2022-06-21T18:32:23.5301206Z npm WARN deprecated uuid@3.4.0: Please upgrade  to version 7 or higher.  Older versions may use Math.random() in certain circumstances, which is known to be problematic.  See https://v8.dev/blog/math-random for details.
2022-06-21T18:32:23.6607706Z npm WARN deprecated request@2.88.0: request has been deprecated, see https://github.com/request/request/issues/3142
2022-06-21T18:32:23.6649052Z npm WARN deprecated request@2.88.2: request has been deprecated, see https://github.com/request/request/issues/3142
2022-06-21T18:32:27.5401857Z 
2022-06-21T18:32:27.5402902Z added 1659 packages, and audited 1754 packages in 12s
2022-06-21T18:32:27.5403723Z 
2022-06-21T18:32:27.5404150Z 131 packages are looking for funding
2022-06-21T18:32:27.5404884Z   run `npm fund` for details
2022-06-21T18:32:27.5439583Z 
2022-06-21T18:32:27.5439965Z 2 high severity vulnerabilities
2022-06-21T18:32:27.5440569Z 
2022-06-21T18:32:27.5440896Z To address all issues, run:
2022-06-21T18:32:27.5441575Z   npm audit fix
2022-06-21T18:32:27.5441900Z 
2022-06-21T18:32:27.5442458Z Run `npm audit` for details.
2022-06-21T18:32:27.5910680Z ##[group]Run npm run e2e
2022-06-21T18:32:27.5910976Z [36;1mnpm run e2e[0m
2022-06-21T18:32:27.5971205Z shell: /usr/bin/bash -e {0}
2022-06-21T18:32:27.5971488Z env:
2022-06-21T18:32:27.5971786Z   VOLTA_HOME: /opt/hostedtoolcache/volta/1.0.8/x64
2022-06-21T18:32:27.5972094Z ##[endgroup]
2022-06-21T18:32:27.9595373Z 
2022-06-21T18:32:27.9602368Z > e2e
2022-06-21T18:32:27.9603226Z > npm run build && npx nx e2e @lerna/e2e
2022-06-21T18:32:27.9603930Z 
2022-06-21T18:32:28.3097946Z 
2022-06-21T18:32:28.3098860Z > build
2022-06-21T18:32:28.3099501Z > scripts/build.sh
2022-06-21T18:32:28.3101202Z 
2022-06-21T18:32:28.9921195Z lerna notice cli v5.1.4
2022-06-21T18:32:28.9945423Z lerna info ci enabled
2022-06-21T18:32:29.0764037Z lerna success found 62 packages
2022-06-21T18:32:29.3983474Z Successfully copied all 62 packages to ./dist
2022-06-21T18:32:30.5691027Z 
2022-06-21T18:32:30.5692493Z > nx run @lerna/e2e:e2e
2022-06-21T18:32:30.5693334Z 
2022-06-21T18:32:31.2151329Z npm WARN config This command does not support workspaces.
2022-06-21T18:32:31.2261437Z Updating the package versions in /home/runner/work/lerna/lerna/dist to use 999.9.9-e2e.0
2022-06-21T18:32:31.2262099Z 
2022-06-21T18:32:31.2263713Z Running npx lerna version 999.9.9-e2e.0 --exact --force-publish --no-git-tag-version --no-push --no-changelog --yes
2022-06-21T18:32:31.2264238Z 
2022-06-21T18:32:31.2647622Z 
2022-06-21T18:32:31.2648961Z > start-verdaccio
2022-06-21T18:32:31.2651962Z > verdaccio --config ./local-registry/config.yml --listen 4872
2022-06-21T18:32:31.2652489Z 
2022-06-21T18:32:32.5849254Z  [33mwarn [39m[37m[34m---[39m[37m config file  - [32m/home/runner/work/lerna/lerna/e2e/local-registry/config.yml[39m[37m[39m
2022-06-21T18:32:32.5949773Z (node:2058) Warning: deprecate: multiple logger configuration is deprecated, please check the migration guide.
2022-06-21T18:32:32.5951219Z (Use `node --trace-warnings ...` to show where the warning was created)
2022-06-21T18:32:32.6042500Z  [33mwarn [39m[37m[34m---[39m[37m Plugin successfully loaded: [32mverdaccio[39m[37m-[32mhtpasswd[39m[37m[39m
2022-06-21T18:32:32.6427833Z  [33mwarn [39m[37m[34m---[39m[37m http address - [32mhttp://localhost:4872/[39m[37m - [32mverdaccio/5.10.2[39m[37m[39m
2022-06-21T18:32:32.6572870Z lerna notice cli v5.1.4
2022-06-21T18:32:32.6613679Z lerna info ci enabled
2022-06-21T18:32:32.7216869Z lerna info current version 0.0.0
2022-06-21T18:32:32.7217521Z lerna notice FYI git repository validation has been skipped, please ensure your version bumps are correct
2022-06-21T18:32:32.7306574Z lerna WARN force-publish all packages
2022-06-21T18:32:32.7307028Z lerna info Assuming all packages changed
2022-06-21T18:32:32.7355903Z lerna WARN version Skipping working tree validation, proceed at your own risk
2022-06-21T18:32:32.7369829Z 
2022-06-21T18:32:32.7370370Z Changes:
2022-06-21T18:32:32.7373196Z  - @lerna/add: 5.1.4 => 999.9.9-e2e.0
2022-06-21T18:32:32.7373861Z  - @lerna/bootstrap: 5.1.4 => 999.9.9-e2e.0
2022-06-21T18:32:32.7375084Z  - @lerna/changed: 5.1.4 => 999.9.9-e2e.0
2022-06-21T18:32:32.7375551Z  - @lerna/clean: 5.1.4 => 999.9.9-e2e.0
2022-06-21T18:32:32.7375957Z  - @lerna/create: 5.1.4 => 999.9.9-e2e.0
2022-06-21T18:32:32.7376543Z  - @lerna/diff: 5.1.4 => 999.9.9-e2e.0
2022-06-21T18:32:32.7376863Z  - @lerna/exec: 5.1.4 => 999.9.9-e2e.0
2022-06-21T18:32:32.7377376Z  - @lerna/import: 5.1.4 => 999.9.9-e2e.0
2022-06-21T18:32:32.7377740Z  - @lerna/info: 5.1.4 => 999.9.9-e2e.0
2022-06-21T18:32:32.7378101Z  - @lerna/init: 5.1.4 => 999.9.9-e2e.0
2022-06-21T18:32:32.7378868Z  - @lerna/link: 5.1.4 => 999.9.9-e2e.0
2022-06-21T18:32:32.7379211Z  - @lerna/list: 5.1.4 => 999.9.9-e2e.0
2022-06-21T18:32:32.7379581Z  - @lerna/publish: 5.1.4 => 999.9.9-e2e.0
2022-06-21T18:32:32.7379944Z  - @lerna/run: 5.1.4 => 999.9.9-e2e.0
2022-06-21T18:32:32.7380323Z  - @lerna/version: 5.1.4 => 999.9.9-e2e.0
2022-06-21T18:32:32.7380737Z  - @lerna/child-process: 5.1.4 => 999.9.9-e2e.0
2022-06-21T18:32:32.7381408Z  - @lerna/cli: 5.1.4 => 999.9.9-e2e.0
2022-06-21T18:32:32.7381870Z  - @lerna/command: 5.1.4 => 999.9.9-e2e.0
2022-06-21T18:32:32.7382302Z  - @lerna/conventional-commits: 5.1.4 => 999.9.9-e2e.0
2022-06-21T18:32:32.7382739Z  - @lerna/filter-options: 5.1.4 => 999.9.9-e2e.0
2022-06-21T18:32:32.7384620Z  - @lerna/global-options: 5.1.4 => 999.9.9-e2e.0
2022-06-21T18:32:32.7385394Z  - lerna: 5.1.4 => 999.9.9-e2e.0
2022-06-21T18:32:32.7386110Z  - @lerna/otplease: 5.1.4 => 999.9.9-e2e.0
2022-06-21T18:32:32.7386876Z  - @lerna/package-graph: 5.1.4 => 999.9.9-e2e.0
2022-06-21T18:32:32.7387616Z  - @lerna/package: 5.1.4 => 999.9.9-e2e.0
2022-06-21T18:32:32.7388335Z  - @lerna/project: 5.1.4 => 999.9.9-e2e.0
2022-06-21T18:32:32.7389035Z  - @lerna/prompt: 5.1.4 => 999.9.9-e2e.0
2022-06-21T18:32:32.7389821Z  - @lerna/validation-error: 5.1.4 => 999.9.9-e2e.0
2022-06-21T18:32:32.7390668Z  - @lerna/check-working-tree: 5.1.4 => 999.9.9-e2e.0
2022-06-21T18:32:32.7391495Z  - @lerna/collect-uncommitted: 5.1.4 => 999.9.9-e2e.0
2022-06-21T18:32:32.7392321Z  - @lerna/collect-updates: 5.1.4 => 999.9.9-e2e.0
2022-06-21T18:32:32.7393115Z  - @lerna/create-symlink: 5.1.4 => 999.9.9-e2e.0
2022-06-21T18:32:32.7393888Z  - @lerna/describe-ref: 5.1.4 => 999.9.9-e2e.0
2022-06-21T18:32:32.7394670Z  - @lerna/filter-packages: 5.1.4 => 999.9.9-e2e.0
2022-06-21T18:32:32.7395521Z  - @lerna/get-npm-exec-opts: 5.1.4 => 999.9.9-e2e.0
2022-06-21T18:32:32.7396305Z  - @lerna/get-packed: 5.1.4 => 999.9.9-e2e.0
2022-06-21T18:32:32.7397119Z  - @lerna/github-client: 5.1.4 => 999.9.9-e2e.0
2022-06-21T18:32:32.7397635Z  - @lerna/gitlab-client: 5.1.4 => 999.9.9-e2e.0
2022-06-21T18:32:32.7398161Z  - @lerna/has-npm-version: 5.1.4 => 999.9.9-e2e.0
2022-06-21T18:32:32.7398661Z  - @lerna/listable: 5.1.4 => 999.9.9-e2e.0
2022-06-21T18:32:32.7399146Z  - @lerna/log-packed: 5.1.4 => 999.9.9-e2e.0
2022-06-21T18:32:32.7399985Z  - @lerna/map-to-registry: 5.1.4 => 999.9.9-e2e.0
2022-06-21T18:32:32.7400486Z  - @lerna/npm-conf: 5.1.4 => 999.9.9-e2e.0
2022-06-21T18:32:32.7400996Z  - @lerna/npm-dist-tag: 5.1.4 => 999.9.9-e2e.0
2022-06-21T18:32:32.7401508Z  - @lerna/npm-install: 5.1.4 => 999.9.9-e2e.0
2022-06-21T18:32:32.7402017Z  - @lerna/npm-publish: 5.1.4 => 999.9.9-e2e.0
2022-06-21T18:32:32.7402527Z  - @lerna/npm-run-script: 5.1.4 => 999.9.9-e2e.0
2022-06-21T18:32:32.7403020Z  - @lerna/output: 5.1.4 => 999.9.9-e2e.0
2022-06-21T18:32:32.7403529Z  - @lerna/pack-directory: 5.1.4 => 999.9.9-e2e.0
2022-06-21T18:32:32.7404135Z  - @lerna/prerelease-id-from-version: 5.1.4 => 999.9.9-e2e.0
2022-06-21T18:32:32.7404679Z  - @lerna/profiler: 5.1.4 => 999.9.9-e2e.0
2022-06-21T18:32:32.7405198Z  - @lerna/pulse-till-done: 5.1.4 => 999.9.9-e2e.0
2022-06-21T18:32:32.7405698Z  - @lerna/query-graph: 5.1.4 => 999.9.9-e2e.0
2022-06-21T18:32:32.7406221Z  - @lerna/resolve-symlink: 5.1.4 => 999.9.9-e2e.0
2022-06-21T18:32:32.7406731Z  - @lerna/rimraf-dir: 5.1.4 => 999.9.9-e2e.0
2022-06-21T18:32:32.7407244Z  - @lerna/run-lifecycle: 5.1.4 => 999.9.9-e2e.0
2022-06-21T18:32:32.7407782Z  - @lerna/run-topologically: 5.1.4 => 999.9.9-e2e.0
2022-06-21T18:32:32.7408303Z  - @lerna/symlink-binary: 5.1.4 => 999.9.9-e2e.0
2022-06-21T18:32:32.7408866Z  - @lerna/symlink-dependencies: 5.1.4 => 999.9.9-e2e.0
2022-06-21T18:32:32.7409397Z  - @lerna/temp-write: 5.1.4 => 999.9.9-e2e.0
2022-06-21T18:32:32.7409870Z  - @lerna/timer: 5.1.4 => 999.9.9-e2e.0
2022-06-21T18:32:32.7410377Z  - @lerna/write-log-file: 5.1.4 => 999.9.9-e2e.0
2022-06-21T18:32:32.7410611Z 
2022-06-21T18:32:32.7413133Z lerna info auto-confirmed 
2022-06-21T18:32:32.7414018Z lerna info execute Skipping git tag/commit
2022-06-21T18:32:32.7414839Z lerna info execute Skipping git push
2022-06-21T18:32:32.7415245Z lerna info execute Skipping releases
2022-06-21T18:32:32.9441266Z lerna success version finished
2022-06-21T18:32:32.9606339Z 
2022-06-21T18:32:32.9606934Z Publishing all relevant packages to http://localhost:4872/
2022-06-21T18:32:32.9607196Z 
2022-06-21T18:32:34.2356042Z lerna notice cli v5.1.4
2022-06-21T18:32:34.2379910Z lerna info ci enabled
2022-06-21T18:32:36.6656578Z 
2022-06-21T18:32:36.6658175Z Found 62 packages to publish:
2022-06-21T18:32:36.6659536Z  - @lerna/add => 999.9.9-e2e.0
2022-06-21T18:32:36.6660235Z  - @lerna/bootstrap => 999.9.9-e2e.0
2022-06-21T18:32:36.6660931Z  - @lerna/changed => 999.9.9-e2e.0
2022-06-21T18:32:36.6661594Z  - @lerna/clean => 999.9.9-e2e.0
2022-06-21T18:32:36.6662245Z  - @lerna/create => 999.9.9-e2e.0
2022-06-21T18:32:36.6662890Z  - @lerna/diff => 999.9.9-e2e.0
2022-06-21T18:32:36.6663520Z  - @lerna/exec => 999.9.9-e2e.0
2022-06-21T18:32:36.6664151Z  - @lerna/import => 999.9.9-e2e.0
2022-06-21T18:32:36.6664784Z  - @lerna/info => 999.9.9-e2e.0
2022-06-21T18:32:36.6665404Z  - @lerna/init => 999.9.9-e2e.0
2022-06-21T18:32:36.6666024Z  - @lerna/link => 999.9.9-e2e.0
2022-06-21T18:32:36.6666650Z  - @lerna/list => 999.9.9-e2e.0
2022-06-21T18:32:36.6667297Z  - @lerna/publish => 999.9.9-e2e.0
2022-06-21T18:32:36.6667937Z  - @lerna/run => 999.9.9-e2e.0
2022-06-21T18:32:36.6668574Z  - @lerna/version => 999.9.9-e2e.0
2022-06-21T18:32:36.6669299Z  - @lerna/child-process => 999.9.9-e2e.0
2022-06-21T18:32:36.6669960Z  - @lerna/cli => 999.9.9-e2e.0
2022-06-21T18:32:36.6670601Z  - @lerna/command => 999.9.9-e2e.0
2022-06-21T18:32:36.6671345Z  - @lerna/conventional-commits => 999.9.9-e2e.0
2022-06-21T18:32:36.6672126Z  - @lerna/filter-options => 999.9.9-e2e.0
2022-06-21T18:32:36.6672864Z  - @lerna/global-options => 999.9.9-e2e.0
2022-06-21T18:32:36.6673474Z  - lerna => 999.9.9-e2e.0
2022-06-21T18:32:36.6674129Z  - @lerna/otplease => 999.9.9-e2e.0
2022-06-21T18:32:36.6675672Z  - @lerna/package-graph => 999.9.9-e2e.0
2022-06-21T18:32:36.6676503Z  - @lerna/package => 999.9.9-e2e.0
2022-06-21T18:32:36.6679194Z  - @lerna/project => 999.9.9-e2e.0
2022-06-21T18:32:36.6679952Z  - @lerna/prompt => 999.9.9-e2e.0
2022-06-21T18:32:36.6680684Z  - @lerna/validation-error => 999.9.9-e2e.0
2022-06-21T18:32:36.6681882Z  - @lerna/check-working-tree => 999.9.9-e2e.0
2022-06-21T18:32:36.6684080Z  - @lerna/collect-uncommitted => 999.9.9-e2e.0
2022-06-21T18:32:36.6684933Z  - @lerna/collect-updates => 999.9.9-e2e.0
2022-06-21T18:32:36.6685683Z  - @lerna/create-symlink => 999.9.9-e2e.0
2022-06-21T18:32:36.6686409Z  - @lerna/describe-ref => 999.9.9-e2e.0
2022-06-21T18:32:36.6687215Z  - @lerna/filter-packages => 999.9.9-e2e.0
2022-06-21T18:32:36.6688004Z  - @lerna/get-npm-exec-opts => 999.9.9-e2e.0
2022-06-21T18:32:36.6688716Z  - @lerna/get-packed => 999.9.9-e2e.0
2022-06-21T18:32:36.6689441Z  - @lerna/github-client => 999.9.9-e2e.0
2022-06-21T18:32:36.6690204Z  - @lerna/gitlab-client => 999.9.9-e2e.0
2022-06-21T18:32:36.6690942Z  - @lerna/has-npm-version => 999.9.9-e2e.0
2022-06-21T18:32:36.6691642Z  - @lerna/listable => 999.9.9-e2e.0
2022-06-21T18:32:36.6692309Z  - @lerna/log-packed => 999.9.9-e2e.0
2022-06-21T18:32:36.6693050Z  - @lerna/map-to-registry => 999.9.9-e2e.0
2022-06-21T18:32:36.6693768Z  - @lerna/npm-conf => 999.9.9-e2e.0
2022-06-21T18:32:36.6694457Z  - @lerna/npm-dist-tag => 999.9.9-e2e.0
2022-06-21T18:32:36.6695152Z  - @lerna/npm-install => 999.9.9-e2e.0
2022-06-21T18:32:36.6695869Z  - @lerna/npm-publish => 999.9.9-e2e.0
2022-06-21T18:32:36.6696627Z  - @lerna/npm-run-script => 999.9.9-e2e.0
2022-06-21T18:32:36.6697310Z  - @lerna/output => 999.9.9-e2e.0
2022-06-21T18:32:36.6698119Z  - @lerna/pack-directory => 999.9.9-e2e.0
2022-06-21T18:32:36.6698946Z  - @lerna/prerelease-id-from-version => 999.9.9-e2e.0
2022-06-21T18:32:36.6699388Z  - @lerna/profiler => 999.9.9-e2e.0
2022-06-21T18:32:36.6699813Z  - @lerna/pulse-till-done => 999.9.9-e2e.0
2022-06-21T18:32:36.6700214Z  - @lerna/query-graph => 999.9.9-e2e.0
2022-06-21T18:32:36.6700637Z  - @lerna/resolve-symlink => 999.9.9-e2e.0
2022-06-21T18:32:36.6701162Z  - @lerna/rimraf-dir => 999.9.9-e2e.0
2022-06-21T18:32:36.6701582Z  - @lerna/run-lifecycle => 999.9.9-e2e.0
2022-06-21T18:32:36.6702654Z  - @lerna/run-topologically => 999.9.9-e2e.0
2022-06-21T18:32:36.6703211Z  - @lerna/symlink-binary => 999.9.9-e2e.0
2022-06-21T18:32:36.6703661Z  - @lerna/symlink-dependencies => 999.9.9-e2e.0
2022-06-21T18:32:36.6704085Z  - @lerna/temp-write => 999.9.9-e2e.0
2022-06-21T18:32:36.6704638Z  - @lerna/timer => 999.9.9-e2e.0
2022-06-21T18:32:36.6705060Z  - @lerna/write-log-file => 999.9.9-e2e.0
2022-06-21T18:32:36.6705255Z 
2022-06-21T18:32:36.6705535Z lerna info auto-confirmed 
2022-06-21T18:32:36.6713399Z lerna info publish Publishing packages to npm...
2022-06-21T18:32:36.6714231Z lerna notice Skipping all user and access validation due to third-party registry
2022-06-21T18:32:36.6715524Z lerna notice Make sure you're authenticated properly ¯\_(ツ)_/¯
2022-06-21T18:32:36.6853750Z lerna WARN ENOLICENSE Packages @lerna/add, @lerna/bootstrap, @lerna/changed, @lerna/clean, @lerna/create, @lerna/diff, @lerna/exec, @lerna/import, @lerna/info, @lerna/init, @lerna/link, @lerna/list, @lerna/publish, @lerna/run, @lerna/version, @lerna/child-process, @lerna/cli, @lerna/command, @lerna/conventional-commits, @lerna/filter-options, @lerna/global-options, lerna, @lerna/otplease, @lerna/package-graph, @lerna/package, @lerna/project, @lerna/prompt, @lerna/validation-error, @lerna/check-working-tree, @lerna/collect-uncommitted, @lerna/collect-updates, @lerna/create-symlink, @lerna/describe-ref, @lerna/filter-packages, @lerna/get-npm-exec-opts, @lerna/get-packed, @lerna/github-client, @lerna/gitlab-client, @lerna/has-npm-version, @lerna/listable, @lerna/log-packed, @lerna/map-to-registry, @lerna/npm-conf, @lerna/npm-dist-tag, @lerna/npm-install, @lerna/npm-publish, @lerna/npm-run-script, @lerna/output, @lerna/pack-directory, @lerna/prerelease-id-from-version, @lerna/profiler, @lerna/pulse-till-done, @lerna/query-graph, @lerna/resolve-symlink, @lerna/rimraf-dir, @lerna/run-lifecycle, @lerna/run-topologically, @lerna/symlink-binary, @lerna/symlink-dependencies, @lerna/temp-write, @lerna/timer, and @lerna/write-log-file are missing a license.
2022-06-21T18:32:36.6856434Z lerna WARN ENOLICENSE One way to fix this is to add a LICENSE.md file to the root of this repository.
2022-06-21T18:32:36.6857270Z lerna WARN ENOLICENSE See https://choosealicense.com for additional guidance.
2022-06-21T18:32:37.3739304Z lerna http fetch PUT 201 http://localhost:4872/@lerna%2fchild-process 40ms
2022-06-21T18:32:37.3753427Z lerna success published @lerna/child-process 999.9.9-e2e.0
2022-06-21T18:32:37.3757248Z lerna notice 
2022-06-21T18:32:37.3758017Z lerna notice 📦  @lerna/child-process@999.9.9-e2e.0
2022-06-21T18:32:37.3758535Z lerna notice === Tarball Contents === 
2022-06-21T18:32:37.3788963Z lerna notice 4.7kB index.js    
2022-06-21T18:32:37.3789479Z lerna notice 854B  package.json
2022-06-21T18:32:37.3790201Z lerna notice 5.7kB CHANGELOG.md
2022-06-21T18:32:37.3790657Z lerna notice 187B  README.md   
2022-06-21T18:32:37.3791407Z lerna notice === Tarball Details === 
2022-06-21T18:32:37.3809204Z lerna notice name:          @lerna/child-process                    
2022-06-21T18:32:37.3809972Z lerna notice version:       999.9.9-e2e.0                           
2022-06-21T18:32:37.3810748Z lerna notice filename:      lerna-child-process-999.9.9-e2e.0.tgz   
2022-06-21T18:32:37.3811381Z lerna notice package size:  3.8 kB                                  
2022-06-21T18:32:37.3812048Z lerna notice unpacked size: 11.4 kB                                 
2022-06-21T18:32:37.3812858Z lerna notice shasum:        3073810ac6cfb0aafa8af06ff23bc1b8c3cfdd29
2022-06-21T18:32:37.3813580Z lerna notice integrity:     sha512-6d8g7B6TpS/z8[...]G0rCXnEdvjitg==
2022-06-21T18:32:37.3814158Z lerna notice total files:   4                                       
2022-06-21T18:32:37.3814542Z lerna notice 
2022-06-21T18:32:37.3823239Z lerna http fetch PUT 201 http://localhost:4872/@lerna%2fglobal-options 41ms
2022-06-21T18:32:37.3827593Z lerna success published @lerna/global-options 999.9.9-e2e.0
2022-06-21T18:32:37.3828066Z lerna notice 
2022-06-21T18:32:37.3829022Z lerna notice 📦  @lerna/global-options@999.9.9-e2e.0
2022-06-21T18:32:37.3829558Z lerna notice === Tarball Contents === 
2022-06-21T18:32:37.3839828Z lerna notice 1.5kB index.js    
2022-06-21T18:32:37.3840324Z lerna notice 761B  package.json
2022-06-21T18:32:37.3840978Z lerna notice 4.9kB CHANGELOG.md
2022-06-21T18:32:37.3841416Z lerna notice 2.0kB README.md   
2022-06-21T18:32:37.3841857Z lerna notice === Tarball Details === 
2022-06-21T18:32:37.3852604Z lerna notice name:          @lerna/global-options                   
2022-06-21T18:32:37.3853315Z lerna notice version:       999.9.9-e2e.0                           
2022-06-21T18:32:37.3854007Z lerna notice filename:      lerna-global-options-999.9.9-e2e.0.tgz  
2022-06-21T18:32:37.3854593Z lerna notice package size:  3.5 kB                                  
2022-06-21T18:32:37.3855119Z lerna notice unpacked size: 9.1 kB                                  
2022-06-21T18:32:37.3855671Z lerna notice shasum:        3ed4f7c8c00b8bf8ed7474ac38ae7cac350da6ee
2022-06-21T18:32:37.3856365Z lerna notice integrity:     sha512-BqPh23hilscvl[...]z8H0qOfZQX9IQ==
2022-06-21T18:32:37.3856923Z lerna notice total files:   4                                       
2022-06-21T18:32:37.3857285Z lerna notice 
2022-06-21T18:32:37.4096801Z lerna http fetch PUT 201 http://localhost:4872/@lerna%2fpackage 21ms
2022-06-21T18:32:37.4101276Z lerna success published @lerna/package 999.9.9-e2e.0
2022-06-21T18:32:37.4101932Z lerna notice 
2022-06-21T18:32:37.4102560Z lerna notice 📦  @lerna/package@999.9.9-e2e.0
2022-06-21T18:32:37.4103062Z lerna notice === Tarball Contents === 
2022-06-21T18:32:37.4111255Z lerna notice 8.1kB index.js    
2022-06-21T18:32:37.4111778Z lerna notice 853B  package.json
2022-06-21T18:32:37.4112228Z lerna notice 6.8kB CHANGELOG.md
2022-06-21T18:32:37.4112687Z lerna notice 206B  README.md   
2022-06-21T18:32:37.4113716Z lerna notice === Tarball Details === 
2022-06-21T18:32:37.4122797Z lerna notice name:          @lerna/package                          
2022-06-21T18:32:37.4123717Z lerna notice version:       999.9.9-e2e.0                           
2022-06-21T18:32:37.4125367Z lerna notice filename:      lerna-package-999.9.9-e2e.0.tgz         
2022-06-21T18:32:37.4126043Z lerna notice package size:  5.4 kB                                  
2022-06-21T18:32:37.4128687Z lerna notice unpacked size: 16.0 kB                                 
2022-06-21T18:32:37.4129429Z lerna notice shasum:        34c548f5a6ffbe48568a17c24328653b148c297c
2022-06-21T18:32:37.4137127Z lerna notice integrity:     sha512-PwBoCwm+62oe9[...]37Yvu9C2wxKbA==
2022-06-21T18:32:37.4137910Z lerna notice total files:   4                                       
2022-06-21T18:32:37.4138920Z lerna notice 
2022-06-21T18:32:37.4139659Z lerna http fetch PUT 201 http://localhost:4872/@lerna%2fprompt 22ms
2022-06-21T18:32:37.4140687Z lerna success published @lerna/prompt 999.9.9-e2e.0
2022-06-21T18:32:37.4141195Z lerna notice 
2022-06-21T18:32:37.4144885Z lerna notice 📦  @lerna/prompt@999.9.9-e2e.0
2022-06-21T18:32:37.4145530Z lerna notice === Tarball Contents === 
2022-06-21T18:32:37.4149090Z lerna notice 1.9kB index.js    
2022-06-21T18:32:37.4149739Z lerna notice 788B  package.json
2022-06-21T18:32:37.4151016Z lerna notice 4.5kB CHANGELOG.md
2022-06-21T18:32:37.4151698Z lerna notice 183B  README.md   
2022-06-21T18:32:37.4152609Z lerna notice === Tarball Details === 
2022-06-21T18:32:37.4153551Z lerna notice name:          @lerna/prompt                           
2022-06-21T18:32:37.4154900Z lerna notice version:       999.9.9-e2e.0                           
2022-06-21T18:32:37.4155834Z lerna notice filename:      lerna-prompt-999.9.9-e2e.0.tgz          
2022-06-21T18:32:37.4157095Z lerna notice package size:  2.7 kB                                  
2022-06-21T18:32:37.4158441Z lerna notice unpacked size: 7.3 kB                                  
2022-06-21T18:32:37.4159600Z lerna notice shasum:        639dc7c85445ea694a22a12d62ab5adcd28f586e
2022-06-21T18:32:37.4160451Z lerna notice integrity:     sha512-VSccXCrcqfb87[...]9vrCsW1Z+a4yA==
2022-06-21T18:32:37.4161370Z lerna notice total files:   4                                       
2022-06-21T18:32:37.4161867Z lerna notice 
2022-06-21T18:32:37.4310939Z lerna http fetch PUT 201 http://localhost:4872/@lerna%2fvalidation-error 13ms
2022-06-21T18:32:37.4313270Z lerna success published @lerna/validation-error 999.9.9-e2e.0
2022-06-21T18:32:37.4314138Z lerna notice 
2022-06-21T18:32:37.4314858Z lerna notice 📦  @lerna/validation-error@999.9.9-e2e.0
2022-06-21T18:32:37.4317371Z lerna notice === Tarball Contents === 
2022-06-21T18:32:37.4318114Z lerna notice 359B  validation-error.js
2022-06-21T18:32:37.4319059Z lerna notice 803B  package.json       
2022-06-21T18:32:37.4319627Z lerna notice 3.9kB CHANGELOG.md       
2022-06-21T18:32:37.4320398Z lerna notice 193B  README.md          
2022-06-21T18:32:37.4320927Z lerna notice === Tarball Details === 
2022-06-21T18:32:37.4331077Z lerna notice name:          @lerna/validation-error                 
2022-06-21T18:32:37.4332277Z lerna notice version:       999.9.9-e2e.0                           
2022-06-21T18:32:37.4333388Z lerna notice filename:      lerna-validation-error-999.9.9-e2e.0.tgz
2022-06-21T18:32:37.4334427Z lerna notice package size:  2.1 kB                                  
2022-06-21T18:32:37.4335348Z lerna notice unpacked size: 5.3 kB                                  
2022-06-21T18:32:37.4336023Z lerna notice shasum:        2666d4482606dc2eedc001c54789a0dc597a40a6
2022-06-21T18:32:37.4337071Z lerna notice integrity:     sha512-uv+J4e0HMRGSC[...]AflcDnL43cEmQ==
2022-06-21T18:32:37.4348393Z lerna notice total files:   4                                       
2022-06-21T18:32:37.4351633Z lerna notice 
2022-06-21T18:32:37.4385902Z lerna http fetch PUT 201 http://localhost:4872/@lerna%2fcreate-symlink 20ms
2022-06-21T18:32:37.4387794Z lerna success published @lerna/create-symlink 999.9.9-e2e.0
2022-06-21T18:32:37.4388603Z lerna notice 
2022-06-21T18:32:37.4389303Z lerna notice 📦  @lerna/create-symlink@999.9.9-e2e.0
2022-06-21T18:32:37.4390059Z lerna notice === Tarball Contents === 
2022-06-21T18:32:37.4392570Z lerna notice 2.3kB create-symlink.js
2022-06-21T18:32:37.4393546Z lerna notice 849B  package.json     
2022-06-21T18:32:37.4394131Z lerna notice 5.5kB CHANGELOG.md     
2022-06-21T18:32:37.4394921Z lerna notice 191B  README.md        
2022-06-21T18:32:37.4395482Z lerna notice === Tarball Details === 
2022-06-21T18:32:37.4440052Z lerna notice name:          @lerna/create-symlink                   
2022-06-21T18:32:37.4444808Z lerna notice version:       999.9.9-e2e.0                           
2022-06-21T18:32:37.4446293Z lerna notice filename:      lerna-create-symlink-999.9.9-e2e.0.tgz  
2022-06-21T18:32:37.4447057Z lerna notice package size:  3.1 kB                                  
2022-06-21T18:32:37.4448356Z lerna notice unpacked size: 8.8 kB                                  
2022-06-21T18:32:37.4449134Z lerna notice shasum:        c15d7f6ae9e0e98973f00a5ebb46e25dc594a275
2022-06-21T18:32:37.4450583Z lerna notice integrity:     sha512-0KZaKYBUKeR8n[...]SEWFxIVcqCQFw==
2022-06-21T18:32:37.4451391Z lerna notice total files:   4                                       
2022-06-21T18:32:37.4452119Z lerna notice 
2022-06-21T18:32:37.4566540Z lerna http fetch PUT 201 http://localhost:4872/@lerna%2fget-npm-exec-opts 17ms
2022-06-21T18:32:37.4567363Z lerna success published @lerna/get-npm-exec-opts 999.9.9-e2e.0
2022-06-21T18:32:37.4567783Z lerna notice 
2022-06-21T18:32:37.4568825Z lerna notice 📦  @lerna/get-npm-exec-opts@999.9.9-e2e.0
2022-06-21T18:32:37.4569331Z lerna notice === Tarball Contents === 
2022-06-21T18:32:37.4570201Z lerna notice 378B  get-npm-exec-opts.js
2022-06-21T18:32:37.4570669Z lerna notice 809B  package.json        
2022-06-21T18:32:37.4571419Z lerna notice 4.1kB CHANGELOG.md        
2022-06-21T18:32:37.4571868Z lerna notice 194B  README.md           
2022-06-21T18:32:37.4572452Z lerna notice === Tarball Details === 
2022-06-21T18:32:37.4573266Z lerna notice name:          @lerna/get-npm-exec-opts                 
2022-06-21T18:32:37.4573924Z lerna notice version:       999.9.9-e2e.0                            
2022-06-21T18:32:37.4574623Z lerna notice filename:      lerna-get-npm-exec-opts-999.9.9-e2e.0.tgz
2022-06-21T18:32:37.4575387Z lerna notice package size:  2.2 kB                                   
2022-06-21T18:32:37.4575927Z lerna notice unpacked size: 5.5 kB                                   
2022-06-21T18:32:37.4576486Z lerna notice shasum:        c269aaf4f698cab3cbd8e4fbc8474b6ced57255c 
2022-06-21T18:32:37.4577173Z lerna notice integrity:     sha512-UXpY7dIKsvPDd[...]3Bj+0DBay0Q5w== 
2022-06-21T18:32:37.4577723Z lerna notice total files:   4                                        
2022-06-21T18:32:37.4578092Z lerna notice 
2022-06-21T18:32:37.4631568Z lerna http fetch PUT 201 http://localhost:4872/@lerna%2fget-packed 16ms
2022-06-21T18:32:37.4635249Z lerna success published @lerna/get-packed 999.9.9-e2e.0
2022-06-21T18:32:37.4635711Z lerna notice 
2022-06-21T18:32:37.4637054Z lerna notice 📦  @lerna/get-packed@999.9.9-e2e.0
2022-06-21T18:32:37.4637575Z lerna notice === Tarball Contents === 
2022-06-21T18:32:37.4643878Z lerna notice 1.7kB lib/get-packed.js
2022-06-21T18:32:37.4644410Z lerna notice 849B  package.json     
2022-06-21T18:32:37.4645049Z lerna notice 3.3kB CHANGELOG.md     
2022-06-21T18:32:37.4645744Z lerna notice 217B  README.md        
2022-06-21T18:32:37.4646223Z lerna notice === Tarball Details === 
2022-06-21T18:32:37.4654770Z lerna notice name:          @lerna/get-packed                       
2022-06-21T18:32:37.4655534Z lerna notice version:       999.9.9-e2e.0                           
2022-06-21T18:32:37.4656271Z lerna notice filename:      lerna-get-packed-999.9.9-e2e.0.tgz      
2022-06-21T18:32:37.4656890Z lerna notice package size:  2.6 kB                                  
2022-06-21T18:32:37.4657457Z lerna notice unpacked size: 6.1 kB                                  
2022-06-21T18:32:37.4658028Z lerna notice shasum:        649626a243b8280043860c89c1ebc4dc801c8f94
2022-06-21T18:32:37.4659032Z lerna notice integrity:     sha512-xdtWy8iExG7HN[...]xRjUZRk1e9tWQ==
2022-06-21T18:32:37.4659899Z lerna notice total files:   4                                       
2022-06-21T18:32:37.4660293Z lerna notice 
2022-06-21T18:32:37.4760441Z lerna http fetch PUT 201 http://localhost:4872/@lerna%2fgitlab-client 15ms
2022-06-21T18:32:37.4765264Z lerna success published @lerna/gitlab-client 999.9.9-e2e.0
2022-06-21T18:32:37.4765750Z lerna notice 
2022-06-21T18:32:37.4767372Z lerna notice 📦  @lerna/gitlab-client@999.9.9-e2e.0
2022-06-21T18:32:37.4767890Z lerna notice === Tarball Contents === 
2022-06-21T18:32:37.4776386Z lerna notice 1.2kB lib/GitLabClient.js
2022-06-21T18:32:37.4777066Z lerna notice 586B  index.js           
2022-06-21T18:32:37.4778669Z lerna notice 824B  package.json       
2022-06-21T18:32:37.4779478Z lerna notice 3.1kB CHANGELOG.md       
2022-06-21T18:32:37.4779951Z lerna notice 190B  README.md          
2022-06-21T18:32:37.4780431Z lerna notice === Tarball Details === 
2022-06-21T18:32:37.4790774Z lerna notice name:          @lerna/gitlab-client                    
2022-06-21T18:32:37.4791694Z lerna notice version:       999.9.9-e2e.0                           
2022-06-21T18:32:37.4792453Z lerna notice filename:      lerna-gitlab-client-999.9.9-e2e.0.tgz   
2022-06-21T18:32:37.4793085Z lerna notice package size:  2.6 kB                                  
2022-06-21T18:32:37.4793919Z lerna notice unpacked size: 5.9 kB                                  
2022-06-21T18:32:37.4794790Z lerna notice shasum:        44d690c753d9f062adaf8cfb148bb05a6c48377c
2022-06-21T18:32:37.4795546Z lerna notice integrity:     sha512-/sFNvysrTcR1y[...]nBHFm5rQ7C0QQ==
2022-06-21T18:32:37.4796137Z lerna notice total files:   5                                       
2022-06-21T18:32:37.4796531Z lerna notice 
2022-06-21T18:32:37.4853226Z lerna http fetch PUT 201 http://localhost:4872/@lerna%2flog-packed 15ms
2022-06-21T18:32:37.4857322Z lerna success published @lerna/log-packed 999.9.9-e2e.0
2022-06-21T18:32:37.4857763Z lerna notice 
2022-06-21T18:32:37.4859756Z lerna notice 📦  @lerna/log-packed@999.9.9-e2e.0
2022-06-21T18:32:37.4860264Z lerna notice === Tarball Contents === 
2022-06-21T18:32:37.4865012Z lerna notice 2.4kB lib/log-packed.js
2022-06-21T18:32:37.4865758Z lerna notice 864B  package.json     
2022-06-21T18:32:37.4866260Z lerna notice 4.2kB CHANGELOG.md     
2022-06-21T18:32:37.4867686Z lerna notice 511B  README.md        
2022-06-21T18:32:37.4868236Z lerna notice === Tarball Details === 
2022-06-21T18:32:37.4875260Z lerna notice name:          @lerna/log-packed                       
2022-06-21T18:32:37.4876005Z lerna notice version:       999.9.9-e2e.0                           
2022-06-21T18:32:37.4876731Z lerna notice filename:      lerna-log-packed-999.9.9-e2e.0.tgz      
2022-06-21T18:32:37.4878661Z lerna notice package size:  3.0 kB                                  
2022-06-21T18:32:37.4879239Z lerna notice unpacked size: 8.0 kB                                  
2022-06-21T18:32:37.4879824Z lerna notice shasum:        8a3664b9e356a476c902085885ac5dfd88aa4da3
2022-06-21T18:32:37.4880617Z lerna notice integrity:     sha512-mdE+4oqsWynRh[...]2SDlhFhDMEnVw==
2022-06-21T18:32:37.4881207Z lerna notice total files:   4                                       
2022-06-21T18:32:37.4881606Z lerna notice 
2022-06-21T18:32:37.4976098Z lerna http fetch PUT 201 http://localhost:4872/@lerna%2fmap-to-registry 14ms
2022-06-21T18:32:37.4979642Z lerna success published @lerna/map-to-registry 999.9.9-e2e.0
2022-06-21T18:32:37.4980088Z lerna notice 
2022-06-21T18:32:37.4981059Z lerna notice 📦  @lerna/map-to-registry@999.9.9-e2e.0
2022-06-21T18:32:37.4981542Z lerna notice === Tarball Contents === 
2022-06-21T18:32:37.4985660Z lerna notice 3.0kB lib/map-to-registry.js
2022-06-21T18:32:37.4986166Z lerna notice 963B  package.json          
2022-06-21T18:32:37.4986632Z lerna notice 3.0kB CHANGELOG.md          
2022-06-21T18:32:37.4987932Z lerna notice 687B  README.md             
2022-06-21T18:32:37.4988607Z lerna notice === Tarball Details === 
2022-06-21T18:32:37.5002110Z lerna notice name:          @lerna/map-to-registry                  
2022-06-21T18:32:37.5003121Z lerna notice version:       999.9.9-e2e.0                           
2022-06-21T18:32:37.5003868Z lerna notice filename:      lerna-map-to-registry-999.9.9-e2e.0.tgz 
2022-06-21T18:32:37.5004498Z lerna notice package size:  2.8 kB                                  
2022-06-21T18:32:37.5005069Z lerna notice unpacked size: 7.7 kB                                  
2022-06-21T18:32:37.5005662Z lerna notice shasum:        6b84b4d1bbb14f4f09e31982f014447c480aabbd
2022-06-21T18:32:37.5006385Z lerna notice integrity:     sha512-Z4eS9FQF5ZJzK[...]KEREMO0OxNlCA==
2022-06-21T18:32:37.5006969Z lerna notice total files:   4                                       
2022-06-21T18:32:37.5007356Z lerna notice 
2022-06-21T18:32:37.5061060Z lerna http fetch PUT 201 http://localhost:4872/@lerna%2fnpm-conf 14ms
2022-06-21T18:32:37.5064582Z lerna success published @lerna/npm-conf 999.9.9-e2e.0
2022-06-21T18:32:37.5065075Z lerna notice 
2022-06-21T18:32:37.5066885Z lerna notice 📦  @lerna/npm-conf@999.9.9-e2e.0
2022-06-21T18:32:37.5067404Z lerna notice === Tarball Contents === 
2022-06-21T18:32:37.5077963Z lerna notice 7.6kB lib/conf.js       
2022-06-21T18:32:37.5078475Z lerna notice 5.5kB lib/defaults.js   
2022-06-21T18:32:37.5079075Z lerna notice 651B  lib/env-replace.js
2022-06-21T18:32:37.5079606Z lerna notice 1.0kB lib/find-prefix.js
2022-06-21T18:32:37.5080244Z lerna notice 369B  lib/nerf-dart.js  
2022-06-21T18:32:37.5080697Z lerna notice 1.6kB lib/npm-conf.js   
2022-06-21T18:32:37.5081145Z lerna notice 1.5kB lib/parse-field.js
2022-06-21T18:32:37.5081538Z lerna notice 3.6kB lib/types.js      
2022-06-21T18:32:37.5082194Z lerna notice 891B  package.json      
2022-06-21T18:32:37.5082579Z lerna notice 4.4kB CHANGELOG.md      
2022-06-21T18:32:37.5083116Z lerna notice 207B  README.md         
2022-06-21T18:32:37.5083501Z lerna notice === Tarball Details === 
2022-06-21T18:32:37.5090777Z lerna notice name:          @lerna/npm-conf                         
2022-06-21T18:32:37.5091465Z lerna notice version:       999.9.9-e2e.0                           
2022-06-21T18:32:37.5092139Z lerna notice filename:      lerna-npm-conf-999.9.9-e2e.0.tgz        
2022-06-21T18:32:37.5092904Z lerna notice package size:  8.4 kB                                  
2022-06-21T18:32:37.5093449Z lerna notice unpacked size: 27.4 kB                                 
2022-06-21T18:32:37.5094000Z lerna notice shasum:        9a2a798acbe952d1dee151ac4a9c201b1e029041
2022-06-21T18:32:37.5094684Z lerna notice integrity:     sha512-TKa79kVl+eQpb[...]6xWNlFC93KxPg==
2022-06-21T18:32:37.5095238Z lerna notice total files:   11                                      
2022-06-21T18:32:37.5095592Z lerna notice 
2022-06-21T18:32:37.5187509Z lerna http fetch PUT 201 http://localhost:4872/@lerna%2foutput 15ms
2022-06-21T18:32:37.5190750Z lerna success published @lerna/output 999.9.9-e2e.0
2022-06-21T18:32:37.5191183Z lerna notice 
2022-06-21T18:32:37.5192147Z lerna notice 📦  @lerna/output@999.9.9-e2e.0
2022-06-21T18:32:37.5192624Z lerna notice === Tarball Contents === 
2022-06-21T18:32:37.5197242Z lerna notice 234B  output.js   
2022-06-21T18:32:37.5197704Z lerna notice 765B  package.json
2022-06-21T18:32:37.5198344Z lerna notice 3.6kB CHANGELOG.md
2022-06-21T18:32:37.5199004Z lerna notice 183B  README.md   
2022-06-21T18:32:37.5199383Z lerna notice === Tarball Details === 
2022-06-21T18:32:37.5221793Z lerna notice name:          @lerna/output                           
2022-06-21T18:32:37.5222473Z lerna notice version:       999.9.9-e2e.0                           
2022-06-21T18:32:37.5223073Z lerna notice filename:      lerna-output-999.9.9-e2e.0.tgz          
2022-06-21T18:32:37.5223569Z lerna notice package size:  2.0 kB                                  
2022-06-21T18:32:37.5224036Z lerna notice unpacked size: 4.8 kB                                  
2022-06-21T18:32:37.5225922Z lerna notice shasum:        dbda0b4bfb753b9100451f5a0ec6bdca8105be63
2022-06-21T18:32:37.5226667Z lerna notice integrity:     sha512-mO/W0C4UsCAzQ[...]/2Qm+6JzQxAYA==
2022-06-21T18:32:37.5227439Z lerna notice total files:   4                                       
2022-06-21T18:32:37.5227812Z lerna notice 
2022-06-21T18:32:37.5313189Z lerna http fetch PUT 201 http://localhost:4872/@lerna%2fprerelease-id-from-version 18ms
2022-06-21T18:32:37.5316265Z lerna success published @lerna/prerelease-id-from-version 999.9.9-e2e.0
2022-06-21T18:32:37.5316771Z lerna notice 
2022-06-21T18:32:37.5317745Z lerna notice 📦  @lerna/prerelease-id-from-version@999.9.9-e2e.0
2022-06-21T18:32:37.5319493Z lerna notice === Tarball Contents === 
2022-06-21T18:32:37.5324929Z lerna notice 282B  lib/prerelease-id-from-version.js
2022-06-21T18:32:37.5325497Z lerna notice 818B  package.json                     
2022-06-21T18:32:37.5325998Z lerna notice 3.3kB CHANGELOG.md                     
2022-06-21T18:32:37.5326474Z lerna notice 421B  README.md                        
2022-06-21T18:32:37.5326917Z lerna notice === Tarball Details === 
2022-06-21T18:32:37.5335916Z lerna notice name:          @lerna/prerelease-id-from-version                 
2022-06-21T18:32:37.5336821Z lerna notice version:       999.9.9-e2e.0                                     
2022-06-21T18:32:37.5337586Z lerna notice filename:      lerna-prerelease-id-from-version-999.9.9-e2e.0.tgz
2022-06-21T18:32:37.5338230Z lerna notice package size:  2.0 kB                                            
2022-06-21T18:32:37.5339215Z lerna notice unpacked size: 4.8 kB                                            
2022-06-21T18:32:37.5339996Z lerna notice shasum:        ffc1ae490d041d37694db9cb14f36bc58aa3633c          
2022-06-21T18:32:37.5340849Z lerna notice integrity:     sha512-5YU5rxqY1U/mx[...]51SMg0Y5MOFBg==          
2022-06-21T18:32:37.5341599Z lerna notice total files:   4                                                 
2022-06-21T18:32:37.5341993Z lerna notice 
2022-06-21T18:32:37.5420233Z lerna http fetch PUT 201 http://localhost:4872/@lerna%2fprofiler 13ms
2022-06-21T18:32:37.5424436Z lerna success published @lerna/profiler 999.9.9-e2e.0
2022-06-21T18:32:37.5424906Z lerna notice 
2022-06-21T18:32:37.5425965Z lerna notice 📦  @lerna/profiler@999.9.9-e2e.0
2022-06-21T18:32:37.5426692Z lerna notice === Tarball Contents === 
2022-06-21T18:32:37.5431721Z lerna notice 2.2kB profiler.js 
2022-06-21T18:32:37.5432191Z lerna notice 826B  package.json
2022-06-21T18:32:37.5432938Z lerna notice 3.2kB CHANGELOG.md
2022-06-21T18:32:37.5433357Z lerna notice 185B  README.md   
2022-06-21T18:32:37.5434071Z lerna notice === Tarball Details === 
2022-06-21T18:32:37.5443503Z lerna notice name:          @lerna/profiler                         
2022-06-21T18:32:37.5444317Z lerna notice version:       999.9.9-e2e.0                           
2022-06-21T18:32:37.5445066Z lerna notice filename:      lerna-profiler-999.9.9-e2e.0.tgz        
2022-06-21T18:32:37.5445689Z lerna notice package size:  2.8 kB                                  
2022-06-21T18:32:37.5446256Z lerna notice unpacked size: 6.3 kB                                  
2022-06-21T18:32:37.5446858Z lerna notice shasum:        88e7d96a5c8f296698a7d27b78778cb49a5b5f5a
2022-06-21T18:32:37.5447579Z lerna notice integrity:     sha512-vc/qtotyqXMCq[...]Y7GGcWKswkWFg==
2022-06-21T18:32:37.5448161Z lerna notice total files:   4                                       
2022-06-21T18:32:37.5448551Z lerna notice 
2022-06-21T18:32:37.5577549Z lerna http fetch PUT 201 http://localhost:4872/@lerna%2fpulse-till-done 19ms
2022-06-21T18:32:37.5578495Z lerna success published @lerna/pulse-till-done 999.9.9-e2e.0
2022-06-21T18:32:37.5578991Z lerna notice 
2022-06-21T18:32:37.5579901Z lerna notice 📦  @lerna/pulse-till-done@999.9.9-e2e.0
2022-06-21T18:32:37.5580424Z lerna notice === Tarball Contents === 
2022-06-21T18:32:37.5586529Z lerna notice 750B  pulse-till-done.js
2022-06-21T18:32:37.5587211Z lerna notice 801B  package.json      
2022-06-21T18:32:37.5587700Z lerna notice 3.3kB CHANGELOG.md      
2022-06-21T18:32:37.5588171Z lerna notice 320B  README.md         
2022-06-21T18:32:37.5588897Z lerna notice === Tarball Details === 
2022-06-21T18:32:37.5597822Z lerna notice name:          @lerna/pulse-till-done                  
2022-06-21T18:32:37.5598536Z lerna notice version:       999.9.9-e2e.0                           
2022-06-21T18:32:37.5599230Z lerna notice filename:      lerna-pulse-till-done-999.9.9-e2e.0.tgz 
2022-06-21T18:32:37.5599823Z lerna notice package size:  2.2 kB                                  
2022-06-21T18:32:37.5600353Z lerna notice unpacked size: 5.1 kB                                  
2022-06-21T18:32:37.5600959Z lerna notice shasum:        9bfbd6c3f59737fbf74cc9dfa05d0a6df3c2b9a5
2022-06-21T18:32:37.5601641Z lerna notice integrity:     sha512-MHzfjB25boTJ9[...]mEQx1BXyJTwug==
2022-06-21T18:32:37.5602191Z lerna notice total files:   4                                       
2022-06-21T18:32:37.5602554Z lerna notice 
2022-06-21T18:32:37.5822241Z lerna http fetch PUT 201 http://localhost:4872/@lerna%2fresolve-symlink 33ms
2022-06-21T18:32:37.5823100Z lerna success published @lerna/resolve-symlink 999.9.9-e2e.0
2022-06-21T18:32:37.5823545Z lerna notice 
2022-06-21T18:32:37.5824589Z lerna notice 📦  @lerna/resolve-symlink@999.9.9-e2e.0
2022-06-21T18:32:37.5825123Z lerna notice === Tarball Contents === 
2022-06-21T18:32:37.5831639Z lerna notice 1.2kB resolve-symlink.js
2022-06-21T18:32:37.5832189Z lerna notice 858B  package.json      
2022-06-21T18:32:37.5832673Z lerna notice 4.6kB CHANGELOG.md      
2022-06-21T18:32:37.5833140Z lerna notice 192B  README.md         
2022-06-21T18:32:37.5833604Z lerna notice === Tarball Details === 
2022-06-21T18:32:37.5842466Z lerna notice name:          @lerna/resolve-symlink                  
2022-06-21T18:32:37.5843229Z lerna notice version:       999.9.9-e2e.0                           
2022-06-21T18:32:37.5843970Z lerna notice filename:      lerna-resolve-symlink-999.9.9-e2e.0.tgz 
2022-06-21T18:32:37.5844599Z lerna notice package size:  2.6 kB                                  
2022-06-21T18:32:37.5845170Z lerna notice unpacked size: 6.9 kB                                  
2022-06-21T18:32:37.5845766Z lerna notice shasum:        2166e971b26b584d2668ce29c88f404c70a83414
2022-06-21T18:32:37.5846694Z lerna notice integrity:     sha512-6EsSOUDV3vP/C[...]VMMycGLEzhd4A==
2022-06-21T18:32:37.5847289Z lerna notice total files:   4                                       
2022-06-21T18:32:37.5847682Z lerna notice 
2022-06-21T18:32:37.6021477Z lerna http fetch PUT 201 http://localhost:4872/@lerna%2ftemp-write 35ms
2022-06-21T18:32:37.6030562Z lerna success published @lerna/temp-write 999.9.9-e2e.0
2022-06-21T18:32:37.6031049Z lerna notice 
2022-06-21T18:32:37.6031993Z lerna notice 📦  @lerna/temp-write@999.9.9-e2e.0
2022-06-21T18:32:37.6032511Z lerna notice === Tarball Contents === 
2022-06-21T18:32:37.6038409Z lerna notice 1.6kB lib/temp-write.js
2022-06-21T18:32:37.6038952Z lerna notice 770B  package.json     
2022-06-21T18:32:37.6039434Z lerna notice 895B  CHANGELOG.md     
2022-06-21T18:32:37.6039894Z lerna notice 242B  README.md        
2022-06-21T18:32:37.6040377Z lerna notice === Tarball Details === 
2022-06-21T18:32:37.6048541Z lerna notice name:          @lerna/temp-write                       
2022-06-21T18:32:37.6049289Z lerna notice version:       999.9.9-e2e.0                           
2022-06-21T18:32:37.6050026Z lerna notice filename:      lerna-temp-write-999.9.9-e2e.0.tgz      
2022-06-21T18:32:37.6050645Z lerna notice package size:  1.6 kB                                  
2022-06-21T18:32:37.6051292Z lerna notice unpacked size: 3.6 kB                                  
2022-06-21T18:32:37.6051888Z lerna notice shasum:        db1fccb6b1c73a774d03ccf07d616f4782eba9a7
2022-06-21T18:32:37.6052620Z lerna notice integrity:     sha512-lyDxQ2iLcCiO8[...]SMH6u7jfPhgNQ==
2022-06-21T18:32:37.6053491Z lerna notice total files:   4                                       
2022-06-21T18:32:37.6053996Z lerna notice 
2022-06-21T18:32:37.6081266Z lerna http fetch PUT 201 http://localhost:4872/@lerna%2ftimer 18ms
2022-06-21T18:32:37.6084962Z lerna success published @lerna/timer 999.9.9-e2e.0
2022-06-21T18:32:37.6085911Z lerna notice 
2022-06-21T18:32:37.6086617Z lerna notice 📦  @lerna/timer@999.9.9-e2e.0
2022-06-21T18:32:37.6087216Z lerna notice === Tarball Contents === 
2022-06-21T18:32:37.6092971Z lerna notice 233B  timer.js    
2022-06-21T18:32:37.6093674Z lerna notice 712B  package.json
2022-06-21T18:32:37.6094172Z lerna notice 2.7kB CHANGELOG.md
2022-06-21T18:32:37.6094706Z lerna notice 182B  README.md   
2022-06-21T18:32:37.6095256Z lerna notice === Tarball Details === 
2022-06-21T18:32:37.6104005Z lerna notice name:          @lerna/timer                            
2022-06-21T18:32:37.6105004Z lerna notice version:       999.9.9-e2e.0                           
2022-06-21T18:32:37.6105820Z lerna notice filename:      lerna-timer-999.9.9-e2e.0.tgz           
2022-06-21T18:32:37.6106520Z lerna notice package size:  1.8 kB                                  
2022-06-21T18:32:37.6107213Z lerna notice unpacked size: 3.8 kB                                  
2022-06-21T18:32:37.6108095Z lerna notice shasum:        5de1a37deff81ff30007d1f5bbb5cd46d1e765a2
2022-06-21T18:32:37.6108949Z lerna notice integrity:     sha512-+iw0iLFZb5idA[...]68bNvwIPw86Cw==
2022-06-21T18:32:37.6109658Z lerna notice total files:   4                                       
2022-06-21T18:32:37.6110206Z lerna notice 
2022-06-21T18:32:37.6242706Z lerna http fetch PUT 201 http://localhost:4872/@lerna%2fwrite-log-file 10ms
2022-06-21T18:32:37.6244272Z lerna success published @lerna/write-log-file 999.9.9-e2e.0
2022-06-21T18:32:37.6245250Z lerna notice 
2022-06-21T18:32:37.6246612Z lerna notice 📦  @lerna/write-log-file@999.9.9-e2e.0
2022-06-21T18:32:37.6248308Z lerna notice === Tarball Contents === 
2022-06-21T18:32:37.6256623Z lerna notice 775B  write-log-file.js
2022-06-21T18:32:37.6257241Z lerna notice 838B  package.json     
2022-06-21T18:32:37.6258002Z lerna notice 3.8kB CHANGELOG.md     
2022-06-21T18:32:37.6258811Z lerna notice 197B  README.md        
2022-06-21T18:32:37.6260619Z lerna notice === Tarball Details === 
2022-06-21T18:32:37.6282570Z lerna notice name:          @lerna/write-log-file                   
2022-06-21T18:32:37.6285090Z lerna notice version:       999.9.9-e2e.0                           
2022-06-21T18:32:37.6287694Z lerna notice filename:      lerna-write-log-file-999.9.9-e2e.0.tgz  
2022-06-21T18:32:37.6288991Z lerna notice package size:  2.3 kB                                  
2022-06-21T18:32:37.6291584Z lerna notice unpacked size: 5.6 kB                                  
2022-06-21T18:32:37.6292566Z lerna notice shasum:        143c0f06efec3e2b682102a9df7e5a831131d0d4
2022-06-21T18:32:37.6294542Z lerna notice integrity:     sha512-ePl9wkX4/tcCX[...]30xy36kIRMGvA==
2022-06-21T18:32:37.6298952Z lerna notice total files:   4                                       
2022-06-21T18:32:37.6299584Z lerna notice 
2022-06-21T18:32:37.6386522Z lerna http fetch PUT 201 http://localhost:4872/@lerna%2fcollect-uncommitted 19ms
2022-06-21T18:32:37.6421169Z lerna success published @lerna/collect-uncommitted 999.9.9-e2e.0
2022-06-21T18:32:37.6421808Z lerna notice 
2022-06-21T18:32:37.6424043Z lerna notice 📦  @lerna/collect-uncommitted@999.9.9-e2e.0
2022-06-21T18:32:37.6424489Z lerna notice === Tarball Contents === 
2022-06-21T18:32:37.6428861Z lerna notice 1.8kB lib/collect-uncommitted.js
2022-06-21T18:32:37.6429318Z lerna notice 986B  package.json              
2022-06-21T18:32:37.6429733Z lerna notice 3.8kB CHANGELOG.md              
2022-06-21T18:32:37.6430126Z lerna notice 619B  README.md                 
2022-06-21T18:32:37.6430504Z lerna notice === Tarball Details === 
2022-06-21T18:32:37.6436174Z lerna notice name:          @lerna/collect-uncommitted                 
2022-06-21T18:32:37.6436809Z lerna notice version:       999.9.9-e2e.0                              
2022-06-21T18:32:37.6437528Z lerna notice filename:      lerna-collect-uncommitted-999.9.9-e2e.0.tgz
2022-06-21T18:32:37.6438039Z lerna notice package size:  2.8 kB                                     
2022-06-21T18:32:37.6438690Z lerna notice unpacked size: 7.1 kB                                     
2022-06-21T18:32:37.6439159Z lerna notice shasum:        ee395d6478eb19a9dc888f0e6b159b615dd93f3c   
2022-06-21T18:32:37.6439775Z lerna notice integrity:     sha512-XFVln4lYLkyR3[...]C3RPidpDB9dYg==   
2022-06-21T18:32:37.6440246Z lerna notice total files:   4                                          
2022-06-21T18:32:37.6440511Z lerna notice 
2022-06-21T18:32:37.6657762Z lerna http fetch PUT 201 http://localhost:4872/@lerna%2fdescribe-ref 13ms
2022-06-21T18:32:37.6659077Z lerna success published @lerna/describe-ref 999.9.9-e2e.0
2022-06-21T18:32:37.6661863Z lerna notice 
2022-06-21T18:32:37.6662615Z lerna notice 📦  @lerna/describe-ref@999.9.9-e2e.0
2022-06-21T18:32:37.6663458Z lerna notice === Tarball Contents === 
2022-06-21T18:32:37.6664050Z lerna notice 3.4kB lib/describe-ref.js
2022-06-21T18:32:37.6664714Z lerna notice 854B  package.json       
2022-06-21T18:32:37.6665178Z lerna notice 5.4kB CHANGELOG.md       
2022-06-21T18:32:37.6667343Z lerna notice 817B  README.md          
2022-06-21T18:32:37.6667822Z lerna notice === Tarball Details === 
2022-06-21T18:32:37.6668740Z lerna notice name:          @lerna/describe-ref                     
2022-06-21T18:32:37.6669561Z lerna notice version:       999.9.9-e2e.0                           
2022-06-21T18:32:37.6670861Z lerna notice filename:      lerna-describe-ref-999.9.9-e2e.0.tgz    
2022-06-21T18:32:37.6671493Z lerna notice package size:  3.6 kB                                  
2022-06-21T18:32:37.6672572Z lerna notice unpacked size: 10.5 kB                                 
2022-06-21T18:32:37.6673134Z lerna notice shasum:        fa7bbdba44367f0047fb7e8bbccbfc0f308be8cb
2022-06-21T18:32:37.6674147Z lerna notice integrity:     sha512-gdeJqYZfzeTKv[...]u1G5xBWcEyLIQ==
2022-06-21T18:32:37.6674807Z lerna notice total files:   4                                       
2022-06-21T18:32:37.6675390Z lerna notice 
2022-06-21T18:32:37.6723534Z lerna http fetch PUT 201 http://localhost:4872/@lerna%2fgithub-client 16ms
2022-06-21T18:32:37.6725522Z lerna success published @lerna/github-client 999.9.9-e2e.0
2022-06-21T18:32:37.6726385Z lerna notice 
2022-06-21T18:32:37.6727321Z lerna notice 📦  @lerna/github-client@999.9.9-e2e.0
2022-06-21T18:32:37.6729636Z lerna notice === Tarball Contents === 
2022-06-21T18:32:37.6730417Z lerna notice 1.1kB lib/github-client.js
2022-06-21T18:32:37.6731257Z lerna notice 938B  package.json        
2022-06-21T18:32:37.6731825Z lerna notice 4.3kB CHANGELOG.md        
2022-06-21T18:32:37.6732610Z lerna notice 190B  README.md           
2022-06-21T18:32:37.6735316Z lerna notice === Tarball Details === 
2022-06-21T18:32:37.6736517Z lerna notice name:          @lerna/github-client                    
2022-06-21T18:32:37.6737329Z lerna notice version:       999.9.9-e2e.0                           
2022-06-21T18:32:37.6739211Z lerna notice filename:      lerna-github-client-999.9.9-e2e.0.tgz   
2022-06-21T18:32:37.6740231Z lerna notice package size:  2.5 kB                                  
2022-06-21T18:32:37.6741156Z lerna notice unpacked size: 6.6 kB                                  
2022-06-21T18:32:37.6741854Z lerna notice shasum:        a4ee818dcbfe91d68e79c0d1628b311ee0abebbc
2022-06-21T18:32:37.6743381Z lerna notice integrity:     sha512-Fsn6AwaW293Md[...]QvYVOwE3qHtdA==
2022-06-21T18:32:37.6744181Z lerna notice total files:   4                                       
2022-06-21T18:32:37.6744964Z lerna notice 
2022-06-21T18:32:37.6843001Z lerna http fetch PUT 201 http://localhost:4872/@lerna%2fhas-npm-version 14ms
2022-06-21T18:32:37.6845035Z lerna success published @lerna/has-npm-version 999.9.9-e2e.0
2022-06-21T18:32:37.6846004Z lerna notice 
2022-06-21T18:32:37.6846709Z lerna notice 📦  @lerna/has-npm-version@999.9.9-e2e.0
2022-06-21T18:32:37.6849448Z lerna notice === Tarball Contents === 
2022-06-21T18:32:37.6850269Z lerna notice 421B  lib/has-npm-version.js
2022-06-21T18:32:37.6851117Z lerna notice 853B  package.json          
2022-06-21T18:32:37.6851934Z lerna notice 4.1kB CHANGELOG.md          
2022-06-21T18:32:37.6855445Z lerna notice 453B  README.md             
2022-06-21T18:32:37.6856041Z lerna notice === Tarball Details === 
2022-06-21T18:32:37.6857120Z lerna notice name:          @lerna/has-npm-version                  
2022-06-21T18:32:37.6857867Z lerna notice version:       999.9.9-e2e.0                           
2022-06-21T18:32:37.6859302Z lerna notice filename:      lerna-has-npm-version-999.9.9-e2e.0.tgz 
2022-06-21T18:32:37.6860290Z lerna notice package size:  2.2 kB                                  
2022-06-21T18:32:37.6861132Z lerna notice unpacked size: 5.8 kB                                  
2022-06-21T18:32:37.6861761Z lerna notice shasum:        38cac7de64cc9bb69bf16118225ea998c0bd1140
2022-06-21T18:32:37.6862754Z lerna notice integrity:     sha512-rCxvpug8MarA7[...]bpyFLtC/Ec+DQ==
2022-06-21T18:32:37.6863684Z lerna notice total files:   4                                       
2022-06-21T18:32:37.6864358Z lerna notice 
2022-06-21T18:32:37.7019892Z lerna http fetch PUT 201 http://localhost:4872/@lerna%2frimraf-dir 24ms
2022-06-21T18:32:37.7021022Z lerna success published @lerna/rimraf-dir 999.9.9-e2e.0
2022-06-21T18:32:37.7023094Z lerna notice 
2022-06-21T18:32:37.7023888Z lerna notice 📦  @lerna/rimraf-dir@999.9.9-e2e.0
2022-06-21T18:32:37.7024734Z lerna notice === Tarball Contents === 
2022-06-21T18:32:37.7025432Z lerna notice 1.2kB rimraf-dir.js
2022-06-21T18:32:37.7026234Z lerna notice 923B  package.json 
2022-06-21T18:32:37.7028933Z lerna notice 6.0kB CHANGELOG.md 
2022-06-21T18:32:37.7029838Z lerna notice 345B  README.md    
2022-06-21T18:32:37.7030404Z lerna notice === Tarball Details === 
2022-06-21T18:32:37.7031478Z lerna notice name:          @lerna/rimraf-dir                       
2022-06-21T18:32:37.7032664Z lerna notice version:       999.9.9-e2e.0                           
2022-06-21T18:32:37.7034711Z lerna notice filename:      lerna-rimraf-dir-999.9.9-e2e.0.tgz      
2022-06-21T18:32:37.7036233Z lerna notice package size:  2.9 kB                                  
2022-06-21T18:32:37.7037906Z lerna notice unpacked size: 8.5 kB                                  
2022-06-21T18:32:37.7038949Z lerna notice shasum:        4c920ced174117ae40414580ffe5da2f734af791
2022-06-21T18:32:37.7040392Z lerna notice integrity:     sha512-nVqLZAVCOIck6[...]vW7wqtqbhlJVg==
2022-06-21T18:32:37.7041126Z lerna notice total files:   4                                       
2022-06-21T18:32:37.7041836Z lerna notice 
2022-06-21T18:32:37.7218480Z lerna http fetch PUT 201 http://localhost:4872/@lerna%2fcli 32ms
2022-06-21T18:32:37.7220868Z lerna success published @lerna/cli 999.9.9-e2e.0
2022-06-21T18:32:37.7221753Z lerna notice 
2022-06-21T18:32:37.7222450Z lerna notice 📦  @lerna/cli@999.9.9-e2e.0
2022-06-21T18:32:37.7224236Z lerna notice === Tarball Contents === 
2022-06-21T18:32:37.7224867Z lerna notice 1.6kB  index.js    
2022-06-21T18:32:37.7225646Z lerna notice 839B   package.json
2022-06-21T18:32:37.7226181Z lerna notice 13.6kB CHANGELOG.md
2022-06-21T18:32:37.7226952Z lerna notice 169B   README.md   
2022-06-21T18:32:37.7230527Z lerna notice === Tarball Details === 
2022-06-21T18:32:37.7231592Z lerna notice name:          @lerna/cli                              
2022-06-21T18:32:37.7232448Z lerna notice version:       999.9.9-e2e.0                           
2022-06-21T18:32:37.7233471Z lerna notice filename:      lerna-cli-999.9.9-e2e.0.tgz             
2022-06-21T18:32:37.7234690Z lerna notice package size:  4.6 kB                                  
2022-06-21T18:32:37.7236193Z lerna notice unpacked size: 16.2 kB                                 
2022-06-21T18:32:37.7236879Z lerna notice shasum:        37bfed4f500181e3c8f7ed7fee115157efe8b24f
2022-06-21T18:32:37.7238561Z lerna notice integrity:     sha512-IK+yqr68EUwMd[...]cveNRkyJeAW/g==
2022-06-21T18:32:37.7239393Z lerna notice total files:   4                                       
2022-06-21T18:32:37.7240203Z lerna notice 
2022-06-21T18:32:37.7300725Z lerna http fetch PUT 201 http://localhost:4872/@lerna%2fotplease 19ms
2022-06-21T18:32:37.7302062Z lerna success published @lerna/otplease 999.9.9-e2e.0
2022-06-21T18:32:37.7304380Z lerna notice 
2022-06-21T18:32:37.7305175Z lerna notice 📦  @lerna/otplease@999.9.9-e2e.0
2022-06-21T18:32:37.7306010Z lerna notice === Tarball Contents === 
2022-06-21T18:32:37.7306621Z lerna notice 3.9kB otplease.js 
2022-06-21T18:32:37.7307365Z lerna notice 805B  package.json
2022-06-21T18:32:37.7308024Z lerna notice 3.2kB CHANGELOG.md
2022-06-21T18:32:37.7310848Z lerna notice 150B  README.md   
2022-06-21T18:32:37.7311400Z lerna notice === Tarball Details === 
2022-06-21T18:32:37.7312271Z lerna notice name:          @lerna/otplease                         
2022-06-21T18:32:37.7313500Z lerna notice version:       999.9.9-e2e.0                           
2022-06-21T18:32:37.7315137Z lerna notice filename:      lerna-otplease-999.9.9-e2e.0.tgz        
2022-06-21T18:32:37.7315734Z lerna notice package size:  3.2 kB                                  
2022-06-21T18:32:37.7316989Z lerna notice unpacked size: 8.0 kB                                  
2022-06-21T18:32:37.7317894Z lerna notice shasum:        d63f815839a61e9bbe23e5b7a5acf6a345fe60cb
2022-06-21T18:32:37.7319008Z lerna notice integrity:     sha512-PxyrXFKdCwItr[...]7eIBkG1eCAeFQ==
2022-06-21T18:32:37.7320034Z lerna notice total files:   4                                       
2022-06-21T18:32:37.7321057Z lerna notice 
2022-06-21T18:32:37.7496211Z lerna http fetch PUT 201 http://localhost:4872/@lerna%2fconventional-commits 22ms
2022-06-21T18:32:37.7497206Z lerna success published @lerna/conventional-commits 999.9.9-e2e.0
2022-06-21T18:32:37.7498165Z lerna notice 
2022-06-21T18:32:37.7499467Z lerna notice 📦  @lerna/conventional-commits@999.9.9-e2e.0
2022-06-21T18:32:37.7500051Z lerna notice === Tarball Contents === 
2022-06-21T18:32:37.7561378Z lerna notice 425B   lib/constants.js              
2022-06-21T18:32:37.7562735Z lerna notice 3.9kB  lib/get-changelog-config.js   
2022-06-21T18:32:37.7563820Z lerna notice 648B   index.js                      
2022-06-21T18:32:37.7564986Z lerna notice 842B   lib/make-bump-only-filter.js  
2022-06-21T18:32:37.7566058Z lerna notice 1.2kB  lib/read-existing-changelog.js
2022-06-21T18:32:37.7567191Z lerna notice 3.4kB  lib/recommend-version.js      
2022-06-21T18:32:37.7568247Z lerna notice 3.0kB  lib/update-changelog.js       
2022-06-21T18:32:37.7568941Z lerna notice 1.2kB  package.json                  
2022-06-21T18:32:37.7569718Z lerna notice 11.7kB CHANGELOG.md                  
2022-06-21T18:32:37.7570262Z lerna notice 239B   README.md                     
2022-06-21T18:32:37.7570985Z lerna notice === Tarball Details === 
2022-06-21T18:32:37.7571727Z lerna notice name:          @lerna/conventional-commits                 
2022-06-21T18:32:37.7572689Z lerna notice version:       999.9.9-e2e.0                               
2022-06-21T18:32:37.7573478Z lerna notice filename:      lerna-conventional-commits-999.9.9-e2e.0.tgz
2022-06-21T18:32:37.7574360Z lerna notice package size:  8.0 kB                                      
2022-06-21T18:32:37.7576162Z lerna notice unpacked size: 26.5 kB                                     
2022-06-21T18:32:37.7578819Z lerna notice shasum:        e552126bfe7c63b888526f0f852c7c52193c039c    
2022-06-21T18:32:37.7579779Z lerna notice integrity:     sha512-+9fvmGpQfK9PT[...]8JCsKpzH7niJw==    
2022-06-21T18:32:37.7580779Z lerna notice total files:   10                                          
2022-06-21T18:32:37.7581229Z lerna notice 
2022-06-21T18:32:37.7582416Z lerna http fetch PUT 201 http://localhost:4872/@lerna%2fproject 23ms
2022-06-21T18:32:37.7586181Z lerna success published @lerna/project 999.9.9-e2e.0
2022-06-21T18:32:37.7587060Z lerna notice 
2022-06-21T18:32:37.7587738Z lerna notice 📦  @lerna/project@999.9.9-e2e.0
2022-06-21T18:32:37.7588613Z lerna notice === Tarball Contents === 
2022-06-21T18:32:37.7589299Z lerna notice 1.3kB  lib/apply-extends.js   
2022-06-21T18:32:37.7592997Z lerna notice 4.2kB  lib/deprecate-config.js
2022-06-21T18:32:37.7593877Z lerna notice 6.7kB  index.js               
2022-06-21T18:32:37.7594997Z lerna notice 2.6kB  lib/make-file-finder.js
2022-06-21T18:32:37.7596851Z lerna notice 592B   lib/shallow-extend.js  
2022-06-21T18:32:37.7597735Z lerna notice 1.1kB  package.json           
2022-06-21T18:32:37.7598327Z lerna notice 12.5kB CHANGELOG.md           
2022-06-21T18:32:37.7599116Z lerna notice 1.3kB  README.md              
2022-06-21T18:32:37.7599828Z lerna notice === Tarball Details === 
2022-06-21T18:32:37.7600671Z lerna notice name:          @lerna/project                          
2022-06-21T18:32:37.7601378Z lerna notice version:       999.9.9-e2e.0                           
2022-06-21T18:32:37.7602342Z lerna notice filename:      lerna-project-999.9.9-e2e.0.tgz         
2022-06-21T18:32:37.7603165Z lerna notice package size:  9.2 kB                                  
2022-06-21T18:32:37.7604031Z lerna notice unpacked size: 30.3 kB                                 
2022-06-21T18:32:37.7605260Z lerna notice shasum:        927888fc1fb31435ba110bed71cf3add53c3bd85
2022-06-21T18:32:37.7605902Z lerna notice integrity:     sha512-hNxZbDo327Xfm[...]Y2Giu7M2q0zqw==
2022-06-21T18:32:37.7606409Z lerna notice total files:   8                                       
2022-06-21T18:32:37.7606715Z lerna notice 
2022-06-21T18:32:37.8255121Z lerna http fetch PUT 201 http://localhost:4872/@lerna%2ffilter-packages 63ms
2022-06-21T18:32:37.8257587Z lerna success published @lerna/filter-packages 999.9.9-e2e.0
2022-06-21T18:32:37.8258710Z lerna notice 
2022-06-21T18:32:37.8259477Z lerna notice 📦  @lerna/filter-packages@999.9.9-e2e.0
2022-06-21T18:32:37.8262749Z lerna notice === Tarball Contents === 
2022-06-21T18:32:37.8263651Z lerna notice 2.2kB filter-packages.js
2022-06-21T18:32:37.8264494Z lerna notice 878B  package.json      
2022-06-21T18:32:37.8265063Z lerna notice 6.1kB CHANGELOG.md      
2022-06-21T18:32:37.8265849Z lerna notice 192B  README.md         
2022-06-21T18:32:37.8266403Z lerna notice === Tarball Details === 
2022-06-21T18:32:37.8270697Z lerna notice name:          @lerna/filter-packages                  
2022-06-21T18:32:37.8271502Z lerna notice version:       999.9.9-e2e.0                           
2022-06-21T18:32:37.8272723Z lerna notice filename:      lerna-filter-packages-999.9.9-e2e.0.tgz 
2022-06-21T18:32:37.8273433Z lerna notice package size:  3.3 kB                                  
2022-06-21T18:32:37.8274668Z lerna notice unpacked size: 9.4 kB                                  
2022-06-21T18:32:37.8275308Z lerna notice shasum:        92d2e850bee8b41a613bce404cc54b8703bfe706
2022-06-21T18:32:37.8276296Z lerna notice integrity:     sha512-hxzQ0ESGmrlHd[...]fuhu2veffmEEA==
2022-06-21T18:32:37.8277098Z lerna notice total files:   4                                       
2022-06-21T18:32:37.8277799Z lerna notice 
2022-06-21T18:32:37.8522612Z lerna http fetch PUT 201 http://localhost:4872/@lerna%2fsymlink-binary 39ms
2022-06-21T18:32:37.8523690Z lerna success published @lerna/symlink-binary 999.9.9-e2e.0
2022-06-21T18:32:37.8524372Z lerna notice 
2022-06-21T18:32:37.8525214Z lerna notice 📦  @lerna/symlink-binary@999.9.9-e2e.0
2022-06-21T18:32:37.8525993Z lerna notice === Tarball Contents === 
2022-06-21T18:32:37.8539105Z lerna notice 1.6kB symlink-binary.js
2022-06-21T18:32:37.8539711Z lerna notice 909B  package.json     
2022-06-21T18:32:37.8544030Z lerna notice 7.0kB CHANGELOG.md     
2022-06-21T18:32:37.8544628Z lerna notice 191B  README.md        
2022-06-21T18:32:37.8545436Z lerna notice === Tarball Details === 
2022-06-21T18:32:37.8550769Z lerna notice name:          @lerna/symlink-binary                   
2022-06-21T18:32:37.8551623Z lerna notice version:       999.9.9-e2e.0                           
2022-06-21T18:32:37.8552723Z lerna notice filename:      lerna-symlink-binary-999.9.9-e2e.0.tgz  
2022-06-21T18:32:37.8553860Z lerna notice package size:  3.1 kB                                  
2022-06-21T18:32:37.8554785Z lerna notice unpacked size: 9.7 kB                                  
2022-06-21T18:32:37.8555698Z lerna notice shasum:        0d0b459674c684d7e83a6095749ca17543ff93ce
2022-06-21T18:32:37.8556768Z lerna notice integrity:     sha512-srAelIjKyWgBp[...]ETc0yLYLFH6XQ==
2022-06-21T18:32:37.8557467Z lerna notice total files:   4                                       
2022-06-21T18:32:37.8558178Z lerna notice 
2022-06-21T18:32:37.8784784Z lerna http fetch PUT 201 http://localhost:4872/@lerna%2fnpm-install 18ms
2022-06-21T18:32:37.8793720Z lerna success published @lerna/npm-install 999.9.9-e2e.0
2022-06-21T18:32:37.8794678Z lerna notice 
2022-06-21T18:32:37.8795439Z lerna notice 📦  @lerna/npm-install@999.9.9-e2e.0
2022-06-21T18:32:37.8796282Z lerna notice === Tarball Contents === 
2022-06-21T18:32:37.8821604Z lerna notice 4.6kB npm-install.js
2022-06-21T18:32:37.8822610Z lerna notice 996B  package.json  
2022-06-21T18:32:37.8823200Z lerna notice 8.0kB CHANGELOG.md  
2022-06-21T18:32:37.8824045Z lerna notice 188B  README.md     
2022-06-21T18:32:37.8824604Z lerna notice === Tarball Details === 
2022-06-21T18:32:37.8825631Z lerna notice name:          @lerna/npm-install                      
2022-06-21T18:32:37.8826483Z lerna notice version:       999.9.9-e2e.0                           
2022-06-21T18:32:37.8827540Z lerna notice filename:      lerna-npm-install-999.9.9-e2e.0.tgz     
2022-06-21T18:32:37.8828264Z lerna notice package size:  4.5 kB                                  
2022-06-21T18:32:37.8829146Z lerna notice unpacked size: 13.8 kB                                 
2022-06-21T18:32:37.8829806Z lerna notice shasum:        76b485f0c7279f6cd1b57d06aee22285c372f8f5
2022-06-21T18:32:37.8830861Z lerna notice integrity:     sha512-A1WQrha+tUURA[...]8wTnyQRh2Mmvg==
2022-06-21T18:32:37.8831534Z lerna notice total files:   4                                       
2022-06-21T18:32:37.8832236Z lerna notice 
2022-06-21T18:32:37.8862906Z lerna http fetch PUT 201 http://localhost:4872/@lerna%2fnpm-run-script 22ms
2022-06-21T18:32:37.8864980Z lerna success published @lerna/npm-run-script 999.9.9-e2e.0
2022-06-21T18:32:37.8865862Z lerna notice 
2022-06-21T18:32:37.8866604Z lerna notice 📦  @lerna/npm-run-script@999.9.9-e2e.0
2022-06-21T18:32:37.8868922Z lerna notice === Tarball Contents === 
2022-06-21T18:32:37.8869925Z lerna notice 976B  npm-run-script.js
2022-06-21T18:32:37.8870785Z lerna notice 893B  package.json     
2022-06-21T18:32:37.8871356Z lerna notice 6.0kB CHANGELOG.md     
2022-06-21T18:32:37.8874366Z lerna notice 191B  README.md        
2022-06-21T18:32:37.8874964Z lerna notice === Tarball Details === 
2022-06-21T18:32:37.8876061Z lerna notice name:          @lerna/npm-run-script                   
2022-06-21T18:32:37.8876864Z lerna notice version:       999.9.9-e2e.0                           
2022-06-21T18:32:37.8877924Z lerna notice filename:      lerna-npm-run-script-999.9.9-e2e.0.tgz  
2022-06-21T18:32:37.8878640Z lerna notice package size:  2.7 kB                                  
2022-06-21T18:32:37.8879522Z lerna notice unpacked size: 8.1 kB                                  
2022-06-21T18:32:37.8880201Z lerna notice shasum:        901bb8b45724c409a672c74b8b255d33fc048ce5
2022-06-21T18:32:37.8881298Z lerna notice integrity:     sha512-/5nEYL/baRFQg[...]qLYVK8blBwkUw==
2022-06-21T18:32:37.8881931Z lerna notice total files:   4                                       
2022-06-21T18:32:37.8882582Z lerna notice 
2022-06-21T18:32:37.9005671Z lerna http fetch PUT 201 http://localhost:4872/@lerna%2frun-lifecycle 18ms
2022-06-21T18:32:37.9007655Z lerna success published @lerna/run-lifecycle 999.9.9-e2e.0
2022-06-21T18:32:37.9008524Z lerna notice 
2022-06-21T18:32:37.9009272Z lerna notice 📦  @lerna/run-lifecycle@999.9.9-e2e.0
2022-06-21T18:32:37.9011171Z lerna notice === Tarball Contents === 
2022-06-21T18:32:37.9011941Z lerna notice 5.0kB run-lifecycle.js
2022-06-21T18:32:37.9012850Z lerna notice 870B  package.json    
2022-06-21T18:32:37.9013395Z lerna notice 7.9kB CHANGELOG.md    
2022-06-21T18:32:37.9014110Z lerna notice 190B  README.md       
2022-06-21T18:32:37.9016318Z lerna notice === Tarball Details === 
2022-06-21T18:32:37.9017723Z lerna notice name:          @lerna/run-lifecycle                    
2022-06-21T18:32:37.9019101Z lerna notice version:       999.9.9-e2e.0                           
2022-06-21T18:32:37.9020188Z lerna notice filename:      lerna-run-lifecycle-999.9.9-e2e.0.tgz   
2022-06-21T18:32:37.9020917Z lerna notice package size:  4.7 kB                                  
2022-06-21T18:32:37.9021801Z lerna notice unpacked size: 13.9 kB                                 
2022-06-21T18:32:37.9022470Z lerna notice shasum:        8e210d3297a00cfc9977f2c88fabcf48dff2c974
2022-06-21T18:32:37.9023492Z lerna notice integrity:     sha512-bw+a2LZM+sA2q[...]UMNG+kzlvK34w==
2022-06-21T18:32:37.9024180Z lerna notice total files:   4                                       
2022-06-21T18:32:37.9024882Z lerna notice 
2022-06-21T18:32:37.9086136Z lerna http fetch PUT 201 http://localhost:4872/@lerna%2fpackage-graph 17ms
2022-06-21T18:32:37.9088120Z lerna success published @lerna/package-graph 999.9.9-e2e.0
2022-06-21T18:32:37.9089000Z lerna notice 
2022-06-21T18:32:37.9089815Z lerna notice 📦  @lerna/package-graph@999.9.9-e2e.0
2022-06-21T18:32:37.9090599Z lerna notice === Tarball Contents === 
2022-06-21T18:32:37.9093707Z lerna notice 3.2kB  lib/cyclic-package-graph-node.js
2022-06-21T18:32:37.9094670Z lerna notice 10.3kB index.js                        
2022-06-21T18:32:37.9095370Z lerna notice 1.6kB  lib/package-graph-node.js       
2022-06-21T18:32:37.9096279Z lerna notice 465B   lib/report-cycles.js            
2022-06-21T18:32:37.9098701Z lerna notice 979B   package.json                    
2022-06-21T18:32:37.9099617Z lerna notice 9.5kB  CHANGELOG.md                    
2022-06-21T18:32:37.9100190Z lerna notice 218B   README.md                       
2022-06-21T18:32:37.9100934Z lerna notice === Tarball Details === 
2022-06-21T18:32:37.9101751Z lerna notice name:          @lerna/package-graph                    
2022-06-21T18:32:37.9102704Z lerna notice version:       999.9.9-e2e.0                           
2022-06-21T18:32:37.9103481Z lerna notice filename:      lerna-package-graph-999.9.9-e2e.0.tgz   
2022-06-21T18:32:37.9104374Z lerna notice package size:  7.9 kB                                  
2022-06-21T18:32:37.9105168Z lerna notice unpacked size: 26.2 kB                                 
2022-06-21T18:32:37.9106033Z lerna notice shasum:        5a0c2dda44f644b5c73c9591663a4f0fa1c8a21c
2022-06-21T18:32:37.9106795Z lerna notice integrity:     sha512-R0luXzyevXqlY[...]mqar5IYGywJtA==
2022-06-21T18:32:37.9107641Z lerna notice total files:   7                                       
2022-06-21T18:32:37.9108089Z lerna notice 
2022-06-21T18:32:37.9284014Z lerna http fetch PUT 201 http://localhost:4872/@lerna%2fcheck-working-tree 22ms
2022-06-21T18:32:37.9314652Z lerna success published @lerna/check-working-tree 999.9.9-e2e.0
2022-06-21T18:32:37.9315171Z lerna notice 
2022-06-21T18:32:37.9316250Z lerna notice 📦  @lerna/check-working-tree@999.9.9-e2e.0
2022-06-21T18:32:37.9316749Z lerna notice === Tarball Contents === 
2022-06-21T18:32:37.9321795Z lerna notice 1.6kB lib/check-working-tree.js
2022-06-21T18:32:37.9322271Z lerna notice 949B  package.json             
2022-06-21T18:32:37.9322705Z lerna notice 5.0kB CHANGELOG.md             
2022-06-21T18:32:37.9323117Z lerna notice 517B  README.md                
2022-06-21T18:32:37.9323510Z lerna notice === Tarball Details === 
2022-06-21T18:32:37.9330981Z lerna notice name:          @lerna/check-working-tree                 
2022-06-21T18:32:37.9331747Z lerna notice version:       999.9.9-e2e.0                             
2022-06-21T18:32:37.9332506Z lerna notice filename:      lerna-check-working-tree-999.9.9-e2e.0.tgz
2022-06-21T18:32:37.9333147Z lerna notice package size:  2.7 kB                                    
2022-06-21T18:32:37.9333720Z lerna notice unpacked size: 8.1 kB                                    
2022-06-21T18:32:37.9334325Z lerna notice shasum:        e64a386aabf54c5e53d05ea43605b8e3fef62373  
2022-06-21T18:32:37.9335062Z lerna notice integrity:     sha512-qtsX4w6SI2FYz[...]oUy4EQ+1ubaqQ==  
2022-06-21T18:32:37.9335884Z lerna notice total files:   4                                         
2022-06-21T18:32:37.9336277Z lerna notice 
2022-06-21T18:32:37.9447570Z lerna http fetch PUT 201 http://localhost:4872/@lerna%2fcollect-updates 31ms
2022-06-21T18:32:37.9448418Z lerna success published @lerna/collect-updates 999.9.9-e2e.0
2022-06-21T18:32:37.9448855Z lerna notice 
2022-06-21T18:32:37.9449817Z lerna notice 📦  @lerna/collect-updates@999.9.9-e2e.0
2022-06-21T18:32:37.9450337Z lerna notice === Tarball Contents === 
2022-06-21T18:32:37.9480132Z lerna notice 1.4kB  lib/collect-dependents.js     
2022-06-21T18:32:37.9480852Z lerna notice 1.4kB  lib/collect-packages.js       
2022-06-21T18:32:37.9481569Z lerna notice 5.0kB  collect-updates.js            
2022-06-21T18:32:37.9482171Z lerna notice 906B   lib/get-packages-for-option.js
2022-06-21T18:32:37.9482761Z lerna notice 574B   lib/has-tags.js               
2022-06-21T18:32:37.9483337Z lerna notice 2.1kB  lib/make-diff-predicate.js    
2022-06-21T18:32:37.9483844Z lerna notice 953B   package.json                  
2022-06-21T18:32:37.9484299Z lerna notice 13.5kB CHANGELOG.md                  
2022-06-21T18:32:37.9484770Z lerna notice 192B   README.md                     
2022-06-21T18:32:37.9485221Z lerna notice === Tarball Details === 
2022-06-21T18:32:37.9493084Z lerna notice name:          @lerna/collect-updates                  
2022-06-21T18:32:37.9493789Z lerna notice version:       999.9.9-e2e.0                           
2022-06-21T18:32:37.9494481Z lerna notice filename:      lerna-collect-updates-999.9.9-e2e.0.tgz 
2022-06-21T18:32:37.9495069Z lerna notice package size:  7.7 kB                                  
2022-06-21T18:32:37.9495590Z lerna notice unpacked size: 25.9 kB                                 
2022-06-21T18:32:37.9496124Z lerna notice shasum:        60eff191c6275d855b831131f2c08383c6a45516
2022-06-21T18:32:37.9496796Z lerna notice integrity:     sha512-48qPE3a0KS447[...]vcJetNKHKgnLw==
2022-06-21T18:32:37.9497537Z lerna notice total files:   9                                       
2022-06-21T18:32:37.9497928Z lerna notice 
2022-06-21T18:32:37.9579549Z lerna http fetch PUT 201 http://localhost:4872/@lerna%2fnpm-dist-tag 20ms
2022-06-21T18:32:37.9580349Z lerna success published @lerna/npm-dist-tag 999.9.9-e2e.0
2022-06-21T18:32:37.9580934Z lerna notice 
2022-06-21T18:32:37.9581891Z lerna notice 📦  @lerna/npm-dist-tag@999.9.9-e2e.0
2022-06-21T18:32:37.9582405Z lerna notice === Tarball Contents === 
2022-06-21T18:32:37.9588050Z lerna notice 4.1kB npm-dist-tag.js
2022-06-21T18:32:37.9588582Z lerna notice 941B  package.json   
2022-06-21T18:32:37.9589044Z lerna notice 7.4kB CHANGELOG.md   
2022-06-21T18:32:37.9589500Z lerna notice 189B  README.md      
2022-06-21T18:32:37.9589963Z lerna notice === Tarball Details === 
2022-06-21T18:32:37.9597481Z lerna notice name:          @lerna/npm-dist-tag                     
2022-06-21T18:32:37.9598311Z lerna notice version:       999.9.9-e2e.0                           
2022-06-21T18:32:37.9599199Z lerna notice filename:      lerna-npm-dist-tag-999.9.9-e2e.0.tgz    
2022-06-21T18:32:37.9599829Z lerna notice package size:  3.9 kB                                  
2022-06-21T18:32:37.9600395Z lerna notice unpacked size: 12.7 kB                                 
2022-06-21T18:32:37.9600970Z lerna notice shasum:        d567f75ed4d0d4f112f94680b5b5a4b05349cf06
2022-06-21T18:32:37.9601695Z lerna notice integrity:     sha512-xlTVDiCyfhBkv[...]lRImFAbMPDWHQ==
2022-06-21T18:32:37.9602281Z lerna notice total files:   4                                       
2022-06-21T18:32:37.9602652Z lerna notice 
2022-06-21T18:32:37.9796915Z lerna http fetch PUT 201 http://localhost:4872/@lerna%2fsymlink-dependencies 17ms
2022-06-21T18:32:37.9797880Z lerna success published @lerna/symlink-dependencies 999.9.9-e2e.0
2022-06-21T18:32:37.9798307Z lerna notice 
2022-06-21T18:32:37.9799497Z lerna notice 📦  @lerna/symlink-dependencies@999.9.9-e2e.0
2022-06-21T18:32:37.9800030Z lerna notice === Tarball Contents === 
2022-06-21T18:32:37.9806075Z lerna notice 3.5kB symlink-dependencies.js
2022-06-21T18:32:37.9806649Z lerna notice 1.0kB package.json           
2022-06-21T18:32:37.9807164Z lerna notice 7.2kB CHANGELOG.md           
2022-06-21T18:32:37.9807646Z lerna notice 207B  README.md              
2022-06-21T18:32:37.9808114Z lerna notice === Tarball Details === 
2022-06-21T18:32:37.9816093Z lerna notice name:          @lerna/symlink-dependencies                 
2022-06-21T18:32:37.9816871Z lerna notice version:       999.9.9-e2e.0                               
2022-06-21T18:32:37.9817633Z lerna notice filename:      lerna-symlink-dependencies-999.9.9-e2e.0.tgz
2022-06-21T18:32:37.9818512Z lerna notice package size:  3.7 kB                                      
2022-06-21T18:32:37.9819092Z lerna notice unpacked size: 11.9 kB                                     
2022-06-21T18:32:37.9819687Z lerna notice shasum:        4ed37677bbd4214a97f7659b3183a6e41434e86e    
2022-06-21T18:32:37.9820444Z lerna notice integrity:     sha512-P2o1GIVeq34aY[...]LRA29q1qwgNDA==    
2022-06-21T18:32:37.9821039Z lerna notice total files:   4                                           
2022-06-21T18:32:37.9821445Z lerna notice 
2022-06-21T18:32:37.9894866Z lerna http fetch PUT 201 http://localhost:4872/@lerna%2fnpm-publish 22ms
2022-06-21T18:32:37.9899880Z lerna success published @lerna/npm-publish 999.9.9-e2e.0
2022-06-21T18:32:37.9900362Z lerna notice 
2022-06-21T18:32:37.9901371Z lerna notice 📦  @lerna/npm-publish@999.9.9-e2e.0
2022-06-21T18:32:37.9901884Z lerna notice === Tarball Contents === 
2022-06-21T18:32:37.9907603Z lerna notice 4.1kB  npm-publish.js
2022-06-21T18:32:37.9919755Z lerna notice 1.0kB  package.json  
2022-06-21T18:32:37.9922299Z lerna notice 12.3kB CHANGELOG.md  
2022-06-21T18:32:37.9922930Z lerna notice 188B   README.md     
2022-06-21T18:32:37.9923792Z lerna notice === Tarball Details === 
2022-06-21T18:32:37.9924840Z lerna notice name:          @lerna/npm-publish                      
2022-06-21T18:32:37.9926143Z lerna notice version:       999.9.9-e2e.0                           
2022-06-21T18:32:37.9927042Z lerna notice filename:      lerna-npm-publish-999.9.9-e2e.0.tgz     
2022-06-21T18:32:37.9928309Z lerna notice package size:  5.2 kB                                  
2022-06-21T18:32:37.9928993Z lerna notice unpacked size: 17.5 kB                                 
2022-06-21T18:32:37.9930370Z lerna notice shasum:        5ce10c12c620748bdf8c2dcf993b2cb43d9ad2aa
2022-06-21T18:32:37.9931654Z lerna notice integrity:     sha512-50j0kr5us3Fic[...]H4nBDCO2yIoOQ==
2022-06-21T18:32:37.9933128Z lerna notice total files:   4                                       
2022-06-21T18:32:37.9933848Z lerna notice 
2022-06-21T18:32:38.0139154Z lerna http fetch PUT 201 http://localhost:4872/@lerna%2fpack-directory 27ms
2022-06-21T18:32:38.0152030Z lerna success published @lerna/pack-directory 999.9.9-e2e.0
2022-06-21T18:32:38.0152650Z lerna notice 
2022-06-21T18:32:38.0153620Z lerna notice 📦  @lerna/pack-directory@999.9.9-e2e.0
2022-06-21T18:32:38.0154328Z lerna notice === Tarball Contents === 
2022-06-21T18:32:38.0166521Z lerna notice 2.8kB lib/pack-directory.js
2022-06-21T18:32:38.0168147Z lerna notice 1.0kB package.json         
2022-06-21T18:32:38.0169020Z lerna notice 6.4kB CHANGELOG.md         
2022-06-21T18:32:38.0169602Z lerna notice 440B  README.md            
2022-06-21T18:32:38.0170476Z lerna notice === Tarball Details === 
2022-06-21T18:32:38.0180805Z lerna notice name:          @lerna/pack-directory                   
2022-06-21T18:32:38.0181565Z lerna notice version:       999.9.9-e2e.0                           
2022-06-21T18:32:38.0182311Z lerna notice filename:      lerna-pack-directory-999.9.9-e2e.0.tgz  
2022-06-21T18:32:38.0182934Z lerna notice package size:  3.7 kB                                  
2022-06-21T18:32:38.0183496Z lerna notice unpacked size: 10.7 kB                                 
2022-06-21T18:32:38.0184084Z lerna notice shasum:        4eb59a2e53cce2c27c5e6cb6ec0ef08c282e924b
2022-06-21T18:32:38.0185077Z lerna notice integrity:     sha512-0wNnkXWcTA1q+[...]Fxrv+TbPBgMEA==
2022-06-21T18:32:38.0185643Z lerna notice total files:   4                                       
2022-06-21T18:32:38.0186033Z lerna notice 
2022-06-21T18:32:38.0251152Z lerna http fetch PUT 201 http://localhost:4872/@lerna%2fcommand 23ms
2022-06-21T18:32:38.0255959Z lerna success published @lerna/command 999.9.9-e2e.0
2022-06-21T18:32:38.0256421Z lerna notice 
2022-06-21T18:32:38.0257017Z lerna notice 📦  @lerna/command@999.9.9-e2e.0
2022-06-21T18:32:38.0257528Z lerna notice === Tarball Contents === 
2022-06-21T18:32:38.0270165Z lerna notice 536B   lib/clean-stack.js      
2022-06-21T18:32:38.0270824Z lerna notice 464B   lib/default-options.js  
2022-06-21T18:32:38.0271380Z lerna notice 8.4kB  index.js                
2022-06-21T18:32:38.0271968Z lerna notice 931B   lib/log-package-error.js
2022-06-21T18:32:38.0272570Z lerna notice 473B   lib/warn-if-hanging.js  
2022-06-21T18:32:38.0273077Z lerna notice 1.1kB  package.json            
2022-06-21T18:32:38.0273567Z lerna notice 16.4kB CHANGELOG.md            
2022-06-21T18:32:38.0274053Z lerna notice 202B   README.md               
2022-06-21T18:32:38.0274530Z lerna notice === Tarball Details === 
2022-06-21T18:32:38.0288253Z lerna notice name:          @lerna/command                          
2022-06-21T18:32:38.0289059Z lerna notice version:       999.9.9-e2e.0                           
2022-06-21T18:32:38.0289775Z lerna notice filename:      lerna-command-999.9.9-e2e.0.tgz         
2022-06-21T18:32:38.0290390Z lerna notice package size:  8.3 kB                                  
2022-06-21T18:32:38.0290953Z lerna notice unpacked size: 28.5 kB                                 
2022-06-21T18:32:38.0291539Z lerna notice shasum:        f4cca8efc986f258b90445bc99d7f732ba0e8680
2022-06-21T18:32:38.0292267Z lerna notice integrity:     sha512-qpOX+psCgxu2W[...]e8c5gYu2gbgAA==
2022-06-21T18:32:38.0292843Z lerna notice total files:   8                                       
2022-06-21T18:32:38.0293270Z lerna notice 
2022-06-21T18:32:38.0363482Z lerna http fetch PUT 201 http://localhost:4872/@lerna%2fquery-graph 13ms
2022-06-21T18:32:38.0400958Z lerna success published @lerna/query-graph 999.9.9-e2e.0
2022-06-21T18:32:38.0401906Z lerna notice 
2022-06-21T18:32:38.0402901Z lerna notice 📦  @lerna/query-graph@999.9.9-e2e.0
2022-06-21T18:32:38.0403516Z lerna notice === Tarball Contents === 
2022-06-21T18:32:38.0405298Z lerna notice 2.6kB query-graph.js
2022-06-21T18:32:38.0406109Z lerna notice 811B  package.json  
2022-06-21T18:32:38.0407244Z lerna notice 3.6kB CHANGELOG.md  
2022-06-21T18:32:38.0408079Z lerna notice 188B  README.md     
2022-06-21T18:32:38.0409298Z lerna notice === Tarball Details === 
2022-06-21T18:32:38.0410247Z lerna notice name:          @lerna/query-graph                      
2022-06-21T18:32:38.0412455Z lerna notice version:       999.9.9-e2e.0                           
2022-06-21T18:32:38.0413496Z lerna notice filename:      lerna-query-graph-999.9.9-e2e.0.tgz     
2022-06-21T18:32:38.0414463Z lerna notice package size:  2.8 kB                                  
2022-06-21T18:32:38.0415129Z lerna notice unpacked size: 7.2 kB                                  
2022-06-21T18:32:38.0416037Z lerna notice shasum:        e395c92ec2dc768d3f5d69cb693549a50f37dd64
2022-06-21T18:32:38.0416856Z lerna notice integrity:     sha512-+OXO7yqT/ErOn[...]++GKZBaEXNkjg==
2022-06-21T18:32:38.0417757Z lerna notice total files:   4                                       
2022-06-21T18:32:38.0418236Z lerna notice 
2022-06-21T18:32:38.0548826Z lerna http fetch PUT 201 http://localhost:4872/@lerna%2ffilter-options 21ms
2022-06-21T18:32:38.0549653Z lerna success published @lerna/filter-options 999.9.9-e2e.0
2022-06-21T18:32:38.0550093Z lerna notice 
2022-06-21T18:32:38.0550725Z lerna notice 📦  @lerna/filter-options@999.9.9-e2e.0
2022-06-21T18:32:38.0551238Z lerna notice === Tarball Contents === 
2022-06-21T18:32:38.0558903Z lerna notice 2.5kB lib/get-filtered-packages.js
2022-06-21T18:32:38.0559726Z lerna notice 3.4kB index.js                    
2022-06-21T18:32:38.0560241Z lerna notice 936B  package.json                
2022-06-21T18:32:38.0560749Z lerna notice 9.7kB CHANGELOG.md                
2022-06-21T18:32:38.0561238Z lerna notice 3.4kB README.md                   
2022-06-21T18:32:38.0561708Z lerna notice === Tarball Details === 
2022-06-21T18:32:38.0569997Z lerna notice name:          @lerna/filter-options                   
2022-06-21T18:32:38.0570742Z lerna notice version:       999.9.9-e2e.0                           
2022-06-21T18:32:38.0571488Z lerna notice filename:      lerna-filter-options-999.9.9-e2e.0.tgz  
2022-06-21T18:32:38.0572120Z lerna notice package size:  5.7 kB                                  
2022-06-21T18:32:38.0572695Z lerna notice unpacked size: 20.1 kB                                 
2022-06-21T18:32:38.0573265Z lerna notice shasum:        d13d871796f002210302d9c335abbb1338f2949f
2022-06-21T18:32:38.0573998Z lerna notice integrity:     sha512-77Pat0rjSwDq7[...]Brsq4NkU+ksGg==
2022-06-21T18:32:38.0574594Z lerna notice total files:   5                                       
2022-06-21T18:32:38.0574983Z lerna notice 
2022-06-21T18:32:38.0714411Z lerna http fetch PUT 201 http://localhost:4872/@lerna%2fcreate 25ms
2022-06-21T18:32:38.0715406Z lerna success published @lerna/create 999.9.9-e2e.0
2022-06-21T18:32:38.0715835Z lerna notice 
2022-06-21T18:32:38.0716437Z lerna notice 📦  @lerna/create@999.9.9-e2e.0
2022-06-21T18:32:38.0716924Z lerna notice === Tarball Contents === 
2022-06-21T18:32:38.0726707Z lerna notice 429B   lib/builtin-npmrc.js    
2022-06-21T18:32:38.0727366Z lerna notice 406B   lib/cat-file.js         
2022-06-21T18:32:38.0727885Z lerna notice 2.6kB  command.js              
2022-06-21T18:32:38.0728374Z lerna notice 14.5kB index.js                
2022-06-21T18:32:38.0728964Z lerna notice 5.2kB  lib/lerna-module-data.js
2022-06-21T18:32:38.0729480Z lerna notice 1.4kB  package.json            
2022-06-21T18:32:38.0729980Z lerna notice 15.2kB CHANGELOG.md            
2022-06-21T18:32:38.0730487Z lerna notice 1.7kB  README.md               
2022-06-21T18:32:38.0730960Z lerna notice === Tarball Details === 
2022-06-21T18:32:38.0747288Z lerna notice name:          @lerna/create                           
2022-06-21T18:32:38.0748138Z lerna notice version:       999.9.9-e2e.0                           
2022-06-21T18:32:38.0748865Z lerna notice filename:      lerna-create-999.9.9-e2e.0.tgz          
2022-06-21T18:32:38.0749473Z lerna notice package size:  11.6 kB                                 
2022-06-21T18:32:38.0750037Z lerna notice unpacked size: 41.5 kB                                 
2022-06-21T18:32:38.0750602Z lerna notice shasum:        31e48164345574769e608310883d26aee235902d
2022-06-21T18:32:38.0751305Z lerna notice integrity:     sha512-pW8CxhDbNrBY2[...]yhtZTWy10c/JA==
2022-06-21T18:32:38.0751883Z lerna notice total files:   8                                       
2022-06-21T18:32:38.0752265Z lerna notice 
2022-06-21T18:32:38.0866625Z lerna http fetch PUT 201 http://localhost:4872/@lerna%2fdiff 25ms
2022-06-21T18:32:38.0871122Z lerna success published @lerna/diff 999.9.9-e2e.0
2022-06-21T18:32:38.0871548Z lerna notice 
2022-06-21T18:32:38.0872144Z lerna notice 📦  @lerna/diff@999.9.9-e2e.0
2022-06-21T18:32:38.0872635Z lerna notice === Tarball Contents === 
2022-06-21T18:32:38.0880762Z lerna notice 767B   command.js            
2022-06-21T18:32:38.0881480Z lerna notice 905B   lib/get-last-commit.js
2022-06-21T18:32:38.0882103Z lerna notice 445B   lib/has-commit.js     
2022-06-21T18:32:38.0882591Z lerna notice 1.6kB  index.js              
2022-06-21T18:32:38.0883071Z lerna notice 966B   package.json          
2022-06-21T18:32:38.0883556Z lerna notice 11.7kB CHANGELOG.md          
2022-06-21T18:32:38.0884025Z lerna notice 399B   README.md             
2022-06-21T18:32:38.0884482Z lerna notice === Tarball Details === 
2022-06-21T18:32:38.0893705Z lerna notice name:          @lerna/diff                             
2022-06-21T18:32:38.0894492Z lerna notice version:       999.9.9-e2e.0                           
2022-06-21T18:32:38.0895484Z lerna notice filename:      lerna-diff-999.9.9-e2e.0.tgz            
2022-06-21T18:32:38.0896085Z lerna notice package size:  4.6 kB                                  
2022-06-21T18:32:38.0896647Z lerna notice unpacked size: 16.8 kB                                 
2022-06-21T18:32:38.0897235Z lerna notice shasum:        dca7ce9b09641c6d036a42c331833cf0ab9c1162
2022-06-21T18:32:38.0897956Z lerna notice integrity:     sha512-v05Vd/KrXgb1y[...]zKhxuIj6nwGqw==
2022-06-21T18:32:38.0898682Z lerna notice total files:   7                                       
2022-06-21T18:32:38.0899071Z lerna notice 
2022-06-21T18:32:38.1067239Z lerna http fetch PUT 201 http://localhost:4872/@lerna%2fimport 24ms
2022-06-21T18:32:38.1068150Z lerna success published @lerna/import 999.9.9-e2e.0
2022-06-21T18:32:38.1068576Z lerna notice 
2022-06-21T18:32:38.1069171Z lerna notice 📦  @lerna/import@999.9.9-e2e.0
2022-06-21T18:32:38.1069655Z lerna notice === Tarball Contents === 
2022-06-21T18:32:38.1078247Z lerna notice 1.1kB  command.js  
2022-06-21T18:32:38.1078919Z lerna notice 9.0kB  index.js    
2022-06-21T18:32:38.1079745Z lerna notice 1.1kB  package.json
2022-06-21T18:32:38.1080270Z lerna notice 13.7kB CHANGELOG.md
2022-06-21T18:32:38.1081027Z lerna notice 2.3kB  README.md   
2022-06-21T18:32:38.1081575Z lerna notice === Tarball Details === 
2022-06-21T18:32:38.1090571Z lerna notice name:          @lerna/import                           
2022-06-21T18:32:38.1091551Z lerna notice version:       999.9.9-e2e.0                           
2022-06-21T18:32:38.1093021Z lerna notice filename:      lerna-import-999.9.9-e2e.0.tgz          
2022-06-21T18:32:38.1093814Z lerna notice package size:  7.6 kB                                  
2022-06-21T18:32:38.1096746Z lerna notice unpacked size: 27.3 kB                                 
2022-06-21T18:32:38.1097360Z lerna notice shasum:        cbae2cbf3380112a8f5b1a7f5585d5e16a6cbbd3
2022-06-21T18:32:38.1098163Z lerna notice integrity:     sha512-j75HT6ylszgbL[...]iVSi7gYC2O/Sw==
2022-06-21T18:32:38.1098967Z lerna notice total files:   5                                       
2022-06-21T18:32:38.1099672Z lerna notice 
2022-06-21T18:32:38.1125714Z lerna http fetch PUT 201 http://localhost:4872/@lerna%2finfo 19ms
2022-06-21T18:32:38.1126632Z lerna success published @lerna/info 999.9.9-e2e.0
2022-06-21T18:32:38.1127332Z lerna notice 
2022-06-21T18:32:38.1129382Z lerna notice 📦  @lerna/info@999.9.9-e2e.0
2022-06-21T18:32:38.1130183Z lerna notice === Tarball Contents === 
2022-06-21T18:32:38.1130799Z lerna notice 300B  command.js  
2022-06-21T18:32:38.1131416Z lerna notice 633B  index.js    
2022-06-21T18:32:38.1131850Z lerna notice 878B  package.json
2022-06-21T18:32:38.1134695Z lerna notice 2.6kB CHANGELOG.md
2022-06-21T18:32:38.1135230Z lerna notice 644B  README.md   
2022-06-21T18:32:38.1135952Z lerna notice === Tarball Details === 
2022-06-21T18:32:38.1136895Z lerna notice name:          @lerna/info                             
2022-06-21T18:32:38.1139003Z lerna notice version:       999.9.9-e2e.0                           
2022-06-21T18:32:38.1139913Z lerna notice filename:      lerna-info-999.9.9-e2e.0.tgz            
2022-06-21T18:32:38.1140566Z lerna notice package size:  2.3 kB                                  
2022-06-21T18:32:38.1141373Z lerna notice unpacked size: 5.1 kB                                  
2022-06-21T18:32:38.1142199Z lerna notice shasum:        018d84dc2c62f2fcd4654ab063fca0019ddb34d6
2022-06-21T18:32:38.1143237Z lerna notice integrity:     sha512-ryWHd+OQ+K7iH[...]D040jrFxSxJqg==
2022-06-21T18:32:38.1143919Z lerna notice total files:   5                                       
2022-06-21T18:32:38.1144616Z lerna notice 
2022-06-21T18:32:38.1434248Z lerna http fetch PUT 201 http://localhost:4872/@lerna%2finit 27ms
2022-06-21T18:32:38.1444965Z lerna success published @lerna/init 999.9.9-e2e.0
2022-06-21T18:32:38.1445974Z lerna notice 
2022-06-21T18:32:38.1447062Z lerna notice 📦  @lerna/init@999.9.9-e2e.0
2022-06-21T18:32:38.1448118Z lerna notice === Tarball Contents === 
2022-06-21T18:32:38.1448724Z lerna notice 582B   command.js  
2022-06-21T18:32:38.1449482Z lerna notice 3.6kB  index.js    
2022-06-21T18:32:38.1450034Z lerna notice 987B   package.json
2022-06-21T18:32:38.1450807Z lerna notice 13.0kB CHANGELOG.md
2022-06-21T18:32:38.1451819Z lerna notice 1.4kB  README.md   
2022-06-21T18:32:38.1452670Z lerna notice === Tarball Details === 
2022-06-21T18:32:38.1453386Z lerna notice name:          @lerna/init                             
2022-06-21T18:32:38.1454582Z lerna notice version:       999.9.9-e2e.0                           
2022-06-21T18:32:38.1455366Z lerna notice filename:      lerna-init-999.9.9-e2e.0.tgz            
2022-06-21T18:32:38.1456273Z lerna notice package size:  5.3 kB                                  
2022-06-21T18:32:38.1456921Z lerna notice unpacked size: 19.6 kB                                 
2022-06-21T18:32:38.1457796Z lerna notice shasum:        40985127f5802e612428cc2d512bd92f0ae24c97
2022-06-21T18:32:38.1458744Z lerna notice integrity:     sha512-6URwtRaVwqTCE[...]SqsL4b9/HGOBg==
2022-06-21T18:32:38.1459666Z lerna notice total files:   5                                       
2022-06-21T18:32:38.1460154Z lerna notice 
2022-06-21T18:32:38.1536690Z lerna http fetch PUT 201 http://localhost:4872/@lerna%2flink 33ms
2022-06-21T18:32:38.1540416Z lerna success published @lerna/link 999.9.9-e2e.0
2022-06-21T18:32:38.1540874Z lerna notice 
2022-06-21T18:32:38.1541770Z lerna notice 📦  @lerna/link@999.9.9-e2e.0
2022-06-21T18:32:38.1542260Z lerna notice === Tarball Contents === 
2022-06-21T18:32:38.1547858Z lerna notice 891B   command.js  
2022-06-21T18:32:38.1548315Z lerna notice 2.5kB  index.js    
2022-06-21T18:32:38.1548742Z lerna notice 986B   package.json
2022-06-21T18:32:38.1549847Z lerna notice 11.4kB CHANGELOG.md
2022-06-21T18:32:38.1550506Z lerna notice 927B   README.md   
2022-06-21T18:32:38.1551320Z lerna notice === Tarball Details === 
2022-06-21T18:32:38.1555898Z lerna notice name:          @lerna/link                             
2022-06-21T18:32:38.1556822Z lerna notice version:       999.9.9-e2e.0                           
2022-06-21T18:32:38.1558116Z lerna notice filename:      lerna-link-999.9.9-e2e.0.tgz            
2022-06-21T18:32:38.1560019Z lerna notice package size:  4.4 kB                                  
2022-06-21T18:32:38.1560958Z lerna notice unpacked size: 16.8 kB                                 
2022-06-21T18:32:38.1561659Z lerna notice shasum:        c8a10d0c1a2c260eaff184464817ecdc8661c904
2022-06-21T18:32:38.1562730Z lerna notice integrity:     sha512-rVWTo0gWikdld[...]gUUACWenRQ6qw==
2022-06-21T18:32:38.1563419Z lerna notice total files:   5                                       
2022-06-21T18:32:38.1564115Z lerna notice 
2022-06-21T18:32:38.1713084Z lerna http fetch PUT 201 http://localhost:4872/@lerna%2flistable 13ms
2022-06-21T18:32:38.1714149Z lerna success published @lerna/listable 999.9.9-e2e.0
2022-06-21T18:32:38.1714929Z lerna notice 
2022-06-21T18:32:38.1715644Z lerna notice 📦  @lerna/listable@999.9.9-e2e.0
2022-06-21T18:32:38.1718002Z lerna notice === Tarball Contents === 
2022-06-21T18:32:38.1718654Z lerna notice 150B  index.js               
2022-06-21T18:32:38.1719709Z lerna notice 5.7kB lib/listable-format.js 
2022-06-21T18:32:38.1720352Z lerna notice 1.5kB lib/listable-options.js
2022-06-21T18:32:38.1723300Z lerna notice 844B  package.json           
2022-06-21T18:32:38.1723916Z lerna notice 4.9kB CHANGELOG.md           
2022-06-21T18:32:38.1724723Z lerna notice 535B  README.md              
2022-06-21T18:32:38.1725493Z lerna notice === Tarball Details === 
2022-06-21T18:32:38.1727288Z lerna notice name:          @lerna/listable                         
2022-06-21T18:32:38.1728132Z lerna notice version:       999.9.9-e2e.0                           
2022-06-21T18:32:38.1729772Z lerna notice filename:      lerna-listable-999.9.9-e2e.0.tgz        
2022-06-21T18:32:38.1730769Z lerna notice package size:  4.2 kB                                  
2022-06-21T18:32:38.1732129Z lerna notice unpacked size: 13.6 kB                                 
2022-06-21T18:32:38.1733171Z lerna notice shasum:        c18396d3f508b383796b552f722e303a461b6af5
2022-06-21T18:32:38.1734639Z lerna notice integrity:     sha512-hI3HPgCwKqX4t[...]mXds2LuX3N2pA==
2022-06-21T18:32:38.1735340Z lerna notice total files:   6                                       
2022-06-21T18:32:38.1736050Z lerna notice 
2022-06-21T18:32:38.1795140Z lerna http fetch PUT 201 http://localhost:4872/@lerna%2frun-topologically 14ms
2022-06-21T18:32:38.1796186Z lerna success published @lerna/run-topologically 999.9.9-e2e.0
2022-06-21T18:32:38.1798393Z lerna notice 
2022-06-21T18:32:38.1799194Z lerna notice 📦  @lerna/run-topologically@999.9.9-e2e.0
2022-06-21T18:32:38.1800074Z lerna notice === Tarball Contents === 
2022-06-21T18:32:38.1800802Z lerna notice 1.4kB run-topologically.js
2022-06-21T18:32:38.1801601Z lerna notice 854B  package.json        
2022-06-21T18:32:38.1803904Z lerna notice 3.5kB CHANGELOG.md        
2022-06-21T18:32:38.1804832Z lerna notice 194B  README.md           
2022-06-21T18:32:38.1805398Z lerna notice === Tarball Details === 
2022-06-21T18:32:38.1806887Z lerna notice name:          @lerna/run-topologically                 
2022-06-21T18:32:38.1808057Z lerna notice version:       999.9.9-e2e.0                            
2022-06-21T18:32:38.1809774Z lerna notice filename:      lerna-run-topologically-999.9.9-e2e.0.tgz
2022-06-21T18:32:38.1810582Z lerna notice package size:  2.4 kB                                   
2022-06-21T18:32:38.1812195Z lerna notice unpacked size: 6.0 kB                                   
2022-06-21T18:32:38.1812994Z lerna notice shasum:        ea63d272e393c0981193a17ebb39c09273ab52a1 
2022-06-21T18:32:38.1814163Z lerna notice integrity:     sha512-2+lEo2pqxAoz2[...]wmJmOvTroAgkg== 
2022-06-21T18:32:38.1815231Z lerna notice total files:   4                                        
2022-06-21T18:32:38.1816315Z lerna notice 
2022-06-21T18:32:38.2087270Z lerna http fetch PUT 201 http://localhost:4872/@lerna%2fclean 33ms
2022-06-21T18:32:38.2088467Z lerna success published @lerna/clean 999.9.9-e2e.0
2022-06-21T18:32:38.2091196Z lerna notice 
2022-06-21T18:32:38.2092197Z lerna notice 📦  @lerna/clean@999.9.9-e2e.0
2022-06-21T18:32:38.2093063Z lerna notice === Tarball Contents === 
2022-06-21T18:32:38.2093666Z lerna notice 589B   command.js  
2022-06-21T18:32:38.2094439Z lerna notice 1.8kB  index.js    
2022-06-21T18:32:38.2094976Z lerna notice 1.1kB  package.json
2022-06-21T18:32:38.2095724Z lerna notice 12.8kB CHANGELOG.md
2022-06-21T18:32:38.2096247Z lerna notice 493B   README.md   
2022-06-21T18:32:38.2097010Z lerna notice === Tarball Details === 
2022-06-21T18:32:38.2112999Z lerna notice name:          @lerna/clean                            
2022-06-21T18:32:38.2113974Z lerna notice version:       999.9.9-e2e.0                           
2022-06-21T18:32:38.2115927Z lerna notice filename:      lerna-clean-999.9.9-e2e.0.tgz           
2022-06-21T18:32:38.2117291Z lerna notice package size:  4.3 kB                                  
2022-06-21T18:32:38.2118948Z lerna notice unpacked size: 16.7 kB                                 
2022-06-21T18:32:38.2119906Z lerna notice shasum:        bfbb6ab0ef21720a34470a2f03a57f945620d130
2022-06-21T18:32:38.2121035Z lerna notice integrity:     sha512-MhebGFK8ESB0F[...]AzutK9D1mYC+w==
2022-06-21T18:32:38.2122419Z lerna notice total files:   5                                       
2022-06-21T18:32:38.2123304Z lerna notice 
2022-06-21T18:32:38.2247474Z lerna http fetch PUT 201 http://localhost:4872/@lerna%2fchanged 41ms
2022-06-21T18:32:38.2248792Z lerna success published @lerna/changed 999.9.9-e2e.0
2022-06-21T18:32:38.2251488Z lerna notice 
2022-06-21T18:32:38.2252271Z lerna notice 📦  @lerna/changed@999.9.9-e2e.0
2022-06-21T18:32:38.2253100Z lerna notice === Tarball Contents === 
2022-06-21T18:32:38.2253703Z lerna notice 1.6kB  command.js  
2022-06-21T18:32:38.2254456Z lerna notice 1.5kB  index.js    
2022-06-21T18:32:38.2255248Z lerna notice 977B   package.json
2022-06-21T18:32:38.2257623Z lerna notice 17.3kB CHANGELOG.md
2022-06-21T18:32:38.2258185Z lerna notice 2.0kB  README.md   
2022-06-21T18:32:38.2259239Z lerna notice === Tarball Details === 
2022-06-21T18:32:38.2259930Z lerna notice name:          @lerna/changed                          
2022-06-21T18:32:38.2260987Z lerna notice version:       999.9.9-e2e.0                           
2022-06-21T18:32:38.2261798Z lerna notice filename:      lerna-changed-999.9.9-e2e.0.tgz         
2022-06-21T18:32:38.2262728Z lerna notice package size:  5.6 kB                                  
2022-06-21T18:32:38.2274055Z lerna notice unpacked size: 23.3 kB                                 
2022-06-21T18:32:38.2275584Z lerna notice shasum:        8cec867a0389c641ba5545012c17ba82b2124825
2022-06-21T18:32:38.2276360Z lerna notice integrity:     sha512-8XvRR2towrXwf[...]SIVhpSB/KO3gw==
2022-06-21T18:32:38.2277585Z lerna notice total files:   5                                       
2022-06-21T18:32:38.2278103Z lerna notice 
2022-06-21T18:32:38.2601919Z lerna http fetch PUT 201 http://localhost:4872/@lerna%2flist 44ms
2022-06-21T18:32:38.2615082Z lerna success published @lerna/list 999.9.9-e2e.0
2022-06-21T18:32:38.2621300Z lerna notice 
2022-06-21T18:32:38.2626796Z lerna notice 📦  @lerna/list@999.9.9-e2e.0
2022-06-21T18:32:38.2627502Z lerna notice === Tarball Contents === 
2022-06-21T18:32:38.2629910Z lerna notice 502B   command.js  
2022-06-21T18:32:38.2630504Z lerna notice 1.0kB  index.js    
2022-06-21T18:32:38.2631291Z lerna notice 922B   package.json
2022-06-21T18:32:38.2631826Z lerna notice 13.1kB CHANGELOG.md
2022-06-21T18:32:38.2632580Z lerna notice 3.6kB  README.md   
2022-06-21T18:32:38.2633106Z lerna notice === Tarball Details === 
2022-06-21T18:32:38.2635892Z lerna notice name:          @lerna/list                             
2022-06-21T18:32:38.2636892Z lerna notice version:       999.9.9-e2e.0                           
2022-06-21T18:32:38.2637873Z lerna notice filename:      lerna-list-999.9.9-e2e.0.tgz            
2022-06-21T18:32:38.2638544Z lerna notice package size:  5.1 kB                                  
2022-06-21T18:32:38.2639579Z lerna notice unpacked size: 19.1 kB                                 
2022-06-21T18:32:38.2640429Z lerna notice shasum:        f59c506723ca1e471efcbeae0b3e4e6107ad1fc9
2022-06-21T18:32:38.2641488Z lerna notice integrity:     sha512-5XVuU+PF+8rrs[...]74zkCcuabFH5w==
2022-06-21T18:32:38.2642228Z lerna notice total files:   5                                       
2022-06-21T18:32:38.2642932Z lerna notice 
2022-06-21T18:32:38.2781693Z lerna http fetch PUT 201 http://localhost:4872/@lerna%2fbootstrap 47ms
2022-06-21T18:32:38.2783706Z lerna success published @lerna/bootstrap 999.9.9-e2e.0
2022-06-21T18:32:38.2784520Z lerna notice 
2022-06-21T18:32:38.2785194Z lerna notice 📦  @lerna/bootstrap@999.9.9-e2e.0
2022-06-21T18:32:38.2785937Z lerna notice === Tarball Contents === 
2022-06-21T18:32:38.2787975Z lerna notice 2.6kB  command.js                     
2022-06-21T18:32:38.2789038Z lerna notice 1.5kB  lib/has-dependency-installed.js
2022-06-21T18:32:38.2789645Z lerna notice 19.9kB index.js                       
2022-06-21T18:32:38.2790530Z lerna notice 269B   lib/is-hoisted-package.js      
2022-06-21T18:32:38.2791121Z lerna notice 1.7kB  package.json                   
2022-06-21T18:32:38.2793740Z lerna notice 22.9kB CHANGELOG.md                   
2022-06-21T18:32:38.2794544Z lerna notice 8.1kB  README.md                      
2022-06-21T18:32:38.2795340Z lerna notice === Tarball Details === 
2022-06-21T18:32:38.2796038Z lerna notice name:          @lerna/bootstrap                        
2022-06-21T18:32:38.2797436Z lerna notice version:       999.9.9-e2e.0                           
2022-06-21T18:32:38.2798307Z lerna notice filename:      lerna-bootstrap-999.9.9-e2e.0.tgz       
2022-06-21T18:32:38.2799234Z lerna notice package size:  15.8 kB                                 
2022-06-21T18:32:38.2799871Z lerna notice unpacked size: 57.0 kB                                 
2022-06-21T18:32:38.2800997Z lerna notice shasum:        b1154815db71b19678635f669c2bd4fc2cbb6746
2022-06-21T18:32:38.2801808Z lerna notice integrity:     sha512-NBOHUnLK/eZ4r[...]l2ukmue8JeOSg==
2022-06-21T18:32:38.2802898Z lerna notice total files:   7                                       
2022-06-21T18:32:38.2803382Z lerna notice 
2022-06-21T18:32:38.2980012Z lerna http fetch PUT 201 http://localhost:4872/@lerna%2fexec 29ms
2022-06-21T18:32:38.2981049Z lerna success published @lerna/exec 999.9.9-e2e.0
2022-06-21T18:32:38.2981779Z lerna notice 
2022-06-21T18:32:38.2982416Z lerna notice 📦  @lerna/exec@999.9.9-e2e.0
2022-06-21T18:32:38.2984311Z lerna notice === Tarball Contents === 
2022-06-21T18:32:38.2984903Z lerna notice 2.4kB  command.js  
2022-06-21T18:32:38.2985622Z lerna notice 5.0kB  index.js    
2022-06-21T18:32:38.2986106Z lerna notice 1.1kB  package.json
2022-06-21T18:32:38.2986811Z lerna notice 14.3kB CHANGELOG.md
2022-06-21T18:32:38.2988997Z lerna notice 3.7kB  README.md   
2022-06-21T18:32:38.2989861Z lerna notice === Tarball Details === 
2022-06-21T18:32:38.2990522Z lerna notice name:          @lerna/exec                             
2022-06-21T18:32:38.2991932Z lerna notice version:       999.9.9-e2e.0                           
2022-06-21T18:32:38.2992884Z lerna notice filename:      lerna-exec-999.9.9-e2e.0.tgz            
2022-06-21T18:32:38.2993739Z lerna notice package size:  7.4 kB                                  
2022-06-21T18:32:38.2994349Z lerna notice unpacked size: 26.5 kB                                 
2022-06-21T18:32:38.2995171Z lerna notice shasum:        61dc6a4381b3ea068f34d254020014fc188658b8
2022-06-21T18:32:38.2996672Z lerna notice integrity:     sha512-f6s1OEnhdfG/H[...]3w5Gs+5D7ZSFw==
2022-06-21T18:32:38.2997604Z lerna notice total files:   5                                       
2022-06-21T18:32:38.2998084Z lerna notice 
2022-06-21T18:32:38.3175498Z lerna http fetch PUT 201 http://localhost:4872/@lerna%2frun 34ms
2022-06-21T18:32:38.3178791Z lerna success published @lerna/run 999.9.9-e2e.0
2022-06-21T18:32:38.3179593Z lerna notice 
2022-06-21T18:32:38.3180238Z lerna notice 📦  @lerna/run@999.9.9-e2e.0
2022-06-21T18:32:38.3181148Z lerna notice === Tarball Contents === 
2022-06-21T18:32:38.3262060Z lerna notice 2.5kB  command.js  
2022-06-21T18:32:38.3262689Z lerna notice 8.3kB  index.js    
2022-06-21T18:32:38.3263498Z lerna notice 1.2kB  package.json
2022-06-21T18:32:38.3264395Z lerna notice 14.8kB CHANGELOG.md
2022-06-21T18:32:38.3265157Z lerna notice 4.0kB  README.md   
2022-06-21T18:32:38.3265919Z lerna notice === Tarball Details === 
2022-06-21T18:32:38.3266723Z lerna notice name:          @lerna/run                              
2022-06-21T18:32:38.3267793Z lerna notice version:       999.9.9-e2e.0                           
2022-06-21T18:32:38.3269186Z lerna notice filename:      lerna-run-999.9.9-e2e.0.tgz             
2022-06-21T18:32:38.3269836Z lerna notice package size:  8.6 kB                                  
2022-06-21T18:32:38.3270649Z lerna notice unpacked size: 30.8 kB                                 
2022-06-21T18:32:38.3271294Z lerna notice shasum:        0480acb381e51afe8bdbd237aab232b84d90ea89
2022-06-21T18:32:38.3272269Z lerna notice integrity:     sha512-cu5s166U+Ps0R[...]u6eOxt1i9gC0w==
2022-06-21T18:32:38.3272897Z lerna notice total files:   5                                       
2022-06-21T18:32:38.3273553Z lerna notice 
2022-06-21T18:32:38.3487803Z lerna http fetch PUT 201 http://localhost:4872/@lerna%2fversion 46ms
2022-06-21T18:32:38.3488885Z lerna success published @lerna/version 999.9.9-e2e.0
2022-06-21T18:32:38.3489665Z lerna notice 
2022-06-21T18:32:38.3490338Z lerna notice 📦  @lerna/version@999.9.9-e2e.0
2022-06-21T18:32:38.3491146Z lerna notice === Tarball Contents === 
2022-06-21T18:32:38.3550400Z lerna notice 9.0kB  command.js                    
2022-06-21T18:32:38.3551455Z lerna notice 1.7kB  lib/create-release.js         
2022-06-21T18:32:38.3552480Z lerna notice 439B   lib/get-current-branch.js     
2022-06-21T18:32:38.3553484Z lerna notice 765B   lib/git-add.js                
2022-06-21T18:32:38.3554409Z lerna notice 993B   lib/git-commit.js             
2022-06-21T18:32:38.3555128Z lerna notice 1.5kB  lib/git-push.js               
2022-06-21T18:32:38.3556046Z lerna notice 596B   lib/git-tag.js                
2022-06-21T18:32:38.3556641Z lerna notice 22.6kB index.js                      
2022-06-21T18:32:38.3557575Z lerna notice 505B   lib/is-anything-committed.js  
2022-06-21T18:32:38.3564482Z lerna notice 1.2kB  lib/is-behind-upstream.js     
2022-06-21T18:32:38.3565276Z lerna notice 747B   lib/is-breaking-change.js     
2022-06-21T18:32:38.3566245Z lerna notice 2.5kB  lib/prompt-version.js         
2022-06-21T18:32:38.3566972Z lerna notice 582B   lib/remote-branch-exists.js   
2022-06-21T18:32:38.3569992Z lerna notice 766B   lib/update-lockfile-version.js
2022-06-21T18:32:38.3570616Z lerna notice 1.8kB  package.json                  
2022-06-21T18:32:38.3571392Z lerna notice 23.7kB CHANGELOG.md                  
2022-06-21T18:32:38.3571948Z lerna notice 20.6kB README.md                     
2022-06-21T18:32:38.3573097Z lerna notice === Tarball Details === 
2022-06-21T18:32:38.3574042Z lerna notice name:          @lerna/version                          
2022-06-21T18:32:38.3575391Z lerna notice version:       999.9.9-e2e.0                           
2022-06-21T18:32:38.3576148Z lerna notice filename:      lerna-version-999.9.9-e2e.0.tgz         
2022-06-21T18:32:38.3577006Z lerna notice package size:  24.4 kB                                 
2022-06-21T18:32:38.3577781Z lerna notice unpacked size: 89.9 kB                                 
2022-06-21T18:32:38.3579010Z lerna notice shasum:        8a045607a48391aa0fcca468df87265c78bc68c2
2022-06-21T18:32:38.3579908Z lerna notice integrity:     sha512-9t5f/LQpj40Zg[...]oZX6fnmqWPQlA==
2022-06-21T18:32:38.3580753Z lerna notice total files:   17                                      
2022-06-21T18:32:38.3581609Z lerna notice 
2022-06-21T18:32:38.3736127Z lerna http fetch PUT 201 http://localhost:4872/@lerna%2fadd 45ms
2022-06-21T18:32:38.3738236Z lerna success published @lerna/add 999.9.9-e2e.0
2022-06-21T18:32:38.3739251Z lerna notice 
2022-06-21T18:32:38.3741718Z lerna notice 📦  @lerna/add@999.9.9-e2e.0
2022-06-21T18:32:38.3742664Z lerna notice === Tarball Contents === 
2022-06-21T18:32:38.3743283Z lerna notice 2.3kB  command.js                   
2022-06-21T18:32:38.3744170Z lerna notice 1.0kB  lib/get-range-to-reference.js
2022-06-21T18:32:38.3746272Z lerna notice 6.4kB  index.js                     
2022-06-21T18:32:38.3747665Z lerna notice 1.1kB  package.json                 
2022-06-21T18:32:38.3748376Z lerna notice 19.2kB CHANGELOG.md                 
2022-06-21T18:32:38.3748832Z lerna notice 1.8kB  README.md                    
2022-06-21T18:32:38.3749272Z lerna notice === Tarball Details === 
2022-06-21T18:32:38.3750034Z lerna notice name:          @lerna/add                              
2022-06-21T18:32:38.3750740Z lerna notice version:       999.9.9-e2e.0                           
2022-06-21T18:32:38.3751405Z lerna notice filename:      lerna-add-999.9.9-e2e.0.tgz             
2022-06-21T18:32:38.3751955Z lerna notice package size:  8.2 kB                                  
2022-06-21T18:32:38.3752485Z lerna notice unpacked size: 31.9 kB                                 
2022-06-21T18:32:38.3753016Z lerna notice shasum:        83327fddf2ff10212a8187e62d2542e3b1b77c9b
2022-06-21T18:32:38.3753684Z lerna notice integrity:     sha512-FAD72zXHeoTu3[...]KwWHAg84Q3Gqg==
2022-06-21T18:32:38.3754225Z lerna notice total files:   6                                       
2022-06-21T18:32:38.3754586Z lerna notice 
2022-06-21T18:32:38.3961451Z lerna http fetch PUT 201 http://localhost:4872/@lerna%2fpublish 35ms
2022-06-21T18:32:38.3970618Z lerna success published @lerna/publish 999.9.9-e2e.0
2022-06-21T18:32:38.3974285Z lerna notice 
2022-06-21T18:32:38.3975106Z lerna notice 📦  @lerna/publish@999.9.9-e2e.0
2022-06-21T18:32:38.3976116Z lerna notice === Tarball Contents === 
2022-06-21T18:32:38.3977417Z lerna notice 5.1kB  command.js                         
2022-06-21T18:32:38.3981151Z lerna notice 1.0kB  lib/create-temp-licenses.js        
2022-06-21T18:32:38.3982036Z lerna notice 559B   lib/fetch-config.js                
2022-06-21T18:32:38.3983274Z lerna notice 436B   lib/get-current-sha.js             
2022-06-21T18:32:38.3984006Z lerna notice 1.3kB  lib/get-current-tags.js            
2022-06-21T18:32:38.3985901Z lerna notice 1.9kB  lib/get-npm-username.js            
2022-06-21T18:32:38.3987079Z lerna notice 748B   lib/get-packages-without-license.js
2022-06-21T18:32:38.3988622Z lerna notice 1.1kB  lib/get-profile-data.js            
2022-06-21T18:32:38.3989315Z lerna notice 1.2kB  lib/get-tagged-packages.js         
2022-06-21T18:32:38.3990415Z lerna notice 1.6kB  lib/get-two-factor-auth-required.js
2022-06-21T18:32:38.3991704Z lerna notice 1.3kB  lib/get-unpublished-packages.js    
2022-06-21T18:32:38.3992956Z lerna notice 625B   lib/get-whoami.js                  
2022-06-21T18:32:38.3993617Z lerna notice 574B   lib/git-checkout.js                
2022-06-21T18:32:38.3994583Z lerna notice 26.9kB index.js                           
2022-06-21T18:32:38.3995484Z lerna notice 423B   lib/remove-temp-licenses.js        
2022-06-21T18:32:38.3997150Z lerna notice 2.3kB  lib/verify-npm-package-access.js   
2022-06-21T18:32:38.3998536Z lerna notice 2.0kB  package.json                       
2022-06-21T18:32:38.3999104Z lerna notice 42.3kB CHANGELOG.md                       
2022-06-21T18:32:38.4000270Z lerna notice 16.3kB README.md                          
2022-06-21T18:32:38.4000823Z lerna notice === Tarball Details === 
2022-06-21T18:32:38.4001923Z lerna notice name:          @lerna/publish                          
2022-06-21T18:32:38.4002733Z lerna notice version:       999.9.9-e2e.0                           
2022-06-21T18:32:38.4003942Z lerna notice filename:      lerna-publish-999.9.9-e2e.0.tgz         
2022-06-21T18:32:38.4004627Z lerna notice package size:  29.1 kB                                 
2022-06-21T18:32:38.4005993Z lerna notice unpacked size: 107.5 kB                                
2022-06-21T18:32:38.4006484Z lerna notice shasum:        684334cc453d6c6ea496bb568b3c7a07bd518b1d
2022-06-21T18:32:38.4007299Z lerna notice integrity:     sha512-glfkHBk6EqHam[...]ya8qwwgXK/O5g==
2022-06-21T18:32:38.4008068Z lerna notice total files:   19                                      
2022-06-21T18:32:38.4008405Z lerna notice 
2022-06-21T18:32:38.4406064Z lerna http fetch PUT 201 http://localhost:4872/lerna 37ms
2022-06-21T18:32:38.4407201Z lerna success published lerna 999.9.9-e2e.0
2022-06-21T18:32:38.4411274Z lerna notice 
2022-06-21T18:32:38.4419294Z lerna notice 📦  lerna@999.9.9-e2e.0
2022-06-21T18:32:38.4419807Z lerna notice === Tarball Contents === 
2022-06-21T18:32:38.4553473Z lerna notice 291B   cli.js      
2022-06-21T18:32:38.4554171Z lerna notice 1.3kB  index.js    
2022-06-21T18:32:38.4555179Z lerna notice 1.5kB  package.json
2022-06-21T18:32:38.4555759Z lerna notice 18.0kB CHANGELOG.md
2022-06-21T18:32:38.4556737Z lerna notice 906B   README.md   
2022-06-21T18:32:38.4559342Z lerna notice === Tarball Details === 
2022-06-21T18:32:38.4560631Z lerna notice name:          lerna                                   
2022-06-21T18:32:38.4561503Z lerna notice version:       999.9.9-e2e.0                           
2022-06-21T18:32:38.4562643Z lerna notice filename:      lerna-999.9.9-e2e.0.tgz                 
2022-06-21T18:32:38.4563283Z lerna notice package size:  4.5 kB                                  
2022-06-21T18:32:38.4564302Z lerna notice unpacked size: 22.0 kB                                 
2022-06-21T18:32:38.4564976Z lerna notice shasum:        86e551dfa93d8d3e5be2b66208e61e4183938417
2022-06-21T18:32:38.4566196Z lerna notice integrity:     sha512-ROqOExISLifiP[...]kLLoMrMIt8voQ==
2022-06-21T18:32:38.4566904Z lerna notice total files:   5                                       
2022-06-21T18:32:38.4567656Z lerna notice 
2022-06-21T18:32:38.4825870Z lerna notice FYI Unable to reset working tree changes, this probably isn't a git repo.
2022-06-21T18:32:38.4826863Z Successfully published:
2022-06-21T18:32:38.4830247Z  - @lerna/add@999.9.9-e2e.0
2022-06-21T18:32:38.4830800Z  - @lerna/bootstrap@999.9.9-e2e.0
2022-06-21T18:32:38.4831286Z  - @lerna/changed@999.9.9-e2e.0
2022-06-21T18:32:38.4831752Z  - @lerna/clean@999.9.9-e2e.0
2022-06-21T18:32:38.4832222Z  - @lerna/create@999.9.9-e2e.0
2022-06-21T18:32:38.4832666Z  - @lerna/diff@999.9.9-e2e.0
2022-06-21T18:32:38.4833310Z  - @lerna/exec@999.9.9-e2e.0
2022-06-21T18:32:38.4833778Z  - @lerna/import@999.9.9-e2e.0
2022-06-21T18:32:38.4834473Z  - @lerna/info@999.9.9-e2e.0
2022-06-21T18:32:38.4834909Z  - @lerna/init@999.9.9-e2e.0
2022-06-21T18:32:38.4835544Z  - @lerna/link@999.9.9-e2e.0
2022-06-21T18:32:38.4835977Z  - @lerna/list@999.9.9-e2e.0
2022-06-21T18:32:38.4836654Z  - @lerna/publish@999.9.9-e2e.0
2022-06-21T18:32:38.4837096Z  - @lerna/run@999.9.9-e2e.0
2022-06-21T18:32:38.4837769Z  - @lerna/version@999.9.9-e2e.0
2022-06-21T18:32:38.4838289Z  - @lerna/child-process@999.9.9-e2e.0
2022-06-21T18:32:38.4838739Z  - @lerna/cli@999.9.9-e2e.0
2022-06-21T18:32:38.4839398Z  - @lerna/command@999.9.9-e2e.0
2022-06-21T18:32:38.4839940Z  - @lerna/conventional-commits@999.9.9-e2e.0
2022-06-21T18:32:38.4840453Z  - @lerna/filter-options@999.9.9-e2e.0
2022-06-21T18:32:38.4840964Z  - @lerna/global-options@999.9.9-e2e.0
2022-06-21T18:32:38.4841395Z  - lerna@999.9.9-e2e.0
2022-06-21T18:32:38.4842107Z  - @lerna/otplease@999.9.9-e2e.0
2022-06-21T18:32:38.4842608Z  - @lerna/package-graph@999.9.9-e2e.0
2022-06-21T18:32:38.4843094Z  - @lerna/package@999.9.9-e2e.0
2022-06-21T18:32:38.4843557Z  - @lerna/project@999.9.9-e2e.0
2022-06-21T18:32:38.4844021Z  - @lerna/prompt@999.9.9-e2e.0
2022-06-21T18:32:38.4844587Z  - @lerna/validation-error@999.9.9-e2e.0
2022-06-21T18:32:38.4845123Z  - @lerna/check-working-tree@999.9.9-e2e.0
2022-06-21T18:32:38.4845665Z  - @lerna/collect-uncommitted@999.9.9-e2e.0
2022-06-21T18:32:38.4846190Z  - @lerna/collect-updates@999.9.9-e2e.0
2022-06-21T18:32:38.4846704Z  - @lerna/create-symlink@999.9.9-e2e.0
2022-06-21T18:32:38.4847293Z  - @lerna/describe-ref@999.9.9-e2e.0
2022-06-21T18:32:38.4847771Z  - @lerna/filter-packages@999.9.9-e2e.0
2022-06-21T18:32:38.4848502Z  - @lerna/get-npm-exec-opts@999.9.9-e2e.0
2022-06-21T18:32:38.4848985Z  - @lerna/get-packed@999.9.9-e2e.0
2022-06-21T18:32:38.4849449Z  - @lerna/github-client@999.9.9-e2e.0
2022-06-21T18:32:38.4849914Z  - @lerna/gitlab-client@999.9.9-e2e.0
2022-06-21T18:32:38.4850387Z  - @lerna/has-npm-version@999.9.9-e2e.0
2022-06-21T18:32:38.4850842Z  - @lerna/listable@999.9.9-e2e.0
2022-06-21T18:32:38.4851291Z  - @lerna/log-packed@999.9.9-e2e.0
2022-06-21T18:32:38.4851756Z  - @lerna/map-to-registry@999.9.9-e2e.0
2022-06-21T18:32:38.4852265Z  - @lerna/npm-conf@999.9.9-e2e.0
2022-06-21T18:32:38.4852707Z  - @lerna/npm-dist-tag@999.9.9-e2e.0
2022-06-21T18:32:38.4853172Z  - @lerna/npm-install@999.9.9-e2e.0
2022-06-21T18:32:38.4853629Z  - @lerna/npm-publish@999.9.9-e2e.0
2022-06-21T18:32:38.4854270Z  - @lerna/npm-run-script@999.9.9-e2e.0
2022-06-21T18:32:38.4854852Z  - @lerna/output@999.9.9-e2e.0
2022-06-21T18:32:38.4855551Z  - @lerna/pack-directory@999.9.9-e2e.0
2022-06-21T18:32:38.4856132Z  - @lerna/prerelease-id-from-version@999.9.9-e2e.0
2022-06-21T18:32:38.4856645Z  - @lerna/profiler@999.9.9-e2e.0
2022-06-21T18:32:38.4857149Z  - @lerna/pulse-till-done@999.9.9-e2e.0
2022-06-21T18:32:38.4857643Z  - @lerna/query-graph@999.9.9-e2e.0
2022-06-21T18:32:38.4858144Z  - @lerna/resolve-symlink@999.9.9-e2e.0
2022-06-21T18:32:38.4861607Z  - @lerna/rimraf-dir@999.9.9-e2e.0
2022-06-21T18:32:38.4862109Z  - @lerna/run-lifecycle@999.9.9-e2e.0
2022-06-21T18:32:38.4862626Z  - @lerna/run-topologically@999.9.9-e2e.0
2022-06-21T18:32:38.4863138Z  - @lerna/symlink-binary@999.9.9-e2e.0
2022-06-21T18:32:38.4863659Z  - @lerna/symlink-dependencies@999.9.9-e2e.0
2022-06-21T18:32:38.4864177Z  - @lerna/temp-write@999.9.9-e2e.0
2022-06-21T18:32:38.4864635Z  - @lerna/timer@999.9.9-e2e.0
2022-06-21T18:32:38.4865246Z  - @lerna/write-log-file@999.9.9-e2e.0
2022-06-21T18:32:38.4868569Z lerna success published 62 packages
2022-06-21T18:32:38.5137723Z 
2022-06-21T18:32:38.5158101Z Publishing complete
2022-06-21T18:32:38.5190103Z 
2022-06-21T18:32:38.5190791Z => Running jest tests, this may take some time as real lerna workspaces are used...
2022-06-21T18:32:38.5191469Z 
2022-06-21T18:34:08.7482742Z [0m[7m[1m[32m PASS [39m[22m[27m[0m [0m[7m[37m e2e [39m[27m[0m [2mlerna-run/[22m[1mlerna-run.spec.ts[22m ([0m[1m[41m87.362 s[49m[22m[0m)
2022-06-21T18:34:49.1672352Z [0m[7m[1m[31m FAIL [39m[22m[27m[0m [0m[7m[37m e2e [39m[27m[0m [2mlerna-changed/[22m[1mlerna-changed.spec.ts[22m ([0m[1m[41m40.399 s[49m[22m[0m)
2022-06-21T18:34:49.1717615Z [1m[31m  [1m● [22m[1mlerna changed › with a change to package-c since the last release › --json › should list package-a and package-c as changed in json format[39m[22m
2022-06-21T18:34:49.1718072Z 
2022-06-21T18:34:49.1718856Z     [2mexpect([22m[36m[107mreceived[49m[39m[2m).[22mtoMatchInlineSnapshot[2m([22m[35m[103msnapshot[49m[39m[2m)[22m
2022-06-21T18:34:49.1719173Z 
2022-06-21T18:34:49.1719823Z     Snapshot name: `lerna changed with a change to package-c since the last release --json should list package-a and package-c as changed in json format 1`
2022-06-21T18:34:49.1720196Z 
2022-06-21T18:34:49.1720437Z     [35m[103m- Snapshot  - 2[49m[39m
2022-06-21T18:34:49.1720825Z     [36m[107m+ Received  + 2[49m[39m
2022-06-21T18:34:49.1720999Z 
2022-06-21T18:34:49.1721201Z     [33m@@ -1,17 +1,17 @@[39m
2022-06-21T18:34:49.1721500Z     [2m  [[22m
2022-06-21T18:34:49.1721788Z     [2m    {[22m
2022-06-21T18:34:49.1722160Z     [2m      "name": "package-a",[22m
2022-06-21T18:34:49.1722549Z     [2m      "version": "0.0.0",[22m
2022-06-21T18:34:49.1722914Z     [2m      "private": false,[22m
2022-06-21T18:34:49.1723555Z     [35m[103m-     "location": "/[7mprivate/[27mtmp/lerna-e2e/lerna-changed-test/modules/package-a"[49m[39m
2022-06-21T18:34:49.1724349Z     [36m[107m+     "location": "/tmp/lerna-e2e[7m--2121-EEC9T8Vpri70[27m/lerna-changed-test/modules/package-a"[49m[39m
2022-06-21T18:34:49.1724902Z     [2m    },[22m
2022-06-21T18:34:49.1725444Z     [2m    {[22m
2022-06-21T18:34:49.1725804Z     [2m      "name": "package-c",[22m
2022-06-21T18:34:49.1726190Z     [2m      "version": "0.0.0-alpha.1",[22m
2022-06-21T18:34:49.1726557Z     [2m      "private": false,[22m
2022-06-21T18:34:49.1727322Z     [35m[103m-     "location": "/[7mprivate/[27mtmp/lerna-e2e/lerna-changed-test/packages/package-c"[49m[39m
2022-06-21T18:34:49.1728115Z     [36m[107m+     "location": "/tmp/lerna-e2e[7m--2121-EEC9T8Vpri70[27m/lerna-changed-test/packages/package-c"[49m[39m
2022-06-21T18:34:49.1728554Z     [2m    }[22m
2022-06-21T18:34:49.1728840Z     [2m  ][22m
2022-06-21T18:34:49.1729221Z     [2m  lerna notice cli v999.9.9-e2e.0[22m
2022-06-21T18:34:49.1729731Z     [2m  lerna info Looking for changed packages since 0.0.0[22m
2022-06-21T18:34:49.1730267Z     [2m  lerna success found 2 packages ready to publish[22m
2022-06-21T18:34:49.1730646Z [2m[22m
2022-06-21T18:34:49.1731395Z [2m    [0m [90m 93 |[39m         [36mconst[39m output [33m=[39m [36mawait[39m runCLI([32m"changed --json"[39m)[33m;[39m[0m[22m
2022-06-21T18:34:49.1731892Z [2m    [0m [90m 94 |[39m[0m[22m
2022-06-21T18:34:49.1732721Z [2m    [0m[31m[1m>[22m[2m[39m[90m 95 |[39m         expect(output[33m.[39mcombinedOutput)[33m.[39mtoMatchInlineSnapshot([32m`[39m[0m[22m
2022-06-21T18:34:49.1733458Z [2m    [0m [90m    |[39m                                       [31m[1m^[22m[2m[39m[0m[22m
2022-06-21T18:34:49.1733973Z [2m    [0m [90m 96 |[39m [32m          [[39m[0m[22m
2022-06-21T18:34:49.1734462Z [2m    [0m [90m 97 |[39m [32m            {[39m[0m[22m
2022-06-21T18:34:49.1735042Z [2m    [0m [90m 98 |[39m [32m              "name": "package-a",[39m[0m[22m
2022-06-21T18:34:49.1735387Z [2m[22m
2022-06-21T18:34:49.1736125Z [2m      [2mat Object.<anonymous> ([22m[2m[0m[36mlerna-changed/lerna-changed.spec.ts[39m[0m[2m:95:39)[22m[2m[22m
2022-06-21T18:34:49.1736553Z 
2022-06-21T18:34:49.1737462Z [1m[31m  [1m● [22m[1mlerna changed › with a change to package-c since the last release › --ndjson › should list package-a and package-c as changed in newline-delimited json format[39m[22m
2022-06-21T18:34:49.1737878Z 
2022-06-21T18:34:49.1738660Z     [2mexpect([22m[36m[107mreceived[49m[39m[2m).[22mtoMatchInlineSnapshot[2m([22m[35m[103msnapshot[49m[39m[2m)[22m
2022-06-21T18:34:49.1738945Z 
2022-06-21T18:34:49.1739654Z     Snapshot name: `lerna changed with a change to package-c since the last release --ndjson should list package-a and package-c as changed in newline-delimited json format 1`
2022-06-21T18:34:49.1740057Z 
2022-06-21T18:34:49.1740293Z     [35m[103m- Snapshot  - 2[49m[39m
2022-06-21T18:34:49.1740693Z     [36m[107m+ Received  + 2[49m[39m
2022-06-21T18:34:49.1740869Z 
2022-06-21T18:34:49.1741504Z     [35m[103m- {"name":"package-a","version":"0.0.0","private":false,"location":"/[7mprivate/[27mtmp/lerna-e2e/lerna-changed-test/modules/package-a"}[49m[39m
2022-06-21T18:34:49.1742508Z     [36m[107m+ {"name":"package-a","version":"0.0.0","private":false,"location":"/tmp/lerna-e2e[7m--2121-EEC9T8Vpri70[27m/lerna-changed-test/modules/package-a"}[49m[39m
2022-06-21T18:34:49.1743503Z     [35m[103m- {"name":"package-c","version":"0.0.0-alpha.1","private":false,"location":"/[7mprivate/[27mtmp/lerna-e2e/lerna-changed-test/packages/package-c"}[49m[39m
2022-06-21T18:34:49.1744534Z     [36m[107m+ {"name":"package-c","version":"0.0.0-alpha.1","private":false,"location":"/tmp/lerna-e2e[7m--2121-EEC9T8Vpri70[27m/lerna-changed-test/packages/package-c"}[49m[39m
2022-06-21T18:34:49.1745153Z     [2m  lerna notice cli v999.9.9-e2e.0[22m
2022-06-21T18:34:49.1745658Z     [2m  lerna info Looking for changed packages since 0.0.0[22m
2022-06-21T18:34:49.1746188Z     [2m  lerna success found 2 packages ready to publish[22m
2022-06-21T18:34:49.1746555Z     [2m  ↵[22m
2022-06-21T18:34:49.1746840Z [2m[22m
2022-06-21T18:34:49.1747708Z [2m    [0m [90m 120 |[39m         [36mconst[39m output [33m=[39m [36mawait[39m runCLI([32m"changed --ndjson"[39m)[33m;[39m[0m[22m
2022-06-21T18:34:49.1748225Z [2m    [0m [90m 121 |[39m[0m[22m
2022-06-21T18:34:49.1749037Z [2m    [0m[31m[1m>[22m[2m[39m[90m 122 |[39m         expect(output[33m.[39mcombinedOutput)[33m.[39mtoMatchInlineSnapshot([32m`[39m[0m[22m
2022-06-21T18:34:49.1749773Z [2m    [0m [90m     |[39m                                       [31m[1m^[22m[2m[39m[0m[22m
2022-06-21T18:34:49.1750770Z [2m    [0m [90m 123 |[39m [32m          {"name":"package-a","version":"0.0.0","private":false,"location":"/private/tmp/lerna-e2e/lerna-changed-test/modules/package-a"}[39m[0m[22m
2022-06-21T18:34:49.1751963Z [2m    [0m [90m 124 |[39m [32m          {"name":"package-c","version":"0.0.0-alpha.1","private":false,"location":"/private/tmp/lerna-e2e/lerna-changed-test/packages/package-c"}[39m[0m[22m
2022-06-21T18:34:49.1752766Z [2m    [0m [90m 125 |[39m [32m          lerna notice cli v999.9.9-e2e.0[39m[0m[22m
2022-06-21T18:34:49.1753117Z [2m[22m
2022-06-21T18:34:49.1753935Z [2m      [2mat Object.<anonymous> ([22m[2m[0m[36mlerna-changed/lerna-changed.spec.ts[39m[0m[2m:122:39)[22m[2m[22m
2022-06-21T18:34:49.1754304Z 
2022-06-21T18:34:49.1755342Z [1m[31m  [1m● [22m[1mlerna changed › with a change to package-c since the last release › --parseable › should list package-a and package-c as changed with parseable output instead of columnified view[39m[22m
2022-06-21T18:34:49.1755834Z 
2022-06-21T18:34:49.1756395Z     [2mexpect([22m[36m[107mreceived[49m[39m[2m).[22mtoMatchInlineSnapshot[2m([22m[35m[103msnapshot[49m[39m[2m)[22m
2022-06-21T18:34:49.1756729Z 
2022-06-21T18:34:49.1757539Z     Snapshot name: `lerna changed with a change to package-c since the last release --parseable should list package-a and package-c as changed with parseable output instead of columnified view 1`
2022-06-21T18:34:49.1758080Z 
2022-06-21T18:34:49.1758482Z     [35m[103m- Snapshot  - 2[49m[39m
2022-06-21T18:34:49.1759006Z     [36m[107m+ Received  + 2[49m[39m
2022-06-21T18:34:49.1759230Z 
2022-06-21T18:34:49.1759707Z     [35m[103m- [7m/private[27m/tmp/lerna-e2e/lerna-changed-test/modules/package-a[49m[39m
2022-06-21T18:34:49.1760524Z     [36m[107m+ /tmp/lerna-e2e[7m--2121-EEC9T8Vpri70[27m/lerna-changed-test/modules/package-a[49m[39m
2022-06-21T18:34:49.1761377Z     [35m[103m- [7m/private[27m/tmp/lerna-e2e/lerna-changed-test/packages/package-c[49m[39m
2022-06-21T18:34:49.1762203Z     [36m[107m+ /tmp/lerna-e2e[7m--2121-EEC9T8Vpri70[27m/lerna-changed-test/packages/package-c[49m[39m
2022-06-21T18:34:49.1762770Z     [2m  lerna notice cli v999.9.9-e2e.0[22m
2022-06-21T18:34:49.1763367Z     [2m  lerna info Looking for changed packages since 0.0.0[22m
2022-06-21T18:34:49.1764000Z     [2m  lerna success found 2 packages ready to publish[22m
2022-06-21T18:34:49.1764505Z     [2m  ↵[22m
2022-06-21T18:34:49.1764883Z [2m[22m
2022-06-21T18:34:49.1765748Z [2m    [0m [90m 197 |[39m         [36mconst[39m output [33m=[39m [36mawait[39m runCLI([32m"changed --parseable"[39m)[33m;[39m[0m[22m
2022-06-21T18:34:49.1766370Z [2m    [0m [90m 198 |[39m[0m[22m
2022-06-21T18:34:49.1767265Z [2m    [0m[31m[1m>[22m[2m[39m[90m 199 |[39m         expect(output[33m.[39mcombinedOutput)[33m.[39mtoMatchInlineSnapshot([32m`[39m[0m[22m
2022-06-21T18:34:49.1768168Z [2m    [0m [90m     |[39m                                       [31m[1m^[22m[2m[39m[0m[22m
2022-06-21T18:34:49.1768961Z [2m    [0m [90m 200 |[39m [32m          /private/tmp/lerna-e2e/lerna-changed-test/modules/package-a[39m[0m[22m
2022-06-21T18:34:49.1769819Z [2m    [0m [90m 201 |[39m [32m          /private/tmp/lerna-e2e/lerna-changed-test/packages/package-c[39m[0m[22m
2022-06-21T18:34:49.1770609Z [2m    [0m [90m 202 |[39m [32m          lerna notice cli v999.9.9-e2e.0[39m[0m[22m
2022-06-21T18:34:49.1771021Z [2m[22m
2022-06-21T18:34:49.1780171Z [2m      [2mat Object.<anonymous> ([22m[2m[0m[36mlerna-changed/lerna-changed.spec.ts[39m[0m[2m:199:39)[22m[2m[22m
2022-06-21T18:34:49.1780700Z 
2022-06-21T18:34:49.1782132Z [1m[31m  [1m● [22m[1mlerna changed › with a change to package-c since the last release › -p › should list package-a and package-c as changed with parseable output instead of columnified view[39m[22m
2022-06-21T18:34:49.1782575Z 
2022-06-21T18:34:49.1783201Z     [2mexpect([22m[36m[107mreceived[49m[39m[2m).[22mtoMatchInlineSnapshot[2m([22m[35m[103msnapshot[49m[39m[2m)[22m
2022-06-21T18:34:49.1783513Z 
2022-06-21T18:34:49.1784471Z     Snapshot name: `lerna changed with a change to package-c since the last release -p should list package-a and package-c as changed with parseable output instead of columnified view 1`
2022-06-21T18:34:49.1784953Z 
2022-06-21T18:34:49.1785239Z     [35m[103m- Snapshot  - 2[49m[39m
2022-06-21T18:34:49.1785748Z     [36m[107m+ Received  + 2[49m[39m
2022-06-21T18:34:49.1785970Z 
2022-06-21T18:34:49.1786487Z     [35m[103m- [7m/private[27m/tmp/lerna-e2e/lerna-changed-test/modules/package-a[49m[39m
2022-06-21T18:34:49.1787322Z     [36m[107m+ /tmp/lerna-e2e[7m--2121-EEC9T8Vpri70[27m/lerna-changed-test/modules/package-a[49m[39m
2022-06-21T18:34:49.1788066Z     [35m[103m- [7m/private[27m/tmp/lerna-e2e/lerna-changed-test/packages/package-c[49m[39m
2022-06-21T18:34:49.1788904Z     [36m[107m+ /tmp/lerna-e2e[7m--2121-EEC9T8Vpri70[27m/lerna-changed-test/packages/package-c[49m[39m
2022-06-21T18:34:49.1789530Z     [2m  lerna notice cli v999.9.9-e2e.0[22m
2022-06-21T18:34:49.1790169Z     [2m  lerna info Looking for changed packages since 0.0.0[22m
2022-06-21T18:34:49.1790792Z     [2m  lerna success found 2 packages ready to publish[22m
2022-06-21T18:34:49.1791265Z     [2m  ↵[22m
2022-06-21T18:34:49.1791736Z [2m[22m
2022-06-21T18:34:49.1792612Z [2m    [0m [90m 212 |[39m         [36mconst[39m output [33m=[39m [36mawait[39m runCLI([32m"changed -p"[39m)[33m;[39m[0m[22m
2022-06-21T18:34:49.1793224Z [2m    [0m [90m 213 |[39m[0m[22m
2022-06-21T18:34:49.1794152Z [2m    [0m[31m[1m>[22m[2m[39m[90m 214 |[39m         expect(output[33m.[39mcombinedOutput)[33m.[39mtoMatchInlineSnapshot([32m`[39m[0m[22m
2022-06-21T18:34:49.1794975Z [2m    [0m [90m     |[39m                                       [31m[1m^[22m[2m[39m[0m[22m
2022-06-21T18:34:49.1795867Z [2m    [0m [90m 215 |[39m [32m          /private/tmp/lerna-e2e/lerna-changed-test/modules/package-a[39m[0m[22m
2022-06-21T18:34:49.1796797Z [2m    [0m [90m 216 |[39m [32m          /private/tmp/lerna-e2e/lerna-changed-test/packages/package-c[39m[0m[22m
2022-06-21T18:34:49.1797617Z [2m    [0m [90m 217 |[39m [32m          lerna notice cli v999.9.9-e2e.0[39m[0m[22m
2022-06-21T18:34:49.1798055Z [2m[22m
2022-06-21T18:34:49.1798971Z [2m      [2mat Object.<anonymous> ([22m[2m[0m[36mlerna-changed/lerna-changed.spec.ts[39m[0m[2m:214:39)[22m[2m[22m
2022-06-21T18:34:49.1799308Z 
2022-06-21T18:34:49.1843237Z [1m[31m  [1m● [22m[1mlerna changed › with a change to package-c since the last release › -pla › should list package-a, package-b, and package-c as changed, with version and package info, in a parseable output[39m[22m
2022-06-21T18:34:49.1843821Z 
2022-06-21T18:34:49.1844414Z     [2mexpect([22m[36m[107mreceived[49m[39m[2m).[22mtoMatchInlineSnapshot[2m([22m[35m[103msnapshot[49m[39m[2m)[22m
2022-06-21T18:34:49.1844683Z 
2022-06-21T18:34:49.1845423Z     Snapshot name: `lerna changed with a change to package-c since the last release -pla should list package-a, package-b, and package-c as changed, with version and package info, in a parseable output 1`
2022-06-21T18:34:49.1845824Z 
2022-06-21T18:34:49.1846041Z     [35m[103m- Snapshot  - 3[49m[39m
2022-06-21T18:34:49.1846414Z     [36m[107m+ Received  + 3[49m[39m
2022-06-21T18:34:49.1846579Z 
2022-06-21T18:34:49.1847040Z     [35m[103m- [7m/private[27m/tmp/lerna-e2e/lerna-changed-test/modules/package-a:package-a:0.0.0[49m[39m
2022-06-21T18:34:49.1848149Z     [36m[107m+ /tmp/lerna-e2e[7m--2121-EEC9T8Vpri70[27m/lerna-changed-test/modules/package-a:package-a:0.0.0[49m[39m
2022-06-21T18:34:49.1848956Z     [35m[103m- [7m/private[27m/tmp/lerna-e2e/lerna-changed-test/packages/package-b:package-b:0.0.0:PRIVATE[49m[39m
2022-06-21T18:34:49.1849795Z     [36m[107m+ /tmp/lerna-e2e[7m--2121-EEC9T8Vpri70[27m/lerna-changed-test/packages/package-b:package-b:0.0.0:PRIVATE[49m[39m
2022-06-21T18:34:49.1850578Z     [35m[103m- [7m/private[27m/tmp/lerna-e2e/lerna-changed-test/packages/package-c:package-c:0.0.0-alpha.1[49m[39m
2022-06-21T18:34:49.1851385Z     [36m[107m+ /tmp/lerna-e2e[7m--2121-EEC9T8Vpri70[27m/lerna-changed-test/packages/package-c:package-c:0.0.0-alpha.1[49m[39m
2022-06-21T18:34:49.1851941Z     [2m  lerna notice cli v999.9.9-e2e.0[22m
2022-06-21T18:34:49.1852444Z     [2m  lerna info Looking for changed packages since 0.0.0[22m
2022-06-21T18:34:49.1852968Z     [2m  lerna success found 3 packages ready to publish[22m
2022-06-21T18:34:49.1853316Z     [2m  ↵[22m
2022-06-21T18:34:49.1853599Z [2m[22m
2022-06-21T18:34:49.1854332Z [2m    [0m [90m 227 |[39m         [36mconst[39m output [33m=[39m [36mawait[39m runCLI([32m"changed -pla"[39m)[33m;[39m[0m[22m
2022-06-21T18:34:49.1854818Z [2m    [0m [90m 228 |[39m[0m[22m
2022-06-21T18:34:49.1855725Z [2m    [0m[31m[1m>[22m[2m[39m[90m 229 |[39m         expect(output[33m.[39mcombinedOutput)[33m.[39mtoMatchInlineSnapshot([32m`[39m[0m[22m
2022-06-21T18:34:49.1856387Z [2m    [0m [90m     |[39m                                       [31m[1m^[22m[2m[39m[0m[22m
2022-06-21T18:34:49.1857147Z [2m    [0m [90m 230 |[39m [32m          /private/tmp/lerna-e2e/lerna-changed-test/modules/package-a:package-a:0.0.0[39m[0m[22m
2022-06-21T18:34:49.1858170Z [2m    [0m [90m 231 |[39m [32m          /private/tmp/lerna-e2e/lerna-changed-test/packages/package-b:package-b:0.0.0:PRIVATE[39m[0m[22m
2022-06-21T18:34:49.1860791Z [2m    [0m [90m 232 |[39m [32m          /private/tmp/lerna-e2e/lerna-changed-test/packages/package-c:package-c:0.0.0-alpha.1[39m[0m[22m
2022-06-21T18:34:49.1861154Z [2m[22m
2022-06-21T18:34:49.1861983Z [2m      [2mat Object.<anonymous> ([22m[2m[0m[36mlerna-changed/lerna-changed.spec.ts[39m[0m[2m:229:39)[22m[2m[22m
2022-06-21T18:34:49.1862254Z 
2022-06-21T18:34:49.1862520Z [1m[31m › 5 snapshots failed.[39m[22m
2022-06-21T18:35:14.2200536Z [0m[7m[1m[32m PASS [39m[22m[27m[0m [0m[7m[37m e2e [39m[27m[0m [2mlerna-list/[22m[1mlerna-list.spec.ts[22m ([0m[1m[41m25.032 s[49m[22m[0m)
2022-06-21T18:35:53.6801838Z [0m[7m[1m[32m PASS [39m[22m[27m[0m [0m[7m[37m e2e [39m[27m[0m [2mlerna-exec/[22m[1mlerna-exec.spec.ts[22m ([0m[1m[41m39.441 s[49m[22m[0m)
2022-06-21T18:37:14.9564539Z [0m[7m[1m[32m PASS [39m[22m[27m[0m [0m[7m[37m e2e [39m[27m[0m [2mlerna-list/[22m[1mlerna-list-filter-options.spec.ts[22m ([0m[1m[41m81.253 s[49m[22m[0m)
2022-06-21T18:37:20.5530304Z [0m[7m[1m[32m PASS [39m[22m[27m[0m [0m[7m[37m e2e [39m[27m[0m [2mlerna-init/[22m[1mlerna-init.spec.ts[22m ([0m[1m[41m5.535 s[49m[22m[0m)
2022-06-21T18:37:31.4205611Z [0m[7m[1m[32m PASS [39m[22m[27m[0m [0m[7m[37m e2e [39m[27m[0m [2mlerna-info/[22m[1mlerna-info.spec.ts[22m ([0m[1m[41m10.852 s[49m[22m[0m)
2022-06-21T18:37:31.4216080Z 
2022-06-21T18:37:31.4225791Z [1mSnapshot Summary[22m
2022-06-21T18:37:31.4226920Z [1m[31m › 5 snapshots failed[39m[22m from 1 test suite. [2mInspect your code changes or re-run jest with `-u` to update them.[22m
2022-06-21T18:37:31.4227665Z 
2022-06-21T18:37:31.4232485Z [1mTest Suites: [22m[1m[31m1 failed[39m[22m, [1m[32m6 passed[39m[22m, 7 total
2022-06-21T18:37:31.4233349Z [1mTests:       [22m[1m[31m5 failed[39m[22m, [1m[32m55 passed[39m[22m, 60 total
2022-06-21T18:37:31.4263115Z [1mSnapshots:   [22m[1m[31m5 failed[39m[22m, [1m[32m62 passed[39m[22m, 67 total
2022-06-21T18:37:31.4263764Z [1mTime:[22m        290.666 s
2022-06-21T18:37:31.4264175Z [2mRan all test suites[22m[2m.[22m
2022-06-21T18:37:31.5611349Z [1m[31mERROR: Something went wrong in run-commands - Command failed: PUBLISHED_VERSION=999.9.9-e2e.0 jest --config ./jest.config.ts[39m[22m
2022-06-21T18:37:31.5686799Z 
2022-06-21T18:37:31.5687132Z  
2022-06-21T18:37:31.5687330Z 
2022-06-21T18:37:31.5687571Z  >  NX   Running target "@lerna/e2e:e2e" failed
2022-06-21T18:37:31.5687779Z 
2022-06-21T18:37:31.5687894Z    Failed tasks:
2022-06-21T18:37:31.5688136Z    
2022-06-21T18:37:31.5688639Z    - @lerna/e2e:e2e
2022-06-21T18:37:31.5688864Z    
2022-06-21T18:37:31.5689303Z    Hint: run the command with --verbose for more details.
2022-06-21T18:37:31.5689523Z 
2022-06-21T18:37:31.5956449Z ##[error]Process completed with exit code 1.
2022-06-21T18:37:31.6021063Z Post job cleanup.
2022-06-21T18:37:31.6066738Z Post job cleanup.
2022-06-21T18:37:31.7505585Z [command]/usr/bin/git version
2022-06-21T18:37:31.7566094Z git version 2.36.1
2022-06-21T18:37:31.7634071Z Copying '/home/runner/.gitconfig' to '/home/runner/work/_temp/a73ffbb5-25e6-427a-8700-1ff4d002b7fd/.gitconfig'
2022-06-21T18:37:31.7646844Z Temporarily overriding HOME='/home/runner/work/_temp/a73ffbb5-25e6-427a-8700-1ff4d002b7fd' before making global git config changes
2022-06-21T18:37:31.7647585Z Adding repository directory to the temporary git global config as a safe directory
2022-06-21T18:37:31.7654162Z [command]/usr/bin/git config --global --add safe.directory /home/runner/work/lerna/lerna
2022-06-21T18:37:31.7748319Z [command]/usr/bin/git config --local --name-only --get-regexp core\.sshCommand
2022-06-21T18:37:31.7838096Z [command]/usr/bin/git submodule foreach --recursive git config --local --name-only --get-regexp 'core\.sshCommand' && git config --local --unset-all 'core.sshCommand' || :
2022-06-21T18:37:31.8142403Z [command]/usr/bin/git config --local --name-only --get-regexp http\.https\:\/\/github\.com\/\.extraheader
2022-06-21T18:37:31.8176347Z http.https://github.com/.extraheader
2022-06-21T18:37:31.8189626Z [command]/usr/bin/git config --local --unset-all http.https://github.com/.extraheader
2022-06-21T18:37:31.8230279Z [command]/usr/bin/git submodule foreach --recursive git config --local --name-only --get-regexp 'http\.https\:\/\/github\.com\/\.extraheader' && git config --local --unset-all 'http.https://github.com/.extraheader' || :
2022-06-21T18:37:31.8761240Z Cleaning up orphan processes
2022-06-21T18:37:31.9041229Z Terminate orphan process: pid (2018) (npm run start-verdaccio)
2022-06-21T18:37:31.9070953Z Terminate orphan process: pid (2057) (sh)
2022-06-21T18:37:31.9094230Z Terminate orphan process: pid (2058) (verdaccio)