2022-06-22T10:46:24.9964904Z Requested labels: ubuntu-latest
2022-06-22T10:46:24.9965014Z Job defined at: tj/commander.js/.github/workflows/tests.yml@refs/pull/1758/merge
2022-06-22T10:46:24.9965067Z Waiting for a runner to pick up this job...
2022-06-22T10:46:26.7297727Z Job is waiting for a hosted runner to come online.
2022-06-22T10:46:29.0380970Z Job is about to start running on the hosted runner: GitHub Actions 3 (hosted)
2022-06-22T10:46:34.0149130Z Current runner version: '2.293.0'
2022-06-22T10:46:34.0177746Z ##[group]Operating System
2022-06-22T10:46:34.0178251Z Ubuntu
2022-06-22T10:46:34.0178554Z 20.04.4
2022-06-22T10:46:34.0178966Z LTS
2022-06-22T10:46:34.0179223Z ##[endgroup]
2022-06-22T10:46:34.0179570Z ##[group]Virtual Environment
2022-06-22T10:46:34.0179955Z Environment: ubuntu-20.04
2022-06-22T10:46:34.0180281Z Version: 20220614.0
2022-06-22T10:46:34.0180867Z Included Software: https://github.com/actions/virtual-environments/blob/ubuntu20/20220614.0/images/linux/Ubuntu2004-Readme.md
2022-06-22T10:46:34.0181560Z Image Release: https://github.com/actions/virtual-environments/releases/tag/ubuntu20%2F20220614.0
2022-06-22T10:46:34.0181987Z ##[endgroup]
2022-06-22T10:46:34.0182358Z ##[group]Virtual Environment Provisioner
2022-06-22T10:46:34.0182795Z 1.0.0.0-main-20220531-1
2022-06-22T10:46:34.0183133Z ##[endgroup]
2022-06-22T10:46:34.0183762Z ##[group]GITHUB_TOKEN Permissions
2022-06-22T10:46:34.0184312Z Contents: read
2022-06-22T10:46:34.0184843Z Metadata: read
2022-06-22T10:46:34.0185186Z ##[endgroup]
2022-06-22T10:46:34.0189010Z Secret source: None
2022-06-22T10:46:34.0189553Z Prepare workflow directory
2022-06-22T10:46:34.1031546Z Prepare all required actions
2022-06-22T10:46:34.1218539Z Getting action download info
2022-06-22T10:46:34.3384053Z Download action repository 'actions/checkout@v3' (SHA:2541b1294d2704b0964813337f33b291d3f8596b)
2022-06-22T10:46:34.7240537Z Download action repository 'actions/setup-node@v3' (SHA:eeb10cff27034e7acf239c5d29f62154018672fd)
2022-06-22T10:46:35.2154023Z ##[group]Run actions/checkout@v3
2022-06-22T10:46:35.2154387Z with:
2022-06-22T10:46:35.2154637Z   repository: tj/commander.js
2022-06-22T10:46:35.2155193Z   token: ***
2022-06-22T10:46:35.2155439Z   ssh-strict: true
2022-06-22T10:46:35.2155721Z   persist-credentials: true
2022-06-22T10:46:35.2155989Z   clean: true
2022-06-22T10:46:35.2156225Z   fetch-depth: 1
2022-06-22T10:46:35.2156462Z   lfs: false
2022-06-22T10:46:35.2156680Z   submodules: false
2022-06-22T10:46:35.2156978Z   set-safe-directory: true
2022-06-22T10:46:35.2157242Z ##[endgroup]
2022-06-22T10:46:35.5126769Z Syncing repository: tj/commander.js
2022-06-22T10:46:35.5128557Z ##[group]Getting Git version info
2022-06-22T10:46:35.5129179Z Working directory is '/home/runner/work/commander.js/commander.js'
2022-06-22T10:46:35.5129809Z [command]/usr/bin/git version
2022-06-22T10:46:35.5268383Z git version 2.36.1
2022-06-22T10:46:35.5278528Z ##[endgroup]
2022-06-22T10:46:35.5296488Z Temporarily overriding HOME='/home/runner/work/_temp/de257f2f-f5f3-4f36-8b2f-d55efbdd4a69' before making global git config changes
2022-06-22T10:46:35.5297084Z Adding repository directory to the temporary git global config as a safe directory
2022-06-22T10:46:35.5300888Z [command]/usr/bin/git config --global --add safe.directory /home/runner/work/commander.js/commander.js
2022-06-22T10:46:35.5343555Z Deleting the contents of '/home/runner/work/commander.js/commander.js'
2022-06-22T10:46:35.5347824Z ##[group]Initializing the repository
2022-06-22T10:46:35.5351190Z [command]/usr/bin/git init /home/runner/work/commander.js/commander.js
2022-06-22T10:46:35.5418930Z hint: Using 'master' as the name for the initial branch. This default branch name
2022-06-22T10:46:35.5420391Z hint: is subject to change. To configure the initial branch name to use in all
2022-06-22T10:46:35.5421938Z hint: of your new repositories, which will suppress this warning, call:
2022-06-22T10:46:35.5422379Z hint: 
2022-06-22T10:46:35.5423373Z hint: 	git config --global init.defaultBranch <name>
2022-06-22T10:46:35.5423854Z hint: 
2022-06-22T10:46:35.5424674Z hint: Names commonly chosen instead of 'master' are 'main', 'trunk' and
2022-06-22T10:46:35.5425325Z hint: 'development'. The just-created branch can be renamed via this command:
2022-06-22T10:46:35.5425762Z hint: 
2022-06-22T10:46:35.5426471Z hint: 	git branch -m <name>
2022-06-22T10:46:35.5437795Z Initialized empty Git repository in /home/runner/work/commander.js/commander.js/.git/
2022-06-22T10:46:35.5447916Z [command]/usr/bin/git remote add origin https://github.com/tj/commander.js
2022-06-22T10:46:35.5493650Z ##[endgroup]
2022-06-22T10:46:35.5494337Z ##[group]Disabling automatic garbage collection
2022-06-22T10:46:35.5499995Z [command]/usr/bin/git config --local gc.auto 0
2022-06-22T10:46:35.5534327Z ##[endgroup]
2022-06-22T10:46:35.5534931Z ##[group]Setting up auth
2022-06-22T10:46:35.5543773Z [command]/usr/bin/git config --local --name-only --get-regexp core\.sshCommand
2022-06-22T10:46:35.5592037Z [command]/usr/bin/git submodule foreach --recursive git config --local --name-only --get-regexp 'core\.sshCommand' && git config --local --unset-all 'core.sshCommand' || :
2022-06-22T10:46:35.5974496Z [command]/usr/bin/git config --local --name-only --get-regexp http\.https\:\/\/github\.com\/\.extraheader
2022-06-22T10:46:35.6000672Z [command]/usr/bin/git submodule foreach --recursive git config --local --name-only --get-regexp 'http\.https\:\/\/github\.com\/\.extraheader' && git config --local --unset-all 'http.https://github.com/.extraheader' || :
2022-06-22T10:46:35.6244222Z [command]/usr/bin/git config --local http.https://github.com/.extraheader AUTHORIZATION: basic ***
2022-06-22T10:46:35.6291806Z ##[endgroup]
2022-06-22T10:46:35.6292766Z ##[group]Fetching the repository
2022-06-22T10:46:35.6294242Z [command]/usr/bin/git -c protocol.version=2 fetch --no-tags --prune --progress --no-recurse-submodules --depth=1 origin +c113914cc781f0cdd31e612b5ace3930872be0b8:refs/remotes/pull/1758/merge
2022-06-22T10:46:35.8249178Z remote: Enumerating objects: 204, done.        
2022-06-22T10:46:35.8355169Z remote: Counting objects:   0% (1/204)        
2022-06-22T10:46:35.8355593Z remote: Counting objects:   1% (3/204)        
2022-06-22T10:46:35.8356080Z remote: Counting objects:   2% (5/204)        
2022-06-22T10:46:35.8356373Z remote: Counting objects:   3% (7/204)        
2022-06-22T10:46:35.8356674Z remote: Counting objects:   4% (9/204)        
2022-06-22T10:46:35.8356982Z remote: Counting objects:   5% (11/204)        
2022-06-22T10:46:35.8357718Z remote: Counting objects:   6% (13/204)        
2022-06-22T10:46:35.8358031Z remote: Counting objects:   7% (15/204)        
2022-06-22T10:46:35.8358463Z remote: Counting objects:   8% (17/204)        
2022-06-22T10:46:35.8358770Z remote: Counting objects:   9% (19/204)        
2022-06-22T10:46:35.8359113Z remote: Counting objects:  10% (21/204)        
2022-06-22T10:46:35.8359516Z remote: Counting objects:  11% (23/204)        
2022-06-22T10:46:35.8359834Z remote: Counting objects:  12% (25/204)        
2022-06-22T10:46:35.8360167Z remote: Counting objects:  13% (27/204)        
2022-06-22T10:46:35.8360472Z remote: Counting objects:  14% (29/204)        
2022-06-22T10:46:35.8360771Z remote: Counting objects:  15% (31/204)        
2022-06-22T10:46:35.8361054Z remote: Counting objects:  16% (33/204)        
2022-06-22T10:46:35.8361348Z remote: Counting objects:  17% (35/204)        
2022-06-22T10:46:35.8361651Z remote: Counting objects:  18% (37/204)        
2022-06-22T10:46:35.8361957Z remote: Counting objects:  19% (39/204)        
2022-06-22T10:46:35.8362242Z remote: Counting objects:  20% (41/204)        
2022-06-22T10:46:35.8362544Z remote: Counting objects:  21% (43/204)        
2022-06-22T10:46:35.8362843Z remote: Counting objects:  22% (45/204)        
2022-06-22T10:46:35.8363126Z remote: Counting objects:  23% (47/204)        
2022-06-22T10:46:35.8363430Z remote: Counting objects:  24% (49/204)        
2022-06-22T10:46:35.8363729Z remote: Counting objects:  25% (51/204)        
2022-06-22T10:46:35.8364015Z remote: Counting objects:  26% (54/204)        
2022-06-22T10:46:35.8364309Z remote: Counting objects:  27% (56/204)        
2022-06-22T10:46:35.8364621Z remote: Counting objects:  28% (58/204)        
2022-06-22T10:46:35.8364906Z remote: Counting objects:  29% (60/204)        
2022-06-22T10:46:35.8365205Z remote: Counting objects:  30% (62/204)        
2022-06-22T10:46:35.8365618Z remote: Counting objects:  31% (64/204)        
2022-06-22T10:46:35.8365920Z remote: Counting objects:  32% (66/204)        
2022-06-22T10:46:35.8366454Z remote: Counting objects:  33% (68/204)        
2022-06-22T10:46:35.8366802Z remote: Counting objects:  34% (70/204)        
2022-06-22T10:46:35.8367107Z remote: Counting objects:  35% (72/204)        
2022-06-22T10:46:35.8367393Z remote: Counting objects:  36% (74/204)        
2022-06-22T10:46:35.8367817Z remote: Counting objects:  37% (76/204)        
2022-06-22T10:46:35.8368124Z remote: Counting objects:  38% (78/204)        
2022-06-22T10:46:35.8368413Z remote: Counting objects:  39% (80/204)        
2022-06-22T10:46:35.8368754Z remote: Counting objects:  40% (82/204)        
2022-06-22T10:46:35.8369059Z remote: Counting objects:  41% (84/204)        
2022-06-22T10:46:35.8369345Z remote: Counting objects:  42% (86/204)        
2022-06-22T10:46:35.8369647Z remote: Counting objects:  43% (88/204)        
2022-06-22T10:46:35.8369948Z remote: Counting objects:  44% (90/204)        
2022-06-22T10:46:35.8370245Z remote: Counting objects:  45% (92/204)        
2022-06-22T10:46:35.8370535Z remote: Counting objects:  46% (94/204)        
2022-06-22T10:46:35.8370840Z remote: Counting objects:  47% (96/204)        
2022-06-22T10:46:35.8371147Z remote: Counting objects:  48% (98/204)        
2022-06-22T10:46:35.8371437Z remote: Counting objects:  49% (100/204)        
2022-06-22T10:46:35.8371749Z remote: Counting objects:  50% (102/204)        
2022-06-22T10:46:35.8372060Z remote: Counting objects:  51% (105/204)        
2022-06-22T10:46:35.8372443Z remote: Counting objects:  52% (107/204)        
2022-06-22T10:46:35.8372751Z remote: Counting objects:  53% (109/204)        
2022-06-22T10:46:35.8373057Z remote: Counting objects:  54% (111/204)        
2022-06-22T10:46:35.8373345Z remote: Counting objects:  55% (113/204)        
2022-06-22T10:46:35.8373647Z remote: Counting objects:  56% (115/204)        
2022-06-22T10:46:35.8373948Z remote: Counting objects:  57% (117/204)        
2022-06-22T10:46:35.8374270Z remote: Counting objects:  58% (119/204)        
2022-06-22T10:46:35.8374590Z remote: Counting objects:  59% (121/204)        
2022-06-22T10:46:35.8374882Z remote: Counting objects:  60% (123/204)        
2022-06-22T10:46:35.8375181Z remote: Counting objects:  61% (125/204)        
2022-06-22T10:46:35.8375480Z remote: Counting objects:  62% (127/204)        
2022-06-22T10:46:35.8375764Z remote: Counting objects:  63% (129/204)        
2022-06-22T10:46:35.8376065Z remote: Counting objects:  64% (131/204)        
2022-06-22T10:46:35.8376380Z remote: Counting objects:  65% (133/204)        
2022-06-22T10:46:35.8376667Z remote: Counting objects:  66% (135/204)        
2022-06-22T10:46:35.8376965Z remote: Counting objects:  67% (137/204)        
2022-06-22T10:46:35.8377267Z remote: Counting objects:  68% (139/204)        
2022-06-22T10:46:35.8377553Z remote: Counting objects:  69% (141/204)        
2022-06-22T10:46:35.8377852Z remote: Counting objects:  70% (143/204)        
2022-06-22T10:46:35.8378154Z remote: Counting objects:  71% (145/204)        
2022-06-22T10:46:35.8378457Z remote: Counting objects:  72% (147/204)        
2022-06-22T10:46:35.8378872Z remote: Counting objects:  73% (149/204)        
2022-06-22T10:46:35.8379184Z remote: Counting objects:  74% (151/204)        
2022-06-22T10:46:35.8379484Z remote: Counting objects:  75% (153/204)        
2022-06-22T10:46:35.8379773Z remote: Counting objects:  76% (156/204)        
2022-06-22T10:46:35.8380076Z remote: Counting objects:  77% (158/204)        
2022-06-22T10:46:35.8380375Z remote: Counting objects:  78% (160/204)        
2022-06-22T10:46:35.8380718Z remote: Counting objects:  79% (162/204)        
2022-06-22T10:46:35.8381018Z remote: Counting objects:  80% (164/204)        
2022-06-22T10:46:35.8381320Z remote: Counting objects:  81% (166/204)        
2022-06-22T10:46:35.8381603Z remote: Counting objects:  82% (168/204)        
2022-06-22T10:46:35.8381912Z remote: Counting objects:  83% (170/204)        
2022-06-22T10:46:35.8382214Z remote: Counting objects:  84% (172/204)        
2022-06-22T10:46:35.8382605Z remote: Counting objects:  85% (174/204)        
2022-06-22T10:46:35.8382933Z remote: Counting objects:  86% (176/204)        
2022-06-22T10:46:35.8383239Z remote: Counting objects:  87% (178/204)        
2022-06-22T10:46:35.8383540Z remote: Counting objects:  88% (180/204)        
2022-06-22T10:46:35.8383828Z remote: Counting objects:  89% (182/204)        
2022-06-22T10:46:35.8384130Z remote: Counting objects:  90% (184/204)        
2022-06-22T10:46:35.8384428Z remote: Counting objects:  91% (186/204)        
2022-06-22T10:46:35.8384716Z remote: Counting objects:  92% (188/204)        
2022-06-22T10:46:35.8385017Z remote: Counting objects:  93% (190/204)        
2022-06-22T10:46:35.8385423Z remote: Counting objects:  94% (192/204)        
2022-06-22T10:46:35.8385716Z remote: Counting objects:  95% (194/204)        
2022-06-22T10:46:35.8386065Z remote: Counting objects:  96% (196/204)        
2022-06-22T10:46:35.8386369Z remote: Counting objects:  97% (198/204)        
2022-06-22T10:46:35.8386671Z remote: Counting objects:  98% (200/204)        
2022-06-22T10:46:35.8386961Z remote: Counting objects:  99% (202/204)        
2022-06-22T10:46:35.8387360Z remote: Counting objects: 100% (204/204)        
2022-06-22T10:46:35.8387769Z remote: Counting objects: 100% (204/204), done.        
2022-06-22T10:46:35.8388112Z remote: Compressing objects:   0% (1/181)        
2022-06-22T10:46:35.8388441Z remote: Compressing objects:   1% (2/181)        
2022-06-22T10:46:35.8388814Z remote: Compressing objects:   2% (4/181)        
2022-06-22T10:46:35.8389191Z remote: Compressing objects:   3% (6/181)        
2022-06-22T10:46:35.8389622Z remote: Compressing objects:   4% (8/181)        
2022-06-22T10:46:35.8389947Z remote: Compressing objects:   5% (10/181)        
2022-06-22T10:46:35.8390321Z remote: Compressing objects:   6% (11/181)        
2022-06-22T10:46:35.8390632Z remote: Compressing objects:   7% (13/181)        
2022-06-22T10:46:35.8390957Z remote: Compressing objects:   8% (15/181)        
2022-06-22T10:46:35.8391285Z remote: Compressing objects:   9% (17/181)        
2022-06-22T10:46:35.8391592Z remote: Compressing objects:  10% (19/181)        
2022-06-22T10:46:35.8391912Z remote: Compressing objects:  11% (20/181)        
2022-06-22T10:46:35.8392357Z remote: Compressing objects:  12% (22/181)        
2022-06-22T10:46:35.8392667Z remote: Compressing objects:  13% (24/181)        
2022-06-22T10:46:35.8392994Z remote: Compressing objects:  14% (26/181)        
2022-06-22T10:46:35.8393320Z remote: Compressing objects:  15% (28/181)        
2022-06-22T10:46:35.8393631Z remote: Compressing objects:  16% (29/181)        
2022-06-22T10:46:35.8393953Z remote: Compressing objects:  17% (31/181)        
2022-06-22T10:46:35.8394272Z remote: Compressing objects:  18% (33/181)        
2022-06-22T10:46:35.8394594Z remote: Compressing objects:  19% (35/181)        
2022-06-22T10:46:35.8394893Z remote: Compressing objects:  20% (37/181)        
2022-06-22T10:46:35.8395212Z remote: Compressing objects:  21% (39/181)        
2022-06-22T10:46:35.8395536Z remote: Compressing objects:  22% (40/181)        
2022-06-22T10:46:35.8395841Z remote: Compressing objects:  23% (42/181)        
2022-06-22T10:46:35.8396299Z remote: Compressing objects:  24% (44/181)        
2022-06-22T10:46:35.8396617Z remote: Compressing objects:  25% (46/181)        
2022-06-22T10:46:35.8396963Z remote: Compressing objects:  26% (48/181)        
2022-06-22T10:46:35.8397279Z remote: Compressing objects:  27% (49/181)        
2022-06-22T10:46:35.8397602Z remote: Compressing objects:  28% (51/181)        
2022-06-22T10:46:35.8397917Z remote: Compressing objects:  29% (53/181)        
2022-06-22T10:46:35.8398218Z remote: Compressing objects:  30% (55/181)        
2022-06-22T10:46:35.8398531Z remote: Compressing objects:  31% (57/181)        
2022-06-22T10:46:35.8398849Z remote: Compressing objects:  32% (58/181)        
2022-06-22T10:46:35.8400362Z remote: Compressing objects:  33% (60/181)        
2022-06-22T10:46:35.8400697Z remote: Compressing objects:  34% (62/181)        
2022-06-22T10:46:35.8401539Z remote: Compressing objects:  35% (64/181)        
2022-06-22T10:46:35.8401845Z remote: Compressing objects:  36% (66/181)        
2022-06-22T10:46:35.8402170Z remote: Compressing objects:  37% (67/181)        
2022-06-22T10:46:35.8402490Z remote: Compressing objects:  38% (69/181)        
2022-06-22T10:46:35.8402816Z remote: Compressing objects:  39% (71/181)        
2022-06-22T10:46:35.8403116Z remote: Compressing objects:  40% (73/181)        
2022-06-22T10:46:35.8403442Z remote: Compressing objects:  41% (75/181)        
2022-06-22T10:46:35.8403901Z remote: Compressing objects:  42% (77/181)        
2022-06-22T10:46:35.8404559Z remote: Compressing objects:  43% (78/181)        
2022-06-22T10:46:35.8404885Z remote: Compressing objects:  44% (80/181)        
2022-06-22T10:46:35.8412145Z remote: Compressing objects:  45% (82/181)        
2022-06-22T10:46:35.8420444Z remote: Compressing objects:  46% (84/181)        
2022-06-22T10:46:35.8420809Z remote: Compressing objects:  47% (86/181)        
2022-06-22T10:46:35.8429413Z remote: Compressing objects:  48% (87/181)        
2022-06-22T10:46:35.8435253Z remote: Compressing objects:  49% (89/181)        
2022-06-22T10:46:35.8444048Z remote: Compressing objects:  50% (91/181)        
2022-06-22T10:46:35.8444412Z remote: Compressing objects:  51% (93/181)        
2022-06-22T10:46:35.8444741Z remote: Compressing objects:  52% (95/181)        
2022-06-22T10:46:35.8446900Z remote: Compressing objects:  53% (96/181)        
2022-06-22T10:46:35.8447474Z remote: Compressing objects:  54% (98/181)        
2022-06-22T10:46:35.8449505Z remote: Compressing objects:  55% (100/181)        
2022-06-22T10:46:35.8456646Z remote: Compressing objects:  56% (102/181)        
2022-06-22T10:46:35.8456996Z remote: Compressing objects:  57% (104/181)        
2022-06-22T10:46:35.8457312Z remote: Compressing objects:  58% (105/181)        
2022-06-22T10:46:35.8457645Z remote: Compressing objects:  59% (107/181)        
2022-06-22T10:46:35.8463548Z remote: Compressing objects:  60% (109/181)        
2022-06-22T10:46:35.8470972Z remote: Compressing objects:  61% (111/181)        
2022-06-22T10:46:35.8476112Z remote: Compressing objects:  62% (113/181)        
2022-06-22T10:46:35.8481219Z remote: Compressing objects:  63% (115/181)        
2022-06-22T10:46:35.8481590Z remote: Compressing objects:  64% (116/181)        
2022-06-22T10:46:35.8481905Z remote: Compressing objects:  65% (118/181)        
2022-06-22T10:46:35.8482228Z remote: Compressing objects:  66% (120/181)        
2022-06-22T10:46:35.8482563Z remote: Compressing objects:  67% (122/181)        
2022-06-22T10:46:35.8482868Z remote: Compressing objects:  68% (124/181)        
2022-06-22T10:46:35.8483188Z remote: Compressing objects:  69% (125/181)        
2022-06-22T10:46:35.8496742Z remote: Compressing objects:  70% (127/181)        
2022-06-22T10:46:35.8511076Z remote: Compressing objects:  71% (129/181)        
2022-06-22T10:46:35.8511428Z remote: Compressing objects:  72% (131/181)        
2022-06-22T10:46:35.8511772Z remote: Compressing objects:  73% (133/181)        
2022-06-22T10:46:35.8512099Z remote: Compressing objects:  74% (134/181)        
2022-06-22T10:46:35.8512539Z remote: Compressing objects:  75% (136/181)        
2022-06-22T10:46:35.8512864Z remote: Compressing objects:  76% (138/181)        
2022-06-22T10:46:35.8514911Z remote: Compressing objects:  77% (140/181)        
2022-06-22T10:46:35.8515238Z remote: Compressing objects:  78% (142/181)        
2022-06-22T10:46:35.8515732Z remote: Compressing objects:  79% (143/181)        
2022-06-22T10:46:35.8516053Z remote: Compressing objects:  80% (145/181)        
2022-06-22T10:46:35.8516373Z remote: Compressing objects:  81% (147/181)        
2022-06-22T10:46:35.8516684Z remote: Compressing objects:  82% (149/181)        
2022-06-22T10:46:35.8517006Z remote: Compressing objects:  83% (151/181)        
2022-06-22T10:46:35.8517329Z remote: Compressing objects:  84% (153/181)        
2022-06-22T10:46:35.8517630Z remote: Compressing objects:  85% (154/181)        
2022-06-22T10:46:35.8518174Z remote: Compressing objects:  86% (156/181)        
2022-06-22T10:46:35.8518493Z remote: Compressing objects:  87% (158/181)        
2022-06-22T10:46:35.8523337Z remote: Compressing objects:  88% (160/181)        
2022-06-22T10:46:35.8524340Z remote: Compressing objects:  89% (162/181)        
2022-06-22T10:46:35.8524669Z remote: Compressing objects:  90% (163/181)        
2022-06-22T10:46:35.8532170Z remote: Compressing objects:  91% (165/181)        
2022-06-22T10:46:35.8534679Z remote: Compressing objects:  92% (167/181)        
2022-06-22T10:46:35.8539672Z remote: Compressing objects:  93% (169/181)        
2022-06-22T10:46:35.8540245Z remote: Compressing objects:  94% (171/181)        
2022-06-22T10:46:35.8541585Z remote: Compressing objects:  95% (172/181)        
2022-06-22T10:46:35.8541926Z remote: Compressing objects:  96% (174/181)        
2022-06-22T10:46:35.8542237Z remote: Compressing objects:  97% (176/181)        
2022-06-22T10:46:35.8542562Z remote: Compressing objects:  98% (178/181)        
2022-06-22T10:46:35.8542895Z remote: Compressing objects:  99% (180/181)        
2022-06-22T10:46:35.8543199Z remote: Compressing objects: 100% (181/181)        
2022-06-22T10:46:35.8543534Z remote: Compressing objects: 100% (181/181), done.        
2022-06-22T10:46:35.8588795Z Receiving objects:   0% (1/204)
2022-06-22T10:46:35.8589099Z Receiving objects:   1% (3/204)
2022-06-22T10:46:35.8589377Z Receiving objects:   2% (5/204)
2022-06-22T10:46:35.8589819Z Receiving objects:   3% (7/204)
2022-06-22T10:46:35.8590084Z Receiving objects:   4% (9/204)
2022-06-22T10:46:35.8595082Z Receiving objects:   5% (11/204)
2022-06-22T10:46:35.8595399Z Receiving objects:   6% (13/204)
2022-06-22T10:46:35.8614307Z Receiving objects:   7% (15/204)
2022-06-22T10:46:35.8614641Z Receiving objects:   8% (17/204)
2022-06-22T10:46:35.8649153Z Receiving objects:   9% (19/204)
2022-06-22T10:46:35.8649464Z Receiving objects:  10% (21/204)
2022-06-22T10:46:35.8652375Z Receiving objects:  11% (23/204)
2022-06-22T10:46:35.8652687Z Receiving objects:  12% (25/204)
2022-06-22T10:46:35.8655781Z Receiving objects:  13% (27/204)
2022-06-22T10:46:35.8657930Z Receiving objects:  14% (29/204)
2022-06-22T10:46:35.8660013Z Receiving objects:  15% (31/204)
2022-06-22T10:46:35.8672471Z Receiving objects:  16% (33/204)
2022-06-22T10:46:35.8676051Z Receiving objects:  17% (35/204)
2022-06-22T10:46:35.8676391Z Receiving objects:  18% (37/204)
2022-06-22T10:46:35.8676659Z Receiving objects:  19% (39/204)
2022-06-22T10:46:35.8676946Z Receiving objects:  20% (41/204)
2022-06-22T10:46:35.8677214Z Receiving objects:  21% (43/204)
2022-06-22T10:46:35.8677806Z Receiving objects:  22% (45/204)
2022-06-22T10:46:35.8678078Z Receiving objects:  23% (47/204)
2022-06-22T10:46:35.8678350Z Receiving objects:  24% (49/204)
2022-06-22T10:46:35.8678604Z Receiving objects:  25% (51/204)
2022-06-22T10:46:35.8678871Z Receiving objects:  26% (54/204)
2022-06-22T10:46:35.8679141Z Receiving objects:  27% (56/204)
2022-06-22T10:46:35.8679461Z Receiving objects:  28% (58/204)
2022-06-22T10:46:35.8679723Z Receiving objects:  29% (60/204)
2022-06-22T10:46:35.8679993Z Receiving objects:  30% (62/204)
2022-06-22T10:46:35.8680241Z Receiving objects:  31% (64/204)
2022-06-22T10:46:35.8680511Z Receiving objects:  32% (66/204)
2022-06-22T10:46:35.8706284Z Receiving objects:  33% (68/204)
2022-06-22T10:46:35.8706605Z Receiving objects:  34% (70/204)
2022-06-22T10:46:35.8709608Z Receiving objects:  35% (72/204)
2022-06-22T10:46:35.8871279Z Receiving objects:  36% (74/204)
2022-06-22T10:46:35.8874436Z Receiving objects:  37% (76/204)
2022-06-22T10:46:35.8876877Z Receiving objects:  38% (78/204)
2022-06-22T10:46:35.8879186Z Receiving objects:  39% (80/204)
2022-06-22T10:46:35.8881343Z Receiving objects:  40% (82/204)
2022-06-22T10:46:35.8883773Z Receiving objects:  41% (84/204)
2022-06-22T10:46:35.8886079Z Receiving objects:  42% (86/204)
2022-06-22T10:46:35.8889577Z Receiving objects:  43% (88/204)
2022-06-22T10:46:35.8892776Z Receiving objects:  44% (90/204)
2022-06-22T10:46:35.8896409Z Receiving objects:  45% (92/204)
2022-06-22T10:46:35.8900436Z Receiving objects:  46% (94/204)
2022-06-22T10:46:35.8900812Z Receiving objects:  47% (96/204)
2022-06-22T10:46:35.8907679Z Receiving objects:  48% (98/204)
2022-06-22T10:46:35.8908003Z Receiving objects:  49% (100/204)
2022-06-22T10:46:35.8908285Z Receiving objects:  50% (102/204)
2022-06-22T10:46:35.8908562Z Receiving objects:  51% (105/204)
2022-06-22T10:46:35.8908820Z Receiving objects:  52% (107/204)
2022-06-22T10:46:35.8934443Z Receiving objects:  53% (109/204)
2022-06-22T10:46:35.8964421Z Receiving objects:  54% (111/204)
2022-06-22T10:46:35.8964710Z Receiving objects:  55% (113/204)
2022-06-22T10:46:35.8964986Z Receiving objects:  56% (115/204)
2022-06-22T10:46:35.8965257Z Receiving objects:  57% (117/204)
2022-06-22T10:46:35.8965509Z Receiving objects:  58% (119/204)
2022-06-22T10:46:35.8965781Z Receiving objects:  59% (121/204)
2022-06-22T10:46:35.8966053Z Receiving objects:  60% (123/204)
2022-06-22T10:46:35.8966352Z Receiving objects:  61% (125/204)
2022-06-22T10:46:35.8966607Z Receiving objects:  62% (127/204)
2022-06-22T10:46:35.8966873Z Receiving objects:  63% (129/204)
2022-06-22T10:46:35.8967140Z Receiving objects:  64% (131/204)
2022-06-22T10:46:35.8967393Z Receiving objects:  65% (133/204)
2022-06-22T10:46:35.8967659Z Receiving objects:  66% (135/204)
2022-06-22T10:46:35.8967922Z Receiving objects:  67% (137/204)
2022-06-22T10:46:35.8968172Z Receiving objects:  68% (139/204)
2022-06-22T10:46:35.8968636Z Receiving objects:  69% (141/204)
2022-06-22T10:46:35.8968911Z Receiving objects:  70% (143/204)
2022-06-22T10:46:35.8969161Z Receiving objects:  71% (145/204)
2022-06-22T10:46:35.8969464Z Receiving objects:  72% (147/204)
2022-06-22T10:46:35.8969716Z Receiving objects:  73% (149/204)
2022-06-22T10:46:35.8969979Z Receiving objects:  74% (151/204)
2022-06-22T10:46:35.8970251Z Receiving objects:  75% (153/204)
2022-06-22T10:46:35.8970500Z Receiving objects:  76% (156/204)
2022-06-22T10:46:35.8970771Z Receiving objects:  77% (158/204)
2022-06-22T10:46:35.8971044Z Receiving objects:  78% (160/204)
2022-06-22T10:46:35.8971298Z Receiving objects:  79% (162/204)
2022-06-22T10:46:35.8971559Z Receiving objects:  80% (164/204)
2022-06-22T10:46:35.8971836Z Receiving objects:  81% (166/204)
2022-06-22T10:46:35.8972086Z Receiving objects:  82% (168/204)
2022-06-22T10:46:35.8972348Z Receiving objects:  83% (170/204)
2022-06-22T10:46:35.8972612Z Receiving objects:  84% (172/204)
2022-06-22T10:46:35.8972867Z Receiving objects:  85% (174/204)
2022-06-22T10:46:35.8973134Z Receiving objects:  86% (176/204)
2022-06-22T10:46:35.8973401Z Receiving objects:  87% (178/204)
2022-06-22T10:46:35.8973663Z Receiving objects:  88% (180/204)
2022-06-22T10:46:35.8973914Z Receiving objects:  89% (182/204)
2022-06-22T10:46:35.8974183Z Receiving objects:  90% (184/204)
2022-06-22T10:46:35.8974449Z Receiving objects:  91% (186/204)
2022-06-22T10:46:35.9004827Z Receiving objects:  92% (188/204)
2022-06-22T10:46:35.9005397Z Receiving objects:  93% (190/204)
2022-06-22T10:46:35.9005964Z Receiving objects:  94% (192/204)
2022-06-22T10:46:35.9006628Z Receiving objects:  95% (194/204)
2022-06-22T10:46:35.9006943Z Receiving objects:  96% (196/204)
2022-06-22T10:46:35.9007220Z Receiving objects:  97% (198/204)
2022-06-22T10:46:35.9007492Z Receiving objects:  98% (200/204)
2022-06-22T10:46:35.9007745Z Receiving objects:  99% (202/204)
2022-06-22T10:46:35.9008491Z remote: Total 204 (delta 22), reused 102 (delta 7), pack-reused 0        
2022-06-22T10:46:35.9008847Z Receiving objects: 100% (204/204)
2022-06-22T10:46:35.9009145Z Receiving objects: 100% (204/204), 289.81 KiB | 6.74 MiB/s, done.
2022-06-22T10:46:35.9009444Z Resolving deltas:   0% (0/22)
2022-06-22T10:46:35.9009713Z Resolving deltas:   4% (1/22)
2022-06-22T10:46:35.9009961Z Resolving deltas:   9% (2/22)
2022-06-22T10:46:35.9010223Z Resolving deltas:  13% (3/22)
2022-06-22T10:46:35.9010486Z Resolving deltas:  18% (4/22)
2022-06-22T10:46:35.9010735Z Resolving deltas:  22% (5/22)
2022-06-22T10:46:35.9011192Z Resolving deltas:  27% (6/22)
2022-06-22T10:46:35.9011466Z Resolving deltas:  31% (7/22)
2022-06-22T10:46:35.9011728Z Resolving deltas:  36% (8/22)
2022-06-22T10:46:35.9034066Z Resolving deltas:  40% (9/22)
2022-06-22T10:46:35.9034668Z Resolving deltas:  45% (10/22)
2022-06-22T10:46:35.9035152Z Resolving deltas:  50% (11/22)
2022-06-22T10:46:35.9036392Z Resolving deltas:  54% (12/22)
2022-06-22T10:46:35.9036792Z Resolving deltas:  59% (13/22)
2022-06-22T10:46:35.9037139Z Resolving deltas:  63% (14/22)
2022-06-22T10:46:35.9078723Z Resolving deltas:  68% (15/22)
2022-06-22T10:46:35.9079843Z Resolving deltas:  72% (16/22)
2022-06-22T10:46:35.9080360Z Resolving deltas:  77% (17/22)
2022-06-22T10:46:35.9081128Z Resolving deltas:  81% (18/22)
2022-06-22T10:46:35.9081459Z Resolving deltas:  86% (19/22)
2022-06-22T10:46:35.9081737Z Resolving deltas:  90% (20/22)
2022-06-22T10:46:35.9082005Z Resolving deltas:  95% (21/22)
2022-06-22T10:46:35.9082256Z Resolving deltas: 100% (22/22)
2022-06-22T10:46:35.9082554Z Resolving deltas: 100% (22/22), done.
2022-06-22T10:46:35.9154370Z From https://github.com/tj/commander.js
2022-06-22T10:46:35.9155152Z  * [new ref]         c113914cc781f0cdd31e612b5ace3930872be0b8 -> pull/1758/merge
2022-06-22T10:46:35.9181721Z ##[endgroup]
2022-06-22T10:46:35.9182268Z ##[group]Determining the checkout info
2022-06-22T10:46:35.9182749Z ##[endgroup]
2022-06-22T10:46:35.9183190Z ##[group]Checking out the ref
2022-06-22T10:46:35.9184765Z [command]/usr/bin/git checkout --progress --force refs/remotes/pull/1758/merge
2022-06-22T10:46:35.9330044Z Note: switching to 'refs/remotes/pull/1758/merge'.
2022-06-22T10:46:35.9330664Z 
2022-06-22T10:46:35.9331566Z You are in 'detached HEAD' state. You can look around, make experimental
2022-06-22T10:46:35.9332079Z changes and commit them, and you can discard any commits you make in this
2022-06-22T10:46:35.9332505Z state without impacting any branches by switching back to a branch.
2022-06-22T10:46:35.9332739Z 
2022-06-22T10:46:35.9332932Z If you want to create a new branch to retain commits you create, you may
2022-06-22T10:46:35.9333458Z do so (now or later) by using -c with the switch command. Example:
2022-06-22T10:46:35.9333682Z 
2022-06-22T10:46:35.9333870Z   git switch -c <new-branch-name>
2022-06-22T10:46:35.9334050Z 
2022-06-22T10:46:35.9334169Z Or undo this operation with:
2022-06-22T10:46:35.9334338Z 
2022-06-22T10:46:35.9334416Z   git switch -
2022-06-22T10:46:35.9334559Z 
2022-06-22T10:46:35.9334787Z Turn off this advice by setting config variable advice.detachedHead to false
2022-06-22T10:46:35.9335043Z 
2022-06-22T10:46:35.9335293Z HEAD is now at c113914 Merge 806422f129ded4d59eb6153a35081add0d801f5f into 3ae30a291a777ad1f748d86f49903579277f9ea0
2022-06-22T10:46:35.9340767Z ##[endgroup]
2022-06-22T10:46:35.9391902Z [command]/usr/bin/git log -1 --format='%H'
2022-06-22T10:46:35.9424833Z 'c113914cc781f0cdd31e612b5ace3930872be0b8'
2022-06-22T10:46:35.9765418Z ##[group]Run actions/setup-node@v3
2022-06-22T10:46:35.9765784Z with:
2022-06-22T10:46:35.9766050Z   cache: npm
2022-06-22T10:46:35.9766362Z   node-version: 12.x
2022-06-22T10:46:35.9766763Z   always-auth: false
2022-06-22T10:46:35.9767034Z   check-latest: false
2022-06-22T10:46:35.9767583Z   token: ***
2022-06-22T10:46:35.9767886Z ##[endgroup]
2022-06-22T10:46:36.1918756Z Found in cache @ /opt/hostedtoolcache/node/12.22.12/x64
2022-06-22T10:46:36.1997393Z [command]/opt/hostedtoolcache/node/12.22.12/x64/bin/npm config get cache
2022-06-22T10:46:36.6029343Z /home/runner/.npm
2022-06-22T10:46:37.2187268Z Received 31818826 of 31818826 (100.0%), 90.9 MBs/sec
2022-06-22T10:46:37.2194701Z Cache Size: ~30 MB (31818826 B)
2022-06-22T10:46:37.2216032Z [command]/usr/bin/tar --use-compress-program zstd -d -xf /home/runner/work/_temp/20daa21b-947e-4070-940e-7bae8f2058a7/cache.tzst -P -C /home/runner/work/commander.js/commander.js
2022-06-22T10:46:37.3358033Z Cache restored successfully
2022-06-22T10:46:37.3433230Z 
2022-06-22T10:46:37.3439578Z Cache restored from key: node-cache-Linux-npm-e1425c0f1ffaf8a646d32b66a61dbadf8df9cfa9c97bd846085014052447881f
2022-06-22T10:46:37.3618231Z ##[group]Run npm ci
2022-06-22T10:46:37.3618530Z [36;1mnpm ci[0m
2022-06-22T10:46:37.3678133Z shell: /usr/bin/bash -e {0}
2022-06-22T10:46:37.3678400Z ##[endgroup]
2022-06-22T10:46:42.2769277Z added 546 packages in 4.421s
2022-06-22T10:46:42.2904960Z ##[group]Run npm test
2022-06-22T10:46:42.2905212Z [36;1mnpm test[0m
2022-06-22T10:46:42.2959770Z shell: /usr/bin/bash -e {0}
2022-06-22T10:46:42.2960027Z ##[endgroup]
2022-06-22T10:46:42.5167781Z 
2022-06-22T10:46:42.5168934Z > commander@9.3.0 test /home/runner/work/commander.js/commander.js
2022-06-22T10:46:42.5170021Z > jest && npm run test-typings
2022-06-22T10:46:42.5170513Z 
2022-06-22T10:46:43.4004042Z Browserslist: caniuse-lite is outdated. Please run:
2022-06-22T10:46:43.4004933Z   npx browserslist@latest --update-db
2022-06-22T10:46:43.4005769Z   Why you should do it regularly: https://github.com/browserslist/browserslist#browsers-data-updating
2022-06-22T10:46:44.6501992Z PASS tests/command.positionalOptions.test.js
2022-06-22T10:46:44.8499319Z PASS tests/command.parseOptions.test.js
2022-06-22T10:46:44.9626051Z PASS tests/options.env.test.js
2022-06-22T10:46:45.1611103Z PASS tests/command.exitOverride.test.js
2022-06-22T10:46:45.3061976Z PASS tests/command.help.test.js
2022-06-22T10:46:45.4465776Z PASS tests/command.hook.test.js
2022-06-22T10:46:45.5994397Z PASS tests/options.conflicts.test.js
2022-06-22T10:46:45.7378421Z PASS tests/command.executableSubcommand.search.test.js
2022-06-22T10:46:45.8809274Z PASS tests/options.mandatory.test.js
2022-06-22T10:46:45.9624000Z PASS tests/options.default.test.js
2022-06-22T10:46:46.0920662Z PASS tests/command.configureOutput.test.js
2022-06-22T10:46:46.2290897Z PASS tests/command.addHelpText.test.js
2022-06-22T10:46:46.3322409Z PASS tests/help.suggestion.test.js
2022-06-22T10:46:46.4673996Z PASS tests/options.implies.test.js
2022-06-22T10:46:46.6244907Z PASS tests/argument.custom-processing.test.js
2022-06-22T10:46:46.7069319Z PASS tests/command.chain.test.js
2022-06-22T10:46:46.8351231Z PASS tests/command.parse.test.js
2022-06-22T10:46:46.9671992Z PASS tests/options.variadic.test.js
2022-06-22T10:46:47.1056669Z PASS tests/options.version.test.js
2022-06-22T10:46:47.1742654Z PASS tests/help.wrap.test.js
2022-06-22T10:46:47.2520308Z PASS tests/command.asterisk.test.js
2022-06-22T10:46:47.3258495Z PASS tests/options.bool.combo.test.js
2022-06-22T10:46:47.4038587Z PASS tests/options.custom-processing.test.js
2022-06-22T10:46:47.4737413Z PASS tests/command.copySettings.test.js
2022-06-22T10:46:47.5478980Z PASS tests/options.bool.test.js
2022-06-22T10:46:47.6241760Z PASS tests/incrementNodeInspectorPort.test.js
2022-06-22T10:46:47.8676439Z PASS tests/command.action.test.js
2022-06-22T10:46:49.2027816Z PASS tests/command.executableSubcommand.lookup.test.js
2022-06-22T10:46:49.3306101Z PASS tests/command.helpOption.test.js
2022-06-22T10:46:49.4664399Z PASS tests/command.helpCommand.test.js
2022-06-22T10:46:49.5937180Z PASS tests/command.alias.test.js
2022-06-22T10:46:49.6664903Z PASS tests/command.showHelpAfterError.test.js
2022-06-22T10:46:49.7487052Z PASS tests/command.argumentVariations.test.js
2022-06-22T10:46:49.8840295Z PASS tests/command.allowExcessArguments.test.js
2022-06-22T10:46:49.9559168Z PASS tests/options.dual-options.test.js
2022-06-22T10:46:50.0785626Z PASS tests/command.executableSubcommand.mock.test.js
2022-06-22T10:46:50.2041015Z PASS tests/argument.variadic.test.js
2022-06-22T10:46:50.5755891Z PASS tests/command.default.test.js
2022-06-22T10:46:50.6510046Z PASS tests/help.optionDescription.test.js
2022-06-22T10:46:50.7272136Z PASS tests/options.values.test.js
2022-06-22T10:46:50.7994589Z PASS tests/help.sortOptions.test.js
2022-06-22T10:46:50.8854592Z PASS tests/command.unknownOption.test.js
2022-06-22T10:46:50.9546959Z PASS tests/options.optional.test.js
2022-06-22T10:46:51.0742425Z PASS tests/options.required.test.js
2022-06-22T10:46:51.2061862Z PASS tests/commander.configureCommand.test.js
2022-06-22T10:46:51.2743734Z PASS tests/help.visibleOptions.test.js
2022-06-22T10:46:51.3467315Z PASS tests/options.flags.test.js
2022-06-22T10:46:51.4163798Z PASS tests/options.opts.test.js
2022-06-22T10:46:51.4859756Z PASS tests/help.visibleArguments.test.js
2022-06-22T10:46:51.5608194Z PASS tests/command.usage.test.js
2022-06-22T10:46:51.6864662Z PASS tests/args.variadic.test.js
2022-06-22T10:46:51.8199732Z PASS tests/command.allowUnknownOption.test.js
2022-06-22T10:46:52.6523037Z PASS tests/command.executableSubcommand.inspect.test.js
2022-06-22T10:46:52.7273842Z PASS tests/options.preset.test.js
2022-06-22T10:46:52.8019120Z PASS tests/options.getset.test.js
2022-06-22T10:46:52.8689131Z PASS tests/command.unknownCommand.test.js
2022-06-22T10:46:52.9823355Z PASS tests/options.choices.test.js
2022-06-22T10:46:53.0496230Z PASS tests/options.optsWithGlobals.test.js
2022-06-22T10:46:53.1734824Z PASS tests/argument.choices.test.js
2022-06-22T10:46:53.2419526Z PASS tests/help.longestCommandTermLength.test.js
2022-06-22T10:46:53.3596309Z PASS tests/command.addCommand.test.js
2022-06-22T10:46:53.4339088Z PASS tests/command.name.test.js
2022-06-22T10:46:53.5043447Z PASS tests/options.camelcase.test.js
2022-06-22T10:46:53.5721373Z PASS tests/options.twice.test.js
2022-06-22T10:46:53.6451910Z PASS tests/help.commandTerm.test.js
2022-06-22T10:46:53.7846756Z PASS tests/help.commandUsage.test.js
2022-06-22T10:46:54.3663615Z PASS tests/command.executableSubcommand.signals.test.js
2022-06-22T10:46:54.4414202Z PASS tests/help.argumentDescription.test.js
2022-06-22T10:46:54.5720006Z PASS tests/command.error.test.js
2022-06-22T10:46:54.6409561Z PASS tests/command.showSuggestionAfterError.test.js
2022-06-22T10:46:54.7125299Z PASS tests/option.chain.test.js
2022-06-22T10:46:54.7793550Z PASS tests/help.padWidth.test.js
2022-06-22T10:46:54.8423699Z PASS tests/help.subcommandDescription.test.js
2022-06-22T10:46:54.9136375Z PASS tests/command.createOption.test.js
2022-06-22T10:46:54.9784442Z PASS tests/command.onCommand.test.js
2022-06-22T10:46:55.0488554Z PASS tests/deprecated.test.js
2022-06-22T10:46:56.8642338Z PASS tests/ts-imports.test.ts
2022-06-22T10:46:56.9386661Z PASS tests/args.literal.test.js
2022-06-22T10:46:57.0090439Z PASS tests/help.visibleCommands.test.js
2022-06-22T10:46:57.0776183Z PASS tests/command.createArgument.test.js
2022-06-22T10:46:57.1512528Z PASS tests/help.longestOptionTermLength.test.js
2022-06-22T10:46:57.2164724Z PASS tests/command.configureHelp.test.js
2022-06-22T10:46:57.2799269Z PASS tests/help.optionTerm.test.js
2022-06-22T10:46:57.3517154Z PASS tests/help.longestArgumentTermLength.test.js
2022-06-22T10:46:57.4232407Z PASS tests/argument.required.test.js
2022-06-22T10:46:57.5006089Z PASS tests/help.sortCommands.test.js
2022-06-22T10:46:57.5693716Z PASS tests/argument.chain.test.js
2022-06-22T10:46:57.6429383Z PASS tests/createCommand.test.js
2022-06-22T10:46:57.7594533Z PASS tests/command.executableSubcommand.test.js
2022-06-22T10:46:57.8816897Z PASS tests/command.option-misuse.test.js
2022-06-22T10:46:57.9457462Z PASS tests/program.test.js
2022-06-22T10:46:58.0087245Z PASS tests/command.commandHelp.test.js
2022-06-22T10:46:58.0799728Z PASS tests/command.createHelp.test.js
2022-06-22T10:46:58.1433835Z PASS tests/options.bool.small.combined.test.js
2022-06-22T10:46:58.2048606Z PASS tests/command.nested.test.js
2022-06-22T10:46:58.2733970Z PASS tests/command.description.test.js
2022-06-22T10:46:58.3374830Z PASS tests/command.summary.test.js
2022-06-22T10:46:58.3602121Z --------------------|---------|----------|---------|---------|-------------------
2022-06-22T10:46:58.3603295Z File                | % Stmts | % Branch | % Funcs | % Lines | Uncovered Line #s 
2022-06-22T10:46:58.3604582Z --------------------|---------|----------|---------|---------|-------------------
2022-06-22T10:46:58.3610569Z All files           |   99.38 |    98.31 |   99.54 |   99.53 |                   
2022-06-22T10:46:58.3611215Z  commander.js       |     100 |      100 |     100 |     100 |                   
2022-06-22T10:46:58.3612565Z   index.js          |     100 |      100 |     100 |     100 |                   
2022-06-22T10:46:58.3613464Z  commander.js/lib   |   99.37 |    98.31 |   99.54 |   99.52 |                   
2022-06-22T10:46:58.3614656Z   argument.js       |     100 |      100 |     100 |     100 |                   
2022-06-22T10:46:58.3678589Z   command.js        |   99.11 |    97.73 |    99.3 |   99.32 | 993-996,1004-1005 
2022-06-22T10:46:58.3679346Z   error.js          |     100 |      100 |     100 |     100 |                   
2022-06-22T10:46:58.3681024Z   help.js           |     100 |      100 |     100 |     100 |                   
2022-06-22T10:46:58.3682673Z   option.js         |     100 |      100 |     100 |     100 |                   
2022-06-22T10:46:58.3684132Z   suggestSimilar.js |     100 |      100 |     100 |     100 |                   
2022-06-22T10:46:58.3686011Z --------------------|---------|----------|---------|---------|-------------------
2022-06-22T10:46:58.4130155Z [999D[K
2022-06-22T10:46:58.4139465Z Test Suites: 97 passed, 97 total
2022-06-22T10:46:58.4140416Z Tests:       1048 passed, 1048 total
2022-06-22T10:46:58.4140730Z Snapshots:   0 total
2022-06-22T10:46:58.4140966Z Time:        15.294 s
2022-06-22T10:46:58.4141211Z Ran all test suites.
2022-06-22T10:46:58.6555736Z 
2022-06-22T10:46:58.6557263Z > commander@9.3.0 test-typings /home/runner/work/commander.js/commander.js
2022-06-22T10:46:58.6557795Z > tsd
2022-06-22T10:46:58.6558147Z 
2022-06-22T10:47:03.0047282Z 
2022-06-22T10:47:03.0048273Z   typings/index.test-d.ts:19:0
2022-06-22T10:47:03.0052063Z   ✖   19:0   Parameter type any is not identical to argument type Option<"-f", boolean, undefined, false>.                                                                                                                                                                                                                                                                                                                                                                                                                                                                                                                                                                                                                                                                                                                                                                                                                                                                                                                                                                                                                                                                                                                                                                                         
2022-06-22T10:47:03.0055395Z   ✖   19:11  Generic type Option<Flags, T, D, M> requires between 1 and 4 type arguments.                                                                                                                                                                                                                                                                                                                                                                                                                                                                                                                                                                                                                                                                                                                                                                                                                                                                                                                                                                                                                                                                                                                                                                                                          
2022-06-22T10:47:03.0058991Z   ✖   24:0   Parameter type any is not identical to argument type Option<"--demo", boolean, undefined, false>.                                                                                                                                                                                                                                                                                                                                                                                                                                                                                                                                                                                                                                                                                                                                                                                                                                                                                                                                                                                                                                                                                                                                                                                     
2022-06-22T10:47:03.0062253Z   ✖   24:11  Generic type Option<Flags, T, D, M> requires between 1 and 4 type arguments.                                                                                                                                                                                                                                                                                                                                                                                                                                                                                                                                                                                                                                                                                                                                                                                                                                                                                                                                                                                                                                                                                                                                                                                                          
2022-06-22T10:47:03.0065270Z   ✖   25:0   Parameter type any is not identical to argument type Argument<"<foo>", string, undefined>.                                                                                                                                                                                                                                                                                                                                                                                                                                                                                                                                                                                                                                                                                                                                                                                                                                                                                                                                                                                                                                                                                                                                                                                            
2022-06-22T10:47:03.0068465Z   ✖   25:11  Generic type Argument<Arg, T, D> requires between 1 and 3 type arguments.                                                                                                                                                                                                                                                                                                                                                                                                                                                                                                                                                                                                                                                                                                                                                                                                                                                                                                                                                                                                                                                                                                                                                                                                             
2022-06-22T10:47:03.0069867Z   ✖   49:30  Argument of type Command<[string], {}> is not assignable to parameter of type Command<[], {}>.
2022-06-22T10:47:03.0070804Z   The types of argument(...).argument(...).argument(...).action are incompatible between these types.
2022-06-22T10:47:03.0071827Z     Type (fn: (this: Command<[string, any, any, any], {}>, args_0: string, args_1: any, args_2: any, args_3: any, args_4: {}, args_5: Command<[string, any, any, any], {}>) => void | Promise<...>) => Command<...> is not assignable to type (fn: (this: Command<[any, any, any], {}>, args_0: any, args_1: any, args_2: any, args_3: {}, args_4: Command<[any, any, any], {}>) => void | Promise<void>) => Command<...>.
2022-06-22T10:47:03.0072685Z       Types of parameters fn and fn are incompatible.
2022-06-22T10:47:03.0073066Z         Types of parameters args_4 and args_4 are incompatible.
2022-06-22T10:47:03.0073912Z           Type {} is missing the following properties from type Command<[any, any, any], {}>: args, processedArgs, commands, parent, and 52 more.                                                                                                                                                                                                                                                                                                                                                                                    
2022-06-22T10:47:03.0076792Z   ✖   50:30  Argument of type Command<[string], {}> is not assignable to parameter of type Command<[], {}>.                                                                                                                                                                                                                                                                                                                                                                                                                                                                                                                                                                                                                                                                                                                                                                                                                                                                                                                                                                                                                                                                                                                                                                                        
2022-06-22T10:47:03.0079938Z   ✖   51:30  Argument of type Command<[string], {}> is not assignable to parameter of type Command<[], {}>.                                                                                                                                                                                                                                                                                                                                                                                                                                                                                                                                                                                                                                                                                                                                                                                                                                                                                                                                                                                                                                                                                                                                                                                        
2022-06-22T10:47:03.0081102Z   ✖   52:30  Argument of type Command<[number | undefined], {}> is not assignable to parameter of type Command<[], {}>.
2022-06-22T10:47:03.0081616Z   The types of argument(...).argument(...).argument(...).action are incompatible between these types.
2022-06-22T10:47:03.0082613Z     Type (fn: (this: Command<[number | undefined, any, any, any], {}>, args_0: number | undefined, args_1: any, args_2: any, args_3: any, args_4: {}, args_5: Command<[number | undefined, any, any, any], {}>) => void | Promise<...>) => Command<...> is not assignable to type (fn: (this: Command<[any, any, any], {}>, args_0: any, args_1: any, args_2: any, args_3: {}, args_4: Command<[any, any, any], {}>) => void | Promise<void>) => Command<...>.
2022-06-22T10:47:03.0083305Z       Types of parameters fn and fn are incompatible.
2022-06-22T10:47:03.0083668Z         Types of parameters args_4 and args_4 are incompatible.
2022-06-22T10:47:03.0084375Z           Type {} is not assignable to type Command<[any, any, any], {}>.                                                                                                                                                                                                                                                                                                                                                                                                            
2022-06-22T10:47:03.0085094Z   ✖   53:30  Argument of type Command<[number], {}> is not assignable to parameter of type Command<[], {}>.
2022-06-22T10:47:03.0085585Z   The types of argument(...).argument(...).argument(...).action are incompatible between these types.
2022-06-22T10:47:03.0086497Z     Type (fn: (this: Command<[number, any, any, any], {}>, args_0: number, args_1: any, args_2: any, args_3: any, args_4: {}, args_5: Command<[number, any, any, any], {}>) => void | Promise<...>) => Command<...> is not assignable to type (fn: (this: Command<[any, any, any], {}>, args_0: any, args_1: any, args_2: any, args_3: {}, args_4: Command<[any, any, any], {}>) => void | Promise<void>) => Command<...>.
2022-06-22T10:47:03.0087146Z       Types of parameters fn and fn are incompatible.
2022-06-22T10:47:03.0087512Z         Types of parameters args_4 and args_4 are incompatible.
2022-06-22T10:47:03.0088268Z           Type {} is not assignable to type Command<[any, any, any], {}>.                                                                                                                                                                                                                                                                                                                                                                                                                                                            
2022-06-22T10:47:03.0089006Z   ✖   56:30  Argument of type Command<[string, string | undefined], {}> is not assignable to parameter of type Command<[], {}>.
2022-06-22T10:47:03.0089511Z   The types of argument(...).argument(...).argument(...).action are incompatible between these types.
2022-06-22T10:47:03.0090835Z     Type (fn: (this: Command<...>, args_0: string, args_1: string | undefined, args_2: any, args_3: any, args_4: string | string[] | [string, ...string[]] | undefined, args_5: {}, args_6: Command<[string, string | undefined, any, any, string | ... 2 more ... | undefined], {}>) => void | Promise<...>) => Command<...> is not assignable to type (fn: (this: Command<...>, args_0: any, args_1: any, args_2: string | string[] | [string, ...string[]] | undefined, args_3: {}, args_4: Command<[any, any, string | string[] | [string, ...string[]] | undefined], {}>) => void | Promise<...>) => Command<...>.
2022-06-22T10:47:03.0091658Z       Types of parameters fn and fn are incompatible.
2022-06-22T10:47:03.0092023Z         Types of parameters args_4 and args_4 are incompatible.
2022-06-22T10:47:03.0092557Z           Type string | string[] | [string, ...string[]] | undefined is not assignable to type Command<[any, any, string | string[] | [string, ...string[]] | undefined], {}>.
2022-06-22T10:47:03.0093133Z             Type undefined is not assignable to type Command<[any, any, string | string[] | [string, ...string[]] | undefined], {}>.  
2022-06-22T10:47:03.0095609Z   ✖   99:0   Parameter type Command<[], {}> is not identical to argument type Command<[], { alpha?: boolean | undefined; }>.                                                                                                                                                                                                                                                                                                                                                                                                                                                                                                                                                                                                                                                                                                                                                                                                                                                                                                                                                                                                                                                                                                                                                                       
2022-06-22T10:47:03.0098555Z   ✖  100:0   Parameter type Command<[], {}> is not identical to argument type Command<[], { peppers?: boolean | undefined; }>.                                                                                                                                                                                                                                                                                                                                                                                                                                                                                                                                                                                                                                                                                                                                                                                                                                                                                                                                                                                                                                                                                                                                                                     
2022-06-22T10:47:03.0101547Z   ✖  101:0   Parameter type Command<[], {}> is declared too wide for argument type Command<[], { string: string | boolean; }>.                                                                                                                                                                                                                                                                                                                                                                                                                                                                                                                                                                                                                                                                                                                                                                                                                                                                                                                                                                                                                                                                                                                                                                     
2022-06-22T10:47:03.0104479Z   ✖  102:0   Parameter type Command<[], {}> is declared too wide for argument type Command<[], { boolean: boolean; }>.                                                                                                                                                                                                                                                                                                                                                                                                                                                                                                                                                                                                                                                                                                                                                                                                                                                                                                                                                                                                                                                                                                                                                                             
2022-06-22T10:47:03.0107412Z   ✖  123:0   Parameter type Command<[], {}> is not identical to argument type Command<[], { float?: number | undefined; }>.                                                                                                                                                                                                                                                                                                                                                                                                                                                                                                                                                                                                                                                                                                                                                                                                                                                                                                                                                                                                                                                                                                                                                                        
2022-06-22T10:47:03.0110356Z   ✖  124:0   Parameter type Command<[], {}> is declared too wide for argument type Command<[], { float: number; }>.                                                                                                                                                                                                                                                                                                                                                                                                                                                                                                                                                                                                                                                                                                                                                                                                                                                                                                                                                                                                                                                                                                                                                                                
2022-06-22T10:47:03.0113434Z   ✖  125:0   Parameter type Command<[], {}> is not identical to argument type Command<[], { integer?: number | undefined; }>.                                                                                                                                                                                                                                                                                                                                                                                                                                                                                                                                                                                                                                                                                                                                                                                                                                                                                                                                                                                                                                                                                                                                                                      
2022-06-22T10:47:03.0116316Z   ✖  126:0   Parameter type Command<[], {}> is declared too wide for argument type Command<[], { integer: number; }>.                                                                                                                                                                                                                                                                                                                                                                                                                                                                                                                                                                                                                                                                                                                                                                                                                                                                                                                                                                                                                                                                                                                                                                              
2022-06-22T10:47:03.0119283Z   ✖  127:0   Parameter type Command<[], {}> is declared too wide for argument type Command<[], { verbose: number; }>.                                                                                                                                                                                                                                                                                                                                                                                                                                                                                                                                                                                                                                                                                                                                                                                                                                                                                                                                                                                                                                                                                                                                                                              
2022-06-22T10:47:03.0122245Z   ✖  128:0   Parameter type Command<[], {}> is declared too wide for argument type Command<[], { collect: string[]; }>.                                                                                                                                                                                                                                                                                                                                                                                                                                                                                                                                                                                                                                                                                                                                                                                                                                                                                                                                                                                                                                                                                                                                                                            
2022-06-22T10:47:03.0125121Z   ✖  129:0   Parameter type Command<[], {}> is not identical to argument type Command<[], { list?: string[] | undefined; }>.                                                                                                                                                                                                                                                                                                                                                                                                                                                                                                                                                                                                                                                                                                                                                                                                                                                                                                                                                                                                                                                                                                                                                                       
2022-06-22T10:47:03.0128008Z   ✖  132:0   Parameter type Command<[], {}> is declared too wide for argument type Command<[], { alpha: boolean; }>.                                                                                                                                                                                                                                                                                                                                                                                                                                                                                                                                                                                                                                                                                                                                                                                                                                                                                                                                                                                                                                                                                                                                                                               
2022-06-22T10:47:03.0131035Z   ✖  133:0   Parameter type Command<[], {}> is declared too wide for argument type Command<[], { peppers: boolean; }>.                                                                                                                                                                                                                                                                                                                                                                                                                                                                                                                                                                                                                                                                                                                                                                                                                                                                                                                                                                                                                                                                                                                                                                             
2022-06-22T10:47:03.0133968Z   ✖  134:0   Parameter type Command<[], {}> is declared too wide for argument type Command<[], { string: string | boolean; }>.                                                                                                                                                                                                                                                                                                                                                                                                                                                                                                                                                                                                                                                                                                                                                                                                                                                                                                                                                                                                                                                                                                                                                                     
2022-06-22T10:47:03.0136874Z   ✖  135:0   Parameter type Command<[], {}> is declared too wide for argument type Command<[], { boolean: boolean; }>.                                                                                                                                                                                                                                                                                                                                                                                                                                                                                                                                                                                                                                                                                                                                                                                                                                                                                                                                                                                                                                                                                                                                                                             
2022-06-22T10:47:03.0139847Z   ✖  138:0   Parameter type Command<[], {}> is declared too wide for argument type Command<[], { float: number; }>.                                                                                                                                                                                                                                                                                                                                                                                                                                                                                                                                                                                                                                                                                                                                                                                                                                                                                                                                                                                                                                                                                                                                                                                
2022-06-22T10:47:03.0142889Z   ✖  139:0   Parameter type Command<[], {}> is declared too wide for argument type Command<[], { float: number; }>.                                                                                                                                                                                                                                                                                                                                                                                                                                                                                                                                                                                                                                                                                                                                                                                                                                                                                                                                                                                                                                                                                                                                                                                
2022-06-22T10:47:03.0145795Z   ✖  140:0   Parameter type Command<[], {}> is declared too wide for argument type Command<[], { integer: number; }>.                                                                                                                                                                                                                                                                                                                                                                                                                                                                                                                                                                                                                                                                                                                                                                                                                                                                                                                                                                                                                                                                                                                                                                              
2022-06-22T10:47:03.0148728Z   ✖  141:0   Parameter type Command<[], {}> is declared too wide for argument type Command<[], { integer: number; }>.                                                                                                                                                                                                                                                                                                                                                                                                                                                                                                                                                                                                                                                                                                                                                                                                                                                                                                                                                                                                                                                                                                                                                                              
2022-06-22T10:47:03.0151684Z   ✖  142:0   Parameter type Command<[], {}> is declared too wide for argument type Command<[], { verbose: number; }>.                                                                                                                                                                                                                                                                                                                                                                                                                                                                                                                                                                                                                                                                                                                                                                                                                                                                                                                                                                                                                                                                                                                                                                              
2022-06-22T10:47:03.0154701Z   ✖  143:0   Parameter type Command<[], {}> is declared too wide for argument type Command<[], { collect: string[]; }>.                                                                                                                                                                                                                                                                                                                                                                                                                                                                                                                                                                                                                                                                                                                                                                                                                                                                                                                                                                                                                                                                                                                                                                            
2022-06-22T10:47:03.0157703Z   ✖  144:0   Parameter type Command<[], {}> is declared too wide for argument type Command<[], { list: string[]; }>.                                                                                                                                                                                                                                                                                                                                                                                                                                                                                                                                                                                                                                                                                                                                                                                                                                                                                                                                                                                                                                                                                                                                                                               
2022-06-22T10:47:03.0160617Z   ✖  147:0   Parameter type any is not identical to argument type Option<"a, --alpha", boolean, undefined, false>.                                                                                                                                                                                                                                                                                                                                                                                                                                                                                                                                                                                                                                                                                                                                                                                                                                                                                                                                                                                                                                                                                                                                                                                 
2022-06-22T10:47:03.0163545Z   ✖  147:11  Generic type Option<Flags, T, D, M> requires between 1 and 4 type arguments.                                                                                                                                                                                                                                                                                                                                                                                                                                                                                                                                                                                                                                                                                                                                                                                                                                                                                                                                                                                                                                                                                                                                                                                                          
2022-06-22T10:47:03.0166493Z   ✖  148:0   Parameter type any is not identical to argument type Option<"a, --alpha", boolean, undefined, false>.                                                                                                                                                                                                                                                                                                                                                                                                                                                                                                                                                                                                                                                                                                                                                                                                                                                                                                                                                                                                                                                                                                                                                                                 
2022-06-22T10:47:03.0176993Z   ✖  148:11  Generic type Option<Flags, T, D, M> requires between 1 and 4 type arguments.                                                                                                                                                                                                                                                                                                                                                                                                                                                                                                                                                                                                                                                                                                                                                                                                                                                                                                                                                                                                                                                                                                                                                                                                          
2022-06-22T10:47:03.0180068Z   ✖  151:0   Parameter type Command<[], {}> is not identical to argument type Command<[], { simple?: boolean | undefined; }>.                                                                                                                                                                                                                                                                                                                                                                                                                                                                                                                                                                                                                                                                                                                                                                                                                                                                                                                                                                                                                                                                                                                                                                      
2022-06-22T10:47:03.0181367Z   ✖  368:37  Argument of type Option<"-a, --all", boolean, undefined, false> is not assignable to parameter of type Option<any, string | boolean | string[] | [string, ...string[]], undefined, false>.
2022-06-22T10:47:03.0181865Z   Types of property parseArg are incompatible.
2022-06-22T10:47:03.0182521Z     Type ((value: string, previous: boolean) => boolean) | undefined is not assignable to type ((value: string, previous: string | boolean | string[] | [string, ...string[]]) => string | boolean | string[] | [string, ...string[]]) | undefined.
2022-06-22T10:47:03.0183297Z       Type (value: string, previous: boolean) => boolean is not assignable to type (value: string, previous: string | boolean | string[] | [string, ...string[]]) => string | boolean | string[] | [string, ...string[]].
2022-06-22T10:47:03.0183837Z         Types of parameters previous and previous are incompatible.
2022-06-22T10:47:03.0184799Z           Type string | boolean | string[] | [string, ...string[]] is not assignable to type boolean.                                                                                                                                                                                                                                                                                                                                                                                          
2022-06-22T10:47:03.0187494Z   ✖  369:44  Argument of type Option<"-a, --all", boolean, undefined, false> is not assignable to parameter of type Option<any, string | boolean | string[] | [string, ...string[]], undefined, false>.                                                                                                                                                                                                                                                                                                                                                                                                                                                                                                                                                                                                                                                                                                                                                                                                                                                                                                                                                                                                                                                                                            
2022-06-22T10:47:03.0190506Z   ✖  374:0   Parameter type any[] is not identical to argument type Option<any, string | boolean | string[] | [string, ...string[]], undefined, false>[].                                                                                                                                                                                                                                                                                                                                                                                                                                                                                                                                                                                                                                                                                                                                                                                                                                                                                                                                                                                                                                                                                                                                          
2022-06-22T10:47:03.0193561Z   ✖  374:11  Generic type Option<Flags, T, D, M> requires between 1 and 4 type arguments.                                                                                                                                                                                                                                                                                                                                                                                                                                                                                                                                                                                                                                                                                                                                                                                                                                                                                                                                                                                                                                                                                                                                                                                                          
2022-06-22T10:47:03.0197500Z   ✖  375:0   Parameter type any[] is not identical to argument type Argument<any, string | string[] | [string, ...string[]] | undefined, undefined>[].                                                                                                                                                                                                                                                                                                                                                                                                                                                                                                                                                                                                                                                                                                                                                                                                                                                                                                                                                                                                                                                                                                                                             
2022-06-22T10:47:03.0200446Z   ✖  375:11  Generic type Argument<Arg, T, D> requires between 1 and 3 type arguments.                                                                                                                                                                                                                                                                                                                                                                                                                                                                                                                                                                                                                                                                                                                                                                                                                                                                                                                                                                                                                                                                                                                                                                                                             
2022-06-22T10:47:03.0203318Z   ✖  391:0   Parameter type any is not identical to argument type Option<"-f,--foo", boolean, number, false>.                                                                                                                                                                                                                                                                                                                                                                                                                                                                                                                                                                                                                                                                                                                                                                                                                                                                                                                                                                                                                                                                                                                                                                                      
2022-06-22T10:47:03.0209587Z   ✖  391:11  Generic type Option<Flags, T, D, M> requires between 1 and 4 type arguments.                                                                                                                                                                                                                                                                                                                                                                                                                                                                                                                                                                                                                                                                                                                                                                                                                                                                                                                                                                                                                                                                                                                                                                                                          
2022-06-22T10:47:03.0212561Z   ✖  392:0   Parameter type any is not identical to argument type Option<"-f,--foo", boolean, number, false>.                                                                                                                                                                                                                                                                                                                                                                                                                                                                                                                                                                                                                                                                                                                                                                                                                                                                                                                                                                                                                                                                                                                                                                                      
2022-06-22T10:47:03.0215421Z   ✖  392:11  Generic type Option<Flags, T, D, M> requires between 1 and 4 type arguments.                                                                                                                                                                                                                                                                                                                                                                                                                                                                                                                                                                                                                                                                                                                                                                                                                                                                                                                                                                                                                                                                                                                                                                                                          
2022-06-22T10:47:03.0218334Z   ✖  395:0   Parameter type any is not identical to argument type Option<"-f,--foo", boolean, undefined, false>.                                                                                                                                                                                                                                                                                                                                                                                                                                                                                                                                                                                                                                                                                                                                                                                                                                                                                                                                                                                                                                                                                                                                                                                   
2022-06-22T10:47:03.0221239Z   ✖  395:11  Generic type Option<Flags, T, D, M> requires between 1 and 4 type arguments.                                                                                                                                                                                                                                                                                                                                                                                                                                                                                                                                                                                                                                                                                                                                                                                                                                                                                                                                                                                                                                                                                                                                                                                                          
2022-06-22T10:47:03.0224144Z   ✖  396:0   Parameter type any is not identical to argument type Option<"-f,--foo", boolean, undefined, false>.                                                                                                                                                                                                                                                                                                                                                                                                                                                                                                                                                                                                                                                                                                                                                                                                                                                                                                                                                                                                                                                                                                                                                                                   
2022-06-22T10:47:03.0227093Z   ✖  396:11  Generic type Option<Flags, T, D, M> requires between 1 and 4 type arguments.                                                                                                                                                                                                                                                                                                                                                                                                                                                                                                                                                                                                                                                                                                                                                                                                                                                                                                                                                                                                                                                                                                                                                                                                          
2022-06-22T10:47:03.0229989Z   ✖  399:0   Parameter type any is not identical to argument type Option<"-f,--foo", boolean, undefined, false>.                                                                                                                                                                                                                                                                                                                                                                                                                                                                                                                                                                                                                                                                                                                                                                                                                                                                                                                                                                                                                                                                                                                                                                                   
2022-06-22T10:47:03.0233351Z   ✖  399:11  Generic type Option<Flags, T, D, M> requires between 1 and 4 type arguments.                                                                                                                                                                                                                                                                                                                                                                                                                                                                                                                                                                                                                                                                                                                                                                                                                                                                                                                                                                                                                                                                                                                                                                                                          
2022-06-22T10:47:03.0235278Z   ✖  405:0   Parameter type any is not identical to argument type Option<"-f,--foo", number, undefined, false>.                                                                                                                                                                                                                                                                                                                                                                                                                                                                                                           npm ERR! code ELIFECYCLE
2022-06-22T10:47:03.0235803Z npm ERR! errno 1
2022-06-22T10:47:03.0285892Z npm ERR! commander@9.3.0 test-typings: `tsd`
2022-06-22T10:47:03.0286217Z npm ERR! Exit status 1
2022-06-22T10:47:03.0286432Z npm ERR! 
2022-06-22T10:47:03.0286872Z npm ERR! Failed at the commander@9.3.0 test-typings script.
2022-06-22T10:47:03.0287576Z npm ERR! This is probably not a problem with npm. There is likely additional logging output above.
2022-06-22T10:47:03.0408037Z 
2022-06-22T10:47:03.0408358Z npm ERR! A complete log of this run can be found in:
2022-06-22T10:47:03.0409125Z npm ERR!     /home/runner/.npm/_logs/2022-06-22T10_47_03_026Z-debug.log
2022-06-22T10:47:03.0477091Z npm ERR! Test failed.  See above for more details.
2022-06-22T10:47:03.0522354Z ##[error]Process completed with exit code 1.
2022-06-22T10:47:03.0583624Z Post job cleanup.
2022-06-22T10:47:03.1844402Z [command]/usr/bin/git version
2022-06-22T10:47:03.1897786Z git version 2.36.1
2022-06-22T10:47:03.1944296Z Temporarily overriding HOME='/home/runner/work/_temp/bef495f0-3ff7-46b8-9967-a14ddc5f29f9' before making global git config changes
2022-06-22T10:47:03.1945246Z Adding repository directory to the temporary git global config as a safe directory
2022-06-22T10:47:03.1950119Z [command]/usr/bin/git config --global --add safe.directory /home/runner/work/commander.js/commander.js
2022-06-22T10:47:03.1996511Z [command]/usr/bin/git config --local --name-only --get-regexp core\.sshCommand
2022-06-22T10:47:03.2036991Z [command]/usr/bin/git submodule foreach --recursive git config --local --name-only --get-regexp 'core\.sshCommand' && git config --local --unset-all 'core.sshCommand' || :
2022-06-22T10:47:03.2314674Z [command]/usr/bin/git config --local --name-only --get-regexp http\.https\:\/\/github\.com\/\.extraheader
2022-06-22T10:47:03.2349496Z http.https://github.com/.extraheader
2022-06-22T10:47:03.2366815Z [command]/usr/bin/git config --local --unset-all http.https://github.com/.extraheader
2022-06-22T10:47:03.2409705Z [command]/usr/bin/git submodule foreach --recursive git config --local --name-only --get-regexp 'http\.https\:\/\/github\.com\/\.extraheader' && git config --local --unset-all 'http.https://github.com/.extraheader' || :
2022-06-22T10:47:03.2905990Z Cleaning up orphan processes