2022-06-22T15:17:55.2045549Z Requested labels: ubuntu-latest
2022-06-22T15:17:55.2045602Z Job defined at: vercel/ncc/.github/workflows/ci.yml@refs/heads/main
2022-06-22T15:17:55.2045629Z Waiting for a runner to pick up this job...
2022-06-22T15:17:58.1722484Z Job is waiting for a hosted runner to come online.
2022-06-22T15:18:00.8055254Z Job is about to start running on the hosted runner: GitHub Actions 13 (hosted)
2022-06-22T15:18:04.9276417Z Current runner version: '2.293.0'
2022-06-22T15:18:04.9307245Z ##[group]Operating System
2022-06-22T15:18:04.9307870Z Ubuntu
2022-06-22T15:18:04.9308177Z 20.04.4
2022-06-22T15:18:04.9308466Z LTS
2022-06-22T15:18:04.9308801Z ##[endgroup]
2022-06-22T15:18:04.9309170Z ##[group]Virtual Environment
2022-06-22T15:18:04.9309562Z Environment: ubuntu-20.04
2022-06-22T15:18:04.9309873Z Version: 20220619.1
2022-06-22T15:18:04.9310427Z Included Software: https://github.com/actions/virtual-environments/blob/ubuntu20/20220619.1/images/linux/Ubuntu2004-Readme.md
2022-06-22T15:18:04.9311195Z Image Release: https://github.com/actions/virtual-environments/releases/tag/ubuntu20%2F20220619.1
2022-06-22T15:18:04.9311641Z ##[endgroup]
2022-06-22T15:18:04.9312011Z ##[group]Virtual Environment Provisioner
2022-06-22T15:18:04.9312392Z 1.0.0.0-main-20220531-1
2022-06-22T15:18:04.9312701Z ##[endgroup]
2022-06-22T15:18:04.9313775Z ##[group]GITHUB_TOKEN Permissions
2022-06-22T15:18:04.9314482Z Actions: write
2022-06-22T15:18:04.9315008Z Checks: write
2022-06-22T15:18:04.9315393Z Contents: write
2022-06-22T15:18:04.9315743Z Deployments: write
2022-06-22T15:18:04.9316083Z Discussions: write
2022-06-22T15:18:04.9316364Z Issues: write
2022-06-22T15:18:04.9316721Z Metadata: read
2022-06-22T15:18:04.9317047Z Packages: write
2022-06-22T15:18:04.9317319Z Pages: write
2022-06-22T15:18:04.9317647Z PullRequests: write
2022-06-22T15:18:04.9318015Z RepositoryProjects: write
2022-06-22T15:18:04.9318412Z SecurityEvents: write
2022-06-22T15:18:04.9318747Z Statuses: write
2022-06-22T15:18:04.9319070Z ##[endgroup]
2022-06-22T15:18:04.9323361Z Secret source: Actions
2022-06-22T15:18:04.9323924Z Prepare workflow directory
2022-06-22T15:18:05.0236308Z Prepare all required actions
2022-06-22T15:18:05.0432936Z Getting action download info
2022-06-22T15:18:05.3819645Z Download action repository 'styfle/cancel-workflow-action@0.9.1' (SHA:a40b8845c0683271d9f53dfcb887a7e181d3918b)
2022-06-22T15:18:06.1521966Z Download action repository 'actions/checkout@v3' (SHA:2541b1294d2704b0964813337f33b291d3f8596b)
2022-06-22T15:18:06.9043454Z Download action repository 'actions/setup-node@v3' (SHA:eeb10cff27034e7acf239c5d29f62154018672fd)
2022-06-22T15:18:07.9805400Z ##[group]Run styfle/cancel-workflow-action@0.9.1
2022-06-22T15:18:07.9805827Z with:
2022-06-22T15:18:07.9806552Z   access_token: ***
2022-06-22T15:18:07.9807025Z   ignore_sha: false
2022-06-22T15:18:07.9807254Z   all_but_latest: false
2022-06-22T15:18:07.9807529Z ##[endgroup]
2022-06-22T15:18:08.1709310Z {
2022-06-22T15:18:08.1710728Z   eventName: 'push',
2022-06-22T15:18:08.1713102Z   sha: 'e528ed69caadcd2a694efe4186b1b768b90948fc',
2022-06-22T15:18:08.1714190Z   headSha: 'e528ed69caadcd2a694efe4186b1b768b90948fc',
2022-06-22T15:18:08.1714495Z   branch: 'main',
2022-06-22T15:18:08.1714828Z   owner: 'vercel',
2022-06-22T15:18:08.1715084Z   repo: 'ncc',
2022-06-22T15:18:08.1715347Z   GITHUB_RUN_ID: '2543299414'
2022-06-22T15:18:08.1715536Z }
2022-06-22T15:18:08.1715720Z Found token: yes
2022-06-22T15:18:08.5516901Z Found workflow_id: ["376921"]
2022-06-22T15:18:11.4551448Z Found 115 runs total.
2022-06-22T15:18:11.4558427Z Error while canceling workflow_id 376921: Cannot read property 'id' of null
2022-06-22T15:18:11.4558649Z 
2022-06-22T15:18:11.4558739Z Cancel Complete.
2022-06-22T15:18:11.4814936Z ##[group]Run actions/checkout@v3
2022-06-22T15:18:11.4815189Z with:
2022-06-22T15:18:11.4815388Z   repository: vercel/ncc
2022-06-22T15:18:11.4815775Z   token: ***
2022-06-22T15:18:11.4816010Z   ssh-strict: true
2022-06-22T15:18:11.4816254Z   persist-credentials: true
2022-06-22T15:18:11.4816472Z   clean: true
2022-06-22T15:18:11.4816711Z   fetch-depth: 1
2022-06-22T15:18:11.4816898Z   lfs: false
2022-06-22T15:18:11.4817082Z   submodules: false
2022-06-22T15:18:11.4817295Z   set-safe-directory: true
2022-06-22T15:18:11.4817510Z ##[endgroup]
2022-06-22T15:18:11.7397183Z Syncing repository: vercel/ncc
2022-06-22T15:18:11.7399008Z ##[group]Getting Git version info
2022-06-22T15:18:11.7399586Z Working directory is '/home/runner/work/ncc/ncc'
2022-06-22T15:18:11.7400443Z [command]/usr/bin/git version
2022-06-22T15:18:11.7500500Z git version 2.36.1
2022-06-22T15:18:11.7527124Z ##[endgroup]
2022-06-22T15:18:11.7548185Z Temporarily overriding HOME='/home/runner/work/_temp/d6269a19-d27b-4287-a5f7-96e6b66bcfa8' before making global git config changes
2022-06-22T15:18:11.7548676Z Adding repository directory to the temporary git global config as a safe directory
2022-06-22T15:18:11.7551553Z [command]/usr/bin/git config --global --add safe.directory /home/runner/work/ncc/ncc
2022-06-22T15:18:11.7595525Z Deleting the contents of '/home/runner/work/ncc/ncc'
2022-06-22T15:18:11.7599925Z ##[group]Initializing the repository
2022-06-22T15:18:11.7603822Z [command]/usr/bin/git init /home/runner/work/ncc/ncc
2022-06-22T15:18:11.7673450Z hint: Using 'master' as the name for the initial branch. This default branch name
2022-06-22T15:18:11.7674180Z hint: is subject to change. To configure the initial branch name to use in all
2022-06-22T15:18:11.7675117Z hint: of your new repositories, which will suppress this warning, call:
2022-06-22T15:18:11.7675471Z hint: 
2022-06-22T15:18:11.7675949Z hint: 	git config --global init.defaultBranch <name>
2022-06-22T15:18:11.7676200Z hint: 
2022-06-22T15:18:11.7676568Z hint: Names commonly chosen instead of 'master' are 'main', 'trunk' and
2022-06-22T15:18:11.7677024Z hint: 'development'. The just-created branch can be renamed via this command:
2022-06-22T15:18:11.7677340Z hint: 
2022-06-22T15:18:11.7677579Z hint: 	git branch -m <name>
2022-06-22T15:18:11.7689351Z Initialized empty Git repository in /home/runner/work/ncc/ncc/.git/
2022-06-22T15:18:11.7698843Z [command]/usr/bin/git remote add origin https://github.com/vercel/ncc
2022-06-22T15:18:11.7748629Z ##[endgroup]
2022-06-22T15:18:11.7749123Z ##[group]Disabling automatic garbage collection
2022-06-22T15:18:11.7757376Z [command]/usr/bin/git config --local gc.auto 0
2022-06-22T15:18:11.7796610Z ##[endgroup]
2022-06-22T15:18:11.7797048Z ##[group]Setting up auth
2022-06-22T15:18:11.7808128Z [command]/usr/bin/git config --local --name-only --get-regexp core\.sshCommand
2022-06-22T15:18:11.7849139Z [command]/usr/bin/git submodule foreach --recursive git config --local --name-only --get-regexp 'core\.sshCommand' && git config --local --unset-all 'core.sshCommand' || :
2022-06-22T15:18:11.8216238Z [command]/usr/bin/git config --local --name-only --get-regexp http\.https\:\/\/github\.com\/\.extraheader
2022-06-22T15:18:11.8254059Z [command]/usr/bin/git submodule foreach --recursive git config --local --name-only --get-regexp 'http\.https\:\/\/github\.com\/\.extraheader' && git config --local --unset-all 'http.https://github.com/.extraheader' || :
2022-06-22T15:18:11.8502189Z [command]/usr/bin/git config --local http.https://github.com/.extraheader AUTHORIZATION: basic ***
2022-06-22T15:18:11.8549421Z ##[endgroup]
2022-06-22T15:18:11.8550304Z ##[group]Fetching the repository
2022-06-22T15:18:11.8578280Z [command]/usr/bin/git -c protocol.version=2 fetch --no-tags --prune --progress --no-recurse-submodules --depth=1 origin +e528ed69caadcd2a694efe4186b1b768b90948fc:refs/remotes/origin/main
2022-06-22T15:18:12.3340486Z remote: Enumerating objects: 306, done.        
2022-06-22T15:18:12.3341203Z remote: Counting objects:   0% (1/306)        
2022-06-22T15:18:12.3341475Z remote: Counting objects:   1% (4/306)        
2022-06-22T15:18:12.3341737Z remote: Counting objects:   2% (7/306)        
2022-06-22T15:18:12.3341983Z remote: Counting objects:   3% (10/306)        
2022-06-22T15:18:12.3342232Z remote: Counting objects:   4% (13/306)        
2022-06-22T15:18:12.3342475Z remote: Counting objects:   5% (16/306)        
2022-06-22T15:18:12.3342712Z remote: Counting objects:   6% (19/306)        
2022-06-22T15:18:12.3342951Z remote: Counting objects:   7% (22/306)        
2022-06-22T15:18:12.3343186Z remote: Counting objects:   8% (25/306)        
2022-06-22T15:18:12.3343432Z remote: Counting objects:   9% (28/306)        
2022-06-22T15:18:12.3343656Z remote: Counting objects:  10% (31/306)        
2022-06-22T15:18:12.3343999Z remote: Counting objects:  11% (34/306)        
2022-06-22T15:18:12.3344230Z remote: Counting objects:  12% (37/306)        
2022-06-22T15:18:12.3344451Z remote: Counting objects:  13% (40/306)        
2022-06-22T15:18:12.3344681Z remote: Counting objects:  14% (43/306)        
2022-06-22T15:18:12.3344915Z remote: Counting objects:  15% (46/306)        
2022-06-22T15:18:12.3345137Z remote: Counting objects:  16% (49/306)        
2022-06-22T15:18:12.3345359Z remote: Counting objects:  17% (53/306)        
2022-06-22T15:18:12.3345606Z remote: Counting objects:  18% (56/306)        
2022-06-22T15:18:12.3345837Z remote: Counting objects:  19% (59/306)        
2022-06-22T15:18:12.3346066Z remote: Counting objects:  20% (62/306)        
2022-06-22T15:18:12.3346297Z remote: Counting objects:  21% (65/306)        
2022-06-22T15:18:12.3346529Z remote: Counting objects:  22% (68/306)        
2022-06-22T15:18:12.3346758Z remote: Counting objects:  23% (71/306)        
2022-06-22T15:18:12.3346990Z remote: Counting objects:  24% (74/306)        
2022-06-22T15:18:12.3347219Z remote: Counting objects:  25% (77/306)        
2022-06-22T15:18:12.3347439Z remote: Counting objects:  26% (80/306)        
2022-06-22T15:18:12.3347667Z remote: Counting objects:  27% (83/306)        
2022-06-22T15:18:12.3347897Z remote: Counting objects:  28% (86/306)        
2022-06-22T15:18:12.3348117Z remote: Counting objects:  29% (89/306)        
2022-06-22T15:18:12.3348348Z remote: Counting objects:  30% (92/306)        
2022-06-22T15:18:12.3348579Z remote: Counting objects:  31% (95/306)        
2022-06-22T15:18:12.3348808Z remote: Counting objects:  32% (98/306)        
2022-06-22T15:18:12.3349307Z remote: Counting objects:  33% (101/306)        
2022-06-22T15:18:12.3349610Z remote: Counting objects:  34% (105/306)        
2022-06-22T15:18:12.3349862Z remote: Counting objects:  35% (108/306)        
2022-06-22T15:18:12.3350099Z remote: Counting objects:  36% (111/306)        
2022-06-22T15:18:12.3350341Z remote: Counting objects:  37% (114/306)        
2022-06-22T15:18:12.3350596Z remote: Counting objects:  38% (117/306)        
2022-06-22T15:18:12.3350843Z remote: Counting objects:  39% (120/306)        
2022-06-22T15:18:12.3351174Z remote: Counting objects:  40% (123/306)        
2022-06-22T15:18:12.3351412Z remote: Counting objects:  41% (126/306)        
2022-06-22T15:18:12.3351723Z remote: Counting objects:  42% (129/306)        
2022-06-22T15:18:12.3352432Z remote: Counting objects:  43% (132/306)        
2022-06-22T15:18:12.3355928Z remote: Counting objects:  44% (135/306)        
2022-06-22T15:18:12.3356273Z remote: Counting objects:  45% (138/306)        
2022-06-22T15:18:12.3356580Z remote: Counting objects:  46% (141/306)        
2022-06-22T15:18:12.3356898Z remote: Counting objects:  47% (144/306)        
2022-06-22T15:18:12.3357209Z remote: Counting objects:  48% (147/306)        
2022-06-22T15:18:12.3357455Z remote: Counting objects:  49% (150/306)        
2022-06-22T15:18:12.3357774Z remote: Counting objects:  50% (153/306)        
2022-06-22T15:18:12.3358094Z remote: Counting objects:  51% (157/306)        
2022-06-22T15:18:12.3358407Z remote: Counting objects:  52% (160/306)        
2022-06-22T15:18:12.3358812Z remote: Counting objects:  53% (163/306)        
2022-06-22T15:18:12.3359131Z remote: Counting objects:  54% (166/306)        
2022-06-22T15:18:12.3359444Z remote: Counting objects:  55% (169/306)        
2022-06-22T15:18:12.3359751Z remote: Counting objects:  56% (172/306)        
2022-06-22T15:18:12.3360048Z remote: Counting objects:  57% (175/306)        
2022-06-22T15:18:12.3360355Z remote: Counting objects:  58% (178/306)        
2022-06-22T15:18:12.3360657Z remote: Counting objects:  59% (181/306)        
2022-06-22T15:18:12.3360961Z remote: Counting objects:  60% (184/306)        
2022-06-22T15:18:12.3361256Z remote: Counting objects:  61% (187/306)        
2022-06-22T15:18:12.3361579Z remote: Counting objects:  62% (190/306)        
2022-06-22T15:18:12.3361894Z remote: Counting objects:  63% (193/306)        
2022-06-22T15:18:12.3362277Z remote: Counting objects:  64% (196/306)        
2022-06-22T15:18:12.3362574Z remote: Counting objects:  65% (199/306)        
2022-06-22T15:18:12.3362875Z remote: Counting objects:  66% (202/306)        
2022-06-22T15:18:12.3363188Z remote: Counting objects:  67% (206/306)        
2022-06-22T15:18:12.3363499Z remote: Counting objects:  68% (209/306)        
2022-06-22T15:18:12.3363797Z remote: Counting objects:  69% (212/306)        
2022-06-22T15:18:12.3364106Z remote: Counting objects:  70% (215/306)        
2022-06-22T15:18:12.3364407Z remote: Counting objects:  71% (218/306)        
2022-06-22T15:18:12.3364709Z remote: Counting objects:  72% (221/306)        
2022-06-22T15:18:12.3365001Z remote: Counting objects:  73% (224/306)        
2022-06-22T15:18:12.3365308Z remote: Counting objects:  74% (227/306)        
2022-06-22T15:18:12.3365613Z remote: Counting objects:  75% (230/306)        
2022-06-22T15:18:12.3365905Z remote: Counting objects:  76% (233/306)        
2022-06-22T15:18:12.3366210Z remote: Counting objects:  77% (236/306)        
2022-06-22T15:18:12.3366651Z remote: Counting objects:  78% (239/306)        
2022-06-22T15:18:12.3367011Z remote: Counting objects:  79% (242/306)        
2022-06-22T15:18:12.3367235Z remote: Counting objects:  80% (245/306)        
2022-06-22T15:18:12.3367642Z remote: Counting objects:  81% (248/306)        
2022-06-22T15:18:12.3367965Z remote: Counting objects:  82% (251/306)        
2022-06-22T15:18:12.3368358Z remote: Counting objects:  83% (254/306)        
2022-06-22T15:18:12.3368823Z remote: Counting objects:  84% (258/306)        
2022-06-22T15:18:12.3369283Z remote: Counting objects:  85% (261/306)        
2022-06-22T15:18:12.3369756Z remote: Counting objects:  86% (264/306)        
2022-06-22T15:18:12.3370208Z remote: Counting objects:  87% (267/306)        
2022-06-22T15:18:12.3370683Z remote: Counting objects:  88% (270/306)        
2022-06-22T15:18:12.3371149Z remote: Counting objects:  89% (273/306)        
2022-06-22T15:18:12.3371640Z remote: Counting objects:  90% (276/306)        
2022-06-22T15:18:12.3372096Z remote: Counting objects:  91% (279/306)        
2022-06-22T15:18:12.3372563Z remote: Counting objects:  92% (282/306)        
2022-06-22T15:18:12.3373048Z remote: Counting objects:  93% (285/306)        
2022-06-22T15:18:12.3373519Z remote: Counting objects:  94% (288/306)        
2022-06-22T15:18:12.3373996Z remote: Counting objects:  95% (291/306)        
2022-06-22T15:18:12.3374477Z remote: Counting objects:  96% (294/306)        
2022-06-22T15:18:12.3375119Z remote: Counting objects:  97% (297/306)        
2022-06-22T15:18:12.3375590Z remote: Counting objects:  98% (300/306)        
2022-06-22T15:18:12.3376046Z remote: Counting objects:  99% (303/306)        
2022-06-22T15:18:12.3376520Z remote: Counting objects: 100% (306/306)        
2022-06-22T15:18:12.3377011Z remote: Counting objects: 100% (306/306), done.        
2022-06-22T15:18:12.3377524Z remote: Compressing objects:   0% (1/210)        
2022-06-22T15:18:12.3378025Z remote: Compressing objects:   1% (3/210)        
2022-06-22T15:18:12.3378526Z remote: Compressing objects:   2% (5/210)        
2022-06-22T15:18:12.3379031Z remote: Compressing objects:   3% (7/210)        
2022-06-22T15:18:12.3379686Z remote: Compressing objects:   4% (9/210)        
2022-06-22T15:18:12.3380114Z remote: Compressing objects:   5% (11/210)        
2022-06-22T15:18:12.3380618Z remote: Compressing objects:   6% (13/210)        
2022-06-22T15:18:12.3381244Z remote: Compressing objects:   7% (15/210)        
2022-06-22T15:18:12.3381746Z remote: Compressing objects:   8% (17/210)        
2022-06-22T15:18:12.3382241Z remote: Compressing objects:   9% (19/210)        
2022-06-22T15:18:12.3382717Z remote: Compressing objects:  10% (21/210)        
2022-06-22T15:18:12.3383209Z remote: Compressing objects:  11% (24/210)        
2022-06-22T15:18:12.3383693Z remote: Compressing objects:  12% (26/210)        
2022-06-22T15:18:12.3384167Z remote: Compressing objects:  13% (28/210)        
2022-06-22T15:18:12.3384743Z remote: Compressing objects:  14% (30/210)        
2022-06-22T15:18:12.3385230Z remote: Compressing objects:  15% (32/210)        
2022-06-22T15:18:12.3385735Z remote: Compressing objects:  16% (34/210)        
2022-06-22T15:18:12.3386212Z remote: Compressing objects:  17% (36/210)        
2022-06-22T15:18:12.3386682Z remote: Compressing objects:  18% (38/210)        
2022-06-22T15:18:12.3387159Z remote: Compressing objects:  19% (40/210)        
2022-06-22T15:18:12.3387642Z remote: Compressing objects:  20% (42/210)        
2022-06-22T15:18:12.3388135Z remote: Compressing objects:  21% (45/210)        
2022-06-22T15:18:12.3388613Z remote: Compressing objects:  22% (47/210)        
2022-06-22T15:18:12.3389092Z remote: Compressing objects:  23% (49/210)        
2022-06-22T15:18:12.3389575Z remote: Compressing objects:  24% (51/210)        
2022-06-22T15:18:12.3390267Z remote: Compressing objects:  25% (53/210)        
2022-06-22T15:18:12.3390583Z remote: Compressing objects:  26% (55/210)        
2022-06-22T15:18:12.3390835Z remote: Compressing objects:  27% (57/210)        
2022-06-22T15:18:12.3391076Z remote: Compressing objects:  28% (59/210)        
2022-06-22T15:18:12.3391311Z remote: Compressing objects:  29% (61/210)        
2022-06-22T15:18:12.3391562Z remote: Compressing objects:  30% (63/210)        
2022-06-22T15:18:12.3391807Z remote: Compressing objects:  31% (66/210)        
2022-06-22T15:18:12.3392046Z remote: Compressing objects:  32% (68/210)        
2022-06-22T15:18:12.3392281Z remote: Compressing objects:  33% (70/210)        
2022-06-22T15:18:12.3392526Z remote: Compressing objects:  34% (72/210)        
2022-06-22T15:18:12.3392772Z remote: Compressing objects:  35% (74/210)        
2022-06-22T15:18:12.3393006Z remote: Compressing objects:  36% (76/210)        
2022-06-22T15:18:12.3393247Z remote: Compressing objects:  37% (78/210)        
2022-06-22T15:18:12.3393495Z remote: Compressing objects:  38% (80/210)        
2022-06-22T15:18:12.3393725Z remote: Compressing objects:  39% (82/210)        
2022-06-22T15:18:12.3393974Z remote: Compressing objects:  40% (84/210)        
2022-06-22T15:18:12.3394220Z remote: Compressing objects:  41% (87/210)        
2022-06-22T15:18:12.3394457Z remote: Compressing objects:  42% (89/210)        
2022-06-22T15:18:12.3394696Z remote: Compressing objects:  43% (91/210)        
2022-06-22T15:18:12.3394937Z remote: Compressing objects:  44% (93/210)        
2022-06-22T15:18:12.3395182Z remote: Compressing objects:  45% (95/210)        
2022-06-22T15:18:12.3395412Z remote: Compressing objects:  46% (97/210)        
2022-06-22T15:18:12.3395660Z remote: Compressing objects:  47% (99/210)        
2022-06-22T15:18:12.3395917Z remote: Compressing objects:  48% (101/210)        
2022-06-22T15:18:12.3396170Z remote: Compressing objects:  49% (103/210)        
2022-06-22T15:18:12.3396438Z remote: Compressing objects:  50% (105/210)        
2022-06-22T15:18:12.3396700Z remote: Compressing objects:  51% (108/210)        
2022-06-22T15:18:12.3396944Z remote: Compressing objects:  52% (110/210)        
2022-06-22T15:18:12.3397200Z remote: Compressing objects:  53% (112/210)        
2022-06-22T15:18:12.3397455Z remote: Compressing objects:  54% (114/210)        
2022-06-22T15:18:12.3397814Z remote: Compressing objects:  55% (116/210)        
2022-06-22T15:18:12.3398057Z remote: Compressing objects:  56% (118/210)        
2022-06-22T15:18:12.3398307Z remote: Compressing objects:  57% (120/210)        
2022-06-22T15:18:12.3398558Z remote: Compressing objects:  58% (122/210)        
2022-06-22T15:18:12.3398796Z remote: Compressing objects:  59% (124/210)        
2022-06-22T15:18:12.3399042Z remote: Compressing objects:  60% (126/210)        
2022-06-22T15:18:12.3399290Z remote: Compressing objects:  61% (129/210)        
2022-06-22T15:18:12.3399704Z remote: Compressing objects:  62% (131/210)        
2022-06-22T15:18:12.3400634Z remote: Compressing objects:  63% (133/210)        
2022-06-22T15:18:12.3401125Z remote: Compressing objects:  64% (135/210)        
2022-06-22T15:18:12.3401689Z remote: Compressing objects:  65% (137/210)        
2022-06-22T15:18:12.3402155Z remote: Compressing objects:  66% (139/210)        
2022-06-22T15:18:12.3402628Z remote: Compressing objects:  67% (141/210)        
2022-06-22T15:18:12.3403113Z remote: Compressing objects:  68% (143/210)        
2022-06-22T15:18:12.3403592Z remote: Compressing objects:  69% (145/210)        
2022-06-22T15:18:12.3404062Z remote: Compressing objects:  70% (147/210)        
2022-06-22T15:18:12.3404534Z remote: Compressing objects:  71% (150/210)        
2022-06-22T15:18:12.3405020Z remote: Compressing objects:  72% (152/210)        
2022-06-22T15:18:12.3405506Z remote: Compressing objects:  73% (154/210)        
2022-06-22T15:18:12.3405973Z remote: Compressing objects:  74% (156/210)        
2022-06-22T15:18:12.3406450Z remote: Compressing objects:  75% (158/210)        
2022-06-22T15:18:12.3406924Z remote: Compressing objects:  76% (160/210)        
2022-06-22T15:18:12.3407404Z remote: Compressing objects:  77% (162/210)        
2022-06-22T15:18:12.3407876Z remote: Compressing objects:  78% (164/210)        
2022-06-22T15:18:12.3408347Z remote: Compressing objects:  79% (166/210)        
2022-06-22T15:18:12.3408832Z remote: Compressing objects:  80% (168/210)        
2022-06-22T15:18:12.3409313Z remote: Compressing objects:  81% (171/210)        
2022-06-22T15:18:12.3409779Z remote: Compressing objects:  82% (173/210)        
2022-06-22T15:18:12.3410257Z remote: Compressing objects:  83% (175/210)        
2022-06-22T15:18:12.3410744Z remote: Compressing objects:  84% (177/210)        
2022-06-22T15:18:12.3411225Z remote: Compressing objects:  85% (179/210)        
2022-06-22T15:18:12.3411697Z remote: Compressing objects:  86% (181/210)        
2022-06-22T15:18:12.3412174Z remote: Compressing objects:  87% (183/210)        
2022-06-22T15:18:12.3412653Z remote: Compressing objects:  88% (185/210)        
2022-06-22T15:18:12.3413139Z remote: Compressing objects:  89% (187/210)        
2022-06-22T15:18:12.3413608Z remote: Compressing objects:  90% (189/210)        
2022-06-22T15:18:12.3414082Z remote: Compressing objects:  91% (192/210)        
2022-06-22T15:18:12.3414768Z remote: Compressing objects:  92% (194/210)        
2022-06-22T15:18:12.3415610Z remote: Compressing objects:  93% (196/210)        
2022-06-22T15:18:12.3415851Z remote: Compressing objects:  94% (198/210)        
2022-06-22T15:18:12.3416100Z remote: Compressing objects:  95% (200/210)        
2022-06-22T15:18:12.3416350Z remote: Compressing objects:  96% (202/210)        
2022-06-22T15:18:12.3416586Z remote: Compressing objects:  97% (204/210)        
2022-06-22T15:18:12.3416846Z remote: Compressing objects:  98% (206/210)        
2022-06-22T15:18:12.3417092Z remote: Compressing objects:  99% (208/210)        
2022-06-22T15:18:12.3417328Z remote: Compressing objects: 100% (210/210)        
2022-06-22T15:18:12.3417597Z remote: Compressing objects: 100% (210/210), done.        
2022-06-22T15:18:12.3831104Z Receiving objects:   0% (1/306)
2022-06-22T15:18:12.3831721Z Receiving objects:   1% (4/306)
2022-06-22T15:18:12.3833733Z Receiving objects:   2% (7/306)
2022-06-22T15:18:12.3837659Z Receiving objects:   3% (10/306)
2022-06-22T15:18:12.3838736Z Receiving objects:   4% (13/306)
2022-06-22T15:18:12.3839661Z Receiving objects:   5% (16/306)
2022-06-22T15:18:12.3840036Z Receiving objects:   6% (19/306)
2022-06-22T15:18:12.3840711Z Receiving objects:   7% (22/306)
2022-06-22T15:18:12.3841385Z Receiving objects:   8% (25/306)
2022-06-22T15:18:12.3842029Z Receiving objects:   9% (28/306)
2022-06-22T15:18:12.3864173Z Receiving objects:  10% (31/306)
2022-06-22T15:18:12.3864795Z Receiving objects:  11% (34/306)
2022-06-22T15:18:12.3865708Z Receiving objects:  12% (37/306)
2022-06-22T15:18:12.3866064Z Receiving objects:  13% (40/306)
2022-06-22T15:18:12.3866363Z Receiving objects:  14% (43/306)
2022-06-22T15:18:12.3866657Z Receiving objects:  15% (46/306)
2022-06-22T15:18:12.3866972Z Receiving objects:  16% (49/306)
2022-06-22T15:18:12.3870900Z Receiving objects:  17% (53/306)
2022-06-22T15:18:12.4100527Z Receiving objects:  18% (56/306)
2022-06-22T15:18:12.4100943Z Receiving objects:  19% (59/306)
2022-06-22T15:18:12.4101187Z Receiving objects:  20% (62/306)
2022-06-22T15:18:12.4101429Z Receiving objects:  21% (65/306)
2022-06-22T15:18:12.4101734Z Receiving objects:  22% (68/306)
2022-06-22T15:18:12.4101957Z Receiving objects:  23% (71/306)
2022-06-22T15:18:12.4327786Z Receiving objects:  24% (74/306)
2022-06-22T15:18:12.4328164Z Receiving objects:  25% (77/306)
2022-06-22T15:18:12.4328591Z Receiving objects:  26% (80/306)
2022-06-22T15:18:12.4329360Z Receiving objects:  27% (83/306)
2022-06-22T15:18:12.4329733Z Receiving objects:  28% (86/306)
2022-06-22T15:18:12.4330481Z Receiving objects:  29% (89/306)
2022-06-22T15:18:12.4330845Z Receiving objects:  30% (92/306)
2022-06-22T15:18:12.4331553Z Receiving objects:  31% (95/306)
2022-06-22T15:18:12.4332016Z Receiving objects:  32% (98/306)
2022-06-22T15:18:12.4332774Z Receiving objects:  33% (101/306)
2022-06-22T15:18:12.4333208Z Receiving objects:  34% (105/306)
2022-06-22T15:18:12.4334016Z Receiving objects:  35% (108/306)
2022-06-22T15:18:12.4334431Z Receiving objects:  36% (111/306)
2022-06-22T15:18:12.4335448Z Receiving objects:  37% (114/306)
2022-06-22T15:18:12.4395347Z Receiving objects:  38% (117/306)
2022-06-22T15:18:12.4395954Z Receiving objects:  39% (120/306)
2022-06-22T15:18:12.4398444Z Receiving objects:  40% (123/306)
2022-06-22T15:18:12.4398887Z Receiving objects:  41% (126/306)
2022-06-22T15:18:12.4401443Z Receiving objects:  42% (129/306)
2022-06-22T15:18:12.4401851Z Receiving objects:  43% (132/306)
2022-06-22T15:18:12.4404036Z Receiving objects:  44% (135/306)
2022-06-22T15:18:12.4404526Z Receiving objects:  45% (138/306)
2022-06-22T15:18:12.4410299Z Receiving objects:  46% (141/306)
2022-06-22T15:18:12.4410696Z Receiving objects:  47% (144/306)
2022-06-22T15:18:12.4411395Z Receiving objects:  48% (147/306)
2022-06-22T15:18:12.4411771Z Receiving objects:  49% (150/306)
2022-06-22T15:18:12.4412568Z Receiving objects:  50% (153/306)
2022-06-22T15:18:12.4412804Z Receiving objects:  51% (157/306)
2022-06-22T15:18:12.4413284Z Receiving objects:  52% (160/306)
2022-06-22T15:18:12.4413527Z Receiving objects:  53% (163/306)
2022-06-22T15:18:12.4413741Z Receiving objects:  54% (166/306)
2022-06-22T15:18:12.4414038Z Receiving objects:  55% (169/306)
2022-06-22T15:18:12.4414244Z Receiving objects:  56% (172/306)
2022-06-22T15:18:12.4414529Z Receiving objects:  57% (175/306)
2022-06-22T15:18:12.4415372Z Receiving objects:  58% (178/306)
2022-06-22T15:18:12.4415914Z Receiving objects:  59% (181/306)
2022-06-22T15:18:12.4416463Z Receiving objects:  60% (184/306)
2022-06-22T15:18:12.4416972Z Receiving objects:  61% (187/306)
2022-06-22T15:18:12.4417508Z Receiving objects:  62% (190/306)
2022-06-22T15:18:12.4418060Z Receiving objects:  63% (193/306)
2022-06-22T15:18:12.4418564Z Receiving objects:  64% (196/306)
2022-06-22T15:18:12.4419173Z Receiving objects:  65% (199/306)
2022-06-22T15:18:12.4419780Z Receiving objects:  66% (202/306)
2022-06-22T15:18:12.4420388Z Receiving objects:  67% (206/306)
2022-06-22T15:18:12.4420959Z Receiving objects:  68% (209/306)
2022-06-22T15:18:12.4421489Z Receiving objects:  69% (212/306)
2022-06-22T15:18:12.4422287Z Receiving objects:  70% (215/306)
2022-06-22T15:18:12.4422598Z Receiving objects:  71% (218/306)
2022-06-22T15:18:12.4423113Z Receiving objects:  72% (221/306)
2022-06-22T15:18:12.4423659Z Receiving objects:  73% (224/306)
2022-06-22T15:18:12.4424243Z Receiving objects:  74% (227/306)
2022-06-22T15:18:12.4424753Z Receiving objects:  75% (230/306)
2022-06-22T15:18:12.4425338Z Receiving objects:  76% (233/306)
2022-06-22T15:18:12.4425866Z Receiving objects:  77% (236/306)
2022-06-22T15:18:12.4426524Z Receiving objects:  78% (239/306)
2022-06-22T15:18:12.4427074Z Receiving objects:  79% (242/306)
2022-06-22T15:18:12.4427690Z Receiving objects:  80% (245/306)
2022-06-22T15:18:12.4428292Z Receiving objects:  81% (248/306)
2022-06-22T15:18:12.4428869Z Receiving objects:  82% (251/306)
2022-06-22T15:18:12.4429408Z Receiving objects:  83% (254/306)
2022-06-22T15:18:12.4429933Z Receiving objects:  84% (258/306)
2022-06-22T15:18:12.4430476Z Receiving objects:  85% (261/306)
2022-06-22T15:18:12.4431087Z Receiving objects:  86% (264/306)
2022-06-22T15:18:12.4431603Z Receiving objects:  87% (267/306)
2022-06-22T15:18:12.4432181Z Receiving objects:  88% (270/306)
2022-06-22T15:18:12.4432701Z Receiving objects:  89% (273/306)
2022-06-22T15:18:12.4433267Z Receiving objects:  90% (276/306)
2022-06-22T15:18:12.4433778Z Receiving objects:  91% (279/306)
2022-06-22T15:18:12.4434377Z Receiving objects:  92% (282/306)
2022-06-22T15:18:12.4435011Z Receiving objects:  93% (285/306)
2022-06-22T15:18:12.4435608Z Receiving objects:  94% (288/306)
2022-06-22T15:18:12.4436236Z Receiving objects:  95% (291/306)
2022-06-22T15:18:12.4436846Z Receiving objects:  96% (294/306)
2022-06-22T15:18:12.4437438Z Receiving objects:  97% (297/306)
2022-06-22T15:18:12.4438061Z Receiving objects:  98% (300/306)
2022-06-22T15:18:12.5502173Z Receiving objects:  99% (303/306)
2022-06-22T15:18:12.5505290Z remote: Total 306 (delta 40), reused 219 (delta 26), pack-reused 0        
2022-06-22T15:18:12.5506507Z Receiving objects: 100% (306/306)
2022-06-22T15:18:12.5506837Z Receiving objects: 100% (306/306), 327.33 KiB | 1.92 MiB/s, done.
2022-06-22T15:18:12.5507189Z Resolving deltas:   0% (0/40)
2022-06-22T15:18:12.5508083Z Resolving deltas:   2% (1/40)
2022-06-22T15:18:12.5516880Z Resolving deltas:   5% (2/40)
2022-06-22T15:18:12.5517217Z Resolving deltas:   7% (3/40)
2022-06-22T15:18:12.5517429Z Resolving deltas:  10% (4/40)
2022-06-22T15:18:12.5517658Z Resolving deltas:  12% (5/40)
2022-06-22T15:18:12.5517890Z Resolving deltas:  15% (6/40)
2022-06-22T15:18:12.5518093Z Resolving deltas:  17% (7/40)
2022-06-22T15:18:12.5518309Z Resolving deltas:  20% (8/40)
2022-06-22T15:18:12.5518525Z Resolving deltas:  22% (9/40)
2022-06-22T15:18:12.5518751Z Resolving deltas:  25% (10/40)
2022-06-22T15:18:12.5518976Z Resolving deltas:  27% (11/40)
2022-06-22T15:18:12.5519209Z Resolving deltas:  30% (12/40)
2022-06-22T15:18:12.5519570Z Resolving deltas:  32% (13/40)
2022-06-22T15:18:12.5520540Z Resolving deltas:  35% (14/40)
2022-06-22T15:18:12.5520930Z Resolving deltas:  37% (15/40)
2022-06-22T15:18:12.5521573Z Resolving deltas:  40% (16/40)
2022-06-22T15:18:12.5522424Z Resolving deltas:  42% (17/40)
2022-06-22T15:18:12.5523150Z Resolving deltas:  45% (18/40)
2022-06-22T15:18:12.5523676Z Resolving deltas:  47% (19/40)
2022-06-22T15:18:12.5524318Z Resolving deltas:  50% (20/40)
2022-06-22T15:18:12.5524953Z Resolving deltas:  52% (21/40)
2022-06-22T15:18:12.5525602Z Resolving deltas:  55% (22/40)
2022-06-22T15:18:12.5526272Z Resolving deltas:  57% (23/40)
2022-06-22T15:18:12.5526862Z Resolving deltas:  60% (24/40)
2022-06-22T15:18:12.5527519Z Resolving deltas:  62% (25/40)
2022-06-22T15:18:12.5528222Z Resolving deltas:  65% (26/40)
2022-06-22T15:18:12.5528923Z Resolving deltas:  67% (27/40)
2022-06-22T15:18:12.5529479Z Resolving deltas:  70% (28/40)
2022-06-22T15:18:12.5530175Z Resolving deltas:  72% (29/40)
2022-06-22T15:18:12.5530888Z Resolving deltas:  75% (30/40)
2022-06-22T15:18:12.5531476Z Resolving deltas:  77% (31/40)
2022-06-22T15:18:12.5532195Z Resolving deltas:  80% (32/40)
2022-06-22T15:18:12.5538407Z Resolving deltas:  82% (33/40)
2022-06-22T15:18:12.5538919Z Resolving deltas:  85% (34/40)
2022-06-22T15:18:12.5539832Z Resolving deltas:  87% (35/40)
2022-06-22T15:18:12.5540162Z Resolving deltas:  90% (36/40)
2022-06-22T15:18:12.5540373Z Resolving deltas:  92% (37/40)
2022-06-22T15:18:12.5540583Z Resolving deltas:  95% (38/40)
2022-06-22T15:18:12.5540912Z Resolving deltas:  97% (39/40)
2022-06-22T15:18:12.5541386Z Resolving deltas: 100% (40/40)
2022-06-22T15:18:12.5544731Z Resolving deltas: 100% (40/40), done.
2022-06-22T15:18:12.5601571Z From https://github.com/vercel/ncc
2022-06-22T15:18:12.5602408Z  * [new ref]         e528ed69caadcd2a694efe4186b1b768b90948fc -> origin/main
2022-06-22T15:18:12.5627419Z ##[endgroup]
2022-06-22T15:18:12.5628280Z ##[group]Determining the checkout info
2022-06-22T15:18:12.5632183Z ##[endgroup]
2022-06-22T15:18:12.5632667Z ##[group]Checking out the ref
2022-06-22T15:18:12.5639156Z [command]/usr/bin/git checkout --progress --force -B main refs/remotes/origin/main
2022-06-22T15:18:12.5812608Z Switched to a new branch 'main'
2022-06-22T15:18:12.5817700Z branch 'main' set up to track 'origin/main'.
2022-06-22T15:18:12.5821208Z ##[endgroup]
2022-06-22T15:18:12.5876122Z [command]/usr/bin/git log -1 --format='%H'
2022-06-22T15:18:12.5914071Z 'e528ed69caadcd2a694efe4186b1b768b90948fc'
2022-06-22T15:18:12.6080045Z ##[group]Run actions/setup-node@v3
2022-06-22T15:18:12.6080279Z with:
2022-06-22T15:18:12.6080454Z   cache: yarn
2022-06-22T15:18:12.6080640Z   node-version: 14
2022-06-22T15:18:12.6080839Z   check-latest: true
2022-06-22T15:18:12.6081042Z   always-auth: false
2022-06-22T15:18:12.6081354Z   token: ***
2022-06-22T15:18:12.6081527Z ##[endgroup]
2022-06-22T15:18:12.8305543Z Attempt to resolve the latest version from manifest...
2022-06-22T15:18:13.6331096Z Resolved as '14.19.3'
2022-06-22T15:18:13.6342403Z Found in cache @ /opt/hostedtoolcache/node/14.19.3/x64
2022-06-22T15:18:13.6390733Z [command]/usr/local/bin/yarn --version
2022-06-22T15:18:15.2629940Z 1.22.19
2022-06-22T15:18:15.2752426Z [command]/usr/local/bin/yarn cache dir
2022-06-22T15:18:15.4734557Z /home/runner/.cache/yarn/v6
2022-06-22T15:18:15.8642321Z 
2022-06-22T15:18:15.8649364Z yarn cache is not found
2022-06-22T15:18:15.8802953Z ##[group]Run node --version
2022-06-22T15:18:15.8803289Z [36;1mnode --version[0m
2022-06-22T15:18:15.8866275Z shell: /usr/bin/bash -e {0}
2022-06-22T15:18:15.8866525Z ##[endgroup]
2022-06-22T15:18:15.9079477Z v14.19.3
2022-06-22T15:18:15.9105002Z ##[group]Run yarn install
2022-06-22T15:18:15.9105246Z [36;1myarn install[0m
2022-06-22T15:18:15.9162032Z shell: /usr/bin/bash -e {0}
2022-06-22T15:18:15.9162282Z ##[endgroup]
2022-06-22T15:18:16.0780870Z yarn install v1.22.19
2022-06-22T15:18:16.3561175Z [1/4] Resolving packages...
2022-06-22T15:18:16.6688074Z warning Resolution field "grpc@1.24.11" is incompatible with requested version "grpc@1.23.3"
2022-06-22T15:18:17.0361018Z [2/4] Fetching packages...
2022-06-22T15:18:56.3936851Z [3/4] Linking dependencies...
2022-06-22T15:18:56.3938353Z warning "@tensorflow/tfjs-node > @tensorflow/tfjs > @tensorflow/tfjs-data@3.12.0" has unmet peer dependency "seedrandom@~2.4.3".
2022-06-22T15:18:56.3939248Z warning "firebase-admin > @firebase/database > @firebase/auth-interop-types@0.1.6" has unmet peer dependency "@firebase/app-types@0.x".
2022-06-22T15:19:21.9051195Z [4/4] Building fresh packages...
2022-06-22T15:19:32.2237170Z Done in 76.15s.
2022-06-22T15:19:32.2613519Z ##[group]Run yarn build-test-binary
2022-06-22T15:19:32.2613804Z [36;1myarn build-test-binary[0m
2022-06-22T15:19:32.2670479Z shell: /usr/bin/bash -e {0}
2022-06-22T15:19:32.2670729Z ##[endgroup]
2022-06-22T15:19:32.4305153Z yarn run v1.22.19
2022-06-22T15:19:32.4821372Z $ cd test/binary && node-gyp rebuild && cp build/Release/hello.node ../integration/hello.node
2022-06-22T15:19:32.5699615Z gyp info it worked if it ends with ok
2022-06-22T15:19:32.5719409Z gyp info using node-gyp@8.4.1
2022-06-22T15:19:32.5723447Z gyp info using node@14.19.3 | linux | x64
2022-06-22T15:19:32.6625720Z gyp info find Python using Python version 3.8.10 found at "/usr/bin/python3"
2022-06-22T15:19:32.8060800Z gyp info spawn /usr/bin/python3
2022-06-22T15:19:32.8064997Z gyp info spawn args [
2022-06-22T15:19:32.8066116Z gyp info spawn args   '/home/runner/work/ncc/ncc/node_modules/node-gyp/gyp/gyp_main.py',
2022-06-22T15:19:32.8066710Z gyp info spawn args   'binding.gyp',
2022-06-22T15:19:32.8067279Z gyp info spawn args   '-f',
2022-06-22T15:19:32.8067633Z gyp info spawn args   'make',
2022-06-22T15:19:32.8097632Z gyp info spawn args   '-I',
2022-06-22T15:19:32.8098265Z gyp info spawn args   '/home/runner/work/ncc/ncc/test/binary/build/config.gypi',
2022-06-22T15:19:32.8098666Z gyp info spawn args   '-I',
2022-06-22T15:19:32.8099162Z gyp info spawn args   '/home/runner/work/ncc/ncc/node_modules/node-gyp/addon.gypi',
2022-06-22T15:19:32.8099908Z gyp info spawn args   '-I',
2022-06-22T15:19:32.8100469Z gyp info spawn args   '/home/runner/.cache/node-gyp/14.19.3/include/node/common.gypi',
2022-06-22T15:19:32.8100940Z gyp info spawn args   '-Dlibrary=shared_library',
2022-06-22T15:19:32.8101367Z gyp info spawn args   '-Dvisibility=default',
2022-06-22T15:19:32.8102051Z gyp info spawn args   '-Dnode_root_dir=/home/runner/.cache/node-gyp/14.19.3',
2022-06-22T15:19:32.8102628Z gyp info spawn args   '-Dnode_gyp_dir=/home/runner/work/ncc/ncc/node_modules/node-gyp',
2022-06-22T15:19:32.8103280Z gyp info spawn args   '-Dnode_lib_file=/home/runner/.cache/node-gyp/14.19.3/<(target_arch)/node.lib',
2022-06-22T15:19:32.8103868Z gyp info spawn args   '-Dmodule_root_dir=/home/runner/work/ncc/ncc/test/binary',
2022-06-22T15:19:32.8104293Z gyp info spawn args   '-Dnode_engine=v8',
2022-06-22T15:19:32.8104661Z gyp info spawn args   '--depth=.',
2022-06-22T15:19:32.8105057Z gyp info spawn args   '--no-parallel',
2022-06-22T15:19:32.8105461Z gyp info spawn args   '--generator-output',
2022-06-22T15:19:32.8105809Z gyp info spawn args   'build',
2022-06-22T15:19:32.8106183Z gyp info spawn args   '-Goutput_dir=.'
2022-06-22T15:19:32.8106446Z gyp info spawn args ]
2022-06-22T15:19:32.9313817Z gyp info spawn make
2022-06-22T15:19:32.9318510Z gyp info spawn args [ 'BUILDTYPE=Release', '-C', 'build' ]
2022-06-22T15:19:32.9325916Z make: Entering directory '/home/runner/work/ncc/ncc/test/binary/build'
2022-06-22T15:19:32.9342249Z   CXX(target) Release/obj.target/hello/hello.o
2022-06-22T15:19:33.2914280Z In file included from ../hello.cc:2:
2022-06-22T15:19:33.2916844Z /home/runner/.cache/node-gyp/14.19.3/include/node/node.h:793:43: warning: cast between incompatible function types from ‘void (*)(v8::Local<v8::Object>)’ to ‘node::addon_register_func’ {aka ‘void (*)(v8::Local<v8::Object>, v8::Local<v8::Value>, void*)’} [-Wcast-function-type]
2022-06-22T15:19:33.2917839Z   793 |       (node::addon_register_func) (regfunc),                          \
2022-06-22T15:19:33.2918686Z       |                                           ^
2022-06-22T15:19:33.2919544Z /home/runner/.cache/node-gyp/14.19.3/include/node/node.h:827:3: note: in expansion of macro ‘NODE_MODULE_X’
2022-06-22T15:19:33.2920037Z   827 |   NODE_MODULE_X(modname, regfunc, NULL, 0)  // NOLINT (readability/null_usage)
2022-06-22T15:19:33.2920325Z       |   ^~~~~~~~~~~~~
2022-06-22T15:19:33.2920772Z ../hello.cc:24:1: note: in expansion of macro ‘NODE_MODULE’
2022-06-22T15:19:33.2921126Z    24 | NODE_MODULE(NODE_GYP_MODULE_NAME, Initialize)
2022-06-22T15:19:33.2921729Z       | ^~~~~~~~~~~
2022-06-22T15:19:33.6485631Z   SOLINK_MODULE(target) Release/obj.target/hello.node
2022-06-22T15:19:33.6869016Z   COPY Release/hello.node
2022-06-22T15:19:33.6911573Z make: Leaving directory '/home/runner/work/ncc/ncc/test/binary/build'
2022-06-22T15:19:33.6936194Z gyp info ok 
2022-06-22T15:19:33.6999075Z Done in 1.27s.
2022-06-22T15:19:33.7919694Z ##[group]Run yarn build
2022-06-22T15:19:33.7919945Z [36;1myarn build[0m
2022-06-22T15:19:33.7978139Z shell: /usr/bin/bash -e {0}
2022-06-22T15:19:33.7978376Z ##[endgroup]
2022-06-22T15:19:33.9585755Z yarn run v1.22.19
2022-06-22T15:19:34.0080151Z $ node scripts/build.js
2022-06-22T15:19:34.2385475Z ncc: Version 0.34.0
2022-06-22T15:19:34.2387104Z ncc: Compiling file cli.js into CJS
2022-06-22T15:19:36.3916001Z ncc: Version 0.34.0
2022-06-22T15:19:36.3916830Z ncc: Compiling file index.js into CJS
2022-06-22T15:19:54.6411686Z New assets are being emitted by the index build
2022-06-22T15:19:54.6425862Z [ 'lazy-compilation-node.js', 'lazy-compilation-web.js' ]
2022-06-22T15:19:54.6429431Z ncc: Version 0.34.0
2022-06-22T15:19:54.6429981Z ncc: Compiling file relocate-loader.js into CJS
2022-06-22T15:19:57.3118754Z ncc: Version 0.34.0
2022-06-22T15:19:57.3119649Z ncc: Compiling file shebang-loader.js into CJS
2022-06-22T15:19:57.6109765Z ncc: Version 0.34.0
2022-06-22T15:19:57.6110768Z ncc: Compiling file ts-loader.js into CJS
2022-06-22T15:20:28.2902701Z New assets are being emitted by the ts-loader build
2022-06-22T15:20:28.2917240Z [ 'lazy-compilation-node.js', 'lazy-compilation-web.js', 'minify.js' ]
2022-06-22T15:20:28.2928721Z ncc: Version 0.34.0
2022-06-22T15:20:28.2929416Z ncc: Compiling file stringify-loader.js into CJS
2022-06-22T15:20:28.9143689Z ncc: Version 0.34.0
2022-06-22T15:20:28.9145926Z ncc: Compiling file sourcemap-register.js into CJS
2022-06-22T15:20:29.6390056Z ✓ dist/ncc/@@notfound.js (53B)
2022-06-22T15:20:29.6390988Z ✓ dist/ncc/cli.js (741B)
2022-06-22T15:20:29.6392043Z ✓ dist/ncc/cli.js.cache.js (85.82KB)
2022-06-22T15:20:29.6392604Z ✓ dist/ncc/index.js (723B)
2022-06-22T15:20:29.6393295Z ✓ dist/ncc/index.js.cache.js (3.37MB)
2022-06-22T15:20:29.6443059Z ✓ dist/ncc/loaders/empty-loader.js (1.15KB)
2022-06-22T15:20:29.6443622Z ✓ dist/ncc/loaders/notfound-loader.js (226B)
2022-06-22T15:20:29.6444065Z ✓ dist/ncc/loaders/relocate-loader.js (733B)
2022-06-22T15:20:29.6444764Z ✓ dist/ncc/loaders/relocate-loader.js.cache.js (486.02KB)
2022-06-22T15:20:29.6445293Z ✓ dist/ncc/loaders/shebang-loader.js (732B)
2022-06-22T15:20:29.6445818Z ✓ dist/ncc/loaders/shebang-loader.js.cache.js (542B)
2022-06-22T15:20:29.6446290Z ✓ dist/ncc/loaders/stringify-loader.js (734B)
2022-06-22T15:20:29.6446823Z ✓ dist/ncc/loaders/stringify-loader.js.cache.js (401B)
2022-06-22T15:20:29.6447350Z ✓ dist/ncc/loaders/ts-loader.js (727B)
2022-06-22T15:20:29.6447852Z ✓ dist/ncc/loaders/ts-loader.js.cache.js (7.28MB)
2022-06-22T15:20:29.6448462Z ✓ dist/ncc/loaders/uncacheable.js (110B)
2022-06-22T15:20:29.6448939Z ✓ dist/ncc/sourcemap-register.js (736B)
2022-06-22T15:20:29.6449565Z ✓ dist/ncc/sourcemap-register.js.cache.js (40.07KB)
2022-06-22T15:20:29.6450037Z ✓ dist/ncc/typescript.js (615B)
2022-06-22T15:20:29.7006324Z Done in 55.75s.
2022-06-22T15:20:29.7087853Z ##[group]Run yarn test
2022-06-22T15:20:29.7088208Z [36;1myarn test[0m
2022-06-22T15:20:29.7149234Z shell: /usr/bin/bash -e {0}
2022-06-22T15:20:29.7149514Z ##[endgroup]
2022-06-22T15:20:29.8837464Z yarn run v1.22.19
2022-06-22T15:20:29.9370062Z $ node --expose-gc --max_old_space_size=4096 node_modules/jest/bin/jest.js
2022-06-22T15:20:31.6020533Z jest-haste-map: Haste module naming collision: x
2022-06-22T15:20:31.6021169Z   The following files share their name; please adjust your hasteImpl:
2022-06-22T15:20:31.6021793Z     * <rootDir>/test/unit/imports/package.json
2022-06-22T15:20:31.6022310Z     * <rootDir>/test/unit/exports-nomodule/package.json
2022-06-22T15:20:31.6022531Z 
2022-06-22T15:20:32.5564170Z ncc: Version 0.34.0
2022-06-22T15:20:32.5565146Z ncc: Compiling file index.js into CJS
2022-06-22T15:20:41.2608579Z PASS test/watcher.test.js (9.602 s)
2022-06-22T15:20:41.2743804Z   ● Console
2022-06-22T15:20:41.2744269Z 
2022-06-22T15:20:41.2744652Z     console.time
2022-06-22T15:20:41.2747103Z       First Build: 7992 ms
2022-06-22T15:20:41.2747476Z 
2022-06-22T15:20:41.2749790Z       at test/watcher.test.js:125:17
2022-06-22T15:20:41.2750369Z           at runMicrotasks (<anonymous>)
2022-06-22T15:20:41.2750777Z 
2022-06-22T15:20:41.2842631Z     console.time
2022-06-22T15:20:41.2842901Z       Watched Build: 8352 ms
2022-06-22T15:20:41.2843085Z 
2022-06-22T15:20:41.2843272Z       at test/watcher.test.js:128:17
2022-06-22T15:20:41.2843716Z           at runMicrotasks (<anonymous>)
2022-06-22T15:20:41.2843903Z 
2022-06-22T15:20:41.2844046Z     console.time
2022-06-22T15:20:41.2844290Z       Watched Build: 274 ms
2022-06-22T15:20:41.2844469Z 
2022-06-22T15:20:41.2844635Z       at test/watcher.test.js:128:17
2022-06-22T15:20:41.2845011Z           at runMicrotasks (<anonymous>)
2022-06-22T15:20:41.2845203Z 
2022-06-22T15:20:41.9071943Z ncc: Version 0.34.0
2022-06-22T15:20:41.9072945Z ncc: Compiling file index.js into CJS
2022-06-22T15:20:43.5510361Z ncc: Version 0.34.0
2022-06-22T15:20:43.5511359Z ncc: Compiling file index.js into CJS
2022-06-22T15:20:50.2118823Z ncc: Version 0.34.0
2022-06-22T15:20:50.2119297Z ncc: Compiling file index.js into CJS
2022-06-22T15:20:55.2652754Z ncc: Version 0.34.0
2022-06-22T15:20:55.2653626Z ncc: Compiling file index.js into CJS
2022-06-22T15:21:00.2939545Z ncc: Version 0.34.0
2022-06-22T15:21:00.2940208Z ncc: Compiling file index.js into CJS
2022-06-22T15:21:02.6775463Z ncc: Version 0.34.0
2022-06-22T15:21:02.6776136Z ncc: Compiling file index.js into CJS
2022-06-22T15:21:04.6683970Z ncc: Version 0.34.0
2022-06-22T15:21:04.6684573Z ncc: Compiling file index.js into CJS
2022-06-22T15:21:08.6799918Z ncc: Version 0.34.0
2022-06-22T15:21:08.6800914Z ncc: Compiling file index.js into CJS
2022-06-22T15:21:09.3109706Z ncc: Version 0.34.0
2022-06-22T15:21:09.3110439Z ncc: Compiling file index.js into CJS
2022-06-22T15:21:12.9483756Z ncc: Version 0.34.0
2022-06-22T15:21:12.9484800Z ncc: Compiling file index.js into CJS
2022-06-22T15:21:14.0190886Z ncc: Version 0.34.0
2022-06-22T15:21:14.0191775Z ncc: Compiling file index.js into CJS
2022-06-22T15:21:15.5776569Z ncc: Version 0.34.0
2022-06-22T15:21:15.5777311Z ncc: Compiling file index.js into CJS
2022-06-22T15:21:23.5237484Z ncc: Version 0.34.0
2022-06-22T15:21:23.5238366Z ncc: Compiling file index.js into CJS
2022-06-22T15:21:26.3676020Z ncc: Version 0.34.0
2022-06-22T15:21:26.3676825Z ncc: Compiling file index.js into CJS
2022-06-22T15:21:27.5480897Z ncc: Version 0.34.0
2022-06-22T15:21:27.5481680Z ncc: Compiling file index.js into CJS
2022-06-22T15:21:28.4869440Z ncc: Version 0.34.0
2022-06-22T15:21:28.4870048Z ncc: Compiling file index.js into CJS
2022-06-22T15:21:29.4419135Z ncc: Version 0.34.0
2022-06-22T15:21:29.4419979Z ncc: Compiling file index.js into CJS
2022-06-22T15:21:30.6284903Z ncc: Version 0.34.0
2022-06-22T15:21:30.6285798Z ncc: Compiling file index.js into CJS
2022-06-22T15:21:37.0196704Z ncc: Version 0.34.0
2022-06-22T15:21:37.0197749Z ncc: Compiling file index.js into CJS
2022-06-22T15:21:39.5416566Z ncc: Version 0.34.0
2022-06-22T15:21:39.5417495Z ncc: Compiling file index.js into CJS
2022-06-22T15:21:41.3550328Z ncc: Version 0.34.0
2022-06-22T15:21:41.3550804Z ncc: Compiling file index.js into CJS
2022-06-22T15:21:43.7666020Z ncc: Version 0.34.0
2022-06-22T15:21:43.7666824Z ncc: Compiling file index.js into CJS
2022-06-22T15:21:57.0505839Z ncc: Version 0.34.0
2022-06-22T15:21:57.0506684Z ncc: Compiling file index.js into CJS
2022-06-22T15:22:08.9594049Z ncc: Version 0.34.0
2022-06-22T15:22:08.9594893Z ncc: Compiling file index.js into CJS
2022-06-22T15:22:18.6981998Z ncc: Version 0.34.0
2022-06-22T15:22:18.6982794Z ncc: Compiling file index.js into CJS
2022-06-22T15:22:21.0832329Z ncc: Version 0.34.0
2022-06-22T15:22:21.0833265Z ncc: Compiling file index.js into CJS
2022-06-22T15:22:26.7829111Z ncc: Version 0.34.0
2022-06-22T15:22:26.7830230Z ncc: Compiling file index.js into CJS
2022-06-22T15:22:29.5514199Z ncc: Version 0.34.0
2022-06-22T15:22:29.5514972Z ncc: Compiling file index.js into CJS
2022-06-22T15:22:40.4016464Z ncc: Version 0.34.0
2022-06-22T15:22:40.4016944Z ncc: Compiling file index.js into CJS
2022-06-22T15:22:42.5570736Z ncc: Version 0.34.0
2022-06-22T15:22:42.5571389Z ncc: Compiling file index.js into CJS
2022-06-22T15:22:45.3437644Z ncc: Version 0.34.0
2022-06-22T15:22:45.3438109Z ncc: Compiling file index.js into CJS
2022-06-22T15:22:47.9986047Z ncc: Version 0.34.0
2022-06-22T15:22:47.9986713Z ncc: Compiling file index.js into CJS
2022-06-22T15:22:52.4460597Z ncc: Version 0.34.0
2022-06-22T15:22:52.4990592Z ncc: Compiling file index.js into CJS
2022-06-22T15:22:54.5827137Z ncc: Version 0.34.0
2022-06-22T15:22:54.5827821Z ncc: Compiling file index.js into CJS
2022-06-22T15:22:57.0329075Z ncc: Version 0.34.0
2022-06-22T15:22:57.0329620Z ncc: Compiling file index.js into CJS
2022-06-22T15:22:59.8871065Z ncc: Version 0.34.0
2022-06-22T15:22:59.8871904Z ncc: Compiling file index.js into CJS
2022-06-22T15:23:01.9573290Z ncc: Version 0.34.0
2022-06-22T15:23:01.9574037Z ncc: Compiling file index.js into CJS
2022-06-22T15:23:06.9673061Z ncc: Version 0.34.0
2022-06-22T15:23:06.9673761Z ncc: Compiling file index.js into CJS
2022-06-22T15:23:09.0719465Z ncc: Version 0.34.0
2022-06-22T15:23:09.0720544Z ncc: Compiling file index.js into CJS
2022-06-22T15:23:12.7967078Z ncc: Version 0.34.0
2022-06-22T15:23:12.7967658Z ncc: Compiling file index.js into CJS
2022-06-22T15:23:15.0613203Z ncc: Version 0.34.0
2022-06-22T15:23:15.0613599Z ncc: Compiling file index.js into CJS
2022-06-22T15:23:22.2155974Z ncc: Version 0.34.0
2022-06-22T15:23:22.2156689Z ncc: Compiling file index.js into CJS
2022-06-22T15:23:25.3294813Z ncc: Version 0.34.0
2022-06-22T15:23:25.3295517Z ncc: Compiling file index.js into CJS
2022-06-22T15:23:27.6559287Z ncc: Version 0.34.0
2022-06-22T15:23:27.6559884Z ncc: Compiling file index.js into CJS
2022-06-22T15:23:39.1341397Z ncc: Version 0.34.0
2022-06-22T15:23:39.1342184Z ncc: Compiling file index.js into CJS
2022-06-22T15:23:41.6378637Z ncc: Version 0.34.0
2022-06-22T15:23:41.6379205Z ncc: Compiling file index.js into CJS
2022-06-22T15:23:44.3562866Z ncc: Version 0.34.0
2022-06-22T15:23:44.3563632Z ncc: Compiling file index.js into CJS
2022-06-22T15:23:47.0847012Z ncc: Version 0.34.0
2022-06-22T15:23:47.0847811Z ncc: Compiling file index.js into CJS
2022-06-22T15:23:52.5117684Z ncc: Version 0.34.0
2022-06-22T15:23:52.5118095Z ncc: Compiling file index.js into CJS
2022-06-22T15:23:55.5439842Z ncc: Version 0.34.0
2022-06-22T15:23:55.5440223Z ncc: Compiling file index.js into CJS
2022-06-22T15:24:00.8099465Z ncc: Version 0.34.0
2022-06-22T15:24:00.8100264Z ncc: Compiling file index.js into CJS
2022-06-22T15:24:03.7595211Z ncc: Version 0.34.0
2022-06-22T15:24:03.7595985Z ncc: Compiling file index.js into CJS
2022-06-22T15:24:06.9772454Z ncc: Version 0.34.0
2022-06-22T15:24:06.9773032Z ncc: Compiling file index.js into CJS
2022-06-22T15:24:13.8746384Z ncc: Version 0.34.0
2022-06-22T15:24:13.8746789Z ncc: Compiling file index.js into CJS
2022-06-22T15:24:19.1733624Z ncc: Version 0.34.0
2022-06-22T15:24:19.1734779Z ncc: Compiling file index.js into CJS
2022-06-22T15:24:22.8479592Z ncc: Version 0.34.0
2022-06-22T15:24:22.8480306Z ncc: Compiling file index.js into CJS
2022-06-22T15:24:25.3258087Z ncc: Version 0.34.0
2022-06-22T15:24:25.3258810Z ncc: Compiling file index.js into CJS
2022-06-22T15:24:29.3501573Z ncc: Version 0.34.0
2022-06-22T15:24:29.3501992Z ncc: Compiling file index.js into CJS
2022-06-22T15:24:36.4312829Z ncc: Version 0.34.0
2022-06-22T15:24:36.4313637Z ncc: Compiling file index.js into CJS
2022-06-22T15:24:41.6987534Z ncc: Version 0.34.0
2022-06-22T15:24:41.6988258Z ncc: Compiling file index.js into CJS
2022-06-22T15:24:45.1020817Z ncc: Version 0.34.0
2022-06-22T15:24:45.1021387Z ncc: Compiling file index.js into CJS
2022-06-22T15:24:48.9222156Z ncc: Version 0.34.0
2022-06-22T15:24:48.9222867Z ncc: Compiling file index.js into CJS
2022-06-22T15:24:51.4967659Z ncc: Version 0.34.0
2022-06-22T15:24:51.4968374Z ncc: Compiling file index.js into CJS
2022-06-22T15:24:53.8321768Z ncc: Version 0.34.0
2022-06-22T15:24:53.8322525Z ncc: Compiling file index.js into CJS
2022-06-22T15:24:57.0300875Z ncc: Version 0.34.0
2022-06-22T15:24:57.0301660Z ncc: Compiling file index.js into CJS
2022-06-22T15:25:49.3748676Z ncc: Version 0.34.0
2022-06-22T15:25:49.3760083Z ncc: Compiling file index.js into CJS
2022-06-22T15:25:54.6477035Z ncc: Version 0.34.0
2022-06-22T15:25:54.6496215Z ncc: Compiling file index.js into CJS
2022-06-22T15:25:57.4798532Z ncc: Version 0.34.0
2022-06-22T15:25:57.4799272Z ncc: Compiling file index.js into CJS
2022-06-22T15:26:12.8974732Z ncc: Version 0.34.0
2022-06-22T15:26:12.8981010Z ncc: Compiling file index.js into CJS
2022-06-22T15:26:17.4342338Z ncc: Version 0.34.0
2022-06-22T15:26:17.4350265Z ncc: Compiling file index.js into CJS
2022-06-22T15:26:21.5956846Z ncc: Version 0.34.0
2022-06-22T15:26:21.5962148Z ncc: Compiling file index.js into CJS
2022-06-22T15:26:24.9421456Z ncc: Version 0.34.0
2022-06-22T15:26:24.9428086Z ncc: Compiling file index.js into CJS
2022-06-22T15:26:30.1009982Z PASS test/integration.test.js (348.816 s)
2022-06-22T15:26:30.1190105Z   ● Console
2022-06-22T15:26:30.1192379Z 
2022-06-22T15:26:30.1192494Z     console.warn
2022-06-22T15:26:30.1196051Z       ncc: Ignoring build of uglify-es, as it is not statically analyzable. Build with "--external uglify-es" if this package is needed.
2022-06-22T15:26:30.1196250Z 
2022-06-22T15:26:30.1196489Z       23 |       const pkgName = baseParts[baseParts.length - 1];
2022-06-22T15:26:30.1198995Z       24 |       if (pkgName in emptyModules) {
2022-06-22T15:26:30.1199623Z     > 25 |         console.warn(`ncc: Ignoring build of ${pkgName}, as it is not statically analyzable. Build with "--external ${pkgName}" if this package is needed.`);
2022-06-22T15:26:30.1202325Z          |                 ^
2022-06-22T15:26:30.1202560Z       26 |         return '';
2022-06-22T15:26:30.1202764Z       27 |       }
2022-06-22T15:26:30.1204807Z       28 |     }
2022-06-22T15:26:30.1204918Z 
2022-06-22T15:26:30.1205250Z       at Object.<anonymous>.module.exports (dist/ncc/loaders/empty-loader.js:25:17)
2022-06-22T15:26:30.2244123Z       at LOADER_EXECUTION (dist/ncc/index.js.cache.js:1:612116)
2022-06-22T15:26:30.2247489Z       at runSyncOrAsync (dist/ncc/index.js.cache.js:1:612127)
2022-06-22T15:26:30.2247930Z       at iterateNormalLoaders (dist/ncc/index.js.cache.js:1:613726)
2022-06-22T15:26:30.2248386Z       at iterateNormalLoaders (dist/ncc/index.js.cache.js:1:613594)
2022-06-22T15:26:30.2253199Z       at dist/ncc/index.js.cache.js:1:613823
2022-06-22T15:26:30.2253640Z       at Object.R.callback (dist/ncc/index.js.cache.js:1:612020)
2022-06-22T15:26:30.2256983Z       at dist/ncc/loaders/relocate-loader.js.cache.js:12:90331
2022-06-22T15:26:30.2257297Z 
2022-06-22T15:26:30.2257428Z     console.log
2022-06-22T15:26:30.2261057Z       ncc: Using typescript@4.6.2 (local user-provided)
2022-06-22T15:26:30.2261298Z 
2022-06-22T15:26:30.2261527Z       at Object.<anonymous> (dist/ncc/typescript.js:9:23)
2022-06-22T15:26:30.2261701Z 
2022-06-22T15:26:31.0355741Z ncc: Version 0.34.0
2022-06-22T15:26:31.0359262Z ncc: Compiling file index.js into CJS
2022-06-22T15:26:31.3253935Z ncc: Version 0.34.0
2022-06-22T15:26:31.3259284Z ncc: Compiling file index.js into CJS
2022-06-22T15:26:31.6955696Z ncc: Version 0.34.0
2022-06-22T15:26:31.6956506Z ncc: Compiling file pi-bridge.js into CJS
2022-06-22T15:26:31.8745872Z ncc: Version 0.34.0
2022-06-22T15:26:31.8746343Z ncc: Compiling file index.js into CJS
2022-06-22T15:26:31.9843307Z ncc: Version 0.34.0
2022-06-22T15:26:31.9844400Z ncc: Compiling file pi-bridge.js into CJS
2022-06-22T15:26:32.0897494Z ncc: Version 0.34.0
2022-06-22T15:26:32.0898149Z ncc: Compiling file index.js into CJS
2022-06-22T15:26:32.0902955Z ncc: Version 0.34.0
2022-06-22T15:26:32.0903455Z ncc: Compiling file index.js into CJS
2022-06-22T15:26:32.2884488Z ncc: Version 0.34.0
2022-06-22T15:26:32.2886541Z ncc: Compiling file index.js into ESM
2022-06-22T15:26:32.2890449Z ncc: Version 0.34.0
2022-06-22T15:26:32.2938856Z ncc: Compiling file index.js into ESM
2022-06-22T15:26:32.4767654Z ncc: Version 0.34.0
2022-06-22T15:26:32.4768375Z ncc: Compiling file index.js into CJS
2022-06-22T15:26:32.4775436Z ncc: Version 0.34.0
2022-06-22T15:26:32.4776085Z ncc: Compiling file index.js into ESM
2022-06-22T15:26:32.6471508Z ncc: Version 0.34.0
2022-06-22T15:26:32.6480350Z ncc: Compiling file index.js into CJS
2022-06-22T15:26:32.7829237Z ncc: Version 0.34.0
2022-06-22T15:26:32.7834297Z ncc: Compiling file index.js into CJS
2022-06-22T15:26:32.7834918Z An error occurred while minifying. The result will not be minified.
2022-06-22T15:26:32.7835501Z ncc: Version 0.34.0
2022-06-22T15:26:32.7838110Z ncc: Compiling file index.js into CJS
2022-06-22T15:26:32.9749608Z ncc: Version 0.34.0
2022-06-22T15:26:32.9754712Z ncc: Compiling file index.js into CJS
2022-06-22T15:26:32.9755101Z ncc: Version 0.34.0
2022-06-22T15:26:32.9759122Z ncc: Compiling file index.js into CJS
2022-06-22T15:26:33.1656861Z ncc: Version 0.34.0
2022-06-22T15:26:33.1659290Z ncc: Compiling file index.js into CJS
2022-06-22T15:26:33.1662775Z ncc: Version 0.34.0
2022-06-22T15:26:33.3318807Z ncc: Compiling file index.js into CJS
2022-06-22T15:26:33.3319207Z ncc: Version 0.34.0
2022-06-22T15:26:33.3335328Z ncc: Compiling file index.js into CJS
2022-06-22T15:26:33.4445053Z ncc: Version 0.34.0
2022-06-22T15:26:33.4445857Z ncc: Compiling file index.js into CJS
2022-06-22T15:26:33.4450878Z ncc: Version 0.34.0
2022-06-22T15:26:33.4451546Z ncc: Compiling file index.js into CJS
2022-06-22T15:26:33.6513384Z ncc: Version 0.34.0
2022-06-22T15:26:33.6514355Z ncc: Compiling file index.js into CJS
2022-06-22T15:26:33.7555669Z ncc: Version 0.34.0
2022-06-22T15:26:33.7558284Z ncc: Compiling file index.js into CJS
2022-06-22T15:26:33.7564987Z ncc: Version 0.34.0
2022-06-22T15:26:33.7565496Z ncc: Compiling file index.js into CJS
2022-06-22T15:26:33.9372127Z ncc: Version 0.34.0
2022-06-22T15:26:33.9373003Z ncc: Compiling file index.js into CJS
2022-06-22T15:26:33.9377926Z ncc: Version 0.34.0
2022-06-22T15:26:33.9378320Z ncc: Compiling file index.js into CJS
2022-06-22T15:26:34.0297214Z PASS test/unit.test.js
2022-06-22T15:26:34.0298019Z   ● Console
2022-06-22T15:26:34.0298184Z 
2022-06-22T15:26:34.0298264Z     console.log
2022-06-22T15:26:34.0301902Z       ncc: Using typescript@4.6.2 (local user-provided)
2022-06-22T15:26:34.0302129Z 
2022-06-22T15:26:34.0302354Z       at Object.<anonymous> (dist/ncc/typescript.js:9:23)
2022-06-22T15:26:34.0304787Z 
2022-06-22T15:27:07.1425049Z PASS test/cli.test.js (33.108 s)
2022-06-22T15:27:07.1456540Z 
2022-06-22T15:27:07.1482186Z Test Suites: 4 passed, 4 total
2022-06-22T15:27:07.1485726Z Tests:       118 passed, 118 total
2022-06-22T15:27:07.1487558Z Snapshots:   0 total
2022-06-22T15:27:07.1490991Z Time:        395.524 s
2022-06-22T15:27:07.1491317Z Ran all test suites.
2022-06-22T15:27:09.9344498Z Done in 400.04s.
2022-06-22T15:27:10.0600582Z ##[group]Run yarn test-coverage
2022-06-22T15:27:10.0603804Z [36;1myarn test-coverage[0m
2022-06-22T15:27:10.1732401Z shell: /usr/bin/bash -e {0}
2022-06-22T15:27:10.1732811Z ##[endgroup]
2022-06-22T15:27:10.3644054Z yarn run v1.22.19
2022-06-22T15:27:10.4197154Z $ node --expose-gc --max_old_space_size=4096 node_modules/jest/bin/jest.js --coverage --globals "{\"coverage\":true}" && codecov
2022-06-22T15:33:17.9669883Z   ●  process.exit called with "0"
2022-06-22T15:33:17.9670134Z 
2022-06-22T15:33:17.9670418Z       113 | afterAll(() => {
2022-06-22T15:33:17.9673775Z       114 |   if (coverage)
2022-06-22T15:33:17.9679041Z     > 115 |     process.exit(0);
2022-06-22T15:33:17.9680767Z           |             ^
2022-06-22T15:33:17.9682578Z       116 | });
2022-06-22T15:33:17.9686365Z       117 |
2022-06-22T15:33:17.9690729Z       118 | // remove me when node.js makes this the default behavior
2022-06-22T15:33:17.9692416Z 
2022-06-22T15:33:17.9703190Z       at test/integration.test.js:115:13
2022-06-22T15:33:18.4855539Z   _____          _  
2022-06-22T15:33:18.4858017Z  / ____|        | |  
2022-06-22T15:33:18.4861266Z | |     ___   __| | ___  ___ _____   __  
2022-06-22T15:33:18.4861770Z | |    / _ \ / _` |/ _ \/ __/ _ \ \ / /  
2022-06-22T15:33:18.4864048Z | |___| (_) | (_| |  __/ (_| (_) \ V /  
2022-06-22T15:33:18.4866838Z  \_____\___/ \__,_|\___|\___\___/ \_/  
2022-06-22T15:33:18.4868760Z                                 v3.8.3
2022-06-22T15:33:18.4871025Z ==> Detecting CI Provider
2022-06-22T15:33:18.4873726Z     GitHub Actions CI Detected
2022-06-22T15:33:18.4874099Z ==> Configuration: 
2022-06-22T15:33:18.4879111Z     Endpoint: https://codecov.io
2022-06-22T15:33:18.4879479Z {
2022-06-22T15:33:18.4883008Z   commit: 'e528ed69caadcd2a694efe4186b1b768b90948fc',
2022-06-22T15:33:18.4883419Z   branch: 'main',
2022-06-22T15:33:18.4888748Z   package: 'node-v3.8.3'
2022-06-22T15:33:18.4891531Z }
2022-06-22T15:33:18.4891889Z ==> Building file structure
2022-06-22T15:33:18.5048336Z ==> Generating gcov reports (skip via --disable=gcov)
2022-06-22T15:33:18.5430142Z     $ find /home/runner/work/ncc/ncc -type f -name '*.gcno'  -exec gcov  {} +
2022-06-22T15:33:18.5432529Z     Failed to run gcov command.
2022-06-22T15:33:18.5437235Z ==> Scanning for reports
2022-06-22T15:33:21.0634715Z     + /home/runner/work/ncc/ncc/test/unit/minify/output-coverage.js.map
2022-06-22T15:33:21.0635753Z ==> Uploading reports
2022-06-22T15:33:21.7810446Z     Success!
2022-06-22T15:33:21.8682037Z     View report at: https://codecov.io/github/vercel/ncc/commit/e528ed69caadcd2a694efe4186b1b768b90948fc
2022-06-22T15:33:21.8685129Z Done in 371.50s.
2022-06-22T15:33:22.0015137Z Post job cleanup.
2022-06-22T15:33:22.2511890Z [command]/usr/local/bin/yarn --version
2022-06-22T15:33:22.4482567Z 1.22.19
2022-06-22T15:33:22.4487409Z [command]/usr/local/bin/yarn cache dir
2022-06-22T15:33:22.6311086Z /home/runner/.cache/yarn/v6
2022-06-22T15:33:22.7051606Z [command]/usr/bin/tar --posix --use-compress-program zstd -T0 -cf cache.tzst -P -C /home/runner/work/ncc/ncc --files-from manifest.txt
2022-06-22T15:33:44.7496397Z Unable to reserve cache with key node-cache-Linux-yarn-262cb0e77ad55ccc4c7330e29056e9177523fa991819ca39f49ef317239d6aba, another job may be creating this cache. More details: Cache already exists. Scope: refs/heads/main, Key: node-cache-Linux-yarn-262cb0e77ad55ccc4c7330e29056e9177523fa991819ca39f49ef317239d6aba, Version: 73885106f58cc52a7df9ec4d4a5622a5614813162cb516c759a30af6bf56e6f0
2022-06-22T15:33:44.7635461Z Post job cleanup.
2022-06-22T15:33:44.9034342Z [command]/usr/bin/git version
2022-06-22T15:33:44.9098951Z git version 2.36.1
2022-06-22T15:33:44.9153412Z Temporarily overriding HOME='/home/runner/work/_temp/7c35cad4-c0f6-4c44-82de-3b21519af571' before making global git config changes
2022-06-22T15:33:44.9154444Z Adding repository directory to the temporary git global config as a safe directory
2022-06-22T15:33:44.9159559Z [command]/usr/bin/git config --global --add safe.directory /home/runner/work/ncc/ncc
2022-06-22T15:33:44.9210522Z [command]/usr/bin/git config --local --name-only --get-regexp core\.sshCommand
2022-06-22T15:33:44.9255579Z [command]/usr/bin/git submodule foreach --recursive git config --local --name-only --get-regexp 'core\.sshCommand' && git config --local --unset-all 'core.sshCommand' || :
2022-06-22T15:33:44.9648988Z [command]/usr/bin/git config --local --name-only --get-regexp http\.https\:\/\/github\.com\/\.extraheader
2022-06-22T15:33:44.9673317Z http.https://github.com/.extraheader
2022-06-22T15:33:44.9689683Z [command]/usr/bin/git config --local --unset-all http.https://github.com/.extraheader
2022-06-22T15:33:44.9760243Z [command]/usr/bin/git submodule foreach --recursive git config --local --name-only --get-regexp 'http\.https\:\/\/github\.com\/\.extraheader' && git config --local --unset-all 'http.https://github.com/.extraheader' || :
2022-06-22T15:33:45.0524230Z Cleaning up orphan processes