2022-06-22T22:05:33.0690518Z Requested labels: ubuntu-latest
2022-06-22T22:05:33.0690572Z Job defined at: LuanRT/YouTube.js/.github/workflows/node.js.yml@refs/heads/main
2022-06-22T22:05:33.0690600Z Waiting for a runner to pick up this job...
2022-06-22T22:05:34.6124276Z Job is waiting for a hosted runner to come online.
2022-06-22T22:05:37.5146912Z Job is about to start running on the hosted runner: Hosted Agent (hosted)
2022-06-22T22:05:40.5250394Z Current runner version: '2.293.0'
2022-06-22T22:05:40.5274791Z ##[group]Operating System
2022-06-22T22:05:40.5275257Z Ubuntu
2022-06-22T22:05:40.5275534Z 20.04.4
2022-06-22T22:05:40.5275884Z LTS
2022-06-22T22:05:40.5276113Z ##[endgroup]
2022-06-22T22:05:40.5276434Z ##[group]Virtual Environment
2022-06-22T22:05:40.5276806Z Environment: ubuntu-20.04
2022-06-22T22:05:40.5277089Z Version: 20220619.1
2022-06-22T22:05:40.5277694Z Included Software: https://github.com/actions/virtual-environments/blob/ubuntu20/20220619.1/images/linux/Ubuntu2004-Readme.md
2022-06-22T22:05:40.5278351Z Image Release: https://github.com/actions/virtual-environments/releases/tag/ubuntu20%2F20220619.1
2022-06-22T22:05:40.5278793Z ##[endgroup]
2022-06-22T22:05:40.5279089Z ##[group]Virtual Environment Provisioner
2022-06-22T22:05:40.5279493Z 1.0.0.0-main-20220531-1
2022-06-22T22:05:40.5279798Z ##[endgroup]
2022-06-22T22:05:40.5280670Z ##[group]GITHUB_TOKEN Permissions
2022-06-22T22:05:40.5281441Z Actions: write
2022-06-22T22:05:40.5282002Z Checks: write
2022-06-22T22:05:40.5282319Z Contents: write
2022-06-22T22:05:40.5282633Z Deployments: write
2022-06-22T22:05:40.5282943Z Discussions: write
2022-06-22T22:05:40.5283274Z Issues: write
2022-06-22T22:05:40.5283519Z Metadata: read
2022-06-22T22:05:40.5283826Z Packages: write
2022-06-22T22:05:40.5284179Z Pages: write
2022-06-22T22:05:40.5284438Z PullRequests: write
2022-06-22T22:05:40.5284805Z RepositoryProjects: write
2022-06-22T22:05:40.5285147Z SecurityEvents: write
2022-06-22T22:05:40.5285413Z Statuses: write
2022-06-22T22:05:40.5285720Z ##[endgroup]
2022-06-22T22:05:40.5289696Z Secret source: Actions
2022-06-22T22:05:40.5290121Z Prepare workflow directory
2022-06-22T22:05:40.6155182Z Prepare all required actions
2022-06-22T22:05:40.6338628Z Getting action download info
2022-06-22T22:05:40.8204668Z Download action repository 'actions/checkout@v2' (SHA:7884fcad6b5d53d10323aee724dc68d8b9096a2e)
2022-06-22T22:05:41.2350048Z Download action repository 'actions/setup-node@v1' (SHA:f1f314fca9dfce2769ece7d933488f076716723e)
2022-06-22T22:05:41.8059707Z ##[group]Run actions/checkout@v2
2022-06-22T22:05:41.8060093Z with:
2022-06-22T22:05:41.8060448Z   repository: LuanRT/YouTube.js
2022-06-22T22:05:41.8061120Z   token: ***
2022-06-22T22:05:41.8061446Z   ssh-strict: true
2022-06-22T22:05:41.8061765Z   persist-credentials: true
2022-06-22T22:05:41.8062127Z   clean: true
2022-06-22T22:05:41.8062457Z   fetch-depth: 1
2022-06-22T22:05:41.8062766Z   lfs: false
2022-06-22T22:05:41.8063093Z   submodules: false
2022-06-22T22:05:41.8063446Z   set-safe-directory: true
2022-06-22T22:05:41.8063751Z ##[endgroup]
2022-06-22T22:05:42.0278968Z Syncing repository: LuanRT/YouTube.js
2022-06-22T22:05:42.0280928Z ##[group]Getting Git version info
2022-06-22T22:05:42.0281654Z Working directory is '/home/runner/work/YouTube.js/YouTube.js'
2022-06-22T22:05:42.0282412Z [command]/usr/bin/git version
2022-06-22T22:05:42.0389965Z git version 2.36.1
2022-06-22T22:05:42.0391149Z ##[endgroup]
2022-06-22T22:05:42.0405979Z Temporarily overriding HOME='/home/runner/work/_temp/07007c9e-f25d-40b8-8b65-0ec78eb36167' before making global git config changes
2022-06-22T22:05:42.0406678Z Adding repository directory to the temporary git global config as a safe directory
2022-06-22T22:05:42.0407356Z [command]/usr/bin/git config --global --add safe.directory /home/runner/work/YouTube.js/YouTube.js
2022-06-22T22:05:42.0439932Z Deleting the contents of '/home/runner/work/YouTube.js/YouTube.js'
2022-06-22T22:05:42.0441187Z ##[group]Initializing the repository
2022-06-22T22:05:42.0441635Z [command]/usr/bin/git init /home/runner/work/YouTube.js/YouTube.js
2022-06-22T22:05:42.0487206Z hint: Using 'master' as the name for the initial branch. This default branch name
2022-06-22T22:05:42.0487992Z hint: is subject to change. To configure the initial branch name to use in all
2022-06-22T22:05:42.0488767Z hint: of your new repositories, which will suppress this warning, call:
2022-06-22T22:05:42.0489219Z hint: 
2022-06-22T22:05:42.0489751Z hint: 	git config --global init.defaultBranch <name>
2022-06-22T22:05:42.0490319Z hint: 
2022-06-22T22:05:42.0490852Z hint: Names commonly chosen instead of 'master' are 'main', 'trunk' and
2022-06-22T22:05:42.0491485Z hint: 'development'. The just-created branch can be renamed via this command:
2022-06-22T22:05:42.0491904Z hint: 
2022-06-22T22:05:42.0492235Z hint: 	git branch -m <name>
2022-06-22T22:05:42.0555069Z Initialized empty Git repository in /home/runner/work/YouTube.js/YouTube.js/.git/
2022-06-22T22:05:42.0569047Z [command]/usr/bin/git remote add origin https://github.com/LuanRT/YouTube.js
2022-06-22T22:05:42.0596779Z ##[endgroup]
2022-06-22T22:05:42.0597551Z ##[group]Disabling automatic garbage collection
2022-06-22T22:05:42.0604264Z [command]/usr/bin/git config --local gc.auto 0
2022-06-22T22:05:42.0634269Z ##[endgroup]
2022-06-22T22:05:42.0634927Z ##[group]Setting up auth
2022-06-22T22:05:42.0644785Z [command]/usr/bin/git config --local --name-only --get-regexp core\.sshCommand
2022-06-22T22:05:42.0677634Z [command]/usr/bin/git submodule foreach --recursive git config --local --name-only --get-regexp 'core\.sshCommand' && git config --local --unset-all 'core.sshCommand' || :
2022-06-22T22:05:42.0992841Z [command]/usr/bin/git config --local --name-only --get-regexp http\.https\:\/\/github\.com\/\.extraheader
2022-06-22T22:05:42.1016677Z [command]/usr/bin/git submodule foreach --recursive git config --local --name-only --get-regexp 'http\.https\:\/\/github\.com\/\.extraheader' && git config --local --unset-all 'http.https://github.com/.extraheader' || :
2022-06-22T22:05:42.1250389Z [command]/usr/bin/git config --local http.https://github.com/.extraheader AUTHORIZATION: basic ***
2022-06-22T22:05:42.1283595Z ##[endgroup]
2022-06-22T22:05:42.1284800Z ##[group]Fetching the repository
2022-06-22T22:05:42.1296214Z [command]/usr/bin/git -c protocol.version=2 fetch --no-tags --prune --progress --no-recurse-submodules --depth=1 origin +00c2db791f1f4519a02077ba83dbf3044aecf8ac:refs/remotes/origin/main
2022-06-22T22:05:42.4062105Z remote: Enumerating objects: 540, done.        
2022-06-22T22:05:42.4063907Z remote: Counting objects:   0% (1/540)        
2022-06-22T22:05:42.4069768Z remote: Counting objects:   1% (6/540)        
2022-06-22T22:05:42.4070382Z remote: Counting objects:   2% (11/540)        
2022-06-22T22:05:42.4070742Z remote: Counting objects:   3% (17/540)        
2022-06-22T22:05:42.4071093Z remote: Counting objects:   4% (22/540)        
2022-06-22T22:05:42.4071373Z remote: Counting objects:   5% (27/540)        
2022-06-22T22:05:42.4071823Z remote: Counting objects:   6% (33/540)        
2022-06-22T22:05:42.4072141Z remote: Counting objects:   7% (38/540)        
2022-06-22T22:05:42.4072419Z remote: Counting objects:   8% (44/540)        
2022-06-22T22:05:42.4072903Z remote: Counting objects:   9% (49/540)        
2022-06-22T22:05:42.4073221Z remote: Counting objects:  10% (54/540)        
2022-06-22T22:05:42.4073544Z remote: Counting objects:  11% (60/540)        
2022-06-22T22:05:42.4073865Z remote: Counting objects:  12% (65/540)        
2022-06-22T22:05:42.4074157Z remote: Counting objects:  13% (71/540)        
2022-06-22T22:05:42.4074517Z remote: Counting objects:  14% (76/540)        
2022-06-22T22:05:42.4074827Z remote: Counting objects:  15% (81/540)        
2022-06-22T22:05:42.4075096Z remote: Counting objects:  16% (87/540)        
2022-06-22T22:05:42.4075411Z remote: Counting objects:  17% (92/540)        
2022-06-22T22:05:42.4075854Z remote: Counting objects:  18% (98/540)        
2022-06-22T22:05:42.4076128Z remote: Counting objects:  19% (103/540)        
2022-06-22T22:05:42.4076448Z remote: Counting objects:  20% (108/540)        
2022-06-22T22:05:42.4076780Z remote: Counting objects:  21% (114/540)        
2022-06-22T22:05:42.4077063Z remote: Counting objects:  22% (119/540)        
2022-06-22T22:05:42.4077402Z remote: Counting objects:  23% (125/540)        
2022-06-22T22:05:42.4077720Z remote: Counting objects:  24% (130/540)        
2022-06-22T22:05:42.4078060Z remote: Counting objects:  25% (135/540)        
2022-06-22T22:05:42.4078624Z remote: Counting objects:  26% (141/540)        
2022-06-22T22:05:42.4078947Z remote: Counting objects:  27% (146/540)        
2022-06-22T22:05:42.4079318Z remote: Counting objects:  28% (152/540)        
2022-06-22T22:05:42.4079594Z remote: Counting objects:  29% (157/540)        
2022-06-22T22:05:42.4079928Z remote: Counting objects:  30% (162/540)        
2022-06-22T22:05:42.4080240Z remote: Counting objects:  31% (168/540)        
2022-06-22T22:05:42.4080526Z remote: Counting objects:  32% (173/540)        
2022-06-22T22:05:42.4080861Z remote: Counting objects:  33% (179/540)        
2022-06-22T22:05:42.4081184Z remote: Counting objects:  34% (184/540)        
2022-06-22T22:05:42.4081450Z remote: Counting objects:  35% (189/540)        
2022-06-22T22:05:42.4081760Z remote: Counting objects:  36% (195/540)        
2022-06-22T22:05:42.4082090Z remote: Counting objects:  37% (200/540)        
2022-06-22T22:05:42.4082415Z remote: Counting objects:  38% (206/540)        
2022-06-22T22:05:42.4082694Z remote: Counting objects:  39% (211/540)        
2022-06-22T22:05:42.4083005Z remote: Counting objects:  40% (216/540)        
2022-06-22T22:05:42.4083317Z remote: Counting objects:  41% (222/540)        
2022-06-22T22:05:42.4083610Z remote: Counting objects:  42% (227/540)        
2022-06-22T22:05:42.4083929Z remote: Counting objects:  43% (233/540)        
2022-06-22T22:05:42.4084234Z remote: Counting objects:  44% (238/540)        
2022-06-22T22:05:42.4084500Z remote: Counting objects:  45% (243/540)        
2022-06-22T22:05:42.4084803Z remote: Counting objects:  46% (249/540)        
2022-06-22T22:05:42.4085150Z remote: Counting objects:  47% (254/540)        
2022-06-22T22:05:42.4085414Z remote: Counting objects:  48% (260/540)        
2022-06-22T22:05:42.4085720Z remote: Counting objects:  49% (265/540)        
2022-06-22T22:05:42.4086189Z remote: Counting objects:  50% (270/540)        
2022-06-22T22:05:42.4086581Z remote: Counting objects:  51% (276/540)        
2022-06-22T22:05:42.4086945Z remote: Counting objects:  52% (281/540)        
2022-06-22T22:05:42.4087264Z remote: Counting objects:  53% (287/540)        
2022-06-22T22:05:42.4087575Z remote: Counting objects:  54% (292/540)        
2022-06-22T22:05:42.4087842Z remote: Counting objects:  55% (297/540)        
2022-06-22T22:05:42.4088196Z remote: Counting objects:  56% (303/540)        
2022-06-22T22:05:42.4088626Z remote: Counting objects:  57% (308/540)        
2022-06-22T22:05:42.4088892Z remote: Counting objects:  58% (314/540)        
2022-06-22T22:05:42.4089201Z remote: Counting objects:  59% (319/540)        
2022-06-22T22:05:42.4279882Z remote: Counting objects:  60% (324/540)        
2022-06-22T22:05:42.4280320Z remote: Counting objects:  61% (330/540)        
2022-06-22T22:05:42.4280574Z remote: Counting objects:  62% (335/540)        
2022-06-22T22:05:42.4280819Z remote: Counting objects:  63% (341/540)        
2022-06-22T22:05:42.4281190Z remote: Counting objects:  64% (346/540)        
2022-06-22T22:05:42.4281448Z remote: Counting objects:  65% (351/540)        
2022-06-22T22:05:42.4281697Z remote: Counting objects:  66% (357/540)        
2022-06-22T22:05:42.4281929Z remote: Counting objects:  67% (362/540)        
2022-06-22T22:05:42.4282159Z remote: Counting objects:  68% (368/540)        
2022-06-22T22:05:42.4282388Z remote: Counting objects:  69% (373/540)        
2022-06-22T22:05:42.4282615Z remote: Counting objects:  70% (378/540)        
2022-06-22T22:05:42.4282839Z remote: Counting objects:  71% (384/540)        
2022-06-22T22:05:42.4283070Z remote: Counting objects:  72% (389/540)        
2022-06-22T22:05:42.4283292Z remote: Counting objects:  73% (395/540)        
2022-06-22T22:05:42.4283529Z remote: Counting objects:  74% (400/540)        
2022-06-22T22:05:42.4283762Z remote: Counting objects:  75% (405/540)        
2022-06-22T22:05:42.4283995Z remote: Counting objects:  76% (411/540)        
2022-06-22T22:05:42.4284232Z remote: Counting objects:  77% (416/540)        
2022-06-22T22:05:42.4284471Z remote: Counting objects:  78% (422/540)        
2022-06-22T22:05:42.4284903Z remote: Counting objects:  79% (427/540)        
2022-06-22T22:05:42.4285132Z remote: Counting objects:  80% (432/540)        
2022-06-22T22:05:42.4285367Z remote: Counting objects:  81% (438/540)        
2022-06-22T22:05:42.4285650Z remote: Counting objects:  82% (443/540)        
2022-06-22T22:05:42.4285912Z remote: Counting objects:  83% (449/540)        
2022-06-22T22:05:42.4286151Z remote: Counting objects:  84% (454/540)        
2022-06-22T22:05:42.4286380Z remote: Counting objects:  85% (459/540)        
2022-06-22T22:05:42.4286604Z remote: Counting objects:  86% (465/540)        
2022-06-22T22:05:42.4286833Z remote: Counting objects:  87% (470/540)        
2022-06-22T22:05:42.4287063Z remote: Counting objects:  88% (476/540)        
2022-06-22T22:05:42.4287291Z remote: Counting objects:  89% (481/540)        
2022-06-22T22:05:42.4287523Z remote: Counting objects:  90% (486/540)        
2022-06-22T22:05:42.4287752Z remote: Counting objects:  91% (492/540)        
2022-06-22T22:05:42.4287981Z remote: Counting objects:  92% (497/540)        
2022-06-22T22:05:42.4288203Z remote: Counting objects:  93% (503/540)        
2022-06-22T22:05:42.4288531Z remote: Counting objects:  94% (508/540)        
2022-06-22T22:05:42.4288761Z remote: Counting objects:  95% (513/540)        
2022-06-22T22:05:42.4288984Z remote: Counting objects:  96% (519/540)        
2022-06-22T22:05:42.4289212Z remote: Counting objects:  97% (524/540)        
2022-06-22T22:05:42.4289453Z remote: Counting objects:  98% (530/540)        
2022-06-22T22:05:42.4289671Z remote: Counting objects:  99% (535/540)        
2022-06-22T22:05:42.4289898Z remote: Counting objects: 100% (540/540)        
2022-06-22T22:05:42.4290152Z remote: Counting objects: 100% (540/540), done.        
2022-06-22T22:05:42.4290465Z remote: Compressing objects:   0% (1/508)        
2022-06-22T22:05:42.4290722Z remote: Compressing objects:   1% (6/508)        
2022-06-22T22:05:42.4291059Z remote: Compressing objects:   2% (11/508)        
2022-06-22T22:05:42.4291326Z remote: Compressing objects:   3% (16/508)        
2022-06-22T22:05:42.4291572Z remote: Compressing objects:   4% (21/508)        
2022-06-22T22:05:42.4291823Z remote: Compressing objects:   5% (26/508)        
2022-06-22T22:05:42.4292086Z remote: Compressing objects:   6% (31/508)        
2022-06-22T22:05:42.4292326Z remote: Compressing objects:   7% (36/508)        
2022-06-22T22:05:42.4292567Z remote: Compressing objects:   8% (41/508)        
2022-06-22T22:05:42.4292814Z remote: Compressing objects:   9% (46/508)        
2022-06-22T22:05:42.4293053Z remote: Compressing objects:  10% (51/508)        
2022-06-22T22:05:42.4293286Z remote: Compressing objects:  11% (56/508)        
2022-06-22T22:05:42.4293526Z remote: Compressing objects:  12% (61/508)        
2022-06-22T22:05:42.4331195Z remote: Compressing objects:  13% (67/508)        
2022-06-22T22:05:42.4331772Z remote: Compressing objects:  14% (72/508)        
2022-06-22T22:05:42.4333230Z remote: Compressing objects:  15% (77/508)        
2022-06-22T22:05:42.4333665Z remote: Compressing objects:  16% (82/508)        
2022-06-22T22:05:42.4334043Z remote: Compressing objects:  17% (87/508)        
2022-06-22T22:05:42.4434231Z remote: Compressing objects:  18% (92/508)        
2022-06-22T22:05:42.4434511Z remote: Compressing objects:  19% (97/508)        
2022-06-22T22:05:42.4434774Z remote: Compressing objects:  20% (102/508)        
2022-06-22T22:05:42.4435039Z remote: Compressing objects:  21% (107/508)        
2022-06-22T22:05:42.4435301Z remote: Compressing objects:  22% (112/508)        
2022-06-22T22:05:42.4435546Z remote: Compressing objects:  23% (117/508)        
2022-06-22T22:05:42.4435805Z remote: Compressing objects:  24% (122/508)        
2022-06-22T22:05:42.4436063Z remote: Compressing objects:  25% (127/508)        
2022-06-22T22:05:42.4436301Z remote: Compressing objects:  26% (133/508)        
2022-06-22T22:05:42.4436546Z remote: Compressing objects:  27% (138/508)        
2022-06-22T22:05:42.4436956Z remote: Compressing objects:  28% (143/508)        
2022-06-22T22:05:42.4437190Z remote: Compressing objects:  29% (148/508)        
2022-06-22T22:05:42.4437435Z remote: Compressing objects:  30% (153/508)        
2022-06-22T22:05:42.4437677Z remote: Compressing objects:  31% (158/508)        
2022-06-22T22:05:42.4437910Z remote: Compressing objects:  32% (163/508)        
2022-06-22T22:05:42.4438142Z remote: Compressing objects:  33% (168/508)        
2022-06-22T22:05:42.4438387Z remote: Compressing objects:  34% (173/508)        
2022-06-22T22:05:42.4438627Z remote: Compressing objects:  35% (178/508)        
2022-06-22T22:05:42.4438858Z remote: Compressing objects:  36% (183/508)        
2022-06-22T22:05:42.4439098Z remote: Compressing objects:  37% (188/508)        
2022-06-22T22:05:42.4439332Z remote: Compressing objects:  38% (194/508)        
2022-06-22T22:05:42.4439562Z remote: Compressing objects:  39% (199/508)        
2022-06-22T22:05:42.4439808Z remote: Compressing objects:  40% (204/508)        
2022-06-22T22:05:42.4440059Z remote: Compressing objects:  41% (209/508)        
2022-06-22T22:05:42.4440291Z remote: Compressing objects:  42% (214/508)        
2022-06-22T22:05:42.4440527Z remote: Compressing objects:  43% (219/508)        
2022-06-22T22:05:42.4440769Z remote: Compressing objects:  44% (224/508)        
2022-06-22T22:05:42.4441011Z remote: Compressing objects:  45% (229/508)        
2022-06-22T22:05:42.4441245Z remote: Compressing objects:  46% (234/508)        
2022-06-22T22:05:42.4441481Z remote: Compressing objects:  47% (239/508)        
2022-06-22T22:05:42.4441724Z remote: Compressing objects:  48% (244/508)        
2022-06-22T22:05:42.4441964Z remote: Compressing objects:  49% (249/508)        
2022-06-22T22:05:42.4442210Z remote: Compressing objects:  50% (254/508)        
2022-06-22T22:05:42.4442492Z remote: Compressing objects:  51% (260/508)        
2022-06-22T22:05:42.4442726Z remote: Compressing objects:  52% (265/508)        
2022-06-22T22:05:42.4443031Z remote: Compressing objects:  53% (270/508)        
2022-06-22T22:05:42.4443276Z remote: Compressing objects:  54% (275/508)        
2022-06-22T22:05:42.4443505Z remote: Compressing objects:  55% (280/508)        
2022-06-22T22:05:42.4443747Z remote: Compressing objects:  56% (285/508)        
2022-06-22T22:05:42.4443995Z remote: Compressing objects:  57% (290/508)        
2022-06-22T22:05:42.4444239Z remote: Compressing objects:  58% (295/508)        
2022-06-22T22:05:42.4444478Z remote: Compressing objects:  59% (300/508)        
2022-06-22T22:05:42.4444729Z remote: Compressing objects:  60% (305/508)        
2022-06-22T22:05:42.4444978Z remote: Compressing objects:  61% (310/508)        
2022-06-22T22:05:42.4445216Z remote: Compressing objects:  62% (315/508)        
2022-06-22T22:05:42.4445463Z remote: Compressing objects:  63% (321/508)        
2022-06-22T22:05:42.4445769Z remote: Compressing objects:  64% (326/508)        
2022-06-22T22:05:42.4446046Z remote: Compressing objects:  65% (331/508)        
2022-06-22T22:05:42.4446345Z remote: Compressing objects:  66% (336/508)        
2022-06-22T22:05:42.4446632Z remote: Compressing objects:  67% (341/508)        
2022-06-22T22:05:42.4446877Z remote: Compressing objects:  68% (346/508)        
2022-06-22T22:05:42.4447108Z remote: Compressing objects:  69% (351/508)        
2022-06-22T22:05:42.4452126Z remote: Compressing objects:  70% (356/508)        
2022-06-22T22:05:42.4452418Z remote: Compressing objects:  71% (361/508)        
2022-06-22T22:05:42.4452655Z remote: Compressing objects:  72% (366/508)        
2022-06-22T22:05:42.4452906Z remote: Compressing objects:  73% (371/508)        
2022-06-22T22:05:42.4453198Z remote: Compressing objects:  74% (376/508)        
2022-06-22T22:05:42.4453435Z remote: Compressing objects:  75% (381/508)        
2022-06-22T22:05:42.4453682Z remote: Compressing objects:  76% (387/508)        
2022-06-22T22:05:42.4453931Z remote: Compressing objects:  77% (392/508)        
2022-06-22T22:05:42.4454176Z remote: Compressing objects:  78% (397/508)        
2022-06-22T22:05:42.4454490Z remote: Compressing objects:  79% (402/508)        
2022-06-22T22:05:42.4454739Z remote: Compressing objects:  80% (407/508)        
2022-06-22T22:05:42.4454985Z remote: Compressing objects:  81% (412/508)        
2022-06-22T22:05:42.4455223Z remote: Compressing objects:  82% (417/508)        
2022-06-22T22:05:42.4455470Z remote: Compressing objects:  83% (422/508)        
2022-06-22T22:05:42.4455718Z remote: Compressing objects:  84% (427/508)        
2022-06-22T22:05:42.4455952Z remote: Compressing objects:  85% (432/508)        
2022-06-22T22:05:42.4456195Z remote: Compressing objects:  86% (437/508)        
2022-06-22T22:05:42.4456439Z remote: Compressing objects:  87% (442/508)        
2022-06-22T22:05:42.4456671Z remote: Compressing objects:  88% (448/508)        
2022-06-22T22:05:42.4456909Z remote: Compressing objects:  89% (453/508)        
2022-06-22T22:05:42.4457159Z remote: Compressing objects:  90% (458/508)        
2022-06-22T22:05:42.4457404Z remote: Compressing objects:  91% (463/508)        
2022-06-22T22:05:42.4457643Z remote: Compressing objects:  92% (468/508)        
2022-06-22T22:05:42.4457876Z remote: Compressing objects:  93% (473/508)        
2022-06-22T22:05:42.4458121Z remote: Compressing objects:  94% (478/508)        
2022-06-22T22:05:42.4458367Z remote: Compressing objects:  95% (483/508)        
2022-06-22T22:05:42.4458610Z remote: Compressing objects:  96% (488/508)        
2022-06-22T22:05:42.4461010Z remote: Compressing objects:  97% (493/508)        
2022-06-22T22:05:42.4461260Z remote: Compressing objects:  98% (498/508)        
2022-06-22T22:05:42.4461503Z remote: Compressing objects:  99% (503/508)        
2022-06-22T22:05:42.4461732Z remote: Compressing objects: 100% (508/508)        
2022-06-22T22:05:42.4461998Z remote: Compressing objects: 100% (508/508), done.        
2022-06-22T22:05:42.4462251Z Receiving objects:   0% (1/540)
2022-06-22T22:05:42.4462466Z Receiving objects:   1% (6/540)
2022-06-22T22:05:42.4462742Z Receiving objects:   2% (11/540)
2022-06-22T22:05:42.4462976Z Receiving objects:   3% (17/540)
2022-06-22T22:05:42.4463184Z Receiving objects:   4% (22/540)
2022-06-22T22:05:42.4463399Z Receiving objects:   5% (27/540)
2022-06-22T22:05:42.4463609Z Receiving objects:   6% (33/540)
2022-06-22T22:05:42.4463820Z Receiving objects:   7% (38/540)
2022-06-22T22:05:42.4464016Z Receiving objects:   8% (44/540)
2022-06-22T22:05:42.4464221Z Receiving objects:   9% (49/540)
2022-06-22T22:05:42.4464426Z Receiving objects:  10% (54/540)
2022-06-22T22:05:42.4464624Z Receiving objects:  11% (60/540)
2022-06-22T22:05:42.4464824Z Receiving objects:  12% (65/540)
2022-06-22T22:05:42.4465033Z Receiving objects:  13% (71/540)
2022-06-22T22:05:42.4465230Z Receiving objects:  14% (76/540)
2022-06-22T22:05:42.4465437Z Receiving objects:  15% (81/540)
2022-06-22T22:05:42.4465642Z Receiving objects:  16% (87/540)
2022-06-22T22:05:42.4465833Z Receiving objects:  17% (92/540)
2022-06-22T22:05:42.4466030Z Receiving objects:  18% (98/540)
2022-06-22T22:05:42.4466250Z Receiving objects:  19% (103/540)
2022-06-22T22:05:42.4466467Z Receiving objects:  20% (108/540)
2022-06-22T22:05:42.4466698Z Receiving objects:  21% (114/540)
2022-06-22T22:05:42.4466920Z Receiving objects:  22% (119/540)
2022-06-22T22:05:42.4467154Z Receiving objects:  23% (125/540)
2022-06-22T22:05:42.4467366Z Receiving objects:  24% (130/540)
2022-06-22T22:05:42.4467574Z Receiving objects:  25% (135/540)
2022-06-22T22:05:42.4467776Z Receiving objects:  26% (141/540)
2022-06-22T22:05:42.4467993Z Receiving objects:  27% (146/540)
2022-06-22T22:05:42.4468199Z Receiving objects:  28% (152/540)
2022-06-22T22:05:42.4468399Z Receiving objects:  29% (157/540)
2022-06-22T22:05:42.4468595Z Receiving objects:  30% (162/540)
2022-06-22T22:05:42.4468795Z Receiving objects:  31% (168/540)
2022-06-22T22:05:42.4468995Z Receiving objects:  32% (173/540)
2022-06-22T22:05:42.4469192Z Receiving objects:  33% (179/540)
2022-06-22T22:05:42.4469395Z Receiving objects:  34% (184/540)
2022-06-22T22:05:42.4469651Z Receiving objects:  35% (189/540)
2022-06-22T22:05:42.4469846Z Receiving objects:  36% (195/540)
2022-06-22T22:05:42.4470045Z Receiving objects:  37% (200/540)
2022-06-22T22:05:42.4470249Z Receiving objects:  38% (206/540)
2022-06-22T22:05:42.4470444Z Receiving objects:  39% (211/540)
2022-06-22T22:05:42.4470646Z Receiving objects:  40% (216/540)
2022-06-22T22:05:42.4470849Z Receiving objects:  41% (222/540)
2022-06-22T22:05:42.4471046Z Receiving objects:  42% (227/540)
2022-06-22T22:05:42.4471245Z Receiving objects:  43% (233/540)
2022-06-22T22:05:42.4471446Z Receiving objects:  44% (238/540)
2022-06-22T22:05:42.4471640Z Receiving objects:  45% (243/540)
2022-06-22T22:05:42.4471845Z Receiving objects:  46% (249/540)
2022-06-22T22:05:42.4472041Z Receiving objects:  47% (254/540)
2022-06-22T22:05:42.4472257Z Receiving objects:  48% (260/540)
2022-06-22T22:05:42.4472464Z Receiving objects:  49% (265/540)
2022-06-22T22:05:42.4472668Z Receiving objects:  50% (270/540)
2022-06-22T22:05:42.4472873Z Receiving objects:  51% (276/540)
2022-06-22T22:05:42.4612848Z Receiving objects:  52% (281/540)
2022-06-22T22:05:42.4616213Z Receiving objects:  53% (287/540)
2022-06-22T22:05:42.4620372Z Receiving objects:  54% (292/540)
2022-06-22T22:05:42.4650674Z Receiving objects:  55% (297/540)
2022-06-22T22:05:42.4651235Z Receiving objects:  56% (303/540)
2022-06-22T22:05:42.4686331Z Receiving objects:  57% (308/540)
2022-06-22T22:05:42.4686614Z Receiving objects:  58% (314/540)
2022-06-22T22:05:42.4686842Z Receiving objects:  59% (319/540)
2022-06-22T22:05:42.4687061Z Receiving objects:  60% (324/540)
2022-06-22T22:05:42.4687270Z Receiving objects:  61% (330/540)
2022-06-22T22:05:42.4687481Z Receiving objects:  62% (335/540)
2022-06-22T22:05:42.4687694Z Receiving objects:  63% (341/540)
2022-06-22T22:05:42.4687894Z Receiving objects:  64% (346/540)
2022-06-22T22:05:42.4688104Z Receiving objects:  65% (351/540)
2022-06-22T22:05:42.4688312Z Receiving objects:  66% (357/540)
2022-06-22T22:05:42.4688719Z Receiving objects:  67% (362/540)
2022-06-22T22:05:42.4689088Z Receiving objects:  68% (368/540)
2022-06-22T22:05:42.4689308Z Receiving objects:  69% (373/540)
2022-06-22T22:05:42.4689505Z Receiving objects:  70% (378/540)
2022-06-22T22:05:42.4689710Z Receiving objects:  71% (384/540)
2022-06-22T22:05:42.4689923Z Receiving objects:  72% (389/540)
2022-06-22T22:05:42.4690121Z Receiving objects:  73% (395/540)
2022-06-22T22:05:42.4690326Z Receiving objects:  74% (400/540)
2022-06-22T22:05:42.4690536Z Receiving objects:  75% (405/540)
2022-06-22T22:05:42.4690733Z Receiving objects:  76% (411/540)
2022-06-22T22:05:42.4690954Z Receiving objects:  77% (416/540)
2022-06-22T22:05:42.4691505Z remote: Total 540 (delta 87), reused 251 (delta 28), pack-reused 0        
2022-06-22T22:05:42.4691780Z Receiving objects:  78% (422/540)
2022-06-22T22:05:42.4691982Z Receiving objects:  79% (427/540)
2022-06-22T22:05:42.4692188Z Receiving objects:  80% (432/540)
2022-06-22T22:05:42.4692398Z Receiving objects:  81% (438/540)
2022-06-22T22:05:42.4692604Z Receiving objects:  82% (443/540)
2022-06-22T22:05:42.4692817Z Receiving objects:  83% (449/540)
2022-06-22T22:05:42.4693025Z Receiving objects:  84% (454/540)
2022-06-22T22:05:42.4693223Z Receiving objects:  85% (459/540)
2022-06-22T22:05:42.4693432Z Receiving objects:  86% (465/540)
2022-06-22T22:05:42.4693641Z Receiving objects:  87% (470/540)
2022-06-22T22:05:42.4693833Z Receiving objects:  88% (476/540)
2022-06-22T22:05:42.4694040Z Receiving objects:  89% (481/540)
2022-06-22T22:05:42.4694246Z Receiving objects:  90% (486/540)
2022-06-22T22:05:42.4694439Z Receiving objects:  91% (492/540)
2022-06-22T22:05:42.4694651Z Receiving objects:  92% (497/540)
2022-06-22T22:05:42.4694854Z Receiving objects:  93% (503/540)
2022-06-22T22:05:42.4695051Z Receiving objects:  94% (508/540)
2022-06-22T22:05:42.4695260Z Receiving objects:  95% (513/540)
2022-06-22T22:05:42.4731184Z Receiving objects:  96% (519/540)
2022-06-22T22:05:42.4734652Z Receiving objects:  97% (524/540)
2022-06-22T22:05:42.4734895Z Receiving objects:  98% (530/540)
2022-06-22T22:05:42.4798514Z Receiving objects:  99% (535/540)
2022-06-22T22:05:42.4798790Z Receiving objects: 100% (540/540)
2022-06-22T22:05:42.4799065Z Receiving objects: 100% (540/540), 263.89 KiB | 6.14 MiB/s, done.
2022-06-22T22:05:42.4799326Z Resolving deltas:   0% (0/87)
2022-06-22T22:05:42.4799536Z Resolving deltas:   1% (1/87)
2022-06-22T22:05:42.4799755Z Resolving deltas:   2% (2/87)
2022-06-22T22:05:42.4801227Z Resolving deltas:   3% (3/87)
2022-06-22T22:05:42.4801433Z Resolving deltas:   4% (4/87)
2022-06-22T22:05:42.4801651Z Resolving deltas:   5% (5/87)
2022-06-22T22:05:42.4801863Z Resolving deltas:   6% (6/87)
2022-06-22T22:05:42.4802062Z Resolving deltas:   8% (7/87)
2022-06-22T22:05:42.4802268Z Resolving deltas:   9% (8/87)
2022-06-22T22:05:42.4802473Z Resolving deltas:  10% (9/87)
2022-06-22T22:05:42.4802672Z Resolving deltas:  11% (10/87)
2022-06-22T22:05:42.4802888Z Resolving deltas:  12% (11/87)
2022-06-22T22:05:42.4803097Z Resolving deltas:  13% (12/87)
2022-06-22T22:05:42.4803327Z Resolving deltas:  14% (13/87)
2022-06-22T22:05:42.4803704Z Resolving deltas:  16% (14/87)
2022-06-22T22:05:42.4810399Z Resolving deltas:  17% (15/87)
2022-06-22T22:05:42.4810660Z Resolving deltas:  18% (16/87)
2022-06-22T22:05:42.4810875Z Resolving deltas:  19% (17/87)
2022-06-22T22:05:42.4811085Z Resolving deltas:  20% (18/87)
2022-06-22T22:05:42.4811302Z Resolving deltas:  21% (19/87)
2022-06-22T22:05:42.4811506Z Resolving deltas:  22% (20/87)
2022-06-22T22:05:42.4811716Z Resolving deltas:  24% (21/87)
2022-06-22T22:05:42.4811934Z Resolving deltas:  25% (22/87)
2022-06-22T22:05:42.4812134Z Resolving deltas:  26% (23/87)
2022-06-22T22:05:42.4812335Z Resolving deltas:  27% (24/87)
2022-06-22T22:05:42.4812543Z Resolving deltas:  28% (25/87)
2022-06-22T22:05:42.4812740Z Resolving deltas:  29% (26/87)
2022-06-22T22:05:42.4812948Z Resolving deltas:  31% (27/87)
2022-06-22T22:05:42.4813155Z Resolving deltas:  32% (28/87)
2022-06-22T22:05:42.4813348Z Resolving deltas:  33% (29/87)
2022-06-22T22:05:42.4827967Z Resolving deltas:  34% (30/87)
2022-06-22T22:05:42.4828202Z Resolving deltas:  35% (31/87)
2022-06-22T22:05:42.4828406Z Resolving deltas:  36% (32/87)
2022-06-22T22:05:42.4828623Z Resolving deltas:  37% (33/87)
2022-06-22T22:05:42.4828829Z Resolving deltas:  39% (34/87)
2022-06-22T22:05:42.4829039Z Resolving deltas:  40% (35/87)
2022-06-22T22:05:42.4829235Z Resolving deltas:  41% (36/87)
2022-06-22T22:05:42.4829440Z Resolving deltas:  42% (37/87)
2022-06-22T22:05:42.4829642Z Resolving deltas:  43% (38/87)
2022-06-22T22:05:42.4829834Z Resolving deltas:  44% (39/87)
2022-06-22T22:05:42.4830036Z Resolving deltas:  45% (40/87)
2022-06-22T22:05:42.4830242Z Resolving deltas:  47% (41/87)
2022-06-22T22:05:42.4830439Z Resolving deltas:  48% (42/87)
2022-06-22T22:05:42.4830640Z Resolving deltas:  49% (43/87)
2022-06-22T22:05:42.4830849Z Resolving deltas:  50% (44/87)
2022-06-22T22:05:42.4831043Z Resolving deltas:  51% (45/87)
2022-06-22T22:05:42.4831246Z Resolving deltas:  52% (46/87)
2022-06-22T22:05:42.4831458Z Resolving deltas:  54% (47/87)
2022-06-22T22:05:42.4831656Z Resolving deltas:  55% (48/87)
2022-06-22T22:05:42.4831858Z Resolving deltas:  56% (49/87)
2022-06-22T22:05:42.4832065Z Resolving deltas:  57% (50/87)
2022-06-22T22:05:42.4832259Z Resolving deltas:  58% (51/87)
2022-06-22T22:05:42.4832465Z Resolving deltas:  59% (52/87)
2022-06-22T22:05:42.4832671Z Resolving deltas:  60% (53/87)
2022-06-22T22:05:42.4832869Z Resolving deltas:  62% (54/87)
2022-06-22T22:05:42.4833067Z Resolving deltas:  63% (55/87)
2022-06-22T22:05:42.4833334Z Resolving deltas:  64% (56/87)
2022-06-22T22:05:42.4833539Z Resolving deltas:  65% (57/87)
2022-06-22T22:05:42.4833734Z Resolving deltas:  66% (58/87)
2022-06-22T22:05:42.4833935Z Resolving deltas:  67% (59/87)
2022-06-22T22:05:42.4834141Z Resolving deltas:  68% (60/87)
2022-06-22T22:05:42.4834335Z Resolving deltas:  70% (61/87)
2022-06-22T22:05:42.4834537Z Resolving deltas:  71% (62/87)
2022-06-22T22:05:42.4834741Z Resolving deltas:  72% (63/87)
2022-06-22T22:05:42.4835014Z Resolving deltas:  73% (64/87)
2022-06-22T22:05:42.4835218Z Resolving deltas:  74% (65/87)
2022-06-22T22:05:42.4835420Z Resolving deltas:  75% (66/87)
2022-06-22T22:05:42.4835614Z Resolving deltas:  77% (67/87)
2022-06-22T22:05:42.4835819Z Resolving deltas:  78% (68/87)
2022-06-22T22:05:42.4836022Z Resolving deltas:  79% (69/87)
2022-06-22T22:05:42.4836215Z Resolving deltas:  80% (70/87)
2022-06-22T22:05:42.4836418Z Resolving deltas:  81% (71/87)
2022-06-22T22:05:42.4836624Z Resolving deltas:  82% (72/87)
2022-06-22T22:05:42.4836816Z Resolving deltas:  83% (73/87)
2022-06-22T22:05:42.4837020Z Resolving deltas:  85% (74/87)
2022-06-22T22:05:42.4837225Z Resolving deltas:  86% (75/87)
2022-06-22T22:05:42.4837416Z Resolving deltas:  87% (76/87)
2022-06-22T22:05:42.4837625Z Resolving deltas:  88% (77/87)
2022-06-22T22:05:42.4837825Z Resolving deltas:  89% (78/87)
2022-06-22T22:05:42.4838024Z Resolving deltas:  90% (79/87)
2022-06-22T22:05:42.4838217Z Resolving deltas:  91% (80/87)
2022-06-22T22:05:42.4838425Z Resolving deltas:  93% (81/87)
2022-06-22T22:05:42.4838625Z Resolving deltas:  94% (82/87)
2022-06-22T22:05:42.4838817Z Resolving deltas:  95% (83/87)
2022-06-22T22:05:42.4839013Z Resolving deltas:  96% (84/87)
2022-06-22T22:05:42.4839215Z Resolving deltas:  97% (85/87)
2022-06-22T22:05:42.4839408Z Resolving deltas:  98% (86/87)
2022-06-22T22:05:42.4839628Z Resolving deltas: 100% (87/87)
2022-06-22T22:05:42.4839845Z Resolving deltas: 100% (87/87), done.
2022-06-22T22:05:42.4882169Z From https://github.com/LuanRT/YouTube.js
2022-06-22T22:05:42.4882816Z  * [new ref]         00c2db791f1f4519a02077ba83dbf3044aecf8ac -> origin/main
2022-06-22T22:05:42.4913951Z ##[endgroup]
2022-06-22T22:05:42.4914371Z ##[group]Determining the checkout info
2022-06-22T22:05:42.4914905Z ##[endgroup]
2022-06-22T22:05:42.4915666Z ##[group]Checking out the ref
2022-06-22T22:05:42.4916460Z [command]/usr/bin/git checkout --progress --force -B main refs/remotes/origin/main
2022-06-22T22:05:42.5130605Z Switched to a new branch 'main'
2022-06-22T22:05:42.5131121Z branch 'main' set up to track 'origin/main'.
2022-06-22T22:05:42.5133845Z ##[endgroup]
2022-06-22T22:05:42.5168143Z [command]/usr/bin/git log -1 --format='%H'
2022-06-22T22:05:42.5193502Z '00c2db791f1f4519a02077ba83dbf3044aecf8ac'
2022-06-22T22:05:42.5487228Z ##[group]Run actions/setup-node@v1
2022-06-22T22:05:42.5487462Z with:
2022-06-22T22:05:42.5487640Z   node-version: 14.x
2022-06-22T22:05:42.5487844Z   always-auth: false
2022-06-22T22:05:42.5488042Z ##[endgroup]
2022-06-22T22:05:42.6434002Z [command]/opt/hostedtoolcache/node/14.19.3/x64/bin/node --version
2022-06-22T22:05:42.6851963Z v14.19.3
2022-06-22T22:05:42.6866967Z [command]/opt/hostedtoolcache/node/14.19.3/x64/bin/npm --version
2022-06-22T22:05:42.9203008Z 6.14.17
2022-06-22T22:05:42.9394533Z ##[group]Run npm install
2022-06-22T22:05:42.9394843Z [36;1mnpm install[0m
2022-06-22T22:05:42.9453159Z shell: /usr/bin/bash -e {0}
2022-06-22T22:05:42.9453407Z ##[endgroup]
2022-06-22T22:05:43.4067966Z npm WARN read-shrinkwrap This version of npm is compatible with lockfileVersion@1, but package-lock.json was generated for lockfileVersion@2. I'll try to do my best with it!
2022-06-22T22:05:49.8982042Z npm WARN optional SKIPPING OPTIONAL DEPENDENCY: fsevents@2.3.2 (node_modules/fsevents):
2022-06-22T22:05:49.8983131Z npm WARN notsup SKIPPING OPTIONAL DEPENDENCY: Unsupported platform for fsevents@2.3.2: wanted {"os":"darwin","arch":"any"} (current: {"os":"linux","arch":"x64"})
2022-06-22T22:05:49.8984307Z 
2022-06-22T22:05:49.8999359Z added 348 packages from 285 contributors and audited 349 packages in 6.535s
2022-06-22T22:05:50.0192420Z 
2022-06-22T22:05:50.0193158Z 37 packages are looking for funding
2022-06-22T22:05:50.0193645Z   run `npm fund` for details
2022-06-22T22:05:50.0194062Z 
2022-06-22T22:05:50.0195936Z found 0 vulnerabilities
2022-06-22T22:05:50.0196154Z 
2022-06-22T22:05:50.0468620Z ##[group]Run npm run test
2022-06-22T22:05:50.0468859Z [36;1mnpm run test[0m
2022-06-22T22:05:50.0524963Z shell: /usr/bin/bash -e {0}
2022-06-22T22:05:50.0525282Z ##[endgroup]
2022-06-22T22:05:50.2438896Z 
2022-06-22T22:05:50.2439550Z > youtubei.js@1.4.3 test /home/runner/work/YouTube.js/YouTube.js
2022-06-22T22:05:50.2439845Z > jest
2022-06-22T22:05:50.2439956Z 
2022-06-22T22:05:52.5007548Z FAIL test/main.test.js
2022-06-22T22:05:52.5010182Z   YouTube.js Tests
2022-06-22T22:05:52.5010487Z     Search
2022-06-22T22:05:52.5016041Z       ✕ Should search on YouTube
2022-06-22T22:05:52.5018392Z       ✕ Should retrieve YouTube search suggestions
2022-06-22T22:05:52.5018970Z       ✕ Should retrieve YouTube Music search suggestions
2022-06-22T22:05:52.5020857Z     Comments
2022-06-22T22:05:52.5021350Z       ✕ Should retrieve comments
2022-06-22T22:05:52.5021783Z       ✕ Should retrieve comment thread continuation
2022-06-22T22:05:52.5022218Z       ✕ Should retrieve comment replies
2022-06-22T22:05:52.5022576Z     Playlists
2022-06-22T22:05:52.5022966Z       ✕ Should retrieve playlist with YouTube
2022-06-22T22:05:52.5023410Z       ✕ Should retrieve playlist with YouTube Music
2022-06-22T22:05:52.5023731Z     General
2022-06-22T22:05:52.5024068Z       ✕ Should retrieve home feed
2022-06-22T22:05:52.5024512Z       ✕ Should retrieve trending content
2022-06-22T22:05:52.5027030Z       ✕ Should retrieve video info
2022-06-22T22:05:52.5027424Z       ✕ Should download video
2022-06-22T22:05:52.5027695Z     Deciphers
2022-06-22T22:05:52.5028054Z       ✕ Should decipher signature
2022-06-22T22:05:52.5028423Z       ✕ Should decipher ntoken
2022-06-22T22:05:52.5028636Z 
2022-06-22T22:05:52.5029221Z   ● YouTube.js Tests › Search › Should search on YouTube
2022-06-22T22:05:52.5029530Z 
2022-06-22T22:05:52.5029765Z     ReferenceError: Constants is not defined
2022-06-22T22:05:52.5029995Z 
2022-06-22T22:05:52.5030182Z       137 |     let functions = [];
2022-06-22T22:05:52.5030462Z       138 |     
2022-06-22T22:05:52.5030869Z     > 139 |     while ((func = Constants.SIG_REGEX.FUNCTIONS.exec(sc)) !== null) {
2022-06-22T22:05:52.5031226Z           |            ^
2022-06-22T22:05:52.5031654Z       140 |       if (func[0].includes('reverse')) {
2022-06-22T22:05:52.5032012Z       141 |         functions[0] = func[1];
2022-06-22T22:05:52.5032446Z       142 |       } else if (func[0].includes('splice')) {
2022-06-22T22:05:52.5032674Z 
2022-06-22T22:05:52.5032949Z       at Function.getFunctions (lib/deciphers/Signature.js:139:12)
2022-06-22T22:05:52.5033431Z       at Function.getFunctions [as fromSourceCode] (lib/deciphers/Signature.js:20:33)
2022-06-22T22:05:52.5033915Z       at Player.fromSourceCode [as init] (lib/core/Player.js:70:33)
2022-06-22T22:05:52.5034361Z       at SessionBuilder.build (lib/core/SessionBuilder.js:52:20)
2022-06-22T22:05:52.5034784Z       at Innertube.#init (lib/Innertube.js:56:21)
2022-06-22T22:05:52.5035169Z       at Object.<anonymous> (test/main.test.js:11:20)
2022-06-22T22:05:52.5035406Z 
2022-06-22T22:05:52.5035772Z   ● YouTube.js Tests › Search › Should retrieve YouTube search suggestions
2022-06-22T22:05:52.5036043Z 
2022-06-22T22:05:52.5036266Z     ReferenceError: Constants is not defined
2022-06-22T22:05:52.5036498Z 
2022-06-22T22:05:52.5036698Z       137 |     let functions = [];
2022-06-22T22:05:52.5036973Z       138 |     
2022-06-22T22:05:52.5037358Z     > 139 |     while ((func = Constants.SIG_REGEX.FUNCTIONS.exec(sc)) !== null) {
2022-06-22T22:05:52.5037699Z           |            ^
2022-06-22T22:05:52.5038097Z       140 |       if (func[0].includes('reverse')) {
2022-06-22T22:05:52.5038445Z       141 |         functions[0] = func[1];
2022-06-22T22:05:52.5038866Z       142 |       } else if (func[0].includes('splice')) {
2022-06-22T22:05:52.5039092Z 
2022-06-22T22:05:52.5039356Z       at Function.getFunctions (lib/deciphers/Signature.js:139:12)
2022-06-22T22:05:52.5039835Z       at Function.getFunctions [as fromSourceCode] (lib/deciphers/Signature.js:20:33)
2022-06-22T22:05:52.5040584Z       at Player.fromSourceCode [as init] (lib/core/Player.js:70:33)
2022-06-22T22:05:52.5041035Z       at SessionBuilder.build (lib/core/SessionBuilder.js:52:20)
2022-06-22T22:05:52.5041530Z       at Innertube.#init (lib/Innertube.js:56:21)
2022-06-22T22:05:52.5041912Z       at Object.<anonymous> (test/main.test.js:11:20)
2022-06-22T22:05:52.5042149Z 
2022-06-22T22:05:52.5042527Z   ● YouTube.js Tests › Search › Should retrieve YouTube Music search suggestions
2022-06-22T22:05:52.5042802Z 
2022-06-22T22:05:52.5043022Z     ReferenceError: Constants is not defined
2022-06-22T22:05:52.5043247Z 
2022-06-22T22:05:52.5043426Z       137 |     let functions = [];
2022-06-22T22:05:52.5043700Z       138 |     
2022-06-22T22:05:52.5044087Z     > 139 |     while ((func = Constants.SIG_REGEX.FUNCTIONS.exec(sc)) !== null) {
2022-06-22T22:05:52.5044429Z           |            ^
2022-06-22T22:05:52.5045136Z       140 |       if (func[0].includes('reverse')) {
2022-06-22T22:05:52.5047039Z       141 |         functions[0] = func[1];
2022-06-22T22:05:52.5047415Z       142 |       } else if (func[0].includes('splice')) {
2022-06-22T22:05:52.5047572Z 
2022-06-22T22:05:52.5047766Z       at Function.getFunctions (lib/deciphers/Signature.js:139:12)
2022-06-22T22:05:52.5048179Z       at Function.getFunctions [as fromSourceCode] (lib/deciphers/Signature.js:20:33)
2022-06-22T22:05:52.5048717Z       at Player.fromSourceCode [as init] (lib/core/Player.js:70:33)
2022-06-22T22:05:52.5049082Z       at SessionBuilder.build (lib/core/SessionBuilder.js:52:20)
2022-06-22T22:05:52.5049413Z       at Innertube.#init (lib/Innertube.js:56:21)
2022-06-22T22:05:52.5049724Z       at Object.<anonymous> (test/main.test.js:11:20)
2022-06-22T22:05:52.5049886Z 
2022-06-22T22:05:52.5050140Z   ● YouTube.js Tests › Comments › Should retrieve comments
2022-06-22T22:05:52.5050303Z 
2022-06-22T22:05:52.5050449Z     ReferenceError: Constants is not defined
2022-06-22T22:05:52.5050606Z 
2022-06-22T22:05:52.5050723Z       137 |     let functions = [];
2022-06-22T22:05:52.5050927Z       138 |     
2022-06-22T22:05:52.5051228Z     > 139 |     while ((func = Constants.SIG_REGEX.FUNCTIONS.exec(sc)) !== null) {
2022-06-22T22:05:52.5051505Z           |            ^
2022-06-22T22:05:52.5051828Z       140 |       if (func[0].includes('reverse')) {
2022-06-22T22:05:52.5052100Z       141 |         functions[0] = func[1];
2022-06-22T22:05:52.5052443Z       142 |       } else if (func[0].includes('splice')) {
2022-06-22T22:05:52.5052596Z 
2022-06-22T22:05:52.5052788Z       at Function.getFunctions (lib/deciphers/Signature.js:139:12)
2022-06-22T22:05:52.5053191Z       at Function.getFunctions [as fromSourceCode] (lib/deciphers/Signature.js:20:33)
2022-06-22T22:05:52.5053578Z       at Player.fromSourceCode [as init] (lib/core/Player.js:70:33)
2022-06-22T22:05:52.5053946Z       at SessionBuilder.build (lib/core/SessionBuilder.js:52:20)
2022-06-22T22:05:52.5054272Z       at Innertube.#init (lib/Innertube.js:56:21)
2022-06-22T22:05:52.5054584Z       at Object.<anonymous> (test/main.test.js:11:20)
2022-06-22T22:05:52.5054734Z 
2022-06-22T22:05:52.5055023Z   ● YouTube.js Tests › Comments › Should retrieve comment thread continuation
2022-06-22T22:05:52.5055223Z 
2022-06-22T22:05:52.5055372Z     ReferenceError: Constants is not defined
2022-06-22T22:05:52.5055526Z 
2022-06-22T22:05:52.5055641Z       137 |     let functions = [];
2022-06-22T22:05:52.5055841Z       138 |     
2022-06-22T22:05:52.5056141Z     > 139 |     while ((func = Constants.SIG_REGEX.FUNCTIONS.exec(sc)) !== null) {
2022-06-22T22:05:52.5056398Z           |            ^
2022-06-22T22:05:52.5056712Z       140 |       if (func[0].includes('reverse')) {
2022-06-22T22:05:52.5056973Z       141 |         functions[0] = func[1];
2022-06-22T22:05:52.5057323Z       142 |       } else if (func[0].includes('splice')) {
2022-06-22T22:05:52.5057477Z 
2022-06-22T22:05:52.5057676Z       at Function.getFunctions (lib/deciphers/Signature.js:139:12)
2022-06-22T22:05:52.5058203Z       at Function.getFunctions [as fromSourceCode] (lib/deciphers/Signature.js:20:33)
2022-06-22T22:05:52.5058597Z       at Player.fromSourceCode [as init] (lib/core/Player.js:70:33)
2022-06-22T22:05:52.5058971Z       at SessionBuilder.build (lib/core/SessionBuilder.js:52:20)
2022-06-22T22:05:52.5059362Z       at Innertube.#init (lib/Innertube.js:56:21)
2022-06-22T22:05:52.5059664Z       at Object.<anonymous> (test/main.test.js:11:20)
2022-06-22T22:05:52.5059826Z 
2022-06-22T22:05:52.5060093Z   ● YouTube.js Tests › Comments › Should retrieve comment replies
2022-06-22T22:05:52.5060275Z 
2022-06-22T22:05:52.5060422Z     ReferenceError: Constants is not defined
2022-06-22T22:05:52.5060577Z 
2022-06-22T22:05:52.5060695Z       137 |     let functions = [];
2022-06-22T22:05:52.5060893Z       138 |     
2022-06-22T22:05:52.5061202Z     > 139 |     while ((func = Constants.SIG_REGEX.FUNCTIONS.exec(sc)) !== null) {
2022-06-22T22:05:52.5061465Z           |            ^
2022-06-22T22:05:52.5061779Z       140 |       if (func[0].includes('reverse')) {
2022-06-22T22:05:52.5062061Z       141 |         functions[0] = func[1];
2022-06-22T22:05:52.5062412Z       142 |       } else if (func[0].includes('splice')) {
2022-06-22T22:05:52.5062571Z 
2022-06-22T22:05:52.5062768Z       at Function.getFunctions (lib/deciphers/Signature.js:139:12)
2022-06-22T22:05:52.5063165Z       at Function.getFunctions [as fromSourceCode] (lib/deciphers/Signature.js:20:33)
2022-06-22T22:05:52.5063562Z       at Player.fromSourceCode [as init] (lib/core/Player.js:70:33)
2022-06-22T22:05:52.5063929Z       at SessionBuilder.build (lib/core/SessionBuilder.js:52:20)
2022-06-22T22:05:52.5064244Z       at Innertube.#init (lib/Innertube.js:56:21)
2022-06-22T22:05:52.5064547Z       at Object.<anonymous> (test/main.test.js:11:20)
2022-06-22T22:05:52.5064706Z 
2022-06-22T22:05:52.5064985Z   ● YouTube.js Tests › Playlists › Should retrieve playlist with YouTube
2022-06-22T22:05:52.5065179Z 
2022-06-22T22:05:52.5065327Z     ReferenceError: Constants is not defined
2022-06-22T22:05:52.5065483Z 
2022-06-22T22:05:52.5065596Z       137 |     let functions = [];
2022-06-22T22:05:52.5065795Z       138 |     
2022-06-22T22:05:52.5066103Z     > 139 |     while ((func = Constants.SIG_REGEX.FUNCTIONS.exec(sc)) !== null) {
2022-06-22T22:05:52.5066368Z           |            ^
2022-06-22T22:05:52.5066681Z       140 |       if (func[0].includes('reverse')) {
2022-06-22T22:05:52.5066948Z       141 |         functions[0] = func[1];
2022-06-22T22:05:52.5067364Z       142 |       } else if (func[0].includes('splice')) {
2022-06-22T22:05:52.5067532Z 
2022-06-22T22:05:52.5067719Z       at Function.getFunctions (lib/deciphers/Signature.js:139:12)
2022-06-22T22:05:52.5068123Z       at Function.getFunctions [as fromSourceCode] (lib/deciphers/Signature.js:20:33)
2022-06-22T22:05:52.5068511Z       at Player.fromSourceCode [as init] (lib/core/Player.js:70:33)
2022-06-22T22:05:52.5068877Z       at SessionBuilder.build (lib/core/SessionBuilder.js:52:20)
2022-06-22T22:05:52.5069190Z       at Innertube.#init (lib/Innertube.js:56:21)
2022-06-22T22:05:52.5069499Z       at Object.<anonymous> (test/main.test.js:11:20)
2022-06-22T22:05:52.5069660Z 
2022-06-22T22:05:52.5069979Z   ● YouTube.js Tests › Playlists › Should retrieve playlist with YouTube Music
2022-06-22T22:05:52.5070186Z 
2022-06-22T22:05:52.5070334Z     ReferenceError: Constants is not defined
2022-06-22T22:05:52.5070480Z 
2022-06-22T22:05:52.5070597Z       137 |     let functions = [];
2022-06-22T22:05:52.5070800Z       138 |     
2022-06-22T22:05:52.5071109Z     > 139 |     while ((func = Constants.SIG_REGEX.FUNCTIONS.exec(sc)) !== null) {
2022-06-22T22:05:52.5071356Z           |            ^
2022-06-22T22:05:52.5071672Z       140 |       if (func[0].includes('reverse')) {
2022-06-22T22:05:52.5071942Z       141 |         functions[0] = func[1];
2022-06-22T22:05:52.5072283Z       142 |       } else if (func[0].includes('splice')) {
2022-06-22T22:05:52.5072437Z 
2022-06-22T22:05:52.5072631Z       at Function.getFunctions (lib/deciphers/Signature.js:139:12)
2022-06-22T22:05:52.5073102Z       at Function.getFunctions [as fromSourceCode] (lib/deciphers/Signature.js:20:33)
2022-06-22T22:05:52.5073494Z       at Player.fromSourceCode [as init] (lib/core/Player.js:70:33)
2022-06-22T22:05:52.5073902Z       at SessionBuilder.build (lib/core/SessionBuilder.js:52:20)
2022-06-22T22:05:52.5074228Z       at Innertube.#init (lib/Innertube.js:56:21)
2022-06-22T22:05:52.5074533Z       at Object.<anonymous> (test/main.test.js:11:20)
2022-06-22T22:05:52.5074692Z 
2022-06-22T22:05:52.5074938Z   ● YouTube.js Tests › General › Should retrieve home feed
2022-06-22T22:05:52.5075100Z 
2022-06-22T22:05:52.5075249Z     ReferenceError: Constants is not defined
2022-06-22T22:05:52.5075402Z 
2022-06-22T22:05:52.5075520Z       137 |     let functions = [];
2022-06-22T22:05:52.5075718Z       138 |     
2022-06-22T22:05:52.5076018Z     > 139 |     while ((func = Constants.SIG_REGEX.FUNCTIONS.exec(sc)) !== null) {
2022-06-22T22:05:52.5076272Z           |            ^
2022-06-22T22:05:52.5076602Z       140 |       if (func[0].includes('reverse')) {
2022-06-22T22:05:52.5076880Z       141 |         functions[0] = func[1];
2022-06-22T22:05:52.5077223Z       142 |       } else if (func[0].includes('splice')) {
2022-06-22T22:05:52.5077380Z 
2022-06-22T22:05:52.5077574Z       at Function.getFunctions (lib/deciphers/Signature.js:139:12)
2022-06-22T22:05:52.5077976Z       at Function.getFunctions [as fromSourceCode] (lib/deciphers/Signature.js:20:33)
2022-06-22T22:05:52.5078363Z       at Player.fromSourceCode [as init] (lib/core/Player.js:70:33)
2022-06-22T22:05:52.5078717Z       at SessionBuilder.build (lib/core/SessionBuilder.js:52:20)
2022-06-22T22:05:52.5079037Z       at Innertube.#init (lib/Innertube.js:56:21)
2022-06-22T22:05:52.5079342Z       at Object.<anonymous> (test/main.test.js:11:20)
2022-06-22T22:05:52.5079501Z 
2022-06-22T22:05:52.5079747Z   ● YouTube.js Tests › General › Should retrieve trending content
2022-06-22T22:05:52.5079928Z 
2022-06-22T22:05:52.5080075Z     ReferenceError: Constants is not defined
2022-06-22T22:05:52.5080231Z 
2022-06-22T22:05:52.5080355Z       137 |     let functions = [];
2022-06-22T22:05:52.5080555Z       138 |     
2022-06-22T22:05:52.5080858Z     > 139 |     while ((func = Constants.SIG_REGEX.FUNCTIONS.exec(sc)) !== null) {
2022-06-22T22:05:52.5081120Z           |            ^
2022-06-22T22:05:52.5081441Z       140 |       if (func[0].includes('reverse')) {
2022-06-22T22:05:52.5081702Z       141 |         functions[0] = func[1];
2022-06-22T22:05:52.5082052Z       142 |       } else if (func[0].includes('splice')) {
2022-06-22T22:05:52.5082207Z 
2022-06-22T22:05:52.5082402Z       at Function.getFunctions (lib/deciphers/Signature.js:139:12)
2022-06-22T22:05:52.5082808Z       at Function.getFunctions [as fromSourceCode] (lib/deciphers/Signature.js:20:33)
2022-06-22T22:05:52.5083190Z       at Player.fromSourceCode [as init] (lib/core/Player.js:70:33)
2022-06-22T22:05:52.5083556Z       at SessionBuilder.build (lib/core/SessionBuilder.js:52:20)
2022-06-22T22:05:52.5083886Z       at Innertube.#init (lib/Innertube.js:56:21)
2022-06-22T22:05:52.5084185Z       at Object.<anonymous> (test/main.test.js:11:20)
2022-06-22T22:05:52.5084350Z 
2022-06-22T22:05:52.5084595Z   ● YouTube.js Tests › General › Should retrieve video info
2022-06-22T22:05:52.5084767Z 
2022-06-22T22:05:52.5084915Z     ReferenceError: Constants is not defined
2022-06-22T22:05:52.5085068Z 
2022-06-22T22:05:52.5085183Z       137 |     let functions = [];
2022-06-22T22:05:52.5085375Z       138 |     
2022-06-22T22:05:52.5085688Z     > 139 |     while ((func = Constants.SIG_REGEX.FUNCTIONS.exec(sc)) !== null) {
2022-06-22T22:05:52.5085945Z           |            ^
2022-06-22T22:05:52.5086256Z       140 |       if (func[0].includes('reverse')) {
2022-06-22T22:05:52.5086527Z       141 |         functions[0] = func[1];
2022-06-22T22:05:52.5086885Z       142 |       } else if (func[0].includes('splice')) {
2022-06-22T22:05:52.5087036Z 
2022-06-22T22:05:52.5087227Z       at Function.getFunctions (lib/deciphers/Signature.js:139:12)
2022-06-22T22:05:52.5087702Z       at Function.getFunctions [as fromSourceCode] (lib/deciphers/Signature.js:20:33)
2022-06-22T22:05:52.5088099Z       at Player.fromSourceCode [as init] (lib/core/Player.js:70:33)
2022-06-22T22:05:52.5088610Z       at SessionBuilder.build (lib/core/SessionBuilder.js:52:20)
2022-06-22T22:05:52.5088945Z       at Innertube.#init (lib/Innertube.js:56:21)
2022-06-22T22:05:52.5089243Z       at Object.<anonymous> (test/main.test.js:11:20)
2022-06-22T22:05:52.5089402Z 
2022-06-22T22:05:52.5089644Z   ● YouTube.js Tests › General › Should download video
2022-06-22T22:05:52.5089819Z 
2022-06-22T22:05:52.5089971Z     ReferenceError: Constants is not defined
2022-06-22T22:05:52.5090126Z 
2022-06-22T22:05:52.5090246Z       137 |     let functions = [];
2022-06-22T22:05:52.5090435Z       138 |     
2022-06-22T22:05:52.5090744Z     > 139 |     while ((func = Constants.SIG_REGEX.FUNCTIONS.exec(sc)) !== null) {
2022-06-22T22:05:52.5091006Z           |            ^
2022-06-22T22:05:52.5091341Z       140 |       if (func[0].includes('reverse')) {
2022-06-22T22:05:52.5091623Z       141 |         functions[0] = func[1];
2022-06-22T22:05:52.5091969Z       142 |       } else if (func[0].includes('splice')) {
2022-06-22T22:05:52.5092126Z 
2022-06-22T22:05:52.5092307Z       at Function.getFunctions (lib/deciphers/Signature.js:139:12)
2022-06-22T22:05:52.5092710Z       at Function.getFunctions [as fromSourceCode] (lib/deciphers/Signature.js:20:33)
2022-06-22T22:05:52.5093100Z       at Player.fromSourceCode [as init] (lib/core/Player.js:70:33)
2022-06-22T22:05:52.5093459Z       at SessionBuilder.build (lib/core/SessionBuilder.js:52:20)
2022-06-22T22:05:52.5093773Z       at Innertube.#init (lib/Innertube.js:56:21)
2022-06-22T22:05:52.5094078Z       at Object.<anonymous> (test/main.test.js:11:20)
2022-06-22T22:05:52.5094239Z 
2022-06-22T22:05:52.5094490Z   ● YouTube.js Tests › Deciphers › Should decipher signature
2022-06-22T22:05:52.5094669Z 
2022-06-22T22:05:52.5094814Z     ReferenceError: Constants is not defined
2022-06-22T22:05:52.5094961Z 
2022-06-22T22:05:52.5095079Z       137 |     let functions = [];
2022-06-22T22:05:52.5095277Z       138 |     
2022-06-22T22:05:52.5095585Z     > 139 |     while ((func = Constants.SIG_REGEX.FUNCTIONS.exec(sc)) !== null) {
2022-06-22T22:05:52.5095839Z           |            ^
2022-06-22T22:05:52.5096157Z       140 |       if (func[0].includes('reverse')) {
2022-06-22T22:05:52.5096425Z       141 |         functions[0] = func[1];
2022-06-22T22:05:52.5096775Z       142 |       } else if (func[0].includes('splice')) {
2022-06-22T22:05:52.5096921Z 
2022-06-22T22:05:52.5097113Z       at Function.getFunctions (lib/deciphers/Signature.js:139:12)
2022-06-22T22:05:52.5097511Z       at Function.getFunctions [as fromSourceCode] (lib/deciphers/Signature.js:20:33)
2022-06-22T22:05:52.5097901Z       at Player.fromSourceCode [as init] (lib/core/Player.js:70:33)
2022-06-22T22:05:52.5098255Z       at SessionBuilder.build (lib/core/SessionBuilder.js:52:20)
2022-06-22T22:05:52.5098588Z       at Innertube.#init (lib/Innertube.js:56:21)
2022-06-22T22:05:52.5098891Z       at Object.<anonymous> (test/main.test.js:11:20)
2022-06-22T22:05:52.5099047Z 
2022-06-22T22:05:52.5099288Z   ● YouTube.js Tests › Deciphers › Should decipher ntoken
2022-06-22T22:05:52.5099463Z 
2022-06-22T22:05:52.5099603Z     ReferenceError: Constants is not defined
2022-06-22T22:05:52.5099758Z 
2022-06-22T22:05:52.5099874Z       137 |     let functions = [];
2022-06-22T22:05:52.5100069Z       138 |     
2022-06-22T22:05:52.5100367Z     > 139 |     while ((func = Constants.SIG_REGEX.FUNCTIONS.exec(sc)) !== null) {
2022-06-22T22:05:52.5100624Z           |            ^
2022-06-22T22:05:52.5100947Z       140 |       if (func[0].includes('reverse')) {
2022-06-22T22:05:52.5101220Z       141 |         functions[0] = func[1];
2022-06-22T22:05:52.5101559Z       142 |       } else if (func[0].includes('splice')) {
2022-06-22T22:05:52.5101710Z 
2022-06-22T22:05:52.5101898Z       at Function.getFunctions (lib/deciphers/Signature.js:139:12)
2022-06-22T22:05:52.5102376Z       at Function.getFunctions [as fromSourceCode] (lib/deciphers/Signature.js:20:33)
2022-06-22T22:05:52.5102772Z       at Player.fromSourceCode [as init] (lib/core/Player.js:70:33)
2022-06-22T22:05:52.5103180Z       at SessionBuilder.build (lib/core/SessionBuilder.js:52:20)
2022-06-22T22:05:52.5103500Z       at Innertube.#init (lib/Innertube.js:56:21)
2022-06-22T22:05:52.5103800Z       at Object.<anonymous> (test/main.test.js:11:20)
2022-06-22T22:05:52.5103958Z 
2022-06-22T22:05:52.5104146Z Test Suites: 1 failed, 1 total
2022-06-22T22:05:52.5104430Z Tests:       14 failed, 14 total
2022-06-22T22:05:52.5104659Z Snapshots:   0 total
2022-06-22T22:05:52.5104872Z Time:        1.791 s
2022-06-22T22:05:52.5105074Z Ran all test suites.
2022-06-22T22:05:52.6115914Z npm ERR! code ELIFECYCLE
2022-06-22T22:05:52.6116204Z npm ERR! errno 1
2022-06-22T22:05:52.6143845Z npm ERR! youtubei.js@1.4.3 test: `jest`
2022-06-22T22:05:52.6144114Z npm ERR! Exit status 1
2022-06-22T22:05:52.6144314Z npm ERR! 
2022-06-22T22:05:52.6144634Z npm ERR! Failed at the youtubei.js@1.4.3 test script.
2022-06-22T22:05:52.6148973Z npm ERR! This is probably not a problem with npm. There is likely additional logging output above.
2022-06-22T22:05:52.6209230Z 
2022-06-22T22:05:52.6209585Z npm ERR! A complete log of this run can be found in:
2022-06-22T22:05:52.6210262Z npm ERR!     /home/runner/.npm/_logs/2022-06-22T22_05_52_614Z-debug.log
2022-06-22T22:05:52.6243826Z ##[error]Process completed with exit code 1.
2022-06-22T22:05:52.6294161Z Post job cleanup.
2022-06-22T22:05:52.7545148Z [command]/usr/bin/git version
2022-06-22T22:05:52.7592589Z git version 2.36.1
2022-06-22T22:05:52.7639292Z Temporarily overriding HOME='/home/runner/work/_temp/0a80942e-4c83-431a-9107-2ca56be2a84d' before making global git config changes
2022-06-22T22:05:52.7642985Z Adding repository directory to the temporary git global config as a safe directory
2022-06-22T22:05:52.7650924Z [command]/usr/bin/git config --global --add safe.directory /home/runner/work/YouTube.js/YouTube.js
2022-06-22T22:05:52.7714386Z [command]/usr/bin/git config --local --name-only --get-regexp core\.sshCommand
2022-06-22T22:05:52.7747208Z [command]/usr/bin/git submodule foreach --recursive git config --local --name-only --get-regexp 'core\.sshCommand' && git config --local --unset-all 'core.sshCommand' || :
2022-06-22T22:05:52.7995862Z [command]/usr/bin/git config --local --name-only --get-regexp http\.https\:\/\/github\.com\/\.extraheader
2022-06-22T22:05:52.8022254Z http.https://github.com/.extraheader
2022-06-22T22:05:52.8031165Z [command]/usr/bin/git config --local --unset-all http.https://github.com/.extraheader
2022-06-22T22:05:52.8063759Z [command]/usr/bin/git submodule foreach --recursive git config --local --name-only --get-regexp 'http\.https\:\/\/github\.com\/\.extraheader' && git config --local --unset-all 'http.https://github.com/.extraheader' || :
2022-06-22T22:05:52.8476559Z Cleaning up orphan processes