2022-06-18T19:24:18.6264968Z Requested labels: ubuntu-latest
2022-06-18T19:24:18.6265013Z Job defined at: pallets/flask/.github/workflows/tests.yaml@refs/heads/main
2022-06-18T19:24:18.6265035Z Waiting for a runner to pick up this job...
2022-06-18T19:24:21.4610350Z Job is waiting for a hosted runner to come online.
2022-06-18T19:24:22.6583176Z Job is about to start running on the hosted runner: GitHub Actions 5 (hosted)
2022-06-18T19:24:24.6698638Z Current runner version: '2.293.0'
2022-06-18T19:24:24.6724285Z ##[group]Operating System
2022-06-18T19:24:24.6724822Z Ubuntu
2022-06-18T19:24:24.6725211Z 20.04.4
2022-06-18T19:24:24.6725456Z LTS
2022-06-18T19:24:24.6725778Z ##[endgroup]
2022-06-18T19:24:24.6726142Z ##[group]Virtual Environment
2022-06-18T19:24:24.6726484Z Environment: ubuntu-20.04
2022-06-18T19:24:24.6726861Z Version: 20220614.0
2022-06-18T19:24:24.6727411Z Included Software: https://github.com/actions/virtual-environments/blob/ubuntu20/20220614.0/images/linux/Ubuntu2004-Readme.md
2022-06-18T19:24:24.6728094Z Image Release: https://github.com/actions/virtual-environments/releases/tag/ubuntu20%2F20220614.0
2022-06-18T19:24:24.6728519Z ##[endgroup]
2022-06-18T19:24:24.6728886Z ##[group]Virtual Environment Provisioner
2022-06-18T19:24:24.6729313Z 1.0.0.0-main-20220531-1
2022-06-18T19:24:24.6729595Z ##[endgroup]
2022-06-18T19:24:24.6730575Z ##[group]GITHUB_TOKEN Permissions
2022-06-18T19:24:24.6731167Z Actions: write
2022-06-18T19:24:24.6731681Z Checks: write
2022-06-18T19:24:24.6732017Z Contents: write
2022-06-18T19:24:24.6732410Z Deployments: write
2022-06-18T19:24:24.6732796Z Discussions: write
2022-06-18T19:24:24.6733085Z Issues: write
2022-06-18T19:24:24.6733404Z Metadata: read
2022-06-18T19:24:24.6733751Z Packages: write
2022-06-18T19:24:24.6734028Z Pages: write
2022-06-18T19:24:24.6734396Z PullRequests: write
2022-06-18T19:24:24.6734762Z RepositoryProjects: write
2022-06-18T19:24:24.6735086Z SecurityEvents: write
2022-06-18T19:24:24.6735429Z Statuses: write
2022-06-18T19:24:24.6735761Z ##[endgroup]
2022-06-18T19:24:24.6739331Z Secret source: Actions
2022-06-18T19:24:24.6739834Z Prepare workflow directory
2022-06-18T19:24:24.7560372Z Prepare all required actions
2022-06-18T19:24:24.7742472Z Getting action download info
2022-06-18T19:24:25.0127175Z Download action repository 'actions/checkout@v3' (SHA:2541b1294d2704b0964813337f33b291d3f8596b)
2022-06-18T19:24:25.6392544Z Download action repository 'actions/setup-python@v3' (SHA:98f2ad02fd48d057ee3b4d4f66525b231c3e52b6)
2022-06-18T19:24:26.4218021Z ##[group]Run actions/checkout@v3
2022-06-18T19:24:26.4218329Z with:
2022-06-18T19:24:26.4218557Z   repository: pallets/flask
2022-06-18T19:24:26.4218981Z   token: ***
2022-06-18T19:24:26.4219201Z   ssh-strict: true
2022-06-18T19:24:26.4219440Z   persist-credentials: true
2022-06-18T19:24:26.4219666Z   clean: true
2022-06-18T19:24:26.4219871Z   fetch-depth: 1
2022-06-18T19:24:26.4220075Z   lfs: false
2022-06-18T19:24:26.4220263Z   submodules: false
2022-06-18T19:24:26.4220496Z   set-safe-directory: true
2022-06-18T19:24:26.4220724Z ##[endgroup]
2022-06-18T19:24:26.7116175Z Syncing repository: pallets/flask
2022-06-18T19:24:26.7118108Z ##[group]Getting Git version info
2022-06-18T19:24:26.7118653Z Working directory is '/home/runner/work/flask/flask'
2022-06-18T19:24:26.7119176Z [command]/usr/bin/git version
2022-06-18T19:24:26.7189267Z git version 2.36.1
2022-06-18T19:24:26.7217075Z ##[endgroup]
2022-06-18T19:24:26.7250309Z Temporarily overriding HOME='/home/runner/work/_temp/e9cf12d5-43e4-4086-849c-6de17bd45835' before making global git config changes
2022-06-18T19:24:26.7265445Z Adding repository directory to the temporary git global config as a safe directory
2022-06-18T19:24:26.7266112Z [command]/usr/bin/git config --global --add safe.directory /home/runner/work/flask/flask
2022-06-18T19:24:26.7300968Z Deleting the contents of '/home/runner/work/flask/flask'
2022-06-18T19:24:26.7306669Z ##[group]Initializing the repository
2022-06-18T19:24:26.7310897Z [command]/usr/bin/git init /home/runner/work/flask/flask
2022-06-18T19:24:26.7368051Z hint: Using 'master' as the name for the initial branch. This default branch name
2022-06-18T19:24:26.7368746Z hint: is subject to change. To configure the initial branch name to use in all
2022-06-18T19:24:26.7369579Z hint: of your new repositories, which will suppress this warning, call:
2022-06-18T19:24:26.7369904Z hint: 
2022-06-18T19:24:26.7370368Z hint: 	git config --global init.defaultBranch <name>
2022-06-18T19:24:26.7370912Z hint: 
2022-06-18T19:24:26.7371330Z hint: Names commonly chosen instead of 'master' are 'main', 'trunk' and
2022-06-18T19:24:26.7371824Z hint: 'development'. The just-created branch can be renamed via this command:
2022-06-18T19:24:26.7372117Z hint: 
2022-06-18T19:24:26.7372368Z hint: 	git branch -m <name>
2022-06-18T19:24:26.7381477Z Initialized empty Git repository in /home/runner/work/flask/flask/.git/
2022-06-18T19:24:26.7390067Z [command]/usr/bin/git remote add origin https://github.com/pallets/flask
2022-06-18T19:24:26.7431134Z ##[endgroup]
2022-06-18T19:24:26.7431620Z ##[group]Disabling automatic garbage collection
2022-06-18T19:24:26.7437587Z [command]/usr/bin/git config --local gc.auto 0
2022-06-18T19:24:26.7467963Z ##[endgroup]
2022-06-18T19:24:26.7468759Z ##[group]Setting up auth
2022-06-18T19:24:26.7476053Z [command]/usr/bin/git config --local --name-only --get-regexp core\.sshCommand
2022-06-18T19:24:26.7509363Z [command]/usr/bin/git submodule foreach --recursive git config --local --name-only --get-regexp 'core\.sshCommand' && git config --local --unset-all 'core.sshCommand' || :
2022-06-18T19:24:26.7854377Z [command]/usr/bin/git config --local --name-only --get-regexp http\.https\:\/\/github\.com\/\.extraheader
2022-06-18T19:24:26.7878988Z [command]/usr/bin/git submodule foreach --recursive git config --local --name-only --get-regexp 'http\.https\:\/\/github\.com\/\.extraheader' && git config --local --unset-all 'http.https://github.com/.extraheader' || :
2022-06-18T19:24:26.8139710Z [command]/usr/bin/git config --local http.https://github.com/.extraheader AUTHORIZATION: basic ***
2022-06-18T19:24:26.8169340Z ##[endgroup]
2022-06-18T19:24:26.8169819Z ##[group]Fetching the repository
2022-06-18T19:24:26.8182568Z [command]/usr/bin/git -c protocol.version=2 fetch --no-tags --prune --progress --no-recurse-submodules --depth=1 origin +ab36542260c61f178b6e8f61312b706ac4c5f73e:refs/remotes/origin/main
2022-06-18T19:24:27.1303159Z remote: Enumerating objects: 287, done.        
2022-06-18T19:24:27.1304237Z remote: Counting objects:   0% (1/287)        
2022-06-18T19:24:27.1305377Z remote: Counting objects:   1% (3/287)        
2022-06-18T19:24:27.1305715Z remote: Counting objects:   2% (6/287)        
2022-06-18T19:24:27.1305973Z remote: Counting objects:   3% (9/287)        
2022-06-18T19:24:27.1306242Z remote: Counting objects:   4% (12/287)        
2022-06-18T19:24:27.1306516Z remote: Counting objects:   5% (15/287)        
2022-06-18T19:24:27.1306783Z remote: Counting objects:   6% (18/287)        
2022-06-18T19:24:27.1307036Z remote: Counting objects:   7% (21/287)        
2022-06-18T19:24:27.1307297Z remote: Counting objects:   8% (23/287)        
2022-06-18T19:24:27.1307561Z remote: Counting objects:   9% (26/287)        
2022-06-18T19:24:27.1307812Z remote: Counting objects:  10% (29/287)        
2022-06-18T19:24:27.1308072Z remote: Counting objects:  11% (32/287)        
2022-06-18T19:24:27.1308332Z remote: Counting objects:  12% (35/287)        
2022-06-18T19:24:27.1308598Z remote: Counting objects:  13% (38/287)        
2022-06-18T19:24:27.1308866Z remote: Counting objects:  14% (41/287)        
2022-06-18T19:24:27.1309133Z remote: Counting objects:  15% (44/287)        
2022-06-18T19:24:27.1309392Z remote: Counting objects:  16% (46/287)        
2022-06-18T19:24:27.1309641Z remote: Counting objects:  17% (49/287)        
2022-06-18T19:24:27.1309900Z remote: Counting objects:  18% (52/287)        
2022-06-18T19:24:27.1310168Z remote: Counting objects:  19% (55/287)        
2022-06-18T19:24:27.1310417Z remote: Counting objects:  20% (58/287)        
2022-06-18T19:24:27.1310673Z remote: Counting objects:  21% (61/287)        
2022-06-18T19:24:27.1310929Z remote: Counting objects:  22% (64/287)        
2022-06-18T19:24:27.1311172Z remote: Counting objects:  23% (67/287)        
2022-06-18T19:24:27.1314165Z remote: Counting objects:  24% (69/287)        
2022-06-18T19:24:27.1314795Z remote: Counting objects:  25% (72/287)        
2022-06-18T19:24:27.1315723Z remote: Counting objects:  26% (75/287)        
2022-06-18T19:24:27.1316355Z remote: Counting objects:  27% (78/287)        
2022-06-18T19:24:27.1316796Z remote: Counting objects:  28% (81/287)        
2022-06-18T19:24:27.1317149Z remote: Counting objects:  29% (84/287)        
2022-06-18T19:24:27.1317496Z remote: Counting objects:  30% (87/287)        
2022-06-18T19:24:27.1317848Z remote: Counting objects:  31% (89/287)        
2022-06-18T19:24:27.1318162Z remote: Counting objects:  32% (92/287)        
2022-06-18T19:24:27.1318506Z remote: Counting objects:  33% (95/287)        
2022-06-18T19:24:27.1318851Z remote: Counting objects:  34% (98/287)        
2022-06-18T19:24:27.1319203Z remote: Counting objects:  35% (101/287)        
2022-06-18T19:24:27.1319568Z remote: Counting objects:  36% (104/287)        
2022-06-18T19:24:27.1319921Z remote: Counting objects:  37% (107/287)        
2022-06-18T19:24:27.1320268Z remote: Counting objects:  38% (110/287)        
2022-06-18T19:24:27.1320596Z remote: Counting objects:  39% (112/287)        
2022-06-18T19:24:27.1320933Z remote: Counting objects:  40% (115/287)        
2022-06-18T19:24:27.1321277Z remote: Counting objects:  41% (118/287)        
2022-06-18T19:24:27.1321616Z remote: Counting objects:  42% (121/287)        
2022-06-18T19:24:27.1321962Z remote: Counting objects:  43% (124/287)        
2022-06-18T19:24:27.1322308Z remote: Counting objects:  44% (127/287)        
2022-06-18T19:24:27.1322649Z remote: Counting objects:  45% (130/287)        
2022-06-18T19:24:27.1322992Z remote: Counting objects:  46% (133/287)        
2022-06-18T19:24:27.1323314Z remote: Counting objects:  47% (135/287)        
2022-06-18T19:24:27.1323665Z remote: Counting objects:  48% (138/287)        
2022-06-18T19:24:27.1324009Z remote: Counting objects:  49% (141/287)        
2022-06-18T19:24:27.1324360Z remote: Counting objects:  50% (144/287)        
2022-06-18T19:24:27.1324704Z remote: Counting objects:  51% (147/287)        
2022-06-18T19:24:27.1325055Z remote: Counting objects:  52% (150/287)        
2022-06-18T19:24:27.1325522Z remote: Counting objects:  53% (153/287)        
2022-06-18T19:24:27.1325883Z remote: Counting objects:  54% (155/287)        
2022-06-18T19:24:27.1326231Z remote: Counting objects:  55% (158/287)        
2022-06-18T19:24:27.1326572Z remote: Counting objects:  56% (161/287)        
2022-06-18T19:24:27.1326924Z remote: Counting objects:  57% (164/287)        
2022-06-18T19:24:27.1327331Z remote: Counting objects:  58% (167/287)        
2022-06-18T19:24:27.1327672Z remote: Counting objects:  59% (170/287)        
2022-06-18T19:24:27.1328030Z remote: Counting objects:  60% (173/287)        
2022-06-18T19:24:27.1328377Z remote: Counting objects:  61% (176/287)        
2022-06-18T19:24:27.1328692Z remote: Counting objects:  62% (178/287)        
2022-06-18T19:24:27.1329039Z remote: Counting objects:  63% (181/287)        
2022-06-18T19:24:27.1329532Z remote: Counting objects:  64% (184/287)        
2022-06-18T19:24:27.1329880Z remote: Counting objects:  65% (187/287)        
2022-06-18T19:24:27.1330223Z remote: Counting objects:  66% (190/287)        
2022-06-18T19:24:27.1330583Z remote: Counting objects:  67% (193/287)        
2022-06-18T19:24:27.1330914Z remote: Counting objects:  68% (196/287)        
2022-06-18T19:24:27.1331256Z remote: Counting objects:  69% (199/287)        
2022-06-18T19:24:27.1331610Z remote: Counting objects:  70% (201/287)        
2022-06-18T19:24:27.1331955Z remote: Counting objects:  71% (204/287)        
2022-06-18T19:24:27.1332312Z remote: Counting objects:  72% (207/287)        
2022-06-18T19:24:27.1332655Z remote: Counting objects:  73% (210/287)        
2022-06-18T19:24:27.1332983Z remote: Counting objects:  74% (213/287)        
2022-06-18T19:24:27.1333325Z remote: Counting objects:  75% (216/287)        
2022-06-18T19:24:27.1333656Z remote: Counting objects:  76% (219/287)        
2022-06-18T19:24:27.1333997Z remote: Counting objects:  77% (221/287)        
2022-06-18T19:24:27.1334323Z remote: Counting objects:  78% (224/287)        
2022-06-18T19:24:27.1334668Z remote: Counting objects:  79% (227/287)        
2022-06-18T19:24:27.1335124Z remote: Counting objects:  80% (230/287)        
2022-06-18T19:24:27.1335470Z remote: Counting objects:  81% (233/287)        
2022-06-18T19:24:27.1335813Z remote: Counting objects:  82% (236/287)        
2022-06-18T19:24:27.1336155Z remote: Counting objects:  83% (239/287)        
2022-06-18T19:24:27.1336498Z remote: Counting objects:  84% (242/287)        
2022-06-18T19:24:27.1336838Z remote: Counting objects:  85% (244/287)        
2022-06-18T19:24:27.1337170Z remote: Counting objects:  86% (247/287)        
2022-06-18T19:24:27.1337512Z remote: Counting objects:  87% (250/287)        
2022-06-18T19:24:27.1337840Z remote: Counting objects:  88% (253/287)        
2022-06-18T19:24:27.1338187Z remote: Counting objects:  89% (256/287)        
2022-06-18T19:24:27.1338515Z remote: Counting objects:  90% (259/287)        
2022-06-18T19:24:27.1338859Z remote: Counting objects:  91% (262/287)        
2022-06-18T19:24:27.1339212Z remote: Counting objects:  92% (265/287)        
2022-06-18T19:24:27.1339560Z remote: Counting objects:  93% (267/287)        
2022-06-18T19:24:27.1339903Z remote: Counting objects:  94% (270/287)        
2022-06-18T19:24:27.1340246Z remote: Counting objects:  95% (273/287)        
2022-06-18T19:24:27.1340592Z remote: Counting objects:  96% (276/287)        
2022-06-18T19:24:27.1340939Z remote: Counting objects:  97% (279/287)        
2022-06-18T19:24:27.1341274Z remote: Counting objects:  98% (282/287)        
2022-06-18T19:24:27.1341621Z remote: Counting objects:  99% (285/287)        
2022-06-18T19:24:27.1341967Z remote: Counting objects: 100% (287/287)        
2022-06-18T19:24:27.1342327Z remote: Counting objects: 100% (287/287), done.        
2022-06-18T19:24:27.1458012Z remote: Compressing objects:   0% (1/253)        
2022-06-18T19:24:27.1458651Z remote: Compressing objects:   1% (3/253)        
2022-06-18T19:24:27.1459496Z remote: Compressing objects:   2% (6/253)        
2022-06-18T19:24:27.1460152Z remote: Compressing objects:   3% (8/253)        
2022-06-18T19:24:27.1460870Z remote: Compressing objects:   4% (11/253)        
2022-06-18T19:24:27.1461335Z remote: Compressing objects:   5% (13/253)        
2022-06-18T19:24:27.1461978Z remote: Compressing objects:   6% (16/253)        
2022-06-18T19:24:27.1462434Z remote: Compressing objects:   7% (18/253)        
2022-06-18T19:24:27.1463086Z remote: Compressing objects:   8% (21/253)        
2022-06-18T19:24:27.1463537Z remote: Compressing objects:   9% (23/253)        
2022-06-18T19:24:27.1464172Z remote: Compressing objects:  10% (26/253)        
2022-06-18T19:24:27.1464783Z remote: Compressing objects:  11% (28/253)        
2022-06-18T19:24:27.1465442Z remote: Compressing objects:  12% (31/253)        
2022-06-18T19:24:27.1465880Z remote: Compressing objects:  13% (33/253)        
2022-06-18T19:24:27.1466528Z remote: Compressing objects:  14% (36/253)        
2022-06-18T19:24:27.1466985Z remote: Compressing objects:  15% (38/253)        
2022-06-18T19:24:27.1467636Z remote: Compressing objects:  16% (41/253)        
2022-06-18T19:24:27.1468077Z remote: Compressing objects:  17% (44/253)        
2022-06-18T19:24:27.1468725Z remote: Compressing objects:  18% (46/253)        
2022-06-18T19:24:27.1469187Z remote: Compressing objects:  19% (49/253)        
2022-06-18T19:24:27.1469870Z remote: Compressing objects:  20% (51/253)        
2022-06-18T19:24:27.1470322Z remote: Compressing objects:  21% (54/253)        
2022-06-18T19:24:27.1503053Z remote: Compressing objects:  22% (56/253)        
2022-06-18T19:24:27.1503644Z remote: Compressing objects:  23% (59/253)        
2022-06-18T19:24:27.1504355Z remote: Compressing objects:  24% (61/253)        
2022-06-18T19:24:27.1504967Z remote: Compressing objects:  25% (64/253)        
2022-06-18T19:24:27.1505696Z remote: Compressing objects:  26% (66/253)        
2022-06-18T19:24:27.1506153Z remote: Compressing objects:  27% (69/253)        
2022-06-18T19:24:27.1506837Z remote: Compressing objects:  28% (71/253)        
2022-06-18T19:24:27.1508142Z remote: Compressing objects:  29% (74/253)        
2022-06-18T19:24:27.1508871Z remote: Compressing objects:  30% (76/253)        
2022-06-18T19:24:27.1509345Z remote: Compressing objects:  31% (79/253)        
2022-06-18T19:24:27.1510431Z remote: Compressing objects:  32% (81/253)        
2022-06-18T19:24:27.1522976Z remote: Compressing objects:  33% (84/253)        
2022-06-18T19:24:27.1617506Z remote: Compressing objects:  34% (87/253)        
2022-06-18T19:24:27.1618160Z remote: Compressing objects:  35% (89/253)        
2022-06-18T19:24:27.1618944Z remote: Compressing objects:  36% (92/253)        
2022-06-18T19:24:27.1619487Z remote: Compressing objects:  37% (94/253)        
2022-06-18T19:24:27.1620548Z remote: Compressing objects:  38% (97/253)        
2022-06-18T19:24:27.1621863Z remote: Compressing objects:  39% (99/253)        
2022-06-18T19:24:27.1622403Z remote: Compressing objects:  40% (102/253)        
2022-06-18T19:24:27.1622834Z remote: Compressing objects:  41% (104/253)        
2022-06-18T19:24:27.1623895Z remote: Compressing objects:  42% (107/253)        
2022-06-18T19:24:27.1625326Z remote: Compressing objects:  43% (109/253)        
2022-06-18T19:24:27.1625820Z remote: Compressing objects:  44% (112/253)        
2022-06-18T19:24:27.1626472Z remote: Compressing objects:  45% (114/253)        
2022-06-18T19:24:27.1627109Z remote: Compressing objects:  46% (117/253)        
2022-06-18T19:24:27.1638501Z remote: Compressing objects:  47% (119/253)        
2022-06-18T19:24:27.1639136Z remote: Compressing objects:  48% (122/253)        
2022-06-18T19:24:27.1652748Z remote: Compressing objects:  49% (124/253)        
2022-06-18T19:24:27.1668504Z remote: Compressing objects:  50% (127/253)        
2022-06-18T19:24:27.1683174Z remote: Compressing objects:  51% (130/253)        
2022-06-18T19:24:27.1688302Z remote: Compressing objects:  52% (132/253)        
2022-06-18T19:24:27.1694885Z remote: Compressing objects:  53% (135/253)        
2022-06-18T19:24:27.1703979Z remote: Compressing objects:  54% (137/253)        
2022-06-18T19:24:27.1708958Z remote: Compressing objects:  55% (140/253)        
2022-06-18T19:24:27.1720837Z remote: Compressing objects:  56% (142/253)        
2022-06-18T19:24:27.1723177Z remote: Compressing objects:  57% (145/253)        
2022-06-18T19:24:27.1733156Z remote: Compressing objects:  58% (147/253)        
2022-06-18T19:24:27.1734181Z remote: Compressing objects:  59% (150/253)        
2022-06-18T19:24:27.1745347Z remote: Compressing objects:  60% (152/253)        
2022-06-18T19:24:27.1770745Z remote: Compressing objects:  61% (155/253)        
2022-06-18T19:24:27.1771108Z remote: Compressing objects:  62% (157/253)        
2022-06-18T19:24:27.1771781Z remote: Compressing objects:  63% (160/253)        
2022-06-18T19:24:27.1773038Z remote: Compressing objects:  64% (162/253)        
2022-06-18T19:24:27.1773923Z remote: Compressing objects:  65% (165/253)        
2022-06-18T19:24:27.1774731Z remote: Compressing objects:  66% (167/253)        
2022-06-18T19:24:27.1775271Z remote: Compressing objects:  67% (170/253)        
2022-06-18T19:24:27.1775992Z remote: Compressing objects:  68% (173/253)        
2022-06-18T19:24:27.1776710Z remote: Compressing objects:  69% (175/253)        
2022-06-18T19:24:27.1777293Z remote: Compressing objects:  70% (178/253)        
2022-06-18T19:24:27.1778046Z remote: Compressing objects:  71% (180/253)        
2022-06-18T19:24:27.1778791Z remote: Compressing objects:  72% (183/253)        
2022-06-18T19:24:27.1779541Z remote: Compressing objects:  73% (185/253)        
2022-06-18T19:24:27.1780271Z remote: Compressing objects:  74% (188/253)        
2022-06-18T19:24:27.1780852Z remote: Compressing objects:  75% (190/253)        
2022-06-18T19:24:27.1781581Z remote: Compressing objects:  76% (193/253)        
2022-06-18T19:24:27.1782281Z remote: Compressing objects:  77% (195/253)        
2022-06-18T19:24:27.1782867Z remote: Compressing objects:  78% (198/253)        
2022-06-18T19:24:27.1783583Z remote: Compressing objects:  79% (200/253)        
2022-06-18T19:24:27.1784150Z remote: Compressing objects:  80% (203/253)        
2022-06-18T19:24:27.1785024Z remote: Compressing objects:  81% (205/253)        
2022-06-18T19:24:27.1785752Z remote: Compressing objects:  82% (208/253)        
2022-06-18T19:24:27.1786422Z remote: Compressing objects:  83% (210/253)        
2022-06-18T19:24:27.1787071Z remote: Compressing objects:  84% (213/253)        
2022-06-18T19:24:27.1787736Z remote: Compressing objects:  85% (216/253)        
2022-06-18T19:24:27.1788464Z remote: Compressing objects:  86% (218/253)        
2022-06-18T19:24:27.1789201Z remote: Compressing objects:  87% (221/253)        
2022-06-18T19:24:27.1789843Z remote: Compressing objects:  88% (223/253)        
2022-06-18T19:24:27.1790590Z remote: Compressing objects:  89% (226/253)        
2022-06-18T19:24:27.1791181Z remote: Compressing objects:  90% (228/253)        
2022-06-18T19:24:27.1791846Z remote: Compressing objects:  91% (231/253)        
2022-06-18T19:24:27.1792585Z remote: Compressing objects:  92% (233/253)        
2022-06-18T19:24:27.1793330Z remote: Compressing objects:  93% (236/253)        
2022-06-18T19:24:27.1794055Z remote: Compressing objects:  94% (238/253)        
2022-06-18T19:24:27.1794826Z remote: Compressing objects:  95% (241/253)        
2022-06-18T19:24:27.1795562Z remote: Compressing objects:  96% (243/253)        
2022-06-18T19:24:27.1796282Z remote: Compressing objects:  97% (246/253)        
2022-06-18T19:24:27.1796995Z remote: Compressing objects:  98% (248/253)        
2022-06-18T19:24:27.1797666Z remote: Compressing objects:  99% (251/253)        
2022-06-18T19:24:27.1798401Z remote: Compressing objects: 100% (253/253)        
2022-06-18T19:24:27.1799153Z remote: Compressing objects: 100% (253/253), done.        
2022-06-18T19:24:27.1852107Z Receiving objects:   0% (1/287)
2022-06-18T19:24:27.1853529Z Receiving objects:   1% (3/287)
2022-06-18T19:24:27.1854408Z Receiving objects:   2% (6/287)
2022-06-18T19:24:27.1855381Z Receiving objects:   3% (9/287)
2022-06-18T19:24:27.1855934Z Receiving objects:   4% (12/287)
2022-06-18T19:24:27.1962439Z Receiving objects:   5% (15/287)
2022-06-18T19:24:27.1965226Z Receiving objects:   6% (18/287)
2022-06-18T19:24:27.1965884Z Receiving objects:   7% (21/287)
2022-06-18T19:24:27.2042244Z Receiving objects:   8% (23/287)
2022-06-18T19:24:27.2139626Z Receiving objects:   9% (26/287)
2022-06-18T19:24:27.2670619Z Receiving objects:  10% (29/287)
2022-06-18T19:24:27.2774895Z Receiving objects:  11% (32/287)
2022-06-18T19:24:27.2777629Z Receiving objects:  12% (35/287)
2022-06-18T19:24:27.2781582Z Receiving objects:  13% (38/287)
2022-06-18T19:24:27.2784099Z Receiving objects:  14% (41/287)
2022-06-18T19:24:27.2788025Z Receiving objects:  15% (44/287)
2022-06-18T19:24:27.2789300Z Receiving objects:  16% (46/287)
2022-06-18T19:24:27.2790333Z Receiving objects:  17% (49/287)
2022-06-18T19:24:27.2882002Z Receiving objects:  18% (52/287)
2022-06-18T19:24:27.2883989Z Receiving objects:  19% (55/287)
2022-06-18T19:24:27.2889034Z Receiving objects:  20% (58/287)
2022-06-18T19:24:27.2892186Z Receiving objects:  21% (61/287)
2022-06-18T19:24:27.2895216Z Receiving objects:  22% (64/287)
2022-06-18T19:24:27.2896926Z Receiving objects:  23% (67/287)
2022-06-18T19:24:27.2899193Z Receiving objects:  24% (69/287)
2022-06-18T19:24:27.2900838Z Receiving objects:  25% (72/287)
2022-06-18T19:24:27.2903748Z Receiving objects:  26% (75/287)
2022-06-18T19:24:27.2906443Z Receiving objects:  27% (78/287)
2022-06-18T19:24:27.2908546Z Receiving objects:  28% (81/287)
2022-06-18T19:24:27.2910528Z Receiving objects:  29% (84/287)
2022-06-18T19:24:27.2912234Z Receiving objects:  30% (87/287)
2022-06-18T19:24:27.2914650Z Receiving objects:  31% (89/287)
2022-06-18T19:24:27.2916364Z Receiving objects:  32% (92/287)
2022-06-18T19:24:27.2918948Z Receiving objects:  33% (95/287)
2022-06-18T19:24:27.2926650Z Receiving objects:  34% (98/287)
2022-06-18T19:24:27.2929711Z Receiving objects:  35% (101/287)
2022-06-18T19:24:27.2933120Z Receiving objects:  36% (104/287)
2022-06-18T19:24:27.2936564Z Receiving objects:  37% (107/287)
2022-06-18T19:24:27.2939747Z Receiving objects:  38% (110/287)
2022-06-18T19:24:27.2943519Z Receiving objects:  39% (112/287)
2022-06-18T19:24:27.2945736Z Receiving objects:  40% (115/287)
2022-06-18T19:24:27.2949644Z Receiving objects:  41% (118/287)
2022-06-18T19:24:27.2973111Z Receiving objects:  42% (121/287)
2022-06-18T19:24:27.2973517Z Receiving objects:  43% (124/287)
2022-06-18T19:24:27.2974615Z Receiving objects:  44% (127/287)
2022-06-18T19:24:27.2975559Z Receiving objects:  45% (130/287)
2022-06-18T19:24:27.2976520Z Receiving objects:  46% (133/287)
2022-06-18T19:24:27.2977183Z Receiving objects:  47% (135/287)
2022-06-18T19:24:27.2977802Z Receiving objects:  48% (138/287)
2022-06-18T19:24:27.2978370Z Receiving objects:  49% (141/287)
2022-06-18T19:24:27.2979703Z Receiving objects:  50% (144/287)
2022-06-18T19:24:27.2981569Z Receiving objects:  51% (147/287)
2022-06-18T19:24:27.2982106Z Receiving objects:  52% (150/287)
2022-06-18T19:24:27.2982770Z Receiving objects:  53% (153/287)
2022-06-18T19:24:27.2984601Z Receiving objects:  54% (155/287)
2022-06-18T19:24:27.2985183Z Receiving objects:  55% (158/287)
2022-06-18T19:24:27.2985774Z Receiving objects:  56% (161/287)
2022-06-18T19:24:27.2987066Z Receiving objects:  57% (164/287)
2022-06-18T19:24:27.2988273Z Receiving objects:  58% (167/287)
2022-06-18T19:24:27.2988631Z Receiving objects:  59% (170/287)
2022-06-18T19:24:27.2989810Z Receiving objects:  60% (173/287)
2022-06-18T19:24:27.2990462Z Receiving objects:  61% (176/287)
2022-06-18T19:24:27.2991003Z Receiving objects:  62% (178/287)
2022-06-18T19:24:27.2993154Z Receiving objects:  63% (181/287)
2022-06-18T19:24:27.2995205Z Receiving objects:  64% (184/287)
2022-06-18T19:24:27.3008316Z Receiving objects:  65% (187/287)
2022-06-18T19:24:27.3015800Z Receiving objects:  66% (190/287)
2022-06-18T19:24:27.3019952Z Receiving objects:  67% (193/287)
2022-06-18T19:24:27.3022274Z Receiving objects:  68% (196/287)
2022-06-18T19:24:27.3024453Z Receiving objects:  69% (199/287)
2022-06-18T19:24:27.3029455Z Receiving objects:  70% (201/287)
2022-06-18T19:24:27.3031796Z Receiving objects:  71% (204/287)
2022-06-18T19:24:27.3034047Z Receiving objects:  72% (207/287)
2022-06-18T19:24:27.3036650Z Receiving objects:  73% (210/287)
2022-06-18T19:24:27.3037116Z Receiving objects:  74% (213/287)
2022-06-18T19:24:27.3037910Z Receiving objects:  75% (216/287)
2022-06-18T19:24:27.3038339Z Receiving objects:  76% (219/287)
2022-06-18T19:24:27.3039127Z Receiving objects:  77% (221/287)
2022-06-18T19:24:27.3039547Z Receiving objects:  78% (224/287)
2022-06-18T19:24:27.3040360Z Receiving objects:  79% (227/287)
2022-06-18T19:24:27.3042540Z Receiving objects:  80% (230/287)
2022-06-18T19:24:27.3042992Z Receiving objects:  81% (233/287)
2022-06-18T19:24:27.3043758Z Receiving objects:  82% (236/287)
2022-06-18T19:24:27.3044180Z Receiving objects:  83% (239/287)
2022-06-18T19:24:27.3044944Z Receiving objects:  84% (242/287)
2022-06-18T19:24:27.3045358Z Receiving objects:  85% (244/287)
2022-06-18T19:24:27.3046161Z Receiving objects:  86% (247/287)
2022-06-18T19:24:27.3046582Z Receiving objects:  87% (250/287)
2022-06-18T19:24:27.3047347Z Receiving objects:  88% (253/287)
2022-06-18T19:24:27.3047758Z Receiving objects:  89% (256/287)
2022-06-18T19:24:27.3048519Z Receiving objects:  90% (259/287)
2022-06-18T19:24:27.3050567Z Receiving objects:  91% (262/287)
2022-06-18T19:24:27.3052899Z Receiving objects:  92% (265/287)
2022-06-18T19:24:27.3074728Z Receiving objects:  93% (267/287)
2022-06-18T19:24:27.3075574Z remote: Total 287 (delta 5), reused 147 (delta 4), pack-reused 0        
2022-06-18T19:24:27.3076294Z Receiving objects:  94% (270/287)
2022-06-18T19:24:27.3076709Z Receiving objects:  95% (273/287)
2022-06-18T19:24:27.3077338Z Receiving objects:  96% (276/287)
2022-06-18T19:24:27.3077752Z Receiving objects:  97% (279/287)
2022-06-18T19:24:27.3078361Z Receiving objects:  98% (282/287)
2022-06-18T19:24:27.3078760Z Receiving objects:  99% (285/287)
2022-06-18T19:24:27.3079376Z Receiving objects: 100% (287/287)
2022-06-18T19:24:27.3080023Z Receiving objects: 100% (287/287), 662.08 KiB | 5.30 MiB/s, done.
2022-06-18T19:24:27.3080727Z Resolving deltas:   0% (0/5)
2022-06-18T19:24:27.3081132Z Resolving deltas:  20% (1/5)
2022-06-18T19:24:27.3081734Z Resolving deltas:  40% (2/5)
2022-06-18T19:24:27.3082139Z Resolving deltas:  60% (3/5)
2022-06-18T19:24:27.3082720Z Resolving deltas:  80% (4/5)
2022-06-18T19:24:27.3083186Z Resolving deltas: 100% (5/5)
2022-06-18T19:24:27.3084075Z Resolving deltas: 100% (5/5), done.
2022-06-18T19:24:27.3206157Z From https://github.com/pallets/flask
2022-06-18T19:24:27.3206990Z  * [new ref]         ab36542260c61f178b6e8f61312b706ac4c5f73e -> origin/main
2022-06-18T19:24:27.3228365Z ##[endgroup]
2022-06-18T19:24:27.3229141Z ##[group]Determining the checkout info
2022-06-18T19:24:27.3230401Z ##[endgroup]
2022-06-18T19:24:27.3231011Z ##[group]Checking out the ref
2022-06-18T19:24:27.3235013Z [command]/usr/bin/git checkout --progress --force -B main refs/remotes/origin/main
2022-06-18T19:24:27.3454858Z Switched to a new branch 'main'
2022-06-18T19:24:27.3455577Z branch 'main' set up to track 'origin/main'.
2022-06-18T19:24:27.3461481Z ##[endgroup]
2022-06-18T19:24:27.3504934Z [command]/usr/bin/git log -1 --format='%H'
2022-06-18T19:24:27.3535618Z 'ab36542260c61f178b6e8f61312b706ac4c5f73e'
2022-06-18T19:24:27.3834797Z ##[group]Run actions/setup-python@v3
2022-06-18T19:24:27.3835053Z with:
2022-06-18T19:24:27.3835261Z   python-version: 3.10
2022-06-18T19:24:27.3835480Z   cache: pip
2022-06-18T19:24:27.3835722Z   cache-dependency-path: requirements/*.txt
2022-06-18T19:24:27.3836168Z   token: ***
2022-06-18T19:24:27.3836368Z ##[endgroup]
2022-06-18T19:24:27.5328189Z Successfully setup CPython (3.10.5)
2022-06-18T19:24:27.5527705Z [command]/opt/hostedtoolcache/Python/3.10.5/x64/bin/pip cache dir
2022-06-18T19:24:27.9351848Z /home/runner/.cache/pip
2022-06-18T19:24:29.4333611Z Received 42112912 of 42112912 (100.0%), 43.1 MBs/sec
2022-06-18T19:24:29.4335034Z Cache Size: ~40 MB (42112912 B)
2022-06-18T19:24:29.4361661Z [command]/usr/bin/tar --use-compress-program zstd -d -xf /home/runner/work/_temp/106c0aa8-7152-4ac2-ab2d-25764402bac1/cache.tzst -P -C /home/runner/work/flask/flask
2022-06-18T19:24:29.5154779Z Cache restored successfully
2022-06-18T19:24:29.5216118Z Cache restored from key: setup-python-Linux-python-3.10.5-pip-7b364529f2a9554f563f31235f9e6c795c6af267c66f55251bf9825c1dd2fd66
2022-06-18T19:24:29.5387485Z ##[group]Run pip install -U wheel
2022-06-18T19:24:29.5387917Z [36;1mpip install -U wheel[0m
2022-06-18T19:24:29.5388298Z [36;1mpip install -U setuptools[0m
2022-06-18T19:24:29.5388643Z [36;1mpython -m pip install -U pip[0m
2022-06-18T19:24:29.5445920Z shell: /usr/bin/bash -e {0}
2022-06-18T19:24:29.5446281Z env:
2022-06-18T19:24:29.5446636Z   pythonLocation: /opt/hostedtoolcache/Python/3.10.5/x64
2022-06-18T19:24:29.5447069Z   LD_LIBRARY_PATH: /opt/hostedtoolcache/Python/3.10.5/x64/lib
2022-06-18T19:24:29.5447421Z ##[endgroup]
2022-06-18T19:24:30.3654639Z Collecting wheel
2022-06-18T19:24:30.3668045Z   Using cached wheel-0.37.1-py2.py3-none-any.whl (35 kB)
2022-06-18T19:24:30.4015261Z Installing collected packages: wheel
2022-06-18T19:24:30.4302959Z Successfully installed wheel-0.37.1
2022-06-18T19:24:31.0848551Z Requirement already satisfied: setuptools in /opt/hostedtoolcache/Python/3.10.5/x64/lib/python3.10/site-packages (58.1.0)
2022-06-18T19:24:31.4263112Z Collecting setuptools
2022-06-18T19:24:31.4988127Z   Downloading setuptools-62.5.0-py3-none-any.whl (1.2 MB)
2022-06-18T19:24:31.5545595Z      ━━━━━━━━━━━━━━━━━━━━━━━━━━━━━━━━━━━━━━━━ 1.2/1.2 MB 23.3 MB/s eta 0:00:00
2022-06-18T19:24:31.6638521Z Installing collected packages: setuptools
2022-06-18T19:24:31.6641022Z   Attempting uninstall: setuptools
2022-06-18T19:24:31.6649915Z     Found existing installation: setuptools 58.1.0
2022-06-18T19:24:31.7181997Z     Uninstalling setuptools-58.1.0:
2022-06-18T19:24:31.7292642Z       Successfully uninstalled setuptools-58.1.0
2022-06-18T19:24:32.2865572Z Successfully installed setuptools-62.5.0
2022-06-18T19:24:32.9445362Z Requirement already satisfied: pip in /opt/hostedtoolcache/Python/3.10.5/x64/lib/python3.10/site-packages (22.1.2)
2022-06-18T19:24:33.2495364Z ##[group]Run pip install tox
2022-06-18T19:24:33.2495715Z [36;1mpip install tox[0m
2022-06-18T19:24:33.2548149Z shell: /usr/bin/bash -e {0}
2022-06-18T19:24:33.2548471Z env:
2022-06-18T19:24:33.2548816Z   pythonLocation: /opt/hostedtoolcache/Python/3.10.5/x64
2022-06-18T19:24:33.2549320Z   LD_LIBRARY_PATH: /opt/hostedtoolcache/Python/3.10.5/x64/lib
2022-06-18T19:24:33.2549668Z ##[endgroup]
2022-06-18T19:24:33.8906986Z Collecting tox
2022-06-18T19:24:33.8929442Z   Using cached tox-3.25.0-py2.py3-none-any.whl (85 kB)
2022-06-18T19:24:34.0818990Z Collecting virtualenv!=20.0.0,!=20.0.1,!=20.0.2,!=20.0.3,!=20.0.4,!=20.0.5,!=20.0.6,!=20.0.7,>=16.0.0
2022-06-18T19:24:34.1022920Z   Using cached virtualenv-20.14.1-py2.py3-none-any.whl (8.8 MB)
2022-06-18T19:24:34.1776467Z Collecting filelock>=3.0.0
2022-06-18T19:24:34.1795976Z   Using cached filelock-3.7.1-py3-none-any.whl (10 kB)
2022-06-18T19:24:34.2235648Z Collecting packaging>=14
2022-06-18T19:24:34.2255835Z   Using cached packaging-21.3-py3-none-any.whl (40 kB)
2022-06-18T19:24:34.2497712Z Collecting toml>=0.9.4
2022-06-18T19:24:34.2515196Z   Using cached toml-0.10.2-py2.py3-none-any.whl (16 kB)
2022-06-18T19:24:34.2799415Z Collecting six>=1.14.0
2022-06-18T19:24:34.2816822Z   Using cached six-1.16.0-py2.py3-none-any.whl (11 kB)
2022-06-18T19:24:34.3123113Z Collecting pluggy>=0.12.0
2022-06-18T19:24:34.3140634Z   Using cached pluggy-1.0.0-py2.py3-none-any.whl (13 kB)
2022-06-18T19:24:34.3529765Z Collecting py>=1.4.17
2022-06-18T19:24:34.3548859Z   Using cached py-1.11.0-py2.py3-none-any.whl (98 kB)
2022-06-18T19:24:34.4305882Z Collecting pyparsing!=3.0.5,>=2.0.2
2022-06-18T19:24:34.4324463Z   Using cached pyparsing-3.0.9-py3-none-any.whl (98 kB)
2022-06-18T19:24:34.4998706Z Collecting platformdirs<3,>=2
2022-06-18T19:24:34.5015758Z   Using cached platformdirs-2.5.2-py3-none-any.whl (14 kB)
2022-06-18T19:24:34.5259203Z Collecting distlib<1,>=0.3.1
2022-06-18T19:24:34.5290411Z   Using cached distlib-0.3.4-py2.py3-none-any.whl (461 kB)
2022-06-18T19:24:34.6648491Z Installing collected packages: distlib, toml, six, pyparsing, py, pluggy, platformdirs, filelock, virtualenv, packaging, tox
2022-06-18T19:24:35.1779093Z Successfully installed distlib-0.3.4 filelock-3.7.1 packaging-21.3 platformdirs-2.5.2 pluggy-1.0.0 py-1.11.0 pyparsing-3.0.9 six-1.16.0 toml-0.10.2 tox-3.25.0 virtualenv-20.14.1
2022-06-18T19:24:35.3558090Z ##[group]Run tox -e py310
2022-06-18T19:24:35.3558386Z [36;1mtox -e py310[0m
2022-06-18T19:24:35.3611603Z shell: /usr/bin/bash -e {0}
2022-06-18T19:24:35.3611840Z env:
2022-06-18T19:24:35.3612123Z   pythonLocation: /opt/hostedtoolcache/Python/3.10.5/x64
2022-06-18T19:24:35.3612475Z   LD_LIBRARY_PATH: /opt/hostedtoolcache/Python/3.10.5/x64/lib
2022-06-18T19:24:35.3612748Z ##[endgroup]
2022-06-18T19:24:35.5432069Z GLOB sdist-make: /home/runner/work/flask/flask/setup.py
2022-06-18T19:24:37.1265790Z py310 create: /home/runner/work/flask/flask/.tox/py310
2022-06-18T19:24:38.2877042Z py310 installdeps: -rrequirements/tests.txt
2022-06-18T19:24:47.7222110Z py310 inst: /home/runner/work/flask/flask/.tox/.tmp/package/1/Flask-2.2.0.dev0.zip
2022-06-18T19:24:52.6168301Z py310 installed: asgiref==3.5.2,attrs==21.4.0,blinker==1.4,click==8.1.3,Flask @ file:///home/runner/work/flask/flask/.tox/.tmp/package/1/Flask-2.2.0.dev0.zip,greenlet==1.1.2,iniconfig==1.1.1,itsdangerous==2.1.2,Jinja2==3.1.2,MarkupSafe==2.1.1,packaging==21.3,pluggy==1.0.0,py==1.11.0,pyparsing==3.0.9,pytest==7.1.2,python-dotenv==0.20.0,tomli==2.0.1,Werkzeug==2.1.2
2022-06-18T19:24:52.6170085Z py310 run-test-pre: PYTHONHASHSEED='3339842654'
2022-06-18T19:24:52.6171361Z py310 run-test: commands[0] | pytest -v --tb=short --basetemp=/home/runner/work/flask/flask/.tox/tmp/py310 tests
2022-06-18T19:24:53.0385024Z ============================= test session starts ==============================
2022-06-18T19:24:53.0386045Z platform linux -- Python 3.10.5, pytest-7.1.2, pluggy-1.0.0 -- /home/runner/work/flask/flask/.tox/py310/bin/python
2022-06-18T19:24:53.0386416Z cachedir: .tox/py310/.pytest_cache
2022-06-18T19:24:53.0386761Z rootdir: /home/runner/work/flask/flask, configfile: setup.cfg, testpaths: tests
2022-06-18T19:24:54.1748756Z collecting ... collected 490 items
2022-06-18T19:24:54.1749346Z 
2022-06-18T19:24:54.1787582Z tests/test_appctx.py::test_basic_url_generation PASSED                   [  0%]
2022-06-18T19:24:54.1811518Z tests/test_appctx.py::test_url_generation_requires_server_name PASSED    [  0%]
2022-06-18T19:24:54.1822327Z tests/test_appctx.py::test_url_generation_without_context_fails PASSED   [  0%]
2022-06-18T19:24:54.1851052Z tests/test_appctx.py::test_request_context_means_app_context PASSED      [  0%]
2022-06-18T19:24:54.1873727Z tests/test_appctx.py::test_app_context_provides_current_app PASSED       [  1%]
2022-06-18T19:24:54.1895922Z tests/test_appctx.py::test_app_tearing_down PASSED                       [  1%]
2022-06-18T19:24:54.1920098Z tests/test_appctx.py::test_app_tearing_down_with_previous_exception PASSED [  1%]
2022-06-18T19:24:54.1942800Z tests/test_appctx.py::test_app_tearing_down_with_handled_exception_by_except_block PASSED [  1%]
2022-06-18T19:24:54.1995886Z tests/test_appctx.py::test_app_tearing_down_with_handled_exception_by_app_handler PASSED [  1%]
2022-06-18T19:24:54.2029728Z tests/test_appctx.py::test_app_tearing_down_with_unhandled_exception PASSED [  2%]
2022-06-18T19:24:54.2056172Z tests/test_appctx.py::test_app_ctx_globals_methods PASSED                [  2%]
2022-06-18T19:24:54.2100135Z tests/test_appctx.py::test_custom_app_ctx_globals_class PASSED           [  2%]
2022-06-18T19:24:54.2136003Z tests/test_appctx.py::test_context_refcounts PASSED                      [  2%]
2022-06-18T19:24:54.2163888Z tests/test_appctx.py::test_clean_pop PASSED                              [  2%]
2022-06-18T19:24:54.2297139Z tests/test_async.py::test_async_route[/] PASSED                          [  3%]
2022-06-18T19:24:54.2371650Z tests/test_async.py::test_async_route[/home] PASSED                      [  3%]
2022-06-18T19:24:54.2445082Z tests/test_async.py::test_async_route[/bp/] PASSED                       [  3%]
2022-06-18T19:24:54.2526490Z tests/test_async.py::test_async_route[/view] PASSED                      [  3%]
2022-06-18T19:24:54.2599481Z tests/test_async.py::test_async_route[/methodview] PASSED                [  3%]
2022-06-18T19:24:54.2668972Z tests/test_async.py::test_async_error_handler[/error] PASSED             [  4%]
2022-06-18T19:24:54.2733952Z tests/test_async.py::test_async_error_handler[/bp/error] PASSED          [  4%]
2022-06-18T19:24:54.2820041Z tests/test_async.py::test_async_before_after_request PASSED              [  4%]
2022-06-18T19:24:54.2858608Z tests/test_basic.py::test_options_work PASSED                            [  4%]
2022-06-18T19:24:54.2899518Z tests/test_basic.py::test_options_on_multiple_rules PASSED               [  4%]
2022-06-18T19:24:54.2936923Z tests/test_basic.py::test_method_route[get] PASSED                       [  5%]
2022-06-18T19:24:54.2974630Z tests/test_basic.py::test_method_route[post] PASSED                      [  5%]
2022-06-18T19:24:54.3012082Z tests/test_basic.py::test_method_route[put] PASSED                       [  5%]
2022-06-18T19:24:54.3050793Z tests/test_basic.py::test_method_route[delete] PASSED                    [  5%]
2022-06-18T19:24:54.3086920Z tests/test_basic.py::test_method_route[patch] PASSED                     [  5%]
2022-06-18T19:24:54.3112579Z tests/test_basic.py::test_method_route_no_methods PASSED                 [  6%]
2022-06-18T19:24:54.3159007Z tests/test_basic.py::test_provide_automatic_options_attr PASSED          [  6%]
2022-06-18T19:24:54.3246977Z tests/test_basic.py::test_provide_automatic_options_kwarg PASSED         [  6%]
2022-06-18T19:24:54.3317037Z tests/test_basic.py::test_request_dispatching PASSED                     [  6%]
2022-06-18T19:24:54.3342676Z tests/test_basic.py::test_disallow_string_for_allowed_methods PASSED     [  6%]
2022-06-18T19:24:54.3423204Z tests/test_basic.py::test_url_mapping PASSED                             [  7%]
2022-06-18T19:24:54.3471027Z tests/test_basic.py::test_werkzeug_routing PASSED                        [  7%]
2022-06-18T19:24:54.3518574Z tests/test_basic.py::test_endpoint_decorator PASSED                      [  7%]
2022-06-18T19:24:54.3574223Z tests/test_basic.py::test_session PASSED                                 [  7%]
2022-06-18T19:24:54.3612269Z tests/test_basic.py::test_session_using_server_name PASSED               [  7%]
2022-06-18T19:24:54.3650483Z tests/test_basic.py::test_session_using_server_name_and_port PASSED      [  8%]
2022-06-18T19:24:54.3689151Z tests/test_basic.py::test_session_using_server_name_port_and_path PASSED [  8%]
2022-06-18T19:24:54.3727273Z tests/test_basic.py::test_session_using_application_root PASSED          [  8%]
2022-06-18T19:24:54.3781017Z tests/test_basic.py::test_session_using_session_settings PASSED          [  8%]
2022-06-18T19:24:54.3846467Z tests/test_basic.py::test_session_using_samesite_attribute PASSED        [  8%]
2022-06-18T19:24:54.3885462Z tests/test_basic.py::test_session_localhost_warning PASSED               [  9%]
2022-06-18T19:24:54.3924305Z tests/test_basic.py::test_session_ip_warning PASSED                      [  9%]
2022-06-18T19:24:54.3951000Z tests/test_basic.py::test_missing_session PASSED                         [  9%]
2022-06-18T19:24:54.4020434Z tests/test_basic.py::test_session_expiration PASSED                      [  9%]
2022-06-18T19:24:54.4069197Z tests/test_basic.py::test_session_stored_last PASSED                     [ 10%]
2022-06-18T19:24:54.4109524Z tests/test_basic.py::test_session_special_types PASSED                   [ 10%]
2022-06-18T19:24:54.4301865Z tests/test_basic.py::test_session_cookie_setting PASSED                  [ 10%]
2022-06-18T19:24:54.4419582Z tests/test_basic.py::test_session_vary_cookie PASSED                     [ 10%]
2022-06-18T19:24:54.4447820Z tests/test_basic.py::test_flashes PASSED                                 [ 10%]
2022-06-18T19:24:54.4579844Z tests/test_basic.py::test_extended_flashing PASSED                       [ 11%]
2022-06-18T19:24:54.4614783Z tests/test_basic.py::test_request_processing PASSED                      [ 11%]
2022-06-18T19:24:54.4649657Z tests/test_basic.py::test_request_preprocessing_early_return PASSED      [ 11%]
2022-06-18T19:24:54.4684452Z tests/test_basic.py::test_after_request_processing PASSED                [ 11%]
2022-06-18T19:24:54.4721653Z tests/test_basic.py::test_teardown_request_handler PASSED                [ 11%]
2022-06-18T19:24:54.4756157Z tests/test_basic.py::test_teardown_request_handler_debug_mode PASSED     [ 12%]
2022-06-18T19:24:54.4800629Z tests/test_basic.py::test_teardown_request_handler_error PASSED          [ 12%]
2022-06-18T19:24:54.4835873Z tests/test_basic.py::test_before_after_request_order PASSED              [ 12%]
2022-06-18T19:24:54.4897485Z tests/test_basic.py::test_error_handling PASSED                          [ 12%]
2022-06-18T19:24:54.4934823Z tests/test_basic.py::test_error_handling_processing PASSED               [ 12%]
2022-06-18T19:24:54.4967782Z tests/test_basic.py::test_baseexception_error_handling PASSED            [ 13%]
2022-06-18T19:24:54.5010271Z tests/test_basic.py::test_before_request_and_routing_errors PASSED       [ 13%]
2022-06-18T19:24:54.5045198Z tests/test_basic.py::test_user_error_handling PASSED                     [ 13%]
2022-06-18T19:24:54.5102325Z tests/test_basic.py::test_http_error_subclass_handling PASSED            [ 13%]
2022-06-18T19:24:54.5149897Z tests/test_basic.py::test_errorhandler_precedence PASSED                 [ 13%]
2022-06-18T19:24:54.5201440Z tests/test_basic.py::test_trap_bad_request_key_error[False-None-True-True] PASSED [ 14%]
2022-06-18T19:24:54.5255416Z tests/test_basic.py::test_trap_bad_request_key_error[True-None-False-True] PASSED [ 14%]
2022-06-18T19:24:54.5299425Z tests/test_basic.py::test_trap_bad_request_key_error[False-True-False-False] PASSED [ 14%]
2022-06-18T19:24:54.5333430Z tests/test_basic.py::test_trapping_of_all_http_exceptions PASSED         [ 14%]
2022-06-18T19:24:54.5384624Z tests/test_basic.py::test_error_handler_after_processor_error PASSED     [ 14%]
2022-06-18T19:24:54.5420255Z tests/test_basic.py::test_enctype_debug_helper PASSED                    [ 15%]
2022-06-18T19:24:54.5545577Z tests/test_basic.py::test_response_types PASSED                          [ 15%]
2022-06-18T19:24:54.5605158Z tests/test_basic.py::test_response_type_errors PASSED                    [ 15%]
2022-06-18T19:24:54.5634511Z tests/test_basic.py::test_make_response PASSED                           [ 15%]
2022-06-18T19:24:54.5666822Z tests/test_basic.py::test_make_response_with_response_instance PASSED    [ 15%]
2022-06-18T19:24:54.5695208Z tests/test_basic.py::test_jsonify_no_prettyprint PASSED                  [ 16%]
2022-06-18T19:24:54.5723926Z tests/test_basic.py::test_jsonify_prettyprint PASSED                     [ 16%]
2022-06-18T19:24:54.5752687Z tests/test_basic.py::test_jsonify_mimetype PASSED                        [ 16%]
2022-06-18T19:24:54.5785979Z tests/test_basic.py::test_json_dump_dataclass PASSED                     [ 16%]
2022-06-18T19:24:54.5813799Z tests/test_basic.py::test_jsonify_args_and_kwargs_check PASSED           [ 16%]
2022-06-18T19:24:54.5852138Z tests/test_basic.py::test_url_generation PASSED                          [ 17%]
2022-06-18T19:24:54.5886875Z tests/test_basic.py::test_build_error_handler PASSED                     [ 17%]
2022-06-18T19:24:54.5914352Z tests/test_basic.py::test_build_error_handler_reraise PASSED             [ 17%]
2022-06-18T19:24:54.5941422Z tests/test_basic.py::test_url_for_passes_special_values_to_build_error_handler PASSED [ 17%]
2022-06-18T19:24:54.5996792Z tests/test_basic.py::test_static_files PASSED                            [ 17%]
2022-06-18T19:24:54.6029463Z tests/test_basic.py::test_static_url_path PASSED                         [ 18%]
2022-06-18T19:24:54.6062266Z tests/test_basic.py::test_static_url_path_with_ending_slash PASSED       [ 18%]
2022-06-18T19:24:54.6101585Z tests/test_basic.py::test_static_url_empty_path PASSED                   [ 18%]
2022-06-18T19:24:54.6140052Z tests/test_basic.py::test_static_url_empty_path_default PASSED           [ 18%]
2022-06-18T19:24:54.6181627Z tests/test_basic.py::test_static_folder_with_pathlib_path PASSED         [ 18%]
2022-06-18T19:24:54.6210656Z tests/test_basic.py::test_static_folder_with_ending_slash PASSED         [ 19%]
2022-06-18T19:24:54.6246362Z tests/test_basic.py::test_static_route_with_host_matching PASSED         [ 19%]
2022-06-18T19:24:54.6257136Z tests/test_basic.py::test_request_locals PASSED                          [ 19%]
2022-06-18T19:24:54.6328247Z tests/test_basic.py::test_server_name_subdomain PASSED                   [ 19%]
2022-06-18T19:24:54.6578940Z tests/test_basic.py::test_exception_propagation PASSED                   [ 20%]
2022-06-18T19:24:54.6613296Z tests/test_basic.py::test_werkzeug_passthrough_errors[None-True-True-True] PASSED [ 20%]
2022-06-18T19:24:54.6645455Z tests/test_basic.py::test_werkzeug_passthrough_errors[None-True-True-False] PASSED [ 20%]
2022-06-18T19:24:54.6680320Z tests/test_basic.py::test_werkzeug_passthrough_errors[None-True-False-True] PASSED [ 20%]
2022-06-18T19:24:54.6708381Z tests/test_basic.py::test_werkzeug_passthrough_errors[None-True-False-False] PASSED [ 20%]
2022-06-18T19:24:54.6736535Z tests/test_basic.py::test_werkzeug_passthrough_errors[None-False-True-True] PASSED [ 21%]
2022-06-18T19:24:54.6764665Z tests/test_basic.py::test_werkzeug_passthrough_errors[None-False-True-False] PASSED [ 21%]
2022-06-18T19:24:54.6792585Z tests/test_basic.py::test_werkzeug_passthrough_errors[None-False-False-True] PASSED [ 21%]
2022-06-18T19:24:54.6820631Z tests/test_basic.py::test_werkzeug_passthrough_errors[None-False-False-False] PASSED [ 21%]
2022-06-18T19:24:54.6848564Z tests/test_basic.py::test_werkzeug_passthrough_errors[True-True-True-True] PASSED [ 21%]
2022-06-18T19:24:54.6878711Z tests/test_basic.py::test_werkzeug_passthrough_errors[True-True-True-False] PASSED [ 22%]
2022-06-18T19:24:54.6906648Z tests/test_basic.py::test_werkzeug_passthrough_errors[True-True-False-True] PASSED [ 22%]
2022-06-18T19:24:54.6934645Z tests/test_basic.py::test_werkzeug_passthrough_errors[True-True-False-False] PASSED [ 22%]
2022-06-18T19:24:54.6962922Z tests/test_basic.py::test_werkzeug_passthrough_errors[True-False-True-True] PASSED [ 22%]
2022-06-18T19:24:54.6991057Z tests/test_basic.py::test_werkzeug_passthrough_errors[True-False-True-False] PASSED [ 22%]
2022-06-18T19:24:54.7019068Z tests/test_basic.py::test_werkzeug_passthrough_errors[True-False-False-True] PASSED [ 23%]
2022-06-18T19:24:54.7047197Z tests/test_basic.py::test_werkzeug_passthrough_errors[True-False-False-False] PASSED [ 23%]
2022-06-18T19:24:54.7077496Z tests/test_basic.py::test_werkzeug_passthrough_errors[False-True-True-True] PASSED [ 23%]
2022-06-18T19:24:54.7105528Z tests/test_basic.py::test_werkzeug_passthrough_errors[False-True-True-False] PASSED [ 23%]
2022-06-18T19:24:54.7133446Z tests/test_basic.py::test_werkzeug_passthrough_errors[False-True-False-True] PASSED [ 23%]
2022-06-18T19:24:54.7161474Z tests/test_basic.py::test_werkzeug_passthrough_errors[False-True-False-False] PASSED [ 24%]
2022-06-18T19:24:54.7189538Z tests/test_basic.py::test_werkzeug_passthrough_errors[False-False-True-True] PASSED [ 24%]
2022-06-18T19:24:54.7217305Z tests/test_basic.py::test_werkzeug_passthrough_errors[False-False-True-False] PASSED [ 24%]
2022-06-18T19:24:54.7245356Z tests/test_basic.py::test_werkzeug_passthrough_errors[False-False-False-True] PASSED [ 24%]
2022-06-18T19:24:54.7281544Z tests/test_basic.py::test_werkzeug_passthrough_errors[False-False-False-False] PASSED [ 24%]
2022-06-18T19:24:54.7320234Z tests/test_basic.py::test_max_content_length PASSED                      [ 25%]
2022-06-18T19:24:54.7383995Z tests/test_basic.py::test_url_processors PASSED                          [ 25%]
2022-06-18T19:24:54.7419611Z tests/test_basic.py::test_inject_blueprint_url_defaults PASSED           [ 25%]
2022-06-18T19:24:54.7456399Z tests/test_basic.py::test_nonascii_pathinfo PASSED                       [ 25%]
2022-06-18T19:24:54.7491945Z tests/test_basic.py::test_no_setup_after_first_request PASSED            [ 25%]
2022-06-18T19:24:54.7533503Z tests/test_basic.py::test_before_first_request_functions PASSED          [ 26%]
2022-06-18T19:24:54.9584143Z tests/test_basic.py::test_before_first_request_functions_concurrent PASSED [ 26%]
2022-06-18T19:24:54.9651907Z tests/test_basic.py::test_routing_redirect_debugging PASSED              [ 26%]
2022-06-18T19:24:54.9713659Z tests/test_basic.py::test_route_decorator_custom_endpoint PASSED         [ 26%]
2022-06-18T19:24:54.9759455Z tests/test_basic.py::test_preserve_only_once PASSED                      [ 26%]
2022-06-18T19:24:54.9809143Z tests/test_basic.py::test_preserve_remembers_exception PASSED            [ 27%]
2022-06-18T19:24:54.9833087Z tests/test_basic.py::test_get_method_on_g PASSED                         [ 27%]
2022-06-18T19:24:54.9856904Z tests/test_basic.py::test_g_iteration_protocol PASSED                    [ 27%]
2022-06-18T19:24:54.9895378Z tests/test_basic.py::test_subdomain_basic_support PASSED                 [ 27%]
2022-06-18T19:24:54.9926954Z tests/test_basic.py::test_subdomain_matching PASSED                      [ 27%]
2022-06-18T19:24:54.9960190Z tests/test_basic.py::test_subdomain_matching_with_ports PASSED           [ 28%]
2022-06-18T19:24:54.9996205Z tests/test_basic.py::test_subdomain_matching_other_name[False] PASSED    [ 28%]
2022-06-18T19:24:55.0032091Z tests/test_basic.py::test_subdomain_matching_other_name[True] PASSED     [ 28%]
2022-06-18T19:24:55.0082751Z tests/test_basic.py::test_multi_route_rules PASSED                       [ 28%]
2022-06-18T19:24:55.0128874Z tests/test_basic.py::test_multi_route_class_views PASSED                 [ 28%]
2022-06-18T19:24:55.0154762Z tests/test_basic.py::test_run_defaults PASSED                            [ 29%]
2022-06-18T19:24:55.0180406Z tests/test_basic.py::test_run_server_port PASSED                         [ 29%]
2022-06-18T19:24:55.0209273Z tests/test_basic.py::test_run_from_config[None-None-pocoo.org:8080-pocoo.org-8080] PASSED [ 29%]
2022-06-18T19:24:55.0237505Z tests/test_basic.py::test_run_from_config[localhost-None-pocoo.org:8080-localhost-8080] PASSED [ 29%]
2022-06-18T19:24:55.0265444Z tests/test_basic.py::test_run_from_config[None-80-pocoo.org:8080-pocoo.org-80] PASSED [ 30%]
2022-06-18T19:24:55.0293632Z tests/test_basic.py::test_run_from_config[localhost-80-pocoo.org:8080-localhost-80] PASSED [ 30%]
2022-06-18T19:24:55.0321790Z tests/test_basic.py::test_run_from_config[localhost-0-localhost:8080-localhost-0] PASSED [ 30%]
2022-06-18T19:24:55.0349768Z tests/test_basic.py::test_run_from_config[None-None-localhost:8080-localhost-8080] PASSED [ 30%]
2022-06-18T19:24:55.0380070Z tests/test_basic.py::test_run_from_config[None-None-localhost:0-localhost-0] PASSED [ 30%]
2022-06-18T19:24:55.0426889Z tests/test_basic.py::test_max_cookie_size PASSED                         [ 31%]
2022-06-18T19:24:55.0446342Z tests/test_basic.py::test_app_freed_on_zero_refcount PASSED              [ 31%]
2022-06-18T19:24:55.0506810Z tests/test_blueprints.py::test_blueprint_specific_error_handling PASSED  [ 31%]
2022-06-18T19:24:55.0555150Z tests/test_blueprints.py::test_blueprint_specific_user_error_handling PASSED [ 31%]
2022-06-18T19:24:55.0602875Z tests/test_blueprints.py::test_blueprint_app_error_handling PASSED       [ 31%]
2022-06-18T19:24:55.0640090Z tests/test_blueprints.py::test_blueprint_prefix_slash[-/-/] PASSED       [ 32%]
2022-06-18T19:24:55.0679028Z tests/test_blueprints.py::test_blueprint_prefix_slash[/--/] PASSED       [ 32%]
2022-06-18T19:24:55.0715891Z tests/test_blueprints.py::test_blueprint_prefix_slash[/-/-/] PASSED      [ 32%]
2022-06-18T19:24:55.0753453Z tests/test_blueprints.py::test_blueprint_prefix_slash[/foo--/foo] PASSED [ 32%]
2022-06-18T19:24:55.0791000Z tests/test_blueprints.py::test_blueprint_prefix_slash[/foo/--/foo/] PASSED [ 32%]
2022-06-18T19:24:55.0829060Z tests/test_blueprints.py::test_blueprint_prefix_slash[-/bar-/bar] PASSED [ 33%]
2022-06-18T19:24:55.0866725Z tests/test_blueprints.py::test_blueprint_prefix_slash[/foo/-/bar-/foo/bar] PASSED [ 33%]
2022-06-18T19:24:55.0904379Z tests/test_blueprints.py::test_blueprint_prefix_slash[/foo/-bar-/foo/bar] PASSED [ 33%]
2022-06-18T19:24:55.0942015Z tests/test_blueprints.py::test_blueprint_prefix_slash[/foo-/bar-/foo/bar] PASSED [ 33%]
2022-06-18T19:24:55.0982237Z tests/test_blueprints.py::test_blueprint_prefix_slash[/foo/-//bar-/foo/bar] PASSED [ 33%]
2022-06-18T19:24:55.1019447Z tests/test_blueprints.py::test_blueprint_prefix_slash[/foo//-/bar-/foo/bar] PASSED [ 34%]
2022-06-18T19:24:55.1090678Z tests/test_blueprints.py::test_blueprint_url_defaults PASSED             [ 34%]
2022-06-18T19:24:55.1140652Z tests/test_blueprints.py::test_blueprint_url_processors PASSED           [ 34%]
2022-06-18T19:24:55.1297050Z tests/test_blueprints.py::test_templates_and_static PASSED               [ 34%]
2022-06-18T19:24:55.1337676Z tests/test_blueprints.py::test_default_static_max_age PASSED             [ 34%]
2022-06-18T19:24:55.1394095Z tests/test_blueprints.py::test_templates_list PASSED                     [ 35%]
2022-06-18T19:24:55.1421772Z tests/test_blueprints.py::test_dotted_name_not_allowed PASSED            [ 35%]
2022-06-18T19:24:55.1461092Z tests/test_blueprints.py::test_dotted_names_from_app PASSED              [ 35%]
2022-06-18T19:24:55.1510180Z tests/test_blueprints.py::test_empty_url_defaults PASSED                 [ 35%]
2022-06-18T19:24:55.1590435Z tests/test_blueprints.py::test_route_decorator_custom_endpoint PASSED    [ 35%]
2022-06-18T19:24:55.1614636Z tests/test_blueprints.py::test_route_decorator_custom_endpoint_with_dots PASSED [ 36%]
2022-06-18T19:24:55.1659384Z tests/test_blueprints.py::test_endpoint_decorator PASSED                 [ 36%]
2022-06-18T19:24:55.1682618Z tests/test_blueprints.py::test_template_filter PASSED                    [ 36%]
2022-06-18T19:24:55.1706041Z tests/test_blueprints.py::test_add_template_filter PASSED                [ 36%]
2022-06-18T19:24:55.1729100Z tests/test_blueprints.py::test_template_filter_with_name PASSED          [ 36%]
2022-06-18T19:24:55.1752597Z tests/test_blueprints.py::test_add_template_filter_with_name PASSED      [ 37%]
2022-06-18T19:24:55.1807618Z tests/test_blueprints.py::test_template_filter_with_template PASSED      [ 37%]
2022-06-18T19:24:55.1852002Z tests/test_blueprints.py::test_template_filter_after_route_with_template PASSED [ 37%]
2022-06-18T19:24:55.1895806Z tests/test_blueprints.py::test_add_template_filter_with_template PASSED  [ 37%]
2022-06-18T19:24:55.1939438Z tests/test_blueprints.py::test_template_filter_with_name_and_template PASSED [ 37%]
2022-06-18T19:24:55.1985811Z tests/test_blueprints.py::test_add_template_filter_with_name_and_template PASSED [ 38%]
2022-06-18T19:24:55.2009054Z tests/test_blueprints.py::test_template_test PASSED                      [ 38%]
2022-06-18T19:24:55.2032348Z tests/test_blueprints.py::test_add_template_test PASSED                  [ 38%]
2022-06-18T19:24:55.2055463Z tests/test_blueprints.py::test_template_test_with_name PASSED            [ 38%]
2022-06-18T19:24:55.2078413Z tests/test_blueprints.py::test_add_template_test_with_name PASSED        [ 38%]
2022-06-18T19:24:55.2125807Z tests/test_blueprints.py::test_template_test_with_template PASSED        [ 39%]
2022-06-18T19:24:55.2171199Z tests/test_blueprints.py::test_template_test_after_route_with_template PASSED [ 39%]
2022-06-18T19:24:55.2216068Z tests/test_blueprints.py::test_add_template_test_with_template PASSED    [ 39%]
2022-06-18T19:24:55.2261606Z tests/test_blueprints.py::test_template_test_with_name_and_template PASSED [ 39%]
2022-06-18T19:24:55.2308872Z tests/test_blueprints.py::test_add_template_test_with_name_and_template PASSED [ 40%]
2022-06-18T19:24:55.2376153Z tests/test_blueprints.py::test_context_processing PASSED                 [ 40%]
2022-06-18T19:24:55.2406432Z tests/test_blueprints.py::test_template_global PASSED                    [ 40%]
2022-06-18T19:24:55.2442538Z tests/test_blueprints.py::test_request_processing PASSED                 [ 40%]
2022-06-18T19:24:55.2484986Z tests/test_blueprints.py::test_app_request_processing PASSED             [ 40%]
2022-06-18T19:24:55.2536978Z tests/test_blueprints.py::test_app_url_processors PASSED                 [ 41%]
2022-06-18T19:24:55.2636172Z tests/test_blueprints.py::test_nested_blueprint PASSED                   [ 41%]
2022-06-18T19:24:55.2690729Z tests/test_blueprints.py::test_nested_callback_order PASSED              [ 41%]
2022-06-18T19:24:55.2732311Z tests/test_blueprints.py::test_nesting_url_prefixes[/parent-/child-None-None] PASSED [ 41%]
2022-06-18T19:24:55.2770831Z tests/test_blueprints.py::test_nesting_url_prefixes[/parent-None-None-/child] PASSED [ 41%]
2022-06-18T19:24:55.2809238Z tests/test_blueprints.py::test_nesting_url_prefixes[None-None-/parent-/child] PASSED [ 42%]
2022-06-18T19:24:55.2847856Z tests/test_blueprints.py::test_nesting_url_prefixes[/other-/something-/parent-/child] PASSED [ 42%]
2022-06-18T19:24:55.2872687Z tests/test_blueprints.py::test_unique_blueprint_names PASSED             [ 42%]
2022-06-18T19:24:55.2896564Z tests/test_blueprints.py::test_self_registration PASSED                  [ 42%]
2022-06-18T19:24:55.2994131Z tests/test_blueprints.py::test_blueprint_renaming PASSED                 [ 42%]
2022-06-18T19:24:55.3030375Z tests/test_cli.py::test_cli_name PASSED                                  [ 43%]
2022-06-18T19:24:55.3154128Z tests/test_cli.py::test_find_best_app PASSED                             [ 43%]
2022-06-18T19:24:55.3167676Z tests/test_cli.py::test_prepare_import[test-path0-test] PASSED           [ 43%]
2022-06-18T19:24:55.3181070Z tests/test_cli.py::test_prepare_import[test.py-path1-test] PASSED        [ 43%]
2022-06-18T19:24:55.3194979Z tests/test_cli.py::test_prepare_import[a/test-path2-test] PASSED         [ 43%]
2022-06-18T19:24:55.3208283Z tests/test_cli.py::test_prepare_import[test/__init__.py-path3-test] PASSED [ 44%]
2022-06-18T19:24:55.3221683Z tests/test_cli.py::test_prepare_import[test/__init__-path4-test] PASSED  [ 44%]
2022-06-18T19:24:55.3236241Z tests/test_cli.py::test_prepare_import[value5-path5-cliapp.inner1] PASSED [ 44%]
2022-06-18T19:24:55.3250415Z tests/test_cli.py::test_prepare_import[value6-path6-cliapp.inner1.inner2] PASSED [ 44%]
2022-06-18T19:24:55.3263995Z tests/test_cli.py::test_prepare_import[test.a.b-path7-test.a.b] PASSED   [ 44%]
2022-06-18T19:24:55.3278361Z tests/test_cli.py::test_prepare_import[value8-path8-cliapp.app] PASSED   [ 45%]
2022-06-18T19:24:55.3292271Z tests/test_cli.py::test_prepare_import[value9-path9-cliapp.message.txt] PASSED [ 45%]
2022-06-18T19:24:55.3326580Z tests/test_cli.py::test_locate_app[cliapp.app-None-testapp] PASSED       [ 45%]
2022-06-18T19:24:55.3360065Z tests/test_cli.py::test_locate_app[cliapp.app-testapp-testapp] PASSED    [ 45%]
2022-06-18T19:24:55.3395714Z tests/test_cli.py::test_locate_app[cliapp.factory-None-app] PASSED       [ 45%]
2022-06-18T19:24:55.3429112Z tests/test_cli.py::test_locate_app[cliapp.factory-create_app-app] PASSED [ 46%]
2022-06-18T19:24:55.3464972Z tests/test_cli.py::test_locate_app[cliapp.factory-create_app()-app] PASSED [ 46%]
2022-06-18T19:24:55.3498382Z tests/test_cli.py::test_locate_app[cliapp.factory-create_app2("foo", "bar")-app2_foo_bar] PASSED [ 46%]
2022-06-18T19:24:55.3532107Z tests/test_cli.py::test_locate_app[cliapp.factory-create_app2("foo", "bar", )-app2_foo_bar] PASSED [ 46%]
2022-06-18T19:24:55.3565735Z tests/test_cli.py::test_locate_app[cliapp.factory- create_app () -app] PASSED [ 46%]
2022-06-18T19:24:55.3586394Z tests/test_cli.py::test_locate_app_raises[notanapp.py-None] PASSED       [ 47%]
2022-06-18T19:24:55.3606826Z tests/test_cli.py::test_locate_app_raises[cliapp/app-None] PASSED        [ 47%]
2022-06-18T19:24:55.3640011Z tests/test_cli.py::test_locate_app_raises[cliapp.app-notanapp] PASSED    [ 47%]
2022-06-18T19:24:55.3659476Z tests/test_cli.py::test_locate_app_raises[cliapp.factory-create_app2("foo")] PASSED [ 47%]
2022-06-18T19:24:55.3678732Z tests/test_cli.py::test_locate_app_raises[cliapp.factory-create_app(] PASSED [ 47%]
2022-06-18T19:24:55.3698130Z tests/test_cli.py::test_locate_app_raises[cliapp.factory-no_app] PASSED  [ 48%]
2022-06-18T19:24:55.3722141Z tests/test_cli.py::test_locate_app_raises[cliapp.importerrorapp-None] PASSED [ 48%]
2022-06-18T19:24:55.3740072Z tests/test_cli.py::test_locate_app_raises[cliapp.message.txt-None] PASSED [ 48%]
2022-06-18T19:24:55.3763481Z tests/test_cli.py::test_locate_app_suppress_raise PASSED                 [ 48%]
2022-06-18T19:24:55.3780268Z tests/test_cli.py::test_get_version PASSED                               [ 48%]
2022-06-18T19:24:55.3855516Z tests/test_cli.py::test_scriptinfo PASSED                                [ 49%]
2022-06-18T19:24:55.3869700Z tests/test_cli.py::test_lazy_load_error PASSED                           [ 49%]
2022-06-18T19:24:55.3924038Z tests/test_cli.py::test_app_cli_has_app_context PASSED                   [ 49%]
2022-06-18T19:24:55.3952401Z tests/test_cli.py::test_with_appcontext PASSED                           [ 49%]
2022-06-18T19:24:55.3990487Z tests/test_cli.py::test_appgroup_app_context PASSED                      [ 50%]
2022-06-18T19:24:55.4038541Z tests/test_cli.py::test_flaskgroup_app_context PASSED                    [ 50%]
2022-06-18T19:24:55.4084302Z tests/test_cli.py::test_flaskgroup_debug[True] PASSED                    [ 50%]
2022-06-18T19:24:55.4140402Z tests/test_cli.py::test_flaskgroup_debug[False] PASSED                   [ 50%]
2022-06-18T19:24:55.4188641Z tests/test_cli.py::test_flaskgroup_nested PASSED                         [ 50%]
2022-06-18T19:24:55.4232321Z tests/test_cli.py::test_no_command_echo_loading_error PASSED             [ 51%]
2022-06-18T19:24:55.4263557Z tests/test_cli.py::test_help_echo_loading_error PASSED                   [ 51%]
2022-06-18T19:24:55.4308379Z tests/test_cli.py::test_help_echo_exception PASSED                       [ 51%]
2022-06-18T19:24:55.4365419Z tests/test_cli.py::TestRoutes::test_simple PASSED                        [ 51%]
2022-06-18T19:24:55.4534659Z tests/test_cli.py::TestRoutes::test_sort PASSED                          [ 51%]
2022-06-18T19:24:55.4618343Z tests/test_cli.py::TestRoutes::test_all_methods PASSED                   [ 52%]
2022-06-18T19:24:55.4655718Z tests/test_cli.py::TestRoutes::test_no_routes PASSED                     [ 52%]
2022-06-18T19:24:55.4676184Z tests/test_cli.py::test_load_dotenv PASSED                               [ 52%]
2022-06-18T19:24:55.4692989Z tests/test_cli.py::test_dotenv_path PASSED                               [ 52%]
2022-06-18T19:24:55.4705468Z tests/test_cli.py::test_dotenv_optional PASSED                           [ 52%]
2022-06-18T19:24:55.4746368Z tests/test_cli.py::test_disable_dotenv_from_env PASSED                   [ 53%]
2022-06-18T19:24:55.4778415Z tests/test_cli.py::test_run_cert_path PASSED                             [ 53%]
2022-06-18T19:24:55.4805717Z tests/test_cli.py::test_run_cert_adhoc PASSED                            [ 53%]
2022-06-18T19:24:55.4851509Z tests/test_cli.py::test_run_cert_import PASSED                           [ 53%]
2022-06-18T19:24:55.4866651Z tests/test_cli.py::test_run_cert_no_ssl PASSED                           [ 53%]
2022-06-18T19:24:55.4924903Z tests/test_cli.py::test_cli_blueprints PASSED                            [ 54%]
2022-06-18T19:24:55.4957034Z tests/test_cli.py::test_cli_empty PASSED                                 [ 54%]
2022-06-18T19:24:55.4994292Z tests/test_config.py::test_config_from_pyfile PASSED                     [ 54%]
2022-06-18T19:24:55.5012948Z tests/test_config.py::test_config_from_object PASSED                     [ 54%]
2022-06-18T19:24:55.5032010Z tests/test_config.py::test_config_from_file PASSED                       [ 54%]
2022-06-18T19:24:55.5051803Z tests/test_config.py::test_from_prefixed_env PASSED                      [ 55%]
2022-06-18T19:24:55.5073365Z tests/test_config.py::test_from_prefixed_env_custom_prefix PASSED        [ 55%]
2022-06-18T19:24:55.5092728Z tests/test_config.py::test_from_prefixed_env_nested PASSED               [ 55%]
2022-06-18T19:24:55.5137039Z tests/test_config.py::test_config_from_mapping PASSED                    [ 55%]
2022-06-18T19:24:55.5156281Z tests/test_config.py::test_config_from_class PASSED                      [ 55%]
2022-06-18T19:24:55.5192444Z tests/test_config.py::test_config_from_envvar PASSED                     [ 56%]
2022-06-18T19:24:55.5211427Z tests/test_config.py::test_config_from_envvar_missing PASSED             [ 56%]
2022-06-18T19:24:55.5230667Z tests/test_config.py::test_config_missing PASSED                         [ 56%]
2022-06-18T19:24:55.5251733Z tests/test_config.py::test_config_missing_file PASSED                    [ 56%]
2022-06-18T19:24:55.5270742Z tests/test_config.py::test_custom_config_class PASSED                    [ 56%]
2022-06-18T19:24:55.5289332Z tests/test_config.py::test_session_lifetime PASSED                       [ 57%]
2022-06-18T19:24:55.5307881Z tests/test_config.py::test_send_file_max_age PASSED                      [ 57%]
2022-06-18T19:24:55.5326421Z tests/test_config.py::test_get_namespace PASSED                          [ 57%]
2022-06-18T19:24:55.5356641Z tests/test_config.py::test_from_pyfile_weird_encoding[utf-8] PASSED      [ 57%]
2022-06-18T19:24:55.5665767Z tests/test_config.py::test_from_pyfile_weird_encoding[iso-8859-15] PASSED [ 57%]
2022-06-18T19:24:55.5691474Z tests/test_config.py::test_from_pyfile_weird_encoding[latin-1] PASSED    [ 58%]
2022-06-18T19:24:55.5735982Z tests/test_converters.py::test_custom_converters PASSED                  [ 58%]
2022-06-18T19:24:55.5778109Z tests/test_converters.py::test_context_available PASSED                  [ 58%]
2022-06-18T19:24:55.5810482Z tests/test_helpers.py::TestSendfile::test_send_file PASSED               [ 58%]
2022-06-18T19:24:55.5868120Z tests/test_helpers.py::TestSendfile::test_static_file PASSED             [ 58%]
2022-06-18T19:24:55.5899171Z tests/test_helpers.py::TestSendfile::test_send_from_directory PASSED     [ 59%]
2022-06-18T19:24:55.5932055Z tests/test_helpers.py::TestUrlFor::test_url_for_with_anchor PASSED       [ 59%]
2022-06-18T19:24:55.5967315Z tests/test_helpers.py::TestUrlFor::test_url_for_with_scheme PASSED       [ 59%]
2022-06-18T19:24:55.6000029Z tests/test_helpers.py::TestUrlFor::test_url_for_with_scheme_not_external PASSED [ 59%]
2022-06-18T19:24:55.6033062Z tests/test_helpers.py::TestUrlFor::test_url_for_with_alternating_schemes PASSED [ 60%]
2022-06-18T19:24:55.6079789Z tests/test_helpers.py::TestUrlFor::test_url_with_method PASSED           [ 60%]
2022-06-18T19:24:55.6091086Z tests/test_helpers.py::test_redirect_no_app PASSED                       [ 60%]
2022-06-18T19:24:55.6114974Z tests/test_helpers.py::test_redirect_with_app PASSED                     [ 60%]
2022-06-18T19:24:55.6126181Z tests/test_helpers.py::test_abort_no_app PASSED                          [ 60%]
2022-06-18T19:24:55.6145478Z tests/test_helpers.py::test_app_aborter_class PASSED                     [ 61%]
2022-06-18T19:24:55.6171502Z tests/test_helpers.py::test_abort_with_app PASSED                        [ 61%]
2022-06-18T19:24:55.6203151Z tests/test_helpers.py::TestNoImports::test_name_with_import_error PASSED [ 61%]
2022-06-18T19:24:55.6243588Z tests/test_helpers.py::TestStreaming::test_streaming_with_context PASSED [ 61%]
2022-06-18T19:24:55.6279781Z tests/test_helpers.py::TestStreaming::test_streaming_with_context_as_decorator PASSED [ 61%]
2022-06-18T19:24:55.6316300Z tests/test_helpers.py::TestStreaming::test_streaming_with_context_and_custom_close PASSED [ 62%]
2022-06-18T19:24:55.6356523Z tests/test_helpers.py::TestStreaming::test_stream_keeps_session PASSED   [ 62%]
2022-06-18T19:24:55.6369721Z tests/test_helpers.py::TestHelpers::test_get_debug_flag[-False-False] PASSED [ 62%]
2022-06-18T19:24:55.6382703Z tests/test_helpers.py::TestHelpers::test_get_debug_flag[0-False-False] PASSED [ 62%]
2022-06-18T19:24:55.6396150Z tests/test_helpers.py::TestHelpers::test_get_debug_flag[False-False-False] PASSED [ 62%]
2022-06-18T19:24:55.6409169Z tests/test_helpers.py::TestHelpers::test_get_debug_flag[No-False-False] PASSED [ 63%]
2022-06-18T19:24:55.6422129Z tests/test_helpers.py::TestHelpers::test_get_debug_flag[True-True-True] PASSED [ 63%]
2022-06-18T19:24:55.6435502Z tests/test_helpers.py::TestHelpers::test_get_env[-production-False] PASSED [ 63%]
2022-06-18T19:24:55.6448474Z tests/test_helpers.py::TestHelpers::test_get_env[production-production-False] PASSED [ 63%]
2022-06-18T19:24:55.6461457Z tests/test_helpers.py::TestHelpers::test_get_env[development-development-True] PASSED [ 63%]
2022-06-18T19:24:55.6474862Z tests/test_helpers.py::TestHelpers::test_get_env[other-other-False] PASSED [ 64%]
2022-06-18T19:24:55.6506079Z tests/test_helpers.py::TestHelpers::test_make_response PASSED            [ 64%]
2022-06-18T19:24:55.6526272Z tests/test_helpers.py::TestHelpers::test_open_resource[r] PASSED         [ 64%]
2022-06-18T19:24:55.6546287Z tests/test_helpers.py::TestHelpers::test_open_resource[rb] PASSED        [ 64%]
2022-06-18T19:24:55.6566269Z tests/test_helpers.py::TestHelpers::test_open_resource[rt] PASSED        [ 64%]
2022-06-18T19:24:55.6586046Z tests/test_helpers.py::TestHelpers::test_open_resource_exceptions[w] PASSED [ 65%]
2022-06-18T19:24:55.6605672Z tests/test_helpers.py::TestHelpers::test_open_resource_exceptions[x] PASSED [ 65%]
2022-06-18T19:24:55.6625458Z tests/test_helpers.py::TestHelpers::test_open_resource_exceptions[a] PASSED [ 65%]
2022-06-18T19:24:55.6645834Z tests/test_helpers.py::TestHelpers::test_open_resource_exceptions[r+] PASSED [ 65%]
2022-06-18T19:24:55.6671214Z tests/test_instance_config.py::test_explicit_instance_paths PASSED       [ 65%]
2022-06-18T19:24:55.6705423Z tests/test_instance_config.py::test_uninstalled_module_paths PASSED      [ 66%]
2022-06-18T19:24:55.6736907Z tests/test_instance_config.py::test_uninstalled_package_paths PASSED     [ 66%]
2022-06-18T19:24:55.6778350Z tests/test_instance_config.py::test_uninstalled_namespace_paths PASSED   [ 66%]
2022-06-18T19:24:55.6812954Z tests/test_instance_config.py::test_installed_module_paths[True] PASSED  [ 66%]
2022-06-18T19:24:55.6847131Z tests/test_instance_config.py::test_installed_module_paths[False] PASSED [ 66%]
2022-06-18T19:24:55.6880867Z tests/test_instance_config.py::test_installed_package_paths[True] PASSED [ 67%]
2022-06-18T19:24:55.6914348Z tests/test_instance_config.py::test_installed_package_paths[False] PASSED [ 67%]
2022-06-18T19:24:55.6949386Z tests/test_instance_config.py::test_prefix_package_paths[True] PASSED    [ 67%]
2022-06-18T19:24:55.6986281Z tests/test_instance_config.py::test_prefix_package_paths[False] PASSED   [ 67%]
2022-06-18T19:24:57.0805862Z tests/test_instance_config.py::test_egg_installed_paths PASSED           [ 67%]
2022-06-18T19:24:57.0850481Z tests/test_json.py::test_bad_request_debug_message[True] PASSED          [ 68%]
2022-06-18T19:24:57.0889791Z tests/test_json.py::test_bad_request_debug_message[False] PASSED         [ 68%]
2022-06-18T19:24:57.0930220Z tests/test_json.py::test_json_bad_requests PASSED                        [ 68%]
2022-06-18T19:24:57.0967164Z tests/test_json.py::test_json_custom_mimetypes PASSED                    [ 68%]
2022-06-18T19:24:57.0993362Z tests/test_json.py::test_json_as_unicode[True-"\\u2603"] PASSED          [ 68%]
2022-06-18T19:24:57.1018590Z tests/test_json.py::test_json_as_unicode[False-"\u2603"] PASSED          [ 69%]
2022-06-18T19:24:57.1043337Z tests/test_json.py::test_json_dump_to_file PASSED                        [ 69%]
2022-06-18T19:24:57.1081438Z tests/test_json.py::test_jsonify_basic_types[0] PASSED                   [ 69%]
2022-06-18T19:24:57.1118424Z tests/test_json.py::test_jsonify_basic_types[-1] PASSED                  [ 69%]
2022-06-18T19:24:57.1154957Z tests/test_json.py::test_jsonify_basic_types[1] PASSED                   [ 70%]
2022-06-18T19:24:57.1194423Z tests/test_json.py::test_jsonify_basic_types[23] PASSED                  [ 70%]
2022-06-18T19:24:57.1231208Z tests/test_json.py::test_jsonify_basic_types[3.14] PASSED                [ 70%]
2022-06-18T19:24:57.1268254Z tests/test_json.py::test_jsonify_basic_types[s] PASSED                   [ 70%]
2022-06-18T19:24:57.1305033Z tests/test_json.py::test_jsonify_basic_types[longer string] PASSED       [ 70%]
2022-06-18T19:24:57.1341460Z tests/test_json.py::test_jsonify_basic_types[True] PASSED                [ 71%]
2022-06-18T19:24:57.1378180Z tests/test_json.py::test_jsonify_basic_types[False] PASSED               [ 71%]
2022-06-18T19:24:57.1414659Z tests/test_json.py::test_jsonify_basic_types[None] PASSED                [ 71%]
2022-06-18T19:24:57.1462462Z tests/test_json.py::test_jsonify_dicts PASSED                            [ 71%]
2022-06-18T19:24:57.1513183Z tests/test_json.py::test_jsonify_arrays PASSED                           [ 71%]
2022-06-18T19:24:57.1550046Z tests/test_json.py::test_jsonify_datetime[value0] PASSED                 [ 72%]
2022-06-18T19:24:57.1586609Z tests/test_json.py::test_jsonify_datetime[value1] PASSED                 [ 72%]
2022-06-18T19:24:57.1598883Z tests/test_json.py::test_jsonify_aware_datetimes[tz0] PASSED             [ 72%]
2022-06-18T19:24:57.1611016Z tests/test_json.py::test_jsonify_aware_datetimes[tz1] PASSED             [ 72%]
2022-06-18T19:24:57.1623051Z tests/test_json.py::test_jsonify_aware_datetimes[tz2] PASSED             [ 72%]
2022-06-18T19:24:57.1660866Z tests/test_json.py::test_jsonify_uuid_types PASSED                       [ 73%]
2022-06-18T19:24:57.1672040Z tests/test_json.py::test_json_decimal PASSED                             [ 73%]
2022-06-18T19:24:57.1709769Z tests/test_json.py::test_json_attr PASSED                                [ 73%]
2022-06-18T19:24:57.1748576Z tests/test_json.py::test_tojson_filter PASSED                            [ 73%]
2022-06-18T19:24:57.1788166Z tests/test_json.py::test_json_customization PASSED                       [ 73%]
2022-06-18T19:24:57.1826615Z tests/test_json.py::test_blueprint_json_customization PASSED             [ 74%]
2022-06-18T19:24:57.1864016Z tests/test_json.py::test_modified_url_encoding PASSED                    [ 74%]
2022-06-18T19:24:57.1900267Z tests/test_json.py::test_json_key_sorting PASSED                         [ 74%]
2022-06-18T19:24:57.1912291Z tests/test_json.py::test_html_method PASSED                              [ 74%]
2022-06-18T19:24:57.1924922Z tests/test_json_tag.py::test_dump_load_unchanged[data0] PASSED           [ 74%]
2022-06-18T19:24:57.1937320Z tests/test_json_tag.py::test_dump_load_unchanged[data1] PASSED           [ 75%]
2022-06-18T19:24:57.1949896Z tests/test_json_tag.py::test_dump_load_unchanged[data2] PASSED           [ 75%]
2022-06-18T19:24:57.1962345Z tests/test_json_tag.py::test_dump_load_unchanged[data3] PASSED           [ 75%]
2022-06-18T19:24:57.1974702Z tests/test_json_tag.py::test_dump_load_unchanged[data4] PASSED           [ 75%]
2022-06-18T19:24:57.1987356Z tests/test_json_tag.py::test_dump_load_unchanged[data5] PASSED           [ 75%]
2022-06-18T19:24:57.1999639Z tests/test_json_tag.py::test_dump_load_unchanged[\xff] PASSED            [ 76%]
2022-06-18T19:24:57.2012214Z tests/test_json_tag.py::test_dump_load_unchanged[<html>] PASSED          [ 76%]
2022-06-18T19:24:57.2026868Z tests/test_json_tag.py::test_dump_load_unchanged[data8] PASSED           [ 76%]
2022-06-18T19:24:57.2039422Z tests/test_json_tag.py::test_dump_load_unchanged[data9] PASSED           [ 76%]
2022-06-18T19:24:57.2050945Z tests/test_json_tag.py::test_duplicate_tag PASSED                        [ 76%]
2022-06-18T19:24:57.2063206Z tests/test_json_tag.py::test_custom_tag PASSED                           [ 77%]
2022-06-18T19:24:57.2074504Z tests/test_json_tag.py::test_tag_interface PASSED                        [ 77%]
2022-06-18T19:24:57.2086246Z tests/test_json_tag.py::test_tag_order PASSED                            [ 77%]
2022-06-18T19:24:57.2117137Z tests/test_logging.py::test_logger PASSED                                [ 77%]
2022-06-18T19:24:57.2146976Z tests/test_logging.py::test_logger_debug PASSED                          [ 77%]
2022-06-18T19:24:57.2176515Z tests/test_logging.py::test_existing_handler PASSED                      [ 78%]
2022-06-18T19:24:57.2222796Z tests/test_logging.py::test_wsgi_errors_stream PASSED                    [ 78%]
2022-06-18T19:24:57.2240654Z tests/test_logging.py::test_has_level_handler PASSED                     [ 78%]
2022-06-18T19:24:57.2288805Z tests/test_logging.py::test_log_view_exception PASSED                    [ 78%]
2022-06-18T19:24:57.2334946Z tests/test_regression.py::test_aborting PASSED                           [ 78%]
2022-06-18T19:24:57.2362637Z tests/test_reqctx.py::test_teardown_on_pop PASSED                        [ 79%]
2022-06-18T19:24:57.2393264Z tests/test_reqctx.py::test_teardown_with_previous_exception PASSED       [ 79%]
2022-06-18T19:24:57.2420176Z tests/test_reqctx.py::test_teardown_with_handled_exception PASSED        [ 79%]
2022-06-18T19:24:57.2469595Z tests/test_reqctx.py::test_proper_test_request_context PASSED            [ 79%]
2022-06-18T19:24:57.2509557Z tests/test_reqctx.py::test_context_binding PASSED                        [ 80%]
2022-06-18T19:24:57.2537034Z tests/test_reqctx.py::test_context_test PASSED                           [ 80%]
2022-06-18T19:24:57.2571248Z tests/test_reqctx.py::test_manual_context_binding PASSED                 [ 80%]
2022-06-18T19:24:57.2612021Z tests/test_reqctx.py::TestGreenletContextCopying::test_greenlet_context_copying PASSED [ 80%]
2022-06-18T19:24:57.2652213Z tests/test_reqctx.py::TestGreenletContextCopying::test_greenlet_context_copying_api PASSED [ 80%]
2022-06-18T19:24:57.2689148Z tests/test_reqctx.py::test_session_error_pops_context PASSED             [ 81%]
2022-06-18T19:24:57.2769728Z tests/test_reqctx.py::test_session_dynamic_cookie_name PASSED            [ 81%]
2022-06-18T19:24:57.2804661Z tests/test_reqctx.py::test_bad_environ_raises_bad_request PASSED         [ 81%]
2022-06-18T19:24:57.2912542Z tests/test_reqctx.py::test_environ_for_valid_idna_completes PASSED       [ 81%]
2022-06-18T19:24:57.2943063Z tests/test_reqctx.py::test_normal_environ_completes PASSED               [ 81%]
2022-06-18T19:24:57.2973698Z tests/test_session_interface.py::test_open_session_with_endpoint PASSED  [ 82%]
2022-06-18T19:24:57.3028644Z tests/test_signals.py::test_template_rendered PASSED                     [ 82%]
2022-06-18T19:24:57.3065415Z tests/test_signals.py::test_before_render_template PASSED                [ 82%]
2022-06-18T19:24:57.3094122Z tests/test_signals.py::test_request_signals PASSED                       [ 82%]
2022-06-18T19:24:57.3126655Z tests/test_signals.py::test_request_exception_signal PASSED              [ 82%]
2022-06-18T19:24:57.3155146Z tests/test_signals.py::test_appcontext_signals PASSED                    [ 83%]
2022-06-18T19:24:57.3201697Z tests/test_signals.py::test_flash_signal PASSED                          [ 83%]
2022-06-18T19:24:57.3233853Z tests/test_signals.py::test_appcontext_tearing_down_signal PASSED        [ 83%]
2022-06-18T19:24:57.3263476Z tests/test_subclassing.py::test_suppressed_exception_logging PASSED      [ 83%]
2022-06-18T19:24:57.3310636Z tests/test_templating.py::test_context_processing PASSED                 [ 83%]
2022-06-18T19:24:57.3351741Z tests/test_templating.py::test_original_win PASSED                       [ 84%]
2022-06-18T19:24:57.3392332Z tests/test_templating.py::test_simple_stream PASSED                      [ 84%]
2022-06-18T19:24:57.3424704Z tests/test_templating.py::test_request_less_rendering PASSED             [ 84%]
2022-06-18T19:24:57.3476444Z tests/test_templating.py::test_standard_context PASSED                   [ 84%]
2022-06-18T19:24:57.3531136Z tests/test_templating.py::test_escaping PASSED                           [ 84%]
2022-06-18T19:24:57.3585191Z tests/test_templating.py::test_no_escaping PASSED                        [ 85%]
2022-06-18T19:24:57.3626331Z tests/test_templating.py::test_escaping_without_template_filename PASSED [ 85%]
2022-06-18T19:24:57.3664677Z tests/test_templating.py::test_macros PASSED                             [ 85%]
2022-06-18T19:24:57.3687673Z tests/test_templating.py::test_template_filter PASSED                    [ 85%]
2022-06-18T19:24:57.3713878Z tests/test_templating.py::test_add_template_filter PASSED                [ 85%]
2022-06-18T19:24:57.3736981Z tests/test_templating.py::test_template_filter_with_name PASSED          [ 86%]
2022-06-18T19:24:57.3759932Z tests/test_templating.py::test_add_template_filter_with_name PASSED      [ 86%]
2022-06-18T19:24:57.3803169Z tests/test_templating.py::test_template_filter_with_template PASSED      [ 86%]
2022-06-18T19:24:57.3846178Z tests/test_templating.py::test_add_template_filter_with_template PASSED  [ 86%]
2022-06-18T19:24:57.3891595Z tests/test_templating.py::test_template_filter_with_name_and_template PASSED [ 86%]
2022-06-18T19:24:57.3934507Z tests/test_templating.py::test_add_template_filter_with_name_and_template PASSED [ 87%]
2022-06-18T19:24:57.3957634Z tests/test_templating.py::test_template_test PASSED                      [ 87%]
2022-06-18T19:24:57.3981065Z tests/test_templating.py::test_add_template_test PASSED                  [ 87%]
2022-06-18T19:24:57.4004283Z tests/test_templating.py::test_template_test_with_name PASSED            [ 87%]
2022-06-18T19:24:57.4027560Z tests/test_templating.py::test_add_template_test_with_name PASSED        [ 87%]
2022-06-18T19:24:57.4074079Z tests/test_templating.py::test_template_test_with_template PASSED        [ 88%]
2022-06-18T19:24:57.4118499Z tests/test_templating.py::test_add_template_test_with_template PASSED    [ 88%]
2022-06-18T19:24:57.4162849Z tests/test_templating.py::test_template_test_with_name_and_template PASSED [ 88%]
2022-06-18T19:24:57.4207137Z tests/test_templating.py::test_add_template_test_with_name_and_template PASSED [ 88%]
2022-06-18T19:24:57.4238101Z tests/test_templating.py::test_add_template_global PASSED                [ 88%]
2022-06-18T19:24:57.4286032Z tests/test_templating.py::test_custom_template_loader PASSED             [ 89%]
2022-06-18T19:24:57.4328445Z tests/test_templating.py::test_iterable_loader PASSED                    [ 89%]
2022-06-18T19:24:57.4385588Z tests/test_templating.py::test_templates_auto_reload PASSED              [ 89%]
2022-06-18T19:24:57.4416336Z tests/test_templating.py::test_templates_auto_reload_debug_run PASSED    [ 89%]
2022-06-18T19:24:57.4477018Z tests/test_templating.py::test_template_loader_debugging PASSED          [ 90%]
2022-06-18T19:24:57.4496815Z tests/test_templating.py::test_custom_jinja_env PASSED                   [ 90%]
2022-06-18T19:24:57.4542918Z tests/test_testing.py::test_environ_defaults_from_config PASSED          [ 90%]
2022-06-18T19:24:57.4586773Z tests/test_testing.py::test_environ_defaults PASSED                      [ 90%]
2022-06-18T19:24:57.4622659Z tests/test_testing.py::test_environ_base_default PASSED                  [ 90%]
2022-06-18T19:24:57.4664610Z tests/test_testing.py::test_environ_base_modified PASSED                 [ 91%]
2022-06-18T19:24:57.4708252Z tests/test_testing.py::test_client_open_environ PASSED                   [ 91%]
2022-06-18T19:24:57.4746666Z tests/test_testing.py::test_specify_url_scheme PASSED                    [ 91%]
2022-06-18T19:24:57.4771570Z tests/test_testing.py::test_path_is_url PASSED                           [ 91%]
2022-06-18T19:24:57.4797044Z tests/test_testing.py::test_environbuilder_json_dumps PASSED             [ 91%]
2022-06-18T19:24:57.4834288Z tests/test_testing.py::test_blueprint_with_subdomain PASSED              [ 92%]
2022-06-18T19:24:57.4907942Z tests/test_testing.py::test_redirect_keep_session PASSED                 [ 92%]
2022-06-18T19:24:57.4961553Z tests/test_testing.py::test_session_transactions PASSED                  [ 92%]
2022-06-18T19:24:57.4984178Z tests/test_testing.py::test_session_transactions_no_null_sessions PASSED [ 92%]
2022-06-18T19:24:57.5026074Z tests/test_testing.py::test_session_transactions_keep_context PASSED     [ 92%]
2022-06-18T19:24:57.5052387Z tests/test_testing.py::test_session_transaction_needs_cookies PASSED     [ 93%]
2022-06-18T19:24:57.5102186Z tests/test_testing.py::test_test_client_context_binding PASSED           [ 93%]
2022-06-18T19:24:57.5140880Z tests/test_testing.py::test_reuse_client PASSED                          [ 93%]
2022-06-18T19:24:57.5193262Z tests/test_testing.py::test_test_client_calls_teardown_handlers PASSED   [ 93%]
2022-06-18T19:24:57.5240081Z tests/test_testing.py::test_full_url_request PASSED                      [ 93%]
2022-06-18T19:24:57.5275412Z tests/test_testing.py::test_json_request_and_response PASSED             [ 94%]
2022-06-18T19:24:57.5319395Z tests/test_testing.py::test_client_json_no_app_context PASSED            [ 94%]
2022-06-18T19:24:57.5359466Z tests/test_testing.py::test_subdomain PASSED                             [ 94%]
2022-06-18T19:24:57.5408286Z tests/test_testing.py::test_nosubdomain PASSED                           [ 94%]
2022-06-18T19:24:57.5431697Z tests/test_testing.py::test_cli_runner_class PASSED                      [ 94%]
2022-06-18T19:24:57.5467070Z tests/test_testing.py::test_cli_invoke PASSED                            [ 95%]
2022-06-18T19:24:57.5495741Z tests/test_testing.py::test_cli_custom_obj PASSED                        [ 95%]
2022-06-18T19:24:57.5539395Z tests/test_testing.py::test_client_pop_all_preserved PASSED              [ 95%]
2022-06-18T19:24:57.5601390Z tests/test_user_error_handler.py::test_error_handler_no_match PASSED     [ 95%]
2022-06-18T19:24:57.5671265Z tests/test_user_error_handler.py::test_error_handler_subclass PASSED     [ 95%]
2022-06-18T19:24:57.5726731Z tests/test_user_error_handler.py::test_error_handler_http_subclass PASSED [ 96%]
2022-06-18T19:24:57.5775742Z tests/test_user_error_handler.py::test_error_handler_blueprint PASSED    [ 96%]
2022-06-18T19:24:57.5849358Z tests/test_user_error_handler.py::test_default_error_handler PASSED      [ 96%]
2022-06-18T19:24:57.5924708Z tests/test_user_error_handler.py::TestGenericHandlers::test_handle_class_or_code[InternalServerError] PASSED [ 96%]
2022-06-18T19:24:57.5995443Z tests/test_user_error_handler.py::TestGenericHandlers::test_handle_class_or_code[500] PASSED [ 96%]
2022-06-18T19:24:57.6060030Z tests/test_user_error_handler.py::TestGenericHandlers::test_handle_generic_http PASSED [ 97%]
2022-06-18T19:24:57.6126634Z tests/test_user_error_handler.py::TestGenericHandlers::test_handle_generic PASSED [ 97%]
2022-06-18T19:24:57.6183818Z tests/test_views.py::test_basic_view PASSED                              [ 97%]
2022-06-18T19:24:57.6238078Z tests/test_views.py::test_method_based_view PASSED                       [ 97%]
2022-06-18T19:24:57.6291836Z tests/test_views.py::test_view_patching PASSED                           [ 97%]
2022-06-18T19:24:57.6331275Z tests/test_views.py::test_view_inheritance PASSED                        [ 98%]
2022-06-18T19:24:57.6366815Z tests/test_views.py::test_view_decorators PASSED                         [ 98%]
2022-06-18T19:24:57.6428853Z tests/test_views.py::test_view_provide_automatic_options_attr PASSED     [ 98%]
2022-06-18T19:24:57.6473031Z tests/test_views.py::test_implicit_head PASSED                           [ 98%]
2022-06-18T19:24:57.6514521Z tests/test_views.py::test_explicit_head PASSED                           [ 98%]
2022-06-18T19:24:57.6571627Z tests/test_views.py::test_endpoint_override PASSED                       [ 99%]
2022-06-18T19:24:57.6613037Z tests/test_views.py::test_methods_var_inheritance PASSED                 [ 99%]
2022-06-18T19:24:57.6658120Z tests/test_views.py::test_multiple_inheritance PASSED                    [ 99%]
2022-06-18T19:24:57.6700233Z tests/test_views.py::test_remove_method_from_parent PASSED               [ 99%]
2022-06-18T19:24:57.6885055Z tests/test_views.py::test_init_once PASSED                               [100%]
2022-06-18T19:24:57.6885306Z 
2022-06-18T19:24:57.6885482Z ============================= 490 passed in 4.65s ==============================
2022-06-18T19:24:57.7518130Z ___________________________________ summary ____________________________________
2022-06-18T19:24:57.7518447Z   py310: commands succeeded
2022-06-18T19:24:57.7518692Z   congratulations :)
2022-06-18T19:24:57.7799681Z Post job cleanup.
2022-06-18T19:24:57.9118622Z Cache hit occurred on the primary key setup-python-Linux-python-3.10.5-pip-7b364529f2a9554f563f31235f9e6c795c6af267c66f55251bf9825c1dd2fd66, not saving cache.
2022-06-18T19:24:57.9203778Z Post job cleanup.
2022-06-18T19:24:58.0402214Z [command]/usr/bin/git version
2022-06-18T19:24:58.0451973Z git version 2.36.1
2022-06-18T19:24:58.0496129Z Temporarily overriding HOME='/home/runner/work/_temp/d13ea205-3e84-470f-af51-88b873e40a44' before making global git config changes
2022-06-18T19:24:58.0497375Z Adding repository directory to the temporary git global config as a safe directory
2022-06-18T19:24:58.0501505Z [command]/usr/bin/git config --global --add safe.directory /home/runner/work/flask/flask
2022-06-18T19:24:58.0543326Z [command]/usr/bin/git config --local --name-only --get-regexp core\.sshCommand
2022-06-18T19:24:58.0580496Z [command]/usr/bin/git submodule foreach --recursive git config --local --name-only --get-regexp 'core\.sshCommand' && git config --local --unset-all 'core.sshCommand' || :
2022-06-18T19:24:58.0820680Z [command]/usr/bin/git config --local --name-only --get-regexp http\.https\:\/\/github\.com\/\.extraheader
2022-06-18T19:24:58.0851688Z http.https://github.com/.extraheader
2022-06-18T19:24:58.0861972Z [command]/usr/bin/git config --local --unset-all http.https://github.com/.extraheader
2022-06-18T19:24:58.0898025Z [command]/usr/bin/git submodule foreach --recursive git config --local --name-only --get-regexp 'http\.https\:\/\/github\.com\/\.extraheader' && git config --local --unset-all 'http.https://github.com/.extraheader' || :
2022-06-18T19:24:58.1348764Z Cleaning up orphan processes