2022-05-29T13:45:56.7329911Z Requested labels: ubuntu-latest
2022-05-29T13:45:56.7329958Z Job defined at: Binaryify/NeteaseCloudMusicApi/.github/workflows/node.js.yml@refs/heads/master
2022-05-29T13:45:56.7329980Z Waiting for a runner to pick up this job...
2022-05-29T13:45:57.5097521Z Job is waiting for a hosted runner to come online.
2022-05-29T13:46:01.1129892Z Job is about to start running on the hosted runner: Hosted Agent (hosted)
2022-05-29T13:46:04.0124200Z Current runner version: '2.291.1'
2022-05-29T13:46:04.0151987Z ##[group]Operating System
2022-05-29T13:46:04.0152565Z Ubuntu
2022-05-29T13:46:04.0152812Z 20.04.4
2022-05-29T13:46:04.0153093Z LTS
2022-05-29T13:46:04.0153456Z ##[endgroup]
2022-05-29T13:46:04.0153799Z ##[group]Virtual Environment
2022-05-29T13:46:04.0154184Z Environment: ubuntu-20.04
2022-05-29T13:46:04.0154524Z Version: 20220515.1
2022-05-29T13:46:04.0155035Z Included Software: https://github.com/actions/virtual-environments/blob/ubuntu20/20220515.1/images/linux/Ubuntu2004-Readme.md
2022-05-29T13:46:04.0155747Z Image Release: https://github.com/actions/virtual-environments/releases/tag/ubuntu20%2F20220515.1
2022-05-29T13:46:04.0156212Z ##[endgroup]
2022-05-29T13:46:04.0156526Z ##[group]Virtual Environment Provisioner
2022-05-29T13:46:04.0156897Z 1.0.0.0-main-20220516-1
2022-05-29T13:46:04.0157259Z ##[endgroup]
2022-05-29T13:46:04.0157884Z ##[group]GITHUB_TOKEN Permissions
2022-05-29T13:46:04.0158403Z Contents: read
2022-05-29T13:46:04.0158879Z Metadata: read
2022-05-29T13:46:04.0159250Z ##[endgroup]
2022-05-29T13:46:04.0162885Z Secret source: Actions
2022-05-29T13:46:04.0163402Z Prepare workflow directory
2022-05-29T13:46:04.0995983Z Prepare all required actions
2022-05-29T13:46:04.1182935Z Getting action download info
2022-05-29T13:46:04.2879017Z Download action repository 'actions/checkout@v3' (SHA:2541b1294d2704b0964813337f33b291d3f8596b)
2022-05-29T13:46:04.6492087Z Download action repository 'actions/setup-node@v3' (SHA:17f8bd926464a1afa4c6a11669539e9c1ba77048)
2022-05-29T13:46:04.9060390Z Download action repository 'actions/cache@v3' (SHA:48af2dc4a9e8278b89d7fa154b955c30c6aaab09)
2022-05-29T13:46:05.3588303Z ##[group]Run actions/checkout@v3
2022-05-29T13:46:05.3588689Z with:
2022-05-29T13:46:05.3588960Z   repository: Binaryify/NeteaseCloudMusicApi
2022-05-29T13:46:05.3589451Z   token: ***
2022-05-29T13:46:05.3589672Z   ssh-strict: true
2022-05-29T13:46:05.3589923Z   persist-credentials: true
2022-05-29T13:46:05.3590149Z   clean: true
2022-05-29T13:46:05.3590378Z   fetch-depth: 1
2022-05-29T13:46:05.3590588Z   lfs: false
2022-05-29T13:46:05.3590779Z   submodules: false
2022-05-29T13:46:05.3591016Z   set-safe-directory: true
2022-05-29T13:46:05.3591254Z ##[endgroup]
2022-05-29T13:46:05.6410974Z Syncing repository: Binaryify/NeteaseCloudMusicApi
2022-05-29T13:46:05.6412743Z ##[group]Getting Git version info
2022-05-29T13:46:05.6413337Z Working directory is '/home/runner/work/NeteaseCloudMusicApi/NeteaseCloudMusicApi'
2022-05-29T13:46:05.6413906Z [command]/usr/bin/git version
2022-05-29T13:46:05.6516281Z git version 2.36.1
2022-05-29T13:46:05.6541831Z ##[endgroup]
2022-05-29T13:46:05.6560121Z Temporarily overriding HOME='/home/runner/work/_temp/70bbb59f-b2c1-49b8-bced-9929060f97c0' before making global git config changes
2022-05-29T13:46:05.6560935Z Adding repository directory to the temporary git global config as a safe directory
2022-05-29T13:46:05.6566159Z [command]/usr/bin/git config --global --add safe.directory /home/runner/work/NeteaseCloudMusicApi/NeteaseCloudMusicApi
2022-05-29T13:46:05.6608718Z Deleting the contents of '/home/runner/work/NeteaseCloudMusicApi/NeteaseCloudMusicApi'
2022-05-29T13:46:05.6612729Z ##[group]Initializing the repository
2022-05-29T13:46:05.6616690Z [command]/usr/bin/git init /home/runner/work/NeteaseCloudMusicApi/NeteaseCloudMusicApi
2022-05-29T13:46:05.6678413Z hint: Using 'master' as the name for the initial branch. This default branch name
2022-05-29T13:46:05.6678838Z hint: is subject to change. To configure the initial branch name to use in all
2022-05-29T13:46:05.6679229Z hint: of your new repositories, which will suppress this warning, call:
2022-05-29T13:46:05.6679510Z hint: 
2022-05-29T13:46:05.6679883Z hint: 	git config --global init.defaultBranch <name>
2022-05-29T13:46:05.6680187Z hint: 
2022-05-29T13:46:05.6680543Z hint: Names commonly chosen instead of 'master' are 'main', 'trunk' and
2022-05-29T13:46:05.6681004Z hint: 'development'. The just-created branch can be renamed via this command:
2022-05-29T13:46:05.6681467Z hint: 
2022-05-29T13:46:05.6681716Z hint: 	git branch -m <name>
2022-05-29T13:46:05.6691358Z Initialized empty Git repository in /home/runner/work/NeteaseCloudMusicApi/NeteaseCloudMusicApi/.git/
2022-05-29T13:46:05.6700450Z [command]/usr/bin/git remote add origin https://github.com/Binaryify/NeteaseCloudMusicApi
2022-05-29T13:46:05.6746506Z ##[endgroup]
2022-05-29T13:46:05.6747216Z ##[group]Disabling automatic garbage collection
2022-05-29T13:46:05.6750523Z [command]/usr/bin/git config --local gc.auto 0
2022-05-29T13:46:05.6782817Z ##[endgroup]
2022-05-29T13:46:05.6783442Z ##[group]Setting up auth
2022-05-29T13:46:05.6790254Z [command]/usr/bin/git config --local --name-only --get-regexp core\.sshCommand
2022-05-29T13:46:05.6825538Z [command]/usr/bin/git submodule foreach --recursive git config --local --name-only --get-regexp 'core\.sshCommand' && git config --local --unset-all 'core.sshCommand' || :
2022-05-29T13:46:05.7165211Z [command]/usr/bin/git config --local --name-only --get-regexp http\.https\:\/\/github\.com\/\.extraheader
2022-05-29T13:46:05.7198857Z [command]/usr/bin/git submodule foreach --recursive git config --local --name-only --get-regexp 'http\.https\:\/\/github\.com\/\.extraheader' && git config --local --unset-all 'http.https://github.com/.extraheader' || :
2022-05-29T13:46:05.7421597Z [command]/usr/bin/git config --local http.https://github.com/.extraheader AUTHORIZATION: basic ***
2022-05-29T13:46:05.7463504Z ##[endgroup]
2022-05-29T13:46:05.7464218Z ##[group]Fetching the repository
2022-05-29T13:46:05.7472317Z [command]/usr/bin/git -c protocol.version=2 fetch --no-tags --prune --progress --no-recurse-submodules --depth=1 origin +b3ca43267a7e720464da225eb29439b06c0964cb:refs/remotes/origin/master
2022-05-29T13:46:05.9362373Z remote: Enumerating objects: 372, done.        
2022-05-29T13:46:05.9362811Z remote: Counting objects:   0% (1/372)        
2022-05-29T13:46:05.9363090Z remote: Counting objects:   1% (4/372)        
2022-05-29T13:46:05.9363362Z remote: Counting objects:   2% (8/372)        
2022-05-29T13:46:05.9363646Z remote: Counting objects:   3% (12/372)        
2022-05-29T13:46:05.9363916Z remote: Counting objects:   4% (15/372)        
2022-05-29T13:46:05.9364187Z remote: Counting objects:   5% (19/372)        
2022-05-29T13:46:05.9364443Z remote: Counting objects:   6% (23/372)        
2022-05-29T13:46:05.9364707Z remote: Counting objects:   7% (27/372)        
2022-05-29T13:46:05.9364974Z remote: Counting objects:   8% (30/372)        
2022-05-29T13:46:05.9365226Z remote: Counting objects:   9% (34/372)        
2022-05-29T13:46:05.9365495Z remote: Counting objects:  10% (38/372)        
2022-05-29T13:46:05.9365766Z remote: Counting objects:  11% (41/372)        
2022-05-29T13:46:05.9366030Z remote: Counting objects:  12% (45/372)        
2022-05-29T13:46:05.9366278Z remote: Counting objects:  13% (49/372)        
2022-05-29T13:46:05.9366537Z remote: Counting objects:  14% (53/372)        
2022-05-29T13:46:05.9366800Z remote: Counting objects:  15% (56/372)        
2022-05-29T13:46:05.9367048Z remote: Counting objects:  16% (60/372)        
2022-05-29T13:46:05.9367303Z remote: Counting objects:  17% (64/372)        
2022-05-29T13:46:05.9367564Z remote: Counting objects:  18% (67/372)        
2022-05-29T13:46:05.9367814Z remote: Counting objects:  19% (71/372)        
2022-05-29T13:46:05.9368160Z remote: Counting objects:  20% (75/372)        
2022-05-29T13:46:05.9368422Z remote: Counting objects:  21% (79/372)        
2022-05-29T13:46:05.9368668Z remote: Counting objects:  22% (82/372)        
2022-05-29T13:46:05.9389282Z remote: Counting objects:  23% (86/372)        
2022-05-29T13:46:05.9389672Z remote: Counting objects:  24% (90/372)        
2022-05-29T13:46:05.9389991Z remote: Counting objects:  25% (93/372)        
2022-05-29T13:46:05.9390285Z remote: Counting objects:  26% (97/372)        
2022-05-29T13:46:05.9390598Z remote: Counting objects:  27% (101/372)        
2022-05-29T13:46:05.9390913Z remote: Counting objects:  28% (105/372)        
2022-05-29T13:46:05.9391538Z remote: Counting objects:  29% (108/372)        
2022-05-29T13:46:05.9391840Z remote: Counting objects:  30% (112/372)        
2022-05-29T13:46:05.9392153Z remote: Counting objects:  31% (116/372)        
2022-05-29T13:46:05.9392447Z remote: Counting objects:  32% (120/372)        
2022-05-29T13:46:05.9392748Z remote: Counting objects:  33% (123/372)        
2022-05-29T13:46:05.9393056Z remote: Counting objects:  34% (127/372)        
2022-05-29T13:46:05.9393344Z remote: Counting objects:  35% (131/372)        
2022-05-29T13:46:05.9393649Z remote: Counting objects:  36% (134/372)        
2022-05-29T13:46:05.9393954Z remote: Counting objects:  37% (138/372)        
2022-05-29T13:46:05.9394259Z remote: Counting objects:  38% (142/372)        
2022-05-29T13:46:05.9394552Z remote: Counting objects:  39% (146/372)        
2022-05-29T13:46:05.9394853Z remote: Counting objects:  40% (149/372)        
2022-05-29T13:46:05.9395152Z remote: Counting objects:  41% (153/372)        
2022-05-29T13:46:05.9395438Z remote: Counting objects:  42% (157/372)        
2022-05-29T13:46:05.9395743Z remote: Counting objects:  43% (160/372)        
2022-05-29T13:46:05.9396046Z remote: Counting objects:  44% (164/372)        
2022-05-29T13:46:05.9396333Z remote: Counting objects:  45% (168/372)        
2022-05-29T13:46:05.9396633Z remote: Counting objects:  46% (172/372)        
2022-05-29T13:46:05.9396937Z remote: Counting objects:  47% (175/372)        
2022-05-29T13:46:05.9397226Z remote: Counting objects:  48% (179/372)        
2022-05-29T13:46:05.9397527Z remote: Counting objects:  49% (183/372)        
2022-05-29T13:46:05.9397908Z remote: Counting objects:  50% (186/372)        
2022-05-29T13:46:05.9398218Z remote: Counting objects:  51% (190/372)        
2022-05-29T13:46:05.9398509Z remote: Counting objects:  52% (194/372)        
2022-05-29T13:46:05.9398812Z remote: Counting objects:  53% (198/372)        
2022-05-29T13:46:05.9399115Z remote: Counting objects:  54% (201/372)        
2022-05-29T13:46:05.9399400Z remote: Counting objects:  55% (205/372)        
2022-05-29T13:46:05.9399701Z remote: Counting objects:  56% (209/372)        
2022-05-29T13:46:05.9400001Z remote: Counting objects:  57% (213/372)        
2022-05-29T13:46:05.9400291Z remote: Counting objects:  58% (216/372)        
2022-05-29T13:46:05.9400644Z remote: Counting objects:  59% (220/372)        
2022-05-29T13:46:05.9400944Z remote: Counting objects:  60% (224/372)        
2022-05-29T13:46:05.9401244Z remote: Counting objects:  61% (227/372)        
2022-05-29T13:46:05.9401534Z remote: Counting objects:  62% (231/372)        
2022-05-29T13:46:05.9401831Z remote: Counting objects:  63% (235/372)        
2022-05-29T13:46:05.9402155Z remote: Counting objects:  64% (239/372)        
2022-05-29T13:46:05.9402460Z remote: Counting objects:  65% (242/372)        
2022-05-29T13:46:05.9402745Z remote: Counting objects:  66% (246/372)        
2022-05-29T13:46:05.9403043Z remote: Counting objects:  67% (250/372)        
2022-05-29T13:46:05.9403344Z remote: Counting objects:  68% (253/372)        
2022-05-29T13:46:05.9403650Z remote: Counting objects:  69% (257/372)        
2022-05-29T13:46:05.9403938Z remote: Counting objects:  70% (261/372)        
2022-05-29T13:46:05.9404240Z remote: Counting objects:  71% (265/372)        
2022-05-29T13:46:05.9404541Z remote: Counting objects:  72% (268/372)        
2022-05-29T13:46:05.9404826Z remote: Counting objects:  73% (272/372)        
2022-05-29T13:46:05.9405124Z remote: Counting objects:  74% (276/372)        
2022-05-29T13:46:05.9405426Z remote: Counting objects:  75% (279/372)        
2022-05-29T13:46:05.9405716Z remote: Counting objects:  76% (283/372)        
2022-05-29T13:46:05.9406022Z remote: Counting objects:  77% (287/372)        
2022-05-29T13:46:05.9406321Z remote: Counting objects:  78% (291/372)        
2022-05-29T13:46:05.9406606Z remote: Counting objects:  79% (294/372)        
2022-05-29T13:46:05.9406921Z remote: Counting objects:  80% (298/372)        
2022-05-29T13:46:05.9407223Z remote: Counting objects:  81% (302/372)        
2022-05-29T13:46:05.9407620Z remote: Counting objects:  82% (306/372)        
2022-05-29T13:46:05.9407905Z remote: Counting objects:  83% (309/372)        
2022-05-29T13:46:05.9408201Z remote: Counting objects:  84% (313/372)        
2022-05-29T13:46:05.9408502Z remote: Counting objects:  85% (317/372)        
2022-05-29T13:46:05.9408792Z remote: Counting objects:  86% (320/372)        
2022-05-29T13:46:05.9409088Z remote: Counting objects:  87% (324/372)        
2022-05-29T13:46:05.9409391Z remote: Counting objects:  88% (328/372)        
2022-05-29T13:46:05.9410100Z remote: Counting objects:  89% (332/372)        
2022-05-29T13:46:05.9410407Z remote: Counting objects:  90% (335/372)        
2022-05-29T13:46:05.9410710Z remote: Counting objects:  91% (339/372)        
2022-05-29T13:46:05.9410996Z remote: Counting objects:  92% (343/372)        
2022-05-29T13:46:05.9440997Z remote: Counting objects:  93% (346/372)        
2022-05-29T13:46:05.9441342Z remote: Counting objects:  94% (350/372)        
2022-05-29T13:46:05.9441639Z remote: Counting objects:  95% (354/372)        
2022-05-29T13:46:05.9441898Z remote: Counting objects:  96% (358/372)        
2022-05-29T13:46:05.9442163Z remote: Counting objects:  97% (361/372)        
2022-05-29T13:46:05.9442432Z remote: Counting objects:  98% (365/372)        
2022-05-29T13:46:05.9442685Z remote: Counting objects:  99% (369/372)        
2022-05-29T13:46:05.9442953Z remote: Counting objects: 100% (372/372)        
2022-05-29T13:46:05.9443231Z remote: Counting objects: 100% (372/372), done.        
2022-05-29T13:46:05.9443534Z remote: Compressing objects:   0% (1/316)        
2022-05-29T13:46:05.9443998Z remote: Compressing objects:   1% (4/316)        
2022-05-29T13:46:05.9444293Z remote: Compressing objects:   2% (7/316)        
2022-05-29T13:46:05.9444577Z remote: Compressing objects:   3% (10/316)        
2022-05-29T13:46:05.9444850Z remote: Compressing objects:   4% (13/316)        
2022-05-29T13:46:05.9445134Z remote: Compressing objects:   5% (16/316)        
2022-05-29T13:46:05.9445423Z remote: Compressing objects:   6% (19/316)        
2022-05-29T13:46:05.9445688Z remote: Compressing objects:   7% (23/316)        
2022-05-29T13:46:05.9445968Z remote: Compressing objects:   8% (26/316)        
2022-05-29T13:46:05.9446250Z remote: Compressing objects:   9% (29/316)        
2022-05-29T13:46:05.9446531Z remote: Compressing objects:  10% (32/316)        
2022-05-29T13:46:05.9446796Z remote: Compressing objects:  11% (35/316)        
2022-05-29T13:46:05.9447075Z remote: Compressing objects:  12% (38/316)        
2022-05-29T13:46:05.9447355Z remote: Compressing objects:  13% (42/316)        
2022-05-29T13:46:05.9447616Z remote: Compressing objects:  14% (45/316)        
2022-05-29T13:46:05.9447898Z remote: Compressing objects:  15% (48/316)        
2022-05-29T13:46:05.9448178Z remote: Compressing objects:  16% (51/316)        
2022-05-29T13:46:05.9448440Z remote: Compressing objects:  17% (54/316)        
2022-05-29T13:46:05.9448714Z remote: Compressing objects:  18% (57/316)        
2022-05-29T13:46:05.9448992Z remote: Compressing objects:  19% (61/316)        
2022-05-29T13:46:05.9449253Z remote: Compressing objects:  20% (64/316)        
2022-05-29T13:46:05.9449523Z remote: Compressing objects:  21% (67/316)        
2022-05-29T13:46:05.9449798Z remote: Compressing objects:  22% (70/316)        
2022-05-29T13:46:05.9450072Z remote: Compressing objects:  23% (73/316)        
2022-05-29T13:46:05.9450332Z remote: Compressing objects:  24% (76/316)        
2022-05-29T13:46:05.9450608Z remote: Compressing objects:  25% (79/316)        
2022-05-29T13:46:05.9450884Z remote: Compressing objects:  26% (83/316)        
2022-05-29T13:46:05.9451145Z remote: Compressing objects:  27% (86/316)        
2022-05-29T13:46:05.9451420Z remote: Compressing objects:  28% (89/316)        
2022-05-29T13:46:05.9451692Z remote: Compressing objects:  29% (92/316)        
2022-05-29T13:46:05.9451955Z remote: Compressing objects:  30% (95/316)        
2022-05-29T13:46:05.9452227Z remote: Compressing objects:  31% (98/316)        
2022-05-29T13:46:05.9452610Z remote: Compressing objects:  32% (102/316)        
2022-05-29T13:46:05.9452895Z remote: Compressing objects:  33% (105/316)        
2022-05-29T13:46:05.9458248Z remote: Compressing objects:  34% (108/316)        
2022-05-29T13:46:05.9458747Z remote: Compressing objects:  35% (111/316)        
2022-05-29T13:46:05.9460044Z remote: Compressing objects:  36% (114/316)        
2022-05-29T13:46:05.9460330Z remote: Compressing objects:  37% (117/316)        
2022-05-29T13:46:05.9460615Z remote: Compressing objects:  38% (121/316)        
2022-05-29T13:46:05.9460914Z remote: Compressing objects:  39% (124/316)        
2022-05-29T13:46:05.9461253Z remote: Compressing objects:  40% (127/316)        
2022-05-29T13:46:05.9461538Z remote: Compressing objects:  41% (130/316)        
2022-05-29T13:46:05.9461821Z remote: Compressing objects:  42% (133/316)        
2022-05-29T13:46:05.9462099Z remote: Compressing objects:  43% (136/316)        
2022-05-29T13:46:05.9462371Z remote: Compressing objects:  44% (140/316)        
2022-05-29T13:46:05.9462649Z remote: Compressing objects:  45% (143/316)        
2022-05-29T13:46:05.9462929Z remote: Compressing objects:  46% (146/316)        
2022-05-29T13:46:05.9463193Z remote: Compressing objects:  47% (149/316)        
2022-05-29T13:46:05.9465282Z remote: Compressing objects:  48% (152/316)        
2022-05-29T13:46:05.9465573Z remote: Compressing objects:  49% (155/316)        
2022-05-29T13:46:05.9465854Z remote: Compressing objects:  50% (158/316)        
2022-05-29T13:46:05.9466127Z remote: Compressing objects:  51% (162/316)        
2022-05-29T13:46:05.9466544Z remote: Compressing objects:  52% (165/316)        
2022-05-29T13:46:05.9467420Z remote: Compressing objects:  53% (168/316)        
2022-05-29T13:46:05.9467697Z remote: Compressing objects:  54% (171/316)        
2022-05-29T13:46:05.9469714Z remote: Compressing objects:  55% (174/316)        
2022-05-29T13:46:05.9470318Z remote: Compressing objects:  56% (177/316)        
2022-05-29T13:46:05.9470759Z remote: Compressing objects:  57% (181/316)        
2022-05-29T13:46:05.9471056Z remote: Compressing objects:  58% (184/316)        
2022-05-29T13:46:05.9471333Z remote: Compressing objects:  59% (187/316)        
2022-05-29T13:46:05.9471617Z remote: Compressing objects:  60% (190/316)        
2022-05-29T13:46:05.9471880Z remote: Compressing objects:  61% (193/316)        
2022-05-29T13:46:05.9472157Z remote: Compressing objects:  62% (196/316)        
2022-05-29T13:46:05.9472433Z remote: Compressing objects:  63% (200/316)        
2022-05-29T13:46:05.9472702Z remote: Compressing objects:  64% (203/316)        
2022-05-29T13:46:05.9472978Z remote: Compressing objects:  65% (206/316)        
2022-05-29T13:46:05.9473316Z remote: Compressing objects:  66% (209/316)        
2022-05-29T13:46:05.9473595Z remote: Compressing objects:  67% (212/316)        
2022-05-29T13:46:05.9473859Z remote: Compressing objects:  68% (215/316)        
2022-05-29T13:46:05.9474132Z remote: Compressing objects:  69% (219/316)        
2022-05-29T13:46:05.9474411Z remote: Compressing objects:  70% (222/316)        
2022-05-29T13:46:05.9474674Z remote: Compressing objects:  71% (225/316)        
2022-05-29T13:46:05.9474950Z remote: Compressing objects:  72% (228/316)        
2022-05-29T13:46:05.9475225Z remote: Compressing objects:  73% (231/316)        
2022-05-29T13:46:05.9475488Z remote: Compressing objects:  74% (234/316)        
2022-05-29T13:46:05.9475767Z remote: Compressing objects:  75% (237/316)        
2022-05-29T13:46:05.9476040Z remote: Compressing objects:  76% (241/316)        
2022-05-29T13:46:05.9476318Z remote: Compressing objects:  77% (244/316)        
2022-05-29T13:46:05.9476578Z remote: Compressing objects:  78% (247/316)        
2022-05-29T13:46:05.9476859Z remote: Compressing objects:  79% (250/316)        
2022-05-29T13:46:05.9477134Z remote: Compressing objects:  80% (253/316)        
2022-05-29T13:46:05.9477394Z remote: Compressing objects:  81% (256/316)        
2022-05-29T13:46:05.9477775Z remote: Compressing objects:  82% (260/316)        
2022-05-29T13:46:05.9478054Z remote: Compressing objects:  83% (263/316)        
2022-05-29T13:46:05.9478313Z remote: Compressing objects:  84% (266/316)        
2022-05-29T13:46:05.9478585Z remote: Compressing objects:  85% (269/316)        
2022-05-29T13:46:05.9478860Z remote: Compressing objects:  86% (272/316)        
2022-05-29T13:46:05.9479127Z remote: Compressing objects:  87% (275/316)        
2022-05-29T13:46:05.9479401Z remote: Compressing objects:  88% (279/316)        
2022-05-29T13:46:05.9479675Z remote: Compressing objects:  89% (282/316)        
2022-05-29T13:46:05.9479964Z remote: Compressing objects:  90% (285/316)        
2022-05-29T13:46:05.9480238Z remote: Compressing objects:  91% (288/316)        
2022-05-29T13:46:05.9480496Z remote: Compressing objects:  92% (291/316)        
2022-05-29T13:46:05.9660501Z remote: Compressing objects:  93% (294/316)        
2022-05-29T13:46:05.9660838Z remote: Compressing objects:  94% (298/316)        
2022-05-29T13:46:05.9661155Z remote: Compressing objects:  95% (301/316)        
2022-05-29T13:46:05.9661444Z remote: Compressing objects:  96% (304/316)        
2022-05-29T13:46:05.9661714Z remote: Compressing objects:  97% (307/316)        
2022-05-29T13:46:05.9661995Z remote: Compressing objects:  98% (310/316)        
2022-05-29T13:46:05.9662278Z remote: Compressing objects:  99% (313/316)        
2022-05-29T13:46:05.9662546Z remote: Compressing objects: 100% (316/316)        
2022-05-29T13:46:05.9663141Z remote: Compressing objects: 100% (316/316), done.        
2022-05-29T13:46:05.9706716Z Receiving objects:   0% (1/372)
2022-05-29T13:46:05.9711038Z Receiving objects:   1% (4/372)
2022-05-29T13:46:05.9715599Z Receiving objects:   2% (8/372)
2022-05-29T13:46:05.9719267Z Receiving objects:   3% (12/372)
2022-05-29T13:46:05.9726570Z Receiving objects:   4% (15/372)
2022-05-29T13:46:05.9757948Z Receiving objects:   5% (19/372)
2022-05-29T13:46:05.9771383Z Receiving objects:   6% (23/372)
2022-05-29T13:46:05.9777939Z Receiving objects:   7% (27/372)
2022-05-29T13:46:05.9796479Z Receiving objects:   8% (30/372)
2022-05-29T13:46:05.9798680Z Receiving objects:   9% (34/372)
2022-05-29T13:46:05.9801775Z Receiving objects:  10% (38/372)
2022-05-29T13:46:05.9802350Z Receiving objects:  11% (41/372)
2022-05-29T13:46:05.9802730Z Receiving objects:  12% (45/372)
2022-05-29T13:46:05.9805052Z Receiving objects:  13% (49/372)
2022-05-29T13:46:05.9805613Z Receiving objects:  14% (53/372)
2022-05-29T13:46:05.9805984Z Receiving objects:  15% (56/372)
2022-05-29T13:46:05.9806346Z Receiving objects:  16% (60/372)
2022-05-29T13:46:05.9807927Z Receiving objects:  17% (64/372)
2022-05-29T13:46:05.9836455Z Receiving objects:  18% (67/372)
2022-05-29T13:46:05.9837317Z Receiving objects:  19% (71/372)
2022-05-29T13:46:05.9837955Z Receiving objects:  20% (75/372)
2022-05-29T13:46:05.9838259Z Receiving objects:  21% (79/372)
2022-05-29T13:46:05.9838508Z Receiving objects:  22% (82/372)
2022-05-29T13:46:05.9838779Z Receiving objects:  23% (86/372)
2022-05-29T13:46:05.9839016Z Receiving objects:  24% (90/372)
2022-05-29T13:46:05.9839256Z Receiving objects:  25% (93/372)
2022-05-29T13:46:05.9839493Z Receiving objects:  26% (97/372)
2022-05-29T13:46:05.9839719Z Receiving objects:  27% (101/372)
2022-05-29T13:46:05.9839965Z Receiving objects:  28% (105/372)
2022-05-29T13:46:05.9840206Z Receiving objects:  29% (108/372)
2022-05-29T13:46:05.9840449Z Receiving objects:  30% (112/372)
2022-05-29T13:46:05.9840674Z Receiving objects:  31% (116/372)
2022-05-29T13:46:05.9840908Z Receiving objects:  32% (120/372)
2022-05-29T13:46:05.9841150Z Receiving objects:  33% (123/372)
2022-05-29T13:46:05.9841371Z Receiving objects:  34% (127/372)
2022-05-29T13:46:05.9841605Z Receiving objects:  35% (131/372)
2022-05-29T13:46:05.9841841Z Receiving objects:  36% (134/372)
2022-05-29T13:46:05.9842062Z Receiving objects:  37% (138/372)
2022-05-29T13:46:05.9842295Z Receiving objects:  38% (142/372)
2022-05-29T13:46:05.9842532Z Receiving objects:  39% (146/372)
2022-05-29T13:46:05.9842900Z Receiving objects:  40% (149/372)
2022-05-29T13:46:05.9843135Z Receiving objects:  41% (153/372)
2022-05-29T13:46:05.9843373Z Receiving objects:  42% (157/372)
2022-05-29T13:46:05.9843595Z Receiving objects:  43% (160/372)
2022-05-29T13:46:05.9843827Z Receiving objects:  44% (164/372)
2022-05-29T13:46:05.9844065Z Receiving objects:  45% (168/372)
2022-05-29T13:46:05.9844335Z Receiving objects:  46% (172/372)
2022-05-29T13:46:05.9844568Z Receiving objects:  47% (175/372)
2022-05-29T13:46:05.9844799Z Receiving objects:  48% (179/372)
2022-05-29T13:46:05.9845018Z Receiving objects:  49% (183/372)
2022-05-29T13:46:05.9845261Z Receiving objects:  50% (186/372)
2022-05-29T13:46:05.9845497Z Receiving objects:  51% (190/372)
2022-05-29T13:46:05.9845728Z Receiving objects:  52% (194/372)
2022-05-29T13:46:05.9845952Z Receiving objects:  53% (198/372)
2022-05-29T13:46:05.9846183Z Receiving objects:  54% (201/372)
2022-05-29T13:46:05.9846416Z Receiving objects:  55% (205/372)
2022-05-29T13:46:05.9846642Z Receiving objects:  56% (209/372)
2022-05-29T13:46:05.9846876Z Receiving objects:  57% (213/372)
2022-05-29T13:46:05.9847109Z Receiving objects:  58% (216/372)
2022-05-29T13:46:05.9847328Z Receiving objects:  59% (220/372)
2022-05-29T13:46:05.9847564Z Receiving objects:  60% (224/372)
2022-05-29T13:46:05.9847794Z Receiving objects:  61% (227/372)
2022-05-29T13:46:05.9848014Z Receiving objects:  62% (231/372)
2022-05-29T13:46:05.9848248Z Receiving objects:  63% (235/372)
2022-05-29T13:46:05.9848481Z Receiving objects:  64% (239/372)
2022-05-29T13:46:05.9848701Z Receiving objects:  65% (242/372)
2022-05-29T13:46:05.9849006Z Receiving objects:  66% (246/372)
2022-05-29T13:46:05.9849247Z Receiving objects:  67% (250/372)
2022-05-29T13:46:05.9849468Z Receiving objects:  68% (253/372)
2022-05-29T13:46:05.9849701Z Receiving objects:  69% (257/372)
2022-05-29T13:46:05.9849935Z Receiving objects:  70% (261/372)
2022-05-29T13:46:05.9850167Z Receiving objects:  71% (265/372)
2022-05-29T13:46:05.9850389Z Receiving objects:  72% (268/372)
2022-05-29T13:46:05.9850622Z Receiving objects:  73% (272/372)
2022-05-29T13:46:05.9850853Z Receiving objects:  74% (276/372)
2022-05-29T13:46:05.9851074Z Receiving objects:  75% (279/372)
2022-05-29T13:46:05.9851308Z Receiving objects:  76% (283/372)
2022-05-29T13:46:05.9851541Z Receiving objects:  77% (287/372)
2022-05-29T13:46:05.9851760Z Receiving objects:  78% (291/372)
2022-05-29T13:46:05.9851993Z Receiving objects:  79% (294/372)
2022-05-29T13:46:05.9852226Z Receiving objects:  80% (298/372)
2022-05-29T13:46:05.9892689Z Receiving objects:  81% (302/372)
2022-05-29T13:46:06.0677387Z Receiving objects:  82% (306/372)
2022-05-29T13:46:06.0711269Z Receiving objects:  83% (309/372)
2022-05-29T13:46:06.0711882Z Receiving objects:  84% (313/372)
2022-05-29T13:46:06.0716227Z Receiving objects:  85% (317/372)
2022-05-29T13:46:06.0716735Z Receiving objects:  86% (320/372)
2022-05-29T13:46:06.0767897Z Receiving objects:  87% (324/372)
2022-05-29T13:46:06.0954230Z Receiving objects:  88% (328/372)
2022-05-29T13:46:06.1000781Z Receiving objects:  89% (332/372)
2022-05-29T13:46:06.1169652Z Receiving objects:  90% (335/372)
2022-05-29T13:46:06.1318263Z Receiving objects:  91% (339/372)
2022-05-29T13:46:06.1458094Z Receiving objects:  92% (343/372)
2022-05-29T13:46:06.1626286Z Receiving objects:  93% (346/372)
2022-05-29T13:46:06.1994767Z Receiving objects:  94% (350/372)
2022-05-29T13:46:06.2039310Z Receiving objects:  95% (354/372)
2022-05-29T13:46:06.2040382Z remote: Total 372 (delta 189), reused 145 (delta 50), pack-reused 0        
2022-05-29T13:46:06.2049915Z Receiving objects:  96% (358/372)
2022-05-29T13:46:06.2050454Z Receiving objects:  97% (361/372)
2022-05-29T13:46:06.2054221Z Receiving objects:  98% (365/372)
2022-05-29T13:46:06.2054808Z Receiving objects:  99% (369/372)
2022-05-29T13:46:06.2055606Z Receiving objects: 100% (372/372)
2022-05-29T13:46:06.2055958Z Receiving objects: 100% (372/372), 11.59 MiB | 49.25 MiB/s, done.
2022-05-29T13:46:06.2087326Z Resolving deltas:   0% (0/189)
2022-05-29T13:46:06.2088095Z Resolving deltas:   1% (2/189)
2022-05-29T13:46:06.2088548Z Resolving deltas:   2% (4/189)
2022-05-29T13:46:06.2099216Z Resolving deltas:   3% (6/189)
2022-05-29T13:46:06.2099741Z Resolving deltas:   4% (8/189)
2022-05-29T13:46:06.2100189Z Resolving deltas:   5% (10/189)
2022-05-29T13:46:06.2180960Z Resolving deltas:   6% (12/189)
2022-05-29T13:46:06.2181250Z Resolving deltas:   7% (14/189)
2022-05-29T13:46:06.2181481Z Resolving deltas:   8% (16/189)
2022-05-29T13:46:06.2181722Z Resolving deltas:   9% (18/189)
2022-05-29T13:46:06.2181954Z Resolving deltas:  10% (19/189)
2022-05-29T13:46:06.2182201Z Resolving deltas:  11% (21/189)
2022-05-29T13:46:06.2182425Z Resolving deltas:  12% (23/189)
2022-05-29T13:46:06.2182653Z Resolving deltas:  13% (25/189)
2022-05-29T13:46:06.2182886Z Resolving deltas:  14% (27/189)
2022-05-29T13:46:06.2183103Z Resolving deltas:  15% (29/189)
2022-05-29T13:46:06.2183330Z Resolving deltas:  16% (31/189)
2022-05-29T13:46:06.2183565Z Resolving deltas:  17% (33/189)
2022-05-29T13:46:06.2183787Z Resolving deltas:  18% (35/189)
2022-05-29T13:46:06.2184015Z Resolving deltas:  19% (36/189)
2022-05-29T13:46:06.2184247Z Resolving deltas:  20% (38/189)
2022-05-29T13:46:06.2184462Z Resolving deltas:  21% (40/189)
2022-05-29T13:46:06.2184694Z Resolving deltas:  22% (42/189)
2022-05-29T13:46:06.2184925Z Resolving deltas:  23% (44/189)
2022-05-29T13:46:06.2185139Z Resolving deltas:  24% (46/189)
2022-05-29T13:46:06.2185366Z Resolving deltas:  25% (48/189)
2022-05-29T13:46:06.2185599Z Resolving deltas:  26% (50/189)
2022-05-29T13:46:06.2185814Z Resolving deltas:  27% (52/189)
2022-05-29T13:46:06.2186206Z Resolving deltas:  28% (53/189)
2022-05-29T13:46:06.2186449Z Resolving deltas:  29% (55/189)
2022-05-29T13:46:06.2186664Z Resolving deltas:  30% (57/189)
2022-05-29T13:46:06.2186896Z Resolving deltas:  31% (59/189)
2022-05-29T13:46:06.2187124Z Resolving deltas:  32% (61/189)
2022-05-29T13:46:06.2187354Z Resolving deltas:  33% (63/189)
2022-05-29T13:46:06.2187580Z Resolving deltas:  34% (65/189)
2022-05-29T13:46:06.2187809Z Resolving deltas:  35% (67/189)
2022-05-29T13:46:06.2188041Z Resolving deltas:  36% (69/189)
2022-05-29T13:46:06.2188256Z Resolving deltas:  37% (70/189)
2022-05-29T13:46:06.2188485Z Resolving deltas:  38% (72/189)
2022-05-29T13:46:06.2188714Z Resolving deltas:  39% (74/189)
2022-05-29T13:46:06.2188930Z Resolving deltas:  40% (76/189)
2022-05-29T13:46:06.2189160Z Resolving deltas:  41% (78/189)
2022-05-29T13:46:06.2189392Z Resolving deltas:  42% (80/189)
2022-05-29T13:46:06.2189606Z Resolving deltas:  43% (82/189)
2022-05-29T13:46:06.2189831Z Resolving deltas:  44% (84/189)
2022-05-29T13:46:06.2190067Z Resolving deltas:  45% (86/189)
2022-05-29T13:46:06.2190284Z Resolving deltas:  46% (87/189)
2022-05-29T13:46:06.2190512Z Resolving deltas:  47% (89/189)
2022-05-29T13:46:06.2190740Z Resolving deltas:  48% (91/189)
2022-05-29T13:46:06.2190960Z Resolving deltas:  49% (93/189)
2022-05-29T13:46:06.2191189Z Resolving deltas:  50% (95/189)
2022-05-29T13:46:06.2191421Z Resolving deltas:  51% (97/189)
2022-05-29T13:46:06.2191637Z Resolving deltas:  52% (99/189)
2022-05-29T13:46:06.2191868Z Resolving deltas:  53% (101/189)
2022-05-29T13:46:06.2192112Z Resolving deltas:  54% (103/189)
2022-05-29T13:46:06.2192349Z Resolving deltas:  55% (104/189)
2022-05-29T13:46:06.2192574Z Resolving deltas:  56% (106/189)
2022-05-29T13:46:06.2192804Z Resolving deltas:  57% (108/189)
2022-05-29T13:46:06.2193036Z Resolving deltas:  58% (110/189)
2022-05-29T13:46:06.2193256Z Resolving deltas:  59% (112/189)
2022-05-29T13:46:06.2193489Z Resolving deltas:  60% (114/189)
2022-05-29T13:46:06.2193727Z Resolving deltas:  61% (116/189)
2022-05-29T13:46:06.2193944Z Resolving deltas:  62% (118/189)
2022-05-29T13:46:06.2194171Z Resolving deltas:  63% (120/189)
2022-05-29T13:46:06.2194405Z Resolving deltas:  64% (121/189)
2022-05-29T13:46:06.2194623Z Resolving deltas:  65% (123/189)
2022-05-29T13:46:06.2194851Z Resolving deltas:  66% (125/189)
2022-05-29T13:46:06.2195087Z Resolving deltas:  67% (127/189)
2022-05-29T13:46:06.2195399Z Resolving deltas:  68% (129/189)
2022-05-29T13:46:06.2195632Z Resolving deltas:  69% (131/189)
2022-05-29T13:46:06.2195862Z Resolving deltas:  70% (133/189)
2022-05-29T13:46:06.2196081Z Resolving deltas:  71% (135/189)
2022-05-29T13:46:06.2196311Z Resolving deltas:  72% (137/189)
2022-05-29T13:46:06.2196544Z Resolving deltas:  73% (138/189)
2022-05-29T13:46:06.2196764Z Resolving deltas:  74% (140/189)
2022-05-29T13:46:06.2196995Z Resolving deltas:  75% (142/189)
2022-05-29T13:46:06.2197228Z Resolving deltas:  76% (144/189)
2022-05-29T13:46:06.2197458Z Resolving deltas:  77% (146/189)
2022-05-29T13:46:06.2197682Z Resolving deltas:  78% (148/189)
2022-05-29T13:46:06.2197917Z Resolving deltas:  79% (150/189)
2022-05-29T13:46:06.2198146Z Resolving deltas:  80% (152/189)
2022-05-29T13:46:06.2198364Z Resolving deltas:  81% (154/189)
2022-05-29T13:46:06.2198594Z Resolving deltas:  82% (155/189)
2022-05-29T13:46:06.2198822Z Resolving deltas:  83% (157/189)
2022-05-29T13:46:06.2199045Z Resolving deltas:  84% (159/189)
2022-05-29T13:46:06.2199274Z Resolving deltas:  85% (161/189)
2022-05-29T13:46:06.2199508Z Resolving deltas:  86% (163/189)
2022-05-29T13:46:06.2199725Z Resolving deltas:  87% (165/189)
2022-05-29T13:46:06.2199956Z Resolving deltas:  88% (167/189)
2022-05-29T13:46:06.2200188Z Resolving deltas:  89% (169/189)
2022-05-29T13:46:06.2200405Z Resolving deltas:  90% (171/189)
2022-05-29T13:46:06.2200632Z Resolving deltas:  91% (172/189)
2022-05-29T13:46:06.2200861Z Resolving deltas:  92% (174/189)
2022-05-29T13:46:06.2201086Z Resolving deltas:  93% (176/189)
2022-05-29T13:46:06.2201368Z Resolving deltas:  94% (178/189)
2022-05-29T13:46:06.2201608Z Resolving deltas:  95% (180/189)
2022-05-29T13:46:06.2225292Z Resolving deltas:  96% (182/189)
2022-05-29T13:46:06.2227757Z Resolving deltas:  97% (184/189)
2022-05-29T13:46:06.2229769Z Resolving deltas:  98% (186/189)
2022-05-29T13:46:06.2238555Z Resolving deltas:  99% (188/189)
2022-05-29T13:46:06.2241244Z Resolving deltas: 100% (189/189)
2022-05-29T13:46:06.2241556Z Resolving deltas: 100% (189/189), done.
2022-05-29T13:46:06.2516896Z From https://github.com/Binaryify/NeteaseCloudMusicApi
2022-05-29T13:46:06.2517714Z  * [new ref]         b3ca43267a7e720464da225eb29439b06c0964cb -> origin/master
2022-05-29T13:46:06.2541137Z ##[endgroup]
2022-05-29T13:46:06.2541833Z ##[group]Determining the checkout info
2022-05-29T13:46:06.2543429Z ##[endgroup]
2022-05-29T13:46:06.2543962Z ##[group]Checking out the ref
2022-05-29T13:46:06.2548399Z [command]/usr/bin/git checkout --progress --force -B master refs/remotes/origin/master
2022-05-29T13:46:06.3439790Z Reset branch 'master'
2022-05-29T13:46:06.3440464Z branch 'master' set up to track 'origin/master'.
2022-05-29T13:46:06.3461887Z ##[endgroup]
2022-05-29T13:46:06.3513765Z [command]/usr/bin/git log -1 --format='%H'
2022-05-29T13:46:06.3575117Z 'b3ca43267a7e720464da225eb29439b06c0964cb'
2022-05-29T13:46:06.3932069Z ##[group]Run actions/setup-node@v3
2022-05-29T13:46:06.3932353Z with:
2022-05-29T13:46:06.3932661Z   node-version: 12.x
2022-05-29T13:46:06.3932958Z   always-auth: false
2022-05-29T13:46:06.3933205Z   check-latest: false
2022-05-29T13:46:06.3933732Z   token: ***
2022-05-29T13:46:06.3934023Z ##[endgroup]
2022-05-29T13:46:06.5768261Z Found in cache @ /opt/hostedtoolcache/node/12.22.12/x64
2022-05-29T13:46:06.6925089Z ##[group]Run actions/cache@v3
2022-05-29T13:46:06.6925376Z with:
2022-05-29T13:46:06.6925684Z   path: ~/.npm
2022-05-29T13:46:06.6926084Z   key: Linux-node-cf6e307b097b5808f9647c8beaaf8635816d551560e543b65df2c53264808cf9
2022-05-29T13:46:06.6926495Z   restore-keys: Linux-node-

2022-05-29T13:46:06.6926741Z ##[endgroup]
2022-05-29T13:46:07.2810997Z Received 29835818 of 29835818 (100.0%), 105.4 MBs/sec
2022-05-29T13:46:07.2812715Z Cache Size: ~28 MB (29835818 B)
2022-05-29T13:46:07.2833869Z [command]/usr/bin/tar --use-compress-program zstd -d -xf /home/runner/work/_temp/2fb44265-f52c-4ce0-b7de-7a93b713be22/cache.tzst -P -C /home/runner/work/NeteaseCloudMusicApi/NeteaseCloudMusicApi
2022-05-29T13:46:07.4031697Z Cache restored successfully
2022-05-29T13:46:07.4268313Z 
2022-05-29T13:46:07.4275713Z Cache restored from key: Linux-node-cf6e307b097b5808f9647c8beaaf8635816d551560e543b65df2c53264808cf9
2022-05-29T13:46:07.4432029Z ##[group]Run npm ci
2022-05-29T13:46:07.4432356Z [36;1mnpm ci[0m
2022-05-29T13:46:07.4485510Z shell: /usr/bin/bash -e {0}
2022-05-29T13:46:07.4485786Z ##[endgroup]
2022-05-29T13:46:18.2042418Z 
2022-05-29T13:46:18.2044562Z > core-js@2.6.11 postinstall /home/runner/work/NeteaseCloudMusicApi/NeteaseCloudMusicApi/node_modules/core-js
2022-05-29T13:46:18.2045655Z > node -e "try{require('./postinstall')}catch(e){}"
2022-05-29T13:46:18.2046093Z 
2022-05-29T13:46:18.4341613Z 
2022-05-29T13:46:18.4342785Z > NeteaseCloudMusicApi@4.6.1 prepare /home/runner/work/NeteaseCloudMusicApi/NeteaseCloudMusicApi
2022-05-29T13:46:18.4343362Z > husky install
2022-05-29T13:46:18.4343727Z 
2022-05-29T13:46:18.4885191Z husky - Git hooks installed
2022-05-29T13:46:18.4961658Z added 519 packages in 6.233s
2022-05-29T13:46:18.5126776Z ##[group]Run npm test
2022-05-29T13:46:18.5127029Z [36;1mnpm test[0m
2022-05-29T13:46:18.5179931Z shell: /usr/bin/bash -e {0}
2022-05-29T13:46:18.5180185Z env:
2022-05-29T13:46:18.5180406Z   NCM_API_TEST_LOGIN_COUNTRY_CODE: 
2022-05-29T13:46:18.5180657Z   NCM_API_TEST_LOGIN_PHONE: 
2022-05-29T13:46:18.5180903Z   NCM_API_TEST_LOGIN_PASSWORD: 
2022-05-29T13:46:18.5181129Z ##[endgroup]
2022-05-29T13:46:18.7572103Z 
2022-05-29T13:46:18.7573338Z > NeteaseCloudMusicApi@4.6.1 test /home/runner/work/NeteaseCloudMusicApi/NeteaseCloudMusicApi
2022-05-29T13:46:18.7574565Z > mocha -r intelli-espower-loader -t 20000 server.test.js main.test.js --exit
2022-05-29T13:46:18.7575008Z 
2022-05-29T13:46:19.4054389Z æ³¨æ„: æµ‹è¯•ç™»å½•éœ€åœ¨ test/login.test.js ä¸­å¡«å†™è´¦å·å¯†ç !!!
2022-05-29T13:46:19.5704889Z 
2022-05-29T13:46:19.5706508Z 
2022-05-29T13:46:19.5805488Z   æµ‹è¯•è·å–æ­Œæ‰‹ä¸“è¾‘åˆ—è¡¨æ˜¯å¦æ­£å¸¸
2022-05-29T13:46:19.5806496Z server running @ http://localhost:3000
2022-05-29T13:46:21.2976702Z [OK] /album?id=32311
2022-05-29T13:46:21.3027027Z     âœ“ æ•°æ®çš„ code åº”è¯¥ä¸º200 (1722ms)
2022-05-29T13:46:21.3035699Z 
2022-05-29T13:46:21.3037367Z   æµ‹è¯•è·å–è¯„è®ºæ˜¯å¦æ­£å¸¸
2022-05-29T13:46:22.9321780Z [OK] /comment/album?id=32311
2022-05-29T13:46:22.9350846Z     âœ“ æ•°æ®çš„ code åº”è¯¥ä¸º200 (1631ms)
2022-05-29T13:46:22.9356070Z 
2022-05-29T13:46:22.9356406Z   æµ‹è¯•ç™»å½•æ˜¯å¦æ­£å¸¸
2022-05-29T13:46:24.4661196Z [ERR] /login/cellphone?countrycode=1&phone=3156678705&*** {
2022-05-29T13:46:24.4661598Z   status: 250,
2022-05-29T13:46:24.4662380Z   body: { loginType: 1, message: 'å½“å‰ç™»å½•å¤±è´¥ï¼Œè¯·ç¨åå†è¯•', code: 250 }
2022-05-29T13:46:24.4662680Z }
2022-05-29T13:46:24.4699137Z     1) æ‰‹æœºç™»å½• code åº”è¯¥ç­‰äº200
2022-05-29T13:46:24.4704534Z 
2022-05-29T13:46:24.4708074Z   æµ‹è¯•è·å–æ­Œè¯æ˜¯å¦æ­£å¸¸
2022-05-29T13:46:25.9407034Z [OK] /lyric?id=347230
2022-05-29T13:46:25.9422827Z     âœ“ æ•°æ®åº”è¯¥æœ‰ lrc å­—æ®µ (1471ms)
2022-05-29T13:46:25.9425552Z 
2022-05-29T13:46:25.9426503Z   æµ‹è¯•è·å–æ­Œæ›²æ˜¯å¦æ­£å¸¸
2022-05-29T13:46:27.1988233Z [OK] /song/url?id=462791935&br=999000&realIP=116.25.146.177
2022-05-29T13:46:27.2051778Z     2) æ­Œæ›²çš„ url ä¸åº”è¯¥ä¸ºç©º
2022-05-29T13:46:27.2052167Z 
2022-05-29T13:46:27.2052697Z   æµ‹è¯•æœç´¢æ˜¯å¦æ­£å¸¸
2022-05-29T13:46:28.2526842Z [OK] /search?keywords=æµ·é˜”å¤©ç©º&type=1
2022-05-29T13:46:28.2550728Z     âœ“ è·å–åˆ°çš„æ•°æ®çš„ name åº”è¯¥å’Œæœç´¢å…³é”®è¯ä¸€è‡´ (1051ms)
2022-05-29T13:46:28.2555559Z 
2022-05-29T13:46:28.2557800Z   methods in server.js
2022-05-29T13:46:28.2561933Z     âœ“ has serveNcmApi
2022-05-29T13:46:28.2565963Z     âœ“ has getModulesDefinitions
2022-05-29T13:46:28.2568354Z 
2022-05-29T13:46:28.2570114Z   methods in module
2022-05-29T13:46:28.2573656Z     âœ“ has activate_init_profile
2022-05-29T13:46:28.2590172Z 
2022-05-29T13:46:28.2590298Z 
2022-05-29T13:46:28.2590585Z   7 passing (9s)
2022-05-29T13:46:28.2590942Z   2 failing
2022-05-29T13:46:28.2591251Z 
2022-05-29T13:46:28.2591601Z   1) æµ‹è¯•ç™»å½•æ˜¯å¦æ­£å¸¸
2022-05-29T13:46:28.2592031Z        æ‰‹æœºç™»å½• code åº”è¯¥ç­‰äº200:
2022-05-29T13:46:28.2592583Z      Error: done() invoked with non-Error: ç™»å½•é”™è¯¯
2022-05-29T13:46:28.2593190Z       at /home/runner/work/NeteaseCloudMusicApi/NeteaseCloudMusicApi/test/login.test.js:28:11
2022-05-29T13:46:28.2594254Z       at processTicksAndRejections (internal/process/task_queues.js:97:5)
2022-05-29T13:46:28.2594603Z 
2022-05-29T13:46:28.2594859Z   2) æµ‹è¯•è·å–æ­Œæ›²æ˜¯å¦æ­£å¸¸
2022-05-29T13:46:28.2595418Z        æ­Œæ›²çš„ url ä¸åº”è¯¥ä¸ºç©º:
2022-05-29T13:46:28.2595970Z      TypeError: Cannot read property 'url' of undefined
2022-05-29T13:46:28.2596581Z       at /home/runner/work/NeteaseCloudMusicApi/NeteaseCloudMusicApi/test/music_url.test.js:19:20
2022-05-29T13:46:28.2597213Z       at processTicksAndRejections (internal/process/task_queues.js:97:5)
2022-05-29T13:46:28.2597551Z 
2022-05-29T13:46:28.2597639Z 
2022-05-29T13:46:28.2597728Z 
2022-05-29T13:46:28.2668793Z npm ERR! Test failed.  See above for more details.
2022-05-29T13:46:28.2738620Z ##[error]Process completed with exit code 1.
2022-05-29T13:46:28.2796671Z Post job cleanup.
2022-05-29T13:46:28.4021433Z [command]/usr/bin/git version
2022-05-29T13:46:28.4073337Z git version 2.36.1
2022-05-29T13:46:28.4118507Z Temporarily overriding HOME='/home/runner/work/_temp/71768d90-9ba9-4975-b71e-0a72066bd218' before making global git config changes
2022-05-29T13:46:28.4119378Z Adding repository directory to the temporary git global config as a safe directory
2022-05-29T13:46:28.4123983Z [command]/usr/bin/git config --global --add safe.directory /home/runner/work/NeteaseCloudMusicApi/NeteaseCloudMusicApi
2022-05-29T13:46:28.4166230Z [command]/usr/bin/git config --local --name-only --get-regexp core\.sshCommand
2022-05-29T13:46:28.4203901Z [command]/usr/bin/git submodule foreach --recursive git config --local --name-only --get-regexp 'core\.sshCommand' && git config --local --unset-all 'core.sshCommand' || :
2022-05-29T13:46:28.4434304Z [command]/usr/bin/git config --local --name-only --get-regexp http\.https\:\/\/github\.com\/\.extraheader
2022-05-29T13:46:28.4464859Z http.https://github.com/.extraheader
2022-05-29T13:46:28.4477204Z [command]/usr/bin/git config --local --unset-all http.https://github.com/.extraheader
2022-05-29T13:46:28.4517462Z [command]/usr/bin/git submodule foreach --recursive git config --local --name-only --get-regexp 'http\.https\:\/\/github\.com\/\.extraheader' && git config --local --unset-all 'http.https://github.com/.extraheader' || :
2022-05-29T13:46:28.4999055Z Cleaning up orphan processes