2022-05-30T04:51:24.0157124Z Requested labels: ubuntu-latest
2022-05-30T04:51:24.0157202Z Job defined at: dherault/serverless-offline/.github/workflows/validate.yml@refs/pull/1397/merge
2022-05-30T04:51:24.0157224Z Waiting for a runner to pick up this job...
2022-05-30T04:51:25.1474777Z Job is waiting for a hosted runner to come online.
2022-05-30T04:51:27.8575447Z Job is about to start running on the hosted runner: GitHub Actions 3 (hosted)
2022-05-30T04:51:31.6777923Z Current runner version: '2.291.1'
2022-05-30T04:51:31.6808009Z ##[group]Operating System
2022-05-30T04:51:31.6809020Z Ubuntu
2022-05-30T04:51:31.6809326Z 20.04.4
2022-05-30T04:51:31.6809664Z LTS
2022-05-30T04:51:31.6810159Z ##[endgroup]
2022-05-30T04:51:31.6810492Z ##[group]Virtual Environment
2022-05-30T04:51:31.6810930Z Environment: ubuntu-20.04
2022-05-30T04:51:31.6811320Z Version: 20220515.1
2022-05-30T04:51:31.6811987Z Included Software: https://github.com/actions/virtual-environments/blob/ubuntu20/20220515.1/images/linux/Ubuntu2004-Readme.md
2022-05-30T04:51:31.6812702Z Image Release: https://github.com/actions/virtual-environments/releases/tag/ubuntu20%2F20220515.1
2022-05-30T04:51:31.6813231Z ##[endgroup]
2022-05-30T04:51:31.6813641Z ##[group]Virtual Environment Provisioner
2022-05-30T04:51:31.6814027Z 1.0.0.0-main-20220516-1
2022-05-30T04:51:31.6814462Z ##[endgroup]
2022-05-30T04:51:31.6815588Z ##[group]GITHUB_TOKEN Permissions
2022-05-30T04:51:31.6817069Z Actions: read
2022-05-30T04:51:31.6817633Z Checks: read
2022-05-30T04:51:31.6818225Z Contents: read
2022-05-30T04:51:31.6818547Z Deployments: read
2022-05-30T04:51:31.6818927Z Discussions: read
2022-05-30T04:51:31.6819281Z Issues: read
2022-05-30T04:51:31.6819682Z Metadata: read
2022-05-30T04:51:31.6819996Z Packages: read
2022-05-30T04:51:31.6820347Z Pages: read
2022-05-30T04:51:31.6820726Z PullRequests: read
2022-05-30T04:51:31.6821074Z RepositoryProjects: read
2022-05-30T04:51:31.6821524Z SecurityEvents: read
2022-05-30T04:51:31.6821898Z Statuses: read
2022-05-30T04:51:31.6822221Z ##[endgroup]
2022-05-30T04:51:31.6826520Z Secret source: None
2022-05-30T04:51:31.6827248Z Prepare workflow directory
2022-05-30T04:51:31.8131326Z Prepare all required actions
2022-05-30T04:51:31.8359135Z Getting action download info
2022-05-30T04:51:32.0927663Z Download action repository 'actions/checkout@v3' (SHA:2541b1294d2704b0964813337f33b291d3f8596b)
2022-05-30T04:51:32.7505705Z Download action repository 'actions/cache@v3' (SHA:48af2dc4a9e8278b89d7fa154b955c30c6aaab09)
2022-05-30T04:51:33.2738702Z Download action repository 'actions/setup-node@v3' (SHA:17f8bd926464a1afa4c6a11669539e9c1ba77048)
2022-05-30T04:51:34.0944900Z ##[group]Run actions/checkout@v3
2022-05-30T04:51:34.0945314Z with:
2022-05-30T04:51:34.0945582Z   fetch-depth: 30
2022-05-30T04:51:34.0945916Z   repository: dherault/serverless-offline
2022-05-30T04:51:34.0946554Z   token: ***
2022-05-30T04:51:34.0946813Z   ssh-strict: true
2022-05-30T04:51:34.0947115Z   persist-credentials: true
2022-05-30T04:51:34.0947406Z   clean: true
2022-05-30T04:51:34.0947632Z   lfs: false
2022-05-30T04:51:34.0947886Z   submodules: false
2022-05-30T04:51:34.0948179Z   set-safe-directory: true
2022-05-30T04:51:34.0948453Z env:
2022-05-30T04:51:34.0948698Z   FORCE_COLOR: 1
2022-05-30T04:51:34.0948963Z ##[endgroup]
2022-05-30T04:51:34.4502498Z Syncing repository: dherault/serverless-offline
2022-05-30T04:51:34.4505113Z ##[group]Getting Git version info
2022-05-30T04:51:34.4506128Z Working directory is '/home/runner/work/serverless-offline/serverless-offline'
2022-05-30T04:51:34.4507886Z [command]/usr/bin/git version
2022-05-30T04:51:34.4680117Z git version 2.36.1
2022-05-30T04:51:34.4726132Z ##[endgroup]
2022-05-30T04:51:34.4752823Z Temporarily overriding HOME='/home/runner/work/_temp/ba9b2cb4-c042-4e4e-9b23-13bea2b02fdf' before making global git config changes
2022-05-30T04:51:34.4755169Z Adding repository directory to the temporary git global config as a safe directory
2022-05-30T04:51:34.4762260Z [command]/usr/bin/git config --global --add safe.directory /home/runner/work/serverless-offline/serverless-offline
2022-05-30T04:51:34.4817547Z Deleting the contents of '/home/runner/work/serverless-offline/serverless-offline'
2022-05-30T04:51:34.4824215Z ##[group]Initializing the repository
2022-05-30T04:51:34.4830237Z [command]/usr/bin/git init /home/runner/work/serverless-offline/serverless-offline
2022-05-30T04:51:34.4911954Z hint: Using 'master' as the name for the initial branch. This default branch name
2022-05-30T04:51:34.4913810Z hint: is subject to change. To configure the initial branch name to use in all
2022-05-30T04:51:34.4915117Z hint: of your new repositories, which will suppress this warning, call:
2022-05-30T04:51:34.4915900Z hint: 
2022-05-30T04:51:34.4916662Z hint: 	git config --global init.defaultBranch <name>
2022-05-30T04:51:34.4918287Z hint: 
2022-05-30T04:51:34.4919132Z hint: Names commonly chosen instead of 'master' are 'main', 'trunk' and
2022-05-30T04:51:34.4919997Z hint: 'development'. The just-created branch can be renamed via this command:
2022-05-30T04:51:34.4920578Z hint: 
2022-05-30T04:51:34.4921023Z hint: 	git branch -m <name>
2022-05-30T04:51:34.4929163Z Initialized empty Git repository in /home/runner/work/serverless-offline/serverless-offline/.git/
2022-05-30T04:51:34.4939153Z [command]/usr/bin/git remote add origin https://github.com/dherault/serverless-offline
2022-05-30T04:51:34.4991944Z ##[endgroup]
2022-05-30T04:51:34.4992981Z ##[group]Disabling automatic garbage collection
2022-05-30T04:51:34.5000052Z [command]/usr/bin/git config --local gc.auto 0
2022-05-30T04:51:34.5046496Z ##[endgroup]
2022-05-30T04:51:34.5047336Z ##[group]Setting up auth
2022-05-30T04:51:34.5059474Z [command]/usr/bin/git config --local --name-only --get-regexp core\.sshCommand
2022-05-30T04:51:34.5105141Z [command]/usr/bin/git submodule foreach --recursive git config --local --name-only --get-regexp 'core\.sshCommand' && git config --local --unset-all 'core.sshCommand' || :
2022-05-30T04:51:34.5544951Z [command]/usr/bin/git config --local --name-only --get-regexp http\.https\:\/\/github\.com\/\.extraheader
2022-05-30T04:51:34.5647421Z [command]/usr/bin/git submodule foreach --recursive git config --local --name-only --get-regexp 'http\.https\:\/\/github\.com\/\.extraheader' && git config --local --unset-all 'http.https://github.com/.extraheader' || :
2022-05-30T04:51:34.5930899Z [command]/usr/bin/git config --local http.https://github.com/.extraheader AUTHORIZATION: basic ***
2022-05-30T04:51:34.5978582Z ##[endgroup]
2022-05-30T04:51:34.5979516Z ##[group]Fetching the repository
2022-05-30T04:51:34.5993391Z [command]/usr/bin/git -c protocol.version=2 fetch --no-tags --prune --progress --no-recurse-submodules --depth=30 origin +3d00943f4c80938ac5f91d48867abed760071be0:refs/remotes/pull/1397/merge
2022-05-30T04:51:35.0004299Z remote: Enumerating objects: 1551, done.        
2022-05-30T04:51:35.0004717Z remote: Counting objects:   0% (1/1551)        
2022-05-30T04:51:35.0005070Z remote: Counting objects:   1% (16/1551)        
2022-05-30T04:51:35.0005416Z remote: Counting objects:   2% (32/1551)        
2022-05-30T04:51:35.0005758Z remote: Counting objects:   3% (47/1551)        
2022-05-30T04:51:35.0006083Z remote: Counting objects:   4% (63/1551)        
2022-05-30T04:51:35.0006417Z remote: Counting objects:   5% (78/1551)        
2022-05-30T04:51:35.0006759Z remote: Counting objects:   6% (94/1551)        
2022-05-30T04:51:35.0007083Z remote: Counting objects:   7% (109/1551)        
2022-05-30T04:51:35.0007424Z remote: Counting objects:   8% (125/1551)        
2022-05-30T04:51:35.0007778Z remote: Counting objects:   9% (140/1551)        
2022-05-30T04:51:35.0008129Z remote: Counting objects:  10% (156/1551)        
2022-05-30T04:51:35.0008720Z remote: Counting objects:  11% (171/1551)        
2022-05-30T04:51:35.0009096Z remote: Counting objects:  12% (187/1551)        
2022-05-30T04:51:35.0009431Z remote: Counting objects:  13% (202/1551)        
2022-05-30T04:51:35.0009751Z remote: Counting objects:  14% (218/1551)        
2022-05-30T04:51:35.0010085Z remote: Counting objects:  15% (233/1551)        
2022-05-30T04:51:35.0010420Z remote: Counting objects:  16% (249/1551)        
2022-05-30T04:51:35.0010740Z remote: Counting objects:  17% (264/1551)        
2022-05-30T04:51:35.0011076Z remote: Counting objects:  18% (280/1551)        
2022-05-30T04:51:35.0011407Z remote: Counting objects:  19% (295/1551)        
2022-05-30T04:51:35.0011727Z remote: Counting objects:  20% (311/1551)        
2022-05-30T04:51:35.0012061Z remote: Counting objects:  21% (326/1551)        
2022-05-30T04:51:35.0012687Z remote: Counting objects:  22% (342/1551)        
2022-05-30T04:51:35.0013028Z remote: Counting objects:  23% (357/1551)        
2022-05-30T04:51:35.0013348Z remote: Counting objects:  24% (373/1551)        
2022-05-30T04:51:35.0013680Z remote: Counting objects:  25% (388/1551)        
2022-05-30T04:51:35.0014015Z remote: Counting objects:  26% (404/1551)        
2022-05-30T04:51:35.0014335Z remote: Counting objects:  27% (419/1551)        
2022-05-30T04:51:35.0014694Z remote: Counting objects:  28% (435/1551)        
2022-05-30T04:51:35.0015030Z remote: Counting objects:  29% (450/1551)        
2022-05-30T04:51:35.0015344Z remote: Counting objects:  30% (466/1551)        
2022-05-30T04:51:35.0015675Z remote: Counting objects:  31% (481/1551)        
2022-05-30T04:51:35.0016011Z remote: Counting objects:  32% (497/1551)        
2022-05-30T04:51:35.0016327Z remote: Counting objects:  33% (512/1551)        
2022-05-30T04:51:35.0016664Z remote: Counting objects:  34% (528/1551)        
2022-05-30T04:51:35.0017004Z remote: Counting objects:  35% (543/1551)        
2022-05-30T04:51:35.0017340Z remote: Counting objects:  36% (559/1551)        
2022-05-30T04:51:35.0017659Z remote: Counting objects:  37% (574/1551)        
2022-05-30T04:51:35.0017989Z remote: Counting objects:  38% (590/1551)        
2022-05-30T04:51:35.0018319Z remote: Counting objects:  39% (605/1551)        
2022-05-30T04:51:35.0018632Z remote: Counting objects:  40% (621/1551)        
2022-05-30T04:51:35.0018962Z remote: Counting objects:  41% (636/1551)        
2022-05-30T04:51:35.0019293Z remote: Counting objects:  42% (652/1551)        
2022-05-30T04:51:35.0019606Z remote: Counting objects:  43% (667/1551)        
2022-05-30T04:51:35.0019939Z remote: Counting objects:  44% (683/1551)        
2022-05-30T04:51:35.0020263Z remote: Counting objects:  45% (698/1551)        
2022-05-30T04:51:35.0020593Z remote: Counting objects:  46% (714/1551)        
2022-05-30T04:51:35.0020911Z remote: Counting objects:  47% (729/1551)        
2022-05-30T04:51:35.0021245Z remote: Counting objects:  48% (745/1551)        
2022-05-30T04:51:35.0021691Z remote: Counting objects:  49% (760/1551)        
2022-05-30T04:51:35.0022044Z remote: Counting objects:  50% (776/1551)        
2022-05-30T04:51:35.0022373Z remote: Counting objects:  51% (792/1551)        
2022-05-30T04:51:35.0022703Z remote: Counting objects:  52% (807/1551)        
2022-05-30T04:51:35.0023017Z remote: Counting objects:  53% (823/1551)        
2022-05-30T04:51:35.0023345Z remote: Counting objects:  54% (838/1551)        
2022-05-30T04:51:35.0023672Z remote: Counting objects:  55% (854/1551)        
2022-05-30T04:51:35.0023985Z remote: Counting objects:  56% (869/1551)        
2022-05-30T04:51:35.0024317Z remote: Counting objects:  57% (885/1551)        
2022-05-30T04:51:35.0024648Z remote: Counting objects:  58% (900/1551)        
2022-05-30T04:51:35.0024976Z remote: Counting objects:  59% (916/1551)        
2022-05-30T04:51:35.0025289Z remote: Counting objects:  60% (931/1551)        
2022-05-30T04:51:35.0025624Z remote: Counting objects:  61% (947/1551)        
2022-05-30T04:51:35.0025957Z remote: Counting objects:  62% (962/1551)        
2022-05-30T04:51:35.0026271Z remote: Counting objects:  63% (978/1551)        
2022-05-30T04:51:35.0026610Z remote: Counting objects:  64% (993/1551)        
2022-05-30T04:51:35.0026948Z remote: Counting objects:  65% (1009/1551)        
2022-05-30T04:51:35.0027296Z remote: Counting objects:  66% (1024/1551)        
2022-05-30T04:51:35.0027625Z remote: Counting objects:  67% (1040/1551)        
2022-05-30T04:51:35.0027969Z remote: Counting objects:  68% (1055/1551)        
2022-05-30T04:51:35.0028312Z remote: Counting objects:  69% (1071/1551)        
2022-05-30T04:51:35.0028631Z remote: Counting objects:  70% (1086/1551)        
2022-05-30T04:51:35.0028967Z remote: Counting objects:  71% (1102/1551)        
2022-05-30T04:51:35.0029307Z remote: Counting objects:  72% (1117/1551)        
2022-05-30T04:51:35.0029642Z remote: Counting objects:  73% (1133/1551)        
2022-05-30T04:51:35.0030086Z remote: Counting objects:  74% (1148/1551)        
2022-05-30T04:51:35.0030429Z remote: Counting objects:  75% (1164/1551)        
2022-05-30T04:51:35.0030766Z remote: Counting objects:  76% (1179/1551)        
2022-05-30T04:51:35.0031086Z remote: Counting objects:  77% (1195/1551)        
2022-05-30T04:51:35.0031422Z remote: Counting objects:  78% (1210/1551)        
2022-05-30T04:51:35.0031760Z remote: Counting objects:  79% (1226/1551)        
2022-05-30T04:51:35.0032079Z remote: Counting objects:  80% (1241/1551)        
2022-05-30T04:51:35.0032416Z remote: Counting objects:  81% (1257/1551)        
2022-05-30T04:51:35.0032751Z remote: Counting objects:  82% (1272/1551)        
2022-05-30T04:51:35.0033088Z remote: Counting objects:  83% (1288/1551)        
2022-05-30T04:51:35.0033406Z remote: Counting objects:  84% (1303/1551)        
2022-05-30T04:51:35.0033740Z remote: Counting objects:  85% (1319/1551)        
2022-05-30T04:51:35.0034083Z remote: Counting objects:  86% (1334/1551)        
2022-05-30T04:51:35.0034405Z remote: Counting objects:  87% (1350/1551)        
2022-05-30T04:51:35.0034740Z remote: Counting objects:  88% (1365/1551)        
2022-05-30T04:51:35.0035072Z remote: Counting objects:  89% (1381/1551)        
2022-05-30T04:51:35.0035390Z remote: Counting objects:  90% (1396/1551)        
2022-05-30T04:51:35.0035728Z remote: Counting objects:  91% (1412/1551)        
2022-05-30T04:51:35.0036059Z remote: Counting objects:  92% (1427/1551)        
2022-05-30T04:51:35.0036394Z remote: Counting objects:  93% (1443/1551)        
2022-05-30T04:51:35.0036709Z remote: Counting objects:  94% (1458/1551)        
2022-05-30T04:51:35.0037041Z remote: Counting objects:  95% (1474/1551)        
2022-05-30T04:51:35.0037374Z remote: Counting objects:  96% (1489/1551)        
2022-05-30T04:51:35.0037692Z remote: Counting objects:  97% (1505/1551)        
2022-05-30T04:51:35.0038028Z remote: Counting objects:  98% (1520/1551)        
2022-05-30T04:51:35.0038368Z remote: Counting objects:  99% (1536/1551)        
2022-05-30T04:51:35.0038768Z remote: Counting objects: 100% (1551/1551)        
2022-05-30T04:51:35.0039150Z remote: Counting objects: 100% (1551/1551), done.        
2022-05-30T04:51:35.0039514Z remote: Compressing objects:   0% (1/894)        
2022-05-30T04:51:35.0039849Z remote: Compressing objects:   1% (9/894)        
2022-05-30T04:51:35.0714340Z remote: Compressing objects:   2% (18/894)        
2022-05-30T04:51:35.1232454Z remote: Compressing objects:   3% (27/894)        
2022-05-30T04:51:35.1233370Z remote: Compressing objects:   4% (36/894)        
2022-05-30T04:51:35.1234141Z remote: Compressing objects:   5% (45/894)        
2022-05-30T04:51:35.1234900Z remote: Compressing objects:   6% (54/894)        
2022-05-30T04:51:35.1238998Z remote: Compressing objects:   7% (63/894)        
2022-05-30T04:51:35.1243638Z remote: Compressing objects:   8% (72/894)        
2022-05-30T04:51:35.1259507Z remote: Compressing objects:   9% (81/894)        
2022-05-30T04:51:35.1260288Z remote: Compressing objects:  10% (90/894)        
2022-05-30T04:51:35.1260692Z remote: Compressing objects:  11% (99/894)        
2022-05-30T04:51:35.1266023Z remote: Compressing objects:  12% (108/894)        
2022-05-30T04:51:35.1277565Z remote: Compressing objects:  13% (117/894)        
2022-05-30T04:51:35.1283408Z remote: Compressing objects:  14% (126/894)        
2022-05-30T04:51:35.1291507Z remote: Compressing objects:  15% (135/894)        
2022-05-30T04:51:35.1300808Z remote: Compressing objects:  16% (144/894)        
2022-05-30T04:51:35.1304524Z remote: Compressing objects:  17% (152/894)        
2022-05-30T04:51:35.1313155Z remote: Compressing objects:  18% (161/894)        
2022-05-30T04:51:35.1318648Z remote: Compressing objects:  19% (170/894)        
2022-05-30T04:51:35.1322566Z remote: Compressing objects:  20% (179/894)        
2022-05-30T04:51:35.1328708Z remote: Compressing objects:  21% (188/894)        
2022-05-30T04:51:35.1340246Z remote: Compressing objects:  22% (197/894)        
2022-05-30T04:51:35.1346202Z remote: Compressing objects:  23% (206/894)        
2022-05-30T04:51:35.1346598Z remote: Compressing objects:  24% (215/894)        
2022-05-30T04:51:35.1353227Z remote: Compressing objects:  25% (224/894)        
2022-05-30T04:51:35.1420428Z remote: Compressing objects:  26% (233/894)        
2022-05-30T04:51:35.1421059Z remote: Compressing objects:  27% (242/894)        
2022-05-30T04:51:35.1422676Z remote: Compressing objects:  28% (251/894)        
2022-05-30T04:51:35.1423440Z remote: Compressing objects:  29% (260/894)        
2022-05-30T04:51:35.1423824Z remote: Compressing objects:  30% (269/894)        
2022-05-30T04:51:35.1424185Z remote: Compressing objects:  31% (278/894)        
2022-05-30T04:51:35.1424562Z remote: Compressing objects:  32% (287/894)        
2022-05-30T04:51:35.1425655Z remote: Compressing objects:  33% (296/894)        
2022-05-30T04:51:35.1426226Z remote: Compressing objects:  34% (304/894)        
2022-05-30T04:51:35.1429497Z remote: Compressing objects:  35% (313/894)        
2022-05-30T04:51:35.1429920Z remote: Compressing objects:  36% (322/894)        
2022-05-30T04:51:35.1430301Z remote: Compressing objects:  37% (331/894)        
2022-05-30T04:51:35.1467884Z remote: Compressing objects:  38% (340/894)        
2022-05-30T04:51:35.1475062Z remote: Compressing objects:  39% (349/894)        
2022-05-30T04:51:35.1478005Z remote: Compressing objects:  40% (358/894)        
2022-05-30T04:51:35.1479887Z remote: Compressing objects:  41% (367/894)        
2022-05-30T04:51:35.1482433Z remote: Compressing objects:  42% (376/894)        
2022-05-30T04:51:35.1483019Z remote: Compressing objects:  43% (385/894)        
2022-05-30T04:51:35.1484301Z remote: Compressing objects:  44% (394/894)        
2022-05-30T04:51:35.1484931Z remote: Compressing objects:  45% (403/894)        
2022-05-30T04:51:35.1486911Z remote: Compressing objects:  46% (412/894)        
2022-05-30T04:51:35.1489866Z remote: Compressing objects:  47% (421/894)        
2022-05-30T04:51:35.1492038Z remote: Compressing objects:  48% (430/894)        
2022-05-30T04:51:35.1492853Z remote: Compressing objects:  49% (439/894)        
2022-05-30T04:51:35.1493447Z remote: Compressing objects:  50% (447/894)        
2022-05-30T04:51:35.1494198Z remote: Compressing objects:  51% (456/894)        
2022-05-30T04:51:35.1495888Z remote: Compressing objects:  52% (465/894)        
2022-05-30T04:51:35.1496277Z remote: Compressing objects:  53% (474/894)        
2022-05-30T04:51:35.1498039Z remote: Compressing objects:  54% (483/894)        
2022-05-30T04:51:35.1498552Z remote: Compressing objects:  55% (492/894)        
2022-05-30T04:51:35.1498926Z remote: Compressing objects:  56% (501/894)        
2022-05-30T04:51:35.1499281Z remote: Compressing objects:  57% (510/894)        
2022-05-30T04:51:35.1499652Z remote: Compressing objects:  58% (519/894)        
2022-05-30T04:51:35.1501143Z remote: Compressing objects:  59% (528/894)        
2022-05-30T04:51:35.1501803Z remote: Compressing objects:  60% (537/894)        
2022-05-30T04:51:35.1502610Z remote: Compressing objects:  61% (546/894)        
2022-05-30T04:51:35.1502989Z remote: Compressing objects:  62% (555/894)        
2022-05-30T04:51:35.1503606Z remote: Compressing objects:  63% (564/894)        
2022-05-30T04:51:35.1504453Z remote: Compressing objects:  64% (573/894)        
2022-05-30T04:51:35.1505903Z remote: Compressing objects:  65% (582/894)        
2022-05-30T04:51:35.1507358Z remote: Compressing objects:  66% (591/894)        
2022-05-30T04:51:35.1509704Z remote: Compressing objects:  67% (599/894)        
2022-05-30T04:51:35.1510151Z remote: Compressing objects:  68% (608/894)        
2022-05-30T04:51:35.1510641Z remote: Compressing objects:  69% (617/894)        
2022-05-30T04:51:35.1511254Z remote: Compressing objects:  70% (626/894)        
2022-05-30T04:51:35.1514136Z remote: Compressing objects:  71% (635/894)        
2022-05-30T04:51:35.1514570Z remote: Compressing objects:  72% (644/894)        
2022-05-30T04:51:35.1515373Z remote: Compressing objects:  73% (653/894)        
2022-05-30T04:51:35.1519034Z remote: Compressing objects:  74% (662/894)        
2022-05-30T04:51:35.1519872Z remote: Compressing objects:  75% (671/894)        
2022-05-30T04:51:35.1520627Z remote: Compressing objects:  76% (680/894)        
2022-05-30T04:51:35.1521342Z remote: Compressing objects:  77% (689/894)        
2022-05-30T04:51:35.1524153Z remote: Compressing objects:  78% (698/894)        
2022-05-30T04:51:35.1524851Z remote: Compressing objects:  79% (707/894)        
2022-05-30T04:51:35.1525619Z remote: Compressing objects:  80% (716/894)        
2022-05-30T04:51:35.1526728Z remote: Compressing objects:  81% (725/894)        
2022-05-30T04:51:35.1527108Z remote: Compressing objects:  82% (734/894)        
2022-05-30T04:51:35.1527448Z remote: Compressing objects:  83% (743/894)        
2022-05-30T04:51:35.1527805Z remote: Compressing objects:  84% (751/894)        
2022-05-30T04:51:35.1529796Z remote: Compressing objects:  85% (760/894)        
2022-05-30T04:51:35.1530251Z remote: Compressing objects:  86% (769/894)        
2022-05-30T04:51:35.1530616Z remote: Compressing objects:  87% (778/894)        
2022-05-30T04:51:35.1530971Z remote: Compressing objects:  88% (787/894)        
2022-05-30T04:51:35.1531328Z remote: Compressing objects:  89% (796/894)        
2022-05-30T04:51:35.1531699Z remote: Compressing objects:  90% (805/894)        
2022-05-30T04:51:35.1532039Z remote: Compressing objects:  91% (814/894)        
2022-05-30T04:51:35.1532386Z remote: Compressing objects:  92% (823/894)        
2022-05-30T04:51:35.1532738Z remote: Compressing objects:  93% (832/894)        
2022-05-30T04:51:35.1533089Z remote: Compressing objects:  94% (841/894)        
2022-05-30T04:51:35.1533423Z remote: Compressing objects:  95% (850/894)        
2022-05-30T04:51:35.1535188Z remote: Compressing objects:  96% (859/894)        
2022-05-30T04:51:35.1535912Z remote: Compressing objects:  97% (868/894)        
2022-05-30T04:51:35.1536889Z remote: Compressing objects:  98% (877/894)        
2022-05-30T04:51:35.1537953Z remote: Compressing objects:  99% (886/894)        
2022-05-30T04:51:35.1538715Z remote: Compressing objects: 100% (894/894)        
2022-05-30T04:51:35.1539493Z remote: Compressing objects: 100% (894/894), done.        
2022-05-30T04:51:35.1913689Z Receiving objects:   0% (1/1551)
2022-05-30T04:51:35.1921191Z Receiving objects:   1% (16/1551)
2022-05-30T04:51:35.1921537Z Receiving objects:   2% (32/1551)
2022-05-30T04:51:35.1926051Z Receiving objects:   3% (47/1551)
2022-05-30T04:51:35.1926379Z Receiving objects:   4% (63/1551)
2022-05-30T04:51:35.1926682Z Receiving objects:   5% (78/1551)
2022-05-30T04:51:35.1926986Z Receiving objects:   6% (94/1551)
2022-05-30T04:51:35.2048805Z Receiving objects:   7% (109/1551)
2022-05-30T04:51:35.2054522Z Receiving objects:   8% (125/1551)
2022-05-30T04:51:35.2058248Z Receiving objects:   9% (140/1551)
2022-05-30T04:51:35.2061741Z Receiving objects:  10% (156/1551)
2022-05-30T04:51:35.2065038Z Receiving objects:  11% (171/1551)
2022-05-30T04:51:35.2068868Z Receiving objects:  12% (187/1551)
2022-05-30T04:51:35.2072712Z Receiving objects:  13% (202/1551)
2022-05-30T04:51:35.2077317Z Receiving objects:  14% (218/1551)
2022-05-30T04:51:35.2080660Z Receiving objects:  15% (233/1551)
2022-05-30T04:51:35.2084226Z Receiving objects:  16% (249/1551)
2022-05-30T04:51:35.2087655Z Receiving objects:  17% (264/1551)
2022-05-30T04:51:35.2092681Z Receiving objects:  18% (280/1551)
2022-05-30T04:51:35.2095756Z Receiving objects:  19% (295/1551)
2022-05-30T04:51:35.2099574Z Receiving objects:  20% (311/1551)
2022-05-30T04:51:35.2102687Z Receiving objects:  21% (326/1551)
2022-05-30T04:51:35.2157019Z Receiving objects:  22% (342/1551)
2022-05-30T04:51:35.2158419Z Receiving objects:  23% (357/1551)
2022-05-30T04:51:35.2162778Z Receiving objects:  24% (373/1551)
2022-05-30T04:51:35.2166278Z Receiving objects:  25% (388/1551)
2022-05-30T04:51:35.2167273Z Receiving objects:  26% (404/1551)
2022-05-30T04:51:35.2170841Z Receiving objects:  27% (419/1551)
2022-05-30T04:51:35.2174512Z Receiving objects:  28% (435/1551)
2022-05-30T04:51:35.2176498Z Receiving objects:  29% (450/1551)
2022-05-30T04:51:35.2240446Z Receiving objects:  30% (466/1551)
2022-05-30T04:51:35.2244376Z Receiving objects:  31% (481/1551)
2022-05-30T04:51:35.2245480Z Receiving objects:  32% (497/1551)
2022-05-30T04:51:35.2258780Z Receiving objects:  33% (512/1551)
2022-05-30T04:51:35.2259505Z Receiving objects:  34% (528/1551)
2022-05-30T04:51:35.3666385Z Receiving objects:  35% (543/1551)
2022-05-30T04:51:35.3846219Z Receiving objects:  36% (559/1551)
2022-05-30T04:51:35.4030454Z Receiving objects:  37% (574/1551)
2022-05-30T04:51:35.4034870Z Receiving objects:  38% (590/1551)
2022-05-30T04:51:35.4041630Z Receiving objects:  39% (605/1551)
2022-05-30T04:51:35.4042243Z Receiving objects:  40% (621/1551)
2022-05-30T04:51:35.4042649Z Receiving objects:  41% (636/1551)
2022-05-30T04:51:35.4043044Z Receiving objects:  42% (652/1551)
2022-05-30T04:51:35.4043395Z Receiving objects:  43% (667/1551)
2022-05-30T04:51:35.4043801Z Receiving objects:  44% (683/1551)
2022-05-30T04:51:35.4048949Z Receiving objects:  45% (698/1551)
2022-05-30T04:51:35.4049350Z Receiving objects:  46% (714/1551)
2022-05-30T04:51:35.4054159Z Receiving objects:  47% (729/1551)
2022-05-30T04:51:35.4192671Z Receiving objects:  48% (745/1551)
2022-05-30T04:51:35.4199298Z Receiving objects:  49% (760/1551)
2022-05-30T04:51:35.4204373Z Receiving objects:  50% (776/1551)
2022-05-30T04:51:35.4209668Z Receiving objects:  51% (792/1551)
2022-05-30T04:51:35.4211880Z Receiving objects:  52% (807/1551)
2022-05-30T04:51:35.4217562Z Receiving objects:  53% (823/1551)
2022-05-30T04:51:35.4222823Z Receiving objects:  54% (838/1551)
2022-05-30T04:51:35.4226525Z Receiving objects:  55% (854/1551)
2022-05-30T04:51:35.4231678Z Receiving objects:  56% (869/1551)
2022-05-30T04:51:35.4234668Z Receiving objects:  57% (885/1551)
2022-05-30T04:51:35.4240050Z Receiving objects:  58% (900/1551)
2022-05-30T04:51:35.4243996Z Receiving objects:  59% (916/1551)
2022-05-30T04:51:35.4247820Z Receiving objects:  60% (931/1551)
2022-05-30T04:51:35.4252504Z Receiving objects:  61% (947/1551)
2022-05-30T04:51:35.4256102Z Receiving objects:  62% (962/1551)
2022-05-30T04:51:35.4259070Z Receiving objects:  63% (978/1551)
2022-05-30T04:51:35.4377885Z Receiving objects:  64% (993/1551)
2022-05-30T04:51:35.4382076Z Receiving objects:  65% (1009/1551)
2022-05-30T04:51:35.4385372Z Receiving objects:  66% (1024/1551)
2022-05-30T04:51:35.4388168Z Receiving objects:  67% (1040/1551)
2022-05-30T04:51:35.4393063Z Receiving objects:  68% (1055/1551)
2022-05-30T04:51:35.4396134Z Receiving objects:  69% (1071/1551)
2022-05-30T04:51:35.4396794Z Receiving objects:  70% (1086/1551)
2022-05-30T04:51:35.4399644Z Receiving objects:  71% (1102/1551)
2022-05-30T04:51:35.4402813Z Receiving objects:  72% (1117/1551)
2022-05-30T04:51:35.4412203Z Receiving objects:  73% (1133/1551)
2022-05-30T04:51:35.4412659Z Receiving objects:  74% (1148/1551)
2022-05-30T04:51:35.4426359Z Receiving objects:  75% (1164/1551)
2022-05-30T04:51:35.4427274Z Receiving objects:  76% (1179/1551)
2022-05-30T04:51:35.4431570Z Receiving objects:  77% (1195/1551)
2022-05-30T04:51:35.4432054Z Receiving objects:  78% (1210/1551)
2022-05-30T04:51:36.1937971Z Receiving objects:  79% (1226/1551)
2022-05-30T04:51:36.4125013Z Receiving objects:  79% (1231/1551), 10.66 MiB | 10.61 MiB/s
2022-05-30T04:51:36.4128784Z Receiving objects:  80% (1241/1551), 10.66 MiB | 10.61 MiB/s
2022-05-30T04:51:36.4131218Z Receiving objects:  81% (1257/1551), 10.66 MiB | 10.61 MiB/s
2022-05-30T04:51:36.6165196Z Receiving objects:  82% (1272/1551), 10.66 MiB | 10.61 MiB/s
2022-05-30T04:51:36.6166935Z Receiving objects:  83% (1288/1551), 10.66 MiB | 10.61 MiB/s
2022-05-30T04:51:36.8547171Z Receiving objects:  84% (1303/1551), 10.66 MiB | 10.61 MiB/s
2022-05-30T04:51:36.8556965Z remote: Total 1551 (delta 809), reused 1103 (delta 565), pack-reused 0        
2022-05-30T04:51:36.8558228Z Receiving objects:  85% (1319/1551), 29.47 MiB | 19.59 MiB/s
2022-05-30T04:51:36.8559230Z Receiving objects:  86% (1334/1551), 29.47 MiB | 19.59 MiB/s
2022-05-30T04:51:36.8561315Z Receiving objects:  87% (1350/1551), 29.47 MiB | 19.59 MiB/s
2022-05-30T04:51:36.8562613Z Receiving objects:  88% (1365/1551), 29.47 MiB | 19.59 MiB/s
2022-05-30T04:51:36.8569411Z Receiving objects:  89% (1381/1551), 29.47 MiB | 19.59 MiB/s
2022-05-30T04:51:36.8572381Z Receiving objects:  90% (1396/1551), 29.47 MiB | 19.59 MiB/s
2022-05-30T04:51:36.8573426Z Receiving objects:  91% (1412/1551), 29.47 MiB | 19.59 MiB/s
2022-05-30T04:51:36.8574229Z Receiving objects:  92% (1427/1551), 29.47 MiB | 19.59 MiB/s
2022-05-30T04:51:36.8575176Z Receiving objects:  93% (1443/1551), 29.47 MiB | 19.59 MiB/s
2022-05-30T04:51:36.8575752Z Receiving objects:  94% (1458/1551), 29.47 MiB | 19.59 MiB/s
2022-05-30T04:51:36.8576648Z Receiving objects:  95% (1474/1551), 29.47 MiB | 19.59 MiB/s
2022-05-30T04:51:36.8577280Z Receiving objects:  96% (1489/1551), 29.47 MiB | 19.59 MiB/s
2022-05-30T04:51:36.8579485Z Receiving objects:  97% (1505/1551), 29.47 MiB | 19.59 MiB/s
2022-05-30T04:51:36.8582058Z Receiving objects:  98% (1520/1551), 29.47 MiB | 19.59 MiB/s
2022-05-30T04:51:36.8585719Z Receiving objects:  99% (1536/1551), 29.47 MiB | 19.59 MiB/s
2022-05-30T04:51:36.8588233Z Receiving objects: 100% (1551/1551), 29.47 MiB | 19.59 MiB/s
2022-05-30T04:51:36.8591280Z Receiving objects: 100% (1551/1551), 34.34 MiB | 20.60 MiB/s, done.
2022-05-30T04:51:36.8592000Z Resolving deltas:   0% (0/809)
2022-05-30T04:51:36.8597375Z Resolving deltas:   1% (9/809)
2022-05-30T04:51:36.8598056Z Resolving deltas:   2% (17/809)
2022-05-30T04:51:36.8601070Z Resolving deltas:   3% (25/809)
2022-05-30T04:51:36.8601770Z Resolving deltas:   4% (33/809)
2022-05-30T04:51:36.8604115Z Resolving deltas:   5% (41/809)
2022-05-30T04:51:36.8604851Z Resolving deltas:   6% (49/809)
2022-05-30T04:51:36.8606655Z Resolving deltas:   7% (57/809)
2022-05-30T04:51:36.8607428Z Resolving deltas:   8% (65/809)
2022-05-30T04:51:36.8609593Z Resolving deltas:   9% (73/809)
2022-05-30T04:51:36.8610246Z Resolving deltas:  10% (81/809)
2022-05-30T04:51:36.8611213Z Resolving deltas:  11% (89/809)
2022-05-30T04:51:36.8611882Z Resolving deltas:  12% (98/809)
2022-05-30T04:51:36.8612837Z Resolving deltas:  13% (106/809)
2022-05-30T04:51:36.8613519Z Resolving deltas:  14% (114/809)
2022-05-30T04:51:36.8614776Z Resolving deltas:  15% (122/809)
2022-05-30T04:51:36.8615110Z Resolving deltas:  16% (130/809)
2022-05-30T04:51:36.8615522Z Resolving deltas:  17% (138/809)
2022-05-30T04:51:36.8615832Z Resolving deltas:  18% (146/809)
2022-05-30T04:51:36.8616165Z Resolving deltas:  19% (154/809)
2022-05-30T04:51:36.8616485Z Resolving deltas:  20% (162/809)
2022-05-30T04:51:36.8616765Z Resolving deltas:  21% (170/809)
2022-05-30T04:51:36.8617136Z Resolving deltas:  22% (178/809)
2022-05-30T04:51:36.8617477Z Resolving deltas:  23% (187/809)
2022-05-30T04:51:36.8617758Z Resolving deltas:  24% (195/809)
2022-05-30T04:51:36.8618093Z Resolving deltas:  25% (203/809)
2022-05-30T04:51:36.8618441Z Resolving deltas:  26% (211/809)
2022-05-30T04:51:36.8618777Z Resolving deltas:  27% (219/809)
2022-05-30T04:51:36.8619103Z Resolving deltas:  28% (227/809)
2022-05-30T04:51:36.8619424Z Resolving deltas:  29% (235/809)
2022-05-30T04:51:36.8619696Z Resolving deltas:  30% (243/809)
2022-05-30T04:51:36.8620016Z Resolving deltas:  31% (251/809)
2022-05-30T04:51:36.8624999Z Resolving deltas:  32% (259/809)
2022-05-30T04:51:36.8628450Z Resolving deltas:  33% (267/809)
2022-05-30T04:51:36.8631564Z Resolving deltas:  34% (276/809)
2022-05-30T04:51:36.8634698Z Resolving deltas:  35% (284/809)
2022-05-30T04:51:36.8638371Z Resolving deltas:  36% (292/809)
2022-05-30T04:51:36.8642087Z Resolving deltas:  37% (300/809)
2022-05-30T04:51:36.8645528Z Resolving deltas:  38% (308/809)
2022-05-30T04:51:36.8649479Z Resolving deltas:  39% (316/809)
2022-05-30T04:51:36.8653226Z Resolving deltas:  40% (324/809)
2022-05-30T04:51:36.8785411Z Resolving deltas:  41% (332/809)
2022-05-30T04:51:36.8842238Z Resolving deltas:  42% (340/809)
2022-05-30T04:51:36.8879528Z Resolving deltas:  43% (348/809)
2022-05-30T04:51:36.8920486Z Resolving deltas:  44% (356/809)
2022-05-30T04:51:36.8966853Z Resolving deltas:  45% (365/809)
2022-05-30T04:51:36.8982946Z Resolving deltas:  46% (373/809)
2022-05-30T04:51:36.8985981Z Resolving deltas:  47% (381/809)
2022-05-30T04:51:36.8996463Z Resolving deltas:  48% (389/809)
2022-05-30T04:51:36.9002330Z Resolving deltas:  49% (397/809)
2022-05-30T04:51:36.9005397Z Resolving deltas:  50% (405/809)
2022-05-30T04:51:36.9016515Z Resolving deltas:  51% (413/809)
2022-05-30T04:51:36.9021828Z Resolving deltas:  52% (421/809)
2022-05-30T04:51:36.9033207Z Resolving deltas:  53% (429/809)
2022-05-30T04:51:36.9058954Z Resolving deltas:  54% (437/809)
2022-05-30T04:51:36.9061433Z Resolving deltas:  55% (445/809)
2022-05-30T04:51:36.9064658Z Resolving deltas:  56% (454/809)
2022-05-30T04:51:36.9068400Z Resolving deltas:  57% (462/809)
2022-05-30T04:51:36.9075596Z Resolving deltas:  58% (470/809)
2022-05-30T04:51:36.9076656Z Resolving deltas:  59% (478/809)
2022-05-30T04:51:36.9082137Z Resolving deltas:  60% (486/809)
2022-05-30T04:51:36.9083793Z Resolving deltas:  61% (494/809)
2022-05-30T04:51:36.9086110Z Resolving deltas:  62% (502/809)
2022-05-30T04:51:36.9086931Z Resolving deltas:  63% (510/809)
2022-05-30T04:51:36.9093630Z Resolving deltas:  64% (518/809)
2022-05-30T04:51:36.9094521Z Resolving deltas:  65% (526/809)
2022-05-30T04:51:36.9100234Z Resolving deltas:  66% (534/809)
2022-05-30T04:51:36.9100999Z Resolving deltas:  67% (543/809)
2022-05-30T04:51:36.9106218Z Resolving deltas:  68% (551/809)
2022-05-30T04:51:36.9106941Z Resolving deltas:  69% (559/809)
2022-05-30T04:51:36.9108352Z Resolving deltas:  70% (567/809)
2022-05-30T04:51:36.9109395Z Resolving deltas:  71% (575/809)
2022-05-30T04:51:36.9110093Z Resolving deltas:  72% (583/809)
2022-05-30T04:51:36.9110604Z Resolving deltas:  73% (591/809)
2022-05-30T04:51:36.9111166Z Resolving deltas:  74% (599/809)
2022-05-30T04:51:36.9111704Z Resolving deltas:  75% (607/809)
2022-05-30T04:51:36.9112272Z Resolving deltas:  76% (615/809)
2022-05-30T04:51:36.9113034Z Resolving deltas:  77% (623/809)
2022-05-30T04:51:36.9113688Z Resolving deltas:  78% (632/809)
2022-05-30T04:51:36.9114244Z Resolving deltas:  79% (640/809)
2022-05-30T04:51:36.9114714Z Resolving deltas:  80% (648/809)
2022-05-30T04:51:36.9115292Z Resolving deltas:  81% (656/809)
2022-05-30T04:51:36.9115928Z Resolving deltas:  82% (664/809)
2022-05-30T04:51:36.9116487Z Resolving deltas:  83% (672/809)
2022-05-30T04:51:36.9116948Z Resolving deltas:  84% (680/809)
2022-05-30T04:51:36.9119820Z Resolving deltas:  85% (688/809)
2022-05-30T04:51:36.9123703Z Resolving deltas:  86% (696/809)
2022-05-30T04:51:36.9126667Z Resolving deltas:  87% (704/809)
2022-05-30T04:51:36.9129425Z Resolving deltas:  88% (712/809)
2022-05-30T04:51:36.9131775Z Resolving deltas:  89% (721/809)
2022-05-30T04:51:36.9135463Z Resolving deltas:  90% (729/809)
2022-05-30T04:51:36.9138143Z Resolving deltas:  91% (737/809)
2022-05-30T04:51:36.9140311Z Resolving deltas:  92% (745/809)
2022-05-30T04:51:36.9141138Z Resolving deltas:  93% (753/809)
2022-05-30T04:51:36.9148384Z Resolving deltas:  94% (761/809)
2022-05-30T04:51:36.9149173Z Resolving deltas:  95% (769/809)
2022-05-30T04:51:36.9159297Z Resolving deltas:  96% (777/809)
2022-05-30T04:51:36.9161517Z Resolving deltas:  97% (785/809)
2022-05-30T04:51:36.9162596Z Resolving deltas:  98% (793/809)
2022-05-30T04:51:36.9163447Z Resolving deltas:  99% (801/809)
2022-05-30T04:51:36.9164452Z Resolving deltas: 100% (809/809)
2022-05-30T04:51:36.9213273Z Resolving deltas: 100% (809/809), done.
2022-05-30T04:51:36.9922740Z From https://github.com/dherault/serverless-offline
2022-05-30T04:51:36.9923868Z  * [new ref]         3d00943f4c80938ac5f91d48867abed760071be0 -> pull/1397/merge
2022-05-30T04:51:36.9944746Z ##[endgroup]
2022-05-30T04:51:36.9946380Z ##[group]Determining the checkout info
2022-05-30T04:51:36.9948689Z ##[endgroup]
2022-05-30T04:51:36.9949480Z ##[group]Checking out the ref
2022-05-30T04:51:36.9955751Z [command]/usr/bin/git checkout --progress --force refs/remotes/pull/1397/merge
2022-05-30T04:51:37.2583928Z Note: switching to 'refs/remotes/pull/1397/merge'.
2022-05-30T04:51:37.2584378Z 
2022-05-30T04:51:37.2585566Z You are in 'detached HEAD' state. You can look around, make experimental
2022-05-30T04:51:37.2586135Z changes and commit them, and you can discard any commits you make in this
2022-05-30T04:51:37.2586868Z state without impacting any branches by switching back to a branch.
2022-05-30T04:51:37.2587343Z 
2022-05-30T04:51:37.2594965Z If you want to create a new branch to retain commits you create, you may
2022-05-30T04:51:37.2595946Z do so (now or later) by using -c with the switch command. Example:
2022-05-30T04:51:37.2596167Z 
2022-05-30T04:51:37.2596364Z   git switch -c <new-branch-name>
2022-05-30T04:51:37.2596541Z 
2022-05-30T04:51:37.2596645Z Or undo this operation with:
2022-05-30T04:51:37.2596810Z 
2022-05-30T04:51:37.2596905Z   git switch -
2022-05-30T04:51:37.2597057Z 
2022-05-30T04:51:37.2597265Z Turn off this advice by setting config variable advice.detachedHead to false
2022-05-30T04:51:37.2597506Z 
2022-05-30T04:51:37.2597760Z HEAD is now at 3d00943 Merge 37fad2a0b1f5eb870cf53d276fc9b22bcc53f73f into 1f4d83644f7aed5ed8572595ff7a511c7552c166
2022-05-30T04:51:37.2614559Z ##[endgroup]
2022-05-30T04:51:37.2668974Z [command]/usr/bin/git log -1 --format='%H'
2022-05-30T04:51:37.2718541Z '3d00943f4c80938ac5f91d48867abed760071be0'
2022-05-30T04:51:37.3106951Z ##[group]Run git checkout -b pr
2022-05-30T04:51:37.3107343Z [36;1mgit checkout -b pr[0m
2022-05-30T04:51:37.3107721Z [36;1mgit fetch --prune --depth=30 origin +refs/heads/master:refs/remotes/origin/master[0m
2022-05-30T04:51:37.3108065Z [36;1mgit checkout master[0m
2022-05-30T04:51:37.3108323Z [36;1mgit checkout pr[0m
2022-05-30T04:51:37.3171659Z shell: /usr/bin/bash -e {0}
2022-05-30T04:51:37.3171927Z env:
2022-05-30T04:51:37.3172146Z   FORCE_COLOR: 1
2022-05-30T04:51:37.3172365Z ##[endgroup]
2022-05-30T04:51:37.3380949Z Switched to a new branch 'pr'
2022-05-30T04:51:38.1437040Z From https://github.com/dherault/serverless-offline
2022-05-30T04:51:38.1445935Z  * [new branch]      master     -> origin/master
2022-05-30T04:51:38.1489928Z  * [new tag]         v8.8.0     -> v8.8.0
2022-05-30T04:51:38.4766163Z Switched to a new branch 'master'
2022-05-30T04:51:38.4766954Z branch 'master' set up to track 'origin/master'.
2022-05-30T04:51:38.4930182Z Switched to branch 'pr'
2022-05-30T04:51:38.5838540Z ##[group]Run actions/cache@v3
2022-05-30T04:51:38.5838836Z with:
2022-05-30T04:51:38.5839055Z   path: ~/.npm
node_modules

2022-05-30T04:51:38.5839478Z   key: npm-v18-Linux-refs/pull/1397/merge-bf473fc866c26f977c0670491d4f7196b3dae7938e4872b7f4eacec453c526a3
2022-05-30T04:51:38.5839997Z   restore-keys: npm-v18-Linux-refs/pull/1397/merge-
npm-v18-Linux-refs/heads/master-

2022-05-30T04:51:38.5840317Z env:
2022-05-30T04:51:38.5840529Z   FORCE_COLOR: 1
2022-05-30T04:51:38.5840754Z ##[endgroup]
2022-05-30T04:51:40.2628065Z Received 0 of 254113172 (0.0%), 0.0 MBs/sec
2022-05-30T04:51:41.2628723Z Received 62914560 of 254113172 (24.8%), 30.0 MBs/sec
2022-05-30T04:51:42.2645143Z Received 163577856 of 254113172 (64.4%), 52.0 MBs/sec
2022-05-30T04:51:43.2649840Z Received 249918868 of 254113172 (98.3%), 59.6 MBs/sec
2022-05-30T04:51:43.5691322Z Received 254113172 of 254113172 (100.0%), 56.3 MBs/sec
2022-05-30T04:51:43.5696863Z Cache Size: ~242 MB (254113172 B)
2022-05-30T04:51:43.5753018Z [command]/usr/bin/tar --use-compress-program zstd -d -xf /home/runner/work/_temp/9be2dcf0-836e-4f7a-a580-496ec927f0ef/cache.tzst -P -C /home/runner/work/serverless-offline/serverless-offline
2022-05-30T04:51:46.2350472Z Cache restored successfully
2022-05-30T04:51:46.3071104Z 
2022-05-30T04:51:46.3098762Z Cache restored from key: npm-v18-Linux-refs/pull/1397/merge-d2e3ede1620fcedc5ce95995b03e80554d8dd414a91156e1c6fbbb9adb6d8cb3
2022-05-30T04:51:46.3259609Z ##[group]Run actions/setup-node@v3
2022-05-30T04:51:46.3259889Z with:
2022-05-30T04:51:46.3260280Z   node-version: 18.x
2022-05-30T04:51:46.3260526Z   always-auth: false
2022-05-30T04:51:46.3260773Z   check-latest: false
2022-05-30T04:51:46.3261162Z   token: ***
2022-05-30T04:51:46.3261360Z env:
2022-05-30T04:51:46.3261571Z   FORCE_COLOR: 1
2022-05-30T04:51:46.3261801Z ##[endgroup]
2022-05-30T04:51:46.5406061Z Attempting to download 18.x...
2022-05-30T04:51:47.0663989Z Acquiring 18.2.0 - x64 from https://github.com/actions/node-versions/releases/download/18.2.0-2343541082/node-18.2.0-linux-x64.tar.gz
2022-05-30T04:51:48.9092403Z Extracting ...
2022-05-30T04:51:48.9233209Z [command]/usr/bin/tar xz --strip 1 --warning=no-unknown-keyword -C /home/runner/work/_temp/49cebdff-abad-47f4-bc7d-0065d21be283 -f /home/runner/work/_temp/41c5c45d-8e14-49fe-84c5-f81b7c2885e1
2022-05-30T04:51:50.2809742Z Adding to the cache ...
2022-05-30T04:51:53.3885120Z Done
2022-05-30T04:51:53.4055054Z ##[group]Run npm update --no-save
2022-05-30T04:51:53.4055405Z [36;1mnpm update --no-save[0m
2022-05-30T04:51:53.4055686Z [36;1mnpm update --save-dev --no-save[0m
2022-05-30T04:51:53.4120721Z shell: /usr/bin/bash -e {0}
2022-05-30T04:51:53.4120974Z env:
2022-05-30T04:51:53.4121191Z   FORCE_COLOR: 1
2022-05-30T04:51:53.4121431Z ##[endgroup]
2022-05-30T04:52:09.9638248Z 
2022-05-30T04:52:09.9648165Z added 7 packages, changed 1 package, and audited 923 packages in 16s
2022-05-30T04:52:09.9648857Z 
2022-05-30T04:52:09.9649133Z 144 packages are looking for funding
2022-05-30T04:52:09.9649458Z   run `npm fund` for details
2022-05-30T04:52:09.9652730Z 
2022-05-30T04:52:09.9653162Z found 0 vulnerabilities
2022-05-30T04:52:16.2405243Z 
2022-05-30T04:52:16.2406105Z up to date, audited 923 packages in 6s
2022-05-30T04:52:16.2406601Z 
2022-05-30T04:52:16.2407167Z 144 packages are looking for funding
2022-05-30T04:52:16.2407781Z   run `npm fund` for details
2022-05-30T04:52:16.2425473Z 
2022-05-30T04:52:16.2425884Z found 0 vulnerabilities
2022-05-30T04:52:16.2676382Z ##[group]Run npm run prettier-check:updated
2022-05-30T04:52:16.2676769Z [36;1mnpm run prettier-check:updated[0m
2022-05-30T04:52:16.2732309Z shell: /usr/bin/bash -e {0}
2022-05-30T04:52:16.2732568Z env:
2022-05-30T04:52:16.2732787Z   FORCE_COLOR: 1
2022-05-30T04:52:16.2733025Z ##[endgroup]
2022-05-30T04:52:16.6643134Z 
2022-05-30T04:52:16.6644602Z > serverless-offline@8.8.0 prettier-check:updated
2022-05-30T04:52:16.6649679Z > pipe-git-updated --ext=css --ext=html --ext=js --ext=json --ext=md --ext=yaml --ext=yml -- prettier -c
2022-05-30T04:52:16.6650201Z 
2022-05-30T04:52:17.0672097Z Checking formatting...
2022-05-30T04:52:18.0169463Z All matched files use Prettier code style!
2022-05-30T04:52:18.0643974Z ##[group]Run npm run lint:updated
2022-05-30T04:52:18.0644318Z [36;1mnpm run lint:updated[0m
2022-05-30T04:52:18.0705069Z shell: /usr/bin/bash -e {0}
2022-05-30T04:52:18.0705326Z env:
2022-05-30T04:52:18.0705550Z   FORCE_COLOR: 1
2022-05-30T04:52:18.0705793Z ##[endgroup]
2022-05-30T04:52:18.4647253Z 
2022-05-30T04:52:18.4648398Z > serverless-offline@8.8.0 lint:updated
2022-05-30T04:52:18.4649197Z > pipe-git-updated --ext=js -- eslint
2022-05-30T04:52:18.4649402Z 
2022-05-30T04:52:20.3026075Z ##[group]Run script -e -c "npm test"
2022-05-30T04:52:20.3026434Z [36;1mscript -e -c "npm test"[0m
2022-05-30T04:52:20.3083192Z shell: /usr/bin/bash -e {0}
2022-05-30T04:52:20.3083442Z env:
2022-05-30T04:52:20.3083659Z   FORCE_COLOR: 1
2022-05-30T04:52:20.3083897Z ##[endgroup]
2022-05-30T04:52:20.3185662Z Script started, file is typescript
2022-05-30T04:52:20.7144330Z 
2022-05-30T04:52:20.7145378Z > serverless-offline@8.8.0 test
2022-05-30T04:52:20.7146484Z > mocha 'tests/integration/**/*.test.js' --exclude '**/node_modules/**/*' --exclude '**/old-unit/**/*' --require ./tests/mochaGlobalSetup.cjs
2022-05-30T04:52:20.7146921Z 
2022-05-30T04:52:21.6606669Z 
2022-05-30T04:52:21.6617783Z [0m[0m
2022-05-30T04:52:21.6629210Z [0m  Local artifact tests[0m
2022-05-30T04:52:26.7032769Z   [32m  [32mâœ”[39m[0m[90m should work with service artifact[0m[33m (61ms)[0m
2022-05-30T04:52:29.3347805Z   [32m  [32mâœ”[39m[0m[90m should work with function artifact[0m[33m (51ms)[0m
2022-05-30T04:52:29.3594297Z 
2022-05-30T04:52:29.3597305Z [0m  authorizer tests[0m
2022-05-30T04:52:31.9397505Z   [32m  [32mâœ”[39m[0m[90m ...[0m[33m (39ms)[0m
2022-05-30T04:52:34.5133941Z   [32m  [32mâœ”[39m[0m[90m ...[0m[33m (39ms)[0m
2022-05-30T04:52:37.0882915Z   [32m  [32mâœ”[39m[0m[90m should return acceptable context object[0m[33m (38ms)[0m
2022-05-30T04:52:39.6304786Z   [32m  [32mâœ”[39m[0m[90m should return stringified context objects[0m[33m (41ms)[0m
2022-05-30T04:52:42.1573554Z   [32m  [32mâœ”[39m[0m[90m should return 500 error if context contains forbidden types (array, object)[0m
2022-05-30T04:52:44.7107654Z   [32m  [32mâœ”[39m[0m[90m should return 500 error if context is not an object[0m
2022-05-30T04:52:44.7322291Z 
2022-05-30T04:52:44.7324178Z [0m  custom authentication serverless-offline variable tests[0m
2022-05-30T04:52:47.2756305Z   [32m  [32mâœ”[39m[0m[90m should return custom payload from injected authentication provider[0m[33m (41ms)[0m
2022-05-30T04:52:47.2964296Z 
2022-05-30T04:52:47.2965906Z [0m  Access host with Docker tests[0m
2022-05-30T04:52:47.2967998Z   [36m  - should access host in docker container[0m
2022-05-30T04:52:47.2969076Z 
2022-05-30T04:52:47.2970371Z [0m  Artifact with docker tests[0m
2022-05-30T04:52:47.2971611Z   [36m  - should work with artifact in docker container[0m
2022-05-30T04:52:47.2972296Z 
2022-05-30T04:52:47.2973434Z [0m  Go 1.x with Docker tests[0m
2022-05-30T04:52:47.2974635Z   [36m  - should work with go1.x in docker container[0m
2022-05-30T04:52:47.2975313Z 
2022-05-30T04:52:47.2976432Z [0m  Layers with Docker tests[0m
2022-05-30T04:52:47.2977625Z   [36m  - should work with layers in docker container[0m
2022-05-30T04:52:47.2978312Z 
2022-05-30T04:52:47.2979566Z [0m  Multiple docker containers[0m
2022-05-30T04:52:47.2982715Z   [36m  - should work with multiple mixed docker containers[0m
2022-05-30T04:52:47.2983467Z 
2022-05-30T04:52:47.2984723Z [0m  Node.js 10.x with Docker tests[0m
2022-05-30T04:52:47.2985972Z   [36m  - should work with nodejs10.x in docker container[0m
2022-05-30T04:52:47.2986703Z 
2022-05-30T04:52:47.2987994Z [0m  Node.js 12.x with Docker tests[0m
2022-05-30T04:52:47.2990407Z   [36m  - should work with nodejs12.x in docker container[0m
2022-05-30T04:52:47.2991267Z 
2022-05-30T04:52:47.3003046Z [0m  Node.js 8.10 with Docker tests[0m
2022-05-30T04:52:47.3004444Z   [36m  - should work with nodejs10.x in docker container[0m
2022-05-30T04:52:47.3004673Z 
2022-05-30T04:52:47.3004990Z [0m  Provided with Docker tests[0m
2022-05-30T04:52:47.3005765Z   [36m  - should work with provided in docker container[0m
2022-05-30T04:52:47.3005986Z 
2022-05-30T04:52:47.3006492Z [0m  Python 2.7 with Docker tests[0m
2022-05-30T04:52:47.3007232Z   [36m  - should work with python2.7 in docker container[0m
2022-05-30T04:52:47.3007467Z 
2022-05-30T04:52:47.3007746Z [0m  Python 3.6 with Docker tests[0m
2022-05-30T04:52:47.3009193Z   [36m  - should work with python3.6 in docker container[0m
2022-05-30T04:52:47.3009810Z 
2022-05-30T04:52:47.3010191Z [0m  Python 3.7 with Docker tests[0m
2022-05-30T04:52:47.3011187Z   [36m  - should work with python3.7 in docker container[0m
2022-05-30T04:52:47.3011724Z 
2022-05-30T04:52:47.3012038Z [0m  Python 3.8 with Docker tests[0m
2022-05-30T04:52:47.3012840Z   [36m  - should work with python3.8 in docker container[0m
2022-05-30T04:52:47.3013061Z 
2022-05-30T04:52:47.3013852Z [0m  Ruby 2.5 with Docker tests[0m
2022-05-30T04:52:47.3014664Z   [36m  - should work with ruby2.5 in docker container[0m
2022-05-30T04:52:47.3014897Z 
2022-05-30T04:52:47.3015198Z [0m  Ruby 2.7 with Docker tests[0m
2022-05-30T04:52:47.3016430Z   [36m  - should work with ruby2.7 in docker container[0m
2022-05-30T04:52:47.3016681Z 
2022-05-30T04:52:47.3016959Z [0m  Go 1.x with GoRunner[0m
2022-05-30T04:52:47.3024620Z   [36m  - should work with go1.x[0m
2022-05-30T04:52:47.3026006Z 
2022-05-30T04:52:47.3026872Z [0m  Groovy tests[0m
2022-05-30T04:52:47.3028137Z   [36m  - should work with groovy[0m
2022-05-30T04:52:47.3028887Z 
2022-05-30T04:52:47.3030345Z [0m  handler payload tests[0m
2022-05-30T04:52:49.8908999Z   [32m  [32mâœ”[39m[0m[90m when handler is context.done[0m[33m (41ms)[0m
2022-05-30T04:52:52.6799461Z   [32m  [32mâœ”[39m[0m[90m when handler is context.done which is deferred[0m[31m (137ms)[0m
2022-05-30T04:52:55.4007387Z   [32m  [32mâœ”[39m[0m[90m when handler is context.succeed[0m[33m (39ms)[0m
2022-05-30T04:52:58.1064204Z   [32m  [32mâœ”[39m[0m[90m when handler is context.succeed which is deferred[0m[31m (137ms)[0m
2022-05-30T04:53:00.7194234Z   [32m  [32mâœ”[39m[0m[90m when handler is a callback[0m[33m (43ms)[0m
2022-05-30T04:53:03.4582746Z   [32m  [32mâœ”[39m[0m[90m when handler is a callback which is deferred[0m[31m (137ms)[0m
2022-05-30T04:53:06.1240095Z   [32m  [32mâœ”[39m[0m[90m when handler returns a promise[0m
2022-05-30T04:53:08.8215774Z   [32m  [32mâœ”[39m[0m[90m when handler a promise which is deferred[0m[31m (136ms)[0m
2022-05-30T04:53:11.4691394Z   [32m  [32mâœ”[39m[0m[90m when handler is an async function[0m
2022-05-30T04:53:14.1021539Z   [32m  [32mâœ”[39m[0m[90m when handler returns a callback but defines a callback parameter[0m
2022-05-30T04:53:16.7627699Z   [32m  [32mâœ”[39m[0m[90m when handler throws an expection in promise should return 502[0m[33m (38ms)[0m
2022-05-30T04:53:19.4415554Z   [32m  [32mâœ”[39m[0m[90m when handler throws an expection before calling callback should return 502[0m
2022-05-30T04:53:22.2267300Z   [32m  [32mâœ”[39m[0m[90m when handler does not return any answer in promise should return 502[0m
2022-05-30T04:53:24.9026413Z   [32m  [32mâœ”[39m[0m[90m when handler returns bad answer in promise should return 204[0m
2022-05-30T04:53:27.5097196Z   [32m  [32mâœ”[39m[0m[90m when handler returns bad answer in callback should return 204[0m[33m (38ms)[0m
2022-05-30T04:53:30.2302877Z   [32m  [32mâœ”[39m[0m[90m test path variable with Prepend[0m[33m (38ms)[0m
2022-05-30T04:53:30.2519986Z 
2022-05-30T04:53:30.2522049Z [0m  handler payload tests with prepend off[0m
2022-05-30T04:53:32.8537318Z   [32m  [32mâœ”[39m[0m[90m when handler is context.done[0m
2022-05-30T04:53:35.6313207Z   [32m  [32mâœ”[39m[0m[90m when handler is context.done which is deferred[0m[31m (138ms)[0m
2022-05-30T04:53:38.3076175Z   [32m  [32mâœ”[39m[0m[90m when handler is context.succeed[0m
2022-05-30T04:53:41.0185591Z   [32m  [32mâœ”[39m[0m[90m when handler is context.succeed which is deferred[0m[31m (137ms)[0m
2022-05-30T04:53:43.6512831Z   [32m  [32mâœ”[39m[0m[90m when handler is a callback[0m
2022-05-30T04:53:46.4431723Z   [32m  [32mâœ”[39m[0m[90m when handler is a callback which is deferred[0m[31m (137ms)[0m
2022-05-30T04:53:49.1446654Z   [32m  [32mâœ”[39m[0m[90m when handler returns a promise[0m
2022-05-30T04:53:51.9039610Z   [32m  [32mâœ”[39m[0m[90m when handler a promise which is deferred[0m[31m (138ms)[0m
2022-05-30T04:53:54.5196736Z   [32m  [32mâœ”[39m[0m[90m when handler is an async function[0m
2022-05-30T04:53:57.1642953Z   [32m  [32mâœ”[39m[0m[90m when handler returns a callback but defines a callback parameter[0m
2022-05-30T04:53:59.7962615Z   [32m  [32mâœ”[39m[0m[90m when handler throws an expection in promise should return 502[0m
2022-05-30T04:54:02.3966767Z   [32m  [32mâœ”[39m[0m[90m when handler throws an expection before calling callback should return 502[0m
2022-05-30T04:54:05.0201491Z   [32m  [32mâœ”[39m[0m[90m when handler does not return any answer in promise should return 502[0m
2022-05-30T04:54:07.6265679Z   [32m  [32mâœ”[39m[0m[90m when handler returns bad answer in promise should return 204[0m
2022-05-30T04:54:10.2780280Z   [32m  [32mâœ”[39m[0m[90m when handler returns bad answer in callback should return 204[0m
2022-05-30T04:54:12.9073270Z   [32m  [32mâœ”[39m[0m[90m test path variable with Prepend[0m
2022-05-30T04:54:15.5735584Z   [32m  [32mâœ”[39m[0m[90m event.resource should not contain wildcards[0m[33m (40ms)[0m
2022-05-30T04:54:15.6001113Z 
2022-05-30T04:54:15.6002799Z [0m  handler payload scehma validation tests[0m
2022-05-30T04:54:15.6004239Z   [36m  - test with valid payload[0m
2022-05-30T04:54:15.6004924Z   [36m  - test with invalid payload[0m
2022-05-30T04:54:15.6005314Z 
2022-05-30T04:54:15.6005732Z [0m  HttpApi Cors Default Tests[0m
2022-05-30T04:54:18.1169398Z   [32m  [32mâœ”[39m[0m[90m Fetch OPTIONS with any origin[0m
2022-05-30T04:54:18.1374706Z 
2022-05-30T04:54:18.1375972Z [0m  HttpApi Cors Tests[0m
2022-05-30T04:54:20.6658620Z   [32m  [32mâœ”[39m[0m[90m Fetch OPTIONS with valid origin[0m
2022-05-30T04:54:23.2761838Z   [32m  [32mâœ”[39m[0m[90m Fetch OPTIONS with invalid origin[0m
2022-05-30T04:54:23.3030065Z 
2022-05-30T04:54:23.3031375Z [0m  HttpApi Headers Tests[0m
2022-05-30T04:54:25.8533395Z   [32m  [32mâœ”[39m[0m[90m GET headers[0m
2022-05-30T04:54:28.3779777Z   [32m  [32mâœ”[39m[0m[90m POST headers[0m
2022-05-30T04:54:28.3973810Z 
2022-05-30T04:54:28.3975067Z [0m  Java tests[0m
2022-05-30T04:54:28.3976285Z   [36m  - should work with java[0m
2022-05-30T04:54:28.3976652Z 
2022-05-30T04:54:28.3977311Z [0m  jwt authorizer tests[0m
2022-05-30T04:54:30.9334905Z   [32m  [32mâœ”[39m[0m[90m Valid JWT[0m[33m (41ms)[0m
2022-05-30T04:54:33.5526982Z   [32m  [32mâœ”[39m[0m[90m Valid JWT with audience[0m[33m (42ms)[0m
2022-05-30T04:54:36.0942564Z   [32m  [32mâœ”[39m[0m[90m Valid JWT with audience in array[0m
2022-05-30T04:54:38.6299347Z   [32m  [32mâœ”[39m[0m[90m Valid JWT with multiple audience values (one matching single configured audience)[0m
2022-05-30T04:54:41.1851933Z   [32m  [32mâœ”[39m[0m[90m Valid JWT with scopes[0m
2022-05-30T04:54:43.7705664Z   [32m  [32mâœ”[39m[0m[90m Expired JWT[0m
2022-05-30T04:54:46.3672712Z   [32m  [32mâœ”[39m[0m[90m Wrong Issuer Url[0m
2022-05-30T04:54:48.9619292Z   [32m  [32mâœ”[39m[0m[90m Wrong Client Id[0m
2022-05-30T04:54:51.5684465Z   [32m  [32mâœ”[39m[0m[90m Wrong Audience[0m
2022-05-30T04:54:54.1909310Z   [32m  [32mâœ”[39m[0m[90m Missing Scopes[0m
2022-05-30T04:54:54.2139211Z 
2022-05-30T04:54:54.2140587Z [0m  Kotlin tests[0m
2022-05-30T04:54:54.2141997Z   [36m  - should work with kotlin[0m
2022-05-30T04:54:54.2142373Z 
2022-05-30T04:54:54.2142859Z [0m  lambda integration tests[0m
2022-05-30T04:54:56.7796589Z   [32m  [32mâœ”[39m[0m[90m should return JSON[0m[33m (51ms)[0m
2022-05-30T04:54:59.3856624Z   [32m  [32mâœ”[39m[0m[90m should return stringified JSON[0m[33m (55ms)[0m
2022-05-30T04:55:02.0146047Z   [32m  [32mâœ”[39m[0m[90m should return operation name from request context[0m
2022-05-30T04:55:02.0364303Z 
2022-05-30T04:55:02.0366960Z [0m  Lambda.invoke tests[0m
2022-05-30T04:55:04.6653196Z   [32m  [32mâœ”[39m[0m[90m should work asynchronous with invocation type 'Event'[0m[31m (76ms)[0m
2022-05-30T04:55:07.2752283Z   [32m  [32mâœ”[39m[0m[90m should have empty event object with no payload and clientContext should be undefined if not set[0m[31m (76ms)[0m
2022-05-30T04:55:09.9578473Z   [32m  [32mâœ”[39m[0m[90m ...[0m[31m (86ms)[0m
2022-05-30T04:55:12.6121716Z   [32m  [32mâœ”[39m[0m[90m should return an AWS error type ResourceNotFoundException for non-existent function name[0m[33m (75ms)[0m
2022-05-30T04:55:15.2140379Z   [32m  [32mâœ”[39m[0m[90m should return a successful invocation but with error details for function that throws an error[0m[31m (79ms)[0m
2022-05-30T04:55:15.2374242Z 
2022-05-30T04:55:15.2375599Z [0m  Lambda.invokeAsync tests[0m
2022-05-30T04:55:17.9244728Z   [32m  [32mâœ”[39m[0m[90m ...[0m[31m (82ms)[0m
2022-05-30T04:55:17.9488438Z 
2022-05-30T04:55:17.9489960Z [0m  override authorizer tests[0m
2022-05-30T04:55:20.5964654Z   [32m  [32mâœ”[39m[0m[90m HTTP API Falls back on env variable[0m
2022-05-30T04:55:23.1643611Z   [32m  [32mâœ”[39m[0m[90m REST API Falls back on env variable[0m
2022-05-30T04:55:25.7902597Z   [32m  [32mâœ”[39m[0m[90m HTTP API uses override header[0m
2022-05-30T04:55:28.3507527Z   [32m  [32mâœ”[39m[0m[90m HTTP API uses override header[0m
2022-05-30T04:55:28.3720331Z 
2022-05-30T04:55:28.3721577Z [0m  Python 3 tests[0m
2022-05-30T04:55:28.3723615Z   [36m  - should work with python returning a big JSON structure[0m
2022-05-30T04:55:28.3723858Z 
2022-05-30T04:55:28.3724467Z [0m  Python 2 tests[0m
2022-05-30T04:55:28.3725183Z   [36m  - should work with python 2[0m
2022-05-30T04:55:28.3725624Z 
2022-05-30T04:55:28.3726137Z [0m  Python 3 tests[0m
2022-05-30T04:55:28.3726972Z   [36m  - should work with python 3[0m
2022-05-30T04:55:28.3727407Z 
2022-05-30T04:55:28.3728210Z [0m  Ruby tests[0m
2022-05-30T04:55:28.3729360Z   [36m  - should work with ruby[0m
2022-05-30T04:55:28.3729847Z 
2022-05-30T04:55:28.3730671Z [0m  Scala tests[0m
2022-05-30T04:55:28.3731570Z   [36m  - should work with scala[0m
2022-05-30T04:55:28.3732009Z 
2022-05-30T04:55:28.3732818Z [0m  uncategorized tests[0m
2022-05-30T04:55:30.9994445Z   [32m  [32mâœ”[39m[0m[90m Uncategorized 1[0m[33m (56ms)[0m
2022-05-30T04:55:33.5991506Z   [32m  [32mâœ”[39m[0m[90m Uncategorized 2[0m[33m (51ms)[0m
2022-05-30T04:55:33.6217961Z 
2022-05-30T04:55:33.6219180Z [0m  websocket authorizer tests[0m
2022-05-30T04:55:33.6221191Z   [36m  - websocket authorization with valid request[0m
2022-05-30T04:55:33.6222044Z   [36m  - websocket authorization without valid request[0m
2022-05-30T04:55:33.6223292Z   [36m  - websocket authorization with authorizer crash[0m
2022-05-30T04:55:33.6224410Z   [36m  - websocket authorization without credentials[0m
2022-05-30T04:55:33.6224654Z 
2022-05-30T04:55:33.6225355Z [0m  one way websocket tests[0m
2022-05-30T04:55:33.6226136Z   [36m  - websocket echos nothing[0m
2022-05-30T04:55:33.6227656Z   [36m  - execution error emits Internal Server Error[0m
2022-05-30T04:55:33.6228385Z 
2022-05-30T04:55:33.6229089Z [0m  two way websocket tests[0m
2022-05-30T04:55:33.6229592Z   [36m  - websocket echos sent message[0m
2022-05-30T04:55:33.6230053Z   [36m  - websocket connection emits status code 401[0m
2022-05-30T04:55:33.6230541Z   [36m  - websocket connection emits status code 500[0m
2022-05-30T04:55:33.6231013Z   [36m  - websocket connection emits status code 501[0m
2022-05-30T04:55:33.6231487Z   [36m  - websocket connection emits status code 502[0m
2022-05-30T04:55:33.6232344Z   [36m  - websocket emits 502 on connection error[0m
2022-05-30T04:55:33.6232830Z   [36m  - execution error emits Internal Server Error[0m
2022-05-30T04:55:33.6233044Z 
2022-05-30T04:55:33.6233053Z 
2022-05-30T04:55:33.6234080Z [92m [0m[32m 72 passing[0m[90m (3m)[0m
2022-05-30T04:55:33.6234844Z [36m [0m[36m 39 pending[0m
2022-05-30T04:55:33.6235122Z 
2022-05-30T04:55:33.6507852Z Script done, file is typescript
2022-05-30T04:55:33.6560709Z Post job cleanup.
2022-05-30T04:55:33.9038736Z Post job cleanup.
2022-05-30T04:55:34.1370944Z [command]/usr/bin/tar --posix --use-compress-program zstd -T0 -cf cache.tzst -P -C /home/runner/work/serverless-offline/serverless-offline --files-from manifest.txt
2022-05-30T04:55:40.8196333Z Cache Size: ~242 MB (254155110 B)
2022-05-30T04:55:40.9677416Z Cache saved successfully
2022-05-30T04:55:41.0067838Z Cache saved with key: npm-v18-Linux-refs/pull/1397/merge-bf473fc866c26f977c0670491d4f7196b3dae7938e4872b7f4eacec453c526a3
2022-05-30T04:55:41.0225823Z Post job cleanup.
2022-05-30T04:55:41.1761241Z [command]/usr/bin/git version
2022-05-30T04:55:41.1822799Z git version 2.36.1
2022-05-30T04:55:41.1892734Z Temporarily overriding HOME='/home/runner/work/_temp/6952d105-aebb-48c2-b957-0748087ed697' before making global git config changes
2022-05-30T04:55:41.1894141Z Adding repository directory to the temporary git global config as a safe directory
2022-05-30T04:55:41.1899753Z [command]/usr/bin/git config --global --add safe.directory /home/runner/work/serverless-offline/serverless-offline
2022-05-30T04:55:41.1947044Z [command]/usr/bin/git config --local --name-only --get-regexp core\.sshCommand
2022-05-30T04:55:41.1999302Z [command]/usr/bin/git submodule foreach --recursive git config --local --name-only --get-regexp 'core\.sshCommand' && git config --local --unset-all 'core.sshCommand' || :
2022-05-30T04:55:41.2333038Z [command]/usr/bin/git config --local --name-only --get-regexp http\.https\:\/\/github\.com\/\.extraheader
2022-05-30T04:55:41.2366455Z http.https://github.com/.extraheader
2022-05-30T04:55:41.2382369Z [command]/usr/bin/git config --local --unset-all http.https://github.com/.extraheader
2022-05-30T04:55:41.2426641Z [command]/usr/bin/git submodule foreach --recursive git config --local --name-only --get-regexp 'http\.https\:\/\/github\.com\/\.extraheader' && git config --local --unset-all 'http.https://github.com/.extraheader' || :
2022-05-30T04:55:41.2980683Z Cleaning up orphan processes