2022-06-06T09:55:57.4116925Z Requested labels: ubuntu-22.04
2022-06-06T09:55:57.4116976Z Job defined at: cmake-js/cmake-js/.github/workflows/node.yaml@refs/heads/master
2022-06-06T09:55:57.4116994Z Waiting for a runner to pick up this job...
2022-06-06T09:56:00.4048982Z Job is waiting for a hosted runner to come online.
2022-06-06T09:56:02.7758874Z Job is about to start running on the hosted runner: GitHub Actions 4 (hosted)
2022-06-06T09:56:05.1778069Z Current runner version: '2.292.0'
2022-06-06T09:56:05.1809155Z ##[group]Operating System
2022-06-06T09:56:05.1809811Z Ubuntu
2022-06-06T09:56:05.1810098Z 22.04
2022-06-06T09:56:05.1810429Z LTS
2022-06-06T09:56:05.1810903Z ##[endgroup]
2022-06-06T09:56:05.1811253Z ##[group]Virtual Environment
2022-06-06T09:56:05.1811707Z Environment: ubuntu-22.04
2022-06-06T09:56:05.1812132Z Version: 20220601.2
2022-06-06T09:56:05.1812707Z Included Software: https://github.com/actions/virtual-environments/blob/ubuntu22/20220601.2/images/linux/Ubuntu2204-Readme.md
2022-06-06T09:56:05.1813570Z Image Release: https://github.com/actions/virtual-environments/releases/tag/ubuntu22%2F20220601.2
2022-06-06T09:56:05.1814127Z ##[endgroup]
2022-06-06T09:56:05.1814502Z ##[group]Virtual Environment Provisioner
2022-06-06T09:56:05.1814949Z 1.0.0.0-main-20220531-1
2022-06-06T09:56:05.1815376Z ##[endgroup]
2022-06-06T09:56:05.1816494Z ##[group]GITHUB_TOKEN Permissions
2022-06-06T09:56:05.1817256Z Actions: write
2022-06-06T09:56:05.1817763Z Checks: write
2022-06-06T09:56:05.1818277Z Contents: write
2022-06-06T09:56:05.1818617Z Deployments: write
2022-06-06T09:56:05.1819017Z Discussions: write
2022-06-06T09:56:05.1819430Z Issues: write
2022-06-06T09:56:05.1819783Z Metadata: read
2022-06-06T09:56:05.1820163Z Packages: write
2022-06-06T09:56:05.1820555Z Pages: write
2022-06-06T09:56:05.1820887Z PullRequests: write
2022-06-06T09:56:05.1821322Z RepositoryProjects: write
2022-06-06T09:56:05.1821781Z SecurityEvents: write
2022-06-06T09:56:05.1822122Z Statuses: write
2022-06-06T09:56:05.1822496Z ##[endgroup]
2022-06-06T09:56:05.1826800Z Secret source: Actions
2022-06-06T09:56:05.1827339Z Prepare workflow directory
2022-06-06T09:56:05.2782501Z Prepare all required actions
2022-06-06T09:56:05.3001305Z Getting action download info
2022-06-06T09:56:05.5450878Z Download action repository 'actions/checkout@v2' (SHA:7884fcad6b5d53d10323aee724dc68d8b9096a2e)
2022-06-06T09:56:05.8945077Z Download action repository 'actions/setup-node@v3' (SHA:17f8bd926464a1afa4c6a11669539e9c1ba77048)
2022-06-06T09:56:06.1723502Z Download action repository 'docker/setup-qemu-action@v2' (SHA:8b122486cedac8393e77aa9734c3528886e4a1a8)
2022-06-06T09:56:06.3477560Z Download action repository 'addnab/docker-run-action@v3' (SHA:4f65fabd2431ebc8d299f8e5a018d79a769ae185)
2022-06-06T09:56:06.7281428Z ##[group]Build container for action use: '/home/runner/work/_actions/addnab/docker-run-action/v3/Dockerfile'.
2022-06-06T09:56:06.7365078Z ##[command]/usr/bin/docker build -t 6f1554:b1b6a973ac6a4862afe2628400e1a5d0 -f "/home/runner/work/_actions/addnab/docker-run-action/v3/Dockerfile" "/home/runner/work/_actions/addnab/docker-run-action/v3"
2022-06-06T09:56:06.9667874Z Sending build context to Docker daemon  14.85kB
2022-06-06T09:56:06.9669219Z 
2022-06-06T09:56:07.0137917Z Step 1/4 : FROM docker:20.10
2022-06-06T09:56:07.2660281Z 20.10: Pulling from library/docker
2022-06-06T09:56:07.3536468Z 2408cc74d12b: Pulling fs layer
2022-06-06T09:56:07.3538123Z d991df732aca: Pulling fs layer
2022-06-06T09:56:07.3538671Z 21d05af1c410: Pulling fs layer
2022-06-06T09:56:07.3539249Z dcb5a3015bf8: Pulling fs layer
2022-06-06T09:56:07.3540213Z cbb264a375f3: Pulling fs layer
2022-06-06T09:56:07.3540772Z ceaead5f332c: Pulling fs layer
2022-06-06T09:56:07.3541672Z c38229eb29bf: Pulling fs layer
2022-06-06T09:56:07.3542359Z 1ae67dbc815d: Pulling fs layer
2022-06-06T09:56:07.3542946Z 7ea3cfd40cf9: Pulling fs layer
2022-06-06T09:56:07.3543800Z ceaead5f332c: Waiting
2022-06-06T09:56:07.3544624Z c38229eb29bf: Waiting
2022-06-06T09:56:07.3545471Z 1ae67dbc815d: Waiting
2022-06-06T09:56:07.3546192Z 7ea3cfd40cf9: Waiting
2022-06-06T09:56:07.3546994Z dcb5a3015bf8: Waiting
2022-06-06T09:56:07.3547780Z cbb264a375f3: Waiting
2022-06-06T09:56:07.4401520Z 21d05af1c410: Verifying Checksum
2022-06-06T09:56:07.4425468Z 21d05af1c410: Download complete
2022-06-06T09:56:07.4651459Z d991df732aca: Verifying Checksum
2022-06-06T09:56:07.4652951Z d991df732aca: Download complete
2022-06-06T09:56:07.4781358Z 2408cc74d12b: Verifying Checksum
2022-06-06T09:56:07.4782158Z 2408cc74d12b: Download complete
2022-06-06T09:56:07.7882203Z cbb264a375f3: Verifying Checksum
2022-06-06T09:56:07.7882588Z cbb264a375f3: Download complete
2022-06-06T09:56:07.8155082Z 2408cc74d12b: Pull complete
2022-06-06T09:56:07.9210898Z c38229eb29bf: Verifying Checksum
2022-06-06T09:56:07.9211256Z c38229eb29bf: Download complete
2022-06-06T09:56:08.0074552Z ceaead5f332c: Verifying Checksum
2022-06-06T09:56:08.0075493Z ceaead5f332c: Download complete
2022-06-06T09:56:08.0282987Z 1ae67dbc815d: Verifying Checksum
2022-06-06T09:56:08.0288241Z 1ae67dbc815d: Download complete
2022-06-06T09:56:08.1108611Z 7ea3cfd40cf9: Verifying Checksum
2022-06-06T09:56:08.1109384Z 7ea3cfd40cf9: Download complete
2022-06-06T09:56:08.2654548Z dcb5a3015bf8: Verifying Checksum
2022-06-06T09:56:08.2654924Z dcb5a3015bf8: Download complete
2022-06-06T09:56:08.3440854Z d991df732aca: Pull complete
2022-06-06T09:56:08.4239686Z 21d05af1c410: Pull complete
2022-06-06T09:56:11.0424359Z dcb5a3015bf8: Pull complete
2022-06-06T09:56:11.5899745Z cbb264a375f3: Pull complete
2022-06-06T09:56:11.9345561Z ceaead5f332c: Pull complete
2022-06-06T09:56:11.9897551Z c38229eb29bf: Pull complete
2022-06-06T09:56:12.0491839Z 1ae67dbc815d: Pull complete
2022-06-06T09:56:12.1062451Z 7ea3cfd40cf9: Pull complete
2022-06-06T09:56:12.1117149Z Digest: sha256:5bc07a93c9b28e57a58d57fbcf437d1551ff80ae33b4274fb60a1ade2d6c9da4
2022-06-06T09:56:12.1138487Z Status: Downloaded newer image for docker:20.10
2022-06-06T09:56:12.1153339Z  ---> 2a153cb5c7c5
2022-06-06T09:56:12.1154034Z Step 2/4 : RUN apk add bash
2022-06-06T09:56:12.1287512Z  ---> Running in df55e4bd728f
2022-06-06T09:56:12.4280794Z fetch https://dl-cdn.alpinelinux.org/alpine/v3.16/main/x86_64/APKINDEX.tar.gz
2022-06-06T09:56:12.5685890Z fetch https://dl-cdn.alpinelinux.org/alpine/v3.16/community/x86_64/APKINDEX.tar.gz
2022-06-06T09:56:12.9000106Z (1/2) Installing readline (8.1.2-r0)
2022-06-06T09:56:12.9154693Z (2/2) Installing bash (5.1.16-r2)
2022-06-06T09:56:12.9414485Z Executing bash-5.1.16-r2.post-install
2022-06-06T09:56:12.9434362Z Executing busybox-1.35.0-r13.trigger
2022-06-06T09:56:12.9477067Z OK: 13 MiB in 24 packages
2022-06-06T09:56:14.0126071Z Removing intermediate container df55e4bd728f
2022-06-06T09:56:14.0126419Z  ---> 9b8b9f0b0cda
2022-06-06T09:56:14.0127019Z Step 3/4 : COPY entrypoint.sh /entrypoint.sh
2022-06-06T09:56:15.0182571Z  ---> ba72cd088aa2
2022-06-06T09:56:15.0183649Z Step 4/4 : ENTRYPOINT ["/entrypoint.sh"]
2022-06-06T09:56:15.0295050Z  ---> Running in f64fb49fdfd3
2022-06-06T09:56:16.0101824Z Removing intermediate container f64fb49fdfd3
2022-06-06T09:56:16.0102184Z  ---> e2badc4d763c
2022-06-06T09:56:16.0102440Z Successfully built e2badc4d763c
2022-06-06T09:56:16.0138667Z Successfully tagged 6f1554:b1b6a973ac6a4862afe2628400e1a5d0
2022-06-06T09:56:16.0152280Z ##[endgroup]
2022-06-06T09:56:16.0580753Z ##[group]Run actions/checkout@v2
2022-06-06T09:56:16.0581073Z with:
2022-06-06T09:56:16.0581325Z   repository: cmake-js/cmake-js
2022-06-06T09:56:16.0581915Z   token: ***
2022-06-06T09:56:16.0582167Z   ssh-strict: true
2022-06-06T09:56:16.0582428Z   persist-credentials: true
2022-06-06T09:56:16.0582694Z   clean: true
2022-06-06T09:56:16.0582933Z   fetch-depth: 1
2022-06-06T09:56:16.0583150Z   lfs: false
2022-06-06T09:56:16.0583383Z   submodules: false
2022-06-06T09:56:16.0583647Z   set-safe-directory: true
2022-06-06T09:56:16.0583893Z ##[endgroup]
2022-06-06T09:56:16.3836917Z Syncing repository: cmake-js/cmake-js
2022-06-06T09:56:16.3839238Z ##[group]Getting Git version info
2022-06-06T09:56:16.3839818Z Working directory is '/home/runner/work/cmake-js/cmake-js'
2022-06-06T09:56:16.3840399Z [command]/usr/bin/git version
2022-06-06T09:56:16.3940283Z git version 2.36.1
2022-06-06T09:56:16.3964694Z ##[endgroup]
2022-06-06T09:56:16.3986934Z Temporarily overriding HOME='/home/runner/work/_temp/e902246e-62e1-413d-9a97-39af91c58b69' before making global git config changes
2022-06-06T09:56:16.3987747Z Adding repository directory to the temporary git global config as a safe directory
2022-06-06T09:56:16.3995267Z [command]/usr/bin/git config --global --add safe.directory /home/runner/work/cmake-js/cmake-js
2022-06-06T09:56:16.4227163Z Deleting the contents of '/home/runner/work/cmake-js/cmake-js'
2022-06-06T09:56:16.4232735Z ##[group]Initializing the repository
2022-06-06T09:56:16.4237252Z [command]/usr/bin/git init /home/runner/work/cmake-js/cmake-js
2022-06-06T09:56:16.4320598Z hint: Using 'master' as the name for the initial branch. This default branch name
2022-06-06T09:56:16.4321663Z hint: is subject to change. To configure the initial branch name to use in all
2022-06-06T09:56:16.4322145Z hint: of your new repositories, which will suppress this warning, call:
2022-06-06T09:56:16.4322471Z hint: 
2022-06-06T09:56:16.4322991Z hint: 	git config --global init.defaultBranch <name>
2022-06-06T09:56:16.4323293Z hint: 
2022-06-06T09:56:16.4323716Z hint: Names commonly chosen instead of 'master' are 'main', 'trunk' and
2022-06-06T09:56:16.4324249Z hint: 'development'. The just-created branch can be renamed via this command:
2022-06-06T09:56:16.4324601Z hint: 
2022-06-06T09:56:16.4324884Z hint: 	git branch -m <name>
2022-06-06T09:56:16.4333778Z Initialized empty Git repository in /home/runner/work/cmake-js/cmake-js/.git/
2022-06-06T09:56:16.4346110Z [command]/usr/bin/git remote add origin https://github.com/cmake-js/cmake-js
2022-06-06T09:56:16.4552716Z ##[endgroup]
2022-06-06T09:56:16.4553267Z ##[group]Disabling automatic garbage collection
2022-06-06T09:56:16.4561961Z [command]/usr/bin/git config --local gc.auto 0
2022-06-06T09:56:16.4605455Z ##[endgroup]
2022-06-06T09:56:16.4605970Z ##[group]Setting up auth
2022-06-06T09:56:16.4617964Z [command]/usr/bin/git config --local --name-only --get-regexp core\.sshCommand
2022-06-06T09:56:16.4659834Z [command]/usr/bin/git submodule foreach --recursive git config --local --name-only --get-regexp 'core\.sshCommand' && git config --local --unset-all 'core.sshCommand' || :
2022-06-06T09:56:16.5078045Z [command]/usr/bin/git config --local --name-only --get-regexp http\.https\:\/\/github\.com\/\.extraheader
2022-06-06T09:56:16.5126588Z [command]/usr/bin/git submodule foreach --recursive git config --local --name-only --get-regexp 'http\.https\:\/\/github\.com\/\.extraheader' && git config --local --unset-all 'http.https://github.com/.extraheader' || :
2022-06-06T09:56:16.5446317Z [command]/usr/bin/git config --local http.https://github.com/.extraheader AUTHORIZATION: basic ***
2022-06-06T09:56:16.5496436Z ##[endgroup]
2022-06-06T09:56:16.5497647Z ##[group]Fetching the repository
2022-06-06T09:56:16.5507186Z [command]/usr/bin/git -c protocol.version=2 fetch --no-tags --prune --progress --no-recurse-submodules --depth=1 origin +0e2c948ea53de521fa3c224b7353316e856576fc:refs/remotes/origin/master
2022-06-06T09:56:16.7668064Z remote: Enumerating objects: 66, done.        
2022-06-06T09:56:16.7669173Z remote: Counting objects:   1% (1/66)        
2022-06-06T09:56:16.7670241Z remote: Counting objects:   3% (2/66)        
2022-06-06T09:56:16.7670772Z remote: Counting objects:   4% (3/66)        
2022-06-06T09:56:16.7671340Z remote: Counting objects:   6% (4/66)        
2022-06-06T09:56:16.7671701Z remote: Counting objects:   7% (5/66)        
2022-06-06T09:56:16.7672076Z remote: Counting objects:   9% (6/66)        
2022-06-06T09:56:16.7672536Z remote: Counting objects:  10% (7/66)        
2022-06-06T09:56:16.7672885Z remote: Counting objects:  12% (8/66)        
2022-06-06T09:56:16.7673251Z remote: Counting objects:  13% (9/66)        
2022-06-06T09:56:16.7673738Z remote: Counting objects:  15% (10/66)        
2022-06-06T09:56:16.7674092Z remote: Counting objects:  16% (11/66)        
2022-06-06T09:56:16.7674448Z remote: Counting objects:  18% (12/66)        
2022-06-06T09:56:16.7674814Z remote: Counting objects:  19% (13/66)        
2022-06-06T09:56:16.7675195Z remote: Counting objects:  21% (14/66)        
2022-06-06T09:56:16.7675542Z remote: Counting objects:  22% (15/66)        
2022-06-06T09:56:16.7675919Z remote: Counting objects:  24% (16/66)        
2022-06-06T09:56:16.7676588Z remote: Counting objects:  25% (17/66)        
2022-06-06T09:56:16.7676945Z remote: Counting objects:  27% (18/66)        
2022-06-06T09:56:16.7677306Z remote: Counting objects:  28% (19/66)        
2022-06-06T09:56:16.7682415Z remote: Counting objects:  30% (20/66)        
2022-06-06T09:56:16.7683054Z remote: Counting objects:  31% (21/66)        
2022-06-06T09:56:16.7683625Z remote: Counting objects:  33% (22/66)        
2022-06-06T09:56:16.7685415Z remote: Counting objects:  34% (23/66)        
2022-06-06T09:56:16.7685769Z remote: Counting objects:  36% (24/66)        
2022-06-06T09:56:16.7686101Z remote: Counting objects:  37% (25/66)        
2022-06-06T09:56:16.7686403Z remote: Counting objects:  39% (26/66)        
2022-06-06T09:56:16.7686715Z remote: Counting objects:  40% (27/66)        
2022-06-06T09:56:16.7687023Z remote: Counting objects:  42% (28/66)        
2022-06-06T09:56:16.7689692Z remote: Counting objects:  43% (29/66)        
2022-06-06T09:56:16.7690003Z remote: Counting objects:  45% (30/66)        
2022-06-06T09:56:16.7690300Z remote: Counting objects:  46% (31/66)        
2022-06-06T09:56:16.7690600Z remote: Counting objects:  48% (32/66)        
2022-06-06T09:56:16.7690910Z remote: Counting objects:  50% (33/66)        
2022-06-06T09:56:16.7691200Z remote: Counting objects:  51% (34/66)        
2022-06-06T09:56:16.7691499Z remote: Counting objects:  53% (35/66)        
2022-06-06T09:56:16.7691804Z remote: Counting objects:  54% (36/66)        
2022-06-06T09:56:16.7692093Z remote: Counting objects:  56% (37/66)        
2022-06-06T09:56:16.7692396Z remote: Counting objects:  57% (38/66)        
2022-06-06T09:56:16.7692695Z remote: Counting objects:  59% (39/66)        
2022-06-06T09:56:16.7693190Z remote: Counting objects:  60% (40/66)        
2022-06-06T09:56:16.7693512Z remote: Counting objects:  62% (41/66)        
2022-06-06T09:56:16.7693814Z remote: Counting objects:  63% (42/66)        
2022-06-06T09:56:16.7694120Z remote: Counting objects:  65% (43/66)        
2022-06-06T09:56:16.7694409Z remote: Counting objects:  66% (44/66)        
2022-06-06T09:56:16.7694707Z remote: Counting objects:  68% (45/66)        
2022-06-06T09:56:16.7695011Z remote: Counting objects:  69% (46/66)        
2022-06-06T09:56:16.7695298Z remote: Counting objects:  71% (47/66)        
2022-06-06T09:56:16.7695598Z remote: Counting objects:  72% (48/66)        
2022-06-06T09:56:16.7695899Z remote: Counting objects:  74% (49/66)        
2022-06-06T09:56:16.7696197Z remote: Counting objects:  75% (50/66)        
2022-06-06T09:56:16.7696484Z remote: Counting objects:  77% (51/66)        
2022-06-06T09:56:16.7696782Z remote: Counting objects:  78% (52/66)        
2022-06-06T09:56:16.7697077Z remote: Counting objects:  80% (53/66)        
2022-06-06T09:56:16.7697361Z remote: Counting objects:  81% (54/66)        
2022-06-06T09:56:16.7697873Z remote: Counting objects:  83% (55/66)        
2022-06-06T09:56:16.7698186Z remote: Counting objects:  84% (56/66)        
2022-06-06T09:56:16.7698563Z remote: Counting objects:  86% (57/66)        
2022-06-06T09:56:16.7698869Z remote: Counting objects:  87% (58/66)        
2022-06-06T09:56:16.7699176Z remote: Counting objects:  89% (59/66)        
2022-06-06T09:56:16.7699466Z remote: Counting objects:  90% (60/66)        
2022-06-06T09:56:16.7699766Z remote: Counting objects:  92% (61/66)        
2022-06-06T09:56:16.7700069Z remote: Counting objects:  93% (62/66)        
2022-06-06T09:56:16.7700369Z remote: Counting objects:  95% (63/66)        
2022-06-06T09:56:16.7700653Z remote: Counting objects:  96% (64/66)        
2022-06-06T09:56:16.7700978Z remote: Counting objects:  98% (65/66)        
2022-06-06T09:56:16.7701278Z remote: Counting objects: 100% (66/66)        
2022-06-06T09:56:16.7701597Z remote: Counting objects: 100% (66/66), done.        
2022-06-06T09:56:16.7701932Z remote: Compressing objects:   1% (1/51)        
2022-06-06T09:56:16.7702262Z remote: Compressing objects:   3% (2/51)        
2022-06-06T09:56:16.7702589Z remote: Compressing objects:   5% (3/51)        
2022-06-06T09:56:16.7702976Z remote: Compressing objects:   7% (4/51)        
2022-06-06T09:56:16.7703295Z remote: Compressing objects:   9% (5/51)        
2022-06-06T09:56:16.7703621Z remote: Compressing objects:  11% (6/51)        
2022-06-06T09:56:16.7703932Z remote: Compressing objects:  13% (7/51)        
2022-06-06T09:56:16.7704250Z remote: Compressing objects:  15% (8/51)        
2022-06-06T09:56:16.7704572Z remote: Compressing objects:  17% (9/51)        
2022-06-06T09:56:16.7704895Z remote: Compressing objects:  19% (10/51)        
2022-06-06T09:56:16.7705207Z remote: Compressing objects:  21% (11/51)        
2022-06-06T09:56:16.7705531Z remote: Compressing objects:  23% (12/51)        
2022-06-06T09:56:16.7705856Z remote: Compressing objects:  25% (13/51)        
2022-06-06T09:56:16.7706167Z remote: Compressing objects:  27% (14/51)        
2022-06-06T09:56:16.7736812Z remote: Compressing objects:  29% (15/51)        
2022-06-06T09:56:16.7737216Z remote: Compressing objects:  31% (16/51)        
2022-06-06T09:56:16.7737566Z remote: Compressing objects:  33% (17/51)        
2022-06-06T09:56:16.7737894Z remote: Compressing objects:  35% (18/51)        
2022-06-06T09:56:16.7738206Z remote: Compressing objects:  37% (19/51)        
2022-06-06T09:56:16.7738527Z remote: Compressing objects:  39% (20/51)        
2022-06-06T09:56:16.7738843Z remote: Compressing objects:  41% (21/51)        
2022-06-06T09:56:16.7739146Z remote: Compressing objects:  43% (22/51)        
2022-06-06T09:56:16.7739473Z remote: Compressing objects:  45% (23/51)        
2022-06-06T09:56:16.7739794Z remote: Compressing objects:  47% (24/51)        
2022-06-06T09:56:16.7740129Z remote: Compressing objects:  49% (25/51)        
2022-06-06T09:56:16.7740433Z remote: Compressing objects:  50% (26/51)        
2022-06-06T09:56:16.7740754Z remote: Compressing objects:  52% (27/51)        
2022-06-06T09:56:16.7741073Z remote: Compressing objects:  54% (28/51)        
2022-06-06T09:56:16.7741375Z remote: Compressing objects:  56% (29/51)        
2022-06-06T09:56:16.7741693Z remote: Compressing objects:  58% (30/51)        
2022-06-06T09:56:16.7742008Z remote: Compressing objects:  60% (31/51)        
2022-06-06T09:56:16.7742309Z remote: Compressing objects:  62% (32/51)        
2022-06-06T09:56:16.7742624Z remote: Compressing objects:  64% (33/51)        
2022-06-06T09:56:16.7742936Z remote: Compressing objects:  66% (34/51)        
2022-06-06T09:56:16.7743253Z remote: Compressing objects:  68% (35/51)        
2022-06-06T09:56:16.7743551Z remote: Compressing objects:  70% (36/51)        
2022-06-06T09:56:16.7744125Z remote: Compressing objects:  72% (37/51)        
2022-06-06T09:56:16.7744447Z remote: Compressing objects:  74% (38/51)        
2022-06-06T09:56:16.7744747Z remote: Compressing objects:  76% (39/51)        
2022-06-06T09:56:16.7745261Z remote: Compressing objects:  78% (40/51)        
2022-06-06T09:56:16.7745646Z remote: Compressing objects:  80% (41/51)        
2022-06-06T09:56:16.7745945Z remote: Compressing objects:  82% (42/51)        
2022-06-06T09:56:16.7746265Z remote: Compressing objects:  84% (43/51)        
2022-06-06T09:56:16.7746884Z remote: Compressing objects:  86% (44/51)        
2022-06-06T09:56:16.7747220Z remote: Compressing objects:  88% (45/51)        
2022-06-06T09:56:16.7747545Z remote: Compressing objects:  90% (46/51)        
2022-06-06T09:56:16.7748139Z remote: Compressing objects:  92% (47/51)        
2022-06-06T09:56:16.7748456Z remote: Compressing objects:  94% (48/51)        
2022-06-06T09:56:16.7748762Z remote: Compressing objects:  96% (49/51)        
2022-06-06T09:56:16.7749080Z remote: Compressing objects:  98% (50/51)        
2022-06-06T09:56:16.7749394Z remote: Compressing objects: 100% (51/51)        
2022-06-06T09:56:16.7750035Z remote: Compressing objects: 100% (51/51), done.        
2022-06-06T09:56:16.7849149Z remote: Total 66 (delta 3), reused 37 (delta 2), pack-reused 0        
2022-06-06T09:56:16.7997652Z From https://github.com/cmake-js/cmake-js
2022-06-06T09:56:16.7998390Z  * [new ref]         0e2c948ea53de521fa3c224b7353316e856576fc -> origin/master
2022-06-06T09:56:16.8052076Z ##[endgroup]
2022-06-06T09:56:16.8052950Z ##[group]Determining the checkout info
2022-06-06T09:56:16.8053501Z ##[endgroup]
2022-06-06T09:56:16.8054030Z ##[group]Checking out the ref
2022-06-06T09:56:16.8054801Z [command]/usr/bin/git checkout --progress --force -B master refs/remotes/origin/master
2022-06-06T09:56:16.8148591Z Reset branch 'master'
2022-06-06T09:56:16.8153951Z branch 'master' set up to track 'origin/master'.
2022-06-06T09:56:16.8158934Z ##[endgroup]
2022-06-06T09:56:16.8214821Z [command]/usr/bin/git log -1 --format='%H'
2022-06-06T09:56:16.8251563Z '0e2c948ea53de521fa3c224b7353316e856576fc'
2022-06-06T09:56:16.8628717Z ##[group]Run actions/setup-node@v3
2022-06-06T09:56:16.8629081Z with:
2022-06-06T09:56:16.8629412Z   architecture: x64
2022-06-06T09:56:16.8629740Z   node-version: 14.x
2022-06-06T09:56:16.8630066Z   always-auth: false
2022-06-06T09:56:16.8630400Z   check-latest: false
2022-06-06T09:56:16.8630952Z   token: ***
2022-06-06T09:56:16.8631397Z ##[endgroup]
2022-06-06T09:56:17.2503787Z Found in cache @ /opt/hostedtoolcache/node/14.19.3/x64
2022-06-06T09:56:17.2675449Z ##[group]Run npm install
2022-06-06T09:56:17.2675910Z [36;1mnpm install[0m
2022-06-06T09:56:17.2676214Z [36;1mnpm test[0m
2022-06-06T09:56:17.2743570Z shell: /usr/bin/bash --noprofile --norc -e -o pipefail {0}
2022-06-06T09:56:17.2744024Z env:
2022-06-06T09:56:17.2744281Z   CI: true
2022-06-06T09:56:17.2744735Z   npm_config_build_from_source: true
2022-06-06T09:56:17.2745103Z ##[endgroup]
2022-06-06T09:56:28.5096334Z npm notice created a lockfile as package-lock.json. You should commit this file.
2022-06-06T09:56:28.5158342Z npm WARN optional SKIPPING OPTIONAL DEPENDENCY: fsevents@~2.3.2 (node_modules/chokidar/node_modules/fsevents):
2022-06-06T09:56:28.5159474Z npm WARN notsup SKIPPING OPTIONAL DEPENDENCY: Unsupported platform for fsevents@2.3.2: wanted {"os":"darwin","arch":"any"} (current: {"os":"linux","arch":"x64"})
2022-06-06T09:56:28.5163511Z 
2022-06-06T09:56:28.5177019Z added 128 packages from 169 contributors and audited 129 packages in 3.789s
2022-06-06T09:56:28.5636831Z 
2022-06-06T09:56:28.5637683Z 21 packages are looking for funding
2022-06-06T09:56:28.5638287Z   run `npm fund` for details
2022-06-06T09:56:28.5638700Z 
2022-06-06T09:56:28.5640826Z found 0 vulnerabilities
2022-06-06T09:56:28.5641149Z 
2022-06-06T09:56:28.8606457Z 
2022-06-06T09:56:28.8607496Z > cmake-js@7.0.0-2 test /home/runner/work/cmake-js/cmake-js
2022-06-06T09:56:28.8607884Z > mocha tests
2022-06-06T09:56:28.8608049Z 
2022-06-06T09:56:29.3168892Z 
2022-06-06T09:56:29.3173805Z 
2022-06-06T09:56:29.3182947Z   dist
2022-06-06T09:56:29.3202653Z info DIST Downloading distribution files to: /home/runner/.cmake-js/node-x64/v14.19.3
2022-06-06T09:56:29.3239346Z http DIST 	- https://nodejs.org/dist/v14.19.3/SHASUMS256.txt
2022-06-06T09:56:29.4085476Z http DIST 	- https://nodejs.org/dist/v14.19.3/node-v14.19.3-headers.tar.gz
2022-06-06T09:56:29.8810650Z     ✔ should download dist files if needed (562ms)
2022-06-06T09:56:29.8820871Z 
2022-06-06T09:56:29.8825927Z   BuildSystem
2022-06-06T09:56:29.9238832Z     ✔ should provide list of generators (40ms)
2022-06-06T09:56:29.9299578Z info TOOL Using Unix Makefiles generator.
2022-06-06T09:56:29.9312043Z info CMD CLEAN
2022-06-06T09:56:29.9317342Z info RUN [
2022-06-06T09:56:29.9319156Z info RUN   'cmake',
2022-06-06T09:56:29.9320932Z info RUN   '-E',
2022-06-06T09:56:29.9322728Z info RUN   'remove_directory',
2022-06-06T09:56:29.9324776Z info RUN   '/home/runner/work/cmake-js/cmake-js/tests/es6/prototype2/build'
2022-06-06T09:56:29.9326514Z info RUN ]
2022-06-06T09:56:29.9401797Z info CMD CONFIGURE
2022-06-06T09:56:29.9437308Z ERR! OMG Failed to generate def for node.lib
2022-06-06T09:56:29.9447603Z     1) should rebuild prototype if cwd is the source directory
2022-06-06T09:56:29.9473339Z info TOOL Using Unix Makefiles generator.
2022-06-06T09:56:29.9483530Z     ✔ should run with old GNU compilers
2022-06-06T09:56:29.9518436Z info TOOL Using Unix Makefiles generator.
2022-06-06T09:56:29.9525417Z     ✔ should configure with custom option
2022-06-06T09:56:29.9528551Z     Build with various options
2022-06-06T09:56:29.9533178Z info TEST Running case for options of: {
2022-06-06T09:56:29.9534198Z info TEST   runtime: 'node',
2022-06-06T09:56:29.9536161Z info TEST   runtimeVersion: '14.0.0',
2022-06-06T09:56:29.9537846Z info TEST   arch: undefined,
2022-06-06T09:56:29.9539539Z info TEST   preferClang: true,
2022-06-06T09:56:29.9541118Z info TEST   referMake: true
2022-06-06T09:56:29.9542631Z info TEST }
2022-06-06T09:56:29.9570855Z info TOOL Using clang++ compiler, because preferClang option is set, and clang++ is available.
2022-06-06T09:56:29.9573145Z info TOOL Using Unix Makefiles generator.
2022-06-06T09:56:29.9577776Z info DIST Downloading distribution files to: /home/runner/.cmake-js/node-x64/v14.0.0
2022-06-06T09:56:29.9582895Z http DIST 	- https://nodejs.org/dist/v14.0.0/SHASUMS256.txt
2022-06-06T09:56:30.0090706Z http DIST 	- https://nodejs.org/dist/v14.0.0/node-v14.0.0-headers.tar.gz
2022-06-06T09:56:30.4272761Z info CMD CLEAN
2022-06-06T09:56:30.4295522Z info RUN [
2022-06-06T09:56:30.4296478Z info RUN   'cmake',
2022-06-06T09:56:30.4297524Z info RUN   '-E',
2022-06-06T09:56:30.4297989Z info RUN   'remove_directory',
2022-06-06T09:56:30.4298590Z info RUN   '/home/runner/work/cmake-js/cmake-js/tests/es6/prototype/build'
2022-06-06T09:56:30.4298939Z info RUN ]
2022-06-06T09:56:30.4353000Z info CMD CONFIGURE
2022-06-06T09:56:30.4366732Z ERR! OMG Failed to generate def for node.lib
2022-06-06T09:56:30.4369304Z       2) should build with: {
2022-06-06T09:56:30.4369788Z   runtime: 'node',
2022-06-06T09:56:30.4370263Z   runtimeVersion: '14.0.0',
2022-06-06T09:56:30.4370629Z   arch: undefined,
2022-06-06T09:56:30.4370987Z   preferClang: true,
2022-06-06T09:56:30.4371335Z   referMake: true
2022-06-06T09:56:30.4371645Z }
2022-06-06T09:56:30.4411687Z info TEST Running case for options of: {
2022-06-06T09:56:30.4412431Z info TEST   runtime: 'node',
2022-06-06T09:56:30.4413213Z info TEST   runtimeVersion: '14.0.0',
2022-06-06T09:56:30.4414046Z info TEST   arch: undefined,
2022-06-06T09:56:30.4414462Z info TEST   preferClang: true
2022-06-06T09:56:30.4414743Z info TEST }
2022-06-06T09:56:30.4434047Z info TOOL Using clang++ compiler, because preferClang option is set, and clang++ is available.
2022-06-06T09:56:30.4434750Z info TOOL Using Unix Makefiles generator.
2022-06-06T09:56:30.4442161Z info CMD CLEAN
2022-06-06T09:56:30.4442989Z info RUN [
2022-06-06T09:56:30.4443545Z info RUN   'cmake',
2022-06-06T09:56:30.4443987Z info RUN   '-E',
2022-06-06T09:56:30.4444681Z info RUN   'remove_directory',
2022-06-06T09:56:30.4445869Z info RUN   '/home/runner/work/cmake-js/cmake-js/tests/es6/prototype/build'
2022-06-06T09:56:30.4446243Z info RUN ]
2022-06-06T09:56:30.4523322Z info CMD CONFIGURE
2022-06-06T09:56:30.4535420Z ERR! OMG Failed to generate def for node.lib
2022-06-06T09:56:30.4538441Z       3) should build with: {
2022-06-06T09:56:30.4539011Z   runtime: 'node',
2022-06-06T09:56:30.4539435Z   runtimeVersion: '14.0.0',
2022-06-06T09:56:30.4539796Z   arch: undefined,
2022-06-06T09:56:30.4540149Z   preferClang: true
2022-06-06T09:56:30.4540462Z }
2022-06-06T09:56:30.4544195Z info TEST Running case for options of: {
2022-06-06T09:56:30.4544801Z info TEST   runtime: 'node',
2022-06-06T09:56:30.4545425Z info TEST   runtimeVersion: '14.0.0',
2022-06-06T09:56:30.4547751Z info TEST   arch: undefined,
2022-06-06T09:56:30.4548253Z info TEST   preferGnu: true,
2022-06-06T09:56:30.4548658Z info TEST   referMake: true
2022-06-06T09:56:30.4549115Z info TEST }
2022-06-06T09:56:30.4564041Z info TOOL Using g++ compiler, because preferGnu option is set, and g++ is available.
2022-06-06T09:56:30.4564702Z info TOOL Using Unix Makefiles generator.
2022-06-06T09:56:30.4571988Z info CMD CLEAN
2022-06-06T09:56:30.4572939Z info RUN [
2022-06-06T09:56:30.4573443Z info RUN   'cmake',
2022-06-06T09:56:30.4573889Z info RUN   '-E',
2022-06-06T09:56:30.4574526Z info RUN   'remove_directory',
2022-06-06T09:56:30.4575885Z info RUN   '/home/runner/work/cmake-js/cmake-js/tests/es6/prototype/build'
2022-06-06T09:56:30.4576265Z info RUN ]
2022-06-06T09:56:30.4647217Z info CMD CONFIGURE
2022-06-06T09:56:30.4658413Z ERR! OMG Failed to generate def for node.lib
2022-06-06T09:56:30.4660931Z       4) should build with: {
2022-06-06T09:56:30.4661456Z   runtime: 'node',
2022-06-06T09:56:30.4661872Z   runtimeVersion: '14.0.0',
2022-06-06T09:56:30.4662209Z   arch: undefined,
2022-06-06T09:56:30.4662544Z   preferGnu: true,
2022-06-06T09:56:30.4662875Z   referMake: true
2022-06-06T09:56:30.4663178Z }
2022-06-06T09:56:30.4664027Z info TEST Running case for options of: {
2022-06-06T09:56:30.4664523Z info TEST   runtime: 'node',
2022-06-06T09:56:30.4665027Z info TEST   runtimeVersion: '14.0.0',
2022-06-06T09:56:30.4665436Z info TEST   arch: undefined,
2022-06-06T09:56:30.4665831Z info TEST   preferGnu: true
2022-06-06T09:56:30.4666175Z info TEST }
2022-06-06T09:56:30.4682489Z info TOOL Using g++ compiler, because preferGnu option is set, and g++ is available.
2022-06-06T09:56:30.4683084Z info TOOL Using Unix Makefiles generator.
2022-06-06T09:56:30.4690425Z info CMD CLEAN
2022-06-06T09:56:30.4691037Z info RUN [
2022-06-06T09:56:30.4691518Z info RUN   'cmake',
2022-06-06T09:56:30.4691903Z info RUN   '-E',
2022-06-06T09:56:30.4692390Z info RUN   'remove_directory',
2022-06-06T09:56:30.4693042Z info RUN   '/home/runner/work/cmake-js/cmake-js/tests/es6/prototype/build'
2022-06-06T09:56:30.4693461Z info RUN ]
2022-06-06T09:56:30.4760636Z info CMD CONFIGURE
2022-06-06T09:56:30.4772236Z ERR! OMG Failed to generate def for node.lib
2022-06-06T09:56:30.4774638Z       5) should build with: {
2022-06-06T09:56:30.4775151Z   runtime: 'node',
2022-06-06T09:56:30.4775565Z   runtimeVersion: '14.0.0',
2022-06-06T09:56:30.4775922Z   arch: undefined,
2022-06-06T09:56:30.4776245Z   preferGnu: true
2022-06-06T09:56:30.4776572Z }
2022-06-06T09:56:30.4778080Z info TEST Running case for options of: { runtime: 'node', runtimeVersion: '14.0.0', arch: undefined }
2022-06-06T09:56:30.4795120Z info TOOL Using Unix Makefiles generator.
2022-06-06T09:56:30.4802270Z info CMD CLEAN
2022-06-06T09:56:30.4803089Z info RUN [
2022-06-06T09:56:30.4803514Z info RUN   'cmake',
2022-06-06T09:56:30.4803892Z info RUN   '-E',
2022-06-06T09:56:30.4804373Z info RUN   'remove_directory',
2022-06-06T09:56:30.4805021Z info RUN   '/home/runner/work/cmake-js/cmake-js/tests/es6/prototype/build'
2022-06-06T09:56:30.4805441Z info RUN ]
2022-06-06T09:56:30.4872800Z info CMD CONFIGURE
2022-06-06T09:56:30.4883710Z ERR! OMG Failed to generate def for node.lib
2022-06-06T09:56:30.4886604Z       6) should build with: { runtime: 'node', runtimeVersion: '14.0.0', arch: undefined }
2022-06-06T09:56:30.4889308Z info TEST Running case for options of: {
2022-06-06T09:56:30.4889828Z info TEST   runtime: 'node',
2022-06-06T09:56:30.4890340Z info TEST   runtimeVersion: '16.0.0',
2022-06-06T09:56:30.4890751Z info TEST   arch: undefined,
2022-06-06T09:56:30.4891185Z info TEST   preferClang: true,
2022-06-06T09:56:30.4891599Z info TEST   referMake: true
2022-06-06T09:56:30.4891946Z info TEST }
2022-06-06T09:56:30.4907002Z info TOOL Using clang++ compiler, because preferClang option is set, and clang++ is available.
2022-06-06T09:56:30.4907593Z info TOOL Using Unix Makefiles generator.
2022-06-06T09:56:30.4909510Z info DIST Downloading distribution files to: /home/runner/.cmake-js/node-x64/v16.0.0
2022-06-06T09:56:30.4912911Z http DIST 	- https://nodejs.org/dist/v16.0.0/SHASUMS256.txt
2022-06-06T09:56:30.5238986Z http DIST 	- https://nodejs.org/dist/v16.0.0/node-v16.0.0-headers.tar.gz
2022-06-06T09:56:30.9094000Z info CMD CLEAN
2022-06-06T09:56:30.9096746Z info RUN [
2022-06-06T09:56:30.9098950Z info RUN   'cmake',
2022-06-06T09:56:30.9099496Z info RUN   '-E',
2022-06-06T09:56:30.9099980Z info RUN   'remove_directory',
2022-06-06T09:56:30.9100668Z info RUN   '/home/runner/work/cmake-js/cmake-js/tests/es6/prototype/build'
2022-06-06T09:56:30.9101101Z info RUN ]
2022-06-06T09:56:30.9185450Z info CMD CONFIGURE
2022-06-06T09:56:30.9197934Z ERR! OMG Failed to generate def for node.lib
2022-06-06T09:56:30.9200507Z       7) should build with: {
2022-06-06T09:56:30.9201058Z   runtime: 'node',
2022-06-06T09:56:30.9201491Z   runtimeVersion: '16.0.0',
2022-06-06T09:56:30.9201851Z   arch: undefined,
2022-06-06T09:56:30.9202197Z   preferClang: true,
2022-06-06T09:56:30.9202528Z   referMake: true
2022-06-06T09:56:30.9202852Z }
2022-06-06T09:56:30.9203547Z info TEST Running case for options of: {
2022-06-06T09:56:30.9204056Z info TEST   runtime: 'node',
2022-06-06T09:56:30.9204563Z info TEST   runtimeVersion: '16.0.0',
2022-06-06T09:56:30.9204972Z info TEST   arch: undefined,
2022-06-06T09:56:30.9205412Z info TEST   preferClang: true
2022-06-06T09:56:30.9205763Z info TEST }
2022-06-06T09:56:30.9221173Z info TOOL Using clang++ compiler, because preferClang option is set, and clang++ is available.
2022-06-06T09:56:30.9221754Z info TOOL Using Unix Makefiles generator.
2022-06-06T09:56:30.9228305Z info CMD CLEAN
2022-06-06T09:56:30.9229154Z info RUN [
2022-06-06T09:56:30.9229572Z info RUN   'cmake',
2022-06-06T09:56:30.9229938Z info RUN   '-E',
2022-06-06T09:56:30.9230627Z info RUN   'remove_directory',
2022-06-06T09:56:30.9231567Z info RUN   '/home/runner/work/cmake-js/cmake-js/tests/es6/prototype/build'
2022-06-06T09:56:30.9232002Z info RUN ]
2022-06-06T09:56:30.9313113Z info CMD CONFIGURE
2022-06-06T09:56:30.9324493Z ERR! OMG Failed to generate def for node.lib
2022-06-06T09:56:30.9326974Z       8) should build with: {
2022-06-06T09:56:30.9327681Z   runtime: 'node',
2022-06-06T09:56:30.9328574Z   runtimeVersion: '16.0.0',
2022-06-06T09:56:30.9328882Z   arch: undefined,
2022-06-06T09:56:30.9329153Z   preferClang: true
2022-06-06T09:56:30.9329415Z }
2022-06-06T09:56:30.9333778Z info TEST Running case for options of: {
2022-06-06T09:56:30.9334379Z info TEST   runtime: 'node',
2022-06-06T09:56:30.9334940Z info TEST   runtimeVersion: '16.0.0',
2022-06-06T09:56:30.9335422Z info TEST   arch: undefined,
2022-06-06T09:56:30.9336093Z info TEST   preferGnu: true,
2022-06-06T09:56:30.9338822Z info TEST   referMake: true
2022-06-06T09:56:30.9339206Z info TEST }
2022-06-06T09:56:30.9353173Z info TOOL Using g++ compiler, because preferGnu option is set, and g++ is available.
2022-06-06T09:56:30.9353837Z info TOOL Using Unix Makefiles generator.
2022-06-06T09:56:30.9360221Z info CMD CLEAN
2022-06-06T09:56:30.9361027Z info RUN [
2022-06-06T09:56:30.9361544Z info RUN   'cmake',
2022-06-06T09:56:30.9362001Z info RUN   '-E',
2022-06-06T09:56:30.9362618Z info RUN   'remove_directory',
2022-06-06T09:56:30.9364529Z info RUN   '/home/runner/work/cmake-js/cmake-js/tests/es6/prototype/build'
2022-06-06T09:56:30.9365041Z info RUN ]
2022-06-06T09:56:30.9474216Z info CMD CONFIGURE
2022-06-06T09:56:30.9489945Z ERR! OMG Failed to generate def for node.lib
2022-06-06T09:56:30.9496092Z       9) should build with: {
2022-06-06T09:56:30.9496789Z   runtime: 'node',
2022-06-06T09:56:30.9497324Z   runtimeVersion: '16.0.0',
2022-06-06T09:56:30.9497829Z   arch: undefined,
2022-06-06T09:56:30.9498312Z   preferGnu: true,
2022-06-06T09:56:30.9498851Z   referMake: true
2022-06-06T09:56:30.9499308Z }
2022-06-06T09:56:30.9510889Z info TEST Running case for options of: {
2022-06-06T09:56:30.9514783Z info TEST   runtime: 'node',
2022-06-06T09:56:30.9518205Z info TEST   runtimeVersion: '16.0.0',
2022-06-06T09:56:30.9521522Z info TEST   arch: undefined,
2022-06-06T09:56:30.9524765Z info TEST   preferGnu: true
2022-06-06T09:56:30.9527967Z info TEST }
2022-06-06T09:56:30.9547885Z info TOOL Using g++ compiler, because preferGnu option is set, and g++ is available.
2022-06-06T09:56:30.9548628Z info TOOL Using Unix Makefiles generator.
2022-06-06T09:56:30.9555146Z info CMD CLEAN
2022-06-06T09:56:30.9555883Z info RUN [
2022-06-06T09:56:30.9556442Z info RUN   'cmake',
2022-06-06T09:56:30.9556949Z info RUN   '-E',
2022-06-06T09:56:30.9557861Z info RUN   'remove_directory',
2022-06-06T09:56:30.9558482Z info RUN   '/home/runner/work/cmake-js/cmake-js/tests/es6/prototype/build'
2022-06-06T09:56:30.9559083Z info RUN ]
2022-06-06T09:56:30.9633187Z info CMD CONFIGURE
2022-06-06T09:56:30.9645160Z ERR! OMG Failed to generate def for node.lib
2022-06-06T09:56:30.9648899Z       10) should build with: {
2022-06-06T09:56:30.9649687Z   runtime: 'node',
2022-06-06T09:56:30.9650037Z   runtimeVersion: '16.0.0',
2022-06-06T09:56:30.9650313Z   arch: undefined,
2022-06-06T09:56:30.9650580Z   preferGnu: true
2022-06-06T09:56:30.9650833Z }
2022-06-06T09:56:30.9656187Z info TEST Running case for options of: { runtime: 'node', runtimeVersion: '16.0.0', arch: undefined }
2022-06-06T09:56:30.9672356Z info TOOL Using Unix Makefiles generator.
2022-06-06T09:56:30.9679260Z info CMD CLEAN
2022-06-06T09:56:30.9680009Z info RUN [
2022-06-06T09:56:30.9680530Z info RUN   'cmake',
2022-06-06T09:56:30.9681232Z info RUN   '-E',
2022-06-06T09:56:30.9681634Z info RUN   'remove_directory',
2022-06-06T09:56:30.9683694Z info RUN   '/home/runner/work/cmake-js/cmake-js/tests/es6/prototype/build'
2022-06-06T09:56:30.9684237Z info RUN ]
2022-06-06T09:56:30.9754179Z info CMD CONFIGURE
2022-06-06T09:56:30.9765456Z ERR! OMG Failed to generate def for node.lib
2022-06-06T09:56:30.9768202Z       11) should build with: { runtime: 'node', runtimeVersion: '16.0.0', arch: undefined }
2022-06-06T09:56:30.9770890Z info TEST Running case for options of: {
2022-06-06T09:56:30.9771501Z info TEST   runtime: 'node',
2022-06-06T09:56:30.9772475Z info TEST   runtimeVersion: '18.3.0',
2022-06-06T09:56:30.9772844Z info TEST   arch: undefined,
2022-06-06T09:56:30.9774420Z info TEST   preferClang: true,
2022-06-06T09:56:30.9774946Z info TEST   referMake: true
2022-06-06T09:56:30.9775451Z info TEST }
2022-06-06T09:56:30.9793188Z info TOOL Using clang++ compiler, because preferClang option is set, and clang++ is available.
2022-06-06T09:56:30.9793892Z info TOOL Using Unix Makefiles generator.
2022-06-06T09:56:30.9796599Z info DIST Downloading distribution files to: /home/runner/.cmake-js/node-x64/v18.3.0
2022-06-06T09:56:30.9799499Z http DIST 	- https://nodejs.org/dist/v18.3.0/SHASUMS256.txt
2022-06-06T09:56:31.0061877Z http DIST 	- https://nodejs.org/dist/v18.3.0/node-v18.3.0-headers.tar.gz
2022-06-06T09:56:32.6586200Z info CMD CLEAN
2022-06-06T09:56:32.6586890Z info RUN [
2022-06-06T09:56:32.6588310Z info RUN   'cmake',
2022-06-06T09:56:32.6588834Z info RUN   '-E',
2022-06-06T09:56:32.6589541Z info RUN   'remove_directory',
2022-06-06T09:56:32.6590871Z info RUN   '/home/runner/work/cmake-js/cmake-js/tests/es6/prototype/build'
2022-06-06T09:56:32.6591651Z info RUN ]
2022-06-06T09:56:32.6685362Z info CMD CONFIGURE
2022-06-06T09:56:32.6709307Z ERR! OMG Failed to generate def for node.lib
2022-06-06T09:56:32.6711957Z       12) should build with: {
2022-06-06T09:56:32.6712450Z   runtime: 'node',
2022-06-06T09:56:32.6712963Z   runtimeVersion: '18.3.0',
2022-06-06T09:56:32.6713317Z   arch: undefined,
2022-06-06T09:56:32.6713680Z   preferClang: true,
2022-06-06T09:56:32.6714028Z   referMake: true
2022-06-06T09:56:32.6714357Z }
2022-06-06T09:56:32.6741978Z info TEST Running case for options of: {
2022-06-06T09:56:32.6742721Z info TEST   runtime: 'node',
2022-06-06T09:56:32.6743490Z info TEST   runtimeVersion: '18.3.0',
2022-06-06T09:56:32.6747057Z info TEST   arch: undefined,
2022-06-06T09:56:32.6747543Z info TEST   preferClang: true
2022-06-06T09:56:32.6747985Z info TEST }
2022-06-06T09:56:32.6759663Z info TOOL Using clang++ compiler, because preferClang option is set, and clang++ is available.
2022-06-06T09:56:32.6760379Z info TOOL Using Unix Makefiles generator.
2022-06-06T09:56:32.6766776Z info CMD CLEAN
2022-06-06T09:56:32.6767640Z info RUN [
2022-06-06T09:56:32.6768134Z info RUN   'cmake',
2022-06-06T09:56:32.6768542Z info RUN   '-E',
2022-06-06T09:56:32.6769169Z info RUN   'remove_directory',
2022-06-06T09:56:32.6772867Z info RUN   '/home/runner/work/cmake-js/cmake-js/tests/es6/prototype/build'
2022-06-06T09:56:32.6773327Z info RUN ]
2022-06-06T09:56:32.6861634Z info CMD CONFIGURE
2022-06-06T09:56:32.6881376Z ERR! OMG Failed to generate def for node.lib
2022-06-06T09:56:32.6883487Z       13) should build with: {
2022-06-06T09:56:32.6884068Z   runtime: 'node',
2022-06-06T09:56:32.6884495Z   runtimeVersion: '18.3.0',
2022-06-06T09:56:32.6884850Z   arch: undefined,
2022-06-06T09:56:32.6885204Z   preferClang: true
2022-06-06T09:56:32.6885532Z }
2022-06-06T09:56:32.6886390Z info TEST Running case for options of: {
2022-06-06T09:56:32.6886895Z info TEST   runtime: 'node',
2022-06-06T09:56:32.6887409Z info TEST   runtimeVersion: '18.3.0',
2022-06-06T09:56:32.6887817Z info TEST   arch: undefined,
2022-06-06T09:56:32.6888219Z info TEST   preferGnu: true,
2022-06-06T09:56:32.6888615Z info TEST   referMake: true
2022-06-06T09:56:32.6888959Z info TEST }
2022-06-06T09:56:32.6904730Z info TOOL Using g++ compiler, because preferGnu option is set, and g++ is available.
2022-06-06T09:56:32.6905360Z info TOOL Using Unix Makefiles generator.
2022-06-06T09:56:32.6910925Z info CMD CLEAN
2022-06-06T09:56:32.6912115Z info RUN [
2022-06-06T09:56:32.6912603Z info RUN   'cmake',
2022-06-06T09:56:32.6913003Z info RUN   '-E',
2022-06-06T09:56:32.6913501Z info RUN   'remove_directory',
2022-06-06T09:56:32.6914379Z info RUN   '/home/runner/work/cmake-js/cmake-js/tests/es6/prototype/build'
2022-06-06T09:56:32.6914823Z info RUN ]
2022-06-06T09:56:32.6991504Z info CMD CONFIGURE
2022-06-06T09:56:32.7002699Z ERR! OMG Failed to generate def for node.lib
2022-06-06T09:56:32.7005204Z       14) should build with: {
2022-06-06T09:56:32.7005707Z   runtime: 'node',
2022-06-06T09:56:32.7006121Z   runtimeVersion: '18.3.0',
2022-06-06T09:56:32.7006483Z   arch: undefined,
2022-06-06T09:56:32.7006814Z   preferGnu: true,
2022-06-06T09:56:32.7007150Z   referMake: true
2022-06-06T09:56:32.7007467Z }
2022-06-06T09:56:32.7008199Z info TEST Running case for options of: {
2022-06-06T09:56:32.7008680Z info TEST   runtime: 'node',
2022-06-06T09:56:32.7009212Z info TEST   runtimeVersion: '18.3.0',
2022-06-06T09:56:32.7009649Z info TEST   arch: undefined,
2022-06-06T09:56:32.7010041Z info TEST   preferGnu: true
2022-06-06T09:56:32.7010386Z info TEST }
2022-06-06T09:56:32.7026165Z info TOOL Using g++ compiler, because preferGnu option is set, and g++ is available.
2022-06-06T09:56:32.7026950Z info TOOL Using Unix Makefiles generator.
2022-06-06T09:56:32.7033055Z info CMD CLEAN
2022-06-06T09:56:32.7033445Z info RUN [
2022-06-06T09:56:32.7033895Z info RUN   'cmake',
2022-06-06T09:56:32.7034313Z info RUN   '-E',
2022-06-06T09:56:32.7034784Z info RUN   'remove_directory',
2022-06-06T09:56:32.7035463Z info RUN   '/home/runner/work/cmake-js/cmake-js/tests/es6/prototype/build'
2022-06-06T09:56:32.7035885Z info RUN ]
2022-06-06T09:56:32.7112418Z info CMD CONFIGURE
2022-06-06T09:56:32.7124146Z ERR! OMG Failed to generate def for node.lib
2022-06-06T09:56:32.7126598Z       15) should build with: {
2022-06-06T09:56:32.7127096Z   runtime: 'node',
2022-06-06T09:56:32.7127498Z   runtimeVersion: '18.3.0',
2022-06-06T09:56:32.7127856Z   arch: undefined,
2022-06-06T09:56:32.7128201Z   preferGnu: true
2022-06-06T09:56:32.7128509Z }
2022-06-06T09:56:32.7129743Z info TEST Running case for options of: { runtime: 'node', runtimeVersion: '18.3.0', arch: undefined }
2022-06-06T09:56:32.7146460Z info TOOL Using Unix Makefiles generator.
2022-06-06T09:56:32.7152799Z info CMD CLEAN
2022-06-06T09:56:32.7153481Z info RUN [
2022-06-06T09:56:32.7153957Z info RUN   'cmake',
2022-06-06T09:56:32.7154353Z info RUN   '-E',
2022-06-06T09:56:32.7154845Z info RUN   'remove_directory',
2022-06-06T09:56:32.7155525Z info RUN   '/home/runner/work/cmake-js/cmake-js/tests/es6/prototype/build'
2022-06-06T09:56:32.7155937Z info RUN ]
2022-06-06T09:56:32.7233556Z info CMD CONFIGURE
2022-06-06T09:56:32.7243321Z ERR! OMG Failed to generate def for node.lib
2022-06-06T09:56:32.7246081Z       16) should build with: { runtime: 'node', runtimeVersion: '18.3.0', arch: undefined }
2022-06-06T09:56:32.7248610Z info TEST Running case for options of: {
2022-06-06T09:56:32.7249131Z info TEST   runtime: 'nw',
2022-06-06T09:56:32.7249652Z info TEST   runtimeVersion: '0.64.0',
2022-06-06T09:56:32.7250289Z info TEST   arch: undefined,
2022-06-06T09:56:32.7250732Z info TEST   preferClang: true,
2022-06-06T09:56:32.7251142Z info TEST   referMake: true
2022-06-06T09:56:32.7251511Z info TEST }
2022-06-06T09:56:32.7266640Z info TOOL Using clang++ compiler, because preferClang option is set, and clang++ is available.
2022-06-06T09:56:32.7267285Z info TOOL Using Unix Makefiles generator.
2022-06-06T09:56:32.7268148Z info DIST Downloading distribution files to: /home/runner/.cmake-js/nw-x64/v0.64.0
2022-06-06T09:56:32.7274333Z http DIST 	- https://node-webkit.s3.amazonaws.com/v0.64.0/nw-headers-v0.64.0.tar.gz
2022-06-06T09:56:38.9850963Z info CMD CLEAN
2022-06-06T09:56:38.9867320Z info RUN [
2022-06-06T09:56:38.9868181Z info RUN   'cmake',
2022-06-06T09:56:38.9869740Z info RUN   '-E',
2022-06-06T09:56:38.9870410Z info RUN   'remove_directory',
2022-06-06T09:56:38.9871463Z info RUN   '/home/runner/work/cmake-js/cmake-js/tests/es6/prototype/build'
2022-06-06T09:56:38.9871996Z info RUN ]
2022-06-06T09:56:38.9982218Z info CMD CONFIGURE
2022-06-06T09:56:39.0040984Z ERR! OMG Failed to generate def for node.lib
2022-06-06T09:56:39.0053978Z       17) should build with: {
2022-06-06T09:56:39.0054752Z   runtime: 'nw',
2022-06-06T09:56:39.0055430Z   runtimeVersion: '0.64.0',
2022-06-06T09:56:39.0056731Z   arch: undefined,
2022-06-06T09:56:39.0057139Z   preferClang: true,
2022-06-06T09:56:39.0057514Z   referMake: true
2022-06-06T09:56:39.0058037Z }
2022-06-06T09:56:39.0085882Z info TEST Running case for options of: {
2022-06-06T09:56:39.0086753Z info TEST   runtime: 'nw',
2022-06-06T09:56:39.0087445Z info TEST   runtimeVersion: '0.64.0',
2022-06-06T09:56:39.0087989Z info TEST   arch: undefined,
2022-06-06T09:56:39.0088952Z info TEST   preferClang: true
2022-06-06T09:56:39.0089725Z info TEST }
2022-06-06T09:56:39.0122607Z info TOOL Using clang++ compiler, because preferClang option is set, and clang++ is available.
2022-06-06T09:56:39.0123420Z info TOOL Using Unix Makefiles generator.
2022-06-06T09:56:39.0134894Z info CMD CLEAN
2022-06-06T09:56:39.0136210Z info RUN [
2022-06-06T09:56:39.0136808Z info RUN   'cmake',
2022-06-06T09:56:39.0137283Z info RUN   '-E',
2022-06-06T09:56:39.0137950Z info RUN   'remove_directory',
2022-06-06T09:56:39.0141077Z info RUN   '/home/runner/work/cmake-js/cmake-js/tests/es6/prototype/build'
2022-06-06T09:56:39.0141592Z info RUN ]
2022-06-06T09:56:39.0227894Z info CMD CONFIGURE
2022-06-06T09:56:39.0240066Z ERR! OMG Failed to generate def for node.lib
2022-06-06T09:56:39.0242522Z       18) should build with: {
2022-06-06T09:56:39.0243217Z   runtime: 'nw',
2022-06-06T09:56:39.0243845Z   runtimeVersion: '0.64.0',
2022-06-06T09:56:39.0244748Z   arch: undefined,
2022-06-06T09:56:39.0245151Z   preferClang: true
2022-06-06T09:56:39.0245625Z }
2022-06-06T09:56:39.0249302Z info TEST Running case for options of: {
2022-06-06T09:56:39.0250065Z info TEST   runtime: 'nw',
2022-06-06T09:56:39.0250773Z info TEST   runtimeVersion: '0.64.0',
2022-06-06T09:56:39.0251377Z info TEST   arch: undefined,
2022-06-06T09:56:39.0251855Z info TEST   preferGnu: true,
2022-06-06T09:56:39.0252291Z info TEST   referMake: true
2022-06-06T09:56:39.0253255Z info TEST }
2022-06-06T09:56:39.0324534Z info TOOL Using g++ compiler, because preferGnu option is set, and g++ is available.
2022-06-06T09:56:39.0327504Z info TOOL Using Unix Makefiles generator.
2022-06-06T09:56:39.0330250Z info CMD CLEAN
2022-06-06T09:56:39.0332912Z info RUN [
2022-06-06T09:56:39.0335784Z info RUN   'cmake',
2022-06-06T09:56:39.0338521Z info RUN   '-E',
2022-06-06T09:56:39.0341344Z info RUN   'remove_directory',
2022-06-06T09:56:39.0344374Z info RUN   '/home/runner/work/cmake-js/cmake-js/tests/es6/prototype/build'
2022-06-06T09:56:39.0347137Z info RUN ]
2022-06-06T09:56:39.0378805Z info CMD CONFIGURE
2022-06-06T09:56:39.0389400Z ERR! OMG Failed to generate def for node.lib
2022-06-06T09:56:39.0407576Z info TEST Running case for options of: {
2022-06-06T09:56:39.0408093Z info TEST   runtime: 'nw',
2022-06-06T09:56:39.0408542Z info TEST   runtimeVersion: '0.64.0',
2022-06-06T09:56:39.0409084Z info TEST   arch: undefined,
2022-06-06T09:56:39.0409405Z info TEST   preferGnu: true
2022-06-06T09:56:39.0409685Z info TEST }
2022-06-06T09:56:39.0410001Z       19) should build with: {
2022-06-06T09:56:39.0410293Z   runtime: 'nw',
2022-06-06T09:56:39.0410609Z   runtimeVersion: '0.64.0',
2022-06-06T09:56:39.0410881Z   arch: undefined,
2022-06-06T09:56:39.0416271Z   preferGnu: true,
2022-06-06T09:56:39.0416533Z   referMake: true
2022-06-06T09:56:39.0416770Z }
2022-06-06T09:56:39.0417226Z info TOOL Using g++ compiler, because preferGnu option is set, and g++ is available.
2022-06-06T09:56:39.0417699Z info TOOL Using Unix Makefiles generator.
2022-06-06T09:56:39.0428865Z info CMD CLEAN
2022-06-06T09:56:39.0429115Z info RUN [
2022-06-06T09:56:39.0429424Z info RUN   'cmake',
2022-06-06T09:56:39.0429723Z info RUN   '-E',
2022-06-06T09:56:39.0430099Z info RUN   'remove_directory',
2022-06-06T09:56:39.0430680Z info RUN   '/home/runner/work/cmake-js/cmake-js/tests/es6/prototype/build'
2022-06-06T09:56:39.0431008Z info RUN ]
2022-06-06T09:56:39.0517760Z info CMD CONFIGURE
2022-06-06T09:56:39.0556366Z ERR! OMG Failed to generate def for node.lib
2022-06-06T09:56:39.0561299Z       20) should build with: {
2022-06-06T09:56:39.0562102Z   runtime: 'nw',
2022-06-06T09:56:39.0562762Z   runtimeVersion: '0.64.0',
2022-06-06T09:56:39.0564093Z   arch: undefined,
2022-06-06T09:56:39.0564522Z   preferGnu: true
2022-06-06T09:56:39.0564899Z }
2022-06-06T09:56:39.0568700Z info TEST Running case for options of: { runtime: 'nw', runtimeVersion: '0.64.0', arch: undefined }
2022-06-06T09:56:39.0581690Z info TOOL Using Unix Makefiles generator.
2022-06-06T09:56:39.0589116Z info CMD CLEAN
2022-06-06T09:56:39.0590023Z info RUN [
2022-06-06T09:56:39.0590530Z info RUN   'cmake',
2022-06-06T09:56:39.0590988Z info RUN   '-E',
2022-06-06T09:56:39.0595464Z info RUN   'remove_directory',
2022-06-06T09:56:39.0596047Z info RUN   '/home/runner/work/cmake-js/cmake-js/tests/es6/prototype/build'
2022-06-06T09:56:39.0596413Z info RUN ]
2022-06-06T09:56:39.0683911Z info CMD CONFIGURE
2022-06-06T09:56:39.0753253Z ERR! OMG Failed to generate def for node.lib
2022-06-06T09:56:39.0754166Z       21) should build with: { runtime: 'nw', runtimeVersion: '0.64.0', arch: undefined }
2022-06-06T09:56:39.0755135Z info TEST Running case for options of: {
2022-06-06T09:56:39.0758241Z info TEST   runtime: 'electron',
2022-06-06T09:56:39.0758831Z info TEST   runtimeVersion: '18.2.1',
2022-06-06T09:56:39.0759282Z info TEST   arch: undefined,
2022-06-06T09:56:39.0759864Z info TEST   preferClang: true,
2022-06-06T09:56:39.0765145Z info TEST   referMake: true
2022-06-06T09:56:39.0765552Z info TEST }
2022-06-06T09:56:39.0792188Z info TOOL Using clang++ compiler, because preferClang option is set, and clang++ is available.
2022-06-06T09:56:39.0792952Z info TOOL Using Unix Makefiles generator.
2022-06-06T09:56:39.0795279Z info DIST Downloading distribution files to: /home/runner/.cmake-js/electron-x64/v18.2.1
2022-06-06T09:56:39.0807584Z http DIST 	- https://atom.io/download/atom-shell/v18.2.1/node-v18.2.1.tar.gz
2022-06-06T09:56:39.4377560Z info CMD CLEAN
2022-06-06T09:56:39.4380210Z info RUN [
2022-06-06T09:56:39.4382011Z info RUN   'cmake',
2022-06-06T09:56:39.4383567Z info RUN   '-E',
2022-06-06T09:56:39.4385201Z info RUN   'remove_directory',
2022-06-06T09:56:39.4387039Z info RUN   '/home/runner/work/cmake-js/cmake-js/tests/es6/prototype/build'
2022-06-06T09:56:39.4388537Z info RUN ]
2022-06-06T09:56:39.4483084Z info CMD CONFIGURE
2022-06-06T09:56:39.4503240Z       22) should build with: {
2022-06-06T09:56:39.4503896Z   runtime: 'electron',
2022-06-06T09:56:39.4504312Z   runtimeVersion: '18.2.1',
2022-06-06T09:56:39.4504676Z   arch: undefined,
2022-06-06T09:56:39.4505028Z   preferClang: true,
2022-06-06T09:56:39.4505373Z   referMake: true
2022-06-06T09:56:39.4505692Z }
2022-06-06T09:56:39.4507777Z ERR! OMG Failed to generate def for node.lib
2022-06-06T09:56:39.4513468Z info TEST Running case for options of: {
2022-06-06T09:56:39.4515268Z info TEST   runtime: 'electron',
2022-06-06T09:56:39.4517360Z info TEST   runtimeVersion: '18.2.1',
2022-06-06T09:56:39.4518918Z info TEST   arch: undefined,
2022-06-06T09:56:39.4520403Z info TEST   preferClang: true
2022-06-06T09:56:39.4521877Z info TEST }
2022-06-06T09:56:39.4540973Z info TOOL Using clang++ compiler, because preferClang option is set, and clang++ is available.
2022-06-06T09:56:39.4542806Z info TOOL Using Unix Makefiles generator.
2022-06-06T09:56:39.4552393Z info CMD CLEAN
2022-06-06T09:56:39.4554793Z info RUN [
2022-06-06T09:56:39.4556531Z info RUN   'cmake',
2022-06-06T09:56:39.4556995Z info RUN   '-E',
2022-06-06T09:56:39.4558808Z info RUN   'remove_directory',
2022-06-06T09:56:39.4560531Z info RUN   '/home/runner/work/cmake-js/cmake-js/tests/es6/prototype/build'
2022-06-06T09:56:39.4562119Z info RUN ]
2022-06-06T09:56:39.4649840Z info CMD CONFIGURE
2022-06-06T09:56:39.4663383Z ERR! OMG Failed to generate def for node.lib
2022-06-06T09:56:39.4668226Z       23) should build with: {
2022-06-06T09:56:39.4668811Z   runtime: 'electron',
2022-06-06T09:56:39.4669247Z   runtimeVersion: '18.2.1',
2022-06-06T09:56:39.4669590Z   arch: undefined,
2022-06-06T09:56:39.4670117Z   preferClang: true
2022-06-06T09:56:39.4670469Z }
2022-06-06T09:56:39.4673093Z info TEST Running case for options of: {
2022-06-06T09:56:39.4673731Z info TEST   runtime: 'electron',
2022-06-06T09:56:39.4674256Z info TEST   runtimeVersion: '18.2.1',
2022-06-06T09:56:39.4674670Z info TEST   arch: undefined,
2022-06-06T09:56:39.4675073Z info TEST   preferGnu: true,
2022-06-06T09:56:39.4675469Z info TEST   referMake: true
2022-06-06T09:56:39.4675802Z info TEST }
2022-06-06T09:56:39.4729630Z info TOOL Using g++ compiler, because preferGnu option is set, and g++ is available.
2022-06-06T09:56:39.4730248Z info TOOL Using Unix Makefiles generator.
2022-06-06T09:56:39.4730634Z info CMD CLEAN
2022-06-06T09:56:39.4730956Z info RUN [
2022-06-06T09:56:39.4731489Z info RUN   'cmake',
2022-06-06T09:56:39.4731880Z info RUN   '-E',
2022-06-06T09:56:39.4732355Z info RUN   'remove_directory',
2022-06-06T09:56:39.4733034Z info RUN   '/home/runner/work/cmake-js/cmake-js/tests/es6/prototype/build'
2022-06-06T09:56:39.4733450Z info RUN ]
2022-06-06T09:56:39.4798937Z info CMD CONFIGURE
2022-06-06T09:56:39.4810547Z ERR! OMG Failed to generate def for node.lib
2022-06-06T09:56:39.4813088Z       24) should build with: {
2022-06-06T09:56:39.4813606Z   runtime: 'electron',
2022-06-06T09:56:39.4814034Z   runtimeVersion: '18.2.1',
2022-06-06T09:56:39.4814393Z   arch: undefined,
2022-06-06T09:56:39.4814745Z   preferGnu: true,
2022-06-06T09:56:39.4815065Z   referMake: true
2022-06-06T09:56:39.4815388Z }
2022-06-06T09:56:39.4816441Z info TEST Running case for options of: {
2022-06-06T09:56:39.4816983Z info TEST   runtime: 'electron',
2022-06-06T09:56:39.4817487Z info TEST   runtimeVersion: '18.2.1',
2022-06-06T09:56:39.4817899Z info TEST   arch: undefined,
2022-06-06T09:56:39.4818291Z info TEST   preferGnu: true
2022-06-06T09:56:39.4818663Z info TEST }
2022-06-06T09:56:39.4836491Z info TOOL Using g++ compiler, because preferGnu option is set, and g++ is available.
2022-06-06T09:56:39.4837117Z info TOOL Using Unix Makefiles generator.
2022-06-06T09:56:39.4843486Z info CMD CLEAN
2022-06-06T09:56:39.4843876Z info RUN [
2022-06-06T09:56:39.4844344Z info RUN   'cmake',
2022-06-06T09:56:39.4845824Z info RUN   '-E',
2022-06-06T09:56:39.4846300Z info RUN   'remove_directory',
2022-06-06T09:56:39.4846975Z info RUN   '/home/runner/work/cmake-js/cmake-js/tests/es6/prototype/build'
2022-06-06T09:56:39.4847405Z info RUN ]
2022-06-06T09:56:39.4925727Z info CMD CONFIGURE
2022-06-06T09:56:39.4936826Z ERR! OMG Failed to generate def for node.lib
2022-06-06T09:56:39.4939146Z       25) should build with: {
2022-06-06T09:56:39.4939674Z   runtime: 'electron',
2022-06-06T09:56:39.4940101Z   runtimeVersion: '18.2.1',
2022-06-06T09:56:39.4940444Z   arch: undefined,
2022-06-06T09:56:39.4940792Z   preferGnu: true
2022-06-06T09:56:39.4941111Z }
2022-06-06T09:56:39.4942563Z info TEST Running case for options of: { runtime: 'electron', runtimeVersion: '18.2.1', arch: undefined }
2022-06-06T09:56:39.4959620Z info TOOL Using Unix Makefiles generator.
2022-06-06T09:56:39.4966493Z info CMD CLEAN
2022-06-06T09:56:39.4967200Z info RUN [
2022-06-06T09:56:39.4967636Z info RUN   'cmake',
2022-06-06T09:56:39.4968005Z info RUN   '-E',
2022-06-06T09:56:39.4968497Z info RUN   'remove_directory',
2022-06-06T09:56:39.4969161Z info RUN   '/home/runner/work/cmake-js/cmake-js/tests/es6/prototype/build'
2022-06-06T09:56:39.4969589Z info RUN ]
2022-06-06T09:56:39.5049546Z info CMD CONFIGURE
2022-06-06T09:56:39.5060715Z ERR! OMG Failed to generate def for node.lib
2022-06-06T09:56:39.5063404Z       26) should build with: { runtime: 'electron', runtimeVersion: '18.2.1', arch: undefined }
2022-06-06T09:56:39.5066211Z info TEST Running case for options of: { preferClang: true, referMake: true }
2022-06-06T09:56:39.5082383Z info TOOL Using clang++ compiler, because preferClang option is set, and clang++ is available.
2022-06-06T09:56:39.5083166Z info TOOL Using Unix Makefiles generator.
2022-06-06T09:56:39.5092832Z info CMD CLEAN
2022-06-06T09:56:39.5093568Z info RUN [
2022-06-06T09:56:39.5094305Z info RUN   'cmake',
2022-06-06T09:56:39.5095222Z info RUN   '-E',
2022-06-06T09:56:39.5095660Z info RUN   'remove_directory',
2022-06-06T09:56:39.5097558Z info RUN   '/home/runner/work/cmake-js/cmake-js/tests/es6/prototype/build'
2022-06-06T09:56:39.5098110Z info RUN ]
2022-06-06T09:56:39.5181204Z info CMD CONFIGURE
2022-06-06T09:56:39.5191656Z ERR! OMG Failed to generate def for node.lib
2022-06-06T09:56:39.5193863Z       27) should build with: { preferClang: true, referMake: true }
2022-06-06T09:56:39.5196717Z info TEST Running case for options of: { preferClang: true }
2022-06-06T09:56:39.5212610Z info TOOL Using clang++ compiler, because preferClang option is set, and clang++ is available.
2022-06-06T09:56:39.5213341Z info TOOL Using Unix Makefiles generator.
2022-06-06T09:56:39.5220525Z info CMD CLEAN
2022-06-06T09:56:39.5221264Z info RUN [
2022-06-06T09:56:39.5221865Z info RUN   'cmake',
2022-06-06T09:56:39.5222690Z info RUN   '-E',
2022-06-06T09:56:39.5224105Z info RUN   'remove_directory',
2022-06-06T09:56:39.5224924Z info RUN   '/home/runner/work/cmake-js/cmake-js/tests/es6/prototype/build'
2022-06-06T09:56:39.5225441Z info RUN ]
2022-06-06T09:56:39.5305124Z info CMD CONFIGURE
2022-06-06T09:56:39.5316311Z ERR! OMG Failed to generate def for node.lib
2022-06-06T09:56:39.5318557Z       28) should build with: { preferClang: true }
2022-06-06T09:56:39.5321667Z info TEST Running case for options of: { preferGnu: true, referMake: true }
2022-06-06T09:56:39.5337533Z info TOOL Using g++ compiler, because preferGnu option is set, and g++ is available.
2022-06-06T09:56:39.5338259Z info TOOL Using Unix Makefiles generator.
2022-06-06T09:56:39.5345298Z info CMD CLEAN
2022-06-06T09:56:39.5346056Z info RUN [
2022-06-06T09:56:39.5347409Z info RUN   'cmake',
2022-06-06T09:56:39.5347926Z info RUN   '-E',
2022-06-06T09:56:39.5348791Z info RUN   'remove_directory',
2022-06-06T09:56:39.5349460Z info RUN   '/home/runner/work/cmake-js/cmake-js/tests/es6/prototype/build'
2022-06-06T09:56:39.5349817Z info RUN ]
2022-06-06T09:56:39.5430122Z info CMD CONFIGURE
2022-06-06T09:56:39.5441457Z ERR! OMG Failed to generate def for node.lib
2022-06-06T09:56:39.5442984Z       29) should build with: { preferGnu: true, referMake: true }
2022-06-06T09:56:39.5446107Z info TEST Running case for options of: { preferGnu: true }
2022-06-06T09:56:39.5462060Z info TOOL Using g++ compiler, because preferGnu option is set, and g++ is available.
2022-06-06T09:56:39.5462812Z info TOOL Using Unix Makefiles generator.
2022-06-06T09:56:39.5470085Z info CMD CLEAN
2022-06-06T09:56:39.5470678Z info RUN [
2022-06-06T09:56:39.5471648Z info RUN   'cmake',
2022-06-06T09:56:39.5473457Z info RUN   '-E',
2022-06-06T09:56:39.5474078Z info RUN   'remove_directory',
2022-06-06T09:56:39.5475021Z info RUN   '/home/runner/work/cmake-js/cmake-js/tests/es6/prototype/build'
2022-06-06T09:56:39.5475366Z info RUN ]
2022-06-06T09:56:39.5560808Z info CMD CONFIGURE
2022-06-06T09:56:39.5572505Z ERR! OMG Failed to generate def for node.lib
2022-06-06T09:56:39.5574835Z       30) should build with: { preferGnu: true }
2022-06-06T09:56:39.5577739Z info TEST Running case for options of: {}
2022-06-06T09:56:39.5593931Z info TOOL Using Unix Makefiles generator.
2022-06-06T09:56:39.5600569Z info CMD CLEAN
2022-06-06T09:56:39.5601416Z info RUN [
2022-06-06T09:56:39.5602046Z info RUN   'cmake',
2022-06-06T09:56:39.5604742Z info RUN   '-E',
2022-06-06T09:56:39.5605400Z info RUN   'remove_directory',
2022-06-06T09:56:39.5606547Z info RUN   '/home/runner/work/cmake-js/cmake-js/tests/es6/prototype/build'
2022-06-06T09:56:39.5606925Z info RUN ]
2022-06-06T09:56:39.5688922Z info CMD CONFIGURE
2022-06-06T09:56:39.5702051Z ERR! OMG Failed to generate def for node.lib
2022-06-06T09:56:39.5702430Z       31) should build with: {}
2022-06-06T09:56:39.5720881Z 
2022-06-06T09:56:39.5721146Z   locateNAN
2022-06-06T09:56:39.5727084Z     ✔ should locate NAN from dependency
2022-06-06T09:56:39.5734366Z     ✔ should locate NAN from nested dependency
2022-06-06T09:56:39.5740600Z     ✔ should locate NAN from scoped dependency
2022-06-06T09:56:39.5742102Z 
2022-06-06T09:56:39.5746111Z 
2022-06-06T09:56:39.5747656Z   7 passing (10s)
2022-06-06T09:56:39.5748066Z   31 failing
2022-06-06T09:56:39.5748482Z 
2022-06-06T09:56:39.5752097Z   1) BuildSystem
2022-06-06T09:56:39.5752725Z        should rebuild prototype if cwd is the source directory:
2022-06-06T09:56:39.5753321Z      Error: Failed to generate def for node.lib
2022-06-06T09:56:39.5756135Z       at CMake._generateNodeLibDef (lib/cMake.js:278:15)
2022-06-06T09:56:39.5756662Z       at async CMake.configure (lib/cMake.js:308:9)
2022-06-06T09:56:39.5757290Z       at async CMake.ensureConfigured (lib/cMake.js:321:9)
2022-06-06T09:56:39.5760286Z       at async CMake.build (lib/cMake.js:339:5)
2022-06-06T09:56:39.5760795Z       at async CMake.rebuild (lib/cMake.js:363:5)
2022-06-06T09:56:39.5761340Z       at async BuildSystem._invokeCMake (lib/buildSystem.js:86:16)
2022-06-06T09:56:39.5769668Z       at async Object.buildPrototype2WithCWD (tests/es6/testCases.js:23:13)
2022-06-06T09:56:39.5774091Z       at async Context.<anonymous> (tests/es6/buildSystem.js:40:9)
2022-06-06T09:56:39.5774455Z 
2022-06-06T09:56:39.5776038Z   2) BuildSystem
2022-06-06T09:56:39.5776977Z        Build with various options
2022-06-06T09:56:39.5777475Z          should build with: {
2022-06-06T09:56:39.5778067Z   runtime: 'node',
2022-06-06T09:56:39.5778553Z   runtimeVersion: '14.0.0',
2022-06-06T09:56:39.5778954Z   arch: undefined,
2022-06-06T09:56:39.5779339Z   preferClang: true,
2022-06-06T09:56:39.5779717Z   referMake: true
2022-06-06T09:56:39.5780046Z }:
2022-06-06T09:56:39.5780460Z      Error: Failed to generate def for node.lib
2022-06-06T09:56:39.5780936Z       at CMake._generateNodeLibDef (lib/cMake.js:278:15)
2022-06-06T09:56:39.5781430Z       at async CMake.configure (lib/cMake.js:308:9)
2022-06-06T09:56:39.5782172Z       at async CMake.ensureConfigured (lib/cMake.js:321:9)
2022-06-06T09:56:39.5782807Z       at async CMake.build (lib/cMake.js:339:5)
2022-06-06T09:56:39.5783508Z       at async CMake.rebuild (lib/cMake.js:363:5)
2022-06-06T09:56:39.5784164Z       at async BuildSystem._invokeCMake (lib/buildSystem.js:86:16)
2022-06-06T09:56:39.5784881Z       at async buildPrototypeWithDirectoryOption (tests/es6/testCases.js:15:9)
2022-06-06T09:56:39.5785526Z       at async Context.<anonymous> (tests/es6/testRunner.js:99:17)
2022-06-06T09:56:39.5785874Z 
2022-06-06T09:56:39.5786057Z   3) BuildSystem
2022-06-06T09:56:39.5786430Z        Build with various options
2022-06-06T09:56:39.5786794Z          should build with: {
2022-06-06T09:56:39.5787186Z   runtime: 'node',
2022-06-06T09:56:39.5787597Z   runtimeVersion: '14.0.0',
2022-06-06T09:56:39.5787946Z   arch: undefined,
2022-06-06T09:56:39.5788263Z   preferClang: true
2022-06-06T09:56:39.5788589Z }:
2022-06-06T09:56:39.5788990Z      Error: Failed to generate def for node.lib
2022-06-06T09:56:39.5789712Z       at CMake._generateNodeLibDef (lib/cMake.js:278:15)
2022-06-06T09:56:39.5790182Z       at async CMake.configure (lib/cMake.js:308:9)
2022-06-06T09:56:39.5790694Z       at async CMake.ensureConfigured (lib/cMake.js:321:9)
2022-06-06T09:56:39.5792864Z       at async CMake.build (lib/cMake.js:339:5)
2022-06-06T09:56:39.5793344Z       at async CMake.rebuild (lib/cMake.js:363:5)
2022-06-06T09:56:39.5793865Z       at async BuildSystem._invokeCMake (lib/buildSystem.js:86:16)
2022-06-06T09:56:39.5794471Z       at async buildPrototypeWithDirectoryOption (tests/es6/testCases.js:15:9)
2022-06-06T09:56:39.5795032Z       at async Context.<anonymous> (tests/es6/testRunner.js:99:17)
2022-06-06T09:56:39.5795338Z 
2022-06-06T09:56:39.5795519Z   4) BuildSystem
2022-06-06T09:56:39.5795898Z        Build with various options
2022-06-06T09:56:39.5796263Z          should build with: {
2022-06-06T09:56:39.5796673Z   runtime: 'node',
2022-06-06T09:56:39.5797078Z   runtimeVersion: '14.0.0',
2022-06-06T09:56:39.5797434Z   arch: undefined,
2022-06-06T09:56:39.5797745Z   preferGnu: true,
2022-06-06T09:56:39.5798080Z   referMake: true
2022-06-06T09:56:39.5798399Z }:
2022-06-06T09:56:39.5798935Z      Error: Failed to generate def for node.lib
2022-06-06T09:56:39.5799439Z       at CMake._generateNodeLibDef (lib/cMake.js:278:15)
2022-06-06T09:56:39.5799927Z       at async CMake.configure (lib/cMake.js:308:9)
2022-06-06T09:56:39.5800413Z       at async CMake.ensureConfigured (lib/cMake.js:321:9)
2022-06-06T09:56:39.5800899Z       at async CMake.build (lib/cMake.js:339:5)
2022-06-06T09:56:39.5801337Z       at async CMake.rebuild (lib/cMake.js:363:5)
2022-06-06T09:56:39.5801852Z       at async BuildSystem._invokeCMake (lib/buildSystem.js:86:16)
2022-06-06T09:56:39.5802448Z       at async buildPrototypeWithDirectoryOption (tests/es6/testCases.js:15:9)
2022-06-06T09:56:39.5803031Z       at async Context.<anonymous> (tests/es6/testRunner.js:99:17)
2022-06-06T09:56:39.5803355Z 
2022-06-06T09:56:39.5803523Z   5) BuildSystem
2022-06-06T09:56:39.5803903Z        Build with various options
2022-06-06T09:56:39.5804251Z          should build with: {
2022-06-06T09:56:39.5804648Z   runtime: 'node',
2022-06-06T09:56:39.5805038Z   runtimeVersion: '14.0.0',
2022-06-06T09:56:39.5805388Z   arch: undefined,
2022-06-06T09:56:39.5805720Z   preferGnu: true
2022-06-06T09:56:39.5806053Z }:
2022-06-06T09:56:39.5806443Z      Error: Failed to generate def for node.lib
2022-06-06T09:56:39.5806925Z       at CMake._generateNodeLibDef (lib/cMake.js:278:15)
2022-06-06T09:56:39.5807390Z       at async CMake.configure (lib/cMake.js:308:9)
2022-06-06T09:56:39.5807887Z       at async CMake.ensureConfigured (lib/cMake.js:321:9)
2022-06-06T09:56:39.5808348Z       at async CMake.build (lib/cMake.js:339:5)
2022-06-06T09:56:39.5808819Z       at async CMake.rebuild (lib/cMake.js:363:5)
2022-06-06T09:56:39.5809313Z       at async BuildSystem._invokeCMake (lib/buildSystem.js:86:16)
2022-06-06T09:56:39.5809917Z       at async buildPrototypeWithDirectoryOption (tests/es6/testCases.js:15:9)
2022-06-06T09:56:39.5810501Z       at async Context.<anonymous> (tests/es6/testRunner.js:99:17)
2022-06-06T09:56:39.5810823Z 
2022-06-06T09:56:39.5810992Z   6) BuildSystem
2022-06-06T09:56:39.5811362Z        Build with various options
2022-06-06T09:56:39.5812006Z          should build with: { runtime: 'node', runtimeVersion: '14.0.0', arch: undefined }:
2022-06-06T09:56:39.5812524Z      Error: Failed to generate def for node.lib
2022-06-06T09:56:39.5813007Z       at CMake._generateNodeLibDef (lib/cMake.js:278:15)
2022-06-06T09:56:39.5813477Z       at async CMake.configure (lib/cMake.js:308:9)
2022-06-06T09:56:39.5813961Z       at async CMake.ensureConfigured (lib/cMake.js:321:9)
2022-06-06T09:56:39.5814437Z       at async CMake.build (lib/cMake.js:339:5)
2022-06-06T09:56:39.5814896Z       at async CMake.rebuild (lib/cMake.js:363:5)
2022-06-06T09:56:39.5815405Z       at async BuildSystem._invokeCMake (lib/buildSystem.js:86:16)
2022-06-06T09:56:39.5816055Z       at async buildPrototypeWithDirectoryOption (tests/es6/testCases.js:15:9)
2022-06-06T09:56:39.5816769Z       at async Context.<anonymous> (tests/es6/testRunner.js:99:17)
2022-06-06T09:56:39.5817078Z 
2022-06-06T09:56:39.5817262Z   7) BuildSystem
2022-06-06T09:56:39.5817639Z        Build with various options
2022-06-06T09:56:39.5818003Z          should build with: {
2022-06-06T09:56:39.5818382Z   runtime: 'node',
2022-06-06T09:56:39.5818782Z   runtimeVersion: '16.0.0',
2022-06-06T09:56:39.5819120Z   arch: undefined,
2022-06-06T09:56:39.5819462Z   preferClang: true,
2022-06-06T09:56:39.5819804Z   referMake: true
2022-06-06T09:56:39.5820123Z }:
2022-06-06T09:56:39.5820516Z      Error: Failed to generate def for node.lib
2022-06-06T09:56:39.5820980Z       at CMake._generateNodeLibDef (lib/cMake.js:278:15)
2022-06-06T09:56:39.5821454Z       at async CMake.configure (lib/cMake.js:308:9)
2022-06-06T09:56:39.5821955Z       at async CMake.ensureConfigured (lib/cMake.js:321:9)
2022-06-06T09:56:39.5822414Z       at async CMake.build (lib/cMake.js:339:5)
2022-06-06T09:56:39.5822875Z       at async CMake.rebuild (lib/cMake.js:363:5)
2022-06-06T09:56:39.5823496Z       at async BuildSystem._invokeCMake (lib/buildSystem.js:86:16)
2022-06-06T09:56:39.5824204Z       at async buildPrototypeWithDirectoryOption (tests/es6/testCases.js:15:9)
2022-06-06T09:56:39.5824786Z       at async Context.<anonymous> (tests/es6/testRunner.js:99:17)
2022-06-06T09:56:39.5825088Z 
2022-06-06T09:56:39.5825273Z   8) BuildSystem
2022-06-06T09:56:39.5825645Z        Build with various options
2022-06-06T09:56:39.5826011Z          should build with: {
2022-06-06T09:56:39.5826395Z   runtime: 'node',
2022-06-06T09:56:39.5826791Z   runtimeVersion: '16.0.0',
2022-06-06T09:56:39.5827141Z   arch: undefined,
2022-06-06T09:56:39.5827510Z   preferClang: true
2022-06-06T09:56:39.5827821Z }:
2022-06-06T09:56:39.5828235Z      Error: Failed to generate def for node.lib
2022-06-06T09:56:39.5828703Z       at CMake._generateNodeLibDef (lib/cMake.js:278:15)
2022-06-06T09:56:39.5829189Z       at async CMake.configure (lib/cMake.js:308:9)
2022-06-06T09:56:39.5829700Z       at async CMake.ensureConfigured (lib/cMake.js:321:9)
2022-06-06T09:56:39.5830177Z       at async CMake.build (lib/cMake.js:339:5)
2022-06-06T09:56:39.5830635Z       at async CMake.rebuild (lib/cMake.js:363:5)
2022-06-06T09:56:39.5833617Z       at async BuildSystem._invokeCMake (lib/buildSystem.js:86:16)
2022-06-06T09:56:39.5834279Z       at async buildPrototypeWithDirectoryOption (tests/es6/testCases.js:15:9)
2022-06-06T09:56:39.5834780Z       at async Context.<anonymous> (tests/es6/testRunner.js:99:17)
2022-06-06T09:56:39.5835003Z 
2022-06-06T09:56:39.5835107Z   9) BuildSystem
2022-06-06T09:56:39.5835384Z        Build with various options
2022-06-06T09:56:39.5835668Z          should build with: {
2022-06-06T09:56:39.5835998Z   runtime: 'node',
2022-06-06T09:56:39.5836297Z   runtimeVersion: '16.0.0',
2022-06-06T09:56:39.5836566Z   arch: undefined,
2022-06-06T09:56:39.5836817Z   preferGnu: true,
2022-06-06T09:56:39.5837051Z   referMake: true
2022-06-06T09:56:39.5837296Z }:
2022-06-06T09:56:39.5837610Z      Error: Failed to generate def for node.lib
2022-06-06T09:56:39.5838000Z       at CMake._generateNodeLibDef (lib/cMake.js:278:15)
2022-06-06T09:56:39.5838399Z       at async CMake.configure (lib/cMake.js:308:9)
2022-06-06T09:56:39.5838817Z       at async CMake.ensureConfigured (lib/cMake.js:321:9)
2022-06-06T09:56:39.5839212Z       at async CMake.build (lib/cMake.js:339:5)
2022-06-06T09:56:39.5839571Z       at async CMake.rebuild (lib/cMake.js:363:5)
2022-06-06T09:56:39.5840000Z       at async BuildSystem._invokeCMake (lib/buildSystem.js:86:16)
2022-06-06T09:56:39.5840513Z       at async buildPrototypeWithDirectoryOption (tests/es6/testCases.js:15:9)
2022-06-06T09:56:39.5840994Z       at async Context.<anonymous> (tests/es6/testRunner.js:99:17)
2022-06-06T09:56:39.5841219Z 
2022-06-06T09:56:39.5841321Z   10) BuildSystem
2022-06-06T09:56:39.5841617Z        Build with various options
2022-06-06T09:56:39.5841898Z          should build with: {
2022-06-06T09:56:39.5842337Z   runtime: 'node',
2022-06-06T09:56:39.5842658Z   runtimeVersion: '16.0.0',
2022-06-06T09:56:39.5842924Z   arch: undefined,
2022-06-06T09:56:39.5843166Z   preferGnu: true
2022-06-06T09:56:39.5843403Z }:
2022-06-06T09:56:39.5843718Z      Error: Failed to generate def for node.lib
2022-06-06T09:56:39.5844102Z       at CMake._generateNodeLibDef (lib/cMake.js:278:15)
2022-06-06T09:56:39.5844509Z       at async CMake.configure (lib/cMake.js:308:9)
2022-06-06T09:56:39.5844923Z       at async CMake.ensureConfigured (lib/cMake.js:321:9)
2022-06-06T09:56:39.5845323Z       at async CMake.build (lib/cMake.js:339:5)
2022-06-06T09:56:39.5845680Z       at async CMake.rebuild (lib/cMake.js:363:5)
2022-06-06T09:56:39.5846107Z       at async BuildSystem._invokeCMake (lib/buildSystem.js:86:16)
2022-06-06T09:56:39.5846623Z       at async buildPrototypeWithDirectoryOption (tests/es6/testCases.js:15:9)
2022-06-06T09:56:39.5847102Z       at async Context.<anonymous> (tests/es6/testRunner.js:99:17)
2022-06-06T09:56:39.5847330Z 
2022-06-06T09:56:39.5847432Z   11) BuildSystem
2022-06-06T09:56:39.5847723Z        Build with various options
2022-06-06T09:56:39.5848372Z          should build with: { runtime: 'node', runtimeVersion: '16.0.0', arch: undefined }:
2022-06-06T09:56:39.5848796Z      Error: Failed to generate def for node.lib
2022-06-06T09:56:39.5849197Z       at CMake._generateNodeLibDef (lib/cMake.js:278:15)
2022-06-06T09:56:39.5849603Z       at async CMake.configure (lib/cMake.js:308:9)
2022-06-06T09:56:39.5850004Z       at async CMake.ensureConfigured (lib/cMake.js:321:9)
2022-06-06T09:56:39.5850401Z       at async CMake.build (lib/cMake.js:339:5)
2022-06-06T09:56:39.5850771Z       at async CMake.rebuild (lib/cMake.js:363:5)
2022-06-06T09:56:39.5851181Z       at async BuildSystem._invokeCMake (lib/buildSystem.js:86:16)
2022-06-06T09:56:39.5851697Z       at async buildPrototypeWithDirectoryOption (tests/es6/testCases.js:15:9)
2022-06-06T09:56:39.5852194Z       at async Context.<anonymous> (tests/es6/testRunner.js:99:17)
2022-06-06T09:56:39.5852419Z 
2022-06-06T09:56:39.5852524Z   12) BuildSystem
2022-06-06T09:56:39.5852798Z        Build with various options
2022-06-06T09:56:39.5853083Z          should build with: {
2022-06-06T09:56:39.5853391Z   runtime: 'node',
2022-06-06T09:56:39.5853688Z   runtimeVersion: '18.3.0',
2022-06-06T09:56:39.5853949Z   arch: undefined,
2022-06-06T09:56:39.5854202Z   preferClang: true,
2022-06-06T09:56:39.5854445Z   referMake: true
2022-06-06T09:56:39.5854679Z }:
2022-06-06T09:56:39.5854986Z      Error: Failed to generate def for node.lib
2022-06-06T09:56:39.5855387Z       at CMake._generateNodeLibDef (lib/cMake.js:278:15)
2022-06-06T09:56:39.5855776Z       at async CMake.configure (lib/cMake.js:308:9)
2022-06-06T09:56:39.5856189Z       at async CMake.ensureConfigured (lib/cMake.js:321:9)
2022-06-06T09:56:39.5856581Z       at async CMake.build (lib/cMake.js:339:5)
2022-06-06T09:56:39.5856937Z       at async CMake.rebuild (lib/cMake.js:363:5)
2022-06-06T09:56:39.5857363Z       at async BuildSystem._invokeCMake (lib/buildSystem.js:86:16)
2022-06-06T09:56:39.5857886Z       at async buildPrototypeWithDirectoryOption (tests/es6/testCases.js:15:9)
2022-06-06T09:56:39.5858385Z       at async Context.<anonymous> (tests/es6/testRunner.js:99:17)
2022-06-06T09:56:39.5858594Z 
2022-06-06T09:56:39.5858697Z   13) BuildSystem
2022-06-06T09:56:39.5858988Z        Build with various options
2022-06-06T09:56:39.5859267Z          should build with: {
2022-06-06T09:56:39.5859548Z   runtime: 'node',
2022-06-06T09:56:39.5859858Z   runtimeVersion: '18.3.0',
2022-06-06T09:56:39.5860121Z   arch: undefined,
2022-06-06T09:56:39.5860358Z   preferClang: true
2022-06-06T09:56:39.5860594Z }:
2022-06-06T09:56:39.5860901Z      Error: Failed to generate def for node.lib
2022-06-06T09:56:39.5861300Z       at CMake._generateNodeLibDef (lib/cMake.js:278:15)
2022-06-06T09:56:39.5861684Z       at async CMake.configure (lib/cMake.js:308:9)
2022-06-06T09:56:39.5862102Z       at async CMake.ensureConfigured (lib/cMake.js:321:9)
2022-06-06T09:56:39.5862579Z       at async CMake.build (lib/cMake.js:339:5)
2022-06-06T09:56:39.5862940Z       at async CMake.rebuild (lib/cMake.js:363:5)
2022-06-06T09:56:39.5863366Z       at async BuildSystem._invokeCMake (lib/buildSystem.js:86:16)
2022-06-06T09:56:39.5863883Z       at async buildPrototypeWithDirectoryOption (tests/es6/testCases.js:15:9)
2022-06-06T09:56:39.5864371Z       at async Context.<anonymous> (tests/es6/testRunner.js:99:17)
2022-06-06T09:56:39.5864595Z 
2022-06-06T09:56:39.5864700Z   14) BuildSystem
2022-06-06T09:56:39.5874614Z        Build with various options
2022-06-06T09:56:39.5874963Z          should build with: {
2022-06-06T09:56:39.5875327Z   runtime: 'node',
2022-06-06T09:56:39.5875647Z   runtimeVersion: '18.3.0',
2022-06-06T09:56:39.5875919Z   arch: undefined,
2022-06-06T09:56:39.5876161Z   preferGnu: true,
2022-06-06T09:56:39.5876414Z   referMake: true
2022-06-06T09:56:39.5884767Z }:
2022-06-06T09:56:39.5885095Z      Error: Failed to generate def for node.lib
2022-06-06T09:56:39.5885515Z       at CMake._generateNodeLibDef (lib/cMake.js:278:15)
2022-06-06T09:56:39.5885924Z       at async CMake.configure (lib/cMake.js:308:9)
2022-06-06T09:56:39.5886471Z       at async CMake.ensureConfigured (lib/cMake.js:321:9)
2022-06-06T09:56:39.5886863Z       at async CMake.build (lib/cMake.js:339:5)
2022-06-06T09:56:39.5887241Z       at async CMake.rebuild (lib/cMake.js:363:5)
2022-06-06T09:56:39.5887671Z       at async BuildSystem._invokeCMake (lib/buildSystem.js:86:16)
2022-06-06T09:56:39.5888176Z       at async buildPrototypeWithDirectoryOption (tests/es6/testCases.js:15:9)
2022-06-06T09:56:39.5888679Z       at async Context.<anonymous> (tests/es6/testRunner.js:99:17)
2022-06-06T09:56:39.5888909Z 
2022-06-06T09:56:39.5889015Z   15) BuildSystem
2022-06-06T09:56:39.5889305Z        Build with various options
2022-06-06T09:56:39.5889574Z          should build with: {
2022-06-06T09:56:39.5889950Z   runtime: 'node',
2022-06-06T09:56:39.5890275Z   runtimeVersion: '18.3.0',
2022-06-06T09:56:39.5890530Z   arch: undefined,
2022-06-06T09:56:39.5890788Z   preferGnu: true
2022-06-06T09:56:39.5891030Z }:
2022-06-06T09:56:39.5891331Z      Error: Failed to generate def for node.lib
2022-06-06T09:56:39.5891735Z       at CMake._generateNodeLibDef (lib/cMake.js:278:15)
2022-06-06T09:56:39.5892137Z       at async CMake.configure (lib/cMake.js:308:9)
2022-06-06T09:56:39.5892553Z       at async CMake.ensureConfigured (lib/cMake.js:321:9)
2022-06-06T09:56:39.5892933Z       at async CMake.build (lib/cMake.js:339:5)
2022-06-06T09:56:39.5893307Z       at async CMake.rebuild (lib/cMake.js:363:5)
2022-06-06T09:56:39.5893738Z       at async BuildSystem._invokeCMake (lib/buildSystem.js:86:16)
2022-06-06T09:56:39.5894239Z       at async buildPrototypeWithDirectoryOption (tests/es6/testCases.js:15:9)
2022-06-06T09:56:39.5894737Z       at async Context.<anonymous> (tests/es6/testRunner.js:99:17)
2022-06-06T09:56:39.5894963Z 
2022-06-06T09:56:39.5895068Z   16) BuildSystem
2022-06-06T09:56:39.5895359Z        Build with various options
2022-06-06T09:56:39.5895906Z          should build with: { runtime: 'node', runtimeVersion: '18.3.0', arch: undefined }:
2022-06-06T09:56:39.5896376Z      Error: Failed to generate def for node.lib
2022-06-06T09:56:39.5896777Z       at CMake._generateNodeLibDef (lib/cMake.js:278:15)
2022-06-06T09:56:39.5897163Z       at async CMake.configure (lib/cMake.js:308:9)
2022-06-06T09:56:39.5897579Z       at async CMake.ensureConfigured (lib/cMake.js:321:9)
2022-06-06T09:56:39.5897973Z       at async CMake.build (lib/cMake.js:339:5)
2022-06-06T09:56:39.5898331Z       at async CMake.rebuild (lib/cMake.js:363:5)
2022-06-06T09:56:39.5898762Z       at async BuildSystem._invokeCMake (lib/buildSystem.js:86:16)
2022-06-06T09:56:39.5899281Z       at async buildPrototypeWithDirectoryOption (tests/es6/testCases.js:15:9)
2022-06-06T09:56:39.5899782Z       at async Context.<anonymous> (tests/es6/testRunner.js:99:17)
2022-06-06T09:56:39.5900006Z 
2022-06-06T09:56:39.5900096Z   17) BuildSystem
2022-06-06T09:56:39.5900386Z        Build with various options
2022-06-06T09:56:39.5900758Z          should build with: {
2022-06-06T09:56:39.5901052Z   runtime: 'nw',
2022-06-06T09:56:39.5901375Z   runtimeVersion: '0.64.0',
2022-06-06T09:56:39.5901643Z   arch: undefined,
2022-06-06T09:56:39.5901886Z   preferClang: true,
2022-06-06T09:56:39.5902147Z   referMake: true
2022-06-06T09:56:39.5902385Z }:
2022-06-06T09:56:39.5902699Z      Error: Failed to generate def for node.lib
2022-06-06T09:56:39.5903090Z       at CMake._generateNodeLibDef (lib/cMake.js:278:15)
2022-06-06T09:56:39.5903493Z       at async CMake.configure (lib/cMake.js:308:9)
2022-06-06T09:56:39.5903910Z       at async CMake.ensureConfigured (lib/cMake.js:321:9)
2022-06-06T09:56:39.5904288Z       at async CMake.build (lib/cMake.js:339:5)
2022-06-06T09:56:39.5904660Z       at async CMake.rebuild (lib/cMake.js:363:5)
2022-06-06T09:56:39.5905082Z       at async BuildSystem._invokeCMake (lib/buildSystem.js:86:16)
2022-06-06T09:56:39.5905596Z       at async buildPrototypeWithDirectoryOption (tests/es6/testCases.js:15:9)
2022-06-06T09:56:39.5906082Z       at async Context.<anonymous> (tests/es6/testRunner.js:99:17)
2022-06-06T09:56:39.5906368Z 
2022-06-06T09:56:39.5906475Z   18) BuildSystem
2022-06-06T09:56:39.5906770Z        Build with various options
2022-06-06T09:56:39.5907036Z          should build with: {
2022-06-06T09:56:39.5907344Z   runtime: 'nw',
2022-06-06T09:56:39.5907658Z   runtimeVersion: '0.64.0',
2022-06-06T09:56:39.5907912Z   arch: undefined,
2022-06-06T09:56:39.5908169Z   preferClang: true
2022-06-06T09:56:39.5908413Z }:
2022-06-06T09:56:39.5908729Z      Error: Failed to generate def for node.lib
2022-06-06T09:56:39.5909114Z       at CMake._generateNodeLibDef (lib/cMake.js:278:15)
2022-06-06T09:56:39.5909514Z       at async CMake.configure (lib/cMake.js:308:9)
2022-06-06T09:56:39.5909935Z       at async CMake.ensureConfigured (lib/cMake.js:321:9)
2022-06-06T09:56:39.5910319Z       at async CMake.build (lib/cMake.js:339:5)
2022-06-06T09:56:39.5910692Z       at async CMake.rebuild (lib/cMake.js:363:5)
2022-06-06T09:56:39.5911384Z       at async BuildSystem._invokeCMake (lib/buildSystem.js:86:16)
2022-06-06T09:56:39.5911896Z       at async buildPrototypeWithDirectoryOption (tests/es6/testCases.js:15:9)
2022-06-06T09:56:39.5912396Z       at async Context.<anonymous> (tests/es6/testRunner.js:99:17)
2022-06-06T09:56:39.5912623Z 
2022-06-06T09:56:39.5912729Z   19) BuildSystem
2022-06-06T09:56:39.5913022Z        Build with various options
2022-06-06T09:56:39.5913289Z          should build with: {
2022-06-06T09:56:39.5913597Z   runtime: 'nw',
2022-06-06T09:56:39.5913911Z   runtimeVersion: '0.64.0',
2022-06-06T09:56:39.5914164Z   arch: undefined,
2022-06-06T09:56:39.5914418Z   preferGnu: true,
2022-06-06T09:56:39.5914667Z   referMake: true
2022-06-06T09:56:39.5914883Z }:
2022-06-06T09:56:39.5915193Z      Error: Failed to generate def for node.lib
2022-06-06T09:56:39.5915591Z       at CMake._generateNodeLibDef (lib/cMake.js:278:15)
2022-06-06T09:56:39.5916031Z       at async CMake.configure (lib/cMake.js:308:9)
2022-06-06T09:56:39.5916438Z       at async CMake.ensureConfigured (lib/cMake.js:321:9)
2022-06-06T09:56:39.5916833Z       at async CMake.build (lib/cMake.js:339:5)
2022-06-06T09:56:39.5917204Z       at async CMake.rebuild (lib/cMake.js:363:5)
2022-06-06T09:56:39.5917618Z       at async BuildSystem._invokeCMake (lib/buildSystem.js:86:16)
2022-06-06T09:56:39.5918132Z       at async buildPrototypeWithDirectoryOption (tests/es6/testCases.js:15:9)
2022-06-06T09:56:39.5918630Z       at async Context.<anonymous> (tests/es6/testRunner.js:99:17)
2022-06-06T09:56:39.5918854Z 
2022-06-06T09:56:39.5918957Z   20) BuildSystem
2022-06-06T09:56:39.5919233Z        Build with various options
2022-06-06T09:56:39.5919513Z          should build with: {
2022-06-06T09:56:39.5919811Z   runtime: 'nw',
2022-06-06T09:56:39.5920110Z   runtimeVersion: '0.64.0',
2022-06-06T09:56:39.5920372Z   arch: undefined,
2022-06-06T09:56:39.5920630Z   preferGnu: true
2022-06-06T09:56:39.5920849Z }:
2022-06-06T09:56:39.5921158Z      Error: Failed to generate def for node.lib
2022-06-06T09:56:39.5921674Z       at CMake._generateNodeLibDef (lib/cMake.js:278:15)
2022-06-06T09:56:39.5922082Z       at async CMake.configure (lib/cMake.js:308:9)
2022-06-06T09:56:39.5922488Z       at async CMake.ensureConfigured (lib/cMake.js:321:9)
2022-06-06T09:56:39.5922880Z       at async CMake.build (lib/cMake.js:339:5)
2022-06-06T09:56:39.5923253Z       at async CMake.rebuild (lib/cMake.js:363:5)
2022-06-06T09:56:39.5923663Z       at async BuildSystem._invokeCMake (lib/buildSystem.js:86:16)
2022-06-06T09:56:39.5924181Z       at async buildPrototypeWithDirectoryOption (tests/es6/testCases.js:15:9)
2022-06-06T09:56:39.5924679Z       at async Context.<anonymous> (tests/es6/testRunner.js:99:17)
2022-06-06T09:56:39.5924903Z 
2022-06-06T09:56:39.5925007Z   21) BuildSystem
2022-06-06T09:56:39.5925283Z        Build with various options
2022-06-06T09:56:39.5925834Z          should build with: { runtime: 'nw', runtimeVersion: '0.64.0', arch: undefined }:
2022-06-06T09:56:39.5926263Z      Error: Failed to generate def for node.lib
2022-06-06T09:56:39.5926719Z       at CMake._generateNodeLibDef (lib/cMake.js:278:15)
2022-06-06T09:56:39.5927128Z       at async CMake.configure (lib/cMake.js:308:9)
2022-06-06T09:56:39.5927543Z       at async CMake.ensureConfigured (lib/cMake.js:321:9)
2022-06-06T09:56:39.5927923Z       at async CMake.build (lib/cMake.js:339:5)
2022-06-06T09:56:39.5928301Z       at async CMake.rebuild (lib/cMake.js:363:5)
2022-06-06T09:56:39.5928791Z       at async BuildSystem._invokeCMake (lib/buildSystem.js:86:16)
2022-06-06T09:56:39.5929309Z       at async buildPrototypeWithDirectoryOption (tests/es6/testCases.js:15:9)
2022-06-06T09:56:39.5929793Z       at async Context.<anonymous> (tests/es6/testRunner.js:99:17)
2022-06-06T09:56:39.5930020Z 
2022-06-06T09:56:39.5930128Z   22) BuildSystem
2022-06-06T09:56:39.5930419Z        Build with various options
2022-06-06T09:56:39.5930686Z          should build with: {
2022-06-06T09:56:39.5931006Z   runtime: 'electron',
2022-06-06T09:56:39.5931334Z   runtimeVersion: '18.2.1',
2022-06-06T09:56:39.5931602Z   arch: undefined,
2022-06-06T09:56:39.5931850Z   preferClang: true,
2022-06-06T09:56:39.5932107Z   referMake: true
2022-06-06T09:56:39.5932617Z }:
2022-06-06T09:56:39.5937425Z      Error: Failed to generate def for node.lib
2022-06-06T09:56:39.5937895Z       at CMake._generateNodeLibDef (lib/cMake.js:278:15)
2022-06-06T09:56:39.5938303Z       at async CMake.configure (lib/cMake.js:308:9)
2022-06-06T09:56:39.5938708Z       at async CMake.ensureConfigured (lib/cMake.js:321:9)
2022-06-06T09:56:39.5939110Z       at async CMake.build (lib/cMake.js:339:5)
2022-06-06T09:56:39.5939488Z       at async CMake.rebuild (lib/cMake.js:363:5)
2022-06-06T09:56:39.5939919Z       at async BuildSystem._invokeCMake (lib/buildSystem.js:86:16)
2022-06-06T09:56:39.5940424Z       at async buildPrototypeWithDirectoryOption (tests/es6/testCases.js:15:9)
2022-06-06T09:56:39.5940923Z       at async Context.<anonymous> (tests/es6/testRunner.js:99:17)
2022-06-06T09:56:39.5941162Z 
2022-06-06T09:56:39.5941268Z   23) BuildSystem
2022-06-06T09:56:39.5941550Z        Build with various options
2022-06-06T09:56:39.5941835Z          should build with: {
2022-06-06T09:56:39.5942199Z   runtime: 'electron',
2022-06-06T09:56:39.5942513Z   runtimeVersion: '18.2.1',
2022-06-06T09:56:39.5942781Z   arch: undefined,
2022-06-06T09:56:39.5943044Z   preferClang: true
2022-06-06T09:56:39.5943297Z }:
2022-06-06T09:56:39.5943597Z      Error: Failed to generate def for node.lib
2022-06-06T09:56:39.5944001Z       at CMake._generateNodeLibDef (lib/cMake.js:278:15)
2022-06-06T09:56:39.5944408Z       at async CMake.configure (lib/cMake.js:308:9)
2022-06-06T09:56:39.5944811Z       at async CMake.ensureConfigured (lib/cMake.js:321:9)
2022-06-06T09:56:39.5945207Z       at async CMake.build (lib/cMake.js:339:5)
2022-06-06T09:56:39.5945578Z       at async CMake.rebuild (lib/cMake.js:363:5)
2022-06-06T09:56:39.5945993Z       at async BuildSystem._invokeCMake (lib/buildSystem.js:86:16)
2022-06-06T09:56:39.5946666Z       at async buildPrototypeWithDirectoryOption (tests/es6/testCases.js:15:9)
2022-06-06T09:56:39.5947172Z       at async Context.<anonymous> (tests/es6/testRunner.js:99:17)
2022-06-06T09:56:39.5947400Z 
2022-06-06T09:56:39.5947505Z   24) BuildSystem
2022-06-06T09:56:39.5947784Z        Build with various options
2022-06-06T09:56:39.5948066Z          should build with: {
2022-06-06T09:56:39.5948395Z   runtime: 'electron',
2022-06-06T09:56:39.5948702Z   runtimeVersion: '18.2.1',
2022-06-06T09:56:39.5948974Z   arch: undefined,
2022-06-06T09:56:39.5949225Z   preferGnu: true,
2022-06-06T09:56:39.5949462Z   referMake: true
2022-06-06T09:56:39.5949701Z }:
2022-06-06T09:56:39.5950016Z      Error: Failed to generate def for node.lib
2022-06-06T09:56:39.5950428Z       at CMake._generateNodeLibDef (lib/cMake.js:278:15)
2022-06-06T09:56:39.5950828Z       at async CMake.configure (lib/cMake.js:308:9)
2022-06-06T09:56:39.5951378Z       at async CMake.ensureConfigured (lib/cMake.js:321:9)
2022-06-06T09:56:39.5951777Z       at async CMake.build (lib/cMake.js:339:5)
2022-06-06T09:56:39.5952273Z       at async CMake.rebuild (lib/cMake.js:363:5)
2022-06-06T09:56:39.5952690Z       at async BuildSystem._invokeCMake (lib/buildSystem.js:86:16)
2022-06-06T09:56:39.5953203Z       at async buildPrototypeWithDirectoryOption (tests/es6/testCases.js:15:9)
2022-06-06T09:56:39.5953698Z       at async Context.<anonymous> (tests/es6/testRunner.js:99:17)
2022-06-06T09:56:39.5953921Z 
2022-06-06T09:56:39.5954025Z   25) BuildSystem
2022-06-06T09:56:39.5954303Z        Build with various options
2022-06-06T09:56:39.5954582Z          should build with: {
2022-06-06T09:56:39.5954905Z   runtime: 'electron',
2022-06-06T09:56:39.5955213Z   runtimeVersion: '18.2.1',
2022-06-06T09:56:39.5955477Z   arch: undefined,
2022-06-06T09:56:39.5955726Z   preferGnu: true
2022-06-06T09:56:39.5955946Z }:
2022-06-06T09:56:39.5956255Z      Error: Failed to generate def for node.lib
2022-06-06T09:56:39.5956650Z       at CMake._generateNodeLibDef (lib/cMake.js:278:15)
2022-06-06T09:56:39.5957035Z       at async CMake.configure (lib/cMake.js:308:9)
2022-06-06T09:56:39.5957450Z       at async CMake.ensureConfigured (lib/cMake.js:321:9)
2022-06-06T09:56:39.5957839Z       at async CMake.build (lib/cMake.js:339:5)
2022-06-06T09:56:39.5958209Z       at async CMake.rebuild (lib/cMake.js:363:5)
2022-06-06T09:56:39.5958614Z       at async BuildSystem._invokeCMake (lib/buildSystem.js:86:16)
2022-06-06T09:56:39.5959128Z       at async buildPrototypeWithDirectoryOption (tests/es6/testCases.js:15:9)
2022-06-06T09:56:39.5959618Z       at async Context.<anonymous> (tests/es6/testRunner.js:99:17)
2022-06-06T09:56:39.5959845Z 
2022-06-06T09:56:39.5959947Z   26) BuildSystem
2022-06-06T09:56:39.5960224Z        Build with various options
2022-06-06T09:56:39.5960796Z          should build with: { runtime: 'electron', runtimeVersion: '18.2.1', arch: undefined }:
2022-06-06T09:56:39.5961298Z      Error: Failed to generate def for node.lib
2022-06-06T09:56:39.5961729Z       at CMake._generateNodeLibDef (lib/cMake.js:278:15)
2022-06-06T09:56:39.5962228Z       at async CMake.configure (lib/cMake.js:308:9)
2022-06-06T09:56:39.5962740Z       at async CMake.ensureConfigured (lib/cMake.js:321:9)
2022-06-06T09:56:39.5963195Z       at async CMake.build (lib/cMake.js:339:5)
2022-06-06T09:56:39.5963823Z       at async CMake.rebuild (lib/cMake.js:363:5)
2022-06-06T09:56:39.5964281Z       at async BuildSystem._invokeCMake (lib/buildSystem.js:86:16)
2022-06-06T09:56:39.5964878Z       at async buildPrototypeWithDirectoryOption (tests/es6/testCases.js:15:9)
2022-06-06T09:56:39.5965486Z       at async Context.<anonymous> (tests/es6/testRunner.js:99:17)
2022-06-06T09:56:39.5965754Z 
2022-06-06T09:56:39.5965843Z   27) BuildSystem
2022-06-06T09:56:39.5967056Z        Build with various options
2022-06-06T09:56:39.5967557Z          should build with: { preferClang: true, referMake: true }:
2022-06-06T09:56:39.5969084Z      Error: Failed to generate def for node.lib
2022-06-06T09:56:39.5969523Z       at CMake._generateNodeLibDef (lib/cMake.js:278:15)
2022-06-06T09:56:39.5970138Z       at async CMake.configure (lib/cMake.js:308:9)
2022-06-06T09:56:39.5970644Z       at async CMake.ensureConfigured (lib/cMake.js:321:9)
2022-06-06T09:56:39.5971069Z       at async CMake.build (lib/cMake.js:339:5)
2022-06-06T09:56:39.5971578Z       at async CMake.rebuild (lib/cMake.js:363:5)
2022-06-06T09:56:39.5972090Z       at async BuildSystem._invokeCMake (lib/buildSystem.js:86:16)
2022-06-06T09:56:39.5972691Z       at async buildPrototypeWithDirectoryOption (tests/es6/testCases.js:15:9)
2022-06-06T09:56:39.5973218Z       at async Context.<anonymous> (tests/es6/testRunner.js:99:17)
2022-06-06T09:56:39.5973485Z 
2022-06-06T09:56:39.5973641Z   28) BuildSystem
2022-06-06T09:56:39.5974053Z        Build with various options
2022-06-06T09:56:39.5974436Z          should build with: { preferClang: true }:
2022-06-06T09:56:39.5974899Z      Error: Failed to generate def for node.lib
2022-06-06T09:56:39.5975392Z       at CMake._generateNodeLibDef (lib/cMake.js:278:15)
2022-06-06T09:56:39.5975913Z       at async CMake.configure (lib/cMake.js:308:9)
2022-06-06T09:56:39.5976431Z       at async CMake.ensureConfigured (lib/cMake.js:321:9)
2022-06-06T09:56:39.5976918Z       at async CMake.build (lib/cMake.js:339:5)
2022-06-06T09:56:39.5977389Z       at async CMake.rebuild (lib/cMake.js:363:5)
2022-06-06T09:56:39.5977846Z       at async BuildSystem._invokeCMake (lib/buildSystem.js:86:16)
2022-06-06T09:56:39.5978480Z       at async buildPrototypeWithDirectoryOption (tests/es6/testCases.js:15:9)
2022-06-06T09:56:39.5979058Z       at async Context.<anonymous> (tests/es6/testRunner.js:99:17)
2022-06-06T09:56:39.5979326Z 
2022-06-06T09:56:39.5979471Z   29) BuildSystem
2022-06-06T09:56:39.5979801Z        Build with various options
2022-06-06T09:56:39.5980276Z          should build with: { preferGnu: true, referMake: true }:
2022-06-06T09:56:39.5980792Z      Error: Failed to generate def for node.lib
2022-06-06T09:56:39.5981221Z       at CMake._generateNodeLibDef (lib/cMake.js:278:15)
2022-06-06T09:56:39.5981720Z       at async CMake.configure (lib/cMake.js:308:9)
2022-06-06T09:56:39.5982223Z       at async CMake.ensureConfigured (lib/cMake.js:321:9)
2022-06-06T09:56:39.5982665Z       at async CMake.build (lib/cMake.js:339:5)
2022-06-06T09:56:39.5983159Z       at async CMake.rebuild (lib/cMake.js:363:5)
2022-06-06T09:56:39.5983669Z       at async BuildSystem._invokeCMake (lib/buildSystem.js:86:16)
2022-06-06T09:56:39.5984280Z       at async buildPrototypeWithDirectoryOption (tests/es6/testCases.js:15:9)
2022-06-06T09:56:39.5984809Z       at async Context.<anonymous> (tests/es6/testRunner.js:99:17)
2022-06-06T09:56:39.5985077Z 
2022-06-06T09:56:39.5985254Z   30) BuildSystem
2022-06-06T09:56:39.5985630Z        Build with various options
2022-06-06T09:56:39.5986026Z          should build with: { preferGnu: true }:
2022-06-06T09:56:39.5986481Z      Error: Failed to generate def for node.lib
2022-06-06T09:56:39.5986967Z       at CMake._generateNodeLibDef (lib/cMake.js:278:15)
2022-06-06T09:56:39.5987491Z       at async CMake.configure (lib/cMake.js:308:9)
2022-06-06T09:56:39.5987935Z       at async CMake.ensureConfigured (lib/cMake.js:321:9)
2022-06-06T09:56:39.5988420Z       at async CMake.build (lib/cMake.js:339:5)
2022-06-06T09:56:39.5988872Z       at async CMake.rebuild (lib/cMake.js:363:5)
2022-06-06T09:56:39.5989325Z       at async BuildSystem._invokeCMake (lib/buildSystem.js:86:16)
2022-06-06T09:56:39.5989955Z       at async buildPrototypeWithDirectoryOption (tests/es6/testCases.js:15:9)
2022-06-06T09:56:39.5990550Z       at async Context.<anonymous> (tests/es6/testRunner.js:99:17)
2022-06-06T09:56:39.5990816Z 
2022-06-06T09:56:39.5990959Z   31) BuildSystem
2022-06-06T09:56:39.5991416Z        Build with various options
2022-06-06T09:56:39.5991846Z          should build with: {}:
2022-06-06T09:56:39.5992288Z      Error: Failed to generate def for node.lib
2022-06-06T09:56:39.5992718Z       at CMake._generateNodeLibDef (lib/cMake.js:278:15)
2022-06-06T09:56:39.5993308Z       at async CMake.configure (lib/cMake.js:308:9)
2022-06-06T09:56:39.5993805Z       at async CMake.ensureConfigured (lib/cMake.js:321:9)
2022-06-06T09:56:39.5994268Z       at async CMake.build (lib/cMake.js:339:5)
2022-06-06T09:56:39.5994738Z       at async CMake.rebuild (lib/cMake.js:363:5)
2022-06-06T09:56:39.5995244Z       at async BuildSystem._invokeCMake (lib/buildSystem.js:86:16)
2022-06-06T09:56:39.5995839Z       at async buildPrototypeWithDirectoryOption (tests/es6/testCases.js:15:9)
2022-06-06T09:56:39.5996361Z       at async Context.<anonymous> (tests/es6/testRunner.js:99:17)
2022-06-06T09:56:39.5996670Z 
2022-06-06T09:56:39.5996679Z 
2022-06-06T09:56:39.5996688Z 
2022-06-06T09:56:39.5997030Z npm ERR! Test failed.  See above for more details.
2022-06-06T09:56:39.6036585Z ##[error]Process completed with exit code 1.
2022-06-06T09:56:39.6108557Z Post job cleanup.
2022-06-06T09:56:39.7537028Z [command]/usr/bin/git version
2022-06-06T09:56:39.7590825Z git version 2.36.1
2022-06-06T09:56:39.7635688Z Temporarily overriding HOME='/home/runner/work/_temp/65188bba-9038-47c1-bba2-b698ee90c422' before making global git config changes
2022-06-06T09:56:39.7636547Z Adding repository directory to the temporary git global config as a safe directory
2022-06-06T09:56:39.7640685Z [command]/usr/bin/git config --global --add safe.directory /home/runner/work/cmake-js/cmake-js
2022-06-06T09:56:39.7689008Z [command]/usr/bin/git config --local --name-only --get-regexp core\.sshCommand
2022-06-06T09:56:39.7730091Z [command]/usr/bin/git submodule foreach --recursive git config --local --name-only --get-regexp 'core\.sshCommand' && git config --local --unset-all 'core.sshCommand' || :
2022-06-06T09:56:39.7995587Z [command]/usr/bin/git config --local --name-only --get-regexp http\.https\:\/\/github\.com\/\.extraheader
2022-06-06T09:56:39.8101399Z http.https://github.com/.extraheader
2022-06-06T09:56:39.8112368Z [command]/usr/bin/git config --local --unset-all http.https://github.com/.extraheader
2022-06-06T09:56:39.8158897Z [command]/usr/bin/git submodule foreach --recursive git config --local --name-only --get-regexp 'http\.https\:\/\/github\.com\/\.extraheader' && git config --local --unset-all 'http.https://github.com/.extraheader' || :
2022-06-06T09:56:39.8738784Z Cleaning up orphan processes