2022-06-16T05:05:47.4879878Z Requested labels: ubuntu-latest
2022-06-16T05:05:47.4879922Z Job defined at: getgauge/taiko/.github/workflows/taiko.yml@refs/heads/master
2022-06-16T05:05:47.4879947Z Waiting for a runner to pick up this job...
2022-06-16T05:05:48.4534160Z Job is waiting for a hosted runner to come online.
2022-06-16T05:05:53.3897492Z Job is about to start running on the hosted runner: Hosted Agent (hosted)
2022-06-16T05:05:56.2323194Z Current runner version: '2.293.0'
2022-06-16T05:05:56.2352963Z ##[group]Operating System
2022-06-16T05:05:56.2353529Z Ubuntu
2022-06-16T05:05:56.2353821Z 20.04.4
2022-06-16T05:05:56.2354060Z LTS
2022-06-16T05:05:56.2354462Z ##[endgroup]
2022-06-16T05:05:56.2354800Z ##[group]Virtual Environment
2022-06-16T05:05:56.2355134Z Environment: ubuntu-20.04
2022-06-16T05:05:56.2355475Z Version: 20220605.1
2022-06-16T05:05:56.2356047Z Included Software: https://github.com/actions/virtual-environments/blob/ubuntu20/20220605.1/images/linux/Ubuntu2004-Readme.md
2022-06-16T05:05:56.2356723Z Image Release: https://github.com/actions/virtual-environments/releases/tag/ubuntu20%2F20220605.1
2022-06-16T05:05:56.2357145Z ##[endgroup]
2022-06-16T05:05:56.2357507Z ##[group]Virtual Environment Provisioner
2022-06-16T05:05:56.2357890Z 1.0.0.0-main-20220531-1
2022-06-16T05:05:56.2358189Z ##[endgroup]
2022-06-16T05:05:56.2359156Z ##[group]GITHUB_TOKEN Permissions
2022-06-16T05:05:56.2359726Z Actions: write
2022-06-16T05:05:56.2360242Z Checks: write
2022-06-16T05:05:56.2360574Z Contents: write
2022-06-16T05:05:56.2360920Z Deployments: write
2022-06-16T05:05:56.2361265Z Discussions: write
2022-06-16T05:05:56.2361543Z Issues: write
2022-06-16T05:05:56.2361889Z Metadata: read
2022-06-16T05:05:56.2362205Z Packages: write
2022-06-16T05:05:56.2362474Z Pages: write
2022-06-16T05:05:56.2362809Z PullRequests: write
2022-06-16T05:05:56.2363195Z RepositoryProjects: write
2022-06-16T05:05:56.2363512Z SecurityEvents: write
2022-06-16T05:05:56.2363845Z Statuses: write
2022-06-16T05:05:56.2364174Z ##[endgroup]
2022-06-16T05:05:56.2367929Z Secret source: Actions
2022-06-16T05:05:56.2368505Z Prepare workflow directory
2022-06-16T05:05:56.3199438Z Prepare all required actions
2022-06-16T05:05:56.3381253Z Getting action download info
2022-06-16T05:05:56.5308745Z Download action repository 'actions/checkout@v2' (SHA:7884fcad6b5d53d10323aee724dc68d8b9096a2e)
2022-06-16T05:05:56.8153856Z Download action repository 'actions/setup-node@v1' (SHA:f1f314fca9dfce2769ece7d933488f076716723e)
2022-06-16T05:05:57.1822481Z ##[group]Run actions/checkout@v2
2022-06-16T05:05:57.1822810Z with:
2022-06-16T05:05:57.1823075Z   repository: getgauge/taiko
2022-06-16T05:05:57.1823569Z   token: ***
2022-06-16T05:05:57.1823810Z   ssh-strict: true
2022-06-16T05:05:57.1824098Z   persist-credentials: true
2022-06-16T05:05:57.1824379Z   clean: true
2022-06-16T05:05:57.1824616Z   fetch-depth: 1
2022-06-16T05:05:57.1824861Z   lfs: false
2022-06-16T05:05:57.1825109Z   submodules: false
2022-06-16T05:05:57.1825379Z   set-safe-directory: true
2022-06-16T05:05:57.1825653Z ##[endgroup]
2022-06-16T05:05:57.4764027Z Syncing repository: getgauge/taiko
2022-06-16T05:05:57.4766283Z ##[group]Getting Git version info
2022-06-16T05:05:57.4767624Z Working directory is '/home/runner/work/taiko/taiko'
2022-06-16T05:05:57.4768244Z [command]/usr/bin/git version
2022-06-16T05:05:57.4888239Z git version 2.36.1
2022-06-16T05:05:57.4889382Z ##[endgroup]
2022-06-16T05:05:57.4906877Z Temporarily overriding HOME='/home/runner/work/_temp/c03e8d19-8f49-42ed-9428-62bfdb7976e1' before making global git config changes
2022-06-16T05:05:57.4907482Z Adding repository directory to the temporary git global config as a safe directory
2022-06-16T05:05:57.4908952Z [command]/usr/bin/git config --global --add safe.directory /home/runner/work/taiko/taiko
2022-06-16T05:05:57.4949487Z Deleting the contents of '/home/runner/work/taiko/taiko'
2022-06-16T05:05:57.4953591Z ##[group]Initializing the repository
2022-06-16T05:05:57.4957153Z [command]/usr/bin/git init /home/runner/work/taiko/taiko
2022-06-16T05:05:57.5028243Z hint: Using 'master' as the name for the initial branch. This default branch name
2022-06-16T05:05:57.5028899Z hint: is subject to change. To configure the initial branch name to use in all
2022-06-16T05:05:57.5029610Z hint: of your new repositories, which will suppress this warning, call:
2022-06-16T05:05:57.5030064Z hint: 
2022-06-16T05:05:57.5030572Z hint: 	git config --global init.defaultBranch <name>
2022-06-16T05:05:57.5031352Z hint: 
2022-06-16T05:05:57.5031879Z hint: Names commonly chosen instead of 'master' are 'main', 'trunk' and
2022-06-16T05:05:57.5032525Z hint: 'development'. The just-created branch can be renamed via this command:
2022-06-16T05:05:57.5032961Z hint: 
2022-06-16T05:05:57.5033355Z hint: 	git branch -m <name>
2022-06-16T05:05:57.5039344Z Initialized empty Git repository in /home/runner/work/taiko/taiko/.git/
2022-06-16T05:05:57.5049374Z [command]/usr/bin/git remote add origin https://github.com/getgauge/taiko
2022-06-16T05:05:57.5088766Z ##[endgroup]
2022-06-16T05:05:57.5089509Z ##[group]Disabling automatic garbage collection
2022-06-16T05:05:57.5133626Z [command]/usr/bin/git config --local gc.auto 0
2022-06-16T05:05:57.5163543Z ##[endgroup]
2022-06-16T05:05:57.5164246Z ##[group]Setting up auth
2022-06-16T05:05:57.5171226Z [command]/usr/bin/git config --local --name-only --get-regexp core\.sshCommand
2022-06-16T05:05:57.5204625Z [command]/usr/bin/git submodule foreach --recursive git config --local --name-only --get-regexp 'core\.sshCommand' && git config --local --unset-all 'core.sshCommand' || :
2022-06-16T05:05:57.5592419Z [command]/usr/bin/git config --local --name-only --get-regexp http\.https\:\/\/github\.com\/\.extraheader
2022-06-16T05:05:57.5618238Z [command]/usr/bin/git submodule foreach --recursive git config --local --name-only --get-regexp 'http\.https\:\/\/github\.com\/\.extraheader' && git config --local --unset-all 'http.https://github.com/.extraheader' || :
2022-06-16T05:05:57.5843211Z [command]/usr/bin/git config --local http.https://github.com/.extraheader AUTHORIZATION: basic ***
2022-06-16T05:05:57.5880777Z ##[endgroup]
2022-06-16T05:05:57.5881570Z ##[group]Fetching the repository
2022-06-16T05:05:57.5888913Z [command]/usr/bin/git -c protocol.version=2 fetch --no-tags --prune --progress --no-recurse-submodules --depth=1 origin +8d5280b3171a970a0ef27dee7250ee82adada03f:refs/remotes/origin/master
2022-06-16T05:05:57.7840899Z remote: Enumerating objects: 372, done.        
2022-06-16T05:05:57.7841817Z remote: Counting objects:   0% (1/372)        
2022-06-16T05:05:57.7842265Z remote: Counting objects:   1% (4/372)        
2022-06-16T05:05:57.7842677Z remote: Counting objects:   2% (8/372)        
2022-06-16T05:05:57.7843076Z remote: Counting objects:   3% (12/372)        
2022-06-16T05:05:57.7843487Z remote: Counting objects:   4% (15/372)        
2022-06-16T05:05:57.7843895Z remote: Counting objects:   5% (19/372)        
2022-06-16T05:05:57.7844305Z remote: Counting objects:   6% (23/372)        
2022-06-16T05:05:57.7844698Z remote: Counting objects:   7% (27/372)        
2022-06-16T05:05:57.7845099Z remote: Counting objects:   8% (30/372)        
2022-06-16T05:05:57.7845554Z remote: Counting objects:   9% (34/372)        
2022-06-16T05:05:57.7845946Z remote: Counting objects:  10% (38/372)        
2022-06-16T05:05:57.7846346Z remote: Counting objects:  11% (41/372)        
2022-06-16T05:05:57.7846746Z remote: Counting objects:  12% (45/372)        
2022-06-16T05:05:57.7847807Z remote: Counting objects:  13% (49/372)        
2022-06-16T05:05:57.7848270Z remote: Counting objects:  14% (53/372)        
2022-06-16T05:05:57.7848668Z remote: Counting objects:  15% (56/372)        
2022-06-16T05:05:57.7849067Z remote: Counting objects:  16% (60/372)        
2022-06-16T05:05:57.7849453Z remote: Counting objects:  17% (64/372)        
2022-06-16T05:05:57.7849851Z remote: Counting objects:  18% (67/372)        
2022-06-16T05:05:57.7850255Z remote: Counting objects:  19% (71/372)        
2022-06-16T05:05:57.7850641Z remote: Counting objects:  20% (75/372)        
2022-06-16T05:05:57.7851052Z remote: Counting objects:  21% (79/372)        
2022-06-16T05:05:57.7851454Z remote: Counting objects:  22% (82/372)        
2022-06-16T05:05:57.7851850Z remote: Counting objects:  23% (86/372)        
2022-06-16T05:05:57.7852239Z remote: Counting objects:  24% (90/372)        
2022-06-16T05:05:57.7852636Z remote: Counting objects:  25% (93/372)        
2022-06-16T05:05:57.7853039Z remote: Counting objects:  26% (97/372)        
2022-06-16T05:05:57.7853663Z remote: Counting objects:  27% (101/372)        
2022-06-16T05:05:57.7854175Z remote: Counting objects:  28% (105/372)        
2022-06-16T05:05:57.7856679Z remote: Counting objects:  29% (108/372)        
2022-06-16T05:05:57.7857463Z remote: Counting objects:  30% (112/372)        
2022-06-16T05:05:57.7858462Z remote: Counting objects:  31% (116/372)        
2022-06-16T05:05:57.7859116Z remote: Counting objects:  32% (120/372)        
2022-06-16T05:05:57.7860058Z remote: Counting objects:  33% (123/372)        
2022-06-16T05:05:57.7860716Z remote: Counting objects:  34% (127/372)        
2022-06-16T05:05:57.7862169Z remote: Counting objects:  35% (131/372)        
2022-06-16T05:05:57.7862947Z remote: Counting objects:  36% (134/372)        
2022-06-16T05:05:57.7863479Z remote: Counting objects:  37% (138/372)        
2022-06-16T05:05:57.7865362Z remote: Counting objects:  38% (142/372)        
2022-06-16T05:05:57.7865982Z remote: Counting objects:  39% (146/372)        
2022-06-16T05:05:57.7866485Z remote: Counting objects:  40% (149/372)        
2022-06-16T05:05:57.7867038Z remote: Counting objects:  41% (153/372)        
2022-06-16T05:05:57.7867702Z remote: Counting objects:  42% (157/372)        
2022-06-16T05:05:57.7868210Z remote: Counting objects:  43% (160/372)        
2022-06-16T05:05:57.7868801Z remote: Counting objects:  44% (164/372)        
2022-06-16T05:05:57.7869381Z remote: Counting objects:  45% (168/372)        
2022-06-16T05:05:57.7870380Z remote: Counting objects:  46% (172/372)        
2022-06-16T05:05:57.7870941Z remote: Counting objects:  47% (175/372)        
2022-06-16T05:05:57.7871462Z remote: Counting objects:  48% (179/372)        
2022-06-16T05:05:57.7871975Z remote: Counting objects:  49% (183/372)        
2022-06-16T05:05:57.7872485Z remote: Counting objects:  50% (186/372)        
2022-06-16T05:05:57.7873008Z remote: Counting objects:  51% (190/372)        
2022-06-16T05:05:57.7873528Z remote: Counting objects:  52% (194/372)        
2022-06-16T05:05:57.7874246Z remote: Counting objects:  53% (198/372)        
2022-06-16T05:05:57.7877015Z remote: Counting objects:  54% (201/372)        
2022-06-16T05:05:57.7877669Z remote: Counting objects:  55% (205/372)        
2022-06-16T05:05:57.7878336Z remote: Counting objects:  56% (209/372)        
2022-06-16T05:05:57.7879059Z remote: Counting objects:  57% (213/372)        
2022-06-16T05:05:57.7879753Z remote: Counting objects:  58% (216/372)        
2022-06-16T05:05:57.7880399Z remote: Counting objects:  59% (220/372)        
2022-06-16T05:05:57.7881047Z remote: Counting objects:  60% (224/372)        
2022-06-16T05:05:57.7881741Z remote: Counting objects:  61% (227/372)        
2022-06-16T05:05:57.7882396Z remote: Counting objects:  62% (231/372)        
2022-06-16T05:05:57.7883044Z remote: Counting objects:  63% (235/372)        
2022-06-16T05:05:57.7887063Z remote: Counting objects:  64% (239/372)        
2022-06-16T05:05:57.7887454Z remote: Counting objects:  65% (242/372)        
2022-06-16T05:05:57.7887848Z remote: Counting objects:  66% (246/372)        
2022-06-16T05:05:57.7888209Z remote: Counting objects:  67% (250/372)        
2022-06-16T05:05:57.7888567Z remote: Counting objects:  68% (253/372)        
2022-06-16T05:05:57.7888909Z remote: Counting objects:  69% (257/372)        
2022-06-16T05:05:57.7889262Z remote: Counting objects:  70% (261/372)        
2022-06-16T05:05:57.7889618Z remote: Counting objects:  71% (265/372)        
2022-06-16T05:05:57.7889961Z remote: Counting objects:  72% (268/372)        
2022-06-16T05:05:57.7890314Z remote: Counting objects:  73% (272/372)        
2022-06-16T05:05:57.7890671Z remote: Counting objects:  74% (276/372)        
2022-06-16T05:05:57.7891014Z remote: Counting objects:  75% (279/372)        
2022-06-16T05:05:57.7891371Z remote: Counting objects:  76% (283/372)        
2022-06-16T05:05:57.7891722Z remote: Counting objects:  77% (287/372)        
2022-06-16T05:05:57.7892067Z remote: Counting objects:  78% (291/372)        
2022-06-16T05:05:57.7892628Z remote: Counting objects:  79% (294/372)        
2022-06-16T05:05:57.7894512Z remote: Counting objects:  80% (298/372)        
2022-06-16T05:05:57.7894901Z remote: Counting objects:  81% (302/372)        
2022-06-16T05:05:57.7895242Z remote: Counting objects:  82% (306/372)        
2022-06-16T05:05:57.7895589Z remote: Counting objects:  83% (309/372)        
2022-06-16T05:05:57.7895946Z remote: Counting objects:  84% (313/372)        
2022-06-16T05:05:57.7896284Z remote: Counting objects:  85% (317/372)        
2022-06-16T05:05:57.7896634Z remote: Counting objects:  86% (320/372)        
2022-06-16T05:05:57.7896988Z remote: Counting objects:  87% (324/372)        
2022-06-16T05:05:57.7897324Z remote: Counting objects:  88% (328/372)        
2022-06-16T05:05:57.7897672Z remote: Counting objects:  89% (332/372)        
2022-06-16T05:05:57.7898025Z remote: Counting objects:  90% (335/372)        
2022-06-16T05:05:57.7898376Z remote: Counting objects:  91% (339/372)        
2022-06-16T05:05:57.7898727Z remote: Counting objects:  92% (343/372)        
2022-06-16T05:05:57.7899085Z remote: Counting objects:  93% (346/372)        
2022-06-16T05:05:57.7899435Z remote: Counting objects:  94% (350/372)        
2022-06-16T05:05:57.7899776Z remote: Counting objects:  95% (354/372)        
2022-06-16T05:05:57.7900130Z remote: Counting objects:  96% (358/372)        
2022-06-16T05:05:57.7900484Z remote: Counting objects:  97% (361/372)        
2022-06-16T05:05:57.7900829Z remote: Counting objects:  98% (365/372)        
2022-06-16T05:05:57.7901181Z remote: Counting objects:  99% (369/372)        
2022-06-16T05:05:57.7901528Z remote: Counting objects: 100% (372/372)        
2022-06-16T05:05:57.7901886Z remote: Counting objects: 100% (372/372), done.        
2022-06-16T05:05:57.7902488Z remote: Compressing objects:   0% (1/341)        
2022-06-16T05:05:57.7903739Z remote: Compressing objects:   1% (4/341)        
2022-06-16T05:05:57.7904147Z remote: Compressing objects:   2% (7/341)        
2022-06-16T05:05:57.7904661Z remote: Compressing objects:   3% (11/341)        
2022-06-16T05:05:57.7905053Z remote: Compressing objects:   4% (14/341)        
2022-06-16T05:05:57.7905425Z remote: Compressing objects:   5% (18/341)        
2022-06-16T05:05:57.7905787Z remote: Compressing objects:   6% (21/341)        
2022-06-16T05:05:57.7906187Z remote: Compressing objects:   7% (24/341)        
2022-06-16T05:05:57.7906560Z remote: Compressing objects:   8% (28/341)        
2022-06-16T05:05:57.7906918Z remote: Compressing objects:   9% (31/341)        
2022-06-16T05:05:57.7907292Z remote: Compressing objects:  10% (35/341)        
2022-06-16T05:05:57.7907665Z remote: Compressing objects:  11% (38/341)        
2022-06-16T05:05:57.7909083Z remote: Compressing objects:  12% (41/341)        
2022-06-16T05:05:57.7909593Z remote: Compressing objects:  13% (45/341)        
2022-06-16T05:05:57.7910366Z remote: Compressing objects:  14% (48/341)        
2022-06-16T05:05:57.7912181Z remote: Compressing objects:  15% (52/341)        
2022-06-16T05:05:57.7913551Z remote: Compressing objects:  16% (55/341)        
2022-06-16T05:05:57.7914265Z remote: Compressing objects:  17% (58/341)        
2022-06-16T05:05:57.7915035Z remote: Compressing objects:  18% (62/341)        
2022-06-16T05:05:57.7923414Z remote: Compressing objects:  19% (65/341)        
2022-06-16T05:05:57.7926177Z remote: Compressing objects:  20% (69/341)        
2022-06-16T05:05:57.7938623Z remote: Compressing objects:  21% (72/341)        
2022-06-16T05:05:57.7946001Z remote: Compressing objects:  22% (76/341)        
2022-06-16T05:05:57.7957844Z remote: Compressing objects:  23% (79/341)        
2022-06-16T05:05:57.7959944Z remote: Compressing objects:  24% (82/341)        
2022-06-16T05:05:57.8004950Z remote: Compressing objects:  25% (86/341)        
2022-06-16T05:05:57.8005535Z remote: Compressing objects:  26% (89/341)        
2022-06-16T05:05:57.8006010Z remote: Compressing objects:  27% (93/341)        
2022-06-16T05:05:57.8006491Z remote: Compressing objects:  28% (96/341)        
2022-06-16T05:05:57.8023771Z remote: Compressing objects:  29% (99/341)        
2022-06-16T05:05:57.8034536Z remote: Compressing objects:  30% (103/341)        
2022-06-16T05:05:57.8044457Z remote: Compressing objects:  31% (106/341)        
2022-06-16T05:05:57.8058187Z remote: Compressing objects:  32% (110/341)        
2022-06-16T05:05:57.8079113Z remote: Compressing objects:  33% (113/341)        
2022-06-16T05:05:57.8087142Z remote: Compressing objects:  34% (116/341)        
2022-06-16T05:05:57.8097305Z remote: Compressing objects:  35% (120/341)        
2022-06-16T05:05:57.8097809Z remote: Compressing objects:  36% (123/341)        
2022-06-16T05:05:57.8098306Z remote: Compressing objects:  37% (127/341)        
2022-06-16T05:05:57.8124173Z remote: Compressing objects:  38% (130/341)        
2022-06-16T05:05:57.8127145Z remote: Compressing objects:  39% (133/341)        
2022-06-16T05:05:57.8127726Z remote: Compressing objects:  40% (137/341)        
2022-06-16T05:05:57.8128099Z remote: Compressing objects:  41% (140/341)        
2022-06-16T05:05:57.8128975Z remote: Compressing objects:  42% (144/341)        
2022-06-16T05:05:57.8129360Z remote: Compressing objects:  43% (147/341)        
2022-06-16T05:05:57.8129722Z remote: Compressing objects:  44% (151/341)        
2022-06-16T05:05:57.8130270Z remote: Compressing objects:  45% (154/341)        
2022-06-16T05:05:57.8141176Z remote: Compressing objects:  46% (157/341)        
2022-06-16T05:05:57.8163105Z remote: Compressing objects:  47% (161/341)        
2022-06-16T05:05:57.8163685Z remote: Compressing objects:  48% (164/341)        
2022-06-16T05:05:57.8164924Z remote: Compressing objects:  49% (168/341)        
2022-06-16T05:05:57.8169142Z remote: Compressing objects:  50% (171/341)        
2022-06-16T05:05:57.8206902Z remote: Compressing objects:  51% (174/341)        
2022-06-16T05:05:57.8207515Z remote: Compressing objects:  52% (178/341)        
2022-06-16T05:05:57.8215499Z remote: Compressing objects:  53% (181/341)        
2022-06-16T05:05:57.8216824Z remote: Compressing objects:  54% (185/341)        
2022-06-16T05:05:57.8217444Z remote: Compressing objects:  55% (188/341)        
2022-06-16T05:05:57.8221644Z remote: Compressing objects:  56% (191/341)        
2022-06-16T05:05:57.8224656Z remote: Compressing objects:  57% (195/341)        
2022-06-16T05:05:57.8228147Z remote: Compressing objects:  58% (198/341)        
2022-06-16T05:05:57.8233426Z remote: Compressing objects:  59% (202/341)        
2022-06-16T05:05:57.8233962Z remote: Compressing objects:  60% (205/341)        
2022-06-16T05:05:57.8234381Z remote: Compressing objects:  61% (209/341)        
2022-06-16T05:05:57.8236289Z remote: Compressing objects:  62% (212/341)        
2022-06-16T05:05:57.8237796Z remote: Compressing objects:  63% (215/341)        
2022-06-16T05:05:57.8238960Z remote: Compressing objects:  64% (219/341)        
2022-06-16T05:05:57.8240652Z remote: Compressing objects:  65% (222/341)        
2022-06-16T05:05:57.8241174Z remote: Compressing objects:  66% (226/341)        
2022-06-16T05:05:57.8241894Z remote: Compressing objects:  67% (229/341)        
2022-06-16T05:05:57.8242382Z remote: Compressing objects:  68% (232/341)        
2022-06-16T05:05:57.8242810Z remote: Compressing objects:  69% (236/341)        
2022-06-16T05:05:57.8243323Z remote: Compressing objects:  70% (239/341)        
2022-06-16T05:05:57.8260703Z remote: Compressing objects:  71% (243/341)        
2022-06-16T05:05:57.8261293Z remote: Compressing objects:  72% (246/341)        
2022-06-16T05:05:57.8261967Z remote: Compressing objects:  73% (249/341)        
2022-06-16T05:05:57.8262450Z remote: Compressing objects:  74% (253/341)        
2022-06-16T05:05:57.8262866Z remote: Compressing objects:  75% (256/341)        
2022-06-16T05:05:57.8263344Z remote: Compressing objects:  76% (260/341)        
2022-06-16T05:05:57.8284668Z remote: Compressing objects:  77% (263/341)        
2022-06-16T05:05:57.8285239Z remote: Compressing objects:  78% (266/341)        
2022-06-16T05:05:57.8285741Z remote: Compressing objects:  79% (270/341)        
2022-06-16T05:05:57.8288570Z remote: Compressing objects:  80% (273/341)        
2022-06-16T05:05:57.8289352Z remote: Compressing objects:  81% (277/341)        
2022-06-16T05:05:57.8290791Z remote: Compressing objects:  82% (280/341)        
2022-06-16T05:05:57.8291297Z remote: Compressing objects:  83% (284/341)        
2022-06-16T05:05:57.8291720Z remote: Compressing objects:  84% (287/341)        
2022-06-16T05:05:57.8300341Z remote: Compressing objects:  85% (290/341)        
2022-06-16T05:05:57.8313159Z remote: Compressing objects:  86% (294/341)        
2022-06-16T05:05:57.8313739Z remote: Compressing objects:  87% (297/341)        
2022-06-16T05:05:57.8314232Z remote: Compressing objects:  88% (301/341)        
2022-06-16T05:05:57.8314651Z remote: Compressing objects:  89% (304/341)        
2022-06-16T05:05:57.8315128Z remote: Compressing objects:  90% (307/341)        
2022-06-16T05:05:57.8315541Z remote: Compressing objects:  91% (311/341)        
2022-06-16T05:05:57.8316039Z remote: Compressing objects:  92% (314/341)        
2022-06-16T05:05:57.8316507Z remote: Compressing objects:  93% (318/341)        
2022-06-16T05:05:57.8316975Z remote: Compressing objects:  94% (321/341)        
2022-06-16T05:05:57.8317396Z remote: Compressing objects:  95% (324/341)        
2022-06-16T05:05:57.8318369Z remote: Compressing objects:  96% (328/341)        
2022-06-16T05:05:57.8318966Z remote: Compressing objects:  97% (331/341)        
2022-06-16T05:05:57.8319421Z remote: Compressing objects:  98% (335/341)        
2022-06-16T05:05:57.8321138Z remote: Compressing objects:  99% (338/341)        
2022-06-16T05:05:57.8321785Z remote: Compressing objects: 100% (341/341)        
2022-06-16T05:05:57.8322287Z remote: Compressing objects: 100% (341/341), done.        
2022-06-16T05:05:57.8359021Z Receiving objects:   0% (1/372)
2022-06-16T05:05:57.8359807Z Receiving objects:   1% (4/372)
2022-06-16T05:05:57.8360796Z Receiving objects:   2% (8/372)
2022-06-16T05:05:57.8362508Z Receiving objects:   3% (12/372)
2022-06-16T05:05:57.8365303Z Receiving objects:   4% (15/372)
2022-06-16T05:05:57.8366240Z Receiving objects:   5% (19/372)
2022-06-16T05:05:57.8368554Z Receiving objects:   6% (23/372)
2022-06-16T05:05:57.8370321Z Receiving objects:   7% (27/372)
2022-06-16T05:05:57.8371026Z Receiving objects:   8% (30/372)
2022-06-16T05:05:57.8371813Z Receiving objects:   9% (34/372)
2022-06-16T05:05:57.8373578Z Receiving objects:  10% (38/372)
2022-06-16T05:05:57.8374224Z Receiving objects:  11% (41/372)
2022-06-16T05:05:57.8375006Z Receiving objects:  12% (45/372)
2022-06-16T05:05:57.8394673Z Receiving objects:  13% (49/372)
2022-06-16T05:05:57.8443641Z Receiving objects:  14% (53/372)
2022-06-16T05:05:57.8470303Z Receiving objects:  15% (56/372)
2022-06-16T05:05:57.8902521Z Receiving objects:  16% (60/372)
2022-06-16T05:05:57.9520970Z Receiving objects:  17% (64/372)
2022-06-16T05:05:57.9521859Z Receiving objects:  18% (67/372)
2022-06-16T05:05:57.9527518Z Receiving objects:  19% (71/372)
2022-06-16T05:05:57.9528407Z Receiving objects:  20% (75/372)
2022-06-16T05:05:57.9531125Z Receiving objects:  21% (79/372)
2022-06-16T05:05:57.9532087Z Receiving objects:  22% (82/372)
2022-06-16T05:05:57.9533469Z Receiving objects:  23% (86/372)
2022-06-16T05:05:57.9534230Z Receiving objects:  24% (90/372)
2022-06-16T05:05:57.9534737Z Receiving objects:  25% (93/372)
2022-06-16T05:05:57.9535546Z Receiving objects:  26% (97/372)
2022-06-16T05:05:57.9536069Z Receiving objects:  27% (101/372)
2022-06-16T05:05:57.9537533Z Receiving objects:  28% (105/372)
2022-06-16T05:05:58.0077130Z Receiving objects:  29% (108/372)
2022-06-16T05:05:58.0115018Z Receiving objects:  30% (112/372)
2022-06-16T05:05:58.0118487Z Receiving objects:  31% (116/372)
2022-06-16T05:05:58.0122442Z Receiving objects:  32% (120/372)
2022-06-16T05:05:58.0125359Z Receiving objects:  33% (123/372)
2022-06-16T05:05:58.0131275Z Receiving objects:  34% (127/372)
2022-06-16T05:05:58.0137749Z Receiving objects:  35% (131/372)
2022-06-16T05:05:58.0144361Z Receiving objects:  36% (134/372)
2022-06-16T05:05:58.0149373Z Receiving objects:  37% (138/372)
2022-06-16T05:05:58.0152981Z Receiving objects:  38% (142/372)
2022-06-16T05:05:58.0156982Z Receiving objects:  39% (146/372)
2022-06-16T05:05:58.0159690Z Receiving objects:  40% (149/372)
2022-06-16T05:05:58.0162818Z Receiving objects:  41% (153/372)
2022-06-16T05:05:58.0165374Z Receiving objects:  42% (157/372)
2022-06-16T05:05:58.0168730Z Receiving objects:  43% (160/372)
2022-06-16T05:05:58.0173751Z Receiving objects:  44% (164/372)
2022-06-16T05:05:58.0176676Z Receiving objects:  45% (168/372)
2022-06-16T05:05:58.0179235Z Receiving objects:  46% (172/372)
2022-06-16T05:05:58.0184684Z Receiving objects:  47% (175/372)
2022-06-16T05:05:58.0188920Z Receiving objects:  48% (179/372)
2022-06-16T05:05:58.0194402Z Receiving objects:  49% (183/372)
2022-06-16T05:05:58.0196779Z Receiving objects:  50% (186/372)
2022-06-16T05:05:58.0202079Z Receiving objects:  51% (190/372)
2022-06-16T05:05:58.0269832Z Receiving objects:  52% (194/372)
2022-06-16T05:05:58.0270272Z Receiving objects:  53% (198/372)
2022-06-16T05:05:58.0270914Z Receiving objects:  54% (201/372)
2022-06-16T05:05:58.0271488Z Receiving objects:  55% (205/372)
2022-06-16T05:05:58.0272053Z Receiving objects:  56% (209/372)
2022-06-16T05:05:58.0272564Z Receiving objects:  57% (213/372)
2022-06-16T05:05:58.0273106Z Receiving objects:  58% (216/372)
2022-06-16T05:05:58.0273624Z Receiving objects:  59% (220/372)
2022-06-16T05:05:58.0274122Z Receiving objects:  60% (224/372)
2022-06-16T05:05:58.0274834Z Receiving objects:  61% (227/372)
2022-06-16T05:05:58.0275056Z Receiving objects:  62% (231/372)
2022-06-16T05:05:58.0275288Z Receiving objects:  63% (235/372)
2022-06-16T05:05:58.0275525Z Receiving objects:  64% (239/372)
2022-06-16T05:05:58.0275746Z Receiving objects:  65% (242/372)
2022-06-16T05:05:58.0275978Z Receiving objects:  66% (246/372)
2022-06-16T05:05:58.0276216Z Receiving objects:  67% (250/372)
2022-06-16T05:05:58.0276437Z Receiving objects:  68% (253/372)
2022-06-16T05:05:58.0276854Z Receiving objects:  69% (257/372)
2022-06-16T05:05:58.0277099Z Receiving objects:  70% (261/372)
2022-06-16T05:05:58.0277322Z Receiving objects:  71% (265/372)
2022-06-16T05:05:58.0277554Z Receiving objects:  72% (268/372)
2022-06-16T05:05:58.0277792Z Receiving objects:  73% (272/372)
2022-06-16T05:05:58.0278013Z Receiving objects:  74% (276/372)
2022-06-16T05:05:58.0278250Z Receiving objects:  75% (279/372)
2022-06-16T05:05:58.0278484Z Receiving objects:  76% (283/372)
2022-06-16T05:05:58.0278719Z Receiving objects:  77% (287/372)
2022-06-16T05:05:58.0278961Z Receiving objects:  78% (291/372)
2022-06-16T05:05:58.0279195Z Receiving objects:  79% (294/372)
2022-06-16T05:05:58.0279574Z Receiving objects:  80% (298/372)
2022-06-16T05:05:58.0283111Z Receiving objects:  81% (302/372)
2022-06-16T05:05:58.0283500Z Receiving objects:  82% (306/372)
2022-06-16T05:05:58.0284474Z remote: Total 372 (delta 42), reused 142 (delta 14), pack-reused 0        
2022-06-16T05:05:58.0289500Z Receiving objects:  83% (309/372)
2022-06-16T05:05:58.0289899Z Receiving objects:  84% (313/372)
2022-06-16T05:05:58.0292035Z Receiving objects:  85% (317/372)
2022-06-16T05:05:58.0293759Z Receiving objects:  86% (320/372)
2022-06-16T05:05:58.0295825Z Receiving objects:  87% (324/372)
2022-06-16T05:05:58.0298029Z Receiving objects:  88% (328/372)
2022-06-16T05:05:58.0299967Z Receiving objects:  89% (332/372)
2022-06-16T05:05:58.0303275Z Receiving objects:  90% (335/372)
2022-06-16T05:05:58.0304826Z Receiving objects:  91% (339/372)
2022-06-16T05:05:58.0306644Z Receiving objects:  92% (343/372)
2022-06-16T05:05:58.0309648Z Receiving objects:  93% (346/372)
2022-06-16T05:05:58.0314114Z Receiving objects:  94% (350/372)
2022-06-16T05:05:58.0316755Z Receiving objects:  95% (354/372)
2022-06-16T05:05:58.0318297Z Receiving objects:  96% (358/372)
2022-06-16T05:05:58.0321439Z Receiving objects:  97% (361/372)
2022-06-16T05:05:58.0323961Z Receiving objects:  98% (365/372)
2022-06-16T05:05:58.0324403Z Receiving objects:  99% (369/372)
2022-06-16T05:05:58.0326257Z Receiving objects: 100% (372/372)
2022-06-16T05:05:58.0326680Z Receiving objects: 100% (372/372), 8.03 MiB | 40.70 MiB/s, done.
2022-06-16T05:05:58.0330535Z Resolving deltas:   0% (0/42)
2022-06-16T05:05:58.0331062Z Resolving deltas:   2% (1/42)
2022-06-16T05:05:58.0332786Z Resolving deltas:   4% (2/42)
2022-06-16T05:05:58.0334356Z Resolving deltas:   7% (3/42)
2022-06-16T05:05:58.0334817Z Resolving deltas:   9% (4/42)
2022-06-16T05:05:58.0337162Z Resolving deltas:  11% (5/42)
2022-06-16T05:05:58.0338377Z Resolving deltas:  14% (6/42)
2022-06-16T05:05:58.0338835Z Resolving deltas:  16% (7/42)
2022-06-16T05:05:58.0340440Z Resolving deltas:  19% (8/42)
2022-06-16T05:05:58.0340896Z Resolving deltas:  21% (9/42)
2022-06-16T05:05:58.0342443Z Resolving deltas:  23% (10/42)
2022-06-16T05:05:58.0342933Z Resolving deltas:  26% (11/42)
2022-06-16T05:05:58.0343748Z Resolving deltas:  28% (12/42)
2022-06-16T05:05:58.0344310Z Resolving deltas:  30% (13/42)
2022-06-16T05:05:58.0345742Z Resolving deltas:  33% (14/42)
2022-06-16T05:05:58.0347574Z Resolving deltas:  35% (15/42)
2022-06-16T05:05:58.0349343Z Resolving deltas:  38% (16/42)
2022-06-16T05:05:58.0349938Z Resolving deltas:  40% (17/42)
2022-06-16T05:05:58.0351270Z Resolving deltas:  42% (18/42)
2022-06-16T05:05:58.0351828Z Resolving deltas:  45% (19/42)
2022-06-16T05:05:58.0353753Z Resolving deltas:  47% (20/42)
2022-06-16T05:05:58.0354223Z Resolving deltas:  50% (21/42)
2022-06-16T05:05:58.0355392Z Resolving deltas:  52% (22/42)
2022-06-16T05:05:58.0355859Z Resolving deltas:  54% (23/42)
2022-06-16T05:05:58.0357243Z Resolving deltas:  57% (24/42)
2022-06-16T05:05:58.0358541Z Resolving deltas:  59% (25/42)
2022-06-16T05:05:58.0359077Z Resolving deltas:  61% (26/42)
2022-06-16T05:05:58.0360469Z Resolving deltas:  64% (27/42)
2022-06-16T05:05:58.0360899Z Resolving deltas:  66% (28/42)
2022-06-16T05:05:58.0362676Z Resolving deltas:  69% (29/42)
2022-06-16T05:05:58.0363152Z Resolving deltas:  71% (30/42)
2022-06-16T05:05:58.0364655Z Resolving deltas:  73% (31/42)
2022-06-16T05:05:58.0365269Z Resolving deltas:  76% (32/42)
2022-06-16T05:05:58.0366460Z Resolving deltas:  78% (33/42)
2022-06-16T05:05:58.0367068Z Resolving deltas:  80% (34/42)
2022-06-16T05:05:58.0369454Z Resolving deltas:  83% (35/42)
2022-06-16T05:05:58.0370088Z Resolving deltas:  85% (36/42)
2022-06-16T05:05:58.0371380Z Resolving deltas:  88% (37/42)
2022-06-16T05:05:58.0373420Z Resolving deltas:  90% (38/42)
2022-06-16T05:05:58.0375890Z Resolving deltas:  92% (39/42)
2022-06-16T05:05:58.0377606Z Resolving deltas:  95% (40/42)
2022-06-16T05:05:58.0378046Z Resolving deltas:  97% (41/42)
2022-06-16T05:05:58.0380759Z Resolving deltas: 100% (42/42)
2022-06-16T05:05:58.0381259Z Resolving deltas: 100% (42/42), done.
2022-06-16T05:05:58.1829006Z From https://github.com/getgauge/taiko
2022-06-16T05:05:58.1830069Z  * [new ref]         8d5280b3171a970a0ef27dee7250ee82adada03f -> origin/master
2022-06-16T05:05:58.1849707Z ##[endgroup]
2022-06-16T05:05:58.1892734Z ##[group]Determining the checkout info
2022-06-16T05:05:58.1893214Z ##[endgroup]
2022-06-16T05:05:58.1893604Z ##[group]Checking out the ref
2022-06-16T05:05:58.1894249Z [command]/usr/bin/git checkout --progress --force -B master refs/remotes/origin/master
2022-06-16T05:05:58.2626540Z Reset branch 'master'
2022-06-16T05:05:58.2627114Z branch 'master' set up to track 'origin/master'.
2022-06-16T05:05:58.2639037Z ##[endgroup]
2022-06-16T05:05:58.2685496Z [command]/usr/bin/git log -1 --format='%H'
2022-06-16T05:05:58.2715719Z '8d5280b3171a970a0ef27dee7250ee82adada03f'
2022-06-16T05:05:58.3033529Z ##[group]Run actions/setup-node@v1
2022-06-16T05:05:58.3033781Z with:
2022-06-16T05:05:58.3033969Z   node-version: 16
2022-06-16T05:05:58.3034186Z   always-auth: false
2022-06-16T05:05:58.3034397Z ##[endgroup]
2022-06-16T05:05:58.4035697Z [command]/opt/hostedtoolcache/node/16.15.1/x64/bin/node --version
2022-06-16T05:05:58.4701824Z v16.15.1
2022-06-16T05:05:58.4727072Z [command]/opt/hostedtoolcache/node/16.15.1/x64/bin/npm --version
2022-06-16T05:05:58.9800667Z 8.11.0
2022-06-16T05:05:58.9976391Z ##[group]Run npm install
2022-06-16T05:05:58.9976692Z [36;1mnpm install[0m
2022-06-16T05:05:59.0036066Z shell: /usr/bin/bash -e {0}
2022-06-16T05:05:59.0036324Z ##[endgroup]
2022-06-16T05:06:00.1922371Z npm WARN old lockfile 
2022-06-16T05:06:00.1924112Z npm WARN old lockfile The package-lock.json file was created with an old version of npm,
2022-06-16T05:06:00.1924909Z npm WARN old lockfile so supplemental metadata must be fetched from the registry.
2022-06-16T05:06:00.1925672Z npm WARN old lockfile 
2022-06-16T05:06:00.1926408Z npm WARN old lockfile This is a one-time fix-up, please be patient...
2022-06-16T05:06:00.1927172Z npm WARN old lockfile 
2022-06-16T05:06:29.1154778Z npm WARN deprecated urix@0.1.0: Please see https://github.com/lydell/urix#deprecated
2022-06-16T05:06:29.9229140Z npm WARN deprecated source-map-url@0.4.1: See https://github.com/lydell/source-map-url#deprecated
2022-06-16T05:06:30.0489729Z npm WARN deprecated source-map-resolve@0.5.3: See https://github.com/lydell/source-map-resolve#deprecated
2022-06-16T05:06:30.2742843Z npm WARN deprecated resolve-url@0.2.1: https://github.com/lydell/resolve-url#deprecated
2022-06-16T05:06:34.4351791Z npm WARN deprecated standard-version@9.3.2: standard-version is deprecated. If you're a GitHub user, I recommend https://github.com/googleapis/release-please as an alternative.
2022-06-16T05:06:35.0876848Z npm WARN deprecated definitelytyped-header-parser@3.9.0: This package has moved to @definitelytyped/header-parser.
2022-06-16T05:06:36.5114497Z npm WARN deprecated babel-eslint@10.1.0: babel-eslint is now @babel/eslint-parser. This package will no longer receive updates.
2022-06-16T05:06:45.1740183Z 
2022-06-16T05:06:45.1740851Z > taiko@1.3.4 install
2022-06-16T05:06:45.1767689Z > node lib/install.js
2022-06-16T05:06:45.1767920Z 
2022-06-16T05:06:46.4225255Z 
2022-06-16T05:06:50.5939780Z 
2022-06-16T05:06:50.5940622Z > taiko@1.3.4 postinstall
2022-06-16T05:06:50.5943842Z > node lib/documentation.js
2022-06-16T05:06:50.5944163Z 
2022-06-16T05:06:52.2116239Z 
2022-06-16T05:06:52.2117063Z added 1352 packages, and audited 1354 packages in 53s
2022-06-16T05:06:52.2123019Z 
2022-06-16T05:06:52.2124810Z 208 packages are looking for funding
2022-06-16T05:06:52.2125386Z   run `npm fund` for details
2022-06-16T05:06:52.2171934Z 
2022-06-16T05:06:52.2172719Z 5 high severity vulnerabilities
2022-06-16T05:06:52.2173353Z 
2022-06-16T05:06:52.2175966Z To address all issues (including breaking changes), run:
2022-06-16T05:06:52.2237727Z   npm audit fix --force
2022-06-16T05:06:52.2237936Z 
2022-06-16T05:06:52.2238256Z Run `npm audit` for details.
2022-06-16T05:06:52.2498183Z ##[group]Run sudo apt-get update
2022-06-16T05:06:52.2498549Z [36;1msudo apt-get update[0m
2022-06-16T05:06:52.2498884Z [36;1msudo apt-get install -y  libnss3 \[0m
2022-06-16T05:06:52.2499264Z [36;1m  libatk1.0-0 \[0m
2022-06-16T05:06:52.2499522Z [36;1m  libatk-bridge2.0-0 \[0m
2022-06-16T05:06:52.2499835Z [36;1m  libxcomposite1 \[0m
2022-06-16T05:06:52.2500158Z [36;1m  libcups2 \[0m
2022-06-16T05:06:52.2500393Z [36;1m  libxrandr2 \[0m
2022-06-16T05:06:52.2500737Z [36;1m  libpangocairo-1.0-0 \[0m
2022-06-16T05:06:52.2501043Z [36;1m  libgtk-3-0[0m
2022-06-16T05:06:52.2554318Z shell: /usr/bin/bash -e {0}
2022-06-16T05:06:52.2554715Z ##[endgroup]
2022-06-16T05:06:52.4144836Z Get:1 https://packages.microsoft.com/ubuntu/20.04/prod focal InRelease [10.5 kB]
2022-06-16T05:06:52.5238770Z Get:2 https://packages.microsoft.com/ubuntu/20.04/prod focal/main arm64 Packages [28.0 kB]
2022-06-16T05:06:52.5321316Z Hit:3 http://ppa.launchpad.net/ubuntu-toolchain-r/test/ubuntu focal InRelease
2022-06-16T05:06:52.5341053Z Get:4 https://packages.microsoft.com/ubuntu/20.04/prod focal/main amd64 Packages [166 kB]
2022-06-16T05:06:52.5386213Z Get:5 https://packages.microsoft.com/ubuntu/20.04/prod focal/main armhf Packages [22.8 kB]
2022-06-16T05:07:12.2019201Z Hit:6 http://azure.archive.ubuntu.com/ubuntu focal InRelease
2022-06-16T05:07:12.2052124Z Get:7 http://azure.archive.ubuntu.com/ubuntu focal-updates InRelease [114 kB]
2022-06-16T05:07:12.2116174Z Get:8 http://azure.archive.ubuntu.com/ubuntu focal-backports InRelease [108 kB]
2022-06-16T05:07:12.2127838Z Get:9 http://azure.archive.ubuntu.com/ubuntu focal-security InRelease [114 kB]
2022-06-16T05:07:12.4135286Z Get:10 http://azure.archive.ubuntu.com/ubuntu focal-updates/main amd64 Packages [1924 kB]
2022-06-16T05:07:12.4489826Z Get:11 http://azure.archive.ubuntu.com/ubuntu focal-updates/main Translation-en [348 kB]
2022-06-16T05:07:12.4503321Z Get:12 http://azure.archive.ubuntu.com/ubuntu focal-updates/main amd64 c-n-f Metadata [15.6 kB]
2022-06-16T05:07:12.4515488Z Get:13 http://azure.archive.ubuntu.com/ubuntu focal-updates/restricted amd64 Packages [1093 kB]
2022-06-16T05:07:12.4651575Z Get:14 http://azure.archive.ubuntu.com/ubuntu focal-updates/restricted Translation-en [156 kB]
2022-06-16T05:07:12.4666374Z Get:15 http://azure.archive.ubuntu.com/ubuntu focal-updates/restricted amd64 c-n-f Metadata [524 B]
2022-06-16T05:07:12.4728941Z Get:16 http://azure.archive.ubuntu.com/ubuntu focal-updates/universe amd64 Packages [931 kB]
2022-06-16T05:07:12.4840534Z Get:17 http://azure.archive.ubuntu.com/ubuntu focal-updates/universe Translation-en [209 kB]
2022-06-16T05:07:12.4852578Z Get:18 http://azure.archive.ubuntu.com/ubuntu focal-updates/universe amd64 c-n-f Metadata [20.9 kB]
2022-06-16T05:07:12.4864039Z Get:19 http://azure.archive.ubuntu.com/ubuntu focal-updates/multiverse amd64 Packages [24.4 kB]
2022-06-16T05:07:12.5305038Z Get:20 http://azure.archive.ubuntu.com/ubuntu focal-updates/multiverse amd64 c-n-f Metadata [596 B]
2022-06-16T05:07:12.5418502Z Get:21 http://azure.archive.ubuntu.com/ubuntu focal-backports/main amd64 Packages [44.8 kB]
2022-06-16T05:07:12.5428183Z Get:22 http://azure.archive.ubuntu.com/ubuntu focal-backports/main Translation-en [11.3 kB]
2022-06-16T05:07:12.5448286Z Get:23 http://azure.archive.ubuntu.com/ubuntu focal-backports/main amd64 c-n-f Metadata [976 B]
2022-06-16T05:07:12.5504745Z Get:24 http://azure.archive.ubuntu.com/ubuntu focal-backports/universe amd64 Packages [23.7 kB]
2022-06-16T05:07:12.5517564Z Get:25 http://azure.archive.ubuntu.com/ubuntu focal-backports/universe amd64 c-n-f Metadata [860 B]
2022-06-16T05:07:12.6371011Z Get:26 http://azure.archive.ubuntu.com/ubuntu focal-security/main amd64 Packages [1579 kB]
2022-06-16T05:07:12.6459078Z Get:27 http://azure.archive.ubuntu.com/ubuntu focal-security/main Translation-en [267 kB]
2022-06-16T05:07:12.6497345Z Get:28 http://azure.archive.ubuntu.com/ubuntu focal-security/main amd64 c-n-f Metadata [10.6 kB]
2022-06-16T05:07:12.6519802Z Get:29 http://azure.archive.ubuntu.com/ubuntu focal-security/restricted amd64 Packages [1031 kB]
2022-06-16T05:07:12.6625523Z Get:30 http://azure.archive.ubuntu.com/ubuntu focal-security/restricted Translation-en [146 kB]
2022-06-16T05:07:12.6662268Z Get:31 http://azure.archive.ubuntu.com/ubuntu focal-security/restricted amd64 c-n-f Metadata [524 B]
2022-06-16T05:07:12.6681109Z Get:32 http://azure.archive.ubuntu.com/ubuntu focal-security/universe amd64 Packages [708 kB]
2022-06-16T05:07:12.6754910Z Get:33 http://azure.archive.ubuntu.com/ubuntu focal-security/universe Translation-en [127 kB]
2022-06-16T05:07:12.7220754Z Get:34 http://azure.archive.ubuntu.com/ubuntu focal-security/universe amd64 c-n-f Metadata [14.6 kB]
2022-06-16T05:07:12.7237994Z Get:35 http://azure.archive.ubuntu.com/ubuntu focal-security/multiverse amd64 Packages [22.2 kB]
2022-06-16T05:07:12.7253700Z Get:36 http://azure.archive.ubuntu.com/ubuntu focal-security/multiverse amd64 c-n-f Metadata [512 B]
2022-06-16T05:07:18.8522579Z Fetched 9275 kB in 21s (434 kB/s)
2022-06-16T05:07:19.7420110Z Reading package lists...
2022-06-16T05:07:19.8251442Z Reading package lists...
2022-06-16T05:07:19.9990571Z Building dependency tree...
2022-06-16T05:07:20.0005400Z Reading state information...
2022-06-16T05:07:20.3109143Z libatk1.0-0 is already the newest version (2.35.1-1ubuntu2).
2022-06-16T05:07:20.3237316Z libatk1.0-0 set to manually installed.
2022-06-16T05:07:20.3238159Z libpangocairo-1.0-0 is already the newest version (1.44.7-2ubuntu4).
2022-06-16T05:07:20.3238628Z libpangocairo-1.0-0 set to manually installed.
2022-06-16T05:07:20.3239102Z libxcomposite1 is already the newest version (1:0.4.5-1).
2022-06-16T05:07:20.3239447Z libxcomposite1 set to manually installed.
2022-06-16T05:07:20.3239916Z libxrandr2 is already the newest version (2:1.5.2-0ubuntu1).
2022-06-16T05:07:20.3240262Z libxrandr2 set to manually installed.
2022-06-16T05:07:20.3240790Z libatk-bridge2.0-0 is already the newest version (2.34.2-0ubuntu2~20.04.1).
2022-06-16T05:07:20.3241254Z libatk-bridge2.0-0 set to manually installed.
2022-06-16T05:07:20.3241705Z libcups2 is already the newest version (2.3.1-9ubuntu1.2).
2022-06-16T05:07:20.3242039Z libcups2 set to manually installed.
2022-06-16T05:07:20.3242492Z libgtk-3-0 is already the newest version (3.24.20-0ubuntu1.1).
2022-06-16T05:07:20.3242963Z libnss3 is already the newest version (2:3.49.1-1ubuntu1.7).
2022-06-16T05:07:20.3243277Z libnss3 set to manually installed.
2022-06-16T05:07:20.6287414Z 0 upgraded, 0 newly installed, 0 to remove and 60 not upgraded.
2022-06-16T05:07:20.7729750Z ##[group]Run npm test
2022-06-16T05:07:20.7730017Z [36;1mnpm test[0m
2022-06-16T05:07:20.7790586Z shell: /usr/bin/bash -e {0}
2022-06-16T05:07:20.7790861Z ##[endgroup]
2022-06-16T05:07:21.4175022Z 
2022-06-16T05:07:21.4175779Z > taiko@1.3.4 test
2022-06-16T05:07:21.4176160Z > npm run test:api && npm run test:unit:silent
2022-06-16T05:07:21.4176317Z 
2022-06-16T05:07:21.6927535Z 
2022-06-16T05:07:21.6929938Z > taiko@1.3.4 test:api
2022-06-16T05:07:21.6930769Z > node test/unit-tests/taiko-test.js
2022-06-16T05:07:21.6931208Z 
2022-06-16T05:07:21.8140233Z [32m âœ” All the exported functions are present in metadata[39m
2022-06-16T05:07:22.1250914Z 
2022-06-16T05:07:22.1251706Z > taiko@1.3.4 test:unit:silent
2022-06-16T05:07:22.1252501Z > mocha 'test/unit-tests/**/*.test.js' --timeout 6000 -R dot --trace-warnings
2022-06-16T05:07:22.1252722Z 
2022-06-16T05:07:22.8775339Z 
2022-06-16T05:07:23.1455503Z 
2022-06-16T05:07:26.7973015Z   ...........................................,.....,..,...
2022-06-16T05:07:28.0518453Z   ........................................................
2022-06-16T05:07:30.1292175Z   ...............................,........................
2022-06-16T05:07:31.1011238Z   ........................................................
2022-06-16T05:07:33.5524630Z   ........................................................
2022-06-16T05:07:34.7553379Z   ..........,....,...,.....,..............................
2022-06-16T05:07:35.5858111Z   ......................................................,,
2022-06-16T05:07:40.9342641Z   ,,,,..,.................................................
2022-06-16T05:07:42.5898551Z   ........................................................
2022-06-16T05:07:44.2209831Z   ........................................................
2022-06-16T05:07:45.6644560Z   ........................................................
2022-06-16T05:07:46.3790085Z   ........................................................
2022-06-16T05:07:46.8819811Z   ........................................................
2022-06-16T05:07:47.6233380Z   ........................................................
2022-06-16T05:07:48.1851982Z   ........................................................
2022-06-16T05:07:48.8142936Z   ........................................................
2022-06-16T05:07:49.6491908Z   ............................................,.......,...
2022-06-16T05:07:53.2332213Z   ............,...........................................
2022-06-16T05:07:54.0402559Z   ........................................................
2022-06-16T05:07:54.8534679Z   ........................................................
2022-06-16T05:08:10.9952205Z   .......................................
2022-06-16T05:08:10.9958373Z 
2022-06-16T05:08:10.9962070Z   1141 passing (48s)
2022-06-16T05:08:10.9964466Z   18 pending
2022-06-16T05:08:10.9966544Z 
2022-06-16T05:08:11.1096154Z Post job cleanup.
2022-06-16T05:08:11.2212167Z [command]/usr/bin/git version
2022-06-16T05:08:11.2260716Z git version 2.36.1
2022-06-16T05:08:11.2298942Z Temporarily overriding HOME='/home/runner/work/_temp/4f204eb0-0ab4-4bba-835a-2314f5d150e8' before making global git config changes
2022-06-16T05:08:11.2299807Z Adding repository directory to the temporary git global config as a safe directory
2022-06-16T05:08:11.2305747Z [command]/usr/bin/git config --global --add safe.directory /home/runner/work/taiko/taiko
2022-06-16T05:08:11.2349152Z [command]/usr/bin/git config --local --name-only --get-regexp core\.sshCommand
2022-06-16T05:08:11.2385380Z [command]/usr/bin/git submodule foreach --recursive git config --local --name-only --get-regexp 'core\.sshCommand' && git config --local --unset-all 'core.sshCommand' || :
2022-06-16T05:08:11.2617976Z [command]/usr/bin/git config --local --name-only --get-regexp http\.https\:\/\/github\.com\/\.extraheader
2022-06-16T05:08:11.2682708Z http.https://github.com/.extraheader
2022-06-16T05:08:11.2693384Z [command]/usr/bin/git config --local --unset-all http.https://github.com/.extraheader
2022-06-16T05:08:11.2730017Z [command]/usr/bin/git submodule foreach --recursive git config --local --name-only --get-regexp 'http\.https\:\/\/github\.com\/\.extraheader' && git config --local --unset-all 'http.https://github.com/.extraheader' || :
2022-06-16T05:08:11.3219993Z Cleaning up orphan processes