2022-06-20T18:35:51.6301768Z Requested labels: ubuntu-latest
2022-06-20T18:35:51.6301815Z Job defined at: senecajs/seneca/.github/workflows/build.yml@refs/heads/master
2022-06-20T18:35:51.6301836Z Waiting for a runner to pick up this job...
2022-06-20T18:35:54.1003842Z Job is waiting for a hosted runner to come online.
2022-06-20T18:35:56.3099620Z Job is about to start running on the hosted runner: GitHub Actions 6 (hosted)
2022-06-20T18:36:00.2093485Z Current runner version: '2.293.0'
2022-06-20T18:36:00.2119153Z ##[group]Operating System
2022-06-20T18:36:00.2119686Z Ubuntu
2022-06-20T18:36:00.2119957Z 20.04.4
2022-06-20T18:36:00.2120215Z LTS
2022-06-20T18:36:00.2120463Z ##[endgroup]
2022-06-20T18:36:00.2120781Z ##[group]Virtual Environment
2022-06-20T18:36:00.2121166Z Environment: ubuntu-20.04
2022-06-20T18:36:00.2121483Z Version: 20220614.0
2022-06-20T18:36:00.2121946Z Included Software: https://github.com/actions/virtual-environments/blob/ubuntu20/20220614.0/images/linux/Ubuntu2004-Readme.md
2022-06-20T18:36:00.2122580Z Image Release: https://github.com/actions/virtual-environments/releases/tag/ubuntu20%2F20220614.0
2022-06-20T18:36:00.2123034Z ##[endgroup]
2022-06-20T18:36:00.2123329Z ##[group]Virtual Environment Provisioner
2022-06-20T18:36:00.2123678Z 1.0.0.0-main-20220531-1
2022-06-20T18:36:00.2123994Z ##[endgroup]
2022-06-20T18:36:00.2124846Z ##[group]GITHUB_TOKEN Permissions
2022-06-20T18:36:00.2125479Z Actions: write
2022-06-20T18:36:00.2125909Z Checks: write
2022-06-20T18:36:00.2126216Z Contents: write
2022-06-20T18:36:00.2126538Z Deployments: write
2022-06-20T18:36:00.2126848Z Discussions: write
2022-06-20T18:36:00.2127154Z Issues: write
2022-06-20T18:36:00.2127400Z Metadata: read
2022-06-20T18:36:00.2127692Z Packages: write
2022-06-20T18:36:00.2128015Z Pages: write
2022-06-20T18:36:00.2128282Z PullRequests: write
2022-06-20T18:36:00.2128610Z RepositoryProjects: write
2022-06-20T18:36:00.2128948Z SecurityEvents: write
2022-06-20T18:36:00.2129219Z Statuses: write
2022-06-20T18:36:00.2129537Z ##[endgroup]
2022-06-20T18:36:00.2133161Z Secret source: Actions
2022-06-20T18:36:00.2133572Z Prepare workflow directory
2022-06-20T18:36:00.2979714Z Prepare all required actions
2022-06-20T18:36:00.3164730Z Getting action download info
2022-06-20T18:36:00.5520959Z Download action repository 'actions/checkout@v2' (SHA:7884fcad6b5d53d10323aee724dc68d8b9096a2e)
2022-06-20T18:36:01.2110877Z Download action repository 'actions/setup-node@v2' (SHA:1f8c6b94b26d0feae1e387ca63ccbdc44d27b561)
2022-06-20T18:36:01.8989295Z Download action repository 'coverallsapp/github-action@master' (SHA:3284643be2c47fb6432518ecec17f1255e8a06a6)
2022-06-20T18:36:04.2585255Z ##[group]Run actions/checkout@v2
2022-06-20T18:36:04.2585530Z with:
2022-06-20T18:36:04.2585749Z   repository: senecajs/seneca
2022-06-20T18:36:04.2586173Z   token: ***
2022-06-20T18:36:04.2586374Z   ssh-strict: true
2022-06-20T18:36:04.2586593Z   persist-credentials: true
2022-06-20T18:36:04.2586801Z   clean: true
2022-06-20T18:36:04.2586991Z   fetch-depth: 1
2022-06-20T18:36:04.2587181Z   lfs: false
2022-06-20T18:36:04.2587356Z   submodules: false
2022-06-20T18:36:04.2587569Z   set-safe-directory: true
2022-06-20T18:36:04.2587780Z ##[endgroup]
2022-06-20T18:36:04.4733256Z Syncing repository: senecajs/seneca
2022-06-20T18:36:04.4734934Z ##[group]Getting Git version info
2022-06-20T18:36:04.4735410Z Working directory is '/home/runner/work/seneca/seneca'
2022-06-20T18:36:04.4735906Z [command]/usr/bin/git version
2022-06-20T18:36:04.4736138Z git version 2.36.1
2022-06-20T18:36:04.4751686Z ##[endgroup]
2022-06-20T18:36:04.4772075Z Temporarily overriding HOME='/home/runner/work/_temp/b1ded8f7-0506-41a6-805e-a6ebceb18dc1' before making global git config changes
2022-06-20T18:36:04.4772572Z Adding repository directory to the temporary git global config as a safe directory
2022-06-20T18:36:04.4773056Z [command]/usr/bin/git config --global --add safe.directory /home/runner/work/seneca/seneca
2022-06-20T18:36:04.4805594Z Deleting the contents of '/home/runner/work/seneca/seneca'
2022-06-20T18:36:04.4809552Z ##[group]Initializing the repository
2022-06-20T18:36:04.4813025Z [command]/usr/bin/git init /home/runner/work/seneca/seneca
2022-06-20T18:36:04.4870328Z hint: Using 'master' as the name for the initial branch. This default branch name
2022-06-20T18:36:04.4871187Z hint: is subject to change. To configure the initial branch name to use in all
2022-06-20T18:36:04.4871610Z hint: of your new repositories, which will suppress this warning, call:
2022-06-20T18:36:04.4872074Z hint: 
2022-06-20T18:36:04.4872539Z hint: 	git config --global init.defaultBranch <name>
2022-06-20T18:36:04.4872822Z hint: 
2022-06-20T18:36:04.4873154Z hint: Names commonly chosen instead of 'master' are 'main', 'trunk' and
2022-06-20T18:36:04.4873593Z hint: 'development'. The just-created branch can be renamed via this command:
2022-06-20T18:36:04.4873859Z hint: 
2022-06-20T18:36:04.4874089Z hint: 	git branch -m <name>
2022-06-20T18:36:04.4882070Z Initialized empty Git repository in /home/runner/work/seneca/seneca/.git/
2022-06-20T18:36:04.4924886Z [command]/usr/bin/git remote add origin https://github.com/senecajs/seneca
2022-06-20T18:36:04.4958579Z ##[endgroup]
2022-06-20T18:36:04.4959309Z ##[group]Disabling automatic garbage collection
2022-06-20T18:36:04.4962698Z [command]/usr/bin/git config --local gc.auto 0
2022-06-20T18:36:04.4990082Z ##[endgroup]
2022-06-20T18:36:04.4990770Z ##[group]Setting up auth
2022-06-20T18:36:04.4998176Z [command]/usr/bin/git config --local --name-only --get-regexp core\.sshCommand
2022-06-20T18:36:04.5027915Z [command]/usr/bin/git submodule foreach --recursive git config --local --name-only --get-regexp 'core\.sshCommand' && git config --local --unset-all 'core.sshCommand' || :
2022-06-20T18:36:04.5333305Z [command]/usr/bin/git config --local --name-only --get-regexp http\.https\:\/\/github\.com\/\.extraheader
2022-06-20T18:36:04.5362645Z [command]/usr/bin/git submodule foreach --recursive git config --local --name-only --get-regexp 'http\.https\:\/\/github\.com\/\.extraheader' && git config --local --unset-all 'http.https://github.com/.extraheader' || :
2022-06-20T18:36:04.5579112Z [command]/usr/bin/git config --local http.https://github.com/.extraheader AUTHORIZATION: basic ***
2022-06-20T18:36:04.5613995Z ##[endgroup]
2022-06-20T18:36:04.5614770Z ##[group]Fetching the repository
2022-06-20T18:36:04.5623151Z [command]/usr/bin/git -c protocol.version=2 fetch --no-tags --prune --progress --no-recurse-submodules --depth=1 origin +2027a2a1ac1d5e6383ad24aaf05e62c44b3ec200:refs/remotes/origin/master
2022-06-20T18:36:04.8982007Z remote: Enumerating objects: 264, done.        
2022-06-20T18:36:04.8991149Z remote: Counting objects:   0% (1/264)        
2022-06-20T18:36:04.8993830Z remote: Counting objects:   1% (3/264)        
2022-06-20T18:36:04.8997704Z remote: Counting objects:   2% (6/264)        
2022-06-20T18:36:04.9001400Z remote: Counting objects:   3% (8/264)        
2022-06-20T18:36:04.9001867Z remote: Counting objects:   4% (11/264)        
2022-06-20T18:36:04.9002255Z remote: Counting objects:   5% (14/264)        
2022-06-20T18:36:04.9002582Z remote: Counting objects:   6% (16/264)        
2022-06-20T18:36:04.9002930Z remote: Counting objects:   7% (19/264)        
2022-06-20T18:36:04.9003252Z remote: Counting objects:   8% (22/264)        
2022-06-20T18:36:04.9003558Z remote: Counting objects:   9% (24/264)        
2022-06-20T18:36:04.9003871Z remote: Counting objects:  10% (27/264)        
2022-06-20T18:36:04.9004182Z remote: Counting objects:  11% (30/264)        
2022-06-20T18:36:04.9004504Z remote: Counting objects:  12% (32/264)        
2022-06-20T18:36:04.9004815Z remote: Counting objects:  13% (35/264)        
2022-06-20T18:36:04.9005122Z remote: Counting objects:  14% (37/264)        
2022-06-20T18:36:04.9005460Z remote: Counting objects:  15% (40/264)        
2022-06-20T18:36:04.9005761Z remote: Counting objects:  16% (43/264)        
2022-06-20T18:36:04.9006076Z remote: Counting objects:  17% (45/264)        
2022-06-20T18:36:04.9006381Z remote: Counting objects:  18% (48/264)        
2022-06-20T18:36:04.9006692Z remote: Counting objects:  19% (51/264)        
2022-06-20T18:36:04.9007020Z remote: Counting objects:  20% (53/264)        
2022-06-20T18:36:04.9007327Z remote: Counting objects:  21% (56/264)        
2022-06-20T18:36:04.9007627Z remote: Counting objects:  22% (59/264)        
2022-06-20T18:36:04.9007943Z remote: Counting objects:  23% (61/264)        
2022-06-20T18:36:04.9008249Z remote: Counting objects:  24% (64/264)        
2022-06-20T18:36:04.9008722Z remote: Counting objects:  25% (66/264)        
2022-06-20T18:36:04.9009034Z remote: Counting objects:  26% (69/264)        
2022-06-20T18:36:04.9009360Z remote: Counting objects:  27% (72/264)        
2022-06-20T18:36:04.9009759Z remote: Counting objects:  28% (74/264)        
2022-06-20T18:36:04.9010060Z remote: Counting objects:  29% (77/264)        
2022-06-20T18:36:04.9010377Z remote: Counting objects:  30% (80/264)        
2022-06-20T18:36:04.9010685Z remote: Counting objects:  31% (82/264)        
2022-06-20T18:36:04.9010996Z remote: Counting objects:  32% (85/264)        
2022-06-20T18:36:04.9011292Z remote: Counting objects:  33% (88/264)        
2022-06-20T18:36:04.9011603Z remote: Counting objects:  34% (90/264)        
2022-06-20T18:36:04.9011912Z remote: Counting objects:  35% (93/264)        
2022-06-20T18:36:04.9012218Z remote: Counting objects:  36% (96/264)        
2022-06-20T18:36:04.9012521Z remote: Counting objects:  37% (98/264)        
2022-06-20T18:36:04.9017376Z remote: Counting objects:  38% (101/264)        
2022-06-20T18:36:04.9017791Z remote: Counting objects:  39% (103/264)        
2022-06-20T18:36:04.9018129Z remote: Counting objects:  40% (106/264)        
2022-06-20T18:36:04.9018471Z remote: Counting objects:  41% (109/264)        
2022-06-20T18:36:04.9018799Z remote: Counting objects:  42% (111/264)        
2022-06-20T18:36:04.9019122Z remote: Counting objects:  43% (114/264)        
2022-06-20T18:36:04.9019453Z remote: Counting objects:  44% (117/264)        
2022-06-20T18:36:04.9019826Z remote: Counting objects:  45% (119/264)        
2022-06-20T18:36:04.9020318Z remote: Counting objects:  46% (122/264)        
2022-06-20T18:36:04.9020733Z remote: Counting objects:  47% (125/264)        
2022-06-20T18:36:04.9021161Z remote: Counting objects:  48% (127/264)        
2022-06-20T18:36:04.9021565Z remote: Counting objects:  49% (130/264)        
2022-06-20T18:36:04.9021993Z remote: Counting objects:  50% (132/264)        
2022-06-20T18:36:04.9022387Z remote: Counting objects:  51% (135/264)        
2022-06-20T18:36:04.9027460Z remote: Counting objects:  52% (138/264)        
2022-06-20T18:36:04.9028053Z remote: Counting objects:  53% (140/264)        
2022-06-20T18:36:04.9028448Z remote: Counting objects:  54% (143/264)        
2022-06-20T18:36:04.9028899Z remote: Counting objects:  55% (146/264)        
2022-06-20T18:36:04.9029328Z remote: Counting objects:  56% (148/264)        
2022-06-20T18:36:04.9029722Z remote: Counting objects:  57% (151/264)        
2022-06-20T18:36:04.9030141Z remote: Counting objects:  58% (154/264)        
2022-06-20T18:36:04.9030557Z remote: Counting objects:  59% (156/264)        
2022-06-20T18:36:04.9030858Z remote: Counting objects:  60% (159/264)        
2022-06-20T18:36:04.9031267Z remote: Counting objects:  61% (162/264)        
2022-06-20T18:36:04.9031654Z remote: Counting objects:  62% (164/264)        
2022-06-20T18:36:04.9032041Z remote: Counting objects:  63% (167/264)        
2022-06-20T18:36:04.9032734Z remote: Counting objects:  64% (169/264)        
2022-06-20T18:36:04.9033115Z remote: Counting objects:  65% (172/264)        
2022-06-20T18:36:04.9033519Z remote: Counting objects:  66% (175/264)        
2022-06-20T18:36:04.9033910Z remote: Counting objects:  67% (177/264)        
2022-06-20T18:36:04.9034413Z remote: Counting objects:  68% (180/264)        
2022-06-20T18:36:04.9034822Z remote: Counting objects:  69% (183/264)        
2022-06-20T18:36:04.9035210Z remote: Counting objects:  70% (185/264)        
2022-06-20T18:36:04.9035625Z remote: Counting objects:  71% (188/264)        
2022-06-20T18:36:04.9036054Z remote: Counting objects:  72% (191/264)        
2022-06-20T18:36:04.9036458Z remote: Counting objects:  73% (193/264)        
2022-06-20T18:36:04.9036949Z remote: Counting objects:  74% (196/264)        
2022-06-20T18:36:04.9037302Z remote: Counting objects:  75% (198/264)        
2022-06-20T18:36:04.9037696Z remote: Counting objects:  76% (201/264)        
2022-06-20T18:36:04.9038158Z remote: Counting objects:  77% (204/264)        
2022-06-20T18:36:04.9038606Z remote: Counting objects:  78% (206/264)        
2022-06-20T18:36:04.9039030Z remote: Counting objects:  79% (209/264)        
2022-06-20T18:36:04.9039377Z remote: Counting objects:  80% (212/264)        
2022-06-20T18:36:04.9039794Z remote: Counting objects:  81% (214/264)        
2022-06-20T18:36:04.9040230Z remote: Counting objects:  82% (217/264)        
2022-06-20T18:36:04.9040640Z remote: Counting objects:  83% (220/264)        
2022-06-20T18:36:04.9041035Z remote: Counting objects:  84% (222/264)        
2022-06-20T18:36:04.9120013Z remote: Counting objects:  85% (225/264)        
2022-06-20T18:36:04.9120854Z remote: Counting objects:  86% (228/264)        
2022-06-20T18:36:04.9121731Z remote: Counting objects:  87% (230/264)        
2022-06-20T18:36:04.9122256Z remote: Counting objects:  88% (233/264)        
2022-06-20T18:36:04.9122995Z remote: Counting objects:  89% (235/264)        
2022-06-20T18:36:04.9123552Z remote: Counting objects:  90% (238/264)        
2022-06-20T18:36:04.9124249Z remote: Counting objects:  91% (241/264)        
2022-06-20T18:36:04.9124743Z remote: Counting objects:  92% (243/264)        
2022-06-20T18:36:04.9125440Z remote: Counting objects:  93% (246/264)        
2022-06-20T18:36:04.9125936Z remote: Counting objects:  94% (249/264)        
2022-06-20T18:36:04.9126668Z remote: Counting objects:  95% (251/264)        
2022-06-20T18:36:04.9127159Z remote: Counting objects:  96% (254/264)        
2022-06-20T18:36:04.9127849Z remote: Counting objects:  97% (257/264)        
2022-06-20T18:36:04.9128294Z remote: Counting objects:  98% (259/264)        
2022-06-20T18:36:04.9128999Z remote: Counting objects:  99% (262/264)        
2022-06-20T18:36:04.9129525Z remote: Counting objects: 100% (264/264)        
2022-06-20T18:36:04.9130241Z remote: Counting objects: 100% (264/264), done.        
2022-06-20T18:36:04.9130762Z remote: Compressing objects:   0% (1/237)        
2022-06-20T18:36:04.9131542Z remote: Compressing objects:   1% (3/237)        
2022-06-20T18:36:04.9132101Z remote: Compressing objects:   2% (5/237)        
2022-06-20T18:36:04.9132967Z remote: Compressing objects:   3% (8/237)        
2022-06-20T18:36:04.9133468Z remote: Compressing objects:   4% (10/237)        
2022-06-20T18:36:04.9134192Z remote: Compressing objects:   5% (12/237)        
2022-06-20T18:36:04.9134730Z remote: Compressing objects:   6% (15/237)        
2022-06-20T18:36:04.9135395Z remote: Compressing objects:   7% (17/237)        
2022-06-20T18:36:04.9135893Z remote: Compressing objects:   8% (19/237)        
2022-06-20T18:36:04.9137040Z remote: Compressing objects:   9% (22/237)        
2022-06-20T18:36:04.9138188Z remote: Compressing objects:  10% (24/237)        
2022-06-20T18:36:04.9138732Z remote: Compressing objects:  11% (27/237)        
2022-06-20T18:36:04.9139447Z remote: Compressing objects:  12% (29/237)        
2022-06-20T18:36:04.9139864Z remote: Compressing objects:  13% (31/237)        
2022-06-20T18:36:04.9140447Z remote: Compressing objects:  14% (34/237)        
2022-06-20T18:36:04.9141040Z remote: Compressing objects:  15% (36/237)        
2022-06-20T18:36:04.9141537Z remote: Compressing objects:  16% (38/237)        
2022-06-20T18:36:04.9141952Z remote: Compressing objects:  17% (41/237)        
2022-06-20T18:36:04.9142508Z remote: Compressing objects:  18% (43/237)        
2022-06-20T18:36:04.9143094Z remote: Compressing objects:  19% (46/237)        
2022-06-20T18:36:04.9143753Z remote: Compressing objects:  20% (48/237)        
2022-06-20T18:36:04.9144159Z remote: Compressing objects:  21% (50/237)        
2022-06-20T18:36:04.9144566Z remote: Compressing objects:  22% (53/237)        
2022-06-20T18:36:04.9145308Z remote: Compressing objects:  23% (55/237)        
2022-06-20T18:36:04.9145910Z remote: Compressing objects:  24% (57/237)        
2022-06-20T18:36:04.9146441Z remote: Compressing objects:  25% (60/237)        
2022-06-20T18:36:04.9155582Z remote: Compressing objects:  26% (62/237)        
2022-06-20T18:36:04.9156226Z remote: Compressing objects:  27% (64/237)        
2022-06-20T18:36:04.9157094Z remote: Compressing objects:  28% (67/237)        
2022-06-20T18:36:04.9157700Z remote: Compressing objects:  29% (69/237)        
2022-06-20T18:36:04.9158656Z remote: Compressing objects:  30% (72/237)        
2022-06-20T18:36:04.9160107Z remote: Compressing objects:  31% (74/237)        
2022-06-20T18:36:04.9172346Z remote: Compressing objects:  32% (76/237)        
2022-06-20T18:36:04.9259644Z remote: Compressing objects:  33% (79/237)        
2022-06-20T18:36:04.9260184Z remote: Compressing objects:  34% (81/237)        
2022-06-20T18:36:04.9261117Z remote: Compressing objects:  35% (83/237)        
2022-06-20T18:36:04.9261639Z remote: Compressing objects:  36% (86/237)        
2022-06-20T18:36:04.9262913Z remote: Compressing objects:  37% (88/237)        
2022-06-20T18:36:04.9263238Z remote: Compressing objects:  38% (91/237)        
2022-06-20T18:36:04.9264364Z remote: Compressing objects:  39% (93/237)        
2022-06-20T18:36:04.9265007Z remote: Compressing objects:  40% (95/237)        
2022-06-20T18:36:04.9265291Z remote: Compressing objects:  41% (98/237)        
2022-06-20T18:36:04.9265942Z remote: Compressing objects:  42% (100/237)        
2022-06-20T18:36:04.9266645Z remote: Compressing objects:  43% (102/237)        
2022-06-20T18:36:04.9266984Z remote: Compressing objects:  44% (105/237)        
2022-06-20T18:36:04.9267598Z remote: Compressing objects:  45% (107/237)        
2022-06-20T18:36:04.9268225Z remote: Compressing objects:  46% (110/237)        
2022-06-20T18:36:04.9268964Z remote: Compressing objects:  47% (112/237)        
2022-06-20T18:36:04.9269250Z remote: Compressing objects:  48% (114/237)        
2022-06-20T18:36:04.9269891Z remote: Compressing objects:  49% (117/237)        
2022-06-20T18:36:04.9270224Z remote: Compressing objects:  50% (119/237)        
2022-06-20T18:36:04.9270595Z remote: Compressing objects:  51% (121/237)        
2022-06-20T18:36:04.9270906Z remote: Compressing objects:  52% (124/237)        
2022-06-20T18:36:04.9271231Z remote: Compressing objects:  53% (126/237)        
2022-06-20T18:36:04.9271808Z remote: Compressing objects:  54% (128/237)        
2022-06-20T18:36:04.9272307Z remote: Compressing objects:  55% (131/237)        
2022-06-20T18:36:04.9272858Z remote: Compressing objects:  56% (133/237)        
2022-06-20T18:36:04.9273284Z remote: Compressing objects:  57% (136/237)        
2022-06-20T18:36:04.9273709Z remote: Compressing objects:  58% (138/237)        
2022-06-20T18:36:04.9274073Z remote: Compressing objects:  59% (140/237)        
2022-06-20T18:36:04.9276734Z remote: Compressing objects:  60% (143/237)        
2022-06-20T18:36:04.9277195Z remote: Compressing objects:  61% (145/237)        
2022-06-20T18:36:04.9277542Z remote: Compressing objects:  62% (147/237)        
2022-06-20T18:36:04.9277833Z remote: Compressing objects:  63% (150/237)        
2022-06-20T18:36:04.9278180Z remote: Compressing objects:  64% (152/237)        
2022-06-20T18:36:04.9278552Z remote: Compressing objects:  65% (155/237)        
2022-06-20T18:36:04.9278844Z remote: Compressing objects:  66% (157/237)        
2022-06-20T18:36:04.9279182Z remote: Compressing objects:  67% (159/237)        
2022-06-20T18:36:04.9279504Z remote: Compressing objects:  68% (162/237)        
2022-06-20T18:36:04.9282225Z remote: Compressing objects:  69% (164/237)        
2022-06-20T18:36:04.9282918Z remote: Compressing objects:  70% (166/237)        
2022-06-20T18:36:04.9283490Z remote: Compressing objects:  71% (169/237)        
2022-06-20T18:36:04.9284072Z remote: Compressing objects:  72% (171/237)        
2022-06-20T18:36:04.9285519Z remote: Compressing objects:  73% (174/237)        
2022-06-20T18:36:04.9287294Z remote: Compressing objects:  74% (176/237)        
2022-06-20T18:36:04.9287953Z remote: Compressing objects:  75% (178/237)        
2022-06-20T18:36:04.9288533Z remote: Compressing objects:  76% (181/237)        
2022-06-20T18:36:04.9288979Z remote: Compressing objects:  77% (183/237)        
2022-06-20T18:36:04.9299090Z remote: Compressing objects:  78% (185/237)        
2022-06-20T18:36:04.9300830Z remote: Compressing objects:  79% (188/237)        
2022-06-20T18:36:04.9306099Z remote: Compressing objects:  80% (190/237)        
2022-06-20T18:36:04.9399665Z remote: Compressing objects:  81% (192/237)        
2022-06-20T18:36:04.9400015Z remote: Compressing objects:  82% (195/237)        
2022-06-20T18:36:04.9400340Z remote: Compressing objects:  83% (197/237)        
2022-06-20T18:36:04.9400691Z remote: Compressing objects:  84% (200/237)        
2022-06-20T18:36:04.9404771Z remote: Compressing objects:  85% (202/237)        
2022-06-20T18:36:04.9405409Z remote: Compressing objects:  86% (204/237)        
2022-06-20T18:36:04.9407705Z remote: Compressing objects:  87% (207/237)        
2022-06-20T18:36:04.9408121Z remote: Compressing objects:  88% (209/237)        
2022-06-20T18:36:04.9436137Z remote: Compressing objects:  89% (211/237)        
2022-06-20T18:36:04.9436587Z remote: Compressing objects:  90% (214/237)        
2022-06-20T18:36:04.9437542Z remote: Compressing objects:  91% (216/237)        
2022-06-20T18:36:04.9438822Z remote: Compressing objects:  92% (219/237)        
2022-06-20T18:36:04.9439416Z remote: Compressing objects:  93% (221/237)        
2022-06-20T18:36:04.9439762Z remote: Compressing objects:  94% (223/237)        
2022-06-20T18:36:04.9440366Z remote: Compressing objects:  95% (226/237)        
2022-06-20T18:36:04.9440976Z remote: Compressing objects:  96% (228/237)        
2022-06-20T18:36:04.9441386Z remote: Compressing objects:  97% (230/237)        
2022-06-20T18:36:04.9441853Z remote: Compressing objects:  98% (233/237)        
2022-06-20T18:36:04.9442656Z remote: Compressing objects:  99% (235/237)        
2022-06-20T18:36:04.9443226Z remote: Compressing objects: 100% (237/237)        
2022-06-20T18:36:04.9444020Z remote: Compressing objects: 100% (237/237), done.        
2022-06-20T18:36:04.9476391Z Receiving objects:   0% (1/264)
2022-06-20T18:36:04.9478555Z Receiving objects:   1% (3/264)
2022-06-20T18:36:04.9479488Z Receiving objects:   2% (6/264)
2022-06-20T18:36:04.9480454Z Receiving objects:   3% (8/264)
2022-06-20T18:36:04.9481113Z Receiving objects:   4% (11/264)
2022-06-20T18:36:04.9481532Z Receiving objects:   5% (14/264)
2022-06-20T18:36:04.9482226Z Receiving objects:   6% (16/264)
2022-06-20T18:36:04.9558085Z Receiving objects:   7% (19/264)
2022-06-20T18:36:04.9558587Z Receiving objects:   8% (22/264)
2022-06-20T18:36:04.9558927Z Receiving objects:   9% (24/264)
2022-06-20T18:36:04.9559334Z Receiving objects:  10% (27/264)
2022-06-20T18:36:04.9564545Z Receiving objects:  11% (30/264)
2022-06-20T18:36:04.9566437Z Receiving objects:  12% (32/264)
2022-06-20T18:36:04.9569023Z Receiving objects:  13% (35/264)
2022-06-20T18:36:04.9571507Z Receiving objects:  14% (37/264)
2022-06-20T18:36:04.9572510Z Receiving objects:  15% (40/264)
2022-06-20T18:36:04.9584789Z Receiving objects:  16% (43/264)
2022-06-20T18:36:04.9587059Z Receiving objects:  17% (45/264)
2022-06-20T18:36:04.9588803Z Receiving objects:  18% (48/264)
2022-06-20T18:36:04.9589795Z Receiving objects:  19% (51/264)
2022-06-20T18:36:04.9590772Z Receiving objects:  20% (53/264)
2022-06-20T18:36:04.9591198Z Receiving objects:  21% (56/264)
2022-06-20T18:36:04.9591925Z Receiving objects:  22% (59/264)
2022-06-20T18:36:04.9592619Z Receiving objects:  23% (61/264)
2022-06-20T18:36:04.9593255Z Receiving objects:  24% (64/264)
2022-06-20T18:36:04.9593946Z Receiving objects:  25% (66/264)
2022-06-20T18:36:04.9594634Z Receiving objects:  26% (69/264)
2022-06-20T18:36:04.9595308Z Receiving objects:  27% (72/264)
2022-06-20T18:36:04.9596080Z Receiving objects:  28% (74/264)
2022-06-20T18:36:04.9596840Z Receiving objects:  29% (77/264)
2022-06-20T18:36:04.9597691Z Receiving objects:  30% (80/264)
2022-06-20T18:36:04.9598357Z Receiving objects:  31% (82/264)
2022-06-20T18:36:04.9599002Z Receiving objects:  32% (85/264)
2022-06-20T18:36:04.9701888Z Receiving objects:  33% (88/264)
2022-06-20T18:36:04.9702550Z Receiving objects:  34% (90/264)
2022-06-20T18:36:04.9722112Z Receiving objects:  35% (93/264)
2022-06-20T18:36:04.9722654Z Receiving objects:  36% (96/264)
2022-06-20T18:36:04.9841144Z Receiving objects:  37% (98/264)
2022-06-20T18:36:04.9848290Z Receiving objects:  38% (101/264)
2022-06-20T18:36:04.9862202Z Receiving objects:  39% (103/264)
2022-06-20T18:36:04.9865933Z Receiving objects:  40% (106/264)
2022-06-20T18:36:04.9868651Z Receiving objects:  41% (109/264)
2022-06-20T18:36:04.9968198Z Receiving objects:  42% (111/264)
2022-06-20T18:36:04.9969666Z Receiving objects:  43% (114/264)
2022-06-20T18:36:04.9971830Z Receiving objects:  44% (117/264)
2022-06-20T18:36:05.0001773Z Receiving objects:  45% (119/264)
2022-06-20T18:36:05.0002368Z Receiving objects:  46% (122/264)
2022-06-20T18:36:05.0004033Z Receiving objects:  47% (125/264)
2022-06-20T18:36:05.0004510Z Receiving objects:  48% (127/264)
2022-06-20T18:36:05.0008610Z Receiving objects:  49% (130/264)
2022-06-20T18:36:05.0011986Z Receiving objects:  50% (132/264)
2022-06-20T18:36:05.0102010Z Receiving objects:  51% (135/264)
2022-06-20T18:36:05.0103433Z Receiving objects:  52% (138/264)
2022-06-20T18:36:05.0106737Z Receiving objects:  53% (140/264)
2022-06-20T18:36:05.0107355Z Receiving objects:  54% (143/264)
2022-06-20T18:36:05.0108254Z Receiving objects:  55% (146/264)
2022-06-20T18:36:05.0108724Z Receiving objects:  56% (148/264)
2022-06-20T18:36:05.0109554Z Receiving objects:  57% (151/264)
2022-06-20T18:36:05.0110059Z Receiving objects:  58% (154/264)
2022-06-20T18:36:05.0113128Z Receiving objects:  59% (156/264)
2022-06-20T18:36:05.0156873Z Receiving objects:  60% (159/264)
2022-06-20T18:36:05.0157416Z Receiving objects:  61% (162/264)
2022-06-20T18:36:05.0158291Z Receiving objects:  62% (164/264)
2022-06-20T18:36:05.0158610Z Receiving objects:  63% (167/264)
2022-06-20T18:36:05.0159165Z Receiving objects:  64% (169/264)
2022-06-20T18:36:05.0159571Z Receiving objects:  65% (172/264)
2022-06-20T18:36:05.0160034Z Receiving objects:  66% (175/264)
2022-06-20T18:36:05.0160790Z Receiving objects:  67% (177/264)
2022-06-20T18:36:05.0161574Z Receiving objects:  68% (180/264)
2022-06-20T18:36:05.0162432Z Receiving objects:  69% (183/264)
2022-06-20T18:36:05.0162809Z Receiving objects:  70% (185/264)
2022-06-20T18:36:05.0163565Z Receiving objects:  71% (188/264)
2022-06-20T18:36:05.0164289Z Receiving objects:  72% (191/264)
2022-06-20T18:36:05.0165060Z Receiving objects:  73% (193/264)
2022-06-20T18:36:05.0165800Z Receiving objects:  74% (196/264)
2022-06-20T18:36:05.0166596Z Receiving objects:  75% (198/264)
2022-06-20T18:36:05.0167337Z Receiving objects:  76% (201/264)
2022-06-20T18:36:05.0168014Z Receiving objects:  77% (204/264)
2022-06-20T18:36:05.0168769Z Receiving objects:  78% (206/264)
2022-06-20T18:36:05.0169555Z Receiving objects:  79% (209/264)
2022-06-20T18:36:05.0170309Z Receiving objects:  80% (212/264)
2022-06-20T18:36:05.0171032Z Receiving objects:  81% (214/264)
2022-06-20T18:36:05.0171663Z Receiving objects:  82% (217/264)
2022-06-20T18:36:05.0172409Z Receiving objects:  83% (220/264)
2022-06-20T18:36:05.0173022Z Receiving objects:  84% (222/264)
2022-06-20T18:36:05.0173788Z Receiving objects:  85% (225/264)
2022-06-20T18:36:05.0174485Z Receiving objects:  86% (228/264)
2022-06-20T18:36:05.0175311Z Receiving objects:  87% (230/264)
2022-06-20T18:36:05.0175751Z Receiving objects:  88% (233/264)
2022-06-20T18:36:05.0176525Z Receiving objects:  89% (235/264)
2022-06-20T18:36:05.0177295Z Receiving objects:  90% (238/264)
2022-06-20T18:36:05.0177877Z Receiving objects:  91% (241/264)
2022-06-20T18:36:05.0178610Z Receiving objects:  92% (243/264)
2022-06-20T18:36:05.0271137Z Receiving objects:  93% (246/264)
2022-06-20T18:36:05.0272516Z remote: Total 264 (delta 18), reused 130 (delta 11), pack-reused 0        
2022-06-20T18:36:05.0274174Z Receiving objects:  94% (249/264)
2022-06-20T18:36:05.0275649Z Receiving objects:  95% (251/264)
2022-06-20T18:36:05.0277238Z Receiving objects:  96% (254/264)
2022-06-20T18:36:05.0278702Z Receiving objects:  97% (257/264)
2022-06-20T18:36:05.0308898Z Receiving objects:  98% (259/264)
2022-06-20T18:36:05.0309185Z Receiving objects:  99% (262/264)
2022-06-20T18:36:05.0309655Z Receiving objects: 100% (264/264)
2022-06-20T18:36:05.0310571Z Receiving objects: 100% (264/264), 271.52 KiB | 3.44 MiB/s, done.
2022-06-20T18:36:05.0311158Z Resolving deltas:   0% (0/18)
2022-06-20T18:36:05.0311511Z Resolving deltas:   5% (1/18)
2022-06-20T18:36:05.0312294Z Resolving deltas:  11% (2/18)
2022-06-20T18:36:05.0312956Z Resolving deltas:  16% (3/18)
2022-06-20T18:36:05.0313710Z Resolving deltas:  22% (4/18)
2022-06-20T18:36:05.0314455Z Resolving deltas:  27% (5/18)
2022-06-20T18:36:05.0316046Z Resolving deltas:  33% (6/18)
2022-06-20T18:36:05.0316882Z Resolving deltas:  38% (7/18)
2022-06-20T18:36:05.0317587Z Resolving deltas:  44% (8/18)
2022-06-20T18:36:05.0318329Z Resolving deltas:  50% (9/18)
2022-06-20T18:36:05.0319326Z Resolving deltas:  55% (10/18)
2022-06-20T18:36:05.0320028Z Resolving deltas:  61% (11/18)
2022-06-20T18:36:05.0320676Z Resolving deltas:  66% (12/18)
2022-06-20T18:36:05.0321433Z Resolving deltas:  72% (13/18)
2022-06-20T18:36:05.0322000Z Resolving deltas:  77% (14/18)
2022-06-20T18:36:05.0322663Z Resolving deltas:  83% (15/18)
2022-06-20T18:36:05.0323324Z Resolving deltas:  88% (16/18)
2022-06-20T18:36:05.0324080Z Resolving deltas:  94% (17/18)
2022-06-20T18:36:05.0324829Z Resolving deltas: 100% (18/18)
2022-06-20T18:36:05.0325394Z Resolving deltas: 100% (18/18), done.
2022-06-20T18:36:05.0413208Z From https://github.com/senecajs/seneca
2022-06-20T18:36:05.0473724Z  * [new ref]         2027a2a1ac1d5e6383ad24aaf05e62c44b3ec200 -> origin/master
2022-06-20T18:36:05.0525111Z ##[endgroup]
2022-06-20T18:36:05.0525523Z ##[group]Determining the checkout info
2022-06-20T18:36:05.0525878Z ##[endgroup]
2022-06-20T18:36:05.0526236Z ##[group]Checking out the ref
2022-06-20T18:36:05.0526689Z [command]/usr/bin/git checkout --progress --force -B master refs/remotes/origin/master
2022-06-20T18:36:05.0608195Z Reset branch 'master'
2022-06-20T18:36:05.0608573Z branch 'master' set up to track 'origin/master'.
2022-06-20T18:36:05.0609043Z ##[endgroup]
2022-06-20T18:36:05.0637740Z [command]/usr/bin/git log -1 --format='%H'
2022-06-20T18:36:05.0662475Z '2027a2a1ac1d5e6383ad24aaf05e62c44b3ec200'
2022-06-20T18:36:05.0972480Z ##[group]Run actions/setup-node@v2
2022-06-20T18:36:05.0972711Z with:
2022-06-20T18:36:05.0972895Z   node-version: 14.x
2022-06-20T18:36:05.0973100Z   always-auth: false
2022-06-20T18:36:05.0973293Z   check-latest: false
2022-06-20T18:36:05.0973648Z   token: ***
2022-06-20T18:36:05.0973837Z ##[endgroup]
2022-06-20T18:36:05.2571114Z Found in cache @ /opt/hostedtoolcache/node/14.19.3/x64
2022-06-20T18:36:05.2719543Z ##[group]Run npm install
2022-06-20T18:36:05.2719837Z [36;1mnpm install[0m
2022-06-20T18:36:05.2777201Z shell: /usr/bin/bash -e {0}
2022-06-20T18:36:05.2777434Z ##[endgroup]
2022-06-20T18:36:06.4579046Z npm WARN deprecated lolex@6.0.0: lolex has been renamed to @sinonjs/fake-timers. No API changes made. Please use the new package instead
2022-06-20T18:36:07.1056690Z npm WARN deprecated request@2.88.2: request has been deprecated, see https://github.com/request/request/issues/3142
2022-06-20T18:36:07.8479695Z npm WARN deprecated har-validator@5.1.5: this library is no longer supported
2022-06-20T18:36:08.0038125Z npm WARN deprecated uuid@3.4.0: Please upgrade  to version 7 or higher.  Older versions may use Math.random() in certain circumstances, which is known to be problematic.  See https://v8.dev/blog/math-random for details.
2022-06-20T18:36:13.8190554Z npm notice created a lockfile as package-lock.json. You should commit this file.
2022-06-20T18:36:13.8271853Z npm WARN @hapi/lab@25.0.1 requires a peer of @hapi/eslint-plugin@^5.1.0 but none is installed. You must install peer dependencies yourself.
2022-06-20T18:36:13.8343483Z npm WARN seneca-entity@17.0.1 requires a peer of seneca@>=3 but none is installed. You must install peer dependencies yourself.
2022-06-20T18:36:13.8410372Z npm WARN seneca-promisify@2.4.1 requires a peer of seneca@>=3 but none is installed. You must install peer dependencies yourself.
2022-06-20T18:36:13.8484066Z npm WARN seneca-mem-store@6.3.1 requires a peer of seneca@>=3 but none is installed. You must install peer dependencies yourself.
2022-06-20T18:36:13.8486889Z 
2022-06-20T18:36:13.8502737Z added 296 packages from 287 contributors and audited 298 packages in 8.021s
2022-06-20T18:36:13.9349449Z 
2022-06-20T18:36:13.9350310Z 29 packages are looking for funding
2022-06-20T18:36:13.9354371Z   run `npm fund` for details
2022-06-20T18:36:13.9354737Z 
2022-06-20T18:36:13.9356521Z found 0 vulnerabilities
2022-06-20T18:36:13.9356859Z 
2022-06-20T18:36:13.9625778Z ##[group]Run npm run build --if-present
2022-06-20T18:36:13.9626056Z [36;1mnpm run build --if-present[0m
2022-06-20T18:36:13.9681907Z shell: /usr/bin/bash -e {0}
2022-06-20T18:36:13.9682131Z ##[endgroup]
2022-06-20T18:36:14.2091170Z 
2022-06-20T18:36:14.2092119Z > seneca@4.0.0-t.1.p.1 build /home/runner/work/seneca/seneca
2022-06-20T18:36:14.2092670Z > tsc -d
2022-06-20T18:36:14.2092973Z 
2022-06-20T18:36:20.2560236Z ##[group]Run npm run coveralls
2022-06-20T18:36:20.2560493Z [36;1mnpm run coveralls[0m
2022-06-20T18:36:20.2612929Z shell: /usr/bin/bash -e {0}
2022-06-20T18:36:20.2613159Z ##[endgroup]
2022-06-20T18:36:20.4580315Z 
2022-06-20T18:36:20.4582300Z > seneca@4.0.0-t.1.p.1 coveralls /home/runner/work/seneca/seneca
2022-06-20T18:36:20.4583863Z > lab -s -P test -I AggregateError,atob,btoa,DOMException,AbortController,AbortSignal,EventTarget,Event,MessageChannel,MessagePort,MessageEvent,performance,structuredClone -r lcov > ./coverage/lcov.info
2022-06-20T18:36:20.4584853Z 
2022-06-20T18:36:22.0961795Z Error requiring file: /home/runner/work/seneca/seneca/test/act.test.js
2022-06-20T18:36:22.0965157Z Cannot find module '@hapi/wreck'
2022-06-20T18:36:22.0965516Z Require stack:
2022-06-20T18:36:22.0966005Z - /home/runner/work/seneca/seneca/lib/transport.js
2022-06-20T18:36:22.0966482Z - /home/runner/work/seneca/seneca/seneca.js
2022-06-20T18:36:22.0967040Z - /home/runner/work/seneca/seneca/test/act.test.js
2022-06-20T18:36:22.0967587Z - /home/runner/work/seneca/seneca/node_modules/mo-walk/lib/index.js
2022-06-20T18:36:22.0968162Z - /home/runner/work/seneca/seneca/node_modules/@hapi/lab/lib/cli.js
2022-06-20T18:36:22.0968915Z - /home/runner/work/seneca/seneca/node_modules/@hapi/lab/bin/lab
2022-06-20T18:36:22.0971281Z Error: Cannot find module '@hapi/wreck'
2022-06-20T18:36:22.0971751Z Require stack:
2022-06-20T18:36:22.0992610Z - /home/runner/work/seneca/seneca/lib/transport.js
2022-06-20T18:36:22.0993259Z - /home/runner/work/seneca/seneca/seneca.js
2022-06-20T18:36:22.0993766Z - /home/runner/work/seneca/seneca/test/act.test.js
2022-06-20T18:36:22.0994460Z - /home/runner/work/seneca/seneca/node_modules/mo-walk/lib/index.js
2022-06-20T18:36:22.0995043Z - /home/runner/work/seneca/seneca/node_modules/@hapi/lab/lib/cli.js
2022-06-20T18:36:22.0995595Z - /home/runner/work/seneca/seneca/node_modules/@hapi/lab/bin/lab
2022-06-20T18:36:22.0996117Z     at Function.Module._resolveFilename (internal/modules/cjs/loader.js:902:15)
2022-06-20T18:36:22.0996779Z     at Function.Module._load (internal/modules/cjs/loader.js:746:27)
2022-06-20T18:36:22.0997240Z     at Module.require (internal/modules/cjs/loader.js:974:19)
2022-06-20T18:36:22.0997655Z     at require (internal/modules/cjs/helpers.js:101:18)
2022-06-20T18:36:22.0998124Z     at Object.<anonymous> (/home/runner/work/seneca/seneca/lib/transport.js:14:94)
2022-06-20T18:36:22.0998567Z     at Module._compile (internal/modules/cjs/loader.js:1085:14)
2022-06-20T18:36:22.0999140Z     at Object.require.extensions.<computed> [as .js] (/home/runner/work/seneca/seneca/node_modules/@hapi/lab/lib/modules/coverage.js:117:40)
2022-06-20T18:36:22.0999655Z     at Module.load (internal/modules/cjs/loader.js:950:32)
2022-06-20T18:36:22.1000088Z     at Function.Module._load (internal/modules/cjs/loader.js:790:12)
2022-06-20T18:36:22.1000510Z     at Module.require (internal/modules/cjs/loader.js:974:19)
2022-06-20T18:36:22.1000921Z     at require (internal/modules/cjs/helpers.js:101:18)
2022-06-20T18:36:22.1001603Z     at Object.<anonymous> (/home/runner/work/seneca/seneca/seneca.js:40:95)
2022-06-20T18:36:22.1002030Z     at Module._compile (internal/modules/cjs/loader.js:1085:14)
2022-06-20T18:36:22.1002590Z     at Object.require.extensions.<computed> [as .js] (/home/runner/work/seneca/seneca/node_modules/@hapi/lab/lib/modules/coverage.js:117:40)
2022-06-20T18:36:22.1003098Z     at Module.load (internal/modules/cjs/loader.js:950:32)
2022-06-20T18:36:22.1003530Z     at Function.Module._load (internal/modules/cjs/loader.js:790:12)
2022-06-20T18:36:22.1003959Z     at Module.require (internal/modules/cjs/loader.js:974:19)
2022-06-20T18:36:22.1004354Z     at require (internal/modules/cjs/helpers.js:101:18)
2022-06-20T18:36:22.1004797Z     at Object.<anonymous> (/home/runner/work/seneca/seneca/test/act.test.js:18:16)
2022-06-20T18:36:22.1005245Z     at Module._compile (internal/modules/cjs/loader.js:1085:14)
2022-06-20T18:36:22.1005917Z     at Object.require.extensions.<computed> [as .js] (/home/runner/work/seneca/seneca/node_modules/@hapi/lab/lib/modules/coverage.js:123:28)
2022-06-20T18:36:22.1006437Z     at Module.load (internal/modules/cjs/loader.js:950:32)
2022-06-20T18:36:22.1006864Z     at Function.Module._load (internal/modules/cjs/loader.js:790:12)
2022-06-20T18:36:22.1007283Z     at Module.require (internal/modules/cjs/loader.js:974:19)
2022-06-20T18:36:22.1007672Z     at require (internal/modules/cjs/helpers.js:101:18)
2022-06-20T18:36:22.1008329Z     at Object.internals.tryToResolveCJS (/home/runner/work/seneca/seneca/node_modules/mo-walk/lib/index.js:144:17)
2022-06-20T18:36:22.1009042Z     at Object.exports.tryToResolve (/home/runner/work/seneca/seneca/node_modules/mo-walk/lib/index.js:106:22)
2022-06-20T18:36:22.1009621Z     at Object.internals.traverse (/home/runner/work/seneca/seneca/node_modules/@hapi/lab/lib/cli.js:152:39)
2022-06-20T18:36:22.1010185Z     at async Object.exports.run (/home/runner/work/seneca/seneca/node_modules/@hapi/lab/lib/cli.js:61:21)
2022-06-20T18:36:22.1010702Z     at async main (/home/runner/work/seneca/seneca/node_modules/@hapi/lab/bin/lab:56:22)
2022-06-20T18:36:22.1125337Z npm ERR! code ELIFECYCLE
2022-06-20T18:36:22.1128550Z npm ERR! errno 1
2022-06-20T18:36:22.1165910Z npm ERR! seneca@4.0.0-t.1.p.1 coveralls: `lab -s -P test -I AggregateError,atob,btoa,DOMException,AbortController,AbortSignal,EventTarget,Event,MessageChannel,MessagePort,MessageEvent,performance,structuredClone -r lcov > ./coverage/lcov.info`
2022-06-20T18:36:22.1168352Z npm ERR! Exit status 1
2022-06-20T18:36:22.1170098Z npm ERR! 
2022-06-20T18:36:22.1171782Z npm ERR! Failed at the seneca@4.0.0-t.1.p.1 coveralls script.
2022-06-20T18:36:22.1173496Z npm ERR! This is probably not a problem with npm. There is likely additional logging output above.
2022-06-20T18:36:22.1222379Z 
2022-06-20T18:36:22.1224127Z npm ERR! A complete log of this run can be found in:
2022-06-20T18:36:22.1225177Z npm ERR!     /home/runner/.npm/_logs/2022-06-20T18_36_22_117Z-debug.log
2022-06-20T18:36:22.1277475Z ##[error]Process completed with exit code 1.
2022-06-20T18:36:22.1330000Z Post job cleanup.
2022-06-20T18:36:22.2544056Z [command]/usr/bin/git version
2022-06-20T18:36:22.2587698Z git version 2.36.1
2022-06-20T18:36:22.2627948Z Temporarily overriding HOME='/home/runner/work/_temp/e5728857-cdae-46ba-a863-9269f524c4ad' before making global git config changes
2022-06-20T18:36:22.2628866Z Adding repository directory to the temporary git global config as a safe directory
2022-06-20T18:36:22.2634305Z [command]/usr/bin/git config --global --add safe.directory /home/runner/work/seneca/seneca
2022-06-20T18:36:22.2672285Z [command]/usr/bin/git config --local --name-only --get-regexp core\.sshCommand
2022-06-20T18:36:22.2704199Z [command]/usr/bin/git submodule foreach --recursive git config --local --name-only --get-regexp 'core\.sshCommand' && git config --local --unset-all 'core.sshCommand' || :
2022-06-20T18:36:22.2961984Z [command]/usr/bin/git config --local --name-only --get-regexp http\.https\:\/\/github\.com\/\.extraheader
2022-06-20T18:36:22.2985729Z http.https://github.com/.extraheader
2022-06-20T18:36:22.2995069Z [command]/usr/bin/git config --local --unset-all http.https://github.com/.extraheader
2022-06-20T18:36:22.3026518Z [command]/usr/bin/git submodule foreach --recursive git config --local --name-only --get-regexp 'http\.https\:\/\/github\.com\/\.extraheader' && git config --local --unset-all 'http.https://github.com/.extraheader' || :
2022-06-20T18:36:22.3527729Z Cleaning up orphan processes