2022-07-12T23:44:27.9734363Z Requested labels: ubuntu-20.04
2022-07-12T23:44:27.9734414Z Job defined at: apache/iceberg/.github/workflows/python-ci.yml@refs/tags/apache-iceberg-0.14.0-rc1
2022-07-12T23:44:27.9734436Z Waiting for a runner to pick up this job...
2022-07-12T23:44:31.1332525Z Job is waiting for a hosted runner to come online.
2022-07-12T23:45:32.0703091Z Job is about to start running on the hosted runner: GitHub Actions 162 (hosted)
2022-07-12T23:45:35.3590321Z Current runner version: '2.294.0'
2022-07-12T23:45:35.3620601Z ##[group]Operating System
2022-07-12T23:45:35.3621170Z Ubuntu
2022-07-12T23:45:35.3621648Z 20.04.4
2022-07-12T23:45:35.3624459Z LTS
2022-07-12T23:45:35.3625207Z ##[endgroup]
2022-07-12T23:45:35.3625719Z ##[group]Virtual Environment
2022-07-12T23:45:35.3626328Z Environment: ubuntu-20.04
2022-07-12T23:45:35.3626641Z Version: 20220710.1
2022-07-12T23:45:35.3627217Z Included Software: https://github.com/actions/virtual-environments/blob/ubuntu20/20220710.1/images/linux/Ubuntu2004-Readme.md
2022-07-12T23:45:35.3628723Z Image Release: https://github.com/actions/virtual-environments/releases/tag/ubuntu20%2F20220710.1
2022-07-12T23:45:35.3629123Z ##[endgroup]
2022-07-12T23:45:35.3629465Z ##[group]Virtual Environment Provisioner
2022-07-12T23:45:35.3629824Z 1.0.0.0-main-20220701-2
2022-07-12T23:45:35.3630095Z ##[endgroup]
2022-07-12T23:45:35.3631225Z ##[group]GITHUB_TOKEN Permissions
2022-07-12T23:45:35.3631850Z Actions: write
2022-07-12T23:45:35.3632331Z Checks: write
2022-07-12T23:45:35.3633347Z Contents: write
2022-07-12T23:45:35.3633646Z Deployments: write
2022-07-12T23:45:35.3633937Z Discussions: write
2022-07-12T23:45:35.3634188Z Issues: write
2022-07-12T23:45:35.3634462Z Metadata: read
2022-07-12T23:45:35.3634783Z Packages: write
2022-07-12T23:45:35.3635385Z Pages: write
2022-07-12T23:45:35.3635696Z PullRequests: write
2022-07-12T23:45:35.3636031Z RepositoryProjects: write
2022-07-12T23:45:35.3636320Z SecurityEvents: write
2022-07-12T23:45:35.3636669Z Statuses: write
2022-07-12T23:45:35.3637153Z ##[endgroup]
2022-07-12T23:45:35.3641107Z Secret source: Actions
2022-07-12T23:45:35.3641994Z Prepare workflow directory
2022-07-12T23:45:35.4592443Z Prepare all required actions
2022-07-12T23:45:35.4797687Z Getting action download info
2022-07-12T23:45:35.7014107Z Download action repository 'actions/checkout@v3' (SHA:2541b1294d2704b0964813337f33b291d3f8596b)
2022-07-12T23:45:36.3863476Z Download action repository 'actions/setup-python@v3' (SHA:98f2ad02fd48d057ee3b4d4f66525b231c3e52b6)
2022-07-12T23:45:37.2674276Z ##[group]Run actions/checkout@v3
2022-07-12T23:45:37.2674901Z with:
2022-07-12T23:45:37.2675143Z   repository: apache/iceberg
2022-07-12T23:45:37.2675640Z   token: ***
2022-07-12T23:45:37.2675931Z   ssh-strict: true
2022-07-12T23:45:37.2676425Z   persist-credentials: true
2022-07-12T23:45:37.2676750Z   clean: true
2022-07-12T23:45:37.2677036Z   fetch-depth: 1
2022-07-12T23:45:37.2677639Z   lfs: false
2022-07-12T23:45:37.2677909Z   submodules: false
2022-07-12T23:45:37.2678255Z   set-safe-directory: true
2022-07-12T23:45:37.2678513Z ##[endgroup]
2022-07-12T23:45:37.6116148Z Syncing repository: apache/iceberg
2022-07-12T23:45:37.6118030Z ##[group]Getting Git version info
2022-07-12T23:45:37.6118640Z Working directory is '/home/runner/work/iceberg/iceberg'
2022-07-12T23:45:37.6119295Z [command]/usr/bin/git version
2022-07-12T23:45:37.6308362Z git version 2.37.0
2022-07-12T23:45:37.6348793Z ##[endgroup]
2022-07-12T23:45:37.6371161Z Temporarily overriding HOME='/home/runner/work/_temp/b514fcd1-9977-4858-b18a-3490dd152a25' before making global git config changes
2022-07-12T23:45:37.6371798Z Adding repository directory to the temporary git global config as a safe directory
2022-07-12T23:45:37.6374542Z [command]/usr/bin/git config --global --add safe.directory /home/runner/work/iceberg/iceberg
2022-07-12T23:45:37.6438258Z Deleting the contents of '/home/runner/work/iceberg/iceberg'
2022-07-12T23:45:37.6446666Z ##[group]Initializing the repository
2022-07-12T23:45:37.6448771Z [command]/usr/bin/git init /home/runner/work/iceberg/iceberg
2022-07-12T23:45:37.6560367Z hint: Using 'master' as the name for the initial branch. This default branch name
2022-07-12T23:45:37.6561250Z hint: is subject to change. To configure the initial branch name to use in all
2022-07-12T23:45:37.6562013Z hint: of your new repositories, which will suppress this warning, call:
2022-07-12T23:45:37.6563970Z hint: 
2022-07-12T23:45:37.6573474Z hint: 	git config --global init.defaultBranch <name>
2022-07-12T23:45:37.6574596Z hint: 
2022-07-12T23:45:37.6575526Z hint: Names commonly chosen instead of 'master' are 'main', 'trunk' and
2022-07-12T23:45:37.6576206Z hint: 'development'. The just-created branch can be renamed via this command:
2022-07-12T23:45:37.6576539Z hint: 
2022-07-12T23:45:37.6576892Z hint: 	git branch -m <name>
2022-07-12T23:45:37.6577552Z Initialized empty Git repository in /home/runner/work/iceberg/iceberg/.git/
2022-07-12T23:45:37.6591867Z [command]/usr/bin/git remote add origin https://github.com/apache/iceberg
2022-07-12T23:45:37.6645756Z ##[endgroup]
2022-07-12T23:45:37.6646860Z ##[group]Disabling automatic garbage collection
2022-07-12T23:45:37.6649943Z [command]/usr/bin/git config --local gc.auto 0
2022-07-12T23:45:37.6687552Z ##[endgroup]
2022-07-12T23:45:37.6690801Z ##[group]Setting up auth
2022-07-12T23:45:37.6696525Z [command]/usr/bin/git config --local --name-only --get-regexp core\.sshCommand
2022-07-12T23:45:37.6747527Z [command]/usr/bin/git submodule foreach --recursive git config --local --name-only --get-regexp 'core\.sshCommand' && git config --local --unset-all 'core.sshCommand' || :
2022-07-12T23:45:37.7171360Z [command]/usr/bin/git config --local --name-only --get-regexp http\.https\:\/\/github\.com\/\.extraheader
2022-07-12T23:45:37.7196707Z [command]/usr/bin/git submodule foreach --recursive git config --local --name-only --get-regexp 'http\.https\:\/\/github\.com\/\.extraheader' && git config --local --unset-all 'http.https://github.com/.extraheader' || :
2022-07-12T23:45:37.7452794Z [command]/usr/bin/git config --local http.https://github.com/.extraheader AUTHORIZATION: basic ***
2022-07-12T23:45:37.7503714Z ##[endgroup]
2022-07-12T23:45:37.7505091Z ##[group]Fetching the repository
2022-07-12T23:45:37.7513358Z [command]/usr/bin/git -c protocol.version=2 fetch --no-tags --prune --progress --no-recurse-submodules --depth=1 origin +6d2edd6284ebc5301dbe45376a31ca8316852a77:refs/tags/apache-iceberg-0.14.0-rc1
2022-07-12T23:45:38.0866411Z remote: Enumerating objects: 3435, done.        
2022-07-12T23:45:38.0872854Z remote: Counting objects:   0% (1/3435)        
2022-07-12T23:45:38.0873355Z remote: Counting objects:   1% (35/3435)        
2022-07-12T23:45:38.0873689Z remote: Counting objects:   2% (69/3435)        
2022-07-12T23:45:38.0874130Z remote: Counting objects:   3% (104/3435)        
2022-07-12T23:45:38.0874489Z remote: Counting objects:   4% (138/3435)        
2022-07-12T23:45:38.0874781Z remote: Counting objects:   5% (172/3435)        
2022-07-12T23:45:38.0875162Z remote: Counting objects:   6% (207/3435)        
2022-07-12T23:45:38.0875674Z remote: Counting objects:   7% (241/3435)        
2022-07-12T23:45:38.0876242Z remote: Counting objects:   8% (275/3435)        
2022-07-12T23:45:38.0904571Z remote: Counting objects:   9% (310/3435)        
2022-07-12T23:45:38.0905355Z remote: Counting objects:  10% (344/3435)        
2022-07-12T23:45:38.0906320Z remote: Counting objects:  11% (378/3435)        
2022-07-12T23:45:38.0907009Z remote: Counting objects:  12% (413/3435)        
2022-07-12T23:45:38.0907345Z remote: Counting objects:  13% (447/3435)        
2022-07-12T23:45:38.0907699Z remote: Counting objects:  14% (481/3435)        
2022-07-12T23:45:38.0908047Z remote: Counting objects:  15% (516/3435)        
2022-07-12T23:45:38.0908344Z remote: Counting objects:  16% (550/3435)        
2022-07-12T23:45:38.0908767Z remote: Counting objects:  17% (584/3435)        
2022-07-12T23:45:38.0909116Z remote: Counting objects:  18% (619/3435)        
2022-07-12T23:45:38.0909460Z remote: Counting objects:  19% (653/3435)        
2022-07-12T23:45:38.0909758Z remote: Counting objects:  20% (687/3435)        
2022-07-12T23:45:38.0910114Z remote: Counting objects:  21% (722/3435)        
2022-07-12T23:45:38.0910500Z remote: Counting objects:  22% (756/3435)        
2022-07-12T23:45:38.0910793Z remote: Counting objects:  23% (791/3435)        
2022-07-12T23:45:38.0911133Z remote: Counting objects:  24% (825/3435)        
2022-07-12T23:45:38.0911486Z remote: Counting objects:  25% (859/3435)        
2022-07-12T23:45:38.0912382Z remote: Counting objects:  26% (894/3435)        
2022-07-12T23:45:38.0913152Z remote: Counting objects:  27% (928/3435)        
2022-07-12T23:45:38.0917276Z remote: Counting objects:  28% (962/3435)        
2022-07-12T23:45:38.0917876Z remote: Counting objects:  29% (997/3435)        
2022-07-12T23:45:38.0918386Z remote: Counting objects:  30% (1031/3435)        
2022-07-12T23:45:38.0918798Z remote: Counting objects:  31% (1065/3435)        
2022-07-12T23:45:38.0919157Z remote: Counting objects:  32% (1100/3435)        
2022-07-12T23:45:38.0919529Z remote: Counting objects:  33% (1134/3435)        
2022-07-12T23:45:38.0919830Z remote: Counting objects:  34% (1168/3435)        
2022-07-12T23:45:38.0920222Z remote: Counting objects:  35% (1203/3435)        
2022-07-12T23:45:38.0920731Z remote: Counting objects:  36% (1237/3435)        
2022-07-12T23:45:38.0921018Z remote: Counting objects:  37% (1271/3435)        
2022-07-12T23:45:38.0921383Z remote: Counting objects:  38% (1306/3435)        
2022-07-12T23:45:38.0921764Z remote: Counting objects:  39% (1340/3435)        
2022-07-12T23:45:38.0922109Z remote: Counting objects:  40% (1374/3435)        
2022-07-12T23:45:38.0922397Z remote: Counting objects:  41% (1409/3435)        
2022-07-12T23:45:38.0922749Z remote: Counting objects:  42% (1443/3435)        
2022-07-12T23:45:38.0923106Z remote: Counting objects:  43% (1478/3435)        
2022-07-12T23:45:38.0923426Z remote: Counting objects:  44% (1512/3435)        
2022-07-12T23:45:38.0923762Z remote: Counting objects:  45% (1546/3435)        
2022-07-12T23:45:38.0924105Z remote: Counting objects:  46% (1581/3435)        
2022-07-12T23:45:38.0924391Z remote: Counting objects:  47% (1615/3435)        
2022-07-12T23:45:38.0924724Z remote: Counting objects:  48% (1649/3435)        
2022-07-12T23:45:38.0925098Z remote: Counting objects:  49% (1684/3435)        
2022-07-12T23:45:38.0925384Z remote: Counting objects:  50% (1718/3435)        
2022-07-12T23:45:38.0925898Z remote: Counting objects:  51% (1752/3435)        
2022-07-12T23:45:38.0926455Z remote: Counting objects:  52% (1787/3435)        
2022-07-12T23:45:38.0926843Z remote: Counting objects:  53% (1821/3435)        
2022-07-12T23:45:38.0927143Z remote: Counting objects:  54% (1855/3435)        
2022-07-12T23:45:38.0927499Z remote: Counting objects:  55% (1890/3435)        
2022-07-12T23:45:38.0927842Z remote: Counting objects:  56% (1924/3435)        
2022-07-12T23:45:38.1189715Z remote: Counting objects:  57% (1958/3435)        
2022-07-12T23:45:38.1190239Z remote: Counting objects:  58% (1993/3435)        
2022-07-12T23:45:38.1190546Z remote: Counting objects:  59% (2027/3435)        
2022-07-12T23:45:38.1190832Z remote: Counting objects:  60% (2061/3435)        
2022-07-12T23:45:38.1191109Z remote: Counting objects:  61% (2096/3435)        
2022-07-12T23:45:38.1191398Z remote: Counting objects:  62% (2130/3435)        
2022-07-12T23:45:38.1191691Z remote: Counting objects:  63% (2165/3435)        
2022-07-12T23:45:38.1192302Z remote: Counting objects:  64% (2199/3435)        
2022-07-12T23:45:38.1192750Z remote: Counting objects:  65% (2233/3435)        
2022-07-12T23:45:38.1193051Z remote: Counting objects:  66% (2268/3435)        
2022-07-12T23:45:38.1193343Z remote: Counting objects:  67% (2302/3435)        
2022-07-12T23:45:38.1193632Z remote: Counting objects:  68% (2336/3435)        
2022-07-12T23:45:38.1193908Z remote: Counting objects:  69% (2371/3435)        
2022-07-12T23:45:38.1194189Z remote: Counting objects:  70% (2405/3435)        
2022-07-12T23:45:38.1194470Z remote: Counting objects:  71% (2439/3435)        
2022-07-12T23:45:38.1194741Z remote: Counting objects:  72% (2474/3435)        
2022-07-12T23:45:38.1195029Z remote: Counting objects:  73% (2508/3435)        
2022-07-12T23:45:38.1195471Z remote: Counting objects:  74% (2542/3435)        
2022-07-12T23:45:38.1195889Z remote: Counting objects:  75% (2577/3435)        
2022-07-12T23:45:38.1196168Z remote: Counting objects:  76% (2611/3435)        
2022-07-12T23:45:38.1196941Z remote: Counting objects:  77% (2645/3435)        
2022-07-12T23:45:38.1197203Z remote: Counting objects:  78% (2680/3435)        
2022-07-12T23:45:38.1197454Z remote: Counting objects:  79% (2714/3435)        
2022-07-12T23:45:38.1197720Z remote: Counting objects:  80% (2748/3435)        
2022-07-12T23:45:38.1197970Z remote: Counting objects:  81% (2783/3435)        
2022-07-12T23:45:38.1198401Z remote: Counting objects:  82% (2817/3435)        
2022-07-12T23:45:38.1198672Z remote: Counting objects:  83% (2852/3435)        
2022-07-12T23:45:38.1199098Z remote: Counting objects:  84% (2886/3435)        
2022-07-12T23:45:38.1199346Z remote: Counting objects:  85% (2920/3435)        
2022-07-12T23:45:38.1199598Z remote: Counting objects:  86% (2955/3435)        
2022-07-12T23:45:38.1199854Z remote: Counting objects:  87% (2989/3435)        
2022-07-12T23:45:38.1200268Z remote: Counting objects:  88% (3023/3435)        
2022-07-12T23:45:38.1200816Z remote: Counting objects:  89% (3058/3435)        
2022-07-12T23:45:38.1201279Z remote: Counting objects:  90% (3092/3435)        
2022-07-12T23:45:38.1201738Z remote: Counting objects:  91% (3126/3435)        
2022-07-12T23:45:38.1202009Z remote: Counting objects:  92% (3161/3435)        
2022-07-12T23:45:38.1202289Z remote: Counting objects:  93% (3195/3435)        
2022-07-12T23:45:38.1202564Z remote: Counting objects:  94% (3229/3435)        
2022-07-12T23:45:38.1202839Z remote: Counting objects:  95% (3264/3435)        
2022-07-12T23:45:38.1207312Z remote: Counting objects:  96% (3298/3435)        
2022-07-12T23:45:38.1207632Z remote: Counting objects:  97% (3332/3435)        
2022-07-12T23:45:38.1207929Z remote: Counting objects:  98% (3367/3435)        
2022-07-12T23:45:38.1208208Z remote: Counting objects:  99% (3401/3435)        
2022-07-12T23:45:38.1208499Z remote: Counting objects: 100% (3435/3435)        
2022-07-12T23:45:38.1208816Z remote: Counting objects: 100% (3435/3435), done.        
2022-07-12T23:45:38.1243638Z remote: Compressing objects:   0% (1/2497)        
2022-07-12T23:45:38.1244376Z remote: Compressing objects:   1% (25/2497)        
2022-07-12T23:45:38.1245066Z remote: Compressing objects:   2% (50/2497)        
2022-07-12T23:45:38.1245817Z remote: Compressing objects:   3% (75/2497)        
2022-07-12T23:45:38.1258642Z remote: Compressing objects:   4% (100/2497)        
2022-07-12T23:45:38.1306565Z remote: Compressing objects:   5% (125/2497)        
2022-07-12T23:45:38.1393255Z remote: Compressing objects:   6% (150/2497)        
2022-07-12T23:45:38.1461381Z remote: Compressing objects:   7% (175/2497)        
2022-07-12T23:45:38.1477634Z remote: Compressing objects:   8% (200/2497)        
2022-07-12T23:45:38.1533215Z remote: Compressing objects:   9% (225/2497)        
2022-07-12T23:45:38.1585697Z remote: Compressing objects:  10% (250/2497)        
2022-07-12T23:45:38.1658273Z remote: Compressing objects:  11% (275/2497)        
2022-07-12T23:45:38.1716661Z remote: Compressing objects:  12% (300/2497)        
2022-07-12T23:45:38.1840197Z remote: Compressing objects:  13% (325/2497)        
2022-07-12T23:45:38.1908626Z remote: Compressing objects:  14% (350/2497)        
2022-07-12T23:45:38.2030608Z remote: Compressing objects:  15% (375/2497)        
2022-07-12T23:45:38.2117559Z remote: Compressing objects:  16% (400/2497)        
2022-07-12T23:45:38.2169844Z remote: Compressing objects:  17% (425/2497)        
2022-07-12T23:45:38.2327493Z remote: Compressing objects:  18% (450/2497)        
2022-07-12T23:45:38.2428626Z remote: Compressing objects:  19% (475/2497)        
2022-07-12T23:45:38.2511472Z remote: Compressing objects:  20% (500/2497)        
2022-07-12T23:45:38.2670181Z remote: Compressing objects:  21% (525/2497)        
2022-07-12T23:45:38.2766524Z remote: Compressing objects:  22% (550/2497)        
2022-07-12T23:45:38.2858692Z remote: Compressing objects:  23% (575/2497)        
2022-07-12T23:45:38.2913475Z remote: Compressing objects:  24% (600/2497)        
2022-07-12T23:45:38.2996966Z remote: Compressing objects:  25% (625/2497)        
2022-07-12T23:45:38.3069310Z remote: Compressing objects:  26% (650/2497)        
2022-07-12T23:45:38.3123594Z remote: Compressing objects:  27% (675/2497)        
2022-07-12T23:45:38.3215071Z remote: Compressing objects:  28% (700/2497)        
2022-07-12T23:45:38.3297584Z remote: Compressing objects:  29% (725/2497)        
2022-07-12T23:45:38.3531851Z remote: Compressing objects:  30% (750/2497)        
2022-07-12T23:45:38.3532178Z remote: Compressing objects:  31% (775/2497)        
2022-07-12T23:45:38.3552699Z remote: Compressing objects:  32% (800/2497)        
2022-07-12T23:45:38.3725619Z remote: Compressing objects:  33% (825/2497)        
2022-07-12T23:45:38.3821700Z remote: Compressing objects:  34% (849/2497)        
2022-07-12T23:45:38.3916759Z remote: Compressing objects:  35% (874/2497)        
2022-07-12T23:45:38.3999011Z remote: Compressing objects:  36% (899/2497)        
2022-07-12T23:45:38.4063121Z remote: Compressing objects:  37% (924/2497)        
2022-07-12T23:45:38.4184615Z remote: Compressing objects:  38% (949/2497)        
2022-07-12T23:45:38.4288759Z remote: Compressing objects:  39% (974/2497)        
2022-07-12T23:45:38.4309859Z remote: Compressing objects:  40% (999/2497)        
2022-07-12T23:45:38.4388006Z remote: Compressing objects:  41% (1024/2497)        
2022-07-12T23:45:38.4445475Z remote: Compressing objects:  42% (1049/2497)        
2022-07-12T23:45:38.4543590Z remote: Compressing objects:  43% (1074/2497)        
2022-07-12T23:45:38.4599860Z remote: Compressing objects:  44% (1099/2497)        
2022-07-12T23:45:38.4665939Z remote: Compressing objects:  45% (1124/2497)        
2022-07-12T23:45:38.4725471Z remote: Compressing objects:  46% (1149/2497)        
2022-07-12T23:45:38.4827753Z remote: Compressing objects:  47% (1174/2497)        
2022-07-12T23:45:38.4946556Z remote: Compressing objects:  48% (1199/2497)        
2022-07-12T23:45:38.5171565Z remote: Compressing objects:  49% (1224/2497)        
2022-07-12T23:45:38.5238850Z remote: Compressing objects:  50% (1249/2497)        
2022-07-12T23:45:38.5292331Z remote: Compressing objects:  51% (1274/2497)        
2022-07-12T23:45:38.5344153Z remote: Compressing objects:  52% (1299/2497)        
2022-07-12T23:45:38.5389832Z remote: Compressing objects:  53% (1324/2497)        
2022-07-12T23:45:38.5458464Z remote: Compressing objects:  54% (1349/2497)        
2022-07-12T23:45:38.5604315Z remote: Compressing objects:  55% (1374/2497)        
2022-07-12T23:45:38.5726544Z remote: Compressing objects:  56% (1399/2497)        
2022-07-12T23:45:38.5815300Z remote: Compressing objects:  57% (1424/2497)        
2022-07-12T23:45:38.5916749Z remote: Compressing objects:  58% (1449/2497)        
2022-07-12T23:45:38.6009205Z remote: Compressing objects:  59% (1474/2497)        
2022-07-12T23:45:38.6146898Z remote: Compressing objects:  60% (1499/2497)        
2022-07-12T23:45:38.6340013Z remote: Compressing objects:  61% (1524/2497)        
2022-07-12T23:45:38.6460387Z remote: Compressing objects:  62% (1549/2497)        
2022-07-12T23:45:38.6583851Z remote: Compressing objects:  63% (1574/2497)        
2022-07-12T23:45:38.6679972Z remote: Compressing objects:  64% (1599/2497)        
2022-07-12T23:45:38.6748857Z remote: Compressing objects:  65% (1624/2497)        
2022-07-12T23:45:38.6871393Z remote: Compressing objects:  66% (1649/2497)        
2022-07-12T23:45:38.6939189Z remote: Compressing objects:  67% (1673/2497)        
2022-07-12T23:45:38.7004261Z remote: Compressing objects:  68% (1698/2497)        
2022-07-12T23:45:38.7062575Z remote: Compressing objects:  69% (1723/2497)        
2022-07-12T23:45:38.7172963Z remote: Compressing objects:  70% (1748/2497)        
2022-07-12T23:45:38.7275004Z remote: Compressing objects:  71% (1773/2497)        
2022-07-12T23:45:38.7317294Z remote: Compressing objects:  72% (1798/2497)        
2022-07-12T23:45:38.7388489Z remote: Compressing objects:  73% (1823/2497)        
2022-07-12T23:45:38.7482500Z remote: Compressing objects:  74% (1848/2497)        
2022-07-12T23:45:38.7585016Z remote: Compressing objects:  75% (1873/2497)        
2022-07-12T23:45:38.7687895Z remote: Compressing objects:  76% (1898/2497)        
2022-07-12T23:45:38.7842717Z remote: Compressing objects:  77% (1923/2497)        
2022-07-12T23:45:38.7896109Z remote: Compressing objects:  78% (1948/2497)        
2022-07-12T23:45:38.7952092Z remote: Compressing objects:  79% (1973/2497)        
2022-07-12T23:45:38.8006702Z remote: Compressing objects:  80% (1998/2497)        
2022-07-12T23:45:38.8051570Z remote: Compressing objects:  81% (2023/2497)        
2022-07-12T23:45:38.8092265Z remote: Compressing objects:  82% (2048/2497)        
2022-07-12T23:45:38.8092772Z remote: Compressing objects:  83% (2073/2497)        
2022-07-12T23:45:38.8093227Z remote: Compressing objects:  84% (2098/2497)        
2022-07-12T23:45:38.8093759Z remote: Compressing objects:  85% (2123/2497)        
2022-07-12T23:45:38.8097932Z remote: Compressing objects:  86% (2148/2497)        
2022-07-12T23:45:38.8098280Z remote: Compressing objects:  87% (2173/2497)        
2022-07-12T23:45:38.8103196Z remote: Compressing objects:  88% (2198/2497)        
2022-07-12T23:45:38.8103589Z remote: Compressing objects:  89% (2223/2497)        
2022-07-12T23:45:38.8103943Z remote: Compressing objects:  90% (2248/2497)        
2022-07-12T23:45:38.8107500Z remote: Compressing objects:  91% (2273/2497)        
2022-07-12T23:45:38.8112649Z remote: Compressing objects:  92% (2298/2497)        
2022-07-12T23:45:38.8118162Z remote: Compressing objects:  93% (2323/2497)        
2022-07-12T23:45:38.8121806Z remote: Compressing objects:  94% (2348/2497)        
2022-07-12T23:45:38.8122412Z remote: Compressing objects:  95% (2373/2497)        
2022-07-12T23:45:38.8122734Z remote: Compressing objects:  96% (2398/2497)        
2022-07-12T23:45:38.8131392Z remote: Compressing objects:  97% (2423/2497)        
2022-07-12T23:45:38.8135918Z remote: Compressing objects:  98% (2448/2497)        
2022-07-12T23:45:38.8139364Z remote: Compressing objects:  99% (2473/2497)        
2022-07-12T23:45:38.8139929Z remote: Compressing objects: 100% (2497/2497)        
2022-07-12T23:45:38.8140241Z remote: Compressing objects: 100% (2497/2497), done.        
2022-07-12T23:45:38.8364992Z Receiving objects:   0% (1/3435)
2022-07-12T23:45:38.8454640Z Receiving objects:   1% (35/3435)
2022-07-12T23:45:38.8461708Z Receiving objects:   2% (69/3435)
2022-07-12T23:45:38.8463020Z Receiving objects:   3% (104/3435)
2022-07-12T23:45:38.8475122Z Receiving objects:   4% (138/3435)
2022-07-12T23:45:38.8496530Z Receiving objects:   5% (172/3435)
2022-07-12T23:45:38.8496820Z Receiving objects:   6% (207/3435)
2022-07-12T23:45:38.8497247Z Receiving objects:   7% (241/3435)
2022-07-12T23:45:38.8611590Z Receiving objects:   8% (275/3435)
2022-07-12T23:45:38.8611853Z Receiving objects:   9% (310/3435)
2022-07-12T23:45:38.8612074Z Receiving objects:  10% (344/3435)
2022-07-12T23:45:38.8766141Z Receiving objects:  11% (378/3435)
2022-07-12T23:45:38.8769118Z Receiving objects:  12% (413/3435)
2022-07-12T23:45:38.8820009Z Receiving objects:  13% (447/3435)
2022-07-12T23:45:38.8821382Z Receiving objects:  14% (481/3435)
2022-07-12T23:45:38.8829540Z Receiving objects:  15% (516/3435)
2022-07-12T23:45:38.8846069Z Receiving objects:  16% (550/3435)
2022-07-12T23:45:38.8846363Z Receiving objects:  17% (584/3435)
2022-07-12T23:45:38.8851472Z Receiving objects:  18% (619/3435)
2022-07-12T23:45:38.8852397Z Receiving objects:  19% (653/3435)
2022-07-12T23:45:38.8853243Z Receiving objects:  20% (687/3435)
2022-07-12T23:45:38.8917794Z Receiving objects:  21% (722/3435)
2022-07-12T23:45:38.8918644Z Receiving objects:  22% (756/3435)
2022-07-12T23:45:38.8919352Z Receiving objects:  23% (791/3435)
2022-07-12T23:45:38.9026030Z Receiving objects:  24% (825/3435)
2022-07-12T23:45:38.9170868Z Receiving objects:  25% (859/3435)
2022-07-12T23:45:38.9178181Z Receiving objects:  26% (894/3435)
2022-07-12T23:45:38.9189307Z Receiving objects:  27% (928/3435)
2022-07-12T23:45:38.9211074Z Receiving objects:  28% (962/3435)
2022-07-12T23:45:38.9280468Z Receiving objects:  29% (997/3435)
2022-07-12T23:45:38.9446552Z Receiving objects:  30% (1031/3435)
2022-07-12T23:45:38.9529529Z Receiving objects:  31% (1065/3435)
2022-07-12T23:45:38.9541312Z Receiving objects:  32% (1100/3435)
2022-07-12T23:45:38.9558899Z Receiving objects:  33% (1134/3435)
2022-07-12T23:45:38.9572300Z Receiving objects:  34% (1168/3435)
2022-07-12T23:45:38.9595926Z Receiving objects:  35% (1203/3435)
2022-07-12T23:45:38.9614169Z Receiving objects:  36% (1237/3435)
2022-07-12T23:45:38.9644536Z Receiving objects:  37% (1271/3435)
2022-07-12T23:45:38.9688386Z Receiving objects:  38% (1306/3435)
2022-07-12T23:45:38.9837858Z Receiving objects:  39% (1340/3435)
2022-07-12T23:45:38.9895575Z Receiving objects:  40% (1374/3435)
2022-07-12T23:45:38.9929906Z Receiving objects:  41% (1409/3435)
2022-07-12T23:45:38.9957499Z Receiving objects:  42% (1443/3435)
2022-07-12T23:45:38.9978441Z Receiving objects:  43% (1478/3435)
2022-07-12T23:45:39.0001231Z Receiving objects:  44% (1512/3435)
2022-07-12T23:45:39.0021951Z Receiving objects:  45% (1546/3435)
2022-07-12T23:45:39.0044594Z Receiving objects:  46% (1581/3435)
2022-07-12T23:45:39.0069903Z Receiving objects:  47% (1615/3435)
2022-07-12T23:45:39.0086918Z Receiving objects:  48% (1649/3435)
2022-07-12T23:45:39.0114486Z Receiving objects:  49% (1684/3435)
2022-07-12T23:45:39.0131702Z Receiving objects:  50% (1718/3435)
2022-07-12T23:45:39.0159820Z Receiving objects:  51% (1752/3435)
2022-07-12T23:45:39.0216200Z Receiving objects:  52% (1787/3435)
2022-07-12T23:45:39.0252673Z Receiving objects:  53% (1821/3435)
2022-07-12T23:45:39.0277546Z Receiving objects:  54% (1855/3435)
2022-07-12T23:45:39.0311244Z Receiving objects:  55% (1890/3435)
2022-07-12T23:45:39.0328407Z Receiving objects:  56% (1924/3435)
2022-07-12T23:45:39.0339244Z Receiving objects:  57% (1958/3435)
2022-07-12T23:45:39.0361485Z Receiving objects:  58% (1993/3435)
2022-07-12T23:45:39.0401798Z Receiving objects:  59% (2027/3435)
2022-07-12T23:45:39.0434328Z Receiving objects:  60% (2061/3435)
2022-07-12T23:45:39.0447046Z Receiving objects:  61% (2096/3435)
2022-07-12T23:45:39.0480494Z Receiving objects:  62% (2130/3435)
2022-07-12T23:45:39.0505020Z Receiving objects:  63% (2165/3435)
2022-07-12T23:45:39.0520787Z Receiving objects:  64% (2199/3435)
2022-07-12T23:45:39.0547044Z Receiving objects:  65% (2233/3435)
2022-07-12T23:45:39.0565032Z Receiving objects:  66% (2268/3435)
2022-07-12T23:45:39.0592012Z Receiving objects:  67% (2302/3435)
2022-07-12T23:45:39.0627639Z Receiving objects:  68% (2336/3435)
2022-07-12T23:45:39.0660723Z Receiving objects:  69% (2371/3435)
2022-07-12T23:45:39.0685054Z Receiving objects:  70% (2405/3435)
2022-07-12T23:45:39.0718224Z Receiving objects:  71% (2439/3435)
2022-07-12T23:45:39.0750134Z Receiving objects:  72% (2474/3435)
2022-07-12T23:45:39.0784893Z Receiving objects:  73% (2508/3435)
2022-07-12T23:45:39.0824126Z Receiving objects:  74% (2542/3435)
2022-07-12T23:45:39.0834351Z Receiving objects:  75% (2577/3435)
2022-07-12T23:45:39.0867292Z Receiving objects:  76% (2611/3435)
2022-07-12T23:45:39.0884698Z Receiving objects:  77% (2645/3435)
2022-07-12T23:45:39.0892493Z Receiving objects:  78% (2680/3435)
2022-07-12T23:45:39.0912084Z Receiving objects:  79% (2714/3435)
2022-07-12T23:45:39.0936808Z Receiving objects:  80% (2748/3435)
2022-07-12T23:45:39.0950770Z Receiving objects:  81% (2783/3435)
2022-07-12T23:45:39.0952895Z Receiving objects:  82% (2817/3435)
2022-07-12T23:45:39.0956753Z Receiving objects:  83% (2852/3435)
2022-07-12T23:45:39.0973482Z Receiving objects:  84% (2886/3435)
2022-07-12T23:45:39.0996241Z Receiving objects:  85% (2920/3435)
2022-07-12T23:45:39.1016356Z Receiving objects:  86% (2955/3435)
2022-07-12T23:45:39.1063051Z Receiving objects:  87% (2989/3435)
2022-07-12T23:45:39.1087763Z Receiving objects:  88% (3023/3435)
2022-07-12T23:45:39.1109146Z Receiving objects:  89% (3058/3435)
2022-07-12T23:45:39.1125988Z Receiving objects:  90% (3092/3435)
2022-07-12T23:45:39.1195000Z Receiving objects:  91% (3126/3435)
2022-07-12T23:45:39.1242749Z Receiving objects:  92% (3161/3435)
2022-07-12T23:45:39.1361330Z Receiving objects:  93% (3195/3435)
2022-07-12T23:45:39.1361671Z Receiving objects:  94% (3229/3435)
2022-07-12T23:45:39.1361960Z Receiving objects:  95% (3264/3435)
2022-07-12T23:45:39.1459521Z Receiving objects:  96% (3298/3435)
2022-07-12T23:45:39.1502550Z Receiving objects:  97% (3332/3435)
2022-07-12T23:45:39.1509565Z Receiving objects:  98% (3367/3435)
2022-07-12T23:45:39.1510889Z remote: Total 3435 (delta 1288), reused 1453 (delta 517), pack-reused 0        
2022-07-12T23:45:39.1569600Z Receiving objects:  99% (3401/3435)
2022-07-12T23:45:39.1570162Z Receiving objects: 100% (3435/3435)
2022-07-12T23:45:39.1570460Z Receiving objects: 100% (3435/3435), 3.37 MiB | 10.46 MiB/s, done.
2022-07-12T23:45:39.1580228Z Resolving deltas:   0% (0/1288)
2022-07-12T23:45:39.1584069Z Resolving deltas:   1% (13/1288)
2022-07-12T23:45:39.1584728Z Resolving deltas:   2% (26/1288)
2022-07-12T23:45:39.1589302Z Resolving deltas:   3% (39/1288)
2022-07-12T23:45:39.1589883Z Resolving deltas:   4% (52/1288)
2022-07-12T23:45:39.1593675Z Resolving deltas:   5% (65/1288)
2022-07-12T23:45:39.1594207Z Resolving deltas:   6% (78/1288)
2022-07-12T23:45:39.1598582Z Resolving deltas:   7% (91/1288)
2022-07-12T23:45:39.1611887Z Resolving deltas:   8% (104/1288)
2022-07-12T23:45:39.1618345Z Resolving deltas:   9% (116/1288)
2022-07-12T23:45:39.1643683Z Resolving deltas:  10% (129/1288)
2022-07-12T23:45:39.1643937Z Resolving deltas:  11% (142/1288)
2022-07-12T23:45:39.1644185Z Resolving deltas:  12% (155/1288)
2022-07-12T23:45:39.1648103Z Resolving deltas:  13% (168/1288)
2022-07-12T23:45:39.1659130Z Resolving deltas:  14% (181/1288)
2022-07-12T23:45:39.1670211Z Resolving deltas:  15% (194/1288)
2022-07-12T23:45:39.1683877Z Resolving deltas:  16% (207/1288)
2022-07-12T23:45:39.1696465Z Resolving deltas:  17% (219/1288)
2022-07-12T23:45:39.1706385Z Resolving deltas:  18% (232/1288)
2022-07-12T23:45:39.1712050Z Resolving deltas:  19% (245/1288)
2022-07-12T23:45:39.1724817Z Resolving deltas:  20% (258/1288)
2022-07-12T23:45:39.1735747Z Resolving deltas:  21% (271/1288)
2022-07-12T23:45:39.1747606Z Resolving deltas:  22% (284/1288)
2022-07-12T23:45:39.1768141Z Resolving deltas:  23% (297/1288)
2022-07-12T23:45:39.1778147Z Resolving deltas:  24% (310/1288)
2022-07-12T23:45:39.1788822Z Resolving deltas:  25% (322/1288)
2022-07-12T23:45:39.1799575Z Resolving deltas:  26% (335/1288)
2022-07-12T23:45:39.1810405Z Resolving deltas:  27% (348/1288)
2022-07-12T23:45:39.1823614Z Resolving deltas:  28% (361/1288)
2022-07-12T23:45:39.1833614Z Resolving deltas:  29% (374/1288)
2022-07-12T23:45:39.1848474Z Resolving deltas:  30% (387/1288)
2022-07-12T23:45:39.1857397Z Resolving deltas:  31% (400/1288)
2022-07-12T23:45:39.1868924Z Resolving deltas:  32% (413/1288)
2022-07-12T23:45:39.1883993Z Resolving deltas:  33% (426/1288)
2022-07-12T23:45:39.1895391Z Resolving deltas:  34% (438/1288)
2022-07-12T23:45:39.1912202Z Resolving deltas:  35% (451/1288)
2022-07-12T23:45:39.1918820Z Resolving deltas:  36% (464/1288)
2022-07-12T23:45:39.1929658Z Resolving deltas:  37% (477/1288)
2022-07-12T23:45:39.1943730Z Resolving deltas:  38% (490/1288)
2022-07-12T23:45:39.1958071Z Resolving deltas:  39% (503/1288)
2022-07-12T23:45:39.1970357Z Resolving deltas:  40% (516/1288)
2022-07-12T23:45:39.1987488Z Resolving deltas:  41% (529/1288)
2022-07-12T23:45:39.1995165Z Resolving deltas:  42% (541/1288)
2022-07-12T23:45:39.2002359Z Resolving deltas:  43% (554/1288)
2022-07-12T23:45:39.2008522Z Resolving deltas:  44% (567/1288)
2022-07-12T23:45:39.2019235Z Resolving deltas:  45% (580/1288)
2022-07-12T23:45:39.2025547Z Resolving deltas:  46% (593/1288)
2022-07-12T23:45:39.2035152Z Resolving deltas:  47% (606/1288)
2022-07-12T23:45:39.2041347Z Resolving deltas:  48% (619/1288)
2022-07-12T23:45:39.2053388Z Resolving deltas:  49% (632/1288)
2022-07-12T23:45:39.2065208Z Resolving deltas:  50% (645/1288)
2022-07-12T23:45:39.2075228Z Resolving deltas:  51% (657/1288)
2022-07-12T23:45:39.2082038Z Resolving deltas:  52% (670/1288)
2022-07-12T23:45:39.2093255Z Resolving deltas:  53% (683/1288)
2022-07-12T23:45:39.2105123Z Resolving deltas:  54% (696/1288)
2022-07-12T23:45:39.2113895Z Resolving deltas:  55% (709/1288)
2022-07-12T23:45:39.2124319Z Resolving deltas:  56% (722/1288)
2022-07-12T23:45:39.2136415Z Resolving deltas:  57% (735/1288)
2022-07-12T23:45:39.2147034Z Resolving deltas:  58% (748/1288)
2022-07-12T23:45:39.2153226Z Resolving deltas:  59% (760/1288)
2022-07-12T23:45:39.2160105Z Resolving deltas:  60% (773/1288)
2022-07-12T23:45:39.2168524Z Resolving deltas:  61% (786/1288)
2022-07-12T23:45:39.2175307Z Resolving deltas:  62% (799/1288)
2022-07-12T23:45:39.2179897Z Resolving deltas:  63% (812/1288)
2022-07-12T23:45:39.2184565Z Resolving deltas:  64% (825/1288)
2022-07-12T23:45:39.2194741Z Resolving deltas:  65% (838/1288)
2022-07-12T23:45:39.2197413Z Resolving deltas:  66% (851/1288)
2022-07-12T23:45:39.2202591Z Resolving deltas:  67% (863/1288)
2022-07-12T23:45:39.2213838Z Resolving deltas:  68% (876/1288)
2022-07-12T23:45:39.2221192Z Resolving deltas:  69% (889/1288)
2022-07-12T23:45:39.2227197Z Resolving deltas:  70% (902/1288)
2022-07-12T23:45:39.2233434Z Resolving deltas:  71% (915/1288)
2022-07-12T23:45:39.2241528Z Resolving deltas:  72% (928/1288)
2022-07-12T23:45:39.2248764Z Resolving deltas:  73% (941/1288)
2022-07-12T23:45:39.2251277Z Resolving deltas:  74% (954/1288)
2022-07-12T23:45:39.2253512Z Resolving deltas:  75% (966/1288)
2022-07-12T23:45:39.2259624Z Resolving deltas:  76% (979/1288)
2022-07-12T23:45:39.2275606Z Resolving deltas:  77% (992/1288)
2022-07-12T23:45:39.2284446Z Resolving deltas:  78% (1005/1288)
2022-07-12T23:45:39.2296532Z Resolving deltas:  79% (1018/1288)
2022-07-12T23:45:39.2310357Z Resolving deltas:  80% (1031/1288)
2022-07-12T23:45:39.2322529Z Resolving deltas:  81% (1044/1288)
2022-07-12T23:45:39.2345481Z Resolving deltas:  82% (1057/1288)
2022-07-12T23:45:39.2346174Z Resolving deltas:  83% (1070/1288)
2022-07-12T23:45:39.2346560Z Resolving deltas:  84% (1082/1288)
2022-07-12T23:45:39.2350962Z Resolving deltas:  85% (1095/1288)
2022-07-12T23:45:39.2356056Z Resolving deltas:  86% (1108/1288)
2022-07-12T23:45:39.2361857Z Resolving deltas:  87% (1121/1288)
2022-07-12T23:45:39.2369895Z Resolving deltas:  88% (1134/1288)
2022-07-12T23:45:39.2385861Z Resolving deltas:  89% (1147/1288)
2022-07-12T23:45:39.2395795Z Resolving deltas:  90% (1160/1288)
2022-07-12T23:45:39.2403906Z Resolving deltas:  91% (1173/1288)
2022-07-12T23:45:39.2409165Z Resolving deltas:  92% (1185/1288)
2022-07-12T23:45:39.2416188Z Resolving deltas:  93% (1198/1288)
2022-07-12T23:45:39.2421992Z Resolving deltas:  94% (1211/1288)
2022-07-12T23:45:39.2429477Z Resolving deltas:  95% (1224/1288)
2022-07-12T23:45:39.2438749Z Resolving deltas:  96% (1237/1288)
2022-07-12T23:45:39.2447103Z Resolving deltas:  97% (1250/1288)
2022-07-12T23:45:39.2453487Z Resolving deltas:  98% (1263/1288)
2022-07-12T23:45:39.2466708Z Resolving deltas:  99% (1276/1288)
2022-07-12T23:45:39.2468552Z Resolving deltas: 100% (1288/1288)
2022-07-12T23:45:39.2469017Z Resolving deltas: 100% (1288/1288), done.
2022-07-12T23:45:39.2728382Z From https://github.com/apache/iceberg
2022-07-12T23:45:39.2729162Z  * [new ref]         6d2edd6284ebc5301dbe45376a31ca8316852a77 -> apache-iceberg-0.14.0-rc1
2022-07-12T23:45:39.2778670Z ##[endgroup]
2022-07-12T23:45:39.2779182Z ##[group]Determining the checkout info
2022-07-12T23:45:39.2779581Z ##[endgroup]
2022-07-12T23:45:39.2779989Z ##[group]Checking out the ref
2022-07-12T23:45:39.2780554Z [command]/usr/bin/git checkout --progress --force refs/tags/apache-iceberg-0.14.0-rc1
2022-07-12T23:45:39.5701105Z Note: switching to 'refs/tags/apache-iceberg-0.14.0-rc1'.
2022-07-12T23:45:39.5701802Z 
2022-07-12T23:45:39.5702363Z You are in 'detached HEAD' state. You can look around, make experimental
2022-07-12T23:45:39.5703134Z changes and commit them, and you can discard any commits you make in this
2022-07-12T23:45:39.5703578Z state without impacting any branches by switching back to a branch.
2022-07-12T23:45:39.5704024Z 
2022-07-12T23:45:39.5704200Z If you want to create a new branch to retain commits you create, you may
2022-07-12T23:45:39.5704742Z do so (now or later) by using -c with the switch command. Example:
2022-07-12T23:45:39.5704932Z 
2022-07-12T23:45:39.5705090Z   git switch -c <new-branch-name>
2022-07-12T23:45:39.5705247Z 
2022-07-12T23:45:39.5705353Z Or undo this operation with:
2022-07-12T23:45:39.5705497Z 
2022-07-12T23:45:39.5705583Z   git switch -
2022-07-12T23:45:39.5705707Z 
2022-07-12T23:45:39.5705884Z Turn off this advice by setting config variable advice.detachedHead to false
2022-07-12T23:45:39.5706090Z 
2022-07-12T23:45:39.5706244Z HEAD is now at 6d2edd6 Spark 3.2: Expose action classes in SparkActions (#5261)
2022-07-12T23:45:39.5713399Z ##[endgroup]
2022-07-12T23:45:39.5776662Z [command]/usr/bin/git log -1 --format='%H'
2022-07-12T23:45:39.5815762Z '6d2edd6284ebc5301dbe45376a31ca8316852a77'
2022-07-12T23:45:39.6193845Z ##[group]Run actions/setup-python@v3
2022-07-12T23:45:39.6194106Z with:
2022-07-12T23:45:39.6194323Z   python-version: 3.8
2022-07-12T23:45:39.6194722Z   token: ***
2022-07-12T23:45:39.6194904Z ##[endgroup]
2022-07-12T23:45:39.8162341Z Successfully setup CPython (3.8.13)
2022-07-12T23:45:39.8364714Z ##[group]Run make install
2022-07-12T23:45:39.8365089Z [36;1mmake install[0m
2022-07-12T23:45:39.8432049Z shell: /usr/bin/bash -e {0}
2022-07-12T23:45:39.8432287Z env:
2022-07-12T23:45:39.8433481Z   pythonLocation: /opt/hostedtoolcache/Python/3.8.13/x64
2022-07-12T23:45:39.8433877Z   LD_LIBRARY_PATH: /opt/hostedtoolcache/Python/3.8.13/x64/lib
2022-07-12T23:45:39.8434169Z ##[endgroup]
2022-07-12T23:45:39.8807297Z pip install poetry
2022-07-12T23:45:42.7465068Z Collecting poetry
2022-07-12T23:45:42.8199497Z   Downloading poetry-1.1.14-py2.py3-none-any.whl (175 kB)
2022-07-12T23:45:42.8449211Z      ━━━━━━━━━━━━━━━━━━━━━━━━━━━━━━━━━━━━━━━ 175.1/175.1 kB 7.9 MB/s eta 0:00:00
2022-07-12T23:45:42.9169461Z Collecting crashtest<0.4.0,>=0.3.0
2022-07-12T23:45:42.9286542Z   Downloading crashtest-0.3.1-py3-none-any.whl (7.0 kB)
2022-07-12T23:45:42.9693378Z Collecting cachecontrol[filecache]<0.13.0,>=0.12.9
2022-07-12T23:45:42.9821623Z   Downloading CacheControl-0.12.11-py2.py3-none-any.whl (21 kB)
2022-07-12T23:45:43.0354360Z Collecting pkginfo<2.0,>=1.4
2022-07-12T23:45:43.0481380Z   Downloading pkginfo-1.8.3-py2.py3-none-any.whl (26 kB)
2022-07-12T23:45:43.1369395Z Collecting requests<3.0,>=2.18
2022-07-12T23:45:43.1493959Z   Downloading requests-2.28.1-py3-none-any.whl (62 kB)
2022-07-12T23:45:43.1580156Z      ━━━━━━━━━━━━━━━━━━━━━━━━━━━━━━━━━━━━━━━━ 62.8/62.8 kB 10.0 MB/s eta 0:00:00
2022-07-12T23:45:43.1896620Z Collecting html5lib<2.0,>=1.0
2022-07-12T23:45:43.2020626Z   Downloading html5lib-1.1-py2.py3-none-any.whl (112 kB)
2022-07-12T23:45:43.2097043Z      ━━━━━━━━━━━━━━━━━━━━━━━━━━━━━━━━━━━━━━ 112.2/112.2 kB 25.8 MB/s eta 0:00:00
2022-07-12T23:45:43.2548763Z Collecting shellingham<2.0,>=1.1
2022-07-12T23:45:43.2670909Z   Downloading shellingham-1.4.0-py2.py3-none-any.whl (9.4 kB)
2022-07-12T23:45:43.3319549Z Collecting tomlkit<1.0.0,>=0.7.0
2022-07-12T23:45:43.3454709Z   Downloading tomlkit-0.11.1-py3-none-any.whl (34 kB)
2022-07-12T23:45:43.3987464Z Collecting cleo<0.9.0,>=0.8.1
2022-07-12T23:45:43.4119764Z   Downloading cleo-0.8.1-py2.py3-none-any.whl (21 kB)
2022-07-12T23:45:43.4468809Z Collecting requests-toolbelt<0.10.0,>=0.9.1
2022-07-12T23:45:43.4601322Z   Downloading requests_toolbelt-0.9.1-py2.py3-none-any.whl (54 kB)
2022-07-12T23:45:43.4675900Z      ━━━━━━━━━━━━━━━━━━━━━━━━━━━━━━━━━━━━━━━━ 54.3/54.3 kB 11.5 MB/s eta 0:00:00
2022-07-12T23:45:43.5760711Z Collecting keyring>=21.2.0
2022-07-12T23:45:43.5887390Z   Downloading keyring-23.6.0-py3-none-any.whl (34 kB)
2022-07-12T23:45:43.6433043Z Collecting packaging<21.0,>=20.4
2022-07-12T23:45:43.6560907Z   Downloading packaging-20.9-py2.py3-none-any.whl (40 kB)
2022-07-12T23:45:43.6627894Z      ━━━━━━━━━━━━━━━━━━━━━━━━━━━━━━━━━━━━━━━━ 40.9/40.9 kB 8.8 MB/s eta 0:00:00
2022-07-12T23:45:43.7054958Z Collecting clikit<0.7.0,>=0.6.2
2022-07-12T23:45:43.7170169Z   Downloading clikit-0.6.2-py2.py3-none-any.whl (91 kB)
2022-07-12T23:45:43.7247813Z      ━━━━━━━━━━━━━━━━━━━━━━━━━━━━━━━━━━━━━━━━ 91.8/91.8 kB 17.2 MB/s eta 0:00:00
2022-07-12T23:45:43.7846085Z Collecting poetry-core<1.1.0,>=1.0.7
2022-07-12T23:45:43.7982916Z   Downloading poetry_core-1.0.8-py2.py3-none-any.whl (425 kB)
2022-07-12T23:45:43.8159334Z      ━━━━━━━━━━━━━━━━━━━━━━━━━━━━━━━━━━━━━━ 425.0/425.0 kB 29.6 MB/s eta 0:00:00
2022-07-12T23:45:43.9758876Z Collecting virtualenv<21.0.0,>=20.0.26
2022-07-12T23:45:43.9892216Z   Downloading virtualenv-20.15.1-py2.py3-none-any.whl (10.1 MB)
2022-07-12T23:45:44.1296645Z      ━━━━━━━━━━━━━━━━━━━━━━━━━━━━━━━━━━━━━━━━ 10.1/10.1 MB 74.1 MB/s eta 0:00:00
2022-07-12T23:45:44.2007359Z Collecting cachy<0.4.0,>=0.3.0
2022-07-12T23:45:44.2190755Z   Downloading cachy-0.3.0-py2.py3-none-any.whl (20 kB)
2022-07-12T23:45:44.2560884Z Collecting pexpect<5.0.0,>=4.7.0
2022-07-12T23:45:44.2735141Z   Downloading pexpect-4.8.0-py2.py3-none-any.whl (59 kB)
2022-07-12T23:45:44.2814460Z      ━━━━━━━━━━━━━━━━━━━━━━━━━━━━━━━━━━━━━━━━ 59.0/59.0 kB 10.7 MB/s eta 0:00:00
2022-07-12T23:45:44.4176266Z Collecting msgpack>=0.5.2
2022-07-12T23:45:44.4329303Z   Downloading msgpack-1.0.4-cp38-cp38-manylinux_2_17_x86_64.manylinux2014_x86_64.whl (322 kB)
2022-07-12T23:45:44.4444766Z      ━━━━━━━━━━━━━━━━━━━━━━━━━━━━━━━━━━━━━━ 322.5/322.5 kB 39.7 MB/s eta 0:00:00
2022-07-12T23:45:44.4760417Z Collecting lockfile>=0.9
2022-07-12T23:45:44.4930454Z   Downloading lockfile-0.12.2-py2.py3-none-any.whl (13 kB)
2022-07-12T23:45:44.5544853Z Collecting pylev<2.0,>=1.3
2022-07-12T23:45:44.5671532Z   Downloading pylev-1.4.0-py2.py3-none-any.whl (6.1 kB)
2022-07-12T23:45:44.5979786Z Collecting pastel<0.3.0,>=0.2.0
2022-07-12T23:45:44.6097193Z   Downloading pastel-0.2.1-py2.py3-none-any.whl (6.0 kB)
2022-07-12T23:45:44.6630814Z Collecting webencodings
2022-07-12T23:45:44.6756325Z   Downloading webencodings-0.5.1-py2.py3-none-any.whl (11 kB)
2022-07-12T23:45:44.7179897Z Collecting six>=1.9
2022-07-12T23:45:44.7300618Z   Downloading six-1.16.0-py2.py3-none-any.whl (11 kB)
2022-07-12T23:45:44.7986775Z Collecting SecretStorage>=3.2
2022-07-12T23:45:44.8105915Z   Downloading SecretStorage-3.3.2-py3-none-any.whl (15 kB)
2022-07-12T23:45:44.9245064Z Collecting importlib-metadata>=3.6
2022-07-12T23:45:44.9375744Z   Downloading importlib_metadata-4.12.0-py3-none-any.whl (21 kB)
2022-07-12T23:45:44.9770612Z Collecting jeepney>=0.4.2
2022-07-12T23:45:44.9913818Z   Downloading jeepney-0.8.0-py3-none-any.whl (48 kB)
2022-07-12T23:45:45.0002480Z      ━━━━━━━━━━━━━━━━━━━━━━━━━━━━━━━━━━━━━━━━ 48.4/48.4 kB 7.7 MB/s eta 0:00:00
2022-07-12T23:45:45.0922448Z Collecting pyparsing>=2.0.2
2022-07-12T23:45:45.1053316Z   Downloading pyparsing-3.0.9-py3-none-any.whl (98 kB)
2022-07-12T23:45:45.1131516Z      ━━━━━━━━━━━━━━━━━━━━━━━━━━━━━━━━━━━━━━━━ 98.3/98.3 kB 20.7 MB/s eta 0:00:00
2022-07-12T23:45:45.1675466Z Collecting ptyprocess>=0.5
2022-07-12T23:45:45.1798650Z   Downloading ptyprocess-0.7.0-py2.py3-none-any.whl (13 kB)
2022-07-12T23:45:45.2981969Z Collecting urllib3<1.27,>=1.21.1
2022-07-12T23:45:45.3127839Z   Downloading urllib3-1.26.10-py2.py3-none-any.whl (139 kB)
2022-07-12T23:45:45.3213940Z      ━━━━━━━━━━━━━━━━━━━━━━━━━━━━━━━━━━━━━━ 139.2/139.2 kB 25.3 MB/s eta 0:00:00
2022-07-12T23:45:45.3704235Z Collecting charset-normalizer<3,>=2
2022-07-12T23:45:45.3830980Z   Downloading charset_normalizer-2.1.0-py3-none-any.whl (39 kB)
2022-07-12T23:45:45.4237577Z Collecting idna<4,>=2.5
2022-07-12T23:45:45.4364461Z   Downloading idna-3.3-py3-none-any.whl (61 kB)
2022-07-12T23:45:45.4431913Z      ━━━━━━━━━━━━━━━━━━━━━━━━━━━━━━━━━━━━━━━━ 61.2/61.2 kB 13.2 MB/s eta 0:00:00
2022-07-12T23:45:45.4932173Z Collecting certifi>=2017.4.17
2022-07-12T23:45:45.5062001Z   Downloading certifi-2022.6.15-py3-none-any.whl (160 kB)
2022-07-12T23:45:45.5151945Z      ━━━━━━━━━━━━━━━━━━━━━━━━━━━━━━━━━━━━━━ 160.2/160.2 kB 27.4 MB/s eta 0:00:00
2022-07-12T23:45:45.6318965Z Collecting platformdirs<3,>=2
2022-07-12T23:45:45.6443646Z   Downloading platformdirs-2.5.2-py3-none-any.whl (14 kB)
2022-07-12T23:45:45.6777179Z Collecting distlib<1,>=0.3.1
2022-07-12T23:45:45.6912306Z   Downloading distlib-0.3.4-py2.py3-none-any.whl (461 kB)
2022-07-12T23:45:45.7051035Z      ━━━━━━━━━━━━━━━━━━━━━━━━━━━━━━━━━━━━━━ 461.2/461.2 kB 46.0 MB/s eta 0:00:00
2022-07-12T23:45:45.7534008Z Collecting filelock<4,>=3.2
2022-07-12T23:45:45.7654614Z   Downloading filelock-3.7.1-py3-none-any.whl (10 kB)
2022-07-12T23:45:45.9155733Z Collecting zipp>=0.5
2022-07-12T23:45:45.9275365Z   Downloading zipp-3.8.1-py3-none-any.whl (5.6 kB)
2022-07-12T23:45:46.4643961Z Collecting cryptography>=2.0
2022-07-12T23:45:46.4856329Z   Downloading cryptography-37.0.4-cp36-abi3-manylinux_2_24_x86_64.whl (4.1 MB)
2022-07-12T23:45:46.5509455Z      ━━━━━━━━━━━━━━━━━━━━━━━━━━━━━━━━━━━━━━━━ 4.1/4.1 MB 66.6 MB/s eta 0:00:00
2022-07-12T23:45:46.9456880Z Collecting cffi>=1.12
2022-07-12T23:45:46.9670336Z   Downloading cffi-1.15.1-cp38-cp38-manylinux_2_17_x86_64.manylinux2014_x86_64.whl (442 kB)
2022-07-12T23:45:46.9812603Z      ━━━━━━━━━━━━━━━━━━━━━━━━━━━━━━━━━━━━━━ 442.7/442.7 kB 43.5 MB/s eta 0:00:00
2022-07-12T23:45:47.0561370Z Collecting pycparser
2022-07-12T23:45:47.0694265Z   Downloading pycparser-2.21-py2.py3-none-any.whl (118 kB)
2022-07-12T23:45:47.0778194Z      ━━━━━━━━━━━━━━━━━━━━━━━━━━━━━━━━━━━━━━ 118.7/118.7 kB 22.2 MB/s eta 0:00:00
2022-07-12T23:45:47.4106313Z Installing collected packages: webencodings, pylev, ptyprocess, msgpack, lockfile, distlib, zipp, urllib3, tomlkit, six, shellingham, pyparsing, pycparser, poetry-core, platformdirs, pkginfo, pexpect, pastel, jeepney, idna, filelock, crashtest, charset-normalizer, certifi, cachy, virtualenv, requests, packaging, importlib-metadata, html5lib, clikit, cffi, requests-toolbelt, cryptography, cleo, cachecontrol, SecretStorage, keyring, poetry
2022-07-12T23:45:49.8745466Z Successfully installed SecretStorage-3.3.2 cachecontrol-0.12.11 cachy-0.3.0 certifi-2022.6.15 cffi-1.15.1 charset-normalizer-2.1.0 cleo-0.8.1 clikit-0.6.2 crashtest-0.3.1 cryptography-37.0.4 distlib-0.3.4 filelock-3.7.1 html5lib-1.1 idna-3.3 importlib-metadata-4.12.0 jeepney-0.8.0 keyring-23.6.0 lockfile-0.12.2 msgpack-1.0.4 packaging-20.9 pastel-0.2.1 pexpect-4.8.0 pkginfo-1.8.3 platformdirs-2.5.2 poetry-1.1.14 poetry-core-1.0.8 ptyprocess-0.7.0 pycparser-2.21 pylev-1.4.0 pyparsing-3.0.9 requests-2.28.1 requests-toolbelt-0.9.1 shellingham-1.4.0 six-1.16.0 tomlkit-0.11.1 urllib3-1.26.10 virtualenv-20.15.1 webencodings-0.5.1 zipp-3.8.1
2022-07-12T23:45:50.6427326Z poetry install -E pyarrow
2022-07-12T23:45:51.2957432Z Creating virtualenv pyiceberg-C6VdKk4a-py3.8 in /home/runner/.cache/pypoetry/virtualenvs
2022-07-12T23:45:52.3195361Z Installing dependencies from lock file
2022-07-12T23:45:53.0457444Z 
2022-07-12T23:45:53.0459306Z Package operations: 31 installs, 0 updates, 0 removals
2022-07-12T23:45:53.0460147Z 
2022-07-12T23:45:53.0481137Z   • Installing distlib (0.3.4)
2022-07-12T23:45:53.0490132Z   • Installing filelock (3.7.1)
2022-07-12T23:45:53.0495651Z   • Installing platformdirs (2.5.2)
2022-07-12T23:45:53.0524735Z   • Installing pyparsing (3.0.9)
2022-07-12T23:45:53.0613647Z   • Installing six (1.16.0)
2022-07-12T23:45:53.0678208Z   • Installing tomli (2.0.1)
2022-07-12T23:45:59.6755071Z   • Installing zipp (3.8.0)
2022-07-12T23:46:00.9450646Z   • Installing attrs (21.4.0)
2022-07-12T23:46:00.9477792Z   • Installing cfgv (3.3.1)
2022-07-12T23:46:00.9501334Z   • Installing docutils (0.18.1)
2022-07-12T23:46:00.9524394Z   • Installing identify (2.5.1)
2022-07-12T23:46:00.9535952Z   • Installing iniconfig (1.1.1)
2022-07-12T23:46:00.9581297Z   • Installing importlib-metadata (4.12.0)
2022-07-12T23:46:03.9032423Z   • Installing nodeenv (1.7.0)
2022-07-12T23:46:03.9819845Z   • Installing numpy (1.23.0)
2022-07-12T23:46:04.0738074Z   • Installing packaging (21.3)
2022-07-12T23:46:04.0787037Z   • Installing pep517 (0.12.0)
2022-07-12T23:46:04.1314600Z   • Installing pluggy (1.0.0)
2022-07-12T23:46:04.9355072Z   • Installing py (1.11.0)
2022-07-12T23:46:06.9668703Z   • Installing pyyaml (6.0)
2022-07-12T23:46:07.2130246Z   • Installing toml (0.10.2)
2022-07-12T23:46:07.4464658Z   • Installing typing-extensions (4.2.0)
2022-07-12T23:46:07.4667126Z   • Installing virtualenv (20.15.0)
2022-07-12T23:46:11.4831994Z   • Installing coverage (6.4.1)
2022-07-12T23:46:11.4843274Z   • Installing fastavro (1.5.2)
2022-07-12T23:46:11.4866506Z   • Installing mmh3 (3.0.0)
2022-07-12T23:46:11.4885739Z   • Installing pre-commit (2.19.0)
2022-07-12T23:46:11.4911731Z   • Installing pyarrow (8.0.0)
2022-07-12T23:46:11.4997639Z   • Installing pydantic (1.9.1)
2022-07-12T23:46:14.6808229Z   • Installing pytest (7.1.2)
2022-07-12T23:46:15.0263772Z   • Installing pytest-checkdocs (2.7.1)
2022-07-12T23:46:17.1919619Z 
2022-07-12T23:46:17.1920552Z Installing the current project: pyiceberg (0.0.1rc1)
2022-07-12T23:46:17.2626864Z ##[group]Run make lint
2022-07-12T23:46:17.2627128Z [36;1mmake lint[0m
2022-07-12T23:46:17.2688532Z shell: /usr/bin/bash -e {0}
2022-07-12T23:46:17.2688754Z env:
2022-07-12T23:46:17.2689003Z   pythonLocation: /opt/hostedtoolcache/Python/3.8.13/x64
2022-07-12T23:46:17.2689525Z   LD_LIBRARY_PATH: /opt/hostedtoolcache/Python/3.8.13/x64/lib
2022-07-12T23:46:17.2689776Z ##[endgroup]
2022-07-12T23:46:17.2787408Z poetry run pre-commit run --all-files
2022-07-12T23:46:18.0925495Z [INFO] Initializing environment for https://github.com/pre-commit/pre-commit-hooks.
2022-07-12T23:46:18.6306488Z [INFO] Initializing environment for https://github.com/ambv/black.
2022-07-12T23:46:19.3927836Z [INFO] Initializing environment for https://github.com/pre-commit/mirrors-isort.
2022-07-12T23:46:19.7892488Z [INFO] Initializing environment for https://github.com/pre-commit/mirrors-mypy.
2022-07-12T23:46:20.4106384Z [INFO] Initializing environment for https://github.com/hadialqattan/pycln.
2022-07-12T23:46:20.9807316Z [INFO] Initializing environment for https://github.com/asottile/pyupgrade.
2022-07-12T23:46:21.4397143Z [INFO] Initializing environment for https://github.com/pycqa/pylint.
2022-07-12T23:46:22.4347942Z [INFO] Initializing environment for https://github.com/pycqa/flake8.
2022-07-12T23:46:23.1415406Z [INFO] Initializing environment for https://github.com/pycqa/flake8:flake8-bugbear==22.7.1,flake8-comprehensions==3.10.0.
2022-07-12T23:46:23.7830599Z [INFO] Installing environment for https://github.com/pre-commit/pre-commit-hooks.
2022-07-12T23:46:23.7831024Z [INFO] Once installed this environment will be reused.
2022-07-12T23:46:23.7834061Z [INFO] This may take a few minutes...
2022-07-12T23:46:36.4619681Z [INFO] Installing environment for https://github.com/ambv/black.
2022-07-12T23:46:36.4620856Z [INFO] Once installed this environment will be reused.
2022-07-12T23:46:36.4621538Z [INFO] This may take a few minutes...
2022-07-12T23:46:46.4075156Z [INFO] Installing environment for https://github.com/pre-commit/mirrors-isort.
2022-07-12T23:46:46.4076210Z [INFO] Once installed this environment will be reused.
2022-07-12T23:46:46.4077115Z [INFO] This may take a few minutes...
2022-07-12T23:46:54.4744529Z [INFO] Installing environment for https://github.com/pre-commit/mirrors-mypy.
2022-07-12T23:46:54.4745306Z [INFO] Once installed this environment will be reused.
2022-07-12T23:46:54.4747847Z [INFO] This may take a few minutes...
2022-07-12T23:47:04.0158640Z [INFO] Installing environment for https://github.com/hadialqattan/pycln.
2022-07-12T23:47:04.0159456Z [INFO] Once installed this environment will be reused.
2022-07-12T23:47:04.0160160Z [INFO] This may take a few minutes...
2022-07-12T23:47:12.7203316Z [INFO] Installing environment for https://github.com/asottile/pyupgrade.
2022-07-12T23:47:12.7204393Z [INFO] Once installed this environment will be reused.
2022-07-12T23:47:12.7206217Z [INFO] This may take a few minutes...
2022-07-12T23:47:19.9408135Z [INFO] Installing environment for https://github.com/pycqa/pylint.
2022-07-12T23:47:19.9493672Z [INFO] Once installed this environment will be reused.
2022-07-12T23:47:19.9494024Z [INFO] This may take a few minutes...
2022-07-12T23:47:29.1894951Z [INFO] Installing environment for https://github.com/pycqa/flake8.
2022-07-12T23:47:29.1895385Z [INFO] Once installed this environment will be reused.
2022-07-12T23:47:29.1895676Z [INFO] This may take a few minutes...
2022-07-12T23:47:37.2499389Z trim trailing whitespace.................................................Passed
2022-07-12T23:47:37.4611901Z fix end of files.........................................................Passed
2022-07-12T23:47:37.8914306Z check docstring is first.................................................Passed
2022-07-12T23:47:38.2419949Z debug statements (python)................................................Passed
2022-07-12T23:47:38.4713215Z check yaml...............................................................Passed
2022-07-12T23:47:38.7307956Z check python ast.........................................................Passed
2022-07-12T23:47:42.1195202Z black....................................................................Passed
2022-07-12T23:47:42.5498783Z isort....................................................................Passed
2022-07-12T23:47:47.9115048Z mypy.....................................................................Passed
2022-07-12T23:47:48.8648215Z pycln....................................................................Passed
2022-07-12T23:47:49.7111639Z pyupgrade................................................................Passed
2022-07-12T23:48:03.0549502Z pylint...................................................................Passed
2022-07-12T23:48:05.8624265Z flake8...................................................................Passed
2022-07-12T23:48:05.8862038Z ##[group]Run make test
2022-07-12T23:48:05.8862296Z [36;1mmake test[0m
2022-07-12T23:48:05.8924632Z shell: /usr/bin/bash -e {0}
2022-07-12T23:48:05.8924838Z env:
2022-07-12T23:48:05.8925082Z   pythonLocation: /opt/hostedtoolcache/Python/3.8.13/x64
2022-07-12T23:48:05.8925370Z   LD_LIBRARY_PATH: /opt/hostedtoolcache/Python/3.8.13/x64/lib
2022-07-12T23:48:05.8925614Z ##[endgroup]
2022-07-12T23:48:05.9017433Z poetry run coverage run --source=pyiceberg/ -m pytest tests/ 
2022-07-12T23:48:08.8065829Z ============================= test session starts ==============================
2022-07-12T23:48:08.8066759Z platform linux -- Python 3.8.13, pytest-7.1.2, pluggy-1.0.0
2022-07-12T23:48:08.8067238Z rootdir: /home/runner/work/iceberg/iceberg/python
2022-07-12T23:48:08.8067946Z plugins: checkdocs-2.7.1
2022-07-12T23:48:08.8068157Z collected 898 items
2022-07-12T23:48:08.8068272Z 
2022-07-12T23:48:08.8977732Z tests/test_conversions.py .............................................. [  5%]
2022-07-12T23:48:09.0564233Z ........................................................................ [ 13%]
2022-07-12T23:48:09.1780840Z ...................................................                      [ 18%]
2022-07-12T23:48:09.2288838Z tests/test_schema.py ....................                                [ 21%]
2022-07-12T23:48:09.3339233Z tests/test_transforms.py ............................................... [ 26%]
2022-07-12T23:48:09.4501090Z .....................................................                    [ 32%]
2022-07-12T23:48:09.5762554Z tests/test_types.py .................................................... [ 37%]
2022-07-12T23:48:09.7453619Z ........................................................................ [ 45%]
2022-07-12T23:48:09.9010531Z ........................................................................ [ 54%]
2022-07-12T23:48:10.0095342Z ............................................................             [ 60%]
2022-07-12T23:48:10.0505090Z tests/avro/test_decoder.py .......................                       [ 63%]
2022-07-12T23:48:10.0548647Z tests/avro/test_file.py ..                                               [ 63%]
2022-07-12T23:48:10.1543814Z tests/avro/test_reader.py .................                              [ 65%]
2022-07-12T23:48:10.1821788Z tests/avro/test_resolver.py ..........                                   [ 66%]
2022-07-12T23:48:10.2290795Z tests/catalog/test_base.py ........................                      [ 69%]
2022-07-12T23:48:10.2939635Z tests/expressions/test_expressions_base.py ............................. [ 72%]
2022-07-12T23:48:10.3418307Z .......................                                                  [ 74%]
2022-07-12T23:48:10.4179547Z tests/expressions/test_literals.py ..................................... [ 79%]
2022-07-12T23:48:10.5765608Z ........................................................................ [ 87%]
2022-07-12T23:48:10.6003086Z ......                                                                   [ 87%]
2022-07-12T23:48:10.6720033Z tests/io/test_io_base.py ..............................                  [ 91%]
2022-07-12T23:48:10.7496834Z tests/io/test_pyarrow.py ...............                                 [ 92%]
2022-07-12T23:48:10.8007496Z tests/table/test_metadata.py ....................                        [ 94%]
2022-07-12T23:48:10.8079444Z tests/table/test_partitioning.py ....                                    [ 95%]
2022-07-12T23:48:10.8262080Z tests/table/test_snapshots.py .........                                  [ 96%]
2022-07-12T23:48:10.8367704Z tests/table/test_sorting.py ....                                         [ 96%]
2022-07-12T23:48:10.8627719Z tests/utils/test_bin_packing.py .........                                [ 97%]
2022-07-12T23:48:10.8995832Z tests/utils/test_schema_conversion.py .................                  [ 99%]
2022-07-12T23:48:10.9411711Z tests/utils/test_singleton.py ..                                         [100%]
2022-07-12T23:48:10.9414255Z 
2022-07-12T23:48:10.9416398Z =============================== warnings summary ===============================
2022-07-12T23:48:10.9418435Z tests/test_transforms.py:268
2022-07-12T23:48:10.9421149Z   /home/runner/work/iceberg/iceberg/python/tests/test_transforms.py:268: PytestCollectionWarning: cannot collect test class 'TestType' because it has a __init__ constructor (from: tests/test_transforms.py)
2022-07-12T23:48:10.9423417Z     class TestType(IcebergBaseModel):
2022-07-12T23:48:10.9427266Z 
2022-07-12T23:48:10.9430068Z -- Docs: https://docs.pytest.org/en/stable/how-to/capture-warnings.html
2022-07-12T23:48:10.9433652Z ======================== 898 passed, 1 warning in 3.64s ========================
2022-07-12T23:48:11.0697956Z poetry run coverage report -m --fail-under=90
2022-07-12T23:48:12.0084122Z Name                                       Stmts   Miss  Cover   Missing
2022-07-12T23:48:12.0085411Z ------------------------------------------------------------------------
2022-07-12T23:48:12.0086102Z pyiceberg/__init__.py                          0      0   100%
2022-07-12T23:48:12.0132363Z pyiceberg/avro/__init__.py                     0      0   100%
2022-07-12T23:48:12.0132653Z pyiceberg/avro/codecs/__init__.py              8      0   100%
2022-07-12T23:48:12.0133143Z pyiceberg/avro/codecs/bzip2.py                20     11    45%   27-28, 32-43
2022-07-12T23:48:12.0133445Z pyiceberg/avro/codecs/codec.py                11      2    82%   28, 33
2022-07-12T23:48:12.0134385Z pyiceberg/avro/codecs/deflate.py              11      3    73%   29-30, 36
2022-07-12T23:48:12.0134780Z pyiceberg/avro/codecs/snappy_codec.py         32     19    41%   29-58, 65, 69
2022-07-12T23:48:12.0135190Z pyiceberg/avro/codecs/zstandard_codec.py      28     17    39%   26-42, 49, 53
2022-07-12T23:48:12.0135500Z pyiceberg/avro/decoder.py                     77      1    99%   173
2022-07-12T23:48:12.0135784Z pyiceberg/avro/file.py                       107      6    94%   97, 106, 141, 156, 164, 179
2022-07-12T23:48:12.0136407Z pyiceberg/avro/reader.py                     230     47    80%   87-96, 104, 113, 117, 122, 125, 133, 143, 151, 156, 159, 164, 167, 172, 175, 180, 183, 188, 191, 199, 204, 207, 218, 226, 235, 238, 260-261, 274, 279-280, 292-293, 300, 313-315, 324-328
2022-07-12T23:48:12.0137177Z pyiceberg/avro/resolver.py                    84     12    86%   69, 83, 104, 113-114, 120, 131, 159, 168, 176, 184, 195
2022-07-12T23:48:12.0137666Z pyiceberg/catalog/__init__.py                  3      0   100%
2022-07-12T23:48:12.0137957Z pyiceberg/catalog/base.py                     46      2    96%   47, 51
2022-07-12T23:48:12.0138232Z pyiceberg/conversions.py                     140      0   100%
2022-07-12T23:48:12.0138673Z pyiceberg/exceptions.py                        5      0   100%
2022-07-12T23:48:12.0138945Z pyiceberg/expressions/__init__.py              0      0   100%
2022-07-12T23:48:12.0139246Z pyiceberg/expressions/base.py                232     15    94%   48, 162, 167, 195, 233, 265, 267, 292, 295, 298, 305, 308, 311, 317, 476
2022-07-12T23:48:12.0139713Z pyiceberg/expressions/literals.py            270     10    96%   217, 220, 223, 226, 229, 347-348, 354-355, 381
2022-07-12T23:48:12.0141322Z pyiceberg/files.py                            13      0   100%
2022-07-12T23:48:12.0141704Z pyiceberg/io/__init__.py                       0      0   100%
2022-07-12T23:48:12.0142024Z pyiceberg/io/base.py                          52      4    92%   40, 44, 48, 52
2022-07-12T23:48:12.0142554Z pyiceberg/io/memory.py                        28      6    79%   57, 60-63, 71-72
2022-07-12T23:48:12.0142899Z pyiceberg/io/pyarrow.py                       76      0   100%
2022-07-12T23:48:12.0143410Z pyiceberg/schema.py                          262     11    96%   79, 82, 85, 167, 202-204, 209, 214, 246, 575
2022-07-12T23:48:12.0143868Z pyiceberg/serializers.py                      21      4    81%   57, 73-75
2022-07-12T23:48:12.0144359Z pyiceberg/table/__init__.py                    0      0   100%
2022-07-12T23:48:12.0145004Z pyiceberg/table/base.py                        6      0   100%
2022-07-12T23:48:12.0145675Z pyiceberg/table/metadata.py                  128      5    96%   83, 237, 259, 276, 350
2022-07-12T23:48:12.0146144Z pyiceberg/table/partitioning.py               50      2    96%   71, 112
2022-07-12T23:48:12.0146418Z pyiceberg/table/refs.py                       14      0   100%
2022-07-12T23:48:12.0146687Z pyiceberg/table/snapshots.py                  40      2    95%   58, 76
2022-07-12T23:48:12.0146948Z pyiceberg/table/sorting.py                    44      0   100%
2022-07-12T23:48:12.0147383Z pyiceberg/transforms.py                      221     14    94%   94, 101, 105, 109, 131, 156, 208, 246, 250, 290, 314, 321-328
2022-07-12T23:48:12.0147678Z pyiceberg/types.py                           178      4    98%   86, 88, 90, 165
2022-07-12T23:48:12.0147925Z pyiceberg/utils/__init__.py                    0      0   100%
2022-07-12T23:48:12.0148184Z pyiceberg/utils/bin_packing.py                50      0   100%
2022-07-12T23:48:12.0148449Z pyiceberg/utils/datetime.py                   51      0   100%
2022-07-12T23:48:12.0148803Z pyiceberg/utils/decimal.py                    22      3    86%   62-65
2022-07-12T23:48:12.0149063Z pyiceberg/utils/iceberg_base_model.py         12      0   100%
2022-07-12T23:48:12.0149517Z pyiceberg/utils/parsing.py                    13      1    92%   35
2022-07-12T23:48:12.0149879Z pyiceberg/utils/schema_conversion.py          82      1    99%   159
2022-07-12T23:48:12.0150257Z pyiceberg/utils/singleton.py                  15      0   100%
2022-07-12T23:48:12.0150650Z ------------------------------------------------------------------------
2022-07-12T23:48:12.0150942Z TOTAL                                       2682    202    92%
2022-07-12T23:48:12.0203288Z poetry run coverage html
2022-07-12T23:48:13.3903564Z Wrote HTML report to htmlcov/index.html
2022-07-12T23:48:13.4037177Z poetry run coverage xml
2022-07-12T23:48:14.4443320Z Wrote XML report to coverage.xml
2022-07-12T23:48:14.4697192Z Post job cleanup.
2022-07-12T23:48:14.6400442Z Post job cleanup.
2022-07-12T23:48:14.7900840Z [command]/usr/bin/git version
2022-07-12T23:48:14.7959766Z git version 2.37.0
2022-07-12T23:48:14.8022946Z Temporarily overriding HOME='/home/runner/work/_temp/df7094e7-6c75-489e-b648-b4abea40b421' before making global git config changes
2022-07-12T23:48:14.8024324Z Adding repository directory to the temporary git global config as a safe directory
2022-07-12T23:48:14.8032330Z [command]/usr/bin/git config --global --add safe.directory /home/runner/work/iceberg/iceberg
2022-07-12T23:48:14.8083857Z [command]/usr/bin/git config --local --name-only --get-regexp core\.sshCommand
2022-07-12T23:48:14.8121983Z [command]/usr/bin/git submodule foreach --recursive git config --local --name-only --get-regexp 'core\.sshCommand' && git config --local --unset-all 'core.sshCommand' || :
2022-07-12T23:48:14.8387847Z [command]/usr/bin/git config --local --name-only --get-regexp http\.https\:\/\/github\.com\/\.extraheader
2022-07-12T23:48:14.8463700Z http.https://github.com/.extraheader
2022-07-12T23:48:14.8477675Z [command]/usr/bin/git config --local --unset-all http.https://github.com/.extraheader
2022-07-12T23:48:14.8525248Z [command]/usr/bin/git submodule foreach --recursive git config --local --name-only --get-regexp 'http\.https\:\/\/github\.com\/\.extraheader' && git config --local --unset-all 'http.https://github.com/.extraheader' || :
2022-07-12T23:48:14.9148376Z Cleaning up orphan processes