2022-06-24T17:09:49.7907454Z Requested labels: ubuntu-latest
2022-06-24T17:09:49.7907525Z Job defined at: apache/maven/.github/workflows/maven.yml@refs/heads/maven-3.9.x
2022-06-24T17:09:49.7907545Z Waiting for a runner to pick up this job...
2022-06-24T17:09:51.1091873Z Job is waiting for a hosted runner to come online.
2022-06-24T17:09:57.2418212Z Job is about to start running on the hosted runner: GitHub Actions 143 (hosted)
2022-06-24T17:10:00.8652857Z Current runner version: '2.293.0'
2022-06-24T17:10:00.8685099Z ##[group]Operating System
2022-06-24T17:10:00.8685753Z Ubuntu
2022-06-24T17:10:00.8686223Z 20.04.4
2022-06-24T17:10:00.8686466Z LTS
2022-06-24T17:10:00.8686892Z ##[endgroup]
2022-06-24T17:10:00.8687263Z ##[group]Virtual Environment
2022-06-24T17:10:00.8687613Z Environment: ubuntu-20.04
2022-06-24T17:10:00.8687972Z Version: 20220619.1
2022-06-24T17:10:00.8688570Z Included Software: https://github.com/actions/virtual-environments/blob/ubuntu20/20220619.1/images/linux/Ubuntu2004-Readme.md
2022-06-24T17:10:00.8689299Z Image Release: https://github.com/actions/virtual-environments/releases/tag/ubuntu20%2F20220619.1
2022-06-24T17:10:00.8689745Z ##[endgroup]
2022-06-24T17:10:00.8690311Z ##[group]Virtual Environment Provisioner
2022-06-24T17:10:00.8690750Z 1.0.0.0-main-20220531-1
2022-06-24T17:10:00.8691119Z ##[endgroup]
2022-06-24T17:10:00.8692258Z ##[group]GITHUB_TOKEN Permissions
2022-06-24T17:10:00.8692968Z Actions: write
2022-06-24T17:10:00.8693575Z Checks: write
2022-06-24T17:10:00.8694022Z Contents: write
2022-06-24T17:10:00.8694401Z Deployments: write
2022-06-24T17:10:00.8694736Z Discussions: write
2022-06-24T17:10:00.8695263Z Issues: write
2022-06-24T17:10:00.8696629Z Metadata: read
2022-06-24T17:10:00.8697648Z Packages: write
2022-06-24T17:10:00.8697983Z Pages: write
2022-06-24T17:10:00.8698355Z PullRequests: write
2022-06-24T17:10:00.8698882Z RepositoryProjects: write
2022-06-24T17:10:00.8699268Z SecurityEvents: write
2022-06-24T17:10:00.8699654Z Statuses: write
2022-06-24T17:10:00.8700041Z ##[endgroup]
2022-06-24T17:10:00.8704444Z Secret source: Actions
2022-06-24T17:10:00.8705188Z Prepare workflow directory
2022-06-24T17:10:00.9782259Z Prepare all required actions
2022-06-24T17:10:01.0039471Z Getting action download info
2022-06-24T17:10:01.2998942Z Download action repository 'actions/checkout@v2' (SHA:7884fcad6b5d53d10323aee724dc68d8b9096a2e)
2022-06-24T17:10:01.8015124Z Download action repository 'actions/setup-java@v2' (SHA:f0bb91606209742fe3ea40199be2f3ef195ecabf)
2022-06-24T17:10:02.1081571Z Download action repository 'actions/upload-artifact@v2' (SHA:82c141cc518b40d92cc801eee768e7aafc9c2fa2)
2022-06-24T17:10:02.6359055Z ##[group]Run actions/checkout@v2
2022-06-24T17:10:02.6359702Z with:
2022-06-24T17:10:02.6360032Z   repository: apache/maven
2022-06-24T17:10:02.6360711Z   token: ***
2022-06-24T17:10:02.6361107Z   ssh-strict: true
2022-06-24T17:10:02.6361575Z   persist-credentials: true
2022-06-24T17:10:02.6362102Z   clean: true
2022-06-24T17:10:02.6362462Z   fetch-depth: 1
2022-06-24T17:10:02.6362767Z   lfs: false
2022-06-24T17:10:02.6363134Z   submodules: false
2022-06-24T17:10:02.6363585Z   set-safe-directory: true
2022-06-24T17:10:02.6363939Z ##[endgroup]
2022-06-24T17:10:02.9991272Z Syncing repository: apache/maven
2022-06-24T17:10:02.9993738Z ##[group]Getting Git version info
2022-06-24T17:10:02.9994630Z Working directory is '/home/runner/work/maven/maven'
2022-06-24T17:10:02.9995528Z [command]/usr/bin/git version
2022-06-24T17:10:03.0119787Z git version 2.36.1
2022-06-24T17:10:03.0144827Z ##[endgroup]
2022-06-24T17:10:03.0174264Z Temporarily overriding HOME='/home/runner/work/_temp/cf234e8f-7a8f-4d82-badf-df9f53669134' before making global git config changes
2022-06-24T17:10:03.0175100Z Adding repository directory to the temporary git global config as a safe directory
2022-06-24T17:10:03.0176347Z [command]/usr/bin/git config --global --add safe.directory /home/runner/work/maven/maven
2022-06-24T17:10:03.0223585Z Deleting the contents of '/home/runner/work/maven/maven'
2022-06-24T17:10:03.0230676Z ##[group]Initializing the repository
2022-06-24T17:10:03.0233725Z [command]/usr/bin/git init /home/runner/work/maven/maven
2022-06-24T17:10:03.0342014Z hint: Using 'master' as the name for the initial branch. This default branch name
2022-06-24T17:10:03.0343478Z hint: is subject to change. To configure the initial branch name to use in all
2022-06-24T17:10:03.0345102Z hint: of your new repositories, which will suppress this warning, call:
2022-06-24T17:10:03.0349797Z hint: 
2022-06-24T17:10:03.0351151Z hint: 	git config --global init.defaultBranch <name>
2022-06-24T17:10:03.0706096Z hint: 
2022-06-24T17:10:03.0707207Z hint: Names commonly chosen instead of 'master' are 'main', 'trunk' and
2022-06-24T17:10:03.0707848Z hint: 'development'. The just-created branch can be renamed via this command:
2022-06-24T17:10:03.0708227Z hint: 
2022-06-24T17:10:03.0708557Z hint: 	git branch -m <name>
2022-06-24T17:10:03.0754630Z Initialized empty Git repository in /home/runner/work/maven/maven/.git/
2022-06-24T17:10:03.0765237Z [command]/usr/bin/git remote add origin https://github.com/apache/maven
2022-06-24T17:10:03.0766292Z ##[endgroup]
2022-06-24T17:10:03.0766876Z ##[group]Disabling automatic garbage collection
2022-06-24T17:10:03.0767557Z [command]/usr/bin/git config --local gc.auto 0
2022-06-24T17:10:03.0768155Z ##[endgroup]
2022-06-24T17:10:03.0768660Z ##[group]Setting up auth
2022-06-24T17:10:03.0769214Z [command]/usr/bin/git config --local --name-only --get-regexp core\.sshCommand
2022-06-24T17:10:03.0770140Z [command]/usr/bin/git submodule foreach --recursive git config --local --name-only --get-regexp 'core\.sshCommand' && git config --local --unset-all 'core.sshCommand' || :
2022-06-24T17:10:03.1274016Z [command]/usr/bin/git config --local --name-only --get-regexp http\.https\:\/\/github\.com\/\.extraheader
2022-06-24T17:10:03.1317869Z [command]/usr/bin/git submodule foreach --recursive git config --local --name-only --get-regexp 'http\.https\:\/\/github\.com\/\.extraheader' && git config --local --unset-all 'http.https://github.com/.extraheader' || :
2022-06-24T17:10:03.1709031Z [command]/usr/bin/git config --local http.https://github.com/.extraheader AUTHORIZATION: basic ***
2022-06-24T17:10:03.1781465Z ##[endgroup]
2022-06-24T17:10:03.1782670Z ##[group]Fetching the repository
2022-06-24T17:10:03.1791771Z [command]/usr/bin/git -c protocol.version=2 fetch --no-tags --prune --progress --no-recurse-submodules --depth=1 origin +d1e03606f3d7514e165e12d398a63167f67b5e2e:refs/remotes/origin/maven-3.9.x
2022-06-24T17:10:03.4106551Z remote: Enumerating objects: 3294, done.        
2022-06-24T17:10:03.4128255Z remote: Counting objects:   0% (1/3294)        
2022-06-24T17:10:03.4128868Z remote: Counting objects:   1% (33/3294)        
2022-06-24T17:10:03.4129310Z remote: Counting objects:   2% (66/3294)        
2022-06-24T17:10:03.4129634Z remote: Counting objects:   3% (99/3294)        
2022-06-24T17:10:03.4129932Z remote: Counting objects:   4% (132/3294)        
2022-06-24T17:10:03.4130248Z remote: Counting objects:   5% (165/3294)        
2022-06-24T17:10:03.4130557Z remote: Counting objects:   6% (198/3294)        
2022-06-24T17:10:03.4130849Z remote: Counting objects:   7% (231/3294)        
2022-06-24T17:10:03.4131153Z remote: Counting objects:   8% (264/3294)        
2022-06-24T17:10:03.4131457Z remote: Counting objects:   9% (297/3294)        
2022-06-24T17:10:03.4131744Z remote: Counting objects:  10% (330/3294)        
2022-06-24T17:10:03.4132047Z remote: Counting objects:  11% (363/3294)        
2022-06-24T17:10:03.4132361Z remote: Counting objects:  12% (396/3294)        
2022-06-24T17:10:03.4132650Z remote: Counting objects:  13% (429/3294)        
2022-06-24T17:10:03.4132959Z remote: Counting objects:  14% (462/3294)        
2022-06-24T17:10:03.4133419Z remote: Counting objects:  15% (495/3294)        
2022-06-24T17:10:03.4133893Z remote: Counting objects:  16% (528/3294)        
2022-06-24T17:10:03.4134157Z remote: Counting objects:  17% (560/3294)        
2022-06-24T17:10:03.4134437Z remote: Counting objects:  18% (593/3294)        
2022-06-24T17:10:03.4134720Z remote: Counting objects:  19% (626/3294)        
2022-06-24T17:10:03.4134983Z remote: Counting objects:  20% (659/3294)        
2022-06-24T17:10:03.4135269Z remote: Counting objects:  21% (692/3294)        
2022-06-24T17:10:03.4135548Z remote: Counting objects:  22% (725/3294)        
2022-06-24T17:10:03.4135813Z remote: Counting objects:  23% (758/3294)        
2022-06-24T17:10:03.4136104Z remote: Counting objects:  24% (791/3294)        
2022-06-24T17:10:03.4136565Z remote: Counting objects:  25% (824/3294)        
2022-06-24T17:10:03.4136852Z remote: Counting objects:  26% (857/3294)        
2022-06-24T17:10:03.4143326Z remote: Counting objects:  27% (890/3294)        
2022-06-24T17:10:03.4143678Z remote: Counting objects:  28% (923/3294)        
2022-06-24T17:10:03.4143989Z remote: Counting objects:  29% (956/3294)        
2022-06-24T17:10:03.4144439Z remote: Counting objects:  30% (989/3294)        
2022-06-24T17:10:03.4144711Z remote: Counting objects:  31% (1022/3294)        
2022-06-24T17:10:03.4145006Z remote: Counting objects:  32% (1055/3294)        
2022-06-24T17:10:03.4145299Z remote: Counting objects:  33% (1088/3294)        
2022-06-24T17:10:03.4145569Z remote: Counting objects:  34% (1120/3294)        
2022-06-24T17:10:03.4145857Z remote: Counting objects:  35% (1153/3294)        
2022-06-24T17:10:03.4146146Z remote: Counting objects:  36% (1186/3294)        
2022-06-24T17:10:03.4146414Z remote: Counting objects:  37% (1219/3294)        
2022-06-24T17:10:03.4146716Z remote: Counting objects:  38% (1252/3294)        
2022-06-24T17:10:03.4147005Z remote: Counting objects:  39% (1285/3294)        
2022-06-24T17:10:03.4147294Z remote: Counting objects:  40% (1318/3294)        
2022-06-24T17:10:03.4147561Z remote: Counting objects:  41% (1351/3294)        
2022-06-24T17:10:03.4147849Z remote: Counting objects:  42% (1384/3294)        
2022-06-24T17:10:03.4148649Z remote: Counting objects:  43% (1417/3294)        
2022-06-24T17:10:03.4148923Z remote: Counting objects:  44% (1450/3294)        
2022-06-24T17:10:03.4149210Z remote: Counting objects:  45% (1483/3294)        
2022-06-24T17:10:03.4149497Z remote: Counting objects:  46% (1516/3294)        
2022-06-24T17:10:03.4149952Z remote: Counting objects:  47% (1549/3294)        
2022-06-24T17:10:03.4150432Z remote: Counting objects:  48% (1582/3294)        
2022-06-24T17:10:03.4150740Z remote: Counting objects:  49% (1615/3294)        
2022-06-24T17:10:03.4151055Z remote: Counting objects:  50% (1647/3294)        
2022-06-24T17:10:03.4151341Z remote: Counting objects:  51% (1680/3294)        
2022-06-24T17:10:03.4151826Z remote: Counting objects:  52% (1713/3294)        
2022-06-24T17:10:03.4152163Z remote: Counting objects:  53% (1746/3294)        
2022-06-24T17:10:03.4153595Z remote: Counting objects:  54% (1779/3294)        
2022-06-24T17:10:03.4153927Z remote: Counting objects:  55% (1812/3294)        
2022-06-24T17:10:03.4154397Z remote: Counting objects:  56% (1845/3294)        
2022-06-24T17:10:03.4154829Z remote: Counting objects:  57% (1878/3294)        
2022-06-24T17:10:03.4155118Z remote: Counting objects:  58% (1911/3294)        
2022-06-24T17:10:03.4155403Z remote: Counting objects:  59% (1944/3294)        
2022-06-24T17:10:03.4155689Z remote: Counting objects:  60% (1977/3294)        
2022-06-24T17:10:03.4155956Z remote: Counting objects:  61% (2010/3294)        
2022-06-24T17:10:03.4156244Z remote: Counting objects:  62% (2043/3294)        
2022-06-24T17:10:03.4156536Z remote: Counting objects:  63% (2076/3294)        
2022-06-24T17:10:03.4157205Z remote: Counting objects:  64% (2109/3294)        
2022-06-24T17:10:03.4157481Z remote: Counting objects:  65% (2142/3294)        
2022-06-24T17:10:03.4158365Z remote: Counting objects:  66% (2175/3294)        
2022-06-24T17:10:03.4158720Z remote: Counting objects:  67% (2207/3294)        
2022-06-24T17:10:03.4158989Z remote: Counting objects:  68% (2240/3294)        
2022-06-24T17:10:03.4159273Z remote: Counting objects:  69% (2273/3294)        
2022-06-24T17:10:03.4159561Z remote: Counting objects:  70% (2306/3294)        
2022-06-24T17:10:03.4159831Z remote: Counting objects:  71% (2339/3294)        
2022-06-24T17:10:03.4160338Z remote: Counting objects:  72% (2372/3294)        
2022-06-24T17:10:03.4160643Z remote: Counting objects:  73% (2405/3294)        
2022-06-24T17:10:03.4160951Z remote: Counting objects:  74% (2438/3294)        
2022-06-24T17:10:03.4161237Z remote: Counting objects:  75% (2471/3294)        
2022-06-24T17:10:03.4161776Z remote: Counting objects:  76% (2504/3294)        
2022-06-24T17:10:03.4162087Z remote: Counting objects:  77% (2537/3294)        
2022-06-24T17:10:03.4162374Z remote: Counting objects:  78% (2570/3294)        
2022-06-24T17:10:03.4162682Z remote: Counting objects:  79% (2603/3294)        
2022-06-24T17:10:03.4162989Z remote: Counting objects:  80% (2636/3294)        
2022-06-24T17:10:03.4163464Z remote: Counting objects:  81% (2669/3294)        
2022-06-24T17:10:03.4163913Z remote: Counting objects:  82% (2702/3294)        
2022-06-24T17:10:03.4164199Z remote: Counting objects:  83% (2735/3294)        
2022-06-24T17:10:03.4164488Z remote: Counting objects:  84% (2767/3294)        
2022-06-24T17:10:03.4164756Z remote: Counting objects:  85% (2800/3294)        
2022-06-24T17:10:03.4165044Z remote: Counting objects:  86% (2833/3294)        
2022-06-24T17:10:03.4165329Z remote: Counting objects:  87% (2866/3294)        
2022-06-24T17:10:03.4165598Z remote: Counting objects:  88% (2899/3294)        
2022-06-24T17:10:03.4165892Z remote: Counting objects:  89% (2932/3294)        
2022-06-24T17:10:03.4166369Z remote: Counting objects:  90% (2965/3294)        
2022-06-24T17:10:03.4166643Z remote: Counting objects:  91% (2998/3294)        
2022-06-24T17:10:03.4166940Z remote: Counting objects:  92% (3031/3294)        
2022-06-24T17:10:03.4167394Z remote: Counting objects:  93% (3064/3294)        
2022-06-24T17:10:03.4167662Z remote: Counting objects:  94% (3097/3294)        
2022-06-24T17:10:03.4167948Z remote: Counting objects:  95% (3130/3294)        
2022-06-24T17:10:03.4168233Z remote: Counting objects:  96% (3163/3294)        
2022-06-24T17:10:03.4168517Z remote: Counting objects:  97% (3196/3294)        
2022-06-24T17:10:03.4168781Z remote: Counting objects:  98% (3229/3294)        
2022-06-24T17:10:03.4169081Z remote: Counting objects:  99% (3262/3294)        
2022-06-24T17:10:03.4169365Z remote: Counting objects: 100% (3294/3294)        
2022-06-24T17:10:03.4169646Z remote: Counting objects: 100% (3294/3294), done.        
2022-06-24T17:10:03.4173068Z remote: Compressing objects:   0% (1/1942)        
2022-06-24T17:10:03.4220929Z remote: Compressing objects:   1% (20/1942)        
2022-06-24T17:10:03.4265931Z remote: Compressing objects:   2% (39/1942)        
2022-06-24T17:10:03.4266688Z remote: Compressing objects:   3% (59/1942)        
2022-06-24T17:10:03.4267013Z remote: Compressing objects:   4% (78/1942)        
2022-06-24T17:10:03.4267335Z remote: Compressing objects:   5% (98/1942)        
2022-06-24T17:10:03.4362527Z remote: Compressing objects:   6% (117/1942)        
2022-06-24T17:10:03.4363131Z remote: Compressing objects:   7% (136/1942)        
2022-06-24T17:10:03.4364007Z remote: Compressing objects:   8% (156/1942)        
2022-06-24T17:10:03.4364651Z remote: Compressing objects:   9% (175/1942)        
2022-06-24T17:10:03.4365613Z remote: Compressing objects:  10% (195/1942)        
2022-06-24T17:10:03.4369002Z remote: Compressing objects:  11% (214/1942)        
2022-06-24T17:10:03.4391355Z remote: Compressing objects:  12% (234/1942)        
2022-06-24T17:10:03.4397226Z remote: Compressing objects:  13% (253/1942)        
2022-06-24T17:10:03.4409298Z remote: Compressing objects:  14% (272/1942)        
2022-06-24T17:10:03.4442333Z remote: Compressing objects:  15% (292/1942)        
2022-06-24T17:10:03.4449536Z remote: Compressing objects:  16% (311/1942)        
2022-06-24T17:10:03.4475380Z remote: Compressing objects:  17% (331/1942)        
2022-06-24T17:10:03.4488267Z remote: Compressing objects:  18% (350/1942)        
2022-06-24T17:10:03.4490552Z remote: Compressing objects:  19% (369/1942)        
2022-06-24T17:10:03.4496889Z remote: Compressing objects:  20% (389/1942)        
2022-06-24T17:10:03.4521309Z remote: Compressing objects:  21% (408/1942)        
2022-06-24T17:10:03.4559189Z remote: Compressing objects:  22% (428/1942)        
2022-06-24T17:10:03.4603642Z remote: Compressing objects:  23% (447/1942)        
2022-06-24T17:10:03.4658211Z remote: Compressing objects:  24% (467/1942)        
2022-06-24T17:10:03.4687060Z remote: Compressing objects:  25% (486/1942)        
2022-06-24T17:10:03.4730017Z remote: Compressing objects:  26% (505/1942)        
2022-06-24T17:10:03.4790427Z remote: Compressing objects:  27% (525/1942)        
2022-06-24T17:10:03.4845697Z remote: Compressing objects:  28% (544/1942)        
2022-06-24T17:10:03.4935848Z remote: Compressing objects:  29% (564/1942)        
2022-06-24T17:10:03.5011592Z remote: Compressing objects:  30% (583/1942)        
2022-06-24T17:10:03.5073579Z remote: Compressing objects:  31% (603/1942)        
2022-06-24T17:10:03.5147330Z remote: Compressing objects:  32% (622/1942)        
2022-06-24T17:10:03.5226974Z remote: Compressing objects:  33% (641/1942)        
2022-06-24T17:10:03.5263273Z remote: Compressing objects:  34% (661/1942)        
2022-06-24T17:10:03.5328764Z remote: Compressing objects:  35% (680/1942)        
2022-06-24T17:10:03.5355891Z remote: Compressing objects:  36% (700/1942)        
2022-06-24T17:10:03.5407772Z remote: Compressing objects:  37% (719/1942)        
2022-06-24T17:10:03.5462995Z remote: Compressing objects:  38% (738/1942)        
2022-06-24T17:10:03.5525755Z remote: Compressing objects:  39% (758/1942)        
2022-06-24T17:10:03.5627046Z remote: Compressing objects:  40% (777/1942)        
2022-06-24T17:10:03.5685032Z remote: Compressing objects:  41% (797/1942)        
2022-06-24T17:10:03.5796222Z remote: Compressing objects:  42% (816/1942)        
2022-06-24T17:10:03.5836369Z remote: Compressing objects:  43% (836/1942)        
2022-06-24T17:10:03.5897415Z remote: Compressing objects:  44% (855/1942)        
2022-06-24T17:10:03.5926922Z remote: Compressing objects:  45% (874/1942)        
2022-06-24T17:10:03.5970505Z remote: Compressing objects:  46% (894/1942)        
2022-06-24T17:10:03.6031401Z remote: Compressing objects:  47% (913/1942)        
2022-06-24T17:10:03.6081977Z remote: Compressing objects:  48% (933/1942)        
2022-06-24T17:10:03.6168095Z remote: Compressing objects:  49% (952/1942)        
2022-06-24T17:10:03.6247138Z remote: Compressing objects:  50% (971/1942)        
2022-06-24T17:10:03.6319644Z remote: Compressing objects:  51% (991/1942)        
2022-06-24T17:10:03.6366311Z remote: Compressing objects:  52% (1010/1942)        
2022-06-24T17:10:03.6403870Z remote: Compressing objects:  53% (1030/1942)        
2022-06-24T17:10:03.6427896Z remote: Compressing objects:  54% (1049/1942)        
2022-06-24T17:10:03.6453555Z remote: Compressing objects:  55% (1069/1942)        
2022-06-24T17:10:03.6512469Z remote: Compressing objects:  56% (1088/1942)        
2022-06-24T17:10:03.6549620Z remote: Compressing objects:  57% (1107/1942)        
2022-06-24T17:10:03.6606997Z remote: Compressing objects:  58% (1127/1942)        
2022-06-24T17:10:03.6670809Z remote: Compressing objects:  59% (1146/1942)        
2022-06-24T17:10:03.6707838Z remote: Compressing objects:  60% (1166/1942)        
2022-06-24T17:10:03.6756341Z remote: Compressing objects:  61% (1185/1942)        
2022-06-24T17:10:03.6794119Z remote: Compressing objects:  62% (1205/1942)        
2022-06-24T17:10:03.6868423Z remote: Compressing objects:  63% (1224/1942)        
2022-06-24T17:10:03.6917775Z remote: Compressing objects:  64% (1243/1942)        
2022-06-24T17:10:03.6922618Z remote: Compressing objects:  65% (1263/1942)        
2022-06-24T17:10:03.6923085Z remote: Compressing objects:  66% (1282/1942)        
2022-06-24T17:10:03.6923473Z remote: Compressing objects:  67% (1302/1942)        
2022-06-24T17:10:03.6942455Z remote: Compressing objects:  68% (1321/1942)        
2022-06-24T17:10:03.6943881Z remote: Compressing objects:  69% (1340/1942)        
2022-06-24T17:10:03.6945088Z remote: Compressing objects:  70% (1360/1942)        
2022-06-24T17:10:03.6945758Z remote: Compressing objects:  71% (1379/1942)        
2022-06-24T17:10:03.6946392Z remote: Compressing objects:  72% (1399/1942)        
2022-06-24T17:10:03.6947865Z remote: Compressing objects:  73% (1418/1942)        
2022-06-24T17:10:03.6949095Z remote: Compressing objects:  74% (1438/1942)        
2022-06-24T17:10:03.6951616Z remote: Compressing objects:  75% (1457/1942)        
2022-06-24T17:10:03.6952267Z remote: Compressing objects:  76% (1476/1942)        
2022-06-24T17:10:03.6953050Z remote: Compressing objects:  77% (1496/1942)        
2022-06-24T17:10:03.6953690Z remote: Compressing objects:  78% (1515/1942)        
2022-06-24T17:10:03.6955540Z remote: Compressing objects:  79% (1535/1942)        
2022-06-24T17:10:03.6956156Z remote: Compressing objects:  80% (1554/1942)        
2022-06-24T17:10:03.6957374Z remote: Compressing objects:  81% (1574/1942)        
2022-06-24T17:10:03.6958427Z remote: Compressing objects:  82% (1593/1942)        
2022-06-24T17:10:03.6959117Z remote: Compressing objects:  83% (1612/1942)        
2022-06-24T17:10:03.6960263Z remote: Compressing objects:  84% (1632/1942)        
2022-06-24T17:10:03.6960983Z remote: Compressing objects:  85% (1651/1942)        
2022-06-24T17:10:03.6961687Z remote: Compressing objects:  86% (1671/1942)        
2022-06-24T17:10:03.6962137Z remote: Compressing objects:  87% (1690/1942)        
2022-06-24T17:10:03.6963190Z remote: Compressing objects:  88% (1709/1942)        
2022-06-24T17:10:03.6966028Z remote: Compressing objects:  89% (1729/1942)        
2022-06-24T17:10:03.6966365Z remote: Compressing objects:  90% (1748/1942)        
2022-06-24T17:10:03.6966671Z remote: Compressing objects:  91% (1768/1942)        
2022-06-24T17:10:03.6967521Z remote: Compressing objects:  92% (1787/1942)        
2022-06-24T17:10:03.6968572Z remote: Compressing objects:  93% (1807/1942)        
2022-06-24T17:10:03.6968889Z remote: Compressing objects:  94% (1826/1942)        
2022-06-24T17:10:03.6969176Z remote: Compressing objects:  95% (1845/1942)        
2022-06-24T17:10:03.6969480Z remote: Compressing objects:  96% (1865/1942)        
2022-06-24T17:10:03.6970289Z remote: Compressing objects:  97% (1884/1942)        
2022-06-24T17:10:03.6972392Z remote: Compressing objects:  98% (1904/1942)        
2022-06-24T17:10:03.6972765Z remote: Compressing objects:  99% (1923/1942)        
2022-06-24T17:10:03.6973319Z remote: Compressing objects: 100% (1942/1942)        
2022-06-24T17:10:03.6973685Z remote: Compressing objects: 100% (1942/1942), done.        
2022-06-24T17:10:03.7080874Z Receiving objects:   0% (1/3294)
2022-06-24T17:10:03.7084422Z Receiving objects:   1% (33/3294)
2022-06-24T17:10:03.7099789Z Receiving objects:   2% (66/3294)
2022-06-24T17:10:03.7116614Z Receiving objects:   3% (99/3294)
2022-06-24T17:10:03.7132786Z Receiving objects:   4% (132/3294)
2022-06-24T17:10:03.7144406Z Receiving objects:   5% (165/3294)
2022-06-24T17:10:03.7167928Z Receiving objects:   6% (198/3294)
2022-06-24T17:10:03.7193547Z Receiving objects:   7% (231/3294)
2022-06-24T17:10:03.7227950Z Receiving objects:   8% (264/3294)
2022-06-24T17:10:03.7263044Z Receiving objects:   9% (297/3294)
2022-06-24T17:10:03.7310660Z Receiving objects:  10% (330/3294)
2022-06-24T17:10:03.7335809Z Receiving objects:  11% (363/3294)
2022-06-24T17:10:03.7345326Z Receiving objects:  12% (396/3294)
2022-06-24T17:10:03.7382812Z Receiving objects:  13% (429/3294)
2022-06-24T17:10:03.7429206Z Receiving objects:  14% (462/3294)
2022-06-24T17:10:03.7446712Z Receiving objects:  15% (495/3294)
2022-06-24T17:10:03.7454232Z Receiving objects:  16% (528/3294)
2022-06-24T17:10:03.7462320Z Receiving objects:  17% (560/3294)
2022-06-24T17:10:03.7466735Z Receiving objects:  18% (593/3294)
2022-06-24T17:10:03.7473058Z Receiving objects:  19% (626/3294)
2022-06-24T17:10:03.7488257Z Receiving objects:  20% (659/3294)
2022-06-24T17:10:03.7494464Z Receiving objects:  21% (692/3294)
2022-06-24T17:10:03.7506431Z Receiving objects:  22% (725/3294)
2022-06-24T17:10:03.7527501Z Receiving objects:  23% (758/3294)
2022-06-24T17:10:03.7537844Z Receiving objects:  24% (791/3294)
2022-06-24T17:10:03.7552612Z Receiving objects:  25% (824/3294)
2022-06-24T17:10:03.7573076Z Receiving objects:  26% (857/3294)
2022-06-24T17:10:03.7597170Z Receiving objects:  27% (890/3294)
2022-06-24T17:10:03.7624715Z Receiving objects:  28% (923/3294)
2022-06-24T17:10:03.7675204Z Receiving objects:  29% (956/3294)
2022-06-24T17:10:03.7803394Z Receiving objects:  30% (989/3294)
2022-06-24T17:10:03.7818686Z Receiving objects:  31% (1022/3294)
2022-06-24T17:10:03.7878513Z Receiving objects:  32% (1055/3294)
2022-06-24T17:10:03.7887444Z Receiving objects:  33% (1088/3294)
2022-06-24T17:10:03.7899092Z Receiving objects:  34% (1120/3294)
2022-06-24T17:10:03.7965817Z Receiving objects:  35% (1153/3294)
2022-06-24T17:10:03.7983741Z Receiving objects:  36% (1186/3294)
2022-06-24T17:10:03.7999713Z Receiving objects:  37% (1219/3294)
2022-06-24T17:10:03.8049661Z Receiving objects:  38% (1252/3294)
2022-06-24T17:10:03.8064186Z Receiving objects:  39% (1285/3294)
2022-06-24T17:10:03.8071051Z Receiving objects:  40% (1318/3294)
2022-06-24T17:10:03.8082825Z Receiving objects:  41% (1351/3294)
2022-06-24T17:10:03.8091424Z Receiving objects:  42% (1384/3294)
2022-06-24T17:10:03.8098793Z Receiving objects:  43% (1417/3294)
2022-06-24T17:10:03.8112799Z Receiving objects:  44% (1450/3294)
2022-06-24T17:10:03.8170423Z Receiving objects:  45% (1483/3294)
2022-06-24T17:10:03.8183777Z Receiving objects:  46% (1516/3294)
2022-06-24T17:10:03.8190910Z Receiving objects:  47% (1549/3294)
2022-06-24T17:10:03.8203207Z Receiving objects:  48% (1582/3294)
2022-06-24T17:10:03.8210674Z Receiving objects:  49% (1615/3294)
2022-06-24T17:10:03.8218090Z Receiving objects:  50% (1647/3294)
2022-06-24T17:10:03.8225160Z Receiving objects:  51% (1680/3294)
2022-06-24T17:10:03.8230998Z Receiving objects:  52% (1713/3294)
2022-06-24T17:10:03.8240932Z Receiving objects:  53% (1746/3294)
2022-06-24T17:10:03.8247753Z Receiving objects:  54% (1779/3294)
2022-06-24T17:10:03.8254262Z Receiving objects:  55% (1812/3294)
2022-06-24T17:10:03.8261838Z Receiving objects:  56% (1845/3294)
2022-06-24T17:10:03.8273064Z Receiving objects:  57% (1878/3294)
2022-06-24T17:10:03.8281200Z Receiving objects:  58% (1911/3294)
2022-06-24T17:10:03.8363628Z Receiving objects:  59% (1944/3294)
2022-06-24T17:10:03.8383646Z Receiving objects:  60% (1977/3294)
2022-06-24T17:10:03.8431446Z Receiving objects:  61% (2010/3294)
2022-06-24T17:10:03.8574014Z Receiving objects:  62% (2043/3294)
2022-06-24T17:10:03.8633476Z Receiving objects:  63% (2076/3294)
2022-06-24T17:10:03.8640839Z Receiving objects:  64% (2109/3294)
2022-06-24T17:10:03.8652525Z Receiving objects:  65% (2142/3294)
2022-06-24T17:10:03.8658404Z Receiving objects:  66% (2175/3294)
2022-06-24T17:10:03.8668210Z Receiving objects:  67% (2207/3294)
2022-06-24T17:10:03.8683711Z Receiving objects:  68% (2240/3294)
2022-06-24T17:10:03.8696550Z Receiving objects:  69% (2273/3294)
2022-06-24T17:10:03.8702449Z Receiving objects:  70% (2306/3294)
2022-06-24T17:10:03.8709627Z Receiving objects:  71% (2339/3294)
2022-06-24T17:10:03.8715338Z Receiving objects:  72% (2372/3294)
2022-06-24T17:10:03.8721429Z Receiving objects:  73% (2405/3294)
2022-06-24T17:10:03.8727531Z Receiving objects:  74% (2438/3294)
2022-06-24T17:10:03.8732232Z Receiving objects:  75% (2471/3294)
2022-06-24T17:10:03.8737560Z Receiving objects:  76% (2504/3294)
2022-06-24T17:10:03.8743390Z Receiving objects:  77% (2537/3294)
2022-06-24T17:10:03.8749411Z Receiving objects:  78% (2570/3294)
2022-06-24T17:10:03.8754567Z Receiving objects:  79% (2603/3294)
2022-06-24T17:10:03.8761918Z Receiving objects:  80% (2636/3294)
2022-06-24T17:10:03.8771417Z Receiving objects:  81% (2669/3294)
2022-06-24T17:10:03.8776523Z Receiving objects:  82% (2702/3294)
2022-06-24T17:10:03.8785051Z Receiving objects:  83% (2735/3294)
2022-06-24T17:10:03.8806306Z Receiving objects:  84% (2767/3294)
2022-06-24T17:10:03.8822899Z Receiving objects:  85% (2800/3294)
2022-06-24T17:10:03.8849422Z Receiving objects:  86% (2833/3294)
2022-06-24T17:10:03.8879698Z Receiving objects:  87% (2866/3294)
2022-06-24T17:10:03.8893041Z Receiving objects:  88% (2899/3294)
2022-06-24T17:10:03.8899332Z Receiving objects:  89% (2932/3294)
2022-06-24T17:10:03.8903399Z Receiving objects:  90% (2965/3294)
2022-06-24T17:10:03.8919371Z Receiving objects:  91% (2998/3294)
2022-06-24T17:10:03.8924122Z Receiving objects:  92% (3031/3294)
2022-06-24T17:10:03.8934981Z Receiving objects:  93% (3064/3294)
2022-06-24T17:10:03.8945894Z Receiving objects:  94% (3097/3294)
2022-06-24T17:10:03.8958601Z Receiving objects:  95% (3130/3294)
2022-06-24T17:10:03.8967667Z Receiving objects:  96% (3163/3294)
2022-06-24T17:10:03.8973075Z Receiving objects:  97% (3196/3294)
2022-06-24T17:10:03.8978949Z Receiving objects:  98% (3229/3294)
2022-06-24T17:10:03.8999070Z Receiving objects:  99% (3262/3294)
2022-06-24T17:10:03.9000578Z remote: Total 3294 (delta 1173), reused 2064 (delta 571), pack-reused 0        
2022-06-24T17:10:03.9014658Z Receiving objects: 100% (3294/3294)
2022-06-24T17:10:03.9015463Z Receiving objects: 100% (3294/3294), 2.76 MiB | 13.92 MiB/s, done.
2022-06-24T17:10:03.9027632Z Resolving deltas:   0% (0/1173)
2022-06-24T17:10:03.9030998Z Resolving deltas:   1% (12/1173)
2022-06-24T17:10:03.9035550Z Resolving deltas:   2% (24/1173)
2022-06-24T17:10:03.9039370Z Resolving deltas:   3% (36/1173)
2022-06-24T17:10:03.9046108Z Resolving deltas:   4% (47/1173)
2022-06-24T17:10:03.9048719Z Resolving deltas:   5% (59/1173)
2022-06-24T17:10:03.9051791Z Resolving deltas:   6% (71/1173)
2022-06-24T17:10:03.9055956Z Resolving deltas:   7% (83/1173)
2022-06-24T17:10:03.9057750Z Resolving deltas:   8% (94/1173)
2022-06-24T17:10:03.9064717Z Resolving deltas:   9% (106/1173)
2022-06-24T17:10:03.9069345Z Resolving deltas:  10% (118/1173)
2022-06-24T17:10:03.9072468Z Resolving deltas:  11% (130/1173)
2022-06-24T17:10:03.9079163Z Resolving deltas:  12% (141/1173)
2022-06-24T17:10:03.9084335Z Resolving deltas:  13% (153/1173)
2022-06-24T17:10:03.9087821Z Resolving deltas:  14% (165/1173)
2022-06-24T17:10:03.9090436Z Resolving deltas:  15% (176/1173)
2022-06-24T17:10:03.9094734Z Resolving deltas:  16% (188/1173)
2022-06-24T17:10:03.9101534Z Resolving deltas:  17% (200/1173)
2022-06-24T17:10:03.9106990Z Resolving deltas:  18% (212/1173)
2022-06-24T17:10:03.9111216Z Resolving deltas:  19% (223/1173)
2022-06-24T17:10:03.9117003Z Resolving deltas:  20% (235/1173)
2022-06-24T17:10:03.9117913Z Resolving deltas:  21% (247/1173)
2022-06-24T17:10:03.9121542Z Resolving deltas:  22% (259/1173)
2022-06-24T17:10:03.9124139Z Resolving deltas:  23% (270/1173)
2022-06-24T17:10:03.9126595Z Resolving deltas:  24% (282/1173)
2022-06-24T17:10:03.9131755Z Resolving deltas:  25% (294/1173)
2022-06-24T17:10:03.9134467Z Resolving deltas:  26% (305/1173)
2022-06-24T17:10:03.9139827Z Resolving deltas:  27% (317/1173)
2022-06-24T17:10:03.9144133Z Resolving deltas:  28% (329/1173)
2022-06-24T17:10:03.9157470Z Resolving deltas:  29% (341/1173)
2022-06-24T17:10:03.9166320Z Resolving deltas:  30% (352/1173)
2022-06-24T17:10:03.9172519Z Resolving deltas:  31% (364/1173)
2022-06-24T17:10:03.9179501Z Resolving deltas:  32% (376/1173)
2022-06-24T17:10:03.9182269Z Resolving deltas:  33% (388/1173)
2022-06-24T17:10:03.9194266Z Resolving deltas:  34% (399/1173)
2022-06-24T17:10:03.9199984Z Resolving deltas:  35% (411/1173)
2022-06-24T17:10:03.9208355Z Resolving deltas:  36% (423/1173)
2022-06-24T17:10:03.9218531Z Resolving deltas:  37% (435/1173)
2022-06-24T17:10:03.9226297Z Resolving deltas:  38% (446/1173)
2022-06-24T17:10:03.9232057Z Resolving deltas:  39% (458/1173)
2022-06-24T17:10:03.9243699Z Resolving deltas:  40% (470/1173)
2022-06-24T17:10:03.9249581Z Resolving deltas:  41% (481/1173)
2022-06-24T17:10:03.9255669Z Resolving deltas:  42% (493/1173)
2022-06-24T17:10:03.9265692Z Resolving deltas:  43% (505/1173)
2022-06-24T17:10:03.9273102Z Resolving deltas:  44% (517/1173)
2022-06-24T17:10:03.9279553Z Resolving deltas:  45% (528/1173)
2022-06-24T17:10:03.9281389Z Resolving deltas:  46% (540/1173)
2022-06-24T17:10:03.9283818Z Resolving deltas:  47% (552/1173)
2022-06-24T17:10:03.9287121Z Resolving deltas:  48% (564/1173)
2022-06-24T17:10:03.9290078Z Resolving deltas:  49% (575/1173)
2022-06-24T17:10:03.9293223Z Resolving deltas:  50% (587/1173)
2022-06-24T17:10:03.9294741Z Resolving deltas:  51% (599/1173)
2022-06-24T17:10:03.9298764Z Resolving deltas:  52% (610/1173)
2022-06-24T17:10:03.9300566Z Resolving deltas:  53% (622/1173)
2022-06-24T17:10:03.9302089Z Resolving deltas:  54% (634/1173)
2022-06-24T17:10:03.9304450Z Resolving deltas:  55% (646/1173)
2022-06-24T17:10:03.9307624Z Resolving deltas:  56% (657/1173)
2022-06-24T17:10:03.9309499Z Resolving deltas:  57% (669/1173)
2022-06-24T17:10:03.9313266Z Resolving deltas:  58% (681/1173)
2022-06-24T17:10:03.9320472Z Resolving deltas:  59% (693/1173)
2022-06-24T17:10:03.9324855Z Resolving deltas:  60% (704/1173)
2022-06-24T17:10:03.9328767Z Resolving deltas:  61% (716/1173)
2022-06-24T17:10:03.9334371Z Resolving deltas:  62% (728/1173)
2022-06-24T17:10:03.9340610Z Resolving deltas:  63% (739/1173)
2022-06-24T17:10:03.9345754Z Resolving deltas:  64% (751/1173)
2022-06-24T17:10:03.9354569Z Resolving deltas:  65% (763/1173)
2022-06-24T17:10:03.9362669Z Resolving deltas:  66% (775/1173)
2022-06-24T17:10:03.9369518Z Resolving deltas:  67% (786/1173)
2022-06-24T17:10:03.9383329Z Resolving deltas:  68% (798/1173)
2022-06-24T17:10:03.9387728Z Resolving deltas:  69% (810/1173)
2022-06-24T17:10:03.9394619Z Resolving deltas:  70% (822/1173)
2022-06-24T17:10:03.9401679Z Resolving deltas:  71% (833/1173)
2022-06-24T17:10:03.9410365Z Resolving deltas:  72% (845/1173)
2022-06-24T17:10:03.9417396Z Resolving deltas:  73% (858/1173)
2022-06-24T17:10:03.9424505Z Resolving deltas:  74% (869/1173)
2022-06-24T17:10:03.9430611Z Resolving deltas:  75% (880/1173)
2022-06-24T17:10:03.9442062Z Resolving deltas:  76% (892/1173)
2022-06-24T17:10:03.9446438Z Resolving deltas:  77% (904/1173)
2022-06-24T17:10:03.9458163Z Resolving deltas:  78% (915/1173)
2022-06-24T17:10:03.9462341Z Resolving deltas:  79% (927/1173)
2022-06-24T17:10:03.9464001Z Resolving deltas:  80% (939/1173)
2022-06-24T17:10:03.9466796Z Resolving deltas:  81% (951/1173)
2022-06-24T17:10:03.9470761Z Resolving deltas:  82% (962/1173)
2022-06-24T17:10:03.9472731Z Resolving deltas:  83% (974/1173)
2022-06-24T17:10:03.9477530Z Resolving deltas:  84% (986/1173)
2022-06-24T17:10:03.9480483Z Resolving deltas:  85% (998/1173)
2022-06-24T17:10:03.9483253Z Resolving deltas:  86% (1009/1173)
2022-06-24T17:10:03.9485415Z Resolving deltas:  87% (1021/1173)
2022-06-24T17:10:03.9490023Z Resolving deltas:  88% (1033/1173)
2022-06-24T17:10:03.9492011Z Resolving deltas:  89% (1044/1173)
2022-06-24T17:10:03.9496695Z Resolving deltas:  90% (1056/1173)
2022-06-24T17:10:03.9498757Z Resolving deltas:  91% (1068/1173)
2022-06-24T17:10:03.9505418Z Resolving deltas:  92% (1080/1173)
2022-06-24T17:10:03.9507258Z Resolving deltas:  93% (1091/1173)
2022-06-24T17:10:03.9514671Z Resolving deltas:  94% (1103/1173)
2022-06-24T17:10:03.9519580Z Resolving deltas:  95% (1115/1173)
2022-06-24T17:10:03.9531462Z Resolving deltas:  96% (1127/1173)
2022-06-24T17:10:03.9536088Z Resolving deltas:  97% (1138/1173)
2022-06-24T17:10:03.9541940Z Resolving deltas:  98% (1150/1173)
2022-06-24T17:10:03.9547082Z Resolving deltas:  99% (1162/1173)
2022-06-24T17:10:03.9547700Z Resolving deltas: 100% (1173/1173)
2022-06-24T17:10:03.9548169Z Resolving deltas: 100% (1173/1173), done.
2022-06-24T17:10:04.0647774Z From https://github.com/apache/maven
2022-06-24T17:10:04.0649282Z  * [new ref]         d1e03606f3d7514e165e12d398a63167f67b5e2e -> origin/maven-3.9.x
2022-06-24T17:10:04.0673912Z ##[endgroup]
2022-06-24T17:10:04.0674816Z ##[group]Determining the checkout info
2022-06-24T17:10:04.0694672Z ##[endgroup]
2022-06-24T17:10:04.0695521Z ##[group]Checking out the ref
2022-06-24T17:10:04.0696885Z [command]/usr/bin/git checkout --progress --force -B maven-3.9.x refs/remotes/origin/maven-3.9.x
2022-06-24T17:10:04.2524529Z Switched to a new branch 'maven-3.9.x'
2022-06-24T17:10:04.2525419Z branch 'maven-3.9.x' set up to track 'origin/maven-3.9.x'.
2022-06-24T17:10:04.2526354Z ##[endgroup]
2022-06-24T17:10:04.2580376Z [command]/usr/bin/git log -1 --format='%H'
2022-06-24T17:10:04.2616531Z 'd1e03606f3d7514e165e12d398a63167f67b5e2e'
2022-06-24T17:10:04.3069501Z ##[group]Run actions/setup-java@v2
2022-06-24T17:10:04.3070118Z with:
2022-06-24T17:10:04.3070353Z   java-version: 8
2022-06-24T17:10:04.3070603Z   distribution: temurin
2022-06-24T17:10:04.3070827Z   cache: maven
2022-06-24T17:10:04.3071074Z   java-package: jdk
2022-06-24T17:10:04.3071323Z   architecture: x64
2022-06-24T17:10:04.3071572Z   check-latest: false
2022-06-24T17:10:04.3071801Z   server-id: github
2022-06-24T17:10:04.3072066Z   server-username: GITHUB_ACTOR
2022-06-24T17:10:04.3072367Z   server-password: GITHUB_TOKEN
2022-06-24T17:10:04.3072634Z   overwrite-settings: true
2022-06-24T17:10:04.3072896Z   job-status: success
2022-06-24T17:10:04.3073132Z ##[endgroup]
2022-06-24T17:10:04.5640212Z Resolved Java 8.0.332+9 from tool-cache
2022-06-24T17:10:04.5642624Z Setting Java 8.0.332+9 as the default
2022-06-24T17:10:04.5660322Z 
2022-06-24T17:10:04.5661715Z Java configuration:
2022-06-24T17:10:04.5662294Z   Distribution: temurin
2022-06-24T17:10:04.5663305Z   Version: 8.0.332+9
2022-06-24T17:10:04.5664093Z   Path: /opt/hostedtoolcache/Java_Temurin-Hotspot_jdk/8.0.332-9/x64
2022-06-24T17:10:04.5666034Z 
2022-06-24T17:10:04.5692866Z Creating settings.xml with server-id: github
2022-06-24T17:10:04.5794298Z Writing to /home/runner/.m2/settings.xml
2022-06-24T17:10:06.8446856Z Received 138412032 of 230551752 (60.0%), 132.0 MBs/sec
2022-06-24T17:10:07.4799384Z Received 230551752 of 230551752 (100.0%), 134.5 MBs/sec
2022-06-24T17:10:07.4801598Z Cache Size: ~220 MB (230551752 B)
2022-06-24T17:10:07.4933551Z [command]/usr/bin/tar --use-compress-program zstd -d -xf /home/runner/work/_temp/1c82c1e7-d619-4f7c-aa2f-ce0538a688db/cache.tzst -P -C /home/runner/work/maven/maven
2022-06-24T17:10:09.1035785Z Cache restored successfully
2022-06-24T17:10:09.1503516Z Cache restored from key: setup-java-Linux-maven-693fbc7a2959553db57e5377bd86d3dd16dca838dcb3b33ccab28ffdd71ec381
2022-06-24T17:10:09.1938544Z ##[group]Run mvn verify -e -B -V -DdistributionFileName=apache-maven
2022-06-24T17:10:09.1939098Z [36;1mmvn verify -e -B -V -DdistributionFileName=apache-maven[0m
2022-06-24T17:10:09.2010519Z shell: /usr/bin/bash -e {0}
2022-06-24T17:10:09.2010789Z env:
2022-06-24T17:10:09.2011127Z   JAVA_HOME: /opt/hostedtoolcache/Java_Temurin-Hotspot_jdk/8.0.332-9/x64
2022-06-24T17:10:09.2011463Z ##[endgroup]
2022-06-24T17:10:09.7487817Z Apache Maven 3.8.6 (84538c9988a25aec085021c365c560670ad80f63)
2022-06-24T17:10:09.7488887Z Maven home: /usr/share/apache-maven-3.8.6
2022-06-24T17:10:09.7489727Z Java version: 1.8.0_332, vendor: Temurin, runtime: /usr/lib/jvm/temurin-8-jdk-amd64/jre
2022-06-24T17:10:09.7490687Z Default locale: en, platform encoding: UTF-8
2022-06-24T17:10:09.7492544Z OS name: "linux", version: "5.13.0-1031-azure", arch: "amd64", family: "unix"
2022-06-24T17:10:10.9022057Z [WARNING] The POM for org.apache.maven.extensions:maven-build-cache-extension:jar:1.0.0-SNAPSHOT is missing, no dependency information available
2022-06-24T17:10:10.9066525Z [ERROR] Error executing Maven.
2022-06-24T17:10:10.9068293Z org.apache.maven.cli.internal.ExtensionResolutionException: Extension org.apache.maven.extensions:maven-build-cache-extension:1.0.0-SNAPSHOT or one of its dependencies could not be resolved: Could not find artifact org.apache.maven.extensions:maven-build-cache-extension:jar:1.0.0-SNAPSHOT
2022-06-24T17:10:10.9069582Z     at org.apache.maven.cli.internal.BootstrapCoreExtensionManager.resolveExtension (BootstrapCoreExtensionManager.java:162)
2022-06-24T17:10:10.9071218Z     at org.apache.maven.cli.internal.BootstrapCoreExtensionManager.resolveCoreExtensions (BootstrapCoreExtensionManager.java:108)
2022-06-24T17:10:10.9084387Z     at org.apache.maven.cli.internal.BootstrapCoreExtensionManager.loadCoreExtensions (BootstrapCoreExtensionManager.java:92)
2022-06-24T17:10:10.9085211Z     at org.apache.maven.cli.MavenCli.loadCoreExtensions (MavenCli.java:768)
2022-06-24T17:10:10.9085735Z     at org.apache.maven.cli.MavenCli.container (MavenCli.java:633)
2022-06-24T17:10:10.9086202Z     at org.apache.maven.cli.MavenCli.doMain (MavenCli.java:286)
2022-06-24T17:10:10.9115263Z     at org.apache.maven.cli.MavenCli.main (MavenCli.java:196)
2022-06-24T17:10:10.9116134Z     at sun.reflect.NativeMethodAccessorImpl.invoke0 (Native Method)
2022-06-24T17:10:10.9116623Z     at sun.reflect.NativeMethodAccessorImpl.invoke (NativeMethodAccessorImpl.java:62)
2022-06-24T17:10:10.9117380Z     at sun.reflect.DelegatingMethodAccessorImpl.invoke (DelegatingMethodAccessorImpl.java:43)
2022-06-24T17:10:10.9117825Z     at java.lang.reflect.Method.invoke (Method.java:498)
2022-06-24T17:10:10.9118302Z     at org.codehaus.plexus.classworlds.launcher.Launcher.launchEnhanced (Launcher.java:282)
2022-06-24T17:10:10.9118852Z     at org.codehaus.plexus.classworlds.launcher.Launcher.launch (Launcher.java:225)
2022-06-24T17:10:10.9119415Z     at org.codehaus.plexus.classworlds.launcher.Launcher.mainWithExitCode (Launcher.java:406)
2022-06-24T17:10:10.9119962Z     at org.codehaus.plexus.classworlds.launcher.Launcher.main (Launcher.java:347)
2022-06-24T17:10:10.9121503Z Caused by: org.eclipse.aether.resolution.ArtifactResolutionException: Could not find artifact org.apache.maven.extensions:maven-build-cache-extension:jar:1.0.0-SNAPSHOT
2022-06-24T17:10:10.9122334Z     at org.eclipse.aether.internal.impl.DefaultArtifactResolver.resolve (DefaultArtifactResolver.java:425)
2022-06-24T17:10:10.9123098Z     at org.eclipse.aether.internal.impl.DefaultArtifactResolver.resolveArtifacts (DefaultArtifactResolver.java:229)
2022-06-24T17:10:10.9123932Z     at org.eclipse.aether.internal.impl.DefaultRepositorySystem.resolveDependencies (DefaultRepositorySystem.java:340)
2022-06-24T17:10:10.9125022Z     at org.apache.maven.plugin.internal.DefaultPluginDependenciesResolver.resolveInternal (DefaultPluginDependenciesResolver.java:226)
2022-06-24T17:10:10.9126167Z     at org.apache.maven.plugin.internal.DefaultPluginDependenciesResolver.resolveCoreExtension (DefaultPluginDependenciesResolver.java:157)
2022-06-24T17:10:10.9127028Z     at org.apache.maven.cli.internal.BootstrapCoreExtensionManager.resolveExtension (BootstrapCoreExtensionManager.java:153)
2022-06-24T17:10:10.9127817Z     at org.apache.maven.cli.internal.BootstrapCoreExtensionManager.resolveCoreExtensions (BootstrapCoreExtensionManager.java:108)
2022-06-24T17:10:10.9128782Z     at org.apache.maven.cli.internal.BootstrapCoreExtensionManager.loadCoreExtensions (BootstrapCoreExtensionManager.java:92)
2022-06-24T17:10:10.9129425Z     at org.apache.maven.cli.MavenCli.loadCoreExtensions (MavenCli.java:768)
2022-06-24T17:10:10.9129858Z     at org.apache.maven.cli.MavenCli.container (MavenCli.java:633)
2022-06-24T17:10:10.9130265Z     at org.apache.maven.cli.MavenCli.doMain (MavenCli.java:286)
2022-06-24T17:10:10.9130833Z     at org.apache.maven.cli.MavenCli.main (MavenCli.java:196)
2022-06-24T17:10:10.9131293Z     at sun.reflect.NativeMethodAccessorImpl.invoke0 (Native Method)
2022-06-24T17:10:10.9131846Z     at sun.reflect.NativeMethodAccessorImpl.invoke (NativeMethodAccessorImpl.java:62)
2022-06-24T17:10:10.9139824Z     at sun.reflect.DelegatingMethodAccessorImpl.invoke (DelegatingMethodAccessorImpl.java:43)
2022-06-24T17:10:10.9146359Z     at java.lang.reflect.Method.invoke (Method.java:498)
2022-06-24T17:10:10.9150463Z     at org.codehaus.plexus.classworlds.launcher.Launcher.launchEnhanced (Launcher.java:282)
2022-06-24T17:10:10.9155798Z     at org.codehaus.plexus.classworlds.launcher.Launcher.launch (Launcher.java:225)
2022-06-24T17:10:10.9162378Z     at org.codehaus.plexus.classworlds.launcher.Launcher.mainWithExitCode (Launcher.java:406)
2022-06-24T17:10:10.9167128Z     at org.codehaus.plexus.classworlds.launcher.Launcher.main (Launcher.java:347)
2022-06-24T17:10:10.9171305Z Caused by: org.eclipse.aether.transfer.ArtifactNotFoundException: Could not find artifact org.apache.maven.extensions:maven-build-cache-extension:jar:1.0.0-SNAPSHOT
2022-06-24T17:10:10.9177402Z     at org.eclipse.aether.internal.impl.DefaultArtifactResolver.resolve (DefaultArtifactResolver.java:415)
2022-06-24T17:10:10.9182809Z     at org.eclipse.aether.internal.impl.DefaultArtifactResolver.resolveArtifacts (DefaultArtifactResolver.java:229)
2022-06-24T17:10:10.9188456Z     at org.eclipse.aether.internal.impl.DefaultRepositorySystem.resolveDependencies (DefaultRepositorySystem.java:340)
2022-06-24T17:10:10.9193445Z     at org.apache.maven.plugin.internal.DefaultPluginDependenciesResolver.resolveInternal (DefaultPluginDependenciesResolver.java:226)
2022-06-24T17:10:10.9198633Z     at org.apache.maven.plugin.internal.DefaultPluginDependenciesResolver.resolveCoreExtension (DefaultPluginDependenciesResolver.java:157)
2022-06-24T17:10:10.9203314Z     at org.apache.maven.cli.internal.BootstrapCoreExtensionManager.resolveExtension (BootstrapCoreExtensionManager.java:153)
2022-06-24T17:10:10.9208787Z     at org.apache.maven.cli.internal.BootstrapCoreExtensionManager.resolveCoreExtensions (BootstrapCoreExtensionManager.java:108)
2022-06-24T17:10:10.9213287Z     at org.apache.maven.cli.internal.BootstrapCoreExtensionManager.loadCoreExtensions (BootstrapCoreExtensionManager.java:92)
2022-06-24T17:10:10.9217615Z     at org.apache.maven.cli.MavenCli.loadCoreExtensions (MavenCli.java:768)
2022-06-24T17:10:10.9222374Z     at org.apache.maven.cli.MavenCli.container (MavenCli.java:633)
2022-06-24T17:10:10.9225717Z     at org.apache.maven.cli.MavenCli.doMain (MavenCli.java:286)
2022-06-24T17:10:10.9230264Z     at org.apache.maven.cli.MavenCli.main (MavenCli.java:196)
2022-06-24T17:10:10.9235167Z     at sun.reflect.NativeMethodAccessorImpl.invoke0 (Native Method)
2022-06-24T17:10:10.9239255Z     at sun.reflect.NativeMethodAccessorImpl.invoke (NativeMethodAccessorImpl.java:62)
2022-06-24T17:10:10.9244391Z     at sun.reflect.DelegatingMethodAccessorImpl.invoke (DelegatingMethodAccessorImpl.java:43)
2022-06-24T17:10:10.9248224Z     at java.lang.reflect.Method.invoke (Method.java:498)
2022-06-24T17:10:10.9252746Z     at org.codehaus.plexus.classworlds.launcher.Launcher.launchEnhanced (Launcher.java:282)
2022-06-24T17:10:10.9258071Z     at org.codehaus.plexus.classworlds.launcher.Launcher.launch (Launcher.java:225)
2022-06-24T17:10:10.9261862Z     at org.codehaus.plexus.classworlds.launcher.Launcher.mainWithExitCode (Launcher.java:406)
2022-06-24T17:10:10.9265630Z     at org.codehaus.plexus.classworlds.launcher.Launcher.main (Launcher.java:347)
2022-06-24T17:10:10.9440976Z ##[error]Process completed with exit code 1.
2022-06-24T17:10:10.9551319Z Post job cleanup.
2022-06-24T17:10:11.1667179Z Post job cleanup.
2022-06-24T17:10:11.3597095Z [command]/usr/bin/git version
2022-06-24T17:10:11.3659865Z git version 2.36.1
2022-06-24T17:10:11.3732822Z Temporarily overriding HOME='/home/runner/work/_temp/d6ea8720-3172-4d4a-9438-586368a687af' before making global git config changes
2022-06-24T17:10:11.3733786Z Adding repository directory to the temporary git global config as a safe directory
2022-06-24T17:10:11.3742459Z [command]/usr/bin/git config --global --add safe.directory /home/runner/work/maven/maven
2022-06-24T17:10:11.3796973Z [command]/usr/bin/git config --local --name-only --get-regexp core\.sshCommand
2022-06-24T17:10:11.3843318Z [command]/usr/bin/git submodule foreach --recursive git config --local --name-only --get-regexp 'core\.sshCommand' && git config --local --unset-all 'core.sshCommand' || :
2022-06-24T17:10:11.4196094Z [command]/usr/bin/git config --local --name-only --get-regexp http\.https\:\/\/github\.com\/\.extraheader
2022-06-24T17:10:11.4236967Z http.https://github.com/.extraheader
2022-06-24T17:10:11.4248635Z [command]/usr/bin/git config --local --unset-all http.https://github.com/.extraheader
2022-06-24T17:10:11.4290954Z [command]/usr/bin/git submodule foreach --recursive git config --local --name-only --get-regexp 'http\.https\:\/\/github\.com\/\.extraheader' && git config --local --unset-all 'http.https://github.com/.extraheader' || :
2022-06-24T17:10:11.4860437Z Cleaning up orphan processes