2022-03-30T09:47:33.2067296Z Requested labels: ubuntu-latest
2022-03-30T09:47:33.2067356Z Job defined at: michel-kraemer/gradle-download-task/.github/workflows/gradle.yml@refs/heads/master
2022-03-30T09:47:33.2067378Z Waiting for a runner to pick up this job...
2022-03-30T09:47:35.0539354Z Job is waiting for a hosted runner to come online.
2022-03-30T09:47:38.7874097Z Job is about to start running on the hosted runner: Hosted Agent (hosted)
2022-03-30T09:47:43.5225165Z Current runner version: '2.289.1'
2022-03-30T09:47:43.5253808Z ##[group]Operating System
2022-03-30T09:47:43.5254363Z Ubuntu
2022-03-30T09:47:43.5254859Z 20.04.4
2022-03-30T09:47:43.5255555Z LTS
2022-03-30T09:47:43.5255976Z ##[endgroup]
2022-03-30T09:47:43.5256333Z ##[group]Virtual Environment
2022-03-30T09:47:43.5256685Z Environment: ubuntu-20.04
2022-03-30T09:47:43.5257035Z Version: 20220227.1
2022-03-30T09:47:43.5257581Z Included Software: https://github.com/actions/virtual-environments/blob/ubuntu20/20220227.1/images/linux/Ubuntu2004-Readme.md
2022-03-30T09:47:43.5258285Z Image Release: https://github.com/actions/virtual-environments/releases/tag/ubuntu20%2F20220227.1
2022-03-30T09:47:43.5259729Z ##[endgroup]
2022-03-30T09:47:43.5260267Z ##[group]Virtual Environment Provisioner
2022-03-30T09:47:43.5260633Z 1.0.0.0-main-20220307-1
2022-03-30T09:47:43.5260904Z ##[endgroup]
2022-03-30T09:47:43.5261890Z ##[group]GITHUB_TOKEN Permissions
2022-03-30T09:47:43.5262506Z Actions: write
2022-03-30T09:47:43.5263142Z Checks: write
2022-03-30T09:47:43.5263533Z Contents: write
2022-03-30T09:47:43.5263849Z Deployments: write
2022-03-30T09:47:43.5264119Z Discussions: write
2022-03-30T09:47:43.5264451Z Issues: write
2022-03-30T09:47:43.5264778Z Metadata: read
2022-03-30T09:47:43.5265035Z Packages: write
2022-03-30T09:47:43.5265331Z Pages: write
2022-03-30T09:47:43.5265848Z PullRequests: write
2022-03-30T09:47:43.5266162Z RepositoryProjects: write
2022-03-30T09:47:43.5266548Z SecurityEvents: write
2022-03-30T09:47:43.5267065Z Statuses: write
2022-03-30T09:47:43.5267516Z ##[endgroup]
2022-03-30T09:47:43.5272083Z Secret source: Actions
2022-03-30T09:47:43.5272592Z Prepare workflow directory
2022-03-30T09:47:43.6290829Z Prepare all required actions
2022-03-30T09:47:43.6520343Z Getting action download info
2022-03-30T09:47:43.9108160Z Download action repository 'actions/checkout@v3' (SHA:a12a3943b4bdde767164f792f33f40b04645d846)
2022-03-30T09:47:44.5542219Z Download action repository 'actions/setup-java@v3' (SHA:f69f00b5e5324696b07f6b1c92f0470a6df00780)
2022-03-30T09:47:45.1527971Z Download action repository 'actions/upload-artifact@v2' (SHA:82c141cc518b40d92cc801eee768e7aafc9c2fa2)
2022-03-30T09:47:45.8541601Z ##[group]Run actions/checkout@v3
2022-03-30T09:47:45.8542023Z with:
2022-03-30T09:47:45.8542366Z   repository: michel-kraemer/gradle-download-task
2022-03-30T09:47:45.8542880Z   token: ***
2022-03-30T09:47:45.8543483Z   ssh-strict: true
2022-03-30T09:47:45.8543803Z   persist-credentials: true
2022-03-30T09:47:45.8544095Z   clean: true
2022-03-30T09:47:45.8544331Z   fetch-depth: 1
2022-03-30T09:47:45.8544603Z   lfs: false
2022-03-30T09:47:45.8547852Z   submodules: false
2022-03-30T09:47:45.8548253Z ##[endgroup]
2022-03-30T09:47:46.1463151Z Syncing repository: michel-kraemer/gradle-download-task
2022-03-30T09:47:46.1465551Z ##[group]Getting Git version info
2022-03-30T09:47:46.1466818Z Working directory is '/home/runner/work/gradle-download-task/gradle-download-task'
2022-03-30T09:47:46.1468919Z [command]/usr/bin/git version
2022-03-30T09:47:46.1716674Z git version 2.35.1
2022-03-30T09:47:46.1781607Z ##[endgroup]
2022-03-30T09:47:46.1782563Z Deleting the contents of '/home/runner/work/gradle-download-task/gradle-download-task'
2022-03-30T09:47:46.1784447Z ##[group]Initializing the repository
2022-03-30T09:47:46.1785608Z [command]/usr/bin/git init /home/runner/work/gradle-download-task/gradle-download-task
2022-03-30T09:47:46.2075321Z hint: Using 'master' as the name for the initial branch. This default branch name
2022-03-30T09:47:46.2088153Z hint: is subject to change. To configure the initial branch name to use in all
2022-03-30T09:47:46.2088634Z hint: of your new repositories, which will suppress this warning, call:
2022-03-30T09:47:46.2088907Z hint: 
2022-03-30T09:47:46.2089347Z hint: 	git config --global init.defaultBranch <name>
2022-03-30T09:47:46.2089580Z hint: 
2022-03-30T09:47:46.2089961Z hint: Names commonly chosen instead of 'master' are 'main', 'trunk' and
2022-03-30T09:47:46.2090456Z hint: 'development'. The just-created branch can be renamed via this command:
2022-03-30T09:47:46.2090983Z hint: 
2022-03-30T09:47:46.2091226Z hint: 	git branch -m <name>
2022-03-30T09:47:46.2091681Z Initialized empty Git repository in /home/runner/work/gradle-download-task/gradle-download-task/.git/
2022-03-30T09:47:46.2092275Z [command]/usr/bin/git remote add origin https://github.com/michel-kraemer/gradle-download-task
2022-03-30T09:47:46.2092914Z ##[endgroup]
2022-03-30T09:47:46.2093325Z ##[group]Disabling automatic garbage collection
2022-03-30T09:47:46.2093679Z [command]/usr/bin/git config --local gc.auto 0
2022-03-30T09:47:46.2094087Z ##[endgroup]
2022-03-30T09:47:46.2111377Z ##[group]Setting up auth
2022-03-30T09:47:46.2112035Z [command]/usr/bin/git config --local --name-only --get-regexp core\.sshCommand
2022-03-30T09:47:46.2112698Z [command]/usr/bin/git submodule foreach --recursive git config --local --name-only --get-regexp 'core\.sshCommand' && git config --local --unset-all 'core.sshCommand' || :
2022-03-30T09:47:46.2464788Z [command]/usr/bin/git config --local --name-only --get-regexp http\.https\:\/\/github\.com\/\.extraheader
2022-03-30T09:47:46.2502147Z [command]/usr/bin/git submodule foreach --recursive git config --local --name-only --get-regexp 'http\.https\:\/\/github\.com\/\.extraheader' && git config --local --unset-all 'http.https://github.com/.extraheader' || :
2022-03-30T09:47:46.2769047Z [command]/usr/bin/git config --local http.https://github.com/.extraheader AUTHORIZATION: basic ***
2022-03-30T09:47:46.2808665Z ##[endgroup]
2022-03-30T09:47:46.2812733Z ##[group]Fetching the repository
2022-03-30T09:47:46.2825577Z [command]/usr/bin/git -c protocol.version=2 fetch --no-tags --prune --progress --no-recurse-submodules --depth=1 origin +16fd4912b4824879ce87d4e978b8f91eead220fe:refs/remotes/origin/master
2022-03-30T09:47:46.6872525Z remote: Enumerating objects: 160, done.        
2022-03-30T09:47:46.6872823Z remote: Counting objects:   0% (1/160)        
2022-03-30T09:47:46.6873068Z remote: Counting objects:   1% (2/160)        
2022-03-30T09:47:46.6873332Z remote: Counting objects:   2% (4/160)        
2022-03-30T09:47:46.6873938Z remote: Counting objects:   3% (5/160)        
2022-03-30T09:47:46.6874184Z remote: Counting objects:   4% (7/160)        
2022-03-30T09:47:46.6874413Z remote: Counting objects:   5% (8/160)        
2022-03-30T09:47:46.6874644Z remote: Counting objects:   6% (10/160)        
2022-03-30T09:47:46.6874861Z remote: Counting objects:   7% (12/160)        
2022-03-30T09:47:46.6876388Z remote: Counting objects:   8% (13/160)        
2022-03-30T09:47:46.6876762Z remote: Counting objects:   9% (15/160)        
2022-03-30T09:47:46.6877070Z remote: Counting objects:  10% (16/160)        
2022-03-30T09:47:46.6877356Z remote: Counting objects:  11% (18/160)        
2022-03-30T09:47:46.6877653Z remote: Counting objects:  12% (20/160)        
2022-03-30T09:47:46.6877954Z remote: Counting objects:  13% (21/160)        
2022-03-30T09:47:46.6878236Z remote: Counting objects:  14% (23/160)        
2022-03-30T09:47:46.6878546Z remote: Counting objects:  15% (24/160)        
2022-03-30T09:47:46.6878848Z remote: Counting objects:  16% (26/160)        
2022-03-30T09:47:46.6879210Z remote: Counting objects:  17% (28/160)        
2022-03-30T09:47:46.6879510Z remote: Counting objects:  18% (29/160)        
2022-03-30T09:47:46.6879808Z remote: Counting objects:  19% (31/160)        
2022-03-30T09:47:46.6880088Z remote: Counting objects:  20% (32/160)        
2022-03-30T09:47:46.6880396Z remote: Counting objects:  21% (34/160)        
2022-03-30T09:47:46.6880694Z remote: Counting objects:  22% (36/160)        
2022-03-30T09:47:46.6880991Z remote: Counting objects:  23% (37/160)        
2022-03-30T09:47:46.6881272Z remote: Counting objects:  24% (39/160)        
2022-03-30T09:47:46.6881573Z remote: Counting objects:  25% (40/160)        
2022-03-30T09:47:46.6881869Z remote: Counting objects:  26% (42/160)        
2022-03-30T09:47:46.6882150Z remote: Counting objects:  27% (44/160)        
2022-03-30T09:47:46.6882446Z remote: Counting objects:  28% (45/160)        
2022-03-30T09:47:46.6882973Z remote: Counting objects:  29% (47/160)        
2022-03-30T09:47:46.6883262Z remote: Counting objects:  30% (48/160)        
2022-03-30T09:47:46.6883561Z remote: Counting objects:  31% (50/160)        
2022-03-30T09:47:46.6883862Z remote: Counting objects:  32% (52/160)        
2022-03-30T09:47:46.6884983Z remote: Counting objects:  33% (53/160)        
2022-03-30T09:47:46.6885303Z remote: Counting objects:  34% (55/160)        
2022-03-30T09:47:46.6885772Z remote: Counting objects:  35% (56/160)        
2022-03-30T09:47:46.6886065Z remote: Counting objects:  36% (58/160)        
2022-03-30T09:47:46.6886929Z remote: Counting objects:  37% (60/160)        
2022-03-30T09:47:46.6887244Z remote: Counting objects:  38% (61/160)        
2022-03-30T09:47:46.6887547Z remote: Counting objects:  39% (63/160)        
2022-03-30T09:47:46.6887828Z remote: Counting objects:  40% (64/160)        
2022-03-30T09:47:46.6888125Z remote: Counting objects:  41% (66/160)        
2022-03-30T09:47:46.6888440Z remote: Counting objects:  42% (68/160)        
2022-03-30T09:47:46.6888727Z remote: Counting objects:  43% (69/160)        
2022-03-30T09:47:46.6889183Z remote: Counting objects:  44% (71/160)        
2022-03-30T09:47:46.6889474Z remote: Counting objects:  45% (72/160)        
2022-03-30T09:47:46.6889934Z remote: Counting objects:  46% (74/160)        
2022-03-30T09:47:46.6890239Z remote: Counting objects:  47% (76/160)        
2022-03-30T09:47:46.6890540Z remote: Counting objects:  48% (77/160)        
2022-03-30T09:47:46.6890839Z remote: Counting objects:  49% (79/160)        
2022-03-30T09:47:46.6891122Z remote: Counting objects:  50% (80/160)        
2022-03-30T09:47:46.6891447Z remote: Counting objects:  51% (82/160)        
2022-03-30T09:47:46.6891749Z remote: Counting objects:  52% (84/160)        
2022-03-30T09:47:46.6892030Z remote: Counting objects:  53% (85/160)        
2022-03-30T09:47:46.6892328Z remote: Counting objects:  54% (87/160)        
2022-03-30T09:47:46.6892791Z remote: Counting objects:  55% (88/160)        
2022-03-30T09:47:46.6893368Z remote: Counting objects:  56% (90/160)        
2022-03-30T09:47:46.6893764Z remote: Counting objects:  57% (92/160)        
2022-03-30T09:47:46.6894035Z remote: Counting objects:  58% (93/160)        
2022-03-30T09:47:46.6894265Z remote: Counting objects:  59% (95/160)        
2022-03-30T09:47:46.6894515Z remote: Counting objects:  60% (96/160)        
2022-03-30T09:47:46.6895081Z remote: Counting objects:  61% (98/160)        
2022-03-30T09:47:46.6895758Z remote: Counting objects:  62% (100/160)        
2022-03-30T09:47:46.6896393Z remote: Counting objects:  63% (101/160)        
2022-03-30T09:47:46.6896861Z remote: Counting objects:  64% (103/160)        
2022-03-30T09:47:46.6897174Z remote: Counting objects:  65% (104/160)        
2022-03-30T09:47:46.6897482Z remote: Counting objects:  66% (106/160)        
2022-03-30T09:47:46.6897770Z remote: Counting objects:  67% (108/160)        
2022-03-30T09:47:46.6898071Z remote: Counting objects:  68% (109/160)        
2022-03-30T09:47:46.6898380Z remote: Counting objects:  69% (111/160)        
2022-03-30T09:47:46.6898673Z remote: Counting objects:  70% (112/160)        
2022-03-30T09:47:46.6898976Z remote: Counting objects:  71% (114/160)        
2022-03-30T09:47:46.6899279Z remote: Counting objects:  72% (116/160)        
2022-03-30T09:47:46.6899560Z remote: Counting objects:  73% (117/160)        
2022-03-30T09:47:46.6899967Z remote: Counting objects:  74% (119/160)        
2022-03-30T09:47:46.6900268Z remote: Counting objects:  75% (120/160)        
2022-03-30T09:47:46.6900567Z remote: Counting objects:  76% (122/160)        
2022-03-30T09:47:46.6901191Z remote: Counting objects:  77% (124/160)        
2022-03-30T09:47:46.6901492Z remote: Counting objects:  78% (125/160)        
2022-03-30T09:47:46.6901797Z remote: Counting objects:  79% (127/160)        
2022-03-30T09:47:46.6902078Z remote: Counting objects:  80% (128/160)        
2022-03-30T09:47:46.6902537Z remote: Counting objects:  81% (130/160)        
2022-03-30T09:47:46.6903178Z remote: Counting objects:  82% (132/160)        
2022-03-30T09:47:46.6903428Z remote: Counting objects:  83% (133/160)        
2022-03-30T09:47:46.6903694Z remote: Counting objects:  84% (135/160)        
2022-03-30T09:47:46.6905241Z remote: Counting objects:  85% (136/160)        
2022-03-30T09:47:46.6905585Z remote: Counting objects:  86% (138/160)        
2022-03-30T09:47:46.6906233Z remote: Counting objects:  87% (140/160)        
2022-03-30T09:47:46.6906646Z remote: Counting objects:  88% (141/160)        
2022-03-30T09:47:46.6906888Z remote: Counting objects:  89% (143/160)        
2022-03-30T09:47:46.6907114Z remote: Counting objects:  90% (144/160)        
2022-03-30T09:47:46.6907355Z remote: Counting objects:  91% (146/160)        
2022-03-30T09:47:46.6908294Z remote: Counting objects:  92% (148/160)        
2022-03-30T09:47:46.6908563Z remote: Counting objects:  93% (149/160)        
2022-03-30T09:47:46.6908984Z remote: Counting objects:  94% (151/160)        
2022-03-30T09:47:46.6909594Z remote: Counting objects:  95% (152/160)        
2022-03-30T09:47:46.6909841Z remote: Counting objects:  96% (154/160)        
2022-03-30T09:47:46.6910103Z remote: Counting objects:  97% (156/160)        
2022-03-30T09:47:46.6910364Z remote: Counting objects:  98% (157/160)        
2022-03-30T09:47:46.6910623Z remote: Counting objects:  99% (159/160)        
2022-03-30T09:47:46.6910865Z remote: Counting objects: 100% (160/160)        
2022-03-30T09:47:46.6911133Z remote: Counting objects: 100% (160/160), done.        
2022-03-30T09:47:46.6911576Z remote: Compressing objects:   0% (1/110)        
2022-03-30T09:47:46.6911828Z remote: Compressing objects:   1% (2/110)        
2022-03-30T09:47:46.6912091Z remote: Compressing objects:   2% (3/110)        
2022-03-30T09:47:46.6912728Z remote: Compressing objects:   3% (4/110)        
2022-03-30T09:47:46.6912957Z remote: Compressing objects:   4% (5/110)        
2022-03-30T09:47:46.6913204Z remote: Compressing objects:   5% (6/110)        
2022-03-30T09:47:46.6913456Z remote: Compressing objects:   6% (7/110)        
2022-03-30T09:47:46.6913807Z remote: Compressing objects:   7% (8/110)        
2022-03-30T09:47:46.6914081Z remote: Compressing objects:   8% (9/110)        
2022-03-30T09:47:46.6914332Z remote: Compressing objects:   9% (10/110)        
2022-03-30T09:47:46.6914589Z remote: Compressing objects:  10% (11/110)        
2022-03-30T09:47:46.6914826Z remote: Compressing objects:  11% (13/110)        
2022-03-30T09:47:46.6915215Z remote: Compressing objects:  12% (14/110)        
2022-03-30T09:47:46.6915484Z remote: Compressing objects:  13% (15/110)        
2022-03-30T09:47:46.6915717Z remote: Compressing objects:  14% (16/110)        
2022-03-30T09:47:46.6915968Z remote: Compressing objects:  15% (17/110)        
2022-03-30T09:47:46.6916405Z remote: Compressing objects:  16% (18/110)        
2022-03-30T09:47:46.6916644Z remote: Compressing objects:  17% (19/110)        
2022-03-30T09:47:46.6916894Z remote: Compressing objects:  18% (20/110)        
2022-03-30T09:47:46.6917156Z remote: Compressing objects:  19% (21/110)        
2022-03-30T09:47:46.6917410Z remote: Compressing objects:  20% (22/110)        
2022-03-30T09:47:46.6917642Z remote: Compressing objects:  21% (24/110)        
2022-03-30T09:47:46.6917891Z remote: Compressing objects:  22% (25/110)        
2022-03-30T09:47:46.6918141Z remote: Compressing objects:  23% (26/110)        
2022-03-30T09:47:46.6918370Z remote: Compressing objects:  24% (27/110)        
2022-03-30T09:47:46.6918617Z remote: Compressing objects:  25% (28/110)        
2022-03-30T09:47:46.6965612Z remote: Compressing objects:  26% (29/110)        
2022-03-30T09:47:46.6965894Z remote: Compressing objects:  27% (30/110)        
2022-03-30T09:47:46.6966125Z remote: Compressing objects:  28% (31/110)        
2022-03-30T09:47:46.6966368Z remote: Compressing objects:  29% (32/110)        
2022-03-30T09:47:46.6966611Z remote: Compressing objects:  30% (33/110)        
2022-03-30T09:47:46.6967027Z remote: Compressing objects:  31% (35/110)        
2022-03-30T09:47:46.6967269Z remote: Compressing objects:  32% (36/110)        
2022-03-30T09:47:46.6967513Z remote: Compressing objects:  33% (37/110)        
2022-03-30T09:47:46.6967734Z remote: Compressing objects:  34% (38/110)        
2022-03-30T09:47:46.6967974Z remote: Compressing objects:  35% (39/110)        
2022-03-30T09:47:46.6968214Z remote: Compressing objects:  36% (40/110)        
2022-03-30T09:47:46.6968453Z remote: Compressing objects:  37% (41/110)        
2022-03-30T09:47:46.6968852Z remote: Compressing objects:  38% (42/110)        
2022-03-30T09:47:46.6969150Z remote: Compressing objects:  39% (43/110)        
2022-03-30T09:47:46.6969578Z remote: Compressing objects:  40% (44/110)        
2022-03-30T09:47:46.6969813Z remote: Compressing objects:  41% (46/110)        
2022-03-30T09:47:46.6970238Z remote: Compressing objects:  42% (47/110)        
2022-03-30T09:47:46.6970486Z remote: Compressing objects:  43% (48/110)        
2022-03-30T09:47:46.6970723Z remote: Compressing objects:  44% (49/110)        
2022-03-30T09:47:46.6970973Z remote: Compressing objects:  45% (50/110)        
2022-03-30T09:47:46.6971222Z remote: Compressing objects:  46% (51/110)        
2022-03-30T09:47:46.6971453Z remote: Compressing objects:  47% (52/110)        
2022-03-30T09:47:46.6971703Z remote: Compressing objects:  48% (53/110)        
2022-03-30T09:47:46.6971950Z remote: Compressing objects:  49% (54/110)        
2022-03-30T09:47:46.6972204Z remote: Compressing objects:  50% (55/110)        
2022-03-30T09:47:46.6972586Z remote: Compressing objects:  51% (57/110)        
2022-03-30T09:47:46.6972824Z remote: Compressing objects:  52% (58/110)        
2022-03-30T09:47:46.6973059Z remote: Compressing objects:  53% (59/110)        
2022-03-30T09:47:46.6973276Z remote: Compressing objects:  54% (60/110)        
2022-03-30T09:47:46.6973512Z remote: Compressing objects:  55% (61/110)        
2022-03-30T09:47:46.6974147Z remote: Compressing objects:  56% (62/110)        
2022-03-30T09:47:46.6974391Z remote: Compressing objects:  57% (63/110)        
2022-03-30T09:47:46.6974738Z remote: Compressing objects:  58% (64/110)        
2022-03-30T09:47:46.6975008Z remote: Compressing objects:  59% (65/110)        
2022-03-30T09:47:46.6975268Z remote: Compressing objects:  60% (66/110)        
2022-03-30T09:47:46.6975504Z remote: Compressing objects:  61% (68/110)        
2022-03-30T09:47:46.6995013Z remote: Compressing objects:  62% (69/110)        
2022-03-30T09:47:46.6995603Z remote: Compressing objects:  63% (70/110)        
2022-03-30T09:47:46.6996519Z remote: Compressing objects:  64% (71/110)        
2022-03-30T09:47:46.6996836Z remote: Compressing objects:  65% (72/110)        
2022-03-30T09:47:46.6997099Z remote: Compressing objects:  66% (73/110)        
2022-03-30T09:47:46.6997503Z remote: Compressing objects:  67% (74/110)        
2022-03-30T09:47:46.6997742Z remote: Compressing objects:  68% (75/110)        
2022-03-30T09:47:46.6998224Z remote: Compressing objects:  69% (76/110)        
2022-03-30T09:47:46.6998495Z remote: Compressing objects:  70% (77/110)        
2022-03-30T09:47:46.6999597Z remote: Compressing objects:  71% (79/110)        
2022-03-30T09:47:46.7000909Z remote: Compressing objects:  72% (80/110)        
2022-03-30T09:47:46.7002576Z remote: Compressing objects:  73% (81/110)        
2022-03-30T09:47:46.7002812Z remote: Compressing objects:  74% (82/110)        
2022-03-30T09:47:46.7004062Z remote: Compressing objects:  75% (83/110)        
2022-03-30T09:47:46.7004579Z remote: Compressing objects:  76% (84/110)        
2022-03-30T09:47:46.7004844Z remote: Compressing objects:  77% (85/110)        
2022-03-30T09:47:46.7005355Z remote: Compressing objects:  78% (86/110)        
2022-03-30T09:47:46.7006403Z remote: Compressing objects:  79% (87/110)        
2022-03-30T09:47:46.7064860Z remote: Compressing objects:  80% (88/110)        
2022-03-30T09:47:46.7065150Z remote: Compressing objects:  81% (90/110)        
2022-03-30T09:47:46.7065387Z remote: Compressing objects:  82% (91/110)        
2022-03-30T09:47:46.7065827Z remote: Compressing objects:  83% (92/110)        
2022-03-30T09:47:46.7066085Z remote: Compressing objects:  84% (93/110)        
2022-03-30T09:47:46.7066314Z remote: Compressing objects:  85% (94/110)        
2022-03-30T09:47:46.7066559Z remote: Compressing objects:  86% (95/110)        
2022-03-30T09:47:46.7066805Z remote: Compressing objects:  87% (96/110)        
2022-03-30T09:47:46.7067033Z remote: Compressing objects:  88% (97/110)        
2022-03-30T09:47:46.7067279Z remote: Compressing objects:  89% (98/110)        
2022-03-30T09:47:46.7067536Z remote: Compressing objects:  90% (99/110)        
2022-03-30T09:47:46.7067783Z remote: Compressing objects:  91% (101/110)        
2022-03-30T09:47:46.7068212Z remote: Compressing objects:  92% (102/110)        
2022-03-30T09:47:46.7068452Z remote: Compressing objects:  93% (103/110)        
2022-03-30T09:47:46.7068884Z remote: Compressing objects:  94% (104/110)        
2022-03-30T09:47:46.7069155Z remote: Compressing objects:  95% (105/110)        
2022-03-30T09:47:46.7069661Z remote: Compressing objects:  96% (106/110)        
2022-03-30T09:47:46.7069932Z remote: Compressing objects:  97% (107/110)        
2022-03-30T09:47:46.7070199Z remote: Compressing objects:  98% (108/110)        
2022-03-30T09:47:46.7070465Z remote: Compressing objects:  99% (109/110)        
2022-03-30T09:47:46.7070710Z remote: Compressing objects: 100% (110/110)        
2022-03-30T09:47:46.7070983Z remote: Compressing objects: 100% (110/110), done.        
2022-03-30T09:47:46.7110034Z Receiving objects:   0% (1/160)
2022-03-30T09:47:46.7113179Z Receiving objects:   1% (2/160)
2022-03-30T09:47:46.7113439Z Receiving objects:   2% (4/160)
2022-03-30T09:47:46.7113651Z Receiving objects:   3% (5/160)
2022-03-30T09:47:46.7113842Z Receiving objects:   4% (7/160)
2022-03-30T09:47:46.7114049Z Receiving objects:   5% (8/160)
2022-03-30T09:47:46.7187394Z Receiving objects:   6% (10/160)
2022-03-30T09:47:46.7188193Z Receiving objects:   7% (12/160)
2022-03-30T09:47:46.7188404Z Receiving objects:   8% (13/160)
2022-03-30T09:47:46.7188614Z Receiving objects:   9% (15/160)
2022-03-30T09:47:46.7189348Z Receiving objects:  10% (16/160)
2022-03-30T09:47:46.7189580Z Receiving objects:  11% (18/160)
2022-03-30T09:47:46.7189799Z Receiving objects:  12% (20/160)
2022-03-30T09:47:46.7190225Z Receiving objects:  13% (21/160)
2022-03-30T09:47:46.7190468Z Receiving objects:  14% (23/160)
2022-03-30T09:47:46.7193628Z Receiving objects:  15% (24/160)
2022-03-30T09:47:46.7198023Z Receiving objects:  16% (26/160)
2022-03-30T09:47:46.7198256Z Receiving objects:  17% (28/160)
2022-03-30T09:47:46.7198624Z Receiving objects:  18% (29/160)
2022-03-30T09:47:46.7199032Z Receiving objects:  19% (31/160)
2022-03-30T09:47:46.7199665Z Receiving objects:  20% (32/160)
2022-03-30T09:47:46.7200751Z Receiving objects:  21% (34/160)
2022-03-30T09:47:46.7201217Z Receiving objects:  22% (36/160)
2022-03-30T09:47:46.7201914Z Receiving objects:  23% (37/160)
2022-03-30T09:47:46.7202903Z Receiving objects:  24% (39/160)
2022-03-30T09:47:46.7203501Z Receiving objects:  25% (40/160)
2022-03-30T09:47:46.7204127Z Receiving objects:  26% (42/160)
2022-03-30T09:47:46.7204954Z Receiving objects:  27% (44/160)
2022-03-30T09:47:46.7205747Z Receiving objects:  28% (45/160)
2022-03-30T09:47:46.7206457Z Receiving objects:  29% (47/160)
2022-03-30T09:47:46.7207086Z Receiving objects:  30% (48/160)
2022-03-30T09:47:46.7207703Z Receiving objects:  31% (50/160)
2022-03-30T09:47:46.7208645Z Receiving objects:  32% (52/160)
2022-03-30T09:47:46.7209470Z Receiving objects:  33% (53/160)
2022-03-30T09:47:46.7210296Z Receiving objects:  34% (55/160)
2022-03-30T09:47:46.7211317Z Receiving objects:  35% (56/160)
2022-03-30T09:47:46.7212295Z Receiving objects:  36% (58/160)
2022-03-30T09:47:46.7212858Z Receiving objects:  37% (60/160)
2022-03-30T09:47:46.7213648Z Receiving objects:  38% (61/160)
2022-03-30T09:47:46.7214410Z Receiving objects:  39% (63/160)
2022-03-30T09:47:46.7215140Z Receiving objects:  40% (64/160)
2022-03-30T09:47:46.7215718Z Receiving objects:  41% (66/160)
2022-03-30T09:47:46.7216554Z Receiving objects:  42% (68/160)
2022-03-30T09:47:46.7253156Z Receiving objects:  43% (69/160)
2022-03-30T09:47:46.7253961Z Receiving objects:  44% (71/160)
2022-03-30T09:47:46.7254188Z Receiving objects:  45% (72/160)
2022-03-30T09:47:46.7255771Z Receiving objects:  46% (74/160)
2022-03-30T09:47:46.7256358Z Receiving objects:  47% (76/160)
2022-03-30T09:47:46.7258830Z Receiving objects:  48% (77/160)
2022-03-30T09:47:46.7385423Z Receiving objects:  49% (79/160)
2022-03-30T09:47:46.7389311Z Receiving objects:  50% (80/160)
2022-03-30T09:47:46.7390008Z Receiving objects:  51% (82/160)
2022-03-30T09:47:46.7456427Z Receiving objects:  52% (84/160)
2022-03-30T09:47:46.7456732Z Receiving objects:  53% (85/160)
2022-03-30T09:47:46.7456955Z Receiving objects:  54% (87/160)
2022-03-30T09:47:46.7457323Z Receiving objects:  55% (88/160)
2022-03-30T09:47:46.7457745Z Receiving objects:  56% (90/160)
2022-03-30T09:47:46.7547338Z Receiving objects:  57% (92/160)
2022-03-30T09:47:46.7548021Z Receiving objects:  58% (93/160)
2022-03-30T09:47:46.7548917Z Receiving objects:  59% (95/160)
2022-03-30T09:47:46.7549391Z Receiving objects:  60% (96/160)
2022-03-30T09:47:46.7550067Z Receiving objects:  61% (98/160)
2022-03-30T09:47:46.7550696Z Receiving objects:  62% (100/160)
2022-03-30T09:47:46.7584495Z Receiving objects:  63% (101/160)
2022-03-30T09:47:46.7585113Z Receiving objects:  64% (103/160)
2022-03-30T09:47:46.7585363Z Receiving objects:  65% (104/160)
2022-03-30T09:47:46.7587727Z Receiving objects:  66% (106/160)
2022-03-30T09:47:46.7588137Z Receiving objects:  67% (108/160)
2022-03-30T09:47:46.7588373Z Receiving objects:  68% (109/160)
2022-03-30T09:47:46.7588924Z Receiving objects:  69% (111/160)
2022-03-30T09:47:46.7589128Z Receiving objects:  70% (112/160)
2022-03-30T09:47:46.7591432Z Receiving objects:  71% (114/160)
2022-03-30T09:47:46.7591684Z Receiving objects:  72% (116/160)
2022-03-30T09:47:46.7592111Z Receiving objects:  73% (117/160)
2022-03-30T09:47:46.7596272Z Receiving objects:  74% (119/160)
2022-03-30T09:47:46.7596778Z Receiving objects:  75% (120/160)
2022-03-30T09:47:46.7597019Z Receiving objects:  76% (122/160)
2022-03-30T09:47:46.7597408Z Receiving objects:  77% (124/160)
2022-03-30T09:47:46.7597809Z Receiving objects:  78% (125/160)
2022-03-30T09:47:46.7598025Z Receiving objects:  79% (127/160)
2022-03-30T09:47:46.7598227Z Receiving objects:  80% (128/160)
2022-03-30T09:47:46.7598603Z Receiving objects:  81% (130/160)
2022-03-30T09:47:46.7598813Z Receiving objects:  82% (132/160)
2022-03-30T09:47:46.7599006Z Receiving objects:  83% (133/160)
2022-03-30T09:47:46.7599215Z Receiving objects:  84% (135/160)
2022-03-30T09:47:46.7599420Z Receiving objects:  85% (136/160)
2022-03-30T09:47:46.7599611Z Receiving objects:  86% (138/160)
2022-03-30T09:47:46.7599999Z Receiving objects:  87% (140/160)
2022-03-30T09:47:46.7600210Z Receiving objects:  88% (141/160)
2022-03-30T09:47:46.7600893Z Receiving objects:  89% (143/160)
2022-03-30T09:47:46.7601591Z Receiving objects:  90% (144/160)
2022-03-30T09:47:46.7601994Z Receiving objects:  91% (146/160)
2022-03-30T09:47:46.7602380Z Receiving objects:  92% (148/160)
2022-03-30T09:47:46.7602737Z Receiving objects:  93% (149/160)
2022-03-30T09:47:46.7604045Z Receiving objects:  94% (151/160)
2022-03-30T09:47:46.7604680Z Receiving objects:  95% (152/160)
2022-03-30T09:47:46.7605942Z Receiving objects:  96% (154/160)
2022-03-30T09:47:46.7657263Z Receiving objects:  97% (156/160)
2022-03-30T09:47:46.7657851Z remote: Total 160 (delta 28), reused 90 (delta 4), pack-reused 0        
2022-03-30T09:47:46.7658494Z Receiving objects:  98% (157/160)
2022-03-30T09:47:46.7658710Z Receiving objects:  99% (159/160)
2022-03-30T09:47:46.7659113Z Receiving objects: 100% (160/160)
2022-03-30T09:47:46.7659375Z Receiving objects: 100% (160/160), 212.83 KiB | 3.87 MiB/s, done.
2022-03-30T09:47:46.7659614Z Resolving deltas:   0% (0/28)
2022-03-30T09:47:46.7659842Z Resolving deltas:   3% (1/28)
2022-03-30T09:47:46.7660325Z Resolving deltas:   7% (2/28)
2022-03-30T09:47:46.7660713Z Resolving deltas:  10% (3/28)
2022-03-30T09:47:46.7660952Z Resolving deltas:  14% (4/28)
2022-03-30T09:47:46.7661187Z Resolving deltas:  17% (5/28)
2022-03-30T09:47:46.7661626Z Resolving deltas:  21% (6/28)
2022-03-30T09:47:46.7662366Z Resolving deltas:  25% (7/28)
2022-03-30T09:47:46.7662652Z Resolving deltas:  28% (8/28)
2022-03-30T09:47:46.7662888Z Resolving deltas:  32% (9/28)
2022-03-30T09:47:46.7663236Z Resolving deltas:  35% (10/28)
2022-03-30T09:47:46.7663478Z Resolving deltas:  39% (11/28)
2022-03-30T09:47:46.7663718Z Resolving deltas:  42% (12/28)
2022-03-30T09:47:46.7663938Z Resolving deltas:  46% (13/28)
2022-03-30T09:47:46.7664175Z Resolving deltas:  50% (14/28)
2022-03-30T09:47:46.7664415Z Resolving deltas:  53% (15/28)
2022-03-30T09:47:46.7664633Z Resolving deltas:  57% (16/28)
2022-03-30T09:47:46.7664869Z Resolving deltas:  60% (17/28)
2022-03-30T09:47:46.7665104Z Resolving deltas:  64% (18/28)
2022-03-30T09:47:46.7666075Z Resolving deltas:  67% (19/28)
2022-03-30T09:47:46.7666300Z Resolving deltas:  71% (20/28)
2022-03-30T09:47:46.7666518Z Resolving deltas:  75% (21/28)
2022-03-30T09:47:46.7666713Z Resolving deltas:  78% (22/28)
2022-03-30T09:47:46.7666924Z Resolving deltas:  82% (23/28)
2022-03-30T09:47:46.7667136Z Resolving deltas:  85% (24/28)
2022-03-30T09:47:46.7667329Z Resolving deltas:  89% (25/28)
2022-03-30T09:47:46.7667538Z Resolving deltas:  92% (26/28)
2022-03-30T09:47:46.7667749Z Resolving deltas:  96% (27/28)
2022-03-30T09:47:46.7667941Z Resolving deltas: 100% (28/28)
2022-03-30T09:47:46.7668160Z Resolving deltas: 100% (28/28), done.
2022-03-30T09:47:46.7865042Z From https://github.com/michel-kraemer/gradle-download-task
2022-03-30T09:47:46.7865544Z  * [new ref]         16fd4912b4824879ce87d4e978b8f91eead220fe -> origin/master
2022-03-30T09:47:46.7900825Z ##[endgroup]
2022-03-30T09:47:46.7901388Z ##[group]Determining the checkout info
2022-03-30T09:47:46.7904414Z ##[endgroup]
2022-03-30T09:47:46.7904847Z ##[group]Checking out the ref
2022-03-30T09:47:46.7912143Z [command]/usr/bin/git checkout --progress --force -B master refs/remotes/origin/master
2022-03-30T09:47:46.8043507Z Reset branch 'master'
2022-03-30T09:47:46.8057971Z branch 'master' set up to track 'origin/master'.
2022-03-30T09:47:46.8059085Z ##[endgroup]
2022-03-30T09:47:46.8100133Z [command]/usr/bin/git log -1 --format='%H'
2022-03-30T09:47:46.8129874Z '16fd4912b4824879ce87d4e978b8f91eead220fe'
2022-03-30T09:47:46.8417421Z ##[group]Run actions/setup-java@v3
2022-03-30T09:47:46.8417673Z with:
2022-03-30T09:47:46.8417873Z   java-version: 8
2022-03-30T09:47:46.8418270Z   distribution: zulu
2022-03-30T09:47:46.8418608Z   java-package: jdk
2022-03-30T09:47:46.8418802Z   architecture: x64
2022-03-30T09:47:46.8418993Z   check-latest: false
2022-03-30T09:47:46.8419166Z   server-id: github
2022-03-30T09:47:46.8419368Z   server-username: GITHUB_ACTOR
2022-03-30T09:47:46.8419606Z   server-password: GITHUB_TOKEN
2022-03-30T09:47:46.8419813Z   overwrite-settings: true
2022-03-30T09:47:46.8420027Z   job-status: success
2022-03-30T09:47:46.8420214Z ##[endgroup]
2022-03-30T09:47:47.0489535Z Trying to resolve the latest version from remote
2022-03-30T09:47:47.1342836Z Resolved latest version as 8.0.322+6
2022-03-30T09:47:47.1343817Z Trying to download...
2022-03-30T09:47:47.1345281Z Downloading Java 8.0.322+6 (Zulu) from https://cdn.azul.com/zulu/bin/zulu8.60.0.21-ca-jdk8.0.322-linux_x64.tar.gz ...
2022-03-30T09:47:48.1716884Z Extracting Java archive...
2022-03-30T09:47:48.1855652Z [command]/usr/bin/tar xz --warning=no-unknown-keyword -C /home/runner/work/_temp/76c7826f-0c0a-46b4-bf67-1b8652459992 -f /home/runner/work/_temp/4287712b-4d98-4969-9d9d-573fb82ca915
2022-03-30T09:47:50.6768598Z Java 8.0.322+6 was downloaded
2022-03-30T09:47:50.6769203Z Setting Java 8.0.322+6 as the default
2022-03-30T09:47:50.6799768Z 
2022-03-30T09:47:50.6801018Z Java configuration:
2022-03-30T09:47:50.6806377Z   Distribution: zulu
2022-03-30T09:47:50.6807000Z   Version: 8.0.322+6
2022-03-30T09:47:50.6808085Z   Path: /opt/hostedtoolcache/Java_Zulu_jdk/8.0.322-6/x64
2022-03-30T09:47:50.6809746Z 
2022-03-30T09:47:50.6843081Z Creating settings.xml with server-id: github
2022-03-30T09:47:50.7017223Z Writing to /home/runner/.m2/settings.xml
2022-03-30T09:47:50.7237434Z ##[group]Run ./gradlew publishToMavenLocal -x signShadowPublication
2022-03-30T09:47:50.7237971Z [36;1m./gradlew publishToMavenLocal -x signShadowPublication[0m
2022-03-30T09:47:50.7308318Z shell: /usr/bin/bash -e {0}
2022-03-30T09:47:50.7308589Z env:
2022-03-30T09:47:50.7308871Z   JAVA_HOME: /opt/hostedtoolcache/Java_Zulu_jdk/8.0.322-6/x64
2022-03-30T09:47:50.7309155Z ##[endgroup]
2022-03-30T09:47:50.8762124Z Downloading https://services.gradle.org/distributions/gradle-7.3.3-bin.zip
2022-03-30T09:47:52.8844848Z ...........10%...........20%...........30%...........40%...........50%...........60%...........70%...........80%...........90%...........100%
2022-03-30T09:47:54.1754769Z 
2022-03-30T09:47:54.1755299Z Welcome to Gradle 7.3.3!
2022-03-30T09:47:54.1755522Z 
2022-03-30T09:47:54.1755664Z Here are the highlights of this release:
2022-03-30T09:47:54.1756185Z  - Easily declare new test suites in Java projects
2022-03-30T09:47:54.1756902Z  - Support for Java 17
2022-03-30T09:47:54.1757197Z  - Support for Scala 3
2022-03-30T09:47:54.1757331Z 
2022-03-30T09:47:54.1757584Z For more details see https://docs.gradle.org/7.3.3/release-notes.html
2022-03-30T09:47:54.1757792Z 
2022-03-30T09:47:54.2733253Z Starting a Gradle Daemon (subsequent builds will be faster)
2022-03-30T09:48:15.5779269Z > Task :generatePomFileForShadowPublication
2022-03-30T09:48:40.8733836Z > Task :compileJava
2022-03-30T09:48:40.8734683Z > Task :pluginDescriptors
2022-03-30T09:48:40.9745492Z > Task :processResources
2022-03-30T09:48:40.9746154Z > Task :classes
2022-03-30T09:48:46.0737400Z > Task :javadoc
2022-03-30T09:48:46.0737661Z > Task :javadocJar
2022-03-30T09:48:46.2733506Z > Task :relocateShadowJar
2022-03-30T09:48:50.3738682Z > Task :shadowJar
2022-03-30T09:48:50.3739381Z > Task :sourcesJar
2022-03-30T09:48:50.3740784Z > Task :publishShadowPublicationToMavenLocal
2022-03-30T09:48:50.3839179Z > Task :publishToMavenLocal
2022-03-30T09:48:50.3839377Z 
2022-03-30T09:48:50.3839608Z Deprecated Gradle features were used in this build, making it incompatible with Gradle 8.0.
2022-03-30T09:48:50.3841064Z 
2022-03-30T09:48:50.3841985Z You can use '--warning-mode all' to show the individual deprecation warnings and determine if they come from your own scripts or plugins.
2022-03-30T09:48:50.3842626Z 
2022-03-30T09:48:50.3843349Z See https://docs.gradle.org/7.3.3/userguide/command_line_interface.html#sec:command_line_warnings
2022-03-30T09:48:50.3844122Z 
2022-03-30T09:48:50.3844369Z BUILD SUCCESSFUL in 59s
2022-03-30T09:48:50.3844768Z 10 actionable tasks: 10 executed
2022-03-30T09:48:50.7883675Z ##[group]Run ./gradlew test --console=plain
2022-03-30T09:48:50.7884012Z [36;1m./gradlew test --console=plain[0m
2022-03-30T09:48:50.7947749Z shell: /usr/bin/bash -e {0}
2022-03-30T09:48:50.7947994Z env:
2022-03-30T09:48:50.7948259Z   JAVA_HOME: /opt/hostedtoolcache/Java_Zulu_jdk/8.0.322-6/x64
2022-03-30T09:48:50.7948509Z   CI: true
2022-03-30T09:48:50.7948705Z ##[endgroup]
2022-03-30T09:48:51.9100138Z > Task :compileJava UP-TO-DATE
2022-03-30T09:48:51.9107074Z > Task :pluginDescriptors UP-TO-DATE
2022-03-30T09:48:51.9114460Z > Task :processResources UP-TO-DATE
2022-03-30T09:48:51.9121025Z > Task :classes UP-TO-DATE
2022-03-30T09:48:51.9122136Z > Task :pluginUnderTestMetadata
2022-03-30T09:49:01.5036871Z > Task :compileTestJava
2022-03-30T09:49:01.5043418Z > Task :processTestResources
2022-03-30T09:49:01.5044030Z > Task :testClasses
2022-03-30T09:49:06.5043539Z 
2022-03-30T09:49:06.5043838Z > Task :test
2022-03-30T09:49:06.5044018Z 
2022-03-30T09:49:06.5044225Z AuthenticationTest STANDARD_OUT
2022-03-30T09:49:06.5044648Z     Acceptors should be <= availableProcessors: NetworkTrafficServerConnector@240291d9{HTTP/1.1, (http/1.1, h2c)}{0.0.0.0:0}
2022-03-30T09:49:06.5045097Z 
2022-03-30T09:49:13.6036084Z 
2022-03-30T09:49:13.6036610Z AuthenticationTest > invalidCredentials() STANDARD_OUT
2022-03-30T09:49:13.6037465Z     Download http://localhost:33229/authenticate
2022-03-30T09:49:13.6037714Z 
2022-03-30T09:49:14.2043979Z 
2022-03-30T09:49:14.2050738Z AuthenticationTest > invalidCredentials() PASSED
2022-03-30T09:49:14.2051218Z 
2022-03-30T09:49:14.2052933Z AuthenticationTest > validUserAndPass() STANDARD_OUT
2022-03-30T09:49:14.2053370Z     Download http://localhost:33229/authenticate
2022-03-30T09:49:14.2053581Z 
2022-03-30T09:49:14.3037439Z 
2022-03-30T09:49:14.3040064Z AuthenticationTest > validUserAndPass() PASSED
2022-03-30T09:49:14.3040266Z 
2022-03-30T09:49:14.3040421Z AuthenticationTest > noAuthorization() STANDARD_OUT
2022-03-30T09:49:14.3064219Z     Download http://localhost:33229/authenticate
2022-03-30T09:49:14.3064474Z 
2022-03-30T09:49:14.3064482Z 
2022-03-30T09:49:14.3064669Z AuthenticationTest > noAuthorization() PASSED
2022-03-30T09:49:14.4035577Z 
2022-03-30T09:49:14.4036303Z AuthenticationTest > validDigest() STANDARD_OUT
2022-03-30T09:49:14.4036666Z     Download http://localhost:33229/authenticate
2022-03-30T09:49:14.4036845Z 
2022-03-30T09:49:14.4036858Z 
2022-03-30T09:49:14.4036984Z AuthenticationTest > validDigest() PASSED
2022-03-30T09:49:14.5081970Z 
2022-03-30T09:49:14.5108325Z CompressionTest STANDARD_OUT
2022-03-30T09:49:14.5109062Z     Acceptors should be <= availableProcessors: NetworkTrafficServerConnector@6b2b3fba{HTTP/1.1, (http/1.1, h2c)}{0.0.0.0:0}
2022-03-30T09:49:14.5110048Z 
2022-03-30T09:49:14.5110287Z 
2022-03-30T09:49:14.5110798Z CompressionTest > compressed() STANDARD_OUT
2022-03-30T09:49:14.5111658Z     Download http://localhost:39079/test.txt
2022-03-30T09:49:14.5112326Z 
2022-03-30T09:49:14.5112466Z 
2022-03-30T09:49:14.5112762Z CompressionTest > compressed() PASSED
2022-03-30T09:49:14.5113005Z 
2022-03-30T09:49:14.5266325Z CompressionTest > uncompressed() STANDARD_OUT
2022-03-30T09:49:14.5266638Z     Download http://localhost:39079/test.txt
2022-03-30T09:49:14.5266813Z 
2022-03-30T09:49:14.6036807Z 
2022-03-30T09:49:14.6037641Z CompressionTest > uncompressed() PASSED
2022-03-30T09:49:14.6038315Z 
2022-03-30T09:49:14.6039349Z ContentEncodingTest STANDARD_OUT
2022-03-30T09:49:14.6039919Z     Acceptors should be <= availableProcessors: NetworkTrafficServerConnector@7abe286{HTTP/1.1, (http/1.1, h2c)}{0.0.0.0:0}
2022-03-30T09:49:14.6040379Z 
2022-03-30T09:49:14.6041462Z 
2022-03-30T09:49:14.6041815Z ContentEncodingTest > contentEncodingNone() STANDARD_OUT
2022-03-30T09:49:14.6042364Z     Download http://localhost:33411/test.txt
2022-03-30T09:49:14.6042635Z 
2022-03-30T09:49:14.7055472Z 
2022-03-30T09:49:14.7056178Z ContentEncodingTest > contentEncodingNone() PASSED
2022-03-30T09:49:14.7056788Z 
2022-03-30T09:49:14.7057735Z ContentLengthTest STANDARD_OUT
2022-03-30T09:49:14.7058455Z     Acceptors should be <= availableProcessors: NetworkTrafficServerConnector@110105ce{HTTP/1.1, (http/1.1, h2c)}{0.0.0.0:0}
2022-03-30T09:49:14.7058985Z 
2022-03-30T09:49:14.7059183Z 
2022-03-30T09:49:14.7059774Z ContentLengthTest > missingContentLength() STANDARD_OUT
2022-03-30T09:49:14.7060481Z     Download http://localhost:37521/test.txt
2022-03-30T09:49:14.7066380Z 
2022-03-30T09:49:14.8044485Z 
2022-03-30T09:49:14.8045113Z ContentLengthTest > missingContentLength() PASSED
2022-03-30T09:49:14.8045584Z 
2022-03-30T09:49:14.8046239Z ContentLengthTest > tooLargeContentLength() STANDARD_OUT
2022-03-30T09:49:14.8047097Z     Download http://localhost:37521/test.txt
2022-03-30T09:49:14.8047695Z 
2022-03-30T09:49:14.8048778Z 
2022-03-30T09:49:14.8049062Z ContentLengthTest > tooLargeContentLength() PASSED
2022-03-30T09:49:14.8049398Z 
2022-03-30T09:49:14.8049776Z ContentLengthTest > correctContentLength() STANDARD_OUT
2022-03-30T09:49:14.8050458Z     Download http://localhost:37521/test.txt
2022-03-30T09:49:14.8050734Z 
2022-03-30T09:49:14.8050871Z 
2022-03-30T09:49:14.8051090Z ContentLengthTest > correctContentLength() PASSED
2022-03-30T09:49:14.8051390Z 
2022-03-30T09:49:14.8051912Z DownloadExtensionTest STANDARD_OUT
2022-03-30T09:49:14.8052572Z     Acceptors should be <= availableProcessors: NetworkTrafficServerConnector@305d2fab{HTTP/1.1, (http/1.1, h2c)}{0.0.0.0:0}
2022-03-30T09:49:14.8053132Z 
2022-03-30T09:49:14.9042744Z 
2022-03-30T09:49:14.9043885Z DownloadExtensionTest > downloadSingleFile() STANDARD_OUT
2022-03-30T09:49:14.9044709Z     Download http://localhost:34981/test.txt
2022-03-30T09:49:14.9045108Z 
2022-03-30T09:49:14.9045171Z 
2022-03-30T09:49:14.9045370Z DownloadExtensionTest > downloadSingleFile() PASSED
2022-03-30T09:49:14.9045601Z 
2022-03-30T09:49:14.9045814Z DownloadExtensionTest > downloadSingleFileError() STANDARD_OUT
2022-03-30T09:49:14.9046172Z     Download http://localhost:34981/foobar.txt
2022-03-30T09:49:14.9046383Z 
2022-03-30T09:49:15.0048111Z 
2022-03-30T09:49:15.0048978Z DownloadExtensionTest > downloadSingleFileError() FAILED
2022-03-30T09:49:15.0049657Z     java.lang.AssertionError at DownloadExtensionTest.java:100
2022-03-30T09:49:15.0049934Z 
2022-03-30T09:49:15.0050149Z DownloadTest STANDARD_OUT
2022-03-30T09:49:15.0050615Z     Acceptors should be <= availableProcessors: NetworkTrafficServerConnector@117e1422{HTTP/1.1, (http/1.1, h2c)}{0.0.0.0:0}
2022-03-30T09:49:15.0050955Z 
2022-03-30T09:49:15.0051026Z 
2022-03-30T09:49:15.0051410Z DownloadTest > kotlinFunctionSrcAndDest() STANDARD_OUT
2022-03-30T09:49:15.0051962Z     Download http://localhost:45733/test.txt
2022-03-30T09:49:15.0052209Z 
2022-03-30T09:49:15.0052280Z 
2022-03-30T09:49:15.0052500Z DownloadTest > kotlinFunctionSrcAndDest() PASSED
2022-03-30T09:49:15.1043767Z 
2022-03-30T09:49:15.1059424Z DownloadTest > downloadMultipleFiles() STANDARD_OUT
2022-03-30T09:49:15.1060133Z     Download http://localhost:45733/test.txt
2022-03-30T09:49:15.1060398Z 
2022-03-30T09:49:15.1060625Z     Download http://localhost:45733/test2.txt
2022-03-30T09:49:15.1060874Z 
2022-03-30T09:49:15.1060946Z 
2022-03-30T09:49:15.1061158Z DownloadTest > downloadMultipleFiles() PASSED
2022-03-30T09:49:15.1061593Z 
2022-03-30T09:49:15.1061913Z DownloadTest > downloadMultipleFilesCreatesDestDirAutomatically() STANDARD_OUT
2022-03-30T09:49:15.1062377Z     Download http://localhost:45733/test.txt
2022-03-30T09:49:15.1062786Z 
2022-03-30T09:49:15.1063011Z     Download http://localhost:45733/test2.txt
2022-03-30T09:49:15.1063249Z 
2022-03-30T09:49:15.2044798Z 
2022-03-30T09:49:15.2045748Z DownloadTest > downloadMultipleFilesCreatesDestDirAutomatically() PASSED
2022-03-30T09:49:15.2046627Z 
2022-03-30T09:49:15.2048210Z DownloadTest > testInvalidDest() PASSED
2022-03-30T09:49:15.2048505Z 
2022-03-30T09:49:15.2048799Z DownloadTest > downloadSingleFile() STANDARD_OUT
2022-03-30T09:49:15.2050289Z     Download http://localhost:45733/test.txt
2022-03-30T09:49:15.2050919Z 
2022-03-30T09:49:15.3036119Z 
2022-03-30T09:49:15.3037578Z DownloadTest > downloadSingleFile() PASSED
2022-03-30T09:49:15.3038100Z 
2022-03-30T09:49:15.3038803Z DownloadTest > testExecuteEmptyDest() PASSED
2022-03-30T09:49:15.3039141Z 
2022-03-30T09:49:15.3039459Z DownloadTest > testArraySrc() PASSED
2022-03-30T09:49:15.3040047Z 
2022-03-30T09:49:15.3061765Z DownloadTest > downloadMultipleFilesToFile() PASSED
2022-03-30T09:49:15.3062310Z 
2022-03-30T09:49:15.3062656Z DownloadTest > providerSrcAndDest() STANDARD_OUT
2022-03-30T09:49:15.3063217Z     Download http://localhost:45733/test.txt
2022-03-30T09:49:15.3085331Z 
2022-03-30T09:49:15.4036234Z 
2022-03-30T09:49:15.4044021Z DownloadTest > providerSrcAndDest() PASSED
2022-03-30T09:49:15.4044440Z 
2022-03-30T09:49:15.4045168Z DownloadTest > testExecuteEmptySrc() PASSED
2022-03-30T09:49:15.4045899Z 
2022-03-30T09:49:15.4046233Z DownloadTest > downloadSingleFileToRelativePath() STANDARD_OUT
2022-03-30T09:49:15.4047156Z     Download http://localhost:45733/test.txt
2022-03-30T09:49:15.4047336Z 
2022-03-30T09:49:15.4047342Z 
2022-03-30T09:49:15.4047525Z DownloadTest > downloadSingleFileToRelativePath() PASSED
2022-03-30T09:49:15.4047709Z 
2022-03-30T09:49:15.4047829Z DownloadTest > downloadSingleURL() STANDARD_OUT
2022-03-30T09:49:15.4051142Z     Download http://localhost:45733/test.txt
2022-03-30T09:49:15.4051496Z 
2022-03-30T09:49:15.5084996Z 
2022-03-30T09:49:15.5087295Z DownloadTest > downloadSingleURL() PASSED
2022-03-30T09:49:15.5087770Z 
2022-03-30T09:49:15.5089198Z DownloadTest > downloadSingleFileToDir() STANDARD_OUT
2022-03-30T09:49:15.5090191Z     Download http://localhost:45733/test.txt
2022-03-30T09:49:15.5091110Z 
2022-03-30T09:49:15.5091660Z 
2022-03-30T09:49:15.5092022Z DownloadTest > downloadSingleFileToDir() PASSED
2022-03-30T09:49:15.5092395Z 
2022-03-30T09:49:15.5092733Z DownloadTest > testFileDownloadURL() STANDARD_OUT
2022-03-30T09:49:15.5106429Z     Download file:/tmp/junit2979514481935209574/gradle-download-task5842926789159847304.tmp
2022-03-30T09:49:15.5106953Z 
2022-03-30T09:49:15.5107345Z 
2022-03-30T09:49:15.5107674Z DownloadTest > testFileDownloadURL() PASSED
2022-03-30T09:49:15.5107880Z 
2022-03-30T09:49:15.5107988Z DownloadTest > skipExisting() STANDARD_OUT
2022-03-30T09:49:15.5108284Z     Download http://localhost:45733/test.txt
2022-03-30T09:49:15.5108633Z 
2022-03-30T09:49:15.6041093Z 
2022-03-30T09:49:15.6041888Z DownloadTest > skipExisting() PASSED
2022-03-30T09:49:15.6043042Z 
2022-03-30T09:49:15.6043393Z DownloadTest > lazySrcAndDest() STANDARD_OUT
2022-03-30T09:49:15.6043937Z     Download http://localhost:45733/test.txt
2022-03-30T09:49:15.6044238Z 
2022-03-30T09:49:15.6044389Z 
2022-03-30T09:49:15.6045022Z DownloadTest > lazySrcAndDest() PASSED
2022-03-30T09:49:15.6045523Z 
2022-03-30T09:49:15.6046075Z DownloadTest > testFileDownloadURLOverwriteTrue() STANDARD_OUT
2022-03-30T09:49:15.6047890Z     Download file:/tmp/junit1265780775107443944/gradle-download-task7164161646706624386.tmp
2022-03-30T09:49:15.6048472Z 
2022-03-30T09:49:15.7043576Z 
2022-03-30T09:49:15.7076614Z DownloadTest > testFileDownloadURLOverwriteTrue() PASSED
2022-03-30T09:49:15.7077141Z 
2022-03-30T09:49:15.7079277Z DownloadTest > testInvalidSrc() PASSED
2022-03-30T09:49:15.7079611Z 
2022-03-30T09:49:15.7079883Z ETagTest STANDARD_OUT
2022-03-30T09:49:15.7080483Z     Acceptors should be <= availableProcessors: NetworkTrafficServerConnector@a3f99df{HTTP/1.1, (http/1.1, h2c)}{0.0.0.0:0}
2022-03-30T09:49:15.7080888Z 
2022-03-30T09:49:15.7081055Z 
2022-03-30T09:49:15.7081396Z ETagTest > forceDownloadIfDestNotExists() STANDARD_OUT
2022-03-30T09:49:15.7082011Z     Download http://localhost:37659/test.txt
2022-03-30T09:49:15.7082351Z 
2022-03-30T09:49:15.7082570Z 
2022-03-30T09:49:15.7083053Z ETagTest > forceDownloadIfDestNotExists() PASSED
2022-03-30T09:49:15.8048254Z 
2022-03-30T09:49:15.8050239Z ETagTest > lazyConfigureCachedETagsFile() STANDARD_OUT
2022-03-30T09:49:15.8050896Z     Download http://localhost:37659/test.txt
2022-03-30T09:49:15.8051358Z 
2022-03-30T09:49:15.8051768Z 
2022-03-30T09:49:15.8052336Z ETagTest > lazyConfigureCachedETagsFile() PASSED
2022-03-30T09:49:15.8052904Z 
2022-03-30T09:49:15.8053247Z ETagTest > kotlinFunctionConfigureCachedETagsFile() STANDARD_OUT
2022-03-30T09:49:15.8053581Z     Download http://localhost:37659/test.txt
2022-03-30T09:49:15.8053747Z 
2022-03-30T09:49:15.8056536Z 
2022-03-30T09:49:15.8056951Z ETagTest > kotlinFunctionConfigureCachedETagsFile() PASSED
2022-03-30T09:49:15.8059417Z 
2022-03-30T09:49:15.8060123Z ETagTest > storeStrongOnly() STANDARD_OUT
2022-03-30T09:49:15.8060854Z     Download http://localhost:37659/file1
2022-03-30T09:49:15.8063184Z 
2022-03-30T09:49:15.9044219Z     Download http://localhost:37659/file2
2022-03-30T09:49:15.9044668Z 
2022-03-30T09:49:15.9045154Z 
2022-03-30T09:49:15.9045604Z ETagTest > storeStrongOnly() PASSED
2022-03-30T09:49:15.9045904Z 
2022-03-30T09:49:15.9046262Z ETagTest > dontDownloadIfEqual() STANDARD_OUT
2022-03-30T09:49:15.9047073Z     Download http://localhost:37659/test.txt
2022-03-30T09:49:15.9047365Z 
2022-03-30T09:49:15.9047508Z 
2022-03-30T09:49:15.9047804Z ETagTest > dontDownloadIfEqual() PASSED
2022-03-30T09:49:15.9048169Z 
2022-03-30T09:49:15.9048572Z ETagTest > storeWeakETagIssueWarning() STANDARD_OUT
2022-03-30T09:49:15.9049115Z     Download http://localhost:37659/test.txt
2022-03-30T09:49:15.9049932Z 
2022-03-30T09:49:15.9050764Z     Weak entity tag (ETag) encountered. Please make sure you want to compare resources based on weak ETags. If yes, set the 'useETag' flag to "all", otherwise set it to "strongOnly".
2022-03-30T09:49:15.9051235Z 
2022-03-30T09:49:15.9051423Z 
2022-03-30T09:49:15.9051720Z ETagTest > storeWeakETagIssueWarning() PASSED
2022-03-30T09:49:16.0038147Z 
2022-03-30T09:49:16.0038841Z ETagTest > storeMultipleETags() STANDARD_OUT
2022-03-30T09:49:16.0039422Z     Download http://localhost:37659/file1
2022-03-30T09:49:16.0039722Z 
2022-03-30T09:49:16.0039973Z     Download http://localhost:37659/file2
2022-03-30T09:49:16.0040254Z 
2022-03-30T09:49:16.0040555Z 
2022-03-30T09:49:16.0040828Z ETagTest > storeMultipleETags() PASSED
2022-03-30T09:49:16.0041262Z 
2022-03-30T09:49:16.0041463Z ETagTest > modifiedDownload() STANDARD_OUT
2022-03-30T09:49:16.0041820Z     Download http://localhost:37659/test.txt
2022-03-30T09:49:16.0042084Z 
2022-03-30T09:49:16.0042171Z 
2022-03-30T09:49:16.0042367Z ETagTest > modifiedDownload() PASSED
2022-03-30T09:49:16.0042606Z 
2022-03-30T09:49:16.0042856Z ETagTest > providerConfigureCachedETagsFile() STANDARD_OUT
2022-03-30T09:49:16.0043455Z     Download http://localhost:37659/test.txt
2022-03-30T09:49:16.0043705Z 
2022-03-30T09:49:16.0043779Z 
2022-03-30T09:49:16.0044185Z ETagTest > providerConfigureCachedETagsFile() PASSED
2022-03-30T09:49:16.0044622Z 
2022-03-30T09:49:16.0044807Z ETagTest > storeAllETags() STANDARD_OUT
2022-03-30T09:49:16.0045146Z     Download http://localhost:37659/test.txt
2022-03-30T09:49:16.0045384Z 
2022-03-30T09:49:16.0045453Z 
2022-03-30T09:49:16.0045631Z ETagTest > storeAllETags() PASSED
2022-03-30T09:49:16.0046017Z 
2022-03-30T09:49:16.0046211Z ETagTest > invalidUseETagFlag() PASSED
2022-03-30T09:49:16.1036100Z 
2022-03-30T09:49:16.1036730Z ETagTest > missingETag() STANDARD_OUT
2022-03-30T09:49:16.1037162Z     Download http://localhost:37659/test.txt
2022-03-30T09:49:16.1037394Z 
2022-03-30T09:49:16.1037619Z     Server response does not include an entity tag (ETag).
2022-03-30T09:49:16.1037861Z 
2022-03-30T09:49:16.1037928Z 
2022-03-30T09:49:16.1038100Z ETagTest > missingETag() PASSED
2022-03-30T09:49:16.1038309Z 
2022-03-30T09:49:16.1038516Z ETagTest > configureCachedETagsFile() STANDARD_OUT
2022-03-30T09:49:16.1039059Z     Download http://localhost:37659/test.txt
2022-03-30T09:49:16.1039557Z 
2022-03-30T09:49:16.1039627Z 
2022-03-30T09:49:16.1039834Z ETagTest > configureCachedETagsFile() PASSED
2022-03-30T09:49:16.1040237Z 
2022-03-30T09:49:16.1040405Z ETagTest > storeETag() STANDARD_OUT
2022-03-30T09:49:16.1042246Z     Download http://localhost:37659/test.txt
2022-03-30T09:49:16.1042681Z 
2022-03-30T09:49:16.1042746Z 
2022-03-30T09:49:16.1043007Z ETagTest > storeETag() PASSED
2022-03-30T09:49:16.1043426Z 
2022-03-30T09:49:16.1043676Z ETagTest > configureDownloadTaskDir() STANDARD_OUT
2022-03-30T09:49:16.1044045Z     Download http://localhost:37659/test.txt
2022-03-30T09:49:16.1044273Z 
2022-03-30T09:49:16.1044344Z 
2022-03-30T09:49:16.1044539Z ETagTest > configureDownloadTaskDir() PASSED
2022-03-30T09:49:16.2034790Z 
2022-03-30T09:49:16.2035736Z ETagTest > incorrectETag() STANDARD_OUT
2022-03-30T09:49:16.2036365Z     Download http://localhost:37659/test.txt
2022-03-30T09:49:16.2036865Z 
2022-03-30T09:49:16.2037019Z 
2022-03-30T09:49:16.2037300Z ETagTest > incorrectETag() PASSED
2022-03-30T09:49:16.2037611Z 
2022-03-30T09:49:16.2037934Z FunctionalDownloadTest STANDARD_OUT
2022-03-30T09:49:16.2038472Z     Acceptors should be <= availableProcessors: NetworkTrafficServerConnector@1781a594{HTTP/1.1, (http/1.1, h2c)}{0.0.0.0:0}
2022-03-30T09:49:16.2038896Z 
2022-03-30T09:49:26.6073979Z 
2022-03-30T09:49:26.6074897Z FunctionalDownloadTest > downloadSingleFileUsingBuildDirectoryFile() STANDARD_OUT
2022-03-30T09:49:26.6076014Z 
2022-03-30T09:49:26.6076300Z     > Task :downloadTask
2022-03-30T09:49:26.6076587Z 
2022-03-30T09:49:26.6076916Z     Download http://localhost:43679/test.txt
2022-03-30T09:49:26.6077703Z 
2022-03-30T09:49:26.6077872Z 
2022-03-30T09:49:26.6078085Z     BUILD SUCCESSFUL
2022-03-30T09:49:26.6078430Z      in 8s
2022-03-30T09:49:26.6078922Z 
2022-03-30T09:49:26.6079332Z     1 actionable task: 1 executed
2022-03-30T09:49:26.6079823Z 
2022-03-30T09:49:26.8069623Z 
2022-03-30T09:49:26.8070141Z FunctionalDownloadTest > downloadSingleFileUsingBuildDirectoryFile() PASSED
2022-03-30T09:49:27.2037192Z 
2022-03-30T09:49:27.2053150Z FunctionalDownloadTest > downloadOnlyIfNewer() STANDARD_OUT
2022-03-30T09:49:27.2054644Z 
2022-03-30T09:49:27.2055273Z     > Task :downloadTask
2022-03-30T09:49:27.2055627Z 
2022-03-30T09:49:27.2056194Z     Download http://localhost:43679/test.txt
2022-03-30T09:49:27.2056562Z 
2022-03-30T09:49:27.2056941Z 
2022-03-30T09:49:27.2057634Z     BUILD SUCCESSFUL
2022-03-30T09:49:27.2058547Z      in 343ms
2022-03-30T09:49:27.2058882Z 
2022-03-30T09:49:27.2059578Z     1 actionable task: 1 executed
2022-03-30T09:49:27.2060183Z 
2022-03-30T09:49:27.5045362Z 
2022-03-30T09:49:27.5066648Z     > Task :downloadTask
2022-03-30T09:49:27.5076477Z      UP-TO-DATE
2022-03-30T09:49:27.5076919Z 
2022-03-30T09:49:27.5077516Z     Download http://localhost:43679/test.txt
2022-03-30T09:49:27.5077894Z 
2022-03-30T09:49:27.5078287Z 
2022-03-30T09:49:27.5078565Z     BUILD SUCCESSFUL
2022-03-30T09:49:27.5079174Z      in 242ms
2022-03-30T09:49:27.5079716Z 
2022-03-30T09:49:27.5080343Z     1 actionable task: 1 up-to-date
2022-03-30T09:49:27.5080873Z 
2022-03-30T09:49:27.6045110Z 
2022-03-30T09:49:27.6045812Z FunctionalDownloadTest > downloadOnlyIfNewer() PASSED
2022-03-30T09:49:27.9036229Z 
2022-03-30T09:49:27.9036729Z FunctionalDownloadTest > downloadMultipleFiles() STANDARD_OUT
2022-03-30T09:49:27.9037073Z 
2022-03-30T09:49:27.9037458Z     > Task :downloadTask
2022-03-30T09:49:27.9037617Z 
2022-03-30T09:49:27.9037792Z     Download http://localhost:43679/test.txt
2022-03-30T09:49:27.9037943Z 
2022-03-30T09:49:27.9038094Z     Download http://localhost:43679/test2.txt
2022-03-30T09:49:27.9038270Z 
2022-03-30T09:49:27.9038300Z 
2022-03-30T09:49:27.9038385Z     BUILD SUCCESSFUL
2022-03-30T09:49:27.9038580Z      in 302ms
2022-03-30T09:49:27.9038776Z 
2022-03-30T09:49:27.9090717Z     1 actionable task: 1 executed
2022-03-30T09:49:27.9091002Z 
2022-03-30T09:49:27.9091142Z 
2022-03-30T09:49:27.9091893Z FunctionalDownloadTest > downloadMultipleFiles() PASSED
2022-03-30T09:49:28.3034974Z 
2022-03-30T09:49:28.3042385Z FunctionalDownloadTest > downloadSingleFile() STANDARD_OUT
2022-03-30T09:49:28.3043162Z 
2022-03-30T09:49:28.3043480Z     > Task :downloadTask
2022-03-30T09:49:28.3044079Z 
2022-03-30T09:49:28.3044418Z     Download http://localhost:43679/test.txt
2022-03-30T09:49:28.3045177Z 
2022-03-30T09:49:28.3045365Z 
2022-03-30T09:49:28.3050242Z     BUILD SUCCESSFUL
2022-03-30T09:49:28.3050734Z      in 273ms
2022-03-30T09:49:28.3051701Z 
2022-03-30T09:49:28.3052082Z     1 actionable task: 1 executed
2022-03-30T09:49:28.3052664Z 
2022-03-30T09:49:28.3052844Z 
2022-03-30T09:49:28.3053515Z FunctionalDownloadTest > downloadSingleFile() PASSED
2022-03-30T09:49:28.7038214Z 
2022-03-30T09:49:28.7039487Z FunctionalDownloadTest > downloadSingleFileUsingFileProperty() STANDARD_OUT
2022-03-30T09:49:28.7040212Z 
2022-03-30T09:49:28.7040494Z     > Task :downloadTask
2022-03-30T09:49:28.7041018Z 
2022-03-30T09:49:28.7041347Z     Download http://localhost:43679/test.txt
2022-03-30T09:49:28.7041894Z 
2022-03-30T09:49:28.7042053Z 
2022-03-30T09:49:28.7042500Z     BUILD SUCCESSFUL
2022-03-30T09:49:28.7042872Z      in 325ms
2022-03-30T09:49:28.7043362Z 
2022-03-30T09:49:28.7043631Z     1 actionable task: 1 executed
2022-03-30T09:49:28.7046478Z 
2022-03-30T09:49:28.7046680Z 
2022-03-30T09:49:28.7047682Z FunctionalDownloadTest > downloadSingleFileUsingFileProperty() PASSED
2022-03-30T09:49:29.0034794Z 
2022-03-30T09:49:29.0036552Z FunctionalDownloadTest > downloadSingleFileUsingRegularFileProperty() STANDARD_OUT
2022-03-30T09:49:29.0037669Z 
2022-03-30T09:49:29.0038007Z     > Task :downloadTask
2022-03-30T09:49:29.0038613Z 
2022-03-30T09:49:29.0039316Z     Download http://localhost:43679/test.txt
2022-03-30T09:49:29.0039961Z 
2022-03-30T09:49:29.0040171Z 
2022-03-30T09:49:29.0040680Z     BUILD SUCCESSFUL
2022-03-30T09:49:29.0041125Z      in 209ms
2022-03-30T09:49:29.0041689Z 
2022-03-30T09:49:29.0041995Z     1 actionable task: 1 executed
2022-03-30T09:49:29.0042590Z 
2022-03-30T09:49:29.0042773Z 
2022-03-30T09:49:29.0043451Z FunctionalDownloadTest > downloadSingleFileUsingRegularFileProperty() PASSED
2022-03-30T09:49:29.2034744Z 
2022-03-30T09:49:29.2036072Z FunctionalDownloadTest > downloadOnlyIfNewerReDownloadIfFileExists() STANDARD_OUT
2022-03-30T09:49:29.2036390Z 
2022-03-30T09:49:29.2036486Z     > Task :downloadTask
2022-03-30T09:49:29.2036609Z 
2022-03-30T09:49:29.2036768Z     Download http://localhost:43679/test.txt
2022-03-30T09:49:29.2037148Z 
2022-03-30T09:49:29.2037155Z 
2022-03-30T09:49:29.2037245Z     BUILD SUCCESSFUL
2022-03-30T09:49:29.2037669Z      in 172ms
2022-03-30T09:49:29.2037953Z 
2022-03-30T09:49:29.2038037Z     1 actionable task: 1 executed
2022-03-30T09:49:29.2038189Z 
2022-03-30T09:49:29.2038194Z 
2022-03-30T09:49:29.2038406Z FunctionalDownloadTest > downloadOnlyIfNewerReDownloadIfFileExists() PASSED
2022-03-30T09:49:29.6054250Z 
2022-03-30T09:49:29.6056936Z FunctionalDownloadTest > downloadExtensionShouldNotFailTask() STANDARD_OUT
2022-03-30T09:49:29.6057568Z 
2022-03-30T09:49:29.6057776Z     > Task :downloadTask
2022-03-30T09:49:29.6058155Z 
2022-03-30T09:49:29.6058447Z     Download http://localhost:43679/test.txt
2022-03-30T09:49:29.6058644Z 
2022-03-30T09:49:29.6058650Z 
2022-03-30T09:49:29.6058739Z     BUILD SUCCESSFUL
2022-03-30T09:49:29.6058922Z      in 297ms
2022-03-30T09:49:29.6059040Z 
2022-03-30T09:49:29.6059139Z     1 actionable task: 1 executed
2022-03-30T09:49:29.6059278Z 
2022-03-30T09:49:29.6059284Z 
2022-03-30T09:49:29.6059493Z FunctionalDownloadTest > downloadExtensionShouldNotFailTask() FAILED
2022-03-30T09:49:29.6059868Z     java.lang.AssertionError at FunctionalDownloadTest.java:404
2022-03-30T09:49:29.9034718Z 
2022-03-30T09:49:29.9038263Z FunctionalDownloadTest > downloadFileURLOnlyIfNewer() STANDARD_OUT
2022-03-30T09:49:29.9039337Z 
2022-03-30T09:49:29.9039579Z     > Task :downloadTask
2022-03-30T09:49:29.9040208Z 
2022-03-30T09:49:29.9040806Z     Download file:/tmp/junit2011284959623729437/gradle-download-task650473449880920129.tmp
2022-03-30T09:49:29.9041105Z 
2022-03-30T09:49:29.9041170Z 
2022-03-30T09:49:29.9041502Z     BUILD SUCCESSFUL
2022-03-30T09:49:29.9041932Z      in 247ms
2022-03-30T09:49:29.9042113Z 
2022-03-30T09:49:29.9042274Z     1 actionable task: 1 executed
2022-03-30T09:49:29.9042479Z 
2022-03-30T09:49:30.0034270Z 
2022-03-30T09:49:30.0035333Z     > Task :downloadTask
2022-03-30T09:49:30.0036118Z      UP-TO-DATE
2022-03-30T09:49:30.0036409Z 
2022-03-30T09:49:30.0037198Z     Download file:/tmp/junit2011284959623729437/gradle-download-task650473449880920129.tmp
2022-03-30T09:49:30.0037933Z 
2022-03-30T09:49:30.1034326Z 
2022-03-30T09:49:30.1035369Z     BUILD SUCCESSFUL
2022-03-30T09:49:30.1035895Z      in 99ms
2022-03-30T09:49:30.1036104Z 
2022-03-30T09:49:30.1036612Z     1 actionable task: 1 up-to-date
2022-03-30T09:49:30.1036868Z 
2022-03-30T09:49:30.1036940Z 
2022-03-30T09:49:30.1037203Z FunctionalDownloadTest > downloadFileURLOnlyIfNewer() PASSED
2022-03-30T09:49:30.3036601Z 
2022-03-30T09:49:30.3037522Z FunctionalDownloadTest > fileDependenciesTriggersDownloadTask() STANDARD_OUT
2022-03-30T09:49:30.3038518Z 
2022-03-30T09:49:30.3038859Z     > Task :downloadTask
2022-03-30T09:49:30.3039746Z 
2022-03-30T09:49:30.3040117Z     Download http://localhost:43679/test.txt
2022-03-30T09:49:30.3041257Z 
2022-03-30T09:49:30.3041443Z 
2022-03-30T09:49:30.3042104Z     > Task :processTask
2022-03-30T09:49:30.3042436Z 
2022-03-30T09:49:30.3042981Z 
2022-03-30T09:49:30.3043271Z     BUILD SUCCESSFUL
2022-03-30T09:49:30.3044242Z      in 167ms
2022-03-30T09:49:30.3044553Z 
2022-03-30T09:49:30.3044711Z     2 actionable tasks: 2 executed
2022-03-30T09:49:30.3044911Z 
2022-03-30T09:49:30.3045902Z 
2022-03-30T09:49:30.3046824Z FunctionalDownloadTest > fileDependenciesTriggersDownloadTask() PASSED
2022-03-30T09:49:30.5033631Z 
2022-03-30T09:49:30.5035308Z FunctionalDownloadTest > downloadSingleFileWithoutCompress() STANDARD_OUT
2022-03-30T09:49:30.5035837Z 
2022-03-30T09:49:30.5036994Z     > Task :downloadTask
2022-03-30T09:49:30.5037537Z 
2022-03-30T09:49:30.5048116Z     Download http://localhost:43679/test.txt
2022-03-30T09:49:30.5048456Z 
2022-03-30T09:49:30.6038783Z 
2022-03-30T09:49:30.6039388Z     BUILD SUCCESSFUL
2022-03-30T09:49:30.6040328Z      in 205ms
2022-03-30T09:49:30.6040697Z 
2022-03-30T09:49:30.6041398Z     1 actionable task: 1 executed
2022-03-30T09:49:30.6041727Z 
2022-03-30T09:49:30.6042310Z 
2022-03-30T09:49:30.6042698Z FunctionalDownloadTest > downloadSingleFileWithoutCompress() PASSED
2022-03-30T09:49:30.9035456Z 
2022-03-30T09:49:30.9037333Z FunctionalDownloadTest > downloadSingleFileTwiceWithOfflineMode() STANDARD_OUT
2022-03-30T09:49:30.9038651Z 
2022-03-30T09:49:30.9039607Z     > Task :downloadTask
2022-03-30T09:49:30.9040663Z 
2022-03-30T09:49:30.9041075Z     Download http://localhost:43679/test.txt
2022-03-30T09:49:30.9041906Z 
2022-03-30T09:49:30.9042106Z 
2022-03-30T09:49:30.9043128Z     BUILD SUCCESSFUL
2022-03-30T09:49:30.9043543Z      in 229ms
2022-03-30T09:49:30.9044229Z 
2022-03-30T09:49:30.9044549Z     1 actionable task: 1 executed
2022-03-30T09:49:30.9045283Z 
2022-03-30T09:49:31.0036472Z     > Task :downloadTask
2022-03-30T09:49:31.0037051Z      SKIPPED
2022-03-30T09:49:31.0037283Z 
2022-03-30T09:49:31.0037371Z 
2022-03-30T09:49:31.0037540Z     BUILD SUCCESSFUL
2022-03-30T09:49:31.0037823Z      in 129ms
2022-03-30T09:49:31.0038027Z 
2022-03-30T09:49:31.1034463Z 
2022-03-30T09:49:31.1035725Z FunctionalDownloadTest > downloadSingleFileTwiceWithOfflineMode() PASSED
2022-03-30T09:49:31.4035961Z 
2022-03-30T09:49:31.4036986Z FunctionalDownloadTest > downloadUseETag() STANDARD_OUT
2022-03-30T09:49:31.4037463Z 
2022-03-30T09:49:31.4038474Z     > Task :downloadTask
2022-03-30T09:49:31.4038741Z 
2022-03-30T09:49:31.4038978Z     Download http://localhost:43679/test.txt
2022-03-30T09:49:31.4039558Z 
2022-03-30T09:49:31.4039629Z 
2022-03-30T09:49:31.4039782Z     BUILD SUCCESSFUL
2022-03-30T09:49:31.4040337Z      in 325ms
2022-03-30T09:49:31.4040514Z 
2022-03-30T09:49:31.4040707Z     1 actionable task: 1 executed
2022-03-30T09:49:31.4041021Z 
2022-03-30T09:49:31.6034548Z 
2022-03-30T09:49:31.6034926Z     > Task :downloadTask
2022-03-30T09:49:31.6037432Z      UP-TO-DATE
2022-03-30T09:49:31.6037813Z 
2022-03-30T09:49:31.6038121Z     Download http://localhost:43679/test.txt
2022-03-30T09:49:31.6038634Z 
2022-03-30T09:49:31.6038776Z 
2022-03-30T09:49:31.6038975Z     BUILD SUCCESSFUL
2022-03-30T09:49:31.6039269Z      in 109ms
2022-03-30T09:49:31.6039503Z 
2022-03-30T09:49:31.6040050Z     1 actionable task: 1 up-to-date
2022-03-30T09:49:31.6040350Z 
2022-03-30T09:49:31.6040417Z 
2022-03-30T09:49:31.6040816Z FunctionalDownloadTest > downloadUseETag() PASSED
2022-03-30T09:49:31.8033927Z 
2022-03-30T09:49:31.8034333Z FunctionalDownloadTest > downloadSingleFileWithQuietMode() STANDARD_OUT
2022-03-30T09:49:31.8034680Z     > Task :downloadTask
2022-03-30T09:49:31.8034796Z 
2022-03-30T09:49:31.8034818Z 
2022-03-30T09:49:31.8034884Z     BUILD SUCCESSFUL
2022-03-30T09:49:31.8035502Z      in 189ms
2022-03-30T09:49:31.8035620Z 
2022-03-30T09:49:31.8035718Z     1 actionable task: 1 executed
2022-03-30T09:49:31.8035856Z 
2022-03-30T09:49:31.9034496Z 
2022-03-30T09:49:31.9039532Z FunctionalDownloadTest > downloadSingleFileWithQuietMode() PASSED
2022-03-30T09:49:33.2033218Z 
2022-03-30T09:49:33.2034501Z FunctionalDownloadTest > configurationCache() STANDARD_OUT
2022-03-30T09:49:33.2035180Z     Configuration cache is an incubating feature.
2022-03-30T09:49:33.2035635Z 
2022-03-30T09:49:34.9033926Z     Calculating task graph as no configuration cache is available for tasks: :downloadTask
2022-03-30T09:49:34.9034362Z 
2022-03-30T09:49:38.5035403Z 
2022-03-30T09:49:38.5036809Z     > Task :downloadTask
2022-03-30T09:49:38.5038225Z 
2022-03-30T09:49:38.5038556Z     Download http://localhost:43679/test.txt
2022-03-30T09:49:38.5040885Z 
2022-03-30T09:49:38.5041538Z 
2022-03-30T09:49:38.5042856Z     BUILD SUCCESSFUL
2022-03-30T09:49:38.5044070Z      in 6s
2022-03-30T09:49:38.5044751Z 
2022-03-30T09:49:38.6034203Z     1 actionable task: 1 executed
2022-03-30T09:49:38.6034883Z 
2022-03-30T09:49:38.6035721Z     Configuration cache entry stored.
2022-03-30T09:49:38.6035896Z 
2022-03-30T09:49:38.6035920Z 
2022-03-30T09:49:38.6036113Z FunctionalDownloadTest > configurationCache() PASSED
2022-03-30T09:49:38.8050798Z 
2022-03-30T09:49:38.8051785Z FunctionalDownloadTest > downloadSingleFileTwiceWithOverwriteExecutesTwice() STANDARD_OUT
2022-03-30T09:49:38.8052528Z 
2022-03-30T09:49:38.8052750Z     > Task :downloadTask
2022-03-30T09:49:38.8053165Z 
2022-03-30T09:49:38.8053331Z     Download http://localhost:43679/test.txt
2022-03-30T09:49:38.8053507Z 
2022-03-30T09:49:38.8053515Z 
2022-03-30T09:49:38.8053603Z     BUILD SUCCESSFUL
2022-03-30T09:49:38.8053815Z      in 195ms
2022-03-30T09:49:38.8053935Z 
2022-03-30T09:49:38.8054019Z     1 actionable task: 1 executed
2022-03-30T09:49:38.8054164Z 
2022-03-30T09:49:38.9035474Z 
2022-03-30T09:49:38.9035941Z     > Task :downloadTask
2022-03-30T09:49:38.9036776Z 
2022-03-30T09:49:38.9037200Z     Download http://localhost:43679/test.txt
2022-03-30T09:49:38.9037621Z 
2022-03-30T09:49:39.0033769Z 
2022-03-30T09:49:39.0034517Z     BUILD SUCCESSFUL
2022-03-30T09:49:39.0035033Z      in 98ms
2022-03-30T09:49:39.0035695Z 
2022-03-30T09:49:39.0035985Z     1 actionable task: 1 executed
2022-03-30T09:49:39.0036280Z 
2022-03-30T09:49:39.0036496Z 
2022-03-30T09:49:39.0037010Z FunctionalDownloadTest > downloadSingleFileTwiceWithOverwriteExecutesTwice() PASSED
2022-03-30T09:49:39.2044509Z 
2022-03-30T09:49:39.2045111Z FunctionalDownloadTest > downloadSingleFileUsingBuildDirectoryDir() STANDARD_OUT
2022-03-30T09:49:39.2142369Z 
2022-03-30T09:49:39.2142519Z     > Task :downloadTask
2022-03-30T09:49:39.2142688Z 
2022-03-30T09:49:39.2142857Z     Download http://localhost:43679/test.txt
2022-03-30T09:49:39.2143031Z 
2022-03-30T09:49:39.2143037Z 
2022-03-30T09:49:39.2143126Z     BUILD SUCCESSFUL
2022-03-30T09:49:39.2143327Z      in 184ms
2022-03-30T09:49:39.2143447Z 
2022-03-30T09:49:39.2143532Z     1 actionable task: 1 executed
2022-03-30T09:49:39.2143674Z 
2022-03-30T09:49:39.3033302Z 
2022-03-30T09:49:39.3033941Z FunctionalDownloadTest > downloadSingleFileUsingBuildDirectoryDir() PASSED
2022-03-30T09:49:39.4034020Z 
2022-03-30T09:49:39.4034739Z FunctionalDownloadTest > downloadSingleFileTwiceMarksTaskAsUpToDate() STANDARD_OUT
2022-03-30T09:49:39.4035539Z 
2022-03-30T09:49:39.4035785Z     > Task :downloadTask
2022-03-30T09:49:39.4036035Z 
2022-03-30T09:49:39.4036302Z     Download http://localhost:43679/test.txt
2022-03-30T09:49:39.4036890Z 
2022-03-30T09:49:39.4037133Z 
2022-03-30T09:49:39.4037339Z     BUILD SUCCESSFUL
2022-03-30T09:49:39.4037529Z      in 100ms
2022-03-30T09:49:39.4037640Z 
2022-03-30T09:49:39.4037734Z     1 actionable task: 1 executed
2022-03-30T09:49:39.4037875Z 
2022-03-30T09:49:39.5037228Z     > Task :downloadTask
2022-03-30T09:49:39.5038058Z      UP-TO-DATE
2022-03-30T09:49:39.5038421Z 
2022-03-30T09:49:39.5039568Z 
2022-03-30T09:49:39.5040268Z     BUILD SUCCESSFUL
2022-03-30T09:49:39.5040589Z      in 94ms
2022-03-30T09:49:39.5040938Z 
2022-03-30T09:49:39.5041388Z     1 actionable task: 1 up-to-date
2022-03-30T09:49:39.5041949Z 
2022-03-30T09:49:39.5041962Z 
2022-03-30T09:49:39.5042338Z FunctionalDownloadTest > downloadSingleFileTwiceMarksTaskAsUpToDate() PASSED
2022-03-30T09:49:39.7036956Z 
2022-03-30T09:49:39.7037827Z FunctionalDownloadTest > downloadOnlyIfNewerRedownloadsIfFileHasBeenUpdated() STANDARD_OUT
2022-03-30T09:49:39.7038209Z 
2022-03-30T09:49:39.7038318Z     > Task :downloadTask
2022-03-30T09:49:39.7038494Z 
2022-03-30T09:49:39.7038667Z     Download http://localhost:43679/test.txt
2022-03-30T09:49:39.7039158Z 
2022-03-30T09:49:39.7039165Z 
2022-03-30T09:49:39.7039260Z     BUILD SUCCESSFUL
2022-03-30T09:49:39.7041841Z      in 102ms
2022-03-30T09:49:39.7041969Z 
2022-03-30T09:49:39.7042063Z     1 actionable task: 1 executed
2022-03-30T09:49:39.7042195Z 
2022-03-30T09:49:39.8032997Z 
2022-03-30T09:49:39.8033337Z     > Task :downloadTask
2022-03-30T09:49:39.8033599Z 
2022-03-30T09:49:39.8033829Z     Download http://localhost:43679/test.txt
2022-03-30T09:49:39.8034071Z 
2022-03-30T09:49:39.8034139Z 
2022-03-30T09:49:39.8034462Z     BUILD SUCCESSFUL
2022-03-30T09:49:39.8034716Z      in 109ms
2022-03-30T09:49:39.8035435Z 
2022-03-30T09:49:39.8035641Z     1 actionable task: 1 executed
2022-03-30T09:49:39.8035853Z 
2022-03-30T09:49:39.8035919Z 
2022-03-30T09:49:39.8036271Z FunctionalDownloadTest > downloadOnlyIfNewerRedownloadsIfFileHasBeenUpdated() PASSED
2022-03-30T09:49:40.0033277Z 
2022-03-30T09:49:40.0034114Z FunctionalDownloadTest > fileDependenciesWithMultipleSourcesTriggersDownloadTask() STANDARD_OUT
2022-03-30T09:49:40.0034576Z 
2022-03-30T09:49:40.0034752Z     > Task :downloadTask
2022-03-30T09:49:40.0034986Z 
2022-03-30T09:49:40.0035593Z     Download http://localhost:43679/test.txt
2022-03-30T09:49:40.0035861Z 
2022-03-30T09:49:40.0036074Z     Download http://localhost:43679/test2.txt
2022-03-30T09:49:40.0036328Z 
2022-03-30T09:49:40.0036398Z 
2022-03-30T09:49:40.0036563Z     > Task :processTask
2022-03-30T09:49:40.0036772Z 
2022-03-30T09:49:40.0036841Z 
2022-03-30T09:49:40.0036998Z     BUILD SUCCESSFUL
2022-03-30T09:49:40.0037275Z      in 154ms
2022-03-30T09:49:40.0037472Z 
2022-03-30T09:49:40.0037648Z     2 actionable tasks: 2 executed
2022-03-30T09:49:40.0037867Z 
2022-03-30T09:49:40.0037936Z 
2022-03-30T09:49:40.0038276Z FunctionalDownloadTest > fileDependenciesWithMultipleSourcesTriggersDownloadTask() PASSED
2022-03-30T09:49:40.0038659Z 
2022-03-30T09:49:40.0038816Z HeadersTest STANDARD_OUT
2022-03-30T09:49:40.0039328Z     Acceptors should be <= availableProcessors: NetworkTrafficServerConnector@b6b06da{HTTP/1.1, (http/1.1, h2c)}{0.0.0.0:0}
2022-03-30T09:49:40.0039740Z 
2022-03-30T09:49:40.1076424Z 
2022-03-30T09:49:40.1079022Z HeadersTest > downloadWithHeaders() STANDARD_OUT
2022-03-30T09:49:40.1079897Z     Download http://localhost:46671/test.txt
2022-03-30T09:49:40.1081465Z 
2022-03-30T09:49:40.1081472Z 
2022-03-30T09:49:40.1081651Z HeadersTest > downloadWithHeaders() PASSED
2022-03-30T09:49:40.1081822Z 
2022-03-30T09:49:40.1081959Z HeadersTest > downloadWithHeadersMap() PASSED
2022-03-30T09:49:40.1082125Z 
2022-03-30T09:49:40.1082260Z HeadersTest > downloadWithNoHeaders() STANDARD_OUT
2022-03-30T09:49:40.1082707Z     Download http://localhost:46671/test.txt
2022-03-30T09:49:40.1082868Z 
2022-03-30T09:49:40.1082874Z 
2022-03-30T09:49:40.1083211Z HeadersTest > downloadWithNoHeaders() PASSED
2022-03-30T09:49:40.1083384Z 
2022-03-30T09:49:40.1083481Z OfflineTest STANDARD_OUT
2022-03-30T09:49:40.1084088Z     Acceptors should be <= availableProcessors: NetworkTrafficServerConnector@711cb872{HTTP/1.1, (http/1.1, h2c)}{0.0.0.0:0}
2022-03-30T09:49:40.1084376Z 
2022-03-30T09:49:40.2034753Z 
2022-03-30T09:49:40.2035643Z OfflineTest > offlineFail() STANDARD_OUT
2022-03-30T09:49:40.2036409Z     Download http://localhost:39171
2022-03-30T09:49:40.2036794Z 
2022-03-30T09:49:40.2038303Z 
2022-03-30T09:49:40.2038627Z OfflineTest > offlineFail() PASSED
2022-03-30T09:49:40.2039230Z 
2022-03-30T09:49:40.2039571Z OfflineTest > offlineSkip() STANDARD_OUT
2022-03-30T09:49:40.2040024Z     Download http://localhost:39171
2022-03-30T09:49:40.2040491Z 
2022-03-30T09:49:40.2040764Z 
2022-03-30T09:49:40.2042119Z OfflineTest > offlineSkip() PASSED
2022-03-30T09:49:40.2042586Z 
2022-03-30T09:49:40.2045049Z OnlyIfModifiedTest STANDARD_OUT
2022-03-30T09:49:40.2046478Z     Acceptors should be <= availableProcessors: NetworkTrafficServerConnector@18d5372{HTTP/1.1, (http/1.1, h2c)}{0.0.0.0:0}
2022-03-30T09:49:40.2046869Z 
2022-03-30T09:49:40.2046997Z 
2022-03-30T09:49:40.2047240Z OnlyIfModifiedTest > dontDownloadIfEqual() STANDARD_OUT
2022-03-30T09:49:40.2048197Z     Download http://localhost:43387/last-modified
2022-03-30T09:49:40.2048510Z 
2022-03-30T09:49:40.2049003Z 
2022-03-30T09:49:40.2049244Z OnlyIfModifiedTest > dontDownloadIfEqual() PASSED
2022-03-30T09:49:40.3037869Z 
2022-03-30T09:49:40.3038752Z OnlyIfModifiedTest > dontDownloadIfOlder() STANDARD_OUT
2022-03-30T09:49:40.3039830Z     Download http://localhost:43387/last-modified
2022-03-30T09:49:40.3040298Z 
2022-03-30T09:49:40.3040380Z 
2022-03-30T09:49:40.3040701Z OnlyIfModifiedTest > dontDownloadIfOlder() PASSED
2022-03-30T09:49:40.3041012Z 
2022-03-30T09:49:40.3041275Z OnlyIfModifiedTest > setFileLastModified() STANDARD_OUT
2022-03-30T09:49:40.3041921Z     Download http://localhost:43387/last-modified
2022-03-30T09:49:40.3042297Z 
2022-03-30T09:49:40.3042379Z 
2022-03-30T09:49:40.3042571Z OnlyIfModifiedTest > setFileLastModified() PASSED
2022-03-30T09:49:40.3042859Z 
2022-03-30T09:49:40.3043037Z OnlyIfModifiedTest > alias() PASSED
2022-03-30T09:49:40.3043308Z 
2022-03-30T09:49:40.3043818Z OnlyIfModifiedTest > missingLastModified() STANDARD_OUT
2022-03-30T09:49:40.3044520Z     Download http://localhost:43387/last-modified
2022-03-30T09:49:40.3044890Z 
2022-03-30T09:49:40.3044962Z 
2022-03-30T09:49:40.3045399Z OnlyIfModifiedTest > missingLastModified() PASSED
2022-03-30T09:49:40.3045710Z 
2022-03-30T09:49:40.3045992Z OnlyIfModifiedTest > incorrectLastModified() STANDARD_OUT
2022-03-30T09:49:40.3046584Z     Download http://localhost:43387/last-modified
2022-03-30T09:49:40.3047217Z 
2022-03-30T09:49:40.3047298Z 
2022-03-30T09:49:40.3047718Z OnlyIfModifiedTest > incorrectLastModified() PASSED
2022-03-30T09:49:40.3047970Z 
2022-03-30T09:49:40.3049022Z OnlyIfModifiedTest > newerDownload() STANDARD_OUT
2022-03-30T09:49:40.3050014Z     Download http://localhost:43387/last-modified
2022-03-30T09:49:40.3050325Z 
2022-03-30T09:49:40.4033896Z 
2022-03-30T09:49:40.4034941Z OnlyIfModifiedTest > newerDownload() PASSED
2022-03-30T09:49:40.4035639Z 
2022-03-30T09:49:40.4036199Z OutputsTest STANDARD_OUT
2022-03-30T09:49:40.4036953Z     Acceptors should be <= availableProcessors: NetworkTrafficServerConnector@709c797f{HTTP/1.1, (http/1.1, h2c)}{0.0.0.0:0}
2022-03-30T09:49:40.4037791Z 
2022-03-30T09:49:40.5033602Z 
2022-03-30T09:49:40.5034738Z OutputsTest > singleOutputFileWithDestinationAsProviderDirectory() PASSED
2022-03-30T09:49:40.6033521Z 
2022-03-30T09:49:40.6034706Z OutputsTest > singleOutputFileWithDestinationFile() PASSED
2022-03-30T09:49:40.6035498Z 
2022-03-30T09:49:40.6035936Z OutputsTest > emptyOutputs() PASSED
2022-03-30T09:49:40.6036209Z 
2022-03-30T09:49:40.6036442Z OutputsTest > singleOutputFileWithDestinationDirectory() PASSED
2022-03-30T09:49:40.6036773Z 
2022-03-30T09:49:40.6037077Z OutputsTest > singleOutputFileWithDestinationAsBuildDirProperty() PASSED
2022-03-30T09:49:40.6037559Z 
2022-03-30T09:49:40.6037786Z OutputsTest > multipleOutputFiles() PASSED
2022-03-30T09:49:40.6038049Z 
2022-03-30T09:49:40.6038553Z OutputsTest > singleOutputFileWithDestinationAsBuildDir1() PASSED
2022-03-30T09:49:40.6038925Z 
2022-03-30T09:49:40.6039212Z OutputsTest > singleOutputFileWithDestinationAsBuildDir2() PASSED
2022-03-30T09:49:40.6039547Z 
2022-03-30T09:49:40.6039857Z OutputsTest > singleOutputFileWithDestinationAsProviderRegularFile() PASSED
2022-03-30T09:49:40.6040158Z 
2022-03-30T09:49:40.6040416Z ProxyTest STANDARD_OUT
2022-03-30T09:49:40.6040925Z     Acceptors should be <= availableProcessors: NetworkTrafficServerConnector@6f2e7ddc{HTTP/1.1, (http/1.1, h2c)}{0.0.0.0:0}
2022-03-30T09:49:40.6041280Z 
2022-03-30T09:49:41.0032414Z 
2022-03-30T09:49:41.0032923Z ProxyTest > nonProxyHosts() STANDARD_OUT
2022-03-30T09:49:41.0033449Z     Download http://localhost.localdomain:38505/test.txt
2022-03-30T09:49:41.0033773Z 
2022-03-30T09:49:43.0033792Z     Download http://localhost.localdomain:38505/test.txt
2022-03-30T09:49:43.0034461Z 
2022-03-30T09:49:45.3033283Z 
2022-03-30T09:49:45.3034284Z ProxyTest > nonProxyHosts() PASSED
2022-03-30T09:49:45.3034998Z 
2022-03-30T09:49:45.3035513Z ProxyTest > normalProxy() STANDARD_OUT
2022-03-30T09:49:45.3035851Z     Download http://localhost.localdomain:38505/test.txt
2022-03-30T09:49:45.3036310Z 
2022-03-30T09:49:47.4034251Z 
2022-03-30T09:49:47.4036510Z ProxyTest > normalProxy() PASSED
2022-03-30T09:49:47.4037291Z 
2022-03-30T09:49:47.4037989Z ProxyTest > authenticationProxy() STANDARD_OUT
2022-03-30T09:49:47.4038512Z     Download http://localhost.localdomain:38505/test.txt
2022-03-30T09:49:47.4038891Z 
2022-03-30T09:49:49.4034926Z 
2022-03-30T09:49:49.4036268Z ProxyTest > authenticationProxy() PASSED
2022-03-30T09:49:49.4036972Z 
2022-03-30T09:49:49.4037336Z RedirectTest STANDARD_OUT
2022-03-30T09:49:49.4038420Z     Acceptors should be <= availableProcessors: NetworkTrafficServerConnector@6df0acb0{HTTP/1.1, (http/1.1, h2c)}{0.0.0.0:0}
2022-03-30T09:49:49.4038937Z 
2022-03-30T09:49:49.4039306Z 
2022-03-30T09:49:49.4039808Z RedirectTest > circularRedirect() STANDARD_OUT
2022-03-30T09:49:49.4040769Z     Acceptors should be <= availableProcessors: NetworkTrafficServerConnector@70815804{HTTP/1.1, (http/1.1, h2c)}{0.0.0.0:0}
2022-03-30T09:49:49.4041270Z 
2022-03-30T09:49:49.5035378Z     Download http://localhost:38973/redirect
2022-03-30T09:49:49.5036008Z 
2022-03-30T09:49:49.5036772Z 
2022-03-30T09:49:49.5037120Z RedirectTest > circularRedirect() PASSED
2022-03-30T09:49:49.5037627Z 
2022-03-30T09:49:49.5037946Z RedirectTest > oneRedirect() STANDARD_OUT
2022-03-30T09:49:49.5038917Z     Acceptors should be <= availableProcessors: NetworkTrafficServerConnector@2b7b5ef7{HTTP/1.1, (http/1.1, h2c)}{0.0.0.0:0}
2022-03-30T09:49:49.5039558Z 
2022-03-30T09:49:49.5040321Z     Download http://localhost:38973/redirect
2022-03-30T09:49:49.5040701Z 
2022-03-30T09:49:49.5041060Z 
2022-03-30T09:49:49.5041593Z RedirectTest > oneRedirect() PASSED
2022-03-30T09:49:49.5042376Z 
2022-03-30T09:49:49.5042739Z RedirectTest > tooManyRedirects() STANDARD_OUT
2022-03-30T09:49:49.5044266Z     Acceptors should be <= availableProcessors: NetworkTrafficServerConnector@29e83407{HTTP/1.1, (http/1.1, h2c)}{0.0.0.0:0}
2022-03-30T09:49:49.5044791Z 
2022-03-30T09:49:49.6036262Z     Download http://localhost:43453/redirect?r=52
2022-03-30T09:49:49.6036919Z 
2022-03-30T09:49:49.8033518Z 
2022-03-30T09:49:49.8034634Z RedirectTest > tooManyRedirects() PASSED
2022-03-30T09:49:49.8035523Z 
2022-03-30T09:49:49.8035888Z RedirectTest > tenRedirect() STANDARD_OUT
2022-03-30T09:49:49.8037084Z     Acceptors should be <= availableProcessors: NetworkTrafficServerConnector@18d4bad5{HTTP/1.1, (http/1.1, h2c)}{0.0.0.0:0}
2022-03-30T09:49:49.8038022Z 
2022-03-30T09:49:49.9034279Z     Download http://localhost:46623/redirect?r=10
2022-03-30T09:49:49.9034751Z 
2022-03-30T09:49:49.9036004Z 
2022-03-30T09:49:49.9036322Z RedirectTest > tenRedirect() PASSED
2022-03-30T09:49:49.9036946Z 
2022-03-30T09:49:49.9037265Z RetryTest STANDARD_OUT
2022-03-30T09:49:49.9038457Z     Acceptors should be <= availableProcessors: NetworkTrafficServerConnector@65b1bebd{HTTP/1.1, (http/1.1, h2c)}{0.0.0.0:0}
2022-03-30T09:49:49.9039216Z 
2022-03-30T09:49:50.0035573Z 
2022-03-30T09:49:50.0042840Z RetryTest > retryUpToThree() STANDARD_OUT
2022-03-30T09:49:50.0045077Z     Download http://localhost:39361/test.txt
2022-03-30T09:49:50.0045604Z 
2022-03-30T09:49:50.0046162Z     Request attempt 1/3 failed. Retrying ...
2022-03-30T09:49:50.0046514Z 
2022-03-30T09:49:50.0047140Z     Request attempt 2/3 failed. Retrying ...
2022-03-30T09:49:50.0047527Z 
2022-03-30T09:49:50.0048056Z 
2022-03-30T09:49:50.0048439Z RetryTest > retryUpToThree() PASSED
2022-03-30T09:49:50.0049037Z 
2022-03-30T09:49:50.0049366Z RetryTest > retryThree() STANDARD_OUT
2022-03-30T09:49:50.0050610Z     Download http://localhost:39361/test.txt
2022-03-30T09:49:50.0051086Z 
2022-03-30T09:49:50.0051593Z     Request attempt 1/3 failed. Retrying ...
2022-03-30T09:49:50.0052329Z 
2022-03-30T09:49:50.0053041Z     Request attempt 2/3 failed. Retrying ...
2022-03-30T09:49:50.0053587Z 
2022-03-30T09:49:50.0054328Z     Request attempt 3/3 failed. Retrying ...
2022-03-30T09:49:50.0054720Z 
2022-03-30T09:49:50.0055082Z 
2022-03-30T09:49:50.0055403Z RetryTest > retryThree() PASSED
2022-03-30T09:49:50.0055976Z 
2022-03-30T09:49:50.0056757Z RetryTest > retryDefault() STANDARD_OUT
2022-03-30T09:49:50.0057689Z     Download http://localhost:39361/test.txt
2022-03-30T09:49:50.0058077Z 
2022-03-30T09:49:50.0058492Z 
2022-03-30T09:49:50.0058819Z RetryTest > retryDefault() PASSED
2022-03-30T09:49:50.1039803Z 
2022-03-30T09:49:50.1040706Z RetryTest > retryOnce() STANDARD_OUT
2022-03-30T09:49:50.1041121Z     Download http://localhost:39361/test.txt
2022-03-30T09:49:50.1041866Z 
2022-03-30T09:49:50.1042187Z     Request attempt 1/1 failed. Retrying ...
2022-03-30T09:49:50.1042558Z 
2022-03-30T09:49:50.1042565Z 
2022-03-30T09:49:50.1042736Z RetryTest > retryOnce() PASSED
2022-03-30T09:49:51.2033965Z 
2022-03-30T09:49:51.2034767Z RetryTest > logRetries() STANDARD_OUT
2022-03-30T09:49:51.2035733Z     Download http://localhost:39361/test.txt
2022-03-30T09:49:51.2036079Z 
2022-03-30T09:49:51.2036247Z 
2022-03-30T09:49:51.2036812Z RetryTest > logRetries() PASSED
2022-03-30T09:49:51.3033891Z 
2022-03-30T09:49:51.3034545Z RetryTest > inifinite() STANDARD_OUT
2022-03-30T09:49:51.3051405Z     Download http://localhost:39361/test.txt
2022-03-30T09:49:51.3051719Z 
2022-03-30T09:49:51.3051894Z     Request attempt 1/2147483647 failed. Retrying ...
2022-03-30T09:49:51.3052085Z 
2022-03-30T09:49:51.3052232Z     Request attempt 2/2147483647 failed. Retrying ...
2022-03-30T09:49:51.3052505Z 
2022-03-30T09:49:51.3052513Z 
2022-03-30T09:49:51.3052663Z RetryTest > inifinite() PASSED
2022-03-30T09:49:51.3052834Z 
2022-03-30T09:49:51.3052969Z RetryTest > retryTwo() STANDARD_OUT
2022-03-30T09:49:51.3053430Z     Download http://localhost:39361/test.txt
2022-03-30T09:49:51.3053811Z 
2022-03-30T09:49:51.3053963Z     Request attempt 1/2 failed. Retrying ...
2022-03-30T09:49:51.3054151Z 
2022-03-30T09:49:51.3054334Z     Request attempt 2/2 failed. Retrying ...
2022-03-30T09:49:51.3054551Z 
2022-03-30T09:49:51.3054557Z 
2022-03-30T09:49:51.3054643Z RetryTest > retryTwo() PASSED
2022-03-30T09:49:51.3054818Z 
2022-03-30T09:49:51.3054975Z RetryTest > retryOnUnknownHost() STANDARD_OUT
2022-03-30T09:49:51.3056004Z     Download http://thisserverdoesnotreallyexistgradledownloadtask
2022-03-30T09:49:51.3056510Z 
2022-03-30T09:49:51.3056516Z 
2022-03-30T09:49:51.3056949Z RetryTest > retryOnUnknownHost() PASSED
2022-03-30T09:49:51.3057214Z 
2022-03-30T09:49:51.3057327Z RetryTest > retryOnTimeout() STANDARD_OUT
2022-03-30T09:49:51.3061288Z     Download http://10.255.255.1
2022-03-30T09:49:51.3061470Z 
2022-03-30T09:49:51.3061476Z 
2022-03-30T09:49:51.3061614Z RetryTest > retryOnTimeout() PASSED
2022-03-30T09:49:51.4033651Z 
2022-03-30T09:49:51.4034575Z RetryTest > quietLogRetries() PASSED
2022-03-30T09:49:51.4035509Z 
2022-03-30T09:49:51.4036842Z SslTest STANDARD_OUT
2022-03-30T09:49:51.4037784Z     Acceptors should be <= availableProcessors: NetworkTrafficServerConnector@63250b34{HTTP/1.1, (http/1.1, h2c)}{0.0.0.0:0}
2022-03-30T09:49:51.4038344Z 
2022-03-30T09:49:51.4038763Z     Acceptors should be <= availableProcessors: NetworkTrafficServerConnector@254f4d6{SSL, (ssl, alpn, h2, http/1.1)}{0.0.0.0:0}
2022-03-30T09:49:51.4039205Z 
2022-03-30T09:49:51.5033437Z 
2022-03-30T09:49:51.5035844Z SslTest > acceptAnyCertificate() STANDARD_OUT
2022-03-30T09:49:51.5039880Z     Download https://localhost:40879/test.txt
2022-03-30T09:49:51.5040460Z 
2022-03-30T09:49:51.7035682Z 
2022-03-30T09:49:51.7036737Z SslTest > acceptAnyCertificate() PASSED
2022-03-30T09:49:51.7037227Z 
2022-03-30T09:49:51.7037535Z SslTest > unknownCertificate() STANDARD_OUT
2022-03-30T09:49:51.7037992Z     Download https://localhost:40879/test.txt
2022-03-30T09:49:51.7038421Z 
2022-03-30T09:49:51.8033116Z 
2022-03-30T09:49:51.8033568Z SslTest > unknownCertificate() PASSED
2022-03-30T09:49:51.8034154Z 
2022-03-30T09:49:51.8034446Z TempAndMoveTest > tempAndMoveOverwrite() STANDARD_OUT
2022-03-30T09:49:51.8035238Z     Acceptors should be <= availableProcessors: NetworkTrafficServerConnector@bd89a54{HTTP/1.1, (http/1.1, h2c)}{0.0.0.0:0}
2022-03-30T09:49:51.8036069Z 
2022-03-30T09:49:51.9033902Z     Download http://localhost:33645/tempandmove
2022-03-30T09:49:51.9034373Z 
2022-03-30T09:49:52.0034314Z 
2022-03-30T09:49:52.0034887Z TempAndMoveTest > tempAndMoveOverwrite() PASSED
2022-03-30T09:49:52.0036503Z 
2022-03-30T09:49:52.0037452Z TempAndMoveTest > tempAndMove() STANDARD_OUT
2022-03-30T09:49:52.0037867Z     Acceptors should be <= availableProcessors: NetworkTrafficServerConnector@29e55187{HTTP/1.1, (http/1.1, h2c)}{0.0.0.0:0}
2022-03-30T09:49:52.0038164Z 
2022-03-30T09:49:52.0039992Z     Download http://localhost:40911/tempandmove
2022-03-30T09:49:52.0040459Z 
2022-03-30T09:49:52.1035254Z 
2022-03-30T09:49:52.1035829Z TempAndMoveTest > tempAndMove() PASSED
2022-03-30T09:49:52.1036256Z 
2022-03-30T09:49:52.1036516Z TimeoutTest STANDARD_OUT
2022-03-30T09:49:52.1036921Z     Acceptors should be <= availableProcessors: NetworkTrafficServerConnector@12325991{HTTP/1.1, (http/1.1, h2c)}{0.0.0.0:0}
2022-03-30T09:49:52.1037337Z 
2022-03-30T09:49:52.1037431Z 
2022-03-30T09:49:52.1037715Z TimeoutTest > readTimeout() STANDARD_OUT
2022-03-30T09:49:52.1038193Z     Download http://localhost:37191/timeout
2022-03-30T09:49:52.1038663Z 
2022-03-30T09:49:52.2051207Z 
2022-03-30T09:49:52.2051721Z TimeoutTest > readTimeout() PASSED
2022-03-30T09:49:52.3035179Z 
2022-03-30T09:49:52.3036222Z TimeoutTest > connectTimeout() STANDARD_OUT
2022-03-30T09:49:52.3036672Z     Download http://10.255.255.1
2022-03-30T09:49:52.3036928Z 
2022-03-30T09:49:52.4034626Z 
2022-03-30T09:49:52.4035849Z TimeoutTest > connectTimeout() PASSED
2022-03-30T09:49:52.9034353Z 
2022-03-30T09:49:52.9042786Z VerifyExtensionTest > verifyFileChecksumError() PASSED
2022-03-30T09:49:52.9043469Z 
2022-03-30T09:49:52.9044133Z VerifyExtensionTest > verifyFile() PASSED
2022-03-30T09:49:52.9044578Z 
2022-03-30T09:49:52.9045186Z VerifyExtensionTest > verifyFileError() PASSED
2022-03-30T09:49:52.9045625Z 
2022-03-30T09:49:52.9046438Z VerifyTest STANDARD_OUT
2022-03-30T09:49:52.9047503Z     Acceptors should be <= availableProcessors: NetworkTrafficServerConnector@20dd0a0e{HTTP/1.1, (http/1.1, h2c)}{0.0.0.0:0}
2022-03-30T09:49:52.9048263Z 
2022-03-30T09:49:52.9048434Z 
2022-03-30T09:49:52.9049168Z VerifyTest > testExecuteEmptyAlgorithm() PASSED
2022-03-30T09:49:52.9049599Z 
2022-03-30T09:49:52.9050148Z VerifyTest > kotlinFunctionSrc() STANDARD_OUT
2022-03-30T09:49:52.9050688Z     Download http://localhost:36083/test.txt
2022-03-30T09:49:52.9055106Z 
2022-03-30T09:49:53.0039860Z 
2022-03-30T09:49:53.0040409Z VerifyTest > kotlinFunctionSrc() PASSED
2022-03-30T09:49:53.0041315Z 
2022-03-30T09:49:53.0041701Z VerifyTest > verifyMD5() STANDARD_OUT
2022-03-30T09:49:53.0042697Z     Download http://localhost:36083/test.txt
2022-03-30T09:49:53.0043160Z 
2022-03-30T09:49:53.0043634Z 
2022-03-30T09:49:53.0044017Z VerifyTest > verifyMD5() PASSED
2022-03-30T09:49:53.0044670Z 
2022-03-30T09:49:53.0045442Z VerifyTest > verifyWrongMD5() STANDARD_OUT
2022-03-30T09:49:53.0046598Z     Download http://localhost:36083/test.txt
2022-03-30T09:49:53.0047220Z 
2022-03-30T09:49:53.0047643Z 
2022-03-30T09:49:53.0048122Z VerifyTest > verifyWrongMD5() PASSED
2022-03-30T09:49:53.0048968Z 
2022-03-30T09:49:53.0049377Z VerifyTest > testExecuteEmptySrc() PASSED
2022-03-30T09:49:53.0049984Z 
2022-03-30T09:49:53.0050386Z VerifyTest > testExecuteEmptyChecksum() PASSED
2022-03-30T09:49:53.0051053Z 
2022-03-30T09:49:53.0051408Z VerifyTest > lazySrc() STANDARD_OUT
2022-03-30T09:49:53.0052241Z     Download http://localhost:36083/test.txt
2022-03-30T09:49:53.0052747Z 
2022-03-30T09:49:53.0053163Z 
2022-03-30T09:49:53.0053513Z VerifyTest > lazySrc() PASSED
2022-03-30T09:49:53.0054160Z 
2022-03-30T09:49:53.0054529Z VerifyTest > testInvalidSrc() PASSED
2022-03-30T09:49:53.1033643Z 
2022-03-30T09:49:53.1034210Z VerifyTest > providerSrc() STANDARD_OUT
2022-03-30T09:49:53.1034881Z     Download http://localhost:36083/test.txt
2022-03-30T09:49:53.1035421Z 
2022-03-30T09:49:53.1035451Z 
2022-03-30T09:49:53.1035637Z VerifyTest > providerSrc() PASSED
2022-03-30T09:49:53.6034643Z 
2022-03-30T09:49:53.6042108Z 122 tests completed, 2 failed
2022-03-30T09:49:53.7033994Z 
2022-03-30T09:49:53.7034818Z > Task :test FAILED
2022-03-30T09:49:56.6033385Z 
2022-03-30T09:49:56.6034487Z > Task :functionalTest_5_6_4
2022-03-30T09:49:56.6034905Z 
2022-03-30T09:49:56.6035446Z FunctionalDownloadTest STANDARD_OUT
2022-03-30T09:49:56.6036303Z     Acceptors should be <= availableProcessors: NetworkTrafficServerConnector@59b1edab{HTTP/1.1, (http/1.1, h2c)}{0.0.0.0:0}
2022-03-30T09:49:56.6037867Z 
2022-03-30T09:49:57.5032551Z 
2022-03-30T09:49:57.5033627Z FunctionalDownloadTest > downloadSingleFileUsingBuildDirectoryFile() STANDARD_OUT
2022-03-30T09:49:57.5034236Z     Using Gradle version 5.6.4
2022-03-30T09:49:58.1033748Z     Downloading https://services.gradle.org/distributions/gradle-5.6.4-bin.zip
2022-03-30T09:49:59.8034134Z     .........................................................................................
2022-03-30T09:50:09.4033396Z     Download http://localhost:45375/test.txt
2022-03-30T09:50:09.4034512Z 
2022-03-30T09:50:09.5033625Z     > Task :downloadTask
2022-03-30T09:50:09.5034182Z 
2022-03-30T09:50:09.5034922Z 
2022-03-30T09:50:09.5039306Z     BUILD SUCCESSFUL
2022-03-30T09:50:09.5040149Z      in 7s
2022-03-30T09:50:09.5040565Z 
2022-03-30T09:50:09.5042237Z     1 actionable task: 1 executed
2022-03-30T09:50:09.5204365Z 
2022-03-30T09:50:09.7055866Z 
2022-03-30T09:50:09.7062257Z FunctionalDownloadTest > downloadSingleFileUsingBuildDirectoryFile() PASSED
2022-03-30T09:50:09.7062895Z 
2022-03-30T09:50:09.7063285Z FunctionalDownloadTest > downloadOnlyIfNewer() STANDARD_OUT
2022-03-30T09:50:09.7063828Z     Using Gradle version 5.6.4
2022-03-30T09:50:10.1034137Z     Download http://localhost:45375/test.txt
2022-03-30T09:50:10.1244945Z 
2022-03-30T09:50:10.1247963Z     > Task :downloadTask
2022-03-30T09:50:10.1248130Z 
2022-03-30T09:50:10.1248150Z 
2022-03-30T09:50:10.1248254Z     BUILD SUCCESSFUL
2022-03-30T09:50:10.1248444Z      in 311ms
2022-03-30T09:50:10.1248572Z 
2022-03-30T09:50:10.1248676Z     1 actionable task: 1 executed
2022-03-30T09:50:10.1248819Z 
2022-03-30T09:50:10.1248923Z     Using Gradle version 5.6.4
2022-03-30T09:50:10.4034056Z     > Task :downloadTask
2022-03-30T09:50:10.4034798Z      UP-TO-DATE
2022-03-30T09:50:10.4035381Z 
2022-03-30T09:50:10.4035775Z 
2022-03-30T09:50:10.4036163Z     BUILD SUCCESSFUL
2022-03-30T09:50:10.4038148Z      in 211ms
2022-03-30T09:50:10.4038293Z 
2022-03-30T09:50:10.4038539Z     1 actionable task: 1 up-to-date
2022-03-30T09:50:10.4038861Z 
2022-03-30T09:50:10.4038868Z 
2022-03-30T09:50:10.4039036Z FunctionalDownloadTest > downloadOnlyIfNewer() PASSED
2022-03-30T09:50:10.4039235Z 
2022-03-30T09:50:10.4039411Z FunctionalDownloadTest > downloadMultipleFiles() STANDARD_OUT
2022-03-30T09:50:10.4039702Z     Using Gradle version 5.6.4
2022-03-30T09:50:10.7036244Z     Download http://localhost:45375/test2.txt
2022-03-30T09:50:10.7036830Z 
2022-03-30T09:50:10.7037431Z     Download http://localhost:45375/test.txt
2022-03-30T09:50:10.7038096Z 
2022-03-30T09:50:10.7038270Z     > Task :downloadTask
2022-03-30T09:50:10.7038435Z 
2022-03-30T09:50:10.7038455Z 
2022-03-30T09:50:10.7038540Z     BUILD SUCCESSFUL
2022-03-30T09:50:10.7038967Z      in 271ms
2022-03-30T09:50:10.7039086Z 
2022-03-30T09:50:10.7039187Z     1 actionable task: 1 executed
2022-03-30T09:50:10.7039312Z 
2022-03-30T09:50:10.7039337Z 
2022-03-30T09:50:10.7039485Z FunctionalDownloadTest > downloadMultipleFiles() PASSED
2022-03-30T09:50:10.7039678Z 
2022-03-30T09:50:10.7039836Z FunctionalDownloadTest > downloadSingleFile() STANDARD_OUT
2022-03-30T09:50:10.7040118Z     Using Gradle version 5.6.4
2022-03-30T09:50:11.0033564Z     Download http://localhost:45375/test.txt
2022-03-30T09:50:11.0033947Z 
2022-03-30T09:50:11.0034101Z     > Task :downloadTask
2022-03-30T09:50:11.0034503Z 
2022-03-30T09:50:11.0034572Z 
2022-03-30T09:50:11.0034736Z     BUILD SUCCESSFUL
2022-03-30T09:50:11.0035167Z      in 270ms
2022-03-30T09:50:11.0035396Z 
2022-03-30T09:50:11.0035568Z     1 actionable task: 1 executed
2022-03-30T09:50:11.0035782Z 
2022-03-30T09:50:11.0035851Z 
2022-03-30T09:50:11.0036079Z FunctionalDownloadTest > downloadSingleFile() PASSED
2022-03-30T09:50:11.0036620Z 
2022-03-30T09:50:11.0036900Z FunctionalDownloadTest > downloadSingleFileUsingFileProperty() STANDARD_OUT
2022-03-30T09:50:11.0037304Z     Using Gradle version 5.6.4
2022-03-30T09:50:11.3034203Z     Download http://localhost:45375/test.txt
2022-03-30T09:50:11.3034757Z 
2022-03-30T09:50:11.3034934Z     > Task :downloadTask
2022-03-30T09:50:11.3035932Z 
2022-03-30T09:50:11.3036011Z 
2022-03-30T09:50:11.3036179Z     BUILD SUCCESSFUL
2022-03-30T09:50:11.3036438Z      in 243ms
2022-03-30T09:50:11.3036630Z 
2022-03-30T09:50:11.3036798Z     1 actionable task: 1 executed
2022-03-30T09:50:11.3037006Z 
2022-03-30T09:50:11.3037072Z 
2022-03-30T09:50:11.3037361Z FunctionalDownloadTest > downloadSingleFileUsingFileProperty() PASSED
2022-03-30T09:50:11.3037679Z 
2022-03-30T09:50:11.3037965Z FunctionalDownloadTest > downloadSingleFileUsingRegularFileProperty() STANDARD_OUT
2022-03-30T09:50:11.3038386Z     Using Gradle version 5.6.4
2022-03-30T09:50:11.7033991Z     Download http://localhost:45375/test.txt
2022-03-30T09:50:11.7034731Z 
2022-03-30T09:50:11.7035330Z     > Task :downloadTask
2022-03-30T09:50:11.7035686Z 
2022-03-30T09:50:11.7036093Z 
2022-03-30T09:50:11.7036293Z     BUILD SUCCESSFUL
2022-03-30T09:50:11.7036495Z      in 239ms
2022-03-30T09:50:11.7036609Z 
2022-03-30T09:50:11.7036708Z     1 actionable task: 1 executed
2022-03-30T09:50:11.7036842Z 
2022-03-30T09:50:11.7036847Z 
2022-03-30T09:50:11.7037060Z FunctionalDownloadTest > downloadSingleFileUsingRegularFileProperty() PASSED
2022-03-30T09:50:11.7037304Z 
2022-03-30T09:50:11.7037505Z FunctionalDownloadTest > downloadOnlyIfNewerReDownloadIfFileExists() STANDARD_OUT
2022-03-30T09:50:11.7037812Z     Using Gradle version 5.6.4
2022-03-30T09:50:11.8034178Z     Download http://localhost:45375/test.txt
2022-03-30T09:50:11.8034703Z 
2022-03-30T09:50:11.8035437Z     > Task :downloadTask
2022-03-30T09:50:11.8035713Z 
2022-03-30T09:50:11.8035903Z 
2022-03-30T09:50:11.8036572Z     BUILD SUCCESSFUL
2022-03-30T09:50:11.8036830Z      in 138ms
2022-03-30T09:50:11.8036950Z 
2022-03-30T09:50:11.8037035Z     1 actionable task: 1 executed
2022-03-30T09:50:11.8037172Z 
2022-03-30T09:50:11.8037177Z 
2022-03-30T09:50:11.8037395Z FunctionalDownloadTest > downloadOnlyIfNewerReDownloadIfFileExists() PASSED
2022-03-30T09:50:11.8037636Z 
2022-03-30T09:50:11.8037827Z FunctionalDownloadTest > downloadExtensionShouldNotFailTask() STANDARD_OUT
2022-03-30T09:50:11.8038142Z     Using Gradle version 5.6.4
2022-03-30T09:50:12.1034236Z     > Task :downloadTask
2022-03-30T09:50:12.1034833Z 
2022-03-30T09:50:12.1036396Z 
2022-03-30T09:50:12.1036684Z     BUILD SUCCESSFUL
2022-03-30T09:50:12.1037203Z      in 181ms
2022-03-30T09:50:12.1037537Z 
2022-03-30T09:50:12.1037977Z     1 actionable task: 1 executed
2022-03-30T09:50:12.1038151Z 
2022-03-30T09:50:12.2033325Z 
2022-03-30T09:50:12.2034503Z FunctionalDownloadTest > downloadExtensionShouldNotFailTask() FAILED
2022-03-30T09:50:12.2035765Z     java.lang.AssertionError at FunctionalDownloadTest.java:404
2022-03-30T09:50:12.2037100Z 
2022-03-30T09:50:12.2038245Z FunctionalDownloadTest > downloadFileURLOnlyIfNewer() STANDARD_OUT
2022-03-30T09:50:12.2038757Z     Using Gradle version 5.6.4
2022-03-30T09:50:12.4034170Z     Download file:/tmp/junit77867994044218339/gradle-download-task4131433106600319115.tmp
2022-03-30T09:50:12.4034781Z 
2022-03-30T09:50:12.4035738Z     > Task :downloadTask
2022-03-30T09:50:12.4035915Z 
2022-03-30T09:50:12.4035921Z 
2022-03-30T09:50:12.4036000Z     BUILD SUCCESSFUL
2022-03-30T09:50:12.4036166Z      in 208ms
2022-03-30T09:50:12.4036275Z 
2022-03-30T09:50:12.4036372Z     1 actionable task: 1 executed
2022-03-30T09:50:12.4036499Z 
2022-03-30T09:50:12.4036588Z     Using Gradle version 5.6.4
2022-03-30T09:50:12.5033304Z     > Task :downloadTask
2022-03-30T09:50:12.5034135Z      UP-TO-DATE
2022-03-30T09:50:12.5034561Z 
2022-03-30T09:50:12.5035595Z 
2022-03-30T09:50:12.5035872Z     BUILD SUCCESSFUL
2022-03-30T09:50:12.5036193Z      in 73ms
2022-03-30T09:50:12.5036480Z 
2022-03-30T09:50:12.5037274Z     1 actionable task: 1 up-to-date
2022-03-30T09:50:12.5037458Z 
2022-03-30T09:50:12.5037465Z 
2022-03-30T09:50:12.5037651Z FunctionalDownloadTest > downloadFileURLOnlyIfNewer() PASSED
2022-03-30T09:50:12.6032989Z 
2022-03-30T09:50:12.6033780Z FunctionalDownloadTest > fileDependenciesTriggersDownloadTask() STANDARD_OUT
2022-03-30T09:50:12.6034505Z     Using Gradle version 5.6.4
2022-03-30T09:50:12.7036642Z     Download http://localhost:45375/test.txt
2022-03-30T09:50:12.7036885Z 
2022-03-30T09:50:12.7036993Z     > Task :downloadTask
2022-03-30T09:50:12.7037145Z 
2022-03-30T09:50:12.7037228Z     > Task :processTask
2022-03-30T09:50:12.7037374Z 
2022-03-30T09:50:12.7037381Z 
2022-03-30T09:50:12.7037472Z     BUILD SUCCESSFUL
2022-03-30T09:50:12.7037687Z      in 134ms
2022-03-30T09:50:12.7037829Z 
2022-03-30T09:50:12.7037940Z     2 actionable tasks: 2 executed
2022-03-30T09:50:12.7038081Z 
2022-03-30T09:50:12.7038104Z 
2022-03-30T09:50:12.7038308Z FunctionalDownloadTest > fileDependenciesTriggersDownloadTask() PASSED
2022-03-30T09:50:12.7038569Z 
2022-03-30T09:50:12.7038779Z FunctionalDownloadTest > downloadSingleFileWithoutCompress() STANDARD_OUT
2022-03-30T09:50:12.7039134Z     Using Gradle version 5.6.4
2022-03-30T09:50:12.9036964Z     Download http://localhost:45375/test.txt
2022-03-30T09:50:12.9037323Z 
2022-03-30T09:50:12.9037415Z     > Task :downloadTask
2022-03-30T09:50:12.9037543Z 
2022-03-30T09:50:12.9037550Z 
2022-03-30T09:50:12.9037631Z     BUILD SUCCESSFUL
2022-03-30T09:50:12.9037819Z      in 188ms
2022-03-30T09:50:12.9037931Z 
2022-03-30T09:50:12.9038009Z     1 actionable task: 1 executed
2022-03-30T09:50:12.9038145Z 
2022-03-30T09:50:12.9038151Z 
2022-03-30T09:50:12.9038332Z FunctionalDownloadTest > downloadSingleFileWithoutCompress() PASSED
2022-03-30T09:50:12.9038549Z 
2022-03-30T09:50:12.9038767Z FunctionalDownloadTest > downloadSingleFileTwiceWithOfflineMode() STANDARD_OUT
2022-03-30T09:50:12.9039086Z     Using Gradle version 5.6.4
2022-03-30T09:50:13.1034204Z     Download http://localhost:45375/test.txt
2022-03-30T09:50:13.1034648Z 
2022-03-30T09:50:13.1034849Z     > Task :downloadTask
2022-03-30T09:50:13.1035263Z 
2022-03-30T09:50:13.1035341Z 
2022-03-30T09:50:13.1035536Z     BUILD SUCCESSFUL
2022-03-30T09:50:13.1035844Z      in 128ms
2022-03-30T09:50:13.1036048Z 
2022-03-30T09:50:13.1036216Z     1 actionable task: 1 executed
2022-03-30T09:50:13.1036606Z 
2022-03-30T09:50:13.2033265Z     Using Gradle version 5.6.4
2022-03-30T09:50:13.3034090Z     > Task :downloadTask
2022-03-30T09:50:13.3034800Z      SKIPPED
2022-03-30T09:50:13.3035263Z 
2022-03-30T09:50:13.3035503Z 
2022-03-30T09:50:13.3035711Z     BUILD SUCCESSFUL
2022-03-30T09:50:13.3036178Z      in 96ms
2022-03-30T09:50:13.3036512Z 
2022-03-30T09:50:13.3036579Z 
2022-03-30T09:50:13.3037253Z FunctionalDownloadTest > downloadSingleFileTwiceWithOfflineMode() PASSED
2022-03-30T09:50:13.3037614Z 
2022-03-30T09:50:13.3038028Z FunctionalDownloadTest > downloadUseETag() STANDARD_OUT
2022-03-30T09:50:13.3038373Z     Using Gradle version 5.6.4
2022-03-30T09:50:13.6034763Z     Download http://localhost:45375/test.txt
2022-03-30T09:50:13.6035284Z 
2022-03-30T09:50:13.6035738Z     > Task :downloadTask
2022-03-30T09:50:13.6035989Z 
2022-03-30T09:50:13.6036172Z 
2022-03-30T09:50:13.6036263Z     BUILD SUCCESSFUL
2022-03-30T09:50:13.6036459Z      in 213ms
2022-03-30T09:50:13.6036573Z 
2022-03-30T09:50:13.6036754Z     1 actionable task: 1 executed
2022-03-30T09:50:13.6039016Z 
2022-03-30T09:50:13.6040801Z     Using Gradle version 5.6.4
2022-03-30T09:50:13.7032755Z     > Task :downloadTask
2022-03-30T09:50:13.7033578Z      UP-TO-DATE
2022-03-30T09:50:13.7033954Z 
2022-03-30T09:50:13.7033964Z 
2022-03-30T09:50:13.7034169Z     BUILD SUCCESSFUL
2022-03-30T09:50:13.7034582Z      in 100ms
2022-03-30T09:50:13.7034706Z 
2022-03-30T09:50:13.7035012Z     1 actionable task: 1 up-to-date
2022-03-30T09:50:13.7035504Z 
2022-03-30T09:50:13.7035510Z 
2022-03-30T09:50:13.7035685Z FunctionalDownloadTest > downloadUseETag() PASSED
2022-03-30T09:50:13.7036218Z 
2022-03-30T09:50:13.7036625Z FunctionalDownloadTest > downloadSingleFileWithQuietMode() STANDARD_OUT
2022-03-30T09:50:13.7036937Z     Using Gradle version 5.6.4
2022-03-30T09:50:14.0098014Z     > Task :downloadTask
2022-03-30T09:50:14.0098589Z 
2022-03-30T09:50:14.0099752Z 
2022-03-30T09:50:14.0100186Z     BUILD SUCCESSFUL
2022-03-30T09:50:14.0100955Z      in 218ms
2022-03-30T09:50:14.0101563Z 
2022-03-30T09:50:14.0101812Z     1 actionable task: 1 executed
2022-03-30T09:50:14.0102097Z 
2022-03-30T09:50:14.0102246Z 
2022-03-30T09:50:14.0102611Z FunctionalDownloadTest > downloadSingleFileWithQuietMode() PASSED
2022-03-30T09:50:14.0103023Z 
2022-03-30T09:50:14.0103439Z FunctionalDownloadTest > configurationCache() SKIPPED
2022-03-30T09:50:14.0105486Z 
2022-03-30T09:50:14.0105894Z FunctionalDownloadTest > downloadSingleFileTwiceWithOverwriteExecutesTwice() STANDARD_OUT
2022-03-30T09:50:14.0106546Z     Using Gradle version 5.6.4
2022-03-30T09:50:14.2033103Z     Download http://localhost:45375/test.txt
2022-03-30T09:50:14.2033680Z 
2022-03-30T09:50:14.2034060Z     > Task :downloadTask
2022-03-30T09:50:14.2034334Z 
2022-03-30T09:50:14.2034644Z 
2022-03-30T09:50:14.2034956Z     BUILD SUCCESSFUL
2022-03-30T09:50:14.2038251Z      in 134ms
2022-03-30T09:50:14.2038523Z 
2022-03-30T09:50:14.2038774Z     1 actionable task: 1 executed
2022-03-30T09:50:14.2039077Z 
2022-03-30T09:50:14.2039368Z     Using Gradle version 5.6.4
2022-03-30T09:50:14.4033813Z     Download http://localhost:45375/test.txt
2022-03-30T09:50:14.4034363Z 
2022-03-30T09:50:14.4035922Z     > Task :downloadTask
2022-03-30T09:50:14.4036671Z 
2022-03-30T09:50:14.4036806Z 
2022-03-30T09:50:14.4037028Z     BUILD SUCCESSFUL
2022-03-30T09:50:14.4037404Z      in 113ms
2022-03-30T09:50:14.4037813Z 
2022-03-30T09:50:14.4038092Z     1 actionable task: 1 executed
2022-03-30T09:50:14.4038477Z 
2022-03-30T09:50:14.4038710Z 
2022-03-30T09:50:14.4039245Z FunctionalDownloadTest > downloadSingleFileTwiceWithOverwriteExecutesTwice() PASSED
2022-03-30T09:50:14.4039736Z 
2022-03-30T09:50:14.4040173Z FunctionalDownloadTest > downloadSingleFileUsingBuildDirectoryDir() STANDARD_OUT
2022-03-30T09:50:14.4040681Z     Using Gradle version 5.6.4
2022-03-30T09:50:14.7033957Z     Download http://localhost:45375/test.txt
2022-03-30T09:50:14.7034512Z 
2022-03-30T09:50:14.7061894Z     > Task :downloadTask
2022-03-30T09:50:14.7062306Z 
2022-03-30T09:50:14.7062566Z 
2022-03-30T09:50:14.7063824Z     BUILD SUCCESSFUL
2022-03-30T09:50:14.7064220Z      in 221ms
2022-03-30T09:50:14.7064537Z 
2022-03-30T09:50:14.7064798Z     1 actionable task: 1 executed
2022-03-30T09:50:14.7065081Z 
2022-03-30T09:50:14.7065269Z 
2022-03-30T09:50:14.7065694Z FunctionalDownloadTest > downloadSingleFileUsingBuildDirectoryDir() PASSED
2022-03-30T09:50:14.7066061Z 
2022-03-30T09:50:14.7066640Z FunctionalDownloadTest > downloadSingleFileTwiceMarksTaskAsUpToDate() STANDARD_OUT
2022-03-30T09:50:14.7067228Z     Using Gradle version 5.6.4
2022-03-30T09:50:14.9036616Z     Download http://localhost:45375/test.txt
2022-03-30T09:50:14.9037465Z 
2022-03-30T09:50:14.9037674Z     > Task :downloadTask
2022-03-30T09:50:14.9037911Z 
2022-03-30T09:50:14.9038018Z 
2022-03-30T09:50:14.9038186Z     BUILD SUCCESSFUL
2022-03-30T09:50:14.9038519Z      in 162ms
2022-03-30T09:50:14.9038743Z 
2022-03-30T09:50:14.9038946Z     1 actionable task: 1 executed
2022-03-30T09:50:14.9039979Z 
2022-03-30T09:50:14.9040342Z     Using Gradle version 5.6.4
2022-03-30T09:50:15.0067188Z     > Task :downloadTask
2022-03-30T09:50:15.0068142Z      UP-TO-DATE
2022-03-30T09:50:15.0068399Z 
2022-03-30T09:50:15.0068472Z 
2022-03-30T09:50:15.0068635Z     BUILD SUCCESSFUL
2022-03-30T09:50:15.0068924Z      in 89ms
2022-03-30T09:50:15.0069120Z 
2022-03-30T09:50:15.0069403Z     1 actionable task: 1 up-to-date
2022-03-30T09:50:15.0069628Z 
2022-03-30T09:50:15.0069721Z 
2022-03-30T09:50:15.0070037Z FunctionalDownloadTest > downloadSingleFileTwiceMarksTaskAsUpToDate() PASSED
2022-03-30T09:50:15.0070386Z 
2022-03-30T09:50:15.0070719Z FunctionalDownloadTest > downloadOnlyIfNewerRedownloadsIfFileHasBeenUpdated() STANDARD_OUT
2022-03-30T09:50:15.0071502Z     Using Gradle version 5.6.4
2022-03-30T09:50:15.2033921Z     Download http://localhost:45375/test.txt
2022-03-30T09:50:15.2034161Z 
2022-03-30T09:50:15.2034259Z     > Task :downloadTask
2022-03-30T09:50:15.2034399Z 
2022-03-30T09:50:15.2034407Z 
2022-03-30T09:50:15.2034532Z     BUILD SUCCESSFUL
2022-03-30T09:50:15.2034721Z      in 81ms
2022-03-30T09:50:15.2034847Z 
2022-03-30T09:50:15.2034951Z     1 actionable task: 1 executed
2022-03-30T09:50:15.2035251Z 
2022-03-30T09:50:15.2035359Z     Using Gradle version 5.6.4
2022-03-30T09:50:15.3035223Z     Download http://localhost:45375/test.txt
2022-03-30T09:50:15.3038296Z 
2022-03-30T09:50:15.3039150Z     > Task :downloadTask
2022-03-30T09:50:15.3039657Z 
2022-03-30T09:50:15.3039873Z 
2022-03-30T09:50:15.3041222Z     BUILD SUCCESSFUL
2022-03-30T09:50:15.3041632Z      in 70ms
2022-03-30T09:50:15.3041845Z 
2022-03-30T09:50:15.3042140Z     1 actionable task: 1 executed
2022-03-30T09:50:15.3042417Z 
2022-03-30T09:50:15.3042666Z 
2022-03-30T09:50:15.3043039Z FunctionalDownloadTest > downloadOnlyIfNewerRedownloadsIfFileHasBeenUpdated() PASSED
2022-03-30T09:50:15.3043329Z 
2022-03-30T09:50:15.3043565Z FunctionalDownloadTest > fileDependenciesWithMultipleSourcesTriggersDownloadTask() STANDARD_OUT
2022-03-30T09:50:15.3043938Z     Using Gradle version 5.6.4
2022-03-30T09:50:15.4033275Z     Download http://localhost:45375/test.txt
2022-03-30T09:50:15.4039358Z 
2022-03-30T09:50:15.4039732Z     Download http://localhost:45375/test2.txt
2022-03-30T09:50:15.4040095Z 
2022-03-30T09:50:15.4040285Z     > Task :downloadTask
2022-03-30T09:50:15.4040482Z 
2022-03-30T09:50:15.4040614Z     > Task :processTask
2022-03-30T09:50:15.4040803Z 
2022-03-30T09:50:15.4040865Z 
2022-03-30T09:50:15.4041007Z     BUILD SUCCESSFUL
2022-03-30T09:50:15.4041266Z      in 104ms
2022-03-30T09:50:15.4041457Z 
2022-03-30T09:50:15.4041622Z     2 actionable tasks: 2 executed
2022-03-30T09:50:15.4041821Z 
2022-03-30T09:50:15.5033796Z 
2022-03-30T09:50:15.5034947Z FunctionalDownloadTest > fileDependenciesWithMultipleSourcesTriggersDownloadTask() PASSED
2022-03-30T09:50:16.0035571Z 
2022-03-30T09:50:16.0035585Z 
2022-03-30T09:50:16.0036150Z > Task :functionalTest_5_6_4 FAILED
2022-03-30T09:50:16.0037463Z 20 tests completed, 1 failed, 1 skipped
2022-03-30T09:50:19.0033830Z 
2022-03-30T09:50:19.0034229Z > Task :functionalTest_6_9_2
2022-03-30T09:50:19.0034467Z 
2022-03-30T09:50:19.0038087Z FunctionalDownloadTest STANDARD_OUT
2022-03-30T09:50:19.0038869Z     Acceptors should be <= availableProcessors: NetworkTrafficServerConnector@59b1edab{HTTP/1.1, (http/1.1, h2c)}{0.0.0.0:0}
2022-03-30T09:50:19.0039446Z 
2022-03-30T09:50:19.8032878Z 
2022-03-30T09:50:19.8033937Z FunctionalDownloadTest > downloadSingleFileUsingBuildDirectoryFile() STANDARD_OUT
2022-03-30T09:50:19.8034695Z     Using Gradle version 6.9.2
2022-03-30T09:50:20.5047574Z     Downloading https://services.gradle.org/distributions/gradle-6.9.2-bin.zip
2022-03-30T09:50:22.4033549Z     ......................................................................................................
2022-03-30T09:50:33.1034317Z 
2022-03-30T09:50:33.1035801Z     > Task :downloadTask
2022-03-30T09:50:33.1036449Z 
2022-03-30T09:50:33.1036983Z     Download http://localhost:46027/test.txt
2022-03-30T09:50:33.1037878Z 
2022-03-30T09:50:33.1038229Z 
2022-03-30T09:50:33.1038691Z     BUILD SUCCESSFUL
2022-03-30T09:50:33.1039285Z      in 8s
2022-03-30T09:50:33.1040408Z 
2022-03-30T09:50:33.1040748Z     1 actionable task: 1 executed
2022-03-30T09:50:33.1041349Z 
2022-03-30T09:50:33.4034692Z 
2022-03-30T09:50:33.4035407Z FunctionalDownloadTest > downloadSingleFileUsingBuildDirectoryFile() PASSED
2022-03-30T09:50:33.4035954Z 
2022-03-30T09:50:33.4036837Z FunctionalDownloadTest > downloadOnlyIfNewer() STANDARD_OUT
2022-03-30T09:50:33.4037327Z     Using Gradle version 6.9.2
2022-03-30T09:50:33.7035768Z 
2022-03-30T09:50:33.7041384Z     > Task :downloadTask
2022-03-30T09:50:33.7042094Z 
2022-03-30T09:50:33.7042438Z     Download http://localhost:46027/test.txt
2022-03-30T09:50:33.7043303Z 
2022-03-30T09:50:33.7043466Z 
2022-03-30T09:50:33.7043920Z     BUILD SUCCESSFUL
2022-03-30T09:50:33.7044303Z      in 266ms
2022-03-30T09:50:33.7044788Z 
2022-03-30T09:50:33.7045052Z     1 actionable task: 1 executed
2022-03-30T09:50:33.7045558Z 
2022-03-30T09:50:33.7045805Z     Using Gradle version 6.9.2
2022-03-30T09:50:34.0038576Z 
2022-03-30T09:50:34.0039321Z     > Task :downloadTask
2022-03-30T09:50:34.0041145Z      UP-TO-DATE
2022-03-30T09:50:34.0041475Z 
2022-03-30T09:50:34.0041712Z     Download http://localhost:46027/test.txt
2022-03-30T09:50:34.0042102Z 
2022-03-30T09:50:34.0042116Z 
2022-03-30T09:50:34.0042543Z     BUILD SUCCESSFUL
2022-03-30T09:50:34.0042765Z      in 217ms
2022-03-30T09:50:34.0042887Z 
2022-03-30T09:50:34.0043190Z     1 actionable task: 1 up-to-date
2022-03-30T09:50:34.0043343Z 
2022-03-30T09:50:34.0043349Z 
2022-03-30T09:50:34.0043505Z FunctionalDownloadTest > downloadOnlyIfNewer() PASSED
2022-03-30T09:50:34.0043695Z 
2022-03-30T09:50:34.0043852Z FunctionalDownloadTest > downloadMultipleFiles() STANDARD_OUT
2022-03-30T09:50:34.0044144Z     Using Gradle version 6.9.2
2022-03-30T09:50:34.3037911Z 
2022-03-30T09:50:34.3038330Z     > Task :downloadTask
2022-03-30T09:50:34.3038518Z 
2022-03-30T09:50:34.3038801Z     Download http://localhost:46027/test.txt
2022-03-30T09:50:34.3039064Z 
2022-03-30T09:50:34.3039426Z     Download http://localhost:46027/test2.txt
2022-03-30T09:50:34.3039597Z 
2022-03-30T09:50:34.3039603Z 
2022-03-30T09:50:34.3039851Z     BUILD SUCCESSFUL
2022-03-30T09:50:34.3040204Z      in 236ms
2022-03-30T09:50:34.3040317Z 
2022-03-30T09:50:34.3040414Z     1 actionable task: 1 executed
2022-03-30T09:50:34.3040885Z 
2022-03-30T09:50:34.3040892Z 
2022-03-30T09:50:34.3041063Z FunctionalDownloadTest > downloadMultipleFiles() PASSED
2022-03-30T09:50:34.3041580Z 
2022-03-30T09:50:34.3041740Z FunctionalDownloadTest > downloadSingleFile() STANDARD_OUT
2022-03-30T09:50:34.3041999Z     Using Gradle version 6.9.2
2022-03-30T09:50:34.6033967Z 
2022-03-30T09:50:34.6034168Z     > Task :downloadTask
2022-03-30T09:50:34.6034363Z 
2022-03-30T09:50:34.6034528Z     Download http://localhost:46027/test.txt
2022-03-30T09:50:34.6034712Z 
2022-03-30T09:50:34.6034720Z 
2022-03-30T09:50:34.6034815Z     BUILD SUCCESSFUL
2022-03-30T09:50:34.6035507Z      in 214ms
2022-03-30T09:50:34.6035606Z 
2022-03-30T09:50:34.6035908Z     1 actionable task: 1 executed
2022-03-30T09:50:34.6036334Z 
2022-03-30T09:50:34.6036444Z 
2022-03-30T09:50:34.6036613Z FunctionalDownloadTest > downloadSingleFile() PASSED
2022-03-30T09:50:34.6036776Z 
2022-03-30T09:50:34.6037071Z FunctionalDownloadTest > downloadSingleFileUsingFileProperty() STANDARD_OUT
2022-03-30T09:50:34.6037590Z     Using Gradle version 6.9.2
2022-03-30T09:50:35.0034715Z 
2022-03-30T09:50:35.0035690Z     > Task :downloadTask
2022-03-30T09:50:35.0036171Z 
2022-03-30T09:50:35.0036587Z     Download http://localhost:46027/test.txt
2022-03-30T09:50:35.0036788Z 
2022-03-30T09:50:35.0036795Z 
2022-03-30T09:50:35.0036906Z     BUILD SUCCESSFUL
2022-03-30T09:50:35.0037118Z      in 327ms
2022-03-30T09:50:35.0037239Z 
2022-03-30T09:50:35.0037324Z     1 actionable task: 1 executed
2022-03-30T09:50:35.0037469Z 
2022-03-30T09:50:35.0037475Z 
2022-03-30T09:50:35.0037683Z FunctionalDownloadTest > downloadSingleFileUsingFileProperty() PASSED
2022-03-30T09:50:35.0037921Z 
2022-03-30T09:50:35.0038149Z FunctionalDownloadTest > downloadSingleFileUsingRegularFileProperty() STANDARD_OUT
2022-03-30T09:50:35.0038503Z     Using Gradle version 6.9.2
2022-03-30T09:50:35.3037041Z 
2022-03-30T09:50:35.3037872Z     > Task :downloadTask
2022-03-30T09:50:35.3038026Z 
2022-03-30T09:50:35.3038162Z     Download http://localhost:46027/test.txt
2022-03-30T09:50:35.3038322Z 
2022-03-30T09:50:35.3038328Z 
2022-03-30T09:50:35.3038424Z     BUILD SUCCESSFUL
2022-03-30T09:50:35.3038617Z      in 238ms
2022-03-30T09:50:35.3038713Z 
2022-03-30T09:50:35.3038814Z     1 actionable task: 1 executed
2022-03-30T09:50:35.3038949Z 
2022-03-30T09:50:35.3038954Z 
2022-03-30T09:50:35.3039726Z FunctionalDownloadTest > downloadSingleFileUsingRegularFileProperty() PASSED
2022-03-30T09:50:35.3040184Z 
2022-03-30T09:50:35.3040931Z FunctionalDownloadTest > downloadOnlyIfNewerReDownloadIfFileExists() STANDARD_OUT
2022-03-30T09:50:35.3041402Z     Using Gradle version 6.9.2
2022-03-30T09:50:35.5036643Z 
2022-03-30T09:50:35.5036960Z     > Task :downloadTask
2022-03-30T09:50:35.5037346Z 
2022-03-30T09:50:35.5037798Z     Download http://localhost:46027/test.txt
2022-03-30T09:50:35.5038213Z 
2022-03-30T09:50:35.5038301Z 
2022-03-30T09:50:35.5038649Z     BUILD SUCCESSFUL
2022-03-30T09:50:35.5038854Z      in 172ms
2022-03-30T09:50:35.5039049Z 
2022-03-30T09:50:35.5039367Z     1 actionable task: 1 executed
2022-03-30T09:50:35.5040019Z 
2022-03-30T09:50:35.5040025Z 
2022-03-30T09:50:35.5040641Z FunctionalDownloadTest > downloadOnlyIfNewerReDownloadIfFileExists() PASSED
2022-03-30T09:50:35.5041101Z 
2022-03-30T09:50:35.5041295Z FunctionalDownloadTest > downloadExtensionShouldNotFailTask() STANDARD_OUT
2022-03-30T09:50:35.5041734Z     Using Gradle version 6.9.2
2022-03-30T09:50:35.8034245Z 
2022-03-30T09:50:35.8034623Z     > Task :downloadTask
2022-03-30T09:50:35.8034930Z 
2022-03-30T09:50:35.8035233Z     Download http://localhost:46027/test.txt
2022-03-30T09:50:35.8035502Z 
2022-03-30T09:50:35.8035688Z 
2022-03-30T09:50:35.8035777Z     BUILD SUCCESSFUL
2022-03-30T09:50:35.8036176Z      in 202ms
2022-03-30T09:50:35.8036301Z 
2022-03-30T09:50:35.8036407Z     1 actionable task: 1 executed
2022-03-30T09:50:35.8036556Z 
2022-03-30T09:50:35.8036562Z 
2022-03-30T09:50:35.8036763Z FunctionalDownloadTest > downloadExtensionShouldNotFailTask() FAILED
2022-03-30T09:50:35.8037162Z     java.lang.AssertionError at FunctionalDownloadTest.java:404
2022-03-30T09:50:35.8037382Z 
2022-03-30T09:50:35.8037592Z FunctionalDownloadTest > downloadFileURLOnlyIfNewer() STANDARD_OUT
2022-03-30T09:50:35.8037913Z     Using Gradle version 6.9.2
2022-03-30T09:50:36.2034638Z 
2022-03-30T09:50:36.2035911Z     > Task :downloadTask
2022-03-30T09:50:36.2036212Z 
2022-03-30T09:50:36.2037630Z     Download file:/tmp/junit3979591208501994965/gradle-download-task2222538619338440961.tmp
2022-03-30T09:50:36.2037989Z 
2022-03-30T09:50:36.2042304Z 
2022-03-30T09:50:36.2042535Z     BUILD SUCCESSFUL
2022-03-30T09:50:36.2042741Z      in 281ms
2022-03-30T09:50:36.2042854Z 
2022-03-30T09:50:36.2043058Z     1 actionable task: 1 executed
2022-03-30T09:50:36.2043881Z 
2022-03-30T09:50:36.2044336Z     Using Gradle version 6.9.2
2022-03-30T09:50:36.3052514Z 
2022-03-30T09:50:36.3052809Z     > Task :downloadTask
2022-03-30T09:50:36.3053244Z      UP-TO-DATE
2022-03-30T09:50:36.3053371Z 
2022-03-30T09:50:36.3054228Z     Download file:/tmp/junit3979591208501994965/gradle-download-task2222538619338440961.tmp
2022-03-30T09:50:36.3054641Z 
2022-03-30T09:50:36.3054827Z 
2022-03-30T09:50:36.3054934Z     BUILD SUCCESSFUL
2022-03-30T09:50:36.3055139Z      in 110ms
2022-03-30T09:50:36.3055257Z 
2022-03-30T09:50:36.3055423Z     1 actionable task: 1 up-to-date
2022-03-30T09:50:36.3055583Z 
2022-03-30T09:50:36.3055588Z 
2022-03-30T09:50:36.3055773Z FunctionalDownloadTest > downloadFileURLOnlyIfNewer() PASSED
2022-03-30T09:50:36.4033759Z 
2022-03-30T09:50:36.4034690Z FunctionalDownloadTest > fileDependenciesTriggersDownloadTask() STANDARD_OUT
2022-03-30T09:50:36.4035176Z     Using Gradle version 6.9.2
2022-03-30T09:50:36.6033591Z 
2022-03-30T09:50:36.6033925Z     > Task :downloadTask
2022-03-30T09:50:36.6034107Z 
2022-03-30T09:50:36.6035848Z     Download http://localhost:46027/test.txt
2022-03-30T09:50:36.6036254Z 
2022-03-30T09:50:36.6036409Z 
2022-03-30T09:50:36.6036602Z     > Task :processTask
2022-03-30T09:50:36.6036904Z 
2022-03-30T09:50:36.6037037Z 
2022-03-30T09:50:36.6037257Z     BUILD SUCCESSFUL
2022-03-30T09:50:36.6037591Z      in 207ms
2022-03-30T09:50:36.6037858Z 
2022-03-30T09:50:36.6038246Z     2 actionable tasks: 2 executed
2022-03-30T09:50:36.6038491Z 
2022-03-30T09:50:36.6038599Z 
2022-03-30T09:50:36.6038924Z FunctionalDownloadTest > fileDependenciesTriggersDownloadTask() PASSED
2022-03-30T09:50:36.6039546Z 
2022-03-30T09:50:36.6039814Z FunctionalDownloadTest > downloadSingleFileWithoutCompress() STANDARD_OUT
2022-03-30T09:50:36.6040252Z     Using Gradle version 6.9.2
2022-03-30T09:50:36.9033934Z 
2022-03-30T09:50:36.9034560Z     > Task :downloadTask
2022-03-30T09:50:36.9034922Z 
2022-03-30T09:50:36.9035429Z     Download http://localhost:46027/test.txt
2022-03-30T09:50:36.9035721Z 
2022-03-30T09:50:36.9035862Z 
2022-03-30T09:50:36.9036084Z     BUILD SUCCESSFUL
2022-03-30T09:50:36.9036845Z      in 216ms
2022-03-30T09:50:36.9037235Z 
2022-03-30T09:50:36.9037414Z     1 actionable task: 1 executed
2022-03-30T09:50:36.9037623Z 
2022-03-30T09:50:36.9037690Z 
2022-03-30T09:50:36.9037933Z FunctionalDownloadTest > downloadSingleFileWithoutCompress() PASSED
2022-03-30T09:50:36.9038251Z 
2022-03-30T09:50:36.9038534Z FunctionalDownloadTest > downloadSingleFileTwiceWithOfflineMode() STANDARD_OUT
2022-03-30T09:50:36.9038927Z     Using Gradle version 6.9.2
2022-03-30T09:50:37.5033362Z 
2022-03-30T09:50:37.5034073Z     > Task :downloadTask
2022-03-30T09:50:37.5035222Z 
2022-03-30T09:50:37.5035628Z     Download http://localhost:46027/test.txt
2022-03-30T09:50:37.5036798Z 
2022-03-30T09:50:37.5036988Z 
2022-03-30T09:50:37.5037630Z     BUILD SUCCESSFUL
2022-03-30T09:50:37.5038010Z      in 489ms
2022-03-30T09:50:37.5038668Z 
2022-03-30T09:50:37.5039206Z     1 actionable task: 1 executed
2022-03-30T09:50:37.5039945Z 
2022-03-30T09:50:37.5040252Z     Using Gradle version 6.9.2
2022-03-30T09:50:37.6034329Z     > Task :downloadTask
2022-03-30T09:50:37.6035307Z      SKIPPED
2022-03-30T09:50:37.6036132Z 
2022-03-30T09:50:37.6036327Z 
2022-03-30T09:50:37.6037001Z     BUILD SUCCESSFUL
2022-03-30T09:50:37.6037417Z      in 134ms
2022-03-30T09:50:37.6039441Z 
2022-03-30T09:50:37.6039652Z 
2022-03-30T09:50:37.6040607Z FunctionalDownloadTest > downloadSingleFileTwiceWithOfflineMode() PASSED
2022-03-30T09:50:37.7033778Z 
2022-03-30T09:50:37.7035188Z FunctionalDownloadTest > downloadUseETag() STANDARD_OUT
2022-03-30T09:50:37.7035758Z     Using Gradle version 6.9.2
2022-03-30T09:50:38.0061256Z 
2022-03-30T09:50:38.0062404Z     > Task :downloadTask
2022-03-30T09:50:38.0062760Z 
2022-03-30T09:50:38.0067946Z     Download http://localhost:46027/test.txt
2022-03-30T09:50:38.0068264Z 
2022-03-30T09:50:38.0068487Z 
2022-03-30T09:50:38.0068596Z     BUILD SUCCESSFUL
2022-03-30T09:50:38.0068798Z      in 249ms
2022-03-30T09:50:38.0068916Z 
2022-03-30T09:50:38.0069147Z     1 actionable task: 1 executed
2022-03-30T09:50:38.0070270Z 
2022-03-30T09:50:38.0070545Z     Using Gradle version 6.9.2
2022-03-30T09:50:38.1038257Z 
2022-03-30T09:50:38.1038694Z     > Task :downloadTask
2022-03-30T09:50:38.1039404Z      UP-TO-DATE
2022-03-30T09:50:38.1039844Z 
2022-03-30T09:50:38.1040237Z     Download http://localhost:46027/test.txt
2022-03-30T09:50:38.1040522Z 
2022-03-30T09:50:38.1040587Z 
2022-03-30T09:50:38.1040741Z     BUILD SUCCESSFUL
2022-03-30T09:50:38.1041007Z      in 122ms
2022-03-30T09:50:38.1041191Z 
2022-03-30T09:50:38.1041460Z     1 actionable task: 1 up-to-date
2022-03-30T09:50:38.1041679Z 
2022-03-30T09:50:38.1041745Z 
2022-03-30T09:50:38.1041954Z FunctionalDownloadTest > downloadUseETag() PASSED
2022-03-30T09:50:38.1042203Z 
2022-03-30T09:50:38.1042610Z FunctionalDownloadTest > downloadSingleFileWithQuietMode() STANDARD_OUT
2022-03-30T09:50:38.1042992Z     Using Gradle version 6.9.2
2022-03-30T09:50:38.4034537Z     > Task :downloadTask
2022-03-30T09:50:38.4035812Z 
2022-03-30T09:50:38.4036505Z 
2022-03-30T09:50:38.4039372Z     BUILD SUCCESSFUL
2022-03-30T09:50:38.4039745Z      in 240ms
2022-03-30T09:50:38.4039981Z 
2022-03-30T09:50:38.4040153Z     1 actionable task: 1 executed
2022-03-30T09:50:38.4040361Z 
2022-03-30T09:50:38.4040497Z 
2022-03-30T09:50:38.4040805Z FunctionalDownloadTest > downloadSingleFileWithQuietMode() PASSED
2022-03-30T09:50:38.4041112Z 
2022-03-30T09:50:38.4041383Z FunctionalDownloadTest > configurationCache() STANDARD_OUT
2022-03-30T09:50:38.4041752Z     Using Gradle version 6.9.2
2022-03-30T09:50:41.1034953Z     Configuration cache is an incubating feature.
2022-03-30T09:50:41.1035847Z 
2022-03-30T09:50:41.1036322Z     Calculating task graph as no configuration cache is available for tasks: :downloadTask
2022-03-30T09:50:41.1037130Z 
2022-03-30T09:50:44.0033440Z 
2022-03-30T09:50:44.0033744Z     > Task :downloadTask
2022-03-30T09:50:44.0033972Z 
2022-03-30T09:50:44.0034135Z     Download http://localhost:46027/test.txt
2022-03-30T09:50:44.0034308Z 
2022-03-30T09:50:44.0034314Z 
2022-03-30T09:50:44.0034404Z     BUILD SUCCESSFUL
2022-03-30T09:50:44.0034605Z      in 5s
2022-03-30T09:50:44.0034720Z 
2022-03-30T09:50:44.0034805Z     1 actionable task: 1 executed
2022-03-30T09:50:44.0034949Z 
2022-03-30T09:50:44.0035522Z     Configuration cache entry stored.
2022-03-30T09:50:44.0035718Z 
2022-03-30T09:50:44.1034713Z 
2022-03-30T09:50:44.1048614Z FunctionalDownloadTest > configurationCache() PASSED
2022-03-30T09:50:44.1049141Z 
2022-03-30T09:50:44.1050448Z FunctionalDownloadTest > downloadSingleFileTwiceWithOverwriteExecutesTwice() STANDARD_OUT
2022-03-30T09:50:44.1051237Z     Using Gradle version 6.9.2
2022-03-30T09:50:44.3034836Z 
2022-03-30T09:50:44.3041589Z     > Task :downloadTask
2022-03-30T09:50:44.3047373Z 
2022-03-30T09:50:44.3047826Z     Download http://localhost:46027/test.txt
2022-03-30T09:50:44.3050250Z 
2022-03-30T09:50:44.3050476Z 
2022-03-30T09:50:44.3051675Z     BUILD SUCCESSFUL
2022-03-30T09:50:44.3052114Z      in 168ms
2022-03-30T09:50:44.3053284Z 
2022-03-30T09:50:44.3053621Z     1 actionable task: 1 executed
2022-03-30T09:50:44.3064737Z 
2022-03-30T09:50:44.3065113Z     Using Gradle version 6.9.2
2022-03-30T09:50:44.4060960Z 
2022-03-30T09:50:44.4061580Z     > Task :downloadTask
2022-03-30T09:50:44.4062076Z 
2022-03-30T09:50:44.4062579Z     Download http://localhost:46027/test.txt
2022-03-30T09:50:44.4063031Z 
2022-03-30T09:50:44.4063042Z 
2022-03-30T09:50:44.4063701Z     BUILD SUCCESSFUL
2022-03-30T09:50:44.4063914Z      in 123ms
2022-03-30T09:50:44.4064037Z 
2022-03-30T09:50:44.4064150Z     1 actionable task: 1 executed
2022-03-30T09:50:44.4064605Z 
2022-03-30T09:50:44.4064627Z 
2022-03-30T09:50:44.4064853Z FunctionalDownloadTest > downloadSingleFileTwiceWithOverwriteExecutesTwice() PASSED
2022-03-30T09:50:44.4065126Z 
2022-03-30T09:50:44.4065336Z FunctionalDownloadTest > downloadSingleFileUsingBuildDirectoryDir() STANDARD_OUT
2022-03-30T09:50:44.4065676Z     Using Gradle version 6.9.2
2022-03-30T09:50:44.6033539Z 
2022-03-30T09:50:44.6034226Z     > Task :downloadTask
2022-03-30T09:50:44.6034901Z 
2022-03-30T09:50:44.6035492Z     Download http://localhost:46027/test.txt
2022-03-30T09:50:44.6035834Z 
2022-03-30T09:50:44.6036013Z 
2022-03-30T09:50:44.6036306Z     BUILD SUCCESSFUL
2022-03-30T09:50:44.6036706Z      in 174ms
2022-03-30T09:50:44.6036974Z 
2022-03-30T09:50:44.6037680Z     1 actionable task: 1 executed
2022-03-30T09:50:44.6038185Z 
2022-03-30T09:50:44.7033208Z 
2022-03-30T09:50:44.7033962Z FunctionalDownloadTest > downloadSingleFileUsingBuildDirectoryDir() PASSED
2022-03-30T09:50:44.7034463Z 
2022-03-30T09:50:44.7035710Z FunctionalDownloadTest > downloadSingleFileTwiceMarksTaskAsUpToDate() STANDARD_OUT
2022-03-30T09:50:44.7036349Z     Using Gradle version 6.9.2
2022-03-30T09:50:44.9033180Z 
2022-03-30T09:50:44.9033796Z     > Task :downloadTask
2022-03-30T09:50:44.9034210Z 
2022-03-30T09:50:44.9034519Z     Download http://localhost:46027/test.txt
2022-03-30T09:50:44.9034830Z 
2022-03-30T09:50:44.9034962Z 
2022-03-30T09:50:44.9035382Z     BUILD SUCCESSFUL
2022-03-30T09:50:44.9035960Z      in 150ms
2022-03-30T09:50:44.9036185Z 
2022-03-30T09:50:44.9036361Z     1 actionable task: 1 executed
2022-03-30T09:50:44.9036569Z 
2022-03-30T09:50:44.9036733Z     Using Gradle version 6.9.2
2022-03-30T09:50:45.0035337Z     > Task :downloadTask
2022-03-30T09:50:45.0035860Z      UP-TO-DATE
2022-03-30T09:50:45.0036628Z 
2022-03-30T09:50:45.0055415Z 
2022-03-30T09:50:45.0055987Z     BUILD SUCCESSFUL
2022-03-30T09:50:45.0056275Z      in 98ms
2022-03-30T09:50:45.0056410Z 
2022-03-30T09:50:45.0056681Z     1 actionable task: 1 up-to-date
2022-03-30T09:50:45.0057088Z 
2022-03-30T09:50:45.0057094Z 
2022-03-30T09:50:45.0057351Z FunctionalDownloadTest > downloadSingleFileTwiceMarksTaskAsUpToDate() PASSED
2022-03-30T09:50:45.0057639Z 
2022-03-30T09:50:45.0057916Z FunctionalDownloadTest > downloadOnlyIfNewerRedownloadsIfFileHasBeenUpdated() STANDARD_OUT
2022-03-30T09:50:45.0058331Z     Using Gradle version 6.9.2
2022-03-30T09:50:45.2034110Z 
2022-03-30T09:50:45.2034897Z     > Task :downloadTask
2022-03-30T09:50:45.2035335Z 
2022-03-30T09:50:45.2035552Z     Download http://localhost:46027/test.txt
2022-03-30T09:50:45.2035805Z 
2022-03-30T09:50:45.2035870Z 
2022-03-30T09:50:45.2036208Z     BUILD SUCCESSFUL
2022-03-30T09:50:45.2036806Z      in 108ms
2022-03-30T09:50:45.2036974Z 
2022-03-30T09:50:45.2037140Z     1 actionable task: 1 executed
2022-03-30T09:50:45.2037330Z 
2022-03-30T09:50:45.2037482Z     Using Gradle version 6.9.2
2022-03-30T09:50:45.4033025Z 
2022-03-30T09:50:45.4034475Z     > Task :downloadTask
2022-03-30T09:50:45.4034971Z 
2022-03-30T09:50:45.4036236Z     Download http://localhost:46027/test.txt
2022-03-30T09:50:45.4036675Z 
2022-03-30T09:50:45.4036753Z 
2022-03-30T09:50:45.4037523Z     BUILD SUCCESSFUL
2022-03-30T09:50:45.4037976Z      in 127ms
2022-03-30T09:50:45.4038785Z 
2022-03-30T09:50:45.4039138Z     1 actionable task: 1 executed
2022-03-30T09:50:45.4039967Z 
2022-03-30T09:50:45.4040172Z 
2022-03-30T09:50:45.4041137Z FunctionalDownloadTest > downloadOnlyIfNewerRedownloadsIfFileHasBeenUpdated() PASSED
2022-03-30T09:50:45.4042727Z 
2022-03-30T09:50:45.4043882Z FunctionalDownloadTest > fileDependenciesWithMultipleSourcesTriggersDownloadTask() STANDARD_OUT
2022-03-30T09:50:45.4044623Z     Using Gradle version 6.9.2
2022-03-30T09:50:45.5037025Z 
2022-03-30T09:50:45.5038187Z     > Task :downloadTask
2022-03-30T09:50:45.5045767Z 
2022-03-30T09:50:45.5047002Z     Download http://localhost:46027/test.txt
2022-03-30T09:50:45.5047593Z 
2022-03-30T09:50:45.5049029Z     Download http://localhost:46027/test2.txt
2022-03-30T09:50:45.5049524Z 
2022-03-30T09:50:45.5049963Z 
2022-03-30T09:50:45.5050273Z     > Task :processTask
2022-03-30T09:50:45.5051773Z 
2022-03-30T09:50:45.5051984Z 
2022-03-30T09:50:45.5052549Z     BUILD SUCCESSFUL
2022-03-30T09:50:45.5054251Z      in 117ms
2022-03-30T09:50:45.5055176Z 
2022-03-30T09:50:45.5055470Z     2 actionable tasks: 2 executed
2022-03-30T09:50:45.5056492Z 
2022-03-30T09:50:45.5056704Z 
2022-03-30T09:50:45.5057477Z FunctionalDownloadTest > fileDependenciesWithMultipleSourcesTriggersDownloadTask() PASSED
2022-03-30T09:50:46.1039118Z 
2022-03-30T09:50:46.1039136Z 
2022-03-30T09:50:46.1039943Z > Task :functionalTest_6_9_2 FAILED
2022-03-30T09:50:46.1041443Z 20 tests completed, 1 failed
2022-03-30T09:50:48.8076575Z 
2022-03-30T09:50:48.8077015Z > Task :functionalTest_7_4
2022-03-30T09:50:48.8077687Z 
2022-03-30T09:50:48.8079132Z FunctionalDownloadTest STANDARD_OUT
2022-03-30T09:50:48.8079864Z     Acceptors should be <= availableProcessors: NetworkTrafficServerConnector@59b1edab{HTTP/1.1, (http/1.1, h2c)}{0.0.0.0:0}
2022-03-30T09:50:48.8080348Z 
2022-03-30T09:50:49.8032703Z 
2022-03-30T09:50:49.8033600Z FunctionalDownloadTest > downloadSingleFileUsingBuildDirectoryFile() STANDARD_OUT
2022-03-30T09:50:49.8034624Z     Using Gradle version 7.4
2022-03-30T09:50:50.6033948Z     Downloading https://services.gradle.org/distributions/gradle-7.4-bin.zip
2022-03-30T09:50:53.0033716Z     ..............................................................................................................
2022-03-30T09:51:05.8035170Z 
2022-03-30T09:51:05.8036266Z     > Task :downloadTask
2022-03-30T09:51:05.8036738Z 
2022-03-30T09:51:05.8037159Z     Download http://localhost:37923/test.txt
2022-03-30T09:51:05.8037570Z 
2022-03-30T09:51:05.8037715Z 
2022-03-30T09:51:05.8037861Z     BUILD SUCCESSFUL
2022-03-30T09:51:05.8038166Z      in 10s
2022-03-30T09:51:05.8038359Z 
2022-03-30T09:51:05.8038604Z     1 actionable task: 1 executed
2022-03-30T09:51:05.8038831Z 
2022-03-30T09:51:06.0033388Z 
2022-03-30T09:51:06.0034812Z FunctionalDownloadTest > downloadSingleFileUsingBuildDirectoryFile() PASSED
2022-03-30T09:51:06.0035365Z 
2022-03-30T09:51:06.0035538Z FunctionalDownloadTest > downloadOnlyIfNewer() STANDARD_OUT
2022-03-30T09:51:06.0035864Z     Using Gradle version 7.4
2022-03-30T09:51:06.4033666Z 
2022-03-30T09:51:06.4034015Z     > Task :downloadTask
2022-03-30T09:51:06.4034214Z 
2022-03-30T09:51:06.4035501Z     Download http://localhost:37923/test.txt
2022-03-30T09:51:06.4035680Z 
2022-03-30T09:51:06.4035686Z 
2022-03-30T09:51:06.4035773Z     BUILD SUCCESSFUL
2022-03-30T09:51:06.4035951Z      in 404ms
2022-03-30T09:51:06.4036067Z 
2022-03-30T09:51:06.4036163Z     1 actionable task: 1 executed
2022-03-30T09:51:06.4036299Z 
2022-03-30T09:51:06.4036394Z     Using Gradle version 7.4
2022-03-30T09:51:06.8035586Z 
2022-03-30T09:51:06.8036261Z     > Task :downloadTask
2022-03-30T09:51:06.8037157Z      UP-TO-DATE
2022-03-30T09:51:06.8037323Z 
2022-03-30T09:51:06.8037454Z     Download http://localhost:37923/test.txt
2022-03-30T09:51:06.8037656Z 
2022-03-30T09:51:06.8037661Z 
2022-03-30T09:51:06.8037753Z     BUILD SUCCESSFUL
2022-03-30T09:51:06.8037949Z      in 279ms
2022-03-30T09:51:06.8038064Z 
2022-03-30T09:51:06.8038256Z     1 actionable task: 1 up-to-date
2022-03-30T09:51:06.8038401Z 
2022-03-30T09:51:06.8038406Z 
2022-03-30T09:51:06.8038561Z FunctionalDownloadTest > downloadOnlyIfNewer() PASSED
2022-03-30T09:51:06.8038734Z 
2022-03-30T09:51:06.8038898Z FunctionalDownloadTest > downloadMultipleFiles() STANDARD_OUT
2022-03-30T09:51:06.8039353Z     Using Gradle version 7.4
2022-03-30T09:51:07.2033892Z 
2022-03-30T09:51:07.2034231Z     > Task :downloadTask
2022-03-30T09:51:07.2034549Z 
2022-03-30T09:51:07.2034820Z     Download http://localhost:37923/test.txt
2022-03-30T09:51:07.2034979Z 
2022-03-30T09:51:07.2036814Z     Download http://localhost:37923/test2.txt
2022-03-30T09:51:07.2036972Z 
2022-03-30T09:51:07.2036978Z 
2022-03-30T09:51:07.2037040Z     BUILD SUCCESSFUL
2022-03-30T09:51:07.2037219Z      in 360ms
2022-03-30T09:51:07.2037330Z 
2022-03-30T09:51:07.2037419Z     1 actionable task: 1 executed
2022-03-30T09:51:07.2037546Z 
2022-03-30T09:51:07.2037551Z 
2022-03-30T09:51:07.2037695Z FunctionalDownloadTest > downloadMultipleFiles() PASSED
2022-03-30T09:51:07.2037853Z 
2022-03-30T09:51:07.2038005Z FunctionalDownloadTest > downloadSingleFile() STANDARD_OUT
2022-03-30T09:51:07.2038256Z     Using Gradle version 7.4
2022-03-30T09:51:07.5035858Z 
2022-03-30T09:51:07.5036735Z     > Task :downloadTask
2022-03-30T09:51:07.5037091Z 
2022-03-30T09:51:07.5037425Z     Download http://localhost:37923/test.txt
2022-03-30T09:51:07.5038929Z 
2022-03-30T09:51:07.5038957Z 
2022-03-30T09:51:07.5039036Z     BUILD SUCCESSFUL
2022-03-30T09:51:07.5039241Z      in 218ms
2022-03-30T09:51:07.5039363Z 
2022-03-30T09:51:07.5039873Z     1 actionable task: 1 executed
2022-03-30T09:51:07.5040047Z 
2022-03-30T09:51:07.6033679Z 
2022-03-30T09:51:07.6034207Z FunctionalDownloadTest > downloadSingleFile() PASSED
2022-03-30T09:51:07.6034728Z 
2022-03-30T09:51:07.6035318Z FunctionalDownloadTest > downloadSingleFileUsingFileProperty() STANDARD_OUT
2022-03-30T09:51:07.6035919Z     Using Gradle version 7.4
2022-03-30T09:51:07.9033616Z 
2022-03-30T09:51:07.9034408Z     > Task :downloadTask
2022-03-30T09:51:07.9034657Z 
2022-03-30T09:51:07.9034888Z     Download http://localhost:37923/test.txt
2022-03-30T09:51:07.9035684Z 
2022-03-30T09:51:07.9035754Z 
2022-03-30T09:51:07.9036111Z     BUILD SUCCESSFUL
2022-03-30T09:51:07.9036394Z      in 283ms
2022-03-30T09:51:07.9036584Z 
2022-03-30T09:51:07.9036755Z     1 actionable task: 1 executed
2022-03-30T09:51:07.9036969Z 
2022-03-30T09:51:07.9037041Z 
2022-03-30T09:51:07.9037315Z FunctionalDownloadTest > downloadSingleFileUsingFileProperty() PASSED
2022-03-30T09:51:07.9037627Z 
2022-03-30T09:51:07.9037930Z FunctionalDownloadTest > downloadSingleFileUsingRegularFileProperty() STANDARD_OUT
2022-03-30T09:51:07.9038366Z     Using Gradle version 7.4
2022-03-30T09:51:08.2034831Z 
2022-03-30T09:51:08.2035660Z     > Task :downloadTask
2022-03-30T09:51:08.2036573Z 
2022-03-30T09:51:08.2036791Z     Download http://localhost:37923/test.txt
2022-03-30T09:51:08.2037206Z 
2022-03-30T09:51:08.2037530Z 
2022-03-30T09:51:08.2037681Z     BUILD SUCCESSFUL
2022-03-30T09:51:08.2037950Z      in 231ms
2022-03-30T09:51:08.2038313Z 
2022-03-30T09:51:08.2038661Z     1 actionable task: 1 executed
2022-03-30T09:51:08.2038883Z 
2022-03-30T09:51:08.2038954Z 
2022-03-30T09:51:08.2039631Z FunctionalDownloadTest > downloadSingleFileUsingRegularFileProperty() PASSED
2022-03-30T09:51:08.2040224Z 
2022-03-30T09:51:08.2040710Z FunctionalDownloadTest > downloadOnlyIfNewerReDownloadIfFileExists() STANDARD_OUT
2022-03-30T09:51:08.2041281Z     Using Gradle version 7.4
2022-03-30T09:51:08.4033178Z 
2022-03-30T09:51:08.4034177Z     > Task :downloadTask
2022-03-30T09:51:08.4034886Z 
2022-03-30T09:51:08.4035287Z     Download http://localhost:37923/test.txt
2022-03-30T09:51:08.4035488Z 
2022-03-30T09:51:08.4035494Z 
2022-03-30T09:51:08.4035582Z     BUILD SUCCESSFUL
2022-03-30T09:51:08.4035789Z      in 143ms
2022-03-30T09:51:08.4035901Z 
2022-03-30T09:51:08.4035997Z     1 actionable task: 1 executed
2022-03-30T09:51:08.4036117Z 
2022-03-30T09:51:08.4036139Z 
2022-03-30T09:51:08.4036337Z FunctionalDownloadTest > downloadOnlyIfNewerReDownloadIfFileExists() PASSED
2022-03-30T09:51:08.4036575Z 
2022-03-30T09:51:08.4036760Z FunctionalDownloadTest > downloadExtensionShouldNotFailTask() STANDARD_OUT
2022-03-30T09:51:08.4037072Z     Using Gradle version 7.4
2022-03-30T09:51:08.7033900Z 
2022-03-30T09:51:08.7034303Z     > Task :downloadTask
2022-03-30T09:51:08.7034600Z 
2022-03-30T09:51:08.7035004Z     Download http://localhost:37923/test.txt
2022-03-30T09:51:08.7076450Z 
2022-03-30T09:51:08.7076458Z 
2022-03-30T09:51:08.7076565Z     BUILD SUCCESSFUL
2022-03-30T09:51:08.7076806Z      in 257ms
2022-03-30T09:51:08.7076911Z 
2022-03-30T09:51:08.7077014Z     1 actionable task: 1 executed
2022-03-30T09:51:08.7077155Z 
2022-03-30T09:51:08.8035342Z 
2022-03-30T09:51:08.8116782Z FunctionalDownloadTest > downloadExtensionShouldNotFailTask() FAILED
2022-03-30T09:51:08.8117218Z     java.lang.AssertionError at FunctionalDownloadTest.java:404
2022-03-30T09:51:08.8117557Z 
2022-03-30T09:51:08.8118222Z FunctionalDownloadTest > downloadFileURLOnlyIfNewer() STANDARD_OUT
2022-03-30T09:51:08.8118493Z     Using Gradle version 7.4
2022-03-30T09:51:09.2033684Z 
2022-03-30T09:51:09.2034016Z     > Task :downloadTask
2022-03-30T09:51:09.2034205Z 
2022-03-30T09:51:09.2038029Z     Download file:/tmp/junit8583398249389377630/gradle-download-task2037823327827494227.tmp
2022-03-30T09:51:09.2038701Z 
2022-03-30T09:51:09.2038929Z 
2022-03-30T09:51:09.2039328Z     BUILD SUCCESSFUL
2022-03-30T09:51:09.2039828Z      in 305ms
2022-03-30T09:51:09.2039961Z 
2022-03-30T09:51:09.2040074Z     1 actionable task: 1 executed
2022-03-30T09:51:09.2040486Z 
2022-03-30T09:51:09.2040600Z     Using Gradle version 7.4
2022-03-30T09:51:09.4050303Z 
2022-03-30T09:51:09.4051813Z     > Task :downloadTask
2022-03-30T09:51:09.4052713Z      UP-TO-DATE
2022-03-30T09:51:09.4053257Z 
2022-03-30T09:51:09.4055028Z     Download file:/tmp/junit8583398249389377630/gradle-download-task2037823327827494227.tmp
2022-03-30T09:51:09.4055364Z 
2022-03-30T09:51:09.4055491Z 
2022-03-30T09:51:09.4055780Z     BUILD SUCCESSFUL
2022-03-30T09:51:09.4056328Z      in 139ms
2022-03-30T09:51:09.4056474Z 
2022-03-30T09:51:09.4056750Z     1 actionable task: 1 up-to-date
2022-03-30T09:51:09.4056893Z 
2022-03-30T09:51:09.4056899Z 
2022-03-30T09:51:09.4057064Z FunctionalDownloadTest > downloadFileURLOnlyIfNewer() PASSED
2022-03-30T09:51:09.4057257Z 
2022-03-30T09:51:09.4057431Z FunctionalDownloadTest > fileDependenciesTriggersDownloadTask() STANDARD_OUT
2022-03-30T09:51:09.4057734Z     Using Gradle version 7.4
2022-03-30T09:51:09.7033881Z 
2022-03-30T09:51:09.7034692Z     > Task :downloadTask
2022-03-30T09:51:09.7035444Z 
2022-03-30T09:51:09.7036403Z     Download http://localhost:37923/test.txt
2022-03-30T09:51:09.7036690Z 
2022-03-30T09:51:09.7036821Z 
2022-03-30T09:51:09.7037090Z     > Task :processTask
2022-03-30T09:51:09.7037691Z 
2022-03-30T09:51:09.7037825Z 
2022-03-30T09:51:09.7038048Z     BUILD SUCCESSFUL
2022-03-30T09:51:09.7038431Z      in 238ms
2022-03-30T09:51:09.7038689Z 
2022-03-30T09:51:09.7038943Z     2 actionable tasks: 2 executed
2022-03-30T09:51:09.7039403Z 
2022-03-30T09:51:09.7039530Z 
2022-03-30T09:51:09.7039846Z FunctionalDownloadTest > fileDependenciesTriggersDownloadTask() PASSED
2022-03-30T09:51:09.7040192Z 
2022-03-30T09:51:09.7040448Z FunctionalDownloadTest > downloadSingleFileWithoutCompress() STANDARD_OUT
2022-03-30T09:51:09.7040839Z     Using Gradle version 7.4
2022-03-30T09:51:10.0033610Z 
2022-03-30T09:51:10.0034093Z     > Task :downloadTask
2022-03-30T09:51:10.0034372Z 
2022-03-30T09:51:10.0034597Z     Download http://localhost:37923/test.txt
2022-03-30T09:51:10.0034856Z 
2022-03-30T09:51:10.0034925Z 
2022-03-30T09:51:10.0035337Z     BUILD SUCCESSFUL
2022-03-30T09:51:10.0035652Z      in 236ms
2022-03-30T09:51:10.0035877Z 
2022-03-30T09:51:10.0036045Z     1 actionable task: 1 executed
2022-03-30T09:51:10.0036293Z 
2022-03-30T09:51:10.0036360Z 
2022-03-30T09:51:10.0036623Z FunctionalDownloadTest > downloadSingleFileWithoutCompress() PASSED
2022-03-30T09:51:10.0037186Z 
2022-03-30T09:51:10.0037467Z FunctionalDownloadTest > downloadSingleFileTwiceWithOfflineMode() STANDARD_OUT
2022-03-30T09:51:10.0037871Z     Using Gradle version 7.4
2022-03-30T09:51:10.3039542Z 
2022-03-30T09:51:10.3040215Z     > Task :downloadTask
2022-03-30T09:51:10.3040491Z 
2022-03-30T09:51:10.3040901Z     Download http://localhost:37923/test.txt
2022-03-30T09:51:10.3041138Z 
2022-03-30T09:51:10.3041203Z 
2022-03-30T09:51:10.3041351Z     BUILD SUCCESSFUL
2022-03-30T09:51:10.3041614Z      in 232ms
2022-03-30T09:51:10.3041801Z 
2022-03-30T09:51:10.3041947Z     1 actionable task: 1 executed
2022-03-30T09:51:10.3042176Z 
2022-03-30T09:51:10.3042340Z     Using Gradle version 7.4
2022-03-30T09:51:10.5035663Z     > Task :downloadTask
2022-03-30T09:51:10.5037087Z      SKIPPED
2022-03-30T09:51:10.5037619Z 
2022-03-30T09:51:10.5038487Z 
2022-03-30T09:51:10.5038814Z     BUILD SUCCESSFUL
2022-03-30T09:51:10.5039292Z      in 125ms
2022-03-30T09:51:10.5039969Z 
2022-03-30T09:51:10.5040025Z 
2022-03-30T09:51:10.5040754Z FunctionalDownloadTest > downloadSingleFileTwiceWithOfflineMode() PASSED
2022-03-30T09:51:10.5041222Z 
2022-03-30T09:51:10.5041386Z FunctionalDownloadTest > downloadUseETag() STANDARD_OUT
2022-03-30T09:51:10.5041692Z     Using Gradle version 7.4
2022-03-30T09:51:10.9033930Z 
2022-03-30T09:51:10.9034682Z     > Task :downloadTask
2022-03-30T09:51:10.9035337Z 
2022-03-30T09:51:10.9035540Z     Download http://localhost:37923/test.txt
2022-03-30T09:51:10.9037557Z 
2022-03-30T09:51:10.9037891Z 
2022-03-30T09:51:10.9038396Z     BUILD SUCCESSFUL
2022-03-30T09:51:10.9038868Z      in 353ms
2022-03-30T09:51:10.9039561Z 
2022-03-30T09:51:10.9039758Z     1 actionable task: 1 executed
2022-03-30T09:51:10.9039917Z 
2022-03-30T09:51:10.9039999Z     Using Gradle version 7.4
2022-03-30T09:51:11.1035968Z 
2022-03-30T09:51:11.1036933Z     > Task :downloadTask
2022-03-30T09:51:11.1037996Z      UP-TO-DATE
2022-03-30T09:51:11.1038173Z 
2022-03-30T09:51:11.1038504Z     Download http://localhost:37923/test.txt
2022-03-30T09:51:11.1038690Z 
2022-03-30T09:51:11.1038697Z 
2022-03-30T09:51:11.1038792Z     BUILD SUCCESSFUL
2022-03-30T09:51:11.1039009Z      in 153ms
2022-03-30T09:51:11.1039135Z 
2022-03-30T09:51:11.1039659Z     1 actionable task: 1 up-to-date
2022-03-30T09:51:11.1039791Z 
2022-03-30T09:51:11.1039796Z 
2022-03-30T09:51:11.1039942Z FunctionalDownloadTest > downloadUseETag() PASSED
2022-03-30T09:51:11.1040122Z 
2022-03-30T09:51:11.1040310Z FunctionalDownloadTest > downloadSingleFileWithQuietMode() STANDARD_OUT
2022-03-30T09:51:11.1040628Z     Using Gradle version 7.4
2022-03-30T09:51:11.4033762Z     > Task :downloadTask
2022-03-30T09:51:11.4034461Z 
2022-03-30T09:51:11.4034771Z 
2022-03-30T09:51:11.4034969Z     BUILD SUCCESSFUL
2022-03-30T09:51:11.4035417Z      in 230ms
2022-03-30T09:51:11.4035533Z 
2022-03-30T09:51:11.4035871Z     1 actionable task: 1 executed
2022-03-30T09:51:11.4035989Z 
2022-03-30T09:51:11.4035994Z 
2022-03-30T09:51:11.4036177Z FunctionalDownloadTest > downloadSingleFileWithQuietMode() PASSED
2022-03-30T09:51:11.4036378Z 
2022-03-30T09:51:11.4036517Z FunctionalDownloadTest > configurationCache() STANDARD_OUT
2022-03-30T09:51:11.4036773Z     Using Gradle version 7.4
2022-03-30T09:51:12.7033810Z     Configuration cache is an incubating feature.
2022-03-30T09:51:12.7034548Z 
2022-03-30T09:51:14.7033687Z     Calculating task graph as no configuration cache is available for tasks: :downloadTask
2022-03-30T09:51:14.7034006Z 
2022-03-30T09:51:18.2032494Z 
2022-03-30T09:51:18.2033133Z     > Task :downloadTask
2022-03-30T09:51:18.2033376Z 
2022-03-30T09:51:18.2033575Z     Download http://localhost:37923/test.txt
2022-03-30T09:51:18.2033759Z 
2022-03-30T09:51:18.2033765Z 
2022-03-30T09:51:18.2033860Z     BUILD SUCCESSFUL
2022-03-30T09:51:18.2034070Z      in 6s
2022-03-30T09:51:18.2034190Z 
2022-03-30T09:51:18.2034289Z     1 actionable task: 1 executed
2022-03-30T09:51:18.2034437Z 
2022-03-30T09:51:18.2034552Z     Configuration cache entry stored.
2022-03-30T09:51:18.2034713Z 
2022-03-30T09:51:18.2034718Z 
2022-03-30T09:51:18.2034882Z FunctionalDownloadTest > configurationCache() PASSED
2022-03-30T09:51:18.2035240Z 
2022-03-30T09:51:18.2035501Z FunctionalDownloadTest > downloadSingleFileTwiceWithOverwriteExecutesTwice() STANDARD_OUT
2022-03-30T09:51:18.5034266Z     Using Gradle version 7.4
2022-03-30T09:51:18.5034501Z 
2022-03-30T09:51:18.5034876Z     > Task :downloadTask
2022-03-30T09:51:18.5035365Z 
2022-03-30T09:51:18.5035644Z     Download http://localhost:37923/test.txt
2022-03-30T09:51:18.5035825Z 
2022-03-30T09:51:18.5035848Z 
2022-03-30T09:51:18.5036095Z     BUILD SUCCESSFUL
2022-03-30T09:51:18.5036488Z      in 239ms
2022-03-30T09:51:18.5036599Z 
2022-03-30T09:51:18.5036897Z     1 actionable task: 1 executed
2022-03-30T09:51:18.5037037Z 
2022-03-30T09:51:18.5037129Z     Using Gradle version 7.4
2022-03-30T09:51:18.6033656Z 
2022-03-30T09:51:18.6034344Z     > Task :downloadTask
2022-03-30T09:51:18.6034764Z 
2022-03-30T09:51:18.6035837Z     Download http://localhost:37923/test.txt
2022-03-30T09:51:18.6036139Z 
2022-03-30T09:51:18.6036209Z 
2022-03-30T09:51:18.6036376Z     BUILD SUCCESSFUL
2022-03-30T09:51:18.6036653Z      in 138ms
2022-03-30T09:51:18.6036844Z 
2022-03-30T09:51:18.6037013Z     1 actionable task: 1 executed
2022-03-30T09:51:18.6037395Z 
2022-03-30T09:51:18.7034274Z 
2022-03-30T09:51:18.7037580Z FunctionalDownloadTest > downloadSingleFileTwiceWithOverwriteExecutesTwice() PASSED
2022-03-30T09:51:18.7038098Z 
2022-03-30T09:51:18.7038330Z FunctionalDownloadTest > downloadSingleFileUsingBuildDirectoryDir() STANDARD_OUT
2022-03-30T09:51:18.7038682Z     Using Gradle version 7.4
2022-03-30T09:51:18.9033490Z 
2022-03-30T09:51:18.9034204Z     > Task :downloadTask
2022-03-30T09:51:18.9034691Z 
2022-03-30T09:51:18.9035739Z     Download http://localhost:37923/test.txt
2022-03-30T09:51:18.9036062Z 
2022-03-30T09:51:18.9036160Z 
2022-03-30T09:51:18.9036344Z     BUILD SUCCESSFUL
2022-03-30T09:51:18.9036681Z      in 194ms
2022-03-30T09:51:18.9037009Z 
2022-03-30T09:51:18.9037247Z     1 actionable task: 1 executed
2022-03-30T09:51:18.9037537Z 
2022-03-30T09:51:18.9037638Z 
2022-03-30T09:51:18.9038079Z FunctionalDownloadTest > downloadSingleFileUsingBuildDirectoryDir() PASSED
2022-03-30T09:51:18.9038509Z 
2022-03-30T09:51:18.9038895Z FunctionalDownloadTest > downloadSingleFileTwiceMarksTaskAsUpToDate() STANDARD_OUT
2022-03-30T09:51:18.9039433Z     Using Gradle version 7.4
2022-03-30T09:51:19.1033078Z 
2022-03-30T09:51:19.1033604Z     > Task :downloadTask
2022-03-30T09:51:19.1033900Z 
2022-03-30T09:51:19.1034150Z     Download http://localhost:37923/test.txt
2022-03-30T09:51:19.1034389Z 
2022-03-30T09:51:19.1034478Z 
2022-03-30T09:51:19.1034653Z     BUILD SUCCESSFUL
2022-03-30T09:51:19.1034944Z      in 179ms
2022-03-30T09:51:19.1035298Z 
2022-03-30T09:51:19.1035483Z     1 actionable task: 1 executed
2022-03-30T09:51:19.1035976Z 
2022-03-30T09:51:19.1036150Z     Using Gradle version 7.4
2022-03-30T09:51:19.3034291Z     > Task :downloadTask
2022-03-30T09:51:19.3034842Z      UP-TO-DATE
2022-03-30T09:51:19.3034995Z 
2022-03-30T09:51:19.3035003Z 
2022-03-30T09:51:19.3035287Z     BUILD SUCCESSFUL
2022-03-30T09:51:19.3035518Z      in 106ms
2022-03-30T09:51:19.3035651Z 
2022-03-30T09:51:19.3036063Z     1 actionable task: 1 up-to-date
2022-03-30T09:51:19.3036222Z 
2022-03-30T09:51:19.3036228Z 
2022-03-30T09:51:19.3036465Z FunctionalDownloadTest > downloadSingleFileTwiceMarksTaskAsUpToDate() PASSED
2022-03-30T09:51:19.3036831Z 
2022-03-30T09:51:19.3037095Z FunctionalDownloadTest > downloadOnlyIfNewerRedownloadsIfFileHasBeenUpdated() STANDARD_OUT
2022-03-30T09:51:19.3037488Z     Using Gradle version 7.4
2022-03-30T09:51:19.4033500Z 
2022-03-30T09:51:19.4033826Z     > Task :downloadTask
2022-03-30T09:51:19.4034209Z 
2022-03-30T09:51:19.4034367Z     Download http://localhost:37923/test.txt
2022-03-30T09:51:19.4034532Z 
2022-03-30T09:51:19.4034548Z 
2022-03-30T09:51:19.4034632Z     BUILD SUCCESSFUL
2022-03-30T09:51:19.4034828Z      in 89ms
2022-03-30T09:51:19.4034928Z 
2022-03-30T09:51:19.4035240Z     1 actionable task: 1 executed
2022-03-30T09:51:19.4035397Z 
2022-03-30T09:51:19.4035493Z     Using Gradle version 7.4
2022-03-30T09:51:19.6041839Z 
2022-03-30T09:51:19.6042255Z     > Task :downloadTask
2022-03-30T09:51:19.6042444Z 
2022-03-30T09:51:19.6042734Z     Download http://localhost:37923/test.txt
2022-03-30T09:51:19.6042907Z 
2022-03-30T09:51:19.6043002Z 
2022-03-30T09:51:19.6045005Z     BUILD SUCCESSFUL
2022-03-30T09:51:19.6045708Z      in 131ms
2022-03-30T09:51:19.6045851Z 
2022-03-30T09:51:19.6045967Z     1 actionable task: 1 executed
2022-03-30T09:51:19.6046109Z 
2022-03-30T09:51:19.6046115Z 
2022-03-30T09:51:19.6046479Z FunctionalDownloadTest > downloadOnlyIfNewerRedownloadsIfFileHasBeenUpdated() PASSED
2022-03-30T09:51:19.6046844Z 
2022-03-30T09:51:19.6047241Z FunctionalDownloadTest > fileDependenciesWithMultipleSourcesTriggersDownloadTask() STANDARD_OUT
2022-03-30T09:51:19.6047720Z     Using Gradle version 7.4
2022-03-30T09:51:19.8033079Z 
2022-03-30T09:51:19.8033575Z     > Task :downloadTask
2022-03-30T09:51:19.8034022Z 
2022-03-30T09:51:19.8035413Z     Download http://localhost:37923/test.txt
2022-03-30T09:51:19.8035790Z 
2022-03-30T09:51:19.8036041Z     Download http://localhost:37923/test2.txt
2022-03-30T09:51:19.8036348Z 
2022-03-30T09:51:19.8036431Z 
2022-03-30T09:51:19.8036690Z     > Task :processTask
2022-03-30T09:51:19.8036948Z 
2022-03-30T09:51:19.8037029Z 
2022-03-30T09:51:19.8037219Z     BUILD SUCCESSFUL
2022-03-30T09:51:19.8037534Z      in 129ms
2022-03-30T09:51:19.8037759Z 
2022-03-30T09:51:19.8038124Z     2 actionable tasks: 2 executed
2022-03-30T09:51:19.8038536Z 
2022-03-30T09:51:19.8038789Z 
2022-03-30T09:51:19.8039931Z FunctionalDownloadTest > fileDependenciesWithMultipleSourcesTriggersDownloadTask() PASSED
2022-03-30T09:51:20.3045426Z 
2022-03-30T09:51:20.3046237Z 
2022-03-30T09:51:20.3047619Z > Task :functionalTest_7_4 FAILED
2022-03-30T09:51:20.3048347Z 20 tests completed, 1 failed
2022-03-30T09:51:20.3048688Z 
2022-03-30T09:51:20.3049076Z FAILURE: Build completed with 4 failures.
2022-03-30T09:51:20.4044333Z 
2022-03-30T09:51:20.4044352Z 
2022-03-30T09:51:20.4076061Z Deprecated Gradle features were used in this build, making it incompatible with Gradle 8.0.
2022-03-30T09:51:20.4076694Z 
2022-03-30T09:51:20.4077741Z You can use '--warning-mode all' to show the individual deprecation warnings and determine if they come from your own scripts or plugins.
2022-03-30T09:51:20.4078215Z 
2022-03-30T09:51:20.4078495Z 1: Task failed with an exception.
2022-03-30T09:51:20.4078901Z See https://docs.gradle.org/7.3.3/userguide/command_line_interface.html#sec:command_line_warnings
2022-03-30T09:51:20.4079520Z 10 actionable tasks: 7 executed, 3 up-to-date
2022-03-30T09:51:20.4080020Z -----------
2022-03-30T09:51:20.4080350Z * What went wrong:
2022-03-30T09:51:20.4080765Z Execution failed for task ':test'.
2022-03-30T09:51:20.4081512Z > There were failing tests. See the report at: file:///home/runner/work/gradle-download-task/gradle-download-task/build/reports/tests/test/index.html
2022-03-30T09:51:20.4082254Z 
2022-03-30T09:51:20.4082424Z * Try:
2022-03-30T09:51:20.4082875Z > Run with --stacktrace option to get the stack trace.
2022-03-30T09:51:20.4084231Z > Run with --info or --debug option to get more log output.
2022-03-30T09:51:20.4085110Z > Run with --scan to get full insights.
2022-03-30T09:51:20.4085514Z ==============================================================================
2022-03-30T09:51:20.4085758Z 
2022-03-30T09:51:20.4085948Z 2: Task failed with an exception.
2022-03-30T09:51:20.4086324Z -----------
2022-03-30T09:51:20.4086641Z * What went wrong:
2022-03-30T09:51:20.4087082Z Execution failed for task ':functionalTest_5_6_4'.
2022-03-30T09:51:20.4087890Z > There were failing tests. See the report at: file:///home/runner/work/gradle-download-task/gradle-download-task/build/reports/tests/functionalTest_5_6_4/index.html
2022-03-30T09:51:20.4088323Z 
2022-03-30T09:51:20.4088478Z * Try:
2022-03-30T09:51:20.4088912Z > Run with --stacktrace option to get the stack trace.
2022-03-30T09:51:20.4089675Z > Run with --info or --debug option to get more log output.
2022-03-30T09:51:20.4090143Z > Run with --scan to get full insights.
2022-03-30T09:51:20.4090517Z ==============================================================================
2022-03-30T09:51:20.4090783Z 
2022-03-30T09:51:20.4090978Z 3: Task failed with an exception.
2022-03-30T09:51:20.4091332Z -----------
2022-03-30T09:51:20.4091628Z * What went wrong:
2022-03-30T09:51:20.4092082Z Execution failed for task ':functionalTest_6_9_2'.
2022-03-30T09:51:20.4093057Z > There were failing tests. See the report at: file:///home/runner/work/gradle-download-task/gradle-download-task/build/reports/tests/functionalTest_6_9_2/index.html
2022-03-30T09:51:20.4093706Z 
2022-03-30T09:51:20.4093875Z * Try:
2022-03-30T09:51:20.4094767Z > Run with --stacktrace option to get the stack trace.
2022-03-30T09:51:20.4095282Z > Run with --info or --debug option to get more log output.
2022-03-30T09:51:20.4096586Z > Run with --scan to get full insights.
2022-03-30T09:51:20.4097104Z ==============================================================================
2022-03-30T09:51:20.4097375Z 
2022-03-30T09:51:20.4097586Z 4: Task failed with an exception.
2022-03-30T09:51:20.4097989Z -----------
2022-03-30T09:51:20.4098347Z * What went wrong:
2022-03-30T09:51:20.4098837Z Execution failed for task ':functionalTest_7_4'.
2022-03-30T09:51:20.4099890Z > There were failing tests. See the report at: file:///home/runner/work/gradle-download-task/gradle-download-task/build/reports/tests/functionalTest_7_4/index.html
2022-03-30T09:51:20.4100358Z 
2022-03-30T09:51:20.4100522Z * Try:
2022-03-30T09:51:20.4101166Z > Run with --stacktrace option to get the stack trace.
2022-03-30T09:51:20.4101774Z > Run with --info or --debug option to get more log output.
2022-03-30T09:51:20.4102245Z > Run with --scan to get full insights.
2022-03-30T09:51:20.4102830Z ==============================================================================
2022-03-30T09:51:20.4103078Z 
2022-03-30T09:51:20.4103321Z * Get more help at https://help.gradle.org
2022-03-30T09:51:20.4103606Z 
2022-03-30T09:51:20.4103796Z BUILD FAILED in 2m 29s
2022-03-30T09:51:20.4681379Z ##[error]Process completed with exit code 1.
2022-03-30T09:51:20.4741000Z ##[group]Run actions/upload-artifact@v2
2022-03-30T09:51:20.4741422Z with:
2022-03-30T09:51:20.4741628Z   name: test-results
2022-03-30T09:51:20.4741864Z   path: build/reports/tests
2022-03-30T09:51:20.4742095Z   if-no-files-found: warn
2022-03-30T09:51:20.4742323Z env:
2022-03-30T09:51:20.4742592Z   JAVA_HOME: /opt/hostedtoolcache/Java_Zulu_jdk/8.0.322-6/x64
2022-03-30T09:51:20.4742847Z ##[endgroup]
2022-03-30T09:51:20.7152024Z With the provided path, there will be 43 files uploaded
2022-03-30T09:51:20.7155365Z Starting artifact upload
2022-03-30T09:51:20.7156637Z For more detailed logs during the artifact upload process, enable step-debugging: https://docs.github.com/actions/monitoring-and-troubleshooting-workflows/enabling-debug-logging#enabling-step-debug-logging
2022-03-30T09:51:20.7158083Z Artifact name is valid!
2022-03-30T09:51:20.8889327Z Container for artifact "test-results" successfully created. Starting upload of file(s)
2022-03-30T09:51:24.3615609Z Total size of all the files uploaded is 50197 bytes
2022-03-30T09:51:24.3616206Z File upload process has finished. Finalizing the artifact upload
2022-03-30T09:51:24.4463848Z Artifact has been finalized. All files have been successfully uploaded!
2022-03-30T09:51:24.4464076Z 
2022-03-30T09:51:24.4464236Z The raw size of all the files that were specified for upload is 207566 bytes
2022-03-30T09:51:24.4465703Z The size of all the files that were uploaded is 50197 bytes. This takes into account any gzip compression used to reduce the upload size, time and storage
2022-03-30T09:51:24.4467897Z 
2022-03-30T09:51:24.4471680Z Note: The size of downloaded zips can differ significantly from the reported size. For more information see: https://github.com/actions/upload-artifact#zipped-artifact-downloads 
2022-03-30T09:51:24.4473982Z 
2022-03-30T09:51:24.4476272Z Artifact test-results has been successfully uploaded!
2022-03-30T09:51:24.4567117Z Post job cleanup.
2022-03-30T09:51:24.6304823Z Post job cleanup.
2022-03-30T09:51:24.7677911Z [command]/usr/bin/git version
2022-03-30T09:51:24.7739065Z git version 2.35.1
2022-03-30T09:51:24.7796697Z [command]/usr/bin/git config --local --name-only --get-regexp core\.sshCommand
2022-03-30T09:51:24.7839504Z [command]/usr/bin/git submodule foreach --recursive git config --local --name-only --get-regexp 'core\.sshCommand' && git config --local --unset-all 'core.sshCommand' || :
2022-03-30T09:51:24.8101063Z [command]/usr/bin/git config --local --name-only --get-regexp http\.https\:\/\/github\.com\/\.extraheader
2022-03-30T09:51:24.8131553Z http.https://github.com/.extraheader
2022-03-30T09:51:24.8144947Z [command]/usr/bin/git config --local --unset-all http.https://github.com/.extraheader
2022-03-30T09:51:24.8181879Z [command]/usr/bin/git submodule foreach --recursive git config --local --name-only --get-regexp 'http\.https\:\/\/github\.com\/\.extraheader' && git config --local --unset-all 'http.https://github.com/.extraheader' || :
2022-03-30T09:51:24.8650269Z Cleaning up orphan processes
2022-03-30T09:51:24.8943198Z Terminate orphan process: pid (1607) (java)
