2022-04-03T14:27:38.9879146Z Requested labels: ubuntu-latest
2022-04-03T14:27:38.9879203Z Job defined at: junit-team/junit5/.github/workflows/cross-version.yml@refs/heads/main
2022-04-03T14:27:38.9879225Z Waiting for a runner to pick up this job...
2022-04-03T14:27:40.1772198Z Job is waiting for a hosted runner to come online.
2022-04-03T14:27:43.3708676Z Job is about to start running on the hosted runner: GitHub Actions 10 (hosted)
2022-04-03T14:27:47.5657937Z Current runner version: '2.289.2'
2022-04-03T14:27:47.5688559Z ##[group]Operating System
2022-04-03T14:27:47.5689267Z Ubuntu
2022-04-03T14:27:47.5689716Z 20.04.4
2022-04-03T14:27:47.5690074Z LTS
2022-04-03T14:27:47.5690464Z ##[endgroup]
2022-04-03T14:27:47.5690893Z ##[group]Virtual Environment
2022-04-03T14:27:47.5691405Z Environment: ubuntu-20.04
2022-04-03T14:27:47.5691854Z Version: 20220227.1
2022-04-03T14:27:47.5692542Z Included Software: https://github.com/actions/virtual-environments/blob/ubuntu20/20220227.1/images/linux/Ubuntu2004-Readme.md
2022-04-03T14:27:47.5693399Z Image Release: https://github.com/actions/virtual-environments/releases/tag/ubuntu20%2F20220227.1
2022-04-03T14:27:47.5693965Z ##[endgroup]
2022-04-03T14:27:47.5694417Z ##[group]Virtual Environment Provisioner
2022-04-03T14:27:47.5694904Z 1.0.0.0-main-20220307-1
2022-04-03T14:27:47.5695303Z ##[endgroup]
2022-04-03T14:27:47.5696568Z ##[group]GITHUB_TOKEN Permissions
2022-04-03T14:27:47.5697380Z Actions: write
2022-04-03T14:27:47.5697936Z Checks: write
2022-04-03T14:27:47.5698417Z Contents: write
2022-04-03T14:27:47.5698846Z Deployments: write
2022-04-03T14:27:47.5699270Z Discussions: write
2022-04-03T14:27:47.5699675Z Issues: write
2022-04-03T14:27:47.5700106Z Metadata: read
2022-04-03T14:27:47.5700542Z Packages: write
2022-04-03T14:27:47.5700885Z Pages: write
2022-04-03T14:27:47.5701290Z PullRequests: write
2022-04-03T14:27:47.5701771Z RepositoryProjects: write
2022-04-03T14:27:47.5702243Z SecurityEvents: write
2022-04-03T14:27:47.5702662Z Statuses: write
2022-04-03T14:27:47.5703062Z ##[endgroup]
2022-04-03T14:27:47.5707758Z Secret source: Actions
2022-04-03T14:27:47.5708411Z Prepare workflow directory
2022-04-03T14:27:47.7101855Z Prepare all required actions
2022-04-03T14:27:47.7323721Z Getting action download info
2022-04-03T14:27:47.9503245Z Download action repository 'actions/checkout@v2' (SHA:ec3a7ce113134d7a93b817d10a8272cb61118579)
2022-04-03T14:27:48.6553388Z Download action repository 'oracle-actions/setup-java@v1' (SHA:d092b335fa5357a79e3538c6bc60f4dd281a4c11)
2022-04-03T14:27:49.0887313Z Download action repository 'actions/upload-artifact@v2' (SHA:82c141cc518b40d92cc801eee768e7aafc9c2fa2)
2022-04-03T14:27:49.6891640Z Getting action download info
2022-04-03T14:27:49.8341743Z Download action repository 'actions/setup-java@v3' (SHA:0aa6f2a84f8634ac1a1bd81dfdf6d5aab98c70f1)
2022-04-03T14:27:50.6989778Z ##[group]Run actions/checkout@v2
2022-04-03T14:27:50.6990145Z with:
2022-04-03T14:27:50.6990413Z   fetch-depth: 1
2022-04-03T14:27:50.6990717Z   repository: junit-team/junit5
2022-04-03T14:27:50.6991317Z   token: ***
2022-04-03T14:27:50.6991581Z   ssh-strict: true
2022-04-03T14:27:50.6991881Z   persist-credentials: true
2022-04-03T14:27:50.6992167Z   clean: true
2022-04-03T14:27:50.6992417Z   lfs: false
2022-04-03T14:27:50.6992681Z   submodules: false
2022-04-03T14:27:50.6992947Z env:
2022-04-03T14:27:50.6993277Z   ORG_GRADLE_PROJECT_enableTestDistribution: true
2022-04-03T14:27:50.6993759Z   ORG_GRADLE_PROJECT_junitBuildCacheUsername: ***
2022-04-03T14:27:50.6994254Z   ORG_GRADLE_PROJECT_junitBuildCachePassword: ***
2022-04-03T14:27:50.6994801Z   GRADLE_ENTERPRISE_ACCESS_KEY: ***
2022-04-03T14:27:50.6995111Z ##[endgroup]
2022-04-03T14:27:51.0141490Z Syncing repository: junit-team/junit5
2022-04-03T14:27:51.0143482Z ##[group]Getting Git version info
2022-04-03T14:27:51.0144136Z Working directory is '/home/runner/work/junit5/junit5'
2022-04-03T14:27:51.0144741Z [command]/usr/bin/git version
2022-04-03T14:27:51.0308786Z git version 2.35.1
2022-04-03T14:27:51.0332775Z ##[endgroup]
2022-04-03T14:27:51.0339579Z Deleting the contents of '/home/runner/work/junit5/junit5'
2022-04-03T14:27:51.0344341Z ##[group]Initializing the repository
2022-04-03T14:27:51.0349054Z [command]/usr/bin/git init /home/runner/work/junit5/junit5
2022-04-03T14:27:51.0456741Z hint: Using 'master' as the name for the initial branch. This default branch name
2022-04-03T14:27:51.0460964Z hint: is subject to change. To configure the initial branch name to use in all
2022-04-03T14:27:51.0462908Z hint: of your new repositories, which will suppress this warning, call:
2022-04-03T14:27:51.0463340Z hint: 
2022-04-03T14:27:51.0463897Z hint: 	git config --global init.defaultBranch <name>
2022-04-03T14:27:51.0464335Z hint: 
2022-04-03T14:27:51.0465524Z hint: Names commonly chosen instead of 'master' are 'main', 'trunk' and
2022-04-03T14:27:51.0466703Z hint: 'development'. The just-created branch can be renamed via this command:
2022-04-03T14:27:51.0467334Z hint: 
2022-04-03T14:27:51.0468150Z hint: 	git branch -m <name>
2022-04-03T14:27:51.0468908Z Initialized empty Git repository in /home/runner/work/junit5/junit5/.git/
2022-04-03T14:27:51.0484489Z [command]/usr/bin/git remote add origin https://github.com/junit-team/junit5
2022-04-03T14:27:51.0531476Z ##[endgroup]
2022-04-03T14:27:51.0532226Z ##[group]Disabling automatic garbage collection
2022-04-03T14:27:51.0539141Z [command]/usr/bin/git config --local gc.auto 0
2022-04-03T14:27:51.0640024Z ##[endgroup]
2022-04-03T14:27:51.0663741Z ##[group]Setting up auth
2022-04-03T14:27:51.0664815Z [command]/usr/bin/git config --local --name-only --get-regexp core\.sshCommand
2022-04-03T14:27:51.0708828Z [command]/usr/bin/git submodule foreach --recursive git config --local --name-only --get-regexp 'core\.sshCommand' && git config --local --unset-all 'core.sshCommand' || :
2022-04-03T14:27:51.1144361Z [command]/usr/bin/git config --local --name-only --get-regexp http\.https\:\/\/github\.com\/\.extraheader
2022-04-03T14:27:51.1174649Z [command]/usr/bin/git submodule foreach --recursive git config --local --name-only --get-regexp 'http\.https\:\/\/github\.com\/\.extraheader' && git config --local --unset-all 'http.https://github.com/.extraheader' || :
2022-04-03T14:27:51.1512276Z [command]/usr/bin/git config --local http.https://github.com/.extraheader AUTHORIZATION: basic ***
2022-04-03T14:27:51.1560696Z ##[endgroup]
2022-04-03T14:27:51.1561630Z ##[group]Fetching the repository
2022-04-03T14:27:51.1574249Z [command]/usr/bin/git -c protocol.version=2 fetch --no-tags --prune --progress --no-recurse-submodules --depth=1 origin +92f8e211e05f5a762f583a6f6c7165a879fe45e7:refs/remotes/origin/main
2022-04-03T14:27:51.4934698Z remote: Enumerating objects: 2161, done.        
2022-04-03T14:27:51.5006548Z remote: Counting objects:   0% (1/2161)        
2022-04-03T14:27:51.5007732Z remote: Counting objects:   1% (22/2161)        
2022-04-03T14:27:51.5008609Z remote: Counting objects:   2% (44/2161)        
2022-04-03T14:27:51.5009419Z remote: Counting objects:   3% (65/2161)        
2022-04-03T14:27:51.5010024Z remote: Counting objects:   4% (87/2161)        
2022-04-03T14:27:51.5010762Z remote: Counting objects:   5% (109/2161)        
2022-04-03T14:27:51.5011375Z remote: Counting objects:   6% (130/2161)        
2022-04-03T14:27:51.5012011Z remote: Counting objects:   7% (152/2161)        
2022-04-03T14:27:51.5013191Z remote: Counting objects:   8% (173/2161)        
2022-04-03T14:27:51.5014088Z remote: Counting objects:   9% (195/2161)        
2022-04-03T14:27:51.5014591Z remote: Counting objects:  10% (217/2161)        
2022-04-03T14:27:51.5015055Z remote: Counting objects:  11% (238/2161)        
2022-04-03T14:27:51.5015502Z remote: Counting objects:  12% (260/2161)        
2022-04-03T14:27:51.5015953Z remote: Counting objects:  13% (281/2161)        
2022-04-03T14:27:51.5016394Z remote: Counting objects:  14% (303/2161)        
2022-04-03T14:27:51.5016823Z remote: Counting objects:  15% (325/2161)        
2022-04-03T14:27:51.5017247Z remote: Counting objects:  16% (346/2161)        
2022-04-03T14:27:51.5017673Z remote: Counting objects:  17% (368/2161)        
2022-04-03T14:27:51.5018099Z remote: Counting objects:  18% (389/2161)        
2022-04-03T14:27:51.5018520Z remote: Counting objects:  19% (411/2161)        
2022-04-03T14:27:51.5018949Z remote: Counting objects:  20% (433/2161)        
2022-04-03T14:27:51.5019377Z remote: Counting objects:  21% (454/2161)        
2022-04-03T14:27:51.5019797Z remote: Counting objects:  22% (476/2161)        
2022-04-03T14:27:51.5020513Z remote: Counting objects:  23% (498/2161)        
2022-04-03T14:27:51.5020975Z remote: Counting objects:  24% (519/2161)        
2022-04-03T14:27:51.5021395Z remote: Counting objects:  25% (541/2161)        
2022-04-03T14:27:51.5021810Z remote: Counting objects:  26% (562/2161)        
2022-04-03T14:27:51.5022234Z remote: Counting objects:  27% (584/2161)        
2022-04-03T14:27:51.5022652Z remote: Counting objects:  28% (606/2161)        
2022-04-03T14:27:51.5023071Z remote: Counting objects:  29% (627/2161)        
2022-04-03T14:27:51.5023484Z remote: Counting objects:  30% (649/2161)        
2022-04-03T14:27:51.5023906Z remote: Counting objects:  31% (670/2161)        
2022-04-03T14:27:51.5024277Z remote: Counting objects:  32% (692/2161)        
2022-04-03T14:27:51.5024713Z remote: Counting objects:  33% (714/2161)        
2022-04-03T14:27:51.5025156Z remote: Counting objects:  34% (735/2161)        
2022-04-03T14:27:51.5025574Z remote: Counting objects:  35% (757/2161)        
2022-04-03T14:27:51.5025995Z remote: Counting objects:  36% (778/2161)        
2022-04-03T14:27:51.5026422Z remote: Counting objects:  37% (800/2161)        
2022-04-03T14:27:51.5026850Z remote: Counting objects:  38% (822/2161)        
2022-04-03T14:27:51.5027281Z remote: Counting objects:  39% (843/2161)        
2022-04-03T14:27:51.5027884Z remote: Counting objects:  40% (865/2161)        
2022-04-03T14:27:51.5028312Z remote: Counting objects:  41% (887/2161)        
2022-04-03T14:27:51.5028742Z remote: Counting objects:  42% (908/2161)        
2022-04-03T14:27:51.5029150Z remote: Counting objects:  43% (930/2161)        
2022-04-03T14:27:51.5029575Z remote: Counting objects:  44% (951/2161)        
2022-04-03T14:27:51.5029995Z remote: Counting objects:  45% (973/2161)        
2022-04-03T14:27:51.5030421Z remote: Counting objects:  46% (995/2161)        
2022-04-03T14:27:51.5030862Z remote: Counting objects:  47% (1016/2161)        
2022-04-03T14:27:51.5031312Z remote: Counting objects:  48% (1038/2161)        
2022-04-03T14:27:51.5031759Z remote: Counting objects:  49% (1059/2161)        
2022-04-03T14:27:51.5032203Z remote: Counting objects:  50% (1081/2161)        
2022-04-03T14:27:51.5032643Z remote: Counting objects:  51% (1103/2161)        
2022-04-03T14:27:51.5033083Z remote: Counting objects:  52% (1124/2161)        
2022-04-03T14:27:51.5033662Z remote: Counting objects:  53% (1146/2161)        
2022-04-03T14:27:51.5034121Z remote: Counting objects:  54% (1167/2161)        
2022-04-03T14:27:51.5034591Z remote: Counting objects:  55% (1189/2161)        
2022-04-03T14:27:51.5035025Z remote: Counting objects:  56% (1211/2161)        
2022-04-03T14:27:51.5035460Z remote: Counting objects:  57% (1232/2161)        
2022-04-03T14:27:51.5035888Z remote: Counting objects:  58% (1254/2161)        
2022-04-03T14:27:51.5036318Z remote: Counting objects:  59% (1275/2161)        
2022-04-03T14:27:51.5417062Z remote: Counting objects:  60% (1297/2161)        
2022-04-03T14:27:51.5418341Z remote: Counting objects:  61% (1319/2161)        
2022-04-03T14:27:51.5419580Z remote: Counting objects:  62% (1340/2161)        
2022-04-03T14:27:51.5420734Z remote: Counting objects:  63% (1362/2161)        
2022-04-03T14:27:51.5421781Z remote: Counting objects:  64% (1384/2161)        
2022-04-03T14:27:51.5422665Z remote: Counting objects:  65% (1405/2161)        
2022-04-03T14:27:51.5423696Z remote: Counting objects:  66% (1427/2161)        
2022-04-03T14:27:51.5424700Z remote: Counting objects:  67% (1448/2161)        
2022-04-03T14:27:51.5425847Z remote: Counting objects:  68% (1470/2161)        
2022-04-03T14:27:51.5426857Z remote: Counting objects:  69% (1492/2161)        
2022-04-03T14:27:51.5427717Z remote: Counting objects:  70% (1513/2161)        
2022-04-03T14:27:51.5428857Z remote: Counting objects:  71% (1535/2161)        
2022-04-03T14:27:51.5429871Z remote: Counting objects:  72% (1556/2161)        
2022-04-03T14:27:51.5430740Z remote: Counting objects:  73% (1578/2161)        
2022-04-03T14:27:51.5432281Z remote: Counting objects:  74% (1600/2161)        
2022-04-03T14:27:51.5433476Z remote: Counting objects:  75% (1621/2161)        
2022-04-03T14:27:51.5434041Z remote: Counting objects:  76% (1643/2161)        
2022-04-03T14:27:51.5434596Z remote: Counting objects:  77% (1664/2161)        
2022-04-03T14:27:51.5435157Z remote: Counting objects:  78% (1686/2161)        
2022-04-03T14:27:51.5435724Z remote: Counting objects:  79% (1708/2161)        
2022-04-03T14:27:51.5436267Z remote: Counting objects:  80% (1729/2161)        
2022-04-03T14:27:51.5436849Z remote: Counting objects:  81% (1751/2161)        
2022-04-03T14:27:51.5437407Z remote: Counting objects:  82% (1773/2161)        
2022-04-03T14:27:51.5437964Z remote: Counting objects:  83% (1794/2161)        
2022-04-03T14:27:51.5438517Z remote: Counting objects:  84% (1816/2161)        
2022-04-03T14:27:51.5439067Z remote: Counting objects:  85% (1837/2161)        
2022-04-03T14:27:51.5439615Z remote: Counting objects:  86% (1859/2161)        
2022-04-03T14:27:51.5440161Z remote: Counting objects:  87% (1881/2161)        
2022-04-03T14:27:51.5440715Z remote: Counting objects:  88% (1902/2161)        
2022-04-03T14:27:51.5441259Z remote: Counting objects:  89% (1924/2161)        
2022-04-03T14:27:51.5441828Z remote: Counting objects:  90% (1945/2161)        
2022-04-03T14:27:51.5442377Z remote: Counting objects:  91% (1967/2161)        
2022-04-03T14:27:51.5442902Z remote: Counting objects:  92% (1989/2161)        
2022-04-03T14:27:51.5443458Z remote: Counting objects:  93% (2010/2161)        
2022-04-03T14:27:51.5444015Z remote: Counting objects:  94% (2032/2161)        
2022-04-03T14:27:51.5444566Z remote: Counting objects:  95% (2053/2161)        
2022-04-03T14:27:51.5445126Z remote: Counting objects:  96% (2075/2161)        
2022-04-03T14:27:51.5445676Z remote: Counting objects:  97% (2097/2161)        
2022-04-03T14:27:51.5446222Z remote: Counting objects:  98% (2118/2161)        
2022-04-03T14:27:51.5446769Z remote: Counting objects:  99% (2140/2161)        
2022-04-03T14:27:51.5447316Z remote: Counting objects: 100% (2161/2161)        
2022-04-03T14:27:51.5447903Z remote: Counting objects: 100% (2161/2161), done.        
2022-04-03T14:27:51.5448721Z remote: Compressing objects:   0% (1/1596)        
2022-04-03T14:27:51.5449314Z remote: Compressing objects:   1% (16/1596)        
2022-04-03T14:27:51.5450058Z remote: Compressing objects:   2% (32/1596)        
2022-04-03T14:27:51.5451432Z remote: Compressing objects:   3% (48/1596)        
2022-04-03T14:27:51.5452030Z remote: Compressing objects:   4% (64/1596)        
2022-04-03T14:27:51.5453871Z remote: Compressing objects:   5% (80/1596)        
2022-04-03T14:27:51.5478573Z remote: Compressing objects:   6% (96/1596)        
2022-04-03T14:27:51.5479238Z remote: Compressing objects:   7% (112/1596)        
2022-04-03T14:27:51.5479997Z remote: Compressing objects:   8% (128/1596)        
2022-04-03T14:27:51.5480692Z remote: Compressing objects:   9% (144/1596)        
2022-04-03T14:27:51.5481366Z remote: Compressing objects:  10% (160/1596)        
2022-04-03T14:27:51.5482051Z remote: Compressing objects:  11% (176/1596)        
2022-04-03T14:27:51.5482715Z remote: Compressing objects:  12% (192/1596)        
2022-04-03T14:27:51.5483381Z remote: Compressing objects:  13% (208/1596)        
2022-04-03T14:27:51.5484035Z remote: Compressing objects:  14% (224/1596)        
2022-04-03T14:27:51.5816733Z remote: Compressing objects:  15% (240/1596)        
2022-04-03T14:27:51.5817250Z remote: Compressing objects:  16% (256/1596)        
2022-04-03T14:27:51.5817692Z remote: Compressing objects:  17% (272/1596)        
2022-04-03T14:27:51.5818122Z remote: Compressing objects:  18% (288/1596)        
2022-04-03T14:27:51.5818545Z remote: Compressing objects:  19% (304/1596)        
2022-04-03T14:27:51.5818964Z remote: Compressing objects:  20% (320/1596)        
2022-04-03T14:27:51.5819383Z remote: Compressing objects:  21% (336/1596)        
2022-04-03T14:27:51.5819782Z remote: Compressing objects:  22% (352/1596)        
2022-04-03T14:27:51.5820208Z remote: Compressing objects:  23% (368/1596)        
2022-04-03T14:27:51.5821006Z remote: Compressing objects:  24% (384/1596)        
2022-04-03T14:27:51.5821428Z remote: Compressing objects:  25% (399/1596)        
2022-04-03T14:27:51.5821853Z remote: Compressing objects:  26% (415/1596)        
2022-04-03T14:27:51.5822277Z remote: Compressing objects:  27% (431/1596)        
2022-04-03T14:27:51.5822704Z remote: Compressing objects:  28% (447/1596)        
2022-04-03T14:27:51.5823118Z remote: Compressing objects:  29% (463/1596)        
2022-04-03T14:27:51.5823537Z remote: Compressing objects:  30% (479/1596)        
2022-04-03T14:27:51.5823948Z remote: Compressing objects:  31% (495/1596)        
2022-04-03T14:27:51.5831600Z remote: Compressing objects:  32% (511/1596)        
2022-04-03T14:27:51.5857113Z remote: Compressing objects:  33% (527/1596)        
2022-04-03T14:27:51.5888011Z remote: Compressing objects:  34% (543/1596)        
2022-04-03T14:27:51.5913095Z remote: Compressing objects:  35% (559/1596)        
2022-04-03T14:27:51.5946191Z remote: Compressing objects:  36% (575/1596)        
2022-04-03T14:27:51.6038671Z remote: Compressing objects:  37% (591/1596)        
2022-04-03T14:27:51.6039695Z remote: Compressing objects:  38% (607/1596)        
2022-04-03T14:27:51.6040169Z remote: Compressing objects:  39% (623/1596)        
2022-04-03T14:27:51.6065979Z remote: Compressing objects:  40% (639/1596)        
2022-04-03T14:27:51.6096406Z remote: Compressing objects:  41% (655/1596)        
2022-04-03T14:27:51.6123373Z remote: Compressing objects:  42% (671/1596)        
2022-04-03T14:27:51.6166585Z remote: Compressing objects:  43% (687/1596)        
2022-04-03T14:27:51.6205975Z remote: Compressing objects:  44% (703/1596)        
2022-04-03T14:27:51.6221588Z remote: Compressing objects:  45% (719/1596)        
2022-04-03T14:27:51.6231965Z remote: Compressing objects:  46% (735/1596)        
2022-04-03T14:27:51.6250268Z remote: Compressing objects:  47% (751/1596)        
2022-04-03T14:27:51.6268315Z remote: Compressing objects:  48% (767/1596)        
2022-04-03T14:27:51.6277620Z remote: Compressing objects:  49% (783/1596)        
2022-04-03T14:27:51.6290772Z remote: Compressing objects:  50% (798/1596)        
2022-04-03T14:27:51.6309168Z remote: Compressing objects:  51% (814/1596)        
2022-04-03T14:27:51.6342370Z remote: Compressing objects:  52% (830/1596)        
2022-04-03T14:27:51.6354778Z remote: Compressing objects:  53% (846/1596)        
2022-04-03T14:27:51.6373591Z remote: Compressing objects:  54% (862/1596)        
2022-04-03T14:27:51.6416731Z remote: Compressing objects:  55% (878/1596)        
2022-04-03T14:27:51.6438229Z remote: Compressing objects:  56% (894/1596)        
2022-04-03T14:27:51.6469423Z remote: Compressing objects:  57% (910/1596)        
2022-04-03T14:27:51.6486938Z remote: Compressing objects:  58% (926/1596)        
2022-04-03T14:27:51.6511725Z remote: Compressing objects:  59% (942/1596)        
2022-04-03T14:27:51.6524874Z remote: Compressing objects:  60% (958/1596)        
2022-04-03T14:27:51.6545947Z remote: Compressing objects:  61% (974/1596)        
2022-04-03T14:27:51.6557282Z remote: Compressing objects:  62% (990/1596)        
2022-04-03T14:27:51.6579576Z remote: Compressing objects:  63% (1006/1596)        
2022-04-03T14:27:51.6595447Z remote: Compressing objects:  64% (1022/1596)        
2022-04-03T14:27:51.6596267Z remote: Compressing objects:  65% (1038/1596)        
2022-04-03T14:27:51.6597713Z remote: Compressing objects:  66% (1054/1596)        
2022-04-03T14:27:51.6598104Z remote: Compressing objects:  67% (1070/1596)        
2022-04-03T14:27:51.6598590Z remote: Compressing objects:  68% (1086/1596)        
2022-04-03T14:27:51.6634977Z remote: Compressing objects:  69% (1102/1596)        
2022-04-03T14:27:51.6646339Z remote: Compressing objects:  70% (1118/1596)        
2022-04-03T14:27:51.6654858Z remote: Compressing objects:  71% (1134/1596)        
2022-04-03T14:27:51.6672372Z remote: Compressing objects:  72% (1150/1596)        
2022-04-03T14:27:51.6684874Z remote: Compressing objects:  73% (1166/1596)        
2022-04-03T14:27:51.6701226Z remote: Compressing objects:  74% (1182/1596)        
2022-04-03T14:27:51.6728602Z remote: Compressing objects:  75% (1197/1596)        
2022-04-03T14:27:51.6765668Z remote: Compressing objects:  76% (1213/1596)        
2022-04-03T14:27:51.6804516Z remote: Compressing objects:  77% (1229/1596)        
2022-04-03T14:27:51.6830767Z remote: Compressing objects:  78% (1245/1596)        
2022-04-03T14:27:51.6849431Z remote: Compressing objects:  79% (1261/1596)        
2022-04-03T14:27:51.6852942Z remote: Compressing objects:  80% (1277/1596)        
2022-04-03T14:27:51.6855192Z remote: Compressing objects:  81% (1293/1596)        
2022-04-03T14:27:51.6856765Z remote: Compressing objects:  82% (1309/1596)        
2022-04-03T14:27:51.6858382Z remote: Compressing objects:  83% (1325/1596)        
2022-04-03T14:27:51.6859084Z remote: Compressing objects:  84% (1341/1596)        
2022-04-03T14:27:51.6860488Z remote: Compressing objects:  85% (1357/1596)        
2022-04-03T14:27:51.6861472Z remote: Compressing objects:  86% (1373/1596)        
2022-04-03T14:27:51.6862898Z remote: Compressing objects:  87% (1389/1596)        
2022-04-03T14:27:51.6863790Z remote: Compressing objects:  88% (1405/1596)        
2022-04-03T14:27:51.6865798Z remote: Compressing objects:  89% (1421/1596)        
2022-04-03T14:27:51.6867846Z remote: Compressing objects:  90% (1437/1596)        
2022-04-03T14:27:51.6869043Z remote: Compressing objects:  91% (1453/1596)        
2022-04-03T14:27:51.6878783Z remote: Compressing objects:  92% (1469/1596)        
2022-04-03T14:27:51.6879301Z remote: Compressing objects:  93% (1485/1596)        
2022-04-03T14:27:51.6879762Z remote: Compressing objects:  94% (1501/1596)        
2022-04-03T14:27:51.6881290Z remote: Compressing objects:  95% (1517/1596)        
2022-04-03T14:27:51.6881721Z remote: Compressing objects:  96% (1533/1596)        
2022-04-03T14:27:51.6882135Z remote: Compressing objects:  97% (1549/1596)        
2022-04-03T14:27:51.6882558Z remote: Compressing objects:  98% (1565/1596)        
2022-04-03T14:27:51.6882967Z remote: Compressing objects:  99% (1581/1596)        
2022-04-03T14:27:51.6883373Z remote: Compressing objects: 100% (1596/1596)        
2022-04-03T14:27:51.6883805Z remote: Compressing objects: 100% (1596/1596), done.        
2022-04-03T14:27:51.6931118Z Receiving objects:   0% (1/2161)
2022-04-03T14:27:51.7020444Z Receiving objects:   1% (22/2161)
2022-04-03T14:27:51.7059269Z Receiving objects:   2% (44/2161)
2022-04-03T14:27:51.7270979Z Receiving objects:   3% (65/2161)
2022-04-03T14:27:51.8695517Z Receiving objects:   4% (87/2161)
2022-04-03T14:27:51.9004061Z Receiving objects:   5% (109/2161)
2022-04-03T14:27:51.9006367Z Receiving objects:   6% (130/2161)
2022-04-03T14:27:51.9013907Z Receiving objects:   7% (152/2161)
2022-04-03T14:27:51.9023299Z Receiving objects:   8% (173/2161)
2022-04-03T14:27:51.9028557Z Receiving objects:   9% (195/2161)
2022-04-03T14:27:51.9035375Z Receiving objects:  10% (217/2161)
2022-04-03T14:27:51.9040573Z Receiving objects:  11% (238/2161)
2022-04-03T14:27:51.9059302Z Receiving objects:  12% (260/2161)
2022-04-03T14:27:51.9068514Z Receiving objects:  13% (281/2161)
2022-04-03T14:27:51.9091066Z Receiving objects:  14% (303/2161)
2022-04-03T14:27:51.9103672Z Receiving objects:  15% (325/2161)
2022-04-03T14:27:51.9109519Z Receiving objects:  16% (346/2161)
2022-04-03T14:27:51.9116163Z Receiving objects:  17% (368/2161)
2022-04-03T14:27:51.9130077Z Receiving objects:  18% (389/2161)
2022-04-03T14:27:51.9138782Z Receiving objects:  19% (411/2161)
2022-04-03T14:27:51.9143447Z Receiving objects:  20% (433/2161)
2022-04-03T14:27:51.9148919Z Receiving objects:  21% (454/2161)
2022-04-03T14:27:51.9161126Z Receiving objects:  22% (476/2161)
2022-04-03T14:27:51.9173017Z Receiving objects:  23% (498/2161)
2022-04-03T14:27:51.9179360Z Receiving objects:  24% (519/2161)
2022-04-03T14:27:51.9190391Z Receiving objects:  25% (541/2161)
2022-04-03T14:27:51.9197766Z Receiving objects:  26% (562/2161)
2022-04-03T14:27:51.9209248Z Receiving objects:  27% (584/2161)
2022-04-03T14:27:51.9223093Z Receiving objects:  28% (606/2161)
2022-04-03T14:27:51.9229313Z Receiving objects:  29% (627/2161)
2022-04-03T14:27:51.9236741Z Receiving objects:  30% (649/2161)
2022-04-03T14:27:51.9250383Z Receiving objects:  31% (670/2161)
2022-04-03T14:27:51.9267351Z Receiving objects:  32% (692/2161)
2022-04-03T14:27:51.9280564Z Receiving objects:  33% (714/2161)
2022-04-03T14:27:51.9290532Z Receiving objects:  34% (735/2161)
2022-04-03T14:27:51.9309631Z Receiving objects:  35% (757/2161)
2022-04-03T14:27:51.9335042Z Receiving objects:  36% (778/2161)
2022-04-03T14:27:51.9342509Z Receiving objects:  37% (800/2161)
2022-04-03T14:27:51.9345632Z Receiving objects:  38% (822/2161)
2022-04-03T14:27:51.9351605Z Receiving objects:  39% (843/2161)
2022-04-03T14:27:51.9355774Z Receiving objects:  40% (865/2161)
2022-04-03T14:27:51.9360799Z Receiving objects:  41% (887/2161)
2022-04-03T14:27:51.9371872Z Receiving objects:  42% (908/2161)
2022-04-03T14:27:51.9381398Z Receiving objects:  43% (930/2161)
2022-04-03T14:27:51.9384942Z Receiving objects:  44% (951/2161)
2022-04-03T14:27:51.9405142Z Receiving objects:  45% (973/2161)
2022-04-03T14:27:51.9408277Z Receiving objects:  46% (995/2161)
2022-04-03T14:27:51.9413196Z Receiving objects:  47% (1016/2161)
2022-04-03T14:27:51.9426120Z Receiving objects:  48% (1038/2161)
2022-04-03T14:27:51.9445219Z Receiving objects:  49% (1059/2161)
2022-04-03T14:27:51.9447428Z Receiving objects:  50% (1081/2161)
2022-04-03T14:27:51.9459557Z Receiving objects:  51% (1103/2161)
2022-04-03T14:27:51.9462200Z Receiving objects:  52% (1124/2161)
2022-04-03T14:27:51.9470331Z Receiving objects:  53% (1146/2161)
2022-04-03T14:27:51.9484788Z Receiving objects:  54% (1167/2161)
2022-04-03T14:27:51.9492533Z Receiving objects:  55% (1189/2161)
2022-04-03T14:27:51.9504718Z Receiving objects:  56% (1211/2161)
2022-04-03T14:27:51.9516145Z Receiving objects:  57% (1232/2161)
2022-04-03T14:27:51.9519753Z Receiving objects:  58% (1254/2161)
2022-04-03T14:27:51.9522867Z Receiving objects:  59% (1275/2161)
2022-04-03T14:27:51.9533907Z Receiving objects:  60% (1297/2161)
2022-04-03T14:27:51.9547575Z Receiving objects:  61% (1319/2161)
2022-04-03T14:27:51.9557036Z Receiving objects:  62% (1340/2161)
2022-04-03T14:27:51.9562715Z Receiving objects:  63% (1362/2161)
2022-04-03T14:27:51.9564080Z Receiving objects:  64% (1384/2161)
2022-04-03T14:27:51.9572346Z Receiving objects:  65% (1405/2161)
2022-04-03T14:27:51.9574659Z Receiving objects:  66% (1427/2161)
2022-04-03T14:27:51.9578012Z Receiving objects:  67% (1448/2161)
2022-04-03T14:27:51.9582755Z Receiving objects:  68% (1470/2161)
2022-04-03T14:27:51.9584897Z Receiving objects:  69% (1492/2161)
2022-04-03T14:27:51.9599139Z Receiving objects:  70% (1513/2161)
2022-04-03T14:27:51.9604068Z Receiving objects:  71% (1535/2161)
2022-04-03T14:27:51.9613156Z Receiving objects:  72% (1556/2161)
2022-04-03T14:27:51.9624140Z Receiving objects:  73% (1578/2161)
2022-04-03T14:27:51.9629138Z Receiving objects:  74% (1600/2161)
2022-04-03T14:27:51.9632591Z Receiving objects:  75% (1621/2161)
2022-04-03T14:27:51.9634810Z Receiving objects:  76% (1643/2161)
2022-04-03T14:27:51.9638944Z Receiving objects:  77% (1664/2161)
2022-04-03T14:27:51.9642343Z Receiving objects:  78% (1686/2161)
2022-04-03T14:27:51.9653644Z Receiving objects:  79% (1708/2161)
2022-04-03T14:27:51.9670423Z Receiving objects:  80% (1729/2161)
2022-04-03T14:27:51.9679022Z Receiving objects:  81% (1751/2161)
2022-04-03T14:27:51.9689904Z Receiving objects:  82% (1773/2161)
2022-04-03T14:27:51.9698398Z Receiving objects:  83% (1794/2161)
2022-04-03T14:27:51.9711512Z Receiving objects:  84% (1816/2161)
2022-04-03T14:27:51.9725837Z Receiving objects:  85% (1837/2161)
2022-04-03T14:27:51.9763573Z Receiving objects:  86% (1859/2161)
2022-04-03T14:27:51.9771834Z Receiving objects:  87% (1881/2161)
2022-04-03T14:27:51.9776236Z Receiving objects:  88% (1902/2161)
2022-04-03T14:27:51.9777845Z Receiving objects:  89% (1924/2161)
2022-04-03T14:27:51.9779450Z Receiving objects:  90% (1945/2161)
2022-04-03T14:27:51.9782542Z Receiving objects:  91% (1967/2161)
2022-04-03T14:27:51.9783865Z Receiving objects:  92% (1989/2161)
2022-04-03T14:27:51.9788840Z Receiving objects:  93% (2010/2161)
2022-04-03T14:27:51.9789958Z remote: Total 2161 (delta 547), reused 1283 (delta 266), pack-reused 0        
2022-04-03T14:27:51.9795068Z Receiving objects:  94% (2032/2161)
2022-04-03T14:27:51.9796872Z Receiving objects:  95% (2053/2161)
2022-04-03T14:27:51.9799102Z Receiving objects:  96% (2075/2161)
2022-04-03T14:27:51.9802617Z Receiving objects:  97% (2097/2161)
2022-04-03T14:27:51.9809407Z Receiving objects:  98% (2118/2161)
2022-04-03T14:27:51.9817505Z Receiving objects:  99% (2140/2161)
2022-04-03T14:27:51.9818223Z Receiving objects: 100% (2161/2161)
2022-04-03T14:27:51.9819206Z Receiving objects: 100% (2161/2161), 3.12 MiB | 10.79 MiB/s, done.
2022-04-03T14:27:51.9827149Z Resolving deltas:   0% (0/547)
2022-04-03T14:27:51.9831269Z Resolving deltas:   1% (6/547)
2022-04-03T14:27:51.9835056Z Resolving deltas:   2% (11/547)
2022-04-03T14:27:51.9838230Z Resolving deltas:   3% (17/547)
2022-04-03T14:27:51.9841173Z Resolving deltas:   4% (22/547)
2022-04-03T14:27:51.9844489Z Resolving deltas:   5% (28/547)
2022-04-03T14:27:51.9848331Z Resolving deltas:   6% (33/547)
2022-04-03T14:27:51.9852182Z Resolving deltas:   7% (39/547)
2022-04-03T14:27:51.9856675Z Resolving deltas:   8% (44/547)
2022-04-03T14:27:51.9860909Z Resolving deltas:   9% (50/547)
2022-04-03T14:27:51.9864343Z Resolving deltas:  10% (55/547)
2022-04-03T14:27:51.9867499Z Resolving deltas:  11% (61/547)
2022-04-03T14:27:51.9879241Z Resolving deltas:  12% (66/547)
2022-04-03T14:27:51.9883435Z Resolving deltas:  13% (72/547)
2022-04-03T14:27:51.9887555Z Resolving deltas:  14% (77/547)
2022-04-03T14:27:51.9891519Z Resolving deltas:  15% (83/547)
2022-04-03T14:27:51.9894701Z Resolving deltas:  16% (88/547)
2022-04-03T14:27:51.9897208Z Resolving deltas:  17% (93/547)
2022-04-03T14:27:51.9898542Z Resolving deltas:  18% (99/547)
2022-04-03T14:27:51.9900918Z Resolving deltas:  19% (104/547)
2022-04-03T14:27:51.9902766Z Resolving deltas:  20% (110/547)
2022-04-03T14:27:51.9905135Z Resolving deltas:  21% (115/547)
2022-04-03T14:27:51.9907180Z Resolving deltas:  22% (121/547)
2022-04-03T14:27:51.9909619Z Resolving deltas:  23% (126/547)
2022-04-03T14:27:51.9911257Z Resolving deltas:  24% (132/547)
2022-04-03T14:27:51.9912452Z Resolving deltas:  25% (137/547)
2022-04-03T14:27:51.9915302Z Resolving deltas:  26% (143/547)
2022-04-03T14:27:51.9918851Z Resolving deltas:  27% (148/547)
2022-04-03T14:27:51.9920285Z Resolving deltas:  28% (154/547)
2022-04-03T14:27:51.9921941Z Resolving deltas:  29% (159/547)
2022-04-03T14:27:51.9923407Z Resolving deltas:  30% (165/547)
2022-04-03T14:27:51.9925494Z Resolving deltas:  31% (170/547)
2022-04-03T14:27:51.9927360Z Resolving deltas:  32% (176/547)
2022-04-03T14:27:51.9932092Z Resolving deltas:  33% (181/547)
2022-04-03T14:27:51.9934931Z Resolving deltas:  34% (186/547)
2022-04-03T14:27:51.9937344Z Resolving deltas:  35% (192/547)
2022-04-03T14:27:51.9941518Z Resolving deltas:  36% (197/547)
2022-04-03T14:27:51.9943416Z Resolving deltas:  37% (203/547)
2022-04-03T14:27:51.9945288Z Resolving deltas:  38% (208/547)
2022-04-03T14:27:51.9947416Z Resolving deltas:  39% (214/547)
2022-04-03T14:27:51.9950192Z Resolving deltas:  40% (219/547)
2022-04-03T14:27:51.9953273Z Resolving deltas:  41% (225/547)
2022-04-03T14:27:51.9957514Z Resolving deltas:  42% (230/547)
2022-04-03T14:27:51.9959297Z Resolving deltas:  43% (236/547)
2022-04-03T14:27:51.9961424Z Resolving deltas:  44% (241/547)
2022-04-03T14:27:51.9963785Z Resolving deltas:  45% (247/547)
2022-04-03T14:27:51.9967053Z Resolving deltas:  46% (252/547)
2022-04-03T14:27:51.9970248Z Resolving deltas:  47% (258/547)
2022-04-03T14:27:51.9972861Z Resolving deltas:  48% (263/547)
2022-04-03T14:27:51.9979472Z Resolving deltas:  49% (269/547)
2022-04-03T14:27:51.9980004Z Resolving deltas:  50% (274/547)
2022-04-03T14:27:51.9980400Z Resolving deltas:  51% (279/547)
2022-04-03T14:27:51.9990670Z Resolving deltas:  52% (285/547)
2022-04-03T14:27:51.9991101Z Resolving deltas:  53% (290/547)
2022-04-03T14:27:51.9991548Z Resolving deltas:  54% (296/547)
2022-04-03T14:27:51.9994178Z Resolving deltas:  55% (301/547)
2022-04-03T14:27:51.9994552Z Resolving deltas:  56% (307/547)
2022-04-03T14:27:51.9997770Z Resolving deltas:  57% (312/547)
2022-04-03T14:27:52.0001843Z Resolving deltas:  58% (318/547)
2022-04-03T14:27:52.0002358Z Resolving deltas:  59% (323/547)
2022-04-03T14:27:52.0005184Z Resolving deltas:  60% (329/547)
2022-04-03T14:27:52.0008894Z Resolving deltas:  61% (334/547)
2022-04-03T14:27:52.0012190Z Resolving deltas:  62% (340/547)
2022-04-03T14:27:52.0030579Z Resolving deltas:  63% (345/547)
2022-04-03T14:27:52.0031008Z Resolving deltas:  64% (351/547)
2022-04-03T14:27:52.0031376Z Resolving deltas:  65% (356/547)
2022-04-03T14:27:52.0032022Z Resolving deltas:  66% (362/547)
2022-04-03T14:27:52.0032409Z Resolving deltas:  67% (367/547)
2022-04-03T14:27:52.0032862Z Resolving deltas:  68% (372/547)
2022-04-03T14:27:52.0033235Z Resolving deltas:  69% (378/547)
2022-04-03T14:27:52.0033873Z Resolving deltas:  70% (383/547)
2022-04-03T14:27:52.0036988Z Resolving deltas:  71% (389/547)
2022-04-03T14:27:52.0039786Z Resolving deltas:  72% (394/547)
2022-04-03T14:27:52.0042005Z Resolving deltas:  73% (400/547)
2022-04-03T14:27:52.0044072Z Resolving deltas:  74% (405/547)
2022-04-03T14:27:52.0049348Z Resolving deltas:  75% (411/547)
2022-04-03T14:27:52.0050840Z Resolving deltas:  76% (416/547)
2022-04-03T14:27:52.0051243Z Resolving deltas:  77% (422/547)
2022-04-03T14:27:52.0051630Z Resolving deltas:  78% (427/547)
2022-04-03T14:27:52.0052107Z Resolving deltas:  79% (433/547)
2022-04-03T14:27:52.0053505Z Resolving deltas:  80% (438/547)
2022-04-03T14:27:52.0057252Z Resolving deltas:  81% (444/547)
2022-04-03T14:27:52.0058030Z Resolving deltas:  82% (449/547)
2022-04-03T14:27:52.0068516Z Resolving deltas:  83% (455/547)
2022-04-03T14:27:52.0069963Z Resolving deltas:  84% (460/547)
2022-04-03T14:27:52.0072324Z Resolving deltas:  85% (465/547)
2022-04-03T14:27:52.0073756Z Resolving deltas:  86% (471/547)
2022-04-03T14:27:52.0075154Z Resolving deltas:  87% (476/547)
2022-04-03T14:27:52.0076512Z Resolving deltas:  88% (482/547)
2022-04-03T14:27:52.0077814Z Resolving deltas:  89% (487/547)
2022-04-03T14:27:52.0079400Z Resolving deltas:  90% (493/547)
2022-04-03T14:27:52.0080740Z Resolving deltas:  91% (498/547)
2022-04-03T14:27:52.0082088Z Resolving deltas:  92% (504/547)
2022-04-03T14:27:52.0083440Z Resolving deltas:  93% (509/547)
2022-04-03T14:27:52.0083983Z Resolving deltas:  94% (515/547)
2022-04-03T14:27:52.0086826Z Resolving deltas:  95% (520/547)
2022-04-03T14:27:52.0087178Z Resolving deltas:  96% (526/547)
2022-04-03T14:27:52.0087545Z Resolving deltas:  97% (531/547)
2022-04-03T14:27:52.0090213Z Resolving deltas:  98% (537/547)
2022-04-03T14:27:52.0092912Z Resolving deltas:  99% (542/547)
2022-04-03T14:27:52.0102047Z Resolving deltas: 100% (547/547)
2022-04-03T14:27:52.0103264Z Resolving deltas: 100% (547/547), done.
2022-04-03T14:27:52.0306653Z From https://github.com/junit-team/junit5
2022-04-03T14:27:52.0309714Z  * [new ref]         92f8e211e05f5a762f583a6f6c7165a879fe45e7 -> origin/main
2022-04-03T14:27:52.0333701Z ##[endgroup]
2022-04-03T14:27:52.0334962Z ##[group]Determining the checkout info
2022-04-03T14:27:52.0337788Z ##[endgroup]
2022-04-03T14:27:52.0340616Z ##[group]Checking out the ref
2022-04-03T14:27:52.0344594Z [command]/usr/bin/git checkout --progress --force -B main refs/remotes/origin/main
2022-04-03T14:27:52.1602337Z Switched to a new branch 'main'
2022-04-03T14:27:52.1603231Z branch 'main' set up to track 'origin/main'.
2022-04-03T14:27:52.1604768Z ##[endgroup]
2022-04-03T14:27:52.1634982Z [command]/usr/bin/git log -1 --format='%H'
2022-04-03T14:27:52.1670382Z '92f8e211e05f5a762f583a6f6c7165a879fe45e7'
2022-04-03T14:27:52.2111937Z Prepare all required actions
2022-04-03T14:27:52.2112446Z Getting action download info
2022-04-03T14:27:52.3684595Z Download action repository 'actions/setup-java@v2' (SHA:f0bb91606209742fe3ea40199be2f3ef195ecabf)
2022-04-03T14:27:53.0210848Z ##[group]Run ./.github/actions/setup-test-jdk
2022-04-03T14:27:53.0211168Z env:
2022-04-03T14:27:53.0211483Z   ORG_GRADLE_PROJECT_enableTestDistribution: true
2022-04-03T14:27:53.0212091Z   ORG_GRADLE_PROJECT_junitBuildCacheUsername: ***
2022-04-03T14:27:53.0212572Z   ORG_GRADLE_PROJECT_junitBuildCachePassword: ***
2022-04-03T14:27:53.0213162Z   GRADLE_ENTERPRISE_ACCESS_KEY: ***
2022-04-03T14:27:53.0213456Z ##[endgroup]
2022-04-03T14:27:53.0484237Z ##[group]Run actions/setup-java@v2
2022-04-03T14:27:53.0484537Z with:
2022-04-03T14:27:53.0484773Z   distribution: temurin
2022-04-03T14:27:53.0485049Z   java-version: 8
2022-04-03T14:27:53.0485321Z   java-package: jdk
2022-04-03T14:27:53.0485599Z   architecture: x64
2022-04-03T14:27:53.0485908Z   check-latest: false
2022-04-03T14:27:53.0486182Z   server-id: github
2022-04-03T14:27:53.0486472Z   server-username: GITHUB_ACTOR
2022-04-03T14:27:53.0486823Z   server-password: GITHUB_TOKEN
2022-04-03T14:27:53.0487126Z   overwrite-settings: true
2022-04-03T14:27:53.0487423Z   job-status: success
2022-04-03T14:27:53.0487677Z env:
2022-04-03T14:27:53.0487992Z   ORG_GRADLE_PROJECT_enableTestDistribution: true
2022-04-03T14:27:53.0488853Z   ORG_GRADLE_PROJECT_junitBuildCacheUsername: ***
2022-04-03T14:27:53.0489335Z   ORG_GRADLE_PROJECT_junitBuildCachePassword: ***
2022-04-03T14:27:53.0489874Z   GRADLE_ENTERPRISE_ACCESS_KEY: ***
2022-04-03T14:27:53.0490170Z ##[endgroup]
2022-04-03T14:27:53.2759121Z Resolved Java 8.0.322+6 from tool-cache
2022-04-03T14:27:53.2760610Z Setting Java 8.0.322+6 as the default
2022-04-03T14:27:53.2783402Z 
2022-04-03T14:27:53.2801648Z Java configuration:
2022-04-03T14:27:53.2802082Z   Distribution: temurin
2022-04-03T14:27:53.2802768Z   Version: 8.0.322+6
2022-04-03T14:27:53.2803808Z   Path: /opt/hostedtoolcache/Java_Temurin-Hotspot_jdk/8.0.322-6/x64
2022-04-03T14:27:53.2805237Z 
2022-04-03T14:27:53.2850188Z Creating settings.xml with server-id: github
2022-04-03T14:27:53.2947506Z Writing to /home/runner/.m2/settings.xml
2022-04-03T14:27:53.3122492Z ##[group]Run echo "JDK8=$JAVA_HOME" >> $GITHUB_ENV
2022-04-03T14:27:53.3122919Z [36;1mecho "JDK8=$JAVA_HOME" >> $GITHUB_ENV[0m
2022-04-03T14:27:53.3181917Z shell: /usr/bin/bash --noprofile --norc -e -o pipefail {0}
2022-04-03T14:27:53.3182276Z env:
2022-04-03T14:27:53.3182605Z   ORG_GRADLE_PROJECT_enableTestDistribution: true
2022-04-03T14:27:53.3183345Z   ORG_GRADLE_PROJECT_junitBuildCacheUsername: ***
2022-04-03T14:27:53.3183822Z   ORG_GRADLE_PROJECT_junitBuildCachePassword: ***
2022-04-03T14:27:53.3184359Z   GRADLE_ENTERPRISE_ACCESS_KEY: ***
2022-04-03T14:27:53.3184764Z   JAVA_HOME: /opt/hostedtoolcache/Java_Temurin-Hotspot_jdk/8.0.322-6/x64
2022-04-03T14:27:53.3185137Z ##[endgroup]
2022-04-03T14:27:53.3447480Z ##[group]Run oracle-actions/setup-java@v1
2022-04-03T14:27:53.3447801Z with:
2022-04-03T14:27:53.3448350Z   website: jdk.java.net
2022-04-03T14:27:53.3448592Z   release: 18
2022-04-03T14:27:53.3448841Z   version: latest
2022-04-03T14:27:53.3449079Z   install: true
2022-04-03T14:27:53.3449303Z env:
2022-04-03T14:27:53.3449591Z   ORG_GRADLE_PROJECT_enableTestDistribution: true
2022-04-03T14:27:53.3450048Z   ORG_GRADLE_PROJECT_junitBuildCacheUsername: ***
2022-04-03T14:27:53.3450478Z   ORG_GRADLE_PROJECT_junitBuildCachePassword: ***
2022-04-03T14:27:53.3450965Z   GRADLE_ENTERPRISE_ACCESS_KEY: ***
2022-04-03T14:27:53.3451338Z   JAVA_HOME: /opt/hostedtoolcache/Java_Temurin-Hotspot_jdk/8.0.322-6/x64
2022-04-03T14:27:53.3451762Z   JDK8: /opt/hostedtoolcache/Java_Temurin-Hotspot_jdk/8.0.322-6/x64
2022-04-03T14:27:53.3452088Z ##[endgroup]
2022-04-03T14:27:53.3470279Z ##[group]Run JAVA=$JAVA_HOME_17_X64/bin/java
2022-04-03T14:27:53.3470733Z [36;1mJAVA=$JAVA_HOME_17_X64/bin/java[0m
2022-04-03T14:27:53.3471171Z [36;1mDOWNLOAD=$GITHUB_ACTION_PATH/src/Download.java[0m
2022-04-03T14:27:53.3471510Z [36;1mif [ ! -z "" ]; then[0m
2022-04-03T14:27:53.3471794Z [36;1m  $JAVA $DOWNLOAD [0m
2022-04-03T14:27:53.3472157Z [36;1melse[0m
2022-04-03T14:27:53.3472464Z [36;1m  $JAVA $DOWNLOAD jdk.java.net 18 latest[0m
2022-04-03T14:27:53.3472748Z [36;1mfi[0m
2022-04-03T14:27:53.3523966Z shell: /usr/bin/bash --noprofile --norc -e -o pipefail {0}
2022-04-03T14:27:53.3524296Z env:
2022-04-03T14:27:53.3524616Z   ORG_GRADLE_PROJECT_enableTestDistribution: true
2022-04-03T14:27:53.3525103Z   ORG_GRADLE_PROJECT_junitBuildCacheUsername: ***
2022-04-03T14:27:53.3525563Z   ORG_GRADLE_PROJECT_junitBuildCachePassword: ***
2022-04-03T14:27:53.3526097Z   GRADLE_ENTERPRISE_ACCESS_KEY: ***
2022-04-03T14:27:53.3526495Z   JAVA_HOME: /opt/hostedtoolcache/Java_Temurin-Hotspot_jdk/8.0.322-6/x64
2022-04-03T14:27:53.3526950Z   JDK8: /opt/hostedtoolcache/Java_Temurin-Hotspot_jdk/8.0.322-6/x64
2022-04-03T14:27:53.3527307Z ##[endgroup]
2022-04-03T14:28:01.6367287Z Archive openjdk-18_linux-x64_bin.tar.gz in file:///home/runner/.oracle-actions/setup-java/d5861490/
2022-04-03T14:28:01.9755729Z ##[group]Run actions/setup-java@v3
2022-04-03T14:28:01.9756042Z with:
2022-04-03T14:28:01.9756286Z   java-version: 18
2022-04-03T14:28:01.9756564Z   distribution: jdkfile
2022-04-03T14:28:01.9756976Z   jdkFile: /home/runner/.oracle-actions/setup-java/d5861490/openjdk-18_linux-x64_bin.tar.gz
2022-04-03T14:28:01.9757390Z   java-package: jdk
2022-04-03T14:28:01.9757662Z   architecture: x64
2022-04-03T14:28:01.9757933Z   check-latest: false
2022-04-03T14:28:01.9758204Z   server-id: github
2022-04-03T14:28:01.9758494Z   server-username: GITHUB_ACTOR
2022-04-03T14:28:01.9758804Z   server-password: GITHUB_TOKEN
2022-04-03T14:28:01.9759114Z   overwrite-settings: true
2022-04-03T14:28:01.9759401Z   job-status: success
2022-04-03T14:28:01.9759658Z env:
2022-04-03T14:28:01.9759968Z   ORG_GRADLE_PROJECT_enableTestDistribution: true
2022-04-03T14:28:01.9760536Z   ORG_GRADLE_PROJECT_junitBuildCacheUsername: ***
2022-04-03T14:28:01.9761006Z   ORG_GRADLE_PROJECT_junitBuildCachePassword: ***
2022-04-03T14:28:01.9761531Z   GRADLE_ENTERPRISE_ACCESS_KEY: ***
2022-04-03T14:28:01.9761936Z   JAVA_HOME: /opt/hostedtoolcache/Java_Temurin-Hotspot_jdk/8.0.322-6/x64
2022-04-03T14:28:01.9762387Z   JDK8: /opt/hostedtoolcache/Java_Temurin-Hotspot_jdk/8.0.322-6/x64
2022-04-03T14:28:01.9762815Z ##[endgroup]
2022-04-03T14:28:02.3332779Z Java 18 was not found in tool-cache. Trying to unpack JDK file...
2022-04-03T14:28:02.3342081Z Extracting Java from '/home/runner/.oracle-actions/setup-java/d5861490/openjdk-18_linux-x64_bin.tar.gz'
2022-04-03T14:28:02.3575988Z [command]/usr/bin/tar xz --warning=no-unknown-keyword -C /home/runner/work/_temp/f40c7e2d-82a3-4af4-a31a-fab05f80fc9c -f /home/runner/.oracle-actions/setup-java/d5861490/openjdk-18_linux-x64_bin.tar.gz
2022-04-03T14:28:06.7359238Z Setting Java 18 as default
2022-04-03T14:28:06.7390697Z 
2022-04-03T14:28:06.7391606Z Java configuration:
2022-04-03T14:28:06.7392130Z   Distribution: jdkfile
2022-04-03T14:28:06.7392562Z   Version: 18
2022-04-03T14:28:06.7393120Z   Path: /opt/hostedtoolcache/Java_jdkfile_jdk/18/x64
2022-04-03T14:28:06.7393531Z 
2022-04-03T14:28:06.7405257Z Creating settings.xml with server-id: github
2022-04-03T14:28:06.7497650Z Overwriting existing file /home/runner/.m2/settings.xml
2022-04-03T14:28:06.8347262Z ##[group]Run echo "JDK18=$JAVA_HOME" >> $GITHUB_ENV
2022-04-03T14:28:06.8347663Z [36;1mecho "JDK18=$JAVA_HOME" >> $GITHUB_ENV[0m
2022-04-03T14:28:06.8405219Z shell: /usr/bin/bash --noprofile --norc -e -o pipefail {0}
2022-04-03T14:28:06.8405572Z env:
2022-04-03T14:28:06.8405900Z   ORG_GRADLE_PROJECT_enableTestDistribution: true
2022-04-03T14:28:06.8406460Z   ORG_GRADLE_PROJECT_junitBuildCacheUsername: ***
2022-04-03T14:28:06.8406941Z   ORG_GRADLE_PROJECT_junitBuildCachePassword: ***
2022-04-03T14:28:06.8407492Z   GRADLE_ENTERPRISE_ACCESS_KEY: ***
2022-04-03T14:28:06.8407879Z   JAVA_HOME: /opt/hostedtoolcache/Java_jdkfile_jdk/18/x64
2022-04-03T14:28:06.8409740Z   JDK8: /opt/hostedtoolcache/Java_Temurin-Hotspot_jdk/8.0.322-6/x64
2022-04-03T14:28:06.8410108Z ##[endgroup]
2022-04-03T14:28:06.9423878Z Prepare all required actions
2022-04-03T14:28:06.9424392Z Getting action download info
2022-04-03T14:28:07.1196157Z Download action repository 'gradle/gradle-build-action@v2' (SHA:fec4a42eb0c83154e5c9590748ba8337949c5701)
2022-04-03T14:28:07.8579295Z ##[group]Run ./.github/actions/run-gradle
2022-04-03T14:28:07.8579602Z with:
2022-04-03T14:28:07.8579952Z   arguments: -PjavaToolchainVersion=18
-Dscan.tag.JDK_18
build

2022-04-03T14:28:07.8580299Z env:
2022-04-03T14:28:07.8580611Z   ORG_GRADLE_PROJECT_enableTestDistribution: true
2022-04-03T14:28:07.8581174Z   ORG_GRADLE_PROJECT_junitBuildCacheUsername: ***
2022-04-03T14:28:07.8581727Z   ORG_GRADLE_PROJECT_junitBuildCachePassword: ***
2022-04-03T14:28:07.8582425Z   GRADLE_ENTERPRISE_ACCESS_KEY: ***
2022-04-03T14:28:07.8582799Z   JAVA_HOME: /opt/hostedtoolcache/Java_jdkfile_jdk/18/x64
2022-04-03T14:28:07.8583230Z   JDK8: /opt/hostedtoolcache/Java_Temurin-Hotspot_jdk/8.0.322-6/x64
2022-04-03T14:28:07.8583686Z   JDK18: /opt/hostedtoolcache/Java_jdkfile_jdk/18/x64
2022-04-03T14:28:07.8583999Z ##[endgroup]
2022-04-03T14:28:07.8625248Z ##[group]Run actions/setup-java@v2
2022-04-03T14:28:07.8625533Z with:
2022-04-03T14:28:07.8625787Z   distribution: temurin
2022-04-03T14:28:07.8626062Z   java-version: 17
2022-04-03T14:28:07.8626320Z   java-package: jdk
2022-04-03T14:28:07.8626586Z   architecture: x64
2022-04-03T14:28:07.8626853Z   check-latest: false
2022-04-03T14:28:07.8627125Z   server-id: github
2022-04-03T14:28:07.8627415Z   server-username: GITHUB_ACTOR
2022-04-03T14:28:07.8627736Z   server-password: GITHUB_TOKEN
2022-04-03T14:28:07.8628049Z   overwrite-settings: true
2022-04-03T14:28:07.8628336Z   job-status: success
2022-04-03T14:28:07.8628586Z env:
2022-04-03T14:28:07.8628993Z   ORG_GRADLE_PROJECT_enableTestDistribution: true
2022-04-03T14:28:07.8629435Z   ORG_GRADLE_PROJECT_junitBuildCacheUsername: ***
2022-04-03T14:28:07.8629868Z   ORG_GRADLE_PROJECT_junitBuildCachePassword: ***
2022-04-03T14:28:07.8630366Z   GRADLE_ENTERPRISE_ACCESS_KEY: ***
2022-04-03T14:28:07.8630722Z   JAVA_HOME: /opt/hostedtoolcache/Java_jdkfile_jdk/18/x64
2022-04-03T14:28:07.8631120Z   JDK8: /opt/hostedtoolcache/Java_Temurin-Hotspot_jdk/8.0.322-6/x64
2022-04-03T14:28:07.8631509Z   JDK18: /opt/hostedtoolcache/Java_jdkfile_jdk/18/x64
2022-04-03T14:28:07.8631792Z ##[endgroup]
2022-04-03T14:28:08.0941545Z Resolved Java 17.0.2+8 from tool-cache
2022-04-03T14:28:08.0941926Z Setting Java 17.0.2+8 as the default
2022-04-03T14:28:08.0957401Z 
2022-04-03T14:28:08.0959632Z Java configuration:
2022-04-03T14:28:08.0961455Z   Distribution: temurin
2022-04-03T14:28:08.0961902Z   Version: 17.0.2+8
2022-04-03T14:28:08.1028966Z   Path: /opt/hostedtoolcache/Java_Temurin-Hotspot_jdk/17.0.2-8/x64
2022-04-03T14:28:08.1029282Z 
2022-04-03T14:28:08.1032228Z Creating settings.xml with server-id: github
2022-04-03T14:28:08.1069639Z Overwriting existing file /home/runner/.m2/settings.xml
2022-04-03T14:28:08.1250020Z ##[group]Run gradle/gradle-build-action@v2
2022-04-03T14:28:08.1250355Z with:
2022-04-03T14:28:08.1251061Z   arguments: -Porg.gradle.java.installations.auto-download=false
-Dplatform.tooling.support.tests.enabled=true
"-Dscan.value.GitHub job=openjdk"
javaToolchains
-PjavaToolchainVersion=18
-Dscan.tag.JDK_18
build


2022-04-03T14:28:08.1251785Z   cache-disabled: false
2022-04-03T14:28:08.1252091Z   cache-read-only: false
2022-04-03T14:28:08.1252466Z   gradle-home-cache-includes: caches
notifications

2022-04-03T14:28:08.1252838Z   cache-write-only: false
2022-04-03T14:28:08.1253181Z   gradle-home-cache-strict-match: false
2022-04-03T14:28:08.1253546Z   workflow-job-context: {
  "jdk": 18
}
2022-04-03T14:28:08.1253834Z env:
2022-04-03T14:28:08.1254129Z   ORG_GRADLE_PROJECT_enableTestDistribution: true
2022-04-03T14:28:08.1254633Z   ORG_GRADLE_PROJECT_junitBuildCacheUsername: ***
2022-04-03T14:28:08.1255100Z   ORG_GRADLE_PROJECT_junitBuildCachePassword: ***
2022-04-03T14:28:08.1255634Z   GRADLE_ENTERPRISE_ACCESS_KEY: ***
2022-04-03T14:28:08.1256195Z   JAVA_HOME: /opt/hostedtoolcache/Java_Temurin-Hotspot_jdk/17.0.2-8/x64
2022-04-03T14:28:08.1256741Z   JDK8: /opt/hostedtoolcache/Java_Temurin-Hotspot_jdk/8.0.322-6/x64
2022-04-03T14:28:08.1257145Z   JDK18: /opt/hostedtoolcache/Java_jdkfile_jdk/18/x64
2022-04-03T14:28:08.1257472Z ##[endgroup]
2022-04-03T14:28:08.3014921Z ##[group]Restore Gradle state from cache
2022-04-03T14:28:09.6695802Z Received 37748736 of 44694672 (84.5%), 36.0 MBs/sec
2022-04-03T14:28:09.7107134Z Received 44694672 of 44694672 (100.0%), 40.9 MBs/sec
2022-04-03T14:28:09.7108246Z Cache Size: ~43 MB (44694672 B)
2022-04-03T14:28:09.7141431Z [command]/usr/bin/tar --use-compress-program zstd -d -xf /home/runner/work/_temp/72a68980-de70-42cc-a0e3-da82c740b0d1/cache.tzst -P -C /home/runner/work/junit5/junit5
2022-04-03T14:28:09.9929238Z Cache restored successfully
2022-04-03T14:28:10.0020876Z Restored Gradle User Home from cache key: v6-gradle|Linux|openjdk[6b6c5643379d191be4ae5d111a2844b3]-ca57c1f300520b1498da335e2b03ec9b533da597
2022-04-03T14:28:10.4119283Z Received 122242 of 122242 (100.0%), 1.4 MBs/sec
2022-04-03T14:28:10.4120338Z Cache Size: ~0 MB (122242 B)
2022-04-03T14:28:10.6886649Z Received 2429564 of 2429564 (100.0%), 6.0 MBs/sec
2022-04-03T14:28:10.6888551Z Cache Size: ~2 MB (2429564 B)
2022-04-03T14:28:11.2150064Z Received 8388608 of 115836851 (7.2%), 7.8 MBs/sec
2022-04-03T14:28:11.2817400Z Received 122242 of 122242 (100.0%), 0.3 MBs/sec
2022-04-03T14:28:11.2818583Z Cache Size: ~0 MB (122242 B)
2022-04-03T14:28:11.4106050Z Received 120318 of 120318 (100.0%), 0.2 MBs/sec
2022-04-03T14:28:11.4106967Z Cache Size: ~0 MB (120318 B)
2022-04-03T14:28:11.4372594Z Received 4194304 of 33166520 (12.6%), 3.3 MBs/sec
2022-04-03T14:28:11.4373498Z Received 8388608 of 124369277 (6.7%), 6.8 MBs/sec
2022-04-03T14:28:11.4374113Z Received 4194304 of 33170910 (12.6%), 3.5 MBs/sec
2022-04-03T14:28:11.4391427Z Received 5377130 of 30542954 (17.6%), 4.6 MBs/sec
2022-04-03T14:28:11.4392235Z Received 8388608 of 246982012 (3.4%), 7.4 MBs/sec
2022-04-03T14:28:11.6424403Z Received 8388608 of 93784715 (8.9%), 7.1 MBs/sec
2022-04-03T14:28:11.8073234Z Received 33166520 of 33166520 (100.0%), 20.2 MBs/sec
2022-04-03T14:28:11.8074084Z Cache Size: ~32 MB (33166520 B)
2022-04-03T14:28:11.9012150Z Received 33170910 of 33170910 (100.0%), 19.8 MBs/sec
2022-04-03T14:28:11.9013357Z Cache Size: ~32 MB (33170910 B)
2022-04-03T14:28:12.0323521Z Received 16777216 of 115841705 (14.5%), 13.9 MBs/sec
2022-04-03T14:28:12.1450547Z Received 30542954 of 30542954 (100.0%), 16.1 MBs/sec
2022-04-03T14:28:12.1451375Z Cache Size: ~29 MB (30542954 B)
2022-04-03T14:28:12.3336080Z Received 50331648 of 115836851 (43.5%), 22.3 MBs/sec
2022-04-03T14:28:12.4580367Z Received 62914560 of 124369277 (50.6%), 27.3 MBs/sec
2022-04-03T14:28:12.4582924Z Received 46137344 of 246982012 (18.7%), 20.9 MBs/sec
2022-04-03T14:28:12.7895899Z Received 54525952 of 93784715 (58.1%), 22.9 MBs/sec
2022-04-03T14:28:12.9263409Z [command]/usr/bin/tar --use-compress-program zstd -d -xf /home/runner/work/_temp/27c25dfa-1894-4826-a468-ece93ca60c96/cache.tzst -P -C /home/runner/work/junit5/junit5
2022-04-03T14:28:13.1156815Z Received 62914560 of 115841705 (54.3%), 26.9 MBs/sec
2022-04-03T14:28:13.2497168Z Cache restored successfully
2022-04-03T14:28:13.2588294Z Restored generated-gradle-jars with key generated-gradle-jars-7ffa0d7b0df449bea32367757ebb7dc7 to /home/runner/.gradle/caches/7.4.1/generated-gradle-jars/gradle-kotlin-dsl-extensions-7.4.1.jar
2022-04-03T14:28:13.4407891Z Received 115836851 of 115836851 (100.0%), 33.9 MBs/sec
2022-04-03T14:28:13.4410323Z Cache Size: ~110 MB (115836851 B)
2022-04-03T14:28:13.4806135Z Received 100663296 of 124369277 (80.9%), 29.8 MBs/sec
2022-04-03T14:28:13.4807215Z Received 96468992 of 246982012 (39.1%), 29.4 MBs/sec
2022-04-03T14:28:13.5750709Z [command]/usr/bin/tar --use-compress-program zstd -d -xf /home/runner/work/_temp/6d118858-06cd-48a1-aef0-28994d8788a9/cache.tzst -P -C /home/runner/work/junit5/junit5
2022-04-03T14:28:13.8273805Z Received 93784715 of 93784715 (100.0%), 27.0 MBs/sec
2022-04-03T14:28:13.8279075Z Cache Size: ~89 MB (93784715 B)
2022-04-03T14:28:14.0282811Z Received 124369277 of 124369277 (100.0%), 31.5 MBs/sec
2022-04-03T14:28:14.0291989Z Cache Size: ~119 MB (124369277 B)
2022-04-03T14:28:14.1486460Z Received 100663296 of 115841705 (86.9%), 29.4 MBs/sec
2022-04-03T14:28:14.3303978Z Received 115841705 of 115841705 (100.0%), 32.1 MBs/sec
2022-04-03T14:28:14.3308865Z Cache Size: ~110 MB (115841705 B)
2022-04-03T14:28:14.3902358Z [command]/usr/bin/tar --use-compress-program zstd -d -xf /home/runner/work/_temp/e753e827-f466-4be6-9bad-b90267d5317b/cache.tzst -P -C /home/runner/work/junit5/junit5
2022-04-03T14:28:14.4000892Z [command]/usr/bin/tar --use-compress-program zstd -d -xf /home/runner/work/_temp/02870021-007d-492a-b06e-179bc0eaae1d/cache.tzst -P -C /home/runner/work/junit5/junit5
2022-04-03T14:28:14.4323050Z Cache restored successfully
2022-04-03T14:28:14.4325556Z [command]/usr/bin/tar --use-compress-program zstd -d -xf /home/runner/work/_temp/d2557599-3087-44fa-af67-d2bb4faf145d/cache.tzst -P -C /home/runner/work/junit5/junit5
2022-04-03T14:28:14.4528549Z Cache restored successfully
2022-04-03T14:28:14.4533161Z Restored generated-gradle-jars with key generated-gradle-jars-5db2cd96b5f738d6d63f2422db6f1f14 to /home/runner/.gradle/caches/7.4.2/generated-gradle-jars/gradle-kotlin-dsl-extensions-7.4.2.jar
2022-04-03T14:28:14.4534706Z [command]/usr/bin/tar --use-compress-program zstd -d -xf /home/runner/work/_temp/45e1ebe9-1de6-4f8c-8f38-d1e978e01d5f/cache.tzst -P -C /home/runner/work/junit5/junit5
2022-04-03T14:28:14.5070498Z Received 171966464 of 246982012 (69.6%), 39.5 MBs/sec
2022-04-03T14:28:14.5072218Z Restored generated-gradle-jars with key generated-gradle-jars-a0ed3e81805875b6f5d9921e3e5f4828 to /home/runner/.gradle/caches/5.6.4/generated-gradle-jars/gradle-kotlin-dsl-extensions-5.6.4.jar
2022-04-03T14:28:14.5073713Z [command]/usr/bin/tar --use-compress-program zstd -d -xf /home/runner/work/_temp/e2de3937-41e5-44cf-a37f-c800f59f4f36/cache.tzst -P -C /home/runner/work/junit5/junit5
2022-04-03T14:28:15.2943957Z Cache restored successfully
2022-04-03T14:28:15.3015737Z Restored generated-gradle-jars with key generated-gradle-jars-327f96a56ad54f1958252ad8b0b84def to /home/runner/.gradle/caches/7.4.2/generated-gradle-jars/gradle-api-7.4.2.jar
2022-04-03T14:28:15.3033711Z [command]/usr/bin/tar --use-compress-program zstd -d -xf /home/runner/work/_temp/f0474537-6705-436c-81bd-e75cfc510ae7/cache.tzst -P -C /home/runner/work/junit5/junit5
2022-04-03T14:28:15.3138212Z [command]/usr/bin/tar --use-compress-program zstd -d -xf /home/runner/work/_temp/08d95869-3e72-40c7-bde0-ebc458f1347f/cache.tzst -P -C /home/runner/work/junit5/junit5
2022-04-03T14:28:15.3233855Z [command]/usr/bin/tar --use-compress-program zstd -d -xf /home/runner/work/_temp/076d264e-8380-43c2-a437-e6f119c174bc/cache.tzst -P -C /home/runner/work/junit5/junit5
2022-04-03T14:28:15.7062513Z Received 218103808 of 246982012 (88.3%), 38.9 MBs/sec
2022-04-03T14:28:16.0215490Z [command]/usr/bin/tar --use-compress-program zstd -d -xf /home/runner/work/_temp/026e4745-eb2b-4ef1-873f-26bbfa5b6139/cache.tzst -P -C /home/runner/work/junit5/junit5
2022-04-03T14:28:18.3896545Z Received 246982012 of 246982012 (100.0%), 29.3 MBs/sec
2022-04-03T14:28:18.3897534Z Cache Size: ~236 MB (246982012 B)
2022-04-03T14:28:18.4079776Z Cache restored successfully
2022-04-03T14:28:18.4080932Z Cache restored successfully
2022-04-03T14:28:18.4081415Z Cache restored successfully
2022-04-03T14:28:18.4081872Z Cache restored successfully
2022-04-03T14:28:18.4082306Z Cache restored successfully
2022-04-03T14:28:18.4082753Z Cache restored successfully
2022-04-03T14:28:18.4083806Z Restored kotlin-dsl with key kotlin-dsl-d238c0db3955c77cd17e7a9ea485e3cf to /home/runner/.gradle/caches/*/kotlin-dsl/*/*
2022-04-03T14:28:18.4647384Z Restored generated-gradle-jars with key generated-gradle-jars-e66a8669685c811a6ee66c33c321c493 to /home/runner/.gradle/caches/5.6.4/generated-gradle-jars/gradle-api-5.6.4.jar
2022-04-03T14:28:18.4899991Z Restored generated-gradle-jars with key generated-gradle-jars-b404669ec8d87a070dce76350cc6f0fa to /home/runner/.gradle/caches/7.4.1/generated-gradle-jars/gradle-api-7.4.1.jar
2022-04-03T14:28:18.4902155Z Restored wrapper-zips with key wrapper-zips-9942c79c17b1f8effa920a262d7ea341 to /home/runner/.gradle/wrapper/dists/gradle-7.4.2-bin/48ivgl02cpt2ed3fh9dbalvx8/gradle-7.4.2-bin.zip
2022-04-03T14:28:18.4928635Z Restored wrapper-zips with key wrapper-zips-2b8886f3b1b85f1bc774f6ebd39e31e5 to /home/runner/.gradle/wrapper/dists/gradle-7.4.1-bin/58kw26xllvsiedyf3nujyarhn/gradle-7.4.1-bin.zip
2022-04-03T14:28:18.4976729Z Restored wrapper-zips with key wrapper-zips-7ad57f1e20362aa7cc8686e9a915d965 to /home/runner/.gradle/wrapper/dists/gradle-5.6.4-bin/bxirm19lnfz6nurbatndyydux/gradle-5.6.4-bin.zip
2022-04-03T14:28:18.5150010Z [command]/usr/bin/tar --use-compress-program zstd -d -xf /home/runner/work/_temp/7f27e84a-9919-4d12-b790-a26ff56405ce/cache.tzst -P -C /home/runner/work/junit5/junit5
2022-04-03T14:28:19.8561128Z Cache restored successfully
2022-04-03T14:28:19.8755179Z Restored instrumented-jars with key instrumented-jars-8880dc04a55a30f551be3f63270f32fd to /home/runner/.gradle/caches/jars-*/*
2022-04-03T14:28:20.9725549Z Cache restored successfully
2022-04-03T14:28:21.0130050Z Restored dependencies with key dependencies-ab357e14d286fb561a339c3f4c5eced9 to /home/runner/.gradle/caches/modules-*/files-*/*/*/*/*
2022-04-03T14:28:21.0200235Z ##[endgroup]
2022-04-03T14:28:21.0222430Z [command]/home/runner/work/junit5/junit5/gradlew -Porg.gradle.java.installations.auto-download=false -Dplatform.tooling.support.tests.enabled=true -Dscan.value.GitHub job=openjdk javaToolchains -PjavaToolchainVersion=18 -Dscan.tag.JDK_18 build
2022-04-03T14:28:23.7970319Z To honour the JVM settings for this build a single-use Daemon process will be forked. See https://docs.gradle.org/7.4.2/userguide/gradle_daemon.html#sec:disabling_the_daemon.
2022-04-03T14:28:25.0957725Z Daemon will be stopped at the end of the build 
2022-04-03T14:28:30.4964033Z Type-safe project accessors is an incubating feature.
2022-04-03T14:28:34.3980187Z > Task :buildSrc:generateExternalPluginSpecBuilders FROM-CACHE
2022-04-03T14:28:34.4962703Z > Task :buildSrc:extractPrecompiledScriptPluginPlugins FROM-CACHE
2022-04-03T14:28:34.5959661Z > Task :buildSrc:compilePluginsBlocks FROM-CACHE
2022-04-03T14:28:36.8960908Z > Task :buildSrc:generatePrecompiledScriptPluginAccessors
2022-04-03T14:28:36.8962293Z > Task :buildSrc:generateScriptPluginAdapters FROM-CACHE
2022-04-03T14:28:37.6960510Z > Task :buildSrc:pluginDescriptors
2022-04-03T14:28:37.6961397Z > Task :buildSrc:processResources
2022-04-03T14:28:37.6962601Z > Task :buildSrc:processTestResources NO-SOURCE
2022-04-03T14:29:06.8957799Z > Task :buildSrc:compileKotlin
2022-04-03T14:29:10.3958943Z > Task :buildSrc:compileJava NO-SOURCE
2022-04-03T14:29:10.3960481Z > Task :buildSrc:compileGroovy NO-SOURCE
2022-04-03T14:29:10.3961013Z > Task :buildSrc:classes
2022-04-03T14:29:10.3961493Z > Task :buildSrc:inspectClassesForKotlinIC
2022-04-03T14:29:10.6957556Z > Task :buildSrc:jar
2022-04-03T14:29:10.6965836Z > Task :buildSrc:assemble
2022-04-03T14:29:10.6966986Z > Task :buildSrc:compileTestKotlin NO-SOURCE
2022-04-03T14:29:10.6967772Z > Task :buildSrc:pluginUnderTestMetadata
2022-04-03T14:29:10.6968734Z > Task :buildSrc:compileTestJava NO-SOURCE
2022-04-03T14:29:10.6977975Z > Task :buildSrc:compileTestGroovy NO-SOURCE
2022-04-03T14:29:10.6978838Z > Task :buildSrc:testClasses UP-TO-DATE
2022-04-03T14:29:10.6979599Z > Task :buildSrc:test NO-SOURCE
2022-04-03T14:29:11.0960044Z > Task :buildSrc:validatePlugins
2022-04-03T14:29:11.0960879Z > Task :buildSrc:check
2022-04-03T14:29:11.0963206Z > Task :buildSrc:build
2022-04-03T14:29:25.1992337Z 
2022-04-03T14:29:25.1993392Z > Task :javaToolchains
2022-04-03T14:29:25.1993709Z 
2022-04-03T14:29:25.1994084Z  + Options
2022-04-03T14:29:25.1994944Z      | Auto-detection:     Enabled
2022-04-03T14:29:25.1995567Z      | Auto-download:      Disabled
2022-04-03T14:29:25.1995926Z 
2022-04-03T14:29:25.1996447Z  + AdoptOpenJDK 1.8.0_292-b10
2022-04-03T14:29:25.1997408Z      | Location:           /usr/lib/jvm/adoptopenjdk-8-hotspot-amd64
2022-04-03T14:29:25.1998944Z      | Language Version:   8
2022-04-03T14:29:25.1999412Z      | Vendor:             AdoptOpenJDK
2022-04-03T14:29:25.1999882Z      | Architecture:       amd64
2022-04-03T14:29:25.2000307Z      | Is JDK:             true
2022-04-03T14:29:25.2000782Z      | Detected by:        Common Linux Locations
2022-04-03T14:29:25.2001067Z 
2022-04-03T14:29:25.2001257Z  + AdoptOpenJDK 11.0.11+9
2022-04-03T14:29:25.2001911Z      | Location:           /usr/lib/jvm/adoptopenjdk-11-hotspot-amd64
2022-04-03T14:29:25.2002420Z      | Language Version:   11
2022-04-03T14:29:25.2002876Z      | Vendor:             AdoptOpenJDK
2022-04-03T14:29:25.2003314Z      | Architecture:       amd64
2022-04-03T14:29:25.2003749Z      | Is JDK:             true
2022-04-03T14:29:25.2004255Z      | Detected by:        Common Linux Locations
2022-04-03T14:29:25.2004522Z 
2022-04-03T14:29:25.2004805Z  + Eclipse Temurin JDK 1.8.0_322-b06
2022-04-03T14:29:25.2005425Z      | Location:           /usr/lib/jvm/temurin-8-jdk-amd64
2022-04-03T14:29:25.2005899Z      | Language Version:   8
2022-04-03T14:29:25.2006355Z      | Vendor:             Eclipse Temurin
2022-04-03T14:29:25.2006793Z      | Architecture:       amd64
2022-04-03T14:29:25.2007228Z      | Is JDK:             true
2022-04-03T14:29:25.2007788Z      | Detected by:        environment variable 'JDK8'
2022-04-03T14:29:25.2008380Z 
2022-04-03T14:29:25.2008591Z  + Eclipse Temurin JDK 11.0.14.1+1
2022-04-03T14:29:25.2010384Z      | Location:           /usr/lib/jvm/temurin-11-jdk-amd64
2022-04-03T14:29:25.2010872Z      | Language Version:   11
2022-04-03T14:29:25.2011331Z      | Vendor:             Eclipse Temurin
2022-04-03T14:29:25.2011774Z      | Architecture:       amd64
2022-04-03T14:29:25.2012204Z      | Is JDK:             true
2022-04-03T14:29:25.2012657Z      | Detected by:        Common Linux Locations
2022-04-03T14:29:25.2012944Z 
2022-04-03T14:29:25.2013140Z  + Eclipse Temurin JDK 17.0.2+8
2022-04-03T14:29:25.2013729Z      | Location:           /usr/lib/jvm/temurin-17-jdk-amd64
2022-04-03T14:29:25.2014220Z      | Language Version:   17
2022-04-03T14:29:25.2014659Z      | Vendor:             Eclipse Temurin
2022-04-03T14:29:25.2015112Z      | Architecture:       amd64
2022-04-03T14:29:25.2015545Z      | Is JDK:             true
2022-04-03T14:29:25.2015968Z      | Detected by:        Current JVM
2022-04-03T14:29:25.2016234Z 
2022-04-03T14:29:25.2016481Z  + OpenJDK 18+36-2087
2022-04-03T14:29:25.2017873Z      | Location:           /opt/hostedtoolcache/Java_jdkfile_jdk/18/x64
2022-04-03T14:29:25.2018764Z      | Language Version:   18
2022-04-03T14:29:25.2019196Z      | Vendor:             Oracle
2022-04-03T14:29:25.2019639Z      | Architecture:       amd64
2022-04-03T14:29:25.2020060Z      | Is JDK:             true
2022-04-03T14:29:25.2020681Z      | Detected by:        environment variable 'JDK18'
2022-04-03T14:29:25.2020980Z 
2022-04-03T14:29:25.2020987Z 
2022-04-03T14:29:25.2021242Z > Task :assemble UP-TO-DATE
2022-04-03T14:29:30.7964074Z > Task :junit-platform-commons:compileJava
2022-04-03T14:29:30.7970093Z > Task :junit-platform-commons:processResources NO-SOURCE
2022-04-03T14:29:30.7971305Z > Task :junit-platform-commons:classes
2022-04-03T14:29:31.1958524Z > Task :junit-platform-commons:compileMainRelease9Java
2022-04-03T14:29:31.1959662Z > Task :junit-platform-commons:processMainRelease9Resources NO-SOURCE
2022-04-03T14:29:31.1960884Z > Task :junit-platform-commons:mainRelease9Classes
2022-04-03T14:29:31.1961849Z > Task :junit-platform-commons:allMainClasses
2022-04-03T14:29:31.4958221Z > Task :junit-platform-commons:compileModule
2022-04-03T14:29:32.5059259Z > Task :junit-platform-commons:jar
2022-04-03T14:29:33.0959382Z > Task :checkstyleNohttp
2022-04-03T14:29:33.0963168Z > Task :spotlessInternalRegisterDependencies
2022-04-03T14:29:33.5964037Z > Task :spotlessDocumentation
2022-04-03T14:29:33.5965442Z > Task :spotlessDocumentationCheck
2022-04-03T14:29:33.8958174Z > Task :spotlessMisc
2022-04-03T14:29:33.9958889Z > Task :spotlessMiscCheck FAILED
2022-04-03T14:29:34.0959041Z > Task :junit-platform-commons:extractJar
2022-04-03T14:29:35.4957260Z 
2022-04-03T14:29:35.4958871Z > Task :junit-jupiter-api:compileKotlin
2022-04-03T14:29:35.4959988Z w: Language version 1.3 is deprecated and its support will be removed in a future version of Kotlin
2022-04-03T14:29:35.6048688Z 
2022-04-03T14:29:35.6049367Z FAILURE: Build failed with an exception.
2022-04-03T14:29:35.6049699Z 
2022-04-03T14:29:35.6049868Z * What went wrong:
2022-04-03T14:29:35.6051775Z Execution failed for task ':spotlessMiscCheck'.
2022-04-03T14:29:35.6052350Z > The following files had format violations:
2022-04-03T14:29:35.6053138Z       buildSrc/build/kotlin-dsl/plugins-blocks/extracted/base-conventions.gradle.kts
2022-04-03T14:29:35.6053770Z           @@ -3,4 +3,4 @@
2022-04-03T14:29:35.6054164Z            \tidea
2022-04-03T14:29:35.6054758Z            \tid("java-toolchain-conventions")
2022-04-03T14:29:35.6055345Z            \tid("spotless-conventions")
2022-04-03T14:29:35.6055808Z           -}
2022-04-03T14:29:35.6056187Z           +}
2022-04-03T14:29:35.6056884Z       buildSrc/build/kotlin-dsl/plugins-blocks/extracted/dependency-update-check.gradle.kts
2022-04-03T14:29:35.6057515Z           @@ -1,5 +1,5 @@
2022-04-03T14:29:35.6058305Z           -···············································
2022-04-03T14:29:35.6058751Z           +
2022-04-03T14:29:35.6059113Z            
2022-04-03T14:29:35.6059586Z            plugins·{
2022-04-03T14:29:35.6060134Z            \tid("com.github.ben-manes.versions")
2022-04-03T14:29:35.6060618Z           -}
2022-04-03T14:29:35.6060983Z           +}
2022-04-03T14:29:35.6061653Z       buildSrc/build/kotlin-dsl/plugins-blocks/extracted/jacoco-conventions.gradle.kts
2022-04-03T14:29:35.6062252Z           @@ -1,5 +1,5 @@
2022-04-03T14:29:35.6062898Z           -·································································
2022-04-03T14:29:35.6063343Z           +
2022-04-03T14:29:35.6063716Z            
2022-04-03T14:29:35.6064160Z            plugins·{
2022-04-03T14:29:35.6064576Z            \tjacoco
2022-04-03T14:29:35.6064988Z           -}
2022-04-03T14:29:35.6065352Z           +}
2022-04-03T14:29:35.6066044Z       buildSrc/build/kotlin-dsl/plugins-blocks/extracted/java-library-conventions.gradle.kts
2022-04-03T14:29:35.6066658Z           @@ -1,5 +1,5 @@
2022-04-03T14:29:35.6067318Z           -·································································
2022-04-03T14:29:35.6067985Z           -····················································
2022-04-03T14:29:35.6068429Z           +
2022-04-03T14:29:35.6068788Z           +
2022-04-03T14:29:35.6069160Z            
2022-04-03T14:29:35.6069588Z            plugins·{
2022-04-03T14:29:35.6070074Z            \t`java-library`
2022-04-03T14:29:35.6070537Z           @@ -8,4 +8,4 @@
2022-04-03T14:29:35.6070948Z            \tcheckstyle
2022-04-03T14:29:35.6071436Z            \tid("base-conventions")
2022-04-03T14:29:35.6071968Z            \tid("jacoco-conventions")
2022-04-03T14:29:35.6072431Z           -}
2022-04-03T14:29:35.6072810Z           +}
2022-04-03T14:29:35.6073515Z       buildSrc/build/kotlin-dsl/plugins-blocks/extracted/java-multi-release-sources.gradle.kts
2022-04-03T14:29:35.6074141Z           @@ -1,3 +1,3 @@
2022-04-03T14:29:35.6074635Z            plugins·{
2022-04-03T14:29:35.6075216Z            \tid("java-library-conventions")
2022-04-03T14:29:35.6075689Z           -}
2022-04-03T14:29:35.6076060Z           +}
2022-04-03T14:29:35.6076743Z       buildSrc/build/kotlin-dsl/plugins-blocks/extracted/junit4-compatibility.gradle.kts
2022-04-03T14:29:35.6077339Z           @@ -1,3 +1,3 @@
2022-04-03T14:29:35.6077795Z            plugins·{
2022-04-03T14:29:35.6078255Z            \t`java-library`
2022-04-03T14:29:35.6078774Z       ... (2 more lines that didn't fit)
2022-04-03T14:29:35.6079221Z   Violations also present in:
2022-04-03T14:29:35.6079970Z       buildSrc/build/kotlin-dsl/plugins-blocks/extracted/kotlin-library-conventions.gradle.kts
2022-04-03T14:29:35.6081194Z       buildSrc/build/kotlin-dsl/plugins-blocks/extracted/osgi-conventions.gradle.kts
2022-04-03T14:29:35.6082177Z       buildSrc/build/kotlin-dsl/plugins-blocks/extracted/publishing-conventions.gradle.kts
2022-04-03T14:29:35.6083017Z       buildSrc/build/kotlin-dsl/plugins-blocks/extracted/shadow-conventions.gradle.kts
2022-04-03T14:29:35.6083836Z       buildSrc/build/kotlin-dsl/plugins-blocks/extracted/spotless-conventions.gradle.kts
2022-04-03T14:29:35.6084670Z       buildSrc/build/kotlin-dsl/plugins-blocks/extracted/testing-conventions.gradle.kts
2022-04-03T14:29:35.6085396Z   Run './gradlew :spotlessApply' to fix these violations.
2022-04-03T14:29:35.6085725Z 
2022-04-03T14:29:35.6085885Z * Try:
2022-04-03T14:29:35.6086424Z > Run with --stacktrace option to get the stack trace.
2022-04-03T14:29:35.6087051Z > Run with --info or --debug option to get more log output.
2022-04-03T14:29:35.6087636Z > Run with --scan to get full insights.
2022-04-03T14:29:35.6087901Z 
2022-04-03T14:29:35.6111452Z * Get more help at https://help.gradle.org
2022-04-03T14:29:35.6111969Z 
2022-04-03T14:29:35.6112177Z BUILD FAILED in 1m 14s
2022-04-03T14:29:35.6112653Z 25 actionable tasks: 21 executed, 4 from cache
2022-04-03T14:29:35.6957603Z 
2022-04-03T14:29:35.6958257Z Publishing build scan...
2022-04-03T14:29:35.8987576Z ##[warning]Gradle build 'junit5 javaToolchains build' FAILED - https://ge.junit.org/s/6bqa6r7cwhdb2
2022-04-03T14:29:36.3974539Z https://ge.junit.org/s/6bqa6r7cwhdb2
2022-04-03T14:29:36.3975029Z 
2022-04-03T14:29:36.7863230Z ##[error]Gradle build failed: https://ge.junit.org/s/6bqa6r7cwhdb2
2022-04-03T14:29:36.8093997Z Post job cleanup.
2022-04-03T14:29:36.8169562Z Post job cleanup.
2022-04-03T14:29:36.9972410Z ##[group]Caching Gradle state
2022-04-03T14:29:37.0072205Z Found project roots '/home/runner/work/junit5/junit5
2022-04-03T14:29:37.0073000Z ' in /home/runner/.gradle/project-roots.txt
2022-04-03T14:29:37.5536065Z (node:2175) [DEP0147] DeprecationWarning: In future versions of Node.js, fs.rmdir(path, { recursive: true }) will be removed. Use fs.rm(path, { recursive: true }) instead
2022-04-03T14:29:37.5537501Z (Use `node --trace-deprecation ...` to show where the warning was created)
2022-04-03T14:29:37.6152664Z Caching instrumented-jars with path '/home/runner/.gradle/caches/jars-*/*' and cache key: instrumented-jars-db7189a3b18dfa3db225e34da2342377
2022-04-03T14:29:37.7039840Z Caching kotlin-dsl with path '/home/runner/.gradle/caches/*/kotlin-dsl/*/*' and cache key: kotlin-dsl-89110fbff438b3909bd9d353a7663b27
2022-04-03T14:29:37.8505121Z [command]/usr/bin/tar --posix --use-compress-program zstd -T0 -cf cache.tzst -P -C /home/runner/work/junit5/junit5 --files-from manifest.txt
2022-04-03T14:29:38.0199690Z [command]/usr/bin/tar --posix --use-compress-program zstd -T0 -cf cache.tzst -P -C /home/runner/work/junit5/junit5 --files-from manifest.txt
2022-04-03T14:29:39.4123727Z Cache Size: ~3 MB (2918980 B)
2022-04-03T14:29:39.6269274Z Cache saved successfully
2022-04-03T14:29:43.2365003Z Cache Size: ~118 MB (124238445 B)
2022-04-03T14:29:43.4425652Z Cache saved successfully
2022-04-03T14:29:43.5768687Z Caching Gradle User Home with cache key: v6-gradle|Linux|openjdk[6b6c5643379d191be4ae5d111a2844b3]-92f8e211e05f5a762f583a6f6c7165a879fe45e7
2022-04-03T14:29:43.6618222Z [command]/usr/bin/tar --posix --use-compress-program zstd -T0 -cf cache.tzst -P -C /home/runner/work/junit5/junit5 --files-from manifest.txt
2022-04-03T14:29:46.4984664Z Cache Size: ~43 MB (44820619 B)
2022-04-03T14:29:46.5806737Z Cache saved successfully
2022-04-03T14:29:46.5903245Z ##[endgroup]
2022-04-03T14:29:46.5905611Z ---------- Caching Summary -------------
2022-04-03T14:29:46.5906177Z Restored Entries Count: 13
2022-04-03T14:29:46.5906709Z                   Size: 802 MB (841183982 B)
2022-04-03T14:29:46.5907217Z Saved Entries    Count: 3
2022-04-03T14:29:46.5907737Z                   Size: 164 MB (171978044 B)
2022-04-03T14:29:46.5908597Z ##[group]Cache Entry details
2022-04-03T14:29:46.5909116Z Entry: Gradle User Home
2022-04-03T14:29:46.5909989Z     Requested Key : v6-gradle|Linux|openjdk[6b6c5643379d191be4ae5d111a2844b3]-92f8e211e05f5a762f583a6f6c7165a879fe45e7
2022-04-03T14:29:46.5911324Z     Restored  Key : v6-gradle|Linux|openjdk[6b6c5643379d191be4ae5d111a2844b3]-ca57c1f300520b1498da335e2b03ec9b533da597
2022-04-03T14:29:46.5911979Z               Size: 43 MB (44694672 B)
2022-04-03T14:29:46.5912796Z     Saved     Key : v6-gradle|Linux|openjdk[6b6c5643379d191be4ae5d111a2844b3]-92f8e211e05f5a762f583a6f6c7165a879fe45e7
2022-04-03T14:29:46.5913441Z               Size: 43 MB (44820619 B)
2022-04-03T14:29:46.5914219Z Entry: /home/runner/.gradle/caches/5.6.4/generated-gradle-jars/gradle-api-5.6.4.jar
2022-04-03T14:29:46.5915129Z     Requested Key : generated-gradle-jars-e66a8669685c811a6ee66c33c321c493
2022-04-03T14:29:46.5917094Z     Restored  Key : generated-gradle-jars-e66a8669685c811a6ee66c33c321c493
2022-04-03T14:29:46.5917731Z               Size: 29 MB (30542954 B)
2022-04-03T14:29:46.5918242Z     Saved     Key : 
2022-04-03T14:29:46.5918702Z               Size: 
2022-04-03T14:29:46.5919556Z Entry: /home/runner/.gradle/caches/5.6.4/generated-gradle-jars/gradle-kotlin-dsl-extensions-5.6.4.jar
2022-04-03T14:29:46.5920507Z     Requested Key : generated-gradle-jars-a0ed3e81805875b6f5d9921e3e5f4828
2022-04-03T14:29:46.5921399Z     Restored  Key : generated-gradle-jars-a0ed3e81805875b6f5d9921e3e5f4828
2022-04-03T14:29:46.5922451Z               Size: 0 MB (120318 B)
2022-04-03T14:29:46.5923620Z     Saved     Key : 
2022-04-03T14:29:46.5924233Z               Size: 
2022-04-03T14:29:46.5926365Z Entry: /home/runner/.gradle/caches/7.4.1/generated-gradle-jars/gradle-api-7.4.1.jar
2022-04-03T14:29:46.5927196Z     Requested Key : generated-gradle-jars-b404669ec8d87a070dce76350cc6f0fa
2022-04-03T14:29:46.5928014Z     Restored  Key : generated-gradle-jars-b404669ec8d87a070dce76350cc6f0fa
2022-04-03T14:29:46.5928823Z               Size: 32 MB (33166520 B)
2022-04-03T14:29:46.5929251Z     Saved     Key : 
2022-04-03T14:29:46.5929633Z               Size: 
2022-04-03T14:29:46.5931068Z Entry: /home/runner/.gradle/caches/7.4.1/generated-gradle-jars/gradle-kotlin-dsl-extensions-7.4.1.jar
2022-04-03T14:29:46.5931999Z     Requested Key : generated-gradle-jars-7ffa0d7b0df449bea32367757ebb7dc7
2022-04-03T14:29:46.5932829Z     Restored  Key : generated-gradle-jars-7ffa0d7b0df449bea32367757ebb7dc7
2022-04-03T14:29:46.5933394Z               Size: 0 MB (122242 B)
2022-04-03T14:29:46.5933802Z     Saved     Key : 
2022-04-03T14:29:46.5934200Z               Size: 
2022-04-03T14:29:46.5934854Z Entry: /home/runner/.gradle/caches/7.4.2/generated-gradle-jars/gradle-api-7.4.2.jar
2022-04-03T14:29:46.5935669Z     Requested Key : generated-gradle-jars-327f96a56ad54f1958252ad8b0b84def
2022-04-03T14:29:46.5936457Z     Restored  Key : generated-gradle-jars-327f96a56ad54f1958252ad8b0b84def
2022-04-03T14:29:46.5937025Z               Size: 32 MB (33170910 B)
2022-04-03T14:29:46.5937434Z     Saved     Key : 
2022-04-03T14:29:46.5937831Z               Size: 
2022-04-03T14:29:46.5938558Z Entry: /home/runner/.gradle/caches/7.4.2/generated-gradle-jars/gradle-kotlin-dsl-extensions-7.4.2.jar
2022-04-03T14:29:46.5939436Z     Requested Key : generated-gradle-jars-5db2cd96b5f738d6d63f2422db6f1f14
2022-04-03T14:29:46.5941596Z     Restored  Key : generated-gradle-jars-5db2cd96b5f738d6d63f2422db6f1f14
2022-04-03T14:29:46.5943487Z               Size: 0 MB (122242 B)
2022-04-03T14:29:46.5943914Z     Saved     Key : 
2022-04-03T14:29:46.5944298Z               Size: 
2022-04-03T14:29:46.5945140Z Entry: /home/runner/.gradle/wrapper/dists/gradle-5.6.4-bin/bxirm19lnfz6nurbatndyydux/gradle-5.6.4-bin.zip
2022-04-03T14:29:46.5945944Z     Requested Key : wrapper-zips-7ad57f1e20362aa7cc8686e9a915d965
2022-04-03T14:29:46.5946668Z     Restored  Key : wrapper-zips-7ad57f1e20362aa7cc8686e9a915d965
2022-04-03T14:29:46.5947227Z               Size: 89 MB (93784715 B)
2022-04-03T14:29:46.5947650Z     Saved     Key : 
2022-04-03T14:29:46.5948063Z               Size: 
2022-04-03T14:29:46.5948802Z Entry: /home/runner/.gradle/wrapper/dists/gradle-7.4.1-bin/58kw26xllvsiedyf3nujyarhn/gradle-7.4.1-bin.zip
2022-04-03T14:29:46.5949852Z     Requested Key : wrapper-zips-2b8886f3b1b85f1bc774f6ebd39e31e5
2022-04-03T14:29:46.5950565Z     Restored  Key : wrapper-zips-2b8886f3b1b85f1bc774f6ebd39e31e5
2022-04-03T14:29:46.5951088Z               Size: 110 MB (115841705 B)
2022-04-03T14:29:46.5951500Z     Saved     Key : 
2022-04-03T14:29:46.5951897Z               Size: 
2022-04-03T14:29:46.5952612Z Entry: /home/runner/.gradle/wrapper/dists/gradle-7.4.2-bin/48ivgl02cpt2ed3fh9dbalvx8/gradle-7.4.2-bin.zip
2022-04-03T14:29:46.5953409Z     Requested Key : wrapper-zips-9942c79c17b1f8effa920a262d7ea341
2022-04-03T14:29:46.5954108Z     Restored  Key : wrapper-zips-9942c79c17b1f8effa920a262d7ea341
2022-04-03T14:29:46.5954621Z               Size: 110 MB (115836851 B)
2022-04-03T14:29:46.5955028Z     Saved     Key : 
2022-04-03T14:29:46.5955421Z               Size: 
2022-04-03T14:29:46.5955996Z Entry: /home/runner/.gradle/caches/modules-*/files-*/*/*/*/*
2022-04-03T14:29:46.5956678Z     Requested Key : dependencies-ab357e14d286fb561a339c3f4c5eced9
2022-04-03T14:29:46.5957405Z     Restored  Key : dependencies-ab357e14d286fb561a339c3f4c5eced9
2022-04-03T14:29:46.5957912Z               Size: 236 MB (246982012 B)
2022-04-03T14:29:46.5958334Z     Saved     Key : 
2022-04-03T14:29:46.5958715Z               Size: 
2022-04-03T14:29:46.5959228Z Entry: /home/runner/.gradle/caches/jars-*/*
2022-04-03T14:29:46.5959914Z     Requested Key : instrumented-jars-8880dc04a55a30f551be3f63270f32fd
2022-04-03T14:29:46.5961650Z     Restored  Key : instrumented-jars-8880dc04a55a30f551be3f63270f32fd
2022-04-03T14:29:46.5962310Z               Size: 119 MB (124369277 B)
2022-04-03T14:29:46.5963035Z     Saved     Key : instrumented-jars-db7189a3b18dfa3db225e34da2342377
2022-04-03T14:29:46.5963586Z               Size: 118 MB (124238445 B)
2022-04-03T14:29:46.5964155Z Entry: /home/runner/.gradle/caches/*/kotlin-dsl/*/*
2022-04-03T14:29:46.5965264Z     Requested Key : kotlin-dsl-d238c0db3955c77cd17e7a9ea485e3cf
2022-04-03T14:29:46.5966631Z     Restored  Key : kotlin-dsl-d238c0db3955c77cd17e7a9ea485e3cf
2022-04-03T14:29:46.5967160Z               Size: 2 MB (2429564 B)
2022-04-03T14:29:46.5967783Z     Saved     Key : kotlin-dsl-89110fbff438b3909bd9d353a7663b27
2022-04-03T14:29:46.5968572Z               Size: 3 MB (2918980 B)
2022-04-03T14:29:46.5969397Z ##[endgroup]
2022-04-03T14:29:46.6081622Z Post job cleanup.
2022-04-03T14:29:46.7974767Z Post job cleanup.
2022-04-03T14:29:46.8021264Z Post job cleanup.
2022-04-03T14:29:46.9807214Z Post job cleanup.
2022-04-03T14:29:46.9853339Z Post job cleanup.
2022-04-03T14:29:47.1688477Z Post job cleanup.
2022-04-03T14:29:47.3163216Z [command]/usr/bin/git version
2022-04-03T14:29:47.3223692Z git version 2.35.1
2022-04-03T14:29:47.3271897Z [command]/usr/bin/git config --local --name-only --get-regexp core\.sshCommand
2022-04-03T14:29:47.3318112Z [command]/usr/bin/git submodule foreach --recursive git config --local --name-only --get-regexp 'core\.sshCommand' && git config --local --unset-all 'core.sshCommand' || :
2022-04-03T14:29:47.3616603Z [command]/usr/bin/git config --local --name-only --get-regexp http\.https\:\/\/github\.com\/\.extraheader
2022-04-03T14:29:47.3659306Z http.https://github.com/.extraheader
2022-04-03T14:29:47.3674176Z [command]/usr/bin/git config --local --unset-all http.https://github.com/.extraheader
2022-04-03T14:29:47.3785080Z [command]/usr/bin/git submodule foreach --recursive git config --local --name-only --get-regexp 'http\.https\:\/\/github\.com\/\.extraheader' && git config --local --unset-all 'http.https://github.com/.extraheader' || :
2022-04-03T14:29:47.4391174Z Cleaning up orphan processes