2022-05-07T21:34:59.7245816Z Requested labels: ubuntu-latest
2022-05-07T21:34:59.7245901Z Job defined at: nokeedev/gradle-native/.github/workflows/main.yml@refs/heads/master
2022-05-07T21:34:59.7245923Z Waiting for a runner to pick up this job...
2022-05-07T21:35:01.2553069Z Job is waiting for a hosted runner to come online.
2022-05-07T21:35:03.4708917Z Job is about to start running on the hosted runner: GitHub Actions 8 (hosted)
2022-05-07T21:35:07.2452880Z Current runner version: '2.291.1'
2022-05-07T21:35:07.2482589Z ##[group]Operating System
2022-05-07T21:35:07.2483190Z Ubuntu
2022-05-07T21:35:07.2483595Z 20.04.4
2022-05-07T21:35:07.2483941Z LTS
2022-05-07T21:35:07.2484272Z ##[endgroup]
2022-05-07T21:35:07.2484643Z ##[group]Virtual Environment
2022-05-07T21:35:07.2485086Z Environment: ubuntu-20.04
2022-05-07T21:35:07.2485471Z Version: 20220503.1
2022-05-07T21:35:07.2486044Z Included Software: https://github.com/actions/virtual-environments/blob/ubuntu20/20220503.1/images/linux/Ubuntu2004-Readme.md
2022-05-07T21:35:07.2486722Z Image Release: https://github.com/actions/virtual-environments/releases/tag/ubuntu20%2F20220503.1
2022-05-07T21:35:07.2487260Z ##[endgroup]
2022-05-07T21:35:07.2487666Z ##[group]Virtual Environment Provisioner
2022-05-07T21:35:07.2488067Z 1.0.0.0-main-20220421-1
2022-05-07T21:35:07.2488415Z ##[endgroup]
2022-05-07T21:35:07.2489500Z ##[group]GITHUB_TOKEN Permissions
2022-05-07T21:35:07.2490137Z Actions: write
2022-05-07T21:35:07.2490660Z Checks: write
2022-05-07T21:35:07.2491090Z Contents: write
2022-05-07T21:35:07.2491476Z Deployments: write
2022-05-07T21:35:07.2491835Z Discussions: write
2022-05-07T21:35:07.2492178Z Issues: write
2022-05-07T21:35:07.2492554Z Metadata: read
2022-05-07T21:35:07.2492851Z Packages: write
2022-05-07T21:35:07.2493191Z Pages: write
2022-05-07T21:35:07.2493540Z PullRequests: write
2022-05-07T21:35:07.2493968Z RepositoryProjects: write
2022-05-07T21:35:07.2494370Z SecurityEvents: write
2022-05-07T21:35:07.2494733Z Statuses: write
2022-05-07T21:35:07.2495083Z ##[endgroup]
2022-05-07T21:35:07.2499376Z Secret source: Actions
2022-05-07T21:35:07.2499933Z Prepare workflow directory
2022-05-07T21:35:07.3364427Z Prepare all required actions
2022-05-07T21:35:07.3557102Z Getting action download info
2022-05-07T21:35:07.5501590Z Download action repository 'actions/checkout@v2' (SHA:7884fcad6b5d53d10323aee724dc68d8b9096a2e)
2022-05-07T21:35:08.1511090Z ##[group]Run actions/checkout@v2
2022-05-07T21:35:08.1511499Z with:
2022-05-07T21:35:08.1511798Z   submodules: true
2022-05-07T21:35:08.1512134Z   repository: nokeedev/gradle-native
2022-05-07T21:35:08.1512761Z   token: ***
2022-05-07T21:35:08.1513036Z   ssh-strict: true
2022-05-07T21:35:08.1513356Z   persist-credentials: true
2022-05-07T21:35:08.1513671Z   clean: true
2022-05-07T21:35:08.1513947Z   fetch-depth: 1
2022-05-07T21:35:08.1514219Z   lfs: false
2022-05-07T21:35:08.1514511Z   set-safe-directory: true
2022-05-07T21:35:08.1514816Z ##[endgroup]
2022-05-07T21:35:08.4005118Z Syncing repository: nokeedev/gradle-native
2022-05-07T21:35:08.4008235Z ##[group]Getting Git version info
2022-05-07T21:35:08.4008981Z Working directory is '/home/runner/work/gradle-native/gradle-native'
2022-05-07T21:35:08.4009701Z [command]/usr/bin/git version
2022-05-07T21:35:08.4112333Z git version 2.36.0
2022-05-07T21:35:08.4119563Z ##[endgroup]
2022-05-07T21:35:08.4141937Z Temporarily overriding HOME='/home/runner/work/_temp/3a8294d1-b35a-4414-a485-b3aaeeba2c81' before making global git config changes
2022-05-07T21:35:08.4142628Z Adding repository directory to the temporary git global config as a safe directory
2022-05-07T21:35:08.4143352Z [command]/usr/bin/git config --global --add safe.directory /home/runner/work/gradle-native/gradle-native
2022-05-07T21:35:08.4201346Z Deleting the contents of '/home/runner/work/gradle-native/gradle-native'
2022-05-07T21:35:08.4203733Z ##[group]Initializing the repository
2022-05-07T21:35:08.4204304Z [command]/usr/bin/git init /home/runner/work/gradle-native/gradle-native
2022-05-07T21:35:08.4280729Z hint: Using 'master' as the name for the initial branch. This default branch name
2022-05-07T21:35:08.4282878Z hint: is subject to change. To configure the initial branch name to use in all
2022-05-07T21:35:08.4283528Z hint: of your new repositories, which will suppress this warning, call:
2022-05-07T21:35:08.4283988Z hint: 
2022-05-07T21:35:08.4284863Z hint: 	git config --global init.defaultBranch <name>
2022-05-07T21:35:08.4285320Z hint: 
2022-05-07T21:35:08.4286140Z hint: Names commonly chosen instead of 'master' are 'main', 'trunk' and
2022-05-07T21:35:08.4287072Z hint: 'development'. The just-created branch can be renamed via this command:
2022-05-07T21:35:08.4287561Z hint: 
2022-05-07T21:35:08.4288265Z hint: 	git branch -m <name>
2022-05-07T21:35:08.4298380Z Initialized empty Git repository in /home/runner/work/gradle-native/gradle-native/.git/
2022-05-07T21:35:08.4309176Z [command]/usr/bin/git remote add origin https://github.com/nokeedev/gradle-native
2022-05-07T21:35:08.4352956Z ##[endgroup]
2022-05-07T21:35:08.4353918Z ##[group]Disabling automatic garbage collection
2022-05-07T21:35:08.4357229Z [command]/usr/bin/git config --local gc.auto 0
2022-05-07T21:35:08.4390858Z ##[endgroup]
2022-05-07T21:35:08.4391982Z ##[group]Setting up auth
2022-05-07T21:35:08.4399021Z [command]/usr/bin/git config --local --name-only --get-regexp core\.sshCommand
2022-05-07T21:35:08.4436141Z [command]/usr/bin/git submodule foreach --recursive git config --local --name-only --get-regexp 'core\.sshCommand' && git config --local --unset-all 'core.sshCommand' || :
2022-05-07T21:35:08.4772565Z [command]/usr/bin/git config --local --name-only --get-regexp http\.https\:\/\/github\.com\/\.extraheader
2022-05-07T21:35:08.4809796Z [command]/usr/bin/git submodule foreach --recursive git config --local --name-only --get-regexp 'http\.https\:\/\/github\.com\/\.extraheader' && git config --local --unset-all 'http.https://github.com/.extraheader' || :
2022-05-07T21:35:08.5033636Z [command]/usr/bin/git config --local http.https://github.com/.extraheader AUTHORIZATION: basic ***
2022-05-07T21:35:08.5087584Z ##[endgroup]
2022-05-07T21:35:08.5088204Z ##[group]Fetching the repository
2022-05-07T21:35:08.5095997Z [command]/usr/bin/git -c protocol.version=2 fetch --no-tags --prune --progress --no-recurse-submodules --depth=1 origin +ab7da674eb6cfffd28b9b5f6bc597055f8d4c0e0:refs/remotes/origin/master
2022-05-07T21:35:08.7287743Z remote: Enumerating objects: 4898, done.        
2022-05-07T21:35:08.7288851Z remote: Counting objects:   0% (1/4898)        
2022-05-07T21:35:08.7291336Z remote: Counting objects:   1% (49/4898)        
2022-05-07T21:35:08.7298049Z remote: Counting objects:   2% (98/4898)        
2022-05-07T21:35:08.7299164Z remote: Counting objects:   3% (147/4898)        
2022-05-07T21:35:08.7299894Z remote: Counting objects:   4% (196/4898)        
2022-05-07T21:35:08.7300828Z remote: Counting objects:   5% (245/4898)        
2022-05-07T21:35:08.7301522Z remote: Counting objects:   6% (294/4898)        
2022-05-07T21:35:08.7302455Z remote: Counting objects:   7% (343/4898)        
2022-05-07T21:35:08.7303172Z remote: Counting objects:   8% (392/4898)        
2022-05-07T21:35:08.7304096Z remote: Counting objects:   9% (441/4898)        
2022-05-07T21:35:08.7304805Z remote: Counting objects:  10% (490/4898)        
2022-05-07T21:35:08.7305762Z remote: Counting objects:  11% (539/4898)        
2022-05-07T21:35:08.7306470Z remote: Counting objects:  12% (588/4898)        
2022-05-07T21:35:08.7309153Z remote: Counting objects:  13% (637/4898)        
2022-05-07T21:35:08.7309994Z remote: Counting objects:  14% (686/4898)        
2022-05-07T21:35:08.7310916Z remote: Counting objects:  15% (735/4898)        
2022-05-07T21:35:08.7311581Z remote: Counting objects:  16% (784/4898)        
2022-05-07T21:35:08.7341945Z remote: Counting objects:  17% (833/4898)        
2022-05-07T21:35:08.7343907Z remote: Counting objects:  18% (882/4898)        
2022-05-07T21:35:08.7345868Z remote: Counting objects:  19% (931/4898)        
2022-05-07T21:35:08.7347417Z remote: Counting objects:  20% (980/4898)        
2022-05-07T21:35:08.7349316Z remote: Counting objects:  21% (1029/4898)        
2022-05-07T21:35:08.7350826Z remote: Counting objects:  22% (1078/4898)        
2022-05-07T21:35:08.7352618Z remote: Counting objects:  23% (1127/4898)        
2022-05-07T21:35:08.7354119Z remote: Counting objects:  24% (1176/4898)        
2022-05-07T21:35:08.7355968Z remote: Counting objects:  25% (1225/4898)        
2022-05-07T21:35:08.7357513Z remote: Counting objects:  26% (1274/4898)        
2022-05-07T21:35:08.7359841Z remote: Counting objects:  27% (1323/4898)        
2022-05-07T21:35:08.7362477Z remote: Counting objects:  28% (1372/4898)        
2022-05-07T21:35:08.7364980Z remote: Counting objects:  29% (1421/4898)        
2022-05-07T21:35:08.7366542Z remote: Counting objects:  30% (1470/4898)        
2022-05-07T21:35:08.7368381Z remote: Counting objects:  31% (1519/4898)        
2022-05-07T21:35:08.7371116Z remote: Counting objects:  32% (1568/4898)        
2022-05-07T21:35:08.7373470Z remote: Counting objects:  33% (1617/4898)        
2022-05-07T21:35:08.7375445Z remote: Counting objects:  34% (1666/4898)        
2022-05-07T21:35:08.7377400Z remote: Counting objects:  35% (1715/4898)        
2022-05-07T21:35:08.7379287Z remote: Counting objects:  36% (1764/4898)        
2022-05-07T21:35:08.7384832Z remote: Counting objects:  37% (1813/4898)        
2022-05-07T21:35:08.7385204Z remote: Counting objects:  38% (1862/4898)        
2022-05-07T21:35:08.7385558Z remote: Counting objects:  39% (1911/4898)        
2022-05-07T21:35:08.7385896Z remote: Counting objects:  40% (1960/4898)        
2022-05-07T21:35:08.7386231Z remote: Counting objects:  41% (2009/4898)        
2022-05-07T21:35:08.7386558Z remote: Counting objects:  42% (2058/4898)        
2022-05-07T21:35:08.7386887Z remote: Counting objects:  43% (2107/4898)        
2022-05-07T21:35:08.7387212Z remote: Counting objects:  44% (2156/4898)        
2022-05-07T21:35:08.7387538Z remote: Counting objects:  45% (2205/4898)        
2022-05-07T21:35:08.7387850Z remote: Counting objects:  46% (2254/4898)        
2022-05-07T21:35:08.7388177Z remote: Counting objects:  47% (2303/4898)        
2022-05-07T21:35:08.7388513Z remote: Counting objects:  48% (2352/4898)        
2022-05-07T21:35:08.7388850Z remote: Counting objects:  49% (2401/4898)        
2022-05-07T21:35:08.7389438Z remote: Counting objects:  50% (2449/4898)        
2022-05-07T21:35:08.7389782Z remote: Counting objects:  51% (2498/4898)        
2022-05-07T21:35:08.7390115Z remote: Counting objects:  52% (2547/4898)        
2022-05-07T21:35:08.7390445Z remote: Counting objects:  53% (2596/4898)        
2022-05-07T21:35:08.7390774Z remote: Counting objects:  54% (2645/4898)        
2022-05-07T21:35:08.7391101Z remote: Counting objects:  55% (2694/4898)        
2022-05-07T21:35:08.7391426Z remote: Counting objects:  56% (2743/4898)        
2022-05-07T21:35:08.7391754Z remote: Counting objects:  57% (2792/4898)        
2022-05-07T21:35:08.7392073Z remote: Counting objects:  58% (2841/4898)        
2022-05-07T21:35:08.7392400Z remote: Counting objects:  59% (2890/4898)        
2022-05-07T21:35:08.7392731Z remote: Counting objects:  60% (2939/4898)        
2022-05-07T21:35:08.7393061Z remote: Counting objects:  61% (2988/4898)        
2022-05-07T21:35:08.7393390Z remote: Counting objects:  62% (3037/4898)        
2022-05-07T21:35:08.7394033Z remote: Counting objects:  63% (3086/4898)        
2022-05-07T21:35:08.7394354Z remote: Counting objects:  64% (3135/4898)        
2022-05-07T21:35:08.7394675Z remote: Counting objects:  65% (3184/4898)        
2022-05-07T21:35:08.7394990Z remote: Counting objects:  66% (3233/4898)        
2022-05-07T21:35:08.7395351Z remote: Counting objects:  67% (3282/4898)        
2022-05-07T21:35:08.7395701Z remote: Counting objects:  68% (3331/4898)        
2022-05-07T21:35:08.7396025Z remote: Counting objects:  69% (3380/4898)        
2022-05-07T21:35:08.7396342Z remote: Counting objects:  70% (3429/4898)        
2022-05-07T21:35:08.7396660Z remote: Counting objects:  71% (3478/4898)        
2022-05-07T21:35:08.7396975Z remote: Counting objects:  72% (3527/4898)        
2022-05-07T21:35:08.7397276Z remote: Counting objects:  73% (3576/4898)        
2022-05-07T21:35:08.7397590Z remote: Counting objects:  74% (3625/4898)        
2022-05-07T21:35:08.7397909Z remote: Counting objects:  75% (3674/4898)        
2022-05-07T21:35:08.7398240Z remote: Counting objects:  76% (3723/4898)        
2022-05-07T21:35:08.7398554Z remote: Counting objects:  77% (3772/4898)        
2022-05-07T21:35:08.7398992Z remote: Counting objects:  78% (3821/4898)        
2022-05-07T21:35:08.7399303Z remote: Counting objects:  79% (3870/4898)        
2022-05-07T21:35:08.7399616Z remote: Counting objects:  80% (3919/4898)        
2022-05-07T21:35:08.7399924Z remote: Counting objects:  81% (3968/4898)        
2022-05-07T21:35:08.7400238Z remote: Counting objects:  82% (4017/4898)        
2022-05-07T21:35:08.7400547Z remote: Counting objects:  83% (4066/4898)        
2022-05-07T21:35:08.7401015Z remote: Counting objects:  84% (4115/4898)        
2022-05-07T21:35:08.7401314Z remote: Counting objects:  85% (4164/4898)        
2022-05-07T21:35:08.7401628Z remote: Counting objects:  86% (4213/4898)        
2022-05-07T21:35:08.7401941Z remote: Counting objects:  87% (4262/4898)        
2022-05-07T21:35:08.7402253Z remote: Counting objects:  88% (4311/4898)        
2022-05-07T21:35:08.7402575Z remote: Counting objects:  89% (4360/4898)        
2022-05-07T21:35:08.7402889Z remote: Counting objects:  90% (4409/4898)        
2022-05-07T21:35:08.7403206Z remote: Counting objects:  91% (4458/4898)        
2022-05-07T21:35:08.7403515Z remote: Counting objects:  92% (4507/4898)        
2022-05-07T21:35:08.7403823Z remote: Counting objects:  93% (4556/4898)        
2022-05-07T21:35:08.7404135Z remote: Counting objects:  94% (4605/4898)        
2022-05-07T21:35:08.7404444Z remote: Counting objects:  95% (4654/4898)        
2022-05-07T21:35:08.7404752Z remote: Counting objects:  96% (4703/4898)        
2022-05-07T21:35:08.7405047Z remote: Counting objects:  97% (4752/4898)        
2022-05-07T21:35:08.7405358Z remote: Counting objects:  98% (4801/4898)        
2022-05-07T21:35:08.7405672Z remote: Counting objects:  99% (4850/4898)        
2022-05-07T21:35:08.7405985Z remote: Counting objects: 100% (4898/4898)        
2022-05-07T21:35:08.7406404Z remote: Counting objects: 100% (4898/4898), done.        
2022-05-07T21:35:08.7406767Z remote: Compressing objects:   0% (1/2788)        
2022-05-07T21:35:08.7426451Z remote: Compressing objects:   1% (28/2788)        
2022-05-07T21:35:08.7494927Z remote: Compressing objects:   2% (56/2788)        
2022-05-07T21:35:08.7628200Z remote: Compressing objects:   3% (84/2788)        
2022-05-07T21:35:08.7660568Z remote: Compressing objects:   4% (112/2788)        
2022-05-07T21:35:08.7709121Z remote: Compressing objects:   5% (140/2788)        
2022-05-07T21:35:08.7734030Z remote: Compressing objects:   6% (168/2788)        
2022-05-07T21:35:08.7790091Z remote: Compressing objects:   7% (196/2788)        
2022-05-07T21:35:08.7794409Z remote: Compressing objects:   8% (224/2788)        
2022-05-07T21:35:08.7796548Z remote: Compressing objects:   9% (251/2788)        
2022-05-07T21:35:08.7823691Z remote: Compressing objects:  10% (279/2788)        
2022-05-07T21:35:08.7830491Z remote: Compressing objects:  11% (307/2788)        
2022-05-07T21:35:08.7830974Z remote: Compressing objects:  12% (335/2788)        
2022-05-07T21:35:08.7849194Z remote: Compressing objects:  13% (363/2788)        
2022-05-07T21:35:08.7860835Z remote: Compressing objects:  14% (391/2788)        
2022-05-07T21:35:08.7861201Z remote: Compressing objects:  15% (419/2788)        
2022-05-07T21:35:08.7888277Z remote: Compressing objects:  16% (447/2788)        
2022-05-07T21:35:08.7896790Z remote: Compressing objects:  17% (474/2788)        
2022-05-07T21:35:08.7904797Z remote: Compressing objects:  18% (502/2788)        
2022-05-07T21:35:08.7962865Z remote: Compressing objects:  19% (530/2788)        
2022-05-07T21:35:08.8023671Z remote: Compressing objects:  20% (558/2788)        
2022-05-07T21:35:08.8054321Z remote: Compressing objects:  21% (586/2788)        
2022-05-07T21:35:08.8106882Z remote: Compressing objects:  22% (614/2788)        
2022-05-07T21:35:08.8154135Z remote: Compressing objects:  23% (642/2788)        
2022-05-07T21:35:08.8170038Z remote: Compressing objects:  24% (670/2788)        
2022-05-07T21:35:08.8217609Z remote: Compressing objects:  25% (697/2788)        
2022-05-07T21:35:08.8270686Z remote: Compressing objects:  26% (725/2788)        
2022-05-07T21:35:08.8358143Z remote: Compressing objects:  27% (753/2788)        
2022-05-07T21:35:08.8362035Z remote: Compressing objects:  28% (781/2788)        
2022-05-07T21:35:08.8417666Z remote: Compressing objects:  29% (809/2788)        
2022-05-07T21:35:08.8506610Z remote: Compressing objects:  30% (837/2788)        
2022-05-07T21:35:08.8628536Z remote: Compressing objects:  31% (865/2788)        
2022-05-07T21:35:08.8673743Z remote: Compressing objects:  32% (893/2788)        
2022-05-07T21:35:08.8707373Z remote: Compressing objects:  33% (921/2788)        
2022-05-07T21:35:08.8770721Z remote: Compressing objects:  34% (948/2788)        
2022-05-07T21:35:08.8810342Z remote: Compressing objects:  35% (976/2788)        
2022-05-07T21:35:08.8861154Z remote: Compressing objects:  36% (1004/2788)        
2022-05-07T21:35:08.8904822Z remote: Compressing objects:  37% (1032/2788)        
2022-05-07T21:35:08.8935491Z remote: Compressing objects:  38% (1060/2788)        
2022-05-07T21:35:08.8978853Z remote: Compressing objects:  39% (1088/2788)        
2022-05-07T21:35:08.9019131Z remote: Compressing objects:  40% (1116/2788)        
2022-05-07T21:35:08.9064043Z remote: Compressing objects:  41% (1144/2788)        
2022-05-07T21:35:08.9108459Z remote: Compressing objects:  42% (1171/2788)        
2022-05-07T21:35:08.9161519Z remote: Compressing objects:  43% (1199/2788)        
2022-05-07T21:35:08.9218189Z remote: Compressing objects:  44% (1227/2788)        
2022-05-07T21:35:08.9257968Z remote: Compressing objects:  45% (1255/2788)        
2022-05-07T21:35:08.9316173Z remote: Compressing objects:  46% (1283/2788)        
2022-05-07T21:35:08.9345963Z remote: Compressing objects:  47% (1311/2788)        
2022-05-07T21:35:08.9377408Z remote: Compressing objects:  48% (1339/2788)        
2022-05-07T21:35:08.9413933Z remote: Compressing objects:  49% (1367/2788)        
2022-05-07T21:35:08.9469391Z remote: Compressing objects:  50% (1394/2788)        
2022-05-07T21:35:08.9523646Z remote: Compressing objects:  51% (1422/2788)        
2022-05-07T21:35:08.9576663Z remote: Compressing objects:  52% (1450/2788)        
2022-05-07T21:35:08.9624260Z remote: Compressing objects:  53% (1478/2788)        
2022-05-07T21:35:08.9654270Z remote: Compressing objects:  54% (1506/2788)        
2022-05-07T21:35:08.9698284Z remote: Compressing objects:  55% (1534/2788)        
2022-05-07T21:35:08.9738691Z remote: Compressing objects:  56% (1562/2788)        
2022-05-07T21:35:08.9765886Z remote: Compressing objects:  57% (1590/2788)        
2022-05-07T21:35:08.9794221Z remote: Compressing objects:  58% (1618/2788)        
2022-05-07T21:35:08.9826797Z remote: Compressing objects:  59% (1645/2788)        
2022-05-07T21:35:08.9859496Z remote: Compressing objects:  60% (1673/2788)        
2022-05-07T21:35:08.9926084Z remote: Compressing objects:  61% (1701/2788)        
2022-05-07T21:35:08.9986069Z remote: Compressing objects:  62% (1729/2788)        
2022-05-07T21:35:09.0033642Z remote: Compressing objects:  63% (1757/2788)        
2022-05-07T21:35:09.0070959Z remote: Compressing objects:  64% (1785/2788)        
2022-05-07T21:35:09.0104168Z remote: Compressing objects:  65% (1813/2788)        
2022-05-07T21:35:09.0133880Z remote: Compressing objects:  66% (1841/2788)        
2022-05-07T21:35:09.0168828Z remote: Compressing objects:  67% (1868/2788)        
2022-05-07T21:35:09.0210496Z remote: Compressing objects:  68% (1896/2788)        
2022-05-07T21:35:09.0272629Z remote: Compressing objects:  69% (1924/2788)        
2022-05-07T21:35:09.0294861Z remote: Compressing objects:  70% (1952/2788)        
2022-05-07T21:35:09.0328188Z remote: Compressing objects:  71% (1980/2788)        
2022-05-07T21:35:09.0357341Z remote: Compressing objects:  72% (2008/2788)        
2022-05-07T21:35:09.0395385Z remote: Compressing objects:  73% (2036/2788)        
2022-05-07T21:35:09.0413767Z remote: Compressing objects:  74% (2064/2788)        
2022-05-07T21:35:09.0415254Z remote: Compressing objects:  75% (2091/2788)        
2022-05-07T21:35:09.0416480Z remote: Compressing objects:  76% (2119/2788)        
2022-05-07T21:35:09.0420590Z remote: Compressing objects:  77% (2147/2788)        
2022-05-07T21:35:09.0422181Z remote: Compressing objects:  78% (2175/2788)        
2022-05-07T21:35:09.0428872Z remote: Compressing objects:  79% (2203/2788)        
2022-05-07T21:35:09.0429499Z remote: Compressing objects:  80% (2231/2788)        
2022-05-07T21:35:09.0431759Z remote: Compressing objects:  81% (2259/2788)        
2022-05-07T21:35:09.0432367Z remote: Compressing objects:  82% (2287/2788)        
2022-05-07T21:35:09.0435038Z remote: Compressing objects:  83% (2315/2788)        
2022-05-07T21:35:09.0437368Z remote: Compressing objects:  84% (2342/2788)        
2022-05-07T21:35:09.0437890Z remote: Compressing objects:  85% (2370/2788)        
2022-05-07T21:35:09.0444410Z remote: Compressing objects:  86% (2398/2788)        
2022-05-07T21:35:09.0444964Z remote: Compressing objects:  87% (2426/2788)        
2022-05-07T21:35:09.0445448Z remote: Compressing objects:  88% (2454/2788)        
2022-05-07T21:35:09.0445914Z remote: Compressing objects:  89% (2482/2788)        
2022-05-07T21:35:09.0446383Z remote: Compressing objects:  90% (2510/2788)        
2022-05-07T21:35:09.0452102Z remote: Compressing objects:  91% (2538/2788)        
2022-05-07T21:35:09.0456549Z remote: Compressing objects:  92% (2565/2788)        
2022-05-07T21:35:09.0462346Z remote: Compressing objects:  93% (2593/2788)        
2022-05-07T21:35:09.0467214Z remote: Compressing objects:  94% (2621/2788)        
2022-05-07T21:35:09.0467734Z remote: Compressing objects:  95% (2649/2788)        
2022-05-07T21:35:09.0470105Z remote: Compressing objects:  96% (2677/2788)        
2022-05-07T21:35:09.0471632Z remote: Compressing objects:  97% (2705/2788)        
2022-05-07T21:35:09.0475252Z remote: Compressing objects:  98% (2733/2788)        
2022-05-07T21:35:09.0476665Z remote: Compressing objects:  99% (2761/2788)        
2022-05-07T21:35:09.0477273Z remote: Compressing objects: 100% (2788/2788)        
2022-05-07T21:35:09.0477956Z remote: Compressing objects: 100% (2788/2788), done.        
2022-05-07T21:35:09.0532232Z Receiving objects:   0% (1/4898)
2022-05-07T21:35:09.0568294Z Receiving objects:   1% (49/4898)
2022-05-07T21:35:09.0575375Z Receiving objects:   2% (98/4898)
2022-05-07T21:35:09.0829820Z Receiving objects:   3% (147/4898)
2022-05-07T21:35:09.0882558Z Receiving objects:   4% (196/4898)
2022-05-07T21:35:09.0893876Z Receiving objects:   5% (245/4898)
2022-05-07T21:35:09.0942391Z Receiving objects:   6% (294/4898)
2022-05-07T21:35:09.0948731Z Receiving objects:   7% (343/4898)
2022-05-07T21:35:09.0999677Z Receiving objects:   8% (392/4898)
2022-05-07T21:35:09.1006712Z Receiving objects:   9% (441/4898)
2022-05-07T21:35:09.1058325Z Receiving objects:  10% (490/4898)
2022-05-07T21:35:09.1063068Z Receiving objects:  11% (539/4898)
2022-05-07T21:35:09.1072546Z Receiving objects:  12% (588/4898)
2022-05-07T21:35:09.1125180Z Receiving objects:  13% (637/4898)
2022-05-07T21:35:09.1132490Z Receiving objects:  14% (686/4898)
2022-05-07T21:35:09.1176449Z Receiving objects:  15% (735/4898)
2022-05-07T21:35:09.1187207Z Receiving objects:  16% (784/4898)
2022-05-07T21:35:09.1239033Z Receiving objects:  17% (833/4898)
2022-05-07T21:35:09.1250072Z Receiving objects:  18% (882/4898)
2022-05-07T21:35:09.1298677Z Receiving objects:  19% (931/4898)
2022-05-07T21:35:09.1310749Z Receiving objects:  20% (980/4898)
2022-05-07T21:35:09.1371194Z Receiving objects:  21% (1029/4898)
2022-05-07T21:35:09.1381094Z Receiving objects:  22% (1078/4898)
2022-05-07T21:35:09.1390921Z Receiving objects:  23% (1127/4898)
2022-05-07T21:35:09.1430292Z Receiving objects:  24% (1176/4898)
2022-05-07T21:35:09.1446978Z Receiving objects:  25% (1225/4898)
2022-05-07T21:35:09.1487512Z Receiving objects:  26% (1274/4898)
2022-05-07T21:35:09.1498884Z Receiving objects:  27% (1323/4898)
2022-05-07T21:35:09.1509149Z Receiving objects:  28% (1372/4898)
2022-05-07T21:35:09.1552435Z Receiving objects:  29% (1421/4898)
2022-05-07T21:35:09.1562108Z Receiving objects:  30% (1470/4898)
2022-05-07T21:35:09.1565904Z Receiving objects:  31% (1519/4898)
2022-05-07T21:35:09.1572112Z Receiving objects:  32% (1568/4898)
2022-05-07T21:35:09.1577134Z Receiving objects:  33% (1617/4898)
2022-05-07T21:35:09.1616694Z Receiving objects:  34% (1666/4898)
2022-05-07T21:35:09.1626956Z Receiving objects:  35% (1715/4898)
2022-05-07T21:35:09.4148354Z Receiving objects:  36% (1764/4898)
2022-05-07T21:35:09.4155744Z Receiving objects:  37% (1813/4898)
2022-05-07T21:35:09.4667793Z Receiving objects:  38% (1862/4898)
2022-05-07T21:35:09.4675003Z Receiving objects:  39% (1911/4898)
2022-05-07T21:35:09.4747787Z Receiving objects:  40% (1960/4898)
2022-05-07T21:35:09.4750480Z Receiving objects:  41% (2009/4898)
2022-05-07T21:35:09.7294066Z Receiving objects:  42% (2058/4898)
2022-05-07T21:35:09.8401171Z Receiving objects:  43% (2107/4898), 18.30 MiB | 36.59 MiB/s
2022-05-07T21:35:09.8405649Z Receiving objects:  44% (2156/4898), 18.30 MiB | 36.59 MiB/s
2022-05-07T21:35:09.8425160Z Receiving objects:  45% (2205/4898), 18.30 MiB | 36.59 MiB/s
2022-05-07T21:35:09.8429875Z Receiving objects:  46% (2254/4898), 18.30 MiB | 36.59 MiB/s
2022-05-07T21:35:09.8433034Z Receiving objects:  47% (2303/4898), 18.30 MiB | 36.59 MiB/s
2022-05-07T21:35:09.8438808Z Receiving objects:  48% (2352/4898), 18.30 MiB | 36.59 MiB/s
2022-05-07T21:35:09.8451017Z Receiving objects:  49% (2401/4898), 18.30 MiB | 36.59 MiB/s
2022-05-07T21:35:09.8462246Z Receiving objects:  50% (2449/4898), 18.30 MiB | 36.59 MiB/s
2022-05-07T21:35:09.8468925Z Receiving objects:  51% (2498/4898), 18.30 MiB | 36.59 MiB/s
2022-05-07T21:35:09.8478655Z Receiving objects:  52% (2547/4898), 18.30 MiB | 36.59 MiB/s
2022-05-07T21:35:09.8490359Z Receiving objects:  53% (2596/4898), 18.30 MiB | 36.59 MiB/s
2022-05-07T21:35:09.8501888Z Receiving objects:  54% (2645/4898), 18.30 MiB | 36.59 MiB/s
2022-05-07T21:35:09.8509334Z Receiving objects:  55% (2694/4898), 18.30 MiB | 36.59 MiB/s
2022-05-07T21:35:09.8516312Z Receiving objects:  56% (2743/4898), 18.30 MiB | 36.59 MiB/s
2022-05-07T21:35:09.8524981Z Receiving objects:  57% (2792/4898), 18.30 MiB | 36.59 MiB/s
2022-05-07T21:35:09.8528057Z Receiving objects:  58% (2841/4898), 18.30 MiB | 36.59 MiB/s
2022-05-07T21:35:09.8531400Z Receiving objects:  59% (2890/4898), 18.30 MiB | 36.59 MiB/s
2022-05-07T21:35:09.8534494Z Receiving objects:  60% (2939/4898), 18.30 MiB | 36.59 MiB/s
2022-05-07T21:35:09.8536402Z Receiving objects:  61% (2988/4898), 18.30 MiB | 36.59 MiB/s
2022-05-07T21:35:09.8544782Z Receiving objects:  62% (3037/4898), 18.30 MiB | 36.59 MiB/s
2022-05-07T21:35:09.8547886Z Receiving objects:  63% (3086/4898), 18.30 MiB | 36.59 MiB/s
2022-05-07T21:35:09.8602753Z Receiving objects:  64% (3135/4898), 18.30 MiB | 36.59 MiB/s
2022-05-07T21:35:09.8603118Z Receiving objects:  65% (3184/4898), 18.30 MiB | 36.59 MiB/s
2022-05-07T21:35:09.8603446Z Receiving objects:  66% (3233/4898), 18.30 MiB | 36.59 MiB/s
2022-05-07T21:35:09.8603749Z Receiving objects:  67% (3282/4898), 18.30 MiB | 36.59 MiB/s
2022-05-07T21:35:09.8604059Z Receiving objects:  68% (3331/4898), 18.30 MiB | 36.59 MiB/s
2022-05-07T21:35:09.8604356Z Receiving objects:  69% (3380/4898), 18.30 MiB | 36.59 MiB/s
2022-05-07T21:35:09.8604650Z Receiving objects:  70% (3429/4898), 18.30 MiB | 36.59 MiB/s
2022-05-07T21:35:09.8607145Z Receiving objects:  71% (3478/4898), 18.30 MiB | 36.59 MiB/s
2022-05-07T21:35:09.8610668Z Receiving objects:  72% (3527/4898), 18.30 MiB | 36.59 MiB/s
2022-05-07T21:35:09.8615350Z Receiving objects:  73% (3576/4898), 18.30 MiB | 36.59 MiB/s
2022-05-07T21:35:09.8624520Z Receiving objects:  74% (3625/4898), 18.30 MiB | 36.59 MiB/s
2022-05-07T21:35:09.8630193Z Receiving objects:  75% (3674/4898), 18.30 MiB | 36.59 MiB/s
2022-05-07T21:35:09.8640697Z Receiving objects:  76% (3723/4898), 18.30 MiB | 36.59 MiB/s
2022-05-07T21:35:09.8652378Z Receiving objects:  77% (3772/4898), 18.30 MiB | 36.59 MiB/s
2022-05-07T21:35:09.8659379Z Receiving objects:  78% (3821/4898), 18.30 MiB | 36.59 MiB/s
2022-05-07T21:35:09.8671257Z Receiving objects:  79% (3870/4898), 18.30 MiB | 36.59 MiB/s
2022-05-07T21:35:09.8674832Z Receiving objects:  80% (3919/4898), 18.30 MiB | 36.59 MiB/s
2022-05-07T21:35:09.8684025Z Receiving objects:  81% (3968/4898), 18.30 MiB | 36.59 MiB/s
2022-05-07T21:35:09.8690775Z Receiving objects:  82% (4017/4898), 18.30 MiB | 36.59 MiB/s
2022-05-07T21:35:09.8697193Z Receiving objects:  83% (4066/4898), 18.30 MiB | 36.59 MiB/s
2022-05-07T21:35:09.8714328Z Receiving objects:  84% (4115/4898), 18.30 MiB | 36.59 MiB/s
2022-05-07T21:35:09.8714669Z Receiving objects:  85% (4164/4898), 18.30 MiB | 36.59 MiB/s
2022-05-07T21:35:09.8715051Z Receiving objects:  86% (4213/4898), 18.30 MiB | 36.59 MiB/s
2022-05-07T21:35:09.8715962Z Receiving objects:  87% (4262/4898), 18.30 MiB | 36.59 MiB/s
2022-05-07T21:35:09.8722211Z Receiving objects:  88% (4311/4898), 18.30 MiB | 36.59 MiB/s
2022-05-07T21:35:09.8726937Z Receiving objects:  89% (4360/4898), 18.30 MiB | 36.59 MiB/s
2022-05-07T21:35:09.8733248Z Receiving objects:  90% (4409/4898), 18.30 MiB | 36.59 MiB/s
2022-05-07T21:35:09.8739120Z Receiving objects:  91% (4458/4898), 18.30 MiB | 36.59 MiB/s
2022-05-07T21:35:09.8745437Z Receiving objects:  92% (4507/4898), 18.30 MiB | 36.59 MiB/s
2022-05-07T21:35:09.8752278Z Receiving objects:  93% (4556/4898), 18.30 MiB | 36.59 MiB/s
2022-05-07T21:35:09.8800248Z Receiving objects:  94% (4605/4898), 18.30 MiB | 36.59 MiB/s
2022-05-07T21:35:09.8800596Z Receiving objects:  95% (4654/4898), 18.30 MiB | 36.59 MiB/s
2022-05-07T21:35:09.8801181Z Receiving objects:  96% (4703/4898), 18.30 MiB | 36.59 MiB/s
2022-05-07T21:35:09.8801492Z Receiving objects:  97% (4752/4898), 18.30 MiB | 36.59 MiB/s
2022-05-07T21:35:09.8801796Z Receiving objects:  98% (4801/4898), 18.30 MiB | 36.59 MiB/s
2022-05-07T21:35:09.8802535Z remote: Total 4898 (delta 1913), reused 3151 (delta 1167), pack-reused 0        
2022-05-07T21:35:09.8830742Z Receiving objects:  99% (4850/4898), 18.30 MiB | 36.59 MiB/s
2022-05-07T21:35:09.8831071Z Receiving objects: 100% (4898/4898), 18.30 MiB | 36.59 MiB/s
2022-05-07T21:35:09.8834742Z Receiving objects: 100% (4898/4898), 37.38 MiB | 45.09 MiB/s, done.
2022-05-07T21:35:09.8835069Z Resolving deltas:   0% (0/1913)
2022-05-07T21:35:09.8835337Z Resolving deltas:   1% (20/1913)
2022-05-07T21:35:09.8835600Z Resolving deltas:   2% (39/1913)
2022-05-07T21:35:09.8835906Z Resolving deltas:   3% (58/1913)
2022-05-07T21:35:09.8849250Z Resolving deltas:   4% (77/1913)
2022-05-07T21:35:09.8853554Z Resolving deltas:   5% (96/1913)
2022-05-07T21:35:09.8862182Z Resolving deltas:   6% (115/1913)
2022-05-07T21:35:09.8868468Z Resolving deltas:   7% (134/1913)
2022-05-07T21:35:09.8873359Z Resolving deltas:   8% (154/1913)
2022-05-07T21:35:09.8875714Z Resolving deltas:   9% (173/1913)
2022-05-07T21:35:09.8881832Z Resolving deltas:  10% (192/1913)
2022-05-07T21:35:09.8886863Z Resolving deltas:  11% (211/1913)
2022-05-07T21:35:09.8892969Z Resolving deltas:  12% (230/1913)
2022-05-07T21:35:09.8898909Z Resolving deltas:  13% (249/1913)
2022-05-07T21:35:09.8902897Z Resolving deltas:  14% (268/1913)
2022-05-07T21:35:09.8907540Z Resolving deltas:  15% (287/1913)
2022-05-07T21:35:09.8912457Z Resolving deltas:  16% (307/1913)
2022-05-07T21:35:09.8919322Z Resolving deltas:  17% (326/1913)
2022-05-07T21:35:09.8924195Z Resolving deltas:  18% (345/1913)
2022-05-07T21:35:09.8926515Z Resolving deltas:  19% (364/1913)
2022-05-07T21:35:09.8928417Z Resolving deltas:  20% (383/1913)
2022-05-07T21:35:09.8934462Z Resolving deltas:  21% (402/1913)
2022-05-07T21:35:09.8939268Z Resolving deltas:  22% (421/1913)
2022-05-07T21:35:09.8943383Z Resolving deltas:  23% (440/1913)
2022-05-07T21:35:09.8950113Z Resolving deltas:  24% (460/1913)
2022-05-07T21:35:09.8950385Z Resolving deltas:  25% (479/1913)
2022-05-07T21:35:09.8952798Z Resolving deltas:  26% (498/1913)
2022-05-07T21:35:09.8956622Z Resolving deltas:  27% (517/1913)
2022-05-07T21:35:09.8959857Z Resolving deltas:  28% (536/1913)
2022-05-07T21:35:09.8966292Z Resolving deltas:  29% (555/1913)
2022-05-07T21:35:09.8968678Z Resolving deltas:  30% (574/1913)
2022-05-07T21:35:09.8979913Z Resolving deltas:  31% (594/1913)
2022-05-07T21:35:09.8980194Z Resolving deltas:  32% (613/1913)
2022-05-07T21:35:09.8983888Z Resolving deltas:  33% (632/1913)
2022-05-07T21:35:09.8990966Z Resolving deltas:  34% (651/1913)
2022-05-07T21:35:09.8996495Z Resolving deltas:  35% (670/1913)
2022-05-07T21:35:09.9003329Z Resolving deltas:  36% (689/1913)
2022-05-07T21:35:09.9005993Z Resolving deltas:  37% (708/1913)
2022-05-07T21:35:09.9008651Z Resolving deltas:  38% (727/1913)
2022-05-07T21:35:09.9010975Z Resolving deltas:  39% (747/1913)
2022-05-07T21:35:09.9014730Z Resolving deltas:  40% (766/1913)
2022-05-07T21:35:09.9020392Z Resolving deltas:  41% (785/1913)
2022-05-07T21:35:09.9023774Z Resolving deltas:  42% (804/1913)
2022-05-07T21:35:09.9027982Z Resolving deltas:  43% (823/1913)
2022-05-07T21:35:09.9032351Z Resolving deltas:  44% (842/1913)
2022-05-07T21:35:09.9038839Z Resolving deltas:  45% (861/1913)
2022-05-07T21:35:09.9050376Z Resolving deltas:  46% (880/1913)
2022-05-07T21:35:09.9050668Z Resolving deltas:  47% (900/1913)
2022-05-07T21:35:09.9056706Z Resolving deltas:  48% (919/1913)
2022-05-07T21:35:09.9063116Z Resolving deltas:  49% (938/1913)
2022-05-07T21:35:09.9067834Z Resolving deltas:  50% (957/1913)
2022-05-07T21:35:09.9076038Z Resolving deltas:  51% (976/1913)
2022-05-07T21:35:09.9082565Z Resolving deltas:  52% (995/1913)
2022-05-07T21:35:09.9087205Z Resolving deltas:  53% (1014/1913)
2022-05-07T21:35:09.9093870Z Resolving deltas:  54% (1034/1913)
2022-05-07T21:35:09.9094160Z Resolving deltas:  55% (1053/1913)
2022-05-07T21:35:09.9097938Z Resolving deltas:  56% (1072/1913)
2022-05-07T21:35:09.9101285Z Resolving deltas:  57% (1091/1913)
2022-05-07T21:35:09.9105015Z Resolving deltas:  58% (1110/1913)
2022-05-07T21:35:09.9113465Z Resolving deltas:  59% (1129/1913)
2022-05-07T21:35:09.9114043Z Resolving deltas:  60% (1148/1913)
2022-05-07T21:35:09.9118226Z Resolving deltas:  61% (1167/1913)
2022-05-07T21:35:09.9121818Z Resolving deltas:  62% (1187/1913)
2022-05-07T21:35:09.9126379Z Resolving deltas:  63% (1206/1913)
2022-05-07T21:35:09.9131344Z Resolving deltas:  64% (1225/1913)
2022-05-07T21:35:09.9137231Z Resolving deltas:  65% (1244/1913)
2022-05-07T21:35:09.9143649Z Resolving deltas:  66% (1263/1913)
2022-05-07T21:35:09.9150910Z Resolving deltas:  67% (1282/1913)
2022-05-07T21:35:09.9158225Z Resolving deltas:  68% (1301/1913)
2022-05-07T21:35:09.9164636Z Resolving deltas:  69% (1320/1913)
2022-05-07T21:35:09.9170083Z Resolving deltas:  70% (1340/1913)
2022-05-07T21:35:09.9176034Z Resolving deltas:  71% (1359/1913)
2022-05-07T21:35:09.9178845Z Resolving deltas:  72% (1378/1913)
2022-05-07T21:35:09.9182763Z Resolving deltas:  73% (1397/1913)
2022-05-07T21:35:09.9185314Z Resolving deltas:  74% (1416/1913)
2022-05-07T21:35:09.9188980Z Resolving deltas:  75% (1435/1913)
2022-05-07T21:35:09.9193838Z Resolving deltas:  76% (1454/1913)
2022-05-07T21:35:09.9196197Z Resolving deltas:  77% (1474/1913)
2022-05-07T21:35:09.9202456Z Resolving deltas:  78% (1493/1913)
2022-05-07T21:35:09.9203850Z Resolving deltas:  79% (1512/1913)
2022-05-07T21:35:09.9209365Z Resolving deltas:  80% (1531/1913)
2022-05-07T21:35:09.9217215Z Resolving deltas:  81% (1550/1913)
2022-05-07T21:35:09.9223127Z Resolving deltas:  82% (1569/1913)
2022-05-07T21:35:09.9226998Z Resolving deltas:  83% (1588/1913)
2022-05-07T21:35:09.9231986Z Resolving deltas:  84% (1607/1913)
2022-05-07T21:35:09.9235167Z Resolving deltas:  85% (1627/1913)
2022-05-07T21:35:09.9238611Z Resolving deltas:  86% (1646/1913)
2022-05-07T21:35:09.9242869Z Resolving deltas:  87% (1665/1913)
2022-05-07T21:35:09.9245870Z Resolving deltas:  88% (1684/1913)
2022-05-07T21:35:09.9253595Z Resolving deltas:  89% (1703/1913)
2022-05-07T21:35:09.9263987Z Resolving deltas:  90% (1722/1913)
2022-05-07T21:35:09.9271321Z Resolving deltas:  91% (1741/1913)
2022-05-07T21:35:09.9279570Z Resolving deltas:  92% (1760/1913)
2022-05-07T21:35:09.9285193Z Resolving deltas:  93% (1780/1913)
2022-05-07T21:35:09.9293225Z Resolving deltas:  94% (1799/1913)
2022-05-07T21:35:09.9298251Z Resolving deltas:  95% (1818/1913)
2022-05-07T21:35:09.9305828Z Resolving deltas:  96% (1837/1913)
2022-05-07T21:35:09.9311653Z Resolving deltas:  97% (1856/1913)
2022-05-07T21:35:09.9318081Z Resolving deltas:  98% (1875/1913)
2022-05-07T21:35:09.9324094Z Resolving deltas:  99% (1894/1913)
2022-05-07T21:35:09.9327006Z Resolving deltas: 100% (1913/1913)
2022-05-07T21:35:09.9327472Z Resolving deltas: 100% (1913/1913), done.
2022-05-07T21:35:10.0084293Z From https://github.com/nokeedev/gradle-native
2022-05-07T21:35:10.0085204Z  * [new ref]         ab7da674eb6cfffd28b9b5f6bc597055f8d4c0e0 -> origin/master
2022-05-07T21:35:10.0107161Z ##[endgroup]
2022-05-07T21:35:10.0107967Z ##[group]Determining the checkout info
2022-05-07T21:35:10.0121476Z ##[endgroup]
2022-05-07T21:35:10.0122140Z ##[group]Checking out the ref
2022-05-07T21:35:10.0123388Z [command]/usr/bin/git checkout --progress --force -B master refs/remotes/origin/master
2022-05-07T21:35:10.3598301Z Reset branch 'master'
2022-05-07T21:35:10.3599316Z branch 'master' set up to track 'origin/master'.
2022-05-07T21:35:10.3611935Z ##[endgroup]
2022-05-07T21:35:10.3612816Z ##[group]Setting up auth for fetching submodules
2022-05-07T21:35:10.3618672Z [command]/usr/bin/git config --global http.https://github.com/.extraheader AUTHORIZATION: basic ***
2022-05-07T21:35:10.3668580Z [command]/usr/bin/git config --global --unset-all url.https://github.com/.insteadOf
2022-05-07T21:35:10.3704283Z [command]/usr/bin/git config --global --add url.https://github.com/.insteadOf git@github.com:
2022-05-07T21:35:10.3740745Z [command]/usr/bin/git config --global --add url.https://github.com/.insteadOf org-59721688@github.com:
2022-05-07T21:35:10.3772589Z ##[endgroup]
2022-05-07T21:35:10.3773312Z ##[group]Fetching submodules
2022-05-07T21:35:10.3777003Z [command]/usr/bin/git submodule sync
2022-05-07T21:35:10.4021551Z [command]/usr/bin/git -c protocol.version=2 submodule update --init --force --depth=1
2022-05-07T21:35:10.4256714Z Submodule 'gradle/plugins/jbake-gradle-plugin' (git@github.com:nokeedev/jbake-gradle-plugin.git) registered for path 'gradle/plugins/jbake-gradle-plugin'
2022-05-07T21:35:10.4283668Z Cloning into '/home/runner/work/gradle-native/gradle-native/gradle/plugins/jbake-gradle-plugin'...
2022-05-07T21:35:11.2641717Z From https://github.com/nokeedev/jbake-gradle-plugin
2022-05-07T21:35:11.2642501Z  * branch            0ba5951416c10618fd4988f4f1e22593a2e3deb2 -> FETCH_HEAD
2022-05-07T21:35:11.2718359Z Submodule path 'gradle/plugins/jbake-gradle-plugin': checked out '0ba5951416c10618fd4988f4f1e22593a2e3deb2'
2022-05-07T21:35:11.2738715Z [command]/usr/bin/git submodule foreach git config --local gc.auto 0
2022-05-07T21:35:11.2987371Z Entering 'gradle/plugins/jbake-gradle-plugin'
2022-05-07T21:35:11.3018758Z ##[endgroup]
2022-05-07T21:35:11.3019553Z ##[group]Persisting credentials for submodules
2022-05-07T21:35:11.3034977Z [command]/usr/bin/git submodule foreach --recursive git config --local --name-only --get-regexp 'url\.https\:\/\/github\.com\/\.insteadOf' && git config --local --unset-all 'url.https://github.com/.insteadOf' || :
2022-05-07T21:35:11.3262434Z Entering 'gradle/plugins/jbake-gradle-plugin'
2022-05-07T21:35:11.3322517Z [command]/usr/bin/git submodule foreach git config --local 'http.https://github.com/.extraheader' 'AUTHORIZATION: basic ***' && git config --local --show-origin --name-only --get-regexp remote.origin.url
2022-05-07T21:35:11.3543331Z Entering 'gradle/plugins/jbake-gradle-plugin'
2022-05-07T21:35:11.3583445Z file:/home/runner/work/gradle-native/gradle-native/.git/modules/gradle/plugins/jbake-gradle-plugin/config	remote.origin.url
2022-05-07T21:35:11.3602907Z [command]/usr/bin/git submodule foreach git config --local --add 'url.https://github.com/.insteadOf' 'git@github.com:'
2022-05-07T21:35:11.3832189Z Entering 'gradle/plugins/jbake-gradle-plugin'
2022-05-07T21:35:11.3866133Z [command]/usr/bin/git submodule foreach git config --local --add 'url.https://github.com/.insteadOf' 'org-59721688@github.com:'
2022-05-07T21:35:11.4100637Z Entering 'gradle/plugins/jbake-gradle-plugin'
2022-05-07T21:35:11.4148548Z ##[endgroup]
2022-05-07T21:35:11.4181983Z [command]/usr/bin/git log -1 --format='%H'
2022-05-07T21:35:11.4214122Z 'ab7da674eb6cfffd28b9b5f6bc597055f8d4c0e0'
2022-05-07T21:35:11.4671911Z Prepare all required actions
2022-05-07T21:35:11.4709435Z ##[group]Run ./.github/actions/install-build-dependencies
2022-05-07T21:35:11.4709851Z ##[endgroup]
2022-05-07T21:35:11.4989160Z ##[group]Run sudo apt-get update && sudo apt-get -y install gobjc-8-multilib gobjc++-8-multilib gcc-8-multilib g++-8-multilib gobjc-9-multilib gobjc++-9-multilib gcc-9-multilib g++-9-multilib libpthread-stubs0-dev
2022-05-07T21:35:11.4990169Z [36;1msudo apt-get update && sudo apt-get -y install gobjc-8-multilib gobjc++-8-multilib gcc-8-multilib g++-8-multilib gobjc-9-multilib gobjc++-9-multilib gcc-9-multilib g++-9-multilib libpthread-stubs0-dev[0m
2022-05-07T21:35:11.5050923Z shell: /usr/bin/bash --noprofile --norc -e -o pipefail {0}
2022-05-07T21:35:11.5051349Z ##[endgroup]
2022-05-07T21:35:11.6828823Z Get:1 https://packages.microsoft.com/ubuntu/20.04/prod focal InRelease [10.5 kB]
2022-05-07T21:35:11.7043955Z Hit:2 http://azure.archive.ubuntu.com/ubuntu focal InRelease
2022-05-07T21:35:11.7053892Z Get:3 http://azure.archive.ubuntu.com/ubuntu focal-updates InRelease [114 kB]
2022-05-07T21:35:11.7084291Z Get:4 http://azure.archive.ubuntu.com/ubuntu focal-backports InRelease [108 kB]
2022-05-07T21:35:11.7141052Z Get:5 http://azure.archive.ubuntu.com/ubuntu focal-security InRelease [114 kB]
2022-05-07T21:35:11.8069902Z Get:6 https://packages.microsoft.com/ubuntu/20.04/prod focal/main amd64 Packages [152 kB]
2022-05-07T21:35:11.8591517Z Hit:7 http://ppa.launchpad.net/ubuntu-toolchain-r/test/ubuntu focal InRelease
2022-05-07T21:35:12.0227863Z Get:8 http://azure.archive.ubuntu.com/ubuntu focal-updates/main amd64 Packages [1750 kB]
2022-05-07T21:35:12.0456377Z Get:9 http://azure.archive.ubuntu.com/ubuntu focal-updates/main amd64 c-n-f Metadata [15.0 kB]
2022-05-07T21:35:12.0472311Z Get:10 http://azure.archive.ubuntu.com/ubuntu focal-updates/universe amd64 Packages [920 kB]
2022-05-07T21:35:12.0648242Z Get:11 http://azure.archive.ubuntu.com/ubuntu focal-updates/universe amd64 c-n-f Metadata [20.7 kB]
2022-05-07T21:35:12.2323871Z Get:12 http://azure.archive.ubuntu.com/ubuntu focal-security/main amd64 Packages [1422 kB]
2022-05-07T21:35:12.2512420Z Get:13 http://azure.archive.ubuntu.com/ubuntu focal-security/main Translation-en [246 kB]
2022-05-07T21:35:12.2565431Z Get:14 http://azure.archive.ubuntu.com/ubuntu focal-security/main amd64 c-n-f Metadata [10.1 kB]
2022-05-07T21:35:12.2633450Z Get:15 http://azure.archive.ubuntu.com/ubuntu focal-security/universe amd64 Packages [702 kB]
2022-05-07T21:35:12.2761986Z Get:16 http://azure.archive.ubuntu.com/ubuntu focal-security/universe Translation-en [125 kB]
2022-05-07T21:35:12.2802584Z Get:17 http://azure.archive.ubuntu.com/ubuntu focal-security/universe amd64 c-n-f Metadata [14.4 kB]
2022-05-07T21:35:18.2891117Z Fetched 5725 kB in 1s (4558 kB/s)
2022-05-07T21:35:19.2498454Z Reading package lists...
2022-05-07T21:35:19.3358217Z Reading package lists...
2022-05-07T21:35:19.5479188Z Building dependency tree...
2022-05-07T21:35:19.5497810Z Reading state information...
2022-05-07T21:35:19.7305286Z libpthread-stubs0-dev is already the newest version (0.4-1).
2022-05-07T21:35:19.7306447Z libpthread-stubs0-dev set to manually installed.
2022-05-07T21:35:19.7309206Z The following additional packages will be installed:
2022-05-07T21:35:19.7312048Z   cpp-8 g++-8 gcc-8 gcc-8-base gcc-multilib gobjc++-8 gobjc++-9 gobjc-8
2022-05-07T21:35:19.7313039Z   gobjc-9 lib32asan5 lib32atomic1 lib32gcc-8-dev lib32gcc-9-dev lib32gomp1
2022-05-07T21:35:19.7313759Z   lib32itm1 lib32mpx2 lib32objc-8-dev lib32objc-9-dev lib32objc4
2022-05-07T21:35:19.7314459Z   lib32quadmath0 lib32stdc++-8-dev lib32stdc++-9-dev lib32ubsan1
2022-05-07T21:35:19.7315198Z   libc6-dev-i386 libc6-dev-x32 libc6-x32 libgcc-8-dev libmpx2 libobjc-8-dev
2022-05-07T21:35:19.7316430Z   libstdc++-8-dev libx32asan5 libx32atomic1 libx32gcc-8-dev libx32gcc-9-dev
2022-05-07T21:35:19.7317274Z   libx32gcc-s1 libx32gomp1 libx32itm1 libx32objc-8-dev libx32objc-9-dev
2022-05-07T21:35:19.7320275Z   libx32objc4 libx32quadmath0 libx32stdc++-8-dev libx32stdc++-9-dev
2022-05-07T21:35:19.7323204Z   libx32stdc++6 libx32ubsan1
2022-05-07T21:35:19.7325084Z Suggested packages:
2022-05-07T21:35:19.7325698Z   gcc-8-locales gcc-8-doc lib32stdc++6-8-dbg libx32stdc++6-8-dbg
2022-05-07T21:35:19.7326193Z   lib32stdc++6-9-dbg libx32stdc++6-9-dbg gcc-9-doc libstdc++-8-doc
2022-05-07T21:35:19.8291103Z The following NEW packages will be installed:
2022-05-07T21:35:19.8292496Z   cpp-8 g++-8 g++-8-multilib g++-9-multilib gcc-8 gcc-8-base gcc-8-multilib
2022-05-07T21:35:19.8293297Z   gcc-9-multilib gcc-multilib gobjc++-8 gobjc++-8-multilib gobjc++-9
2022-05-07T21:35:19.8294859Z   gobjc++-9-multilib gobjc-8 gobjc-8-multilib gobjc-9 gobjc-9-multilib
2022-05-07T21:35:19.8295744Z   lib32asan5 lib32atomic1 lib32gcc-8-dev lib32gcc-9-dev lib32gomp1 lib32itm1
2022-05-07T21:35:19.8347084Z   lib32mpx2 lib32objc-8-dev lib32objc-9-dev lib32objc4 lib32quadmath0
2022-05-07T21:35:19.8347732Z   lib32stdc++-8-dev lib32stdc++-9-dev lib32ubsan1 libc6-dev-i386 libc6-dev-x32
2022-05-07T21:35:19.8348346Z   libc6-x32 libgcc-8-dev libmpx2 libobjc-8-dev libstdc++-8-dev libx32asan5
2022-05-07T21:35:19.8348935Z   libx32atomic1 libx32gcc-8-dev libx32gcc-9-dev libx32gcc-s1 libx32gomp1
2022-05-07T21:35:19.8349502Z   libx32itm1 libx32objc-8-dev libx32objc-9-dev libx32objc4 libx32quadmath0
2022-05-07T21:35:19.8350053Z   libx32stdc++-8-dev libx32stdc++-9-dev libx32stdc++6 libx32ubsan1
2022-05-07T21:35:19.8748946Z 0 upgraded, 53 newly installed, 0 to remove and 34 not upgraded.
2022-05-07T21:35:19.9491435Z Need to get 93.1 MB of archives.
2022-05-07T21:35:19.9491827Z After this operation, 372 MB of additional disk space will be used.
2022-05-07T21:35:19.9493254Z Get:1 http://azure.archive.ubuntu.com/ubuntu focal/universe amd64 gcc-8-base amd64 8.4.0-3ubuntu2 [18.7 kB]
2022-05-07T21:35:19.9679605Z Get:2 http://azure.archive.ubuntu.com/ubuntu focal/universe amd64 cpp-8 amd64 8.4.0-3ubuntu2 [8945 kB]
2022-05-07T21:35:20.0798522Z Get:3 http://azure.archive.ubuntu.com/ubuntu focal/universe amd64 libmpx2 amd64 8.4.0-3ubuntu2 [11.8 kB]
2022-05-07T21:35:20.0860756Z Get:4 http://ppa.launchpad.net/ubuntu-toolchain-r/test/ubuntu focal/main amd64 libx32gcc-s1 amd64 11.1.0-1ubuntu1~20.04 [42.2 kB]
2022-05-07T21:35:20.0980574Z Get:5 http://azure.archive.ubuntu.com/ubuntu focal/universe amd64 libgcc-8-dev amd64 8.4.0-3ubuntu2 [2313 kB]
2022-05-07T21:35:20.1448071Z Get:6 http://azure.archive.ubuntu.com/ubuntu focal/universe amd64 gcc-8 amd64 8.4.0-3ubuntu2 [9833 kB]
2022-05-07T21:35:20.2651573Z Get:7 http://azure.archive.ubuntu.com/ubuntu focal/universe amd64 libstdc++-8-dev amd64 8.4.0-3ubuntu2 [1537 kB]
2022-05-07T21:35:20.3010002Z Get:8 http://azure.archive.ubuntu.com/ubuntu focal/universe amd64 g++-8 amd64 8.4.0-3ubuntu2 [10.1 MB]
2022-05-07T21:35:20.3758535Z Get:9 http://ppa.launchpad.net/ubuntu-toolchain-r/test/ubuntu focal/main amd64 lib32gomp1 amd64 11.1.0-1ubuntu1~20.04 [113 kB]
2022-05-07T21:35:20.4256110Z Get:10 http://azure.archive.ubuntu.com/ubuntu focal-updates/main amd64 libc6-dev-i386 amd64 2.31-0ubuntu9.7 [1903 kB]
2022-05-07T21:35:20.4670815Z Get:11 http://azure.archive.ubuntu.com/ubuntu focal-updates/main amd64 libc6-x32 amd64 2.31-0ubuntu9.7 [2779 kB]
2022-05-07T21:35:20.5140087Z Get:12 http://azure.archive.ubuntu.com/ubuntu focal-updates/main amd64 libc6-dev-x32 amd64 2.31-0ubuntu9.7 [1975 kB]
2022-05-07T21:35:20.5567231Z Get:13 http://azure.archive.ubuntu.com/ubuntu focal-updates/main amd64 lib32asan5 amd64 9.4.0-1ubuntu1~20.04.1 [2648 kB]
2022-05-07T21:35:20.6041342Z Get:14 http://azure.archive.ubuntu.com/ubuntu focal-updates/main amd64 libx32asan5 amd64 9.4.0-1ubuntu1~20.04.1 [2587 kB]
2022-05-07T21:35:20.6475220Z Get:15 http://azure.archive.ubuntu.com/ubuntu focal/universe amd64 lib32mpx2 amd64 8.4.0-3ubuntu2 [13.0 kB]
2022-05-07T21:35:20.6659822Z Get:16 http://azure.archive.ubuntu.com/ubuntu focal/universe amd64 lib32gcc-8-dev amd64 8.4.0-3ubuntu2 [2182 kB]
2022-05-07T21:35:20.7108562Z Get:17 http://azure.archive.ubuntu.com/ubuntu focal/universe amd64 libx32gcc-8-dev amd64 8.4.0-3ubuntu2 [1965 kB]
2022-05-07T21:35:20.7647316Z Get:18 http://azure.archive.ubuntu.com/ubuntu focal/universe amd64 gcc-8-multilib amd64 8.4.0-3ubuntu2 [1056 B]
2022-05-07T21:35:20.7837118Z Get:19 http://azure.archive.ubuntu.com/ubuntu focal/universe amd64 lib32stdc++-8-dev amd64 8.4.0-3ubuntu2 [714 kB]
2022-05-07T21:35:20.7861089Z Get:20 http://ppa.launchpad.net/ubuntu-toolchain-r/test/ubuntu focal/main amd64 libx32gomp1 amd64 11.1.0-1ubuntu1~20.04 [107 kB]
2022-05-07T21:35:20.8096174Z Get:21 http://azure.archive.ubuntu.com/ubuntu focal/universe amd64 libx32stdc++-8-dev amd64 8.4.0-3ubuntu2 [664 kB]
2022-05-07T21:35:20.8809349Z Get:22 http://azure.archive.ubuntu.com/ubuntu focal/universe amd64 g++-8-multilib amd64 8.4.0-3ubuntu2 [1080 B]
2022-05-07T21:35:20.9001312Z Get:23 http://azure.archive.ubuntu.com/ubuntu focal-updates/main amd64 lib32gcc-9-dev amd64 9.4.0-1ubuntu1~20.04.1 [2224 kB]
2022-05-07T21:35:20.9408552Z Get:24 http://azure.archive.ubuntu.com/ubuntu focal-updates/main amd64 libx32gcc-9-dev amd64 9.4.0-1ubuntu1~20.04.1 [2013 kB]
2022-05-07T21:35:20.9795047Z Get:25 http://azure.archive.ubuntu.com/ubuntu focal-updates/main amd64 gcc-9-multilib amd64 9.4.0-1ubuntu1~20.04.1 [1072 B]
2022-05-07T21:35:20.9988645Z Get:26 http://azure.archive.ubuntu.com/ubuntu focal-updates/main amd64 lib32stdc++-9-dev amd64 9.4.0-1ubuntu1~20.04.1 [762 kB]
2022-05-07T21:35:21.0250758Z Get:27 http://azure.archive.ubuntu.com/ubuntu focal-updates/main amd64 libx32stdc++-9-dev amd64 9.4.0-1ubuntu1~20.04.1 [710 kB]
2022-05-07T21:35:21.0497346Z Get:28 http://azure.archive.ubuntu.com/ubuntu focal-updates/main amd64 g++-9-multilib amd64 9.4.0-1ubuntu1~20.04.1 [1092 B]
2022-05-07T21:35:21.0686085Z Get:29 http://azure.archive.ubuntu.com/ubuntu focal/main amd64 gcc-multilib amd64 4:9.3.0-1ubuntu2 [1516 B]
2022-05-07T21:35:21.0874768Z Get:30 http://azure.archive.ubuntu.com/ubuntu focal/universe amd64 libobjc-8-dev amd64 8.4.0-3ubuntu2 [234 kB]
2022-05-07T21:35:21.1085320Z Get:31 http://azure.archive.ubuntu.com/ubuntu focal/universe amd64 gobjc-8 amd64 8.4.0-3ubuntu2 [8688 kB]
2022-05-07T21:35:21.1910923Z Get:32 http://ppa.launchpad.net/ubuntu-toolchain-r/test/ubuntu focal/main amd64 lib32itm1 amd64 11.1.0-1ubuntu1~20.04 [28.1 kB]
2022-05-07T21:35:21.2189129Z Get:33 http://azure.archive.ubuntu.com/ubuntu focal/universe amd64 gobjc++-8 amd64 8.4.0-3ubuntu2 [9465 kB]
2022-05-07T21:35:21.3341854Z Get:34 http://azure.archive.ubuntu.com/ubuntu focal/universe amd64 lib32objc-8-dev amd64 8.4.0-3ubuntu2 [190 kB]
2022-05-07T21:35:21.3537262Z Get:35 http://azure.archive.ubuntu.com/ubuntu focal/universe amd64 libx32objc-8-dev amd64 8.4.0-3ubuntu2 [194 kB]
2022-05-07T21:35:21.3772366Z Get:36 http://azure.archive.ubuntu.com/ubuntu focal/universe amd64 gobjc-8-multilib amd64 8.4.0-3ubuntu2 [1068 B]
2022-05-07T21:35:21.3949412Z Get:37 http://azure.archive.ubuntu.com/ubuntu focal/universe amd64 gobjc++-8-multilib amd64 8.4.0-3ubuntu2 [1060 B]
2022-05-07T21:35:21.4136549Z Get:38 http://azure.archive.ubuntu.com/ubuntu focal-updates/universe amd64 gobjc-9 amd64 9.4.0-1ubuntu1~20.04.1 [7258 kB]
2022-05-07T21:35:21.4562631Z Get:39 http://ppa.launchpad.net/ubuntu-toolchain-r/test/ubuntu focal/main amd64 libx32itm1 amd64 11.1.0-1ubuntu1~20.04 [26.6 kB]
2022-05-07T21:35:21.5133328Z Get:40 http://azure.archive.ubuntu.com/ubuntu focal-updates/universe amd64 gobjc++-9 amd64 9.4.0-1ubuntu1~20.04.1 [7787 kB]
2022-05-07T21:35:21.6151059Z Get:41 http://azure.archive.ubuntu.com/ubuntu focal-updates/universe amd64 lib32objc-9-dev amd64 9.4.0-1ubuntu1~20.04.1 [183 kB]
2022-05-07T21:35:21.6349660Z Get:42 http://azure.archive.ubuntu.com/ubuntu focal-updates/universe amd64 libx32objc-9-dev amd64 9.4.0-1ubuntu1~20.04.1 [186 kB]
2022-05-07T21:35:21.6966748Z Get:43 http://azure.archive.ubuntu.com/ubuntu focal-updates/universe amd64 gobjc-9-multilib amd64 9.4.0-1ubuntu1~20.04.1 [1080 B]
2022-05-07T21:35:21.7148785Z Get:44 http://azure.archive.ubuntu.com/ubuntu focal-updates/universe amd64 gobjc++-9-multilib amd64 9.4.0-1ubuntu1~20.04.1 [1072 B]
2022-05-07T21:35:21.7240516Z Get:45 http://ppa.launchpad.net/ubuntu-toolchain-r/test/ubuntu focal/main amd64 lib32atomic1 amd64 11.1.0-1ubuntu1~20.04 [7940 B]
2022-05-07T21:35:21.9003254Z Get:46 http://ppa.launchpad.net/ubuntu-toolchain-r/test/ubuntu focal/main amd64 libx32atomic1 amd64 11.1.0-1ubuntu1~20.04 [9212 B]
2022-05-07T21:35:22.0808449Z Get:47 http://ppa.launchpad.net/ubuntu-toolchain-r/test/ubuntu focal/main amd64 lib32ubsan1 amd64 11.1.0-1ubuntu1~20.04 [814 kB]
2022-05-07T21:35:22.7122672Z Get:48 http://ppa.launchpad.net/ubuntu-toolchain-r/test/ubuntu focal/main amd64 libx32stdc++6 amd64 11.1.0-1ubuntu1~20.04 [569 kB]
2022-05-07T21:35:23.3049005Z Get:49 http://ppa.launchpad.net/ubuntu-toolchain-r/test/ubuntu focal/main amd64 libx32ubsan1 amd64 11.1.0-1ubuntu1~20.04 [822 kB]
2022-05-07T21:35:23.9385870Z Get:50 http://ppa.launchpad.net/ubuntu-toolchain-r/test/ubuntu focal/main amd64 lib32quadmath0 amd64 11.1.0-1ubuntu1~20.04 [228 kB]
2022-05-07T21:35:24.4281821Z Get:51 http://ppa.launchpad.net/ubuntu-toolchain-r/test/ubuntu focal/main amd64 libx32quadmath0 amd64 11.1.0-1ubuntu1~20.04 [148 kB]
2022-05-07T21:35:24.8789029Z Get:52 http://ppa.launchpad.net/ubuntu-toolchain-r/test/ubuntu focal/main amd64 lib32objc4 amd64 11.1.0-1ubuntu1~20.04 [35.9 kB]
2022-05-07T21:35:25.1668651Z Get:53 http://ppa.launchpad.net/ubuntu-toolchain-r/test/ubuntu focal/main amd64 libx32objc4 amd64 11.1.0-1ubuntu1~20.04 [33.7 kB]
2022-05-07T21:35:25.8205504Z Fetched 93.1 MB in 5s (17.3 MB/s)
2022-05-07T21:35:25.8557445Z Selecting previously unselected package gcc-8-base:amd64.
2022-05-07T21:35:25.8761426Z (Reading database ... 
2022-05-07T21:35:25.8762005Z (Reading database ... 5%
2022-05-07T21:35:25.8763883Z (Reading database ... 10%
2022-05-07T21:35:25.8764338Z (Reading database ... 15%
2022-05-07T21:35:25.8764788Z (Reading database ... 20%
2022-05-07T21:35:25.8765485Z (Reading database ... 25%
2022-05-07T21:35:25.8765797Z (Reading database ... 30%
2022-05-07T21:35:25.8766054Z (Reading database ... 35%
2022-05-07T21:35:25.8766294Z (Reading database ... 40%
2022-05-07T21:35:25.8766567Z (Reading database ... 45%
2022-05-07T21:35:25.8766808Z (Reading database ... 50%
2022-05-07T21:35:25.9026587Z (Reading database ... 55%
2022-05-07T21:35:25.9363282Z (Reading database ... 60%
2022-05-07T21:35:25.9619203Z (Reading database ... 65%
2022-05-07T21:35:25.9801583Z (Reading database ... 70%
2022-05-07T21:35:26.0406938Z (Reading database ... 75%
2022-05-07T21:35:26.0749867Z (Reading database ... 80%
2022-05-07T21:35:26.1561831Z (Reading database ... 85%
2022-05-07T21:35:26.2334246Z (Reading database ... 90%
2022-05-07T21:35:26.2772401Z (Reading database ... 95%
2022-05-07T21:35:26.2772733Z (Reading database ... 100%
2022-05-07T21:35:26.2773091Z (Reading database ... 242920 files and directories currently installed.)
2022-05-07T21:35:26.2896551Z Preparing to unpack .../00-gcc-8-base_8.4.0-3ubuntu2_amd64.deb ...
2022-05-07T21:35:26.2946535Z Unpacking gcc-8-base:amd64 (8.4.0-3ubuntu2) ...
2022-05-07T21:35:26.3202645Z Selecting previously unselected package cpp-8.
2022-05-07T21:35:26.3461977Z Preparing to unpack .../01-cpp-8_8.4.0-3ubuntu2_amd64.deb ...
2022-05-07T21:35:26.3471381Z Unpacking cpp-8 (8.4.0-3ubuntu2) ...
2022-05-07T21:35:27.1842049Z Selecting previously unselected package libmpx2:amd64.
2022-05-07T21:35:27.2107282Z Preparing to unpack .../02-libmpx2_8.4.0-3ubuntu2_amd64.deb ...
2022-05-07T21:35:27.2323040Z Unpacking libmpx2:amd64 (8.4.0-3ubuntu2) ...
2022-05-07T21:35:27.2595769Z Selecting previously unselected package libgcc-8-dev:amd64.
2022-05-07T21:35:27.2832585Z Preparing to unpack .../03-libgcc-8-dev_8.4.0-3ubuntu2_amd64.deb ...
2022-05-07T21:35:27.2842642Z Unpacking libgcc-8-dev:amd64 (8.4.0-3ubuntu2) ...
2022-05-07T21:35:27.5083674Z Selecting previously unselected package gcc-8.
2022-05-07T21:35:27.5294717Z Preparing to unpack .../04-gcc-8_8.4.0-3ubuntu2_amd64.deb ...
2022-05-07T21:35:27.5305971Z Unpacking gcc-8 (8.4.0-3ubuntu2) ...
2022-05-07T21:35:28.3762625Z Selecting previously unselected package libstdc++-8-dev:amd64.
2022-05-07T21:35:28.4020921Z Preparing to unpack .../05-libstdc++-8-dev_8.4.0-3ubuntu2_amd64.deb ...
2022-05-07T21:35:28.4030697Z Unpacking libstdc++-8-dev:amd64 (8.4.0-3ubuntu2) ...
2022-05-07T21:35:28.6686672Z Selecting previously unselected package g++-8.
2022-05-07T21:35:28.6958591Z Preparing to unpack .../06-g++-8_8.4.0-3ubuntu2_amd64.deb ...
2022-05-07T21:35:28.6968367Z Unpacking g++-8 (8.4.0-3ubuntu2) ...
2022-05-07T21:35:29.6002438Z Selecting previously unselected package libc6-dev-i386.
2022-05-07T21:35:29.6267996Z Preparing to unpack .../07-libc6-dev-i386_2.31-0ubuntu9.7_amd64.deb ...
2022-05-07T21:35:29.6278538Z Unpacking libc6-dev-i386 (2.31-0ubuntu9.7) ...
2022-05-07T21:35:29.8496660Z Selecting previously unselected package libc6-x32.
2022-05-07T21:35:29.8764964Z Preparing to unpack .../08-libc6-x32_2.31-0ubuntu9.7_amd64.deb ...
2022-05-07T21:35:29.8776653Z Unpacking libc6-x32 (2.31-0ubuntu9.7) ...
2022-05-07T21:35:30.1844253Z Selecting previously unselected package libc6-dev-x32.
2022-05-07T21:35:30.2089936Z Preparing to unpack .../09-libc6-dev-x32_2.31-0ubuntu9.7_amd64.deb ...
2022-05-07T21:35:30.2100600Z Unpacking libc6-dev-x32 (2.31-0ubuntu9.7) ...
2022-05-07T21:35:30.4404213Z Selecting previously unselected package libx32gcc-s1.
2022-05-07T21:35:30.4616462Z Preparing to unpack .../10-libx32gcc-s1_11.1.0-1ubuntu1~20.04_amd64.deb ...
2022-05-07T21:35:30.4628858Z Unpacking libx32gcc-s1 (11.1.0-1ubuntu1~20.04) ...
2022-05-07T21:35:30.4922000Z Selecting previously unselected package lib32gomp1.
2022-05-07T21:35:30.5188139Z Preparing to unpack .../11-lib32gomp1_11.1.0-1ubuntu1~20.04_amd64.deb ...
2022-05-07T21:35:30.5198294Z Unpacking lib32gomp1 (11.1.0-1ubuntu1~20.04) ...
2022-05-07T21:35:30.5563071Z Selecting previously unselected package libx32gomp1.
2022-05-07T21:35:30.5810142Z Preparing to unpack .../12-libx32gomp1_11.1.0-1ubuntu1~20.04_amd64.deb ...
2022-05-07T21:35:30.5819619Z Unpacking libx32gomp1 (11.1.0-1ubuntu1~20.04) ...
2022-05-07T21:35:30.6157268Z Selecting previously unselected package lib32itm1.
2022-05-07T21:35:30.6433124Z Preparing to unpack .../13-lib32itm1_11.1.0-1ubuntu1~20.04_amd64.deb ...
2022-05-07T21:35:30.6443742Z Unpacking lib32itm1 (11.1.0-1ubuntu1~20.04) ...
2022-05-07T21:35:30.6802927Z Selecting previously unselected package libx32itm1.
2022-05-07T21:35:30.7042422Z Preparing to unpack .../14-libx32itm1_11.1.0-1ubuntu1~20.04_amd64.deb ...
2022-05-07T21:35:30.7050831Z Unpacking libx32itm1 (11.1.0-1ubuntu1~20.04) ...
2022-05-07T21:35:30.7322089Z Selecting previously unselected package lib32atomic1.
2022-05-07T21:35:30.7586583Z Preparing to unpack .../15-lib32atomic1_11.1.0-1ubuntu1~20.04_amd64.deb ...
2022-05-07T21:35:30.7597048Z Unpacking lib32atomic1 (11.1.0-1ubuntu1~20.04) ...
2022-05-07T21:35:30.7852499Z Selecting previously unselected package libx32atomic1.
2022-05-07T21:35:30.8121467Z Preparing to unpack .../16-libx32atomic1_11.1.0-1ubuntu1~20.04_amd64.deb ...
2022-05-07T21:35:30.8134603Z Unpacking libx32atomic1 (11.1.0-1ubuntu1~20.04) ...
2022-05-07T21:35:30.8381326Z Selecting previously unselected package lib32asan5.
2022-05-07T21:35:30.8656286Z Preparing to unpack .../17-lib32asan5_9.4.0-1ubuntu1~20.04.1_amd64.deb ...
2022-05-07T21:35:30.8666604Z Unpacking lib32asan5 (9.4.0-1ubuntu1~20.04.1) ...
2022-05-07T21:35:31.1641909Z Selecting previously unselected package libx32asan5.
2022-05-07T21:35:31.1867544Z Preparing to unpack .../18-libx32asan5_9.4.0-1ubuntu1~20.04.1_amd64.deb ...
2022-05-07T21:35:31.1876334Z Unpacking libx32asan5 (9.4.0-1ubuntu1~20.04.1) ...
2022-05-07T21:35:31.4733578Z Selecting previously unselected package lib32ubsan1.
2022-05-07T21:35:31.5002431Z Preparing to unpack .../19-lib32ubsan1_11.1.0-1ubuntu1~20.04_amd64.deb ...
2022-05-07T21:35:31.5012549Z Unpacking lib32ubsan1 (11.1.0-1ubuntu1~20.04) ...
2022-05-07T21:35:31.6065350Z Selecting previously unselected package libx32stdc++6.
2022-05-07T21:35:31.6331097Z Preparing to unpack .../20-libx32stdc++6_11.1.0-1ubuntu1~20.04_amd64.deb ...
2022-05-07T21:35:31.6341109Z Unpacking libx32stdc++6 (11.1.0-1ubuntu1~20.04) ...
2022-05-07T21:35:31.7122249Z Selecting previously unselected package libx32ubsan1.
2022-05-07T21:35:31.7376269Z Preparing to unpack .../21-libx32ubsan1_11.1.0-1ubuntu1~20.04_amd64.deb ...
2022-05-07T21:35:31.7388659Z Unpacking libx32ubsan1 (11.1.0-1ubuntu1~20.04) ...
2022-05-07T21:35:31.8523541Z Selecting previously unselected package lib32mpx2.
2022-05-07T21:35:31.8722997Z Preparing to unpack .../22-lib32mpx2_8.4.0-3ubuntu2_amd64.deb ...
2022-05-07T21:35:31.8737262Z Unpacking lib32mpx2 (8.4.0-3ubuntu2) ...
2022-05-07T21:35:31.9042661Z Selecting previously unselected package lib32quadmath0.
2022-05-07T21:35:31.9297403Z Preparing to unpack .../23-lib32quadmath0_11.1.0-1ubuntu1~20.04_amd64.deb ...
2022-05-07T21:35:31.9311012Z Unpacking lib32quadmath0 (11.1.0-1ubuntu1~20.04) ...
2022-05-07T21:35:31.9774474Z Selecting previously unselected package libx32quadmath0.
2022-05-07T21:35:32.0036105Z Preparing to unpack .../24-libx32quadmath0_11.1.0-1ubuntu1~20.04_amd64.deb ...
2022-05-07T21:35:32.0045973Z Unpacking libx32quadmath0 (11.1.0-1ubuntu1~20.04) ...
2022-05-07T21:35:32.0443149Z Selecting previously unselected package lib32gcc-8-dev.
2022-05-07T21:35:32.0675341Z Preparing to unpack .../25-lib32gcc-8-dev_8.4.0-3ubuntu2_amd64.deb ...
2022-05-07T21:35:32.0686614Z Unpacking lib32gcc-8-dev (8.4.0-3ubuntu2) ...
2022-05-07T21:35:32.2539417Z Selecting previously unselected package libx32gcc-8-dev.
2022-05-07T21:35:32.2805868Z Preparing to unpack .../26-libx32gcc-8-dev_8.4.0-3ubuntu2_amd64.deb ...
2022-05-07T21:35:32.2814588Z Unpacking libx32gcc-8-dev (8.4.0-3ubuntu2) ...
2022-05-07T21:35:32.4563551Z Selecting previously unselected package gcc-8-multilib.
2022-05-07T21:35:32.4766731Z Preparing to unpack .../27-gcc-8-multilib_8.4.0-3ubuntu2_amd64.deb ...
2022-05-07T21:35:32.4777827Z Unpacking gcc-8-multilib (8.4.0-3ubuntu2) ...
2022-05-07T21:35:32.5003265Z Selecting previously unselected package lib32stdc++-8-dev.
2022-05-07T21:35:32.5265481Z Preparing to unpack .../28-lib32stdc++-8-dev_8.4.0-3ubuntu2_amd64.deb ...
2022-05-07T21:35:32.5276249Z Unpacking lib32stdc++-8-dev (8.4.0-3ubuntu2) ...
2022-05-07T21:35:32.6388091Z Selecting previously unselected package libx32stdc++-8-dev.
2022-05-07T21:35:32.6652262Z Preparing to unpack .../29-libx32stdc++-8-dev_8.4.0-3ubuntu2_amd64.deb ...
2022-05-07T21:35:32.6666236Z Unpacking libx32stdc++-8-dev (8.4.0-3ubuntu2) ...
2022-05-07T21:35:32.7706957Z Selecting previously unselected package g++-8-multilib.
2022-05-07T21:35:32.7970332Z Preparing to unpack .../30-g++-8-multilib_8.4.0-3ubuntu2_amd64.deb ...
2022-05-07T21:35:32.7979413Z Unpacking g++-8-multilib (8.4.0-3ubuntu2) ...
2022-05-07T21:35:32.8234779Z Selecting previously unselected package lib32gcc-9-dev.
2022-05-07T21:35:32.8498732Z Preparing to unpack .../31-lib32gcc-9-dev_9.4.0-1ubuntu1~20.04.1_amd64.deb ...
2022-05-07T21:35:32.8511494Z Unpacking lib32gcc-9-dev (9.4.0-1ubuntu1~20.04.1) ...
2022-05-07T21:35:33.0422044Z Selecting previously unselected package libx32gcc-9-dev.
2022-05-07T21:35:33.0680461Z Preparing to unpack .../32-libx32gcc-9-dev_9.4.0-1ubuntu1~20.04.1_amd64.deb ...
2022-05-07T21:35:33.0689995Z Unpacking libx32gcc-9-dev (9.4.0-1ubuntu1~20.04.1) ...
2022-05-07T21:35:33.2387900Z Selecting previously unselected package gcc-9-multilib.
2022-05-07T21:35:33.2645985Z Preparing to unpack .../33-gcc-9-multilib_9.4.0-1ubuntu1~20.04.1_amd64.deb ...
2022-05-07T21:35:33.2655904Z Unpacking gcc-9-multilib (9.4.0-1ubuntu1~20.04.1) ...
2022-05-07T21:35:33.2882134Z Selecting previously unselected package lib32stdc++-9-dev.
2022-05-07T21:35:33.3125839Z Preparing to unpack .../34-lib32stdc++-9-dev_9.4.0-1ubuntu1~20.04.1_amd64.deb ...
2022-05-07T21:35:33.3137608Z Unpacking lib32stdc++-9-dev (9.4.0-1ubuntu1~20.04.1) ...
2022-05-07T21:35:33.4282235Z Selecting previously unselected package libx32stdc++-9-dev.
2022-05-07T21:35:33.4543210Z Preparing to unpack .../35-libx32stdc++-9-dev_9.4.0-1ubuntu1~20.04.1_amd64.deb ...
2022-05-07T21:35:33.4553802Z Unpacking libx32stdc++-9-dev (9.4.0-1ubuntu1~20.04.1) ...
2022-05-07T21:35:33.5682206Z Selecting previously unselected package g++-9-multilib.
2022-05-07T21:35:33.5926952Z Preparing to unpack .../36-g++-9-multilib_9.4.0-1ubuntu1~20.04.1_amd64.deb ...
2022-05-07T21:35:33.5937071Z Unpacking g++-9-multilib (9.4.0-1ubuntu1~20.04.1) ...
2022-05-07T21:35:33.6147877Z Selecting previously unselected package gcc-multilib.
2022-05-07T21:35:33.6410338Z Preparing to unpack .../37-gcc-multilib_4%3a9.3.0-1ubuntu2_amd64.deb ...
2022-05-07T21:35:33.6419195Z Unpacking gcc-multilib (4:9.3.0-1ubuntu2) ...
2022-05-07T21:35:33.6642417Z Selecting previously unselected package libobjc-8-dev:amd64.
2022-05-07T21:35:33.6904878Z Preparing to unpack .../38-libobjc-8-dev_8.4.0-3ubuntu2_amd64.deb ...
2022-05-07T21:35:33.6913462Z Unpacking libobjc-8-dev:amd64 (8.4.0-3ubuntu2) ...
2022-05-07T21:35:33.7430216Z Selecting previously unselected package gobjc-8.
2022-05-07T21:35:33.7692427Z Preparing to unpack .../39-gobjc-8_8.4.0-3ubuntu2_amd64.deb ...
2022-05-07T21:35:33.7701430Z Unpacking gobjc-8 (8.4.0-3ubuntu2) ...
2022-05-07T21:35:34.5723877Z Selecting previously unselected package gobjc++-8.
2022-05-07T21:35:34.5971293Z Preparing to unpack .../40-gobjc++-8_8.4.0-3ubuntu2_amd64.deb ...
2022-05-07T21:35:34.5979753Z Unpacking gobjc++-8 (8.4.0-3ubuntu2) ...
2022-05-07T21:35:35.4722125Z Selecting previously unselected package lib32objc4.
2022-05-07T21:35:35.4921244Z Preparing to unpack .../41-lib32objc4_11.1.0-1ubuntu1~20.04_amd64.deb ...
2022-05-07T21:35:35.4945614Z Unpacking lib32objc4 (11.1.0-1ubuntu1~20.04) ...
2022-05-07T21:35:35.5243079Z Selecting previously unselected package lib32objc-8-dev.
2022-05-07T21:35:35.5485265Z Preparing to unpack .../42-lib32objc-8-dev_8.4.0-3ubuntu2_amd64.deb ...
2022-05-07T21:35:35.5495810Z Unpacking lib32objc-8-dev (8.4.0-3ubuntu2) ...
2022-05-07T21:35:35.5933139Z Selecting previously unselected package libx32objc4.
2022-05-07T21:35:35.6196412Z Preparing to unpack .../43-libx32objc4_11.1.0-1ubuntu1~20.04_amd64.deb ...
2022-05-07T21:35:35.6211976Z Unpacking libx32objc4 (11.1.0-1ubuntu1~20.04) ...
2022-05-07T21:35:35.6468775Z Selecting previously unselected package libx32objc-8-dev.
2022-05-07T21:35:35.6730386Z Preparing to unpack .../44-libx32objc-8-dev_8.4.0-3ubuntu2_amd64.deb ...
2022-05-07T21:35:35.6743314Z Unpacking libx32objc-8-dev (8.4.0-3ubuntu2) ...
2022-05-07T21:35:35.7178537Z Selecting previously unselected package gobjc-8-multilib.
2022-05-07T21:35:35.7437475Z Preparing to unpack .../45-gobjc-8-multilib_8.4.0-3ubuntu2_amd64.deb ...
2022-05-07T21:35:35.7452183Z Unpacking gobjc-8-multilib (8.4.0-3ubuntu2) ...
2022-05-07T21:35:35.7723919Z Selecting previously unselected package gobjc++-8-multilib.
2022-05-07T21:35:35.7939422Z Preparing to unpack .../46-gobjc++-8-multilib_8.4.0-3ubuntu2_amd64.deb ...
2022-05-07T21:35:35.7950199Z Unpacking gobjc++-8-multilib (8.4.0-3ubuntu2) ...
2022-05-07T21:35:35.8203060Z Selecting previously unselected package gobjc-9.
2022-05-07T21:35:35.8441527Z Preparing to unpack .../47-gobjc-9_9.4.0-1ubuntu1~20.04.1_amd64.deb ...
2022-05-07T21:35:35.8451312Z Unpacking gobjc-9 (9.4.0-1ubuntu1~20.04.1) ...
2022-05-07T21:35:36.5295419Z Selecting previously unselected package gobjc++-9.
2022-05-07T21:35:36.5555206Z Preparing to unpack .../48-gobjc++-9_9.4.0-1ubuntu1~20.04.1_amd64.deb ...
2022-05-07T21:35:36.5566836Z Unpacking gobjc++-9 (9.4.0-1ubuntu1~20.04.1) ...
2022-05-07T21:35:37.2868488Z Selecting previously unselected package lib32objc-9-dev.
2022-05-07T21:35:37.3129566Z Preparing to unpack .../49-lib32objc-9-dev_9.4.0-1ubuntu1~20.04.1_amd64.deb ...
2022-05-07T21:35:37.3144597Z Unpacking lib32objc-9-dev (9.4.0-1ubuntu1~20.04.1) ...
2022-05-07T21:35:37.3574605Z Selecting previously unselected package libx32objc-9-dev.
2022-05-07T21:35:37.3839741Z Preparing to unpack .../50-libx32objc-9-dev_9.4.0-1ubuntu1~20.04.1_amd64.deb ...
2022-05-07T21:35:37.3853909Z Unpacking libx32objc-9-dev (9.4.0-1ubuntu1~20.04.1) ...
2022-05-07T21:35:37.4285650Z Selecting previously unselected package gobjc-9-multilib.
2022-05-07T21:35:37.4548703Z Preparing to unpack .../51-gobjc-9-multilib_9.4.0-1ubuntu1~20.04.1_amd64.deb ...
2022-05-07T21:35:37.4560651Z Unpacking gobjc-9-multilib (9.4.0-1ubuntu1~20.04.1) ...
2022-05-07T21:35:37.4787829Z Selecting previously unselected package gobjc++-9-multilib.
2022-05-07T21:35:37.5052301Z Preparing to unpack .../52-gobjc++-9-multilib_9.4.0-1ubuntu1~20.04.1_amd64.deb ...
2022-05-07T21:35:37.5066474Z Unpacking gobjc++-9-multilib (9.4.0-1ubuntu1~20.04.1) ...
2022-05-07T21:35:37.5681948Z Setting up libc6-dev-i386 (2.31-0ubuntu9.7) ...
2022-05-07T21:35:37.5708779Z Setting up lib32itm1 (11.1.0-1ubuntu1~20.04) ...
2022-05-07T21:35:37.5733573Z Setting up gobjc-9 (9.4.0-1ubuntu1~20.04.1) ...
2022-05-07T21:35:37.5758579Z Setting up lib32objc4 (11.1.0-1ubuntu1~20.04) ...
2022-05-07T21:35:37.5780009Z Setting up lib32ubsan1 (11.1.0-1ubuntu1~20.04) ...
2022-05-07T21:35:37.5809985Z Setting up libc6-x32 (2.31-0ubuntu9.7) ...
2022-05-07T21:35:37.5841609Z Setting up libc6-dev-x32 (2.31-0ubuntu9.7) ...
2022-05-07T21:35:37.5865641Z Setting up lib32gomp1 (11.1.0-1ubuntu1~20.04) ...
2022-05-07T21:35:37.5889253Z Setting up gcc-8-base:amd64 (8.4.0-3ubuntu2) ...
2022-05-07T21:35:37.5910727Z Setting up lib32mpx2 (8.4.0-3ubuntu2) ...
2022-05-07T21:35:37.5937050Z Setting up libx32gomp1 (11.1.0-1ubuntu1~20.04) ...
2022-05-07T21:35:37.5966512Z Setting up libmpx2:amd64 (8.4.0-3ubuntu2) ...
2022-05-07T21:35:37.5991667Z Setting up lib32quadmath0 (11.1.0-1ubuntu1~20.04) ...
2022-05-07T21:35:37.6015293Z Setting up libx32quadmath0 (11.1.0-1ubuntu1~20.04) ...
2022-05-07T21:35:37.6039390Z Setting up gobjc++-9 (9.4.0-1ubuntu1~20.04.1) ...
2022-05-07T21:35:37.6062465Z Setting up cpp-8 (8.4.0-3ubuntu2) ...
2022-05-07T21:35:37.6089951Z Setting up lib32asan5 (9.4.0-1ubuntu1~20.04.1) ...
2022-05-07T21:35:37.6116300Z Setting up lib32atomic1 (11.1.0-1ubuntu1~20.04) ...
2022-05-07T21:35:37.6141529Z Setting up libx32atomic1 (11.1.0-1ubuntu1~20.04) ...
2022-05-07T21:35:37.6169404Z Setting up libx32gcc-s1 (11.1.0-1ubuntu1~20.04) ...
2022-05-07T21:35:37.6198408Z Setting up libx32itm1 (11.1.0-1ubuntu1~20.04) ...
2022-05-07T21:35:37.6231193Z Setting up libgcc-8-dev:amd64 (8.4.0-3ubuntu2) ...
2022-05-07T21:35:37.6253441Z Setting up libx32asan5 (9.4.0-1ubuntu1~20.04.1) ...
2022-05-07T21:35:37.6276270Z Setting up libstdc++-8-dev:amd64 (8.4.0-3ubuntu2) ...
2022-05-07T21:35:37.6297727Z Setting up libx32stdc++6 (11.1.0-1ubuntu1~20.04) ...
2022-05-07T21:35:37.6322340Z Setting up libx32objc4 (11.1.0-1ubuntu1~20.04) ...
2022-05-07T21:35:37.6344205Z Setting up gcc-8 (8.4.0-3ubuntu2) ...
2022-05-07T21:35:37.6369883Z Setting up libx32ubsan1 (11.1.0-1ubuntu1~20.04) ...
2022-05-07T21:35:37.6399071Z Setting up libobjc-8-dev:amd64 (8.4.0-3ubuntu2) ...
2022-05-07T21:35:37.6423904Z Setting up lib32gcc-9-dev (9.4.0-1ubuntu1~20.04.1) ...
2022-05-07T21:35:37.6449367Z Setting up libx32gcc-9-dev (9.4.0-1ubuntu1~20.04.1) ...
2022-05-07T21:35:37.6472880Z Setting up lib32objc-9-dev (9.4.0-1ubuntu1~20.04.1) ...
2022-05-07T21:35:37.6499530Z Setting up g++-8 (8.4.0-3ubuntu2) ...
2022-05-07T21:35:37.6522504Z Setting up libx32gcc-8-dev (8.4.0-3ubuntu2) ...
2022-05-07T21:35:37.6547498Z Setting up lib32gcc-8-dev (8.4.0-3ubuntu2) ...
2022-05-07T21:35:37.6571792Z Setting up lib32stdc++-9-dev (9.4.0-1ubuntu1~20.04.1) ...
2022-05-07T21:35:37.6595809Z Setting up libx32stdc++-9-dev (9.4.0-1ubuntu1~20.04.1) ...
2022-05-07T21:35:37.6618571Z Setting up libx32objc-8-dev (8.4.0-3ubuntu2) ...
2022-05-07T21:35:37.6642042Z Setting up gcc-8-multilib (8.4.0-3ubuntu2) ...
2022-05-07T21:35:37.6665802Z Setting up gcc-9-multilib (9.4.0-1ubuntu1~20.04.1) ...
2022-05-07T21:35:37.6690500Z Setting up libx32objc-9-dev (9.4.0-1ubuntu1~20.04.1) ...
2022-05-07T21:35:37.6711298Z Setting up gobjc-8 (8.4.0-3ubuntu2) ...
2022-05-07T21:35:37.6734430Z Setting up lib32objc-8-dev (8.4.0-3ubuntu2) ...
2022-05-07T21:35:37.6759518Z Setting up lib32stdc++-8-dev (8.4.0-3ubuntu2) ...
2022-05-07T21:35:37.6843385Z Setting up libx32stdc++-8-dev (8.4.0-3ubuntu2) ...
2022-05-07T21:35:37.6867188Z Setting up g++-8-multilib (8.4.0-3ubuntu2) ...
2022-05-07T21:35:37.6892929Z Setting up gobjc++-8 (8.4.0-3ubuntu2) ...
2022-05-07T21:35:37.6917494Z Setting up gcc-multilib (4:9.3.0-1ubuntu2) ...
2022-05-07T21:35:37.6943683Z Setting up gobjc-8-multilib (8.4.0-3ubuntu2) ...
2022-05-07T21:35:37.6971754Z Setting up g++-9-multilib (9.4.0-1ubuntu1~20.04.1) ...
2022-05-07T21:35:37.6997833Z Setting up gobjc-9-multilib (9.4.0-1ubuntu1~20.04.1) ...
2022-05-07T21:35:37.7020431Z Setting up gobjc++-8-multilib (8.4.0-3ubuntu2) ...
2022-05-07T21:35:37.7045811Z Setting up gobjc++-9-multilib (9.4.0-1ubuntu1~20.04.1) ...
2022-05-07T21:35:37.7081615Z Processing triggers for man-db (2.9.1-1) ...
2022-05-07T21:35:39.0311742Z Processing triggers for libc-bin (2.31-0ubuntu9.7) ...
2022-05-07T21:35:40.9837852Z Prepare all required actions
2022-05-07T21:35:40.9838221Z Getting action download info
2022-05-07T21:35:41.1124454Z Download action repository 'actions/setup-java@v2' (SHA:f0bb91606209742fe3ea40199be2f3ef195ecabf)
2022-05-07T21:35:41.3650062Z Download action repository 'gradle/gradle-build-action@v2' (SHA:fec4a42eb0c83154e5c9590748ba8337949c5701)
2022-05-07T21:35:41.7426770Z ##[group]Run ./.github/actions/gradle
2022-05-07T21:35:41.7427023Z with:
2022-05-07T21:35:41.7427249Z   arguments: fullTest
2022-05-07T21:35:41.7427716Z   build-cache-username: ***
2022-05-07T21:35:41.7428075Z   build-cache-password: ***
2022-05-07T21:35:41.7428523Z   build-scan-access-key: ***
2022-05-07T21:35:41.7428911Z   github-token: ***
2022-05-07T21:35:41.7429142Z ##[endgroup]
2022-05-07T21:35:41.7469375Z ##[group]Run actions/setup-java@v2
2022-05-07T21:35:41.7469628Z with:
2022-05-07T21:35:41.7469852Z   distribution: temurin
2022-05-07T21:35:41.7470088Z   java-version: 8
2022-05-07T21:35:41.7470375Z   java-package: jdk
2022-05-07T21:35:41.7470617Z   architecture: x64
2022-05-07T21:35:41.7470856Z   check-latest: false
2022-05-07T21:35:41.7471092Z   server-id: github
2022-05-07T21:35:41.7471337Z   server-username: GITHUB_ACTOR
2022-05-07T21:35:41.7471620Z   server-password: GITHUB_TOKEN
2022-05-07T21:35:41.7471882Z   overwrite-settings: true
2022-05-07T21:35:41.7472127Z   job-status: success
2022-05-07T21:35:41.7472359Z ##[endgroup]
2022-05-07T21:35:41.9435906Z Resolved Java 8.0.322+6 from tool-cache
2022-05-07T21:35:41.9436615Z Setting Java 8.0.322+6 as the default
2022-05-07T21:35:41.9451311Z 
2022-05-07T21:35:41.9451841Z Java configuration:
2022-05-07T21:35:41.9452349Z   Distribution: temurin
2022-05-07T21:35:41.9453574Z   Version: 8.0.322+6
2022-05-07T21:35:41.9454032Z   Path: /opt/hostedtoolcache/Java_Temurin-Hotspot_jdk/8.0.322-6/x64
2022-05-07T21:35:41.9454350Z 
2022-05-07T21:35:41.9478836Z Creating settings.xml with server-id: github
2022-05-07T21:35:41.9557342Z Writing to /home/runner/.m2/settings.xml
2022-05-07T21:35:41.9769681Z ##[group]Run gradle/gradle-build-action@v2
2022-05-07T21:35:41.9769962Z with:
2022-05-07T21:35:41.9770875Z   arguments: fullTest --no-daemon --continue "-Dgradle.enterprise.url=https://ge.nokee.dev/" "-Dgradle.cache.remote.username=***" "-Dgradle.cache.remote.***" "-Dgradle.cache.remote.push=true"
2022-05-07T21:35:41.9771426Z   gradle-version: wrapper
2022-05-07T21:35:41.9771681Z   cache-disabled: false
2022-05-07T21:35:41.9771933Z   cache-read-only: false
2022-05-07T21:35:41.9772249Z   gradle-home-cache-includes: caches
notifications

2022-05-07T21:35:41.9772559Z   cache-write-only: false
2022-05-07T21:35:41.9772853Z   gradle-home-cache-strict-match: false
2022-05-07T21:35:41.9773172Z   workflow-job-context: {
  "os": "ubuntu-latest"
}
2022-05-07T21:35:41.9773445Z env:
2022-05-07T21:35:41.9773749Z   JAVA_HOME: /opt/hostedtoolcache/Java_Temurin-Hotspot_jdk/8.0.322-6/x64
2022-05-07T21:35:41.9774251Z   GRADLE_ENTERPRISE_ACCESS_KEY: ***
2022-05-07T21:35:41.9774504Z ##[endgroup]
2022-05-07T21:35:42.2258050Z ##[group]Restore Gradle state from cache
2022-05-07T21:35:43.0977218Z Received 60199503 of 60199503 (100.0%), 82.6 MBs/sec
2022-05-07T21:35:43.0978698Z Cache Size: ~57 MB (60199503 B)
2022-05-07T21:35:43.1003996Z [command]/usr/bin/tar --use-compress-program zstd -d -xf /home/runner/work/_temp/3ee70d8e-ab5a-481a-a71e-4753374da885/cache.tzst -P -C /home/runner/work/gradle-native/gradle-native
2022-05-07T21:35:43.7459917Z Cache restored successfully
2022-05-07T21:35:43.7564476Z Restored Gradle User Home from cache key: v6-gradle|Linux|full-test[a3a164af17925c8f50f88ec891fcd8a6]-c1206950bd6ca0493324fc206847ea6f9bf7fb82
2022-05-07T21:35:43.8289791Z Did not restore wrapper-zips with key wrapper-zips-de50ee5b520e9ccdee4cc99c0eb2f850 to /home/runner/.gradle/wrapper/dists/gradle-6.2.1-bin/5m14x4d33sfxbtkeo25s43l8q/gradle-6.2.1-bin.zip
2022-05-07T21:35:44.8886895Z Received 8388608 of 115836851 (7.2%), 7.8 MBs/sec
2022-05-07T21:35:44.9169259Z Received 4194304 of 416416754 (1.0%), 4.0 MBs/sec
2022-05-07T21:35:44.9686106Z Received 4194304 of 115841705 (3.6%), 4.0 MBs/sec
2022-05-07T21:35:45.0131936Z Received 4194304 of 120552430 (3.5%), 4.0 MBs/sec
2022-05-07T21:35:45.2622460Z Received 7347099 of 15735707 (46.7%), 7.0 MBs/sec
2022-05-07T21:35:45.2884311Z Received 4194304 of 120552639 (3.5%), 4.0 MBs/sec
2022-05-07T21:35:45.3234135Z Received 12582912 of 120535071 (10.4%), 12.0 MBs/sec
2022-05-07T21:35:45.5110813Z Received 15735707 of 15735707 (100.0%), 12.0 MBs/sec
2022-05-07T21:35:45.5111823Z Cache Size: ~15 MB (15735707 B)
2022-05-07T21:35:45.8079676Z [command]/usr/bin/tar --use-compress-program zstd -d -xf /home/runner/work/_temp/1abd8fef-0d52-490f-857b-f2087f05e1c4/cache.tzst -P -C /home/runner/work/gradle-native/gradle-native
2022-05-07T21:35:45.8953999Z Received 62914560 of 115836851 (54.3%), 29.6 MBs/sec
2022-05-07T21:35:45.9214187Z Received 67108864 of 416416754 (16.1%), 31.9 MBs/sec
2022-05-07T21:35:45.9814975Z Received 46137344 of 115841705 (39.8%), 21.8 MBs/sec
2022-05-07T21:35:46.0155216Z Received 46137344 of 120552430 (38.3%), 21.9 MBs/sec
2022-05-07T21:35:46.0901912Z Cache restored successfully
2022-05-07T21:35:46.1170872Z Restored instrumented-jars with key instrumented-jars-69940f5aa5c722d0017350c4bcfcb002 to /home/runner/.gradle/caches/jars-*/*
2022-05-07T21:35:46.2954535Z Received 41943040 of 120552639 (34.8%), 19.9 MBs/sec
2022-05-07T21:35:46.3284635Z Received 58720256 of 120535071 (48.7%), 27.9 MBs/sec
2022-05-07T21:35:46.9085671Z Received 111642547 of 115836851 (96.4%), 35.0 MBs/sec
2022-05-07T21:35:46.9344181Z Received 100663296 of 416416754 (24.2%), 31.8 MBs/sec
2022-05-07T21:35:46.9858478Z Received 96468992 of 115841705 (83.3%), 30.5 MBs/sec
2022-05-07T21:35:47.0229827Z Received 88080384 of 120552430 (73.1%), 27.9 MBs/sec
2022-05-07T21:35:47.1185891Z Received 115836851 of 115836851 (100.0%), 34.0 MBs/sec
2022-05-07T21:35:47.1189610Z Cache Size: ~110 MB (115836851 B)
2022-05-07T21:35:47.3033105Z Received 88080384 of 120552639 (73.1%), 27.9 MBs/sec
2022-05-07T21:35:47.3419643Z Received 116340767 of 120535071 (96.5%), 36.7 MBs/sec
2022-05-07T21:35:47.3969598Z [command]/usr/bin/tar --use-compress-program zstd -d -xf /home/runner/work/_temp/eceb9c1c-0a10-43ae-8d9f-b268e4e6eec7/cache.tzst -P -C /home/runner/work/gradle-native/gradle-native
2022-05-07T21:35:47.5544124Z Received 120535071 of 120535071 (100.0%), 35.5 MBs/sec
2022-05-07T21:35:47.5544997Z Cache Size: ~115 MB (120535071 B)
2022-05-07T21:35:47.6574400Z Received 115841705 of 115841705 (100.0%), 29.9 MBs/sec
2022-05-07T21:35:47.6576534Z Cache Size: ~110 MB (115841705 B)
2022-05-07T21:35:47.7697425Z Received 120552430 of 120552430 (100.0%), 30.6 MBs/sec
2022-05-07T21:35:47.7698655Z Cache Size: ~115 MB (120552430 B)
2022-05-07T21:35:48.0622219Z Received 120552639 of 120552639 (100.0%), 30.5 MBs/sec
2022-05-07T21:35:48.0625175Z Cache Size: ~115 MB (120552639 B)
2022-05-07T21:35:48.0638563Z Cache restored successfully
2022-05-07T21:35:48.0662545Z Received 155189248 of 416416754 (37.3%), 35.7 MBs/sec
2022-05-07T21:35:48.0872412Z Restored wrapper-zips with key wrapper-zips-9942c79c17b1f8effa920a262d7ea341 to /home/runner/.gradle/wrapper/dists/gradle-7.4.2-bin/48ivgl02cpt2ed3fh9dbalvx8/gradle-7.4.2-bin.zip
2022-05-07T21:35:48.1022013Z [command]/usr/bin/tar --use-compress-program zstd -d -xf /home/runner/work/_temp/7f6e20a5-e3a3-4d06-9403-0fb75870a5b2/cache.tzst -P -C /home/runner/work/gradle-native/gradle-native
2022-05-07T21:35:48.1094708Z [command]/usr/bin/tar --use-compress-program zstd -d -xf /home/runner/work/_temp/ed03275e-6e9d-46b5-aa0e-1d6cd6b334b6/cache.tzst -P -C /home/runner/work/gradle-native/gradle-native
2022-05-07T21:35:48.1173027Z [command]/usr/bin/tar --use-compress-program zstd -d -xf /home/runner/work/_temp/04348e34-36aa-4cfd-b0bb-bb7ffa8a063c/cache.tzst -P -C /home/runner/work/gradle-native/gradle-native
2022-05-07T21:35:48.1251279Z [command]/usr/bin/tar --use-compress-program zstd -d -xf /home/runner/work/_temp/17a17790-a1df-4804-af28-b167b29f8555/cache.tzst -P -C /home/runner/work/gradle-native/gradle-native
2022-05-07T21:35:48.5965391Z Cache restored successfully
2022-05-07T21:35:48.6501776Z Restored wrapper-zips with key wrapper-zips-4504be994a6954df64a259755ca12f5f to /home/runner/.gradle/wrapper/dists/gradle-7.6-20220429113506+0000-bin/3m6bwwlio6sc0286b2ku62lsw/gradle-7.6-20220429113506+0000-bin.zip
2022-05-07T21:35:48.7640314Z Cache restored successfully
2022-05-07T21:35:48.8339731Z Cache restored successfully
2022-05-07T21:35:48.8427543Z Cache restored successfully
2022-05-07T21:35:48.8625314Z Restored wrapper-zips with key wrapper-zips-c3b72b7e1a00dbb5eb006e777329e566 to /home/runner/.gradle/wrapper/dists/gradle-7.6-20220504113807+0000-bin/bw33do5anexwcn52vfjol9ps2/gradle-7.6-20220504113807+0000-bin.zip
2022-05-07T21:35:48.8669992Z Restored wrapper-zips with key wrapper-zips-2b8886f3b1b85f1bc774f6ebd39e31e5 to /home/runner/.gradle/wrapper/dists/gradle-7.4.1-bin/58kw26xllvsiedyf3nujyarhn/gradle-7.4.1-bin.zip
2022-05-07T21:35:49.0659596Z Received 226492416 of 416416754 (54.4%), 41.9 MBs/sec
2022-05-07T21:35:49.1885371Z Restored wrapper-zips with key wrapper-zips-166b52afdf585823e15499735d06ac71 to /home/runner/.gradle/wrapper/dists/gradle-7.6-20220427182905+0000-bin/f56effazei9c56ddje178db27/gradle-7.6-20220427182905+0000-bin.zip
2022-05-07T21:35:50.3568442Z Received 416416754 of 416416754 (100.0%), 61.7 MBs/sec
2022-05-07T21:35:50.3571028Z Cache Size: ~397 MB (416416754 B)
2022-05-07T21:35:50.3719145Z [command]/usr/bin/tar --use-compress-program zstd -d -xf /home/runner/work/_temp/0f147508-5551-4729-afa4-c61ebff4edb9/cache.tzst -P -C /home/runner/work/gradle-native/gradle-native
2022-05-07T21:35:55.8056957Z Cache restored successfully
2022-05-07T21:35:56.1971292Z Restored dependencies with key dependencies-ce2f2ac1b5b4ee4a0b484c63f5090a83 to /home/runner/.gradle/caches/modules-*/files-*/*/*/*/*
2022-05-07T21:35:56.1983864Z Not restoring configuration-cache state, as Gradle User Home was not fully restored
2022-05-07T21:35:56.1995166Z ##[endgroup]
2022-05-07T21:35:56.2011897Z [command]/home/runner/work/gradle-native/gradle-native/gradlew fullTest --no-daemon --continue -Dgradle.enterprise.url=https://ge.nokee.dev/ -Dgradle.cache.remote.username=*** -Dgradle.cache.remote.*** -Dgradle.cache.remote.push=true
2022-05-07T21:36:00.8666445Z To honour the JVM settings for this build a single-use Daemon process will be forked. See https://docs.gradle.org/7.4.1/userguide/gradle_daemon.html#sec:disabling_the_daemon.
2022-05-07T21:36:01.8652150Z Daemon will be stopped at the end of the build 
2022-05-07T21:36:07.9674269Z > Task :nokeebuild-plugins:build-cache:compileJava FROM-CACHE
2022-05-07T21:36:07.9675081Z > Task :nokeebuild-plugins:enterprise:compileJava FROM-CACHE
2022-05-07T21:36:08.0667913Z > Task :nokeebuild-plugins:enterprise:pluginDescriptors
2022-05-07T21:36:08.0668785Z > Task :nokeebuild-plugins:build-cache:pluginDescriptors
2022-05-07T21:36:08.0669408Z > Task :nokeebuild-plugins:build-cache:processResources
2022-05-07T21:36:08.0670105Z > Task :nokeebuild-plugins:build-cache:classes
2022-05-07T21:36:08.0670713Z > Task :nokeebuild-plugins:enterprise:processResources
2022-05-07T21:36:08.0671283Z > Task :nokeebuild-plugins:enterprise:classes
2022-05-07T21:36:08.1658719Z > Task :nokeebuild-plugins:enterprise:jar
2022-05-07T21:36:08.1659870Z > Task :nokeebuild-plugins:build-cache:jar
2022-05-07T21:36:08.1661061Z > Task :nokeebuild-plugins:build-scan:compileJava FROM-CACHE
2022-05-07T21:36:08.1661642Z > Task :nokeebuild-plugins:build-scan:pluginDescriptors
2022-05-07T21:36:08.1662172Z > Task :nokeebuild-plugins:build-scan:processResources
2022-05-07T21:36:08.1662669Z > Task :nokeebuild-plugins:build-scan:classes
2022-05-07T21:36:08.1663122Z > Task :nokeebuild-plugins:build-scan:jar
2022-05-07T21:36:09.8651946Z > Task :nokeebuild-plugins:ide-idea:compileJava FROM-CACHE
2022-05-07T21:36:09.8652904Z > Task :nokeebuild-plugins:ide-idea:pluginDescriptors
2022-05-07T21:36:09.8653707Z > Task :nokeebuild-plugins:basics:compileJava FROM-CACHE
2022-05-07T21:36:09.8654481Z > Task :nokeebuild-plugins:ide-idea:processResources
2022-05-07T21:36:09.8655496Z > Task :nokeebuild-plugins:ide-idea:classes
2022-05-07T21:36:09.8785032Z > Task :nokeebuild-plugins:basics:pluginDescriptors
2022-05-07T21:36:09.8785563Z > Task :nokeebuild-plugins:ide-idea:jar
2022-05-07T21:36:09.8786079Z > Task :nokeebuild-plugins:basics:processResources
2022-05-07T21:36:09.8786553Z > Task :nokeebuild-plugins:basics:classes
2022-05-07T21:36:09.8787001Z > Task :nokeebuild-plugins:basics:jar
2022-05-07T21:36:09.9654641Z > Task :nokeebuild-plugins:testing:compileJava FROM-CACHE
2022-05-07T21:36:09.9655681Z > Task :nokeebuild-plugins:continuous-integration:pluginDescriptors
2022-05-07T21:36:09.9656525Z > Task :nokeebuild-plugins:testing:pluginDescriptors
2022-05-07T21:36:09.9657441Z > Task :nokeebuild-plugins:continuous-integration:processResources
2022-05-07T21:36:09.9658255Z > Task :nokeebuild-plugins:testing:processResources
2022-05-07T21:36:09.9659472Z > Task :nokeebuild-plugins:testing:classes
2022-05-07T21:36:09.9660195Z > Task :nokeebuild-plugins:testing:jar
2022-05-07T21:36:10.0651894Z > Task :nokeebuild-plugins:continuous-integration:compileJava FROM-CACHE
2022-05-07T21:36:10.0653172Z > Task :nokeebuild-plugins:continuous-integration:classes
2022-05-07T21:36:10.0653973Z > Task :nokeebuild-plugins:continuous-integration:jar
2022-05-07T21:36:10.2652412Z 
2022-05-07T21:36:10.2653514Z > Configure project :
2022-05-07T21:36:10.2654371Z Building version '0.4.0'
2022-05-07T21:36:10.2655191Z   - reason: shipkit-auto-version found no tags matching version spec: '0.4.*'
2022-05-07T21:36:10.2655928Z Version overridden to 0.5.0-SNAPSHOT
2022-05-07T21:36:10.3653594Z 
2022-05-07T21:36:10.3655022Z > Task :nokeebuild-plugins:jvm-strict-compile:compileJava FROM-CACHE
2022-05-07T21:36:10.3655814Z > Task :nokeebuild-plugins:licensing:compileJava FROM-CACHE
2022-05-07T21:36:10.4657196Z > Task :nokeebuild-plugins:uber-plugins:pluginDescriptors
2022-05-07T21:36:10.4658149Z > Task :nokeebuild-plugins:uber-plugins:processResources
2022-05-07T21:36:10.4658991Z > Task :nokeebuild-plugins:licensing:pluginDescriptors
2022-05-07T21:36:10.4659663Z > Task :nokeebuild-plugins:licensing:processResources
2022-05-07T21:36:10.4660295Z > Task :nokeebuild-plugins:licensing:classes
2022-05-07T21:36:10.4661005Z > Task :nokeebuild-plugins:licensing:jar
2022-05-07T21:36:10.4662440Z > Task :nokeebuild-plugins:jvm-strict-compile:pluginDescriptors
2022-05-07T21:36:10.4663166Z > Task :nokeebuild-plugins:jvm-basics:compileJava FROM-CACHE
2022-05-07T21:36:10.4663940Z > Task :nokeebuild-plugins:jvm-strict-compile:processResources
2022-05-07T21:36:10.4664626Z > Task :nokeebuild-plugins:jvm-basics:pluginDescriptors
2022-05-07T21:36:10.4665363Z > Task :nokeebuild-plugins:jvm-basics:processResources
2022-05-07T21:36:10.4666553Z > Task :nokeebuild-plugins:jvm-basics:classes
2022-05-07T21:36:10.4667139Z > Task :nokeebuild-plugins:uber-plugins:compileJava FROM-CACHE
2022-05-07T21:36:10.4667676Z > Task :nokeebuild-plugins:uber-plugins:classes
2022-05-07T21:36:10.4668141Z > Task :nokeebuild-plugins:jvm-basics:jar
2022-05-07T21:36:10.4668640Z > Task :nokeebuild-plugins:jvm-strict-compile:classes
2022-05-07T21:36:10.5651739Z > Task :nokeebuild-plugins:jvm-strict-compile:jar
2022-05-07T21:36:10.5652659Z > Task :nokeebuild-plugins:uber-plugins:jar
2022-05-07T21:36:13.6656641Z > Task :docs-gradle-plugin:pluginDescriptors
2022-05-07T21:36:13.6657601Z > Task :docs-gradle-plugin:processResources
2022-05-07T21:36:13.7653767Z > Task :templates:compileJava NO-SOURCE
2022-05-07T21:36:13.7654680Z > Task :nokeedocs-plugins:pluginDescriptors
2022-05-07T21:36:13.7655425Z > Task :nokeedocs-plugins:processResources
2022-05-07T21:36:13.7656229Z > Task :jbake-gradle-plugin:compileJava FROM-CACHE
2022-05-07T21:36:13.7657484Z > Task :jbake-gradle-plugin:pluginDescriptors
2022-05-07T21:36:13.7658066Z > Task :documentation-kit-plugins:common:compileJava FROM-CACHE
2022-05-07T21:36:13.8652228Z > Task :jbake-gradle-plugin:processResources
2022-05-07T21:36:13.8653012Z > Task :jbake-gradle-plugin:classes
2022-05-07T21:36:13.8654131Z > Task :documentation-kit-plugins:user-manual:compileJava FROM-CACHE
2022-05-07T21:36:13.9661352Z > Task :jbake-gradle-plugin:jar
2022-05-07T21:36:13.9662387Z > Task :documentation-kit-plugins:user-manual:pluginDescriptors
2022-05-07T21:36:13.9663250Z > Task :documentation-kit-plugins:samples:compileJava FROM-CACHE
2022-05-07T21:36:13.9664140Z > Task :documentation-kit-plugins:samples:pluginDescriptors
2022-05-07T21:36:13.9665411Z > Task :documentation-kit-plugins:user-manual:processResources
2022-05-07T21:36:13.9666018Z > Task :documentation-kit-plugins:user-manual:classes
2022-05-07T21:36:13.9666568Z > Task :documentation-kit-plugins:samples:processResources
2022-05-07T21:36:13.9667093Z > Task :documentation-kit-plugins:samples:classes
2022-05-07T21:36:13.9667592Z > Task :documentation-kit-plugins:user-manual:jar
2022-05-07T21:36:13.9668150Z > Task :documentation-kit-plugins:common:processResources NO-SOURCE
2022-05-07T21:36:13.9668720Z > Task :documentation-kit-plugins:common:classes UP-TO-DATE
2022-05-07T21:36:13.9669246Z > Task :documentation-kit-plugins:samples:jar
2022-05-07T21:36:13.9669728Z > Task :documentation-kit-plugins:common:jar
2022-05-07T21:36:14.0653969Z > Task :nokeedocs-plugins:compileJava FROM-CACHE
2022-05-07T21:36:14.0658329Z > Task :nokeedocs-plugins:classes
2022-05-07T21:36:14.0659051Z > Task :templates:compileGroovy FROM-CACHE
2022-05-07T21:36:14.0659874Z > Task :nokeedocs-plugins:jar
2022-05-07T21:36:14.1652689Z > Task :templates:processResources
2022-05-07T21:36:14.1654623Z > Task :templates:classes
2022-05-07T21:36:14.1655647Z > Task :docs-gradle-plugin:compileJava FROM-CACHE
2022-05-07T21:36:14.1656379Z > Task :docs-gradle-plugin:classes
2022-05-07T21:36:14.2656324Z > Task :docs-gradle-plugin:jar
2022-05-07T21:36:14.2657225Z > Task :templates:jar
2022-05-07T21:36:16.3653968Z > Task :nokeebuild-plugins:performance-testing:compileGroovy FROM-CACHE
2022-05-07T21:36:16.3655257Z > Task :nokeebuild-plugins:performance-testing:compileJava FROM-CACHE
2022-05-07T21:36:16.3659719Z > Task :nokeebuild-plugins:performance-testing:pluginDescriptors
2022-05-07T21:36:16.3660543Z > Task :nokeebuild-plugins:performance-testing:processResources
2022-05-07T21:36:16.3661354Z > Task :nokeebuild-plugins:performance-testing:classes
2022-05-07T21:36:16.3662140Z > Task :nokeebuild-plugins:performance-testing:jar
2022-05-07T21:36:22.8653399Z > Task :fullTest UP-TO-DATE
2022-05-07T21:36:22.8654382Z > Task :nokeetest-libraries:test-directory-junit-jupiter:processResources NO-SOURCE
2022-05-07T21:36:22.9683009Z > Task :nokeetest-libraries:test-directory:compileJava FROM-CACHE
2022-05-07T21:36:22.9683699Z > Task :nokeetest-libraries:test-directory:processResources NO-SOURCE
2022-05-07T21:36:22.9684273Z > Task :nokeetest-libraries:test-directory:classes UP-TO-DATE
2022-05-07T21:36:22.9684775Z > Task :nokeetest-libraries:test-directory:jar
2022-05-07T21:36:22.9685263Z > Task :gradle-build-script:compileJava FROM-CACHE
2022-05-07T21:36:22.9685772Z > Task :gradle-build-script:processResources NO-SOURCE
2022-05-07T21:36:22.9686279Z > Task :gradle-build-script:classes UP-TO-DATE
2022-05-07T21:36:22.9686661Z > Task :coreExec:pluginDescriptors
2022-05-07T21:36:22.9687113Z > Task :coreExec:processResources NO-SOURCE
2022-05-07T21:36:22.9687810Z > Task :gradleApi:compileJava FROM-CACHE
2022-05-07T21:36:22.9688252Z > Task :gradleApi:compileGroovy NO-SOURCE
2022-05-07T21:36:22.9688624Z > Task :gradleApi:pluginDescriptors
2022-05-07T21:36:22.9689070Z > Task :gradleApi:processResources NO-SOURCE
2022-05-07T21:36:22.9689491Z > Task :gradleApi:classes UP-TO-DATE
2022-05-07T21:36:22.9689902Z > Task :gradle-build-script:jar
2022-05-07T21:36:23.0666648Z > Task :nokeetest-libraries:test-directory-junit-jupiter:compileJava FROM-CACHE
2022-05-07T21:36:23.0667494Z > Task :nokeetest-libraries:test-directory-junit-jupiter:classes UP-TO-DATE
2022-05-07T21:36:23.0667807Z 
2022-05-07T21:36:23.0667941Z > Task :gradleApi:jar
2022-05-07T21:36:23.0668485Z :gradleApi:jar: No valid plugin descriptors were found in META-INF/gradle-plugins
2022-05-07T21:36:23.0668784Z 
2022-05-07T21:36:23.0669229Z > Task :coreModel:pluginDescriptors
2022-05-07T21:36:23.0669756Z > Task :nokeetest-libraries:test-directory-junit-jupiter:jar
2022-05-07T21:36:23.0670179Z > Task :coreModel:processResources
2022-05-07T21:36:23.0670625Z > Task :coreUtils:compileJava FROM-CACHE
2022-05-07T21:36:23.0671067Z > Task :coreUtils:compileGroovy NO-SOURCE
2022-05-07T21:36:23.0671442Z > Task :coreUtils:pluginDescriptors
2022-05-07T21:36:23.0671885Z > Task :coreUtils:processResources NO-SOURCE
2022-05-07T21:36:23.0672320Z > Task :coreUtils:classes UP-TO-DATE
2022-05-07T21:36:23.0672761Z > Task :publishingCore:compileJava FROM-CACHE
2022-05-07T21:36:23.1659650Z > Task :publishingCore:pluginDescriptors
2022-05-07T21:36:23.1660488Z > Task :publishingCore:processResources NO-SOURCE
2022-05-07T21:36:23.1660972Z > Task :publishingCore:classes UP-TO-DATE
2022-05-07T21:36:23.1661212Z 
2022-05-07T21:36:23.1661342Z > Task :coreUtils:jar
2022-05-07T21:36:23.1661880Z :coreUtils:jar: No valid plugin descriptors were found in META-INF/gradle-plugins
2022-05-07T21:36:23.1662207Z 
2022-05-07T21:36:23.1662352Z > Task :publishingCore:jar
2022-05-07T21:36:23.1662903Z :publishingCore:jar: No valid plugin descriptors were found in META-INF/gradle-plugins
2022-05-07T21:36:23.2653899Z 
2022-05-07T21:36:23.2654987Z > Task :coreExec:compileJava FROM-CACHE
2022-05-07T21:36:23.2655517Z > Task :coreExec:compileGroovy NO-SOURCE
2022-05-07T21:36:23.2655956Z > Task :coreExec:classes UP-TO-DATE
2022-05-07T21:36:23.2656159Z 
2022-05-07T21:36:23.2656303Z > Task :coreExec:jar
2022-05-07T21:36:23.2656832Z :coreExec:jar: No valid plugin descriptors were found in META-INF/gradle-plugins
2022-05-07T21:36:23.2657113Z 
2022-05-07T21:36:23.2657358Z > Task :runtimeBase:compileJava FROM-CACHE
2022-05-07T21:36:23.3667284Z > Task :runtimeBase:compileGroovy NO-SOURCE
2022-05-07T21:36:23.3667752Z > Task :runtimeBase:pluginDescriptors
2022-05-07T21:36:23.3668241Z > Task :runtimeBase:processResources NO-SOURCE
2022-05-07T21:36:23.3668690Z > Task :runtimeBase:classes UP-TO-DATE
2022-05-07T21:36:23.3668915Z 
2022-05-07T21:36:23.3669067Z > Task :runtimeBase:jar
2022-05-07T21:36:23.3669610Z :runtimeBase:jar: No valid plugin descriptors were found in META-INF/gradle-plugins
2022-05-07T21:36:23.3669904Z 
2022-05-07T21:36:23.3670089Z > Task :platformBase:pluginDescriptors
2022-05-07T21:36:23.3670645Z > Task :platformBase:processResources NO-SOURCE
2022-05-07T21:36:23.3671099Z > Task :coreScript:compileJava FROM-CACHE
2022-05-07T21:36:23.3671559Z > Task :coreScript:compileGroovy NO-SOURCE
2022-05-07T21:36:23.3671942Z > Task :coreScript:pluginDescriptors
2022-05-07T21:36:23.3672398Z > Task :coreScript:processResources NO-SOURCE
2022-05-07T21:36:23.3672833Z > Task :coreScript:classes UP-TO-DATE
2022-05-07T21:36:23.3673055Z 
2022-05-07T21:36:23.3673185Z > Task :coreScript:jar
2022-05-07T21:36:23.3673713Z :coreScript:jar: No valid plugin descriptors were found in META-INF/gradle-plugins
2022-05-07T21:36:23.3673993Z 
2022-05-07T21:36:23.3674257Z > Task :gradleAnnotation:compileJava FROM-CACHE
2022-05-07T21:36:23.3674663Z > Task :gradleAnnotation:pluginDescriptors
2022-05-07T21:36:23.3675147Z > Task :gradleAnnotation:processResources NO-SOURCE
2022-05-07T21:36:23.3675622Z > Task :gradleAnnotation:classes UP-TO-DATE
2022-05-07T21:36:23.3676032Z 
2022-05-07T21:36:23.3676200Z > Task :gradleAnnotation:jar
2022-05-07T21:36:23.3676768Z :gradleAnnotation:jar: No valid plugin descriptors were found in META-INF/gradle-plugins
2022-05-07T21:36:23.4652257Z 
2022-05-07T21:36:23.4652868Z > Task :languageBase:pluginDescriptors
2022-05-07T21:36:23.4653290Z > Task :languageBase:processResources
2022-05-07T21:36:23.6651021Z > Task :runtimeDarwin:generateGrammarSource FROM-CACHE
2022-05-07T21:36:23.6651600Z > Task :runtimeNative:compileJava FROM-CACHE
2022-05-07T21:36:23.6652342Z > Task :runtimeNative:compileGroovy NO-SOURCE
2022-05-07T21:36:23.6653279Z > Task :runtimeNative:pluginDescriptors
2022-05-07T21:36:23.7656338Z > Task :coreModel:compileJava FROM-CACHE
2022-05-07T21:36:23.7656807Z > Task :runtimeNative:processResources
2022-05-07T21:36:23.7657427Z > Task :runtimeNative:classes
2022-05-07T21:36:23.7657886Z > Task :coreModel:compileGroovy NO-SOURCE
2022-05-07T21:36:23.7658247Z > Task :coreModel:classes
2022-05-07T21:36:23.7658648Z > Task :runtimeNative:jar
2022-05-07T21:36:23.7659088Z > Task :runtimeDarwin:compileJava FROM-CACHE
2022-05-07T21:36:23.8656939Z > Task :coreModel:jar
2022-05-07T21:36:23.8657725Z > Task :runtimeDarwin:compileGroovy NO-SOURCE
2022-05-07T21:36:23.8658134Z > Task :runtimeDarwin:pluginDescriptors
2022-05-07T21:36:23.8658516Z > Task :runtimeDarwin:processResources
2022-05-07T21:36:23.8658862Z > Task :runtimeDarwin:classes
2022-05-07T21:36:23.8659200Z > Task :runtimeDarwin:jar
2022-05-07T21:36:23.8659564Z > Task :languageNative:pluginDescriptors
2022-05-07T21:36:23.8660048Z > Task :languageNative:processResources NO-SOURCE
2022-05-07T21:36:23.8660434Z > Task :languageC:pluginDescriptors
2022-05-07T21:36:23.8660803Z > Task :languageC:processResources
2022-05-07T21:36:23.8661194Z > Task :languageCpp:pluginDescriptors
2022-05-07T21:36:23.9658716Z > Task :languageCpp:processResources
2022-05-07T21:36:23.9659521Z > Task :languageObjectiveC:pluginDescriptors
2022-05-07T21:36:23.9660515Z > Task :languageObjectiveC:processResources
2022-05-07T21:36:23.9660979Z > Task :languageObjectiveCpp:pluginDescriptors
2022-05-07T21:36:23.9661401Z > Task :languageObjectiveCpp:processResources
2022-05-07T21:36:23.9661796Z > Task :languageSwift:pluginDescriptors
2022-05-07T21:36:23.9662180Z > Task :languageSwift:processResources
2022-05-07T21:36:23.9662562Z > Task :platformNative:pluginDescriptors
2022-05-07T21:36:23.9662946Z > Task :platformNative:processResources
2022-05-07T21:36:23.9663649Z > Task :platformBase:compileJava FROM-CACHE
2022-05-07T21:36:23.9664114Z > Task :platformBase:compileGroovy NO-SOURCE
2022-05-07T21:36:23.9664546Z > Task :platformBase:classes UP-TO-DATE
2022-05-07T21:36:24.0670904Z > Task :runtimeWindows:compileJava FROM-CACHE
2022-05-07T21:36:24.0677551Z > Task :runtimeWindows:pluginDescriptors
2022-05-07T21:36:24.0680190Z > Task :runtimeWindows:processResources NO-SOURCE
2022-05-07T21:36:24.0703340Z > Task :runtimeWindows:classes UP-TO-DATE
2022-05-07T21:36:24.0714511Z 
2022-05-07T21:36:24.0715027Z > Task :platformBase:jar
2022-05-07T21:36:24.0716055Z :platformBase:jar: No valid plugin descriptors were found in META-INF/gradle-plugins
2022-05-07T21:36:24.0716539Z 
2022-05-07T21:36:24.0730603Z > Task :runtimeWindows:jar
2022-05-07T21:36:24.0739013Z :runtimeWindows:jar: No valid plugin descriptors were found in META-INF/gradle-plugins
2022-05-07T21:36:24.1690189Z 
2022-05-07T21:36:24.1696600Z > Task :buildAdapterCmake:pluginDescriptors
2022-05-07T21:36:24.1697216Z > Task :buildAdapterCmake:processResources
2022-05-07T21:36:24.1698117Z > Task :languageBase:compileJava FROM-CACHE
2022-05-07T21:36:24.1700751Z > Task :languageBase:compileGroovy NO-SOURCE
2022-05-07T21:36:24.1701317Z > Task :languageBase:classes
2022-05-07T21:36:24.1702025Z > Task :gradleShim:compileV62Java FROM-CACHE
2022-05-07T21:36:24.1702764Z > Task :gradleShim:processV62Resources NO-SOURCE
2022-05-07T21:36:24.1703456Z > Task :gradleShim:v62Classes UP-TO-DATE
2022-05-07T21:36:24.1703978Z > Task :languageBase:jar
2022-05-07T21:36:24.1704791Z > Task :gradleShim:v62Jar
2022-05-07T21:36:24.2667800Z > Task :gradleShim:compileV64Java FROM-CACHE
2022-05-07T21:36:24.2668698Z > Task :gradleShim:processV64Resources NO-SOURCE
2022-05-07T21:36:24.2669418Z > Task :gradleShim:v64Classes UP-TO-DATE
2022-05-07T21:36:24.2670062Z > Task :gradleShim:v64Jar
2022-05-07T21:36:24.2670703Z > Task :gradleShim:compileV65Java FROM-CACHE
2022-05-07T21:36:24.2671592Z > Task :gradleShim:processV65Resources NO-SOURCE
2022-05-07T21:36:24.2672541Z > Task :gradleShim:v65Classes UP-TO-DATE
2022-05-07T21:36:24.2673673Z > Task :gradleShim:v65Jar
2022-05-07T21:36:24.2674397Z > Task :languageNative:compileJava FROM-CACHE
2022-05-07T21:36:24.2675153Z > Task :languageNative:compileGroovy NO-SOURCE
2022-05-07T21:36:24.2675747Z > Task :languageNative:classes UP-TO-DATE
2022-05-07T21:36:24.3673104Z > Task :gradleShim:compileV66Java FROM-CACHE
2022-05-07T21:36:24.3674344Z > Task :gradleShim:processV66Resources NO-SOURCE
2022-05-07T21:36:24.3675220Z > Task :gradleShim:v66Classes UP-TO-DATE
2022-05-07T21:36:24.3676243Z > Task :gradleShim:v66Jar
2022-05-07T21:36:24.3676696Z 
2022-05-07T21:36:24.3676879Z > Task :languageNative:jar
2022-05-07T21:36:24.3677742Z :languageNative:jar: No valid plugin descriptors were found in META-INF/gradle-plugins
2022-05-07T21:36:24.3678152Z 
2022-05-07T21:36:24.3678492Z > Task :gradleShim:compileV70Java FROM-CACHE
2022-05-07T21:36:24.3679054Z > Task :languageC:compileJava FROM-CACHE
2022-05-07T21:36:24.3679627Z > Task :languageC:compileGroovy NO-SOURCE
2022-05-07T21:36:24.3680118Z > Task :languageC:classes
2022-05-07T21:36:24.3680702Z > Task :languageC:jar
2022-05-07T21:36:24.4653822Z > Task :languageCpp:compileJava FROM-CACHE
2022-05-07T21:36:24.4655151Z > Task :languageCpp:compileGroovy NO-SOURCE
2022-05-07T21:36:24.4656101Z > Task :languageCpp:classes
2022-05-07T21:36:24.4657156Z > Task :languageCpp:jar
2022-05-07T21:36:24.4657962Z > Task :languageObjectiveC:compileJava FROM-CACHE
2022-05-07T21:36:24.4658713Z > Task :languageObjectiveC:compileGroovy NO-SOURCE
2022-05-07T21:36:24.4659262Z > Task :languageObjectiveC:classes
2022-05-07T21:36:24.4659771Z > Task :languageObjectiveC:jar
2022-05-07T21:36:24.4660374Z > Task :languageObjectiveCpp:compileJava FROM-CACHE
2022-05-07T21:36:24.4660997Z > Task :languageObjectiveCpp:compileGroovy NO-SOURCE
2022-05-07T21:36:24.4661538Z > Task :languageObjectiveCpp:classes
2022-05-07T21:36:24.4662021Z > Task :languageObjectiveCpp:jar
2022-05-07T21:36:24.4662599Z > Task :gradleShim:processV70Resources NO-SOURCE
2022-05-07T21:36:24.4663238Z > Task :gradleShim:v70Classes UP-TO-DATE
2022-05-07T21:36:24.4663647Z > Task :gradleShim:v70Jar
2022-05-07T21:36:24.5653097Z > Task :languageSwift:compileJava FROM-CACHE
2022-05-07T21:36:24.5690060Z > Task :languageSwift:compileGroovy NO-SOURCE
2022-05-07T21:36:24.5690473Z > Task :languageSwift:classes
2022-05-07T21:36:24.5691019Z > Task :coreUtils:compileTestFixturesJava FROM-CACHE
2022-05-07T21:36:24.5691539Z > Task :coreUtils:compileTestFixturesGroovy NO-SOURCE
2022-05-07T21:36:24.5691936Z > Task :languageSwift:jar
2022-05-07T21:36:24.5692413Z > Task :coreUtils:processTestFixturesResources NO-SOURCE
2022-05-07T21:36:24.5692917Z > Task :coreUtils:testFixturesClasses UP-TO-DATE
2022-05-07T21:36:24.5693295Z > Task :coreUtils:testFixturesJar
2022-05-07T21:36:24.6651575Z > Task :internalTesting:compileJava FROM-CACHE
2022-05-07T21:36:24.6652486Z > Task :internalTesting:processResources NO-SOURCE
2022-05-07T21:36:24.6653212Z > Task :internalTesting:classes UP-TO-DATE
2022-05-07T21:36:24.7652354Z > Task :platformNative:compileJava FROM-CACHE
2022-05-07T21:36:24.7653229Z > Task :platformNative:compileGroovy NO-SOURCE
2022-05-07T21:36:24.7653869Z > Task :platformNative:classes
2022-05-07T21:36:24.7654594Z > Task :internalTesting:jar
2022-05-07T21:36:24.7655267Z > Task :buildAdapterCmake:processTestResources NO-SOURCE
2022-05-07T21:36:24.7655949Z > Task :coreModel:compileTestFixturesJava NO-SOURCE
2022-05-07T21:36:24.7656467Z > Task :platformNative:jar
2022-05-07T21:36:24.8651804Z > Task :buildAdapterCmake:compileJava FROM-CACHE
2022-05-07T21:36:24.8653012Z > Task :buildAdapterCmake:compileGroovy NO-SOURCE
2022-05-07T21:36:24.8653632Z > Task :buildAdapterCmake:classes
2022-05-07T21:36:24.9651232Z > Task :coreModel:compileTestFixturesGroovy FROM-CACHE
2022-05-07T21:36:24.9656461Z > Task :coreModel:processTestFixturesResources NO-SOURCE
2022-05-07T21:36:24.9657318Z > Task :coreModel:testFixturesClasses UP-TO-DATE
2022-05-07T21:36:24.9658425Z > Task :coreModel:testFixturesJar
2022-05-07T21:36:24.9659082Z > Task :languageBase:compileTestFixturesJava NO-SOURCE
2022-05-07T21:36:25.0653366Z > Task :buildAdapterCmake:pluginUnderTestMetadataTest
2022-05-07T21:36:25.0654552Z > Task :buildAdapterCmake:compileTestJava NO-SOURCE
2022-05-07T21:36:25.0655348Z > Task :languageBase:compileTestFixturesGroovy FROM-CACHE
2022-05-07T21:36:25.0656395Z > Task :languageBase:processTestFixturesResources NO-SOURCE
2022-05-07T21:36:25.0657210Z > Task :languageBase:testFixturesClasses UP-TO-DATE
2022-05-07T21:36:25.0657982Z > Task :buildAdapterCmake:compileTestGroovy FROM-CACHE
2022-05-07T21:36:25.0658672Z > Task :buildAdapterCmake:testClasses UP-TO-DATE
2022-05-07T21:36:25.1652128Z > Task :languageBase:testFixturesJar
2022-05-07T21:36:25.1653351Z > Task :languageNative:compileTestFixturesJava NO-SOURCE
2022-05-07T21:36:25.1654103Z > Task :buildAdapterCmake:testLinux FROM-CACHE
2022-05-07T21:36:25.1654869Z > Task :languageCpp:processTestFixturesResources NO-SOURCE
2022-05-07T21:36:25.1655610Z > Task :testingBase:compileJava FROM-CACHE
2022-05-07T21:36:25.1656219Z > Task :testingBase:compileGroovy NO-SOURCE
2022-05-07T21:36:25.2659813Z > Task :testingBase:pluginDescriptors
2022-05-07T21:36:25.2660967Z > Task :testingBase:processResources NO-SOURCE
2022-05-07T21:36:25.2661806Z > Task :testingBase:classes UP-TO-DATE
2022-05-07T21:36:25.2662858Z > Task :languageNative:compileTestFixturesGroovy FROM-CACHE
2022-05-07T21:36:25.2663633Z > Task :languageNative:processTestFixturesResources NO-SOURCE
2022-05-07T21:36:25.2664492Z > Task :languageNative:testFixturesClasses UP-TO-DATE
2022-05-07T21:36:25.2665188Z 
2022-05-07T21:36:25.2665677Z > Task :testingBase:jar
2022-05-07T21:36:25.2666575Z :testingBase:jar: No valid plugin descriptors were found in META-INF/gradle-plugins
2022-05-07T21:36:25.2667080Z 
2022-05-07T21:36:25.2667618Z > Task :buildAdapterCmake:processFunctionalTestResources NO-SOURCE
2022-05-07T21:36:25.2668281Z > Task :languageNative:testFixturesJar
2022-05-07T21:36:25.2668969Z > Task :languageCpp:compileTestFixturesJava NO-SOURCE
2022-05-07T21:36:25.2669571Z > Task :platformCpp:compileJava FROM-CACHE
2022-05-07T21:36:25.2670210Z > Task :platformCpp:compileGroovy NO-SOURCE
2022-05-07T21:36:25.2766709Z > Task :platformCpp:pluginDescriptors
2022-05-07T21:36:25.2767456Z > Task :platformCpp:processResources
2022-05-07T21:36:25.2768127Z > Task :platformCpp:classes
2022-05-07T21:36:25.2768765Z > Task :platformCpp:jar
2022-05-07T21:36:25.3652804Z > Task :languageCpp:compileTestFixturesGroovy FROM-CACHE
2022-05-07T21:36:25.3653750Z > Task :languageCpp:testFixturesClasses UP-TO-DATE
2022-05-07T21:36:25.3654635Z > Task :languageCpp:testFixturesJar
2022-05-07T21:36:25.3655153Z > Task :buildAdapterCmake:pluginUnderTestMetadataFunctionalTest
2022-05-07T21:36:25.3655861Z > Task :xcodeIdeKit:generateGrammarSource FROM-CACHE
2022-05-07T21:36:25.3656549Z > Task :buildAdapterCmake:compileFunctionalTestJava NO-SOURCE
2022-05-07T21:36:25.4651907Z > Task :xcodeIdeKit:compileJava FROM-CACHE
2022-05-07T21:36:25.4652806Z > Task :xcodeIdeKit:compileGroovy NO-SOURCE
2022-05-07T21:36:25.4653494Z > Task :xcodeIdeKit:pluginDescriptors
2022-05-07T21:36:25.4654120Z > Task :xcodeIdeKit:processResources NO-SOURCE
2022-05-07T21:36:25.4654842Z > Task :xcodeIdeKit:classes UP-TO-DATE
2022-05-07T21:36:25.4655706Z > Task :buildAdapterCmake:compileFunctionalTestGroovy FROM-CACHE
2022-05-07T21:36:25.4656982Z > Task :buildAdapterCmake:functionalTestClasses UP-TO-DATE
2022-05-07T21:36:25.5651810Z 
2022-05-07T21:36:25.5652679Z > Task :xcodeIdeKit:jar
2022-05-07T21:36:25.5654265Z :xcodeIdeKit:jar: No valid plugin descriptors were found in META-INF/gradle-plugins
2022-05-07T21:36:25.5654761Z 
2022-05-07T21:36:25.5655772Z > Task :buildAdapterXcode:compileJava FROM-CACHE
2022-05-07T21:36:25.5656938Z > Task :buildAdapterXcode:compileGroovy NO-SOURCE
2022-05-07T21:36:25.5657353Z > Task :buildAdapterXcode:pluginDescriptors
2022-05-07T21:36:25.5657778Z > Task :buildAdapterXcode:processResources
2022-05-07T21:36:25.5658180Z > Task :buildAdapterXcode:classes
2022-05-07T21:36:25.6651213Z > Task :buildAdapterXcode:pluginUnderTestMetadataTest
2022-05-07T21:36:25.6652410Z > Task :buildAdapterXcode:compileTestJava NO-SOURCE
2022-05-07T21:36:25.6653262Z > Task :buildAdapterXcode:compileTestGroovy NO-SOURCE
2022-05-07T21:36:25.6654428Z > Task :buildAdapterXcode:processTestResources NO-SOURCE
2022-05-07T21:36:25.6655255Z > Task :buildAdapterXcode:testClasses UP-TO-DATE
2022-05-07T21:36:25.6662010Z > Task :buildAdapterXcode:testLinux NO-SOURCE
2022-05-07T21:36:25.6662893Z > Task :buildAdapterXcode:compileFunctionalTestJava FROM-CACHE
2022-05-07T21:36:25.7651982Z > Task :buildAdapterXcode:compileFunctionalTestGroovy NO-SOURCE
2022-05-07T21:36:25.7653093Z > Task :buildAdapterXcode:processFunctionalTestResources NO-SOURCE
2022-05-07T21:36:25.7654316Z > Task :buildAdapterXcode:functionalTestClasses UP-TO-DATE
2022-05-07T21:36:25.7654873Z > Task :buildAdapterXcode:pluginUnderTestMetadataFunctionalTest
2022-05-07T21:36:55.4654112Z > Task :buildAdapterCmake:functionalTestLinuxLatestGlobalAvailable
2022-05-07T21:36:55.7650355Z > Task :buildAdapterXcode:functionalTestLinuxLatestGlobalAvailable
2022-05-07T21:37:25.9650239Z > Task :buildAdapterXcode:functionalTestLinuxLatestNightly
2022-05-07T21:37:37.5655160Z > Task :buildAdapterCmake:functionalTestLinuxLatestNightly
2022-05-07T21:37:45.0650758Z 
2022-05-07T21:37:45.0651781Z > Task :buildAdapterXcode:functionalTestLinuxMinimumGradle
2022-05-07T21:37:45.0652143Z 
2022-05-07T21:37:45.0652531Z ConfigurationCacheDetectsXcodeProjectInitializationFunctionalTest > initializationError FAILED
2022-05-07T21:37:45.0653460Z     dev.gradleplugins.runnerkit.UnexpectedBuildFailure at ConfigurationCacheDetectsXcodeProjectInitializationFunctionalTest.java:48
2022-05-07T21:37:45.3650196Z 
2022-05-07T21:37:45.3651151Z ConfigurationCacheDetectsXcodeWorkspaceChangesFunctionalTest > doesNotReuseConfigurationCacheWhenWorkspaceContentChange() FAILED
2022-05-07T21:37:45.3652204Z     dev.gradleplugins.runnerkit.UnexpectedBuildFailure at ConfigurationCacheDetectsXcodeWorkspaceChangesFunctionalTest.java:59
2022-05-07T21:37:45.7650001Z 
2022-05-07T21:37:45.7651121Z ConfigurationCacheDetectsXcodeWorkspaceChangesFunctionalTest > reuseConfigurationCacheWhenWorkspaceContentChangeInNonMeaningfulWay() FAILED
2022-05-07T21:37:45.7652546Z     dev.gradleplugins.runnerkit.UnexpectedBuildFailure at ConfigurationCacheDetectsXcodeWorkspaceChangesFunctionalTest.java:59
2022-05-07T21:37:46.0669181Z 
2022-05-07T21:37:46.0670069Z ConfigurationCacheDetectsXcodeWorkspaceChangesFunctionalTest > reuseConfigurationCacheWhenOnlyUserDataChanged() FAILED
2022-05-07T21:37:46.0671108Z     dev.gradleplugins.runnerkit.UnexpectedBuildFailure at ConfigurationCacheDetectsXcodeWorkspaceChangesFunctionalTest.java:59
2022-05-07T21:37:46.3676133Z 
2022-05-07T21:37:46.3681189Z ConfigurationCacheDetectsXcodeWorkspaceChangesFunctionalTest > doesNotReuseConfigurationCacheWhenNewWorkspaceFound() FAILED
2022-05-07T21:37:46.3682223Z     dev.gradleplugins.runnerkit.UnexpectedBuildFailure at ConfigurationCacheDetectsXcodeWorkspaceChangesFunctionalTest.java:59
2022-05-07T21:37:46.6651038Z 
2022-05-07T21:37:46.6652279Z ConfigurationCacheDetectsXcodeWorkspaceInitializationFunctionalTest > initializationError FAILED
2022-05-07T21:37:46.6653563Z     dev.gradleplugins.runnerkit.UnexpectedBuildFailure at ConfigurationCacheDetectsXcodeWorkspaceInitializationFunctionalTest.java:48
2022-05-07T21:37:47.3655800Z 
2022-05-07T21:37:47.3657174Z ConfigurationCacheDetectsXcodeWorkspaceInitializationOverridingXcodeProjectFunctionalTest > initializationError FAILED
2022-05-07T21:37:47.3659018Z     dev.gradleplugins.runnerkit.UnexpectedBuildFailure at ConfigurationCacheDetectsXcodeWorkspaceInitializationOverridingXcodeProjectFunctionalTest.java:50
2022-05-07T21:37:50.2669725Z 
2022-05-07T21:37:50.2722106Z 23 tests completed, 7 failed, 1 skipped
2022-05-07T21:37:50.4722277Z 
2022-05-07T21:37:50.4723428Z > Task :buildAdapterXcode:functionalTestLinuxMinimumGradle FAILED
2022-05-07T21:37:50.4723928Z > Task :buildAdapterXcode:jar
2022-05-07T21:37:50.4725005Z > Task :buildAdapterXcode:compileIntegrationTestJava FROM-CACHE
2022-05-07T21:37:50.4725701Z > Task :buildAdapterXcode:compileIntegrationTestGroovy NO-SOURCE
2022-05-07T21:37:50.4726400Z > Task :buildAdapterXcode:processIntegrationTestResources NO-SOURCE
2022-05-07T21:37:50.5653674Z > Task :buildAdapterXcode:integrationTestClasses UP-TO-DATE
2022-05-07T21:37:50.5654285Z > Task :buildAdapterXcode:pluginUnderTestMetadataIntegrationTest
2022-05-07T21:37:52.4651862Z > Task :buildAdapterXcode:integrationTest
2022-05-07T21:37:52.4656806Z > Task :buildAdapterXcode:pluginUnderTestMetadataSmokeTest
2022-05-07T21:37:52.4657663Z > Task :buildAdapterXcode:compileSmokeTestJava FROM-CACHE
2022-05-07T21:37:52.4658392Z > Task :buildAdapterXcode:compileSmokeTestGroovy NO-SOURCE
2022-05-07T21:37:52.4659059Z > Task :buildAdapterXcode:processSmokeTestResources NO-SOURCE
2022-05-07T21:37:52.4659705Z > Task :buildAdapterXcode:smokeTestClasses UP-TO-DATE
2022-05-07T21:37:53.9650774Z > Task :buildAdapterXcode:smokeTestLinuxLatestGlobalAvailable
2022-05-07T21:37:55.4650954Z > Task :buildAdapterXcode:smokeTestLinuxLatestNightly
2022-05-07T21:37:55.4651479Z > Task :coreExec:pluginUnderTestMetadataTest
2022-05-07T21:37:55.4652367Z > Task :coreExec:compileTestJava NO-SOURCE
2022-05-07T21:37:55.5652875Z > Task :coreExec:compileTestGroovy FROM-CACHE
2022-05-07T21:37:55.5653452Z > Task :coreExec:processTestResources NO-SOURCE
2022-05-07T21:37:55.5653974Z > Task :coreExec:testClasses UP-TO-DATE
2022-05-07T21:37:55.5654402Z > Task :coreExec:testLinux FROM-CACHE
2022-05-07T21:37:55.5654825Z > Task :coreExec:fullTest UP-TO-DATE
2022-05-07T21:37:55.5655226Z > Task :coreModel:pluginUnderTestMetadataTest
2022-05-07T21:37:55.5655692Z > Task :coreModel:compileTestJava NO-SOURCE
2022-05-07T21:37:55.8654970Z > Task :coreModel:compileTestGroovy FROM-CACHE
2022-05-07T21:37:55.9650646Z > Task :coreModel:processTestResources NO-SOURCE
2022-05-07T21:37:55.9651449Z > Task :coreModel:testClasses UP-TO-DATE
2022-05-07T21:37:56.0651153Z > Task :coreModel:testLinux FROM-CACHE
2022-05-07T21:37:56.0651896Z > Task :coreModel:compileFunctionalTestJava NO-SOURCE
2022-05-07T21:37:56.0653077Z > Task :coreModel:compileFunctionalTestGroovy FROM-CACHE
2022-05-07T21:37:56.0653702Z > Task :coreModel:processFunctionalTestResources NO-SOURCE
2022-05-07T21:37:56.0654268Z > Task :coreModel:functionalTestClasses UP-TO-DATE
2022-05-07T21:37:56.1650974Z > Task :coreModel:pluginUnderTestMetadataFunctionalTest
2022-05-07T21:37:56.1651926Z > Task :coreModel:functionalTestLinuxLatestGlobalAvailable FROM-CACHE
2022-05-07T21:38:08.4682199Z > Task :buildAdapterCmake:functionalTestLinuxMinimumGradle
2022-05-07T21:38:08.4687051Z > Task :buildAdapterCmake:fullTest
2022-05-07T21:38:08.4687913Z > Task :coreScript:fullTest UP-TO-DATE
2022-05-07T21:38:08.4688433Z > Task :coreUtils:fullTest UP-TO-DATE
2022-05-07T21:38:08.4688972Z > Task :gradleAnnotation:fullTest UP-TO-DATE
2022-05-07T21:38:08.4689555Z > Task :gradleApi:compileFunctionalTestJava NO-SOURCE
2022-05-07T21:38:08.4690168Z > Task :gradleApi:compileFunctionalTestGroovy NO-SOURCE
2022-05-07T21:38:08.4690808Z > Task :gradleApi:processFunctionalTestResources NO-SOURCE
2022-05-07T21:38:08.4691413Z > Task :gradleApi:functionalTestClasses UP-TO-DATE
2022-05-07T21:38:08.4691934Z > Task :gradleApi:pluginUnderTestMetadataFunctionalTest
2022-05-07T21:38:08.4692628Z > Task :gradleApi:functionalTestLinuxLatestGlobalAvailable NO-SOURCE
2022-05-07T21:38:08.4693311Z > Task :gradleApi:functionalTestLinuxLatestNightly NO-SOURCE
2022-05-07T21:38:08.4693950Z > Task :gradleApi:functionalTestLinuxMinimumGradle NO-SOURCE
2022-05-07T21:38:08.5661411Z > Task :gradleApi:fullTest UP-TO-DATE
2022-05-07T21:38:08.5662086Z > Task :gradleShim:fullTest UP-TO-DATE
2022-05-07T21:38:08.5662592Z > Task :ideBase:fullTest UP-TO-DATE
2022-05-07T21:38:08.5663100Z > Task :ideBase:compileJava FROM-CACHE
2022-05-07T21:38:08.5663617Z > Task :ideBase:compileGroovy NO-SOURCE
2022-05-07T21:38:08.5664065Z > Task :ideBase:pluginDescriptors
2022-05-07T21:38:08.5664574Z > Task :ideBase:processResources NO-SOURCE
2022-05-07T21:38:08.5665073Z > Task :ideBase:classes UP-TO-DATE
2022-05-07T21:38:08.6652126Z 
2022-05-07T21:38:08.6653340Z > Task :ideBase:jar
2022-05-07T21:38:08.6654317Z :ideBase:jar: No valid plugin descriptors were found in META-INF/gradle-plugins
2022-05-07T21:38:08.6654710Z 
2022-05-07T21:38:08.6655354Z > Task :platformObjectiveC:compileJava FROM-CACHE
2022-05-07T21:38:08.6655884Z > Task :platformObjectiveC:compileGroovy NO-SOURCE
2022-05-07T21:38:08.6656320Z > Task :platformObjectiveC:pluginDescriptors
2022-05-07T21:38:08.6656842Z > Task :platformObjectiveC:processResources
2022-05-07T21:38:08.6657507Z > Task :platformObjectiveC:classes
2022-05-07T21:38:08.7675958Z > Task :platformObjectiveC:jar
2022-05-07T21:38:08.7676958Z > Task :platformObjectiveCpp:compileJava FROM-CACHE
2022-05-07T21:38:08.7677600Z > Task :platformObjectiveCpp:compileGroovy NO-SOURCE
2022-05-07T21:38:08.7678127Z > Task :platformObjectiveCpp:pluginDescriptors
2022-05-07T21:38:08.7678634Z > Task :platformObjectiveCpp:processResources
2022-05-07T21:38:08.7679113Z > Task :platformObjectiveCpp:classes
2022-05-07T21:38:08.7679561Z > Task :platformObjectiveCpp:jar
2022-05-07T21:38:08.9653434Z > Task :platformJni:compileJava FROM-CACHE
2022-05-07T21:38:08.9654629Z > Task :platformJni:compileGroovy NO-SOURCE
2022-05-07T21:38:08.9661174Z > Task :platformJni:pluginDescriptors
2022-05-07T21:38:08.9661857Z > Task :platformJni:processResources
2022-05-07T21:38:08.9662616Z > Task :platformJni:classes
2022-05-07T21:38:08.9663285Z > Task :platformJni:jar
2022-05-07T21:38:09.0651050Z > Task :ideVisualStudio:compileJava FROM-CACHE
2022-05-07T21:38:09.1651888Z > Task :ideVisualStudio:compileGroovy NO-SOURCE
2022-05-07T21:38:09.1652484Z > Task :ideVisualStudio:pluginDescriptors
2022-05-07T21:38:09.1652982Z > Task :ideVisualStudio:processResources
2022-05-07T21:38:09.1653433Z > Task :ideVisualStudio:classes
2022-05-07T21:38:09.1653918Z > Task :ideVisualStudio:pluginUnderTestMetadataTest
2022-05-07T21:38:09.1654492Z > Task :platformC:compileJava FROM-CACHE
2022-05-07T21:38:09.1655024Z > Task :platformC:compileGroovy NO-SOURCE
2022-05-07T21:38:09.1655472Z > Task :platformC:pluginDescriptors
2022-05-07T21:38:09.2654561Z > Task :platformC:processResources
2022-05-07T21:38:09.2655101Z > Task :platformC:classes
2022-05-07T21:38:09.2655799Z > Task :platformC:jar
2022-05-07T21:38:09.2656626Z > Task :platformSwift:compileJava FROM-CACHE
2022-05-07T21:38:09.2657195Z > Task :platformSwift:compileGroovy NO-SOURCE
2022-05-07T21:38:09.2657675Z > Task :platformSwift:pluginDescriptors
2022-05-07T21:38:09.2658158Z > Task :platformSwift:processResources
2022-05-07T21:38:09.2658593Z > Task :platformSwift:classes
2022-05-07T21:38:09.2658999Z > Task :platformSwift:jar
2022-05-07T21:38:09.2659526Z > Task :ideVisualStudio:compileTestJava NO-SOURCE
2022-05-07T21:38:09.5727506Z > Task :ideVisualStudio:compileTestGroovy FROM-CACHE
2022-05-07T21:38:09.5728344Z > Task :ideVisualStudio:processTestResources NO-SOURCE
2022-05-07T21:38:09.5728938Z > Task :ideVisualStudio:testClasses UP-TO-DATE
2022-05-07T21:38:09.5729495Z > Task :ideVisualStudio:testLinux FROM-CACHE
2022-05-07T21:38:09.5730071Z > Task :ideBase:compileTestFixturesJava NO-SOURCE
2022-05-07T21:38:09.6652202Z > Task :ideBase:compileTestFixturesGroovy FROM-CACHE
2022-05-07T21:38:09.6652947Z > Task :ideBase:processTestFixturesResources NO-SOURCE
2022-05-07T21:38:09.6653569Z > Task :ideBase:testFixturesClasses UP-TO-DATE
2022-05-07T21:38:09.6654038Z > Task :ideBase:testFixturesJar
2022-05-07T21:38:09.6654593Z > Task :languageC:compileTestFixturesJava NO-SOURCE
2022-05-07T21:38:09.6655464Z > Task :languageC:compileTestFixturesGroovy FROM-CACHE
2022-05-07T21:38:09.6656122Z > Task :languageC:processTestFixturesResources NO-SOURCE
2022-05-07T21:38:09.6656646Z > Task :languageC:testFixturesClasses UP-TO-DATE
2022-05-07T21:38:09.7650621Z > Task :languageC:testFixturesJar
2022-05-07T21:38:09.7655331Z > Task :platformBase:compileTestFixturesJava NO-SOURCE
2022-05-07T21:38:09.9657713Z > Task :platformBase:compileTestFixturesGroovy FROM-CACHE
2022-05-07T21:38:09.9658621Z > Task :platformBase:processTestFixturesResources NO-SOURCE
2022-05-07T21:38:09.9659590Z > Task :platformBase:testFixturesClasses UP-TO-DATE
2022-05-07T21:38:09.9660172Z > Task :platformBase:testFixturesJar
2022-05-07T21:38:10.0651464Z > Task :testingNative:compileJava FROM-CACHE
2022-05-07T21:38:10.0652942Z > Task :testingNative:compileGroovy NO-SOURCE
2022-05-07T21:38:10.0655485Z > Task :testingNative:pluginDescriptors
2022-05-07T21:38:10.0656032Z > Task :testingNative:processResources
2022-05-07T21:38:10.0703648Z > Task :testingNative:classes
2022-05-07T21:38:10.0704271Z > Task :testingNative:jar
2022-05-07T21:38:10.0705274Z > Task :ideVisualStudio:compileFunctionalTestJava NO-SOURCE
2022-05-07T21:38:10.1651197Z > Task :ideVisualStudio:compileFunctionalTestGroovy FROM-CACHE
2022-05-07T21:38:10.1652205Z > Task :ideVisualStudio:processFunctionalTestResources NO-SOURCE
2022-05-07T21:38:10.1653416Z > Task :ideVisualStudio:functionalTestClasses UP-TO-DATE
2022-05-07T21:38:10.1653960Z > Task :ideVisualStudio:pluginUnderTestMetadataFunctionalTest
2022-05-07T21:38:16.7650205Z > Task :coreModel:functionalTestLinuxLatestNightly
2022-05-07T21:38:34.8650781Z > Task :coreModel:functionalTestLinuxMinimumGradle
2022-05-07T21:38:34.8651992Z > Task :coreModel:compileIntegrationTestJava FROM-CACHE
2022-05-07T21:38:34.8814260Z > Task :coreModel:compileIntegrationTestGroovy NO-SOURCE
2022-05-07T21:38:34.9650758Z > Task :coreModel:processIntegrationTestResources NO-SOURCE
2022-05-07T21:38:34.9651737Z > Task :coreModel:integrationTestClasses UP-TO-DATE
2022-05-07T21:38:34.9652461Z > Task :coreModel:pluginUnderTestMetadataIntegrationTest
2022-05-07T21:38:34.9748973Z > Task :coreModel:integrationTest FROM-CACHE
2022-05-07T21:38:34.9749413Z > Task :coreModel:fullTest
2022-05-07T21:38:35.0651433Z > Task :platformIos:compileJava FROM-CACHE
2022-05-07T21:38:35.0652403Z > Task :platformIos:compileGroovy NO-SOURCE
2022-05-07T21:38:35.0653413Z > Task :platformIos:pluginDescriptors
2022-05-07T21:38:35.0653854Z > Task :platformIos:processResources
2022-05-07T21:38:35.0654320Z > Task :platformIos:classes
2022-05-07T21:38:35.1649737Z > Task :platformIos:jar
2022-05-07T21:38:35.2655551Z > Task :testingXctest:compileJava FROM-CACHE
2022-05-07T21:38:35.2656465Z > Task :testingXctest:compileGroovy NO-SOURCE
2022-05-07T21:38:35.2657127Z > Task :testingXctest:pluginDescriptors
2022-05-07T21:38:35.2657980Z > Task :testingXctest:processResources
2022-05-07T21:38:35.2658669Z > Task :testingXctest:classes
2022-05-07T21:38:35.2659141Z > Task :testingXctest:jar
2022-05-07T21:38:35.3650313Z > Task :ideXcode:compileJava FROM-CACHE
2022-05-07T21:38:35.3651233Z > Task :ideXcode:compileGroovy NO-SOURCE
2022-05-07T21:38:35.3660560Z > Task :ideXcode:pluginDescriptors
2022-05-07T21:38:35.3661232Z > Task :ideXcode:processResources
2022-05-07T21:38:35.3662073Z > Task :ideXcode:classes
2022-05-07T21:38:35.3662961Z > Task :ideXcode:pluginUnderTestMetadataTest
2022-05-07T21:38:35.3663691Z > Task :ideXcode:compileTestJava NO-SOURCE
2022-05-07T21:38:35.4665613Z > Task :ideXcode:compileTestGroovy FROM-CACHE
2022-05-07T21:38:35.4666187Z > Task :ideXcode:processTestResources NO-SOURCE
2022-05-07T21:38:35.4667547Z > Task :ideXcode:testClasses UP-TO-DATE
2022-05-07T21:38:35.4668005Z > Task :ideXcode:testLinux FROM-CACHE
2022-05-07T21:38:35.4668540Z > Task :languageObjectiveC:compileTestFixturesJava NO-SOURCE
2022-05-07T21:38:35.4669116Z > Task :languageObjectiveC:compileTestFixturesGroovy FROM-CACHE
2022-05-07T21:38:35.4669693Z > Task :languageObjectiveC:processTestFixturesResources NO-SOURCE
2022-05-07T21:38:35.4670495Z > Task :languageObjectiveC:testFixturesClasses UP-TO-DATE
2022-05-07T21:38:35.5662124Z > Task :languageObjectiveC:testFixturesJar
2022-05-07T21:38:35.5663444Z > Task :languageObjectiveCpp:compileTestFixturesJava NO-SOURCE
2022-05-07T21:38:35.5664299Z > Task :languageObjectiveCpp:compileTestFixturesGroovy FROM-CACHE
2022-05-07T21:38:35.5665639Z > Task :languageObjectiveCpp:processTestFixturesResources NO-SOURCE
2022-05-07T21:38:35.5666425Z > Task :languageObjectiveCpp:testFixturesClasses UP-TO-DATE
2022-05-07T21:38:35.5666993Z > Task :languageObjectiveCpp:testFixturesJar
2022-05-07T21:38:35.5667655Z > Task :languageSwift:compileTestFixturesJava NO-SOURCE
2022-05-07T21:38:35.6650616Z > Task :languageSwift:compileTestFixturesGroovy FROM-CACHE
2022-05-07T21:38:35.6651857Z > Task :languageSwift:processTestFixturesResources NO-SOURCE
2022-05-07T21:38:35.6652718Z > Task :languageSwift:testFixturesClasses UP-TO-DATE
2022-05-07T21:38:35.6804459Z > Task :languageSwift:testFixturesJar
2022-05-07T21:38:35.6805265Z > Task :ideXcode:compileFunctionalTestJava NO-SOURCE
2022-05-07T21:38:35.7649864Z > Task :ideXcode:compileFunctionalTestGroovy FROM-CACHE
2022-05-07T21:38:35.7650977Z > Task :ideXcode:processFunctionalTestResources NO-SOURCE
2022-05-07T21:38:35.7653877Z > Task :ideXcode:functionalTestClasses UP-TO-DATE
2022-05-07T21:38:35.7654768Z > Task :ideXcode:pluginUnderTestMetadataFunctionalTest
2022-05-07T21:38:40.1649010Z > Task :ideVisualStudio:functionalTestLinuxLatestGlobalAvailable
2022-05-07T21:39:05.7652405Z > Task :ideXcode:functionalTestLinuxLatestGlobalAvailable
2022-05-07T21:41:35.7651082Z > Task :ideVisualStudio:functionalTestLinuxLatestNightly
2022-05-07T21:42:37.8649727Z > Task :ideXcode:functionalTestLinuxLatestNightly
2022-05-07T21:44:33.7674244Z > Task :ideVisualStudio:functionalTestLinuxMinimumGradle
2022-05-07T21:46:01.7655084Z 
2022-05-07T21:46:01.7661934Z > Task :ideXcode:functionalTestLinuxMinimumGradle
2022-05-07T21:46:01.7666173Z 
2022-05-07T21:46:01.7669247Z JniLibraryComposingXcodeFunctionalTest > can compose a Xcode workspace for a JNI library FAILED
2022-05-07T21:46:01.7670143Z     dev.gradleplugins.runnerkit.UnexpectedBuildFailure at JniLibraryComposingXcodeFunctionalTest.groovy:67
2022-05-07T21:46:01.7672906Z 
2022-05-07T21:46:01.7673304Z JniLibraryComposingXcodeFunctionalTest > creates an indexer target for known product type FAILED
2022-05-07T21:46:01.7677194Z     dev.gradleplugins.runnerkit.UnexpectedBuildFailure at JniLibraryComposingXcodeFunctionalTest.groovy:92
2022-05-07T21:46:01.7677677Z 
2022-05-07T21:46:01.7680408Z JniLibraryComposingXcodeFunctionalTest > can create multiple Xcode projects per Gradle project FAILED
2022-05-07T21:46:01.7681407Z     dev.gradleplugins.runnerkit.UnexpectedBuildFailure at JniLibraryComposingXcodeFunctionalTest.groovy:115
2022-05-07T21:46:01.7685396Z 
2022-05-07T21:46:01.7689212Z JniLibraryComposingXcodeFunctionalTest > creates indexer target inside the correct Xcode project when multiple projects FAILED
2022-05-07T21:46:01.7690143Z     dev.gradleplugins.runnerkit.UnexpectedBuildFailure at JniLibraryComposingXcodeFunctionalTest.groovy:148
2022-05-07T21:46:26.7660811Z 
2022-05-07T21:46:26.7662593Z > Task :ideVisualStudio:fullTest
2022-05-07T21:46:26.8683924Z > Task :internalSmokeTest:pluginUnderTestMetadataSmokeTest
2022-05-07T21:46:26.8710035Z > Task :internalSmokeTest:compileSmokeTestJava FROM-CACHE
2022-05-07T21:46:26.9719469Z > Task :internalSmokeTest:processSmokeTestResources NO-SOURCE
2022-05-07T21:46:26.9725766Z > Task :internalSmokeTest:smokeTestClasses UP-TO-DATE
2022-05-07T21:46:26.9726727Z > Task :internalSmokeTest:smokeTestLinuxLatestGlobalAvailable FROM-CACHE
2022-05-07T21:46:46.4651079Z > Task :internalSmokeTest:smokeTestLinuxLatestNightly
2022-05-07T21:46:46.4651750Z > Task :internalSmokeTest:fullTest
2022-05-07T21:46:46.4652332Z > Task :languageBase:pluginUnderTestMetadataTest
2022-05-07T21:46:46.4653201Z > Task :languageBase:compileTestJava NO-SOURCE
2022-05-07T21:46:46.4659420Z > Task :languageBase:compileTestGroovy FROM-CACHE
2022-05-07T21:46:46.4660072Z > Task :languageBase:processTestResources NO-SOURCE
2022-05-07T21:46:46.4660766Z > Task :languageBase:testClasses UP-TO-DATE
2022-05-07T21:46:46.5654774Z > Task :languageBase:testLinux FROM-CACHE
2022-05-07T21:46:46.5655822Z > Task :languageBase:compileFunctionalTestJava NO-SOURCE
2022-05-07T21:46:46.5656795Z > Task :languageBase:compileFunctionalTestGroovy FROM-CACHE
2022-05-07T21:46:46.5657596Z > Task :languageBase:processFunctionalTestResources NO-SOURCE
2022-05-07T21:46:46.5658310Z > Task :languageBase:functionalTestClasses UP-TO-DATE
2022-05-07T21:46:46.5658932Z > Task :languageBase:pluginUnderTestMetadataFunctionalTest
2022-05-07T21:46:46.5659675Z > Task :languageBase:functionalTestLinuxLatestGlobalAvailable FROM-CACHE
2022-05-07T21:47:08.4657387Z > Task :languageBase:functionalTestLinuxLatestNightly
2022-05-07T21:47:25.1662494Z > Task :languageBase:functionalTestLinuxMinimumGradle
2022-05-07T21:47:25.2657056Z > Task :coreScript:compileTestFixturesJava FROM-CACHE
2022-05-07T21:47:25.2657877Z > Task :coreScript:compileTestFixturesGroovy NO-SOURCE
2022-05-07T21:47:25.2663107Z > Task :coreScript:processTestFixturesResources NO-SOURCE
2022-05-07T21:47:25.2666464Z > Task :coreScript:testFixturesClasses UP-TO-DATE
2022-05-07T21:47:25.2669534Z > Task :coreScript:testFixturesJar
2022-05-07T21:47:25.2670188Z > Task :languageBase:compileIntegrationTestJava FROM-CACHE
2022-05-07T21:47:25.2679340Z > Task :languageBase:compileIntegrationTestGroovy NO-SOURCE
2022-05-07T21:47:25.2682648Z > Task :languageBase:processIntegrationTestResources NO-SOURCE
2022-05-07T21:47:25.2686545Z > Task :languageBase:integrationTestClasses UP-TO-DATE
2022-05-07T21:47:25.3656546Z > Task :languageBase:pluginUnderTestMetadataIntegrationTest
2022-05-07T21:47:25.3662024Z > Task :languageBase:integrationTest FROM-CACHE
2022-05-07T21:47:25.3665796Z > Task :languageBase:fullTest
2022-05-07T21:47:25.3666447Z > Task :languageC:pluginUnderTestMetadataTest
2022-05-07T21:47:25.3670271Z > Task :languageC:compileTestJava NO-SOURCE
2022-05-07T21:47:25.4678058Z > Task :languageC:compileTestGroovy FROM-CACHE
2022-05-07T21:47:25.4706321Z > Task :languageC:processTestResources NO-SOURCE
2022-05-07T21:47:25.4711261Z > Task :languageC:testClasses UP-TO-DATE
2022-05-07T21:47:25.4715132Z > Task :languageC:testLinux FROM-CACHE
2022-05-07T21:47:25.4715862Z > Task :languageC:compileFunctionalTestJava NO-SOURCE
2022-05-07T21:47:25.5671901Z > Task :languageC:compileFunctionalTestGroovy FROM-CACHE
2022-05-07T21:47:25.5676445Z > Task :languageC:processFunctionalTestResources NO-SOURCE
2022-05-07T21:47:25.5678957Z > Task :languageC:functionalTestClasses UP-TO-DATE
2022-05-07T21:47:25.5683520Z > Task :languageC:pluginUnderTestMetadataFunctionalTest
2022-05-07T21:47:55.5653751Z > Task :languageC:functionalTestLinuxLatestGlobalAvailable
2022-05-07T21:48:25.6650472Z 
2022-05-07T21:48:25.6686292Z > Task :ideXcode:functionalTestLinuxMinimumGradle
2022-05-07T21:48:25.6698717Z 
2022-05-07T21:48:25.6699445Z 335 tests completed, 4 failed, 155 skipped
2022-05-07T21:48:25.7655649Z 
2022-05-07T21:48:25.7658662Z > Task :ideXcode:functionalTestLinuxMinimumGradle FAILED
2022-05-07T21:48:25.7663311Z > Task :languageCpp:pluginUnderTestMetadataTest
2022-05-07T21:48:25.7666605Z > Task :languageCpp:compileTestJava NO-SOURCE
2022-05-07T21:48:25.8669164Z > Task :languageCpp:compileTestGroovy FROM-CACHE
2022-05-07T21:48:25.8674023Z > Task :languageCpp:processTestResources NO-SOURCE
2022-05-07T21:48:25.8674615Z > Task :languageCpp:testClasses UP-TO-DATE
2022-05-07T21:48:25.8675195Z > Task :languageCpp:testLinux FROM-CACHE
2022-05-07T21:48:25.8679928Z > Task :languageCpp:compileFunctionalTestJava NO-SOURCE
2022-05-07T21:48:25.8690205Z > Task :languageCpp:compileFunctionalTestGroovy FROM-CACHE
2022-05-07T21:48:25.8729039Z > Task :languageCpp:processFunctionalTestResources NO-SOURCE
2022-05-07T21:48:25.8733373Z > Task :languageCpp:functionalTestClasses UP-TO-DATE
2022-05-07T21:48:25.8734075Z > Task :languageCpp:pluginUnderTestMetadataFunctionalTest
2022-05-07T21:48:36.7662697Z > Task :languageC:functionalTestLinuxLatestNightly
2022-05-07T21:48:55.8675905Z > Task :languageCpp:functionalTestLinuxLatestGlobalAvailable
2022-05-07T21:49:18.9668548Z > Task :languageC:functionalTestLinuxMinimumGradle
2022-05-07T21:49:25.1655815Z > Task :languageC:compileIntegrationTestJava FROM-CACHE
2022-05-07T21:49:25.1661176Z > Task :languageC:compileIntegrationTestGroovy NO-SOURCE
2022-05-07T21:49:25.1678692Z > Task :languageC:processIntegrationTestResources NO-SOURCE
2022-05-07T21:49:25.1689936Z > Task :languageC:integrationTestClasses UP-TO-DATE
2022-05-07T21:49:25.1701075Z > Task :languageC:pluginUnderTestMetadataIntegrationTest
2022-05-07T21:49:25.2658783Z > Task :languageC:integrationTest FROM-CACHE
2022-05-07T21:49:25.2672199Z > Task :languageC:fullTest
2022-05-07T21:49:25.2683537Z > Task :languageNative:pluginUnderTestMetadataTest
2022-05-07T21:49:25.2694837Z > Task :languageNative:compileTestJava NO-SOURCE
2022-05-07T21:49:25.2703316Z > Task :languageNative:compileTestGroovy NO-SOURCE
2022-05-07T21:49:25.2711452Z > Task :languageNative:processTestResources NO-SOURCE
2022-05-07T21:49:25.2720153Z > Task :languageNative:testClasses UP-TO-DATE
2022-05-07T21:49:25.2727811Z > Task :languageNative:testLinux NO-SOURCE
2022-05-07T21:49:25.2732530Z > Task :languageNative:compileFunctionalTestJava NO-SOURCE
2022-05-07T21:49:25.2742596Z > Task :languageNative:compileFunctionalTestGroovy NO-SOURCE
2022-05-07T21:49:25.2754239Z > Task :languageNative:processFunctionalTestResources NO-SOURCE
2022-05-07T21:49:25.2766538Z > Task :languageNative:functionalTestClasses UP-TO-DATE
2022-05-07T21:49:25.2779509Z > Task :languageNative:pluginUnderTestMetadataFunctionalTest
2022-05-07T21:49:25.2790626Z > Task :languageNative:functionalTestLinuxLatestGlobalAvailable NO-SOURCE
2022-05-07T21:49:25.2799931Z > Task :languageNative:functionalTestLinuxLatestNightly NO-SOURCE
2022-05-07T21:49:25.2808772Z > Task :languageNative:functionalTestLinuxMinimumGradle NO-SOURCE
2022-05-07T21:49:25.2818887Z > Task :languageNative:fullTest UP-TO-DATE
2022-05-07T21:49:25.2828761Z > Task :languageObjectiveC:pluginUnderTestMetadataTest
2022-05-07T21:49:25.3686130Z > Task :languageObjectiveC:compileTestJava NO-SOURCE
2022-05-07T21:49:25.3697237Z > Task :languageObjectiveC:compileTestGroovy FROM-CACHE
2022-05-07T21:49:25.3701812Z > Task :languageObjectiveC:processTestResources NO-SOURCE
2022-05-07T21:49:25.3707047Z > Task :languageObjectiveC:testClasses UP-TO-DATE
2022-05-07T21:49:25.3804421Z > Task :languageObjectiveC:testLinux FROM-CACHE
2022-05-07T21:49:25.3808144Z > Task :languageObjectiveC:compileFunctionalTestJava NO-SOURCE
2022-05-07T21:49:25.4689008Z > Task :languageObjectiveC:compileFunctionalTestGroovy FROM-CACHE
2022-05-07T21:49:25.4694042Z > Task :languageObjectiveC:processFunctionalTestResources NO-SOURCE
2022-05-07T21:49:25.4752261Z > Task :languageObjectiveC:functionalTestClasses UP-TO-DATE
2022-05-07T21:49:25.4758770Z > Task :languageObjectiveC:pluginUnderTestMetadataFunctionalTest
2022-05-07T21:49:42.3653615Z > Task :languageCpp:functionalTestLinuxLatestNightly
2022-05-07T21:49:55.4814245Z > Task :languageObjectiveC:functionalTestLinuxLatestGlobalAvailable
2022-05-07T21:50:28.1666630Z > Task :languageCpp:functionalTestLinuxMinimumGradle
2022-05-07T21:50:36.5650519Z > Task :languageCpp:compileIntegrationTestJava FROM-CACHE
2022-05-07T21:50:36.5662161Z > Task :languageCpp:compileIntegrationTestGroovy NO-SOURCE
2022-05-07T21:50:36.5667612Z > Task :languageCpp:processIntegrationTestResources NO-SOURCE
2022-05-07T21:50:36.5672918Z > Task :languageCpp:integrationTestClasses UP-TO-DATE
2022-05-07T21:50:36.5676871Z > Task :languageCpp:pluginUnderTestMetadataIntegrationTest
2022-05-07T21:50:36.5677666Z > Task :languageCpp:integrationTest FROM-CACHE
2022-05-07T21:50:36.5680730Z > Task :languageCpp:fullTest
2022-05-07T21:50:36.5684412Z > Task :languageObjectiveCpp:pluginUnderTestMetadataTest
2022-05-07T21:50:36.5687099Z > Task :languageObjectiveCpp:compileTestJava NO-SOURCE
2022-05-07T21:50:36.6650244Z > Task :languageObjectiveCpp:compileTestGroovy FROM-CACHE
2022-05-07T21:50:36.6662516Z > Task :languageObjectiveCpp:processTestResources NO-SOURCE
2022-05-07T21:50:36.6669823Z > Task :languageObjectiveCpp:testClasses UP-TO-DATE
2022-05-07T21:50:36.6673842Z > Task :languageObjectiveCpp:testLinux FROM-CACHE
2022-05-07T21:50:36.6676797Z > Task :languageObjectiveCpp:compileFunctionalTestJava NO-SOURCE
2022-05-07T21:50:36.6677574Z > Task :languageObjectiveCpp:compileFunctionalTestGroovy FROM-CACHE
2022-05-07T21:50:36.6680993Z > Task :languageObjectiveCpp:processFunctionalTestResources NO-SOURCE
2022-05-07T21:50:36.6683800Z > Task :languageObjectiveCpp:functionalTestClasses UP-TO-DATE
2022-05-07T21:50:36.7658719Z > Task :languageObjectiveCpp:pluginUnderTestMetadataFunctionalTest
2022-05-07T21:50:40.0649510Z > Task :languageObjectiveC:functionalTestLinuxLatestNightly
2022-05-07T21:51:06.6660524Z > Task :languageObjectiveCpp:functionalTestLinuxLatestGlobalAvailable
2022-05-07T21:51:22.0652634Z > Task :languageObjectiveC:functionalTestLinuxMinimumGradle
2022-05-07T21:51:28.1660888Z > Task :languageObjectiveC:compileIntegrationTestJava FROM-CACHE
2022-05-07T21:51:28.1661857Z > Task :languageObjectiveC:compileIntegrationTestGroovy NO-SOURCE
2022-05-07T21:51:28.1666260Z > Task :languageObjectiveC:processIntegrationTestResources NO-SOURCE
2022-05-07T21:51:28.1672032Z > Task :languageObjectiveC:integrationTestClasses UP-TO-DATE
2022-05-07T21:51:28.1672905Z > Task :languageObjectiveC:pluginUnderTestMetadataIntegrationTest
2022-05-07T21:51:28.1676085Z > Task :languageObjectiveC:integrationTest FROM-CACHE
2022-05-07T21:51:28.1676744Z > Task :languageObjectiveC:fullTest
2022-05-07T21:51:28.1677308Z > Task :languageSwift:pluginUnderTestMetadataTest
2022-05-07T21:51:28.1677987Z > Task :languageSwift:compileTestJava NO-SOURCE
2022-05-07T21:51:28.2656995Z > Task :languageSwift:compileTestGroovy FROM-CACHE
2022-05-07T21:51:28.2850881Z > Task :languageSwift:processTestResources NO-SOURCE
2022-05-07T21:51:28.2851454Z > Task :languageSwift:testClasses UP-TO-DATE
2022-05-07T21:51:28.2851960Z > Task :languageSwift:testLinux FROM-CACHE
2022-05-07T21:51:28.2852462Z > Task :languageSwift:compileFunctionalTestJava NO-SOURCE
2022-05-07T21:51:28.3657679Z > Task :languageSwift:compileFunctionalTestGroovy FROM-CACHE
2022-05-07T21:51:28.3658763Z > Task :languageSwift:processFunctionalTestResources NO-SOURCE
2022-05-07T21:51:28.3660061Z > Task :languageSwift:functionalTestClasses UP-TO-DATE
2022-05-07T21:51:28.3660598Z > Task :languageSwift:pluginUnderTestMetadataFunctionalTest
2022-05-07T21:51:51.6664667Z > Task :languageObjectiveCpp:functionalTestLinuxLatestNightly
2022-05-07T21:51:58.3650120Z > Task :languageSwift:functionalTestLinuxLatestGlobalAvailable
2022-05-07T21:52:38.5654259Z > Task :languageSwift:functionalTestLinuxLatestNightly
2022-05-07T21:52:39.1654451Z > Task :languageObjectiveCpp:functionalTestLinuxMinimumGradle
2022-05-07T21:52:47.7653746Z > Task :languageObjectiveCpp:compileIntegrationTestJava FROM-CACHE
2022-05-07T21:52:47.7656238Z > Task :languageObjectiveCpp:compileIntegrationTestGroovy NO-SOURCE
2022-05-07T21:52:47.7657605Z > Task :languageObjectiveCpp:processIntegrationTestResources NO-SOURCE
2022-05-07T21:52:47.7658388Z > Task :languageObjectiveCpp:integrationTestClasses UP-TO-DATE
2022-05-07T21:52:47.7658928Z > Task :languageObjectiveCpp:pluginUnderTestMetadataIntegrationTest
2022-05-07T21:52:47.7659526Z > Task :languageObjectiveCpp:integrationTest FROM-CACHE
2022-05-07T21:52:47.7659945Z > Task :languageObjectiveCpp:fullTest
2022-05-07T21:52:47.7660364Z > Task :platformBase:pluginUnderTestMetadataTest
2022-05-07T21:52:47.7660843Z > Task :platformBase:compileTestJava NO-SOURCE
2022-05-07T21:52:48.0667532Z > Task :platformBase:compileTestGroovy FROM-CACHE
2022-05-07T21:52:48.0668477Z > Task :platformBase:processTestResources NO-SOURCE
2022-05-07T21:52:48.0669207Z > Task :platformBase:testClasses UP-TO-DATE
2022-05-07T21:52:48.0669742Z > Task :platformBase:testLinux FROM-CACHE
2022-05-07T21:52:48.0670329Z > Task :platformBase:compileFunctionalTestJava NO-SOURCE
2022-05-07T21:52:48.0671253Z > Task :platformBase:compileFunctionalTestGroovy NO-SOURCE
2022-05-07T21:52:48.0671899Z > Task :platformBase:processFunctionalTestResources NO-SOURCE
2022-05-07T21:52:48.0672516Z > Task :platformBase:functionalTestClasses UP-TO-DATE
2022-05-07T21:52:48.0673051Z > Task :platformBase:pluginUnderTestMetadataFunctionalTest
2022-05-07T21:52:48.0673794Z > Task :platformBase:functionalTestLinuxLatestGlobalAvailable NO-SOURCE
2022-05-07T21:52:48.0674506Z > Task :platformBase:functionalTestLinuxLatestNightly NO-SOURCE
2022-05-07T21:52:48.0675145Z > Task :platformBase:functionalTestLinuxMinimumGradle NO-SOURCE
2022-05-07T21:52:48.1659748Z > Task :platformBase:compileIntegrationTestJava FROM-CACHE
2022-05-07T21:52:48.1661029Z > Task :platformBase:compileIntegrationTestGroovy NO-SOURCE
2022-05-07T21:52:48.1661852Z > Task :platformBase:processIntegrationTestResources NO-SOURCE
2022-05-07T21:52:48.1662498Z > Task :platformBase:integrationTestClasses UP-TO-DATE
2022-05-07T21:52:48.1663087Z > Task :platformBase:pluginUnderTestMetadataIntegrationTest
2022-05-07T21:52:48.1663704Z > Task :platformBase:integrationTest FROM-CACHE
2022-05-07T21:52:48.1664250Z > Task :platformBase:fullTest UP-TO-DATE
2022-05-07T21:52:48.1664744Z > Task :platformC:pluginUnderTestMetadataTest
2022-05-07T21:52:48.1665342Z > Task :platformNative:compileTestFixturesJava NO-SOURCE
2022-05-07T21:52:48.2658399Z > Task :platformNative:compileTestFixturesGroovy FROM-CACHE
2022-05-07T21:52:48.2659182Z > Task :platformNative:processTestFixturesResources NO-SOURCE
2022-05-07T21:52:48.2659830Z > Task :platformNative:testFixturesClasses UP-TO-DATE
2022-05-07T21:52:48.3652837Z > Task :platformNative:testFixturesJar
2022-05-07T21:52:48.3653890Z > Task :platformC:compileTestJava NO-SOURCE
2022-05-07T21:52:48.4650760Z > Task :platformC:compileTestGroovy FROM-CACHE
2022-05-07T21:52:48.4653698Z > Task :platformC:processTestResources NO-SOURCE
2022-05-07T21:52:48.4654634Z > Task :platformC:testClasses UP-TO-DATE
2022-05-07T21:53:16.7656441Z > Task :languageSwift:functionalTestLinuxMinimumGradle
2022-05-07T21:53:16.8654335Z > Task :languageSwift:compileIntegrationTestJava FROM-CACHE
2022-05-07T21:53:16.8654967Z > Task :languageSwift:compileIntegrationTestGroovy NO-SOURCE
2022-05-07T21:53:16.8655741Z > Task :languageSwift:processIntegrationTestResources NO-SOURCE
2022-05-07T21:53:16.8656457Z > Task :languageSwift:integrationTestClasses UP-TO-DATE
2022-05-07T21:53:16.8657124Z > Task :languageSwift:pluginUnderTestMetadataIntegrationTest
2022-05-07T21:53:17.0711994Z > Task :languageSwift:integrationTest FROM-CACHE
2022-05-07T21:53:17.0712448Z > Task :languageSwift:fullTest
2022-05-07T21:53:17.0713030Z > Task :platformCpp:pluginUnderTestMetadataTest
2022-05-07T21:53:17.0713617Z > Task :platformCpp:compileTestJava NO-SOURCE
2022-05-07T21:53:17.0714207Z > Task :platformCpp:compileTestGroovy FROM-CACHE
2022-05-07T21:53:17.0714793Z > Task :platformCpp:processTestResources NO-SOURCE
2022-05-07T21:53:17.0715351Z > Task :platformCpp:testClasses UP-TO-DATE
2022-05-07T21:53:18.4662664Z > Task :platformC:testLinux
2022-05-07T21:53:20.6650498Z > Task :platformC:compileFunctionalTestJava NO-SOURCE
2022-05-07T21:53:20.7650667Z > Task :platformC:compileFunctionalTestGroovy FROM-CACHE
2022-05-07T21:53:20.7651298Z > Task :platformC:processFunctionalTestResources NO-SOURCE
2022-05-07T21:53:20.7651847Z > Task :platformC:functionalTestClasses UP-TO-DATE
2022-05-07T21:53:20.7652320Z > Task :platformC:pluginUnderTestMetadataFunctionalTest
2022-05-07T21:53:47.0649829Z > Task :platformCpp:testLinux
2022-05-07T21:53:50.7653803Z > Task :platformCpp:compileFunctionalTestJava NO-SOURCE
2022-05-07T21:53:50.7775209Z > Task :platformCpp:compileFunctionalTestGroovy FROM-CACHE
2022-05-07T21:53:50.7775858Z > Task :platformCpp:processFunctionalTestResources NO-SOURCE
2022-05-07T21:53:50.7776439Z > Task :platformCpp:functionalTestClasses UP-TO-DATE
2022-05-07T21:53:50.7776921Z > Task :platformC:functionalTestLinuxLatestGlobalAvailable
2022-05-07T21:53:50.8650437Z > Task :platformCpp:pluginUnderTestMetadataFunctionalTest
2022-05-07T21:54:20.7650989Z > Task :platformCpp:functionalTestLinuxLatestGlobalAvailable
2022-05-07T21:56:28.9650251Z > Task :platformC:functionalTestLinuxLatestNightly
2022-05-07T21:57:57.3650090Z > Task :platformCpp:functionalTestLinuxLatestNightly
2022-05-07T21:59:02.7649915Z > Task :platformC:functionalTestLinuxMinimumGradle
2022-05-07T22:00:44.4650936Z > Task :platformC:fullTest
2022-05-07T22:00:44.4651395Z > Task :platformIos:pluginUnderTestMetadataTest
2022-05-07T22:00:44.4652267Z > Task :platformIos:compileTestJava NO-SOURCE
2022-05-07T22:00:44.5667566Z > Task :platformIos:compileTestGroovy FROM-CACHE
2022-05-07T22:00:44.5673554Z > Task :platformIos:processTestResources NO-SOURCE
2022-05-07T22:00:44.5674086Z > Task :platformIos:testClasses UP-TO-DATE
2022-05-07T22:01:14.5665017Z > Task :platformIos:testLinux
2022-05-07T22:01:17.7652658Z > Task :platformCpp:functionalTestLinuxMinimumGradle
2022-05-07T22:01:20.2650704Z > Task :platformIos:compileFunctionalTestJava NO-SOURCE
2022-05-07T22:01:20.2651939Z > Task :platformIos:compileFunctionalTestGroovy FROM-CACHE
2022-05-07T22:01:20.2652823Z > Task :platformIos:processFunctionalTestResources NO-SOURCE
2022-05-07T22:01:20.2654126Z > Task :platformIos:functionalTestClasses UP-TO-DATE
2022-05-07T22:01:20.2654655Z > Task :platformIos:pluginUnderTestMetadataFunctionalTest
2022-05-07T22:01:29.5650346Z > Task :platformIos:functionalTestLinuxLatestGlobalAvailable
2022-05-07T22:01:38.3652835Z > Task :platformIos:functionalTestLinuxLatestNightly
2022-05-07T22:01:47.1650293Z > Task :platformIos:functionalTestLinuxMinimumGradle
2022-05-07T22:01:47.1651067Z > Task :platformIos:fullTest
2022-05-07T22:01:47.1651476Z > Task :platformJni:pluginUnderTestMetadataTest
2022-05-07T22:01:47.1652211Z > Task :platformJni:compileTestJava NO-SOURCE
2022-05-07T22:01:47.3650797Z > Task :platformJni:compileTestGroovy FROM-CACHE
2022-05-07T22:01:47.3653943Z > Task :platformJni:processTestResources NO-SOURCE
2022-05-07T22:01:47.3654452Z > Task :platformJni:testClasses UP-TO-DATE
2022-05-07T22:02:17.3649678Z > Task :platformJni:testLinux
2022-05-07T22:03:55.5650152Z > Task :platformCpp:fullTest
2022-05-07T22:03:55.5652243Z > Task :platformNative:pluginUnderTestMetadataTest
2022-05-07T22:03:55.5653268Z > Task :platformNative:compileTestJava NO-SOURCE
2022-05-07T22:03:55.7765042Z > Task :platformNative:compileTestGroovy FROM-CACHE
2022-05-07T22:03:55.7765599Z > Task :platformNative:processTestResources NO-SOURCE
2022-05-07T22:03:55.7766102Z > Task :platformNative:testClasses UP-TO-DATE
2022-05-07T22:04:25.7675199Z > Task :platformNative:testLinux
2022-05-07T22:05:37.1654877Z > Task :platformNative:compileFunctionalTestJava NO-SOURCE
2022-05-07T22:05:37.1655515Z > Task :platformNative:compileFunctionalTestGroovy NO-SOURCE
2022-05-07T22:05:37.1656136Z > Task :platformNative:processFunctionalTestResources NO-SOURCE
2022-05-07T22:05:37.1656699Z > Task :platformNative:functionalTestClasses UP-TO-DATE
2022-05-07T22:05:37.1657194Z > Task :platformNative:pluginUnderTestMetadataFunctionalTest
2022-05-07T22:05:37.2650448Z > Task :platformNative:functionalTestLinuxLatestGlobalAvailable NO-SOURCE
2022-05-07T22:05:37.2651177Z > Task :platformNative:functionalTestLinuxLatestNightly NO-SOURCE
2022-05-07T22:05:37.2651784Z > Task :platformNative:functionalTestLinuxMinimumGradle NO-SOURCE
2022-05-07T22:05:37.2652354Z > Task :platformNative:compileIntegrationTestJava FROM-CACHE
2022-05-07T22:05:37.2653120Z > Task :platformNative:compileIntegrationTestGroovy NO-SOURCE
2022-05-07T22:05:37.2653780Z > Task :platformNative:processIntegrationTestResources NO-SOURCE
2022-05-07T22:05:37.2654423Z > Task :platformNative:integrationTestClasses UP-TO-DATE
2022-05-07T22:05:37.2654998Z > Task :platformNative:pluginUnderTestMetadataIntegrationTest
2022-05-07T22:05:37.3695108Z > Task :platformNative:integrationTest FROM-CACHE
2022-05-07T22:05:37.3695512Z > Task :platformNative:fullTest
2022-05-07T22:05:37.3695927Z > Task :platformObjectiveC:pluginUnderTestMetadataTest
2022-05-07T22:05:37.3696705Z > Task :platformObjectiveC:compileTestJava NO-SOURCE
2022-05-07T22:05:37.3697228Z > Task :platformObjectiveC:compileTestGroovy FROM-CACHE
2022-05-07T22:05:37.3697761Z > Task :platformObjectiveC:processTestResources NO-SOURCE
2022-05-07T22:05:37.3698270Z > Task :platformObjectiveC:testClasses UP-TO-DATE
2022-05-07T22:06:07.3664530Z > Task :platformObjectiveC:testLinux
2022-05-07T22:06:27.6653498Z > Task :platformObjectiveC:compileFunctionalTestJava NO-SOURCE
2022-05-07T22:06:27.6654563Z > Task :platformObjectiveC:compileFunctionalTestGroovy FROM-CACHE
2022-05-07T22:06:27.6655808Z > Task :platformObjectiveC:processFunctionalTestResources NO-SOURCE
2022-05-07T22:06:27.6656584Z > Task :platformObjectiveC:functionalTestClasses UP-TO-DATE
2022-05-07T22:06:27.7651342Z > Task :platformObjectiveC:pluginUnderTestMetadataFunctionalTest
2022-05-07T22:06:57.6657510Z > Task :platformObjectiveC:functionalTestLinuxLatestGlobalAvailable
2022-05-07T22:09:50.2649923Z > Task :platformObjectiveC:functionalTestLinuxLatestNightly
2022-05-07T22:11:07.3653702Z > Task :platformJni:compileFunctionalTestJava NO-SOURCE
2022-05-07T22:11:07.4683079Z > Task :platformJni:compileFunctionalTestGroovy FROM-CACHE
2022-05-07T22:11:07.4684080Z > Task :platformJni:processFunctionalTestResources NO-SOURCE
2022-05-07T22:11:07.4684737Z > Task :platformJni:functionalTestClasses UP-TO-DATE
2022-05-07T22:11:07.5654791Z > Task :platformJni:pluginUnderTestMetadataFunctionalTest
2022-05-07T22:11:37.5657524Z > Task :platformJni:functionalTestLinuxLatestGlobalAvailable
2022-05-07T22:12:37.0650613Z > Task :platformObjectiveC:functionalTestLinuxMinimumGradle
2022-05-07T22:14:27.6652584Z > Task :platformObjectiveC:fullTest
2022-05-07T22:14:27.6654822Z > Task :platformObjectiveCpp:pluginUnderTestMetadataTest
2022-05-07T22:14:27.6656012Z > Task :platformObjectiveCpp:compileTestJava NO-SOURCE
2022-05-07T22:14:27.6656740Z > Task :platformObjectiveCpp:compileTestGroovy FROM-CACHE
2022-05-07T22:14:27.6774692Z > Task :platformObjectiveCpp:processTestResources NO-SOURCE
2022-05-07T22:14:27.6775326Z > Task :platformObjectiveCpp:testClasses UP-TO-DATE
2022-05-07T22:14:57.6656775Z > Task :platformObjectiveCpp:testLinux
2022-05-07T22:15:00.2650296Z > Task :platformObjectiveCpp:compileFunctionalTestJava NO-SOURCE
2022-05-07T22:15:00.3693935Z > Task :platformObjectiveCpp:compileFunctionalTestGroovy FROM-CACHE
2022-05-07T22:15:00.3694852Z > Task :platformObjectiveCpp:processFunctionalTestResources NO-SOURCE
2022-05-07T22:15:00.3695636Z > Task :platformObjectiveCpp:functionalTestClasses UP-TO-DATE
2022-05-07T22:15:00.3696656Z > Task :platformObjectiveCpp:pluginUnderTestMetadataFunctionalTest
2022-05-07T22:15:30.3649754Z > Task :platformObjectiveCpp:functionalTestLinuxLatestGlobalAvailable
2022-05-07T22:18:48.5650654Z > Task :platformJni:functionalTestLinuxLatestNightly
2022-05-07T22:18:54.3649830Z > Task :platformObjectiveCpp:functionalTestLinuxLatestNightly
2022-05-07T22:22:38.2650635Z > Task :platformObjectiveCpp:functionalTestLinuxMinimumGradle
2022-05-07T22:24:31.1650907Z 
2022-05-07T22:24:31.1651940Z > Task :platformJni:functionalTestLinuxLatestNightly
2022-05-07T22:24:31.1652263Z 
2022-05-07T22:24:31.1652683Z VariantAwareComponentJavaCJniLibraryFunctionalTest > can see outgoing variants created by variants when executing outgoingVariants [gcc 9.4.0] FAILED
2022-05-07T22:24:31.1653576Z     org.spockframework.runtime.ConditionFailedWithExceptionError at AbstractVariantAwareComponentFunctionalTest.groovy:180
2022-05-07T22:24:31.1654284Z         Caused by: java.lang.AssertionError at MatcherAssert.java:20
2022-05-07T22:24:32.4653924Z 
2022-05-07T22:24:32.4654815Z VariantAwareComponentJavaCJniLibraryFunctionalTest > can view dependency insight for configuration created by variants when executing dependencyInsight [gcc 9.4.0] FAILED
2022-05-07T22:24:32.4655815Z     org.spockframework.runtime.ConditionFailedWithExceptionError at AbstractVariantAwareComponentFunctionalTest.groovy:227
2022-05-07T22:24:32.4656531Z         Caused by: java.lang.AssertionError at MatcherAssert.java:20
2022-05-07T22:24:33.8649811Z 
2022-05-07T22:24:33.8650657Z VariantAwareComponentJavaCppJniLibraryFunctionalTest > can see outgoing variants created by variants when executing outgoingVariants [gcc 9.4.0] FAILED
2022-05-07T22:24:33.8651610Z     org.spockframework.runtime.ConditionFailedWithExceptionError at AbstractVariantAwareComponentFunctionalTest.groovy:180
2022-05-07T22:24:33.8652320Z         Caused by: java.lang.AssertionError at MatcherAssert.java:20
2022-05-07T22:24:34.4655328Z 
2022-05-07T22:24:34.4656228Z VariantAwareComponentJavaCppJniLibraryFunctionalTest > can view dependency insight for configuration created by variants when executing dependencyInsight [gcc 9.4.0] FAILED
2022-05-07T22:24:34.4657478Z     org.spockframework.runtime.ConditionFailedWithExceptionError at AbstractVariantAwareComponentFunctionalTest.groovy:227
2022-05-07T22:24:34.4658195Z         Caused by: java.lang.AssertionError at MatcherAssert.java:20
2022-05-07T22:24:35.8650176Z 
2022-05-07T22:24:35.8655121Z VariantAwareComponentJavaObjectiveCJniLibraryFunctionalTest > can see outgoing variants created by variants when executing outgoingVariants [gcc 9.4.0] FAILED
2022-05-07T22:24:35.8656354Z     org.spockframework.runtime.ConditionFailedWithExceptionError at AbstractVariantAwareComponentFunctionalTest.groovy:180
2022-05-07T22:24:35.8891555Z         Caused by: java.lang.AssertionError at MatcherAssert.java:20
2022-05-07T22:24:36.1649388Z 
2022-05-07T22:24:36.1650600Z VariantAwareComponentJavaObjectiveCJniLibraryFunctionalTest > can view dependency insight for configuration created by variants when executing dependencyInsight [gcc 9.4.0] FAILED
2022-05-07T22:24:36.1651888Z     org.spockframework.runtime.ConditionFailedWithExceptionError at AbstractVariantAwareComponentFunctionalTest.groovy:227
2022-05-07T22:24:36.1652836Z         Caused by: java.lang.AssertionError at MatcherAssert.java:20
2022-05-07T22:24:37.5654375Z 
2022-05-07T22:24:37.5655291Z VariantAwareComponentJavaObjectiveCppJniLibraryFunctionalTest > can see outgoing variants created by variants when executing outgoingVariants [gcc 9.4.0] FAILED
2022-05-07T22:24:37.5656297Z     org.spockframework.runtime.ConditionFailedWithExceptionError at AbstractVariantAwareComponentFunctionalTest.groovy:180
2022-05-07T22:24:37.5657058Z         Caused by: java.lang.AssertionError at MatcherAssert.java:20
2022-05-07T22:24:37.9649976Z 
2022-05-07T22:24:37.9650910Z VariantAwareComponentJavaObjectiveCppJniLibraryFunctionalTest > can view dependency insight for configuration created by variants when executing dependencyInsight [gcc 9.4.0] FAILED
2022-05-07T22:24:37.9654688Z     org.spockframework.runtime.ConditionFailedWithExceptionError at AbstractVariantAwareComponentFunctionalTest.groovy:227
2022-05-07T22:24:37.9655418Z         Caused by: java.lang.AssertionError at MatcherAssert.java:20
2022-05-07T22:24:40.4649831Z 
2022-05-07T22:24:40.5656900Z VariantAwareComponentKotlinCppJniLibraryFunctionalTest > can see outgoing variants created by variants when executing outgoingVariants [gcc 9.4.0] FAILED
2022-05-07T22:24:40.5657894Z     org.spockframework.runtime.ConditionFailedWithExceptionError at AbstractVariantAwareComponentFunctionalTest.groovy:180
2022-05-07T22:24:43.3650437Z         Caused by: java.lang.AssertionError at MatcherAssert.java:20
2022-05-07T22:24:43.3650778Z 
2022-05-07T22:24:43.3651263Z VariantAwareComponentKotlinCppJniLibraryFunctionalTest > can view dependency insight for configuration created by variants when executing dependencyInsight [gcc 9.4.0] FAILED
2022-05-07T22:24:43.3652213Z     org.spockframework.runtime.ConditionFailedWithExceptionError at AbstractVariantAwareComponentFunctionalTest.groovy:227
2022-05-07T22:24:43.3652920Z         Caused by: java.lang.AssertionError at MatcherAssert.java:20
2022-05-07T22:25:07.8649475Z 
2022-05-07T22:25:07.8650116Z > Task :platformObjectiveCpp:fullTest
2022-05-07T22:25:07.8650622Z > Task :platformSwift:pluginUnderTestMetadataTest
2022-05-07T22:25:07.8661314Z > Task :platformSwift:compileTestJava NO-SOURCE
2022-05-07T22:25:07.9650686Z > Task :platformSwift:compileTestGroovy FROM-CACHE
2022-05-07T22:25:07.9653769Z > Task :platformSwift:processTestResources NO-SOURCE
2022-05-07T22:25:07.9654482Z > Task :platformSwift:testClasses UP-TO-DATE
2022-05-07T22:25:23.9652383Z 
2022-05-07T22:25:23.9653164Z > Task :platformJni:functionalTestLinuxLatestNightly
2022-05-07T22:25:23.9659403Z 
2022-05-07T22:25:23.9882439Z 347 tests completed, 10 failed, 57 skipped
2022-05-07T22:25:24.4648478Z 
2022-05-07T22:25:24.4649475Z > Task :platformJni:functionalTestLinuxLatestNightly FAILED
2022-05-07T22:25:33.6654358Z > Task :platformSwift:testLinux
2022-05-07T22:25:33.6655562Z > Task :platformSwift:compileFunctionalTestJava NO-SOURCE
2022-05-07T22:25:33.7656532Z > Task :platformSwift:compileFunctionalTestGroovy FROM-CACHE
2022-05-07T22:25:33.7658717Z > Task :platformSwift:processFunctionalTestResources NO-SOURCE
2022-05-07T22:25:33.7663889Z > Task :platformSwift:functionalTestClasses UP-TO-DATE
2022-05-07T22:25:33.7664585Z > Task :platformSwift:pluginUnderTestMetadataFunctionalTest
2022-05-07T22:25:54.4656797Z > Task :platformJni:functionalTestLinuxMinimumGradle
2022-05-07T22:26:03.7654348Z > Task :platformSwift:functionalTestLinuxLatestGlobalAvailable
2022-05-07T22:29:28.8709943Z > Task :platformSwift:functionalTestLinuxLatestNightly
2022-05-07T22:31:11.0657145Z > Task :publishingCore:fullTest UP-TO-DATE
2022-05-07T22:31:11.0658509Z > Task :runtimeBase:pluginUnderTestMetadataTest
2022-05-07T22:31:11.0659250Z > Task :runtimeBase:compileTestFixturesJava FROM-CACHE
2022-05-07T22:31:11.0660176Z > Task :runtimeBase:compileTestFixturesGroovy NO-SOURCE
2022-05-07T22:31:11.0660906Z > Task :runtimeBase:processTestFixturesResources NO-SOURCE
2022-05-07T22:31:11.0661796Z > Task :runtimeBase:testFixturesClasses UP-TO-DATE
2022-05-07T22:31:11.0662356Z > Task :runtimeBase:testFixturesJar
2022-05-07T22:31:11.0663178Z > Task :runtimeBase:compileTestJava NO-SOURCE
2022-05-07T22:31:11.1666492Z > Task :runtimeBase:compileTestGroovy FROM-CACHE
2022-05-07T22:31:11.1759178Z > Task :runtimeBase:processTestResources NO-SOURCE
2022-05-07T22:31:11.1764397Z > Task :runtimeBase:testClasses UP-TO-DATE
2022-05-07T22:31:11.1765587Z > Task :runtimeBase:testLinux FROM-CACHE
2022-05-07T22:31:11.1766346Z > Task :runtimeBase:compileFunctionalTestJava NO-SOURCE
2022-05-07T22:31:11.1767284Z > Task :runtimeBase:compileFunctionalTestGroovy FROM-CACHE
2022-05-07T22:31:11.1768018Z > Task :runtimeBase:processFunctionalTestResources NO-SOURCE
2022-05-07T22:31:11.1768911Z > Task :runtimeBase:functionalTestClasses UP-TO-DATE
2022-05-07T22:31:11.1769548Z > Task :runtimeBase:pluginUnderTestMetadataFunctionalTest
2022-05-07T22:31:11.1775371Z > Task :runtimeBase:functionalTestLinuxLatestGlobalAvailable FROM-CACHE
2022-05-07T22:31:29.8664592Z > Task :runtimeBase:functionalTestLinuxLatestNightly
2022-05-07T22:31:29.8665541Z > Task :runtimeBase:functionalTestLinuxMinimumGradle FROM-CACHE
2022-05-07T22:31:29.8665974Z > Task :runtimeBase:fullTest
2022-05-07T22:31:29.8666379Z > Task :runtimeDarwin:pluginUnderTestMetadataTest
2022-05-07T22:31:29.8666935Z > Task :runtimeDarwin:generateTestGrammarSource NO-SOURCE
2022-05-07T22:31:29.9661702Z > Task :runtimeDarwin:compileTestJava NO-SOURCE
2022-05-07T22:31:29.9662273Z > Task :runtimeDarwin:compileTestGroovy FROM-CACHE
2022-05-07T22:31:29.9662780Z > Task :runtimeDarwin:processTestResources NO-SOURCE
2022-05-07T22:31:29.9663285Z > Task :runtimeDarwin:testClasses UP-TO-DATE
2022-05-07T22:31:29.9663742Z > Task :runtimeDarwin:testLinux FROM-CACHE
2022-05-07T22:31:29.9664301Z > Task :runtimeDarwin:generateFunctionalTestGrammarSource NO-SOURCE
2022-05-07T22:31:29.9664882Z > Task :runtimeDarwin:compileFunctionalTestJava NO-SOURCE
2022-05-07T22:31:30.0665964Z > Task :runtimeDarwin:compileFunctionalTestGroovy FROM-CACHE
2022-05-07T22:31:30.0666765Z > Task :runtimeDarwin:processFunctionalTestResources NO-SOURCE
2022-05-07T22:31:30.0667447Z > Task :runtimeDarwin:functionalTestClasses UP-TO-DATE
2022-05-07T22:31:30.0668019Z > Task :runtimeDarwin:pluginUnderTestMetadataFunctionalTest
2022-05-07T22:31:30.0669081Z > Task :runtimeDarwin:functionalTestLinuxLatestGlobalAvailable FROM-CACHE
2022-05-07T22:32:00.0688637Z > Task :runtimeDarwin:functionalTestLinuxLatestNightly
2022-05-07T22:32:01.5656995Z > Task :runtimeDarwin:functionalTestLinuxMinimumGradle FROM-CACHE
2022-05-07T22:32:01.5657650Z > Task :runtimeDarwin:fullTest
2022-05-07T22:32:01.5658138Z > Task :runtimeNative:pluginUnderTestMetadataTest
2022-05-07T22:32:01.5658713Z > Task :runtimeNative:compileTestJava NO-SOURCE
2022-05-07T22:32:01.6653944Z > Task :runtimeNative:compileTestGroovy FROM-CACHE
2022-05-07T22:32:01.6654811Z > Task :runtimeNative:processTestResources NO-SOURCE
2022-05-07T22:32:01.6656716Z > Task :runtimeNative:testClasses UP-TO-DATE
2022-05-07T22:32:01.6657534Z > Task :runtimeNative:testLinux FROM-CACHE
2022-05-07T22:32:01.6667201Z > Task :runtimeNative:compileFunctionalTestJava NO-SOURCE
2022-05-07T22:32:01.6669319Z > Task :runtimeNative:compileFunctionalTestGroovy FROM-CACHE
2022-05-07T22:32:01.6670276Z > Task :runtimeNative:processFunctionalTestResources NO-SOURCE
2022-05-07T22:32:01.6671300Z > Task :runtimeNative:functionalTestClasses UP-TO-DATE
2022-05-07T22:32:01.7657312Z > Task :runtimeNative:pluginUnderTestMetadataFunctionalTest
2022-05-07T22:32:01.7660800Z > Task :runtimeNative:functionalTestLinuxLatestGlobalAvailable FROM-CACHE
2022-05-07T22:32:31.7656075Z > Task :runtimeNative:functionalTestLinuxLatestNightly
2022-05-07T22:32:38.4655228Z > Task :platformSwift:functionalTestLinuxMinimumGradle
2022-05-07T22:32:43.2707670Z > Task :runtimeNative:functionalTestLinuxMinimumGradle FROM-CACHE
2022-05-07T22:32:43.2708157Z > Task :runtimeNative:fullTest
2022-05-07T22:32:43.2708610Z > Task :runtimeWindows:fullTest UP-TO-DATE
2022-05-07T22:32:43.2709027Z > Task :testingBase:pluginUnderTestMetadataTest
2022-05-07T22:32:43.2709522Z > Task :testingBase:compileTestJava NO-SOURCE
2022-05-07T22:32:43.2709994Z > Task :testingBase:compileTestGroovy NO-SOURCE
2022-05-07T22:32:43.2710478Z > Task :testingBase:processTestResources NO-SOURCE
2022-05-07T22:32:43.2710949Z > Task :testingBase:testClasses UP-TO-DATE
2022-05-07T22:32:43.2711379Z > Task :testingBase:testLinux NO-SOURCE
2022-05-07T22:32:43.2715179Z > Task :testingBase:compileFunctionalTestJava NO-SOURCE
2022-05-07T22:32:43.3668736Z > Task :testingBase:compileFunctionalTestGroovy NO-SOURCE
2022-05-07T22:32:43.3672050Z > Task :testingBase:processFunctionalTestResources NO-SOURCE
2022-05-07T22:32:43.3672726Z > Task :testingBase:functionalTestClasses UP-TO-DATE
2022-05-07T22:32:43.3676124Z > Task :testingBase:pluginUnderTestMetadataFunctionalTest
2022-05-07T22:32:43.3682006Z > Task :testingBase:functionalTestLinuxLatestGlobalAvailable NO-SOURCE
2022-05-07T22:32:43.3682724Z > Task :testingBase:functionalTestLinuxLatestNightly NO-SOURCE
2022-05-07T22:32:43.3686077Z > Task :testingBase:functionalTestLinuxMinimumGradle NO-SOURCE
2022-05-07T22:32:43.3691677Z > Task :testingBase:fullTest UP-TO-DATE
2022-05-07T22:32:43.3697805Z > Task :testingNative:pluginUnderTestMetadataTest
2022-05-07T22:32:43.3698421Z > Task :testingNative:compileTestJava FROM-CACHE
2022-05-07T22:32:43.3698912Z > Task :testingNative:compileTestGroovy NO-SOURCE
2022-05-07T22:32:43.3699418Z > Task :testingNative:processTestResources NO-SOURCE
2022-05-07T22:32:43.3699922Z > Task :testingNative:testClasses UP-TO-DATE
2022-05-07T22:32:43.3700378Z > Task :testingNative:testLinux FROM-CACHE
2022-05-07T22:32:43.3700986Z > Task :testingNative:compileFunctionalTestJava NO-SOURCE
2022-05-07T22:32:43.4670671Z > Task :testingNative:compileFunctionalTestGroovy FROM-CACHE
2022-05-07T22:32:43.4674841Z > Task :testingNative:processFunctionalTestResources NO-SOURCE
2022-05-07T22:32:43.4678189Z > Task :testingNative:functionalTestClasses UP-TO-DATE
2022-05-07T22:32:43.4686319Z > Task :buildAdapterCmake:jar
2022-05-07T22:32:43.4687036Z > Task :testingNative:pluginUnderTestMetadataFunctionalTest
2022-05-07T22:33:13.4661648Z > Task :testingNative:functionalTestLinuxLatestGlobalAvailable
2022-05-07T22:34:24.8652647Z > Task :testingNative:functionalTestLinuxLatestNightly
2022-05-07T22:35:11.9658469Z > Task :platformSwift:fullTest
2022-05-07T22:35:11.9658942Z > Task :testingXctest:pluginUnderTestMetadataTest
2022-05-07T22:35:12.0659034Z > Task :testingXctest:compileTestJava FROM-CACHE
2022-05-07T22:35:12.0659785Z > Task :testingXctest:compileTestGroovy NO-SOURCE
2022-05-07T22:35:12.0660375Z > Task :testingXctest:processTestResources NO-SOURCE
2022-05-07T22:35:12.0660939Z > Task :testingXctest:testClasses UP-TO-DATE
2022-05-07T22:35:12.0661466Z > Task :testingXctest:testLinux FROM-CACHE
2022-05-07T22:35:12.0662039Z > Task :testingXctest:compileFunctionalTestJava NO-SOURCE
2022-05-07T22:35:12.0662654Z > Task :testingXctest:compileFunctionalTestGroovy NO-SOURCE
2022-05-07T22:35:12.0663288Z > Task :testingXctest:processFunctionalTestResources NO-SOURCE
2022-05-07T22:35:12.0664192Z > Task :testingXctest:functionalTestClasses UP-TO-DATE
2022-05-07T22:35:12.0664759Z > Task :testingXctest:pluginUnderTestMetadataFunctionalTest
2022-05-07T22:35:12.0665459Z > Task :testingXctest:functionalTestLinuxLatestGlobalAvailable NO-SOURCE
2022-05-07T22:35:12.0666169Z > Task :testingXctest:functionalTestLinuxLatestNightly NO-SOURCE
2022-05-07T22:35:12.0666877Z > Task :testingXctest:functionalTestLinuxMinimumGradle NO-SOURCE
2022-05-07T22:35:12.0667448Z > Task :testingXctest:fullTest UP-TO-DATE
2022-05-07T22:35:12.0667926Z > Task :xcodeIdeKit:pluginUnderTestMetadataTest
2022-05-07T22:35:12.0668511Z > Task :xcodeIdeKit:generateTestGrammarSource NO-SOURCE
2022-05-07T22:35:12.2661483Z > Task :xcodeIdeKit:compileTestJava FROM-CACHE
2022-05-07T22:35:12.2662050Z > Task :xcodeIdeKit:compileTestGroovy NO-SOURCE
2022-05-07T22:35:12.2662556Z > Task :xcodeIdeKit:processTestResources NO-SOURCE
2022-05-07T22:35:12.2663060Z > Task :xcodeIdeKit:testClasses UP-TO-DATE
2022-05-07T22:35:12.2663519Z > Task :xcodeIdeKit:testLinux FROM-CACHE
2022-05-07T22:35:12.2663978Z > Task :xcodeIdeKit:fullTest UP-TO-DATE
2022-05-07T22:35:30.6668816Z > Task :testingNative:functionalTestLinuxMinimumGradle
2022-05-07T22:35:41.6652711Z > Task :testingNative:fullTest
2022-05-07T22:35:41.7658072Z 
2022-05-07T22:35:41.7663350Z FAILURE: Build completed with 3 failures.
2022-05-07T22:35:41.7666393Z 
2022-05-07T22:35:41.7669709Z 1: Task failed with an exception.
2022-05-07T22:35:41.7682163Z -----------
2022-05-07T22:35:41.7690405Z * What went wrong:
2022-05-07T22:35:41.7694541Z Execution failed for task ':buildAdapterXcode:functionalTestLinuxMinimumGradle'.
2022-05-07T22:35:41.7698779Z > There were failing tests. See the report at: file:///home/runner/work/gradle-native/gradle-native/subprojects/build-adapter-xcode/build/reports/tests/functionalTestLinuxMinimumGradle/index.html
2022-05-07T22:35:41.7703955Z 
2022-05-07T22:35:41.7706999Z * Try:
2022-05-07T22:35:41.7714151Z > Run with --stacktrace option to get the stack trace.
2022-05-07T22:35:41.7725399Z > Run with --info or --debug option to get more log output.
2022-05-07T22:35:41.7733119Z > Run with --scan to get full insights.
2022-05-07T22:35:41.7742164Z ==============================================================================
2022-05-07T22:35:41.7746678Z 
2022-05-07T22:35:41.7746990Z 2: Task failed with an exception.
2022-05-07T22:35:41.7754552Z -----------
2022-05-07T22:35:41.7757578Z * What went wrong:
2022-05-07T22:35:41.7758493Z Execution failed for task ':ideXcode:functionalTestLinuxMinimumGradle'.
2022-05-07T22:35:41.7764224Z > There were failing tests. See the report at: file:///home/runner/work/gradle-native/gradle-native/subprojects/ide-xcode/build/reports/tests/functionalTestLinuxMinimumGradle/index.html
2022-05-07T22:35:41.7765273Z 
2022-05-07T22:35:41.7765912Z * Try:
2022-05-07T22:35:41.7766647Z > Run with --stacktrace option to get the stack trace.
2022-05-07T22:35:41.7767420Z > Run with --info or --debug option to get more log output.
2022-05-07T22:35:41.7768126Z > Run with --scan to get full insights.
2022-05-07T22:35:41.7768658Z ==============================================================================
2022-05-07T22:35:41.7873597Z 
2022-05-07T22:35:41.7874481Z 3: Task failed with an exception.
2022-05-07T22:35:41.7875040Z -----------
2022-05-07T22:35:41.7875342Z * What went wrong:
2022-05-07T22:35:41.7875889Z Execution failed for task ':platformJni:functionalTestLinuxLatestNightly'.
2022-05-07T22:35:41.7876834Z > There were failing tests. See the report at: file:///home/runner/work/gradle-native/gradle-native/subprojects/platform-jni/build/reports/tests/functionalTestLinuxLatestNightly/index.html
2022-05-07T22:35:41.7877283Z 
2022-05-07T22:35:41.7877405Z * Try:
2022-05-07T22:35:41.7877830Z > Run with --stacktrace option to get the stack trace.
2022-05-07T22:35:41.7878331Z > Run with --info or --debug option to get more log output.
2022-05-07T22:35:41.7878780Z > Run with --scan to get full insights.
2022-05-07T22:35:41.7879252Z ==============================================================================
2022-05-07T22:35:41.7879459Z 
2022-05-07T22:35:41.7879664Z * Get more help at https://help.gradle.org
2022-05-07T22:35:41.8652117Z 
2022-05-07T22:35:41.8652683Z BUILD FAILED in 59m 43s
2022-05-07T22:35:41.8663235Z 486 actionable tasks: 309 executed, 177 from cache
2022-05-07T22:35:42.0653510Z 
2022-05-07T22:35:42.0654419Z Publishing build scan...
2022-05-07T22:35:42.3786873Z ##[warning]Gradle build 'gradle-native fullTest' FAILED - https://ge.nokee.dev/s/bu3wrp2lpaj4k
2022-05-07T22:35:42.4655995Z https://ge.nokee.dev/s/bu3wrp2lpaj4k
2022-05-07T22:35:42.4656655Z 
2022-05-07T22:35:43.2375435Z ##[error]Gradle build failed: https://ge.nokee.dev/s/bu3wrp2lpaj4k
2022-05-07T22:35:43.3701179Z Post job cleanup.
2022-05-07T22:35:43.3758811Z Post job cleanup.
2022-05-07T22:35:43.5670119Z ##[group]Caching Gradle state
2022-05-07T22:35:43.5757865Z Found project roots '/home/runner/work/gradle-native/gradle-native
2022-05-07T22:35:43.5758433Z ' in /home/runner/.gradle/project-roots.txt
2022-05-07T22:35:43.6110163Z Caching wrapper-zips with path '/home/runner/.gradle/wrapper/dists/gradle-6.2.1-bin/5m14x4d33sfxbtkeo25s43l8q/gradle-6.2.1-bin.zip' and cache key: wrapper-zips-de50ee5b520e9ccdee4cc99c0eb2f850
2022-05-07T22:35:43.6182438Z Caching wrapper-zips with path '/home/runner/.gradle/wrapper/dists/gradle-7.6-20220506221645+0000-bin/6uhvox7ql2gmpzqsniye3tzxj/gradle-7.6-20220506221645+0000-bin.zip' and cache key: wrapper-zips-50a2dd58394414b5175fd8f316c224a5
2022-05-07T22:35:43.7275342Z Failed to save cache entry wrapper-zips-de50ee5b520e9ccdee4cc99c0eb2f850: ReserveCacheError: Unable to reserve cache with key wrapper-zips-de50ee5b520e9ccdee4cc99c0eb2f850, another job may be creating this cache.
2022-05-07T22:35:43.7358660Z [command]/usr/bin/tar --posix --use-compress-program zstd -T0 -cf cache.tzst -P -C /home/runner/work/gradle-native/gradle-native --files-from manifest.txt
2022-05-07T22:35:44.1787608Z (node:200418) [DEP0147] DeprecationWarning: In future versions of Node.js, fs.rmdir(path, { recursive: true }) will be removed. Use fs.rm(path, { recursive: true }) instead
2022-05-07T22:35:44.1788582Z (Use `node --trace-deprecation ...` to show where the warning was created)
2022-05-07T22:35:44.4827920Z Caching instrumented-jars with path '/home/runner/.gradle/caches/jars-*/*' and cache key: instrumented-jars-03c2f974e894007e7e8470861eebe14e
2022-05-07T22:35:44.6886707Z [command]/usr/bin/tar --posix --use-compress-program zstd -T0 -cf cache.tzst -P -C /home/runner/work/gradle-native/gradle-native --files-from manifest.txt
2022-05-07T22:35:46.2977701Z Cache Size: ~15 MB (15484671 B)
2022-05-07T22:35:46.3547234Z Cache saved successfully
2022-05-07T22:35:46.6744938Z Cache Size: ~115 MB (120552602 B)
2022-05-07T22:35:46.7336999Z Cache saved successfully
2022-05-07T22:35:46.7668138Z Caching Gradle User Home with cache key: v6-gradle|Linux|full-test[a3a164af17925c8f50f88ec891fcd8a6]-ab7da674eb6cfffd28b9b5f6bc597055f8d4c0e0
2022-05-07T22:35:46.9117738Z [command]/usr/bin/tar --posix --use-compress-program zstd -T0 -cf cache.tzst -P -C /home/runner/work/gradle-native/gradle-native --files-from manifest.txt
2022-05-07T22:35:51.8509122Z Cache Size: ~61 MB (64197473 B)
2022-05-07T22:35:51.9444456Z Cache saved successfully
2022-05-07T22:35:51.9562533Z ##[endgroup]
2022-05-07T22:35:51.9569571Z ---------- Caching Summary -------------
2022-05-07T22:35:51.9570068Z Restored Entries Count: 8
2022-05-07T22:35:51.9570508Z                   Size: 1035 MB (1085670660 B)
2022-05-07T22:35:51.9570923Z Saved Entries    Count: 4
2022-05-07T22:35:51.9571337Z                   Size: 191 MB (200234746 B)
2022-05-07T22:35:51.9573444Z ##[group]Cache Entry details
2022-05-07T22:35:51.9574992Z Entry: Gradle User Home
2022-05-07T22:35:51.9575749Z     Requested Key : v6-gradle|Linux|full-test[a3a164af17925c8f50f88ec891fcd8a6]-ab7da674eb6cfffd28b9b5f6bc597055f8d4c0e0
2022-05-07T22:35:51.9576534Z     Restored  Key : v6-gradle|Linux|full-test[a3a164af17925c8f50f88ec891fcd8a6]-c1206950bd6ca0493324fc206847ea6f9bf7fb82
2022-05-07T22:35:51.9576984Z               Size: 57 MB (60199503 B)
2022-05-07T22:35:51.9577617Z     Saved     Key : v6-gradle|Linux|full-test[a3a164af17925c8f50f88ec891fcd8a6]-ab7da674eb6cfffd28b9b5f6bc597055f8d4c0e0
2022-05-07T22:35:51.9578091Z               Size: 61 MB (64197473 B)
2022-05-07T22:35:51.9578849Z Entry: /home/runner/.gradle/wrapper/dists/gradle-6.2.1-bin/5m14x4d33sfxbtkeo25s43l8q/gradle-6.2.1-bin.zip
2022-05-07T22:35:51.9579585Z     Requested Key : wrapper-zips-de50ee5b520e9ccdee4cc99c0eb2f850
2022-05-07T22:35:51.9580070Z     Restored  Key : 
2022-05-07T22:35:51.9580453Z               Size: 
2022-05-07T22:35:51.9581018Z     Saved     Key : wrapper-zips-de50ee5b520e9ccdee4cc99c0eb2f850
2022-05-07T22:35:51.9581910Z               Size: 0 (Entry already exists)
2022-05-07T22:35:51.9583853Z Entry: /home/runner/.gradle/wrapper/dists/gradle-7.4.1-bin/58kw26xllvsiedyf3nujyarhn/gradle-7.4.1-bin.zip
2022-05-07T22:35:51.9584488Z     Requested Key : wrapper-zips-2b8886f3b1b85f1bc774f6ebd39e31e5
2022-05-07T22:35:51.9585059Z     Restored  Key : wrapper-zips-2b8886f3b1b85f1bc774f6ebd39e31e5
2022-05-07T22:35:51.9585470Z               Size: 110 MB (115841705 B)
2022-05-07T22:35:51.9585786Z     Saved     Key : 
2022-05-07T22:35:51.9586093Z               Size: 
2022-05-07T22:35:51.9586801Z Entry: /home/runner/.gradle/wrapper/dists/gradle-7.4.2-bin/48ivgl02cpt2ed3fh9dbalvx8/gradle-7.4.2-bin.zip
2022-05-07T22:35:51.9587526Z     Requested Key : wrapper-zips-9942c79c17b1f8effa920a262d7ea341
2022-05-07T22:35:51.9588178Z     Restored  Key : wrapper-zips-9942c79c17b1f8effa920a262d7ea341
2022-05-07T22:35:51.9588666Z               Size: 110 MB (115836851 B)
2022-05-07T22:35:51.9589060Z     Saved     Key : 
2022-05-07T22:35:51.9589442Z               Size: 
2022-05-07T22:35:51.9591341Z Entry: /home/runner/.gradle/wrapper/dists/gradle-7.6-20220427182905+0000-bin/f56effazei9c56ddje178db27/gradle-7.6-20220427182905+0000-bin.zip
2022-05-07T22:35:51.9592001Z     Requested Key : wrapper-zips-166b52afdf585823e15499735d06ac71
2022-05-07T22:35:51.9592556Z     Restored  Key : wrapper-zips-166b52afdf585823e15499735d06ac71
2022-05-07T22:35:51.9592950Z               Size: 115 MB (120535071 B)
2022-05-07T22:35:51.9593269Z     Saved     Key : 
2022-05-07T22:35:51.9593576Z               Size: 
2022-05-07T22:35:51.9594342Z Entry: /home/runner/.gradle/wrapper/dists/gradle-7.6-20220429113506+0000-bin/3m6bwwlio6sc0286b2ku62lsw/gradle-7.6-20220429113506+0000-bin.zip
2022-05-07T22:35:51.9595071Z     Requested Key : wrapper-zips-4504be994a6954df64a259755ca12f5f
2022-05-07T22:35:51.9595716Z     Restored  Key : wrapper-zips-4504be994a6954df64a259755ca12f5f
2022-05-07T22:35:51.9596190Z               Size: 115 MB (120552430 B)
2022-05-07T22:35:51.9596581Z     Saved     Key : 
2022-05-07T22:35:51.9596952Z               Size: 
2022-05-07T22:35:51.9598857Z Entry: /home/runner/.gradle/wrapper/dists/gradle-7.6-20220504113807+0000-bin/bw33do5anexwcn52vfjol9ps2/gradle-7.6-20220504113807+0000-bin.zip
2022-05-07T22:35:51.9599524Z     Requested Key : wrapper-zips-c3b72b7e1a00dbb5eb006e777329e566
2022-05-07T22:35:51.9600103Z     Restored  Key : wrapper-zips-c3b72b7e1a00dbb5eb006e777329e566
2022-05-07T22:35:51.9600497Z               Size: 115 MB (120552639 B)
2022-05-07T22:35:51.9601231Z     Saved     Key : 
2022-05-07T22:35:51.9601530Z               Size: 
2022-05-07T22:35:51.9603245Z Entry: /home/runner/.gradle/caches/modules-*/files-*/*/*/*/*
2022-05-07T22:35:51.9603815Z     Requested Key : dependencies-ce2f2ac1b5b4ee4a0b484c63f5090a83
2022-05-07T22:35:51.9604396Z     Restored  Key : dependencies-ce2f2ac1b5b4ee4a0b484c63f5090a83
2022-05-07T22:35:51.9604800Z               Size: 397 MB (416416754 B)
2022-05-07T22:35:51.9605112Z     Saved     Key : 
2022-05-07T22:35:51.9605421Z               Size: 
2022-05-07T22:35:51.9606875Z Entry: /home/runner/.gradle/caches/jars-*/*
2022-05-07T22:35:51.9607430Z     Requested Key : instrumented-jars-69940f5aa5c722d0017350c4bcfcb002
2022-05-07T22:35:51.9608033Z     Restored  Key : instrumented-jars-69940f5aa5c722d0017350c4bcfcb002
2022-05-07T22:35:51.9608437Z               Size: 15 MB (15735707 B)
2022-05-07T22:35:51.9608956Z     Saved     Key : instrumented-jars-03c2f974e894007e7e8470861eebe14e
2022-05-07T22:35:51.9609363Z               Size: 15 MB (15484671 B)
2022-05-07T22:35:51.9611075Z Entry: /home/runner/.gradle/wrapper/dists/gradle-7.6-20220506221645+0000-bin/6uhvox7ql2gmpzqsniye3tzxj/gradle-7.6-20220506221645+0000-bin.zip
2022-05-07T22:35:51.9611587Z     Requested Key : 
2022-05-07T22:35:51.9611900Z     Restored  Key : 
2022-05-07T22:35:51.9612205Z               Size: 
2022-05-07T22:35:51.9612683Z     Saved     Key : wrapper-zips-50a2dd58394414b5175fd8f316c224a5
2022-05-07T22:35:51.9613082Z               Size: 115 MB (120552602 B)
2022-05-07T22:35:51.9643134Z ##[endgroup]
2022-05-07T22:35:51.9779471Z Post job cleanup.
2022-05-07T22:35:52.2415095Z Post job cleanup.
2022-05-07T22:35:52.3772705Z [command]/usr/bin/git version
2022-05-07T22:35:52.3828230Z git version 2.36.0
2022-05-07T22:35:52.3874160Z Copying '/home/runner/.gitconfig' to '/home/runner/work/_temp/4a8daac1-5256-4eed-9ba1-b20cd1a94144/.gitconfig'
2022-05-07T22:35:52.3884581Z Temporarily overriding HOME='/home/runner/work/_temp/4a8daac1-5256-4eed-9ba1-b20cd1a94144' before making global git config changes
2022-05-07T22:35:52.3885562Z Adding repository directory to the temporary git global config as a safe directory
2022-05-07T22:35:52.3890040Z [command]/usr/bin/git config --global --add safe.directory /home/runner/work/gradle-native/gradle-native
2022-05-07T22:35:52.3943610Z [command]/usr/bin/git config --local --name-only --get-regexp core\.sshCommand
2022-05-07T22:35:52.3998100Z [command]/usr/bin/git submodule foreach --recursive git config --local --name-only --get-regexp 'core\.sshCommand' && git config --local --unset-all 'core.sshCommand' || :
2022-05-07T22:35:52.4486646Z Entering 'gradle/plugins/jbake-gradle-plugin'
2022-05-07T22:35:52.4517523Z [command]/usr/bin/git config --local --name-only --get-regexp http\.https\:\/\/github\.com\/\.extraheader
2022-05-07T22:35:52.4541663Z http.https://github.com/.extraheader
2022-05-07T22:35:52.4553084Z [command]/usr/bin/git config --local --unset-all http.https://github.com/.extraheader
2022-05-07T22:35:52.4597142Z [command]/usr/bin/git submodule foreach --recursive git config --local --name-only --get-regexp 'http\.https\:\/\/github\.com\/\.extraheader' && git config --local --unset-all 'http.https://github.com/.extraheader' || :
2022-05-07T22:35:52.4845788Z Entering 'gradle/plugins/jbake-gradle-plugin'
2022-05-07T22:35:52.4868599Z http.https://github.com/.extraheader
2022-05-07T22:35:52.5257002Z Cleaning up orphan processes
