2022-05-11T14:57:52.5507631Z Requested labels: ubuntu-20.04
2022-05-11T14:57:52.5507687Z Job defined at: open-telemetry/opentelemetry-java/.github/workflows/build.yml@refs/heads/main
2022-05-11T14:57:52.5507711Z Waiting for a runner to pick up this job...
2022-05-11T14:57:57.0452787Z Job is waiting for a hosted runner to come online.
2022-05-11T14:58:12.0467457Z Job is about to start running on the hosted runner: GitHub Actions 27 (hosted)
2022-05-11T14:58:16.1195706Z Current runner version: '2.291.1'
2022-05-11T14:58:16.1227007Z ##[group]Operating System
2022-05-11T14:58:16.1227617Z Ubuntu
2022-05-11T14:58:16.1228074Z 20.04.4
2022-05-11T14:58:16.1228426Z LTS
2022-05-11T14:58:16.1228719Z ##[endgroup]
2022-05-11T14:58:16.1229101Z ##[group]Virtual Environment
2022-05-11T14:58:16.1229540Z Environment: ubuntu-20.04
2022-05-11T14:58:16.1229932Z Version: 20220503.1
2022-05-11T14:58:16.1230571Z Included Software: https://github.com/actions/virtual-environments/blob/ubuntu20/20220503.1/images/linux/Ubuntu2004-Readme.md
2022-05-11T14:58:16.1231359Z Image Release: https://github.com/actions/virtual-environments/releases/tag/ubuntu20%2F20220503.1
2022-05-11T14:58:16.1231844Z ##[endgroup]
2022-05-11T14:58:16.1232257Z ##[group]Virtual Environment Provisioner
2022-05-11T14:58:16.1232763Z 1.0.0.0-main-20220421-1
2022-05-11T14:58:16.1233081Z ##[endgroup]
2022-05-11T14:58:16.1234199Z ##[group]GITHUB_TOKEN Permissions
2022-05-11T14:58:16.1234929Z Actions: write
2022-05-11T14:58:16.1235569Z Checks: write
2022-05-11T14:58:16.1235963Z Contents: write
2022-05-11T14:58:16.1236376Z Deployments: write
2022-05-11T14:58:16.1236827Z Discussions: write
2022-05-11T14:58:16.1237171Z Issues: write
2022-05-11T14:58:16.1237523Z Metadata: read
2022-05-11T14:58:16.1237885Z Packages: write
2022-05-11T14:58:16.1238193Z Pages: write
2022-05-11T14:58:16.1238618Z PullRequests: write
2022-05-11T14:58:16.1239037Z RepositoryProjects: write
2022-05-11T14:58:16.1239399Z SecurityEvents: write
2022-05-11T14:58:16.1239783Z Statuses: write
2022-05-11T14:58:16.1240167Z ##[endgroup]
2022-05-11T14:58:16.1244561Z Secret source: Actions
2022-05-11T14:58:16.1245783Z Prepare workflow directory
2022-05-11T14:58:16.2384713Z Prepare all required actions
2022-05-11T14:58:16.2647540Z Getting action download info
2022-05-11T14:58:16.4953387Z Download action repository 'actions/checkout@v3' (SHA:2541b1294d2704b0964813337f33b291d3f8596b)
2022-05-11T14:58:16.9000815Z Download action repository 'actions/setup-java@v3' (SHA:860f60056505705214d223b91ed7a30f173f6142)
2022-05-11T14:58:17.1829234Z Download action repository 'gradle/gradle-build-action@v2' (SHA:fec4a42eb0c83154e5c9590748ba8337949c5701)
2022-05-11T14:58:17.5339464Z Download action repository 'codecov/codecov-action@v3' (SHA:81cd2dc8148241f03f5839d295e000b8f761e378)
2022-05-11T14:58:17.8159196Z Download action repository 'actions/upload-artifact@v3' (SHA:6673cd052c4cd6fcf4b4e6e60ea986c889389535)
2022-05-11T14:58:18.3553676Z ##[group]Run actions/checkout@v3
2022-05-11T14:58:18.3554070Z with:
2022-05-11T14:58:18.3554311Z   fetch-depth: 0
2022-05-11T14:58:18.3554615Z   repository: open-telemetry/opentelemetry-java
2022-05-11T14:58:18.3555200Z   token: ***
2022-05-11T14:58:18.3555621Z   ssh-strict: true
2022-05-11T14:58:18.3555926Z   persist-credentials: true
2022-05-11T14:58:18.3556191Z   clean: true
2022-05-11T14:58:18.3556423Z   lfs: false
2022-05-11T14:58:18.3556676Z   submodules: false
2022-05-11T14:58:18.3556934Z   set-safe-directory: true
2022-05-11T14:58:18.3557209Z ##[endgroup]
2022-05-11T14:58:18.6902727Z Syncing repository: open-telemetry/opentelemetry-java
2022-05-11T14:58:18.6905318Z ##[group]Getting Git version info
2022-05-11T14:58:18.6906799Z Working directory is '/home/runner/work/opentelemetry-java/opentelemetry-java'
2022-05-11T14:58:18.6907505Z [command]/usr/bin/git version
2022-05-11T14:58:18.7024613Z git version 2.36.0
2022-05-11T14:58:18.7050506Z ##[endgroup]
2022-05-11T14:58:18.7077755Z Temporarily overriding HOME='/home/runner/work/_temp/b8fa305e-7cbd-483a-be48-66eba2c35e39' before making global git config changes
2022-05-11T14:58:18.7078317Z Adding repository directory to the temporary git global config as a safe directory
2022-05-11T14:58:18.7078995Z [command]/usr/bin/git config --global --add safe.directory /home/runner/work/opentelemetry-java/opentelemetry-java
2022-05-11T14:58:18.7127726Z Deleting the contents of '/home/runner/work/opentelemetry-java/opentelemetry-java'
2022-05-11T14:58:18.7133413Z ##[group]Initializing the repository
2022-05-11T14:58:18.7138295Z [command]/usr/bin/git init /home/runner/work/opentelemetry-java/opentelemetry-java
2022-05-11T14:58:18.7231079Z hint: Using 'master' as the name for the initial branch. This default branch name
2022-05-11T14:58:18.7231992Z hint: is subject to change. To configure the initial branch name to use in all
2022-05-11T14:58:18.7232804Z hint: of your new repositories, which will suppress this warning, call:
2022-05-11T14:58:18.7233219Z hint: 
2022-05-11T14:58:18.7233772Z hint: 	git config --global init.defaultBranch <name>
2022-05-11T14:58:18.7234114Z hint: 
2022-05-11T14:58:18.7234531Z hint: Names commonly chosen instead of 'master' are 'main', 'trunk' and
2022-05-11T14:58:18.7235070Z hint: 'development'. The just-created branch can be renamed via this command:
2022-05-11T14:58:18.7235400Z hint: 
2022-05-11T14:58:18.7235682Z hint: 	git branch -m <name>
2022-05-11T14:58:18.7255758Z Initialized empty Git repository in /home/runner/work/opentelemetry-java/opentelemetry-java/.git/
2022-05-11T14:58:18.7270111Z [command]/usr/bin/git remote add origin https://github.com/open-telemetry/opentelemetry-java
2022-05-11T14:58:18.7324398Z ##[endgroup]
2022-05-11T14:58:18.7325337Z ##[group]Disabling automatic garbage collection
2022-05-11T14:58:18.7329139Z [command]/usr/bin/git config --local gc.auto 0
2022-05-11T14:58:18.7370340Z ##[endgroup]
2022-05-11T14:58:18.7371246Z ##[group]Setting up auth
2022-05-11T14:58:18.7381218Z [command]/usr/bin/git config --local --name-only --get-regexp core\.sshCommand
2022-05-11T14:58:18.7426414Z [command]/usr/bin/git submodule foreach --recursive git config --local --name-only --get-regexp 'core\.sshCommand' && git config --local --unset-all 'core.sshCommand' || :
2022-05-11T14:58:18.7861827Z [command]/usr/bin/git config --local --name-only --get-regexp http\.https\:\/\/github\.com\/\.extraheader
2022-05-11T14:58:18.7894852Z [command]/usr/bin/git submodule foreach --recursive git config --local --name-only --get-regexp 'http\.https\:\/\/github\.com\/\.extraheader' && git config --local --unset-all 'http.https://github.com/.extraheader' || :
2022-05-11T14:58:18.8216801Z [command]/usr/bin/git config --local http.https://github.com/.extraheader AUTHORIZATION: basic ***
2022-05-11T14:58:18.8274667Z ##[endgroup]
2022-05-11T14:58:18.8275773Z ##[group]Fetching the repository
2022-05-11T14:58:18.8292026Z [command]/usr/bin/git -c protocol.version=2 fetch --prune --progress --no-recurse-submodules origin +refs/heads/*:refs/remotes/origin/* +refs/tags/*:refs/tags/*
2022-05-11T14:58:19.1503374Z remote: Enumerating objects: 88567, done.        
2022-05-11T14:58:19.1583910Z remote: Counting objects:   0% (1/600)        
2022-05-11T14:58:19.1584896Z remote: Counting objects:   1% (6/600)        
2022-05-11T14:58:19.1585644Z remote: Counting objects:   2% (12/600)        
2022-05-11T14:58:19.1586807Z remote: Counting objects:   3% (18/600)        
2022-05-11T14:58:19.1587397Z remote: Counting objects:   4% (24/600)        
2022-05-11T14:58:19.1587865Z remote: Counting objects:   5% (30/600)        
2022-05-11T14:58:19.1588577Z remote: Counting objects:   6% (36/600)        
2022-05-11T14:58:19.1589262Z remote: Counting objects:   7% (42/600)        
2022-05-11T14:58:19.1589957Z remote: Counting objects:   8% (48/600)        
2022-05-11T14:58:19.1591671Z remote: Counting objects:   9% (54/600)        
2022-05-11T14:58:19.1595346Z remote: Counting objects:  10% (60/600)        
2022-05-11T14:58:19.1596728Z remote: Counting objects:  11% (66/600)        
2022-05-11T14:58:19.1597230Z remote: Counting objects:  12% (72/600)        
2022-05-11T14:58:19.1599787Z remote: Counting objects:  13% (78/600)        
2022-05-11T14:58:19.1600884Z remote: Counting objects:  14% (84/600)        
2022-05-11T14:58:19.1601209Z remote: Counting objects:  15% (90/600)        
2022-05-11T14:58:19.1601500Z remote: Counting objects:  16% (96/600)        
2022-05-11T14:58:19.1601810Z remote: Counting objects:  17% (102/600)        
2022-05-11T14:58:19.1602123Z remote: Counting objects:  18% (108/600)        
2022-05-11T14:58:19.1602820Z remote: Counting objects:  19% (114/600)        
2022-05-11T14:58:19.1606850Z remote: Counting objects:  20% (120/600)        
2022-05-11T14:58:19.1607528Z remote: Counting objects:  21% (126/600)        
2022-05-11T14:58:19.1608800Z remote: Counting objects:  22% (132/600)        
2022-05-11T14:58:19.1609910Z remote: Counting objects:  23% (138/600)        
2022-05-11T14:58:19.1610656Z remote: Counting objects:  24% (144/600)        
2022-05-11T14:58:19.1611319Z remote: Counting objects:  25% (150/600)        
2022-05-11T14:58:19.1612177Z remote: Counting objects:  26% (156/600)        
2022-05-11T14:58:19.1613086Z remote: Counting objects:  27% (162/600)        
2022-05-11T14:58:19.1613954Z remote: Counting objects:  28% (168/600)        
2022-05-11T14:58:19.1614776Z remote: Counting objects:  29% (174/600)        
2022-05-11T14:58:19.1615758Z remote: Counting objects:  30% (180/600)        
2022-05-11T14:58:19.1616275Z remote: Counting objects:  31% (186/600)        
2022-05-11T14:58:19.1616916Z remote: Counting objects:  32% (192/600)        
2022-05-11T14:58:19.1617649Z remote: Counting objects:  33% (198/600)        
2022-05-11T14:58:19.1618234Z remote: Counting objects:  34% (204/600)        
2022-05-11T14:58:19.1619068Z remote: Counting objects:  35% (210/600)        
2022-05-11T14:58:19.1620908Z remote: Counting objects:  36% (216/600)        
2022-05-11T14:58:19.1621517Z remote: Counting objects:  37% (222/600)        
2022-05-11T14:58:19.1622417Z remote: Counting objects:  38% (228/600)        
2022-05-11T14:58:19.1623097Z remote: Counting objects:  39% (234/600)        
2022-05-11T14:58:19.1623806Z remote: Counting objects:  40% (240/600)        
2022-05-11T14:58:19.1624478Z remote: Counting objects:  41% (246/600)        
2022-05-11T14:58:19.1625492Z remote: Counting objects:  42% (252/600)        
2022-05-11T14:58:19.1625992Z remote: Counting objects:  43% (258/600)        
2022-05-11T14:58:19.1626823Z remote: Counting objects:  44% (264/600)        
2022-05-11T14:58:19.1627279Z remote: Counting objects:  45% (270/600)        
2022-05-11T14:58:19.1633203Z remote: Counting objects:  46% (276/600)        
2022-05-11T14:58:19.1636483Z remote: Counting objects:  47% (282/600)        
2022-05-11T14:58:19.1636898Z remote: Counting objects:  48% (288/600)        
2022-05-11T14:58:19.1639982Z remote: Counting objects:  49% (294/600)        
2022-05-11T14:58:19.1641243Z remote: Counting objects:  50% (300/600)        
2022-05-11T14:58:19.1642084Z remote: Counting objects:  51% (306/600)        
2022-05-11T14:58:19.1642627Z remote: Counting objects:  52% (312/600)        
2022-05-11T14:58:19.1645263Z remote: Counting objects:  53% (318/600)        
2022-05-11T14:58:19.1645958Z remote: Counting objects:  54% (324/600)        
2022-05-11T14:58:19.1648308Z remote: Counting objects:  55% (330/600)        
2022-05-11T14:58:19.1648881Z remote: Counting objects:  56% (336/600)        
2022-05-11T14:58:19.1653440Z remote: Counting objects:  57% (342/600)        
2022-05-11T14:58:19.1654446Z remote: Counting objects:  58% (348/600)        
2022-05-11T14:58:19.1657339Z remote: Counting objects:  59% (354/600)        
2022-05-11T14:58:19.1658027Z remote: Counting objects:  60% (360/600)        
2022-05-11T14:58:19.1659031Z remote: Counting objects:  61% (366/600)        
2022-05-11T14:58:19.1659892Z remote: Counting objects:  62% (372/600)        
2022-05-11T14:58:19.1661281Z remote: Counting objects:  63% (378/600)        
2022-05-11T14:58:19.1664801Z remote: Counting objects:  64% (384/600)        
2022-05-11T14:58:19.1667249Z remote: Counting objects:  65% (390/600)        
2022-05-11T14:58:19.1668441Z remote: Counting objects:  66% (396/600)        
2022-05-11T14:58:19.1669650Z remote: Counting objects:  67% (402/600)        
2022-05-11T14:58:19.1670261Z remote: Counting objects:  68% (408/600)        
2022-05-11T14:58:19.1672072Z remote: Counting objects:  69% (414/600)        
2022-05-11T14:58:19.1674675Z remote: Counting objects:  70% (420/600)        
2022-05-11T14:58:19.1675156Z remote: Counting objects:  71% (426/600)        
2022-05-11T14:58:19.1675873Z remote: Counting objects:  72% (432/600)        
2022-05-11T14:58:19.1676539Z remote: Counting objects:  73% (438/600)        
2022-05-11T14:58:19.1679280Z remote: Counting objects:  74% (444/600)        
2022-05-11T14:58:19.1679975Z remote: Counting objects:  75% (450/600)        
2022-05-11T14:58:19.1682282Z remote: Counting objects:  76% (456/600)        
2022-05-11T14:58:19.1682710Z remote: Counting objects:  77% (462/600)        
2022-05-11T14:58:19.1684910Z remote: Counting objects:  78% (468/600)        
2022-05-11T14:58:19.1685326Z remote: Counting objects:  79% (474/600)        
2022-05-11T14:58:19.1685657Z remote: Counting objects:  80% (480/600)        
2022-05-11T14:58:19.1686336Z remote: Counting objects:  81% (486/600)        
2022-05-11T14:58:19.1686953Z remote: Counting objects:  82% (492/600)        
2022-05-11T14:58:19.1688857Z remote: Counting objects:  83% (498/600)        
2022-05-11T14:58:19.1689909Z remote: Counting objects:  84% (504/600)        
2022-05-11T14:58:19.1690348Z remote: Counting objects:  85% (510/600)        
2022-05-11T14:58:19.1690959Z remote: Counting objects:  86% (516/600)        
2022-05-11T14:58:19.1692433Z remote: Counting objects:  87% (522/600)        
2022-05-11T14:58:19.1692909Z remote: Counting objects:  88% (528/600)        
2022-05-11T14:58:19.1693574Z remote: Counting objects:  89% (534/600)        
2022-05-11T14:58:19.1694188Z remote: Counting objects:  90% (540/600)        
2022-05-11T14:58:19.1694780Z remote: Counting objects:  91% (546/600)        
2022-05-11T14:58:19.1695825Z remote: Counting objects:  92% (552/600)        
2022-05-11T14:58:19.1696732Z remote: Counting objects:  93% (558/600)        
2022-05-11T14:58:19.1697423Z remote: Counting objects:  94% (564/600)        
2022-05-11T14:58:19.1697988Z remote: Counting objects:  95% (570/600)        
2022-05-11T14:58:19.1698965Z remote: Counting objects:  96% (576/600)        
2022-05-11T14:58:19.1699870Z remote: Counting objects:  97% (582/600)        
2022-05-11T14:58:19.1700493Z remote: Counting objects:  98% (588/600)        
2022-05-11T14:58:19.1701278Z remote: Counting objects:  99% (594/600)        
2022-05-11T14:58:19.1702372Z remote: Counting objects: 100% (600/600)        
2022-05-11T14:58:19.1703507Z remote: Counting objects: 100% (600/600), done.        
2022-05-11T14:58:19.1704157Z remote: Compressing objects:   0% (1/241)        
2022-05-11T14:58:19.1706449Z remote: Compressing objects:   1% (3/241)        
2022-05-11T14:58:19.1707290Z remote: Compressing objects:   2% (5/241)        
2022-05-11T14:58:19.1707764Z remote: Compressing objects:   3% (8/241)        
2022-05-11T14:58:19.1708443Z remote: Compressing objects:   4% (10/241)        
2022-05-11T14:58:19.1709696Z remote: Compressing objects:   5% (13/241)        
2022-05-11T14:58:19.1710355Z remote: Compressing objects:   6% (15/241)        
2022-05-11T14:58:19.1712383Z remote: Compressing objects:   7% (17/241)        
2022-05-11T14:58:19.1713603Z remote: Compressing objects:   8% (20/241)        
2022-05-11T14:58:19.1714824Z remote: Compressing objects:   9% (22/241)        
2022-05-11T14:58:19.1715226Z remote: Compressing objects:  10% (25/241)        
2022-05-11T14:58:19.1715593Z remote: Compressing objects:  11% (27/241)        
2022-05-11T14:58:19.1716400Z remote: Compressing objects:  12% (29/241)        
2022-05-11T14:58:19.1717445Z remote: Compressing objects:  13% (32/241)        
2022-05-11T14:58:19.1718475Z remote: Compressing objects:  14% (34/241)        
2022-05-11T14:58:19.1718873Z remote: Compressing objects:  15% (37/241)        
2022-05-11T14:58:19.1719214Z remote: Compressing objects:  16% (39/241)        
2022-05-11T14:58:19.1719938Z remote: Compressing objects:  17% (41/241)        
2022-05-11T14:58:19.1720791Z remote: Compressing objects:  18% (44/241)        
2022-05-11T14:58:19.1721744Z remote: Compressing objects:  19% (46/241)        
2022-05-11T14:58:19.1722445Z remote: Compressing objects:  20% (49/241)        
2022-05-11T14:58:19.1723286Z remote: Compressing objects:  21% (51/241)        
2022-05-11T14:58:19.1724806Z remote: Compressing objects:  22% (54/241)        
2022-05-11T14:58:19.1726476Z remote: Compressing objects:  23% (56/241)        
2022-05-11T14:58:19.1727145Z remote: Compressing objects:  24% (58/241)        
2022-05-11T14:58:19.1728501Z remote: Compressing objects:  25% (61/241)        
2022-05-11T14:58:19.1730069Z remote: Compressing objects:  26% (63/241)        
2022-05-11T14:58:19.1730820Z remote: Compressing objects:  27% (66/241)        
2022-05-11T14:58:19.1731776Z remote: Compressing objects:  28% (68/241)        
2022-05-11T14:58:19.1732604Z remote: Compressing objects:  29% (70/241)        
2022-05-11T14:58:19.1733466Z remote: Compressing objects:  30% (73/241)        
2022-05-11T14:58:19.1734341Z remote: Compressing objects:  31% (75/241)        
2022-05-11T14:58:19.1739193Z remote: Compressing objects:  32% (78/241)        
2022-05-11T14:58:19.1739871Z remote: Compressing objects:  33% (80/241)        
2022-05-11T14:58:19.1740392Z remote: Compressing objects:  34% (82/241)        
2022-05-11T14:58:19.1741654Z remote: Compressing objects:  35% (85/241)        
2022-05-11T14:58:19.1742705Z remote: Compressing objects:  36% (87/241)        
2022-05-11T14:58:19.1743186Z remote: Compressing objects:  37% (90/241)        
2022-05-11T14:58:19.1744027Z remote: Compressing objects:  38% (92/241)        
2022-05-11T14:58:19.1744973Z remote: Compressing objects:  39% (94/241)        
2022-05-11T14:58:19.1745774Z remote: Compressing objects:  40% (97/241)        
2022-05-11T14:58:19.1746617Z remote: Compressing objects:  41% (99/241)        
2022-05-11T14:58:19.1747094Z remote: Compressing objects:  42% (102/241)        
2022-05-11T14:58:19.1747798Z remote: Compressing objects:  43% (104/241)        
2022-05-11T14:58:19.1748432Z remote: Compressing objects:  44% (107/241)        
2022-05-11T14:58:19.1749367Z remote: Compressing objects:  45% (109/241)        
2022-05-11T14:58:19.1750983Z remote: Compressing objects:  46% (111/241)        
2022-05-11T14:58:19.1751534Z remote: Compressing objects:  47% (114/241)        
2022-05-11T14:58:19.1752295Z remote: Compressing objects:  48% (116/241)        
2022-05-11T14:58:19.1752760Z remote: Compressing objects:  49% (119/241)        
2022-05-11T14:58:19.1753578Z remote: Compressing objects:  50% (121/241)        
2022-05-11T14:58:19.1754028Z remote: Compressing objects:  51% (123/241)        
2022-05-11T14:58:19.1755265Z remote: Compressing objects:  52% (126/241)        
2022-05-11T14:58:19.1756013Z remote: Compressing objects:  53% (128/241)        
2022-05-11T14:58:19.1756731Z remote: Compressing objects:  54% (131/241)        
2022-05-11T14:58:19.1757487Z remote: Compressing objects:  55% (133/241)        
2022-05-11T14:58:19.1757984Z remote: Compressing objects:  56% (135/241)        
2022-05-11T14:58:19.1758730Z remote: Compressing objects:  57% (138/241)        
2022-05-11T14:58:19.1759198Z remote: Compressing objects:  58% (140/241)        
2022-05-11T14:58:19.1759664Z remote: Compressing objects:  59% (143/241)        
2022-05-11T14:58:19.1760000Z remote: Compressing objects:  60% (145/241)        
2022-05-11T14:58:19.1760321Z remote: Compressing objects:  61% (148/241)        
2022-05-11T14:58:19.1760754Z remote: Compressing objects:  62% (150/241)        
2022-05-11T14:58:19.1761563Z remote: Compressing objects:  63% (152/241)        
2022-05-11T14:58:19.1762018Z remote: Compressing objects:  64% (155/241)        
2022-05-11T14:58:19.1762772Z remote: Compressing objects:  65% (157/241)        
2022-05-11T14:58:19.1763221Z remote: Compressing objects:  66% (160/241)        
2022-05-11T14:58:19.1765036Z remote: Compressing objects:  67% (162/241)        
2022-05-11T14:58:19.1765677Z remote: Compressing objects:  68% (164/241)        
2022-05-11T14:58:19.1766801Z remote: Compressing objects:  69% (167/241)        
2022-05-11T14:58:19.1767326Z remote: Compressing objects:  70% (169/241)        
2022-05-11T14:58:19.1768360Z remote: Compressing objects:  71% (172/241)        
2022-05-11T14:58:19.1769016Z remote: Compressing objects:  72% (174/241)        
2022-05-11T14:58:19.1770341Z remote: Compressing objects:  73% (176/241)        
2022-05-11T14:58:19.1770892Z remote: Compressing objects:  74% (179/241)        
2022-05-11T14:58:19.1771916Z remote: Compressing objects:  75% (181/241)        
2022-05-11T14:58:19.1772472Z remote: Compressing objects:  76% (184/241)        
2022-05-11T14:58:19.1773480Z remote: Compressing objects:  77% (186/241)        
2022-05-11T14:58:19.1774126Z remote: Compressing objects:  78% (188/241)        
2022-05-11T14:58:19.1775160Z remote: Compressing objects:  79% (191/241)        
2022-05-11T14:58:19.1775717Z remote: Compressing objects:  80% (193/241)        
2022-05-11T14:58:19.1777856Z remote: Compressing objects:  81% (196/241)        
2022-05-11T14:58:19.1778513Z remote: Compressing objects:  82% (198/241)        
2022-05-11T14:58:19.1779631Z remote: Compressing objects:  83% (201/241)        
2022-05-11T14:58:19.1780258Z remote: Compressing objects:  84% (203/241)        
2022-05-11T14:58:19.1782537Z remote: Compressing objects:  85% (205/241)        
2022-05-11T14:58:19.1783617Z remote: Compressing objects:  86% (208/241)        
2022-05-11T14:58:19.1784191Z remote: Compressing objects:  87% (210/241)        
2022-05-11T14:58:19.1785237Z remote: Compressing objects:  88% (213/241)        
2022-05-11T14:58:19.1785876Z remote: Compressing objects:  89% (215/241)        
2022-05-11T14:58:19.1786982Z remote: Compressing objects:  90% (217/241)        
2022-05-11T14:58:19.1788161Z remote: Compressing objects:  91% (220/241)        
2022-05-11T14:58:19.1788698Z remote: Compressing objects:  92% (222/241)        
2022-05-11T14:58:19.1789536Z remote: Compressing objects:  93% (225/241)        
2022-05-11T14:58:19.1791085Z remote: Compressing objects:  94% (227/241)        
2022-05-11T14:58:19.1795136Z remote: Compressing objects:  95% (229/241)        
2022-05-11T14:58:19.1795883Z remote: Compressing objects:  96% (232/241)        
2022-05-11T14:58:19.1797448Z remote: Compressing objects:  97% (234/241)        
2022-05-11T14:58:19.1799116Z remote: Compressing objects:  98% (237/241)        
2022-05-11T14:58:19.1801800Z remote: Compressing objects:  99% (239/241)        
2022-05-11T14:58:19.1802418Z remote: Compressing objects: 100% (241/241)        
2022-05-11T14:58:19.1803041Z remote: Compressing objects: 100% (241/241), done.        
2022-05-11T14:58:19.2727365Z Receiving objects:   0% (1/88567)
2022-05-11T14:58:19.3188066Z Receiving objects:   1% (886/88567)
2022-05-11T14:58:19.3536715Z Receiving objects:   2% (1772/88567)
2022-05-11T14:58:19.3813130Z Receiving objects:   3% (2658/88567)
2022-05-11T14:58:19.4334033Z Receiving objects:   4% (3543/88567)
2022-05-11T14:58:19.4497042Z Receiving objects:   5% (4429/88567)
2022-05-11T14:58:19.4662850Z Receiving objects:   6% (5315/88567)
2022-05-11T14:58:19.4911064Z Receiving objects:   7% (6200/88567)
2022-05-11T14:58:19.5029683Z Receiving objects:   8% (7086/88567)
2022-05-11T14:58:19.5130521Z Receiving objects:   9% (7972/88567)
2022-05-11T14:58:19.5176839Z Receiving objects:  10% (8857/88567)
2022-05-11T14:58:19.5299405Z Receiving objects:  11% (9743/88567)
2022-05-11T14:58:19.5394851Z Receiving objects:  12% (10629/88567)
2022-05-11T14:58:19.5512891Z Receiving objects:  13% (11514/88567)
2022-05-11T14:58:19.5601472Z Receiving objects:  14% (12400/88567)
2022-05-11T14:58:19.5693144Z Receiving objects:  15% (13286/88567)
2022-05-11T14:58:19.5764005Z Receiving objects:  16% (14171/88567)
2022-05-11T14:58:19.5839240Z Receiving objects:  17% (15057/88567)
2022-05-11T14:58:19.5896681Z Receiving objects:  18% (15943/88567)
2022-05-11T14:58:19.5941811Z Receiving objects:  19% (16828/88567)
2022-05-11T14:58:19.6014690Z Receiving objects:  20% (17714/88567)
2022-05-11T14:58:19.6078778Z Receiving objects:  21% (18600/88567)
2022-05-11T14:58:19.6157932Z Receiving objects:  22% (19485/88567)
2022-05-11T14:58:19.6252248Z Receiving objects:  23% (20371/88567)
2022-05-11T14:58:19.6336794Z Receiving objects:  24% (21257/88567)
2022-05-11T14:58:19.6429704Z Receiving objects:  25% (22142/88567)
2022-05-11T14:58:19.6496564Z Receiving objects:  26% (23028/88567)
2022-05-11T14:58:19.6552056Z Receiving objects:  27% (23914/88567)
2022-05-11T14:58:19.6607468Z Receiving objects:  28% (24799/88567)
2022-05-11T14:58:19.6640938Z Receiving objects:  29% (25685/88567)
2022-05-11T14:58:19.6682592Z Receiving objects:  30% (26571/88567)
2022-05-11T14:58:19.6770706Z Receiving objects:  31% (27456/88567)
2022-05-11T14:58:19.6816393Z Receiving objects:  32% (28342/88567)
2022-05-11T14:58:19.6841941Z Receiving objects:  33% (29228/88567), 8.30 MiB | 16.60 MiB/s
2022-05-11T14:58:19.6868322Z Receiving objects:  34% (30113/88567), 8.30 MiB | 16.60 MiB/s
2022-05-11T14:58:19.6896228Z Receiving objects:  35% (30999/88567), 8.30 MiB | 16.60 MiB/s
2022-05-11T14:58:19.6921007Z Receiving objects:  36% (31885/88567), 8.30 MiB | 16.60 MiB/s
2022-05-11T14:58:19.6968941Z Receiving objects:  37% (32770/88567), 8.30 MiB | 16.60 MiB/s
2022-05-11T14:58:19.7020440Z Receiving objects:  38% (33656/88567), 8.30 MiB | 16.60 MiB/s
2022-05-11T14:58:19.7044923Z Receiving objects:  39% (34542/88567), 8.30 MiB | 16.60 MiB/s
2022-05-11T14:58:19.7072221Z Receiving objects:  40% (35427/88567), 8.30 MiB | 16.60 MiB/s
2022-05-11T14:58:19.7110845Z Receiving objects:  41% (36313/88567), 8.30 MiB | 16.60 MiB/s
2022-05-11T14:58:19.7141425Z Receiving objects:  42% (37199/88567), 8.30 MiB | 16.60 MiB/s
2022-05-11T14:58:19.7168233Z Receiving objects:  43% (38084/88567), 8.30 MiB | 16.60 MiB/s
2022-05-11T14:58:19.7193803Z Receiving objects:  44% (38970/88567), 8.30 MiB | 16.60 MiB/s
2022-05-11T14:58:19.7219304Z Receiving objects:  45% (39856/88567), 8.30 MiB | 16.60 MiB/s
2022-05-11T14:58:19.7263748Z Receiving objects:  46% (40741/88567), 8.30 MiB | 16.60 MiB/s
2022-05-11T14:58:19.7321962Z Receiving objects:  47% (41627/88567), 8.30 MiB | 16.60 MiB/s
2022-05-11T14:58:19.7356766Z Receiving objects:  48% (42513/88567), 8.30 MiB | 16.60 MiB/s
2022-05-11T14:58:19.7384162Z Receiving objects:  49% (43398/88567), 8.30 MiB | 16.60 MiB/s
2022-05-11T14:58:19.7416232Z Receiving objects:  50% (44284/88567), 8.30 MiB | 16.60 MiB/s
2022-05-11T14:58:19.7448861Z Receiving objects:  51% (45170/88567), 8.30 MiB | 16.60 MiB/s
2022-05-11T14:58:19.7470892Z Receiving objects:  52% (46055/88567), 8.30 MiB | 16.60 MiB/s
2022-05-11T14:58:19.7498937Z Receiving objects:  53% (46941/88567), 8.30 MiB | 16.60 MiB/s
2022-05-11T14:58:19.7528820Z Receiving objects:  54% (47827/88567), 8.30 MiB | 16.60 MiB/s
2022-05-11T14:58:19.7552033Z Receiving objects:  55% (48712/88567), 8.30 MiB | 16.60 MiB/s
2022-05-11T14:58:19.7579673Z Receiving objects:  56% (49598/88567), 8.30 MiB | 16.60 MiB/s
2022-05-11T14:58:19.7609336Z Receiving objects:  57% (50484/88567), 8.30 MiB | 16.60 MiB/s
2022-05-11T14:58:19.7650021Z Receiving objects:  58% (51369/88567), 8.30 MiB | 16.60 MiB/s
2022-05-11T14:58:19.7672163Z Receiving objects:  59% (52255/88567), 8.30 MiB | 16.60 MiB/s
2022-05-11T14:58:19.7709278Z Receiving objects:  60% (53141/88567), 8.30 MiB | 16.60 MiB/s
2022-05-11T14:58:19.7741488Z Receiving objects:  61% (54026/88567), 8.30 MiB | 16.60 MiB/s
2022-05-11T14:58:19.7768598Z Receiving objects:  62% (54912/88567), 8.30 MiB | 16.60 MiB/s
2022-05-11T14:58:19.7800064Z Receiving objects:  63% (55798/88567), 8.30 MiB | 16.60 MiB/s
2022-05-11T14:58:19.7835969Z Receiving objects:  64% (56683/88567), 8.30 MiB | 16.60 MiB/s
2022-05-11T14:58:19.7867559Z Receiving objects:  65% (57569/88567), 8.30 MiB | 16.60 MiB/s
2022-05-11T14:58:19.7896306Z Receiving objects:  66% (58455/88567), 8.30 MiB | 16.60 MiB/s
2022-05-11T14:58:19.7919757Z Receiving objects:  67% (59340/88567), 8.30 MiB | 16.60 MiB/s
2022-05-11T14:58:19.7954616Z Receiving objects:  68% (60226/88567), 8.30 MiB | 16.60 MiB/s
2022-05-11T14:58:19.7997267Z Receiving objects:  69% (61112/88567), 8.30 MiB | 16.60 MiB/s
2022-05-11T14:58:19.8024417Z Receiving objects:  70% (61997/88567), 8.30 MiB | 16.60 MiB/s
2022-05-11T14:58:19.8055730Z Receiving objects:  71% (62883/88567), 8.30 MiB | 16.60 MiB/s
2022-05-11T14:58:19.8078359Z Receiving objects:  72% (63769/88567), 8.30 MiB | 16.60 MiB/s
2022-05-11T14:58:19.8105569Z Receiving objects:  73% (64654/88567), 8.30 MiB | 16.60 MiB/s
2022-05-11T14:58:19.8139993Z Receiving objects:  74% (65540/88567), 8.30 MiB | 16.60 MiB/s
2022-05-11T14:58:19.8191500Z Receiving objects:  75% (66426/88567), 8.30 MiB | 16.60 MiB/s
2022-05-11T14:58:19.8223235Z Receiving objects:  76% (67311/88567), 8.30 MiB | 16.60 MiB/s
2022-05-11T14:58:19.8260034Z Receiving objects:  77% (68197/88567), 8.30 MiB | 16.60 MiB/s
2022-05-11T14:58:19.8297847Z Receiving objects:  78% (69083/88567), 8.30 MiB | 16.60 MiB/s
2022-05-11T14:58:19.8343756Z Receiving objects:  79% (69968/88567), 8.30 MiB | 16.60 MiB/s
2022-05-11T14:58:19.8398723Z Receiving objects:  80% (70854/88567), 8.30 MiB | 16.60 MiB/s
2022-05-11T14:58:19.8474507Z Receiving objects:  81% (71740/88567), 8.30 MiB | 16.60 MiB/s
2022-05-11T14:58:19.8495572Z Receiving objects:  82% (72625/88567), 8.30 MiB | 16.60 MiB/s
2022-05-11T14:58:19.8528253Z Receiving objects:  83% (73511/88567), 8.30 MiB | 16.60 MiB/s
2022-05-11T14:58:19.8557272Z Receiving objects:  84% (74397/88567), 8.30 MiB | 16.60 MiB/s
2022-05-11T14:58:19.8591761Z Receiving objects:  85% (75282/88567), 8.30 MiB | 16.60 MiB/s
2022-05-11T14:58:19.8635422Z Receiving objects:  86% (76168/88567), 8.30 MiB | 16.60 MiB/s
2022-05-11T14:58:19.8666292Z Receiving objects:  87% (77054/88567), 8.30 MiB | 16.60 MiB/s
2022-05-11T14:58:19.8692959Z Receiving objects:  88% (77939/88567), 8.30 MiB | 16.60 MiB/s
2022-05-11T14:58:19.8745684Z Receiving objects:  89% (78825/88567), 8.30 MiB | 16.60 MiB/s
2022-05-11T14:58:19.8799634Z Receiving objects:  90% (79711/88567), 8.30 MiB | 16.60 MiB/s
2022-05-11T14:58:19.8827167Z Receiving objects:  91% (80596/88567), 8.30 MiB | 16.60 MiB/s
2022-05-11T14:58:19.8884232Z Receiving objects:  92% (81482/88567), 8.30 MiB | 16.60 MiB/s
2022-05-11T14:58:19.8914885Z Receiving objects:  93% (82368/88567), 8.30 MiB | 16.60 MiB/s
2022-05-11T14:58:19.8982528Z Receiving objects:  94% (83253/88567), 8.30 MiB | 16.60 MiB/s
2022-05-11T14:58:19.9266461Z Receiving objects:  95% (84139/88567), 8.30 MiB | 16.60 MiB/s
2022-05-11T14:58:19.9362675Z Receiving objects:  96% (85025/88567), 8.30 MiB | 16.60 MiB/s
2022-05-11T14:58:19.9403590Z Receiving objects:  97% (85910/88567), 8.30 MiB | 16.60 MiB/s
2022-05-11T14:58:19.9428458Z Receiving objects:  98% (86796/88567), 8.30 MiB | 16.60 MiB/s
2022-05-11T14:58:19.9571392Z Receiving objects:  99% (87682/88567), 8.30 MiB | 16.60 MiB/s
2022-05-11T14:58:19.9572781Z remote: Total 88567 (delta 172), reused 533 (delta 142), pack-reused 87967        
2022-05-11T14:58:19.9604599Z Receiving objects: 100% (88567/88567), 8.30 MiB | 16.60 MiB/s
2022-05-11T14:58:19.9605601Z Receiving objects: 100% (88567/88567), 15.55 MiB | 19.93 MiB/s, done.
2022-05-11T14:58:19.9805410Z Resolving deltas:   0% (0/37064)
2022-05-11T14:58:19.9913603Z Resolving deltas:   1% (371/37064)
2022-05-11T14:58:20.0077650Z Resolving deltas:   2% (742/37064)
2022-05-11T14:58:20.0346190Z Resolving deltas:   3% (1112/37064)
2022-05-11T14:58:20.0477862Z Resolving deltas:   4% (1483/37064)
2022-05-11T14:58:20.0609408Z Resolving deltas:   5% (1854/37064)
2022-05-11T14:58:20.0764498Z Resolving deltas:   6% (2224/37064)
2022-05-11T14:58:20.0915421Z Resolving deltas:   7% (2595/37064)
2022-05-11T14:58:20.1055018Z Resolving deltas:   8% (2966/37064)
2022-05-11T14:58:20.1148056Z Resolving deltas:   9% (3336/37064)
2022-05-11T14:58:20.1250987Z Resolving deltas:  10% (3707/37064)
2022-05-11T14:58:20.1357434Z Resolving deltas:  11% (4078/37064)
2022-05-11T14:58:20.1424393Z Resolving deltas:  12% (4448/37064)
2022-05-11T14:58:20.1501060Z Resolving deltas:  13% (4819/37064)
2022-05-11T14:58:20.1589728Z Resolving deltas:  14% (5189/37064)
2022-05-11T14:58:20.1687493Z Resolving deltas:  15% (5560/37064)
2022-05-11T14:58:20.1806166Z Resolving deltas:  16% (5931/37064)
2022-05-11T14:58:20.1902678Z Resolving deltas:  17% (6301/37064)
2022-05-11T14:58:20.2011845Z Resolving deltas:  18% (6672/37064)
2022-05-11T14:58:20.2086700Z Resolving deltas:  19% (7043/37064)
2022-05-11T14:58:20.2208117Z Resolving deltas:  20% (7413/37064)
2022-05-11T14:58:20.2365130Z Resolving deltas:  21% (7784/37064)
2022-05-11T14:58:20.2566296Z Resolving deltas:  22% (8155/37064)
2022-05-11T14:58:20.2656644Z Resolving deltas:  23% (8525/37064)
2022-05-11T14:58:20.2760829Z Resolving deltas:  24% (8896/37064)
2022-05-11T14:58:20.2865160Z Resolving deltas:  25% (9266/37064)
2022-05-11T14:58:20.2939283Z Resolving deltas:  26% (9637/37064)
2022-05-11T14:58:20.3098510Z Resolving deltas:  27% (10008/37064)
2022-05-11T14:58:20.3180436Z Resolving deltas:  28% (10378/37064)
2022-05-11T14:58:20.3268078Z Resolving deltas:  29% (10749/37064)
2022-05-11T14:58:20.3402956Z Resolving deltas:  30% (11120/37064)
2022-05-11T14:58:20.3489382Z Resolving deltas:  31% (11490/37064)
2022-05-11T14:58:20.3593054Z Resolving deltas:  32% (11861/37064)
2022-05-11T14:58:20.3660131Z Resolving deltas:  33% (12232/37064)
2022-05-11T14:58:20.3783121Z Resolving deltas:  34% (12602/37064)
2022-05-11T14:58:20.3848051Z Resolving deltas:  35% (12973/37064)
2022-05-11T14:58:20.3927976Z Resolving deltas:  36% (13344/37064)
2022-05-11T14:58:20.4032365Z Resolving deltas:  37% (13714/37064)
2022-05-11T14:58:20.4090734Z Resolving deltas:  38% (14085/37064)
2022-05-11T14:58:20.4145061Z Resolving deltas:  39% (14455/37064)
2022-05-11T14:58:20.4218522Z Resolving deltas:  40% (14826/37064)
2022-05-11T14:58:20.4299101Z Resolving deltas:  41% (15197/37064)
2022-05-11T14:58:20.4328236Z Resolving deltas:  42% (15567/37064)
2022-05-11T14:58:20.4394811Z Resolving deltas:  43% (15938/37064)
2022-05-11T14:58:20.4533439Z Resolving deltas:  44% (16309/37064)
2022-05-11T14:58:20.4581578Z Resolving deltas:  45% (16679/37064)
2022-05-11T14:58:20.4638588Z Resolving deltas:  46% (17050/37064)
2022-05-11T14:58:20.4692096Z Resolving deltas:  47% (17421/37064)
2022-05-11T14:58:20.4795874Z Resolving deltas:  48% (17791/37064)
2022-05-11T14:58:20.4840512Z Resolving deltas:  49% (18162/37064)
2022-05-11T14:58:20.4889922Z Resolving deltas:  50% (18532/37064)
2022-05-11T14:58:20.4948883Z Resolving deltas:  51% (18903/37064)
2022-05-11T14:58:20.5059651Z Resolving deltas:  52% (19274/37064)
2022-05-11T14:58:20.5127405Z Resolving deltas:  53% (19644/37064)
2022-05-11T14:58:20.5223309Z Resolving deltas:  54% (20015/37064)
2022-05-11T14:58:20.5273346Z Resolving deltas:  55% (20386/37064)
2022-05-11T14:58:20.5333569Z Resolving deltas:  56% (20756/37064)
2022-05-11T14:58:20.5401629Z Resolving deltas:  57% (21127/37064)
2022-05-11T14:58:20.5482383Z Resolving deltas:  58% (21498/37064)
2022-05-11T14:58:20.5613588Z Resolving deltas:  59% (21868/37064)
2022-05-11T14:58:20.5680754Z Resolving deltas:  60% (22239/37064)
2022-05-11T14:58:20.5737512Z Resolving deltas:  61% (22610/37064)
2022-05-11T14:58:20.5797487Z Resolving deltas:  62% (22980/37064)
2022-05-11T14:58:20.5834519Z Resolving deltas:  63% (23351/37064)
2022-05-11T14:58:20.5888983Z Resolving deltas:  64% (23721/37064)
2022-05-11T14:58:20.5980067Z Resolving deltas:  65% (24092/37064)
2022-05-11T14:58:20.6061380Z Resolving deltas:  66% (24463/37064)
2022-05-11T14:58:20.6094578Z Resolving deltas:  67% (24833/37064)
2022-05-11T14:58:20.6131218Z Resolving deltas:  68% (25204/37064)
2022-05-11T14:58:20.6168254Z Resolving deltas:  69% (25575/37064)
2022-05-11T14:58:20.6210119Z Resolving deltas:  70% (25945/37064)
2022-05-11T14:58:20.6245397Z Resolving deltas:  71% (26316/37064)
2022-05-11T14:58:20.6297131Z Resolving deltas:  72% (26688/37064)
2022-05-11T14:58:20.6347995Z Resolving deltas:  73% (27058/37064)
2022-05-11T14:58:20.6406498Z Resolving deltas:  74% (27428/37064)
2022-05-11T14:58:20.6439085Z Resolving deltas:  75% (27798/37064)
2022-05-11T14:58:20.6473008Z Resolving deltas:  76% (28169/37064)
2022-05-11T14:58:20.6506650Z Resolving deltas:  77% (28540/37064)
2022-05-11T14:58:20.6544950Z Resolving deltas:  78% (28910/37064)
2022-05-11T14:58:20.6584293Z Resolving deltas:  79% (29281/37064)
2022-05-11T14:58:20.6615936Z Resolving deltas:  80% (29652/37064)
2022-05-11T14:58:20.6663324Z Resolving deltas:  81% (30022/37064)
2022-05-11T14:58:20.6706194Z Resolving deltas:  82% (30393/37064)
2022-05-11T14:58:20.6739478Z Resolving deltas:  83% (30764/37064)
2022-05-11T14:58:20.6777746Z Resolving deltas:  84% (31134/37064)
2022-05-11T14:58:20.6823924Z Resolving deltas:  85% (31505/37064)
2022-05-11T14:58:20.6878753Z Resolving deltas:  86% (31876/37064)
2022-05-11T14:58:20.6933368Z Resolving deltas:  87% (32246/37064)
2022-05-11T14:58:20.6964694Z Resolving deltas:  88% (32617/37064)
2022-05-11T14:58:20.7004661Z Resolving deltas:  89% (32987/37064)
2022-05-11T14:58:20.7042754Z Resolving deltas:  90% (33358/37064)
2022-05-11T14:58:20.7086604Z Resolving deltas:  91% (33729/37064)
2022-05-11T14:58:20.7132922Z Resolving deltas:  92% (34099/37064)
2022-05-11T14:58:20.7183320Z Resolving deltas:  93% (34470/37064)
2022-05-11T14:58:20.7227534Z Resolving deltas:  94% (34841/37064)
2022-05-11T14:58:20.7321733Z Resolving deltas:  95% (35211/37064)
2022-05-11T14:58:20.7539367Z Resolving deltas:  96% (35582/37064)
2022-05-11T14:58:20.7628038Z Resolving deltas:  97% (35953/37064)
2022-05-11T14:58:20.7658793Z Resolving deltas:  98% (36323/37064)
2022-05-11T14:58:20.7747214Z Resolving deltas:  99% (36694/37064)
2022-05-11T14:58:20.7823323Z Resolving deltas: 100% (37064/37064)
2022-05-11T14:58:20.7824167Z Resolving deltas: 100% (37064/37064), done.
2022-05-11T14:58:21.2475990Z From https://github.com/open-telemetry/opentelemetry-java
2022-05-11T14:58:21.2476841Z  * [new branch]          anuraaga-patch-2        -> origin/anuraaga-patch-2
2022-05-11T14:58:21.2480836Z  * [new branch]          dependabot/github_actions/actions/checkout-2.3.5 -> origin/dependabot/github_actions/actions/checkout-2.3.5
2022-05-11T14:58:21.2488689Z  * [new branch]          dependabot/github_actions/actions/checkout-2.4.0 -> origin/dependabot/github_actions/actions/checkout-2.4.0
2022-05-11T14:58:21.2493867Z  * [new branch]          dependabot/github_actions/actions/setup-java-v2 -> origin/dependabot/github_actions/actions/setup-java-v2
2022-05-11T14:58:21.2495083Z  * [new branch]          dependabot/github_actions/codecov/codecov-action-2.0.3 -> origin/dependabot/github_actions/codecov/codecov-action-2.0.3
2022-05-11T14:58:21.2632159Z  * [new branch]          dependabot/github_actions/codecov/codecov-action-2.1.0 -> origin/dependabot/github_actions/codecov/codecov-action-2.1.0
2022-05-11T14:58:21.2633416Z  * [new branch]          dependabot/github_actions/docker/build-push-action-2.7.0 -> origin/dependabot/github_actions/docker/build-push-action-2.7.0
2022-05-11T14:58:21.2634389Z  * [new branch]          dependabot/github_actions/docker/build-push-action-2.8.0 -> origin/dependabot/github_actions/docker/build-push-action-2.8.0
2022-05-11T14:58:21.2635160Z  * [new branch]          main                    -> origin/main
2022-05-11T14:58:21.2635754Z  * [new branch]          release/v1.13.x         -> origin/release/v1.13.x
2022-05-11T14:58:21.2636292Z  * [new branch]          release/v1.14.x         -> origin/release/v1.14.x
2022-05-11T14:58:21.2636905Z  * [new branch]          revert-1809-rmtracerctx -> origin/revert-1809-rmtracerctx
2022-05-11T14:58:21.2637548Z  * [new branch]          v0.13.x                 -> origin/v0.13.x
2022-05-11T14:58:21.2638028Z  * [new branch]          v0.14.x                 -> origin/v0.14.x
2022-05-11T14:58:21.2638545Z  * [new branch]          v0.17.x                 -> origin/v0.17.x
2022-05-11T14:58:21.2639079Z  * [new branch]          v0.2.x                  -> origin/v0.2.x
2022-05-11T14:58:21.2640564Z  * [new branch]          v0.3.x                  -> origin/v0.3.x
2022-05-11T14:58:21.2641271Z  * [new branch]          v0.4.x                  -> origin/v0.4.x
2022-05-11T14:58:21.2641808Z  * [new branch]          v0.5.x                  -> origin/v0.5.x
2022-05-11T14:58:21.2642341Z  * [new branch]          v0.6.x                  -> origin/v0.6.x
2022-05-11T14:58:21.2642784Z  * [new branch]          v0.7.x                  -> origin/v0.7.x
2022-05-11T14:58:21.2643288Z  * [new branch]          v0.8.x                  -> origin/v0.8.x
2022-05-11T14:58:21.2661770Z  * [new branch]          v0.9.x                  -> origin/v0.9.x
2022-05-11T14:58:21.2662821Z  * [new branch]          v1.0.x                  -> origin/v1.0.x
2022-05-11T14:58:21.2663350Z  * [new branch]          v1.10.x                 -> origin/v1.10.x
2022-05-11T14:58:21.2663880Z  * [new branch]          v1.4.x                  -> origin/v1.4.x
2022-05-11T14:58:21.2664465Z  * [new branch]          v1.7.x                  -> origin/v1.7.x
2022-05-11T14:58:21.2664935Z  * [new branch]          v1.9.x                  -> origin/v1.9.x
2022-05-11T14:58:21.2665421Z  * [new tag]             v0.10.0                 -> v0.10.0
2022-05-11T14:58:21.2665903Z  * [new tag]             v0.11.0                 -> v0.11.0
2022-05-11T14:58:21.2666331Z  * [new tag]             v0.12.0                 -> v0.12.0
2022-05-11T14:58:21.2666849Z  * [new tag]             v0.13.0                 -> v0.13.0
2022-05-11T14:58:21.2667334Z  * [new tag]             v0.13.1                 -> v0.13.1
2022-05-11T14:58:21.2667804Z  * [new tag]             v0.14.0                 -> v0.14.0
2022-05-11T14:58:21.2668239Z  * [new tag]             v0.14.1                 -> v0.14.1
2022-05-11T14:58:21.2668701Z  * [new tag]             v0.15.0                 -> v0.15.0
2022-05-11T14:58:21.2669222Z  * [new tag]             v0.16.0                 -> v0.16.0
2022-05-11T14:58:21.2669629Z  * [new tag]             v0.17.0                 -> v0.17.0
2022-05-11T14:58:21.2670106Z  * [new tag]             v0.17.1                 -> v0.17.1
2022-05-11T14:58:21.2670593Z  * [new tag]             v0.2.0                  -> v0.2.0
2022-05-11T14:58:21.2671000Z  * [new tag]             v0.3.0                  -> v0.3.0
2022-05-11T14:58:21.2671511Z  * [new tag]             v0.4.0                  -> v0.4.0
2022-05-11T14:58:21.2671955Z  * [new tag]             v0.4.1                  -> v0.4.1
2022-05-11T14:58:21.2672412Z  * [new tag]             v0.5.0                  -> v0.5.0
2022-05-11T14:58:21.2672807Z  * [new tag]             v0.6.0                  -> v0.6.0
2022-05-11T14:58:21.2673309Z  * [new tag]             v0.7.0                  -> v0.7.0
2022-05-11T14:58:21.2673780Z  * [new tag]             v0.7.1                  -> v0.7.1
2022-05-11T14:58:21.2674182Z  * [new tag]             v0.8.0                  -> v0.8.0
2022-05-11T14:58:21.2674658Z  * [new tag]             v0.9.1                  -> v0.9.1
2022-05-11T14:58:21.2675106Z  * [new tag]             v1.0.0                  -> v1.0.0
2022-05-11T14:58:21.2675688Z  * [new tag]             v1.0.1                  -> v1.0.1
2022-05-11T14:58:21.2676176Z  * [new tag]             v1.1.0                  -> v1.1.0
2022-05-11T14:58:21.2677159Z  * [new tag]             v1.10.0                 -> v1.10.0
2022-05-11T14:58:21.2677783Z  * [new tag]             v1.10.0-rc.1            -> v1.10.0-rc.1
2022-05-11T14:58:21.2678227Z  * [new tag]             v1.10.0-rc.2            -> v1.10.0-rc.2
2022-05-11T14:58:21.2678790Z  * [new tag]             v1.10.1                 -> v1.10.1
2022-05-11T14:58:21.2679272Z  * [new tag]             v1.11.0                 -> v1.11.0
2022-05-11T14:58:21.2679697Z  * [new tag]             v1.12.0                 -> v1.12.0
2022-05-11T14:58:21.2680170Z  * [new tag]             v1.13.0                 -> v1.13.0
2022-05-11T14:58:21.2680684Z  * [new tag]             v1.14.0                 -> v1.14.0
2022-05-11T14:58:21.2681658Z  * [new tag]             v1.2.0                  -> v1.2.0
2022-05-11T14:58:21.2682095Z  * [new tag]             v1.3.0                  -> v1.3.0
2022-05-11T14:58:21.2682546Z  * [new tag]             v1.4.0                  -> v1.4.0
2022-05-11T14:58:21.2682984Z  * [new tag]             v1.4.1                  -> v1.4.1
2022-05-11T14:58:21.2683465Z  * [new tag]             v1.5.0                  -> v1.5.0
2022-05-11T14:58:21.2683936Z  * [new tag]             v1.6.0                  -> v1.6.0
2022-05-11T14:58:21.2684374Z  * [new tag]             v1.7.0                  -> v1.7.0
2022-05-11T14:58:21.2684765Z  * [new tag]             v1.7.1                  -> v1.7.1
2022-05-11T14:58:21.2685213Z  * [new tag]             v1.9.0                  -> v1.9.0
2022-05-11T14:58:21.2685925Z  * [new tag]             v1.9.1                  -> v1.9.1
2022-05-11T14:58:21.2686423Z [command]/usr/bin/git branch --list --remote origin/main
2022-05-11T14:58:21.2710120Z   origin/main
2022-05-11T14:58:21.2718763Z [command]/usr/bin/git rev-parse refs/remotes/origin/main
2022-05-11T14:58:21.2749944Z bc6be6387118cd2651ae733ed09f50b69d661162
2022-05-11T14:58:21.2756665Z ##[endgroup]
2022-05-11T14:58:21.2757689Z ##[group]Determining the checkout info
2022-05-11T14:58:21.2758733Z ##[endgroup]
2022-05-11T14:58:21.2759587Z ##[group]Checking out the ref
2022-05-11T14:58:21.2765097Z [command]/usr/bin/git checkout --progress --force -B main refs/remotes/origin/main
2022-05-11T14:58:21.4568814Z Switched to a new branch 'main'
2022-05-11T14:58:21.4574174Z branch 'main' set up to track 'origin/main'.
2022-05-11T14:58:21.4584723Z ##[endgroup]
2022-05-11T14:58:21.4646160Z [command]/usr/bin/git log -1 --format='%H'
2022-05-11T14:58:21.4683059Z 'bc6be6387118cd2651ae733ed09f50b69d661162'
2022-05-11T14:58:21.5081200Z ##[group]Run actions/setup-java@v3
2022-05-11T14:58:21.5081601Z with:
2022-05-11T14:58:21.5081860Z   distribution: temurin
2022-05-11T14:58:21.5082284Z   java-version: 8
2022-05-11T14:58:21.5082609Z   java-package: jdk
2022-05-11T14:58:21.5082950Z   architecture: x64
2022-05-11T14:58:21.5083283Z   check-latest: false
2022-05-11T14:58:21.5083628Z   server-id: github
2022-05-11T14:58:21.5083914Z   server-username: GITHUB_ACTOR
2022-05-11T14:58:21.5084306Z   server-password: GITHUB_TOKEN
2022-05-11T14:58:21.5084719Z   overwrite-settings: true
2022-05-11T14:58:21.5085011Z   job-status: success
2022-05-11T14:58:21.5085348Z ##[endgroup]
2022-05-11T14:58:21.7962649Z Resolved Java 8.0.322+6 from tool-cache
2022-05-11T14:58:21.7963361Z Setting Java 8.0.322+6 as the default
2022-05-11T14:58:21.8006720Z 
2022-05-11T14:58:21.8006886Z Java configuration:
2022-05-11T14:58:21.8007420Z   Distribution: temurin
2022-05-11T14:58:21.8007863Z   Version: 8.0.322+6
2022-05-11T14:58:21.8009080Z   Path: /opt/hostedtoolcache/Java_Temurin-Hotspot_jdk/8.0.322-6/x64
2022-05-11T14:58:21.8009407Z 
2022-05-11T14:58:21.8034541Z Creating settings.xml with server-id: github
2022-05-11T14:58:21.8133771Z Writing to /home/runner/.m2/settings.xml
2022-05-11T14:58:21.8304185Z ##[group]Run actions/setup-java@v3
2022-05-11T14:58:21.8304595Z with:
2022-05-11T14:58:21.8304911Z   distribution: temurin
2022-05-11T14:58:21.8305289Z   java-version: 17
2022-05-11T14:58:21.8305619Z   java-package: jdk
2022-05-11T14:58:21.8306008Z   architecture: x64
2022-05-11T14:58:21.8306282Z   check-latest: false
2022-05-11T14:58:21.8306613Z   server-id: github
2022-05-11T14:58:21.8307020Z   server-username: GITHUB_ACTOR
2022-05-11T14:58:21.8307339Z   server-password: GITHUB_TOKEN
2022-05-11T14:58:21.8307701Z   overwrite-settings: true
2022-05-11T14:58:21.8308044Z   job-status: success
2022-05-11T14:58:21.8308338Z env:
2022-05-11T14:58:21.8308827Z   JAVA_HOME: /opt/hostedtoolcache/Java_Temurin-Hotspot_jdk/8.0.322-6/x64
2022-05-11T14:58:21.8309247Z ##[endgroup]
2022-05-11T14:58:22.1269385Z Resolved Java 17.0.3+7 from tool-cache
2022-05-11T14:58:22.1270152Z Setting Java 17.0.3+7 as the default
2022-05-11T14:58:22.1294345Z 
2022-05-11T14:58:22.1294666Z Java configuration:
2022-05-11T14:58:22.1296703Z   Distribution: temurin
2022-05-11T14:58:22.1297234Z   Version: 17.0.3+7
2022-05-11T14:58:22.1298357Z   Path: /opt/hostedtoolcache/Java_Temurin-Hotspot_jdk/17.0.3-7/x64
2022-05-11T14:58:22.1299684Z 
2022-05-11T14:58:22.1314174Z Creating settings.xml with server-id: github
2022-05-11T14:58:22.1459591Z Overwriting existing file /home/runner/.m2/settings.xml
2022-05-11T14:58:22.1702630Z ##[group]Run gradle/gradle-build-action@v2
2022-05-11T14:58:22.1703064Z with:
2022-05-11T14:58:22.1703634Z   arguments: build

-PtestJavaVersion=8
-Porg.gradle.java.installations.paths=/opt/hostedtoolcache/Java_Temurin-Hotspot_jdk/8.0.322-6/x64,/opt/hostedtoolcache/Java_Temurin-Hotspot_jdk/17.0.3-7/x64

2022-05-11T14:58:22.1704271Z   cache-disabled: false
2022-05-11T14:58:22.1704829Z   cache-read-only: false
2022-05-11T14:58:22.1705261Z   gradle-home-cache-includes: caches
notifications

2022-05-11T14:58:22.1705683Z   cache-write-only: false
2022-05-11T14:58:22.1706121Z   gradle-home-cache-strict-match: false
2022-05-11T14:58:22.1706538Z   workflow-job-context: {
  "os": "ubuntu-20.04",
  "test-java-version": 8
}
2022-05-11T14:58:22.1706952Z env:
2022-05-11T14:58:22.1707391Z   JAVA_HOME: /opt/hostedtoolcache/Java_Temurin-Hotspot_jdk/17.0.3-7/x64
2022-05-11T14:58:22.1707791Z ##[endgroup]
2022-05-11T14:58:22.3759146Z ##[group]Restore Gradle state from cache
2022-05-11T14:58:23.6151484Z Received 88080384 of 199301425 (44.2%), 83.8 MBs/sec
2022-05-11T14:58:24.6317594Z Received 199301425 of 199301425 (100.0%), 94.1 MBs/sec
2022-05-11T14:58:24.6320992Z Cache Size: ~190 MB (199301425 B)
2022-05-11T14:58:24.6361517Z [command]/usr/bin/tar --use-compress-program zstd -d -xf /home/runner/work/_temp/a0ca9c4f-8510-4921-90ce-f9d3952355d9/cache.tzst -P -C /home/runner/work/opentelemetry-java/opentelemetry-java
2022-05-11T14:58:25.5876427Z Cache restored successfully
2022-05-11T14:58:25.6268813Z Restored Gradle User Home from cache key: v6-gradle|Linux|build[e0f4e6b26b2d84e3269588cf2bc8bd1c]-a9968bcf323fab5fc793a33cab776910517f2249
2022-05-11T14:58:26.0501287Z Received 597596 of 597596 (100.0%), 2.5 MBs/sec
2022-05-11T14:58:26.0502787Z Cache Size: ~1 MB (597596 B)
2022-05-11T14:58:26.2181798Z Received 122242 of 122242 (100.0%), 0.8 MBs/sec
2022-05-11T14:58:26.2183538Z Cache Size: ~0 MB (122242 B)
2022-05-11T14:58:26.5640430Z [command]/usr/bin/tar --use-compress-program zstd -d -xf /home/runner/work/_temp/c96d52cd-696d-4c95-986d-3676e31a0fea/cache.tzst -P -C /home/runner/work/opentelemetry-java/opentelemetry-java
2022-05-11T14:58:26.6521358Z [command]/usr/bin/tar --use-compress-program zstd -d -xf /home/runner/work/_temp/a96af97b-561c-4d49-9e4b-4fd1ab74f87c/cache.tzst -P -C /home/runner/work/opentelemetry-java/opentelemetry-java
2022-05-11T14:58:26.7429962Z Cache restored successfully
2022-05-11T14:58:26.7438405Z Received 29360128 of 115836851 (25.3%), 27.3 MBs/sec
2022-05-11T14:58:26.7527016Z Restored generated-gradle-jars with key generated-gradle-jars-5db2cd96b5f738d6d63f2422db6f1f14 to /home/runner/.gradle/caches/7.4.2/generated-gradle-jars/gradle-kotlin-dsl-extensions-7.4.2.jar
2022-05-11T14:58:26.7775696Z Received 4194304 of 284593657 (1.5%), 4.0 MBs/sec
2022-05-11T14:58:26.9914884Z Received 12582912 of 143518593 (8.8%), 12.0 MBs/sec
2022-05-11T14:58:27.0397525Z Cache restored successfully
2022-05-11T14:58:27.0497266Z Restored kotlin-dsl with key kotlin-dsl-e8c60093b3d9df7e07ad04884f6d5260 to /home/runner/.gradle/caches/*/kotlin-dsl/*/*
2022-05-11T14:58:27.0915177Z Received 16777216 of 33170912 (50.6%), 16.0 MBs/sec
2022-05-11T14:58:27.4275576Z Received 33170912 of 33170912 (100.0%), 23.7 MBs/sec
2022-05-11T14:58:27.4281957Z Cache Size: ~32 MB (33170912 B)
2022-05-11T14:58:27.6784452Z [command]/usr/bin/tar --use-compress-program zstd -d -xf /home/runner/work/_temp/12c1ac80-ab34-4db3-ba78-65e1abc3c22c/cache.tzst -P -C /home/runner/work/opentelemetry-java/opentelemetry-java
2022-05-11T14:58:27.7474888Z Received 83886080 of 115836851 (72.4%), 39.4 MBs/sec
2022-05-11T14:58:27.7827393Z Received 50331648 of 284593657 (17.7%), 23.8 MBs/sec
2022-05-11T14:58:27.9970432Z Received 71303168 of 143518593 (49.7%), 33.8 MBs/sec
2022-05-11T14:58:28.3178810Z Received 115836851 of 115836851 (100.0%), 42.6 MBs/sec
2022-05-11T14:58:28.3189118Z Cache Size: ~110 MB (115836851 B)
2022-05-11T14:58:28.4821079Z Cache restored successfully
2022-05-11T14:58:28.5059092Z Restored generated-gradle-jars with key generated-gradle-jars-327f96a56ad54f1958252ad8b0b84def to /home/runner/.gradle/caches/7.4.2/generated-gradle-jars/gradle-api-7.4.2.jar
2022-05-11T14:58:28.5202193Z [command]/usr/bin/tar --use-compress-program zstd -d -xf /home/runner/work/_temp/554793d3-816f-4f36-be5d-0d56c838e147/cache.tzst -P -C /home/runner/work/opentelemetry-java/opentelemetry-java
2022-05-11T14:58:28.7836843Z Received 113246208 of 284593657 (39.8%), 35.8 MBs/sec
2022-05-11T14:58:28.8948641Z Cache restored successfully
2022-05-11T14:58:28.9258034Z Restored wrapper-zips with key wrapper-zips-9942c79c17b1f8effa920a262d7ea341 to /home/runner/.gradle/wrapper/dists/gradle-7.4.2-bin/48ivgl02cpt2ed3fh9dbalvx8/gradle-7.4.2-bin.zip
2022-05-11T14:58:28.9989429Z Received 135129985 of 143518593 (94.2%), 42.8 MBs/sec
2022-05-11T14:58:29.2283562Z Received 143518593 of 143518593 (100.0%), 42.3 MBs/sec
2022-05-11T14:58:29.2283986Z Cache Size: ~137 MB (143518593 B)
2022-05-11T14:58:29.2673189Z [command]/usr/bin/tar --use-compress-program zstd -d -xf /home/runner/work/_temp/ec0f725e-40f9-4e1c-be1d-b9bb3f533e09/cache.tzst -P -C /home/runner/work/opentelemetry-java/opentelemetry-java
2022-05-11T14:58:29.7861251Z Received 180355072 of 284593657 (63.4%), 42.8 MBs/sec
2022-05-11T14:58:30.9523125Z Received 284593657 of 284593657 (100.0%), 52.4 MBs/sec
2022-05-11T14:58:30.9534136Z Cache Size: ~271 MB (284593657 B)
2022-05-11T14:58:30.9611997Z [command]/usr/bin/tar --use-compress-program zstd -d -xf /home/runner/work/_temp/a80674a2-dbe2-4f0e-bd4b-17aea57f4c2c/cache.tzst -P -C /home/runner/work/opentelemetry-java/opentelemetry-java
2022-05-11T14:58:32.7573222Z Cache restored successfully
2022-05-11T14:58:32.7828277Z Restored instrumented-jars with key instrumented-jars-4fd3b173f1958f1c88430ced1b02947d to /home/runner/.gradle/caches/jars-*/*
2022-05-11T14:58:33.0315566Z Cache restored successfully
2022-05-11T14:58:33.5938202Z Restored dependencies with key dependencies-b4a4538299c3196c72fb96792869bb28 to /home/runner/.gradle/caches/modules-*/files-*/*/*/*/*
2022-05-11T14:58:33.8220892Z ##[endgroup]
2022-05-11T14:58:33.8246231Z [command]/home/runner/work/opentelemetry-java/opentelemetry-java/gradlew build -PtestJavaVersion=8 -Porg.gradle.java.installations.paths=/opt/hostedtoolcache/Java_Temurin-Hotspot_jdk/8.0.322-6/x64,/opt/hostedtoolcache/Java_Temurin-Hotspot_jdk/17.0.3-7/x64
2022-05-11T14:58:39.6979095Z To honour the JVM settings for this build a single-use Daemon process will be forked. See https://docs.gradle.org/7.4.2/userguide/gradle_daemon.html#sec:disabling_the_daemon.
2022-05-11T14:58:41.4964424Z Daemon will be stopped at the end of the build 
2022-05-11T14:58:56.8005858Z > Task :buildSrc:generateExternalPluginSpecBuilders FROM-CACHE
2022-05-11T14:58:56.8007260Z > Task :buildSrc:extractPrecompiledScriptPluginPlugins FROM-CACHE
2022-05-11T14:58:56.8009329Z > Task :buildSrc:compilePluginsBlocks FROM-CACHE
2022-05-11T14:58:59.9968444Z > Task :buildSrc:generatePrecompiledScriptPluginAccessors
2022-05-11T14:58:59.9969772Z > Task :buildSrc:generateScriptPluginAdapters FROM-CACHE
2022-05-11T14:59:00.7027242Z > Task :buildSrc:compileKotlin FROM-CACHE
2022-05-11T14:59:00.7027913Z > Task :buildSrc:compileJava NO-SOURCE
2022-05-11T14:59:00.7028371Z > Task :buildSrc:compileGroovy NO-SOURCE
2022-05-11T14:59:00.7978020Z > Task :buildSrc:pluginDescriptors
2022-05-11T14:59:00.7978651Z > Task :buildSrc:processResources
2022-05-11T14:59:00.7979129Z > Task :buildSrc:classes
2022-05-11T14:59:00.8969348Z > Task :buildSrc:inspectClassesForKotlinIC
2022-05-11T14:59:01.2973399Z > Task :buildSrc:jar
2022-05-11T14:59:01.2974014Z > Task :buildSrc:assemble
2022-05-11T14:59:01.2975158Z > Task :buildSrc:spotlessInternalRegisterDependencies
2022-05-11T14:59:01.7970374Z > Task :buildSrc:spotlessKotlinGradle FROM-CACHE
2022-05-11T14:59:01.7971136Z > Task :buildSrc:spotlessKotlinGradleCheck UP-TO-DATE
2022-05-11T14:59:01.7971702Z > Task :buildSrc:spotlessCheck UP-TO-DATE
2022-05-11T14:59:01.7972224Z > Task :buildSrc:compileTestKotlin NO-SOURCE
2022-05-11T14:59:01.8963791Z > Task :buildSrc:pluginUnderTestMetadata
2022-05-11T14:59:01.8965470Z > Task :buildSrc:compileTestJava NO-SOURCE
2022-05-11T14:59:01.8966159Z > Task :buildSrc:compileTestGroovy NO-SOURCE
2022-05-11T14:59:01.8971402Z > Task :buildSrc:processTestResources NO-SOURCE
2022-05-11T14:59:01.8972044Z > Task :buildSrc:testClasses UP-TO-DATE
2022-05-11T14:59:01.8972562Z > Task :buildSrc:test NO-SOURCE
2022-05-11T14:59:01.8973552Z > Task :buildSrc:validatePlugins FROM-CACHE
2022-05-11T14:59:01.8974062Z > Task :buildSrc:check UP-TO-DATE
2022-05-11T14:59:01.8974501Z > Task :buildSrc:build
2022-05-11T14:59:21.3979766Z > Task :sdk:trace-shaded-deps:compileJava FROM-CACHE
2022-05-11T14:59:21.4966337Z > Task :context:compileJava FROM-CACHE
2022-05-11T14:59:21.7967775Z > Task :exporters:jaeger-proto:extractIncludeProto
2022-05-11T14:59:21.7968851Z > Task :exporters:jaeger-proto:extractProto
2022-05-11T14:59:21.8974582Z > Task :exporters:jaeger-proto:generateProto FROM-CACHE
2022-05-11T14:59:21.8975656Z > Task :api:all:compileJava FROM-CACHE
2022-05-11T14:59:21.9979927Z > Task :semconv:compileJava FROM-CACHE
2022-05-11T14:59:22.0964003Z > Task :micrometer1-shim:compileJava FROM-CACHE
2022-05-11T14:59:22.2965852Z > Task :exporters:jaeger-proto:compileJava FROM-CACHE
2022-05-11T14:59:22.2966859Z > Task :sdk:common:compileJava FROM-CACHE
2022-05-11T14:59:22.2967739Z > Task :exporters:jaeger-proto:generateVersionResource
2022-05-11T14:59:22.3968363Z > Task :sdk:logs:compileJava FROM-CACHE
2022-05-11T14:59:22.6969301Z > Task :sdk:trace:compileJava FROM-CACHE
2022-05-11T14:59:22.6970440Z > Task :exporters:jaeger-proto:processResources
2022-05-11T14:59:22.6971251Z > Task :exporters:jaeger-proto:classes
2022-05-11T14:59:22.7965887Z > Task :exporters:jaeger-proto:jar
2022-05-11T14:59:24.2963174Z > Task :exporters:jaeger:generateMainProtos
2022-05-11T14:59:26.3962527Z > Task :exporters:otlp:common:generateMainProtos
2022-05-11T14:59:26.4962804Z > Task :opentracing-shim:compileJava FROM-CACHE
2022-05-11T14:59:26.5969704Z > Task :extensions:annotations:compileJava FROM-CACHE
2022-05-11T14:59:26.6976293Z > Task :extensions:incubator:compileJava FROM-CACHE
2022-05-11T14:59:27.1969894Z > Task :extensions:kotlin:compileKotlin FROM-CACHE
2022-05-11T14:59:27.2964783Z > Task :extensions:kotlin:compileJava FROM-CACHE
2022-05-11T14:59:27.3983557Z > Task :extensions:noop-api:compileJava FROM-CACHE
2022-05-11T14:59:27.3984948Z > Task :sdk-extensions:jaeger-remote-sampler:generateMainProtos FROM-CACHE
2022-05-11T14:59:27.3985787Z > Task :context:processResources NO-SOURCE
2022-05-11T14:59:27.3986538Z > Task :semconv:processResources NO-SOURCE
2022-05-11T14:59:27.4973467Z > Task :api:all:processResources NO-SOURCE
2022-05-11T14:59:27.4974043Z > Task :sdk:all:processResources NO-SOURCE
2022-05-11T14:59:27.4974548Z > Task :sdk:common:processResources NO-SOURCE
2022-05-11T14:59:27.4975045Z > Task :sdk:logs:processResources NO-SOURCE
2022-05-11T14:59:27.4975518Z > Task :sdk:trace:processResources NO-SOURCE
2022-05-11T14:59:27.4976117Z > Task :sdk-extensions:autoconfigure:processResources NO-SOURCE
2022-05-11T14:59:27.4976726Z > Task :sdk-extensions:autoconfigure-spi:processResources NO-SOURCE
2022-05-11T14:59:27.4977323Z > Task :exporters:otlp:common:processResources NO-SOURCE
2022-05-11T14:59:27.4977887Z > Task :sdk-extensions:jaeger-remote-sampler:extractProto
2022-05-11T14:59:27.5967418Z > Task :sdk-extensions:tracing-incubator:compileJava FROM-CACHE
2022-05-11T14:59:27.5968050Z > Task :all:processResources NO-SOURCE
2022-05-11T14:59:27.6983308Z > Task :all:sourcesJar
2022-05-11T14:59:27.7969301Z > Task :testing-internal:compileJava FROM-CACHE
2022-05-11T14:59:27.7969882Z > Task :all:processTestResources NO-SOURCE
2022-05-11T14:59:27.8973326Z > Task :spotlessInternalRegisterDependencies
2022-05-11T14:59:28.2966456Z > Task :all:spotlessJava FROM-CACHE
2022-05-11T14:59:28.9977434Z > Task :all:spotlessJavaCheck UP-TO-DATE
2022-05-11T14:59:28.9977982Z > Task :all:spotlessKotlinGradle FROM-CACHE
2022-05-11T14:59:28.9978460Z > Task :all:spotlessKotlinGradleCheck UP-TO-DATE
2022-05-11T14:59:28.9979382Z > Task :all:spotlessMisc FROM-CACHE
2022-05-11T14:59:28.9980198Z > Task :all:spotlessMiscCheck UP-TO-DATE
2022-05-11T14:59:28.9980772Z > Task :all:spotlessCheck UP-TO-DATE
2022-05-11T14:59:28.9981468Z > Task :context:generateVersionResource
2022-05-11T14:59:28.9982108Z > Task :context:classes
2022-05-11T14:59:29.0987541Z > Task :context:jar
2022-05-11T14:59:29.0988367Z > Task :micrometer1-shim:generateVersionResource
2022-05-11T14:59:29.0989450Z > Task :micrometer1-shim:processResources NO-SOURCE
2022-05-11T14:59:29.0990062Z > Task :micrometer1-shim:classes
2022-05-11T14:59:29.1972972Z > Task :micrometer1-shim:jar
2022-05-11T14:59:29.1975809Z > Task :opencensus-shim:generateVersionResource
2022-05-11T14:59:29.1978484Z > Task :opencensus-shim:processResources NO-SOURCE
2022-05-11T14:59:29.1979498Z > Task :opentracing-shim:generateVersionResource
2022-05-11T14:59:29.1980125Z > Task :opentracing-shim:processResources
2022-05-11T14:59:29.1980879Z > Task :opentracing-shim:classes
2022-05-11T14:59:29.2979953Z > Task :opentracing-shim:jar
2022-05-11T14:59:29.2987470Z > Task :semconv:generateVersionResource
2022-05-11T14:59:29.2987894Z > Task :semconv:classes
2022-05-11T14:59:29.2988228Z > Task :semconv:jar
2022-05-11T14:59:29.3969398Z > Task :testing-internal:processResources
2022-05-11T14:59:29.3970371Z > Task :testing-internal:classes
2022-05-11T14:59:29.3971114Z > Task :testing-internal:jar
2022-05-11T14:59:29.4970988Z > Task :api:all:generateVersionResource
2022-05-11T14:59:29.4972201Z > Task :api:all:classes
2022-05-11T14:59:29.5966384Z > Task :api:all:jar
2022-05-11T14:59:29.5967230Z > Task :exporters:jaeger:generateVersionResource
2022-05-11T14:59:29.5968651Z > Task :exporters:jaeger:processResources NO-SOURCE
2022-05-11T14:59:29.5969541Z > Task :exporters:jaeger-thrift:generateVersionResource
2022-05-11T14:59:29.5970954Z > Task :exporters:jaeger-thrift:processResources NO-SOURCE
2022-05-11T14:59:29.5972080Z > Task :exporters:logging:generateVersionResource
2022-05-11T14:59:29.5972845Z > Task :exporters:logging:processResources NO-SOURCE
2022-05-11T14:59:29.6986655Z > Task :exporters:logging-otlp:generateVersionResource
2022-05-11T14:59:29.6987846Z > Task :exporters:logging-otlp:processResources NO-SOURCE
2022-05-11T14:59:29.6988915Z > Task :sdk:common:generateVersionResource
2022-05-11T14:59:29.6989571Z > Task :sdk:common:classes
2022-05-11T14:59:29.7964735Z > Task :sdk:common:compileJava9Java FROM-CACHE
2022-05-11T14:59:29.7965850Z > Task :sdk:common:processJava9Resources NO-SOURCE
2022-05-11T14:59:29.7966713Z > Task :sdk:common:java9Classes UP-TO-DATE
2022-05-11T14:59:29.7967517Z > Task :sdk:common:jar
2022-05-11T14:59:29.8968140Z > Task :exporters:prometheus:generateVersionResource
2022-05-11T14:59:29.8969721Z > Task :exporters:prometheus:processResources NO-SOURCE
2022-05-11T14:59:29.8970978Z > Task :exporters:zipkin:generateVersionResource
2022-05-11T14:59:29.8971995Z > Task :exporters:zipkin:processResources NO-SOURCE
2022-05-11T14:59:29.8972751Z > Task :extensions:annotations:generateVersionResource
2022-05-11T14:59:29.8973500Z > Task :extensions:annotations:processResources NO-SOURCE
2022-05-11T14:59:29.8974149Z > Task :extensions:annotations:classes
2022-05-11T14:59:29.9067722Z > Task :extensions:annotations:jar
2022-05-11T14:59:29.9068163Z > Task :extensions:aws:generateVersionResource
2022-05-11T14:59:29.9985708Z > Task :extensions:aws:processResources
2022-05-11T14:59:29.9986640Z > Task :extensions:incubator:generateVersionResource
2022-05-11T14:59:29.9988089Z > Task :extensions:incubator:processResources NO-SOURCE
2022-05-11T14:59:29.9988809Z > Task :extensions:incubator:classes
2022-05-11T14:59:29.9989431Z > Task :extensions:incubator:jar
2022-05-11T14:59:29.9990032Z > Task :extensions:kotlin:generateVersionResource
2022-05-11T14:59:29.9990859Z > Task :extensions:kotlin:processResources NO-SOURCE
2022-05-11T14:59:29.9991535Z > Task :extensions:kotlin:classes
2022-05-11T14:59:30.0985640Z > Task :extensions:kotlin:inspectClassesForKotlinIC
2022-05-11T14:59:30.0986524Z > Task :extensions:kotlin:jar
2022-05-11T14:59:30.0988341Z > Task :extensions:noop-api:generateVersionResource
2022-05-11T14:59:30.0989729Z > Task :extensions:noop-api:processResources
2022-05-11T14:59:30.0990630Z > Task :extensions:noop-api:classes
2022-05-11T14:59:30.1977510Z > Task :extensions:noop-api:jar
2022-05-11T14:59:30.1979124Z > Task :extensions:trace-propagators:generateVersionResource
2022-05-11T14:59:30.1980273Z > Task :extensions:trace-propagators:processResources
2022-05-11T14:59:30.1981541Z > Task :sdk:all:generateVersionResource
2022-05-11T14:59:30.1982641Z > Task :sdk:logs:generateVersionResource
2022-05-11T14:59:30.1984427Z > Task :sdk:logs:classes
2022-05-11T14:59:30.3019354Z > Task :sdk:logs:jar
2022-05-11T14:59:30.3023158Z > Task :sdk:logs-testing:generateVersionResource
2022-05-11T14:59:30.3967165Z > Task :sdk:logs-testing:processResources NO-SOURCE
2022-05-11T14:59:30.3968115Z > Task :sdk:testing:generateVersionResource
2022-05-11T14:59:30.3968879Z > Task :sdk:testing:processResources
2022-05-11T14:59:30.3969471Z > Task :sdk:trace:generateVersionResource
2022-05-11T14:59:30.3970247Z > Task :sdk:trace-shaded-deps:processResources NO-SOURCE
2022-05-11T14:59:30.3971093Z > Task :sdk:trace-shaded-deps:classes UP-TO-DATE
2022-05-11T14:59:30.3972293Z > Task :sdk:trace-shaded-deps:compileTestJava NO-SOURCE
2022-05-11T14:59:30.3973026Z > Task :sdk:trace-shaded-deps:processTestResources NO-SOURCE
2022-05-11T14:59:30.3973822Z > Task :sdk:trace-shaded-deps:testClasses UP-TO-DATE
2022-05-11T14:59:30.4965286Z > Task :sdk:trace-shaded-deps:shadowJar FROM-CACHE
2022-05-11T14:59:30.5969538Z > Task :sdk:trace-shaded-deps:extractShadowJar
2022-05-11T14:59:30.5970950Z > Task :sdk:trace:classes
2022-05-11T14:59:30.5973317Z > Task :sdk:trace:jar
2022-05-11T14:59:30.5974148Z > Task :sdk-extensions:autoconfigure:generateVersionResource
2022-05-11T14:59:30.6969313Z > Task :sdk-extensions:autoconfigure-spi:generateVersionResource
2022-05-11T14:59:30.6970448Z > Task :sdk-extensions:jaeger-remote-sampler:generateVersionResource
2022-05-11T14:59:30.6971944Z > Task :sdk-extensions:jaeger-remote-sampler:processResources
2022-05-11T14:59:30.6972735Z > Task :sdk-extensions:jfr-events:generateVersionResource
2022-05-11T14:59:30.6973522Z > Task :sdk-extensions:jfr-events:processResources NO-SOURCE
2022-05-11T14:59:30.6974449Z > Task :sdk-extensions:metric-incubator:generateVersionResource
2022-05-11T14:59:30.6976561Z > Task :sdk-extensions:metric-incubator:processResources
2022-05-11T14:59:30.6977328Z > Task :sdk-extensions:resources:generateVersionResource
2022-05-11T14:59:30.6978088Z > Task :sdk-extensions:resources:processResources
2022-05-11T14:59:30.7967937Z > Task :sdk-extensions:resources:processJava11Resources NO-SOURCE
2022-05-11T14:59:30.7969136Z > Task :sdk-extensions:tracing-incubator:generateVersionResource
2022-05-11T14:59:30.7970076Z > Task :sdk-extensions:tracing-incubator:processResources NO-SOURCE
2022-05-11T14:59:30.7970942Z > Task :sdk-extensions:tracing-incubator:classes
2022-05-11T14:59:30.7971639Z > Task :sdk-extensions:tracing-incubator:jar
2022-05-11T14:59:30.7972458Z > Task :sdk-extensions:zpages:generateVersionResource
2022-05-11T14:59:30.7973334Z > Task :sdk-extensions:zpages:processResources
2022-05-11T14:59:30.7974950Z > Task :exporters:otlp:all:generateVersionResource
2022-05-11T14:59:30.7975749Z > Task :exporters:otlp:all:processResources NO-SOURCE
2022-05-11T14:59:30.7976365Z > Task :exporters:otlp:common:generateVersionResource
2022-05-11T14:59:30.8983444Z > Task :exporters:otlp:logs:generateVersionResource
2022-05-11T14:59:30.8984804Z > Task :exporters:otlp:logs:processResources NO-SOURCE
2022-05-11T14:59:30.8985662Z > Task :exporters:otlp:metrics:generateVersionResource
2022-05-11T14:59:30.8986760Z > Task :exporters:otlp:metrics:processResources NO-SOURCE
2022-05-11T14:59:30.8987396Z > Task :exporters:otlp:trace:generateVersionResource
2022-05-11T14:59:30.8988186Z > Task :exporters:otlp:trace:processResources NO-SOURCE
2022-05-11T14:59:30.8989059Z > Task :exporters:otlp-http:logs:generateVersionResource
2022-05-11T14:59:30.8990751Z > Task :exporters:otlp-http:logs:processResources NO-SOURCE
2022-05-11T14:59:30.8991631Z > Task :exporters:otlp-http:metrics:generateVersionResource
2022-05-11T14:59:30.8993743Z > Task :exporters:otlp-http:metrics:processResources NO-SOURCE
2022-05-11T14:59:30.9002684Z > Task :exporters:otlp-http:trace:generateVersionResource
2022-05-11T14:59:30.9003690Z > Task :exporters:otlp-http:trace:processResources NO-SOURCE
2022-05-11T14:59:30.9972679Z > Task :bom:assemble UP-TO-DATE
2022-05-11T14:59:30.9973484Z > Task :bom:check UP-TO-DATE
2022-05-11T14:59:30.9974238Z > Task :bom:build UP-TO-DATE
2022-05-11T14:59:30.9974983Z > Task :bom-alpha:assemble UP-TO-DATE
2022-05-11T14:59:30.9975732Z > Task :bom-alpha:check UP-TO-DATE
2022-05-11T14:59:30.9976384Z > Task :bom-alpha:build UP-TO-DATE
2022-05-11T14:59:30.9977001Z > Task :context:javadoc FROM-CACHE
2022-05-11T14:59:31.0962018Z > Task :context:javadocJar
2022-05-11T14:59:31.0962770Z > Task :context:sourcesJar
2022-05-11T14:59:31.0963592Z > Task :context:assemble
2022-05-11T14:59:31.1963808Z > Task :context:animalsnifferMain FROM-CACHE
2022-05-11T14:59:31.2963772Z > Task :context:compileBraveInOtelTestJava FROM-CACHE
2022-05-11T14:59:31.2964872Z > Task :context:processBraveInOtelTestResources NO-SOURCE
2022-05-11T14:59:31.2965684Z > Task :context:braveInOtelTestClasses UP-TO-DATE
2022-05-11T14:59:31.3964911Z > Task :context:braveInOtelTest FROM-CACHE
2022-05-11T14:59:31.4984352Z > Task :context:checkstyleBraveInOtelTest FROM-CACHE
2022-05-11T14:59:31.5970164Z > Task :context:compileGrpcInOtelTestJava FROM-CACHE
2022-05-11T14:59:31.5970994Z > Task :context:processGrpcInOtelTestResources NO-SOURCE
2022-05-11T14:59:31.5971614Z > Task :context:grpcInOtelTestClasses UP-TO-DATE
2022-05-11T14:59:31.5972223Z > Task :context:checkstyleGrpcInOtelTest FROM-CACHE
2022-05-11T14:59:31.5972787Z > Task :context:compileJmhJava FROM-CACHE
2022-05-11T14:59:31.5973350Z > Task :context:processJmhResources NO-SOURCE
2022-05-11T14:59:31.5973894Z > Task :context:jmhClasses UP-TO-DATE
2022-05-11T14:59:31.6971773Z > Task :context:checkstyleJmh FROM-CACHE
2022-05-11T14:59:31.6972487Z > Task :context:checkstyleMain FROM-CACHE
2022-05-11T14:59:31.7964581Z > Task :context:compileOtelAsBraveTestJava FROM-CACHE
2022-05-11T14:59:31.7965139Z > Task :context:processOtelAsBraveTestResources
2022-05-11T14:59:31.7965944Z > Task :context:otelAsBraveTestClasses
2022-05-11T14:59:31.7966625Z > Task :context:checkstyleOtelAsBraveTest FROM-CACHE
2022-05-11T14:59:31.8964668Z > Task :context:compileOtelInBraveTestJava FROM-CACHE
2022-05-11T14:59:31.8965509Z > Task :context:processOtelInBraveTestResources
2022-05-11T14:59:31.8965936Z > Task :context:otelInBraveTestClasses
2022-05-11T14:59:31.8966595Z > Task :context:checkstyleOtelInBraveTest FROM-CACHE
2022-05-11T14:59:31.9976642Z > Task :context:compileOtelInGrpcTestJava FROM-CACHE
2022-05-11T14:59:31.9977369Z > Task :context:processOtelInGrpcTestResources
2022-05-11T14:59:31.9977902Z > Task :context:otelInGrpcTestClasses
2022-05-11T14:59:31.9978585Z > Task :context:checkstyleOtelInGrpcTest FROM-CACHE
2022-05-11T14:59:32.0987624Z > Task :context:compileStorageWrappersTestJava FROM-CACHE
2022-05-11T14:59:32.0988532Z > Task :context:processStorageWrappersTestResources NO-SOURCE
2022-05-11T14:59:32.0989283Z > Task :context:storageWrappersTestClasses UP-TO-DATE
2022-05-11T14:59:32.0989892Z > Task :context:checkstyleStorageWrappersTest FROM-CACHE
2022-05-11T14:59:32.1966428Z > Task :context:compileStrictContextEnabledTestJava FROM-CACHE
2022-05-11T14:59:32.1967076Z > Task :context:processStrictContextEnabledTestResources NO-SOURCE
2022-05-11T14:59:32.1968154Z > Task :context:strictContextEnabledTestClasses UP-TO-DATE
2022-05-11T14:59:32.1968806Z > Task :context:checkstyleStrictContextEnabledTest FROM-CACHE
2022-05-11T14:59:32.1969385Z > Task :context:compileTestJava FROM-CACHE
2022-05-11T14:59:32.1969919Z > Task :context:processTestResources NO-SOURCE
2022-05-11T14:59:32.1970444Z > Task :context:testClasses UP-TO-DATE
2022-05-11T14:59:32.1970939Z > Task :context:checkstyleTest FROM-CACHE
2022-05-11T14:59:32.2966605Z > Task :context:grpcInOtelTest FROM-CACHE
2022-05-11T14:59:44.2963445Z > Task :context:jApiCmp
2022-05-11T14:59:44.3963186Z > Task :context:otelAsBraveTest FROM-CACHE
2022-05-11T14:59:44.4962909Z > Task :context:otelInBraveTest FROM-CACHE
2022-05-11T14:59:44.5969462Z > Task :context:otelInGrpcTest FROM-CACHE
2022-05-11T14:59:44.6963252Z > Task :context:spotlessJava FROM-CACHE
2022-05-11T14:59:44.6964324Z > Task :context:spotlessJavaCheck UP-TO-DATE
2022-05-11T14:59:44.7963959Z > Task :context:spotlessKotlinGradle FROM-CACHE
2022-05-11T14:59:44.8991337Z > Task :context:spotlessKotlinGradleCheck UP-TO-DATE
2022-05-11T14:59:44.8991911Z > Task :context:spotlessMisc FROM-CACHE
2022-05-11T14:59:44.9003538Z > Task :context:spotlessMiscCheck UP-TO-DATE
2022-05-11T14:59:44.9004049Z > Task :context:spotlessCheck UP-TO-DATE
2022-05-11T14:59:44.9965883Z > Task :context:storageWrappersTest FROM-CACHE
2022-05-11T14:59:45.0963443Z > Task :context:strictContextEnabledTest FROM-CACHE
2022-05-11T14:59:45.1989136Z > Task :context:test FROM-CACHE
2022-05-11T14:59:45.2010901Z > Task :context:check
2022-05-11T14:59:45.2011487Z > Task :context:build
2022-05-11T14:59:45.2012335Z > Task :dependencyManagement:assemble UP-TO-DATE
2022-05-11T14:59:45.2013020Z > Task :dependencyManagement:check UP-TO-DATE
2022-05-11T14:59:45.2013637Z > Task :dependencyManagement:build UP-TO-DATE
2022-05-11T14:59:45.2972456Z > Task :integration-tests:compileJava NO-SOURCE
2022-05-11T14:59:45.2973078Z > Task :integration-tests:processResources NO-SOURCE
2022-05-11T14:59:45.2973828Z > Task :integration-tests:classes UP-TO-DATE
2022-05-11T14:59:45.2974412Z > Task :integration-tests:jar
2022-05-11T14:59:45.2974982Z > Task :integration-tests:javadoc NO-SOURCE
2022-05-11T14:59:45.2975587Z > Task :integration-tests:javadocJar
2022-05-11T14:59:45.3964621Z > Task :integration-tests:sourcesJar
2022-05-11T14:59:45.3965364Z > Task :integration-tests:assemble
2022-05-11T14:59:45.3966023Z > Task :integration-tests:checkstyleMain NO-SOURCE
2022-05-11T14:59:45.3966662Z > Task :integration-tests:processTestResources NO-SOURCE
2022-05-11T14:59:45.3967325Z > Task :integration-tests:spotlessJava FROM-CACHE
2022-05-11T14:59:45.3967999Z > Task :integration-tests:spotlessJavaCheck UP-TO-DATE
2022-05-11T14:59:45.4963517Z > Task :integration-tests:spotlessKotlinGradle FROM-CACHE
2022-05-11T14:59:45.4964631Z > Task :integration-tests:spotlessKotlinGradleCheck UP-TO-DATE
2022-05-11T14:59:45.5964147Z > Task :integration-tests:spotlessMisc FROM-CACHE
2022-05-11T14:59:45.5964749Z > Task :integration-tests:spotlessMiscCheck UP-TO-DATE
2022-05-11T14:59:45.5965653Z > Task :integration-tests:spotlessCheck UP-TO-DATE
2022-05-11T14:59:45.5966298Z > Task :micrometer1-shim:javadoc FROM-CACHE
2022-05-11T14:59:45.6965756Z > Task :micrometer1-shim:javadocJar
2022-05-11T14:59:45.6966303Z > Task :micrometer1-shim:sourcesJar
2022-05-11T14:59:45.6966745Z > Task :micrometer1-shim:assemble
2022-05-11T14:59:45.7965439Z > Task :micrometer1-shim:checkstyleMain FROM-CACHE
2022-05-11T14:59:45.7966083Z > Task :micrometer1-shim:processTestResources NO-SOURCE
2022-05-11T14:59:45.7966962Z > Task :micrometer1-shim:processTestMicrometer15Resources NO-SOURCE
2022-05-11T14:59:45.7967755Z > Task :micrometer1-shim:processTestMicrometer16Resources NO-SOURCE
2022-05-11T14:59:45.9963010Z > Task :micrometer1-shim:spotlessJava FROM-CACHE
2022-05-11T14:59:45.9965258Z > Task :micrometer1-shim:spotlessJavaCheck UP-TO-DATE
2022-05-11T14:59:45.9965869Z > Task :micrometer1-shim:spotlessKotlinGradle FROM-CACHE
2022-05-11T14:59:45.9966705Z > Task :micrometer1-shim:spotlessKotlinGradleCheck UP-TO-DATE
2022-05-11T14:59:45.9967376Z > Task :micrometer1-shim:spotlessMisc FROM-CACHE
2022-05-11T14:59:46.0963104Z > Task :micrometer1-shim:spotlessMiscCheck UP-TO-DATE
2022-05-11T14:59:46.0964337Z > Task :micrometer1-shim:spotlessCheck UP-TO-DATE
2022-05-11T14:59:46.1962725Z > Task :opencensus-shim:sourcesJar
2022-05-11T14:59:46.2963994Z > Task :opencensus-shim:processTestResources NO-SOURCE
2022-05-11T14:59:46.3986190Z > Task :opencensus-shim:spotlessJava FROM-CACHE
2022-05-11T14:59:46.3987272Z > Task :opencensus-shim:spotlessJavaCheck UP-TO-DATE
2022-05-11T14:59:46.3988257Z > Task :opencensus-shim:spotlessKotlinGradle FROM-CACHE
2022-05-11T14:59:46.3989364Z > Task :opencensus-shim:spotlessKotlinGradleCheck UP-TO-DATE
2022-05-11T14:59:46.4963566Z > Task :opencensus-shim:spotlessMisc FROM-CACHE
2022-05-11T14:59:46.4974174Z > Task :opencensus-shim:spotlessMiscCheck UP-TO-DATE
2022-05-11T14:59:46.4974864Z > Task :opencensus-shim:spotlessCheck UP-TO-DATE
2022-05-11T14:59:46.4975895Z > Task :opentracing-shim:javadoc FROM-CACHE
2022-05-11T14:59:46.4976872Z > Task :opentracing-shim:javadocJar
2022-05-11T14:59:46.5963791Z > Task :opentracing-shim:sourcesJar
2022-05-11T14:59:46.5964742Z > Task :opentracing-shim:assemble
2022-05-11T14:59:46.5965665Z > Task :opentracing-shim:checkstyleMain FROM-CACHE
2022-05-11T14:59:46.5966452Z > Task :opentracing-shim:processTestResources NO-SOURCE
2022-05-11T14:59:46.6965880Z > Task :opentracing-shim:spotlessJava FROM-CACHE
2022-05-11T14:59:46.6966991Z > Task :opentracing-shim:spotlessJavaCheck UP-TO-DATE
2022-05-11T14:59:46.7966012Z > Task :opentracing-shim:spotlessKotlinGradle FROM-CACHE
2022-05-11T14:59:46.7967328Z > Task :opentracing-shim:spotlessKotlinGradleCheck UP-TO-DATE
2022-05-11T14:59:46.7968607Z > Task :opentracing-shim:spotlessMisc FROM-CACHE
2022-05-11T14:59:46.7969234Z > Task :opentracing-shim:spotlessMiscCheck UP-TO-DATE
2022-05-11T14:59:46.7969762Z > Task :opentracing-shim:spotlessCheck UP-TO-DATE
2022-05-11T14:59:46.7970305Z > Task :perf-harness:processResources NO-SOURCE
2022-05-11T14:59:46.7970762Z > Task :perf-harness:sourcesJar
2022-05-11T14:59:46.7971290Z > Task :perf-harness:processTestResources
2022-05-11T14:59:46.8972805Z > Task :perf-harness:spotlessJava FROM-CACHE
2022-05-11T14:59:46.9018632Z > Task :perf-harness:spotlessJavaCheck UP-TO-DATE
2022-05-11T14:59:46.9019536Z > Task :perf-harness:spotlessKotlinGradle FROM-CACHE
2022-05-11T14:59:46.9020459Z > Task :perf-harness:spotlessKotlinGradleCheck UP-TO-DATE
2022-05-11T14:59:46.9021539Z > Task :perf-harness:spotlessMisc FROM-CACHE
2022-05-11T14:59:46.9022657Z > Task :perf-harness:spotlessMiscCheck UP-TO-DATE
2022-05-11T14:59:46.9023343Z > Task :perf-harness:spotlessCheck UP-TO-DATE
2022-05-11T14:59:46.9962435Z > Task :semconv:javadoc FROM-CACHE
2022-05-11T14:59:47.0968463Z > Task :semconv:javadocJar
2022-05-11T14:59:47.0969280Z > Task :semconv:sourcesJar
2022-05-11T14:59:47.0970212Z > Task :semconv:assemble
2022-05-11T14:59:47.1964836Z > Task :semconv:animalsnifferMain FROM-CACHE
2022-05-11T14:59:47.1965784Z > Task :semconv:checkstyleMain FROM-CACHE
2022-05-11T14:59:47.1966812Z > Task :semconv:compileTestJava NO-SOURCE
2022-05-11T14:59:47.1967399Z > Task :semconv:processTestResources NO-SOURCE
2022-05-11T14:59:47.1968417Z > Task :semconv:testClasses UP-TO-DATE
2022-05-11T14:59:47.1969032Z > Task :semconv:checkstyleTest NO-SOURCE
2022-05-11T14:59:47.1969472Z > Task :semconv:spotlessJava FROM-CACHE
2022-05-11T14:59:47.1969938Z > Task :semconv:spotlessJavaCheck UP-TO-DATE
2022-05-11T14:59:47.1970642Z > Task :semconv:spotlessKotlinGradle FROM-CACHE
2022-05-11T14:59:47.2976352Z > Task :semconv:spotlessKotlinGradleCheck UP-TO-DATE
2022-05-11T14:59:47.2976885Z > Task :semconv:spotlessMisc FROM-CACHE
2022-05-11T14:59:47.2978085Z > Task :semconv:spotlessMiscCheck UP-TO-DATE
2022-05-11T14:59:47.2978765Z > Task :semconv:spotlessCheck UP-TO-DATE
2022-05-11T14:59:47.2979493Z > Task :semconv:test NO-SOURCE
2022-05-11T14:59:47.2982788Z > Task :semconv:check UP-TO-DATE
2022-05-11T14:59:47.2983121Z > Task :semconv:build
2022-05-11T14:59:47.2983542Z > Task :testing-internal:javadoc NO-SOURCE
2022-05-11T14:59:47.2984126Z > Task :testing-internal:javadocJar
2022-05-11T14:59:47.3964432Z > Task :testing-internal:sourcesJar
2022-05-11T14:59:47.3964970Z > Task :testing-internal:assemble
2022-05-11T14:59:47.3965915Z > Task :testing-internal:checkstyleMain FROM-CACHE
2022-05-11T14:59:47.3966691Z > Task :testing-internal:compileTestJava NO-SOURCE
2022-05-11T14:59:47.3967820Z > Task :testing-internal:processTestResources NO-SOURCE
2022-05-11T14:59:47.3968753Z > Task :testing-internal:testClasses UP-TO-DATE
2022-05-11T14:59:47.3969445Z > Task :testing-internal:checkstyleTest NO-SOURCE
2022-05-11T14:59:47.3970201Z > Task :testing-internal:spotlessJava FROM-CACHE
2022-05-11T14:59:47.3970977Z > Task :testing-internal:spotlessJavaCheck UP-TO-DATE
2022-05-11T14:59:47.4991610Z > Task :testing-internal:spotlessKotlinGradle FROM-CACHE
2022-05-11T14:59:47.4992916Z > Task :testing-internal:spotlessKotlinGradleCheck UP-TO-DATE
2022-05-11T14:59:47.4993928Z > Task :testing-internal:spotlessMisc FROM-CACHE
2022-05-11T14:59:47.4995382Z > Task :testing-internal:spotlessMiscCheck UP-TO-DATE
2022-05-11T14:59:47.4996346Z > Task :testing-internal:spotlessCheck UP-TO-DATE
2022-05-11T14:59:47.4997431Z > Task :testing-internal:test NO-SOURCE
2022-05-11T14:59:47.4997971Z > Task :testing-internal:check UP-TO-DATE
2022-05-11T14:59:47.4998414Z > Task :testing-internal:build
2022-05-11T14:59:47.5962222Z > Task :api:all:javadoc FROM-CACHE
2022-05-11T14:59:47.6992464Z > Task :api:all:javadocJar
2022-05-11T14:59:47.7962854Z > Task :api:all:sourcesJar
2022-05-11T14:59:47.7963689Z > Task :api:all:assemble
2022-05-11T14:59:47.7964869Z > Task :api:all:animalsnifferMain FROM-CACHE
2022-05-11T14:59:47.8963049Z > Task :api:all:compileJmhJava FROM-CACHE
2022-05-11T14:59:47.8964008Z > Task :api:all:processJmhResources NO-SOURCE
2022-05-11T14:59:47.8964877Z > Task :api:all:jmhClasses UP-TO-DATE
2022-05-11T14:59:48.0011852Z > Task :api:all:checkstyleJmh FROM-CACHE
2022-05-11T14:59:48.0013037Z > Task :api:all:checkstyleMain FROM-CACHE
2022-05-11T14:59:48.1963547Z > Task :api:all:compileTestJava FROM-CACHE
2022-05-11T14:59:48.1964579Z > Task :api:all:processTestResources NO-SOURCE
2022-05-11T14:59:48.1965491Z > Task :api:all:testClasses UP-TO-DATE
2022-05-11T14:59:48.1967006Z > Task :api:all:checkstyleTest FROM-CACHE
2022-05-11T14:59:48.4962194Z > Task :sdk:metrics:compileJava
2022-05-11T14:59:51.0962491Z > Task :api:all:jApiCmp
2022-05-11T14:59:52.3968858Z > Task :sdk:all:compileJava
2022-05-11T14:59:55.3986310Z > Task :exporters:logging:compileJava
2022-05-11T15:00:01.3961518Z > Task :exporters:prometheus:compileJava
2022-05-11T15:00:05.2962961Z > Task :exporters:zipkin:compileJava
2022-05-11T15:00:08.2962328Z > Task :sdk-extensions:autoconfigure-spi:compileJava
2022-05-11T15:00:12.4966643Z > Task :exporters:jaeger-thrift:compileJava
2022-05-11T15:00:14.9972896Z > Task :exporters:otlp:common:compileJava
2022-05-11T15:00:21.4991927Z > Task :exporters:jaeger:compileJava
2022-05-11T15:00:23.2961741Z > Task :sdk:testing:compileJava
2022-05-11T15:00:25.1963338Z > Task :exporters:otlp:metrics:compileJava
2022-05-11T15:00:26.3962889Z > Task :exporters:otlp:trace:compileJava
2022-05-11T15:00:26.4963817Z > Task :exporters:otlp:all:compileJava NO-SOURCE
2022-05-11T15:00:28.2962441Z > Task :exporters:otlp:logs:compileJava
2022-05-11T15:00:29.2963697Z > Task :exporters:otlp-http:logs:compileJava
2022-05-11T15:00:30.9964249Z > Task :exporters:otlp-http:metrics:compileJava
2022-05-11T15:00:31.5963312Z > Task :exporters:otlp-http:trace:compileJava
2022-05-11T15:00:33.6971134Z > Task :exporters:logging-otlp:compileJava
2022-05-11T15:00:36.5963877Z > Task :sdk:logs-testing:compileJava
2022-05-11T15:00:36.5964790Z > Task :sdk:metrics:processResources NO-SOURCE
2022-05-11T15:00:37.1966285Z > Task :sdk-extensions:autoconfigure:compileJava
2022-05-11T15:00:39.8971305Z > Task :sdk-extensions:jfr-events:compileJava
2022-05-11T15:00:40.6963999Z > Task :extensions:trace-propagators:compileJava
2022-05-11T15:00:42.7962898Z > Task :extensions:aws:compileJava
2022-05-11T15:00:43.4964375Z > Task :sdk-extensions:jaeger-remote-sampler:extractIncludeProto
2022-05-11T15:00:43.4965331Z > Task :sdk-extensions:jaeger-remote-sampler:generateProto FROM-CACHE
2022-05-11T15:00:45.9962424Z > Task :opencensus-shim:compileJava
2022-05-11T15:00:49.4966384Z > Task :sdk-extensions:metric-incubator:compileJava
2022-05-11T15:00:50.3962866Z > Task :sdk-extensions:jaeger-remote-sampler:compileJava
2022-05-11T15:00:52.3962995Z > Task :sdk-extensions:resources:compileJava
2022-05-11T15:00:52.3967901Z > Task :opencensus-shim:classes
2022-05-11T15:00:52.3969093Z > Task :opencensus-shim:jar
2022-05-11T15:00:52.3969776Z > Task :exporters:jaeger:classes
2022-05-11T15:00:52.4967471Z > Task :exporters:jaeger:jar
2022-05-11T15:00:52.4968545Z > Task :exporters:jaeger-thrift:classes
2022-05-11T15:00:52.4969996Z > Task :exporters:jaeger-thrift:jar
2022-05-11T15:00:52.4970502Z > Task :exporters:logging:classes
2022-05-11T15:00:52.4971417Z > Task :exporters:logging:jar
2022-05-11T15:00:52.4972118Z > Task :exporters:logging-otlp:classes
2022-05-11T15:00:52.4972529Z > Task :exporters:logging-otlp:jar
2022-05-11T15:00:52.5963238Z > Task :sdk:metrics:generateVersionResource
2022-05-11T15:00:52.5964793Z > Task :sdk:metrics:classes
2022-05-11T15:00:52.6962900Z > Task :sdk:metrics:jar
2022-05-11T15:00:54.3963898Z > Task :exporters:prometheus:compileModuleJava
2022-05-11T15:00:54.3964482Z > Task :exporters:prometheus:classes
2022-05-11T15:00:54.3965029Z > Task :exporters:prometheus:jar
2022-05-11T15:00:54.3965513Z > Task :exporters:zipkin:classes
2022-05-11T15:00:54.4986716Z > Task :exporters:zipkin:jar
2022-05-11T15:00:54.4987098Z > Task :extensions:aws:classes
2022-05-11T15:00:54.4987389Z > Task :extensions:aws:jar
2022-05-11T15:00:54.4988066Z > Task :extensions:trace-propagators:classes
2022-05-11T15:00:54.4988573Z > Task :extensions:trace-propagators:jar
2022-05-11T15:00:54.4988881Z > Task :sdk:all:classes
2022-05-11T15:00:54.4989162Z > Task :sdk:all:jar
2022-05-11T15:00:54.4989503Z > Task :sdk:logs-testing:classes
2022-05-11T15:00:54.4989868Z > Task :sdk:logs-testing:jar
2022-05-11T15:00:54.4990152Z > Task :sdk:testing:classes
2022-05-11T15:00:54.5964878Z > Task :sdk:testing:jar
2022-05-11T15:00:54.5965904Z > Task :sdk-extensions:autoconfigure:classes
2022-05-11T15:00:54.5966518Z > Task :sdk-extensions:autoconfigure:jar
2022-05-11T15:00:54.5967093Z > Task :sdk-extensions:autoconfigure-spi:classes
2022-05-11T15:00:54.5967719Z > Task :sdk-extensions:autoconfigure-spi:jar
2022-05-11T15:00:54.5968369Z > Task :sdk-extensions:jaeger-remote-sampler:classes
2022-05-11T15:00:54.7009388Z > Task :sdk-extensions:jaeger-remote-sampler:jar
2022-05-11T15:00:54.7009886Z > Task :sdk-extensions:jfr-events:classes
2022-05-11T15:00:54.7010308Z > Task :sdk-extensions:jfr-events:jar
2022-05-11T15:00:54.7010767Z > Task :sdk-extensions:metric-incubator:classes
2022-05-11T15:00:54.7964356Z > Task :sdk-extensions:metric-incubator:jar
2022-05-11T15:00:54.7965343Z > Task :sdk-extensions:resources:classes
2022-05-11T15:00:55.6968946Z > Task :sdk-extensions:zpages:compileJava
2022-05-11T15:00:55.6969740Z > Task :all:compileJava NO-SOURCE
2022-05-11T15:00:55.6970162Z > Task :all:classes UP-TO-DATE
2022-05-11T15:00:55.7963520Z > Task :all:jar
2022-05-11T15:00:55.7964222Z > Task :all:javadoc NO-SOURCE
2022-05-11T15:00:55.7964754Z > Task :all:javadocJar
2022-05-11T15:00:55.7965159Z > Task :all:assemble
2022-05-11T15:00:55.7965681Z > Task :all:checkstyleMain NO-SOURCE
2022-05-11T15:00:57.0965382Z > Task :sdk-extensions:resources:compileJava11Java
2022-05-11T15:00:57.0965937Z > Task :sdk-extensions:resources:java11Classes
2022-05-11T15:00:57.0966772Z > Task :sdk-extensions:resources:jar
2022-05-11T15:00:57.0967494Z > Task :sdk-extensions:zpages:classes
2022-05-11T15:00:57.1972169Z > Task :sdk-extensions:zpages:jar
2022-05-11T15:00:57.1972588Z > Task :exporters:otlp:all:classes
2022-05-11T15:00:57.1973083Z > Task :exporters:otlp:all:jar
2022-05-11T15:00:57.1973494Z > Task :exporters:otlp:common:classes
2022-05-11T15:00:57.2963393Z > Task :exporters:otlp:common:jar
2022-05-11T15:00:57.2963804Z > Task :exporters:otlp:logs:classes
2022-05-11T15:00:57.3962501Z > Task :exporters:otlp:logs:jar
2022-05-11T15:00:57.3962883Z > Task :exporters:otlp:metrics:classes
2022-05-11T15:00:57.3963245Z > Task :exporters:otlp:metrics:jar
2022-05-11T15:00:57.3963590Z > Task :exporters:otlp:trace:classes
2022-05-11T15:00:57.4967375Z > Task :exporters:otlp:trace:jar
2022-05-11T15:00:57.4968643Z > Task :exporters:otlp-http:logs:classes
2022-05-11T15:00:57.4969258Z > Task :exporters:otlp-http:logs:jar
2022-05-11T15:00:57.4969793Z > Task :exporters:otlp-http:metrics:classes
2022-05-11T15:00:57.4970290Z > Task :exporters:otlp-http:metrics:jar
2022-05-11T15:00:57.4970817Z > Task :exporters:otlp-http:trace:classes
2022-05-11T15:00:57.5965774Z > Task :exporters:otlp-http:trace:jar
2022-05-11T15:00:58.3963118Z > Task :all:compileTestJava
2022-05-11T15:00:58.3963803Z > Task :all:testClasses
2022-05-11T15:01:00.6019759Z > Task :integration-tests:compileTestJava
2022-05-11T15:01:00.6021130Z > Task :integration-tests:testClasses
2022-05-11T15:01:02.8976572Z > Task :integration-tests:checkstyleTest
2022-05-11T15:01:02.8977005Z > Task :all:checkstyleTest
2022-05-11T15:01:02.8977599Z > Task :all:test SKIPPED
2022-05-11T15:01:02.8978017Z > Task :all:check
2022-05-11T15:01:02.8978475Z > Task :all:build
2022-05-11T15:01:10.1964507Z > Task :micrometer1-shim:compileTestJava
2022-05-11T15:01:10.1965124Z > Task :micrometer1-shim:testClasses
2022-05-11T15:01:11.6968822Z > Task :micrometer1-shim:checkstyleTest
2022-05-11T15:01:16.7017332Z > Task :integration-tests:test
2022-05-11T15:01:16.7018081Z > Task :integration-tests:check
2022-05-11T15:01:16.7019132Z > Task :integration-tests:build
2022-05-11T15:01:17.2971287Z > Task :micrometer1-shim:compileTestMicrometer15Java
2022-05-11T15:01:17.2972287Z > Task :micrometer1-shim:testMicrometer15Classes
2022-05-11T15:01:18.7961698Z > Task :micrometer1-shim:checkstyleTestMicrometer15
2022-05-11T15:01:23.3962283Z > Task :opencensus-shim:javadoc
2022-05-11T15:01:23.4963025Z > Task :opencensus-shim:javadocJar
2022-05-11T15:01:23.4963940Z > Task :opencensus-shim:assemble
2022-05-11T15:01:24.4963143Z > Task :opencensus-shim:checkstyleMain
2022-05-11T15:01:24.7963558Z > Task :micrometer1-shim:compileTestMicrometer16Java
2022-05-11T15:01:24.7965973Z > Task :micrometer1-shim:testMicrometer16Classes
2022-05-11T15:01:25.9962052Z > Task :micrometer1-shim:checkstyleTestMicrometer16
2022-05-11T15:01:30.8962747Z > Task :opencensus-shim:compileTestJava
2022-05-11T15:01:30.8972437Z > Task :opencensus-shim:testClasses
2022-05-11T15:01:31.7964021Z > Task :opencensus-shim:checkstyleTest
2022-05-11T15:01:39.0987210Z 
2022-05-11T15:01:39.0988238Z > Task :opencensus-shim:test
2022-05-11T15:01:39.0988623Z 
2022-05-11T15:01:39.0989170Z InteroperabilityTest > testParentChildRelationshipsAreExportedCorrectlyForOpenCensusOnly() STANDARD_ERROR
2022-05-11T15:01:39.0990362Z     [Test worker] WARN io.opentelemetry.opencensusshim.OpenTelemetrySpanImpl - OpenTelemetry does not support links added after a span is created.
2022-05-11T15:01:52.3966294Z 
2022-05-11T15:01:52.3967547Z > Task :micrometer1-shim:test
2022-05-11T15:01:58.8962713Z > Task :micrometer1-shim:testMicrometer15
2022-05-11T15:01:59.9963129Z > Task :opencensus-shim:check
2022-05-11T15:01:59.9964303Z > Task :opencensus-shim:build
2022-05-11T15:02:05.0965404Z > Task :micrometer1-shim:testMicrometer16
2022-05-11T15:02:05.0966446Z > Task :micrometer1-shim:check
2022-05-11T15:02:05.0967485Z > Task :micrometer1-shim:build
2022-05-11T15:02:05.0968637Z > Task :perf-harness:compileJava NO-SOURCE
2022-05-11T15:02:05.0969239Z > Task :perf-harness:classes UP-TO-DATE
2022-05-11T15:02:05.0969695Z > Task :perf-harness:jar
2022-05-11T15:02:05.0970120Z > Task :perf-harness:javadoc NO-SOURCE
2022-05-11T15:02:05.0970589Z > Task :perf-harness:javadocJar
2022-05-11T15:02:05.0970997Z > Task :perf-harness:assemble
2022-05-11T15:02:05.0971626Z > Task :perf-harness:checkstyleMain NO-SOURCE
2022-05-11T15:02:07.6963475Z > Task :perf-harness:compileTestJava
2022-05-11T15:02:07.6964427Z > Task :perf-harness:testClasses
2022-05-11T15:02:07.9965477Z > Task :opentracing-shim:compileTestJava
2022-05-11T15:02:07.9965995Z > Task :opentracing-shim:testClasses
2022-05-11T15:02:08.0986847Z > Task :perf-harness:checkstyleTest
2022-05-11T15:02:08.8023858Z > Task :opentracing-shim:checkstyleTest
2022-05-11T15:02:11.7967933Z 
2022-05-11T15:02:11.7968984Z > Task :perf-harness:test
2022-05-11T15:02:11.7969624Z 
2022-05-11T15:02:11.7969925Z Gradle Test Executor 17 STANDARD_ERROR
2022-05-11T15:02:11.7971194Z     [Test worker] WARN org.testcontainers.utility.TestcontainersConfiguration - Attempted to read Testcontainers configuration file at file:/home/runner/.testcontainers.properties but the file was not found. Exception message: FileNotFoundException: /home/runner/.testcontainers.properties (No such file or directory)
2022-05-11T15:02:24.0962260Z 
2022-05-11T15:02:24.0963642Z > Task :opentracing-shim:test
2022-05-11T15:02:24.0964542Z > Task :opentracing-shim:check
2022-05-11T15:02:24.0965185Z > Task :opentracing-shim:build
2022-05-11T15:02:24.2033065Z > Task :api:all:spotlessJava FROM-CACHE
2022-05-11T15:02:24.2109436Z > Task :api:all:spotlessJavaCheck UP-TO-DATE
2022-05-11T15:02:24.2110045Z > Task :api:all:spotlessKotlinGradle FROM-CACHE
2022-05-11T15:02:24.2110593Z > Task :api:all:spotlessKotlinGradleCheck UP-TO-DATE
2022-05-11T15:02:24.2995721Z > Task :api:all:spotlessMisc FROM-CACHE
2022-05-11T15:02:24.3042518Z > Task :api:all:spotlessMiscCheck UP-TO-DATE
2022-05-11T15:02:24.3087454Z > Task :api:all:spotlessCheck UP-TO-DATE
2022-05-11T15:02:24.3963169Z > Task :api:all:test FROM-CACHE
2022-05-11T15:02:24.3963987Z > Task :api:all:check
2022-05-11T15:02:24.3965616Z > Task :api:all:build
2022-05-11T15:02:28.1963378Z > Task :perf-harness:check
2022-05-11T15:02:28.1967493Z > Task :perf-harness:build
2022-05-11T15:02:28.1968994Z > Task :exporters:jaeger-proto:javadoc NO-SOURCE
2022-05-11T15:02:28.1969784Z > Task :exporters:jaeger-proto:javadocJar
2022-05-11T15:02:28.2966960Z > Task :exporters:jaeger-proto:sourcesJar
2022-05-11T15:02:28.2968402Z > Task :exporters:jaeger-proto:assemble
2022-05-11T15:02:28.2970067Z > Task :exporters:jaeger-proto:animalsnifferMain FROM-CACHE
2022-05-11T15:02:28.2971084Z > Task :exporters:jaeger-proto:checkstyleMain NO-SOURCE
2022-05-11T15:02:28.5964343Z > Task :exporters:jaeger-proto:extractIncludeTestProto
2022-05-11T15:02:28.6964054Z > Task :exporters:jaeger-proto:extractTestProto
2022-05-11T15:02:28.6966462Z > Task :exporters:jaeger-proto:generateTestProto NO-SOURCE
2022-05-11T15:02:28.6968020Z > Task :exporters:jaeger-proto:compileTestJava NO-SOURCE
2022-05-11T15:02:28.6969118Z > Task :exporters:jaeger-proto:processTestResources NO-SOURCE
2022-05-11T15:02:28.6970236Z > Task :exporters:jaeger-proto:testClasses UP-TO-DATE
2022-05-11T15:02:28.6974143Z > Task :exporters:jaeger-proto:checkstyleTest NO-SOURCE
2022-05-11T15:02:29.9960735Z > Task :exporters:jaeger:javadoc
2022-05-11T15:02:30.0961723Z > Task :exporters:jaeger:javadocJar
2022-05-11T15:02:30.1961980Z 
2022-05-11T15:02:30.1963686Z > Task :exporters:jaeger:sourcesJar
2022-05-11T15:02:30.1965104Z Execution optimizations have been disabled for task ':exporters:jaeger:sourcesJar' to ensure correctness due to the following reasons:
2022-05-11T15:02:30.1967655Z   - Gradle detected a problem with the following location: '/home/runner/work/opentelemetry-java/opentelemetry-java/exporters/jaeger/build/generated/source/wire'. Reason: Task ':exporters:jaeger:sourcesJar' uses this output of task ':exporters:jaeger:generateMainProtos' without declaring an explicit or implicit dependency. This can lead to incorrect results being produced, depending on what order the tasks are executed. Please refer to https://docs.gradle.org/7.4.2/userguide/validation_problems.html#implicit_dependency for more details about this problem.
2022-05-11T15:02:30.1969315Z 
2022-05-11T15:02:30.1970398Z > Task :exporters:jaeger:assemble
2022-05-11T15:02:30.5964476Z > Task :exporters:jaeger-proto:jApiCmp
2022-05-11T15:02:30.5966151Z > Task :exporters:jaeger-proto:spotlessJava FROM-CACHE
2022-05-11T15:02:30.5967689Z > Task :exporters:jaeger-proto:spotlessJavaCheck UP-TO-DATE
2022-05-11T15:02:30.5968720Z > Task :exporters:jaeger-proto:spotlessKotlinGradle FROM-CACHE
2022-05-11T15:02:30.5969918Z > Task :exporters:jaeger-proto:spotlessKotlinGradleCheck UP-TO-DATE
2022-05-11T15:02:30.6962429Z > Task :exporters:jaeger-proto:spotlessMisc FROM-CACHE
2022-05-11T15:02:30.6964436Z > Task :exporters:jaeger-proto:spotlessMiscCheck UP-TO-DATE
2022-05-11T15:02:30.6965375Z > Task :exporters:jaeger-proto:spotlessCheck UP-TO-DATE
2022-05-11T15:02:30.6966260Z > Task :exporters:jaeger-proto:test NO-SOURCE
2022-05-11T15:02:30.6966879Z > Task :exporters:jaeger-proto:check
2022-05-11T15:02:30.6967606Z > Task :exporters:jaeger-proto:build
2022-05-11T15:02:31.4962332Z > Task :exporters:jaeger:animalsnifferMain
2022-05-11T15:02:32.0961040Z > Task :exporters:jaeger:checkstyleMain
2022-05-11T15:02:36.4962790Z > Task :exporters:jaeger-thrift:javadoc
2022-05-11T15:02:36.5964186Z > Task :exporters:jaeger-thrift:javadocJar
2022-05-11T15:02:36.5965087Z > Task :exporters:jaeger-thrift:sourcesJar
2022-05-11T15:02:36.5966066Z > Task :exporters:jaeger-thrift:assemble
2022-05-11T15:02:37.4962996Z > Task :exporters:jaeger-thrift:animalsnifferMain
2022-05-11T15:02:37.5962588Z > Task :exporters:jaeger:compileTestJava
2022-05-11T15:02:37.5963661Z > Task :exporters:jaeger:processTestResources
2022-05-11T15:02:37.5964445Z > Task :exporters:jaeger:testClasses
2022-05-11T15:02:37.7961920Z > Task :exporters:jaeger-thrift:checkstyleMain
2022-05-11T15:02:38.0998283Z > Task :exporters:jaeger:checkstyleTest
2022-05-11T15:02:39.8963533Z > Task :exporters:jaeger:jApiCmp
2022-05-11T15:02:40.0051430Z > Task :exporters:jaeger:spotlessJava FROM-CACHE
2022-05-11T15:02:40.0052197Z > Task :exporters:jaeger:spotlessJavaCheck UP-TO-DATE
2022-05-11T15:02:40.0052794Z > Task :exporters:jaeger:spotlessKotlinGradle FROM-CACHE
2022-05-11T15:02:40.0053387Z > Task :exporters:jaeger:spotlessKotlinGradleCheck UP-TO-DATE
2022-05-11T15:02:40.0977687Z > Task :exporters:jaeger:spotlessMisc FROM-CACHE
2022-05-11T15:02:40.0978674Z > Task :exporters:jaeger:spotlessMiscCheck UP-TO-DATE
2022-05-11T15:02:40.0979417Z > Task :exporters:jaeger:spotlessCheck UP-TO-DATE
2022-05-11T15:02:42.4964257Z > Task :exporters:jaeger-thrift:compileTestJava
2022-05-11T15:02:42.4966030Z > Task :exporters:jaeger-thrift:processTestResources NO-SOURCE
2022-05-11T15:02:42.4966671Z > Task :exporters:jaeger-thrift:testClasses
2022-05-11T15:02:42.8963348Z > Task :exporters:jaeger-thrift:checkstyleTest
2022-05-11T15:02:44.5963461Z > Task :exporters:jaeger-thrift:jApiCmp
2022-05-11T15:02:44.6963337Z > Task :exporters:jaeger-thrift:spotlessJava FROM-CACHE
2022-05-11T15:02:44.6964335Z > Task :exporters:jaeger-thrift:spotlessJavaCheck UP-TO-DATE
2022-05-11T15:02:44.6965192Z > Task :exporters:jaeger-thrift:spotlessKotlinGradle FROM-CACHE
2022-05-11T15:02:44.6966074Z > Task :exporters:jaeger-thrift:spotlessKotlinGradleCheck UP-TO-DATE
2022-05-11T15:02:44.6966946Z > Task :exporters:jaeger-thrift:spotlessMisc FROM-CACHE
2022-05-11T15:02:44.6967544Z > Task :exporters:jaeger-thrift:spotlessMiscCheck UP-TO-DATE
2022-05-11T15:02:44.7024110Z > Task :exporters:jaeger-thrift:spotlessCheck UP-TO-DATE
2022-05-11T15:03:02.6961843Z > Task :exporters:jaeger:test
2022-05-11T15:03:02.6962199Z > Task :exporters:jaeger:check
2022-05-11T15:03:02.6962513Z > Task :exporters:jaeger:build
2022-05-11T15:03:06.4962194Z > Task :exporters:jaeger-thrift:test
2022-05-11T15:03:06.4963351Z > Task :exporters:jaeger-thrift:check
2022-05-11T15:03:06.4964397Z > Task :exporters:jaeger-thrift:build
2022-05-11T15:03:13.1962015Z > Task :exporters:logging:javadoc
2022-05-11T15:03:13.2963044Z > Task :exporters:logging:javadocJar
2022-05-11T15:03:13.2963776Z > Task :exporters:logging:sourcesJar
2022-05-11T15:03:13.2964284Z > Task :exporters:logging:assemble
2022-05-11T15:03:13.4977092Z > Task :exporters:logging-otlp:javadoc
2022-05-11T15:03:13.4978040Z > Task :exporters:logging-otlp:javadocJar
2022-05-11T15:03:13.4978641Z > Task :exporters:logging-otlp:sourcesJar
2022-05-11T15:03:13.4979234Z > Task :exporters:logging-otlp:assemble
2022-05-11T15:03:13.5963446Z > Task :exporters:logging:animalsnifferMain
2022-05-11T15:03:13.8962522Z > Task :exporters:logging:checkstyleMain
2022-05-11T15:03:13.8967728Z > Task :exporters:logging-otlp:animalsnifferMain
2022-05-11T15:03:14.1963925Z > Task :exporters:logging-otlp:checkstyleMain
2022-05-11T15:03:16.8970474Z > Task :exporters:logging:compileTestJava
2022-05-11T15:03:16.8971817Z > Task :exporters:logging:processTestResources NO-SOURCE
2022-05-11T15:03:16.8972658Z > Task :exporters:logging:testClasses
2022-05-11T15:03:17.0963789Z > Task :exporters:logging-otlp:compileTestJava
2022-05-11T15:03:17.0965106Z > Task :exporters:logging-otlp:processTestResources NO-SOURCE
2022-05-11T15:03:17.0967147Z > Task :exporters:logging-otlp:testClasses
2022-05-11T15:03:17.2962413Z > Task :exporters:logging:checkstyleTest
2022-05-11T15:03:17.3983737Z > Task :exporters:logging-otlp:checkstyleTest
2022-05-11T15:03:17.3986517Z > Task :exporters:logging:spotlessJava FROM-CACHE
2022-05-11T15:03:17.3987862Z > Task :exporters:logging:spotlessJavaCheck UP-TO-DATE
2022-05-11T15:03:17.4963181Z > Task :exporters:logging:spotlessKotlinGradle FROM-CACHE
2022-05-11T15:03:17.4964370Z > Task :exporters:logging:spotlessKotlinGradleCheck UP-TO-DATE
2022-05-11T15:03:17.4965592Z > Task :exporters:logging:spotlessMisc FROM-CACHE
2022-05-11T15:03:17.5031277Z > Task :exporters:logging:spotlessMiscCheck UP-TO-DATE
2022-05-11T15:03:17.5031838Z > Task :exporters:logging:spotlessCheck UP-TO-DATE
2022-05-11T15:03:18.6983579Z > Task :exporters:logging:jApiCmp
2022-05-11T15:03:19.7962793Z > Task :exporters:logging-otlp:jApiCmp
2022-05-11T15:03:19.7963947Z > Task :exporters:logging-otlp:spotlessJava FROM-CACHE
2022-05-11T15:03:19.7964859Z > Task :exporters:logging-otlp:spotlessJavaCheck UP-TO-DATE
2022-05-11T15:03:19.7965604Z > Task :exporters:logging-otlp:spotlessKotlinGradle FROM-CACHE
2022-05-11T15:03:19.7966519Z > Task :exporters:logging-otlp:spotlessKotlinGradleCheck UP-TO-DATE
2022-05-11T15:03:19.8961634Z > Task :exporters:logging-otlp:spotlessMisc FROM-CACHE
2022-05-11T15:03:19.8962765Z > Task :exporters:logging-otlp:spotlessMiscCheck UP-TO-DATE
2022-05-11T15:03:19.8964045Z > Task :exporters:logging-otlp:spotlessCheck UP-TO-DATE
2022-05-11T15:03:21.0965153Z 
2022-05-11T15:03:21.0966204Z > Task :exporters:logging:test
2022-05-11T15:03:21.0966703Z 
2022-05-11T15:03:21.0967224Z SystemOutLogExporterTest > returnCodes() STANDARD_OUT
2022-05-11T15:03:21.0993095Z     2022-05-11T15:03:21.005Z ERROR3 'message' : 00000000000000010000000000000002 0000000000000003 [scopeInfo: logTest:1.0] {amount=1, cheese="cheddar"}
2022-05-11T15:03:21.3963939Z 
2022-05-11T15:03:21.3964592Z > Task :exporters:logging:check
2022-05-11T15:03:21.3965054Z > Task :exporters:logging:build
2022-05-11T15:03:23.8964971Z > Task :exporters:logging-otlp:test
2022-05-11T15:03:23.8965826Z > Task :exporters:logging-otlp:check
2022-05-11T15:03:23.8966265Z > Task :exporters:logging-otlp:build
2022-05-11T15:03:25.7962629Z > Task :exporters:prometheus:javadoc
2022-05-11T15:03:25.8962093Z > Task :exporters:prometheus:javadocJar
2022-05-11T15:03:25.8962559Z > Task :exporters:prometheus:sourcesJar
2022-05-11T15:03:25.8963126Z > Task :exporters:prometheus:assemble
2022-05-11T15:03:26.1965164Z > Task :exporters:prometheus:animalsnifferMain
2022-05-11T15:03:28.6963829Z > Task :exporters:zipkin:javadoc
2022-05-11T15:03:28.8063772Z > Task :exporters:zipkin:javadocJar
2022-05-11T15:03:28.8064451Z > Task :exporters:zipkin:sourcesJar
2022-05-11T15:03:28.8064902Z > Task :exporters:zipkin:assemble
2022-05-11T15:03:29.3011089Z > Task :exporters:zipkin:animalsnifferMain
2022-05-11T15:03:29.8963483Z > Task :exporters:zipkin:checkstyleMain
2022-05-11T15:03:32.0968287Z > Task :exporters:prometheus:compileIntegrationTestJava
2022-05-11T15:03:32.0969421Z > Task :exporters:prometheus:processIntegrationTestResources
2022-05-11T15:03:32.0970338Z > Task :exporters:prometheus:integrationTestClasses
2022-05-11T15:03:32.7963057Z > Task :exporters:prometheus:checkstyleIntegrationTest
2022-05-11T15:03:33.2962888Z > Task :exporters:prometheus:checkstyleMain
2022-05-11T15:03:33.2964189Z > Task :exporters:prometheus:processModuleResources NO-SOURCE
2022-05-11T15:03:33.2964939Z > Task :exporters:prometheus:moduleClasses
2022-05-11T15:03:33.6962357Z > Task :exporters:prometheus:checkstyleModule
2022-05-11T15:03:34.3963021Z > Task :exporters:zipkin:compileTestJava
2022-05-11T15:03:34.3964475Z > Task :exporters:zipkin:processTestResources NO-SOURCE
2022-05-11T15:03:34.3964928Z > Task :exporters:zipkin:testClasses
2022-05-11T15:03:34.7961788Z > Task :exporters:zipkin:checkstyleTest
2022-05-11T15:03:36.2992413Z > Task :exporters:zipkin:jApiCmp
2022-05-11T15:03:36.2993158Z > Task :exporters:zipkin:spotlessJava FROM-CACHE
2022-05-11T15:03:36.2994605Z > Task :exporters:zipkin:spotlessJavaCheck UP-TO-DATE
2022-05-11T15:03:36.3986959Z > Task :exporters:zipkin:spotlessKotlinGradle FROM-CACHE
2022-05-11T15:03:36.3987970Z > Task :exporters:zipkin:spotlessKotlinGradleCheck UP-TO-DATE
2022-05-11T15:03:36.3988823Z > Task :exporters:zipkin:spotlessMisc FROM-CACHE
2022-05-11T15:03:36.3989517Z > Task :exporters:zipkin:spotlessMiscCheck UP-TO-DATE
2022-05-11T15:03:36.3990562Z > Task :exporters:zipkin:spotlessCheck UP-TO-DATE
2022-05-11T15:03:36.9962965Z > Task :exporters:prometheus:compileTestJava
2022-05-11T15:03:36.9964115Z > Task :exporters:prometheus:processTestResources NO-SOURCE
2022-05-11T15:03:36.9964863Z > Task :exporters:prometheus:testClasses
2022-05-11T15:03:37.3962388Z > Task :exporters:prometheus:checkstyleTest
2022-05-11T15:03:39.3962784Z > Task :exporters:prometheus:compileTestJpmsJava
2022-05-11T15:03:39.3963705Z > Task :exporters:prometheus:processTestJpmsResources NO-SOURCE
2022-05-11T15:03:39.3964432Z > Task :exporters:prometheus:testJpmsClasses
2022-05-11T15:03:39.6963104Z > Task :exporters:prometheus:checkstyleTestJpms
2022-05-11T15:04:06.3980030Z > Task :exporters:zipkin:test
2022-05-11T15:04:09.6967069Z > Task :exporters:prometheus:integrationTest
2022-05-11T15:04:21.0964186Z 
2022-05-11T15:04:21.0966661Z > Task :exporters:zipkin:test
2022-05-11T15:04:21.0974485Z 
2022-05-11T15:04:21.0977807Z ZipkinSpanExporterEndToEndHttpTest > testExportAsJsonV1() STANDARD_ERROR
2022-05-11T15:04:21.0980941Z     [OkHttp http://localhost:49168/...] WARN io.opentelemetry.exporter.zipkin.ZipkinSpanExporter - Failed to export spans
2022-05-11T15:04:21.0985649Z     java.lang.RuntimeException: response for null failed: Malformed reading List<Span> from json
2022-05-11T15:04:21.0989857Z     	at zipkin2.reporter.okhttp3.HttpCall.parseResponse(HttpCall.java:93)
2022-05-11T15:04:21.0993617Z     	at zipkin2.reporter.okhttp3.HttpCall$V2CallbackAdapter.onResponse(HttpCall.java:68)
2022-05-11T15:04:21.0996575Z     	at okhttp3.internal.connection.RealCall$AsyncCall.run(RealCall.kt:519)
2022-05-11T15:04:21.1000296Z     	at java.util.concurrent.ThreadPoolExecutor.runWorker(ThreadPoolExecutor.java:1149)
2022-05-11T15:04:21.1001036Z     	at java.util.concurrent.ThreadPoolExecutor$Worker.run(ThreadPoolExecutor.java:624)
2022-05-11T15:04:21.1001563Z     	at java.lang.Thread.run(Thread.java:750)
2022-05-11T15:04:21.1004074Z 
2022-05-11T15:04:21.1004256Z > Task :exporters:zipkin:check
2022-05-11T15:04:21.1005804Z > Task :exporters:zipkin:build
2022-05-11T15:04:21.1969498Z > Task :extensions:annotations:javadoc FROM-CACHE
2022-05-11T15:04:21.1977027Z > Task :extensions:annotations:javadocJar
2022-05-11T15:04:21.1977764Z > Task :extensions:annotations:sourcesJar
2022-05-11T15:04:21.1978693Z > Task :extensions:annotations:assemble
2022-05-11T15:04:21.1979635Z > Task :extensions:annotations:animalsnifferMain FROM-CACHE
2022-05-11T15:04:21.2970005Z > Task :extensions:annotations:checkstyleMain FROM-CACHE
2022-05-11T15:04:21.2971285Z > Task :extensions:annotations:compileTestJava FROM-CACHE
2022-05-11T15:04:21.3964221Z > Task :extensions:annotations:processTestResources NO-SOURCE
2022-05-11T15:04:21.3966209Z > Task :extensions:annotations:testClasses UP-TO-DATE
2022-05-11T15:04:21.3967031Z > Task :extensions:annotations:checkstyleTest FROM-CACHE
2022-05-11T15:04:22.1963190Z > Task :extensions:annotations:jApiCmp
2022-05-11T15:04:22.1964557Z > Task :extensions:annotations:spotlessJava FROM-CACHE
2022-05-11T15:04:22.1965290Z > Task :extensions:annotations:spotlessJavaCheck UP-TO-DATE
2022-05-11T15:04:22.2964912Z > Task :extensions:annotations:spotlessKotlinGradle FROM-CACHE
2022-05-11T15:04:22.2968182Z > Task :extensions:annotations:spotlessKotlinGradleCheck UP-TO-DATE
2022-05-11T15:04:22.2969383Z > Task :extensions:annotations:spotlessMisc FROM-CACHE
2022-05-11T15:04:22.2970228Z > Task :extensions:annotations:spotlessMiscCheck UP-TO-DATE
2022-05-11T15:04:22.2971467Z > Task :extensions:annotations:spotlessCheck UP-TO-DATE
2022-05-11T15:04:22.2972386Z > Task :extensions:annotations:test FROM-CACHE
2022-05-11T15:04:22.2972815Z > Task :extensions:annotations:check
2022-05-11T15:04:22.2973678Z > Task :extensions:annotations:build
2022-05-11T15:04:27.7962125Z > Task :extensions:aws:javadoc
2022-05-11T15:04:27.7963017Z > Task :extensions:aws:javadocJar
2022-05-11T15:04:27.7963673Z > Task :extensions:aws:sourcesJar
2022-05-11T15:04:27.7964613Z > Task :extensions:aws:assemble
2022-05-11T15:04:28.0961820Z > Task :extensions:aws:animalsnifferMain
2022-05-11T15:04:28.3962962Z > Task :extensions:aws:checkstyleMain
2022-05-11T15:04:28.3966082Z > Task :extensions:aws:compileTestJava FROM-CACHE
2022-05-11T15:04:28.3972952Z > Task :extensions:aws:processTestResources NO-SOURCE
2022-05-11T15:04:28.4032836Z > Task :extensions:aws:testClasses UP-TO-DATE
2022-05-11T15:04:28.4969053Z > Task :extensions:aws:checkstyleTest FROM-CACHE
2022-05-11T15:04:28.4970159Z > Task :exporters:prometheus:spotlessJava FROM-CACHE
2022-05-11T15:04:28.4971095Z > Task :exporters:prometheus:spotlessJavaCheck UP-TO-DATE
2022-05-11T15:04:28.4972104Z > Task :exporters:prometheus:spotlessKotlinGradle FROM-CACHE
2022-05-11T15:04:28.5032223Z > Task :exporters:prometheus:spotlessKotlinGradleCheck UP-TO-DATE
2022-05-11T15:04:28.5032897Z > Task :exporters:prometheus:spotlessMisc FROM-CACHE
2022-05-11T15:04:28.5033456Z > Task :exporters:prometheus:spotlessMiscCheck UP-TO-DATE
2022-05-11T15:04:28.5034302Z > Task :exporters:prometheus:spotlessCheck UP-TO-DATE
2022-05-11T15:04:29.5013329Z > Task :extensions:aws:jApiCmp
2022-05-11T15:04:29.5015611Z > Task :extensions:aws:spotlessJava FROM-CACHE
2022-05-11T15:04:29.5016749Z > Task :extensions:aws:spotlessJavaCheck UP-TO-DATE
2022-05-11T15:04:29.5017685Z > Task :extensions:aws:spotlessKotlinGradle FROM-CACHE
2022-05-11T15:04:29.5018730Z > Task :extensions:aws:spotlessKotlinGradleCheck UP-TO-DATE
2022-05-11T15:04:29.5962522Z > Task :extensions:aws:spotlessMisc FROM-CACHE
2022-05-11T15:04:29.5963603Z > Task :extensions:aws:spotlessMiscCheck UP-TO-DATE
2022-05-11T15:04:29.5964573Z > Task :extensions:aws:spotlessCheck UP-TO-DATE
2022-05-11T15:04:29.6961174Z > Task :extensions:aws:test FROM-CACHE
2022-05-11T15:04:29.6962084Z > Task :extensions:aws:check
2022-05-11T15:04:29.6962778Z > Task :extensions:aws:build
2022-05-11T15:04:29.7964791Z > Task :extensions:incubator:javadoc FROM-CACHE
2022-05-11T15:04:29.7965809Z > Task :extensions:incubator:javadocJar
2022-05-11T15:04:29.7966328Z > Task :extensions:incubator:sourcesJar
2022-05-11T15:04:29.7966997Z > Task :extensions:incubator:assemble
2022-05-11T15:04:29.8963117Z > Task :extensions:incubator:animalsnifferMain FROM-CACHE
2022-05-11T15:04:29.8964110Z > Task :extensions:incubator:compileJmhJava FROM-CACHE
2022-05-11T15:04:29.8964757Z > Task :extensions:incubator:processJmhResources NO-SOURCE
2022-05-11T15:04:29.8965524Z > Task :extensions:incubator:jmhClasses UP-TO-DATE
2022-05-11T15:04:29.9962458Z > Task :extensions:incubator:checkstyleJmh FROM-CACHE
2022-05-11T15:04:29.9963352Z > Task :extensions:incubator:checkstyleMain FROM-CACHE
2022-05-11T15:04:33.0962685Z > Task :extensions:incubator:compileTestJava
2022-05-11T15:04:33.0964426Z > Task :extensions:incubator:processTestResources NO-SOURCE
2022-05-11T15:04:33.0965224Z > Task :extensions:incubator:testClasses
2022-05-11T15:04:33.5962298Z > Task :extensions:incubator:checkstyleTest
2022-05-11T15:04:33.6970758Z > Task :extensions:incubator:spotlessJava FROM-CACHE
2022-05-11T15:04:33.6971949Z > Task :extensions:incubator:spotlessJavaCheck UP-TO-DATE
2022-05-11T15:04:33.6972853Z > Task :extensions:incubator:spotlessKotlinGradle FROM-CACHE
2022-05-11T15:04:33.6977353Z > Task :extensions:incubator:spotlessKotlinGradleCheck UP-TO-DATE
2022-05-11T15:04:33.7964558Z > Task :extensions:incubator:spotlessMisc FROM-CACHE
2022-05-11T15:04:33.7965863Z > Task :extensions:incubator:spotlessMiscCheck UP-TO-DATE
2022-05-11T15:04:33.7966764Z > Task :extensions:incubator:spotlessCheck UP-TO-DATE
2022-05-11T15:04:37.7962000Z > Task :extensions:incubator:test
2022-05-11T15:04:37.7963106Z > Task :extensions:incubator:check
2022-05-11T15:04:37.7963909Z > Task :extensions:incubator:build
2022-05-11T15:04:37.7964735Z > Task :extensions:kotlin:javadoc SKIPPED
2022-05-11T15:04:37.7965357Z > Task :extensions:kotlin:javadocJar
2022-05-11T15:04:37.7965789Z > Task :extensions:kotlin:sourcesJar
2022-05-11T15:04:37.7966235Z > Task :extensions:kotlin:assemble
2022-05-11T15:04:37.7967055Z > Task :extensions:kotlin:animalsnifferMain FROM-CACHE
2022-05-11T15:04:37.7984263Z > Task :extensions:kotlin:compileJmhKotlin NO-SOURCE
2022-05-11T15:04:37.7985739Z > Task :extensions:kotlin:compileJmhJava NO-SOURCE
2022-05-11T15:04:37.7987177Z > Task :extensions:kotlin:processJmhResources NO-SOURCE
2022-05-11T15:04:37.7987707Z > Task :extensions:kotlin:jmhClasses UP-TO-DATE
2022-05-11T15:04:37.7988352Z > Task :extensions:kotlin:checkstyleJmh NO-SOURCE
2022-05-11T15:04:37.7988890Z > Task :extensions:kotlin:checkstyleMain FROM-CACHE
2022-05-11T15:04:38.0963359Z > Task :exporters:prometheus:test
2022-05-11T15:04:38.0964522Z > Task :exporters:prometheus:testJpms SKIPPED
2022-05-11T15:04:38.0965640Z > Task :exporters:prometheus:check
2022-05-11T15:04:38.0966828Z > Task :exporters:prometheus:build
2022-05-11T15:04:38.0968433Z > Task :extensions:kotlin:processTestResources NO-SOURCE
2022-05-11T15:04:38.0970014Z > Task :extensions:kotlin:compileTestStrictContextKotlin FROM-CACHE
2022-05-11T15:04:38.0971072Z > Task :extensions:kotlin:compileTestStrictContextJava NO-SOURCE
2022-05-11T15:04:38.0972076Z > Task :extensions:kotlin:processTestStrictContextResources NO-SOURCE
2022-05-11T15:04:38.0973362Z > Task :extensions:kotlin:testStrictContextClasses UP-TO-DATE
2022-05-11T15:04:38.0974524Z > Task :extensions:kotlin:checkstyleTestStrictContext NO-SOURCE
2022-05-11T15:04:39.0963826Z > Task :extensions:kotlin:jApiCmp
2022-05-11T15:04:39.0990505Z > Task :extensions:kotlin:spotlessJava FROM-CACHE
2022-05-11T15:04:39.0991708Z > Task :extensions:kotlin:spotlessJavaCheck UP-TO-DATE
2022-05-11T15:04:39.0992876Z > Task :extensions:kotlin:spotlessKotlin FROM-CACHE
2022-05-11T15:04:39.0994462Z > Task :extensions:kotlin:spotlessKotlinCheck UP-TO-DATE
2022-05-11T15:04:39.0995240Z > Task :extensions:kotlin:spotlessKotlinGradle FROM-CACHE
2022-05-11T15:04:39.0996558Z > Task :extensions:kotlin:spotlessKotlinGradleCheck UP-TO-DATE
2022-05-11T15:04:39.1963610Z > Task :extensions:kotlin:spotlessMisc FROM-CACHE
2022-05-11T15:04:39.1968454Z > Task :extensions:kotlin:spotlessMiscCheck UP-TO-DATE
2022-05-11T15:04:39.1969765Z > Task :extensions:kotlin:spotlessCheck UP-TO-DATE
2022-05-11T15:04:39.1970917Z > Task :extensions:kotlin:testStrictContext FROM-CACHE
2022-05-11T15:04:39.2962274Z > Task :extensions:noop-api:javadoc FROM-CACHE
2022-05-11T15:04:39.2963411Z > Task :extensions:noop-api:javadocJar
2022-05-11T15:04:39.2965031Z > Task :extensions:noop-api:sourcesJar
2022-05-11T15:04:39.2965629Z > Task :extensions:noop-api:assemble
2022-05-11T15:04:39.3964957Z > Task :extensions:noop-api:animalsnifferMain FROM-CACHE
2022-05-11T15:04:39.3965919Z > Task :extensions:noop-api:checkstyleMain FROM-CACHE
2022-05-11T15:04:39.3966499Z > Task :extensions:noop-api:compileTestJava NO-SOURCE
2022-05-11T15:04:39.3967100Z > Task :extensions:noop-api:processTestResources NO-SOURCE
2022-05-11T15:04:39.3967714Z > Task :extensions:noop-api:testClasses UP-TO-DATE
2022-05-11T15:04:39.3968302Z > Task :extensions:noop-api:checkstyleTest NO-SOURCE
2022-05-11T15:04:39.3968820Z > Task :extensions:noop-api:spotlessJava FROM-CACHE
2022-05-11T15:04:39.3969456Z > Task :extensions:noop-api:spotlessJavaCheck UP-TO-DATE
2022-05-11T15:04:39.4963554Z > Task :extensions:noop-api:spotlessKotlinGradle FROM-CACHE
2022-05-11T15:04:39.4965469Z > Task :extensions:noop-api:spotlessKotlinGradleCheck UP-TO-DATE
2022-05-11T15:04:39.4966298Z > Task :extensions:noop-api:spotlessMisc FROM-CACHE
2022-05-11T15:04:39.4967042Z > Task :extensions:noop-api:spotlessMiscCheck UP-TO-DATE
2022-05-11T15:04:39.4967847Z > Task :extensions:noop-api:spotlessCheck UP-TO-DATE
2022-05-11T15:04:39.4968823Z > Task :extensions:noop-api:test NO-SOURCE
2022-05-11T15:04:39.4969596Z > Task :extensions:noop-api:check UP-TO-DATE
2022-05-11T15:04:39.4970256Z > Task :extensions:noop-api:build
2022-05-11T15:04:44.5987394Z > Task :extensions:trace-propagators:javadoc
2022-05-11T15:04:44.5988881Z > Task :extensions:trace-propagators:javadocJar
2022-05-11T15:04:44.6963680Z > Task :extensions:trace-propagators:sourcesJar
2022-05-11T15:04:44.6965016Z > Task :extensions:trace-propagators:assemble
2022-05-11T15:04:45.0962218Z > Task :extensions:trace-propagators:animalsnifferMain
2022-05-11T15:04:48.5996601Z > Task :extensions:trace-propagators:compileJmhJava
2022-05-11T15:04:48.5997953Z > Task :extensions:trace-propagators:processJmhResources NO-SOURCE
2022-05-11T15:04:48.6001844Z > Task :extensions:trace-propagators:jmhClasses
2022-05-11T15:04:49.0962405Z > Task :extensions:trace-propagators:checkstyleJmh
2022-05-11T15:04:49.7967117Z > Task :extensions:trace-propagators:checkstyleMain
2022-05-11T15:04:49.8963044Z > Task :extensions:trace-propagators:compileTestJava FROM-CACHE
2022-05-11T15:04:49.8964220Z > Task :extensions:trace-propagators:processTestResources NO-SOURCE
2022-05-11T15:04:49.8965475Z > Task :extensions:trace-propagators:testClasses UP-TO-DATE
2022-05-11T15:04:49.8966358Z > Task :extensions:trace-propagators:checkstyleTest FROM-CACHE
2022-05-11T15:04:51.4990507Z > Task :extensions:trace-propagators:jApiCmp
2022-05-11T15:04:51.4991584Z > Task :extensions:trace-propagators:spotlessJava FROM-CACHE
2022-05-11T15:04:51.4992525Z > Task :extensions:trace-propagators:spotlessJavaCheck UP-TO-DATE
2022-05-11T15:04:51.5963890Z > Task :extensions:trace-propagators:spotlessKotlinGradle FROM-CACHE
2022-05-11T15:04:51.5965225Z > Task :extensions:trace-propagators:spotlessKotlinGradleCheck UP-TO-DATE
2022-05-11T15:04:51.5966325Z > Task :extensions:trace-propagators:spotlessMisc FROM-CACHE
2022-05-11T15:04:51.5967235Z > Task :extensions:trace-propagators:spotlessMiscCheck UP-TO-DATE
2022-05-11T15:04:51.5968231Z > Task :extensions:trace-propagators:spotlessCheck UP-TO-DATE
2022-05-11T15:04:51.6962362Z > Task :extensions:trace-propagators:test FROM-CACHE
2022-05-11T15:04:51.6963434Z > Task :extensions:trace-propagators:check
2022-05-11T15:04:51.6964254Z > Task :extensions:trace-propagators:build
2022-05-11T15:04:56.9963041Z > Task :integration-tests:otlp:compileJava
2022-05-11T15:04:56.9964026Z > Task :integration-tests:otlp:processResources
2022-05-11T15:04:56.9964811Z > Task :integration-tests:otlp:classes
2022-05-11T15:04:56.9965882Z > Task :integration-tests:otlp:jar
2022-05-11T15:04:56.9966655Z > Task :integration-tests:otlp:javadoc SKIPPED
2022-05-11T15:04:56.9967370Z > Task :integration-tests:otlp:javadocJar
2022-05-11T15:04:56.9968021Z > Task :integration-tests:otlp:sourcesJar
2022-05-11T15:04:56.9968698Z > Task :integration-tests:otlp:assemble
2022-05-11T15:04:57.2962335Z > Task :extensions:kotlin:compileTestKotlin
2022-05-11T15:04:57.2963622Z > Task :extensions:kotlin:compileTestJava NO-SOURCE
2022-05-11T15:04:57.2964485Z > Task :extensions:kotlin:testClasses UP-TO-DATE
2022-05-11T15:04:57.2965386Z > Task :extensions:kotlin:checkstyleTest NO-SOURCE
2022-05-11T15:04:57.5966373Z > Task :integration-tests:otlp:checkstyleMain
2022-05-11T15:04:59.5963852Z > Task :integration-tests:otlp:compileTestJava
2022-05-11T15:04:59.5964928Z > Task :integration-tests:otlp:processTestResources NO-SOURCE
2022-05-11T15:04:59.5965915Z > Task :integration-tests:otlp:testClasses
2022-05-11T15:04:59.9977896Z > Task :integration-tests:otlp:checkstyleTest
2022-05-11T15:04:59.9979464Z > Task :integration-tests:otlp:compileTestGrpcJavaJava FROM-CACHE
2022-05-11T15:04:59.9980662Z > Task :integration-tests:otlp:processTestGrpcJavaResources NO-SOURCE
2022-05-11T15:04:59.9981727Z > Task :integration-tests:otlp:testGrpcJavaClasses UP-TO-DATE
2022-05-11T15:05:00.0976620Z > Task :integration-tests:otlp:checkstyleTestGrpcJava FROM-CACHE
2022-05-11T15:05:00.0977713Z > Task :integration-tests:otlp:spotlessJava FROM-CACHE
2022-05-11T15:05:00.0978601Z > Task :integration-tests:otlp:spotlessJavaCheck UP-TO-DATE
2022-05-11T15:05:00.0979980Z > Task :integration-tests:otlp:spotlessKotlinGradle FROM-CACHE
2022-05-11T15:05:00.0980970Z > Task :integration-tests:otlp:spotlessKotlinGradleCheck UP-TO-DATE
2022-05-11T15:05:00.1984395Z > Task :integration-tests:otlp:spotlessMisc FROM-CACHE
2022-05-11T15:05:00.2001946Z > Task :integration-tests:otlp:spotlessMiscCheck UP-TO-DATE
2022-05-11T15:05:00.2002958Z > Task :integration-tests:otlp:spotlessCheck UP-TO-DATE
2022-05-11T15:05:01.9970875Z > Task :extensions:kotlin:test
2022-05-11T15:05:01.9971711Z > Task :extensions:kotlin:check
2022-05-11T15:05:01.9972345Z > Task :extensions:kotlin:build
2022-05-11T15:05:04.9962452Z > Task :integration-tests:tracecontext:compileJava
2022-05-11T15:05:04.9963941Z > Task :integration-tests:tracecontext:processResources
2022-05-11T15:05:04.9964535Z > Task :integration-tests:tracecontext:classes
2022-05-11T15:05:04.9965081Z > Task :integration-tests:tracecontext:jar
2022-05-11T15:05:10.0967954Z > Task :integration-tests:tracecontext:javadoc
2022-05-11T15:05:10.0969155Z > Task :integration-tests:tracecontext:javadocJar
2022-05-11T15:05:10.0970083Z > Task :integration-tests:tracecontext:sourcesJar
2022-05-11T15:05:10.0970888Z > Task :integration-tests:tracecontext:assemble
2022-05-11T15:05:10.2962339Z > Task :integration-tests:tracecontext:checkstyleMain
2022-05-11T15:05:12.6040981Z > Task :integration-tests:tracecontext:compileTestJava
2022-05-11T15:05:12.6962936Z > Task :integration-tests:tracecontext:processTestResources NO-SOURCE
2022-05-11T15:05:12.6963950Z > Task :integration-tests:tracecontext:testClasses
2022-05-11T15:05:12.8971314Z > Task :integration-tests:tracecontext:checkstyleTest
2022-05-11T15:05:12.9996829Z > Task :integration-tests:tracecontext:spotlessJava FROM-CACHE
2022-05-11T15:05:12.9997779Z > Task :integration-tests:tracecontext:spotlessJavaCheck UP-TO-DATE
2022-05-11T15:05:12.9998664Z > Task :integration-tests:tracecontext:spotlessKotlinGradle FROM-CACHE
2022-05-11T15:05:12.9999685Z > Task :integration-tests:tracecontext:spotlessKotlinGradleCheck UP-TO-DATE
2022-05-11T15:05:13.0000482Z > Task :integration-tests:tracecontext:spotlessMisc FROM-CACHE
2022-05-11T15:05:13.0001206Z > Task :integration-tests:tracecontext:spotlessMiscCheck UP-TO-DATE
2022-05-11T15:05:13.0001776Z > Task :integration-tests:tracecontext:spotlessCheck UP-TO-DATE
2022-05-11T15:05:23.8963111Z > Task :integration-tests:tracecontext:shadowJar
2022-05-11T15:05:25.7962870Z > Task :integration-tests:tracecontext:test
2022-05-11T15:05:25.7964007Z > Task :integration-tests:tracecontext:check
2022-05-11T15:05:25.7964890Z > Task :integration-tests:tracecontext:build
2022-05-11T15:05:28.5962183Z > Task :sdk:all:javadoc
2022-05-11T15:05:28.5963027Z > Task :sdk:all:javadocJar
2022-05-11T15:05:28.5963650Z > Task :sdk:all:sourcesJar
2022-05-11T15:05:28.5964159Z > Task :sdk:all:assemble
2022-05-11T15:05:28.7963610Z > Task :sdk:all:animalsnifferMain
2022-05-11T15:05:28.7965070Z > Task :sdk:all:compileJmhJava NO-SOURCE
2022-05-11T15:05:28.7966237Z > Task :sdk:all:processJmhResources NO-SOURCE
2022-05-11T15:05:28.7967074Z > Task :sdk:all:jmhClasses UP-TO-DATE
2022-05-11T15:05:28.7968199Z > Task :sdk:all:checkstyleJmh NO-SOURCE
2022-05-11T15:05:28.8961779Z > Task :sdk:all:checkstyleMain
2022-05-11T15:05:30.1963555Z > Task :integration-tests:otlp:test
2022-05-11T15:05:30.5963778Z > Task :sdk:all:compileTestJava
2022-05-11T15:05:30.5965587Z > Task :sdk:all:processTestResources NO-SOURCE
2022-05-11T15:05:30.5966427Z > Task :sdk:all:testClasses
2022-05-11T15:05:30.8961738Z > Task :sdk:all:checkstyleTest
2022-05-11T15:05:31.9962757Z > Task :sdk:all:jApiCmp
2022-05-11T15:05:31.9964293Z > Task :sdk:all:spotlessJava FROM-CACHE
2022-05-11T15:05:31.9965141Z > Task :sdk:all:spotlessJavaCheck UP-TO-DATE
2022-05-11T15:05:31.9966301Z > Task :sdk:all:spotlessKotlinGradle FROM-CACHE
2022-05-11T15:05:31.9967856Z > Task :sdk:all:spotlessKotlinGradleCheck UP-TO-DATE
2022-05-11T15:05:31.9968575Z > Task :sdk:all:spotlessMisc FROM-CACHE
2022-05-11T15:05:31.9969041Z > Task :sdk:all:spotlessMiscCheck UP-TO-DATE
2022-05-11T15:05:31.9969809Z > Task :sdk:all:spotlessCheck UP-TO-DATE
2022-05-11T15:05:37.3961916Z > Task :sdk:all:test
2022-05-11T15:05:37.3962644Z > Task :sdk:all:check
2022-05-11T15:05:37.3963195Z > Task :sdk:all:build
2022-05-11T15:05:37.4962704Z > Task :sdk:common:javadoc FROM-CACHE
2022-05-11T15:05:37.4963802Z > Task :sdk:common:javadocJar
2022-05-11T15:05:37.4964248Z > Task :sdk:common:sourcesJar
2022-05-11T15:05:37.4964661Z > Task :sdk:common:assemble
2022-05-11T15:05:37.4965235Z > Task :sdk:common:animalsnifferMain FROM-CACHE
2022-05-11T15:05:37.4965838Z > Task :sdk:common:checkstyleJava9 FROM-CACHE
2022-05-11T15:05:37.4966570Z > Task :sdk:common:checkstyleMain FROM-CACHE
2022-05-11T15:05:40.3962278Z > Task :sdk:common:compileTestJava
2022-05-11T15:05:40.3963808Z > Task :sdk:common:processTestResources NO-SOURCE
2022-05-11T15:05:40.3964523Z > Task :sdk:common:testClasses
2022-05-11T15:05:40.8963550Z > Task :sdk:common:checkstyleTest
2022-05-11T15:05:40.8965325Z > Task :sdk:common:compileTestResourceDisabledByEnvJava NO-SOURCE
2022-05-11T15:05:40.8967023Z > Task :sdk:common:processTestResourceDisabledByEnvResources NO-SOURCE
2022-05-11T15:05:40.8968044Z > Task :sdk:common:testResourceDisabledByEnvClasses UP-TO-DATE
2022-05-11T15:05:40.8969019Z > Task :sdk:common:checkstyleTestResourceDisabledByEnv NO-SOURCE
2022-05-11T15:05:40.8985059Z > Task :sdk:common:compileTestResourceDisabledByPropertyJava NO-SOURCE
2022-05-11T15:05:40.8986215Z > Task :sdk:common:processTestResourceDisabledByPropertyResources NO-SOURCE
2022-05-11T15:05:40.8988515Z > Task :sdk:common:testResourceDisabledByPropertyClasses UP-TO-DATE
2022-05-11T15:05:40.8989238Z > Task :sdk:common:checkstyleTestResourceDisabledByProperty NO-SOURCE
2022-05-11T15:05:41.4995388Z > Task :sdk:common:jApiCmp
2022-05-11T15:05:41.4996435Z > Task :sdk:common:spotlessJava FROM-CACHE
2022-05-11T15:05:41.4998456Z > Task :sdk:common:spotlessJavaCheck UP-TO-DATE
2022-05-11T15:05:41.5963635Z > Task :sdk:common:spotlessKotlinGradle FROM-CACHE
2022-05-11T15:05:41.5964547Z > Task :sdk:common:spotlessKotlinGradleCheck UP-TO-DATE
2022-05-11T15:05:41.5965182Z > Task :sdk:common:spotlessMisc FROM-CACHE
2022-05-11T15:05:41.5965960Z > Task :sdk:common:spotlessMiscCheck UP-TO-DATE
2022-05-11T15:05:41.5966761Z > Task :sdk:common:spotlessCheck UP-TO-DATE
2022-05-11T15:05:44.3963926Z > Task :sdk:common:test
2022-05-11T15:05:44.3967253Z > Task :sdk:common:testResourceDisabledByEnv NO-SOURCE
2022-05-11T15:05:44.4977258Z > Task :sdk:common:testResourceDisabledByProperty NO-SOURCE
2022-05-11T15:05:44.4977845Z > Task :sdk:common:check
2022-05-11T15:05:44.4978353Z > Task :sdk:common:build
2022-05-11T15:05:44.4979084Z > Task :sdk:logs:javadoc FROM-CACHE
2022-05-11T15:05:44.4979517Z > Task :sdk:logs:javadocJar
2022-05-11T15:05:44.4980124Z > Task :sdk:logs:sourcesJar
2022-05-11T15:05:44.4980530Z > Task :sdk:logs:assemble
2022-05-11T15:05:44.4981083Z > Task :sdk:logs:animalsnifferMain FROM-CACHE
2022-05-11T15:05:44.4981660Z > Task :sdk:logs:checkstyleMain FROM-CACHE
2022-05-11T15:05:58.5970880Z > Task :sdk:logs:compileTestJava
2022-05-11T15:05:58.5971677Z > Task :sdk:logs:processTestResources NO-SOURCE
2022-05-11T15:05:58.5972021Z > Task :sdk:logs:testClasses
2022-05-11T15:05:59.4962175Z > Task :sdk:logs:checkstyleTest
2022-05-11T15:05:59.4963089Z > Task :sdk:logs:spotlessJava FROM-CACHE
2022-05-11T15:05:59.5990865Z > Task :sdk:logs:spotlessJavaCheck UP-TO-DATE
2022-05-11T15:05:59.5991564Z > Task :sdk:logs:spotlessKotlinGradle FROM-CACHE
2022-05-11T15:05:59.5992136Z > Task :sdk:logs:spotlessKotlinGradleCheck UP-TO-DATE
2022-05-11T15:05:59.5992673Z > Task :sdk:logs:spotlessMisc FROM-CACHE
2022-05-11T15:05:59.5993546Z > Task :sdk:logs:spotlessMiscCheck UP-TO-DATE
2022-05-11T15:05:59.5994133Z > Task :sdk:logs:spotlessCheck UP-TO-DATE
2022-05-11T15:06:15.4962727Z > Task :sdk:logs:test
2022-05-11T15:06:15.4963262Z > Task :sdk:logs:check
2022-05-11T15:06:15.4963680Z > Task :sdk:logs:build
2022-05-11T15:06:18.8962733Z > Task :sdk:logs-testing:javadoc
2022-05-11T15:06:18.8963461Z > Task :sdk:logs-testing:javadocJar
2022-05-11T15:06:18.8964665Z > Task :sdk:logs-testing:sourcesJar
2022-05-11T15:06:18.8965101Z > Task :sdk:logs-testing:assemble
2022-05-11T15:06:18.9969472Z > Task :sdk:logs-testing:checkstyleMain
2022-05-11T15:06:20.3963448Z > Task :sdk:logs-testing:compileTestJava
2022-05-11T15:06:20.3965005Z > Task :sdk:logs-testing:processTestResources NO-SOURCE
2022-05-11T15:06:20.3966033Z > Task :sdk:logs-testing:testClasses
2022-05-11T15:06:20.5963862Z > Task :sdk:logs-testing:checkstyleTest
2022-05-11T15:06:20.5964627Z > Task :sdk:logs-testing:spotlessJava FROM-CACHE
2022-05-11T15:06:20.5965317Z > Task :sdk:logs-testing:spotlessJavaCheck UP-TO-DATE
2022-05-11T15:06:20.5965867Z > Task :sdk:logs-testing:spotlessKotlinGradle FROM-CACHE
2022-05-11T15:06:20.5966551Z > Task :sdk:logs-testing:spotlessKotlinGradleCheck UP-TO-DATE
2022-05-11T15:06:20.5967233Z > Task :sdk:logs-testing:spotlessMisc FROM-CACHE
2022-05-11T15:06:20.5967908Z > Task :sdk:logs-testing:spotlessMiscCheck UP-TO-DATE
2022-05-11T15:06:20.5969061Z > Task :sdk:logs-testing:spotlessCheck UP-TO-DATE
2022-05-11T15:06:22.7963706Z > Task :sdk:logs-testing:test
2022-05-11T15:06:22.7964451Z > Task :sdk:logs-testing:check
2022-05-11T15:06:22.7964984Z > Task :sdk:logs-testing:build
2022-05-11T15:06:26.1964613Z > Task :integration-tests:otlp:testGrpcJava
2022-05-11T15:06:26.6962469Z > Task :sdk:metrics:javadoc
2022-05-11T15:06:26.7962139Z > Task :sdk:metrics:javadocJar
2022-05-11T15:06:26.8961516Z > Task :sdk:metrics:sourcesJar
2022-05-11T15:06:26.8962444Z > Task :sdk:metrics:assemble
2022-05-11T15:06:27.2961222Z > Task :sdk:metrics:animalsnifferMain
2022-05-11T15:06:29.1963766Z > Task :sdk:metrics:compileDebugEnabledTestJava
2022-05-11T15:06:29.1965190Z > Task :sdk:metrics:processDebugEnabledTestResources NO-SOURCE
2022-05-11T15:06:29.1965886Z > Task :sdk:metrics:debugEnabledTestClasses
2022-05-11T15:06:29.3962783Z > Task :sdk:metrics:checkstyleDebugEnabledTest
2022-05-11T15:06:30.7962597Z > Task :sdk:metrics:compileJmhJava
2022-05-11T15:06:30.7963956Z > Task :sdk:metrics:processJmhResources NO-SOURCE
2022-05-11T15:06:30.7964498Z > Task :sdk:metrics:jmhClasses
2022-05-11T15:06:30.9961668Z > Task :sdk:metrics:checkstyleJmh
2022-05-11T15:06:32.2962117Z > Task :sdk:metrics:checkstyleMain
2022-05-11T15:06:33.8962728Z > Task :sdk:metrics-testing:compileJava
2022-05-11T15:06:47.3962113Z > Task :sdk:metrics:compileTestJava
2022-05-11T15:06:47.3964729Z > Task :sdk:metrics:processTestResources NO-SOURCE
2022-05-11T15:06:47.3965535Z > Task :sdk:metrics:testClasses
2022-05-11T15:06:50.0961752Z > Task :sdk:metrics:checkstyleTest
2022-05-11T15:06:52.4962902Z > Task :sdk:metrics:debugEnabledTest
2022-05-11T15:06:53.1961569Z > Task :sdk:metrics:jApiCmp
2022-05-11T15:06:54.0990532Z > Task :integration-tests:otlp:check
2022-05-11T15:06:54.0992380Z > Task :integration-tests:otlp:build
2022-05-11T15:06:54.1961951Z > Task :sdk:metrics-testing:processResources NO-SOURCE
2022-05-11T15:06:54.1962881Z > Task :sdk:metrics-testing:classes
2022-05-11T15:06:54.1963577Z > Task :sdk:metrics-testing:jar
2022-05-11T15:07:00.3962945Z > Task :sdk:metrics-testing:javadoc
2022-05-11T15:07:00.4962336Z > Task :sdk:metrics-testing:javadocJar
2022-05-11T15:07:00.4963192Z > Task :sdk:metrics-testing:sourcesJar
2022-05-11T15:07:00.4963855Z > Task :sdk:metrics-testing:assemble
2022-05-11T15:07:00.8962469Z > Task :sdk:metrics-testing:checkstyleMain
2022-05-11T15:07:01.3962805Z > Task :sdk:metrics:spotlessJava
2022-05-11T15:07:01.3963646Z > Task :sdk:metrics:spotlessJavaCheck
2022-05-11T15:07:01.3964643Z > Task :sdk:metrics:spotlessKotlinGradle FROM-CACHE
2022-05-11T15:07:01.3965666Z > Task :sdk:metrics:spotlessKotlinGradleCheck UP-TO-DATE
2022-05-11T15:07:01.4980258Z > Task :sdk:metrics:spotlessMisc FROM-CACHE
2022-05-11T15:07:01.4984885Z > Task :sdk:metrics:spotlessMiscCheck UP-TO-DATE
2022-05-11T15:07:01.4985534Z > Task :sdk:metrics:spotlessCheck
2022-05-11T15:07:02.9962412Z > Task :sdk:metrics-testing:compileTestJava
2022-05-11T15:07:02.9963422Z > Task :sdk:metrics-testing:processTestResources NO-SOURCE
2022-05-11T15:07:02.9964825Z > Task :sdk:metrics-testing:testClasses
2022-05-11T15:07:03.3962245Z > Task :sdk:metrics-testing:checkstyleTest
2022-05-11T15:07:03.5962292Z > Task :sdk:metrics-testing:spotlessJava
2022-05-11T15:07:03.5963202Z > Task :sdk:metrics-testing:spotlessJavaCheck
2022-05-11T15:07:03.6963440Z > Task :sdk:metrics-testing:spotlessKotlinGradle FROM-CACHE
2022-05-11T15:07:03.6965009Z > Task :sdk:metrics-testing:spotlessKotlinGradleCheck UP-TO-DATE
2022-05-11T15:07:03.6965801Z > Task :sdk:metrics-testing:spotlessMisc FROM-CACHE
2022-05-11T15:07:03.6966578Z > Task :sdk:metrics-testing:spotlessMiscCheck UP-TO-DATE
2022-05-11T15:07:03.6967183Z > Task :sdk:metrics-testing:spotlessCheck
2022-05-11T15:07:08.0997918Z > Task :sdk:metrics-testing:test
2022-05-11T15:07:08.0999489Z > Task :sdk:metrics-testing:check
2022-05-11T15:07:08.1000472Z > Task :sdk:metrics-testing:build
2022-05-11T15:07:12.9975182Z > Task :sdk:testing:javadoc
2022-05-11T15:07:13.0987540Z > Task :sdk:testing:javadocJar
2022-05-11T15:07:13.0988328Z > Task :sdk:testing:sourcesJar
2022-05-11T15:07:13.0988740Z > Task :sdk:testing:assemble
2022-05-11T15:07:13.4962123Z > Task :sdk:testing:checkstyleMain
2022-05-11T15:07:17.8962462Z > Task :sdk:testing:compileTestJava
2022-05-11T15:07:17.8963808Z > Task :sdk:testing:processTestResources NO-SOURCE
2022-05-11T15:07:17.8964539Z > Task :sdk:testing:testClasses
2022-05-11T15:07:18.6961698Z > Task :sdk:testing:checkstyleTest
2022-05-11T15:07:19.4962266Z > Task :sdk:testing:jApiCmp
2022-05-11T15:07:19.4963408Z > Task :sdk:testing:spotlessJava FROM-CACHE
2022-05-11T15:07:19.4965094Z > Task :sdk:testing:spotlessJavaCheck UP-TO-DATE
2022-05-11T15:07:19.4965764Z > Task :sdk:testing:spotlessKotlinGradle FROM-CACHE
2022-05-11T15:07:19.4966339Z > Task :sdk:testing:spotlessKotlinGradleCheck UP-TO-DATE
2022-05-11T15:07:19.5960961Z > Task :sdk:testing:spotlessMisc FROM-CACHE
2022-05-11T15:07:19.5962195Z > Task :sdk:testing:spotlessMiscCheck UP-TO-DATE
2022-05-11T15:07:19.5962755Z > Task :sdk:testing:spotlessCheck UP-TO-DATE
2022-05-11T15:07:22.5991239Z > Task :sdk:testing:test
2022-05-11T15:07:22.5991857Z > Task :sdk:testing:check
2022-05-11T15:07:22.5992210Z > Task :sdk:testing:build
2022-05-11T15:07:22.5993053Z > Task :sdk:trace:javadoc FROM-CACHE
2022-05-11T15:07:22.6971067Z > Task :sdk:trace:javadocJar
2022-05-11T15:07:22.6972079Z > Task :sdk:trace:sourcesJar
2022-05-11T15:07:22.6972506Z > Task :sdk:trace:assemble
2022-05-11T15:07:22.6973269Z > Task :sdk:trace:animalsnifferMain FROM-CACHE
2022-05-11T15:07:24.7962184Z > Task :sdk:trace:compileJmhJava
2022-05-11T15:07:24.7963127Z > Task :sdk:trace:processJmhResources
2022-05-11T15:07:24.7963501Z > Task :sdk:trace:jmhClasses
2022-05-11T15:07:25.0966128Z > Task :sdk:trace:checkstyleJmh
2022-05-11T15:07:25.0966923Z > Task :sdk:trace:checkstyleMain FROM-CACHE
2022-05-11T15:07:31.3962412Z > Task :sdk:metrics:test
2022-05-11T15:07:44.9965781Z > Task :sdk:trace:compileTestJava
2022-05-11T15:07:44.9968823Z > Task :sdk:trace:processTestResources NO-SOURCE
2022-05-11T15:07:44.9969807Z > Task :sdk:trace:testClasses
2022-05-11T15:07:46.2985943Z > Task :sdk:trace:checkstyleTest
2022-05-11T15:07:46.8960068Z > Task :sdk:trace:jApiCmp
2022-05-11T15:07:46.9962576Z > Task :sdk:trace:spotlessJava FROM-CACHE
2022-05-11T15:07:46.9963617Z > Task :sdk:trace:spotlessJavaCheck UP-TO-DATE
2022-05-11T15:07:46.9964828Z > Task :sdk:trace:spotlessKotlinGradle FROM-CACHE
2022-05-11T15:07:46.9965968Z > Task :sdk:trace:spotlessKotlinGradleCheck UP-TO-DATE
2022-05-11T15:07:46.9966495Z > Task :sdk:trace:spotlessMisc FROM-CACHE
2022-05-11T15:07:46.9966936Z > Task :sdk:trace:spotlessMiscCheck UP-TO-DATE
2022-05-11T15:07:46.9967876Z > Task :sdk:trace:spotlessCheck UP-TO-DATE
2022-05-11T15:08:02.2966989Z 
2022-05-11T15:08:02.2967723Z > Task :sdk:trace:test
2022-05-11T15:08:02.2968066Z 
2022-05-11T15:08:02.2968488Z BatchSpanProcessorTest > exporterThrowsNonRuntimeException() STANDARD_ERROR
2022-05-11T15:08:02.2969809Z     [BatchSpanProcessor_WorkerThread-1] WARN io.opentelemetry.sdk.trace.export.BatchSpanProcessor$Worker - Exporter threw an Exception
2022-05-11T15:08:02.2970980Z     java.lang.Exception: No export for you.
2022-05-11T15:08:02.3963970Z     	at io.opentelemetry.sdk.trace.export.BatchSpanProcessorTest.lambda$exporterThrowsNonRuntimeException$14(BatchSpanProcessorTest.java:514)
2022-05-11T15:08:02.3965260Z     	at org.mockito.internal.stubbing.StubbedInvocationMatcher.answer(StubbedInvocationMatcher.java:42)
2022-05-11T15:08:02.3966113Z     	at org.mockito.internal.handler.MockHandlerImpl.handle(MockHandlerImpl.java:103)
2022-05-11T15:08:02.3966905Z     	at org.mockito.internal.handler.NullResultGuardian.handle(NullResultGuardian.java:29)
2022-05-11T15:08:02.3967774Z     	at org.mockito.internal.handler.InvocationNotifierHandler.handle(InvocationNotifierHandler.java:34)
2022-05-11T15:08:02.3968726Z     	at org.mockito.internal.creation.bytebuddy.MockMethodInterceptor.doIntercept(MockMethodInterceptor.java:82)
2022-05-11T15:08:02.3969690Z     	at org.mockito.internal.creation.bytebuddy.MockMethodInterceptor.doIntercept(MockMethodInterceptor.java:56)
2022-05-11T15:08:02.3970860Z     	at org.mockito.internal.creation.bytebuddy.MockMethodInterceptor$DispatcherDefaultingToRealMethod.interceptAbstract(MockMethodInterceptor.java:161)
2022-05-11T15:08:02.3971822Z     	at io.opentelemetry.sdk.trace.export.SpanExporter$MockitoMock$1885429325.export(Unknown Source)
2022-05-11T15:08:02.3972647Z     	at io.opentelemetry.sdk.trace.export.BatchSpanProcessor$Worker.exportCurrentBatch(BatchSpanProcessor.java:326)
2022-05-11T15:08:02.3973590Z     	at io.opentelemetry.sdk.trace.export.BatchSpanProcessor$Worker.run(BatchSpanProcessor.java:244)
2022-05-11T15:08:02.3974255Z     	at java.lang.Thread.run(Thread.java:750)
2022-05-11T15:08:02.8972603Z     [BatchSpanProcessor_WorkerThread-1] WARN io.opentelemetry.sdk.trace.export.BatchSpanProcessor$Worker - Exporter threw an Exception
2022-05-11T15:08:02.8973858Z     java.lang.Exception: No export for you.
2022-05-11T15:08:02.8974695Z     	at io.opentelemetry.sdk.trace.export.BatchSpanProcessorTest.lambda$exporterThrowsNonRuntimeException$14(BatchSpanProcessorTest.java:514)
2022-05-11T15:08:02.8975691Z     	at org.mockito.internal.stubbing.StubbedInvocationMatcher.answer(StubbedInvocationMatcher.java:42)
2022-05-11T15:08:02.8976908Z     	at org.mockito.internal.handler.MockHandlerImpl.handle(MockHandlerImpl.java:103)
2022-05-11T15:08:02.8977630Z     	at org.mockito.internal.handler.NullResultGuardian.handle(NullResultGuardian.java:29)
2022-05-11T15:08:02.8978407Z     	at org.mockito.internal.handler.InvocationNotifierHandler.handle(InvocationNotifierHandler.java:34)
2022-05-11T15:08:02.8979278Z     	at org.mockito.internal.creation.bytebuddy.MockMethodInterceptor.doIntercept(MockMethodInterceptor.java:82)
2022-05-11T15:08:02.8981210Z     	at org.mockito.internal.creation.bytebuddy.MockMethodInterceptor.doIntercept(MockMethodInterceptor.java:56)
2022-05-11T15:08:02.8982786Z     	at org.mockito.internal.creation.bytebuddy.MockMethodInterceptor$DispatcherDefaultingToRealMethod.interceptAbstract(MockMethodInterceptor.java:161)
2022-05-11T15:08:02.8983668Z     	at io.opentelemetry.sdk.trace.export.SpanExporter$MockitoMock$1885429325.export(Unknown Source)
2022-05-11T15:08:02.8984425Z     	at io.opentelemetry.sdk.trace.export.BatchSpanProcessor$Worker.exportCurrentBatch(BatchSpanProcessor.java:326)
2022-05-11T15:08:02.8985908Z     	at io.opentelemetry.sdk.trace.export.BatchSpanProcessor$Worker.run(BatchSpanProcessor.java:244)
2022-05-11T15:08:02.8986519Z     	at java.lang.Thread.run(Thread.java:750)
2022-05-11T15:08:02.8986772Z 
2022-05-11T15:08:02.8986909Z > Task :sdk:metrics:check
2022-05-11T15:08:02.8987500Z > Task :sdk:metrics:build
2022-05-11T15:08:02.8988082Z > Task :sdk:trace-shaded-deps:jar
2022-05-11T15:08:02.8988576Z > Task :sdk:trace-shaded-deps:javadoc NO-SOURCE
2022-05-11T15:08:02.8989054Z > Task :sdk:trace-shaded-deps:javadocJar
2022-05-11T15:08:02.8989536Z > Task :sdk:trace-shaded-deps:sourcesJar
2022-05-11T15:08:02.8989977Z > Task :sdk:trace-shaded-deps:assemble
2022-05-11T15:08:02.8990668Z > Task :sdk:trace-shaded-deps:checkstyleMain FROM-CACHE
2022-05-11T15:08:02.8991276Z > Task :sdk:trace-shaded-deps:checkstyleTest NO-SOURCE
2022-05-11T15:08:02.9966850Z > Task :sdk:trace-shaded-deps:spotlessJava FROM-CACHE
2022-05-11T15:08:02.9967507Z > Task :sdk:trace-shaded-deps:spotlessJavaCheck UP-TO-DATE
2022-05-11T15:08:02.9970813Z > Task :sdk:trace-shaded-deps:spotlessKotlinGradle FROM-CACHE
2022-05-11T15:08:02.9971451Z > Task :sdk:trace-shaded-deps:spotlessKotlinGradleCheck UP-TO-DATE
2022-05-11T15:08:02.9972015Z > Task :sdk:trace-shaded-deps:spotlessMisc FROM-CACHE
2022-05-11T15:08:02.9972599Z > Task :sdk:trace-shaded-deps:spotlessMiscCheck UP-TO-DATE
2022-05-11T15:08:02.9973155Z > Task :sdk:trace-shaded-deps:spotlessCheck UP-TO-DATE
2022-05-11T15:08:02.9973662Z > Task :sdk:trace-shaded-deps:test NO-SOURCE
2022-05-11T15:08:02.9974343Z > Task :sdk:trace-shaded-deps:check UP-TO-DATE
2022-05-11T15:08:02.9975098Z > Task :sdk:trace-shaded-deps:build
2022-05-11T15:08:05.8961965Z > Task :sdk-extensions:autoconfigure:javadoc
2022-05-11T15:08:05.9962047Z > Task :sdk-extensions:autoconfigure:javadocJar
2022-05-11T15:08:05.9963135Z > Task :sdk-extensions:autoconfigure:sourcesJar
2022-05-11T15:08:05.9964000Z > Task :sdk-extensions:autoconfigure:assemble
2022-05-11T15:08:06.2982789Z > Task :sdk-extensions:autoconfigure:checkstyleMain
2022-05-11T15:08:08.9963025Z 
2022-05-11T15:08:08.9963773Z > Task :sdk:trace:test
2022-05-11T15:08:08.9964178Z 
2022-05-11T15:08:08.9967244Z BatchSpanProcessorTest > shutdownFlushes() STANDARD_ERROR
2022-05-11T15:08:08.9968543Z     [Test worker] WARN io.opentelemetry.sdk.trace.SdkTracerProvider - Calling shutdown() multiple times.
2022-05-11T15:08:12.9961628Z 
2022-05-11T15:08:12.9962592Z > Task :sdk-extensions:autoconfigure:compileTestJava
2022-05-11T15:08:12.9963529Z > Task :sdk-extensions:autoconfigure:processTestResources NO-SOURCE
2022-05-11T15:08:12.9964764Z > Task :sdk-extensions:autoconfigure:testClasses
2022-05-11T15:08:13.5964038Z > Task :sdk-extensions:autoconfigure:checkstyleTest
2022-05-11T15:08:14.4967058Z > Task :sdk-extensions:autoconfigure:compileTestConfigErrorJava
2022-05-11T15:08:14.5962649Z > Task :sdk-extensions:autoconfigure:processTestConfigErrorResources NO-SOURCE
2022-05-11T15:08:14.5965245Z > Task :sdk-extensions:autoconfigure:testConfigErrorClasses
2022-05-11T15:08:14.6961669Z > Task :sdk-extensions:autoconfigure:checkstyleTestConfigError
2022-05-11T15:08:15.8961446Z > Task :sdk:trace:check
2022-05-11T15:08:15.8961856Z > Task :sdk:trace:build
2022-05-11T15:08:20.0961444Z > Task :sdk-extensions:autoconfigure:compileTestFullConfigJava
2022-05-11T15:08:20.0962605Z > Task :sdk-extensions:autoconfigure:processTestFullConfigResources
2022-05-11T15:08:20.0963644Z > Task :sdk-extensions:autoconfigure:testFullConfigClasses
2022-05-11T15:08:20.7967225Z > Task :sdk-extensions:autoconfigure:checkstyleTestFullConfig
2022-05-11T15:08:20.7968905Z > Task :sdk-extensions:autoconfigure-spi:javadoc
2022-05-11T15:08:20.7969988Z > Task :sdk-extensions:autoconfigure-spi:javadocJar
2022-05-11T15:08:20.8961742Z > Task :sdk-extensions:autoconfigure-spi:sourcesJar
2022-05-11T15:08:20.8962652Z > Task :sdk-extensions:autoconfigure-spi:assemble
2022-05-11T15:08:20.9962917Z > Task :sdk-extensions:autoconfigure-spi:checkstyleMain
2022-05-11T15:08:20.9963532Z > Task :sdk-extensions:autoconfigure-spi:compileTestJava NO-SOURCE
2022-05-11T15:08:20.9964653Z > Task :sdk-extensions:autoconfigure-spi:processTestResources NO-SOURCE
2022-05-11T15:08:20.9965554Z > Task :sdk-extensions:autoconfigure-spi:testClasses UP-TO-DATE
2022-05-11T15:08:21.0083399Z > Task :sdk-extensions:autoconfigure-spi:checkstyleTest NO-SOURCE
2022-05-11T15:08:22.0987279Z > Task :sdk-extensions:autoconfigure-spi:jApiCmp
2022-05-11T15:08:22.0987901Z > Task :sdk-extensions:autoconfigure-spi:spotlessJava FROM-CACHE
2022-05-11T15:08:22.0988424Z > Task :sdk-extensions:autoconfigure-spi:spotlessJavaCheck UP-TO-DATE
2022-05-11T15:08:22.0988938Z > Task :sdk-extensions:autoconfigure-spi:spotlessKotlinGradle FROM-CACHE
2022-05-11T15:08:22.0989645Z > Task :sdk-extensions:autoconfigure-spi:spotlessKotlinGradleCheck UP-TO-DATE
2022-05-11T15:08:22.0990157Z > Task :sdk-extensions:autoconfigure-spi:spotlessMisc FROM-CACHE
2022-05-11T15:08:22.0990670Z > Task :sdk-extensions:autoconfigure-spi:spotlessMiscCheck UP-TO-DATE
2022-05-11T15:08:22.0991159Z > Task :sdk-extensions:autoconfigure-spi:spotlessCheck UP-TO-DATE
2022-05-11T15:08:22.0991641Z > Task :sdk-extensions:autoconfigure-spi:test NO-SOURCE
2022-05-11T15:08:22.0992081Z > Task :sdk-extensions:autoconfigure-spi:check
2022-05-11T15:08:22.0992486Z > Task :sdk-extensions:autoconfigure-spi:build
2022-05-11T15:08:22.3962966Z > Task :sdk-extensions:autoconfigure:compileTestInitializeRegistersGlobalJava
2022-05-11T15:08:22.3963751Z > Task :sdk-extensions:autoconfigure:processTestInitializeRegistersGlobalResources NO-SOURCE
2022-05-11T15:08:22.3964421Z > Task :sdk-extensions:autoconfigure:testInitializeRegistersGlobalClasses
2022-05-11T15:08:22.4986982Z > Task :sdk-extensions:autoconfigure:checkstyleTestInitializeRegistersGlobal
2022-05-11T15:08:24.1972091Z > Task :sdk-extensions:autoconfigure:compileTestJaegerJava
2022-05-11T15:08:24.1973706Z > Task :sdk-extensions:autoconfigure:processTestJaegerResources NO-SOURCE
2022-05-11T15:08:24.1974505Z > Task :sdk-extensions:autoconfigure:testJaegerClasses
2022-05-11T15:08:24.4961871Z > Task :sdk-extensions:autoconfigure:checkstyleTestJaeger
2022-05-11T15:08:25.2963078Z > Task :sdk-extensions:aws:compileJava
2022-05-11T15:08:25.2964019Z > Task :sdk-extensions:aws:generateVersionResource
2022-05-11T15:08:25.2964670Z > Task :sdk-extensions:aws:processResources
2022-05-11T15:08:25.2965183Z > Task :sdk-extensions:aws:classes
2022-05-11T15:08:25.3962392Z > Task :sdk-extensions:aws:jar
2022-05-11T15:08:27.8963106Z > Task :sdk-extensions:autoconfigure:compileTestOtlpGrpcJava
2022-05-11T15:08:27.8964238Z > Task :sdk-extensions:autoconfigure:processTestOtlpGrpcResources NO-SOURCE
2022-05-11T15:08:27.8965123Z > Task :sdk-extensions:autoconfigure:testOtlpGrpcClasses
2022-05-11T15:08:28.2962307Z > Task :sdk-extensions:autoconfigure:checkstyleTestOtlpGrpc
2022-05-11T15:08:30.5963000Z > Task :sdk-extensions:aws:javadoc
2022-05-11T15:08:30.5963996Z > Task :sdk-extensions:aws:javadocJar
2022-05-11T15:08:30.5964762Z > Task :sdk-extensions:aws:sourcesJar
2022-05-11T15:08:30.5965545Z > Task :sdk-extensions:aws:assemble
2022-05-11T15:08:31.6962606Z > Task :sdk-extensions:autoconfigure:compileTestOtlpHttpJava
2022-05-11T15:08:31.6964144Z > Task :sdk-extensions:autoconfigure:processTestOtlpHttpResources NO-SOURCE
2022-05-11T15:08:31.6965109Z > Task :sdk-extensions:autoconfigure:testOtlpHttpClasses
2022-05-11T15:08:32.0972336Z > Task :sdk-extensions:autoconfigure:checkstyleTestOtlpHttp
2022-05-11T15:08:32.3962251Z > Task :sdk-extensions:aws:compileJmhJava
2022-05-11T15:08:32.3963242Z > Task :sdk-extensions:aws:processJmhResources NO-SOURCE
2022-05-11T15:08:32.3964250Z > Task :sdk-extensions:aws:jmhClasses
2022-05-11T15:08:32.4981841Z > Task :sdk-extensions:aws:checkstyleJmh
2022-05-11T15:08:32.7965160Z > Task :sdk-extensions:aws:checkstyleMain
2022-05-11T15:08:34.5961371Z > Task :sdk-extensions:autoconfigure:compileTestPrometheusJava
2022-05-11T15:08:34.5962524Z > Task :sdk-extensions:autoconfigure:processTestPrometheusResources NO-SOURCE
2022-05-11T15:08:34.5963419Z > Task :sdk-extensions:autoconfigure:testPrometheusClasses
2022-05-11T15:08:34.7967155Z > Task :sdk-extensions:autoconfigure:checkstyleTestPrometheus
2022-05-11T15:08:34.7968575Z > Task :sdk-extensions:autoconfigure:compileTestResourceDisabledByEnvJava NO-SOURCE
2022-05-11T15:08:34.7970049Z > Task :sdk-extensions:autoconfigure:processTestResourceDisabledByEnvResources NO-SOURCE
2022-05-11T15:08:34.7971119Z > Task :sdk-extensions:autoconfigure:testResourceDisabledByEnvClasses UP-TO-DATE
2022-05-11T15:08:34.7972092Z > Task :sdk-extensions:autoconfigure:checkstyleTestResourceDisabledByEnv NO-SOURCE
2022-05-11T15:08:34.7973049Z > Task :sdk-extensions:autoconfigure:compileTestResourceDisabledByPropertyJava NO-SOURCE
2022-05-11T15:08:34.7974309Z > Task :sdk-extensions:autoconfigure:processTestResourceDisabledByPropertyResources NO-SOURCE
2022-05-11T15:08:34.7975329Z > Task :sdk-extensions:autoconfigure:testResourceDisabledByPropertyClasses UP-TO-DATE
2022-05-11T15:08:34.7976296Z > Task :sdk-extensions:autoconfigure:checkstyleTestResourceDisabledByProperty NO-SOURCE
2022-05-11T15:08:36.1964590Z > Task :sdk-extensions:aws:compileTestJava
2022-05-11T15:08:36.2962393Z > Task :sdk-extensions:aws:processTestResources
2022-05-11T15:08:36.2963495Z > Task :sdk-extensions:aws:testClasses
2022-05-11T15:08:36.5962539Z > Task :sdk-extensions:aws:checkstyleTest
2022-05-11T15:08:36.7990986Z > Task :sdk-extensions:autoconfigure:compileTestZipkinJava
2022-05-11T15:08:36.7992250Z > Task :sdk-extensions:autoconfigure:processTestZipkinResources NO-SOURCE
2022-05-11T15:08:36.7993736Z > Task :sdk-extensions:autoconfigure:testZipkinClasses
2022-05-11T15:08:37.0964098Z > Task :sdk-extensions:autoconfigure:checkstyleTestZipkin
2022-05-11T15:08:37.0965806Z > Task :sdk-extensions:autoconfigure:spotlessJava FROM-CACHE
2022-05-11T15:08:37.0966970Z > Task :sdk-extensions:autoconfigure:spotlessJavaCheck UP-TO-DATE
2022-05-11T15:08:37.1962441Z > Task :sdk-extensions:autoconfigure:spotlessKotlinGradle FROM-CACHE
2022-05-11T15:08:37.1963878Z > Task :sdk-extensions:autoconfigure:spotlessKotlinGradleCheck UP-TO-DATE
2022-05-11T15:08:37.1965200Z > Task :sdk-extensions:autoconfigure:spotlessMisc FROM-CACHE
2022-05-11T15:08:37.1965926Z > Task :sdk-extensions:autoconfigure:spotlessMiscCheck UP-TO-DATE
2022-05-11T15:08:37.1967101Z > Task :sdk-extensions:autoconfigure:spotlessCheck UP-TO-DATE
2022-05-11T15:08:37.2962042Z > Task :sdk-extensions:aws:jApiCmp
2022-05-11T15:08:37.2963017Z > Task :sdk-extensions:aws:spotlessJava FROM-CACHE
2022-05-11T15:08:37.2963905Z > Task :sdk-extensions:aws:spotlessJavaCheck UP-TO-DATE
2022-05-11T15:08:37.3961778Z > Task :sdk-extensions:aws:spotlessKotlinGradle FROM-CACHE
2022-05-11T15:08:37.3962929Z > Task :sdk-extensions:aws:spotlessKotlinGradleCheck UP-TO-DATE
2022-05-11T15:08:37.3963698Z > Task :sdk-extensions:aws:spotlessMisc FROM-CACHE
2022-05-11T15:08:37.3964477Z > Task :sdk-extensions:aws:spotlessMiscCheck UP-TO-DATE
2022-05-11T15:08:37.3965638Z > Task :sdk-extensions:aws:spotlessCheck UP-TO-DATE
2022-05-11T15:08:47.0962142Z > Task :sdk-extensions:autoconfigure:test
2022-05-11T15:08:53.9962168Z > Task :sdk-extensions:autoconfigure:testConfigError
2022-05-11T15:08:57.9969955Z > Task :sdk-extensions:aws:test
2022-05-11T15:08:57.9970920Z > Task :sdk-extensions:aws:check
2022-05-11T15:08:57.9971591Z > Task :sdk-extensions:aws:build
2022-05-11T15:09:03.9961759Z > Task :sdk-extensions:jaeger-remote-sampler:javadoc
2022-05-11T15:09:03.9962935Z > Task :sdk-extensions:jaeger-remote-sampler:javadocJar
2022-05-11T15:09:04.0962235Z 
2022-05-11T15:09:04.0963516Z > Task :sdk-extensions:jaeger-remote-sampler:sourcesJar
2022-05-11T15:09:04.0967498Z Execution optimizations have been disabled for task ':sdk-extensions:jaeger-remote-sampler:sourcesJar' to ensure correctness due to the following reasons:
2022-05-11T15:09:04.0970319Z   - Gradle detected a problem with the following location: '/home/runner/work/opentelemetry-java/opentelemetry-java/sdk-extensions/jaeger-remote-sampler/build/generated/source/wire'. Reason: Task ':sdk-extensions:jaeger-remote-sampler:sourcesJar' uses this output of task ':sdk-extensions:jaeger-remote-sampler:generateMainProtos' without declaring an explicit or implicit dependency. This can lead to incorrect results being produced, depending on what order the tasks are executed. Please refer to https://docs.gradle.org/7.4.2/userguide/validation_problems.html#implicit_dependency for more details about this problem.
2022-05-11T15:09:04.0971800Z 
2022-05-11T15:09:04.1065393Z > Task :sdk-extensions:jaeger-remote-sampler:assemble
2022-05-11T15:09:05.3962094Z > Task :sdk-extensions:jaeger-remote-sampler:animalsnifferMain
2022-05-11T15:09:05.9961798Z > Task :sdk-extensions:jaeger-remote-sampler:checkstyleMain
2022-05-11T15:09:07.9962018Z > Task :sdk-extensions:jaeger-remote-sampler:extractIncludeTestProto
2022-05-11T15:09:08.0962425Z > Task :sdk-extensions:jaeger-remote-sampler:extractTestProto
2022-05-11T15:09:08.0963612Z > Task :sdk-extensions:jaeger-remote-sampler:generateTestProto NO-SOURCE
2022-05-11T15:09:12.1962704Z > Task :sdk-extensions:autoconfigure:testFullConfig
2022-05-11T15:09:12.1963744Z > Task :sdk-extensions:jaeger-remote-sampler:compileTestJava
2022-05-11T15:09:12.1964930Z > Task :sdk-extensions:jaeger-remote-sampler:processTestResources
2022-05-11T15:09:12.1965589Z > Task :sdk-extensions:jaeger-remote-sampler:testClasses
2022-05-11T15:09:12.3961883Z > Task :sdk-extensions:jaeger-remote-sampler:checkstyleTest
2022-05-11T15:09:14.0976080Z > Task :sdk-extensions:jaeger-remote-sampler:extractIncludeTestGrpcNettyProto
2022-05-11T15:09:14.0977372Z > Task :sdk-extensions:jaeger-remote-sampler:extractTestGrpcNettyProto
2022-05-11T15:09:14.0978257Z > Task :sdk-extensions:jaeger-remote-sampler:generateTestGrpcNettyProto NO-SOURCE
2022-05-11T15:09:15.9961590Z > Task :sdk-extensions:autoconfigure:testInitializeRegistersGlobal
2022-05-11T15:09:17.3966205Z > Task :sdk-extensions:jaeger-remote-sampler:compileTestGrpcNettyJava
2022-05-11T15:09:17.3967196Z > Task :sdk-extensions:jaeger-remote-sampler:processTestGrpcNettyResources NO-SOURCE
2022-05-11T15:09:17.3967849Z > Task :sdk-extensions:jaeger-remote-sampler:testGrpcNettyClasses
2022-05-11T15:09:17.6961677Z > Task :sdk-extensions:jaeger-remote-sampler:checkstyleTestGrpcNetty
2022-05-11T15:09:19.2969882Z > Task :sdk-extensions:jaeger-remote-sampler:jApiCmp
2022-05-11T15:09:19.2970862Z > Task :sdk-extensions:jaeger-remote-sampler:spotlessJava FROM-CACHE
2022-05-11T15:09:19.2971699Z > Task :sdk-extensions:jaeger-remote-sampler:spotlessJavaCheck UP-TO-DATE
2022-05-11T15:09:19.3962385Z > Task :sdk-extensions:jaeger-remote-sampler:spotlessKotlinGradle FROM-CACHE
2022-05-11T15:09:19.3963476Z > Task :sdk-extensions:jaeger-remote-sampler:spotlessKotlinGradleCheck UP-TO-DATE
2022-05-11T15:09:19.3965233Z > Task :sdk-extensions:jaeger-remote-sampler:spotlessMisc FROM-CACHE
2022-05-11T15:09:19.3966516Z > Task :sdk-extensions:jaeger-remote-sampler:spotlessMiscCheck UP-TO-DATE
2022-05-11T15:09:19.3967959Z > Task :sdk-extensions:jaeger-remote-sampler:spotlessCheck UP-TO-DATE
2022-05-11T15:09:31.3962598Z > Task :sdk-extensions:autoconfigure:testJaeger
2022-05-11T15:09:33.7964899Z 
2022-05-11T15:09:33.7966360Z > Task :sdk-extensions:jaeger-remote-sampler:test
2022-05-11T15:09:33.7966915Z 
2022-05-11T15:09:33.7968160Z JaegerRemoteSamplerProviderTest > serviceNameInAttributeProperties() STANDARD_ERROR
2022-05-11T15:09:33.7970299Z     [JaegerRemoteSampler_WorkerThread-1] ERROR io.opentelemetry.sdk.extension.trace.jaeger.sampler.OkHttpGrpcService - Failed to execute remoteSamplings. The request could not be executed. Full error message: Failed to connect to localhost/0:0:0:0:0:0:0:1:9999
2022-05-11T15:09:33.7972239Z     [JaegerRemoteSampler_WorkerThread-1] ERROR io.opentelemetry.sdk.extension.trace.jaeger.sampler.OkHttpGrpcService - Failed to execute remoteSamplings. The request could not be executed. Full error message: Failed to connect to localhost/0:0:0:0:0:0:0:1:14250
2022-05-11T15:09:44.1961530Z 
2022-05-11T15:09:44.1962633Z JaegerRemoteSamplerTest STANDARD_ERROR
2022-05-11T15:09:44.1964441Z     [JaegerRemoteSampler_WorkerThread-1] ERROR io.opentelemetry.sdk.extension.trace.jaeger.sampler.OkHttpGrpcService - Failed to execute remoteSamplings. The request could not be executed. Full error message: Canceled
2022-05-11T15:09:55.3961868Z 
2022-05-11T15:09:55.3963500Z > Task :sdk-extensions:jaeger-remote-sampler:testGrpcNetty
2022-05-11T15:09:55.3964955Z > Task :sdk-extensions:jaeger-remote-sampler:check
2022-05-11T15:09:55.3965937Z > Task :sdk-extensions:jaeger-remote-sampler:build
2022-05-11T15:09:55.7961822Z 
2022-05-11T15:09:55.7963388Z > Task :sdk-extensions:autoconfigure:testOtlpGrpc
2022-05-11T15:09:55.7964299Z 
2022-05-11T15:09:55.7965529Z OtlpGrpcRetryTest STANDARD_ERROR
2022-05-11T15:09:55.7966982Z     [grpc-default-executor-2] ERROR io.opentelemetry.exporter.internal.grpc.DefaultGrpcExporter - Failed to export metrics. Server is UNAVAILABLE. Make sure your collector is running and reachable from this network. Full error message:io exception
2022-05-11T15:09:58.2961941Z 
2022-05-11T15:09:58.2963127Z > Task :sdk-extensions:jfr-events:javadoc
2022-05-11T15:09:58.2963882Z > Task :sdk-extensions:jfr-events:javadocJar
2022-05-11T15:09:58.2964416Z > Task :sdk-extensions:jfr-events:sourcesJar
2022-05-11T15:09:58.2964915Z > Task :sdk-extensions:jfr-events:assemble
2022-05-11T15:09:58.3969497Z > Task :sdk-extensions:jfr-events:checkstyleMain
2022-05-11T15:09:59.5969412Z > Task :sdk-extensions:jfr-events:compileTestJava
2022-05-11T15:09:59.5970208Z > Task :sdk-extensions:jfr-events:processTestResources NO-SOURCE
2022-05-11T15:09:59.5970777Z > Task :sdk-extensions:jfr-events:testClasses
2022-05-11T15:09:59.8986058Z > Task :sdk-extensions:jfr-events:checkstyleTest
2022-05-11T15:09:59.8987702Z > Task :sdk-extensions:jfr-events:spotlessJava FROM-CACHE
2022-05-11T15:09:59.8988374Z > Task :sdk-extensions:jfr-events:spotlessJavaCheck UP-TO-DATE
2022-05-11T15:09:59.8989014Z > Task :sdk-extensions:jfr-events:spotlessKotlinGradle FROM-CACHE
2022-05-11T15:09:59.8989661Z > Task :sdk-extensions:jfr-events:spotlessKotlinGradleCheck UP-TO-DATE
2022-05-11T15:09:59.8990263Z > Task :sdk-extensions:jfr-events:spotlessMisc FROM-CACHE
2022-05-11T15:09:59.8991014Z > Task :sdk-extensions:jfr-events:spotlessMiscCheck UP-TO-DATE
2022-05-11T15:09:59.8991599Z > Task :sdk-extensions:jfr-events:spotlessCheck UP-TO-DATE
2022-05-11T15:09:59.8992123Z > Task :sdk-extensions:jfr-events:test SKIPPED
2022-05-11T15:09:59.8992623Z > Task :sdk-extensions:jfr-events:check
2022-05-11T15:09:59.8993092Z > Task :sdk-extensions:jfr-events:build
2022-05-11T15:10:02.2961644Z > Task :sdk-extensions:metric-incubator:javadoc
2022-05-11T15:10:02.2963100Z > Task :sdk-extensions:metric-incubator:javadocJar
2022-05-11T15:10:02.2963945Z > Task :sdk-extensions:metric-incubator:sourcesJar
2022-05-11T15:10:02.2964875Z > Task :sdk-extensions:metric-incubator:assemble
2022-05-11T15:10:02.3961527Z > Task :sdk-extensions:metric-incubator:checkstyleMain
2022-05-11T15:10:03.9962795Z > Task :sdk-extensions:metric-incubator:compileTestJava
2022-05-11T15:10:04.0961679Z > Task :sdk-extensions:metric-incubator:processTestResources
2022-05-11T15:10:04.0962795Z > Task :sdk-extensions:metric-incubator:testClasses
2022-05-11T15:10:04.2966660Z > Task :sdk-extensions:metric-incubator:checkstyleTest
2022-05-11T15:10:04.2967845Z > Task :sdk-extensions:metric-incubator:spotlessJava FROM-CACHE
2022-05-11T15:10:04.2969061Z > Task :sdk-extensions:metric-incubator:spotlessJavaCheck UP-TO-DATE
2022-05-11T15:10:04.2969740Z > Task :sdk-extensions:metric-incubator:spotlessKotlinGradle FROM-CACHE
2022-05-11T15:10:04.2970407Z > Task :sdk-extensions:metric-incubator:spotlessKotlinGradleCheck UP-TO-DATE
2022-05-11T15:10:04.2971102Z > Task :sdk-extensions:metric-incubator:spotlessMisc FROM-CACHE
2022-05-11T15:10:04.2978637Z > Task :sdk-extensions:metric-incubator:spotlessMiscCheck UP-TO-DATE
2022-05-11T15:10:04.2979430Z > Task :sdk-extensions:metric-incubator:spotlessCheck UP-TO-DATE
2022-05-11T15:10:09.5962291Z > Task :sdk-extensions:metric-incubator:test
2022-05-11T15:10:09.5963222Z > Task :sdk-extensions:metric-incubator:check
2022-05-11T15:10:09.5964008Z > Task :sdk-extensions:metric-incubator:build
2022-05-11T15:10:12.0961897Z > Task :sdk-extensions:resources:javadoc
2022-05-11T15:10:12.0962474Z > Task :sdk-extensions:resources:javadocJar
2022-05-11T15:10:12.0962953Z > Task :sdk-extensions:resources:sourcesJar
2022-05-11T15:10:12.0963740Z > Task :sdk-extensions:resources:assemble
2022-05-11T15:10:12.2962245Z > Task :sdk-extensions:resources:animalsnifferMain
2022-05-11T15:10:12.3976916Z > Task :sdk-extensions:resources:checkstyleJava11
2022-05-11T15:10:12.5962810Z > Task :sdk-extensions:resources:checkstyleMain
2022-05-11T15:10:12.5963458Z > Task :sdk-extensions:resources:compileTestJava FROM-CACHE
2022-05-11T15:10:12.5964807Z > Task :sdk-extensions:resources:processTestResources NO-SOURCE
2022-05-11T15:10:12.5965429Z > Task :sdk-extensions:resources:testClasses UP-TO-DATE
2022-05-11T15:10:12.5966130Z > Task :sdk-extensions:resources:checkstyleTest FROM-CACHE
2022-05-11T15:10:13.2965871Z > Task :sdk-extensions:resources:jApiCmp
2022-05-11T15:10:13.2966719Z > Task :sdk-extensions:resources:spotlessJava FROM-CACHE
2022-05-11T15:10:13.2967306Z > Task :sdk-extensions:resources:spotlessJavaCheck UP-TO-DATE
2022-05-11T15:10:13.2967903Z > Task :sdk-extensions:resources:spotlessKotlinGradle FROM-CACHE
2022-05-11T15:10:13.2968886Z > Task :sdk-extensions:resources:spotlessKotlinGradleCheck UP-TO-DATE
2022-05-11T15:10:13.2969483Z > Task :sdk-extensions:resources:spotlessMisc FROM-CACHE
2022-05-11T15:10:13.2970167Z > Task :sdk-extensions:resources:spotlessMiscCheck UP-TO-DATE
2022-05-11T15:10:13.2970860Z > Task :sdk-extensions:resources:spotlessCheck UP-TO-DATE
2022-05-11T15:10:13.2971508Z > Task :sdk-extensions:resources:test FROM-CACHE
2022-05-11T15:10:13.2972128Z > Task :sdk-extensions:resources:check
2022-05-11T15:10:13.2972709Z > Task :sdk-extensions:resources:build
2022-05-11T15:10:13.3978364Z > Task :sdk-extensions:tracing-incubator:javadoc FROM-CACHE
2022-05-11T15:10:13.3979481Z > Task :sdk-extensions:tracing-incubator:javadocJar
2022-05-11T15:10:13.3980193Z > Task :sdk-extensions:tracing-incubator:sourcesJar
2022-05-11T15:10:13.3980905Z > Task :sdk-extensions:tracing-incubator:assemble
2022-05-11T15:10:13.3981589Z > Task :sdk-extensions:tracing-incubator:animalsnifferMain FROM-CACHE
2022-05-11T15:10:13.4962285Z > Task :sdk-extensions:tracing-incubator:checkstyleMain FROM-CACHE
2022-05-11T15:10:14.8962262Z > Task :sdk-extensions:tracing-incubator:compileTestJava
2022-05-11T15:10:14.8963016Z > Task :sdk-extensions:tracing-incubator:processTestResources NO-SOURCE
2022-05-11T15:10:14.8963608Z > Task :sdk-extensions:tracing-incubator:testClasses
2022-05-11T15:10:15.0962170Z > Task :sdk-extensions:tracing-incubator:checkstyleTest
2022-05-11T15:10:15.0962862Z > Task :sdk-extensions:tracing-incubator:spotlessJava FROM-CACHE
2022-05-11T15:10:15.0963496Z > Task :sdk-extensions:tracing-incubator:spotlessJavaCheck UP-TO-DATE
2022-05-11T15:10:15.0964158Z > Task :sdk-extensions:tracing-incubator:spotlessKotlinGradle FROM-CACHE
2022-05-11T15:10:15.0964813Z > Task :sdk-extensions:tracing-incubator:spotlessKotlinGradleCheck UP-TO-DATE
2022-05-11T15:10:15.0965447Z > Task :sdk-extensions:tracing-incubator:spotlessMisc FROM-CACHE
2022-05-11T15:10:15.0966060Z > Task :sdk-extensions:tracing-incubator:spotlessMiscCheck UP-TO-DATE
2022-05-11T15:10:15.0966666Z > Task :sdk-extensions:tracing-incubator:spotlessCheck UP-TO-DATE
2022-05-11T15:10:18.7962796Z > Task :sdk-extensions:tracing-incubator:test
2022-05-11T15:10:18.7963841Z > Task :sdk-extensions:tracing-incubator:check
2022-05-11T15:10:18.7964659Z > Task :sdk-extensions:tracing-incubator:build
2022-05-11T15:10:24.3962042Z > Task :sdk-extensions:zpages:javadoc
2022-05-11T15:10:24.3963046Z > Task :sdk-extensions:zpages:javadocJar
2022-05-11T15:10:24.3963829Z > Task :sdk-extensions:zpages:sourcesJar
2022-05-11T15:10:24.3964532Z > Task :sdk-extensions:zpages:assemble
2022-05-11T15:10:26.5961729Z > Task :sdk-extensions:zpages:compileJmhJava
2022-05-11T15:10:26.5962713Z > Task :sdk-extensions:zpages:processJmhResources NO-SOURCE
2022-05-11T15:10:26.5963486Z > Task :sdk-extensions:zpages:jmhClasses
2022-05-11T15:10:26.8962039Z > Task :sdk-extensions:zpages:checkstyleJmh
2022-05-11T15:10:27.5961145Z > Task :sdk-extensions:zpages:checkstyleMain
2022-05-11T15:10:31.3961942Z > Task :sdk-extensions:zpages:compileTestJava
2022-05-11T15:10:31.3963236Z > Task :sdk-extensions:zpages:processTestResources NO-SOURCE
2022-05-11T15:10:31.3964300Z > Task :sdk-extensions:zpages:testClasses
2022-05-11T15:10:31.7964079Z > Task :sdk-extensions:zpages:checkstyleTest
2022-05-11T15:10:31.7965345Z > Task :sdk-extensions:zpages:spotlessJava FROM-CACHE
2022-05-11T15:10:31.7966377Z > Task :sdk-extensions:zpages:spotlessJavaCheck UP-TO-DATE
2022-05-11T15:10:31.7967636Z > Task :sdk-extensions:zpages:spotlessKotlinGradle FROM-CACHE
2022-05-11T15:10:31.7968395Z > Task :sdk-extensions:zpages:spotlessKotlinGradleCheck UP-TO-DATE
2022-05-11T15:10:31.7969978Z > Task :sdk-extensions:zpages:spotlessMisc FROM-CACHE
2022-05-11T15:10:31.7970532Z > Task :sdk-extensions:zpages:spotlessMiscCheck UP-TO-DATE
2022-05-11T15:10:31.7971009Z > Task :sdk-extensions:zpages:spotlessCheck UP-TO-DATE
2022-05-11T15:10:37.5962666Z > Task :sdk-extensions:zpages:test
2022-05-11T15:10:37.5964109Z > Task :sdk-extensions:zpages:check
2022-05-11T15:10:37.5965210Z > Task :sdk-extensions:zpages:build
2022-05-11T15:10:37.5966271Z > Task :exporters:otlp:all:javadoc NO-SOURCE
2022-05-11T15:10:37.5966714Z > Task :exporters:otlp:all:javadocJar
2022-05-11T15:10:37.5967094Z > Task :exporters:otlp:all:sourcesJar
2022-05-11T15:10:37.6076372Z > Task :exporters:otlp:all:assemble
2022-05-11T15:10:37.7989248Z > Task :exporters:otlp:all:animalsnifferMain
2022-05-11T15:10:37.7990871Z > Task :exporters:otlp:all:compileJmhJava NO-SOURCE
2022-05-11T15:10:37.7991946Z > Task :exporters:otlp:all:processJmhResources NO-SOURCE
2022-05-11T15:10:37.7992890Z > Task :exporters:otlp:all:jmhClasses UP-TO-DATE
2022-05-11T15:10:37.7993612Z > Task :exporters:otlp:all:checkstyleJmh NO-SOURCE
2022-05-11T15:10:37.7995138Z > Task :exporters:otlp:all:checkstyleMain NO-SOURCE
2022-05-11T15:10:37.7995853Z > Task :exporters:otlp:all:compileTestJava NO-SOURCE
2022-05-11T15:10:37.7996422Z > Task :exporters:otlp:all:processTestResources NO-SOURCE
2022-05-11T15:10:37.7996939Z > Task :exporters:otlp:all:testClasses UP-TO-DATE
2022-05-11T15:10:37.7997473Z > Task :exporters:otlp:all:checkstyleTest NO-SOURCE
2022-05-11T15:10:38.4964198Z > Task :exporters:otlp:all:jApiCmp
2022-05-11T15:10:38.4965686Z > Task :exporters:otlp:all:spotlessJava FROM-CACHE
2022-05-11T15:10:38.4966575Z > Task :exporters:otlp:all:spotlessJavaCheck UP-TO-DATE
2022-05-11T15:10:38.4967533Z > Task :exporters:otlp:all:spotlessKotlinGradle FROM-CACHE
2022-05-11T15:10:38.4968767Z > Task :exporters:otlp:all:spotlessKotlinGradleCheck UP-TO-DATE
2022-05-11T15:10:38.4969364Z > Task :exporters:otlp:all:spotlessMisc FROM-CACHE
2022-05-11T15:10:38.4969912Z > Task :exporters:otlp:all:spotlessMiscCheck UP-TO-DATE
2022-05-11T15:10:38.4970432Z > Task :exporters:otlp:all:spotlessCheck UP-TO-DATE
2022-05-11T15:10:38.4970931Z > Task :exporters:otlp:all:test NO-SOURCE
2022-05-11T15:10:38.4971322Z > Task :exporters:otlp:all:check
2022-05-11T15:10:38.4971671Z > Task :exporters:otlp:all:build
2022-05-11T15:10:38.4972148Z > Task :exporters:otlp:common:javadoc NO-SOURCE
2022-05-11T15:10:38.4972555Z > Task :exporters:otlp:common:javadocJar
2022-05-11T15:10:38.4972804Z 
2022-05-11T15:10:38.4972980Z > Task :exporters:otlp:common:sourcesJar
2022-05-11T15:10:38.4973707Z Execution optimizations have been disabled for task ':exporters:otlp:common:sourcesJar' to ensure correctness due to the following reasons:
2022-05-11T15:10:38.4975849Z   - Gradle detected a problem with the following location: '/home/runner/work/opentelemetry-java/opentelemetry-java/exporters/otlp/common/build/generated/source/wire'. Reason: Task ':exporters:otlp:common:sourcesJar' uses this output of task ':exporters:otlp:common:generateMainProtos' without declaring an explicit or implicit dependency. This can lead to incorrect results being produced, depending on what order the tasks are executed. Please refer to https://docs.gradle.org/7.4.2/userguide/validation_problems.html#implicit_dependency for more details about this problem.
2022-05-11T15:10:38.4976978Z 
2022-05-11T15:10:38.4977299Z > Task :exporters:otlp:common:assemble
2022-05-11T15:10:39.3961851Z > Task :exporters:otlp:common:animalsnifferMain
2022-05-11T15:10:40.8962844Z > Task :exporters:otlp:common:compileJmhJava
2022-05-11T15:10:40.8964072Z > Task :exporters:otlp:common:processJmhResources NO-SOURCE
2022-05-11T15:10:40.8964617Z > Task :exporters:otlp:common:jmhClasses
2022-05-11T15:10:41.0962223Z > Task :exporters:otlp:common:checkstyleJmh
2022-05-11T15:10:42.1961787Z > Task :exporters:otlp:common:checkstyleMain
2022-05-11T15:10:46.0962109Z > Task :exporters:otlp:common:compileTestJava
2022-05-11T15:10:46.0963434Z > Task :exporters:otlp:common:processTestResources NO-SOURCE
2022-05-11T15:10:46.0964192Z > Task :exporters:otlp:common:testClasses
2022-05-11T15:10:46.5960925Z > Task :exporters:otlp:common:checkstyleTest
2022-05-11T15:10:46.7962116Z > Task :sdk-extensions:autoconfigure:testOtlpHttp
2022-05-11T15:10:47.3961496Z > Task :exporters:otlp:common:jApiCmp
2022-05-11T15:10:48.2964243Z > Task :exporters:otlp:common:spotlessJava
2022-05-11T15:10:48.2965187Z > Task :exporters:otlp:common:spotlessJavaCheck
2022-05-11T15:10:48.2966390Z > Task :exporters:otlp:common:spotlessKotlinGradle FROM-CACHE
2022-05-11T15:10:48.2967356Z > Task :exporters:otlp:common:spotlessKotlinGradleCheck UP-TO-DATE
2022-05-11T15:10:48.2968279Z > Task :exporters:otlp:common:spotlessMisc FROM-CACHE
2022-05-11T15:10:48.2969003Z > Task :exporters:otlp:common:spotlessMiscCheck UP-TO-DATE
2022-05-11T15:10:48.2969601Z > Task :exporters:otlp:common:spotlessCheck
2022-05-11T15:11:03.8961476Z 
2022-05-11T15:11:03.8962354Z > Task :exporters:otlp:common:test
2022-05-11T15:11:03.8962825Z 
2022-05-11T15:11:03.8965328Z RetryInterceptorTest > connectTimeout() FAILED
2022-05-11T15:11:03.8966092Z     org.mockito.exceptions.verification.TooFewActualInvocations: 
2022-05-11T15:11:03.8966870Z     object.apply(<any>);
2022-05-11T15:11:03.8967565Z     Wanted 5 times:
2022-05-11T15:11:03.8971290Z     -> at io.opentelemetry.exporter.internal.retry.RetryInterceptorTest$1.apply(RetryInterceptorTest.java:61)
2022-05-11T15:11:03.8971970Z     But was 1 time:
2022-05-11T15:11:03.8972726Z     -> at io.opentelemetry.exporter.internal.retry.RetryInterceptorTest$1.apply(RetryInterceptorTest.java:58)
2022-05-11T15:11:03.8973513Z         at io.opentelemetry.exporter.internal.retry.RetryInterceptorTest$1.apply(RetryInterceptorTest.java:61)
2022-05-11T15:11:03.8974409Z         at io.opentelemetry.exporter.internal.retry.RetryInterceptorTest$1.apply(RetryInterceptorTest.java:58)
2022-05-11T15:11:03.8975205Z         at io.opentelemetry.exporter.internal.retry.RetryInterceptorTest.connectTimeout(RetryInterceptorTest.java:154)
2022-05-11T15:11:05.0962747Z 
2022-05-11T15:11:05.0963608Z 40 tests completed, 1 failed
2022-05-11T15:11:05.0964149Z 
2022-05-11T15:11:05.0964467Z > Task :exporters:otlp:common:test FAILED
2022-05-11T15:11:12.5968817Z > Task :sdk-extensions:autoconfigure:testPrometheus
2022-05-11T15:11:12.5969554Z 
2022-05-11T15:11:12.5969953Z Deprecated Gradle features were used in this build, making it incompatible with Gradle 8.0.
2022-05-11T15:11:12.5970359Z 
2022-05-11T15:11:12.5971051Z You can use '--warning-mode all' to show the individual deprecation warnings and determine if they come from your own scripts or plugins.
2022-05-11T15:11:12.5971523Z 
2022-05-11T15:11:12.5971930Z See https://docs.gradle.org/7.4.2/userguide/command_line_interface.html#sec:command_line_warnings
2022-05-11T15:11:12.5972333Z 
2022-05-11T15:11:12.5972720Z Execution optimizations have been disabled for 3 invalid unit(s) of work during this build to ensure correctness.
2022-05-11T15:11:12.5973355Z Please consult deprecation warnings for more details.
2022-05-11T15:11:12.5974024Z 889 actionable tasks: 504 executed, 251 from cache, 134 up-to-date
2022-05-11T15:11:12.5974390Z 
2022-05-11T15:11:12.5974638Z FAILURE: Build failed with an exception.
2022-05-11T15:11:12.5974939Z 
2022-05-11T15:11:12.5975144Z * What went wrong:
2022-05-11T15:11:12.5975731Z Execution failed for task ':exporters:otlp:common:test'.
2022-05-11T15:11:12.5979828Z > There were failing tests. See the report at: file:///home/runner/work/opentelemetry-java/opentelemetry-java/exporters/otlp/common/build/reports/tests/test/index.html
2022-05-11T15:11:12.5980529Z 
2022-05-11T15:11:12.5980742Z * Try:
2022-05-11T15:11:12.5981361Z > Run with --stacktrace option to get the stack trace.
2022-05-11T15:11:12.5982257Z > Run with --info or --debug option to get more log output.
2022-05-11T15:11:12.5983087Z > Run with --scan to get full insights.
2022-05-11T15:11:12.5983417Z 
2022-05-11T15:11:12.5983684Z * Get more help at https://help.gradle.org
2022-05-11T15:11:12.5984004Z 
2022-05-11T15:11:12.5984239Z BUILD FAILED in 12m 36s
2022-05-11T15:11:12.7960990Z 
2022-05-11T15:11:12.7961886Z Publishing build scan...
2022-05-11T15:11:13.1000936Z ##[warning]Gradle build 'opentelemetry-java build' FAILED - https://gradle.com/s/a5yhm5wyxutf6
2022-05-11T15:11:13.1964076Z https://gradle.com/s/a5yhm5wyxutf6
2022-05-11T15:11:13.1982782Z 
2022-05-11T15:11:13.7777523Z ##[error]Gradle build failed: https://gradle.com/s/a5yhm5wyxutf6
2022-05-11T15:11:13.8088489Z Post job cleanup.
2022-05-11T15:11:14.0336638Z ##[group]Caching Gradle state
2022-05-11T15:11:14.0468293Z Found project roots '/home/runner/work/opentelemetry-java/opentelemetry-java
2022-05-11T15:11:14.0469184Z ' in /home/runner/.gradle/project-roots.txt
2022-05-11T15:11:14.5398157Z Caching dependencies with path '/home/runner/.gradle/caches/modules-*/files-*/*/*/*/*' and cache key: dependencies-7fb491890d3c742d5ac094a3d762073d
2022-05-11T15:11:14.7506504Z Caching instrumented-jars with path '/home/runner/.gradle/caches/jars-*/*' and cache key: instrumented-jars-276cb643b7538746931a440801f85f67
2022-05-11T15:11:14.9258562Z Caching kotlin-dsl with path '/home/runner/.gradle/caches/*/kotlin-dsl/*/*' and cache key: kotlin-dsl-11d2e74d6025611eebfebff8ec6c44db
2022-05-11T15:11:15.1894951Z [command]/usr/bin/tar --posix --use-compress-program zstd -T0 -cf cache.tzst -P -C /home/runner/work/opentelemetry-java/opentelemetry-java --files-from manifest.txt
2022-05-11T15:11:15.2247582Z [command]/usr/bin/tar --posix --use-compress-program zstd -T0 -cf cache.tzst -P -C /home/runner/work/opentelemetry-java/opentelemetry-java --files-from manifest.txt
2022-05-11T15:11:16.1712550Z [command]/usr/bin/tar --posix --use-compress-program zstd -T0 -cf cache.tzst -P -C /home/runner/work/opentelemetry-java/opentelemetry-java --files-from manifest.txt
2022-05-11T15:11:18.1110844Z Cache Size: ~1 MB (606207 B)
2022-05-11T15:11:18.1617378Z Cache saved successfully
2022-05-11T15:11:19.2124937Z (node:9954) [DEP0147] DeprecationWarning: In future versions of Node.js, fs.rmdir(path, { recursive: true }) will be removed. Use fs.rm(path, { recursive: true }) instead
2022-05-11T15:11:19.2126150Z (Use `node --trace-deprecation ...` to show where the warning was created)
2022-05-11T15:11:24.5319210Z Cache Size: ~137 MB (143784397 B)
2022-05-11T15:11:24.6294764Z Cache saved successfully
2022-05-11T15:11:26.5747085Z Cache Size: ~271 MB (284685206 B)
2022-05-11T15:11:26.6546556Z Cache saved successfully
2022-05-11T15:11:26.8561414Z Caching Gradle User Home with cache key: v6-gradle|Linux|build[e0f4e6b26b2d84e3269588cf2bc8bd1c]-bc6be6387118cd2651ae733ed09f50b69d661162
2022-05-11T15:11:26.9259660Z [command]/usr/bin/tar --posix --use-compress-program zstd -T0 -cf cache.tzst -P -C /home/runner/work/opentelemetry-java/opentelemetry-java --files-from manifest.txt
2022-05-11T15:11:34.1328497Z Cache Size: ~219 MB (229446916 B)
2022-05-11T15:11:34.2063228Z Cache saved successfully
2022-05-11T15:11:34.2537729Z ##[endgroup]
2022-05-11T15:11:34.2540894Z ---------- Caching Summary -------------
2022-05-11T15:11:34.2541414Z Restored Entries Count: 7
2022-05-11T15:11:34.2541877Z                   Size: 741 MB (777141276 B)
2022-05-11T15:11:34.2542631Z Saved Entries    Count: 4
2022-05-11T15:11:34.2543062Z                   Size: 628 MB (658522726 B)
2022-05-11T15:11:34.2543864Z ##[group]Cache Entry details
2022-05-11T15:11:34.2544370Z Entry: Gradle User Home
2022-05-11T15:11:34.2545204Z     Requested Key : v6-gradle|Linux|build[e0f4e6b26b2d84e3269588cf2bc8bd1c]-bc6be6387118cd2651ae733ed09f50b69d661162
2022-05-11T15:11:34.2546112Z     Restored  Key : v6-gradle|Linux|build[e0f4e6b26b2d84e3269588cf2bc8bd1c]-a9968bcf323fab5fc793a33cab776910517f2249
2022-05-11T15:11:34.2546681Z               Size: 190 MB (199301425 B)
2022-05-11T15:11:34.2547558Z     Saved     Key : v6-gradle|Linux|build[e0f4e6b26b2d84e3269588cf2bc8bd1c]-bc6be6387118cd2651ae733ed09f50b69d661162
2022-05-11T15:11:34.2548501Z               Size: 219 MB (229446916 B)
2022-05-11T15:11:34.2549162Z Entry: /home/runner/.gradle/caches/7.4.2/generated-gradle-jars/gradle-api-7.4.2.jar
2022-05-11T15:11:34.2549942Z     Requested Key : generated-gradle-jars-327f96a56ad54f1958252ad8b0b84def
2022-05-11T15:11:34.2551817Z     Restored  Key : generated-gradle-jars-327f96a56ad54f1958252ad8b0b84def
2022-05-11T15:11:34.2553075Z               Size: 32 MB (33170912 B)
2022-05-11T15:11:34.2553695Z     Saved     Key : 
2022-05-11T15:11:34.2554096Z               Size: 
2022-05-11T15:11:34.2555146Z Entry: /home/runner/.gradle/caches/7.4.2/generated-gradle-jars/gradle-kotlin-dsl-extensions-7.4.2.jar
2022-05-11T15:11:34.2556077Z     Requested Key : generated-gradle-jars-5db2cd96b5f738d6d63f2422db6f1f14
2022-05-11T15:11:34.2556855Z     Restored  Key : generated-gradle-jars-5db2cd96b5f738d6d63f2422db6f1f14
2022-05-11T15:11:34.2557411Z               Size: 0 MB (122242 B)
2022-05-11T15:11:34.2557829Z     Saved     Key : 
2022-05-11T15:11:34.2558215Z               Size: 
2022-05-11T15:11:34.2558943Z Entry: /home/runner/.gradle/wrapper/dists/gradle-7.4.2-bin/48ivgl02cpt2ed3fh9dbalvx8/gradle-7.4.2-bin.zip
2022-05-11T15:11:34.2559713Z     Requested Key : wrapper-zips-9942c79c17b1f8effa920a262d7ea341
2022-05-11T15:11:34.2560422Z     Restored  Key : wrapper-zips-9942c79c17b1f8effa920a262d7ea341
2022-05-11T15:11:34.2560960Z               Size: 110 MB (115836851 B)
2022-05-11T15:11:34.2561355Z     Saved     Key : 
2022-05-11T15:11:34.2561749Z               Size: 
2022-05-11T15:11:34.2563882Z Entry: /home/runner/.gradle/caches/modules-*/files-*/*/*/*/*
2022-05-11T15:11:34.2564467Z     Requested Key : dependencies-b4a4538299c3196c72fb96792869bb28
2022-05-11T15:11:34.2565069Z     Restored  Key : dependencies-b4a4538299c3196c72fb96792869bb28
2022-05-11T15:11:34.2565469Z               Size: 271 MB (284593657 B)
2022-05-11T15:11:34.2566002Z     Saved     Key : dependencies-7fb491890d3c742d5ac094a3d762073d
2022-05-11T15:11:34.2566423Z               Size: 271 MB (284685206 B)
2022-05-11T15:11:34.2566875Z Entry: /home/runner/.gradle/caches/jars-*/*
2022-05-11T15:11:34.2567473Z     Requested Key : instrumented-jars-4fd3b173f1958f1c88430ced1b02947d
2022-05-11T15:11:34.2568109Z     Restored  Key : instrumented-jars-4fd3b173f1958f1c88430ced1b02947d
2022-05-11T15:11:34.2568553Z               Size: 137 MB (143518593 B)
2022-05-11T15:11:34.2569721Z     Saved     Key : instrumented-jars-276cb643b7538746931a440801f85f67
2022-05-11T15:11:34.2570170Z               Size: 137 MB (143784397 B)
2022-05-11T15:11:34.2570682Z Entry: /home/runner/.gradle/caches/*/kotlin-dsl/*/*
2022-05-11T15:11:34.2571262Z     Requested Key : kotlin-dsl-e8c60093b3d9df7e07ad04884f6d5260
2022-05-11T15:11:34.2571852Z     Restored  Key : kotlin-dsl-e8c60093b3d9df7e07ad04884f6d5260
2022-05-11T15:11:34.2572246Z               Size: 1 MB (597596 B)
2022-05-11T15:11:34.2572776Z     Saved     Key : kotlin-dsl-11d2e74d6025611eebfebff8ec6c44db
2022-05-11T15:11:34.2573168Z               Size: 1 MB (606207 B)
2022-05-11T15:11:34.2573787Z ##[endgroup]
2022-05-11T15:11:34.2744321Z Post job cleanup.
2022-05-11T15:11:34.5077366Z Post job cleanup.
2022-05-11T15:11:34.7469753Z Post job cleanup.
2022-05-11T15:11:34.9066163Z [command]/usr/bin/git version
2022-05-11T15:11:34.9136574Z git version 2.36.0
2022-05-11T15:11:34.9208168Z Temporarily overriding HOME='/home/runner/work/_temp/de1103c0-239a-4509-963c-64cb324a920e' before making global git config changes
2022-05-11T15:11:34.9210602Z Adding repository directory to the temporary git global config as a safe directory
2022-05-11T15:11:34.9217037Z [command]/usr/bin/git config --global --add safe.directory /home/runner/work/opentelemetry-java/opentelemetry-java
2022-05-11T15:11:34.9271644Z [command]/usr/bin/git config --local --name-only --get-regexp core\.sshCommand
2022-05-11T15:11:34.9316939Z [command]/usr/bin/git submodule foreach --recursive git config --local --name-only --get-regexp 'core\.sshCommand' && git config --local --unset-all 'core.sshCommand' || :
2022-05-11T15:11:34.9638145Z [command]/usr/bin/git config --local --name-only --get-regexp http\.https\:\/\/github\.com\/\.extraheader
2022-05-11T15:11:34.9673227Z http.https://github.com/.extraheader
2022-05-11T15:11:34.9686578Z [command]/usr/bin/git config --local --unset-all http.https://github.com/.extraheader
2022-05-11T15:11:34.9731288Z [command]/usr/bin/git submodule foreach --recursive git config --local --name-only --get-regexp 'http\.https\:\/\/github\.com\/\.extraheader' && git config --local --unset-all 'http.https://github.com/.extraheader' || :
2022-05-11T15:11:35.0378694Z Cleaning up orphan processes