2022-06-22T20:35:19.9403055Z Requested labels: ubuntu-latest
2022-06-22T20:35:19.9403111Z Job defined at: JabRef/jabref/.github/workflows/tests.yml@refs/heads/main
2022-06-22T20:35:19.9403131Z Waiting for a runner to pick up this job...
2022-06-22T20:35:22.1674942Z Job is waiting for a hosted runner to come online.
2022-06-22T20:35:27.5219005Z Job is about to start running on the hosted runner: GitHub Actions 18 (hosted)
2022-06-22T20:35:31.5985013Z Current runner version: '2.293.0'
2022-06-22T20:35:31.6017517Z ##[group]Operating System
2022-06-22T20:35:31.6018114Z Ubuntu
2022-06-22T20:35:31.6018421Z 20.04.4
2022-06-22T20:35:31.6018722Z LTS
2022-06-22T20:35:31.6019115Z ##[endgroup]
2022-06-22T20:35:31.6019479Z ##[group]Virtual Environment
2022-06-22T20:35:31.6020073Z Environment: ubuntu-20.04
2022-06-22T20:35:31.6020444Z Version: 20220619.1
2022-06-22T20:35:31.6021003Z Included Software: https://github.com/actions/virtual-environments/blob/ubuntu20/20220619.1/images/linux/Ubuntu2004-Readme.md
2022-06-22T20:35:31.6021716Z Image Release: https://github.com/actions/virtual-environments/releases/tag/ubuntu20%2F20220619.1
2022-06-22T20:35:31.6022204Z ##[endgroup]
2022-06-22T20:35:31.6022595Z ##[group]Virtual Environment Provisioner
2022-06-22T20:35:31.6023029Z 1.0.0.0-main-20220531-1
2022-06-22T20:35:31.6023368Z ##[endgroup]
2022-06-22T20:35:31.6024400Z ##[group]GITHUB_TOKEN Permissions
2022-06-22T20:35:31.6025053Z Actions: write
2022-06-22T20:35:31.6025628Z Checks: write
2022-06-22T20:35:31.6026061Z Contents: write
2022-06-22T20:35:31.6026360Z Deployments: write
2022-06-22T20:35:31.6026757Z Discussions: write
2022-06-22T20:35:31.6027100Z Issues: write
2022-06-22T20:35:31.6027450Z Metadata: read
2022-06-22T20:35:31.6027805Z Packages: write
2022-06-22T20:35:31.6028350Z Pages: write
2022-06-22T20:35:31.6028688Z PullRequests: write
2022-06-22T20:35:31.6029002Z RepositoryProjects: write
2022-06-22T20:35:31.6029381Z SecurityEvents: write
2022-06-22T20:35:31.6029946Z Statuses: write
2022-06-22T20:35:31.6030322Z ##[endgroup]
2022-06-22T20:35:31.6034313Z Secret source: Actions
2022-06-22T20:35:31.6034885Z Prepare workflow directory
2022-06-22T20:35:31.7467540Z Prepare all required actions
2022-06-22T20:35:31.7702214Z Getting action download info
2022-06-22T20:35:31.9792185Z Download action repository 'actions/checkout@v3' (SHA:2541b1294d2704b0964813337f33b291d3f8596b)
2022-06-22T20:35:32.3595118Z Download action repository 'actions/setup-java@v3' (SHA:16cca5479d7c6b6843f6a6515640ba33c6501543)
2022-06-22T20:35:32.8721824Z ##[group]Run actions/checkout@v3
2022-06-22T20:35:32.8722278Z with:
2022-06-22T20:35:32.8722543Z   repository: JabRef/jabref
2022-06-22T20:35:32.8723462Z   token: ***
2022-06-22T20:35:32.8723945Z   ssh-strict: true
2022-06-22T20:35:32.8724276Z   persist-credentials: true
2022-06-22T20:35:32.8724584Z   clean: true
2022-06-22T20:35:32.8725228Z   fetch-depth: 1
2022-06-22T20:35:32.8725495Z   lfs: false
2022-06-22T20:35:32.8725786Z   submodules: false
2022-06-22T20:35:32.8726028Z   set-safe-directory: true
2022-06-22T20:35:32.8726354Z env:
2022-06-22T20:35:32.8726899Z   SpringerNatureAPIKey: ***
2022-06-22T20:35:32.8727339Z   AstrophysicsDataSystemAPIKey: ***
2022-06-22T20:35:32.8727692Z   IEEEAPIKey: ***
2022-06-22T20:35:32.8728039Z   BiodiversityHeritageApiKey: 
2022-06-22T20:35:32.8728344Z   GRADLE_OPTS: -Xmx4g
2022-06-22T20:35:32.8728632Z   JAVA_OPTS: -Xmx4g
2022-06-22T20:35:32.8728904Z ##[endgroup]
2022-06-22T20:35:33.2351307Z Syncing repository: JabRef/jabref
2022-06-22T20:35:33.2354014Z ##[group]Getting Git version info
2022-06-22T20:35:33.2354957Z Working directory is '/home/runner/work/jabref/jabref'
2022-06-22T20:35:33.2355615Z [command]/usr/bin/git version
2022-06-22T20:35:33.2388406Z git version 2.36.1
2022-06-22T20:35:33.2427313Z ##[endgroup]
2022-06-22T20:35:33.2461833Z Temporarily overriding HOME='/home/runner/work/_temp/372806a2-a6bc-460a-aaa2-6cadc5eea7ef' before making global git config changes
2022-06-22T20:35:33.2462768Z Adding repository directory to the temporary git global config as a safe directory
2022-06-22T20:35:33.2470510Z [command]/usr/bin/git config --global --add safe.directory /home/runner/work/jabref/jabref
2022-06-22T20:35:33.2522662Z Deleting the contents of '/home/runner/work/jabref/jabref'
2022-06-22T20:35:33.2527482Z ##[group]Initializing the repository
2022-06-22T20:35:33.2531933Z [command]/usr/bin/git init /home/runner/work/jabref/jabref
2022-06-22T20:35:33.2615845Z hint: Using 'master' as the name for the initial branch. This default branch name
2022-06-22T20:35:33.2618264Z hint: is subject to change. To configure the initial branch name to use in all
2022-06-22T20:35:33.2619260Z hint: of your new repositories, which will suppress this warning, call:
2022-06-22T20:35:33.2619708Z hint: 
2022-06-22T20:35:33.2620423Z hint: 	git config --global init.defaultBranch <name>
2022-06-22T20:35:33.2678669Z hint: 
2022-06-22T20:35:33.2680631Z hint: Names commonly chosen instead of 'master' are 'main', 'trunk' and
2022-06-22T20:35:33.2681682Z hint: 'development'. The just-created branch can be renamed via this command:
2022-06-22T20:35:33.2682131Z hint: 
2022-06-22T20:35:33.2682562Z hint: 	git branch -m <name>
2022-06-22T20:35:33.2683225Z Initialized empty Git repository in /home/runner/work/jabref/jabref/.git/
2022-06-22T20:35:33.2684057Z [command]/usr/bin/git remote add origin https://github.com/JabRef/jabref
2022-06-22T20:35:33.2704227Z ##[endgroup]
2022-06-22T20:35:33.2704852Z ##[group]Disabling automatic garbage collection
2022-06-22T20:35:33.2710165Z [command]/usr/bin/git config --local gc.auto 0
2022-06-22T20:35:33.2746161Z ##[endgroup]
2022-06-22T20:35:33.2748163Z ##[group]Setting up auth
2022-06-22T20:35:33.2755231Z [command]/usr/bin/git config --local --name-only --get-regexp core\.sshCommand
2022-06-22T20:35:33.2795394Z [command]/usr/bin/git submodule foreach --recursive git config --local --name-only --get-regexp 'core\.sshCommand' && git config --local --unset-all 'core.sshCommand' || :
2022-06-22T20:35:33.3272713Z [command]/usr/bin/git config --local --name-only --get-regexp http\.https\:\/\/github\.com\/\.extraheader
2022-06-22T20:35:33.3311847Z [command]/usr/bin/git submodule foreach --recursive git config --local --name-only --get-regexp 'http\.https\:\/\/github\.com\/\.extraheader' && git config --local --unset-all 'http.https://github.com/.extraheader' || :
2022-06-22T20:35:33.3587535Z [command]/usr/bin/git config --local http.https://github.com/.extraheader AUTHORIZATION: basic ***
2022-06-22T20:35:33.3659385Z ##[endgroup]
2022-06-22T20:35:33.3660814Z ##[group]Fetching the repository
2022-06-22T20:35:33.3677626Z [command]/usr/bin/git -c protocol.version=2 fetch --no-tags --prune --progress --no-recurse-submodules --depth=1 origin +6a72ddd3e1975c53043db7105b581e1ee52f6ab8:refs/remotes/origin/main
2022-06-22T20:35:33.6209537Z remote: Enumerating objects: 13672, done.        
2022-06-22T20:35:33.6221425Z remote: Counting objects:   0% (1/13672)        
2022-06-22T20:35:33.6221769Z remote: Counting objects:   1% (137/13672)        
2022-06-22T20:35:33.6228090Z remote: Counting objects:   2% (274/13672)        
2022-06-22T20:35:33.6228415Z remote: Counting objects:   3% (411/13672)        
2022-06-22T20:35:33.6232107Z remote: Counting objects:   4% (547/13672)        
2022-06-22T20:35:33.6233696Z remote: Counting objects:   5% (684/13672)        
2022-06-22T20:35:33.6234293Z remote: Counting objects:   6% (821/13672)        
2022-06-22T20:35:33.6244303Z remote: Counting objects:   7% (958/13672)        
2022-06-22T20:35:33.6244980Z remote: Counting objects:   8% (1094/13672)        
2022-06-22T20:35:33.6245291Z remote: Counting objects:   9% (1231/13672)        
2022-06-22T20:35:33.6245589Z remote: Counting objects:  10% (1368/13672)        
2022-06-22T20:35:33.6246047Z remote: Counting objects:  11% (1504/13672)        
2022-06-22T20:35:33.6246352Z remote: Counting objects:  12% (1641/13672)        
2022-06-22T20:35:33.6246645Z remote: Counting objects:  13% (1778/13672)        
2022-06-22T20:35:33.6249532Z remote: Counting objects:  14% (1915/13672)        
2022-06-22T20:35:33.6249905Z remote: Counting objects:  15% (2051/13672)        
2022-06-22T20:35:33.6250238Z remote: Counting objects:  16% (2188/13672)        
2022-06-22T20:35:33.6271012Z remote: Counting objects:  17% (2325/13672)        
2022-06-22T20:35:33.6271326Z remote: Counting objects:  18% (2461/13672)        
2022-06-22T20:35:33.6271601Z remote: Counting objects:  19% (2598/13672)        
2022-06-22T20:35:33.6271874Z remote: Counting objects:  20% (2735/13672)        
2022-06-22T20:35:33.6272494Z remote: Counting objects:  21% (2872/13672)        
2022-06-22T20:35:33.6272809Z remote: Counting objects:  22% (3008/13672)        
2022-06-22T20:35:33.6273079Z remote: Counting objects:  23% (3145/13672)        
2022-06-22T20:35:33.6273334Z remote: Counting objects:  24% (3282/13672)        
2022-06-22T20:35:33.6273788Z remote: Counting objects:  25% (3418/13672)        
2022-06-22T20:35:33.6274324Z remote: Counting objects:  26% (3555/13672)        
2022-06-22T20:35:33.6274675Z remote: Counting objects:  27% (3692/13672)        
2022-06-22T20:35:33.6274986Z remote: Counting objects:  28% (3829/13672)        
2022-06-22T20:35:33.6278467Z remote: Counting objects:  29% (3965/13672)        
2022-06-22T20:35:33.6278912Z remote: Counting objects:  30% (4102/13672)        
2022-06-22T20:35:33.6279190Z remote: Counting objects:  31% (4239/13672)        
2022-06-22T20:35:33.6279724Z remote: Counting objects:  32% (4376/13672)        
2022-06-22T20:35:33.6280020Z remote: Counting objects:  33% (4512/13672)        
2022-06-22T20:35:33.6280304Z remote: Counting objects:  34% (4649/13672)        
2022-06-22T20:35:33.6280583Z remote: Counting objects:  35% (4786/13672)        
2022-06-22T20:35:33.6280918Z remote: Counting objects:  36% (4922/13672)        
2022-06-22T20:35:33.6281204Z remote: Counting objects:  37% (5059/13672)        
2022-06-22T20:35:33.6281481Z remote: Counting objects:  38% (5196/13672)        
2022-06-22T20:35:33.6281758Z remote: Counting objects:  39% (5333/13672)        
2022-06-22T20:35:33.6282031Z remote: Counting objects:  40% (5469/13672)        
2022-06-22T20:35:33.6282288Z remote: Counting objects:  41% (5606/13672)        
2022-06-22T20:35:33.6282563Z remote: Counting objects:  42% (5743/13672)        
2022-06-22T20:35:33.6282995Z remote: Counting objects:  43% (5879/13672)        
2022-06-22T20:35:33.6283268Z remote: Counting objects:  44% (6016/13672)        
2022-06-22T20:35:33.6284262Z remote: Counting objects:  45% (6153/13672)        
2022-06-22T20:35:33.6284730Z remote: Counting objects:  46% (6290/13672)        
2022-06-22T20:35:33.6285045Z remote: Counting objects:  47% (6426/13672)        
2022-06-22T20:35:33.6286221Z remote: Counting objects:  48% (6563/13672)        
2022-06-22T20:35:33.6286520Z remote: Counting objects:  49% (6700/13672)        
2022-06-22T20:35:33.6286973Z remote: Counting objects:  50% (6836/13672)        
2022-06-22T20:35:33.6287398Z remote: Counting objects:  51% (6973/13672)        
2022-06-22T20:35:33.6287673Z remote: Counting objects:  52% (7110/13672)        
2022-06-22T20:35:33.6287949Z remote: Counting objects:  53% (7247/13672)        
2022-06-22T20:35:33.6288223Z remote: Counting objects:  54% (7383/13672)        
2022-06-22T20:35:33.6288649Z remote: Counting objects:  55% (7520/13672)        
2022-06-22T20:35:33.6288918Z remote: Counting objects:  56% (7657/13672)        
2022-06-22T20:35:33.6289182Z remote: Counting objects:  57% (7794/13672)        
2022-06-22T20:35:33.6289509Z remote: Counting objects:  58% (7930/13672)        
2022-06-22T20:35:33.6289794Z remote: Counting objects:  59% (8067/13672)        
2022-06-22T20:35:33.6290050Z remote: Counting objects:  60% (8204/13672)        
2022-06-22T20:35:33.6290319Z remote: Counting objects:  61% (8340/13672)        
2022-06-22T20:35:33.6290591Z remote: Counting objects:  62% (8477/13672)        
2022-06-22T20:35:33.6290952Z remote: Counting objects:  63% (8614/13672)        
2022-06-22T20:35:33.6291351Z remote: Counting objects:  64% (8751/13672)        
2022-06-22T20:35:33.6291677Z remote: Counting objects:  65% (8887/13672)        
2022-06-22T20:35:33.6292560Z remote: Counting objects:  66% (9024/13672)        
2022-06-22T20:35:33.6292839Z remote: Counting objects:  67% (9161/13672)        
2022-06-22T20:35:33.6295137Z remote: Counting objects:  68% (9297/13672)        
2022-06-22T20:35:33.6319183Z remote: Counting objects:  69% (9434/13672)        
2022-06-22T20:35:33.6319687Z remote: Counting objects:  70% (9571/13672)        
2022-06-22T20:35:33.6320007Z remote: Counting objects:  71% (9708/13672)        
2022-06-22T20:35:33.6320496Z remote: Counting objects:  72% (9844/13672)        
2022-06-22T20:35:33.6320783Z remote: Counting objects:  73% (9981/13672)        
2022-06-22T20:35:33.6321072Z remote: Counting objects:  74% (10118/13672)        
2022-06-22T20:35:33.6321363Z remote: Counting objects:  75% (10254/13672)        
2022-06-22T20:35:33.6325091Z remote: Counting objects:  76% (10391/13672)        
2022-06-22T20:35:33.6325467Z remote: Counting objects:  77% (10528/13672)        
2022-06-22T20:35:33.6325779Z remote: Counting objects:  78% (10665/13672)        
2022-06-22T20:35:33.6338425Z remote: Counting objects:  79% (10801/13672)        
2022-06-22T20:35:33.6338765Z remote: Counting objects:  80% (10938/13672)        
2022-06-22T20:35:33.6339157Z remote: Counting objects:  81% (11075/13672)        
2022-06-22T20:35:33.6339463Z remote: Counting objects:  82% (11212/13672)        
2022-06-22T20:35:33.6339759Z remote: Counting objects:  83% (11348/13672)        
2022-06-22T20:35:33.6340069Z remote: Counting objects:  84% (11485/13672)        
2022-06-22T20:35:33.6343102Z remote: Counting objects:  85% (11622/13672)        
2022-06-22T20:35:33.6346589Z remote: Counting objects:  86% (11758/13672)        
2022-06-22T20:35:33.6346931Z remote: Counting objects:  87% (11895/13672)        
2022-06-22T20:35:33.6347220Z remote: Counting objects:  88% (12032/13672)        
2022-06-22T20:35:33.6347685Z remote: Counting objects:  89% (12169/13672)        
2022-06-22T20:35:33.6352897Z remote: Counting objects:  90% (12305/13672)        
2022-06-22T20:35:33.6358944Z remote: Counting objects:  91% (12442/13672)        
2022-06-22T20:35:33.6359430Z remote: Counting objects:  92% (12579/13672)        
2022-06-22T20:35:33.6362010Z remote: Counting objects:  93% (12715/13672)        
2022-06-22T20:35:33.6362547Z remote: Counting objects:  94% (12852/13672)        
2022-06-22T20:35:33.6365619Z remote: Counting objects:  95% (12989/13672)        
2022-06-22T20:35:33.6380794Z remote: Counting objects:  96% (13126/13672)        
2022-06-22T20:35:33.6381168Z remote: Counting objects:  97% (13262/13672)        
2022-06-22T20:35:33.6381472Z remote: Counting objects:  98% (13399/13672)        
2022-06-22T20:35:33.6381751Z remote: Counting objects:  99% (13536/13672)        
2022-06-22T20:35:33.6382042Z remote: Counting objects: 100% (13672/13672)        
2022-06-22T20:35:33.6382350Z remote: Counting objects: 100% (13672/13672), done.        
2022-06-22T20:35:33.6396415Z remote: Compressing objects:   0% (1/4339)        
2022-06-22T20:35:33.6408291Z remote: Compressing objects:   1% (44/4339)        
2022-06-22T20:35:33.6415305Z remote: Compressing objects:   2% (87/4339)        
2022-06-22T20:35:33.6437133Z remote: Compressing objects:   3% (131/4339)        
2022-06-22T20:35:33.7553708Z remote: Compressing objects:   4% (174/4339)        
2022-06-22T20:35:33.7583208Z remote: Compressing objects:   5% (217/4339)        
2022-06-22T20:35:33.7681923Z remote: Compressing objects:   6% (261/4339)        
2022-06-22T20:35:33.7877604Z remote: Compressing objects:   7% (304/4339)        
2022-06-22T20:35:33.8166968Z remote: Compressing objects:   8% (348/4339)        
2022-06-22T20:35:33.8404124Z remote: Compressing objects:   9% (391/4339)        
2022-06-22T20:35:33.8731641Z remote: Compressing objects:  10% (434/4339)        
2022-06-22T20:35:33.9035788Z remote: Compressing objects:  11% (478/4339)        
2022-06-22T20:35:33.9406044Z remote: Compressing objects:  12% (521/4339)        
2022-06-22T20:35:33.9665084Z remote: Compressing objects:  13% (565/4339)        
2022-06-22T20:35:34.0002919Z remote: Compressing objects:  14% (608/4339)        
2022-06-22T20:35:34.0306689Z remote: Compressing objects:  15% (651/4339)        
2022-06-22T20:35:34.0676446Z remote: Compressing objects:  16% (695/4339)        
2022-06-22T20:35:34.1110977Z remote: Compressing objects:  17% (738/4339)        
2022-06-22T20:35:34.1518918Z remote: Compressing objects:  18% (782/4339)        
2022-06-22T20:35:34.1741959Z remote: Compressing objects:  19% (825/4339)        
2022-06-22T20:35:34.1995070Z remote: Compressing objects:  20% (868/4339)        
2022-06-22T20:35:34.2483225Z remote: Compressing objects:  21% (912/4339)        
2022-06-22T20:35:34.2576004Z remote: Compressing objects:  22% (955/4339)        
2022-06-22T20:35:34.2882004Z remote: Compressing objects:  23% (998/4339)        
2022-06-22T20:35:34.3237863Z remote: Compressing objects:  24% (1042/4339)        
2022-06-22T20:35:34.3479197Z remote: Compressing objects:  25% (1085/4339)        
2022-06-22T20:35:34.3642909Z remote: Compressing objects:  26% (1129/4339)        
2022-06-22T20:35:34.4041089Z remote: Compressing objects:  27% (1172/4339)        
2022-06-22T20:35:34.4346017Z remote: Compressing objects:  28% (1215/4339)        
2022-06-22T20:35:34.4829292Z remote: Compressing objects:  29% (1259/4339)        
2022-06-22T20:35:34.5291985Z remote: Compressing objects:  30% (1302/4339)        
2022-06-22T20:35:34.5555595Z remote: Compressing objects:  31% (1346/4339)        
2022-06-22T20:35:34.5964222Z remote: Compressing objects:  32% (1389/4339)        
2022-06-22T20:35:34.6198433Z remote: Compressing objects:  33% (1432/4339)        
2022-06-22T20:35:34.6312264Z remote: Compressing objects:  34% (1476/4339)        
2022-06-22T20:35:34.6409528Z remote: Compressing objects:  35% (1519/4339)        
2022-06-22T20:35:34.6535945Z remote: Compressing objects:  35% (1531/4339)        
2022-06-22T20:35:34.6994774Z remote: Compressing objects:  36% (1563/4339)        
2022-06-22T20:35:34.7289931Z remote: Compressing objects:  37% (1606/4339)        
2022-06-22T20:35:34.7568153Z remote: Compressing objects:  38% (1649/4339)        
2022-06-22T20:35:34.7669221Z remote: Compressing objects:  39% (1693/4339)        
2022-06-22T20:35:34.7946693Z remote: Compressing objects:  40% (1736/4339)        
2022-06-22T20:35:34.7993865Z remote: Compressing objects:  41% (1779/4339)        
2022-06-22T20:35:34.8014196Z remote: Compressing objects:  42% (1823/4339)        
2022-06-22T20:35:34.8261898Z remote: Compressing objects:  43% (1866/4339)        
2022-06-22T20:35:34.8310656Z remote: Compressing objects:  44% (1910/4339)        
2022-06-22T20:35:34.8363825Z remote: Compressing objects:  45% (1953/4339)        
2022-06-22T20:35:34.8435555Z remote: Compressing objects:  46% (1996/4339)        
2022-06-22T20:35:34.8552771Z remote: Compressing objects:  47% (2040/4339)        
2022-06-22T20:35:34.8622652Z remote: Compressing objects:  48% (2083/4339)        
2022-06-22T20:35:34.8713447Z remote: Compressing objects:  49% (2127/4339)        
2022-06-22T20:35:34.8820533Z remote: Compressing objects:  50% (2170/4339)        
2022-06-22T20:35:34.8967005Z remote: Compressing objects:  51% (2213/4339)        
2022-06-22T20:35:34.9058563Z remote: Compressing objects:  52% (2257/4339)        
2022-06-22T20:35:34.9140973Z remote: Compressing objects:  53% (2300/4339)        
2022-06-22T20:35:34.9351149Z remote: Compressing objects:  54% (2344/4339)        
2022-06-22T20:35:34.9420682Z remote: Compressing objects:  55% (2387/4339)        
2022-06-22T20:35:34.9463336Z remote: Compressing objects:  56% (2430/4339)        
2022-06-22T20:35:34.9558055Z remote: Compressing objects:  57% (2474/4339)        
2022-06-22T20:35:34.9662861Z remote: Compressing objects:  58% (2517/4339)        
2022-06-22T20:35:34.9705687Z remote: Compressing objects:  59% (2561/4339)        
2022-06-22T20:35:34.9847626Z remote: Compressing objects:  60% (2604/4339)        
2022-06-22T20:35:34.9910288Z remote: Compressing objects:  61% (2647/4339)        
2022-06-22T20:35:34.9990392Z remote: Compressing objects:  62% (2691/4339)        
2022-06-22T20:35:35.0062936Z remote: Compressing objects:  63% (2734/4339)        
2022-06-22T20:35:35.0337790Z remote: Compressing objects:  64% (2777/4339)        
2022-06-22T20:35:35.0399415Z remote: Compressing objects:  65% (2821/4339)        
2022-06-22T20:35:35.0526057Z remote: Compressing objects:  66% (2864/4339)        
2022-06-22T20:35:35.0597403Z remote: Compressing objects:  67% (2908/4339)        
2022-06-22T20:35:35.0642261Z remote: Compressing objects:  68% (2951/4339)        
2022-06-22T20:35:35.0712061Z remote: Compressing objects:  69% (2994/4339)        
2022-06-22T20:35:35.0789945Z remote: Compressing objects:  70% (3038/4339)        
2022-06-22T20:35:35.0886373Z remote: Compressing objects:  71% (3081/4339)        
2022-06-22T20:35:35.0938915Z remote: Compressing objects:  72% (3125/4339)        
2022-06-22T20:35:35.0993649Z remote: Compressing objects:  73% (3168/4339)        
2022-06-22T20:35:35.1070740Z remote: Compressing objects:  74% (3211/4339)        
2022-06-22T20:35:35.1156562Z remote: Compressing objects:  75% (3255/4339)        
2022-06-22T20:35:35.1256480Z remote: Compressing objects:  76% (3298/4339)        
2022-06-22T20:35:35.1529823Z remote: Compressing objects:  77% (3342/4339)        
2022-06-22T20:35:35.1679428Z remote: Compressing objects:  78% (3385/4339)        
2022-06-22T20:35:35.1771328Z remote: Compressing objects:  79% (3428/4339)        
2022-06-22T20:35:35.1859636Z remote: Compressing objects:  80% (3472/4339)        
2022-06-22T20:35:35.1931555Z remote: Compressing objects:  81% (3515/4339)        
2022-06-22T20:35:35.2024222Z remote: Compressing objects:  82% (3558/4339)        
2022-06-22T20:35:35.2103172Z remote: Compressing objects:  83% (3602/4339)        
2022-06-22T20:35:35.2191586Z remote: Compressing objects:  84% (3645/4339)        
2022-06-22T20:35:35.2310818Z remote: Compressing objects:  85% (3689/4339)        
2022-06-22T20:35:35.2384918Z remote: Compressing objects:  86% (3732/4339)        
2022-06-22T20:35:35.2420332Z remote: Compressing objects:  87% (3775/4339)        
2022-06-22T20:35:35.2439377Z remote: Compressing objects:  88% (3819/4339)        
2022-06-22T20:35:35.2443562Z remote: Compressing objects:  89% (3862/4339)        
2022-06-22T20:35:35.2487166Z remote: Compressing objects:  90% (3906/4339)        
2022-06-22T20:35:35.2495560Z remote: Compressing objects:  91% (3949/4339)        
2022-06-22T20:35:35.2504522Z remote: Compressing objects:  92% (3992/4339)        
2022-06-22T20:35:35.2504897Z remote: Compressing objects:  93% (4036/4339)        
2022-06-22T20:35:35.2520541Z remote: Compressing objects:  94% (4079/4339)        
2022-06-22T20:35:35.2524426Z remote: Compressing objects:  95% (4123/4339)        
2022-06-22T20:35:35.2533072Z remote: Compressing objects:  96% (4166/4339)        
2022-06-22T20:35:35.2533427Z remote: Compressing objects:  97% (4209/4339)        
2022-06-22T20:35:35.2540057Z remote: Compressing objects:  98% (4253/4339)        
2022-06-22T20:35:35.2556228Z remote: Compressing objects:  99% (4296/4339)        
2022-06-22T20:35:35.2556563Z remote: Compressing objects: 100% (4339/4339)        
2022-06-22T20:35:35.2556887Z remote: Compressing objects: 100% (4339/4339), done.        
2022-06-22T20:35:35.2751454Z Receiving objects:   0% (1/13672)
2022-06-22T20:35:35.3007578Z Receiving objects:   1% (137/13672)
2022-06-22T20:35:35.3255400Z Receiving objects:   2% (274/13672)
2022-06-22T20:35:35.3518342Z Receiving objects:   3% (411/13672)
2022-06-22T20:35:35.3761767Z Receiving objects:   4% (547/13672)
2022-06-22T20:35:35.4037127Z Receiving objects:   5% (684/13672)
2022-06-22T20:35:35.4257997Z Receiving objects:   6% (821/13672)
2022-06-22T20:35:35.4653603Z Receiving objects:   7% (958/13672)
2022-06-22T20:35:35.4665803Z Receiving objects:   8% (1094/13672)
2022-06-22T20:35:35.4678567Z Receiving objects:   9% (1231/13672)
2022-06-22T20:35:35.4690127Z Receiving objects:  10% (1368/13672)
2022-06-22T20:35:35.4695088Z Receiving objects:  11% (1504/13672)
2022-06-22T20:35:35.4704312Z Receiving objects:  12% (1641/13672)
2022-06-22T20:35:35.4708472Z Receiving objects:  13% (1778/13672)
2022-06-22T20:35:35.4716227Z Receiving objects:  14% (1915/13672)
2022-06-22T20:35:35.4720515Z Receiving objects:  15% (2051/13672)
2022-06-22T20:35:35.4726079Z Receiving objects:  16% (2188/13672)
2022-06-22T20:35:35.4734836Z Receiving objects:  17% (2325/13672)
2022-06-22T20:35:35.4739250Z Receiving objects:  18% (2461/13672)
2022-06-22T20:35:35.4751846Z Receiving objects:  19% (2598/13672)
2022-06-22T20:35:35.4757190Z Receiving objects:  20% (2735/13672)
2022-06-22T20:35:35.4760701Z Receiving objects:  21% (2872/13672)
2022-06-22T20:35:35.4773720Z Receiving objects:  22% (3008/13672)
2022-06-22T20:35:35.4777139Z Receiving objects:  23% (3145/13672)
2022-06-22T20:35:35.4786028Z Receiving objects:  24% (3282/13672)
2022-06-22T20:35:35.4789622Z Receiving objects:  25% (3418/13672)
2022-06-22T20:35:35.4794635Z Receiving objects:  26% (3555/13672)
2022-06-22T20:35:35.4804088Z Receiving objects:  27% (3692/13672)
2022-06-22T20:35:35.4807855Z Receiving objects:  28% (3829/13672)
2022-06-22T20:35:35.4818273Z Receiving objects:  29% (3965/13672)
2022-06-22T20:35:35.4825627Z Receiving objects:  30% (4102/13672)
2022-06-22T20:35:35.4832266Z Receiving objects:  31% (4239/13672)
2022-06-22T20:35:35.4839226Z Receiving objects:  32% (4376/13672)
2022-06-22T20:35:35.4847780Z Receiving objects:  33% (4512/13672)
2022-06-22T20:35:35.4849666Z Receiving objects:  34% (4649/13672)
2022-06-22T20:35:35.4853839Z Receiving objects:  35% (4786/13672)
2022-06-22T20:35:35.4863446Z Receiving objects:  36% (4922/13672)
2022-06-22T20:35:35.4870619Z Receiving objects:  37% (5059/13672)
2022-06-22T20:35:35.4877806Z Receiving objects:  38% (5196/13672)
2022-06-22T20:35:35.4882072Z Receiving objects:  39% (5333/13672)
2022-06-22T20:35:35.4889997Z Receiving objects:  40% (5469/13672)
2022-06-22T20:35:35.4894976Z Receiving objects:  41% (5606/13672)
2022-06-22T20:35:35.4916936Z Receiving objects:  42% (5743/13672)
2022-06-22T20:35:35.4917262Z Receiving objects:  43% (5879/13672)
2022-06-22T20:35:35.4917539Z Receiving objects:  44% (6016/13672)
2022-06-22T20:35:35.4917828Z Receiving objects:  45% (6153/13672)
2022-06-22T20:35:35.4918121Z Receiving objects:  46% (6290/13672)
2022-06-22T20:35:35.4926638Z Receiving objects:  47% (6426/13672)
2022-06-22T20:35:35.4930900Z Receiving objects:  48% (6563/13672)
2022-06-22T20:35:35.4940508Z Receiving objects:  49% (6700/13672)
2022-06-22T20:35:35.4941054Z Receiving objects:  50% (6836/13672)
2022-06-22T20:35:35.4944146Z Receiving objects:  51% (6973/13672)
2022-06-22T20:35:35.4949399Z Receiving objects:  52% (7110/13672)
2022-06-22T20:35:35.4949705Z Receiving objects:  53% (7247/13672)
2022-06-22T20:35:35.4958382Z Receiving objects:  54% (7383/13672)
2022-06-22T20:35:35.4961880Z Receiving objects:  55% (7520/13672)
2022-06-22T20:35:35.4965319Z Receiving objects:  56% (7657/13672)
2022-06-22T20:35:35.4992996Z Receiving objects:  57% (7794/13672)
2022-06-22T20:35:35.4993300Z Receiving objects:  58% (7930/13672)
2022-06-22T20:35:35.4993586Z Receiving objects:  59% (8067/13672)
2022-06-22T20:35:35.4993867Z Receiving objects:  60% (8204/13672)
2022-06-22T20:35:35.4994143Z Receiving objects:  61% (8340/13672)
2022-06-22T20:35:35.4994416Z Receiving objects:  62% (8477/13672)
2022-06-22T20:35:35.5004217Z Receiving objects:  63% (8614/13672)
2022-06-22T20:35:35.5004533Z Receiving objects:  64% (8751/13672)
2022-06-22T20:35:35.5081444Z Receiving objects:  65% (8887/13672)
2022-06-22T20:35:35.5252551Z Receiving objects:  66% (9024/13672)
2022-06-22T20:35:35.5480794Z Receiving objects:  67% (9161/13672)
2022-06-22T20:35:35.5752406Z Receiving objects:  68% (9297/13672)
2022-06-22T20:35:35.5883872Z Receiving objects:  69% (9434/13672)
2022-06-22T20:35:35.6114454Z Receiving objects:  70% (9571/13672)
2022-06-22T20:35:35.6318680Z Receiving objects:  71% (9708/13672)
2022-06-22T20:35:35.6557287Z Receiving objects:  72% (9844/13672)
2022-06-22T20:35:35.6801346Z Receiving objects:  73% (9981/13672)
2022-06-22T20:35:35.6994302Z Receiving objects:  74% (10118/13672)
2022-06-22T20:35:35.7316745Z Receiving objects:  75% (10254/13672)
2022-06-22T20:35:35.7554340Z Receiving objects:  76% (10391/13672)
2022-06-22T20:35:35.7904315Z Receiving objects:  77% (10528/13672)
2022-06-22T20:35:35.7967818Z Receiving objects:  78% (10665/13672), 5.95 MiB | 11.90 MiB/s
2022-06-22T20:35:35.8021322Z Receiving objects:  79% (10801/13672), 5.95 MiB | 11.90 MiB/s
2022-06-22T20:35:35.8086295Z Receiving objects:  80% (10938/13672), 5.95 MiB | 11.90 MiB/s
2022-06-22T20:35:35.8206463Z Receiving objects:  81% (11075/13672), 5.95 MiB | 11.90 MiB/s
2022-06-22T20:35:35.8334823Z Receiving objects:  82% (11212/13672), 5.95 MiB | 11.90 MiB/s
2022-06-22T20:35:35.8421395Z Receiving objects:  83% (11348/13672), 5.95 MiB | 11.90 MiB/s
2022-06-22T20:35:35.8609123Z Receiving objects:  84% (11485/13672), 5.95 MiB | 11.90 MiB/s
2022-06-22T20:35:35.8837640Z Receiving objects:  85% (11622/13672), 5.95 MiB | 11.90 MiB/s
2022-06-22T20:35:35.8889367Z Receiving objects:  86% (11758/13672), 5.95 MiB | 11.90 MiB/s
2022-06-22T20:35:35.8988186Z Receiving objects:  87% (11895/13672), 5.95 MiB | 11.90 MiB/s
2022-06-22T20:35:35.9151450Z Receiving objects:  88% (12032/13672), 5.95 MiB | 11.90 MiB/s
2022-06-22T20:35:35.9235506Z Receiving objects:  89% (12169/13672), 5.95 MiB | 11.90 MiB/s
2022-06-22T20:35:36.8860800Z Receiving objects:  90% (12305/13672), 5.95 MiB | 11.90 MiB/s
2022-06-22T20:35:37.1131859Z Receiving objects:  90% (12383/13672), 9.06 MiB | 5.58 MiB/s 
2022-06-22T20:35:37.1141982Z Receiving objects:  91% (12442/13672), 9.06 MiB | 5.58 MiB/s
2022-06-22T20:35:37.1213036Z Receiving objects:  92% (12579/13672), 9.06 MiB | 5.58 MiB/s
2022-06-22T20:35:37.1271215Z Receiving objects:  93% (12715/13672), 9.06 MiB | 5.58 MiB/s
2022-06-22T20:35:37.1326689Z Receiving objects:  94% (12852/13672), 9.06 MiB | 5.58 MiB/s
2022-06-22T20:35:37.1373258Z Receiving objects:  95% (12989/13672), 9.06 MiB | 5.58 MiB/s
2022-06-22T20:35:37.1415560Z Receiving objects:  96% (13126/13672), 9.06 MiB | 5.58 MiB/s
2022-06-22T20:35:37.1434392Z Receiving objects:  97% (13262/13672), 9.06 MiB | 5.58 MiB/s
2022-06-22T20:35:37.1631871Z Receiving objects:  98% (13399/13672), 9.06 MiB | 5.58 MiB/s
2022-06-22T20:35:37.2403811Z Receiving objects:  99% (13536/13672), 9.06 MiB | 5.58 MiB/s
2022-06-22T20:35:37.2404941Z remote: Total 13672 (delta 10804), reused 10297 (delta 9218), pack-reused 0        
2022-06-22T20:35:37.2437281Z Receiving objects: 100% (13672/13672), 9.06 MiB | 5.58 MiB/s
2022-06-22T20:35:37.2438206Z Receiving objects: 100% (13672/13672), 19.56 MiB | 9.87 MiB/s, done.
2022-06-22T20:35:37.2528990Z Resolving deltas:   0% (0/10804)
2022-06-22T20:35:37.2542884Z Resolving deltas:   1% (109/10804)
2022-06-22T20:35:37.2551358Z Resolving deltas:   2% (217/10804)
2022-06-22T20:35:37.2560923Z Resolving deltas:   3% (325/10804)
2022-06-22T20:35:37.2595324Z Resolving deltas:   4% (434/10804)
2022-06-22T20:35:37.2652850Z Resolving deltas:   5% (541/10804)
2022-06-22T20:35:37.2699476Z Resolving deltas:   6% (649/10804)
2022-06-22T20:35:37.2761434Z Resolving deltas:   7% (757/10804)
2022-06-22T20:35:37.2802954Z Resolving deltas:   8% (865/10804)
2022-06-22T20:35:37.2811812Z Resolving deltas:   9% (973/10804)
2022-06-22T20:35:37.2862418Z Resolving deltas:  10% (1081/10804)
2022-06-22T20:35:37.2903827Z Resolving deltas:  11% (1189/10804)
2022-06-22T20:35:37.2960018Z Resolving deltas:  12% (1297/10804)
2022-06-22T20:35:37.3016356Z Resolving deltas:  13% (1405/10804)
2022-06-22T20:35:37.3061055Z Resolving deltas:  14% (1513/10804)
2022-06-22T20:35:37.3087447Z Resolving deltas:  15% (1621/10804)
2022-06-22T20:35:37.3156288Z Resolving deltas:  16% (1729/10804)
2022-06-22T20:35:37.3208882Z Resolving deltas:  17% (1837/10804)
2022-06-22T20:35:37.3263112Z Resolving deltas:  18% (1945/10804)
2022-06-22T20:35:37.3302487Z Resolving deltas:  19% (2053/10804)
2022-06-22T20:35:37.3349632Z Resolving deltas:  20% (2161/10804)
2022-06-22T20:35:37.3429987Z Resolving deltas:  21% (2269/10804)
2022-06-22T20:35:37.3531172Z Resolving deltas:  22% (2377/10804)
2022-06-22T20:35:37.3582486Z Resolving deltas:  23% (2485/10804)
2022-06-22T20:35:37.3597073Z Resolving deltas:  24% (2593/10804)
2022-06-22T20:35:37.3636129Z Resolving deltas:  25% (2701/10804)
2022-06-22T20:35:37.3661236Z Resolving deltas:  26% (2810/10804)
2022-06-22T20:35:37.3717429Z Resolving deltas:  27% (2918/10804)
2022-06-22T20:35:37.3760742Z Resolving deltas:  28% (3026/10804)
2022-06-22T20:35:37.3801617Z Resolving deltas:  29% (3134/10804)
2022-06-22T20:35:37.3810335Z Resolving deltas:  30% (3242/10804)
2022-06-22T20:35:37.3817703Z Resolving deltas:  31% (3350/10804)
2022-06-22T20:35:37.3824858Z Resolving deltas:  32% (3458/10804)
2022-06-22T20:35:37.3835073Z Resolving deltas:  33% (3566/10804)
2022-06-22T20:35:37.3843676Z Resolving deltas:  34% (3674/10804)
2022-06-22T20:35:37.3852628Z Resolving deltas:  35% (3782/10804)
2022-06-22T20:35:37.3861963Z Resolving deltas:  36% (3890/10804)
2022-06-22T20:35:37.3891242Z Resolving deltas:  37% (3998/10804)
2022-06-22T20:35:37.3944008Z Resolving deltas:  38% (4106/10804)
2022-06-22T20:35:37.3957562Z Resolving deltas:  39% (4214/10804)
2022-06-22T20:35:37.3966641Z Resolving deltas:  40% (4322/10804)
2022-06-22T20:35:37.3978361Z Resolving deltas:  41% (4430/10804)
2022-06-22T20:35:37.3985390Z Resolving deltas:  42% (4538/10804)
2022-06-22T20:35:37.3993386Z Resolving deltas:  43% (4646/10804)
2022-06-22T20:35:37.4000909Z Resolving deltas:  44% (4754/10804)
2022-06-22T20:35:37.4008259Z Resolving deltas:  45% (4862/10804)
2022-06-22T20:35:37.4015531Z Resolving deltas:  46% (4970/10804)
2022-06-22T20:35:37.4024202Z Resolving deltas:  47% (5078/10804)
2022-06-22T20:35:37.4031771Z Resolving deltas:  48% (5186/10804)
2022-06-22T20:35:37.4040334Z Resolving deltas:  49% (5294/10804)
2022-06-22T20:35:37.4049000Z Resolving deltas:  50% (5402/10804)
2022-06-22T20:35:37.4059547Z Resolving deltas:  51% (5511/10804)
2022-06-22T20:35:37.4070232Z Resolving deltas:  52% (5619/10804)
2022-06-22T20:35:37.4077892Z Resolving deltas:  53% (5727/10804)
2022-06-22T20:35:37.4088260Z Resolving deltas:  54% (5835/10804)
2022-06-22T20:35:37.4096683Z Resolving deltas:  55% (5943/10804)
2022-06-22T20:35:37.4105085Z Resolving deltas:  56% (6051/10804)
2022-06-22T20:35:37.4114613Z Resolving deltas:  57% (6159/10804)
2022-06-22T20:35:37.4125866Z Resolving deltas:  58% (6267/10804)
2022-06-22T20:35:37.4133505Z Resolving deltas:  59% (6375/10804)
2022-06-22T20:35:37.4141927Z Resolving deltas:  60% (6484/10804)
2022-06-22T20:35:37.4149422Z Resolving deltas:  61% (6591/10804)
2022-06-22T20:35:37.4156720Z Resolving deltas:  62% (6699/10804)
2022-06-22T20:35:37.4167996Z Resolving deltas:  63% (6807/10804)
2022-06-22T20:35:37.4177184Z Resolving deltas:  64% (6915/10804)
2022-06-22T20:35:37.4186078Z Resolving deltas:  65% (7023/10804)
2022-06-22T20:35:37.4195101Z Resolving deltas:  66% (7131/10804)
2022-06-22T20:35:37.4203859Z Resolving deltas:  67% (7239/10804)
2022-06-22T20:35:37.4211064Z Resolving deltas:  68% (7348/10804)
2022-06-22T20:35:37.4219018Z Resolving deltas:  69% (7455/10804)
2022-06-22T20:35:37.4227289Z Resolving deltas:  70% (7563/10804)
2022-06-22T20:35:37.4237811Z Resolving deltas:  71% (7671/10804)
2022-06-22T20:35:37.4245740Z Resolving deltas:  72% (7779/10804)
2022-06-22T20:35:37.4255087Z Resolving deltas:  73% (7887/10804)
2022-06-22T20:35:37.4266532Z Resolving deltas:  74% (7995/10804)
2022-06-22T20:35:37.4275747Z Resolving deltas:  75% (8103/10804)
2022-06-22T20:35:37.4285136Z Resolving deltas:  76% (8212/10804)
2022-06-22T20:35:37.4294352Z Resolving deltas:  77% (8320/10804)
2022-06-22T20:35:37.4302098Z Resolving deltas:  78% (8428/10804)
2022-06-22T20:35:37.4311246Z Resolving deltas:  79% (8536/10804)
2022-06-22T20:35:37.4326028Z Resolving deltas:  80% (8644/10804)
2022-06-22T20:35:37.4336816Z Resolving deltas:  81% (8752/10804)
2022-06-22T20:35:37.4345989Z Resolving deltas:  82% (8860/10804)
2022-06-22T20:35:37.4355459Z Resolving deltas:  83% (8968/10804)
2022-06-22T20:35:37.4365110Z Resolving deltas:  84% (9076/10804)
2022-06-22T20:35:37.4373631Z Resolving deltas:  85% (9184/10804)
2022-06-22T20:35:37.4382232Z Resolving deltas:  86% (9292/10804)
2022-06-22T20:35:37.4392006Z Resolving deltas:  87% (9400/10804)
2022-06-22T20:35:37.4401673Z Resolving deltas:  88% (9508/10804)
2022-06-22T20:35:37.4411303Z Resolving deltas:  89% (9616/10804)
2022-06-22T20:35:37.4420257Z Resolving deltas:  90% (9724/10804)
2022-06-22T20:35:37.4428031Z Resolving deltas:  91% (9832/10804)
2022-06-22T20:35:37.4438556Z Resolving deltas:  92% (9940/10804)
2022-06-22T20:35:37.4481713Z Resolving deltas:  93% (10048/10804)
2022-06-22T20:35:37.4548436Z Resolving deltas:  94% (10156/10804)
2022-06-22T20:35:37.4583540Z Resolving deltas:  95% (10265/10804)
2022-06-22T20:35:37.4636558Z Resolving deltas:  96% (10372/10804)
2022-06-22T20:35:37.4669024Z Resolving deltas:  97% (10480/10804)
2022-06-22T20:35:37.4696783Z Resolving deltas:  98% (10588/10804)
2022-06-22T20:35:37.4765797Z Resolving deltas:  99% (10696/10804)
2022-06-22T20:35:37.4802135Z Resolving deltas: 100% (10804/10804)
2022-06-22T20:35:37.4802714Z Resolving deltas: 100% (10804/10804), done.
2022-06-22T20:35:37.7154826Z From https://github.com/JabRef/jabref
2022-06-22T20:35:37.7156134Z  * [new ref]         6a72ddd3e1975c53043db7105b581e1ee52f6ab8 -> origin/main
2022-06-22T20:35:37.7178984Z ##[endgroup]
2022-06-22T20:35:37.7180338Z ##[group]Determining the checkout info
2022-06-22T20:35:37.7200994Z ##[endgroup]
2022-06-22T20:35:37.7202143Z ##[group]Checking out the ref
2022-06-22T20:35:37.7203489Z [command]/usr/bin/git checkout --progress --force -B main refs/remotes/origin/main
2022-06-22T20:35:38.6066617Z Switched to a new branch 'main'
2022-06-22T20:35:38.6071906Z branch 'main' set up to track 'origin/main'.
2022-06-22T20:35:38.6089433Z ##[endgroup]
2022-06-22T20:35:38.6146239Z [command]/usr/bin/git log -1 --format='%H'
2022-06-22T20:35:38.6187393Z '6a72ddd3e1975c53043db7105b581e1ee52f6ab8'
2022-06-22T20:35:38.6566822Z ##[group]Run actions/setup-java@v3
2022-06-22T20:35:38.6567091Z with:
2022-06-22T20:35:38.6567297Z   java-version: 18
2022-06-22T20:35:38.6567522Z   distribution: temurin
2022-06-22T20:35:38.6567743Z   cache: gradle
2022-06-22T20:35:38.6567961Z   java-package: jdk
2022-06-22T20:35:38.6568182Z   architecture: x64
2022-06-22T20:35:38.6568407Z   check-latest: false
2022-06-22T20:35:38.6568614Z   server-id: github
2022-06-22T20:35:38.6568849Z   server-username: GITHUB_ACTOR
2022-06-22T20:35:38.6569129Z   server-password: GITHUB_TOKEN
2022-06-22T20:35:38.6569393Z   overwrite-settings: true
2022-06-22T20:35:38.6569645Z   job-status: success
2022-06-22T20:35:38.6569851Z env:
2022-06-22T20:35:38.6570328Z   SpringerNatureAPIKey: ***
2022-06-22T20:35:38.6570728Z   AstrophysicsDataSystemAPIKey: ***
2022-06-22T20:35:38.6571038Z   IEEEAPIKey: ***
2022-06-22T20:35:38.6571289Z   BiodiversityHeritageApiKey: 
2022-06-22T20:35:38.6571530Z   GRADLE_OPTS: -Xmx4g
2022-06-22T20:35:38.6571957Z   JAVA_OPTS: -Xmx4g
2022-06-22T20:35:38.6572558Z ##[endgroup]
2022-06-22T20:35:38.9377639Z Trying to resolve the latest version from remote
2022-06-22T20:35:39.0842122Z Resolved latest version as 18.0.1+10
2022-06-22T20:35:39.0842677Z Trying to download...
2022-06-22T20:35:39.0848288Z Downloading Java 18.0.1+10 (Temurin-Hotspot) from https://github.com/adoptium/temurin18-binaries/releases/download/jdk-18.0.1%2B10/OpenJDK18U-jdk_x64_linux_hotspot_18.0.1_10.tar.gz ...
2022-06-22T20:35:40.5101885Z Extracting Java archive...
2022-06-22T20:35:40.5257446Z [command]/usr/bin/tar xz --warning=no-unknown-keyword -C /home/runner/work/_temp/82fa7f25-6bb0-4859-8283-6ce5b2f3f2ed -f /home/runner/work/_temp/09438c41-5fce-4692-8b82-bec949fb42f2
2022-06-22T20:35:44.9846632Z Java 18.0.1+10 was downloaded
2022-06-22T20:35:44.9847202Z Setting Java 18.0.1+10 as the default
2022-06-22T20:35:44.9861336Z 
2022-06-22T20:35:44.9861451Z Java configuration:
2022-06-22T20:35:44.9861709Z   Distribution: temurin
2022-06-22T20:35:44.9861971Z   Version: 18.0.1+10
2022-06-22T20:35:44.9862417Z   Path: /opt/hostedtoolcache/Java_Temurin-Hotspot_jdk/18.0.1-10/x64
2022-06-22T20:35:44.9862644Z 
2022-06-22T20:35:44.9892297Z Creating settings.xml with server-id: github
2022-06-22T20:35:45.1810512Z Writing to /home/runner/.m2/settings.xml
2022-06-22T20:35:47.6383591Z Received 167772160 of 519616396 (32.3%), 158.9 MBs/sec
2022-06-22T20:35:48.6456058Z Received 415236096 of 519616396 (79.9%), 196.7 MBs/sec
2022-06-22T20:35:49.7171115Z Received 519616396 of 519616396 (100.0%), 160.6 MBs/sec
2022-06-22T20:35:49.7179427Z Cache Size: ~496 MB (519616396 B)
2022-06-22T20:35:49.7316466Z [command]/usr/bin/tar --use-compress-program zstd -d -xf /home/runner/work/_temp/d676e2cd-a94a-476c-ada7-9c0c3d7f4a40/cache.tzst -P -C /home/runner/work/jabref/jabref
2022-06-22T20:35:53.5934836Z Cache restored successfully
2022-06-22T20:35:53.8128909Z Cache restored from key: setup-java-Linux-gradle-3ea4658957301eb0c1bc179cdc78d295c21948aab82212626759e20e3891f0af
2022-06-22T20:35:54.0205946Z ##[group]Run xvfb-run --auto-servernum ./gradlew check -x checkstyleJmh -x checkstyleMain -x checkstyleTest
2022-06-22T20:35:54.0206569Z [36;1mxvfb-run --auto-servernum ./gradlew check -x checkstyleJmh -x checkstyleMain -x checkstyleTest[0m
2022-06-22T20:35:54.0331050Z shell: /usr/bin/bash -e {0}
2022-06-22T20:35:54.0331363Z env:
2022-06-22T20:35:54.0331953Z   SpringerNatureAPIKey: ***
2022-06-22T20:35:54.0332433Z   AstrophysicsDataSystemAPIKey: ***
2022-06-22T20:35:54.0332847Z   IEEEAPIKey: ***
2022-06-22T20:35:54.0333154Z   BiodiversityHeritageApiKey: 
2022-06-22T20:35:54.0333468Z   GRADLE_OPTS: -Xmx4g
2022-06-22T20:35:54.0333757Z   JAVA_OPTS: -Xmx4g
2022-06-22T20:35:54.0334192Z   JAVA_HOME: /opt/hostedtoolcache/Java_Temurin-Hotspot_jdk/18.0.1-10/x64
2022-06-22T20:35:54.0334541Z   CI: true
2022-06-22T20:35:54.0334888Z ##[endgroup]
2022-06-22T20:35:57.2620681Z 
2022-06-22T20:35:57.2622406Z Welcome to Gradle 7.4.2!
2022-06-22T20:35:57.2622975Z 
2022-06-22T20:35:57.2623789Z Here are the highlights of this release:
2022-06-22T20:35:57.2625217Z  - Aggregated test and JaCoCo reports
2022-06-22T20:35:57.2627082Z  - Marking additional test source directories as tests in IntelliJ
2022-06-22T20:35:57.2628440Z  - Support for Adoptium JDKs in Java toolchains
2022-06-22T20:35:57.2629310Z 
2022-06-22T20:35:57.2643833Z For more details see https://docs.gradle.org/7.4.2/release-notes.html
2022-06-22T20:35:57.2644349Z 
2022-06-22T20:35:57.4548783Z Starting a Gradle Daemon (subsequent builds will be faster)
2022-06-22T20:36:04.9547999Z > Task :buildSrc:compileJava
2022-06-22T20:36:07.7570053Z > Task :buildSrc:compileGroovy
2022-06-22T20:36:07.7570900Z > Task :buildSrc:processResources NO-SOURCE
2022-06-22T20:36:07.7571292Z > Task :buildSrc:classes
2022-06-22T20:36:07.8543100Z > Task :buildSrc:jar
2022-06-22T20:36:07.8589207Z > Task :buildSrc:assemble
2022-06-22T20:36:07.8590065Z > Task :buildSrc:compileTestJava NO-SOURCE
2022-06-22T20:36:07.8590617Z > Task :buildSrc:compileTestGroovy NO-SOURCE
2022-06-22T20:36:07.8593119Z > Task :buildSrc:processTestResources NO-SOURCE
2022-06-22T20:36:07.8593864Z > Task :buildSrc:testClasses UP-TO-DATE
2022-06-22T20:36:07.8594816Z > Task :buildSrc:test NO-SOURCE
2022-06-22T20:36:07.8597631Z > Task :buildSrc:check UP-TO-DATE
2022-06-22T20:36:07.8598637Z > Task :buildSrc:build
2022-06-22T20:36:09.8527968Z 
2022-06-22T20:36:09.8535165Z > Configure project :
2022-06-22T20:36:09.8536516Z Project : => 'org.jabref' Java module
2022-06-22T20:36:11.4528316Z 
2022-06-22T20:36:11.4528832Z > Task :generateBibtexmlSource
2022-06-22T20:36:12.4533899Z > Task :generateBstGrammarSource
2022-06-22T20:36:12.6529504Z > Task :generateCitaviSource
2022-06-22T20:36:12.9528842Z > Task :generateEndnoteSource
2022-06-22T20:36:13.1528603Z > Task :generateMedlineSource
2022-06-22T20:36:13.6529350Z > Task :generateModsSource
2022-06-22T20:36:14.2528023Z > Task :generateSearchGrammarSource
2022-06-22T20:36:14.2529043Z > Task :generateSource
2022-06-22T20:36:33.6527281Z 
2022-06-22T20:36:33.6528169Z > Task :compileJava
2022-06-22T20:36:33.6529288Z Note: Some input files use or override a deprecated API.
2022-06-22T20:36:33.6530198Z Note: Recompile with -Xlint:deprecation for details.
2022-06-22T20:36:33.6530910Z Note: Some input files use unchecked or unsafe operations.
2022-06-22T20:36:33.6625234Z Note: Recompile with -Xlint:unchecked for details.
2022-06-22T20:36:35.8527930Z 
2022-06-22T20:36:35.8529124Z > Task :processResources
2022-06-22T20:36:35.8529439Z > Task :classes
2022-06-22T20:36:37.6571333Z 
2022-06-22T20:36:37.6605947Z > Task :modernizer
2022-06-22T20:36:37.6607089Z /home/runner/work/jabref/jabref/src/main/java/org/jabref/cli/CrossrefFetcherEvaluator.java:33: Prefer java.io.FileReader.<init>(String, Charset)
2022-06-22T20:36:37.6607991Z /home/runner/work/jabref/jabref/src/main/java/org/jabref/cli/ArgumentProcessor.java:292: Prefer java.util.ArrayList
2022-06-22T20:36:37.6608716Z /home/runner/work/jabref/jabref/src/main/java/org/jabref/cli/ArgumentProcessor.java:293: Prefer java.util.ArrayList
2022-06-22T20:36:37.6609293Z /home/runner/work/jabref/jabref/src/main/java/org/jabref/logic/crawler/StudyRepository.java:425: Prefer java.io.FileWriter.<init>(File, Charset)
2022-06-22T20:36:37.6609867Z /home/runner/work/jabref/jabref/src/main/java/org/jabref/logic/importer/util/JsonReader.java:25: Prefer java.nio.charset.StandardCharsets
2022-06-22T20:36:37.6610439Z /home/runner/work/jabref/jabref/src/main/java/org/jabref/logic/importer/util/JsonReader.java:38: Prefer java.nio.charset.StandardCharsets
2022-06-22T20:36:37.6611028Z /home/runner/work/jabref/jabref/src/main/java/org/jabref/logic/importer/fileformat/ACMPortalParser.java:95: Prefer java.nio.charset.StandardCharsets
2022-06-22T20:36:37.6611630Z /home/runner/work/jabref/jabref/src/main/java/org/jabref/logic/cleanup/DoiCleanup.java:38: Prefer java.net.URLDecoder.decode(String, Charset)
2022-06-22T20:36:37.6612202Z /home/runner/work/jabref/jabref/src/main/java/org/jabref/logic/exporter/TemplateExporter.java:172: Prefer java.io.FileReader.<init>(File, Charset)
2022-06-22T20:36:37.6613001Z /home/runner/work/jabref/jabref/src/main/java/org/jabref/logic/exporter/TemplateExporter.java:318: Prefer java.io.FileReader.<init>(File, Charset)
2022-06-22T20:36:37.6614023Z /home/runner/work/jabref/jabref/src/main/java/org/jabref/logic/protectedterms/ProtectedTermsParser.java:49: Prefer java.io.FileReader.<init>(File, Charset)
2022-06-22T20:36:37.6614652Z /home/runner/work/jabref/jabref/src/main/java/org/jabref/gui/util/BackgroundTask.java:36: Prefer java.util.Map.of(Object, Object)
2022-06-22T20:36:37.6615226Z /home/runner/work/jabref/jabref/src/main/java/org/jabref/gui/push/PushToLyx.java:92: Prefer java.io.FileWriter.<init>(File, Charset)
2022-06-22T20:36:37.6615851Z /home/runner/work/jabref/jabref/src/main/java/org/jabref/gui/maintable/columns/FieldColumn.java:36: Prefer Stream.collect(MoreCollectors.onlyElement())
2022-06-22T20:36:37.6616198Z 
2022-06-22T20:36:37.6616321Z > Task :mergeClasses SKIPPED
2022-06-22T20:36:51.3526884Z 
2022-06-22T20:36:51.3527841Z > Task :compileTestJava
2022-06-22T20:36:51.3528817Z warning: [options] --add-opens has no effect at compile time
2022-06-22T20:36:52.0528834Z warning: module name in --add-reads option not found: org.kordamp.ikonli.IkonHandler
2022-06-22T20:36:52.0530062Z warning: module name in --add-reads option not found: org.kordamp.ikonli.IkonProvider
2022-06-22T20:36:52.0531096Z warning: [options] module name in --add-exports option not found: org.junit.jupiter.engine
2022-06-22T20:37:00.5529246Z Note: Some input files use or override a deprecated API.
2022-06-22T20:37:00.5530245Z Note: Recompile with -Xlint:deprecation for details.
2022-06-22T20:37:00.5530786Z Note: Some input files use unchecked or unsafe operations.
2022-06-22T20:37:00.5531341Z Note: Recompile with -Xlint:unchecked for details.
2022-06-22T20:37:00.5531745Z 4 warnings
2022-06-22T20:37:01.2526475Z 
2022-06-22T20:37:01.2527737Z > Task :copyTestResources
2022-06-22T20:37:01.4528817Z > Task :processTestResources
2022-06-22T20:37:01.4529427Z > Task :testClasses
2022-06-22T20:37:03.4526645Z 
2022-06-22T20:37:03.4527451Z > Task :test
2022-06-22T20:37:03.4528343Z Running tests on classpath
2022-06-22T20:37:03.4528845Z 
2022-06-22T20:37:21.3531128Z [0K[1morg.jabref.architecture.MainArchitectureTests[m
2022-06-22T20:37:21.3531833Z 
2022-06-22T20:37:21.3604007Z [0K[1m  Test [22mrespectLayeredArchitecture[33m SKIPPED[m
2022-06-22T20:37:24.1535391Z OpenJDK 64-Bit Server VM warning: Sharing is only supported for boot loader classes because bootstrap classpath has been appended
2022-06-22T20:37:48.8529024Z 
2022-06-22T20:37:48.8530115Z [0K[1morg.jabref.gui.theme.ThemeManagerTest[m
2022-06-22T20:37:48.8531353Z 
2022-06-22T20:37:48.8532096Z [0K[1m  Test [22mcustomThemeBecomesAvailableAfterFileIsCreated()[33m SKIPPED[m
2022-06-22T20:37:49.7528626Z [0K[1m  Test [22minstallThemeOnScene()[31m FAILED[31m
2022-06-22T20:37:49.7529479Z 
2022-06-22T20:37:49.7530165Z   org.opentest4j.AssertionFailedError: expected: <2> but was: <3>
2022-06-22T20:37:49.7531664Z       at app//org.junit.jupiter.api.AssertionUtils.fail(AssertionUtils.java:55)
2022-06-22T20:37:49.7532443Z       at app//org.junit.jupiter.api.AssertionUtils.failNotEqual(AssertionUtils.java:62)
2022-06-22T20:37:49.7533198Z       at app//org.junit.jupiter.api.AssertEquals.assertEquals(AssertEquals.java:150)
2022-06-22T20:37:49.7607747Z       at app//org.junit.jupiter.api.AssertEquals.assertEquals(AssertEquals.java:145)
2022-06-22T20:37:49.7608294Z       at app//org.junit.jupiter.api.Assertions.assertEquals(Assertions.java:527)
2022-06-22T20:37:49.7608817Z       at app//org.jabref.gui.theme.ThemeManagerTest.installThemeOnScene(ThemeManagerTest.java:174)
2022-06-22T20:37:49.7609419Z       at java.base@18.0.1/jdk.internal.reflect.DirectMethodHandleAccessor.invoke(DirectMethodHandleAccessor.java:104)
2022-06-22T20:37:49.7610097Z       at java.base@18.0.1/java.lang.reflect.Method.invoke(Method.java:577)
2022-06-22T20:37:49.7610810Z       at app//org.junit.platform.commons.util.ReflectionUtils.invokeMethod(ReflectionUtils.java:725)
2022-06-22T20:37:49.7611429Z       at app//org.junit.jupiter.engine.execution.MethodInvocation.proceed(MethodInvocation.java:60)
2022-06-22T20:37:49.7612169Z       at app//org.junit.jupiter.engine.execution.InvocationInterceptorChain$ValidatingInvocation.proceed(InvocationInterceptorChain.java:131)
2022-06-22T20:37:49.7612879Z       at app//org.junit.jupiter.engine.extension.TimeoutExtension.intercept(TimeoutExtension.java:149)
2022-06-22T20:37:49.7613870Z       at app//org.junit.jupiter.engine.extension.TimeoutExtension.interceptTestableMethod(TimeoutExtension.java:140)
2022-06-22T20:37:49.7614726Z       at app//org.junit.jupiter.engine.extension.TimeoutExtension.interceptTestMethod(TimeoutExtension.java:84)
2022-06-22T20:37:49.7615412Z       at app//org.junit.jupiter.engine.execution.ExecutableInvoker$ReflectiveInterceptorCall.lambda$ofVoidMethod$0(ExecutableInvoker.java:115)
2022-06-22T20:37:49.7616063Z       at app//org.junit.jupiter.engine.execution.ExecutableInvoker.lambda$invoke$0(ExecutableInvoker.java:105)
2022-06-22T20:37:49.7616739Z       at app//org.junit.jupiter.engine.execution.InvocationInterceptorChain$InterceptedInvocation.proceed(InvocationInterceptorChain.java:106)
2022-06-22T20:37:49.7617619Z       at app//org.junit.jupiter.engine.execution.InvocationInterceptorChain.proceed(InvocationInterceptorChain.java:64)
2022-06-22T20:37:49.7618330Z       at app//org.junit.jupiter.engine.execution.InvocationInterceptorChain.chainAndInvoke(InvocationInterceptorChain.java:45)
2022-06-22T20:37:49.7619042Z       at app//org.junit.jupiter.engine.execution.InvocationInterceptorChain.invoke(InvocationInterceptorChain.java:37)
2022-06-22T20:37:49.7620032Z       at app//org.junit.jupiter.engine.execution.ExecutableInvoker.invoke(ExecutableInvoker.java:104)
2022-06-22T20:37:49.7620875Z       at app//org.junit.jupiter.engine.execution.ExecutableInvoker.invoke(ExecutableInvoker.java:98)
2022-06-22T20:37:49.7621580Z       at app//org.junit.jupiter.engine.descriptor.TestMethodTestDescriptor.lambda$invokeTestMethod$7(TestMethodTestDescriptor.java:214)
2022-06-22T20:37:49.7622343Z       at app//org.junit.platform.engine.support.hierarchical.ThrowableCollector.execute(ThrowableCollector.java:73)
2022-06-22T20:37:49.7623341Z       at app//org.junit.jupiter.engine.descriptor.TestMethodTestDescriptor.invokeTestMethod(TestMethodTestDescriptor.java:210)
2022-06-22T20:37:49.7624421Z       at app//org.junit.jupiter.engine.descriptor.TestMethodTestDescriptor.execute(TestMethodTestDescriptor.java:135)
2022-06-22T20:37:49.7625130Z       at app//org.junit.jupiter.engine.descriptor.TestMethodTestDescriptor.execute(TestMethodTestDescriptor.java:66)
2022-06-22T20:37:49.7626423Z       at app//org.junit.platform.engine.support.hierarchical.NodeTestTask.lambda$executeRecursively$6(NodeTestTask.java:151)
2022-06-22T20:37:49.7627152Z       at app//org.junit.platform.engine.support.hierarchical.ThrowableCollector.execute(ThrowableCollector.java:73)
2022-06-22T20:37:49.7628111Z       at app//org.junit.platform.engine.support.hierarchical.NodeTestTask.lambda$executeRecursively$8(NodeTestTask.java:141)
2022-06-22T20:37:49.7628747Z       at app//org.junit.platform.engine.support.hierarchical.Node.around(Node.java:137)
2022-06-22T20:37:49.7629522Z       at app//org.junit.platform.engine.support.hierarchical.NodeTestTask.lambda$executeRecursively$9(NodeTestTask.java:139)
2022-06-22T20:37:49.7630211Z       at app//org.junit.platform.engine.support.hierarchical.ThrowableCollector.execute(ThrowableCollector.java:73)
2022-06-22T20:37:49.7631135Z       at app//org.junit.platform.engine.support.hierarchical.NodeTestTask.executeRecursively(NodeTestTask.java:138)
2022-06-22T20:37:49.7631827Z       at app//org.junit.platform.engine.support.hierarchical.NodeTestTask.execute(NodeTestTask.java:95)
2022-06-22T20:37:49.7632345Z       at java.base@18.0.1/java.util.ArrayList.forEach(ArrayList.java:1511)
2022-06-22T20:37:49.7633101Z       at app//org.junit.platform.engine.support.hierarchical.SameThreadHierarchicalTestExecutorService.invokeAll(SameThreadHierarchicalTestExecutorService.java:41)
2022-06-22T20:37:49.7634314Z       at app//org.junit.platform.engine.support.hierarchical.NodeTestTask.lambda$executeRecursively$6(NodeTestTask.java:155)
2022-06-22T20:37:49.7634977Z       at app//org.junit.platform.engine.support.hierarchical.ThrowableCollector.execute(ThrowableCollector.java:73)
2022-06-22T20:37:49.7635637Z       at app//org.junit.platform.engine.support.hierarchical.NodeTestTask.lambda$executeRecursively$8(NodeTestTask.java:141)
2022-06-22T20:37:49.7636218Z       at app//org.junit.platform.engine.support.hierarchical.Node.around(Node.java:137)
2022-06-22T20:37:49.7636800Z       at app//org.junit.platform.engine.support.hierarchical.NodeTestTask.lambda$executeRecursively$9(NodeTestTask.java:139)
2022-06-22T20:37:49.7637466Z       at app//org.junit.platform.engine.support.hierarchical.ThrowableCollector.execute(ThrowableCollector.java:73)
2022-06-22T20:37:49.7638146Z       at app//org.junit.platform.engine.support.hierarchical.NodeTestTask.executeRecursively(NodeTestTask.java:138)
2022-06-22T20:37:49.7638793Z       at app//org.junit.platform.engine.support.hierarchical.NodeTestTask.execute(NodeTestTask.java:95)
2022-06-22T20:37:49.7639275Z       at java.base@18.0.1/java.util.ArrayList.forEach(ArrayList.java:1511)
2022-06-22T20:37:49.7640189Z       at app//org.junit.platform.engine.support.hierarchical.SameThreadHierarchicalTestExecutorService.invokeAll(SameThreadHierarchicalTestExecutorService.java:41)
2022-06-22T20:37:49.7641441Z       at app//org.junit.platform.engine.support.hierarchical.NodeTestTask.lambda$executeRecursively$6(NodeTestTask.java:155)
2022-06-22T20:37:49.7642345Z       at app//org.junit.platform.engine.support.hierarchical.ThrowableCollector.execute(ThrowableCollector.java:73)
2022-06-22T20:37:49.7643075Z       at app//org.junit.platform.engine.support.hierarchical.NodeTestTask.lambda$executeRecursively$8(NodeTestTask.java:141)
2022-06-22T20:37:49.7643716Z       at app//org.junit.platform.engine.support.hierarchical.Node.around(Node.java:137)
2022-06-22T20:37:49.7644357Z       at app//org.junit.platform.engine.support.hierarchical.NodeTestTask.lambda$executeRecursively$9(NodeTestTask.java:139)
2022-06-22T20:37:49.7645087Z       at app//org.junit.platform.engine.support.hierarchical.ThrowableCollector.execute(ThrowableCollector.java:73)
2022-06-22T20:37:49.7645981Z       at app//org.junit.platform.engine.support.hierarchical.NodeTestTask.executeRecursively(NodeTestTask.java:138)
2022-06-22T20:37:49.7646668Z       at app//org.junit.platform.engine.support.hierarchical.NodeTestTask.execute(NodeTestTask.java:95)
2022-06-22T20:37:49.7647668Z       at app//org.junit.platform.engine.support.hierarchical.SameThreadHierarchicalTestExecutorService.submit(SameThreadHierarchicalTestExecutorService.java:35)
2022-06-22T20:37:49.7648654Z       at app//org.junit.platform.engine.support.hierarchical.HierarchicalTestExecutor.execute(HierarchicalTestExecutor.java:57)
2022-06-22T20:37:49.7649454Z       at app//org.junit.platform.engine.support.hierarchical.HierarchicalTestEngine.execute(HierarchicalTestEngine.java:54)
2022-06-22T20:37:49.7650542Z       at app//org.junit.platform.launcher.core.EngineExecutionOrchestrator.execute(EngineExecutionOrchestrator.java:107)
2022-06-22T20:37:49.7651266Z       at app//org.junit.platform.launcher.core.EngineExecutionOrchestrator.execute(EngineExecutionOrchestrator.java:88)
2022-06-22T20:37:49.7651995Z       at app//org.junit.platform.launcher.core.EngineExecutionOrchestrator.lambda$execute$0(EngineExecutionOrchestrator.java:54)
2022-06-22T20:37:49.7652788Z       at app//org.junit.platform.launcher.core.EngineExecutionOrchestrator.withInterceptedStreams(EngineExecutionOrchestrator.java:67)
2022-06-22T20:37:49.7653888Z       at app//org.junit.platform.launcher.core.EngineExecutionOrchestrator.execute(EngineExecutionOrchestrator.java:52)
2022-06-22T20:37:49.7654756Z       at app//org.junit.platform.launcher.core.DefaultLauncher.execute(DefaultLauncher.java:114)
2022-06-22T20:37:49.7655311Z       at app//org.junit.platform.launcher.core.DefaultLauncher.execute(DefaultLauncher.java:86)
2022-06-22T20:37:49.7655920Z       at app//org.junit.platform.launcher.core.DefaultLauncherSession$DelegatingLauncher.execute(DefaultLauncherSession.java:86)
2022-06-22T20:37:49.7656591Z       at app//org.junit.platform.launcher.core.SessionPerRequestLauncher.execute(SessionPerRequestLauncher.java:53)
2022-06-22T20:37:49.7657467Z       at org.gradle.api.internal.tasks.testing.junitplatform.JUnitPlatformTestClassProcessor$CollectAllTestClassesExecutor.processAllTestClasses(JUnitPlatformTestClassProcessor.java:99)
2022-06-22T20:37:49.7658638Z       at org.gradle.api.internal.tasks.testing.junitplatform.JUnitPlatformTestClassProcessor$CollectAllTestClassesExecutor.access$000(JUnitPlatformTestClassProcessor.java:79)
2022-06-22T20:37:49.7659541Z       at org.gradle.api.internal.tasks.testing.junitplatform.JUnitPlatformTestClassProcessor.stop(JUnitPlatformTestClassProcessor.java:75)
2022-06-22T20:37:49.7660681Z       at org.gradle.api.internal.tasks.testing.SuiteTestClassProcessor.stop(SuiteTestClassProcessor.java:61)
2022-06-22T20:37:49.7661570Z       at java.base@18.0.1/jdk.internal.reflect.DirectMethodHandleAccessor.invoke(DirectMethodHandleAccessor.java:104)
2022-06-22T20:37:49.7662109Z       at java.base@18.0.1/java.lang.reflect.Method.invoke(Method.java:577)
2022-06-22T20:37:49.7662628Z       at org.gradle.internal.dispatch.ReflectionDispatch.dispatch(ReflectionDispatch.java:36)
2022-06-22T20:37:49.7663228Z       at org.gradle.internal.dispatch.ReflectionDispatch.dispatch(ReflectionDispatch.java:24)
2022-06-22T20:37:49.7663888Z       at org.gradle.internal.dispatch.ContextClassLoaderDispatch.dispatch(ContextClassLoaderDispatch.java:33)
2022-06-22T20:37:49.7664756Z       at org.gradle.internal.dispatch.ProxyDispatchAdapter$DispatchingInvocationHandler.invoke(ProxyDispatchAdapter.java:94)
2022-06-22T20:37:49.7665279Z       at jdk.proxy2/jdk.proxy2.$Proxy5.stop(Unknown Source)
2022-06-22T20:37:49.7665729Z       at org.gradle.api.internal.tasks.testing.worker.TestWorker$3.run(TestWorker.java:193)
2022-06-22T20:37:49.7666382Z       at org.gradle.api.internal.tasks.testing.worker.TestWorker.executeAndMaintainThreadName(TestWorker.java:129)
2022-06-22T20:37:49.7667046Z       at org.gradle.api.internal.tasks.testing.worker.TestWorker.execute(TestWorker.java:100)
2022-06-22T20:37:49.7667623Z       at org.gradle.api.internal.tasks.testing.worker.TestWorker.execute(TestWorker.java:60)
2022-06-22T20:37:49.7668257Z       at org.gradle.process.internal.worker.child.ActionExecutionWorker.execute(ActionExecutionWorker.java:56)
2022-06-22T20:37:49.7669042Z       at org.gradle.process.internal.worker.child.SystemApplicationClassLoaderWorker.call(SystemApplicationClassLoaderWorker.java:133)
2022-06-22T20:37:49.7670374Z       at org.gradle.process.internal.worker.child.SystemApplicationClassLoaderWorker.call(SystemApplicationClassLoaderWorker.java:71)
2022-06-22T20:37:49.7671266Z       at app//worker.org.gradle.process.internal.worker.GradleWorkerMain.run(GradleWorkerMain.java:69)
2022-06-22T20:37:49.7671929Z       at app//worker.org.gradle.process.internal.worker.GradleWorkerMain.main(GradleWorkerMain.java:74)
2022-06-22T20:37:49.7672460Z [m
2022-06-22T20:37:49.7672587Z 
2022-06-22T20:37:49.7672750Z ThemeManagerTest > installThemeOnScene() FAILED
2022-06-22T20:37:49.7673140Z     org.opentest4j.AssertionFailedError: expected: <2> but was: <3>
2022-06-22T20:37:49.7673948Z         at app//org.junit.jupiter.api.AssertionUtils.fail(AssertionUtils.java:55)
2022-06-22T20:37:49.7674467Z         at app//org.junit.jupiter.api.AssertionUtils.failNotEqual(AssertionUtils.java:62)
2022-06-22T20:37:49.7675003Z         at app//org.junit.jupiter.api.AssertEquals.assertEquals(AssertEquals.java:150)
2022-06-22T20:37:49.7675542Z         at app//org.junit.jupiter.api.AssertEquals.assertEquals(AssertEquals.java:145)
2022-06-22T20:37:49.7676051Z         at app//org.junit.jupiter.api.Assertions.assertEquals(Assertions.java:527)
2022-06-22T20:37:49.7676950Z         at app//org.jabref.gui.theme.ThemeManagerTest.installThemeOnScene(ThemeManagerTest.java:174)
2022-06-22T20:37:53.3527053Z 
2022-06-22T20:37:53.4528637Z [0K[1morg.jabref.logic.bst.BibtexCaseChangersTest[m
2022-06-22T20:37:53.4534622Z 
2022-06-22T20:37:53.4535169Z [0K[1m  Test [22mtestTitleCaseAllUppers()[33m SKIPPED[m
2022-06-22T20:37:55.4536119Z 
2022-06-22T20:37:55.4537174Z [0K[1morg.jabref.logic.citationstyle.CitationStyleGeneratorTest[m
2022-06-22T20:37:55.4537523Z 
2022-06-22T20:37:55.4537779Z [0K[1m  Test [22mtestHandleAmpersand()[33m SKIPPED[m
2022-06-22T20:38:57.5541403Z 
2022-06-22T20:38:57.5544127Z [0K[1morg.jabref.logic.importer.fileformat.PdfXmpImporterTest[m
2022-06-22T20:38:57.5544936Z 
2022-06-22T20:38:57.5545512Z [0K[1m  Test [22mimportEncryptedFileReturnsError()[33m SKIPPED[m
2022-06-22T20:39:30.1528432Z 
2022-06-22T20:39:30.1529799Z [0K[1morg.jabref.logic.layout.format.LatexToUnicodeFormatterTest[m
2022-06-22T20:39:30.1530147Z 
2022-06-22T20:39:30.1530453Z [0K[1m  Test [22mtestCombiningAccentsCase2()[33m SKIPPED[m
2022-06-22T20:39:31.3527171Z 
2022-06-22T20:39:31.3528681Z [0K[1morg.jabref.logic.net.URLDownloadTest[m
2022-06-22T20:39:31.3528963Z 
2022-06-22T20:39:31.3529415Z [0K[1m  Test [22mdownloadOfFTPSucceeds()[33m SKIPPED[m
2022-06-22T20:39:37.8530110Z 
2022-06-22T20:39:37.8545508Z [0K[1morg.jabref.logic.remote.RemoteCommunicationTest[m
2022-06-22T20:39:37.8545783Z 
2022-06-22T20:39:37.8546201Z [0K[1m  Test [22mpingReturnsTrue()[33m SKIPPED[m
2022-06-22T20:39:37.8546963Z [0K[1m  Test [22mcommandLineArgumentSinglePassedToServer()[33m SKIPPED[m
2022-06-22T20:39:37.8547831Z [0K[1m  Test [22mcommandLineArgumentEncodingAndDecoding()[33m SKIPPED[m
2022-06-22T20:39:37.8548547Z [0K[1m  Test [22mcommandLineArgumentTwoPassedToServer()[33m SKIPPED[m
2022-06-22T20:39:37.8549234Z [0K[1m  Test [22mcommandLineArgumentMultiLinePassedToServer()[33m SKIPPED[m
2022-06-22T20:39:37.8549604Z 
2022-06-22T20:39:37.8550339Z [0K[1morg.jabref.logic.remote.RemoteSetupTest[m
2022-06-22T20:39:37.8550896Z 
2022-06-22T20:39:37.8551178Z [0K[1m  Test [22mpingReturnsFalseForWrongServerListening()[33m SKIPPED[m
2022-06-22T20:39:37.8551601Z [0K[1m  Test [22mtestGoodCase()[33m SKIPPED[m
2022-06-22T20:39:37.8552024Z [0K[1m  Test [22mtestGoodCaseWithAllLifecycleMethods()[33m SKIPPED[m
2022-06-22T20:39:37.8552460Z [0K[1m  Test [22mtestPortAlreadyInUse()[33m SKIPPED[m
2022-06-22T20:39:37.8552895Z [0K[1m  Test [22mpingReturnsTrueWhenServerIsRunning()[33m SKIPPED[m
2022-06-22T20:39:37.8553376Z [0K[1m  Test [22mpingReturnsFalseForNoServerListening()[33m SKIPPED[m
2022-06-22T20:39:37.8553798Z [0K[1m  Test [22mtestClientTimeout()[33m SKIPPED[m
2022-06-22T20:39:38.4543555Z 
2022-06-22T20:39:38.4561224Z [0K[1morg.jabref.migrations.MergeReviewIntoCommentActionMigrationTest[m
2022-06-22T20:39:38.4561841Z 
2022-06-22T20:39:38.5527727Z [0K[1m  Test [22mreviewAndCommentField()[33m SKIPPED[m
2022-06-22T20:39:41.0537679Z 
2022-06-22T20:39:41.0540361Z [0K[1morg.jabref.model.search.rules.GrammarBasedSearchRuleTest[m
2022-06-22T20:39:41.0541683Z 
2022-06-22T20:39:41.0543820Z [0K[1m  Test [22msearchForAnyFieldWorks()[33m SKIPPED[m
2022-06-22T20:39:41.0544875Z [0K[1m  Test [22msearchForAnyKeywordWorks()[33m SKIPPED[m
2022-06-22T20:39:43.0528470Z 
2022-06-22T20:39:43.0531322Z [0K[1;31mFAILURE: [39mExecuted 8048 tests in 2m 41s (1 failed, 22 skipped)[m
2022-06-22T20:39:43.0531595Z 
2022-06-22T20:39:43.0531610Z 
2022-06-22T20:39:43.0532258Z 8048 tests completed, 1 failed, 22 skipped
2022-06-22T20:39:43.8540185Z 
2022-06-22T20:39:43.8541499Z > Task :test FAILED
2022-06-22T20:39:43.8542009Z 
2022-06-22T20:39:43.8542780Z FAILURE: Build failed with an exception.
2022-06-22T20:39:43.8543214Z 
2022-06-22T20:39:43.8543332Z * What went wrong:
2022-06-22T20:39:43.8543911Z Execution failed for task ':test'.
2022-06-22T20:39:43.8544322Z > There were failing tests. See the report at: file:///home/runner/work/jabref/jabref/build/reports/test/index.html
2022-06-22T20:39:43.8544587Z 
2022-06-22T20:39:43.8544687Z * Try:
2022-06-22T20:39:43.8545050Z > Run with --stacktrace option to get the stack trace.
2022-06-22T20:39:43.8545486Z > Run with --info or --debug option to get more log output.
2022-06-22T20:39:43.8545862Z > Run with --scan to get full insights.
2022-06-22T20:39:43.8546033Z 
2022-06-22T20:39:43.8546187Z * Get more help at https://help.gradle.org
2022-06-22T20:39:43.8546373Z 
2022-06-22T20:39:43.8546584Z Deprecated Gradle features were used in this build, making it incompatible with Gradle 8.0.
2022-06-22T20:39:43.8547013Z 
2022-06-22T20:39:43.8547824Z You can use '--warning-mode all' to show the individual deprecation warnings and determine if they come from your own scripts or plugins.
2022-06-22T20:39:43.8548179Z 
2022-06-22T20:39:43.8548477Z See https://docs.gradle.org/7.4.2/userguide/command_line_interface.html#sec:command_line_warnings
2022-06-22T20:39:43.8548764Z 
2022-06-22T20:39:43.8548881Z BUILD FAILED in 3m 47s
2022-06-22T20:39:43.8549170Z 17 actionable tasks: 17 executed
2022-06-22T20:39:44.3164485Z ##[error]Process completed with exit code 1.
2022-06-22T20:39:44.3205458Z ##[group]Run sudo apt-get install -qq -y xml-twig-tools xsltproc
2022-06-22T20:39:44.3206244Z [36;1msudo apt-get install -qq -y xml-twig-tools xsltproc[0m
2022-06-22T20:39:44.3206559Z [36;1mscripts/after-failure.sh[0m
2022-06-22T20:39:44.3282165Z shell: /usr/bin/bash -e {0}
2022-06-22T20:39:44.3282401Z env:
2022-06-22T20:39:44.3283236Z   SpringerNatureAPIKey: ***
2022-06-22T20:39:44.3283624Z   AstrophysicsDataSystemAPIKey: ***
2022-06-22T20:39:44.3283913Z   IEEEAPIKey: ***
2022-06-22T20:39:44.3284154Z   BiodiversityHeritageApiKey: 
2022-06-22T20:39:44.3284414Z   GRADLE_OPTS: -Xmx4g
2022-06-22T20:39:44.3284627Z   JAVA_OPTS: -Xmx4g
2022-06-22T20:39:44.3284913Z   JAVA_HOME: /opt/hostedtoolcache/Java_Temurin-Hotspot_jdk/18.0.1-10/x64
2022-06-22T20:39:44.3285366Z ##[endgroup]
2022-06-22T20:39:51.1595295Z Selecting previously unselected package xml-twig-tools.
2022-06-22T20:39:51.2720886Z (Reading database ... 
2022-06-22T20:39:51.2721209Z (Reading database ... 5%
2022-06-22T20:39:51.2721545Z (Reading database ... 10%
2022-06-22T20:39:51.2721827Z (Reading database ... 15%
2022-06-22T20:39:51.2722082Z (Reading database ... 20%
2022-06-22T20:39:51.2722331Z (Reading database ... 25%
2022-06-22T20:39:51.2722766Z (Reading database ... 30%
2022-06-22T20:39:51.2723032Z (Reading database ... 35%
2022-06-22T20:39:51.2723284Z (Reading database ... 40%
2022-06-22T20:39:51.2723937Z (Reading database ... 45%
2022-06-22T20:39:51.2724240Z (Reading database ... 50%
2022-06-22T20:39:52.0784385Z (Reading database ... 55%
2022-06-22T20:39:52.8280160Z (Reading database ... 60%
2022-06-22T20:39:53.5001567Z (Reading database ... 65%
2022-06-22T20:39:54.4856114Z (Reading database ... 70%
2022-06-22T20:39:55.6986283Z (Reading database ... 75%
2022-06-22T20:39:57.1391486Z (Reading database ... 80%
2022-06-22T20:39:58.7589761Z (Reading database ... 85%
2022-06-22T20:40:00.3028829Z (Reading database ... 90%
2022-06-22T20:40:01.8494405Z (Reading database ... 95%
2022-06-22T20:40:01.8494959Z (Reading database ... 100%
2022-06-22T20:40:01.8495706Z (Reading database ... 235534 files and directories currently installed.)
2022-06-22T20:40:01.8655477Z Preparing to unpack .../xml-twig-tools_1%3a3.50-2_all.deb ...
2022-06-22T20:40:01.8674574Z Unpacking xml-twig-tools (1:3.50-2) ...
2022-06-22T20:40:01.9871854Z Selecting previously unselected package xsltproc.
2022-06-22T20:40:02.0137862Z Preparing to unpack .../xsltproc_1.1.34-4_amd64.deb ...
2022-06-22T20:40:02.0150098Z Unpacking xsltproc (1.1.34-4) ...
2022-06-22T20:40:02.0900601Z Setting up xml-twig-tools (1:3.50-2) ...
2022-06-22T20:40:02.0943757Z Setting up xsltproc (1.1.34-4) ...
2022-06-22T20:40:02.0985928Z Processing triggers for man-db (2.9.1-1) ...
2022-06-22T20:40:07.4303923Z Formatting results...
2022-06-22T20:40:08.2971438Z Formatting ./build/test-results/test/TEST-org.jabref.gui.theme.ThemeManagerTest.xml
2022-06-22T20:40:08.2972307Z =====================================================
2022-06-22T20:40:08.3142191Z Testsuite: org.jabref.gui.theme.ThemeManagerTest
2022-06-22T20:40:08.3142622Z Tests run: 7, Failures: 1, Errors: 0, Time elapsed: 3.7 sec
2022-06-22T20:40:08.3143141Z --------- ----------- ---------
2022-06-22T20:40:08.3143514Z Testcase: themeManagerUsesProvidedTheme() took 0.24 SUCCESS
2022-06-22T20:40:08.3144000Z Testcase: customThemeBecomesAvailableAfterFileIsCreated() took 0.001 SUCCESS
2022-06-22T20:40:08.3144663Z Testcase: installThemeOnScene() took 0.749 FAILURE org.opentest4j.AssertionFailedError: expected: <2> but was: <3> org.opentest4j.AssertionFailedError
2022-06-22T20:40:08.3145244Z org.opentest4j.AssertionFailedError: expected: <2> but was: <3>
2022-06-22T20:40:08.3145737Z 	at app//org.junit.jupiter.api.AssertionUtils.fail(AssertionUtils.java:55)
2022-06-22T20:40:08.3146289Z 	at app//org.junit.jupiter.api.AssertionUtils.failNotEqual(AssertionUtils.java:62)
2022-06-22T20:40:08.3146851Z 	at app//org.junit.jupiter.api.AssertEquals.assertEquals(AssertEquals.java:150)
2022-06-22T20:40:08.3147668Z 	at app//org.junit.jupiter.api.AssertEquals.assertEquals(AssertEquals.java:145)
2022-06-22T20:40:08.3148410Z 	at app//org.junit.jupiter.api.Assertions.assertEquals(Assertions.java:527)
2022-06-22T20:40:08.3148974Z 	at app//org.jabref.gui.theme.ThemeManagerTest.installThemeOnScene(ThemeManagerTest.java:174)
2022-06-22T20:40:08.3149635Z 	at java.base@18.0.1/jdk.internal.reflect.DirectMethodHandleAccessor.invoke(DirectMethodHandleAccessor.java:104)
2022-06-22T20:40:08.3150189Z 	at java.base@18.0.1/java.lang.reflect.Method.invoke(Method.java:577)
2022-06-22T20:40:08.3150790Z 	at app//org.junit.platform.commons.util.ReflectionUtils.invokeMethod(ReflectionUtils.java:725)
2022-06-22T20:40:08.3151432Z 	at app//org.junit.jupiter.engine.execution.MethodInvocation.proceed(MethodInvocation.java:60)
2022-06-22T20:40:08.3152164Z 	at app//org.junit.jupiter.engine.execution.InvocationInterceptorChain$ValidatingInvocation.proceed(InvocationInterceptorChain.java:131)
2022-06-22T20:40:08.3152893Z 	at app//org.junit.jupiter.engine.extension.TimeoutExtension.intercept(TimeoutExtension.java:149)
2022-06-22T20:40:08.3153597Z 	at app//org.junit.jupiter.engine.extension.TimeoutExtension.interceptTestableMethod(TimeoutExtension.java:140)
2022-06-22T20:40:08.3154330Z 	at app//org.junit.jupiter.engine.extension.TimeoutExtension.interceptTestMethod(TimeoutExtension.java:84)
2022-06-22T20:40:08.3155073Z 	at app//org.junit.jupiter.engine.execution.ExecutableInvoker$ReflectiveInterceptorCall.lambda$ofVoidMethod$0(ExecutableInvoker.java:115)
2022-06-22T20:40:08.3155777Z 	at app//org.junit.jupiter.engine.execution.ExecutableInvoker.lambda$invoke$0(ExecutableInvoker.java:105)
2022-06-22T20:40:08.3156659Z 	at app//org.junit.jupiter.engine.execution.InvocationInterceptorChain$InterceptedInvocation.proceed(InvocationInterceptorChain.java:106)
2022-06-22T20:40:08.3157451Z 	at app//org.junit.jupiter.engine.execution.InvocationInterceptorChain.proceed(InvocationInterceptorChain.java:64)
2022-06-22T20:40:08.3158247Z 	at app//org.junit.jupiter.engine.execution.InvocationInterceptorChain.chainAndInvoke(InvocationInterceptorChain.java:45)
2022-06-22T20:40:08.3159051Z 	at app//org.junit.jupiter.engine.execution.InvocationInterceptorChain.invoke(InvocationInterceptorChain.java:37)
2022-06-22T20:40:08.3159941Z 	at app//org.junit.jupiter.engine.execution.ExecutableInvoker.invoke(ExecutableInvoker.java:104)
2022-06-22T20:40:08.3160573Z 	at app//org.junit.jupiter.engine.execution.ExecutableInvoker.invoke(ExecutableInvoker.java:98)
2022-06-22T20:40:08.3161295Z 	at app//org.junit.jupiter.engine.descriptor.TestMethodTestDescriptor.lambda$invokeTestMethod$7(TestMethodTestDescriptor.java:214)
2022-06-22T20:40:08.3162382Z 	at app//org.junit.platform.engine.support.hierarchical.ThrowableCollector.execute(ThrowableCollector.java:73)
2022-06-22T20:40:08.3165750Z 	at app//org.junit.jupiter.engine.descriptor.TestMethodTestDescriptor.invokeTestMethod(TestMethodTestDescriptor.java:210)
2022-06-22T20:40:08.3166727Z 	at app//org.junit.jupiter.engine.descriptor.TestMethodTestDescriptor.execute(TestMethodTestDescriptor.java:135)
2022-06-22T20:40:08.3169367Z 	at app//org.junit.jupiter.engine.descriptor.TestMethodTestDescriptor.execute(TestMethodTestDescriptor.java:66)
2022-06-22T20:40:08.3170146Z 	at app//org.junit.platform.engine.support.hierarchical.NodeTestTask.lambda$executeRecursively$6(NodeTestTask.java:151)
2022-06-22T20:40:08.3171001Z 	at app//org.junit.platform.engine.support.hierarchical.ThrowableCollector.execute(ThrowableCollector.java:73)
2022-06-22T20:40:08.3171723Z 	at app//org.junit.platform.engine.support.hierarchical.NodeTestTask.lambda$executeRecursively$8(NodeTestTask.java:141)
2022-06-22T20:40:08.3172358Z 	at app//org.junit.platform.engine.support.hierarchical.Node.around(Node.java:137)
2022-06-22T20:40:08.3172999Z 	at app//org.junit.platform.engine.support.hierarchical.NodeTestTask.lambda$executeRecursively$9(NodeTestTask.java:139)
2022-06-22T20:40:08.3173720Z 	at app//org.junit.platform.engine.support.hierarchical.ThrowableCollector.execute(ThrowableCollector.java:73)
2022-06-22T20:40:08.3174749Z 	at app//org.junit.platform.engine.support.hierarchical.NodeTestTask.executeRecursively(NodeTestTask.java:138)
2022-06-22T20:40:08.3175474Z 	at app//org.junit.platform.engine.support.hierarchical.NodeTestTask.execute(NodeTestTask.java:95)
2022-06-22T20:40:08.3176007Z 	at java.base@18.0.1/java.util.ArrayList.forEach(ArrayList.java:1511)
2022-06-22T20:40:08.3176776Z 	at app//org.junit.platform.engine.support.hierarchical.SameThreadHierarchicalTestExecutorService.invokeAll(SameThreadHierarchicalTestExecutorService.java:41)
2022-06-22T20:40:08.3177673Z 	at app//org.junit.platform.engine.support.hierarchical.NodeTestTask.lambda$executeRecursively$6(NodeTestTask.java:155)
2022-06-22T20:40:08.3178393Z 	at app//org.junit.platform.engine.support.hierarchical.ThrowableCollector.execute(ThrowableCollector.java:73)
2022-06-22T20:40:08.3179107Z 	at app//org.junit.platform.engine.support.hierarchical.NodeTestTask.lambda$executeRecursively$8(NodeTestTask.java:141)
2022-06-22T20:40:08.3180984Z 	at app//org.junit.platform.engine.support.hierarchical.Node.around(Node.java:137)
2022-06-22T20:40:08.3181719Z 	at app//org.junit.platform.engine.support.hierarchical.NodeTestTask.lambda$executeRecursively$9(NodeTestTask.java:139)
2022-06-22T20:40:08.3182564Z 	at app//org.junit.platform.engine.support.hierarchical.ThrowableCollector.execute(ThrowableCollector.java:73)
2022-06-22T20:40:08.3183705Z 	at app//org.junit.platform.engine.support.hierarchical.NodeTestTask.executeRecursively(NodeTestTask.java:138)
2022-06-22T20:40:08.3184399Z 	at app//org.junit.platform.engine.support.hierarchical.NodeTestTask.execute(NodeTestTask.java:95)
2022-06-22T20:40:08.3185129Z 	at java.base@18.0.1/java.util.ArrayList.forEach(ArrayList.java:1511)
2022-06-22T20:40:08.3185893Z 	at app//org.junit.platform.engine.support.hierarchical.SameThreadHierarchicalTestExecutorService.invokeAll(SameThreadHierarchicalTestExecutorService.java:41)
2022-06-22T20:40:08.3186802Z 	at app//org.junit.platform.engine.support.hierarchical.NodeTestTask.lambda$executeRecursively$6(NodeTestTask.java:155)
2022-06-22T20:40:08.3187518Z 	at app//org.junit.platform.engine.support.hierarchical.ThrowableCollector.execute(ThrowableCollector.java:73)
2022-06-22T20:40:08.3188234Z 	at app//org.junit.platform.engine.support.hierarchical.NodeTestTask.lambda$executeRecursively$8(NodeTestTask.java:141)
2022-06-22T20:40:08.3188854Z 	at app//org.junit.platform.engine.support.hierarchical.Node.around(Node.java:137)
2022-06-22T20:40:08.3189483Z 	at app//org.junit.platform.engine.support.hierarchical.NodeTestTask.lambda$executeRecursively$9(NodeTestTask.java:139)
2022-06-22T20:40:08.3190201Z 	at app//org.junit.platform.engine.support.hierarchical.ThrowableCollector.execute(ThrowableCollector.java:73)
2022-06-22T20:40:08.3190927Z 	at app//org.junit.platform.engine.support.hierarchical.NodeTestTask.executeRecursively(NodeTestTask.java:138)
2022-06-22T20:40:08.3191617Z 	at app//org.junit.platform.engine.support.hierarchical.NodeTestTask.execute(NodeTestTask.java:95)
2022-06-22T20:40:08.3192481Z 	at app//org.junit.platform.engine.support.hierarchical.SameThreadHierarchicalTestExecutorService.submit(SameThreadHierarchicalTestExecutorService.java:35)
2022-06-22T20:40:08.3193604Z 	at app//org.junit.platform.engine.support.hierarchical.HierarchicalTestExecutor.execute(HierarchicalTestExecutor.java:57)
2022-06-22T20:40:08.3194981Z 	at app//org.junit.platform.engine.support.hierarchical.HierarchicalTestEngine.execute(HierarchicalTestEngine.java:54)
2022-06-22T20:40:08.3195942Z 	at app//org.junit.platform.launcher.core.EngineExecutionOrchestrator.execute(EngineExecutionOrchestrator.java:107)
2022-06-22T20:40:08.3196901Z 	at app//org.junit.platform.launcher.core.EngineExecutionOrchestrator.execute(EngineExecutionOrchestrator.java:88)
2022-06-22T20:40:08.3197929Z 	at app//org.junit.platform.launcher.core.EngineExecutionOrchestrator.lambda$execute$0(EngineExecutionOrchestrator.java:54)
2022-06-22T20:40:08.3199008Z 	at app//org.junit.platform.launcher.core.EngineExecutionOrchestrator.withInterceptedStreams(EngineExecutionOrchestrator.java:67)
2022-06-22T20:40:08.3200358Z 	at app//org.junit.platform.launcher.core.EngineExecutionOrchestrator.execute(EngineExecutionOrchestrator.java:52)
2022-06-22T20:40:08.3201126Z 	at app//org.junit.platform.launcher.core.DefaultLauncher.execute(DefaultLauncher.java:114)
2022-06-22T20:40:08.3201792Z 	at app//org.junit.platform.launcher.core.DefaultLauncher.execute(DefaultLauncher.java:86)
2022-06-22T20:40:08.3202534Z 	at app//org.junit.platform.launcher.core.DefaultLauncherSession$DelegatingLauncher.execute(DefaultLauncherSession.java:86)
2022-06-22T20:40:08.3203347Z 	at app//org.junit.platform.launcher.core.SessionPerRequestLauncher.execute(SessionPerRequestLauncher.java:53)
2022-06-22T20:40:08.3204551Z 	at org.gradle.api.internal.tasks.testing.junitplatform.JUnitPlatformTestClassProcessor$CollectAllTestClassesExecutor.processAllTestClasses(JUnitPlatformTestClassProcessor.java:99)
2022-06-22T20:40:08.3206064Z 	at org.gradle.api.internal.tasks.testing.junitplatform.JUnitPlatformTestClassProcessor$CollectAllTestClassesExecutor.access$000(JUnitPlatformTestClassProcessor.java:79)
2022-06-22T20:40:08.3207063Z 	at org.gradle.api.internal.tasks.testing.junitplatform.JUnitPlatformTestClassProcessor.stop(JUnitPlatformTestClassProcessor.java:75)
2022-06-22T20:40:08.3207893Z 	at org.gradle.api.internal.tasks.testing.SuiteTestClassProcessor.stop(SuiteTestClassProcessor.java:61)
2022-06-22T20:40:08.3208587Z 	at java.base@18.0.1/jdk.internal.reflect.DirectMethodHandleAccessor.invoke(DirectMethodHandleAccessor.java:104)
2022-06-22T20:40:08.3209137Z 	at java.base@18.0.1/java.lang.reflect.Method.invoke(Method.java:577)
2022-06-22T20:40:08.3209935Z 	at org.gradle.internal.dispatch.ReflectionDispatch.dispatch(ReflectionDispatch.java:36)
2022-06-22T20:40:08.3210538Z 	at org.gradle.internal.dispatch.ReflectionDispatch.dispatch(ReflectionDispatch.java:24)
2022-06-22T20:40:08.3211622Z 	at org.gradle.internal.dispatch.ContextClassLoaderDispatch.dispatch(ContextClassLoaderDispatch.java:33)
2022-06-22T20:40:08.3212418Z 	at org.gradle.internal.dispatch.ProxyDispatchAdapter$DispatchingInvocationHandler.invoke(ProxyDispatchAdapter.java:94)
2022-06-22T20:40:08.3213003Z 	at jdk.proxy2/jdk.proxy2.$Proxy5.stop(Unknown Source)
2022-06-22T20:40:08.3213691Z 	at org.gradle.api.internal.tasks.testing.worker.TestWorker$3.run(TestWorker.java:193)
2022-06-22T20:40:08.3214818Z 	at org.gradle.api.internal.tasks.testing.worker.TestWorker.executeAndMaintainThreadName(TestWorker.java:129)
2022-06-22T20:40:08.3215669Z 	at org.gradle.api.internal.tasks.testing.worker.TestWorker.execute(TestWorker.java:100)
2022-06-22T20:40:08.3216265Z 	at org.gradle.api.internal.tasks.testing.worker.TestWorker.execute(TestWorker.java:60)
2022-06-22T20:40:08.3216913Z 	at org.gradle.process.internal.worker.child.ActionExecutionWorker.execute(ActionExecutionWorker.java:56)
2022-06-22T20:40:08.3217710Z 	at org.gradle.process.internal.worker.child.SystemApplicationClassLoaderWorker.call(SystemApplicationClassLoaderWorker.java:133)
2022-06-22T20:40:08.3218584Z 	at org.gradle.process.internal.worker.child.SystemApplicationClassLoaderWorker.call(SystemApplicationClassLoaderWorker.java:71)
2022-06-22T20:40:08.3219339Z 	at app//worker.org.gradle.process.internal.worker.GradleWorkerMain.run(GradleWorkerMain.java:69)
2022-06-22T20:40:08.3219972Z 	at app//worker.org.gradle.process.internal.worker.GradleWorkerMain.main(GradleWorkerMain.java:74)
2022-06-22T20:40:08.3220313Z 
2022-06-22T20:40:08.3220661Z Testcase: liveReloadCssDataUrl() took 1.241 SUCCESS
2022-06-22T20:40:08.3221427Z Testcase: customThemeAvailableEvenWhenDeleted() took 0.218 SUCCESS
2022-06-22T20:40:08.3221862Z Testcase: installThemeOnWebEngine() took 0.983 SUCCESS
2022-06-22T20:40:08.3222328Z Testcase: largeCustomThemeNotHeldInMemory() took 0.251 SUCCESS
2022-06-22T20:40:08.3222837Z ------ Standard output ------
2022-06-22T20:40:08.3223448Z 2022-06-22 20:37:48 [Test worker] org.jabref.gui.theme.ThemeManager.addStylesheetToWatchlist()
2022-06-22T20:40:08.3224134Z INFO: Watching css /home/runner/work/jabref/jabref/build/resources/main/org/jabref/gui/Base.css for live updates
2022-06-22T20:40:08.3224956Z 2022-06-22 20:37:48 [Test worker] org.jabref.gui.theme.ThemeManager.updateThemeSettings()
2022-06-22T20:40:08.3225466Z INFO: Not updating theme because it hasn't changed
2022-06-22T20:40:08.3226009Z 2022-06-22 20:37:48 [Test worker] org.jabref.gui.theme.ThemeManager.updateThemeSettings()
2022-06-22T20:40:08.3226817Z INFO: Theme set to Theme{type=CUSTOM, name='/tmp/junit16311302493177403312/test.css'} with base css StyleSheet{file:/home/runner/work/jabref/jabref/build/resources/main/org/jabref/gui/Base.css}
2022-06-22T20:40:08.3227552Z 2022-06-22 20:37:48 [Test worker] org.jabref.gui.theme.ThemeManager.addStylesheetToWatchlist()
2022-06-22T20:40:08.3228031Z INFO: Watching css /tmp/junit16311302493177403312/test.css for live updates
2022-06-22T20:40:08.3228620Z 2022-06-22 20:37:49 [Test worker] org.jabref.gui.theme.ThemeManager.addStylesheetToWatchlist()
2022-06-22T20:40:08.3229168Z INFO: Watching css /home/runner/work/jabref/jabref/build/resources/main/org/jabref/gui/Base.css for live updates
2022-06-22T20:40:08.3229793Z 2022-06-22 20:37:49 [Test worker] org.jabref.gui.theme.ThemeManager.updateThemeSettings()
2022-06-22T20:40:08.3230312Z INFO: Not updating theme because it hasn't changed
2022-06-22T20:40:08.3231028Z 2022-06-22 20:37:49 [Test worker] org.jabref.gui.theme.ThemeManager.updateThemeSettings()
2022-06-22T20:40:08.3232072Z INFO: Theme set to Theme{type=CUSTOM, name='/tmp/junit7399216635174204738/reload.css'} with base css StyleSheet{file:/home/runner/work/jabref/jabref/build/resources/main/org/jabref/gui/Base.css}
2022-06-22T20:40:08.3233108Z 2022-06-22 20:37:49 [Test worker] org.jabref.gui.theme.ThemeManager.addStylesheetToWatchlist()
2022-06-22T20:40:08.3233608Z INFO: Watching css /tmp/junit7399216635174204738/reload.css for live updates
2022-06-22T20:40:08.3234622Z 2022-06-22 20:37:50 [Test worker] org.jabref.gui.theme.ThemeManager.addStylesheetToWatchlist()
2022-06-22T20:40:08.3235186Z INFO: Watching css /home/runner/work/jabref/jabref/build/resources/main/org/jabref/gui/Base.css for live updates
2022-06-22T20:40:08.3236004Z 2022-06-22 20:37:50 [Test worker] org.jabref.gui.theme.ThemeManager.updateThemeSettings()
2022-06-22T20:40:08.3236508Z INFO: Not updating theme because it hasn't changed
2022-06-22T20:40:08.3237051Z 2022-06-22 20:37:50 [Test worker] org.jabref.gui.theme.ThemeManager.updateThemeSettings()
2022-06-22T20:40:08.3237851Z INFO: Theme set to Theme{type=CUSTOM, name='/tmp/junit15873018402587119285/reload.css'} with base css StyleSheet{file:/home/runner/work/jabref/jabref/build/resources/main/org/jabref/gui/Base.css}
2022-06-22T20:40:08.3238587Z 2022-06-22 20:37:50 [Test worker] org.jabref.gui.theme.ThemeManager.addStylesheetToWatchlist()
2022-06-22T20:40:08.3239068Z INFO: Watching css /tmp/junit15873018402587119285/reload.css for live updates
2022-06-22T20:40:08.3239789Z 2022-06-22 20:37:50 [Test worker] org.jabref.gui.theme.ThemeManager.addStylesheetToWatchlist()
2022-06-22T20:40:08.3240340Z INFO: Watching css /home/runner/work/jabref/jabref/build/resources/main/org/jabref/gui/Base.css for live updates
2022-06-22T20:40:08.3241167Z 2022-06-22 20:37:50 [Test worker] org.jabref.gui.theme.ThemeManager.updateThemeSettings()
2022-06-22T20:40:08.3241684Z INFO: Not updating theme because it hasn't changed
2022-06-22T20:40:08.3242245Z 2022-06-22 20:37:50 [Test worker] org.jabref.gui.theme.ThemeManager.updateThemeSettings()
2022-06-22T20:40:08.3243068Z INFO: Theme set to Theme{type=CUSTOM, name='/tmp/junit2790544271152652015/test.css'} with base css StyleSheet{file:/home/runner/work/jabref/jabref/build/resources/main/org/jabref/gui/Base.css}
2022-06-22T20:40:08.3244288Z 2022-06-22 20:37:50 [Test worker] org.jabref.gui.theme.ThemeManager.addStylesheetToWatchlist()
2022-06-22T20:40:08.3244782Z INFO: Watching css /tmp/junit2790544271152652015/test.css for live updates
2022-06-22T20:40:08.3245393Z 2022-06-22 20:37:51 [Test worker] org.jabref.gui.theme.ThemeManager.addStylesheetToWatchlist()
2022-06-22T20:40:08.3246062Z INFO: Watching css /home/runner/work/jabref/jabref/build/resources/main/org/jabref/gui/Base.css for live updates
2022-06-22T20:40:08.3246729Z 2022-06-22 20:37:51 [Test worker] org.jabref.gui.theme.ThemeManager.updateThemeSettings()
2022-06-22T20:40:08.3247245Z INFO: Not updating theme because it hasn't changed
2022-06-22T20:40:08.3247804Z 2022-06-22 20:37:51 [Test worker] org.jabref.gui.theme.ThemeManager.updateThemeSettings()
2022-06-22T20:40:08.3248635Z INFO: Theme set to Theme{type=CUSTOM, name='/tmp/junit11393942798644453720/reload.css'} with base css StyleSheet{file:/home/runner/work/jabref/jabref/build/resources/main/org/jabref/gui/Base.css}
2022-06-22T20:40:08.3249790Z 2022-06-22 20:37:51 [Test worker] org.jabref.gui.theme.ThemeManager.addStylesheetToWatchlist()
2022-06-22T20:40:08.3250297Z INFO: Watching css /tmp/junit11393942798644453720/reload.css for live updates
2022-06-22T20:40:08.3250913Z 2022-06-22 20:37:52 [Test worker] org.jabref.gui.theme.ThemeManager.addStylesheetToWatchlist()
2022-06-22T20:40:08.3251669Z INFO: Watching css /home/runner/work/jabref/jabref/build/resources/main/org/jabref/gui/Base.css for live updates
2022-06-22T20:40:08.3252334Z 2022-06-22 20:37:52 [Test worker] org.jabref.gui.theme.ThemeManager.updateThemeSettings()
2022-06-22T20:40:08.3253139Z INFO: Not updating theme because it hasn't changed
2022-06-22T20:40:08.3253739Z 2022-06-22 20:37:52 [Test worker] org.jabref.gui.theme.ThemeManager.updateThemeSettings()
2022-06-22T20:40:08.3254963Z INFO: Theme set to Theme{type=CUSTOM, name='/tmp/junit2610638168285580054/test.css'} with base css StyleSheet{file:/home/runner/work/jabref/jabref/build/resources/main/org/jabref/gui/Base.css}
2022-06-22T20:40:08.3255901Z 2022-06-22 20:37:52 [Test worker] org.jabref.gui.theme.ThemeManager.addStylesheetToWatchlist()
2022-06-22T20:40:08.3256393Z INFO: Watching css /tmp/junit2610638168285580054/test.css for live updates
2022-06-22T20:40:08.3256619Z 
2022-06-22T20:40:08.3256796Z ------ Error output ------
2022-06-22T20:40:08.3257305Z 2022-06-22 20:37:52 [Test worker] org.jabref.gui.theme.StyleSheetFile.getDataUrl()
2022-06-22T20:40:08.3257893Z WARN: Could not load css url file:/tmp/junit2610638168285580054/test.css: java.io.FileNotFoundException: /tmp/junit2610638168285580054/test.css (No such file or directory)
2022-06-22T20:40:08.3258423Z 	at java.base/java.io.FileInputStream.open0(Native Method)
2022-06-22T20:40:08.3258864Z 	at java.base/java.io.FileInputStream.open(FileInputStream.java:216)
2022-06-22T20:40:08.3259326Z 	at java.base/java.io.FileInputStream.<init>(FileInputStream.java:157)
2022-06-22T20:40:08.3259776Z 	at java.base/java.io.FileInputStream.<init>(FileInputStream.java:111)
2022-06-22T20:40:08.3260446Z 	at java.base/sun.net.www.protocol.file.FileURLConnection.connect(FileURLConnection.java:86)
2022-06-22T20:40:08.3261028Z 	at org.jabref.gui.theme.StyleSheetFile.getDataUrl(StyleSheetFile.java:110)
2022-06-22T20:40:08.3261556Z 	at org.jabref.gui.theme.StyleSheetFile.reload(StyleSheetFile.java:68)
2022-06-22T20:40:08.3262133Z 	at org.jabref.gui.theme.StyleSheetFile.getWebEngineStylesheet(StyleSheetFile.java:96)
2022-06-22T20:40:08.3262829Z 	at org.jabref.gui.theme.ThemeManagerTest.largeCustomThemeNotHeldInMemory(ThemeManagerTest.java:148)
2022-06-22T20:40:08.3263561Z 	at java.base/jdk.internal.reflect.DirectMethodHandleAccessor.invoke(DirectMethodHandleAccessor.java:104)
2022-06-22T20:40:08.3264137Z 	at java.base/java.lang.reflect.Method.invoke(Method.java:577)
2022-06-22T20:40:08.3264691Z 	at org.junit.platform.commons.util.ReflectionUtils.invokeMethod(ReflectionUtils.java:725)
2022-06-22T20:40:08.3265344Z 	at org.junit.jupiter.engine.execution.MethodInvocation.proceed(MethodInvocation.java:60)
2022-06-22T20:40:08.3266113Z 	at org.junit.jupiter.engine.execution.InvocationInterceptorChain$ValidatingInvocation.proceed(InvocationInterceptorChain.java:131)
2022-06-22T20:40:08.3266873Z 	at org.junit.jupiter.engine.extension.TimeoutExtension.intercept(TimeoutExtension.java:149)
2022-06-22T20:40:08.3267703Z 	at org.junit.jupiter.engine.extension.TimeoutExtension.interceptTestableMethod(TimeoutExtension.java:140)
2022-06-22T20:40:08.3268653Z 	at org.junit.jupiter.engine.extension.TimeoutExtension.interceptTestMethod(TimeoutExtension.java:84)
2022-06-22T20:40:08.3269424Z 	at org.junit.jupiter.engine.execution.ExecutableInvoker$ReflectiveInterceptorCall.lambda$ofVoidMethod$0(ExecutableInvoker.java:115)
2022-06-22T20:40:08.3270136Z 	at org.junit.jupiter.engine.execution.ExecutableInvoker.lambda$invoke$0(ExecutableInvoker.java:105)
2022-06-22T20:40:08.3270889Z 	at org.junit.jupiter.engine.execution.InvocationInterceptorChain$InterceptedInvocation.proceed(InvocationInterceptorChain.java:106)
2022-06-22T20:40:08.3272167Z 	at org.junit.jupiter.engine.execution.InvocationInterceptorChain.proceed(InvocationInterceptorChain.java:64)
2022-06-22T20:40:08.3273029Z 	at org.junit.jupiter.engine.execution.InvocationInterceptorChain.chainAndInvoke(InvocationInterceptorChain.java:45)
2022-06-22T20:40:08.3273884Z 	at org.junit.jupiter.engine.execution.InvocationInterceptorChain.invoke(InvocationInterceptorChain.java:37)
2022-06-22T20:40:08.3274631Z 	at org.junit.jupiter.engine.execution.ExecutableInvoker.invoke(ExecutableInvoker.java:104)
2022-06-22T20:40:08.3275596Z 	at org.junit.jupiter.engine.execution.ExecutableInvoker.invoke(ExecutableInvoker.java:98)
2022-06-22T20:40:08.3276319Z 	at org.junit.jupiter.engine.descriptor.TestMethodTestDescriptor.lambda$invokeTestMethod$7(TestMethodTestDescriptor.java:214)
2022-06-22T20:40:08.3277106Z 	at org.junit.platform.engine.support.hierarchical.ThrowableCollector.execute(ThrowableCollector.java:73)
2022-06-22T20:40:08.3277995Z 	at org.junit.jupiter.engine.descriptor.TestMethodTestDescriptor.invokeTestMethod(TestMethodTestDescriptor.java:210)
2022-06-22T20:40:08.3278798Z 	at org.junit.jupiter.engine.descriptor.TestMethodTestDescriptor.execute(TestMethodTestDescriptor.java:135)
2022-06-22T20:40:08.3280030Z 	at org.junit.jupiter.engine.descriptor.TestMethodTestDescriptor.execute(TestMethodTestDescriptor.java:66)
2022-06-22T20:40:08.3282168Z 	at org.junit.platform.engine.support.hierarchical.NodeTestTask.lambda$executeRecursively$6(NodeTestTask.java:151)
2022-06-22T20:40:08.3282989Z 	at org.junit.platform.engine.support.hierarchical.ThrowableCollector.execute(ThrowableCollector.java:73)
2022-06-22T20:40:08.3283808Z 	at org.junit.platform.engine.support.hierarchical.NodeTestTask.lambda$executeRecursively$8(NodeTestTask.java:141)
2022-06-22T20:40:08.3284513Z 	at org.junit.platform.engine.support.hierarchical.Node.around(Node.java:137)
2022-06-22T20:40:08.3285385Z 	at org.junit.platform.engine.support.hierarchical.NodeTestTask.lambda$executeRecursively$9(NodeTestTask.java:139)
2022-06-22T20:40:08.3286175Z 	at org.junit.platform.engine.support.hierarchical.ThrowableCollector.execute(ThrowableCollector.java:73)
2022-06-22T20:40:08.3286990Z 	at org.junit.platform.engine.support.hierarchical.NodeTestTask.executeRecursively(NodeTestTask.java:138)
2022-06-22T20:40:08.3287743Z 	at org.junit.platform.engine.support.hierarchical.NodeTestTask.execute(NodeTestTask.java:95)
2022-06-22T20:40:08.3288317Z 	at java.base/java.util.ArrayList.forEach(ArrayList.java:1511)
2022-06-22T20:40:08.3289157Z 	at org.junit.platform.engine.support.hierarchical.SameThreadHierarchicalTestExecutorService.invokeAll(SameThreadHierarchicalTestExecutorService.java:41)
2022-06-22T20:40:08.3290257Z 	at org.junit.platform.engine.support.hierarchical.NodeTestTask.lambda$executeRecursively$6(NodeTestTask.java:155)
2022-06-22T20:40:08.3291034Z 	at org.junit.platform.engine.support.hierarchical.ThrowableCollector.execute(ThrowableCollector.java:73)
2022-06-22T20:40:08.3291814Z 	at org.junit.platform.engine.support.hierarchical.NodeTestTask.lambda$executeRecursively$8(NodeTestTask.java:141)
2022-06-22T20:40:08.3292491Z 	at org.junit.platform.engine.support.hierarchical.Node.around(Node.java:137)
2022-06-22T20:40:08.3293168Z 	at org.junit.platform.engine.support.hierarchical.NodeTestTask.lambda$executeRecursively$9(NodeTestTask.java:139)
2022-06-22T20:40:08.3294099Z 	at org.junit.platform.engine.support.hierarchical.ThrowableCollector.execute(ThrowableCollector.java:73)
2022-06-22T20:40:08.3294947Z 	at org.junit.platform.engine.support.hierarchical.NodeTestTask.executeRecursively(NodeTestTask.java:138)
2022-06-22T20:40:08.3295699Z 	at org.junit.platform.engine.support.hierarchical.NodeTestTask.execute(NodeTestTask.java:95)
2022-06-22T20:40:08.3296269Z 	at java.base/java.util.ArrayList.forEach(ArrayList.java:1511)
2022-06-22T20:40:08.3297102Z 	at org.junit.platform.engine.support.hierarchical.SameThreadHierarchicalTestExecutorService.invokeAll(SameThreadHierarchicalTestExecutorService.java:41)
2022-06-22T20:40:08.3298093Z 	at org.junit.platform.engine.support.hierarchical.NodeTestTask.lambda$executeRecursively$6(NodeTestTask.java:155)
2022-06-22T20:40:08.3298867Z 	at org.junit.platform.engine.support.hierarchical.ThrowableCollector.execute(ThrowableCollector.java:73)
2022-06-22T20:40:08.3299647Z 	at org.junit.platform.engine.support.hierarchical.NodeTestTask.lambda$executeRecursively$8(NodeTestTask.java:141)
2022-06-22T20:40:08.3300329Z 	at org.junit.platform.engine.support.hierarchical.Node.around(Node.java:137)
2022-06-22T20:40:08.3301011Z 	at org.junit.platform.engine.support.hierarchical.NodeTestTask.lambda$executeRecursively$9(NodeTestTask.java:139)
2022-06-22T20:40:08.3301786Z 	at org.junit.platform.engine.support.hierarchical.ThrowableCollector.execute(ThrowableCollector.java:73)
2022-06-22T20:40:08.3302598Z 	at org.junit.platform.engine.support.hierarchical.NodeTestTask.executeRecursively(NodeTestTask.java:138)
2022-06-22T20:40:08.3303352Z 	at org.junit.platform.engine.support.hierarchical.NodeTestTask.execute(NodeTestTask.java:95)
2022-06-22T20:40:08.3304392Z 	at org.junit.platform.engine.support.hierarchical.SameThreadHierarchicalTestExecutorService.submit(SameThreadHierarchicalTestExecutorService.java:35)
2022-06-22T20:40:08.3305418Z 	at org.junit.platform.engine.support.hierarchical.HierarchicalTestExecutor.execute(HierarchicalTestExecutor.java:57)
2022-06-22T20:40:08.3306290Z 	at org.junit.platform.engine.support.hierarchical.HierarchicalTestEngine.execute(HierarchicalTestEngine.java:54)
2022-06-22T20:40:08.3307116Z 	at org.junit.platform.launcher.core.EngineExecutionOrchestrator.execute(EngineExecutionOrchestrator.java:107)
2022-06-22T20:40:08.3307907Z 	at org.junit.platform.launcher.core.EngineExecutionOrchestrator.execute(EngineExecutionOrchestrator.java:88)
2022-06-22T20:40:08.3308715Z 	at org.junit.platform.launcher.core.EngineExecutionOrchestrator.lambda$execute$0(EngineExecutionOrchestrator.java:54)
2022-06-22T20:40:08.3309590Z 	at org.junit.platform.launcher.core.EngineExecutionOrchestrator.withInterceptedStreams(EngineExecutionOrchestrator.java:67)
2022-06-22T20:40:08.3310638Z 	at org.junit.platform.launcher.core.EngineExecutionOrchestrator.execute(EngineExecutionOrchestrator.java:52)
2022-06-22T20:40:08.3311370Z 	at org.junit.platform.launcher.core.DefaultLauncher.execute(DefaultLauncher.java:114)
2022-06-22T20:40:08.3312037Z 	at org.junit.platform.launcher.core.DefaultLauncher.execute(DefaultLauncher.java:86)
2022-06-22T20:40:08.3312714Z 	at org.junit.platform.launcher.core.DefaultLauncherSession$DelegatingLauncher.execute(DefaultLauncherSession.java:86)
2022-06-22T20:40:08.3313451Z 	at org.junit.platform.launcher.core.SessionPerRequestLauncher.execute(SessionPerRequestLauncher.java:53)
2022-06-22T20:40:08.3314432Z 	at org.gradle.api.internal.tasks.testing.junitplatform.JUnitPlatformTestClassProcessor$CollectAllTestClassesExecutor.processAllTestClasses(JUnitPlatformTestClassProcessor.java:99)
2022-06-22T20:40:08.3315584Z 	at org.gradle.api.internal.tasks.testing.junitplatform.JUnitPlatformTestClassProcessor$CollectAllTestClassesExecutor.access$000(JUnitPlatformTestClassProcessor.java:79)
2022-06-22T20:40:08.3316623Z 	at org.gradle.api.internal.tasks.testing.junitplatform.JUnitPlatformTestClassProcessor.stop(JUnitPlatformTestClassProcessor.java:75)
2022-06-22T20:40:08.3317507Z 	at org.gradle.api.internal.tasks.testing.SuiteTestClassProcessor.stop(SuiteTestClassProcessor.java:61)
2022-06-22T20:40:08.3318306Z 	at java.base/jdk.internal.reflect.DirectMethodHandleAccessor.invoke(DirectMethodHandleAccessor.java:104)
2022-06-22T20:40:08.3318883Z 	at java.base/java.lang.reflect.Method.invoke(Method.java:577)
2022-06-22T20:40:08.3319424Z 	at org.gradle.internal.dispatch.ReflectionDispatch.dispatch(ReflectionDispatch.java:36)
2022-06-22T20:40:08.3320316Z 	at org.gradle.internal.dispatch.ReflectionDispatch.dispatch(ReflectionDispatch.java:24)
2022-06-22T20:40:08.3321016Z 	at org.gradle.internal.dispatch.ContextClassLoaderDispatch.dispatch(ContextClassLoaderDispatch.java:33)
2022-06-22T20:40:08.3321822Z 	at org.gradle.internal.dispatch.ProxyDispatchAdapter$DispatchingInvocationHandler.invoke(ProxyDispatchAdapter.java:94)
2022-06-22T20:40:08.3322391Z 	at jdk.proxy2/jdk.proxy2.$Proxy5.stop(Unknown Source)
2022-06-22T20:40:08.3322879Z 	at org.gradle.api.internal.tasks.testing.worker.TestWorker$3.run(TestWorker.java:193)
2022-06-22T20:40:08.3323596Z 	at org.gradle.api.internal.tasks.testing.worker.TestWorker.executeAndMaintainThreadName(TestWorker.java:129)
2022-06-22T20:40:08.3324324Z 	at org.gradle.api.internal.tasks.testing.worker.TestWorker.execute(TestWorker.java:100)
2022-06-22T20:40:08.3324954Z 	at org.gradle.api.internal.tasks.testing.worker.TestWorker.execute(TestWorker.java:60)
2022-06-22T20:40:08.3325648Z 	at org.gradle.process.internal.worker.child.ActionExecutionWorker.execute(ActionExecutionWorker.java:56)
2022-06-22T20:40:08.3326498Z 	at org.gradle.process.internal.worker.child.SystemApplicationClassLoaderWorker.call(SystemApplicationClassLoaderWorker.java:133)
2022-06-22T20:40:08.3327552Z 	at org.gradle.process.internal.worker.child.SystemApplicationClassLoaderWorker.call(SystemApplicationClassLoaderWorker.java:71)
2022-06-22T20:40:08.3328346Z 	at worker.org.gradle.process.internal.worker.GradleWorkerMain.run(GradleWorkerMain.java:69)
2022-06-22T20:40:08.3329187Z 	at worker.org.gradle.process.internal.worker.GradleWorkerMain.main(GradleWorkerMain.java:74)
2022-06-22T20:40:08.3329963Z 2022-06-22 20:37:52 [Test worker] org.jabref.gui.theme.StyleSheetFile.getSceneStylesheet()
2022-06-22T20:40:08.3330516Z WARN: Cannot load additional css /tmp/junit2610638168285580054/test.css because the file does not exist.
2022-06-22T20:40:08.3330928Z =====================================================
2022-06-22T20:40:08.3387801Z Post job cleanup.
2022-06-22T20:40:08.5609884Z Post job cleanup.
2022-06-22T20:40:08.7190543Z [command]/usr/bin/git version
2022-06-22T20:40:08.7249853Z git version 2.36.1
2022-06-22T20:40:08.7306654Z Temporarily overriding HOME='/home/runner/work/_temp/2653c17b-ee11-4cd9-8f54-f74fd1f11608' before making global git config changes
2022-06-22T20:40:08.7307877Z Adding repository directory to the temporary git global config as a safe directory
2022-06-22T20:40:08.7313909Z [command]/usr/bin/git config --global --add safe.directory /home/runner/work/jabref/jabref
2022-06-22T20:40:08.7370559Z [command]/usr/bin/git config --local --name-only --get-regexp core\.sshCommand
2022-06-22T20:40:08.7413320Z [command]/usr/bin/git submodule foreach --recursive git config --local --name-only --get-regexp 'core\.sshCommand' && git config --local --unset-all 'core.sshCommand' || :
2022-06-22T20:40:08.7781006Z [command]/usr/bin/git config --local --name-only --get-regexp http\.https\:\/\/github\.com\/\.extraheader
2022-06-22T20:40:08.7812705Z http.https://github.com/.extraheader
2022-06-22T20:40:08.7826439Z [command]/usr/bin/git config --local --unset-all http.https://github.com/.extraheader
2022-06-22T20:40:08.7875835Z [command]/usr/bin/git submodule foreach --recursive git config --local --name-only --get-regexp 'http\.https\:\/\/github\.com\/\.extraheader' && git config --local --unset-all 'http.https://github.com/.extraheader' || :
2022-06-22T20:40:08.8462615Z Cleaning up orphan processes
2022-06-22T20:40:08.8808151Z Terminate orphan process: pid (1630) (java)