2022-06-24T15:06:24.2857147Z Requested labels: ubuntu-latest
2022-06-24T15:06:24.2857195Z Job defined at: traccar/traccar/.github/workflows/gradle.yml@refs/heads/master
2022-06-24T15:06:24.2857218Z Waiting for a runner to pick up this job...
2022-06-24T15:06:25.0794153Z Job is waiting for a hosted runner to come online.
2022-06-24T15:06:29.0871367Z Job is about to start running on the hosted runner: Hosted Agent (hosted)
2022-06-24T15:06:32.6173134Z Current runner version: '2.293.0'
2022-06-24T15:06:32.6198901Z ##[group]Operating System
2022-06-24T15:06:32.6199454Z Ubuntu
2022-06-24T15:06:32.6199705Z 20.04.4
2022-06-24T15:06:32.6199984Z LTS
2022-06-24T15:06:32.6200279Z ##[endgroup]
2022-06-24T15:06:32.6200622Z ##[group]Virtual Environment
2022-06-24T15:06:32.6201004Z Environment: ubuntu-20.04
2022-06-24T15:06:32.6201354Z Version: 20220619.1
2022-06-24T15:06:32.6202107Z Included Software: https://github.com/actions/virtual-environments/blob/ubuntu20/20220619.1/images/linux/Ubuntu2004-Readme.md
2022-06-24T15:06:32.6202840Z Image Release: https://github.com/actions/virtual-environments/releases/tag/ubuntu20%2F20220619.1
2022-06-24T15:06:32.6203354Z ##[endgroup]
2022-06-24T15:06:32.6203719Z ##[group]Virtual Environment Provisioner
2022-06-24T15:06:32.6204049Z 1.0.0.0-main-20220531-1
2022-06-24T15:06:32.6204385Z ##[endgroup]
2022-06-24T15:06:32.6205343Z ##[group]GITHUB_TOKEN Permissions
2022-06-24T15:06:32.6206041Z Actions: write
2022-06-24T15:06:32.6206488Z Checks: write
2022-06-24T15:06:32.6206893Z Contents: write
2022-06-24T15:06:32.6207181Z Deployments: write
2022-06-24T15:06:32.6207518Z Discussions: write
2022-06-24T15:06:32.6207833Z Issues: write
2022-06-24T15:06:32.6208109Z Metadata: read
2022-06-24T15:06:32.6208450Z Packages: write
2022-06-24T15:06:32.6208769Z Pages: write
2022-06-24T15:06:32.6209047Z PullRequests: write
2022-06-24T15:06:32.6209416Z RepositoryProjects: write
2022-06-24T15:06:32.6209793Z SecurityEvents: write
2022-06-24T15:06:32.6210151Z Statuses: write
2022-06-24T15:06:32.6210414Z ##[endgroup]
2022-06-24T15:06:32.6213926Z Secret source: Actions
2022-06-24T15:06:32.6214422Z Prepare workflow directory
2022-06-24T15:06:32.7057105Z Prepare all required actions
2022-06-24T15:06:32.7244133Z Getting action download info
2022-06-24T15:06:32.9795415Z Download action repository 'actions/checkout@v2' (SHA:7884fcad6b5d53d10323aee724dc68d8b9096a2e)
2022-06-24T15:06:33.8558641Z Download action repository 'actions/setup-java@v1' (SHA:d202f5dbf7256730fb690ec59f6381650114feb2)
2022-06-24T15:06:34.7577738Z ##[group]Run actions/checkout@v2
2022-06-24T15:06:34.7578061Z with:
2022-06-24T15:06:34.7578424Z   repository: traccar/traccar
2022-06-24T15:06:34.7578942Z   token: ***
2022-06-24T15:06:34.7579235Z   ssh-strict: true
2022-06-24T15:06:34.7579492Z   persist-credentials: true
2022-06-24T15:06:34.7579789Z   clean: true
2022-06-24T15:06:34.7580086Z   fetch-depth: 1
2022-06-24T15:06:34.7580308Z   lfs: false
2022-06-24T15:06:34.7580612Z   submodules: false
2022-06-24T15:06:34.7580907Z   set-safe-directory: true
2022-06-24T15:06:34.7581167Z ##[endgroup]
2022-06-24T15:06:34.9837268Z Syncing repository: traccar/traccar
2022-06-24T15:06:34.9884073Z ##[group]Getting Git version info
2022-06-24T15:06:34.9884702Z Working directory is '/home/runner/work/traccar/traccar'
2022-06-24T15:06:34.9885287Z [command]/usr/bin/git version
2022-06-24T15:06:34.9963168Z git version 2.36.1
2022-06-24T15:06:34.9989237Z ##[endgroup]
2022-06-24T15:06:35.0021374Z Temporarily overriding HOME='/home/runner/work/_temp/c49768b3-919c-43db-8ae3-0383e05529d3' before making global git config changes
2022-06-24T15:06:35.0022010Z Adding repository directory to the temporary git global config as a safe directory
2022-06-24T15:06:35.0022620Z [command]/usr/bin/git config --global --add safe.directory /home/runner/work/traccar/traccar
2022-06-24T15:06:35.0061490Z Deleting the contents of '/home/runner/work/traccar/traccar'
2022-06-24T15:06:35.0062832Z ##[group]Initializing the repository
2022-06-24T15:06:35.0063249Z [command]/usr/bin/git init /home/runner/work/traccar/traccar
2022-06-24T15:06:35.0112722Z hint: Using 'master' as the name for the initial branch. This default branch name
2022-06-24T15:06:35.0113198Z hint: is subject to change. To configure the initial branch name to use in all
2022-06-24T15:06:35.0113771Z hint: of your new repositories, which will suppress this warning, call:
2022-06-24T15:06:35.0114108Z hint: 
2022-06-24T15:06:35.0114493Z hint: 	git config --global init.defaultBranch <name>
2022-06-24T15:06:35.0115058Z hint: 
2022-06-24T15:06:35.0115495Z hint: Names commonly chosen instead of 'master' are 'main', 'trunk' and
2022-06-24T15:06:35.0116002Z hint: 'development'. The just-created branch can be renamed via this command:
2022-06-24T15:06:35.0116348Z hint: 
2022-06-24T15:06:35.0116899Z hint: 	git branch -m <name>
2022-06-24T15:06:35.0120847Z Initialized empty Git repository in /home/runner/work/traccar/traccar/.git/
2022-06-24T15:06:35.0131968Z [command]/usr/bin/git remote add origin https://github.com/traccar/traccar
2022-06-24T15:06:35.0199840Z ##[endgroup]
2022-06-24T15:06:35.0200675Z ##[group]Disabling automatic garbage collection
2022-06-24T15:06:35.0205153Z [command]/usr/bin/git config --local gc.auto 0
2022-06-24T15:06:35.0232055Z ##[endgroup]
2022-06-24T15:06:35.0232979Z ##[group]Setting up auth
2022-06-24T15:06:35.0239525Z [command]/usr/bin/git config --local --name-only --get-regexp core\.sshCommand
2022-06-24T15:06:35.0269565Z [command]/usr/bin/git submodule foreach --recursive git config --local --name-only --get-regexp 'core\.sshCommand' && git config --local --unset-all 'core.sshCommand' || :
2022-06-24T15:06:35.0582206Z [command]/usr/bin/git config --local --name-only --get-regexp http\.https\:\/\/github\.com\/\.extraheader
2022-06-24T15:06:35.0611188Z [command]/usr/bin/git submodule foreach --recursive git config --local --name-only --get-regexp 'http\.https\:\/\/github\.com\/\.extraheader' && git config --local --unset-all 'http.https://github.com/.extraheader' || :
2022-06-24T15:06:35.0820360Z [command]/usr/bin/git config --local http.https://github.com/.extraheader AUTHORIZATION: basic ***
2022-06-24T15:06:35.0855193Z ##[endgroup]
2022-06-24T15:06:35.0855818Z ##[group]Fetching the repository
2022-06-24T15:06:35.0862415Z [command]/usr/bin/git -c protocol.version=2 fetch --no-tags --prune --progress --no-recurse-submodules --depth=1 origin +c60743cfab4e31214207da5dab44fc4426d53764:refs/remotes/origin/master
2022-06-24T15:06:35.4970390Z remote: Enumerating objects: 1419, done.        
2022-06-24T15:06:35.4973418Z remote: Counting objects:   0% (1/1419)        
2022-06-24T15:06:35.4974622Z remote: Counting objects:   1% (15/1419)        
2022-06-24T15:06:35.4975968Z remote: Counting objects:   2% (29/1419)        
2022-06-24T15:06:35.4977671Z remote: Counting objects:   3% (43/1419)        
2022-06-24T15:06:35.4979123Z remote: Counting objects:   4% (57/1419)        
2022-06-24T15:06:35.4980835Z remote: Counting objects:   5% (71/1419)        
2022-06-24T15:06:35.4982263Z remote: Counting objects:   6% (86/1419)        
2022-06-24T15:06:35.4983610Z remote: Counting objects:   7% (100/1419)        
2022-06-24T15:06:35.4984911Z remote: Counting objects:   8% (114/1419)        
2022-06-24T15:06:35.4986477Z remote: Counting objects:   9% (128/1419)        
2022-06-24T15:06:35.4987662Z remote: Counting objects:  10% (142/1419)        
2022-06-24T15:06:35.4989101Z remote: Counting objects:  11% (157/1419)        
2022-06-24T15:06:35.4990288Z remote: Counting objects:  12% (171/1419)        
2022-06-24T15:06:35.4991691Z remote: Counting objects:  13% (185/1419)        
2022-06-24T15:06:35.4992922Z remote: Counting objects:  14% (199/1419)        
2022-06-24T15:06:35.4994374Z remote: Counting objects:  15% (213/1419)        
2022-06-24T15:06:35.4995650Z remote: Counting objects:  16% (228/1419)        
2022-06-24T15:06:35.4996918Z remote: Counting objects:  17% (242/1419)        
2022-06-24T15:06:35.4999695Z remote: Counting objects:  18% (256/1419)        
2022-06-24T15:06:35.5000153Z remote: Counting objects:  19% (270/1419)        
2022-06-24T15:06:35.5000635Z remote: Counting objects:  20% (284/1419)        
2022-06-24T15:06:35.5002108Z remote: Counting objects:  21% (298/1419)        
2022-06-24T15:06:35.5003505Z remote: Counting objects:  22% (313/1419)        
2022-06-24T15:06:35.5004836Z remote: Counting objects:  23% (327/1419)        
2022-06-24T15:06:35.5198096Z remote: Counting objects:  24% (341/1419)        
2022-06-24T15:06:35.5198413Z remote: Counting objects:  25% (355/1419)        
2022-06-24T15:06:35.5248593Z remote: Counting objects:  26% (369/1419)        
2022-06-24T15:06:35.5249681Z remote: Counting objects:  27% (384/1419)        
2022-06-24T15:06:35.5250146Z remote: Counting objects:  28% (398/1419)        
2022-06-24T15:06:35.5250713Z remote: Counting objects:  29% (412/1419)        
2022-06-24T15:06:35.5251286Z remote: Counting objects:  30% (426/1419)        
2022-06-24T15:06:35.5251987Z remote: Counting objects:  31% (440/1419)        
2022-06-24T15:06:35.5252610Z remote: Counting objects:  32% (455/1419)        
2022-06-24T15:06:35.5253295Z remote: Counting objects:  33% (469/1419)        
2022-06-24T15:06:35.5253845Z remote: Counting objects:  34% (483/1419)        
2022-06-24T15:06:35.5254489Z remote: Counting objects:  35% (497/1419)        
2022-06-24T15:06:35.5255165Z remote: Counting objects:  36% (511/1419)        
2022-06-24T15:06:35.5255833Z remote: Counting objects:  37% (526/1419)        
2022-06-24T15:06:35.5256561Z remote: Counting objects:  38% (540/1419)        
2022-06-24T15:06:35.5257199Z remote: Counting objects:  39% (554/1419)        
2022-06-24T15:06:35.5257832Z remote: Counting objects:  40% (568/1419)        
2022-06-24T15:06:35.5258453Z remote: Counting objects:  41% (582/1419)        
2022-06-24T15:06:35.5259110Z remote: Counting objects:  42% (596/1419)        
2022-06-24T15:06:35.5259759Z remote: Counting objects:  43% (611/1419)        
2022-06-24T15:06:35.5260440Z remote: Counting objects:  44% (625/1419)        
2022-06-24T15:06:35.5261001Z remote: Counting objects:  45% (639/1419)        
2022-06-24T15:06:35.5261700Z remote: Counting objects:  46% (653/1419)        
2022-06-24T15:06:35.5262331Z remote: Counting objects:  47% (667/1419)        
2022-06-24T15:06:35.5263036Z remote: Counting objects:  48% (682/1419)        
2022-06-24T15:06:35.5263678Z remote: Counting objects:  49% (696/1419)        
2022-06-24T15:06:35.5264394Z remote: Counting objects:  50% (710/1419)        
2022-06-24T15:06:35.5265028Z remote: Counting objects:  51% (724/1419)        
2022-06-24T15:06:35.5265812Z remote: Counting objects:  52% (738/1419)        
2022-06-24T15:06:35.5266146Z remote: Counting objects:  53% (753/1419)        
2022-06-24T15:06:35.5266796Z remote: Counting objects:  54% (767/1419)        
2022-06-24T15:06:35.5267448Z remote: Counting objects:  55% (781/1419)        
2022-06-24T15:06:35.5268108Z remote: Counting objects:  56% (795/1419)        
2022-06-24T15:06:35.5268747Z remote: Counting objects:  57% (809/1419)        
2022-06-24T15:06:35.5269397Z remote: Counting objects:  58% (824/1419)        
2022-06-24T15:06:35.5270014Z remote: Counting objects:  59% (838/1419)        
2022-06-24T15:06:35.5270692Z remote: Counting objects:  60% (852/1419)        
2022-06-24T15:06:35.5271253Z remote: Counting objects:  61% (866/1419)        
2022-06-24T15:06:35.5271899Z remote: Counting objects:  62% (880/1419)        
2022-06-24T15:06:35.5272538Z remote: Counting objects:  63% (894/1419)        
2022-06-24T15:06:35.5273079Z remote: Counting objects:  64% (909/1419)        
2022-06-24T15:06:35.5273734Z remote: Counting objects:  65% (923/1419)        
2022-06-24T15:06:35.5274348Z remote: Counting objects:  66% (937/1419)        
2022-06-24T15:06:35.5274996Z remote: Counting objects:  67% (951/1419)        
2022-06-24T15:06:35.5275650Z remote: Counting objects:  68% (965/1419)        
2022-06-24T15:06:35.5276289Z remote: Counting objects:  69% (980/1419)        
2022-06-24T15:06:35.5276929Z remote: Counting objects:  70% (994/1419)        
2022-06-24T15:06:35.5277624Z remote: Counting objects:  71% (1008/1419)        
2022-06-24T15:06:35.5278166Z remote: Counting objects:  72% (1022/1419)        
2022-06-24T15:06:35.5278788Z remote: Counting objects:  73% (1036/1419)        
2022-06-24T15:06:35.5279509Z remote: Counting objects:  74% (1051/1419)        
2022-06-24T15:06:35.5280163Z remote: Counting objects:  75% (1065/1419)        
2022-06-24T15:06:35.5280860Z remote: Counting objects:  76% (1079/1419)        
2022-06-24T15:06:35.5281418Z remote: Counting objects:  77% (1093/1419)        
2022-06-24T15:06:35.5282118Z remote: Counting objects:  78% (1107/1419)        
2022-06-24T15:06:35.5282806Z remote: Counting objects:  79% (1122/1419)        
2022-06-24T15:06:35.5283466Z remote: Counting objects:  80% (1136/1419)        
2022-06-24T15:06:35.5284165Z remote: Counting objects:  81% (1150/1419)        
2022-06-24T15:06:35.5284822Z remote: Counting objects:  82% (1164/1419)        
2022-06-24T15:06:35.5285489Z remote: Counting objects:  83% (1178/1419)        
2022-06-24T15:06:35.5286128Z remote: Counting objects:  84% (1192/1419)        
2022-06-24T15:06:35.5286802Z remote: Counting objects:  85% (1207/1419)        
2022-06-24T15:06:35.5287389Z remote: Counting objects:  86% (1221/1419)        
2022-06-24T15:06:35.5288097Z remote: Counting objects:  87% (1235/1419)        
2022-06-24T15:06:35.5288665Z remote: Counting objects:  88% (1249/1419)        
2022-06-24T15:06:35.5289378Z remote: Counting objects:  89% (1263/1419)        
2022-06-24T15:06:35.5289967Z remote: Counting objects:  90% (1278/1419)        
2022-06-24T15:06:35.5290664Z remote: Counting objects:  91% (1292/1419)        
2022-06-24T15:06:35.5291313Z remote: Counting objects:  92% (1306/1419)        
2022-06-24T15:06:35.5291991Z remote: Counting objects:  93% (1320/1419)        
2022-06-24T15:06:35.5292607Z remote: Counting objects:  94% (1334/1419)        
2022-06-24T15:06:35.5293297Z remote: Counting objects:  95% (1349/1419)        
2022-06-24T15:06:35.5293945Z remote: Counting objects:  96% (1363/1419)        
2022-06-24T15:06:35.5294646Z remote: Counting objects:  97% (1377/1419)        
2022-06-24T15:06:35.5295222Z remote: Counting objects:  98% (1391/1419)        
2022-06-24T15:06:35.5295925Z remote: Counting objects:  99% (1405/1419)        
2022-06-24T15:06:35.5296559Z remote: Counting objects: 100% (1419/1419)        
2022-06-24T15:06:35.5297319Z remote: Counting objects: 100% (1419/1419), done.        
2022-06-24T15:06:35.5297692Z remote: Compressing objects:   0% (1/778)        
2022-06-24T15:06:35.5298345Z remote: Compressing objects:   1% (8/778)        
2022-06-24T15:06:35.5298683Z remote: Compressing objects:   2% (16/778)        
2022-06-24T15:06:35.5299286Z remote: Compressing objects:   3% (24/778)        
2022-06-24T15:06:35.5299990Z remote: Compressing objects:   4% (32/778)        
2022-06-24T15:06:35.5300535Z remote: Compressing objects:   5% (39/778)        
2022-06-24T15:06:35.5301329Z remote: Compressing objects:   6% (47/778)        
2022-06-24T15:06:35.5301944Z remote: Compressing objects:   7% (55/778)        
2022-06-24T15:06:35.5302445Z remote: Compressing objects:   8% (63/778)        
2022-06-24T15:06:35.5303116Z remote: Compressing objects:   9% (71/778)        
2022-06-24T15:06:35.5303710Z remote: Compressing objects:  10% (78/778)        
2022-06-24T15:06:35.5304375Z remote: Compressing objects:  11% (86/778)        
2022-06-24T15:06:35.5304916Z remote: Compressing objects:  12% (94/778)        
2022-06-24T15:06:35.5305570Z remote: Compressing objects:  13% (102/778)        
2022-06-24T15:06:35.5306308Z remote: Compressing objects:  14% (109/778)        
2022-06-24T15:06:35.5356334Z remote: Compressing objects:  15% (117/778)        
2022-06-24T15:06:35.5356674Z remote: Compressing objects:  16% (125/778)        
2022-06-24T15:06:35.5356922Z remote: Compressing objects:  17% (133/778)        
2022-06-24T15:06:35.5357177Z remote: Compressing objects:  18% (141/778)        
2022-06-24T15:06:35.5357436Z remote: Compressing objects:  19% (148/778)        
2022-06-24T15:06:35.5357676Z remote: Compressing objects:  20% (156/778)        
2022-06-24T15:06:35.5357928Z remote: Compressing objects:  21% (164/778)        
2022-06-24T15:06:35.5358185Z remote: Compressing objects:  22% (172/778)        
2022-06-24T15:06:35.5358440Z remote: Compressing objects:  23% (179/778)        
2022-06-24T15:06:35.5358685Z remote: Compressing objects:  24% (187/778)        
2022-06-24T15:06:35.5358937Z remote: Compressing objects:  25% (195/778)        
2022-06-24T15:06:35.5359205Z remote: Compressing objects:  26% (203/778)        
2022-06-24T15:06:35.5359557Z remote: Compressing objects:  27% (211/778)        
2022-06-24T15:06:35.5359808Z remote: Compressing objects:  28% (218/778)        
2022-06-24T15:06:35.5360060Z remote: Compressing objects:  29% (226/778)        
2022-06-24T15:06:35.5360300Z remote: Compressing objects:  30% (234/778)        
2022-06-24T15:06:35.5360548Z remote: Compressing objects:  31% (242/778)        
2022-06-24T15:06:35.5360798Z remote: Compressing objects:  32% (249/778)        
2022-06-24T15:06:35.5361057Z remote: Compressing objects:  33% (257/778)        
2022-06-24T15:06:35.5361297Z remote: Compressing objects:  34% (265/778)        
2022-06-24T15:06:35.5361552Z remote: Compressing objects:  35% (273/778)        
2022-06-24T15:06:35.5361944Z remote: Compressing objects:  36% (281/778)        
2022-06-24T15:06:35.5362183Z remote: Compressing objects:  37% (288/778)        
2022-06-24T15:06:35.5362427Z remote: Compressing objects:  38% (296/778)        
2022-06-24T15:06:35.5362675Z remote: Compressing objects:  39% (304/778)        
2022-06-24T15:06:35.5362907Z remote: Compressing objects:  40% (312/778)        
2022-06-24T15:06:35.5363155Z remote: Compressing objects:  41% (319/778)        
2022-06-24T15:06:35.5363392Z remote: Compressing objects:  42% (327/778)        
2022-06-24T15:06:35.5363628Z remote: Compressing objects:  43% (335/778)        
2022-06-24T15:06:35.5363862Z remote: Compressing objects:  44% (343/778)        
2022-06-24T15:06:35.5364099Z remote: Compressing objects:  45% (351/778)        
2022-06-24T15:06:35.5364350Z remote: Compressing objects:  46% (358/778)        
2022-06-24T15:06:35.5364584Z remote: Compressing objects:  47% (366/778)        
2022-06-24T15:06:35.5364834Z remote: Compressing objects:  48% (374/778)        
2022-06-24T15:06:35.5365082Z remote: Compressing objects:  49% (382/778)        
2022-06-24T15:06:35.5365314Z remote: Compressing objects:  50% (389/778)        
2022-06-24T15:06:35.5396143Z remote: Compressing objects:  51% (397/778)        
2022-06-24T15:06:35.5397182Z remote: Compressing objects:  52% (405/778)        
2022-06-24T15:06:35.5399216Z remote: Compressing objects:  53% (413/778)        
2022-06-24T15:06:35.5415656Z remote: Compressing objects:  54% (421/778)        
2022-06-24T15:06:35.5436759Z remote: Compressing objects:  55% (428/778)        
2022-06-24T15:06:35.5461395Z remote: Compressing objects:  56% (436/778)        
2022-06-24T15:06:35.5532108Z remote: Compressing objects:  57% (444/778)        
2022-06-24T15:06:35.5533018Z remote: Compressing objects:  58% (452/778)        
2022-06-24T15:06:35.5533460Z remote: Compressing objects:  59% (460/778)        
2022-06-24T15:06:35.5534209Z remote: Compressing objects:  60% (467/778)        
2022-06-24T15:06:35.5540543Z remote: Compressing objects:  61% (475/778)        
2022-06-24T15:06:35.5590470Z remote: Compressing objects:  62% (483/778)        
2022-06-24T15:06:35.5766019Z remote: Compressing objects:  63% (491/778)        
2022-06-24T15:06:35.5923650Z remote: Compressing objects:  64% (498/778)        
2022-06-24T15:06:35.5990349Z remote: Compressing objects:  65% (506/778)        
2022-06-24T15:06:35.6071031Z remote: Compressing objects:  66% (514/778)        
2022-06-24T15:06:35.6130365Z remote: Compressing objects:  67% (522/778)        
2022-06-24T15:06:35.6187477Z remote: Compressing objects:  68% (530/778)        
2022-06-24T15:06:35.6227922Z remote: Compressing objects:  69% (537/778)        
2022-06-24T15:06:35.6270770Z remote: Compressing objects:  70% (545/778)        
2022-06-24T15:06:35.6289093Z remote: Compressing objects:  71% (553/778)        
2022-06-24T15:06:35.6294475Z remote: Compressing objects:  72% (561/778)        
2022-06-24T15:06:35.6304431Z remote: Compressing objects:  73% (568/778)        
2022-06-24T15:06:35.6328906Z remote: Compressing objects:  74% (576/778)        
2022-06-24T15:06:35.6355044Z remote: Compressing objects:  75% (584/778)        
2022-06-24T15:06:35.6363419Z remote: Compressing objects:  76% (592/778)        
2022-06-24T15:06:35.6376784Z remote: Compressing objects:  77% (600/778)        
2022-06-24T15:06:35.6384910Z remote: Compressing objects:  78% (607/778)        
2022-06-24T15:06:35.6391705Z remote: Compressing objects:  79% (615/778)        
2022-06-24T15:06:35.6402019Z remote: Compressing objects:  80% (623/778)        
2022-06-24T15:06:35.6430592Z remote: Compressing objects:  81% (631/778)        
2022-06-24T15:06:35.6431544Z remote: Compressing objects:  82% (638/778)        
2022-06-24T15:06:35.6443851Z remote: Compressing objects:  83% (646/778)        
2022-06-24T15:06:35.6456522Z remote: Compressing objects:  84% (654/778)        
2022-06-24T15:06:35.6459058Z remote: Compressing objects:  85% (662/778)        
2022-06-24T15:06:35.6467273Z remote: Compressing objects:  86% (670/778)        
2022-06-24T15:06:35.6489020Z remote: Compressing objects:  87% (677/778)        
2022-06-24T15:06:35.6508572Z remote: Compressing objects:  88% (685/778)        
2022-06-24T15:06:35.6530117Z remote: Compressing objects:  89% (693/778)        
2022-06-24T15:06:35.6556915Z remote: Compressing objects:  90% (701/778)        
2022-06-24T15:06:35.6563725Z remote: Compressing objects:  91% (708/778)        
2022-06-24T15:06:35.6569030Z remote: Compressing objects:  92% (716/778)        
2022-06-24T15:06:35.6569840Z remote: Compressing objects:  93% (724/778)        
2022-06-24T15:06:35.6570226Z remote: Compressing objects:  94% (732/778)        
2022-06-24T15:06:35.6689867Z remote: Compressing objects:  95% (740/778)        
2022-06-24T15:06:35.6690321Z remote: Compressing objects:  96% (747/778)        
2022-06-24T15:06:35.6690956Z remote: Compressing objects:  97% (755/778)        
2022-06-24T15:06:35.6692071Z remote: Compressing objects:  98% (763/778)        
2022-06-24T15:06:35.6692996Z remote: Compressing objects:  99% (771/778)        
2022-06-24T15:06:35.6693835Z remote: Compressing objects: 100% (778/778)        
2022-06-24T15:06:35.6694432Z remote: Compressing objects: 100% (778/778), done.        
2022-06-24T15:06:35.6835186Z Receiving objects:   0% (1/1419)
2022-06-24T15:06:35.7423223Z Receiving objects:   1% (15/1419)
2022-06-24T15:06:35.7430474Z Receiving objects:   2% (29/1419)
2022-06-24T15:06:35.7433220Z Receiving objects:   3% (43/1419)
2022-06-24T15:06:35.7516463Z Receiving objects:   4% (57/1419)
2022-06-24T15:06:35.7697253Z Receiving objects:   5% (71/1419)
2022-06-24T15:06:35.7879074Z Receiving objects:   6% (86/1419)
2022-06-24T15:06:35.7952909Z Receiving objects:   7% (100/1419)
2022-06-24T15:06:35.7959368Z Receiving objects:   8% (114/1419)
2022-06-24T15:06:35.7968129Z Receiving objects:   9% (128/1419)
2022-06-24T15:06:35.7980846Z Receiving objects:  10% (142/1419)
2022-06-24T15:06:35.7994808Z Receiving objects:  11% (157/1419)
2022-06-24T15:06:35.8018056Z Receiving objects:  12% (171/1419)
2022-06-24T15:06:35.8043972Z Receiving objects:  13% (185/1419)
2022-06-24T15:06:35.8047999Z Receiving objects:  14% (199/1419)
2022-06-24T15:06:35.8066197Z Receiving objects:  15% (213/1419)
2022-06-24T15:06:35.8080288Z Receiving objects:  16% (228/1419)
2022-06-24T15:06:35.8123763Z Receiving objects:  17% (242/1419)
2022-06-24T15:06:35.8127715Z Receiving objects:  18% (256/1419)
2022-06-24T15:06:35.8137127Z Receiving objects:  19% (270/1419)
2022-06-24T15:06:35.8148118Z Receiving objects:  20% (284/1419)
2022-06-24T15:06:35.8320044Z Receiving objects:  21% (298/1419)
2022-06-24T15:06:35.8321873Z Receiving objects:  22% (313/1419)
2022-06-24T15:06:35.8385059Z Receiving objects:  23% (327/1419)
2022-06-24T15:06:35.8387844Z Receiving objects:  24% (341/1419)
2022-06-24T15:06:35.8440242Z Receiving objects:  25% (355/1419)
2022-06-24T15:06:35.8443259Z Receiving objects:  26% (369/1419)
2022-06-24T15:06:35.8445221Z Receiving objects:  27% (384/1419)
2022-06-24T15:06:35.8479511Z Receiving objects:  28% (398/1419)
2022-06-24T15:06:35.8481226Z Receiving objects:  29% (412/1419)
2022-06-24T15:06:35.8515502Z Receiving objects:  30% (426/1419)
2022-06-24T15:06:35.8517006Z Receiving objects:  31% (440/1419)
2022-06-24T15:06:35.8521785Z Receiving objects:  32% (455/1419)
2022-06-24T15:06:35.8523557Z Receiving objects:  33% (469/1419)
2022-06-24T15:06:35.8531925Z Receiving objects:  34% (483/1419)
2022-06-24T15:06:35.8534057Z Receiving objects:  35% (497/1419)
2022-06-24T15:06:35.8536374Z Receiving objects:  36% (511/1419)
2022-06-24T15:06:35.8543021Z Receiving objects:  37% (526/1419)
2022-06-24T15:06:35.8547177Z Receiving objects:  38% (540/1419)
2022-06-24T15:06:35.8553066Z Receiving objects:  39% (554/1419)
2022-06-24T15:06:35.8557104Z Receiving objects:  40% (568/1419)
2022-06-24T15:06:35.8560098Z Receiving objects:  41% (582/1419)
2022-06-24T15:06:35.8564093Z Receiving objects:  42% (596/1419)
2022-06-24T15:06:35.8580930Z Receiving objects:  43% (611/1419)
2022-06-24T15:06:35.8583913Z Receiving objects:  44% (625/1419)
2022-06-24T15:06:35.8607684Z Receiving objects:  45% (639/1419)
2022-06-24T15:06:35.8628886Z Receiving objects:  46% (653/1419)
2022-06-24T15:06:35.8632440Z Receiving objects:  47% (667/1419)
2022-06-24T15:06:35.8639800Z Receiving objects:  48% (682/1419)
2022-06-24T15:06:35.8642382Z Receiving objects:  49% (696/1419)
2022-06-24T15:06:35.8646335Z Receiving objects:  50% (710/1419)
2022-06-24T15:06:35.8648272Z Receiving objects:  51% (724/1419)
2022-06-24T15:06:35.8650895Z Receiving objects:  52% (738/1419)
2022-06-24T15:06:35.8685286Z Receiving objects:  53% (753/1419)
2022-06-24T15:06:35.8687436Z Receiving objects:  54% (767/1419)
2022-06-24T15:06:35.8690647Z Receiving objects:  55% (781/1419)
2022-06-24T15:06:35.8694363Z Receiving objects:  56% (795/1419)
2022-06-24T15:06:35.8698775Z Receiving objects:  57% (809/1419)
2022-06-24T15:06:35.8702410Z Receiving objects:  58% (824/1419)
2022-06-24T15:06:35.8711243Z Receiving objects:  59% (838/1419)
2022-06-24T15:06:35.8713893Z Receiving objects:  60% (852/1419)
2022-06-24T15:06:35.8717851Z Receiving objects:  61% (866/1419)
2022-06-24T15:06:35.8826435Z Receiving objects:  62% (880/1419)
2022-06-24T15:06:35.8830074Z Receiving objects:  63% (894/1419)
2022-06-24T15:06:35.8885246Z Receiving objects:  64% (909/1419)
2022-06-24T15:06:35.8948461Z Receiving objects:  65% (923/1419)
2022-06-24T15:06:35.8953757Z Receiving objects:  66% (937/1419)
2022-06-24T15:06:35.8966025Z Receiving objects:  67% (951/1419)
2022-06-24T15:06:35.8970340Z Receiving objects:  68% (965/1419)
2022-06-24T15:06:35.8974130Z Receiving objects:  69% (980/1419)
2022-06-24T15:06:35.8977484Z Receiving objects:  70% (994/1419)
2022-06-24T15:06:35.9023451Z Receiving objects:  71% (1008/1419)
2022-06-24T15:06:35.9023712Z Receiving objects:  72% (1022/1419)
2022-06-24T15:06:35.9023943Z Receiving objects:  73% (1036/1419)
2022-06-24T15:06:35.9024168Z Receiving objects:  74% (1051/1419)
2022-06-24T15:06:35.9060481Z Receiving objects:  75% (1065/1419)
2022-06-24T15:06:35.9060721Z Receiving objects:  76% (1079/1419)
2022-06-24T15:06:35.9060947Z Receiving objects:  77% (1093/1419)
2022-06-24T15:06:35.9084553Z Receiving objects:  78% (1107/1419)
2022-06-24T15:06:35.9097875Z Receiving objects:  79% (1122/1419)
2022-06-24T15:06:35.9109700Z Receiving objects:  80% (1136/1419)
2022-06-24T15:06:35.9120673Z Receiving objects:  81% (1150/1419)
2022-06-24T15:06:35.9129935Z Receiving objects:  82% (1164/1419)
2022-06-24T15:06:35.9139599Z Receiving objects:  83% (1178/1419)
2022-06-24T15:06:35.9147736Z Receiving objects:  84% (1192/1419)
2022-06-24T15:06:35.9153541Z Receiving objects:  85% (1207/1419)
2022-06-24T15:06:35.9160785Z Receiving objects:  86% (1221/1419)
2022-06-24T15:06:35.9167682Z Receiving objects:  87% (1235/1419)
2022-06-24T15:06:35.9174343Z Receiving objects:  88% (1249/1419)
2022-06-24T15:06:35.9182476Z Receiving objects:  89% (1263/1419)
2022-06-24T15:06:35.9192129Z Receiving objects:  90% (1278/1419)
2022-06-24T15:06:35.9224978Z Receiving objects:  91% (1292/1419)
2022-06-24T15:06:35.9232783Z Receiving objects:  92% (1306/1419)
2022-06-24T15:06:35.9243957Z Receiving objects:  93% (1320/1419)
2022-06-24T15:06:35.9251655Z Receiving objects:  94% (1334/1419)
2022-06-24T15:06:35.9264830Z Receiving objects:  95% (1349/1419)
2022-06-24T15:06:35.9265785Z remote: Total 1419 (delta 888), reused 986 (delta 624), pack-reused 0        
2022-06-24T15:06:35.9279501Z Receiving objects:  96% (1363/1419)
2022-06-24T15:06:35.9283594Z Receiving objects:  97% (1377/1419)
2022-06-24T15:06:35.9287426Z Receiving objects:  98% (1391/1419)
2022-06-24T15:06:35.9298051Z Receiving objects:  99% (1405/1419)
2022-06-24T15:06:35.9301370Z Receiving objects: 100% (1419/1419)
2022-06-24T15:06:35.9301798Z Receiving objects: 100% (1419/1419), 1.08 MiB | 4.35 MiB/s, done.
2022-06-24T15:06:35.9314240Z Resolving deltas:   0% (0/888)
2022-06-24T15:06:35.9320020Z Resolving deltas:   1% (9/888)
2022-06-24T15:06:35.9326773Z Resolving deltas:   2% (18/888)
2022-06-24T15:06:35.9332397Z Resolving deltas:   3% (27/888)
2022-06-24T15:06:35.9336890Z Resolving deltas:   4% (36/888)
2022-06-24T15:06:35.9341299Z Resolving deltas:   5% (45/888)
2022-06-24T15:06:35.9346282Z Resolving deltas:   6% (54/888)
2022-06-24T15:06:35.9351256Z Resolving deltas:   7% (63/888)
2022-06-24T15:06:35.9356626Z Resolving deltas:   8% (72/888)
2022-06-24T15:06:35.9361394Z Resolving deltas:   9% (80/888)
2022-06-24T15:06:35.9374155Z Resolving deltas:  10% (89/888)
2022-06-24T15:06:35.9381207Z Resolving deltas:  11% (98/888)
2022-06-24T15:06:35.9385535Z Resolving deltas:  12% (107/888)
2022-06-24T15:06:35.9390407Z Resolving deltas:  13% (116/888)
2022-06-24T15:06:35.9396182Z Resolving deltas:  14% (125/888)
2022-06-24T15:06:35.9403301Z Resolving deltas:  15% (134/888)
2022-06-24T15:06:35.9406316Z Resolving deltas:  16% (143/888)
2022-06-24T15:06:35.9409065Z Resolving deltas:  17% (151/888)
2022-06-24T15:06:35.9412032Z Resolving deltas:  18% (160/888)
2022-06-24T15:06:35.9414994Z Resolving deltas:  19% (169/888)
2022-06-24T15:06:35.9418324Z Resolving deltas:  20% (178/888)
2022-06-24T15:06:35.9421616Z Resolving deltas:  21% (187/888)
2022-06-24T15:06:35.9425200Z Resolving deltas:  22% (196/888)
2022-06-24T15:06:35.9428930Z Resolving deltas:  23% (205/888)
2022-06-24T15:06:35.9432572Z Resolving deltas:  24% (214/888)
2022-06-24T15:06:35.9437779Z Resolving deltas:  25% (222/888)
2022-06-24T15:06:35.9441991Z Resolving deltas:  26% (231/888)
2022-06-24T15:06:35.9451065Z Resolving deltas:  27% (240/888)
2022-06-24T15:06:35.9456883Z Resolving deltas:  28% (249/888)
2022-06-24T15:06:35.9467997Z Resolving deltas:  29% (258/888)
2022-06-24T15:06:35.9474221Z Resolving deltas:  30% (267/888)
2022-06-24T15:06:35.9482779Z Resolving deltas:  31% (276/888)
2022-06-24T15:06:35.9488948Z Resolving deltas:  32% (285/888)
2022-06-24T15:06:35.9495918Z Resolving deltas:  33% (294/888)
2022-06-24T15:06:35.9501852Z Resolving deltas:  34% (302/888)
2022-06-24T15:06:35.9506782Z Resolving deltas:  35% (312/888)
2022-06-24T15:06:35.9513124Z Resolving deltas:  36% (320/888)
2022-06-24T15:06:35.9517688Z Resolving deltas:  37% (329/888)
2022-06-24T15:06:35.9523574Z Resolving deltas:  38% (338/888)
2022-06-24T15:06:35.9524853Z Resolving deltas:  39% (347/888)
2022-06-24T15:06:35.9530876Z Resolving deltas:  40% (356/888)
2022-06-24T15:06:35.9538422Z Resolving deltas:  41% (365/888)
2022-06-24T15:06:35.9545163Z Resolving deltas:  42% (373/888)
2022-06-24T15:06:35.9550410Z Resolving deltas:  43% (382/888)
2022-06-24T15:06:35.9558176Z Resolving deltas:  44% (391/888)
2022-06-24T15:06:35.9562767Z Resolving deltas:  45% (400/888)
2022-06-24T15:06:35.9568862Z Resolving deltas:  46% (409/888)
2022-06-24T15:06:35.9573535Z Resolving deltas:  47% (418/888)
2022-06-24T15:06:35.9579591Z Resolving deltas:  48% (427/888)
2022-06-24T15:06:35.9584475Z Resolving deltas:  49% (436/888)
2022-06-24T15:06:35.9588450Z Resolving deltas:  50% (444/888)
2022-06-24T15:06:35.9593030Z Resolving deltas:  51% (453/888)
2022-06-24T15:06:35.9594774Z Resolving deltas:  52% (462/888)
2022-06-24T15:06:35.9596147Z Resolving deltas:  53% (471/888)
2022-06-24T15:06:35.9597691Z Resolving deltas:  54% (480/888)
2022-06-24T15:06:35.9599173Z Resolving deltas:  55% (489/888)
2022-06-24T15:06:35.9600622Z Resolving deltas:  56% (498/888)
2022-06-24T15:06:35.9602405Z Resolving deltas:  57% (507/888)
2022-06-24T15:06:35.9603845Z Resolving deltas:  58% (516/888)
2022-06-24T15:06:35.9605234Z Resolving deltas:  59% (524/888)
2022-06-24T15:06:35.9606534Z Resolving deltas:  60% (533/888)
2022-06-24T15:06:35.9608144Z Resolving deltas:  61% (542/888)
2022-06-24T15:06:35.9609411Z Resolving deltas:  62% (551/888)
2022-06-24T15:06:35.9610737Z Resolving deltas:  63% (560/888)
2022-06-24T15:06:35.9612140Z Resolving deltas:  64% (569/888)
2022-06-24T15:06:35.9613693Z Resolving deltas:  65% (578/888)
2022-06-24T15:06:35.9615157Z Resolving deltas:  66% (587/888)
2022-06-24T15:06:35.9616605Z Resolving deltas:  67% (595/888)
2022-06-24T15:06:35.9617948Z Resolving deltas:  68% (604/888)
2022-06-24T15:06:35.9619419Z Resolving deltas:  69% (613/888)
2022-06-24T15:06:35.9620708Z Resolving deltas:  70% (622/888)
2022-06-24T15:06:35.9622168Z Resolving deltas:  71% (631/888)
2022-06-24T15:06:35.9623494Z Resolving deltas:  72% (640/888)
2022-06-24T15:06:35.9624694Z Resolving deltas:  73% (649/888)
2022-06-24T15:06:35.9626208Z Resolving deltas:  74% (658/888)
2022-06-24T15:06:35.9628223Z Resolving deltas:  75% (666/888)
2022-06-24T15:06:35.9629671Z Resolving deltas:  76% (675/888)
2022-06-24T15:06:35.9633113Z Resolving deltas:  77% (684/888)
2022-06-24T15:06:35.9649320Z Resolving deltas:  78% (693/888)
2022-06-24T15:06:35.9659862Z Resolving deltas:  79% (702/888)
2022-06-24T15:06:35.9665886Z Resolving deltas:  80% (711/888)
2022-06-24T15:06:35.9668538Z Resolving deltas:  81% (720/888)
2022-06-24T15:06:35.9673395Z Resolving deltas:  82% (729/888)
2022-06-24T15:06:35.9682488Z Resolving deltas:  83% (738/888)
2022-06-24T15:06:35.9682836Z Resolving deltas:  84% (746/888)
2022-06-24T15:06:35.9683143Z Resolving deltas:  85% (755/888)
2022-06-24T15:06:35.9684276Z Resolving deltas:  86% (764/888)
2022-06-24T15:06:35.9685828Z Resolving deltas:  87% (773/888)
2022-06-24T15:06:35.9687441Z Resolving deltas:  88% (782/888)
2022-06-24T15:06:35.9693394Z Resolving deltas:  89% (791/888)
2022-06-24T15:06:35.9693796Z Resolving deltas:  90% (800/888)
2022-06-24T15:06:35.9694267Z Resolving deltas:  91% (809/888)
2022-06-24T15:06:35.9696138Z Resolving deltas:  92% (817/888)
2022-06-24T15:06:35.9698302Z Resolving deltas:  93% (826/888)
2022-06-24T15:06:35.9699673Z Resolving deltas:  94% (835/888)
2022-06-24T15:06:35.9704084Z Resolving deltas:  95% (844/888)
2022-06-24T15:06:35.9707154Z Resolving deltas:  96% (853/888)
2022-06-24T15:06:35.9710973Z Resolving deltas:  97% (862/888)
2022-06-24T15:06:35.9714153Z Resolving deltas:  98% (871/888)
2022-06-24T15:06:35.9717114Z Resolving deltas:  99% (880/888)
2022-06-24T15:06:35.9721292Z Resolving deltas: 100% (888/888)
2022-06-24T15:06:35.9721931Z Resolving deltas: 100% (888/888), done.
2022-06-24T15:06:35.9827041Z From https://github.com/traccar/traccar
2022-06-24T15:06:35.9827888Z  * [new ref]         c60743cfab4e31214207da5dab44fc4426d53764 -> origin/master
2022-06-24T15:06:35.9847741Z ##[endgroup]
2022-06-24T15:06:35.9848930Z ##[group]Determining the checkout info
2022-06-24T15:06:35.9850084Z ##[endgroup]
2022-06-24T15:06:35.9850588Z ##[group]Checking out the ref
2022-06-24T15:06:35.9854876Z [command]/usr/bin/git checkout --progress --force -B master refs/remotes/origin/master
2022-06-24T15:06:36.0477578Z Reset branch 'master'
2022-06-24T15:06:36.0478965Z branch 'master' set up to track 'origin/master'.
2022-06-24T15:06:36.0485977Z ##[endgroup]
2022-06-24T15:06:36.0527984Z [command]/usr/bin/git log -1 --format='%H'
2022-06-24T15:06:36.0554255Z 'c60743cfab4e31214207da5dab44fc4426d53764'
2022-06-24T15:06:36.0850217Z ##[group]Run actions/setup-java@v1
2022-06-24T15:06:36.0850441Z with:
2022-06-24T15:06:36.0850629Z   java-version: 11
2022-06-24T15:06:36.0850830Z   java-package: jdk
2022-06-24T15:06:36.0851023Z   architecture: x64
2022-06-24T15:06:36.0851204Z   server-id: github
2022-06-24T15:06:36.0851416Z   server-username: GITHUB_ACTOR
2022-06-24T15:06:36.0851661Z   server-password: GITHUB_TOKEN
2022-06-24T15:06:36.0851862Z ##[endgroup]
2022-06-24T15:06:38.6429109Z [command]/usr/bin/tar --version
2022-06-24T15:06:38.6476420Z tar (GNU tar) 1.30
2022-06-24T15:06:38.6476855Z Copyright (C) 2017 Free Software Foundation, Inc.
2022-06-24T15:06:38.6477289Z License GPLv3+: GNU GPL version 3 or later <https://gnu.org/licenses/gpl.html>.
2022-06-24T15:06:38.6477739Z This is free software: you are free to change and redistribute it.
2022-06-24T15:06:38.6478143Z There is NO WARRANTY, to the extent permitted by law.
2022-06-24T15:06:38.6478387Z 
2022-06-24T15:06:38.6478631Z Written by John Gilmore and Jay Fenlason.
2022-06-24T15:06:38.6501098Z [command]/usr/bin/tar xz --warning=no-unknown-keyword -C /home/runner/work/_temp/temp_410835229 -f /home/runner/work/_temp/cda5977b-09b1-4128-b477-21a26f2943b0
2022-06-24T15:06:42.8574875Z creating settings.xml with server-id: github; environment variables: username=$GITHUB_ACTOR, *** and gpg-passphrase=null
2022-06-24T15:06:42.8648908Z writing /home/runner/.m2/settings.xml
2022-06-24T15:06:42.9319930Z ##[group]Run ./gradlew build --warning-mode=fail
2022-06-24T15:06:42.9320303Z [36;1m./gradlew build --warning-mode=fail[0m
2022-06-24T15:06:42.9378931Z shell: /usr/bin/bash -e {0}
2022-06-24T15:06:42.9379157Z env:
2022-06-24T15:06:42.9379421Z   JAVA_HOME_11.0.15_x64: /opt/hostedtoolcache/jdk/11.0.15/x64
2022-06-24T15:06:42.9379703Z   JAVA_HOME: /opt/hostedtoolcache/jdk/11.0.15/x64
2022-06-24T15:06:42.9379992Z   JAVA_HOME_11_0_15_X64: /opt/hostedtoolcache/jdk/11.0.15/x64
2022-06-24T15:06:42.9380235Z ##[endgroup]
2022-06-24T15:06:43.1183118Z Downloading https://services.gradle.org/distributions/gradle-7.4.1-bin.zip
2022-06-24T15:06:44.8050294Z ...........10%...........20%...........30%...........40%...........50%...........60%...........70%...........80%...........90%...........100%
2022-06-24T15:06:46.3112113Z 
2022-06-24T15:06:46.3112407Z Welcome to Gradle 7.4.1!
2022-06-24T15:06:46.3112592Z 
2022-06-24T15:06:46.3112732Z Here are the highlights of this release:
2022-06-24T15:06:46.3113289Z  - Aggregated test and JaCoCo reports
2022-06-24T15:06:46.3113680Z  - Marking additional test source directories as tests in IntelliJ
2022-06-24T15:06:46.3114063Z  - Support for Adoptium JDKs in Java toolchains
2022-06-24T15:06:46.3114229Z 
2022-06-24T15:06:46.3114498Z For more details see https://docs.gradle.org/7.4.1/release-notes.html
2022-06-24T15:06:46.3114707Z 
2022-06-24T15:06:46.5065973Z Starting a Gradle Daemon (subsequent builds will be faster)
2022-06-24T15:07:03.2074232Z 
2022-06-24T15:07:03.2083126Z > Configure project :
2022-06-24T15:07:03.2129766Z Kordamp Enforcer Gradle plugin 0.9.0. Consider becoming a patron at https://www.patreon.com/aalmiray
2022-06-24T15:07:12.0066466Z 
2022-06-24T15:07:12.0066820Z > Task :copyDependencies
2022-06-24T15:07:13.2066795Z > Task :extractIncludeProto
2022-06-24T15:07:13.3066087Z > Task :extractProto
2022-06-24T15:07:14.2066798Z > Task :generateProto
2022-06-24T15:07:36.9068170Z Note: Some input files use or override a deprecated API.
2022-06-24T15:07:36.9068418Z 
2022-06-24T15:07:36.9068996Z Note: Recompile with -Xlint:deprecation for details.
2022-06-24T15:07:36.9069245Z > Task :compileJava
2022-06-24T15:07:36.9069602Z Note: Some input files use unchecked or unsafe operations.
2022-06-24T15:07:36.9070044Z Note: Recompile with -Xlint:unchecked for details.
2022-06-24T15:07:47.1111033Z 
2022-06-24T15:07:47.1256687Z > Task :processResources
2022-06-24T15:07:47.1256944Z > Task :classes
2022-06-24T15:07:47.6065621Z > Task :jar
2022-06-24T15:07:47.6065971Z > Task :assemble
2022-06-24T15:08:00.8065792Z > Task :checkstyleMain
2022-06-24T15:08:01.9066575Z > Task :extractIncludeTestProto
2022-06-24T15:08:01.9067298Z > Task :extractTestProto
2022-06-24T15:08:01.9069556Z > Task :generateTestProto NO-SOURCE
2022-06-24T15:08:04.1065944Z Note: Some input files use or override a deprecated API.
2022-06-24T15:08:04.1066185Z 
2022-06-24T15:08:04.1067429Z Note: Recompile with -Xlint:deprecation for details.
2022-06-24T15:08:04.1067699Z > Task :compileTestJava
2022-06-24T15:08:04.1068318Z Note: /home/runner/work/traccar/traccar/src/test/java/org/traccar/helper/ServletHelperTest.java uses unchecked or unsafe operations.
2022-06-24T15:08:04.1069362Z Note: Recompile with -Xlint:unchecked for details.
2022-06-24T15:08:05.3064895Z 
2022-06-24T15:08:05.3065682Z > Task :processTestResources NO-SOURCE
2022-06-24T15:08:05.3066064Z > Task :testClasses
2022-06-24T15:08:05.3066595Z > Task :checkstyleTest SKIPPED
2022-06-24T15:08:10.6070637Z > Task :test
2022-06-24T15:08:10.6071163Z > Task :check
2022-06-24T15:08:10.6071683Z > Task :build
2022-06-24T15:08:10.6071974Z 
2022-06-24T15:08:10.6072232Z BUILD SUCCESSFUL in 1m 27s
2022-06-24T15:08:10.6072663Z 12 actionable tasks: 12 executed
2022-06-24T15:08:11.0033606Z Post job cleanup.
2022-06-24T15:08:11.0491382Z Post job cleanup.
2022-06-24T15:08:11.1716783Z [command]/usr/bin/git version
2022-06-24T15:08:11.1760365Z git version 2.36.1
2022-06-24T15:08:11.1797954Z Temporarily overriding HOME='/home/runner/work/_temp/076bf29f-633f-4b6b-8127-9a3471df36f8' before making global git config changes
2022-06-24T15:08:11.1798694Z Adding repository directory to the temporary git global config as a safe directory
2022-06-24T15:08:11.1802547Z [command]/usr/bin/git config --global --add safe.directory /home/runner/work/traccar/traccar
2022-06-24T15:08:11.1840131Z [command]/usr/bin/git config --local --name-only --get-regexp core\.sshCommand
2022-06-24T15:08:11.1871233Z [command]/usr/bin/git submodule foreach --recursive git config --local --name-only --get-regexp 'core\.sshCommand' && git config --local --unset-all 'core.sshCommand' || :
2022-06-24T15:08:11.2083876Z [command]/usr/bin/git config --local --name-only --get-regexp http\.https\:\/\/github\.com\/\.extraheader
2022-06-24T15:08:11.2160074Z http.https://github.com/.extraheader
2022-06-24T15:08:11.2168498Z [command]/usr/bin/git config --local --unset-all http.https://github.com/.extraheader
2022-06-24T15:08:11.2200083Z [command]/usr/bin/git submodule foreach --recursive git config --local --name-only --get-regexp 'http\.https\:\/\/github\.com\/\.extraheader' && git config --local --unset-all 'http.https://github.com/.extraheader' || :
2022-06-24T15:08:11.2623352Z Cleaning up orphan processes
2022-06-24T15:08:11.2933272Z Terminate orphan process: pid (1624) (java)