2022-11-23T05:29:53.5015708Z Requested labels: ubuntu-latest
2022-11-23T05:29:53.5015759Z Job defined at: halo-dev/halo/.github/workflows/halo.yaml@refs/pull/2741/merge
2022-11-23T05:29:53.5015778Z Waiting for a runner to pick up this job...
2022-11-23T05:29:54.6821715Z Job is waiting for a hosted runner to come online.
2022-11-23T05:29:57.5738281Z Job is about to start running on the hosted runner: Hosted Agent (hosted)
2022-11-23T05:29:59.7852822Z Current runner version: '2.299.1'
2022-11-23T05:29:59.7882138Z ##[group]Operating System
2022-11-23T05:29:59.7882656Z Ubuntu
2022-11-23T05:29:59.7882946Z 22.04.1
2022-11-23T05:29:59.7883163Z LTS
2022-11-23T05:29:59.7883442Z ##[endgroup]
2022-11-23T05:29:59.7883779Z ##[group]Runner Image
2022-11-23T05:29:59.7884088Z Image: ubuntu-22.04
2022-11-23T05:29:59.7884392Z Version: 20221027.1
2022-11-23T05:29:59.7884878Z Included Software: https://github.com/actions/runner-images/blob/ubuntu22/20221027.1/images/linux/Ubuntu2204-Readme.md
2022-11-23T05:29:59.7885436Z Image Release: https://github.com/actions/runner-images/releases/tag/ubuntu22%2F20221027.1
2022-11-23T05:29:59.7885882Z ##[endgroup]
2022-11-23T05:29:59.7886229Z ##[group]Runner Image Provisioner
2022-11-23T05:29:59.7886505Z 2.0.91.1
2022-11-23T05:29:59.7886776Z ##[endgroup]
2022-11-23T05:29:59.7887697Z ##[group]GITHUB_TOKEN Permissions
2022-11-23T05:29:59.7888249Z Actions: read
2022-11-23T05:29:59.7888545Z Checks: read
2022-11-23T05:29:59.7888918Z Contents: read
2022-11-23T05:29:59.7889353Z Deployments: read
2022-11-23T05:29:59.7889615Z Discussions: read
2022-11-23T05:29:59.7889908Z Issues: read
2022-11-23T05:29:59.7890173Z Metadata: read
2022-11-23T05:29:59.7890466Z Packages: read
2022-11-23T05:29:59.7890754Z Pages: read
2022-11-23T05:29:59.7891054Z PullRequests: read
2022-11-23T05:29:59.7891342Z RepositoryProjects: read
2022-11-23T05:29:59.7891677Z SecurityEvents: read
2022-11-23T05:29:59.7892022Z Statuses: read
2022-11-23T05:29:59.7892285Z ##[endgroup]
2022-11-23T05:29:59.7895950Z Secret source: None
2022-11-23T05:29:59.7896408Z Prepare workflow directory
2022-11-23T05:29:59.8709484Z Prepare all required actions
2022-11-23T05:29:59.8891730Z Getting action download info
2022-11-23T05:30:00.1462797Z Download action repository 'actions/checkout@v2' (SHA:e2f20e631ae6d7dd3b768f56a5d2af784dd54791)
2022-11-23T05:30:00.4829982Z Download action repository 'actions/setup-java@v2' (SHA:f0bb91606209742fe3ea40199be2f3ef195ecabf)
2022-11-23T05:30:01.1703006Z ##[group]Run actions/checkout@v2
2022-11-23T05:30:01.1703386Z with:
2022-11-23T05:30:01.1703638Z   submodules: true
2022-11-23T05:30:01.1703912Z   repository: halo-dev/halo
2022-11-23T05:30:01.1704422Z   token: ***
2022-11-23T05:30:01.1704676Z   ssh-strict: true
2022-11-23T05:30:01.1704956Z   persist-credentials: true
2022-11-23T05:30:01.1705235Z   clean: true
2022-11-23T05:30:01.1705476Z   fetch-depth: 1
2022-11-23T05:30:01.1705713Z   lfs: false
2022-11-23T05:30:01.1705977Z   set-safe-directory: true
2022-11-23T05:30:01.1706249Z ##[endgroup]
2022-11-23T05:30:01.3947306Z Syncing repository: halo-dev/halo
2022-11-23T05:30:01.3949153Z ##[group]Getting Git version info
2022-11-23T05:30:01.3949613Z Working directory is '/home/runner/work/halo/halo'
2022-11-23T05:30:01.3950107Z [command]/usr/bin/git version
2022-11-23T05:30:01.4048914Z git version 2.38.1
2022-11-23T05:30:01.4049759Z ##[endgroup]
2022-11-23T05:30:01.4066358Z Temporarily overriding HOME='/home/runner/work/_temp/17395d71-e2af-4d46-96db-fbc70d69a1e7' before making global git config changes
2022-11-23T05:30:01.4066864Z Adding repository directory to the temporary git global config as a safe directory
2022-11-23T05:30:01.4067344Z [command]/usr/bin/git config --global --add safe.directory /home/runner/work/halo/halo
2022-11-23T05:30:01.4102997Z Deleting the contents of '/home/runner/work/halo/halo'
2022-11-23T05:30:01.4107024Z ##[group]Initializing the repository
2022-11-23T05:30:01.4111077Z [command]/usr/bin/git init /home/runner/work/halo/halo
2022-11-23T05:30:01.4167218Z hint: Using 'master' as the name for the initial branch. This default branch name
2022-11-23T05:30:01.4168300Z hint: is subject to change. To configure the initial branch name to use in all
2022-11-23T05:30:01.4169357Z hint: of your new repositories, which will suppress this warning, call:
2022-11-23T05:30:01.4170005Z hint: 
2022-11-23T05:30:01.4170796Z hint: 	git config --global init.defaultBranch <name>
2022-11-23T05:30:01.4171162Z hint: 
2022-11-23T05:30:01.4171986Z hint: Names commonly chosen instead of 'master' are 'main', 'trunk' and
2022-11-23T05:30:01.4172711Z hint: 'development'. The just-created branch can be renamed via this command:
2022-11-23T05:30:01.4173076Z hint: 
2022-11-23T05:30:01.4173798Z hint: 	git branch -m <name>
2022-11-23T05:30:01.4183696Z Initialized empty Git repository in /home/runner/work/halo/halo/.git/
2022-11-23T05:30:01.4192617Z [command]/usr/bin/git remote add origin https://github.com/halo-dev/halo
2022-11-23T05:30:01.4228283Z ##[endgroup]
2022-11-23T05:30:01.4228845Z ##[group]Disabling automatic garbage collection
2022-11-23T05:30:01.4234332Z [command]/usr/bin/git config --local gc.auto 0
2022-11-23T05:30:01.4263035Z ##[endgroup]
2022-11-23T05:30:01.4263554Z ##[group]Setting up auth
2022-11-23T05:30:01.4272409Z [command]/usr/bin/git config --local --name-only --get-regexp core\.sshCommand
2022-11-23T05:30:01.4304922Z [command]/usr/bin/git submodule foreach --recursive git config --local --name-only --get-regexp 'core\.sshCommand' && git config --local --unset-all 'core.sshCommand' || :
2022-11-23T05:30:01.4615690Z [command]/usr/bin/git config --local --name-only --get-regexp http\.https\:\/\/github\.com\/\.extraheader
2022-11-23T05:30:01.4638098Z [command]/usr/bin/git submodule foreach --recursive git config --local --name-only --get-regexp 'http\.https\:\/\/github\.com\/\.extraheader' && git config --local --unset-all 'http.https://github.com/.extraheader' || :
2022-11-23T05:30:01.4850876Z [command]/usr/bin/git config --local http.https://github.com/.extraheader AUTHORIZATION: basic ***
2022-11-23T05:30:01.4881555Z ##[endgroup]
2022-11-23T05:30:01.4882309Z ##[group]Fetching the repository
2022-11-23T05:30:01.4890377Z [command]/usr/bin/git -c protocol.version=2 fetch --no-tags --prune --progress --no-recurse-submodules --depth=1 origin +23c8a81a42217211fc4c80f76592ed761b760bea:refs/remotes/pull/2741/merge
2022-11-23T05:30:01.7930629Z remote: Enumerating objects: 788, done.        
2022-11-23T05:30:01.7973764Z remote: Counting objects:   0% (1/788)        
2022-11-23T05:30:01.7974080Z remote: Counting objects:   1% (8/788)        
2022-11-23T05:30:01.7974334Z remote: Counting objects:   2% (16/788)        
2022-11-23T05:30:01.7974584Z remote: Counting objects:   3% (24/788)        
2022-11-23T05:30:01.7974822Z remote: Counting objects:   4% (32/788)        
2022-11-23T05:30:01.7975371Z remote: Counting objects:   5% (40/788)        
2022-11-23T05:30:01.7975617Z remote: Counting objects:   6% (48/788)        
2022-11-23T05:30:01.7975858Z remote: Counting objects:   7% (56/788)        
2022-11-23T05:30:01.7976098Z remote: Counting objects:   8% (64/788)        
2022-11-23T05:30:01.7976331Z remote: Counting objects:   9% (71/788)        
2022-11-23T05:30:01.7976560Z remote: Counting objects:  10% (79/788)        
2022-11-23T05:30:01.7976790Z remote: Counting objects:  11% (87/788)        
2022-11-23T05:30:01.7977030Z remote: Counting objects:  12% (95/788)        
2022-11-23T05:30:01.7977272Z remote: Counting objects:  13% (103/788)        
2022-11-23T05:30:01.7977529Z remote: Counting objects:  14% (111/788)        
2022-11-23T05:30:01.7977784Z remote: Counting objects:  15% (119/788)        
2022-11-23T05:30:01.7978034Z remote: Counting objects:  16% (127/788)        
2022-11-23T05:30:01.7978267Z remote: Counting objects:  17% (134/788)        
2022-11-23T05:30:01.7978501Z remote: Counting objects:  18% (142/788)        
2022-11-23T05:30:01.7978740Z remote: Counting objects:  19% (150/788)        
2022-11-23T05:30:01.7978972Z remote: Counting objects:  20% (158/788)        
2022-11-23T05:30:01.7979511Z remote: Counting objects:  21% (166/788)        
2022-11-23T05:30:01.7979786Z remote: Counting objects:  22% (174/788)        
2022-11-23T05:30:01.7980028Z remote: Counting objects:  23% (182/788)        
2022-11-23T05:30:01.7980256Z remote: Counting objects:  24% (190/788)        
2022-11-23T05:30:01.7980489Z remote: Counting objects:  25% (197/788)        
2022-11-23T05:30:01.7980727Z remote: Counting objects:  26% (205/788)        
2022-11-23T05:30:01.7980957Z remote: Counting objects:  27% (213/788)        
2022-11-23T05:30:01.7981311Z remote: Counting objects:  28% (221/788)        
2022-11-23T05:30:01.7981559Z remote: Counting objects:  29% (229/788)        
2022-11-23T05:30:01.7981933Z remote: Counting objects:  30% (237/788)        
2022-11-23T05:30:01.7982172Z remote: Counting objects:  31% (245/788)        
2022-11-23T05:30:01.7982402Z remote: Counting objects:  32% (253/788)        
2022-11-23T05:30:01.7982632Z remote: Counting objects:  33% (261/788)        
2022-11-23T05:30:01.7982856Z remote: Counting objects:  34% (268/788)        
2022-11-23T05:30:01.7983331Z remote: Counting objects:  35% (276/788)        
2022-11-23T05:30:01.7983570Z remote: Counting objects:  36% (284/788)        
2022-11-23T05:30:01.7983795Z remote: Counting objects:  37% (292/788)        
2022-11-23T05:30:01.7984036Z remote: Counting objects:  38% (300/788)        
2022-11-23T05:30:01.7984271Z remote: Counting objects:  39% (308/788)        
2022-11-23T05:30:01.7984502Z remote: Counting objects:  40% (316/788)        
2022-11-23T05:30:01.7984737Z remote: Counting objects:  41% (324/788)        
2022-11-23T05:30:01.7984971Z remote: Counting objects:  42% (331/788)        
2022-11-23T05:30:01.7985205Z remote: Counting objects:  43% (339/788)        
2022-11-23T05:30:01.7985442Z remote: Counting objects:  44% (347/788)        
2022-11-23T05:30:01.7985674Z remote: Counting objects:  45% (355/788)        
2022-11-23T05:30:01.7985909Z remote: Counting objects:  46% (363/788)        
2022-11-23T05:30:01.7986139Z remote: Counting objects:  47% (371/788)        
2022-11-23T05:30:01.7986375Z remote: Counting objects:  48% (379/788)        
2022-11-23T05:30:01.7986607Z remote: Counting objects:  49% (387/788)        
2022-11-23T05:30:01.7986831Z remote: Counting objects:  50% (394/788)        
2022-11-23T05:30:01.7987058Z remote: Counting objects:  51% (402/788)        
2022-11-23T05:30:01.7987289Z remote: Counting objects:  52% (410/788)        
2022-11-23T05:30:01.7987583Z remote: Counting objects:  53% (418/788)        
2022-11-23T05:30:01.7987834Z remote: Counting objects:  54% (426/788)        
2022-11-23T05:30:01.7988070Z remote: Counting objects:  55% (434/788)        
2022-11-23T05:30:01.7988296Z remote: Counting objects:  56% (442/788)        
2022-11-23T05:30:01.7988532Z remote: Counting objects:  57% (450/788)        
2022-11-23T05:30:01.7988766Z remote: Counting objects:  58% (458/788)        
2022-11-23T05:30:01.7989008Z remote: Counting objects:  59% (465/788)        
2022-11-23T05:30:01.7989236Z remote: Counting objects:  60% (473/788)        
2022-11-23T05:30:01.7989470Z remote: Counting objects:  61% (481/788)        
2022-11-23T05:30:01.7989709Z remote: Counting objects:  62% (489/788)        
2022-11-23T05:30:01.7989937Z remote: Counting objects:  63% (497/788)        
2022-11-23T05:30:01.7990172Z remote: Counting objects:  64% (505/788)        
2022-11-23T05:30:01.7990446Z remote: Counting objects:  65% (513/788)        
2022-11-23T05:30:01.7990678Z remote: Counting objects:  66% (521/788)        
2022-11-23T05:30:01.7990909Z remote: Counting objects:  67% (528/788)        
2022-11-23T05:30:01.7991144Z remote: Counting objects:  68% (536/788)        
2022-11-23T05:30:01.7992399Z remote: Counting objects:  69% (544/788)        
2022-11-23T05:30:01.7992629Z remote: Counting objects:  70% (552/788)        
2022-11-23T05:30:01.7992868Z remote: Counting objects:  71% (560/788)        
2022-11-23T05:30:01.7993105Z remote: Counting objects:  72% (568/788)        
2022-11-23T05:30:01.7993435Z remote: Counting objects:  73% (576/788)        
2022-11-23T05:30:01.7993662Z remote: Counting objects:  74% (584/788)        
2022-11-23T05:30:01.7993893Z remote: Counting objects:  75% (591/788)        
2022-11-23T05:30:01.7994123Z remote: Counting objects:  76% (599/788)        
2022-11-23T05:30:01.7994348Z remote: Counting objects:  77% (607/788)        
2022-11-23T05:30:01.7994581Z remote: Counting objects:  78% (615/788)        
2022-11-23T05:30:01.7994816Z remote: Counting objects:  79% (623/788)        
2022-11-23T05:30:01.7995124Z remote: Counting objects:  80% (631/788)        
2022-11-23T05:30:01.7995357Z remote: Counting objects:  81% (639/788)        
2022-11-23T05:30:01.7995594Z remote: Counting objects:  82% (647/788)        
2022-11-23T05:30:01.7995822Z remote: Counting objects:  83% (655/788)        
2022-11-23T05:30:01.7996051Z remote: Counting objects:  84% (662/788)        
2022-11-23T05:30:01.7996281Z remote: Counting objects:  85% (670/788)        
2022-11-23T05:30:01.7996515Z remote: Counting objects:  86% (678/788)        
2022-11-23T05:30:01.7996738Z remote: Counting objects:  87% (686/788)        
2022-11-23T05:30:01.7996968Z remote: Counting objects:  88% (694/788)        
2022-11-23T05:30:01.7997200Z remote: Counting objects:  89% (702/788)        
2022-11-23T05:30:01.7997421Z remote: Counting objects:  90% (710/788)        
2022-11-23T05:30:01.7997651Z remote: Counting objects:  91% (718/788)        
2022-11-23T05:30:01.7998005Z remote: Counting objects:  92% (725/788)        
2022-11-23T05:30:01.7998231Z remote: Counting objects:  93% (733/788)        
2022-11-23T05:30:01.7998464Z remote: Counting objects:  94% (741/788)        
2022-11-23T05:30:01.7998698Z remote: Counting objects:  95% (749/788)        
2022-11-23T05:30:01.7998930Z remote: Counting objects:  96% (757/788)        
2022-11-23T05:30:01.7999156Z remote: Counting objects:  97% (765/788)        
2022-11-23T05:30:01.7999399Z remote: Counting objects:  98% (773/788)        
2022-11-23T05:30:01.7999636Z remote: Counting objects:  99% (781/788)        
2022-11-23T05:30:01.7999867Z remote: Counting objects: 100% (788/788)        
2022-11-23T05:30:01.8000125Z remote: Counting objects: 100% (788/788), done.        
2022-11-23T05:30:01.8001336Z remote: Compressing objects:   0% (1/666)        
2022-11-23T05:30:01.8001591Z remote: Compressing objects:   1% (7/666)        
2022-11-23T05:30:01.8001860Z remote: Compressing objects:   2% (14/666)        
2022-11-23T05:30:01.8002198Z remote: Compressing objects:   3% (20/666)        
2022-11-23T05:30:01.8002460Z remote: Compressing objects:   4% (27/666)        
2022-11-23T05:30:01.8002716Z remote: Compressing objects:   5% (34/666)        
2022-11-23T05:30:01.8002972Z remote: Compressing objects:   6% (40/666)        
2022-11-23T05:30:01.8003230Z remote: Compressing objects:   7% (47/666)        
2022-11-23T05:30:01.8003473Z remote: Compressing objects:   8% (54/666)        
2022-11-23T05:30:01.8003721Z remote: Compressing objects:   9% (60/666)        
2022-11-23T05:30:01.8003967Z remote: Compressing objects:  10% (67/666)        
2022-11-23T05:30:01.8004207Z remote: Compressing objects:  11% (74/666)        
2022-11-23T05:30:01.8004486Z remote: Compressing objects:  12% (80/666)        
2022-11-23T05:30:01.8004753Z remote: Compressing objects:  13% (87/666)        
2022-11-23T05:30:01.8004997Z remote: Compressing objects:  14% (94/666)        
2022-11-23T05:30:01.8005250Z remote: Compressing objects:  15% (100/666)        
2022-11-23T05:30:01.8005517Z remote: Compressing objects:  16% (107/666)        
2022-11-23T05:30:01.8005784Z remote: Compressing objects:  17% (114/666)        
2022-11-23T05:30:01.8016040Z remote: Compressing objects:  18% (120/666)        
2022-11-23T05:30:01.8044863Z remote: Compressing objects:  19% (127/666)        
2022-11-23T05:30:01.8055871Z remote: Compressing objects:  20% (134/666)        
2022-11-23T05:30:01.8061601Z remote: Compressing objects:  21% (140/666)        
2022-11-23T05:30:01.8065352Z remote: Compressing objects:  22% (147/666)        
2022-11-23T05:30:01.8074564Z remote: Compressing objects:  23% (154/666)        
2022-11-23T05:30:01.8089397Z remote: Compressing objects:  24% (160/666)        
2022-11-23T05:30:01.8109854Z remote: Compressing objects:  25% (167/666)        
2022-11-23T05:30:01.8144688Z remote: Compressing objects:  26% (174/666)        
2022-11-23T05:30:01.8168664Z remote: Compressing objects:  27% (180/666)        
2022-11-23T05:30:01.8193988Z remote: Compressing objects:  28% (187/666)        
2022-11-23T05:30:01.8211953Z remote: Compressing objects:  29% (194/666)        
2022-11-23T05:30:01.8223289Z remote: Compressing objects:  30% (200/666)        
2022-11-23T05:30:01.8257534Z remote: Compressing objects:  31% (207/666)        
2022-11-23T05:30:01.8279389Z remote: Compressing objects:  32% (214/666)        
2022-11-23T05:30:01.8296588Z remote: Compressing objects:  33% (220/666)        
2022-11-23T05:30:01.8303678Z remote: Compressing objects:  34% (227/666)        
2022-11-23T05:30:01.8317723Z remote: Compressing objects:  35% (234/666)        
2022-11-23T05:30:01.8326557Z remote: Compressing objects:  36% (240/666)        
2022-11-23T05:30:01.8349601Z remote: Compressing objects:  37% (247/666)        
2022-11-23T05:30:01.8394692Z remote: Compressing objects:  38% (254/666)        
2022-11-23T05:30:01.8394985Z remote: Compressing objects:  39% (260/666)        
2022-11-23T05:30:01.8399610Z remote: Compressing objects:  40% (267/666)        
2022-11-23T05:30:01.8401552Z remote: Compressing objects:  41% (274/666)        
2022-11-23T05:30:01.8417080Z remote: Compressing objects:  42% (280/666)        
2022-11-23T05:30:01.8426967Z remote: Compressing objects:  43% (287/666)        
2022-11-23T05:30:01.8431745Z remote: Compressing objects:  44% (294/666)        
2022-11-23T05:30:01.8444641Z remote: Compressing objects:  45% (300/666)        
2022-11-23T05:30:01.8464062Z remote: Compressing objects:  46% (307/666)        
2022-11-23T05:30:01.8466651Z remote: Compressing objects:  47% (314/666)        
2022-11-23T05:30:01.8466898Z remote: Compressing objects:  48% (320/666)        
2022-11-23T05:30:01.8467153Z remote: Compressing objects:  49% (327/666)        
2022-11-23T05:30:01.8478979Z remote: Compressing objects:  50% (333/666)        
2022-11-23T05:30:01.8490138Z remote: Compressing objects:  51% (340/666)        
2022-11-23T05:30:01.8494232Z remote: Compressing objects:  52% (347/666)        
2022-11-23T05:30:01.8499062Z remote: Compressing objects:  53% (353/666)        
2022-11-23T05:30:01.8503202Z remote: Compressing objects:  54% (360/666)        
2022-11-23T05:30:01.8512629Z remote: Compressing objects:  55% (367/666)        
2022-11-23T05:30:01.8554371Z remote: Compressing objects:  56% (373/666)        
2022-11-23T05:30:01.8579092Z remote: Compressing objects:  57% (380/666)        
2022-11-23T05:30:01.8590166Z remote: Compressing objects:  58% (387/666)        
2022-11-23T05:30:01.8601799Z remote: Compressing objects:  59% (393/666)        
2022-11-23T05:30:01.8611105Z remote: Compressing objects:  60% (400/666)        
2022-11-23T05:30:01.8620132Z remote: Compressing objects:  61% (407/666)        
2022-11-23T05:30:01.8628328Z remote: Compressing objects:  62% (413/666)        
2022-11-23T05:30:01.8644359Z remote: Compressing objects:  63% (420/666)        
2022-11-23T05:30:01.8648127Z remote: Compressing objects:  64% (427/666)        
2022-11-23T05:30:01.8648402Z remote: Compressing objects:  65% (433/666)        
2022-11-23T05:30:01.8648647Z remote: Compressing objects:  66% (440/666)        
2022-11-23T05:30:01.8661697Z remote: Compressing objects:  67% (447/666)        
2022-11-23T05:30:01.8668649Z remote: Compressing objects:  68% (453/666)        
2022-11-23T05:30:01.8686593Z remote: Compressing objects:  69% (460/666)        
2022-11-23T05:30:01.8719514Z remote: Compressing objects:  70% (467/666)        
2022-11-23T05:30:01.8726941Z remote: Compressing objects:  71% (473/666)        
2022-11-23T05:30:01.8733712Z remote: Compressing objects:  72% (480/666)        
2022-11-23T05:30:01.8734944Z remote: Compressing objects:  73% (487/666)        
2022-11-23T05:30:01.8744290Z remote: Compressing objects:  74% (493/666)        
2022-11-23T05:30:01.8752175Z remote: Compressing objects:  75% (500/666)        
2022-11-23T05:30:01.8756584Z remote: Compressing objects:  76% (507/666)        
2022-11-23T05:30:01.8776270Z remote: Compressing objects:  77% (513/666)        
2022-11-23T05:30:01.8778077Z remote: Compressing objects:  78% (520/666)        
2022-11-23T05:30:01.8781170Z remote: Compressing objects:  79% (527/666)        
2022-11-23T05:30:01.8831999Z remote: Compressing objects:  80% (533/666)        
2022-11-23T05:30:01.8832252Z remote: Compressing objects:  81% (540/666)        
2022-11-23T05:30:01.8832505Z remote: Compressing objects:  82% (547/666)        
2022-11-23T05:30:01.8832760Z remote: Compressing objects:  83% (553/666)        
2022-11-23T05:30:01.8832999Z remote: Compressing objects:  84% (560/666)        
2022-11-23T05:30:01.8833250Z remote: Compressing objects:  85% (567/666)        
2022-11-23T05:30:01.8833494Z remote: Compressing objects:  86% (573/666)        
2022-11-23T05:30:01.8833742Z remote: Compressing objects:  87% (580/666)        
2022-11-23T05:30:01.8833980Z remote: Compressing objects:  88% (587/666)        
2022-11-23T05:30:01.8834228Z remote: Compressing objects:  89% (593/666)        
2022-11-23T05:30:01.8834473Z remote: Compressing objects:  90% (600/666)        
2022-11-23T05:30:01.8834710Z remote: Compressing objects:  91% (607/666)        
2022-11-23T05:30:01.8834961Z remote: Compressing objects:  92% (613/666)        
2022-11-23T05:30:01.8835208Z remote: Compressing objects:  93% (620/666)        
2022-11-23T05:30:01.8835444Z remote: Compressing objects:  94% (627/666)        
2022-11-23T05:30:01.8835685Z remote: Compressing objects:  95% (633/666)        
2022-11-23T05:30:01.8835930Z remote: Compressing objects:  96% (640/666)        
2022-11-23T05:30:01.8836177Z remote: Compressing objects:  97% (647/666)        
2022-11-23T05:30:01.8836415Z remote: Compressing objects:  98% (653/666)        
2022-11-23T05:30:01.8836679Z remote: Compressing objects:  99% (660/666)        
2022-11-23T05:30:01.8836927Z remote: Compressing objects: 100% (666/666)        
2022-11-23T05:30:01.8837193Z remote: Compressing objects: 100% (666/666), done.        
2022-11-23T05:30:01.8876832Z Receiving objects:   0% (1/788)
2022-11-23T05:30:01.8877088Z Receiving objects:   1% (8/788)
2022-11-23T05:30:01.8884593Z Receiving objects:   2% (16/788)
2022-11-23T05:30:01.8892972Z Receiving objects:   3% (24/788)
2022-11-23T05:30:01.9047940Z Receiving objects:   4% (32/788)
2022-11-23T05:30:01.9147939Z Receiving objects:   5% (40/788)
2022-11-23T05:30:01.9151448Z Receiving objects:   6% (48/788)
2022-11-23T05:30:01.9164275Z Receiving objects:   7% (56/788)
2022-11-23T05:30:01.9164554Z Receiving objects:   8% (64/788)
2022-11-23T05:30:01.9164778Z Receiving objects:   9% (71/788)
2022-11-23T05:30:01.9165001Z Receiving objects:  10% (79/788)
2022-11-23T05:30:01.9165210Z Receiving objects:  11% (87/788)
2022-11-23T05:30:01.9165428Z Receiving objects:  12% (95/788)
2022-11-23T05:30:01.9193001Z Receiving objects:  13% (103/788)
2022-11-23T05:30:01.9197909Z Receiving objects:  14% (111/788)
2022-11-23T05:30:01.9203769Z Receiving objects:  15% (119/788)
2022-11-23T05:30:01.9206568Z Receiving objects:  16% (127/788)
2022-11-23T05:30:01.9210392Z Receiving objects:  17% (134/788)
2022-11-23T05:30:01.9216326Z Receiving objects:  18% (142/788)
2022-11-23T05:30:01.9243720Z Receiving objects:  19% (150/788)
2022-11-23T05:30:01.9252977Z Receiving objects:  20% (158/788)
2022-11-23T05:30:01.9253226Z Receiving objects:  21% (166/788)
2022-11-23T05:30:01.9257603Z Receiving objects:  22% (174/788)
2022-11-23T05:30:01.9259918Z Receiving objects:  23% (182/788)
2022-11-23T05:30:01.9262565Z Receiving objects:  24% (190/788)
2022-11-23T05:30:01.9266036Z Receiving objects:  25% (197/788)
2022-11-23T05:30:01.9270075Z Receiving objects:  26% (205/788)
2022-11-23T05:30:01.9273534Z Receiving objects:  27% (213/788)
2022-11-23T05:30:01.9275176Z Receiving objects:  28% (221/788)
2022-11-23T05:30:01.9294418Z Receiving objects:  29% (229/788)
2022-11-23T05:30:01.9297749Z Receiving objects:  30% (237/788)
2022-11-23T05:30:01.9302778Z Receiving objects:  31% (245/788)
2022-11-23T05:30:01.9305232Z Receiving objects:  32% (253/788)
2022-11-23T05:30:01.9308219Z Receiving objects:  33% (261/788)
2022-11-23T05:30:01.9312010Z Receiving objects:  34% (268/788)
2022-11-23T05:30:01.9314217Z Receiving objects:  35% (276/788)
2022-11-23T05:30:01.9317135Z Receiving objects:  36% (284/788)
2022-11-23T05:30:01.9321311Z Receiving objects:  37% (292/788)
2022-11-23T05:30:01.9325656Z Receiving objects:  38% (300/788)
2022-11-23T05:30:01.9329442Z Receiving objects:  39% (308/788)
2022-11-23T05:30:01.9354304Z Receiving objects:  40% (316/788)
2022-11-23T05:30:01.9357865Z Receiving objects:  41% (324/788)
2022-11-23T05:30:01.9361736Z Receiving objects:  42% (331/788)
2022-11-23T05:30:01.9366272Z Receiving objects:  43% (339/788)
2022-11-23T05:30:01.9369537Z Receiving objects:  44% (347/788)
2022-11-23T05:30:01.9372573Z Receiving objects:  45% (355/788)
2022-11-23T05:30:01.9376122Z Receiving objects:  46% (363/788)
2022-11-23T05:30:01.9379237Z Receiving objects:  47% (371/788)
2022-11-23T05:30:01.9381720Z Receiving objects:  48% (379/788)
2022-11-23T05:30:01.9384063Z Receiving objects:  49% (387/788)
2022-11-23T05:30:01.9395054Z Receiving objects:  50% (394/788)
2022-11-23T05:30:01.9403979Z Receiving objects:  51% (402/788)
2022-11-23T05:30:01.9407681Z Receiving objects:  52% (410/788)
2022-11-23T05:30:01.9410493Z Receiving objects:  53% (418/788)
2022-11-23T05:30:01.9414250Z Receiving objects:  54% (426/788)
2022-11-23T05:30:01.9421887Z Receiving objects:  55% (434/788)
2022-11-23T05:30:01.9424349Z Receiving objects:  56% (442/788)
2022-11-23T05:30:01.9428090Z Receiving objects:  57% (450/788)
2022-11-23T05:30:01.9431420Z Receiving objects:  58% (458/788)
2022-11-23T05:30:01.9444179Z Receiving objects:  59% (465/788)
2022-11-23T05:30:01.9446607Z Receiving objects:  60% (473/788)
2022-11-23T05:30:01.9450013Z Receiving objects:  61% (481/788)
2022-11-23T05:30:01.9455453Z Receiving objects:  62% (489/788)
2022-11-23T05:30:01.9461305Z Receiving objects:  63% (497/788)
2022-11-23T05:30:01.9464401Z Receiving objects:  64% (505/788)
2022-11-23T05:30:01.9466776Z Receiving objects:  65% (513/788)
2022-11-23T05:30:01.9469303Z Receiving objects:  66% (521/788)
2022-11-23T05:30:01.9471261Z Receiving objects:  67% (528/788)
2022-11-23T05:30:01.9473194Z Receiving objects:  68% (536/788)
2022-11-23T05:30:01.9475439Z Receiving objects:  69% (544/788)
2022-11-23T05:30:01.9570309Z Receiving objects:  70% (552/788)
2022-11-23T05:30:01.9570790Z Receiving objects:  71% (560/788)
2022-11-23T05:30:01.9571761Z Receiving objects:  72% (568/788)
2022-11-23T05:30:01.9575904Z Receiving objects:  73% (576/788)
2022-11-23T05:30:01.9577145Z Receiving objects:  74% (584/788)
2022-11-23T05:30:01.9578909Z Receiving objects:  75% (591/788)
2022-11-23T05:30:01.9582615Z Receiving objects:  76% (599/788)
2022-11-23T05:30:01.9609653Z Receiving objects:  77% (607/788)
2022-11-23T05:30:01.9615979Z Receiving objects:  78% (615/788)
2022-11-23T05:30:01.9620958Z Receiving objects:  79% (623/788)
2022-11-23T05:30:01.9624609Z Receiving objects:  80% (631/788)
2022-11-23T05:30:01.9640316Z Receiving objects:  81% (639/788)
2022-11-23T05:30:01.9643886Z Receiving objects:  82% (647/788)
2022-11-23T05:30:01.9646712Z Receiving objects:  83% (655/788)
2022-11-23T05:30:01.9649944Z Receiving objects:  84% (662/788)
2022-11-23T05:30:01.9653558Z Receiving objects:  85% (670/788)
2022-11-23T05:30:01.9657504Z Receiving objects:  86% (678/788)
2022-11-23T05:30:01.9683919Z Receiving objects:  87% (686/788)
2022-11-23T05:30:01.9684438Z Receiving objects:  88% (694/788)
2022-11-23T05:30:01.9685233Z Receiving objects:  89% (702/788)
2022-11-23T05:30:01.9685626Z Receiving objects:  90% (710/788)
2022-11-23T05:30:01.9686418Z Receiving objects:  91% (718/788)
2022-11-23T05:30:01.9686820Z Receiving objects:  92% (725/788)
2022-11-23T05:30:01.9687555Z Receiving objects:  93% (733/788)
2022-11-23T05:30:01.9688265Z remote: Total 788 (delta 141), reused 442 (delta 88), pack-reused 0        
2022-11-23T05:30:01.9689382Z Receiving objects:  94% (741/788)
2022-11-23T05:30:01.9691650Z Receiving objects:  95% (749/788)
2022-11-23T05:30:01.9692057Z Receiving objects:  96% (757/788)
2022-11-23T05:30:01.9693555Z Receiving objects:  97% (765/788)
2022-11-23T05:30:01.9693974Z Receiving objects:  98% (773/788)
2022-11-23T05:30:01.9694715Z Receiving objects:  99% (781/788)
2022-11-23T05:30:01.9695119Z Receiving objects: 100% (788/788)
2022-11-23T05:30:01.9696054Z Receiving objects: 100% (788/788), 804.29 KiB | 9.46 MiB/s, done.
2022-11-23T05:30:01.9698275Z Resolving deltas:   0% (0/141)
2022-11-23T05:30:01.9698795Z Resolving deltas:   1% (2/141)
2022-11-23T05:30:01.9699655Z Resolving deltas:   2% (3/141)
2022-11-23T05:30:01.9700059Z Resolving deltas:   3% (5/141)
2022-11-23T05:30:01.9701405Z Resolving deltas:   4% (6/141)
2022-11-23T05:30:01.9703547Z Resolving deltas:   5% (8/141)
2022-11-23T05:30:01.9703958Z Resolving deltas:   6% (9/141)
2022-11-23T05:30:01.9704703Z Resolving deltas:   7% (10/141)
2022-11-23T05:30:01.9706801Z Resolving deltas:   8% (12/141)
2022-11-23T05:30:01.9708888Z Resolving deltas:   9% (13/141)
2022-11-23T05:30:01.9709303Z Resolving deltas:  10% (15/141)
2022-11-23T05:30:01.9710648Z Resolving deltas:  11% (16/141)
2022-11-23T05:30:01.9713034Z Resolving deltas:  12% (17/141)
2022-11-23T05:30:01.9715170Z Resolving deltas:  13% (19/141)
2022-11-23T05:30:01.9717282Z Resolving deltas:  14% (20/141)
2022-11-23T05:30:01.9717687Z Resolving deltas:  15% (22/141)
2022-11-23T05:30:01.9718577Z Resolving deltas:  16% (23/141)
2022-11-23T05:30:01.9722061Z Resolving deltas:  17% (24/141)
2022-11-23T05:30:01.9722516Z Resolving deltas:  18% (26/141)
2022-11-23T05:30:01.9723258Z Resolving deltas:  19% (27/141)
2022-11-23T05:30:01.9723652Z Resolving deltas:  20% (29/141)
2022-11-23T05:30:01.9725676Z Resolving deltas:  21% (30/141)
2022-11-23T05:30:01.9726077Z Resolving deltas:  22% (32/141)
2022-11-23T05:30:01.9726857Z Resolving deltas:  23% (33/141)
2022-11-23T05:30:01.9727248Z Resolving deltas:  24% (34/141)
2022-11-23T05:30:01.9729723Z Resolving deltas:  25% (36/141)
2022-11-23T05:30:01.9730122Z Resolving deltas:  26% (37/141)
2022-11-23T05:30:01.9730886Z Resolving deltas:  27% (39/141)
2022-11-23T05:30:01.9731277Z Resolving deltas:  28% (40/141)
2022-11-23T05:30:01.9732032Z Resolving deltas:  29% (41/141)
2022-11-23T05:30:01.9732536Z Resolving deltas:  30% (43/141)
2022-11-23T05:30:01.9734107Z Resolving deltas:  31% (44/141)
2022-11-23T05:30:01.9734518Z Resolving deltas:  32% (46/141)
2022-11-23T05:30:01.9736050Z Resolving deltas:  33% (47/141)
2022-11-23T05:30:01.9736457Z Resolving deltas:  34% (48/141)
2022-11-23T05:30:01.9737966Z Resolving deltas:  35% (50/141)
2022-11-23T05:30:01.9738355Z Resolving deltas:  36% (51/141)
2022-11-23T05:30:01.9739121Z Resolving deltas:  37% (53/141)
2022-11-23T05:30:01.9739490Z Resolving deltas:  38% (54/141)
2022-11-23T05:30:01.9740723Z Resolving deltas:  39% (55/141)
2022-11-23T05:30:01.9741113Z Resolving deltas:  40% (57/141)
2022-11-23T05:30:01.9742616Z Resolving deltas:  41% (58/141)
2022-11-23T05:30:01.9743011Z Resolving deltas:  42% (60/141)
2022-11-23T05:30:01.9745288Z Resolving deltas:  43% (61/141)
2022-11-23T05:30:01.9745691Z Resolving deltas:  44% (63/141)
2022-11-23T05:30:01.9746428Z Resolving deltas:  45% (64/141)
2022-11-23T05:30:01.9746823Z Resolving deltas:  46% (65/141)
2022-11-23T05:30:01.9750685Z Resolving deltas:  47% (67/141)
2022-11-23T05:30:01.9751107Z Resolving deltas:  48% (68/141)
2022-11-23T05:30:01.9751860Z Resolving deltas:  49% (70/141)
2022-11-23T05:30:01.9752253Z Resolving deltas:  50% (71/141)
2022-11-23T05:30:01.9752985Z Resolving deltas:  51% (72/141)
2022-11-23T05:30:01.9753418Z Resolving deltas:  52% (74/141)
2022-11-23T05:30:01.9754144Z Resolving deltas:  53% (75/141)
2022-11-23T05:30:01.9754520Z Resolving deltas:  54% (77/141)
2022-11-23T05:30:01.9755251Z Resolving deltas:  55% (78/141)
2022-11-23T05:30:01.9755633Z Resolving deltas:  56% (79/141)
2022-11-23T05:30:01.9757080Z Resolving deltas:  57% (81/141)
2022-11-23T05:30:01.9757482Z Resolving deltas:  58% (82/141)
2022-11-23T05:30:01.9758490Z Resolving deltas:  60% (85/141)
2022-11-23T05:30:01.9758880Z Resolving deltas:  61% (87/141)
2022-11-23T05:30:01.9760716Z Resolving deltas:  62% (88/141)
2022-11-23T05:30:01.9761123Z Resolving deltas:  63% (89/141)
2022-11-23T05:30:01.9761883Z Resolving deltas:  64% (91/141)
2022-11-23T05:30:01.9762275Z Resolving deltas:  65% (92/141)
2022-11-23T05:30:01.9763890Z Resolving deltas:  66% (94/141)
2022-11-23T05:30:01.9764292Z Resolving deltas:  67% (95/141)
2022-11-23T05:30:01.9765119Z Resolving deltas:  68% (96/141)
2022-11-23T05:30:01.9765478Z Resolving deltas:  69% (98/141)
2022-11-23T05:30:01.9767020Z Resolving deltas:  70% (99/141)
2022-11-23T05:30:01.9767424Z Resolving deltas:  71% (101/141)
2022-11-23T05:30:01.9768201Z Resolving deltas:  72% (102/141)
2022-11-23T05:30:01.9768582Z Resolving deltas:  73% (103/141)
2022-11-23T05:30:01.9770093Z Resolving deltas:  74% (105/141)
2022-11-23T05:30:01.9770502Z Resolving deltas:  75% (106/141)
2022-11-23T05:30:01.9771248Z Resolving deltas:  76% (108/141)
2022-11-23T05:30:01.9771621Z Resolving deltas:  77% (109/141)
2022-11-23T05:30:01.9774003Z Resolving deltas:  78% (110/141)
2022-11-23T05:30:01.9774417Z Resolving deltas:  79% (112/141)
2022-11-23T05:30:01.9779000Z Resolving deltas:  80% (113/141)
2022-11-23T05:30:01.9779428Z Resolving deltas:  81% (115/141)
2022-11-23T05:30:01.9779746Z Resolving deltas:  82% (116/141)
2022-11-23T05:30:01.9780050Z Resolving deltas:  83% (118/141)
2022-11-23T05:30:01.9780346Z Resolving deltas:  84% (119/141)
2022-11-23T05:30:01.9780640Z Resolving deltas:  85% (120/141)
2022-11-23T05:30:01.9780938Z Resolving deltas:  86% (122/141)
2022-11-23T05:30:01.9781226Z Resolving deltas:  87% (123/141)
2022-11-23T05:30:01.9781522Z Resolving deltas:  88% (125/141)
2022-11-23T05:30:01.9790016Z Resolving deltas:  89% (126/141)
2022-11-23T05:30:01.9795656Z Resolving deltas:  90% (127/141)
2022-11-23T05:30:01.9796076Z Resolving deltas:  91% (129/141)
2022-11-23T05:30:01.9796841Z Resolving deltas:  92% (130/141)
2022-11-23T05:30:01.9797588Z Resolving deltas:  93% (132/141)
2022-11-23T05:30:01.9798438Z Resolving deltas:  94% (133/141)
2022-11-23T05:30:01.9799135Z Resolving deltas:  95% (134/141)
2022-11-23T05:30:01.9799786Z Resolving deltas:  96% (136/141)
2022-11-23T05:30:01.9800471Z Resolving deltas:  97% (137/141)
2022-11-23T05:30:01.9808850Z Resolving deltas:  98% (139/141)
2022-11-23T05:30:01.9809191Z Resolving deltas:  99% (140/141)
2022-11-23T05:30:01.9809797Z Resolving deltas: 100% (141/141)
2022-11-23T05:30:01.9810024Z Resolving deltas: 100% (141/141), done.
2022-11-23T05:30:01.9871839Z From https://github.com/halo-dev/halo
2022-11-23T05:30:01.9872505Z  * [new ref]         23c8a81a42217211fc4c80f76592ed761b760bea -> pull/2741/merge
2022-11-23T05:30:01.9894649Z ##[endgroup]
2022-11-23T05:30:01.9895345Z ##[group]Determining the checkout info
2022-11-23T05:30:01.9897380Z ##[endgroup]
2022-11-23T05:30:01.9897934Z ##[group]Checking out the ref
2022-11-23T05:30:01.9902604Z [command]/usr/bin/git checkout --progress --force refs/remotes/pull/2741/merge
2022-11-23T05:30:02.0253565Z Note: switching to 'refs/remotes/pull/2741/merge'.
2022-11-23T05:30:02.0254021Z 
2022-11-23T05:30:02.0254854Z You are in 'detached HEAD' state. You can look around, make experimental
2022-11-23T05:30:02.0255551Z changes and commit them, and you can discard any commits you make in this
2022-11-23T05:30:02.0255988Z state without impacting any branches by switching back to a branch.
2022-11-23T05:30:02.0256245Z 
2022-11-23T05:30:02.0256492Z If you want to create a new branch to retain commits you create, you may
2022-11-23T05:30:02.0256904Z do so (now or later) by using -c with the switch command. Example:
2022-11-23T05:30:02.0257092Z 
2022-11-23T05:30:02.0257336Z   git switch -c <new-branch-name>
2022-11-23T05:30:02.0257716Z 
2022-11-23T05:30:02.0257950Z Or undo this operation with:
2022-11-23T05:30:02.0258102Z 
2022-11-23T05:30:02.0258434Z   git switch -
2022-11-23T05:30:02.0258581Z 
2022-11-23T05:30:02.0259207Z Turn off this advice by setting config variable advice.detachedHead to false
2022-11-23T05:30:02.0259498Z 
2022-11-23T05:30:02.0259816Z HEAD is now at 23c8a81 Merge 1c6d4d096e385b86fb6a4031c47adb1664db253c into 180548161a569e506da571a23dd625eae802f98f
2022-11-23T05:30:02.0265052Z ##[endgroup]
2022-11-23T05:30:02.0265719Z ##[group]Setting up auth for fetching submodules
2022-11-23T05:30:02.0271782Z [command]/usr/bin/git config --global http.https://github.com/.extraheader AUTHORIZATION: basic ***
2022-11-23T05:30:02.0310530Z [command]/usr/bin/git config --global --unset-all url.https://github.com/.insteadOf
2022-11-23T05:30:02.0340689Z [command]/usr/bin/git config --global --add url.https://github.com/.insteadOf git@github.com:
2022-11-23T05:30:02.0371363Z [command]/usr/bin/git config --global --add url.https://github.com/.insteadOf org-48195280@github.com:
2022-11-23T05:30:02.0398343Z ##[endgroup]
2022-11-23T05:30:02.0399035Z ##[group]Fetching submodules
2022-11-23T05:30:02.0402921Z [command]/usr/bin/git submodule sync
2022-11-23T05:30:02.0621918Z [command]/usr/bin/git -c protocol.version=2 submodule update --init --force --depth=1
2022-11-23T05:30:02.0833999Z [command]/usr/bin/git submodule foreach git config --local gc.auto 0
2022-11-23T05:30:02.1084722Z ##[endgroup]
2022-11-23T05:30:02.1085512Z ##[group]Persisting credentials for submodules
2022-11-23T05:30:02.1091067Z [command]/usr/bin/git submodule foreach --recursive git config --local --name-only --get-regexp 'url\.https\:\/\/github\.com\/\.insteadOf' && git config --local --unset-all 'url.https://github.com/.insteadOf' || :
2022-11-23T05:30:02.1359666Z [command]/usr/bin/git submodule foreach git config --local 'http.https://github.com/.extraheader' 'AUTHORIZATION: basic ***' && git config --local --show-origin --name-only --get-regexp remote.origin.url
2022-11-23T05:30:02.1594374Z [command]/usr/bin/git submodule foreach git config --local --add 'url.https://github.com/.insteadOf' 'git@github.com:'
2022-11-23T05:30:02.1828909Z [command]/usr/bin/git submodule foreach git config --local --add 'url.https://github.com/.insteadOf' 'org-48195280@github.com:'
2022-11-23T05:30:02.2058639Z ##[endgroup]
2022-11-23T05:30:02.2145490Z [command]/usr/bin/git log -1 --format='%H'
2022-11-23T05:30:02.2175683Z '23c8a81a42217211fc4c80f76592ed761b760bea'
2022-11-23T05:30:02.2462224Z ##[group]Run actions/setup-java@v2
2022-11-23T05:30:02.2462450Z with:
2022-11-23T05:30:02.2462636Z   distribution: temurin
2022-11-23T05:30:02.2462841Z   cache: gradle
2022-11-23T05:30:02.2463026Z   java-version: 17
2022-11-23T05:30:02.2463221Z   java-package: jdk
2022-11-23T05:30:02.2463413Z   architecture: x64
2022-11-23T05:30:02.2463615Z   check-latest: false
2022-11-23T05:30:02.2463799Z   server-id: github
2022-11-23T05:30:02.2464007Z   server-username: GITHUB_ACTOR
2022-11-23T05:30:02.2464249Z   server-password: GITHUB_TOKEN
2022-11-23T05:30:02.2464468Z   overwrite-settings: true
2022-11-23T05:30:02.2464676Z   job-status: success
2022-11-23T05:30:02.2464860Z ##[endgroup]
2022-11-23T05:30:02.4348183Z Resolved Java 17.0.4+1 from tool-cache
2022-11-23T05:30:02.4351555Z Setting Java 17.0.4+1 as the default
2022-11-23T05:30:02.4373520Z ##[warning]The `set-output` command is deprecated and will be disabled soon. Please upgrade to using Environment Files. For more information see: https://github.blog/changelog/2022-10-11-github-actions-deprecating-save-state-and-set-output-commands/
2022-11-23T05:30:02.4398111Z ##[warning]The `set-output` command is deprecated and will be disabled soon. Please upgrade to using Environment Files. For more information see: https://github.blog/changelog/2022-10-11-github-actions-deprecating-save-state-and-set-output-commands/
2022-11-23T05:30:02.4400673Z ##[warning]The `set-output` command is deprecated and will be disabled soon. Please upgrade to using Environment Files. For more information see: https://github.blog/changelog/2022-10-11-github-actions-deprecating-save-state-and-set-output-commands/
2022-11-23T05:30:02.4401412Z 
2022-11-23T05:30:02.4401501Z Java configuration:
2022-11-23T05:30:02.4401714Z   Distribution: temurin
2022-11-23T05:30:02.4401904Z   Version: 17.0.4+1
2022-11-23T05:30:02.4402272Z   Path: /opt/hostedtoolcache/Java_Temurin-Hotspot_jdk/17.0.4-1/x64
2022-11-23T05:30:02.4402465Z 
2022-11-23T05:30:02.4423447Z Creating settings.xml with server-id: github
2022-11-23T05:30:02.4489004Z Writing to /home/runner/.m2/settings.xml
2022-11-23T05:30:02.5598765Z ##[warning]The `save-state` command is deprecated and will be disabled soon. Please upgrade to using Environment Files. For more information see: https://github.blog/changelog/2022-10-11-github-actions-deprecating-save-state-and-set-output-commands/
2022-11-23T05:30:03.8163748Z Received 134217728 of 446159165 (30.1%), 127.9 MBs/sec
2022-11-23T05:30:04.8167413Z Received 322961408 of 446159165 (72.4%), 153.9 MBs/sec
2022-11-23T05:30:05.7815637Z Received 446159165 of 446159165 (100.0%), 143.5 MBs/sec
2022-11-23T05:30:05.7820190Z Cache Size: ~425 MB (446159165 B)
2022-11-23T05:30:05.7903325Z [command]/usr/bin/tar --use-compress-program zstd -d -xf /home/runner/work/_temp/3a1ea28e-6294-419a-8fa2-3544b02e3edf/cache.tzst -P -C /home/runner/work/halo/halo
2022-11-23T05:30:07.4224492Z Cache restored successfully
2022-11-23T05:30:07.4928940Z ##[warning]The `save-state` command is deprecated and will be disabled soon. Please upgrade to using Environment Files. For more information see: https://github.blog/changelog/2022-10-11-github-actions-deprecating-save-state-and-set-output-commands/
2022-11-23T05:30:07.4934309Z Cache restored from key: setup-java-Linux-gradle-70a434c608a572a47ff020e7a85383a4be3b9fb0a4fa0df441790dc9546c5ae3
2022-11-23T05:30:07.5128646Z ##[group]Run ./gradlew test
2022-11-23T05:30:07.5128935Z [36;1m./gradlew test[0m
2022-11-23T05:30:07.5189078Z shell: /usr/bin/bash -e {0}
2022-11-23T05:30:07.5189306Z env:
2022-11-23T05:30:07.5189598Z   JAVA_HOME: /opt/hostedtoolcache/Java_Temurin-Hotspot_jdk/17.0.4-1/x64
2022-11-23T05:30:07.5189883Z ##[endgroup]
2022-11-23T05:30:11.1370710Z 
2022-11-23T05:30:11.1371735Z Welcome to Gradle 7.4!
2022-11-23T05:30:11.1372012Z 
2022-11-23T05:30:11.1379921Z Here are the highlights of this release:
2022-11-23T05:30:11.1380553Z  - Aggregated test and JaCoCo reports
2022-11-23T05:30:11.1381018Z  - Marking additional test source directories as tests in IntelliJ
2022-11-23T05:30:11.1381477Z  - Support for Adoptium JDKs in Java toolchains
2022-11-23T05:30:11.1381729Z 
2022-11-23T05:30:11.1382070Z For more details see https://docs.gradle.org/7.4/release-notes.html
2022-11-23T05:30:11.1382373Z 
2022-11-23T05:30:11.4357632Z Starting a Gradle Daemon (subsequent builds will be faster)
2022-11-23T05:30:26.4411688Z /home/runner/work/halo/halo/src/main/java/run/halo/app/config/ExtensionConfiguration.java:95: warning: [removal] ExtensionClient in run.halo.app.extension has been deprecated and marked for removal
2022-11-23T05:30:26.4412099Z 
2022-11-23T05:30:26.4412406Z         Controller userController(ExtensionClient client) {
2022-11-23T05:30:26.4412671Z > Task :compileJava
2022-11-23T05:30:26.4412986Z                                   ^
2022-11-23T05:30:26.4413485Z /home/runner/work/halo/halo/src/main/java/run/halo/app/config/ExtensionConfiguration.java:95: warning: [removal] ExtensionClient in run.halo.app.extension has been deprecated and marked for removal
2022-11-23T05:30:26.4413969Z         Controller userController(ExtensionClient client) {
2022-11-23T05:30:26.4414224Z                                   ^
2022-11-23T05:30:26.4414677Z /home/runner/work/halo/halo/src/main/java/run/halo/app/config/ExtensionConfiguration.java:95: warning: [removal] ExtensionClient in run.halo.app.extension has been deprecated and marked for removal
2022-11-23T05:30:26.4415232Z         Controller userController(ExtensionClient client) {
2022-11-23T05:30:26.4415551Z                                   ^
2022-11-23T05:30:26.4416008Z /home/runner/work/halo/halo/src/main/java/run/halo/app/config/ExtensionConfiguration.java:95: warning: [removal] ExtensionClient in run.halo.app.extension has been deprecated and marked for removal
2022-11-23T05:30:26.4416552Z         Controller userController(ExtensionClient client) {
2022-11-23T05:30:26.4416875Z                                   ^
2022-11-23T05:30:26.4417330Z /home/runner/work/halo/halo/src/main/java/run/halo/app/config/ExtensionConfiguration.java:95: warning: [removal] ExtensionClient in run.halo.app.extension has been deprecated and marked for removal
2022-11-23T05:30:26.4417809Z         Controller userController(ExtensionClient client) {
2022-11-23T05:30:26.4418300Z                                   ^
2022-11-23T05:30:26.4418820Z /home/runner/work/halo/halo/src/main/java/run/halo/app/config/ExtensionConfiguration.java:103: warning: [removal] ExtensionClient in run.halo.app.extension has been deprecated and marked for removal
2022-11-23T05:30:26.4479443Z         Controller roleController(ExtensionClient client, RoleService roleService) {
2022-11-23T05:30:26.4479994Z                                   ^
2022-11-23T05:30:26.4480672Z /home/runner/work/halo/halo/src/main/java/run/halo/app/config/ExtensionConfiguration.java:103: warning: [removal] ExtensionClient in run.halo.app.extension has been deprecated and marked for removal
2022-11-23T05:30:26.4481308Z         Controller roleController(ExtensionClient client, RoleService roleService) {
2022-11-23T05:30:26.4481686Z                                   ^
2022-11-23T05:30:26.4482215Z /home/runner/work/halo/halo/src/main/java/run/halo/app/config/ExtensionConfiguration.java:103: warning: [removal] ExtensionClient in run.halo.app.extension has been deprecated and marked for removal
2022-11-23T05:30:26.4483010Z         Controller roleController(ExtensionClient client, RoleService roleService) {
2022-11-23T05:30:26.4483399Z                                   ^
2022-11-23T05:30:26.4483916Z /home/runner/work/halo/halo/src/main/java/run/halo/app/config/ExtensionConfiguration.java:103: warning: [removal] ExtensionClient in run.halo.app.extension has been deprecated and marked for removal
2022-11-23T05:30:26.4484503Z         Controller roleController(ExtensionClient client, RoleService roleService) {
2022-11-23T05:30:26.4484868Z                                   ^
2022-11-23T05:30:26.4485363Z /home/runner/work/halo/halo/src/main/java/run/halo/app/config/ExtensionConfiguration.java:103: warning: [removal] ExtensionClient in run.halo.app.extension has been deprecated and marked for removal
2022-11-23T05:30:26.4485956Z         Controller roleController(ExtensionClient client, RoleService roleService) {
2022-11-23T05:30:26.4486315Z                                   ^
2022-11-23T05:30:26.4486823Z /home/runner/work/halo/halo/src/main/java/run/halo/app/config/ExtensionConfiguration.java:111: warning: [removal] ExtensionClient in run.halo.app.extension has been deprecated and marked for removal
2022-11-23T05:30:26.4487383Z         Controller roleBindingController(ExtensionClient client) {
2022-11-23T05:30:26.4487746Z                                          ^
2022-11-23T05:30:26.4488289Z /home/runner/work/halo/halo/src/main/java/run/halo/app/config/ExtensionConfiguration.java:111: warning: [removal] ExtensionClient in run.halo.app.extension has been deprecated and marked for removal
2022-11-23T05:30:26.4488855Z         Controller roleBindingController(ExtensionClient client) {
2022-11-23T05:30:26.4489208Z                                          ^
2022-11-23T05:30:26.4489716Z /home/runner/work/halo/halo/src/main/java/run/halo/app/config/ExtensionConfiguration.java:111: warning: [removal] ExtensionClient in run.halo.app.extension has been deprecated and marked for removal
2022-11-23T05:30:26.4490262Z         Controller roleBindingController(ExtensionClient client) {
2022-11-23T05:30:26.4490610Z                                          ^
2022-11-23T05:30:26.4491119Z /home/runner/work/halo/halo/src/main/java/run/halo/app/config/ExtensionConfiguration.java:111: warning: [removal] ExtensionClient in run.halo.app.extension has been deprecated and marked for removal
2022-11-23T05:30:26.4491673Z         Controller roleBindingController(ExtensionClient client) {
2022-11-23T05:30:26.4492019Z                                          ^
2022-11-23T05:30:26.4492532Z /home/runner/work/halo/halo/src/main/java/run/halo/app/config/ExtensionConfiguration.java:111: warning: [removal] ExtensionClient in run.halo.app.extension has been deprecated and marked for removal
2022-11-23T05:30:26.4493090Z         Controller roleBindingController(ExtensionClient client) {
2022-11-23T05:30:26.4493435Z                                          ^
2022-11-23T05:30:26.4494025Z /home/runner/work/halo/halo/src/main/java/run/halo/app/config/ExtensionConfiguration.java:119: warning: [removal] ExtensionClient in run.halo.app.extension has been deprecated and marked for removal
2022-11-23T05:30:26.4494640Z         Controller pluginController(ExtensionClient client, HaloPluginManager haloPluginManager) {
2022-11-23T05:30:26.4495029Z                                     ^
2022-11-23T05:30:26.4495540Z /home/runner/work/halo/halo/src/main/java/run/halo/app/config/ExtensionConfiguration.java:119: warning: [removal] ExtensionClient in run.halo.app.extension has been deprecated and marked for removal
2022-11-23T05:30:26.4496147Z         Controller pluginController(ExtensionClient client, HaloPluginManager haloPluginManager) {
2022-11-23T05:30:26.4496614Z                                     ^
2022-11-23T05:30:26.4497135Z /home/runner/work/halo/halo/src/main/java/run/halo/app/config/ExtensionConfiguration.java:119: warning: [removal] ExtensionClient in run.halo.app.extension has been deprecated and marked for removal
2022-11-23T05:30:26.5356081Z         Controller pluginController(ExtensionClient client, HaloPluginManager haloPluginManager) {
2022-11-23T05:30:26.5398739Z                                     ^
2022-11-23T05:30:26.5399415Z /home/runner/work/halo/halo/src/main/java/run/halo/app/config/ExtensionConfiguration.java:119: warning: [removal] ExtensionClient in run.halo.app.extension has been deprecated and marked for removal
2022-11-23T05:30:26.5400079Z         Controller pluginController(ExtensionClient client, HaloPluginManager haloPluginManager) {
2022-11-23T05:30:26.5400496Z                                     ^
2022-11-23T05:30:26.5401007Z /home/runner/work/halo/halo/src/main/java/run/halo/app/config/ExtensionConfiguration.java:119: warning: [removal] ExtensionClient in run.halo.app.extension has been deprecated and marked for removal
2022-11-23T05:30:26.5401619Z         Controller pluginController(ExtensionClient client, HaloPluginManager haloPluginManager) {
2022-11-23T05:30:26.5402022Z                                     ^
2022-11-23T05:30:26.5402540Z /home/runner/work/halo/halo/src/main/java/run/halo/app/config/ExtensionConfiguration.java:127: warning: [removal] ExtensionClient in run.halo.app.extension has been deprecated and marked for removal
2022-11-23T05:30:26.5403101Z         Controller menuController(ExtensionClient client) {
2022-11-23T05:30:26.5403436Z                                   ^
2022-11-23T05:30:26.5403956Z /home/runner/work/halo/halo/src/main/java/run/halo/app/config/ExtensionConfiguration.java:127: warning: [removal] ExtensionClient in run.halo.app.extension has been deprecated and marked for removal
2022-11-23T05:30:26.5404506Z         Controller menuController(ExtensionClient client) {
2022-11-23T05:30:26.5404831Z                                   ^
2022-11-23T05:30:26.5405344Z /home/runner/work/halo/halo/src/main/java/run/halo/app/config/ExtensionConfiguration.java:127: warning: [removal] ExtensionClient in run.halo.app.extension has been deprecated and marked for removal
2022-11-23T05:30:26.5420069Z         Controller menuController(ExtensionClient client) {
2022-11-23T05:30:26.5420488Z                                   ^
2022-11-23T05:30:26.5421023Z /home/runner/work/halo/halo/src/main/java/run/halo/app/config/ExtensionConfiguration.java:127: warning: [removal] ExtensionClient in run.halo.app.extension has been deprecated and marked for removal
2022-11-23T05:30:26.5421581Z         Controller menuController(ExtensionClient client) {
2022-11-23T05:30:26.5421916Z                                   ^
2022-11-23T05:30:26.5422431Z /home/runner/work/halo/halo/src/main/java/run/halo/app/config/ExtensionConfiguration.java:127: warning: [removal] ExtensionClient in run.halo.app.extension has been deprecated and marked for removal
2022-11-23T05:30:26.5422978Z         Controller menuController(ExtensionClient client) {
2022-11-23T05:30:26.5423311Z                                   ^
2022-11-23T05:30:26.5423823Z /home/runner/work/halo/halo/src/main/java/run/halo/app/config/ExtensionConfiguration.java:135: warning: [removal] ExtensionClient in run.halo.app.extension has been deprecated and marked for removal
2022-11-23T05:30:26.5424571Z         Controller menuItemController(ExtensionClient client) {
2022-11-23T05:30:26.5424901Z                                       ^
2022-11-23T05:30:26.5425415Z /home/runner/work/halo/halo/src/main/java/run/halo/app/config/ExtensionConfiguration.java:135: warning: [removal] ExtensionClient in run.halo.app.extension has been deprecated and marked for removal
2022-11-23T05:30:26.5425956Z         Controller menuItemController(ExtensionClient client) {
2022-11-23T05:30:26.5426287Z                                       ^
2022-11-23T05:30:26.5426793Z /home/runner/work/halo/halo/src/main/java/run/halo/app/config/ExtensionConfiguration.java:135: warning: [removal] ExtensionClient in run.halo.app.extension has been deprecated and marked for removal
2022-11-23T05:30:26.5427338Z         Controller menuItemController(ExtensionClient client) {
2022-11-23T05:30:26.5427683Z                                       ^
2022-11-23T05:30:26.5428278Z /home/runner/work/halo/halo/src/main/java/run/halo/app/config/ExtensionConfiguration.java:135: warning: [removal] ExtensionClient in run.halo.app.extension has been deprecated and marked for removal
2022-11-23T05:30:26.5428895Z         Controller menuItemController(ExtensionClient client) {
2022-11-23T05:30:26.5429228Z                                       ^
2022-11-23T05:30:26.5429736Z /home/runner/work/halo/halo/src/main/java/run/halo/app/config/ExtensionConfiguration.java:135: warning: [removal] ExtensionClient in run.halo.app.extension has been deprecated and marked for removal
2022-11-23T05:30:26.5430281Z         Controller menuItemController(ExtensionClient client) {
2022-11-23T05:30:26.5430609Z                                       ^
2022-11-23T05:30:26.5431112Z /home/runner/work/halo/halo/src/main/java/run/halo/app/config/ExtensionConfiguration.java:143: warning: [removal] ExtensionClient in run.halo.app.extension has been deprecated and marked for removal
2022-11-23T05:30:26.5431731Z         Controller themeController(ExtensionClient client, HaloProperties haloProperties) {
2022-11-23T05:30:26.5432117Z                                    ^
2022-11-23T05:30:26.5432712Z /home/runner/work/halo/halo/src/main/java/run/halo/app/config/ExtensionConfiguration.java:143: warning: [removal] ExtensionClient in run.halo.app.extension has been deprecated and marked for removal
2022-11-23T05:30:26.5433296Z         Controller themeController(ExtensionClient client, HaloProperties haloProperties) {
2022-11-23T05:30:26.5433676Z                                    ^
2022-11-23T05:30:26.5434179Z /home/runner/work/halo/halo/src/main/java/run/halo/app/config/ExtensionConfiguration.java:143: warning: [removal] ExtensionClient in run.halo.app.extension has been deprecated and marked for removal
2022-11-23T05:30:26.5434764Z         Controller themeController(ExtensionClient client, HaloProperties haloProperties) {
2022-11-23T05:30:26.5435136Z                                    ^
2022-11-23T05:30:26.5435647Z /home/runner/work/halo/halo/src/main/java/run/halo/app/config/ExtensionConfiguration.java:143: warning: [removal] ExtensionClient in run.halo.app.extension has been deprecated and marked for removal
2022-11-23T05:30:26.5436243Z         Controller themeController(ExtensionClient client, HaloProperties haloProperties) {
2022-11-23T05:30:26.5437004Z                                    ^
2022-11-23T05:30:26.5438687Z /home/runner/work/halo/halo/src/main/java/run/halo/app/config/ExtensionConfiguration.java:143: warning: [removal] ExtensionClient in run.halo.app.extension has been deprecated and marked for removal
2022-11-23T05:30:26.5439211Z         Controller themeController(ExtensionClient client, HaloProperties haloProperties) {
2022-11-23T05:30:26.5439504Z                                    ^
2022-11-23T05:30:26.5439936Z /home/runner/work/halo/halo/src/main/java/run/halo/app/config/ExtensionConfiguration.java:151: warning: [removal] ExtensionClient in run.halo.app.extension has been deprecated and marked for removal
2022-11-23T05:30:26.5440838Z         Controller postController(ExtensionClient client, ContentService contentService,
2022-11-23T05:30:26.5441150Z                                   ^
2022-11-23T05:30:26.5441583Z /home/runner/work/halo/halo/src/main/java/run/halo/app/config/ExtensionConfiguration.java:151: warning: [removal] ExtensionClient in run.halo.app.extension has been deprecated and marked for removal
2022-11-23T05:30:26.5442090Z         Controller postController(ExtensionClient client, ContentService contentService,
2022-11-23T05:30:26.5442380Z                                   ^
2022-11-23T05:30:26.5442801Z /home/runner/work/halo/halo/src/main/java/run/halo/app/config/ExtensionConfiguration.java:151: warning: [removal] ExtensionClient in run.halo.app.extension has been deprecated and marked for removal
2022-11-23T05:30:26.5443301Z         Controller postController(ExtensionClient client, ContentService contentService,
2022-11-23T05:30:26.5443588Z                                   ^
2022-11-23T05:30:26.5444077Z /home/runner/work/halo/halo/src/main/java/run/halo/app/config/ExtensionConfiguration.java:151: warning: [removal] ExtensionClient in run.halo.app.extension has been deprecated and marked for removal
2022-11-23T05:30:26.5444586Z         Controller postController(ExtensionClient client, ContentService contentService,
2022-11-23T05:30:26.5444878Z                                   ^
2022-11-23T05:30:26.5445312Z /home/runner/work/halo/halo/src/main/java/run/halo/app/config/ExtensionConfiguration.java:151: warning: [removal] ExtensionClient in run.halo.app.extension has been deprecated and marked for removal
2022-11-23T05:30:26.5445814Z         Controller postController(ExtensionClient client, ContentService contentService,
2022-11-23T05:30:26.5446097Z                                   ^
2022-11-23T05:30:26.5446514Z /home/runner/work/halo/halo/src/main/java/run/halo/app/config/ExtensionConfiguration.java:165: warning: [removal] ExtensionClient in run.halo.app.extension has been deprecated and marked for removal
2022-11-23T05:30:26.5446989Z         Controller categoryController(ExtensionClient client,
2022-11-23T05:30:26.5447242Z                                       ^
2022-11-23T05:30:26.5447671Z /home/runner/work/halo/halo/src/main/java/run/halo/app/config/ExtensionConfiguration.java:165: warning: [removal] ExtensionClient in run.halo.app.extension has been deprecated and marked for removal
2022-11-23T05:30:26.5448144Z         Controller categoryController(ExtensionClient client,
2022-11-23T05:30:26.5448404Z                                       ^
2022-11-23T05:30:26.5448839Z /home/runner/work/halo/halo/src/main/java/run/halo/app/config/ExtensionConfiguration.java:165: warning: [removal] ExtensionClient in run.halo.app.extension has been deprecated and marked for removal
2022-11-23T05:30:26.5449303Z         Controller categoryController(ExtensionClient client,
2022-11-23T05:30:26.5449552Z                                       ^
2022-11-23T05:30:26.5449981Z /home/runner/work/halo/halo/src/main/java/run/halo/app/config/ExtensionConfiguration.java:165: warning: [removal] ExtensionClient in run.halo.app.extension has been deprecated and marked for removal
2022-11-23T05:30:26.5450451Z         Controller categoryController(ExtensionClient client,
2022-11-23T05:30:26.5450709Z                                       ^
2022-11-23T05:30:26.5451135Z /home/runner/work/halo/halo/src/main/java/run/halo/app/config/ExtensionConfiguration.java:165: warning: [removal] ExtensionClient in run.halo.app.extension has been deprecated and marked for removal
2022-11-23T05:30:26.5451593Z         Controller categoryController(ExtensionClient client,
2022-11-23T05:30:26.5451842Z                                       ^
2022-11-23T05:30:26.5452258Z /home/runner/work/halo/halo/src/main/java/run/halo/app/config/ExtensionConfiguration.java:174: warning: [removal] ExtensionClient in run.halo.app.extension has been deprecated and marked for removal
2022-11-23T05:30:26.5452822Z         Controller tagController(ExtensionClient client, TagPermalinkPolicy tagPermalinkPolicy) {
2022-11-23T05:30:26.5453144Z                                  ^
2022-11-23T05:30:26.5453571Z /home/runner/work/halo/halo/src/main/java/run/halo/app/config/ExtensionConfiguration.java:174: warning: [removal] ExtensionClient in run.halo.app.extension has been deprecated and marked for removal
2022-11-23T05:30:26.5454093Z         Controller tagController(ExtensionClient client, TagPermalinkPolicy tagPermalinkPolicy) {
2022-11-23T05:30:26.5454399Z                                  ^
2022-11-23T05:30:26.5454823Z /home/runner/work/halo/halo/src/main/java/run/halo/app/config/ExtensionConfiguration.java:174: warning: [removal] ExtensionClient in run.halo.app.extension has been deprecated and marked for removal
2022-11-23T05:30:26.5455341Z         Controller tagController(ExtensionClient client, TagPermalinkPolicy tagPermalinkPolicy) {
2022-11-23T05:30:26.5455628Z                                  ^
2022-11-23T05:30:26.5456104Z /home/runner/work/halo/halo/src/main/java/run/halo/app/config/ExtensionConfiguration.java:174: warning: [removal] ExtensionClient in run.halo.app.extension has been deprecated and marked for removal
2022-11-23T05:30:26.5456632Z         Controller tagController(ExtensionClient client, TagPermalinkPolicy tagPermalinkPolicy) {
2022-11-23T05:30:26.5456937Z                                  ^
2022-11-23T05:30:26.5457362Z /home/runner/work/halo/halo/src/main/java/run/halo/app/config/ExtensionConfiguration.java:174: warning: [removal] ExtensionClient in run.halo.app.extension has been deprecated and marked for removal
2022-11-23T05:30:26.5457922Z         Controller tagController(ExtensionClient client, TagPermalinkPolicy tagPermalinkPolicy) {
2022-11-23T05:30:26.5458224Z                                  ^
2022-11-23T05:30:26.5458636Z /home/runner/work/halo/halo/src/main/java/run/halo/app/config/ExtensionConfiguration.java:182: warning: [removal] ExtensionClient in run.halo.app.extension has been deprecated and marked for removal
2022-11-23T05:30:26.5459109Z         Controller systemSettingController(ExtensionClient client,
2022-11-23T05:30:26.5459393Z                                            ^
2022-11-23T05:30:26.5459825Z /home/runner/work/halo/halo/src/main/java/run/halo/app/config/ExtensionConfiguration.java:182: warning: [removal] ExtensionClient in run.halo.app.extension has been deprecated and marked for removal
2022-11-23T05:30:26.5460292Z         Controller systemSettingController(ExtensionClient client,
2022-11-23T05:30:26.5460568Z                                            ^
2022-11-23T05:30:26.5461002Z /home/runner/work/halo/halo/src/main/java/run/halo/app/config/ExtensionConfiguration.java:182: warning: [removal] ExtensionClient in run.halo.app.extension has been deprecated and marked for removal
2022-11-23T05:30:26.5461474Z         Controller systemSettingController(ExtensionClient client,
2022-11-23T05:30:26.5461744Z                                            ^
2022-11-23T05:30:26.5462173Z /home/runner/work/halo/halo/src/main/java/run/halo/app/config/ExtensionConfiguration.java:182: warning: [removal] ExtensionClient in run.halo.app.extension has been deprecated and marked for removal
2022-11-23T05:30:26.5462638Z         Controller systemSettingController(ExtensionClient client,
2022-11-23T05:30:26.5462907Z                                            ^
2022-11-23T05:30:26.5463341Z /home/runner/work/halo/halo/src/main/java/run/halo/app/config/ExtensionConfiguration.java:182: warning: [removal] ExtensionClient in run.halo.app.extension has been deprecated and marked for removal
2022-11-23T05:30:26.5463813Z         Controller systemSettingController(ExtensionClient client,
2022-11-23T05:30:26.5464087Z                                            ^
2022-11-23T05:30:26.5464507Z /home/runner/work/halo/halo/src/main/java/run/halo/app/config/ExtensionConfiguration.java:193: warning: [removal] ExtensionClient in run.halo.app.extension has been deprecated and marked for removal
2022-11-23T05:30:26.5465025Z         Controller attachmentController(ExtensionClient client,
2022-11-23T05:30:26.5465292Z                                         ^
2022-11-23T05:30:26.5465718Z /home/runner/work/halo/halo/src/main/java/run/halo/app/config/ExtensionConfiguration.java:193: warning: [removal] ExtensionClient in run.halo.app.extension has been deprecated and marked for removal
2022-11-23T05:30:26.5466187Z         Controller attachmentController(ExtensionClient client,
2022-11-23T05:30:26.5466450Z                                         ^
2022-11-23T05:30:26.5466881Z /home/runner/work/halo/halo/src/main/java/run/halo/app/config/ExtensionConfiguration.java:193: warning: [removal] ExtensionClient in run.halo.app.extension has been deprecated and marked for removal
2022-11-23T05:30:26.5467339Z         Controller attachmentController(ExtensionClient client,
2022-11-23T05:30:26.5467592Z                                         ^
2022-11-23T05:30:26.5468009Z /home/runner/work/halo/halo/src/main/java/run/halo/app/config/ExtensionConfiguration.java:193: warning: [removal] ExtensionClient in run.halo.app.extension has been deprecated and marked for removal
2022-11-23T05:30:26.5468511Z         Controller attachmentController(ExtensionClient client,
2022-11-23T05:30:26.5468774Z                                         ^
2022-11-23T05:30:26.5469200Z /home/runner/work/halo/halo/src/main/java/run/halo/app/config/ExtensionConfiguration.java:193: warning: [removal] ExtensionClient in run.halo.app.extension has been deprecated and marked for removal
2022-11-23T05:30:26.5469673Z         Controller attachmentController(ExtensionClient client,
2022-11-23T05:30:26.5469926Z                                         ^
2022-11-23T05:30:26.5470354Z /home/runner/work/halo/halo/src/main/java/run/halo/app/config/ExtensionConfiguration.java:204: warning: [removal] ExtensionClient in run.halo.app.extension has been deprecated and marked for removal
2022-11-23T05:30:26.5470876Z         Controller singlePageController(ExtensionClient client, ContentService contentService,
2022-11-23T05:30:26.5471187Z                                         ^
2022-11-23T05:30:26.5471620Z /home/runner/work/halo/halo/src/main/java/run/halo/app/config/ExtensionConfiguration.java:204: warning: [removal] ExtensionClient in run.halo.app.extension has been deprecated and marked for removal
2022-11-23T05:30:26.5472134Z         Controller singlePageController(ExtensionClient client, ContentService contentService,
2022-11-23T05:30:26.5472437Z                                         ^
2022-11-23T05:30:26.5472854Z /home/runner/work/halo/halo/src/main/java/run/halo/app/config/ExtensionConfiguration.java:204: warning: [removal] ExtensionClient in run.halo.app.extension has been deprecated and marked for removal
2022-11-23T05:30:26.5473361Z         Controller singlePageController(ExtensionClient client, ContentService contentService,
2022-11-23T05:30:26.5473655Z                                         ^
2022-11-23T05:30:26.5474075Z /home/runner/work/halo/halo/src/main/java/run/halo/app/config/ExtensionConfiguration.java:204: warning: [removal] ExtensionClient in run.halo.app.extension has been deprecated and marked for removal
2022-11-23T05:30:26.5474578Z         Controller singlePageController(ExtensionClient client, ContentService contentService,
2022-11-23T05:30:26.5474881Z                                         ^
2022-11-23T05:30:26.5475303Z /home/runner/work/halo/halo/src/main/java/run/halo/app/config/ExtensionConfiguration.java:204: warning: [removal] ExtensionClient in run.halo.app.extension has been deprecated and marked for removal
2022-11-23T05:30:26.5475806Z         Controller singlePageController(ExtensionClient client, ContentService contentService,
2022-11-23T05:30:26.5476093Z                                         ^
2022-11-23T05:30:26.5476510Z /home/runner/work/halo/halo/src/main/java/run/halo/app/config/ExtensionConfiguration.java:216: warning: [removal] ExtensionClient in run.halo.app.extension has been deprecated and marked for removal
2022-11-23T05:30:26.5477062Z         Controller commentController(ExtensionClient client, MeterRegistry meterRegistry,
2022-11-23T05:30:26.5477359Z                                      ^
2022-11-23T05:30:26.5477944Z /home/runner/work/halo/halo/src/main/java/run/halo/app/config/ExtensionConfiguration.java:216: warning: [removal] ExtensionClient in run.halo.app.extension has been deprecated and marked for removal
2022-11-23T05:30:26.5478453Z         Controller commentController(ExtensionClient client, MeterRegistry meterRegistry,
2022-11-23T05:30:26.5478743Z                                      ^
2022-11-23T05:30:26.5479167Z /home/runner/work/halo/halo/src/main/java/run/halo/app/config/ExtensionConfiguration.java:216: warning: [removal] ExtensionClient in run.halo.app.extension has been deprecated and marked for removal
2022-11-23T05:30:26.5479674Z         Controller commentController(ExtensionClient client, MeterRegistry meterRegistry,
2022-11-23T05:30:26.5479962Z                                      ^
2022-11-23T05:30:26.5480474Z /home/runner/work/halo/halo/src/main/java/run/halo/app/config/ExtensionConfiguration.java:216: warning: [removal] ExtensionClient in run.halo.app.extension has been deprecated and marked for removal
2022-11-23T05:30:26.5480990Z         Controller commentController(ExtensionClient client, MeterRegistry meterRegistry,
2022-11-23T05:30:26.5481282Z                                      ^
2022-11-23T05:30:26.5481713Z /home/runner/work/halo/halo/src/main/java/run/halo/app/config/ExtensionConfiguration.java:216: warning: [removal] ExtensionClient in run.halo.app.extension has been deprecated and marked for removal
2022-11-23T05:30:26.5482208Z         Controller commentController(ExtensionClient client, MeterRegistry meterRegistry,
2022-11-23T05:30:26.5482486Z                                      ^
2022-11-23T05:30:26.5482919Z /home/runner/work/halo/halo/src/main/java/run/halo/app/config/ExtensionConfiguration.java:227: warning: [removal] ExtensionClient in run.halo.app.extension has been deprecated and marked for removal
2022-11-23T05:30:26.5483405Z         Controller reverseProxyController(ExtensionClient client,
2022-11-23T05:30:26.5483685Z                                           ^
2022-11-23T05:30:26.5484123Z /home/runner/work/halo/halo/src/main/java/run/halo/app/config/ExtensionConfiguration.java:227: warning: [removal] ExtensionClient in run.halo.app.extension has been deprecated and marked for removal
2022-11-23T05:30:26.5484595Z         Controller reverseProxyController(ExtensionClient client,
2022-11-23T05:30:26.5484872Z                                           ^
2022-11-23T05:30:26.5485294Z /home/runner/work/halo/halo/src/main/java/run/halo/app/config/ExtensionConfiguration.java:227: warning: [removal] ExtensionClient in run.halo.app.extension has been deprecated and marked for removal
2022-11-23T05:30:26.5485766Z         Controller reverseProxyController(ExtensionClient client,
2022-11-23T05:30:26.5486037Z                                           ^
2022-11-23T05:30:26.5486475Z /home/runner/work/halo/halo/src/main/java/run/halo/app/config/ExtensionConfiguration.java:227: warning: [removal] ExtensionClient in run.halo.app.extension has been deprecated and marked for removal
2022-11-23T05:30:26.5486952Z         Controller reverseProxyController(ExtensionClient client,
2022-11-23T05:30:26.5487224Z                                           ^
2022-11-23T05:30:26.5487654Z /home/runner/work/halo/halo/src/main/java/run/halo/app/config/ExtensionConfiguration.java:227: warning: [removal] ExtensionClient in run.halo.app.extension has been deprecated and marked for removal
2022-11-23T05:30:26.5488119Z         Controller reverseProxyController(ExtensionClient client,
2022-11-23T05:30:26.5488389Z                                           ^
2022-11-23T05:30:26.7356234Z /home/runner/work/halo/halo/src/main/java/run/halo/app/plugin/PluginApplicationInitializer.java:113: warning: [removal] ExtensionClient in run.halo.app.extension has been deprecated and marked for removal
2022-11-23T05:30:26.7357078Z         ExtensionClient extensionClient =
2022-11-23T05:30:26.7362966Z         ^
2022-11-23T05:30:26.7363886Z /home/runner/work/halo/halo/src/main/java/run/halo/app/plugin/PluginApplicationInitializer.java:114: warning: [removal] ExtensionClient in run.halo.app.extension has been deprecated and marked for removal
2022-11-23T05:30:26.7364585Z             getRootApplicationContext().getBean(ExtensionClient.class);
2022-11-23T05:30:26.7445774Z                                                 ^
2022-11-23T05:30:26.7446422Z /home/runner/work/halo/halo/src/main/java/run/halo/app/plugin/SharedApplicationContextHolder.java:57: warning: [removal] ExtensionClient in run.halo.app.extension has been deprecated and marked for removal
2022-11-23T05:30:26.7447089Z         var extensionClient = rootApplicationContext.getBean(ExtensionClient.class);
2022-11-23T05:30:26.7447475Z                                                              ^
2022-11-23T05:30:26.9355625Z /home/runner/work/halo/halo/src/main/java/run/halo/app/theme/router/PermalinkRefreshHandler.java:26: warning: [removal] ExtensionClient in run.halo.app.extension has been deprecated and marked for removal
2022-11-23T05:30:26.9358681Z     private final ExtensionClient client;
2022-11-23T05:30:26.9359194Z                   ^
2022-11-23T05:30:26.9361042Z /home/runner/work/halo/halo/src/main/java/run/halo/app/theme/router/PermalinkRefreshHandler.java:26: warning: [removal] ExtensionClient in run.halo.app.extension has been deprecated and marked for removal
2022-11-23T05:30:26.9361963Z     private final ExtensionClient client;
2022-11-23T05:30:26.9362290Z                   ^
2022-11-23T05:30:26.9362775Z /home/runner/work/halo/halo/src/main/java/run/halo/app/theme/router/PermalinkRefreshHandler.java:26: warning: [removal] ExtensionClient in run.halo.app.extension has been deprecated and marked for removal
2022-11-23T05:30:26.9363261Z     private final ExtensionClient client;
2022-11-23T05:30:26.9363482Z                   ^
2022-11-23T05:30:26.9363927Z /home/runner/work/halo/halo/src/main/java/run/halo/app/theme/router/PermalinkRefreshHandler.java:26: warning: [removal] ExtensionClient in run.halo.app.extension has been deprecated and marked for removal
2022-11-23T05:30:26.9364409Z     private final ExtensionClient client;
2022-11-23T05:30:26.9364620Z                   ^
2022-11-23T05:30:26.9365046Z /home/runner/work/halo/halo/src/main/java/run/halo/app/theme/router/PermalinkRefreshHandler.java:26: warning: [removal] ExtensionClient in run.halo.app.extension has been deprecated and marked for removal
2022-11-23T05:30:26.9365505Z     private final ExtensionClient client;
2022-11-23T05:30:26.9365728Z                   ^
2022-11-23T05:30:26.9366161Z /home/runner/work/halo/halo/src/main/java/run/halo/app/theme/router/PermalinkRefreshHandler.java:31: warning: [removal] ExtensionClient in run.halo.app.extension has been deprecated and marked for removal
2022-11-23T05:30:26.9366651Z     public PermalinkRefreshHandler(ExtensionClient client,
2022-11-23T05:30:26.9366919Z                                    ^
2022-11-23T05:30:26.9367372Z /home/runner/work/halo/halo/src/main/java/run/halo/app/theme/router/PermalinkRefreshHandler.java:31: warning: [removal] ExtensionClient in run.halo.app.extension has been deprecated and marked for removal
2022-11-23T05:30:26.9367869Z     public PermalinkRefreshHandler(ExtensionClient client,
2022-11-23T05:30:26.9368129Z                                    ^
2022-11-23T05:30:26.9368625Z /home/runner/work/halo/halo/src/main/java/run/halo/app/theme/router/PermalinkRefreshHandler.java:31: warning: [removal] ExtensionClient in run.halo.app.extension has been deprecated and marked for removal
2022-11-23T05:30:26.9369109Z     public PermalinkRefreshHandler(ExtensionClient client,
2022-11-23T05:30:26.9369373Z                                    ^
2022-11-23T05:30:26.9369822Z /home/runner/work/halo/halo/src/main/java/run/halo/app/theme/router/PermalinkRefreshHandler.java:31: warning: [removal] ExtensionClient in run.halo.app.extension has been deprecated and marked for removal
2022-11-23T05:30:26.9370483Z     public PermalinkRefreshHandler(ExtensionClient client,
2022-11-23T05:30:26.9370751Z                                    ^
2022-11-23T05:30:26.9371204Z /home/runner/work/halo/halo/src/main/java/run/halo/app/theme/router/PermalinkRefreshHandler.java:31: warning: [removal] ExtensionClient in run.halo.app.extension has been deprecated and marked for removal
2022-11-23T05:30:26.9371688Z     public PermalinkRefreshHandler(ExtensionClient client,
2022-11-23T05:30:26.9371945Z                                    ^
2022-11-23T05:30:27.6357323Z /home/runner/work/halo/halo/src/main/java/run/halo/app/extension/router/ExtensionRouterFunctionFactory.java:57: warning: [removal] ListRequest in run.halo.app.extension.router has been deprecated and marked for removal
2022-11-23T05:30:27.6358569Z                     QueryParamBuildUtil.buildParametersFromType(builder, ListRequest.class);
2022-11-23T05:30:27.6359374Z                                                                          ^
2022-11-23T05:30:27.7356872Z /home/runner/work/halo/halo/src/main/java/run/halo/app/extension/gc/GcReconciler.java:15: warning: [removal] ExtensionClient in run.halo.app.extension has been deprecated and marked for removal
2022-11-23T05:30:27.7357900Z     private final ExtensionClient client;
2022-11-23T05:30:27.7358493Z                   ^
2022-11-23T05:30:27.7359643Z /home/runner/work/halo/halo/src/main/java/run/halo/app/extension/gc/GcReconciler.java:15: warning: [removal] ExtensionClient in run.halo.app.extension has been deprecated and marked for removal
2022-11-23T05:30:27.7360551Z     private final ExtensionClient client;
2022-11-23T05:30:27.7360820Z                   ^
2022-11-23T05:30:27.7366410Z /home/runner/work/halo/halo/src/main/java/run/halo/app/extension/gc/GcReconciler.java:15: warning: [removal] ExtensionClient in run.halo.app.extension has been deprecated and marked for removal
2022-11-23T05:30:27.7367054Z     private final ExtensionClient client;
2022-11-23T05:30:27.7367408Z                   ^
2022-11-23T05:30:27.7406313Z /home/runner/work/halo/halo/src/main/java/run/halo/app/extension/gc/GcReconciler.java:15: warning: [removal] ExtensionClient in run.halo.app.extension has been deprecated and marked for removal
2022-11-23T05:30:27.7407046Z     private final ExtensionClient client;
2022-11-23T05:30:27.7407485Z                   ^
2022-11-23T05:30:27.7408203Z /home/runner/work/halo/halo/src/main/java/run/halo/app/extension/gc/GcReconciler.java:15: warning: [removal] ExtensionClient in run.halo.app.extension has been deprecated and marked for removal
2022-11-23T05:30:27.7409312Z     private final ExtensionClient client;
2022-11-23T05:30:27.7409737Z                   ^
2022-11-23T05:30:27.7410276Z /home/runner/work/halo/halo/src/main/java/run/halo/app/extension/gc/GcReconciler.java:21: warning: [removal] ExtensionClient in run.halo.app.extension has been deprecated and marked for removal
2022-11-23T05:30:27.7570068Z     GcReconciler(ExtensionClient client, ExtensionStoreClient storeClient,
2022-11-23T05:30:27.7570403Z                  ^
2022-11-23T05:30:27.7570861Z /home/runner/work/halo/halo/src/main/java/run/halo/app/extension/gc/GcReconciler.java:21: warning: [removal] ExtensionClient in run.halo.app.extension has been deprecated and marked for removal
2022-11-23T05:30:27.7571372Z     GcReconciler(ExtensionClient client, ExtensionStoreClient storeClient,
2022-11-23T05:30:27.7571652Z                  ^
2022-11-23T05:30:27.7572067Z /home/runner/work/halo/halo/src/main/java/run/halo/app/extension/gc/GcReconciler.java:21: warning: [removal] ExtensionClient in run.halo.app.extension has been deprecated and marked for removal
2022-11-23T05:30:27.7572558Z     GcReconciler(ExtensionClient client, ExtensionStoreClient storeClient,
2022-11-23T05:30:27.7572819Z                  ^
2022-11-23T05:30:27.7573221Z /home/runner/work/halo/halo/src/main/java/run/halo/app/extension/gc/GcReconciler.java:21: warning: [removal] ExtensionClient in run.halo.app.extension has been deprecated and marked for removal
2022-11-23T05:30:27.7573892Z     GcReconciler(ExtensionClient client, ExtensionStoreClient storeClient,
2022-11-23T05:30:27.7574151Z                  ^
2022-11-23T05:30:27.7574549Z /home/runner/work/halo/halo/src/main/java/run/halo/app/extension/gc/GcReconciler.java:21: warning: [removal] ExtensionClient in run.halo.app.extension has been deprecated and marked for removal
2022-11-23T05:30:27.7575019Z     GcReconciler(ExtensionClient client, ExtensionStoreClient storeClient,
2022-11-23T05:30:27.7575277Z                  ^
2022-11-23T05:30:27.7575738Z /home/runner/work/halo/halo/src/main/java/run/halo/app/extension/gc/GarbageCollectorConfiguration.java:19: warning: [removal] ExtensionClient in run.halo.app.extension has been deprecated and marked for removal
2022-11-23T05:30:27.7576276Z     Controller garbageCollector(ExtensionClient client,
2022-11-23T05:30:27.7576678Z                                 ^
2022-11-23T05:30:28.6356631Z Note: Some input files use or override a deprecated API.
2022-11-23T05:30:28.6357904Z Note: Recompile with -Xlint:deprecation for details.
2022-11-23T05:30:28.6358680Z Note: Some input files additionally use or override a deprecated API that is marked for removal.
2022-11-23T05:30:28.6359883Z Note: Some input files use unchecked or unsafe operations.
2022-11-23T05:30:28.6360466Z Note: Recompile with -Xlint:unchecked for details.
2022-11-23T05:30:28.6360786Z 100 warnings
2022-11-23T05:30:29.3355667Z 
2022-11-23T05:30:29.3356310Z > Task :processResources
2022-11-23T05:30:29.3368907Z > Task :classes
2022-11-23T05:30:31.8355339Z 
2022-11-23T05:30:31.8358916Z /home/runner/work/halo/halo/src/test/java/run/halo/app/config/ExtensionConfigurationTest.java:112: warning: [removal] ExtensionClient in run.halo.app.extension has been deprecated and marked for removal
2022-11-23T05:30:31.8398777Z         ExtensionClient extClient;
2022-11-23T05:30:31.8399261Z         ^
2022-11-23T05:30:31.8399808Z /home/runner/work/halo/halo/src/test/java/run/halo/app/config/ExtensionConfigurationTest.java:112: warning: [removal] ExtensionClient in run.halo.app.extension has been deprecated and marked for removal
2022-11-23T05:30:31.8400384Z         ExtensionClient extClient;
2022-11-23T05:30:31.8400625Z         ^
2022-11-23T05:30:31.8401148Z /home/runner/work/halo/halo/src/test/java/run/halo/app/config/ExtensionConfigurationTest.java:112: warning: [removal] ExtensionClient in run.halo.app.extension has been deprecated and marked for removal
2022-11-23T05:30:31.8401695Z         ExtensionClient extClient;
2022-11-23T05:30:31.8401987Z         ^
2022-11-23T05:30:31.8402486Z /home/runner/work/halo/halo/src/test/java/run/halo/app/config/ExtensionConfigurationTest.java:112: warning: [removal] ExtensionClient in run.halo.app.extension has been deprecated and marked for removal
2022-11-23T05:30:31.8403022Z         ExtensionClient extClient;
2022-11-23T05:30:31.8403324Z         ^
2022-11-23T05:30:31.8403792Z /home/runner/work/halo/halo/src/test/java/run/halo/app/config/ExtensionConfigurationTest.java:112: warning: [removal] ExtensionClient in run.halo.app.extension has been deprecated and marked for removal
2022-11-23T05:30:31.8404300Z         ExtensionClient extClient;
2022-11-23T05:30:31.8404571Z         ^
2022-11-23T05:30:31.8404870Z > Task :compileTestJava
2022-11-23T05:30:32.8358595Z /home/runner/work/halo/halo/src/test/java/run/halo/app/extension/gc/GcReconcilerTest.java:29: warning: [removal] ExtensionClient in run.halo.app.extension has been deprecated and marked for removal
2022-11-23T05:30:32.8368569Z     ExtensionClient client;
2022-11-23T05:30:32.8369061Z     ^
2022-11-23T05:30:32.8369779Z /home/runner/work/halo/halo/src/test/java/run/halo/app/extension/gc/GcReconcilerTest.java:29: warning: [removal] ExtensionClient in run.halo.app.extension has been deprecated and marked for removal
2022-11-23T05:30:32.8370370Z     ExtensionClient client;
2022-11-23T05:30:32.8370738Z     ^
2022-11-23T05:30:32.8371353Z /home/runner/work/halo/halo/src/test/java/run/halo/app/extension/gc/GcReconcilerTest.java:29: warning: [removal] ExtensionClient in run.halo.app.extension has been deprecated and marked for removal
2022-11-23T05:30:32.8372205Z     ExtensionClient client;
2022-11-23T05:30:32.8372445Z     ^
2022-11-23T05:30:32.8372963Z /home/runner/work/halo/halo/src/test/java/run/halo/app/extension/gc/GcReconcilerTest.java:29: warning: [removal] ExtensionClient in run.halo.app.extension has been deprecated and marked for removal
2022-11-23T05:30:32.8373515Z     ExtensionClient client;
2022-11-23T05:30:32.8373794Z     ^
2022-11-23T05:30:32.8374289Z /home/runner/work/halo/halo/src/test/java/run/halo/app/extension/gc/GcReconcilerTest.java:29: warning: [removal] ExtensionClient in run.halo.app.extension has been deprecated and marked for removal
2022-11-23T05:30:32.8374774Z     ExtensionClient client;
2022-11-23T05:30:32.8375000Z     ^
2022-11-23T05:30:32.8375570Z /home/runner/work/halo/halo/src/test/java/run/halo/app/extension/controller/RequestSynchronizerTest.java:28: warning: [removal] ExtensionClient in run.halo.app.extension has been deprecated and marked for removal
2022-11-23T05:30:32.8376220Z     ExtensionClient client;
2022-11-23T05:30:32.8376513Z     ^
2022-11-23T05:30:32.8377234Z /home/runner/work/halo/halo/src/test/java/run/halo/app/extension/controller/RequestSynchronizerTest.java:28: warning: [removal] ExtensionClient in run.halo.app.extension has been deprecated and marked for removal
2022-11-23T05:30:32.8377884Z     ExtensionClient client;
2022-11-23T05:30:32.8378247Z     ^
2022-11-23T05:30:32.8378845Z /home/runner/work/halo/halo/src/test/java/run/halo/app/extension/controller/RequestSynchronizerTest.java:28: warning: [removal] ExtensionClient in run.halo.app.extension has been deprecated and marked for removal
2022-11-23T05:30:32.8379469Z     ExtensionClient client;
2022-11-23T05:30:32.8379814Z     ^
2022-11-23T05:30:32.8380370Z /home/runner/work/halo/halo/src/test/java/run/halo/app/extension/controller/RequestSynchronizerTest.java:28: warning: [removal] ExtensionClient in run.halo.app.extension has been deprecated and marked for removal
2022-11-23T05:30:32.8380885Z     ExtensionClient client;
2022-11-23T05:30:32.8381188Z     ^
2022-11-23T05:30:32.8381749Z /home/runner/work/halo/halo/src/test/java/run/halo/app/extension/controller/RequestSynchronizerTest.java:28: warning: [removal] ExtensionClient in run.halo.app.extension has been deprecated and marked for removal
2022-11-23T05:30:32.8382285Z     ExtensionClient client;
2022-11-23T05:30:32.8382566Z     ^
2022-11-23T05:30:32.9357243Z /home/runner/work/halo/halo/src/test/java/run/halo/app/extension/controller/ControllerBuilderTest.java:20: warning: [removal] ExtensionClient in run.halo.app.extension has been deprecated and marked for removal
2022-11-23T05:30:32.9398668Z     ExtensionClient client;
2022-11-23T05:30:32.9399030Z     ^
2022-11-23T05:30:32.9399580Z /home/runner/work/halo/halo/src/test/java/run/halo/app/extension/controller/ControllerBuilderTest.java:20: warning: [removal] ExtensionClient in run.halo.app.extension has been deprecated and marked for removal
2022-11-23T05:30:32.9400268Z     ExtensionClient client;
2022-11-23T05:30:32.9400681Z     ^
2022-11-23T05:30:32.9401204Z /home/runner/work/halo/halo/src/test/java/run/halo/app/extension/controller/ControllerBuilderTest.java:20: warning: [removal] ExtensionClient in run.halo.app.extension has been deprecated and marked for removal
2022-11-23T05:30:32.9401801Z     ExtensionClient client;
2022-11-23T05:30:32.9402097Z     ^
2022-11-23T05:30:32.9402645Z /home/runner/work/halo/halo/src/test/java/run/halo/app/extension/controller/ControllerBuilderTest.java:20: warning: [removal] ExtensionClient in run.halo.app.extension has been deprecated and marked for removal
2022-11-23T05:30:32.9403182Z     ExtensionClient client;
2022-11-23T05:30:32.9403465Z     ^
2022-11-23T05:30:32.9404039Z /home/runner/work/halo/halo/src/test/java/run/halo/app/extension/controller/ControllerBuilderTest.java:20: warning: [removal] ExtensionClient in run.halo.app.extension has been deprecated and marked for removal
2022-11-23T05:30:32.9404641Z     ExtensionClient client;
2022-11-23T05:30:32.9405203Z     ^
2022-11-23T05:30:33.0359619Z /home/runner/work/halo/halo/src/test/java/run/halo/app/extension/ConfigMapTest.java:26: warning: [removal] ExtensionClient in run.halo.app.extension has been deprecated and marked for removal
2022-11-23T05:30:33.0371536Z     ExtensionClient extensionClient;
2022-11-23T05:30:33.0371866Z     ^
2022-11-23T05:30:33.0372562Z /home/runner/work/halo/halo/src/test/java/run/halo/app/extension/ConfigMapTest.java:26: warning: [removal] ExtensionClient in run.halo.app.extension has been deprecated and marked for removal
2022-11-23T05:30:33.0373132Z     ExtensionClient extensionClient;
2022-11-23T05:30:33.0373589Z     ^
2022-11-23T05:30:33.0374148Z /home/runner/work/halo/halo/src/test/java/run/halo/app/extension/ConfigMapTest.java:26: warning: [removal] ExtensionClient in run.halo.app.extension has been deprecated and marked for removal
2022-11-23T05:30:33.0374726Z     ExtensionClient extensionClient;
2022-11-23T05:30:33.0375090Z     ^
2022-11-23T05:30:33.0375669Z /home/runner/work/halo/halo/src/test/java/run/halo/app/extension/ConfigMapTest.java:26: warning: [removal] ExtensionClient in run.halo.app.extension has been deprecated and marked for removal
2022-11-23T05:30:33.0376403Z     ExtensionClient extensionClient;
2022-11-23T05:30:33.0376773Z     ^
2022-11-23T05:30:33.0377310Z /home/runner/work/halo/halo/src/test/java/run/halo/app/extension/ConfigMapTest.java:26: warning: [removal] ExtensionClient in run.halo.app.extension has been deprecated and marked for removal
2022-11-23T05:30:33.0377818Z     ExtensionClient extensionClient;
2022-11-23T05:30:33.0378196Z     ^
2022-11-23T05:30:33.1371037Z /home/runner/work/halo/halo/src/test/java/run/halo/app/plugin/SettingFetcherTest.java:37: warning: [removal] ExtensionClient in run.halo.app.extension has been deprecated and marked for removal
2022-11-23T05:30:33.1371666Z     private ExtensionClient extensionClient;
2022-11-23T05:30:33.1372110Z             ^
2022-11-23T05:30:33.1376400Z /home/runner/work/halo/halo/src/test/java/run/halo/app/plugin/SettingFetcherTest.java:37: warning: [removal] ExtensionClient in run.halo.app.extension has been deprecated and marked for removal
2022-11-23T05:30:33.1376984Z     private ExtensionClient extensionClient;
2022-11-23T05:30:33.1377309Z             ^
2022-11-23T05:30:33.1377765Z /home/runner/work/halo/halo/src/test/java/run/halo/app/plugin/SettingFetcherTest.java:37: warning: [removal] ExtensionClient in run.halo.app.extension has been deprecated and marked for removal
2022-11-23T05:30:33.1378400Z     private ExtensionClient extensionClient;
2022-11-23T05:30:33.1378692Z             ^
2022-11-23T05:30:33.1379185Z /home/runner/work/halo/halo/src/test/java/run/halo/app/plugin/SettingFetcherTest.java:37: warning: [removal] ExtensionClient in run.halo.app.extension has been deprecated and marked for removal
2022-11-23T05:30:33.1379697Z     private ExtensionClient extensionClient;
2022-11-23T05:30:33.1380026Z             ^
2022-11-23T05:30:33.1380466Z /home/runner/work/halo/halo/src/test/java/run/halo/app/plugin/SettingFetcherTest.java:37: warning: [removal] ExtensionClient in run.halo.app.extension has been deprecated and marked for removal
2022-11-23T05:30:33.1380999Z     private ExtensionClient extensionClient;
2022-11-23T05:30:33.1381290Z             ^
2022-11-23T05:30:33.3357217Z /home/runner/work/halo/halo/src/test/java/run/halo/app/core/extension/reconciler/PluginReconcilerTest.java:53: warning: [removal] ExtensionClient in run.halo.app.extension has been deprecated and marked for removal
2022-11-23T05:30:33.3398716Z     ExtensionClient extensionClient;
2022-11-23T05:30:33.3399198Z     ^
2022-11-23T05:30:33.3399723Z /home/runner/work/halo/halo/src/test/java/run/halo/app/core/extension/reconciler/PluginReconcilerTest.java:53: warning: [removal] ExtensionClient in run.halo.app.extension has been deprecated and marked for removal
2022-11-23T05:30:33.3400324Z     ExtensionClient extensionClient;
2022-11-23T05:30:33.3400629Z     ^
2022-11-23T05:30:33.3401141Z /home/runner/work/halo/halo/src/test/java/run/halo/app/core/extension/reconciler/PluginReconcilerTest.java:53: warning: [removal] ExtensionClient in run.halo.app.extension has been deprecated and marked for removal
2022-11-23T05:30:33.3402004Z     ExtensionClient extensionClient;
2022-11-23T05:30:33.3402291Z     ^
2022-11-23T05:30:33.3402796Z /home/runner/work/halo/halo/src/test/java/run/halo/app/core/extension/reconciler/PluginReconcilerTest.java:53: warning: [removal] ExtensionClient in run.halo.app.extension has been deprecated and marked for removal
2022-11-23T05:30:33.3403283Z     ExtensionClient extensionClient;
2022-11-23T05:30:33.3403592Z     ^
2022-11-23T05:30:33.3404106Z /home/runner/work/halo/halo/src/test/java/run/halo/app/core/extension/reconciler/PluginReconcilerTest.java:53: warning: [removal] ExtensionClient in run.halo.app.extension has been deprecated and marked for removal
2022-11-23T05:30:33.3404613Z     ExtensionClient extensionClient;
2022-11-23T05:30:33.3404900Z     ^
2022-11-23T05:30:33.4358911Z /home/runner/work/halo/halo/src/test/java/run/halo/app/core/extension/reconciler/SystemSettingReconcilerTest.java:39: warning: [removal] ExtensionClient in run.halo.app.extension has been deprecated and marked for removal
2022-11-23T05:30:33.4365506Z     private ExtensionClient client;
2022-11-23T05:30:33.4365775Z             ^
2022-11-23T05:30:33.4366504Z /home/runner/work/halo/halo/src/test/java/run/halo/app/core/extension/reconciler/SystemSettingReconcilerTest.java:39: warning: [removal] ExtensionClient in run.halo.app.extension has been deprecated and marked for removal
2022-11-23T05:30:33.4367234Z     private ExtensionClient client;
2022-11-23T05:30:33.4367596Z             ^
2022-11-23T05:30:33.4368239Z /home/runner/work/halo/halo/src/test/java/run/halo/app/core/extension/reconciler/SystemSettingReconcilerTest.java:39: warning: [removal] ExtensionClient in run.halo.app.extension has been deprecated and marked for removal
2022-11-23T05:30:33.4368866Z     private ExtensionClient client;
2022-11-23T05:30:33.4369274Z             ^
2022-11-23T05:30:33.4369884Z /home/runner/work/halo/halo/src/test/java/run/halo/app/core/extension/reconciler/SystemSettingReconcilerTest.java:39: warning: [removal] ExtensionClient in run.halo.app.extension has been deprecated and marked for removal
2022-11-23T05:30:33.4370491Z     private ExtensionClient client;
2022-11-23T05:30:33.4370801Z             ^
2022-11-23T05:30:33.4371377Z /home/runner/work/halo/halo/src/test/java/run/halo/app/core/extension/reconciler/SystemSettingReconcilerTest.java:39: warning: [removal] ExtensionClient in run.halo.app.extension has been deprecated and marked for removal
2022-11-23T05:30:33.4372016Z     private ExtensionClient client;
2022-11-23T05:30:33.4372359Z             ^
2022-11-23T05:30:33.4372952Z /home/runner/work/halo/halo/src/test/java/run/halo/app/core/extension/reconciler/CommentReconcilerTest.java:51: warning: [removal] ExtensionClient in run.halo.app.extension has been deprecated and marked for removal
2022-11-23T05:30:33.4373570Z     private ExtensionClient client;
2022-11-23T05:30:33.4373945Z             ^
2022-11-23T05:30:33.4374539Z /home/runner/work/halo/halo/src/test/java/run/halo/app/core/extension/reconciler/CommentReconcilerTest.java:51: warning: [removal] ExtensionClient in run.halo.app.extension has been deprecated and marked for removal
2022-11-23T05:30:33.4375124Z     private ExtensionClient client;
2022-11-23T05:30:33.4375480Z             ^
2022-11-23T05:30:33.4376007Z /home/runner/work/halo/halo/src/test/java/run/halo/app/core/extension/reconciler/CommentReconcilerTest.java:51: warning: [removal] ExtensionClient in run.halo.app.extension has been deprecated and marked for removal
2022-11-23T05:30:33.4376512Z     private ExtensionClient client;
2022-11-23T05:30:33.4376794Z             ^
2022-11-23T05:30:33.4377305Z /home/runner/work/halo/halo/src/test/java/run/halo/app/core/extension/reconciler/CommentReconcilerTest.java:51: warning: [removal] ExtensionClient in run.halo.app.extension has been deprecated and marked for removal
2022-11-23T05:30:33.4377846Z     private ExtensionClient client;
2022-11-23T05:30:33.4378210Z             ^
2022-11-23T05:30:33.4378709Z /home/runner/work/halo/halo/src/test/java/run/halo/app/core/extension/reconciler/CommentReconcilerTest.java:51: warning: [removal] ExtensionClient in run.halo.app.extension has been deprecated and marked for removal
2022-11-23T05:30:33.4379327Z     private ExtensionClient client;
2022-11-23T05:30:33.4379667Z             ^
2022-11-23T05:30:33.4380258Z /home/runner/work/halo/halo/src/test/java/run/halo/app/core/extension/reconciler/SinglePageReconcilerTest.java:50: warning: [removal] ExtensionClient in run.halo.app.extension has been deprecated and marked for removal
2022-11-23T05:30:33.4380867Z     private ExtensionClient client;
2022-11-23T05:30:33.4381224Z             ^
2022-11-23T05:30:33.4381843Z /home/runner/work/halo/halo/src/test/java/run/halo/app/core/extension/reconciler/SinglePageReconcilerTest.java:50: warning: [removal] ExtensionClient in run.halo.app.extension has been deprecated and marked for removal
2022-11-23T05:30:33.4382442Z     private ExtensionClient client;
2022-11-23T05:30:33.4382790Z             ^
2022-11-23T05:30:33.4383452Z /home/runner/work/halo/halo/src/test/java/run/halo/app/core/extension/reconciler/SinglePageReconcilerTest.java:50: warning: [removal] ExtensionClient in run.halo.app.extension has been deprecated and marked for removal
2022-11-23T05:30:33.4384090Z     private ExtensionClient client;
2022-11-23T05:30:33.4384394Z             ^
2022-11-23T05:30:33.4384948Z /home/runner/work/halo/halo/src/test/java/run/halo/app/core/extension/reconciler/SinglePageReconcilerTest.java:50: warning: [removal] ExtensionClient in run.halo.app.extension has been deprecated and marked for removal
2022-11-23T05:30:33.4385551Z     private ExtensionClient client;
2022-11-23T05:30:33.4385898Z             ^
2022-11-23T05:30:33.4386511Z /home/runner/work/halo/halo/src/test/java/run/halo/app/core/extension/reconciler/SinglePageReconcilerTest.java:50: warning: [removal] ExtensionClient in run.halo.app.extension has been deprecated and marked for removal
2022-11-23T05:30:33.4387122Z     private ExtensionClient client;
2022-11-23T05:30:33.4387466Z             ^
2022-11-23T05:30:33.5361063Z /home/runner/work/halo/halo/src/test/java/run/halo/app/core/extension/reconciler/MenuItemReconcilerTest.java:36: warning: [removal] ExtensionClient in run.halo.app.extension has been deprecated and marked for removal
2022-11-23T05:30:33.5370029Z     ExtensionClient client;
2022-11-23T05:30:33.5370368Z     ^
2022-11-23T05:30:33.5370881Z /home/runner/work/halo/halo/src/test/java/run/halo/app/core/extension/reconciler/MenuItemReconcilerTest.java:36: warning: [removal] ExtensionClient in run.halo.app.extension has been deprecated and marked for removal
2022-11-23T05:30:33.5371432Z     ExtensionClient client;
2022-11-23T05:30:33.5371707Z     ^
2022-11-23T05:30:33.5372257Z /home/runner/work/halo/halo/src/test/java/run/halo/app/core/extension/reconciler/MenuItemReconcilerTest.java:36: warning: [removal] ExtensionClient in run.halo.app.extension has been deprecated and marked for removal
2022-11-23T05:30:33.5372824Z     ExtensionClient client;
2022-11-23T05:30:33.5373091Z     ^
2022-11-23T05:30:33.5373817Z /home/runner/work/halo/halo/src/test/java/run/halo/app/core/extension/reconciler/MenuItemReconcilerTest.java:36: warning: [removal] ExtensionClient in run.halo.app.extension has been deprecated and marked for removal
2022-11-23T05:30:33.5374462Z     ExtensionClient client;
2022-11-23T05:30:33.5374766Z     ^
2022-11-23T05:30:33.5375359Z /home/runner/work/halo/halo/src/test/java/run/halo/app/core/extension/reconciler/MenuItemReconcilerTest.java:36: warning: [removal] ExtensionClient in run.halo.app.extension has been deprecated and marked for removal
2022-11-23T05:30:33.5375946Z     ExtensionClient client;
2022-11-23T05:30:33.5376305Z     ^
2022-11-23T05:30:33.5376891Z /home/runner/work/halo/halo/src/test/java/run/halo/app/core/extension/reconciler/PostReconcilerTest.java:42: warning: [removal] ExtensionClient in run.halo.app.extension has been deprecated and marked for removal
2022-11-23T05:30:33.5377719Z     private ExtensionClient client;
2022-11-23T05:30:33.5378082Z             ^
2022-11-23T05:30:33.5378720Z /home/runner/work/halo/halo/src/test/java/run/halo/app/core/extension/reconciler/PostReconcilerTest.java:42: warning: [removal] ExtensionClient in run.halo.app.extension has been deprecated and marked for removal
2022-11-23T05:30:33.5379317Z     private ExtensionClient client;
2022-11-23T05:30:33.5379629Z             ^
2022-11-23T05:30:33.5380210Z /home/runner/work/halo/halo/src/test/java/run/halo/app/core/extension/reconciler/PostReconcilerTest.java:42: warning: [removal] ExtensionClient in run.halo.app.extension has been deprecated and marked for removal
2022-11-23T05:30:33.5380814Z     private ExtensionClient client;
2022-11-23T05:30:33.5381207Z             ^
2022-11-23T05:30:33.5381797Z /home/runner/work/halo/halo/src/test/java/run/halo/app/core/extension/reconciler/PostReconcilerTest.java:42: warning: [removal] ExtensionClient in run.halo.app.extension has been deprecated and marked for removal
2022-11-23T05:30:33.5382393Z     private ExtensionClient client;
2022-11-23T05:30:33.5382840Z             ^
2022-11-23T05:30:33.5383537Z /home/runner/work/halo/halo/src/test/java/run/halo/app/core/extension/reconciler/PostReconcilerTest.java:42: warning: [removal] ExtensionClient in run.halo.app.extension has been deprecated and marked for removal
2022-11-23T05:30:33.5384125Z     private ExtensionClient client;
2022-11-23T05:30:33.5384425Z             ^
2022-11-23T05:30:33.5385010Z /home/runner/work/halo/halo/src/test/java/run/halo/app/core/extension/reconciler/CategoryReconcilerTest.java:37: warning: [removal] ExtensionClient in run.halo.app.extension has been deprecated and marked for removal
2022-11-23T05:30:33.5385574Z     private ExtensionClient client;
2022-11-23T05:30:33.5385849Z             ^
2022-11-23T05:30:33.5386432Z /home/runner/work/halo/halo/src/test/java/run/halo/app/core/extension/reconciler/CategoryReconcilerTest.java:37: warning: [removal] ExtensionClient in run.halo.app.extension has been deprecated and marked for removal
2022-11-23T05:30:33.5387038Z     private ExtensionClient client;
2022-11-23T05:30:33.5387414Z             ^
2022-11-23T05:30:33.5387993Z /home/runner/work/halo/halo/src/test/java/run/halo/app/core/extension/reconciler/CategoryReconcilerTest.java:37: warning: [removal] ExtensionClient in run.halo.app.extension has been deprecated and marked for removal
2022-11-23T05:30:33.5388583Z     private ExtensionClient client;
2022-11-23T05:30:33.5388879Z             ^
2022-11-23T05:30:33.5389438Z /home/runner/work/halo/halo/src/test/java/run/halo/app/core/extension/reconciler/CategoryReconcilerTest.java:37: warning: [removal] ExtensionClient in run.halo.app.extension has been deprecated and marked for removal
2022-11-23T05:30:33.5389971Z     private ExtensionClient client;
2022-11-23T05:30:33.5390242Z             ^
2022-11-23T05:30:33.5390757Z /home/runner/work/halo/halo/src/test/java/run/halo/app/core/extension/reconciler/CategoryReconcilerTest.java:37: warning: [removal] ExtensionClient in run.halo.app.extension has been deprecated and marked for removal
2022-11-23T05:30:33.5391388Z     private ExtensionClient client;
2022-11-23T05:30:33.5391737Z             ^
2022-11-23T05:30:33.5392275Z /home/runner/work/halo/halo/src/test/java/run/halo/app/core/extension/reconciler/ThemeReconcilerTest.java:49: warning: [removal] ExtensionClient in run.halo.app.extension has been deprecated and marked for removal
2022-11-23T05:30:33.5392889Z     private ExtensionClient extensionClient;
2022-11-23T05:30:33.5393222Z             ^
2022-11-23T05:30:33.5393827Z /home/runner/work/halo/halo/src/test/java/run/halo/app/core/extension/reconciler/ThemeReconcilerTest.java:49: warning: [removal] ExtensionClient in run.halo.app.extension has been deprecated and marked for removal
2022-11-23T05:30:33.5394429Z     private ExtensionClient extensionClient;
2022-11-23T05:30:33.5394806Z             ^
2022-11-23T05:30:33.5395389Z /home/runner/work/halo/halo/src/test/java/run/halo/app/core/extension/reconciler/ThemeReconcilerTest.java:49: warning: [removal] ExtensionClient in run.halo.app.extension has been deprecated and marked for removal
2022-11-23T05:30:33.5396101Z     private ExtensionClient extensionClient;
2022-11-23T05:30:33.5396481Z             ^
2022-11-23T05:30:33.5397061Z /home/runner/work/halo/halo/src/test/java/run/halo/app/core/extension/reconciler/ThemeReconcilerTest.java:49: warning: [removal] ExtensionClient in run.halo.app.extension has been deprecated and marked for removal
2022-11-23T05:30:33.5397688Z     private ExtensionClient extensionClient;
2022-11-23T05:30:33.5398184Z             ^
2022-11-23T05:30:33.5398731Z /home/runner/work/halo/halo/src/test/java/run/halo/app/core/extension/reconciler/ThemeReconcilerTest.java:49: warning: [removal] ExtensionClient in run.halo.app.extension has been deprecated and marked for removal
2022-11-23T05:30:33.5399265Z     private ExtensionClient extensionClient;
2022-11-23T05:30:33.5399563Z             ^
2022-11-23T05:30:33.5400239Z /home/runner/work/halo/halo/src/test/java/run/halo/app/core/extension/reconciler/ThemeReconcilerTest.java:77: warning: [removal] ThemePathPolicy in run.halo.app.theme has been deprecated and marked for removal
2022-11-23T05:30:33.5400933Z         final ThemePathPolicy themePathPolicy = new ThemePathPolicy(testWorkDir);
2022-11-23T05:30:33.5401355Z               ^
2022-11-23T05:30:33.5401932Z /home/runner/work/halo/halo/src/test/java/run/halo/app/core/extension/reconciler/ThemeReconcilerTest.java:77: warning: [removal] ThemePathPolicy in run.halo.app.theme has been deprecated and marked for removal
2022-11-23T05:30:33.5402621Z         final ThemePathPolicy themePathPolicy = new ThemePathPolicy(testWorkDir);
2022-11-23T05:30:33.5403035Z                                                     ^
2022-11-23T05:30:33.5403643Z /home/runner/work/halo/halo/src/test/java/run/halo/app/core/extension/reconciler/RoleReconcilerTest.java:41: warning: [removal] ExtensionClient in run.halo.app.extension has been deprecated and marked for removal
2022-11-23T05:30:33.5404254Z     private ExtensionClient extensionClient;
2022-11-23T05:30:33.5404647Z             ^
2022-11-23T05:30:33.5405236Z /home/runner/work/halo/halo/src/test/java/run/halo/app/core/extension/reconciler/RoleReconcilerTest.java:41: warning: [removal] ExtensionClient in run.halo.app.extension has been deprecated and marked for removal
2022-11-23T05:30:33.5405833Z     private ExtensionClient extensionClient;
2022-11-23T05:30:33.5406194Z             ^
2022-11-23T05:30:33.5406797Z /home/runner/work/halo/halo/src/test/java/run/halo/app/core/extension/reconciler/RoleReconcilerTest.java:41: warning: [removal] ExtensionClient in run.halo.app.extension has been deprecated and marked for removal
2022-11-23T05:30:33.5407416Z     private ExtensionClient extensionClient;
2022-11-23T05:30:33.5407777Z             ^
2022-11-23T05:30:33.5408305Z /home/runner/work/halo/halo/src/test/java/run/halo/app/core/extension/reconciler/RoleReconcilerTest.java:41: warning: [removal] ExtensionClient in run.halo.app.extension has been deprecated and marked for removal
2022-11-23T05:30:33.5408907Z     private ExtensionClient extensionClient;
2022-11-23T05:30:33.5409308Z             ^
2022-11-23T05:30:33.5409905Z /home/runner/work/halo/halo/src/test/java/run/halo/app/core/extension/reconciler/RoleReconcilerTest.java:41: warning: [removal] ExtensionClient in run.halo.app.extension has been deprecated and marked for removal
2022-11-23T05:30:33.5410508Z     private ExtensionClient extensionClient;
2022-11-23T05:30:33.5410902Z             ^
2022-11-23T05:30:33.6357664Z /home/runner/work/halo/halo/src/test/java/run/halo/app/core/extension/reconciler/RoleBindingReconcilerTest.java:39: warning: [removal] ExtensionClient in run.halo.app.extension has been deprecated and marked for removal
2022-11-23T05:30:33.6358390Z     ExtensionClient client;
2022-11-23T05:30:33.6358680Z     ^
2022-11-23T05:30:33.6359314Z /home/runner/work/halo/halo/src/test/java/run/halo/app/core/extension/reconciler/RoleBindingReconcilerTest.java:39: warning: [removal] ExtensionClient in run.halo.app.extension has been deprecated and marked for removal
2022-11-23T05:30:33.6360074Z     ExtensionClient client;
2022-11-23T05:30:33.6360359Z     ^
2022-11-23T05:30:33.6360889Z /home/runner/work/halo/halo/src/test/java/run/halo/app/core/extension/reconciler/RoleBindingReconcilerTest.java:39: warning: [removal] ExtensionClient in run.halo.app.extension has been deprecated and marked for removal
2022-11-23T05:30:33.6361493Z     ExtensionClient client;
2022-11-23T05:30:33.6361764Z     ^
2022-11-23T05:30:33.6362296Z /home/runner/work/halo/halo/src/test/java/run/halo/app/core/extension/reconciler/RoleBindingReconcilerTest.java:39: warning: [removal] ExtensionClient in run.halo.app.extension has been deprecated and marked for removal
2022-11-23T05:30:33.6362774Z     ExtensionClient client;
2022-11-23T05:30:33.6363069Z     ^
2022-11-23T05:30:33.6363604Z /home/runner/work/halo/halo/src/test/java/run/halo/app/core/extension/reconciler/RoleBindingReconcilerTest.java:39: warning: [removal] ExtensionClient in run.halo.app.extension has been deprecated and marked for removal
2022-11-23T05:30:33.6364133Z     ExtensionClient client;
2022-11-23T05:30:33.6364459Z     ^
2022-11-23T05:30:33.6364978Z /home/runner/work/halo/halo/src/test/java/run/halo/app/core/extension/reconciler/TagReconcilerTest.java:35: warning: [removal] ExtensionClient in run.halo.app.extension has been deprecated and marked for removal
2022-11-23T05:30:33.6365532Z     private ExtensionClient client;
2022-11-23T05:30:33.6400677Z             ^
2022-11-23T05:30:33.6401299Z /home/runner/work/halo/halo/src/test/java/run/halo/app/core/extension/reconciler/TagReconcilerTest.java:35: warning: [removal] ExtensionClient in run.halo.app.extension has been deprecated and marked for removal
2022-11-23T05:30:33.6401782Z     private ExtensionClient client;
2022-11-23T05:30:33.6402003Z             ^
2022-11-23T05:30:33.6402453Z /home/runner/work/halo/halo/src/test/java/run/halo/app/core/extension/reconciler/TagReconcilerTest.java:35: warning: [removal] ExtensionClient in run.halo.app.extension has been deprecated and marked for removal
2022-11-23T05:30:33.6402924Z     private ExtensionClient client;
2022-11-23T05:30:33.6403140Z             ^
2022-11-23T05:30:33.6403574Z /home/runner/work/halo/halo/src/test/java/run/halo/app/core/extension/reconciler/TagReconcilerTest.java:35: warning: [removal] ExtensionClient in run.halo.app.extension has been deprecated and marked for removal
2022-11-23T05:30:33.6404026Z     private ExtensionClient client;
2022-11-23T05:30:33.6404238Z             ^
2022-11-23T05:30:33.6404671Z /home/runner/work/halo/halo/src/test/java/run/halo/app/core/extension/reconciler/TagReconcilerTest.java:35: warning: [removal] ExtensionClient in run.halo.app.extension has been deprecated and marked for removal
2022-11-23T05:30:33.6405324Z     private ExtensionClient client;
2022-11-23T05:30:33.6405563Z             ^
2022-11-23T05:30:33.9355143Z Note: Some input files use or override a deprecated API.
2022-11-23T05:30:33.9355753Z Note: Recompile with -Xlint:deprecation for details.
2022-11-23T05:30:33.9356284Z Note: /home/runner/work/halo/halo/src/test/java/run/halo/app/infra/utils/JsonUtilsTest.java uses unchecked or unsafe operations.
2022-11-23T05:30:33.9356764Z Note: Recompile with -Xlint:unchecked for details.
2022-11-23T05:30:33.9357012Z 87 warnings
2022-11-23T05:30:34.2360356Z 
2022-11-23T05:30:34.2360673Z > Task :processTestResources
2022-11-23T05:30:34.2361079Z > Task :testClasses
2022-11-23T05:30:56.7354954Z 
2022-11-23T05:30:56.7355570Z > Task :test
2022-11-23T05:30:56.7356210Z 
2022-11-23T05:30:56.7356619Z UserEndpointTest > GetUserDetail > shouldResponseErrorIfUserNotFound() FAILED
2022-11-23T05:30:56.7357115Z     java.lang.AssertionError at UserEndpointTest.java:82
2022-11-23T05:31:09.3354688Z 2022-11-23T05:31:09.314Z DEBUG 2044 --- [ionShutdownHook] r.halo.app.metrics.CounterMeterHandler   : Persist counter meters to database before destroy...
2022-11-23T05:31:09.3355878Z 2022-11-23T05:31:09.326Z DEBUG 2044 --- [ionShutdownHook] r.halo.app.metrics.CounterMeterHandler   : Persist counter meters to database before destroy...
2022-11-23T05:31:09.4355213Z 
2022-11-23T05:31:09.4356057Z 2022-11-23T05:31:09.330Z DEBUG 2044 --- [ionShutdownHook] r.halo.app.metrics.CounterMeterHandler   : Persist counter meters to database before destroy...
2022-11-23T05:31:09.4356893Z 556 tests completed, 1 failed
2022-11-23T05:31:09.4357683Z 2022-11-23T05:31:09.337Z DEBUG 2044 --- [ionShutdownHook] r.halo.app.metrics.CounterMeterHandler   : Persist counter meters to database before destroy...
2022-11-23T05:31:09.4460064Z 2022-11-23T05:31:09.340Z DEBUG 2044 --- [ionShutdownHook] r.halo.app.metrics.CounterMeterHandler   : Persist counter meters to database before destroy...
2022-11-23T05:31:09.4460795Z 2022-11-23T05:31:09.343Z DEBUG 2044 --- [ionShutdownHook] r.halo.app.metrics.CounterMeterHandler   : Persist counter meters to database before destroy...
2022-11-23T05:31:09.4461476Z 2022-11-23T05:31:09.348Z DEBUG 2044 --- [ionShutdownHook] r.halo.app.metrics.CounterMeterHandler   : Persist counter meters to database before destroy...
2022-11-23T05:31:09.4462328Z 2022-11-23T05:31:09.351Z DEBUG 2044 --- [ionShutdownHook] r.halo.app.metrics.CounterMeterHandler   : Persist counter meters to database before destroy...
2022-11-23T05:31:09.4462983Z 2022-11-23T05:31:09.354Z DEBUG 2044 --- [ionShutdownHook] r.halo.app.metrics.CounterMeterHandler   : Persist counter meters to database before destroy...
2022-11-23T05:31:09.4463626Z 2022-11-23T05:31:09.358Z DEBUG 2044 --- [ionShutdownHook] r.halo.app.metrics.CounterMeterHandler   : Persist counter meters to database before destroy...
2022-11-23T05:31:09.4464270Z 2022-11-23T05:31:09.360Z DEBUG 2044 --- [ionShutdownHook] r.halo.app.metrics.CounterMeterHandler   : Persist counter meters to database before destroy...
2022-11-23T05:31:09.4464912Z 2022-11-23T05:31:09.363Z DEBUG 2044 --- [ionShutdownHook] r.halo.app.metrics.CounterMeterHandler   : Persist counter meters to database before destroy...
2022-11-23T05:31:09.4465539Z 2022-11-23T05:31:09.366Z DEBUG 2044 --- [ionShutdownHook] r.halo.app.metrics.CounterMeterHandler   : Persist counter meters to database before destroy...
2022-11-23T05:31:09.9356322Z 
2022-11-23T05:31:09.9356339Z 
2022-11-23T05:31:09.9356924Z FAILURE: Build failed with an exception.
2022-11-23T05:31:09.9358096Z 
2022-11-23T05:31:09.9359284Z * What went wrong:
2022-11-23T05:31:09.9359512Z > Task :test FAILED
2022-11-23T05:31:09.9360039Z Execution failed for task ':test'.
2022-11-23T05:31:09.9491163Z > There were failing tests. See the report at: file:///home/runner/work/halo/halo/build/reports/tests/test/index.html
2022-11-23T05:31:09.9491442Z 
2022-11-23T05:31:09.9491514Z * Try:
2022-11-23T05:31:09.9491960Z > Run with --stacktrace option to get the stack trace.
2022-11-23T05:31:09.9492340Z > Run with --info or --debug option to get more log output.
2022-11-23T05:31:09.9492660Z > Run with --scan to get full insights.
2022-11-23T05:31:09.9492815Z 
2022-11-23T05:31:09.9492976Z * Get more help at https://help.gradle.org
2022-11-23T05:31:09.9493144Z 
2022-11-23T05:31:09.9493229Z BUILD FAILED in 1m
2022-11-23T05:31:09.9493458Z 5 actionable tasks: 5 executed
2022-11-23T05:31:10.2928588Z ##[error]Process completed with exit code 1.
2022-11-23T05:31:10.2974963Z Post job cleanup.
2022-11-23T05:31:10.4485241Z Post job cleanup.
2022-11-23T05:31:10.5770633Z [command]/usr/bin/git version
2022-11-23T05:31:10.5814403Z git version 2.38.1
2022-11-23T05:31:10.5853247Z Temporarily overriding HOME='/home/runner/work/_temp/cf4fb4ef-9eed-4e93-a861-289a9094e7ca' before making global git config changes
2022-11-23T05:31:10.5854057Z Adding repository directory to the temporary git global config as a safe directory
2022-11-23T05:31:10.5856447Z [command]/usr/bin/git config --global --add safe.directory /home/runner/work/halo/halo
2022-11-23T05:31:10.5894378Z [command]/usr/bin/git config --local --name-only --get-regexp core\.sshCommand
2022-11-23T05:31:10.5925581Z [command]/usr/bin/git submodule foreach --recursive git config --local --name-only --get-regexp 'core\.sshCommand' && git config --local --unset-all 'core.sshCommand' || :
2022-11-23T05:31:10.6246928Z [command]/usr/bin/git config --local --name-only --get-regexp http\.https\:\/\/github\.com\/\.extraheader
2022-11-23T05:31:10.6278040Z http.https://github.com/.extraheader
2022-11-23T05:31:10.6287534Z [command]/usr/bin/git config --local --unset-all http.https://github.com/.extraheader
2022-11-23T05:31:10.6325213Z [command]/usr/bin/git submodule foreach --recursive git config --local --name-only --get-regexp 'http\.https\:\/\/github\.com\/\.extraheader' && git config --local --unset-all 'http.https://github.com/.extraheader' || :
2022-11-23T05:31:10.6779200Z Cleaning up orphan processes
2022-11-23T05:31:10.7021599Z Terminate orphan process: pid (1948) (java)
