2024-09-29T11:27:42.3219876Z Current runner version: '2.319.1'
2024-09-29T11:27:42.3243920Z ##[group]Operating System
2024-09-29T11:27:42.3244673Z Ubuntu
2024-09-29T11:27:42.3245045Z 22.04.5
2024-09-29T11:27:42.3245335Z LTS
2024-09-29T11:27:42.3245718Z ##[endgroup]
2024-09-29T11:27:42.3246069Z ##[group]Runner Image
2024-09-29T11:27:42.3246491Z Image: ubuntu-22.04
2024-09-29T11:27:42.3246928Z Version: 20240922.1.0
2024-09-29T11:27:42.3247927Z Included Software: https://github.com/actions/runner-images/blob/ubuntu22/20240922.1/images/ubuntu/Ubuntu2204-Readme.md
2024-09-29T11:27:42.3249318Z Image Release: https://github.com/actions/runner-images/releases/tag/ubuntu22%2F20240922.1
2024-09-29T11:27:42.3250222Z ##[endgroup]
2024-09-29T11:27:42.3250626Z ##[group]Runner Image Provisioner
2024-09-29T11:27:42.3251068Z 2.0.384.1
2024-09-29T11:27:42.3251456Z ##[endgroup]
2024-09-29T11:27:42.3268211Z ##[group]GITHUB_TOKEN Permissions
2024-09-29T11:27:42.3270089Z Actions: write
2024-09-29T11:27:42.3270711Z Attestations: write
2024-09-29T11:27:42.3271285Z Checks: write
2024-09-29T11:27:42.3271679Z Contents: write
2024-09-29T11:27:42.3272115Z Deployments: write
2024-09-29T11:27:42.3272720Z Discussions: write
2024-09-29T11:27:42.3273135Z Issues: write
2024-09-29T11:27:42.3273556Z Metadata: read
2024-09-29T11:27:42.3273936Z Packages: write
2024-09-29T11:27:42.3274336Z Pages: write
2024-09-29T11:27:42.3274751Z PullRequests: write
2024-09-29T11:27:42.3275150Z RepositoryProjects: write
2024-09-29T11:27:42.3275597Z SecurityEvents: write
2024-09-29T11:27:42.3276062Z Statuses: write
2024-09-29T11:27:42.3276426Z ##[endgroup]
2024-09-29T11:27:42.3279440Z Secret source: Actions
2024-09-29T11:27:42.3280122Z Prepare workflow directory
2024-09-29T11:27:42.3905965Z Prepare all required actions
2024-09-29T11:27:42.4069211Z Getting action download info
2024-09-29T11:27:42.6165956Z Download action repository 'actions/checkout@v4' (SHA:692973e3d937129bcbf40652eb9f2f61becf3332)
2024-09-29T11:27:42.7328697Z Download action repository 'actions/setup-python@v5' (SHA:f677139bbe7f9c59b41e40162b753c062f5d49a3)
2024-09-29T11:27:42.9172603Z Complete job name: build
2024-09-29T11:27:43.0183352Z ##[group]Run actions/checkout@v4
2024-09-29T11:27:43.0183930Z with:
2024-09-29T11:27:43.0184439Z   repository: graphql-python/graphene
2024-09-29T11:27:43.0185179Z   token: ***
2024-09-29T11:27:43.0185580Z   ssh-strict: true
2024-09-29T11:27:43.0186006Z   ssh-user: git
2024-09-29T11:27:43.0186412Z   persist-credentials: true
2024-09-29T11:27:43.0186876Z   clean: true
2024-09-29T11:27:43.0187289Z   sparse-checkout-cone-mode: true
2024-09-29T11:27:43.0187781Z   fetch-depth: 1
2024-09-29T11:27:43.0188195Z   fetch-tags: false
2024-09-29T11:27:43.0188611Z   show-progress: true
2024-09-29T11:27:43.0189027Z   lfs: false
2024-09-29T11:27:43.0189387Z   submodules: false
2024-09-29T11:27:43.0189802Z   set-safe-directory: true
2024-09-29T11:27:43.0190256Z ##[endgroup]
2024-09-29T11:27:43.2637410Z Syncing repository: graphql-python/graphene
2024-09-29T11:27:43.2639466Z ##[group]Getting Git version info
2024-09-29T11:27:43.2640860Z Working directory is '/home/runner/work/graphene/graphene'
2024-09-29T11:27:43.2643358Z [command]/usr/bin/git version
2024-09-29T11:27:43.2663324Z git version 2.46.1
2024-09-29T11:27:43.2689542Z ##[endgroup]
2024-09-29T11:27:43.2709458Z Temporarily overriding HOME='/home/runner/work/_temp/212a86d2-93be-4fac-83df-9a3487d3186d' before making global git config changes
2024-09-29T11:27:43.2713872Z Adding repository directory to the temporary git global config as a safe directory
2024-09-29T11:27:43.2723837Z [command]/usr/bin/git config --global --add safe.directory /home/runner/work/graphene/graphene
2024-09-29T11:27:43.2763864Z Deleting the contents of '/home/runner/work/graphene/graphene'
2024-09-29T11:27:43.2768575Z ##[group]Initializing the repository
2024-09-29T11:27:43.2773445Z [command]/usr/bin/git init /home/runner/work/graphene/graphene
2024-09-29T11:27:43.2844552Z hint: Using 'master' as the name for the initial branch. This default branch name
2024-09-29T11:27:43.2845984Z hint: is subject to change. To configure the initial branch name to use in all
2024-09-29T11:27:43.2847419Z hint: of your new repositories, which will suppress this warning, call:
2024-09-29T11:27:43.2848219Z hint:
2024-09-29T11:27:43.2848873Z hint: 	git config --global init.defaultBranch <name>
2024-09-29T11:27:43.2849502Z hint:
2024-09-29T11:27:43.2850163Z hint: Names commonly chosen instead of 'master' are 'main', 'trunk' and
2024-09-29T11:27:43.2851647Z hint: 'development'. The just-created branch can be renamed via this command:
2024-09-29T11:27:43.2853020Z hint:
2024-09-29T11:27:43.2853486Z hint: 	git branch -m <name>
2024-09-29T11:27:43.2854381Z Initialized empty Git repository in /home/runner/work/graphene/graphene/.git/
2024-09-29T11:27:43.2862857Z [command]/usr/bin/git remote add origin https://github.com/graphql-python/graphene
2024-09-29T11:27:43.2896510Z ##[endgroup]
2024-09-29T11:27:43.2897468Z ##[group]Disabling automatic garbage collection
2024-09-29T11:27:43.2900272Z [command]/usr/bin/git config --local gc.auto 0
2024-09-29T11:27:43.2929013Z ##[endgroup]
2024-09-29T11:27:43.2930482Z ##[group]Setting up auth
2024-09-29T11:27:43.2936704Z [command]/usr/bin/git config --local --name-only --get-regexp core\.sshCommand
2024-09-29T11:27:43.2967999Z [command]/usr/bin/git submodule foreach --recursive sh -c "git config --local --name-only --get-regexp 'core\.sshCommand' && git config --local --unset-all 'core.sshCommand' || :"
2024-09-29T11:27:43.3333420Z [command]/usr/bin/git config --local --name-only --get-regexp http\.https\:\/\/github\.com\/\.extraheader
2024-09-29T11:27:43.3365297Z [command]/usr/bin/git submodule foreach --recursive sh -c "git config --local --name-only --get-regexp 'http\.https\:\/\/github\.com\/\.extraheader' && git config --local --unset-all 'http.https://github.com/.extraheader' || :"
2024-09-29T11:27:43.3597221Z [command]/usr/bin/git config --local http.https://github.com/.extraheader AUTHORIZATION: basic ***
2024-09-29T11:27:43.3636514Z ##[endgroup]
2024-09-29T11:27:43.3639765Z ##[group]Fetching the repository
2024-09-29T11:27:43.3648348Z [command]/usr/bin/git -c protocol.version=2 fetch --no-tags --prune --no-recurse-submodules --depth=1 origin +319d569ad8741ba57703cb23e2d65dbc5c42075c:refs/remotes/origin/refactor/replace-deprecated-native
2024-09-29T11:27:43.7946004Z From https://github.com/graphql-python/graphene
2024-09-29T11:27:43.7947598Z  * [new ref]         319d569ad8741ba57703cb23e2d65dbc5c42075c -> origin/refactor/replace-deprecated-native
2024-09-29T11:27:43.7972308Z ##[endgroup]
2024-09-29T11:27:43.7973656Z ##[group]Determining the checkout info
2024-09-29T11:27:43.7974953Z ##[endgroup]
2024-09-29T11:27:43.7980518Z [command]/usr/bin/git sparse-checkout disable
2024-09-29T11:27:43.8020404Z [command]/usr/bin/git config --local --unset-all extensions.worktreeConfig
2024-09-29T11:27:43.8047452Z ##[group]Checking out the ref
2024-09-29T11:27:43.8052603Z [command]/usr/bin/git checkout --progress --force -B refactor/replace-deprecated-native refs/remotes/origin/refactor/replace-deprecated-native
2024-09-29T11:27:43.8170991Z Switched to a new branch 'refactor/replace-deprecated-native'
2024-09-29T11:27:43.8175307Z branch 'refactor/replace-deprecated-native' set up to track 'origin/refactor/replace-deprecated-native'.
2024-09-29T11:27:43.8183056Z ##[endgroup]
2024-09-29T11:27:43.8215997Z [command]/usr/bin/git log -1 --format='%H'
2024-09-29T11:27:43.8237903Z '319d569ad8741ba57703cb23e2d65dbc5c42075c'
2024-09-29T11:27:43.8572970Z ##[group]Run actions/setup-python@v5
2024-09-29T11:27:43.8573415Z with:
2024-09-29T11:27:43.8573836Z   python-version: 3.10
2024-09-29T11:27:43.8574207Z   check-latest: false
2024-09-29T11:27:43.8574761Z   token: ***
2024-09-29T11:27:43.8575092Z   update-environment: true
2024-09-29T11:27:43.8575477Z   allow-prereleases: false
2024-09-29T11:27:43.8575891Z ##[endgroup]
2024-09-29T11:27:44.0151519Z ##[group]Installed versions
2024-09-29T11:27:44.0243292Z Successfully set up CPython (3.10.15)
2024-09-29T11:27:44.0245571Z ##[endgroup]
2024-09-29T11:27:44.0385951Z ##[group]Run python -m pip install --upgrade pip
2024-09-29T11:27:44.0386820Z [36;1mpython -m pip install --upgrade pip[0m
2024-09-29T11:27:44.0387321Z [36;1mpip install ruff tox[0m
2024-09-29T11:27:44.0416119Z shell: /usr/bin/bash -e {0}
2024-09-29T11:27:44.0416624Z env:
2024-09-29T11:27:44.0417059Z   pythonLocation: /opt/hostedtoolcache/Python/3.10.15/x64
2024-09-29T11:27:44.0417689Z   PKG_CONFIG_PATH: /opt/hostedtoolcache/Python/3.10.15/x64/lib/pkgconfig
2024-09-29T11:27:44.0418388Z   Python_ROOT_DIR: /opt/hostedtoolcache/Python/3.10.15/x64
2024-09-29T11:27:44.0418990Z   Python2_ROOT_DIR: /opt/hostedtoolcache/Python/3.10.15/x64
2024-09-29T11:27:44.0419513Z   Python3_ROOT_DIR: /opt/hostedtoolcache/Python/3.10.15/x64
2024-09-29T11:27:44.0420129Z   LD_LIBRARY_PATH: /opt/hostedtoolcache/Python/3.10.15/x64/lib
2024-09-29T11:27:44.0420638Z ##[endgroup]
2024-09-29T11:27:44.6987717Z Requirement already satisfied: pip in /opt/hostedtoolcache/Python/3.10.15/x64/lib/python3.10/site-packages (24.2)
2024-09-29T11:27:45.7454889Z Collecting ruff
2024-09-29T11:27:45.7618843Z   Downloading ruff-0.6.8-py3-none-manylinux_2_17_x86_64.manylinux2014_x86_64.whl.metadata (25 kB)
2024-09-29T11:27:45.8552098Z Collecting tox
2024-09-29T11:27:45.8582973Z   Downloading tox-4.20.0-py3-none-any.whl.metadata (5.0 kB)
2024-09-29T11:27:45.8857677Z Collecting cachetools>=5.5 (from tox)
2024-09-29T11:27:45.8888270Z   Downloading cachetools-5.5.0-py3-none-any.whl.metadata (5.3 kB)
2024-09-29T11:27:45.9023040Z Collecting chardet>=5.2 (from tox)
2024-09-29T11:27:45.9052762Z   Downloading chardet-5.2.0-py3-none-any.whl.metadata (3.4 kB)
2024-09-29T11:27:45.9270181Z Collecting colorama>=0.4.6 (from tox)
2024-09-29T11:27:45.9301200Z   Downloading colorama-0.4.6-py2.py3-none-any.whl.metadata (17 kB)
2024-09-29T11:27:45.9566337Z Collecting filelock>=3.15.4 (from tox)
2024-09-29T11:27:45.9598190Z   Downloading filelock-3.16.1-py3-none-any.whl.metadata (2.9 kB)
2024-09-29T11:27:45.9865212Z Collecting packaging>=24.1 (from tox)
2024-09-29T11:27:45.9894296Z   Downloading packaging-24.1-py3-none-any.whl.metadata (3.2 kB)
2024-09-29T11:27:46.0141763Z Collecting platformdirs>=4.2.2 (from tox)
2024-09-29T11:27:46.0169847Z   Downloading platformdirs-4.3.6-py3-none-any.whl.metadata (11 kB)
2024-09-29T11:27:46.0371648Z Collecting pluggy>=1.5 (from tox)
2024-09-29T11:27:46.0399920Z   Downloading pluggy-1.5.0-py3-none-any.whl.metadata (4.8 kB)
2024-09-29T11:27:46.0897507Z Collecting pyproject-api>=1.7.1 (from tox)
2024-09-29T11:27:46.0943293Z   Downloading pyproject_api-1.8.0-py3-none-any.whl.metadata (2.7 kB)
2024-09-29T11:27:46.1119010Z Collecting tomli>=2.0.1 (from tox)
2024-09-29T11:27:46.1150096Z   Downloading tomli-2.0.1-py3-none-any.whl.metadata (8.9 kB)
2024-09-29T11:27:46.2058826Z Collecting virtualenv>=20.26.3 (from tox)
2024-09-29T11:27:46.2091609Z   Downloading virtualenv-20.26.6-py3-none-any.whl.metadata (4.5 kB)
2024-09-29T11:27:46.2338090Z Collecting distlib<1,>=0.3.7 (from virtualenv>=20.26.3->tox)
2024-09-29T11:27:46.2367192Z   Downloading distlib-0.3.8-py2.py3-none-any.whl.metadata (5.1 kB)
2024-09-29T11:27:46.2528513Z Downloading ruff-0.6.8-py3-none-manylinux_2_17_x86_64.manylinux2014_x86_64.whl (10.9 MB)
2024-09-29T11:27:46.3100649Z    ━━━━━━━━━━━━━━━━━━━━━━━━━━━━━━━━━━━━━━━━ 10.9/10.9 MB 198.4 MB/s eta 0:00:00
2024-09-29T11:27:46.3140252Z Downloading tox-4.20.0-py3-none-any.whl (157 kB)
2024-09-29T11:27:46.3223236Z Downloading cachetools-5.5.0-py3-none-any.whl (9.5 kB)
2024-09-29T11:27:46.3273051Z Downloading chardet-5.2.0-py3-none-any.whl (199 kB)
2024-09-29T11:27:46.3335008Z Downloading colorama-0.4.6-py2.py3-none-any.whl (25 kB)
2024-09-29T11:27:46.3389842Z Downloading filelock-3.16.1-py3-none-any.whl (16 kB)
2024-09-29T11:27:46.3440280Z Downloading packaging-24.1-py3-none-any.whl (53 kB)
2024-09-29T11:27:46.3494389Z Downloading platformdirs-4.3.6-py3-none-any.whl (18 kB)
2024-09-29T11:27:46.3545040Z Downloading pluggy-1.5.0-py3-none-any.whl (20 kB)
2024-09-29T11:27:46.3598866Z Downloading pyproject_api-1.8.0-py3-none-any.whl (13 kB)
2024-09-29T11:27:46.3649371Z Downloading tomli-2.0.1-py3-none-any.whl (12 kB)
2024-09-29T11:27:46.3719000Z Downloading virtualenv-20.26.6-py3-none-any.whl (6.0 MB)
2024-09-29T11:27:46.4057599Z    ━━━━━━━━━━━━━━━━━━━━━━━━━━━━━━━━━━━━━━━━ 6.0/6.0 MB 185.9 MB/s eta 0:00:00
2024-09-29T11:27:46.4087476Z Downloading distlib-0.3.8-py2.py3-none-any.whl (468 kB)
2024-09-29T11:27:46.4935329Z Installing collected packages: distlib, tomli, ruff, pluggy, platformdirs, packaging, filelock, colorama, chardet, cachetools, virtualenv, pyproject-api, tox
2024-09-29T11:27:47.2375642Z Successfully installed cachetools-5.5.0 chardet-5.2.0 colorama-0.4.6 distlib-0.3.8 filelock-3.16.1 packaging-24.1 platformdirs-4.3.6 pluggy-1.5.0 pyproject-api-1.8.0 ruff-0.6.8 tomli-2.0.1 tox-4.20.0 virtualenv-20.26.6
2024-09-29T11:27:47.3586298Z ##[group]Run ruff format --check
2024-09-29T11:27:47.3586716Z [36;1mruff format --check[0m
2024-09-29T11:27:47.3612015Z shell: /usr/bin/bash -e {0}
2024-09-29T11:27:47.3612636Z env:
2024-09-29T11:27:47.3613099Z   pythonLocation: /opt/hostedtoolcache/Python/3.10.15/x64
2024-09-29T11:27:47.3613791Z   PKG_CONFIG_PATH: /opt/hostedtoolcache/Python/3.10.15/x64/lib/pkgconfig
2024-09-29T11:27:47.3614421Z   Python_ROOT_DIR: /opt/hostedtoolcache/Python/3.10.15/x64
2024-09-29T11:27:47.3614995Z   Python2_ROOT_DIR: /opt/hostedtoolcache/Python/3.10.15/x64
2024-09-29T11:27:47.3615585Z   Python3_ROOT_DIR: /opt/hostedtoolcache/Python/3.10.15/x64
2024-09-29T11:27:47.3616153Z   LD_LIBRARY_PATH: /opt/hostedtoolcache/Python/3.10.15/x64/lib
2024-09-29T11:27:47.3616646Z ##[endgroup]
2024-09-29T11:27:47.3850419Z Would reformat: graphene/utils/tests/test_deprecated.py
2024-09-29T11:27:47.3851608Z 1 file would be reformatted, 138 files already formatted
2024-09-29T11:27:47.3877751Z ##[error]Process completed with exit code 1.
2024-09-29T11:27:47.3984569Z Post job cleanup.
2024-09-29T11:27:47.4911460Z [command]/usr/bin/git version
2024-09-29T11:27:47.4947108Z git version 2.46.1
2024-09-29T11:27:47.4989195Z Temporarily overriding HOME='/home/runner/work/_temp/a3533822-8277-4ed3-9cd5-03aeb68acf2f' before making global git config changes
2024-09-29T11:27:47.4990974Z Adding repository directory to the temporary git global config as a safe directory
2024-09-29T11:27:47.4994875Z [command]/usr/bin/git config --global --add safe.directory /home/runner/work/graphene/graphene
2024-09-29T11:27:47.5036850Z [command]/usr/bin/git config --local --name-only --get-regexp core\.sshCommand
2024-09-29T11:27:47.5067666Z [command]/usr/bin/git submodule foreach --recursive sh -c "git config --local --name-only --get-regexp 'core\.sshCommand' && git config --local --unset-all 'core.sshCommand' || :"
2024-09-29T11:27:47.5302045Z [command]/usr/bin/git config --local --name-only --get-regexp http\.https\:\/\/github\.com\/\.extraheader
2024-09-29T11:27:47.5322730Z http.https://github.com/.extraheader
2024-09-29T11:27:47.5334962Z [command]/usr/bin/git config --local --unset-all http.https://github.com/.extraheader
2024-09-29T11:27:47.5364862Z [command]/usr/bin/git submodule foreach --recursive sh -c "git config --local --name-only --get-regexp 'http\.https\:\/\/github\.com\/\.extraheader' && git config --local --unset-all 'http.https://github.com/.extraheader' || :"
2024-09-29T11:27:47.5811501Z Cleaning up orphan processes
